MemTotal:        7918588 kB
MemFree:         2974444 kB
MemAvailable:    4658144 kB
Buffers:            6372 kB
Cached:          1633104 kB
SwapCached:         3668 kB
Active:          1477192 kB
Inactive:         918260 kB
Active(anon):     549212 kB
Inactive(anon):   225184 kB
Active(file):     927980 kB
Inactive(file):   693076 kB
Unevictable:        6408 kB
Mlocked:            5968 kB
SwapTotal:       4718584 kB
SwapFree:        3996920 kB
Dirty:            157504 kB
Writeback:             0 kB
AnonPages:        758996 kB
Mapped:           495224 kB
Shmem:             13584 kB
KReclaimable:     452868 kB
Slab:             319372 kB
SReclaimable:      88428 kB
SUnreclaim:       230944 kB
KernelStack:       51792 kB
ShadowCallStack:   12976 kB
PageTables:        68456 kB
NFS_Unstable:          0 kB
Bounce:                0 kB
WritebackTmp:          0 kB
CommitLimit:     8677876 kB
Committed_AS:   72883260 kB
VmallocTotal:   263061440 kB
VmallocUsed:      135768 kB
VmallocChunk:          0 kB
Percpu:             2448 kB
CmaTotal:         405504 kB
CmaFree:          267552 kB
MemTotal:        7918588 kB
MemFree:         2999064 kB
MemAvailable:    4957932 kB
Buffers:            6408 kB
Cached:          1639816 kB
SwapCached:         3732 kB
Active:          1453404 kB
Inactive:         918216 kB
Active(anon):     519024 kB
Inactive(anon):   225060 kB
Active(file):     934380 kB
Inactive(file):   693156 kB
Unevictable:        6408 kB
Mlocked:            5968 kB
SwapTotal:       4718584 kB
SwapFree:        3997432 kB
Dirty:            157536 kB
Writeback:             0 kB
AnonPages:        728180 kB
Mapped:           529272 kB
Shmem:             13852 kB
KReclaimable:     721556 kB
Slab:             319064 kB
SReclaimable:      88524 kB
SUnreclaim:       230540 kB
KernelStack:       52176 kB
ShadowCallStack:   13068 kB
PageTables:        68856 kB
NFS_Unstable:          0 kB
Bounce:                0 kB
WritebackTmp:          0 kB
CommitLimit:     8677876 kB
Committed_AS:   72931796 kB
VmallocTotal:   263061440 kB
VmallocUsed:      136208 kB
VmallocChunk:          0 kB
Percpu:             2448 kB
CmaTotal:         405504 kB
CmaFree:          267552 kB
MemTotal:        7918588 kB
MemFree:         2940124 kB
MemAvailable:    4625364 kB
Buffers:            6416 kB
Cached:          1639988 kB
SwapCached:         3740 kB
Active:          1508064 kB
Inactive:         918264 kB
Active(anon):     573684 kB
Inactive(anon):   225052 kB
Active(file):     934380 kB
Inactive(file):   693212 kB
Unevictable:        6408 kB
Mlocked:            5968 kB
SwapTotal:       4718584 kB
SwapFree:        3997688 kB
Dirty:            157588 kB
Writeback:             0 kB
AnonPages:        782768 kB
Mapped:           537892 kB
Shmem:             13976 kB
KReclaimable:     447872 kB
Slab:             319560 kB
SReclaimable:      88540 kB
SUnreclaim:       231020 kB
KernelStack:       52240 kB
ShadowCallStack:   13084 kB
PageTables:        69092 kB
NFS_Unstable:          0 kB
Bounce:                0 kB
WritebackTmp:          0 kB
CommitLimit:     8677876 kB
Committed_AS:   72953268 kB
VmallocTotal:   263061440 kB
VmallocUsed:      136408 kB
VmallocChunk:          0 kB
Percpu:             2448 kB
CmaTotal:         405504 kB
CmaFree:          259448 kB
MemTotal:        7918588 kB
MemFree:         2975792 kB
MemAvailable:    4790488 kB
Buffers:            6464 kB
Cached:          1639860 kB
SwapCached:         3740 kB
Active:          1473644 kB
Inactive:         918308 kB
Active(anon):     539264 kB
Inactive(anon):   225064 kB
Active(file):     934380 kB
Inactive(file):   693244 kB
Unevictable:        6408 kB
Mlocked:            5968 kB
SwapTotal:       4718584 kB
SwapFree:        3997688 kB
Dirty:            156920 kB
Writeback:             4 kB
AnonPages:        748444 kB
Mapped:           538076 kB
Shmem:             13864 kB
KReclaimable:     577296 kB
Slab:             319492 kB
SReclaimable:      88540 kB
SUnreclaim:       230952 kB
KernelStack:       52144 kB
ShadowCallStack:   13072 kB
PageTables:        68732 kB
NFS_Unstable:          0 kB
Bounce:                0 kB
WritebackTmp:          0 kB
CommitLimit:     8677876 kB
Committed_AS:   72952872 kB
VmallocTotal:   263061440 kB
VmallocUsed:      136220 kB
VmallocChunk:          0 kB
Percpu:             2448 kB
CmaTotal:         405504 kB
CmaFree:          259460 kB
MemTotal:        7918588 kB
MemFree:         2978604 kB
MemAvailable:    4793656 kB
Buffers:            6464 kB
Cached:          1640284 kB
SwapCached:         3740 kB
Active:          1472048 kB
Inactive:         917740 kB
Active(anon):     537308 kB
Inactive(anon):   224460 kB
Active(file):     934740 kB
Inactive(file):   693280 kB
Unevictable:        6408 kB
Mlocked:            5968 kB
SwapTotal:       4718584 kB
SwapFree:        3999480 kB
Dirty:            156964 kB
Writeback:             0 kB
AnonPages:        745780 kB
Mapped:           540280 kB
Shmem:             13892 kB
KReclaimable:     577256 kB
Slab:             319472 kB
SReclaimable:      88540 kB
SUnreclaim:       230932 kB
KernelStack:       52128 kB
ShadowCallStack:   13060 kB
PageTables:        68848 kB
NFS_Unstable:          0 kB
Bounce:                0 kB
WritebackTmp:          0 kB
CommitLimit:     8677876 kB
Committed_AS:   72952824 kB
VmallocTotal:   263061440 kB
VmallocUsed:      136252 kB
VmallocChunk:          0 kB
Percpu:             2448 kB
CmaTotal:         405504 kB
CmaFree:          260204 kB
MemTotal:        7918588 kB
MemFree:         2982520 kB
MemAvailable:    4817948 kB
Buffers:            6464 kB
Cached:          1640460 kB
SwapCached:         3740 kB
Active:          1468476 kB
Inactive:         917724 kB
Active(anon):     533568 kB
Inactive(anon):   224436 kB
Active(file):     934908 kB
Inactive(file):   693288 kB
Unevictable:        6408 kB
Mlocked:            5968 kB
SwapTotal:       4718584 kB
SwapFree:        3999480 kB
Dirty:            156972 kB
Writeback:             0 kB
AnonPages:        741948 kB
Mapped:           539824 kB
Shmem:             13892 kB
KReclaimable:     597456 kB
Slab:             319464 kB
SReclaimable:      88540 kB
SUnreclaim:       230924 kB
KernelStack:       51968 kB
ShadowCallStack:   13012 kB
PageTables:        69008 kB
NFS_Unstable:          0 kB
Bounce:                0 kB
WritebackTmp:          0 kB
CommitLimit:     8677876 kB
Committed_AS:   72952340 kB
VmallocTotal:   263061440 kB
VmallocUsed:      135768 kB
VmallocChunk:          0 kB
Percpu:             2448 kB
CmaTotal:         405504 kB
CmaFree:          260168 kB
MemTotal:        7918588 kB
MemFree:         2960328 kB
MemAvailable:    4795760 kB
Buffers:            6464 kB
Cached:          1640468 kB
SwapCached:         3740 kB
Active:          1491272 kB
Inactive:         917720 kB
Active(anon):     556364 kB
Inactive(anon):   224432 kB
Active(file):     934908 kB
Inactive(file):   693288 kB
Unevictable:        6408 kB
Mlocked:            5968 kB
SwapTotal:       4718584 kB
SwapFree:        3999480 kB
Dirty:            156972 kB
Writeback:             0 kB
AnonPages:        764796 kB
Mapped:           541540 kB
Shmem:             13900 kB
KReclaimable:     597460 kB
Slab:             319460 kB
SReclaimable:      88540 kB
SUnreclaim:       230920 kB
KernelStack:       51936 kB
ShadowCallStack:   13008 kB
PageTables:        69044 kB
NFS_Unstable:          0 kB
Bounce:                0 kB
WritebackTmp:          0 kB
CommitLimit:     8677876 kB
Committed_AS:   72972928 kB
VmallocTotal:   263061440 kB
VmallocUsed:      135732 kB
VmallocChunk:          0 kB
Percpu:             2448 kB
CmaTotal:         405504 kB
CmaFree:          260168 kB
MemTotal:        7918588 kB
MemFree:         2789028 kB
MemAvailable:    4591464 kB
Buffers:            6468 kB
Cached:          1640476 kB
SwapCached:         3740 kB
Active:          1662544 kB
Inactive:         917740 kB
Active(anon):     727636 kB
Inactive(anon):   224440 kB
Active(file):     934908 kB
Inactive(file):   693300 kB
Unevictable:        6408 kB
Mlocked:            5968 kB
SwapTotal:       4718584 kB
SwapFree:        3999480 kB
Dirty:            156992 kB
Writeback:             0 kB
AnonPages:        936264 kB
Mapped:           587672 kB
Shmem:             13900 kB
KReclaimable:     564452 kB
Slab:             319476 kB
SReclaimable:      88556 kB
SUnreclaim:       230920 kB
KernelStack:       51936 kB
ShadowCallStack:   13008 kB
PageTables:        69460 kB
NFS_Unstable:          0 kB
Bounce:                0 kB
WritebackTmp:          0 kB
CommitLimit:     8677876 kB
Committed_AS:   73261320 kB
VmallocTotal:   263061440 kB
VmallocUsed:      135716 kB
VmallocChunk:          0 kB
Percpu:             2448 kB
CmaTotal:         405504 kB
CmaFree:          260168 kB
MemTotal:        7918588 kB
MemFree:         2750624 kB
MemAvailable:    4518448 kB
Buffers:            6484 kB
Cached:          1640512 kB
SwapCached:         3752 kB
Active:          1698956 kB
Inactive:         917780 kB
Active(anon):     764044 kB
Inactive(anon):   224436 kB
Active(file):     934912 kB
Inactive(file):   693344 kB
Unevictable:        6408 kB
Mlocked:            5968 kB
SwapTotal:       4718584 kB
SwapFree:        3999480 kB
Dirty:             76144 kB
Writeback:         27768 kB
AnonPages:        972308 kB
Mapped:           626904 kB
Shmem:             13904 kB
KReclaimable:     529792 kB
Slab:             319796 kB
SReclaimable:      88572 kB
SUnreclaim:       231224 kB
KernelStack:       52000 kB
ShadowCallStack:   13020 kB
PageTables:        69788 kB
NFS_Unstable:          0 kB
Bounce:                0 kB
WritebackTmp:          0 kB
CommitLimit:     8677876 kB
Committed_AS:   73334804 kB
VmallocTotal:   263061440 kB
VmallocUsed:      135808 kB
VmallocChunk:          0 kB
Percpu:             2448 kB
CmaTotal:         405504 kB
CmaFree:          260168 kB
MemTotal:        7918588 kB
MemFree:         2683708 kB
MemAvailable:    4403636 kB
Buffers:            6516 kB
Cached:          1641612 kB
SwapCached:         3756 kB
Active:          1765428 kB
Inactive:         917880 kB
Active(anon):     829488 kB
Inactive(anon):   224432 kB
Active(file):     935940 kB
Inactive(file):   693448 kB
Unevictable:        6408 kB
Mlocked:            5968 kB
SwapTotal:       4718584 kB
SwapFree:        3999480 kB
Dirty:             17936 kB
Writeback:            52 kB
AnonPages:       1037836 kB
Mapped:           649044 kB
Shmem:             13904 kB
KReclaimable:     480764 kB
Slab:             319884 kB
SReclaimable:      88588 kB
SUnreclaim:       231296 kB
KernelStack:       52000 kB
ShadowCallStack:   13040 kB
PageTables:        69984 kB
NFS_Unstable:          0 kB
Bounce:                0 kB
WritebackTmp:          0 kB
CommitLimit:     8677876 kB
Committed_AS:   73491612 kB
VmallocTotal:   263061440 kB
VmallocUsed:      135836 kB
VmallocChunk:          0 kB
Percpu:             2448 kB
CmaTotal:         405504 kB
CmaFree:          260168 kB
MemTotal:        7918588 kB
MemFree:         2584200 kB
MemAvailable:    4303024 kB
Buffers:            6516 kB
Cached:          1641656 kB
SwapCached:         3756 kB
Active:          1864476 kB
Inactive:         917920 kB
Active(anon):     928536 kB
Inactive(anon):   224432 kB
Active(file):     935940 kB
Inactive(file):   693488 kB
Unevictable:        6408 kB
Mlocked:            5968 kB
SwapTotal:       4718584 kB
SwapFree:        3999480 kB
Dirty:             18044 kB
Writeback:             0 kB
AnonPages:       1136924 kB
Mapped:           650228 kB
Shmem:             13908 kB
KReclaimable:     479620 kB
Slab:             320044 kB
SReclaimable:      88604 kB
SUnreclaim:       231440 kB
KernelStack:       52048 kB
ShadowCallStack:   13036 kB
PageTables:        70692 kB
NFS_Unstable:          0 kB
Bounce:                0 kB
WritebackTmp:          0 kB
CommitLimit:     8677876 kB
Committed_AS:   73770144 kB
VmallocTotal:   263061440 kB
VmallocUsed:      135868 kB
VmallocChunk:          0 kB
Percpu:             2448 kB
CmaTotal:         405504 kB
CmaFree:          260168 kB
MemTotal:        7918588 kB
MemFree:         2486172 kB
MemAvailable:    4203840 kB
Buffers:            6516 kB
Cached:          1641972 kB
SwapCached:         3756 kB
Active:          1962688 kB
Inactive:         917924 kB
Active(anon):    1026436 kB
Inactive(anon):   224432 kB
Active(file):     936252 kB
Inactive(file):   693492 kB
Unevictable:        6408 kB
Mlocked:            5968 kB
SwapTotal:       4718584 kB
SwapFree:        3999992 kB
Dirty:             18048 kB
Writeback:             0 kB
AnonPages:       1234904 kB
Mapped:           652148 kB
Shmem:             13908 kB
KReclaimable:     478148 kB
Slab:             320104 kB
SReclaimable:      88604 kB
SUnreclaim:       231500 kB
KernelStack:       52032 kB
ShadowCallStack:   13032 kB
PageTables:        71164 kB
NFS_Unstable:          0 kB
Bounce:                0 kB
WritebackTmp:          0 kB
CommitLimit:     8677876 kB
Committed_AS:   74015904 kB
VmallocTotal:   263061440 kB
VmallocUsed:      135884 kB
VmallocChunk:          0 kB
Percpu:             2448 kB
CmaTotal:         405504 kB
CmaFree:          260168 kB
MemTotal:        7918588 kB
MemFree:         2384600 kB
MemAvailable:    4092648 kB
Buffers:            6524 kB
Cached:          1641980 kB
SwapCached:         3756 kB
Active:          2063244 kB
Inactive:         917928 kB
Active(anon):    1126992 kB
Inactive(anon):   224428 kB
Active(file):     936252 kB
Inactive(file):   693500 kB
Unevictable:        6408 kB
Mlocked:            5968 kB
SwapTotal:       4718584 kB
SwapFree:        3999992 kB
Dirty:             18048 kB
Writeback:             0 kB
AnonPages:       1335588 kB
Mapped:           652752 kB
Shmem:             13916 kB
KReclaimable:     468520 kB
Slab:             320224 kB
SReclaimable:      88620 kB
SUnreclaim:       231604 kB
KernelStack:       52016 kB
ShadowCallStack:   13032 kB
PageTables:        71756 kB
NFS_Unstable:          0 kB
Bounce:                0 kB
WritebackTmp:          0 kB
CommitLimit:     8677876 kB
Committed_AS:   74261620 kB
VmallocTotal:   263061440 kB
VmallocUsed:      135864 kB
VmallocChunk:          0 kB
Percpu:             2448 kB
CmaTotal:         405504 kB
CmaFree:          260168 kB
MemTotal:        7918588 kB
MemFree:         2302488 kB
MemAvailable:    4009412 kB
Buffers:            6548 kB
Cached:          1642016 kB
SwapCached:         3756 kB
Active:          2144032 kB
Inactive:         917972 kB
Active(anon):    1207780 kB
Inactive(anon):   224428 kB
Active(file):     936252 kB
Inactive(file):   693544 kB
Unevictable:        6408 kB
Mlocked:            5968 kB
SwapTotal:       4718584 kB
SwapFree:        3999992 kB
Dirty:             18072 kB
Writeback:             0 kB
AnonPages:       1416224 kB
Mapped:           653924 kB
Shmem:             13932 kB
KReclaimable:     467352 kB
Slab:             320180 kB
SReclaimable:      88636 kB
SUnreclaim:       231544 kB
KernelStack:       52016 kB
ShadowCallStack:   13028 kB
PageTables:        72020 kB
NFS_Unstable:          0 kB
Bounce:                0 kB
WritebackTmp:          0 kB
CommitLimit:     8677876 kB
Committed_AS:   74458200 kB
VmallocTotal:   263061440 kB
VmallocUsed:      135832 kB
VmallocChunk:          0 kB
Percpu:             2448 kB
CmaTotal:         405504 kB
CmaFree:          260168 kB
MemTotal:        7918588 kB
MemFree:         2210692 kB
MemAvailable:    3916512 kB
Buffers:            6548 kB
Cached:          1642032 kB
SwapCached:         3756 kB
Active:          2236264 kB
Inactive:         917900 kB
Active(anon):    1300012 kB
Inactive(anon):   224356 kB
Active(file):     936252 kB
Inactive(file):   693544 kB
Unevictable:        6408 kB
Mlocked:            5968 kB
SwapTotal:       4718584 kB
SwapFree:        4001528 kB
Dirty:             18072 kB
Writeback:             0 kB
AnonPages:       1508372 kB
Mapped:           652620 kB
Shmem:             13948 kB
KReclaimable:     466248 kB
Slab:             320156 kB
SReclaimable:      88636 kB
SUnreclaim:       231520 kB
KernelStack:       51984 kB
ShadowCallStack:   13016 kB
PageTables:        72416 kB
NFS_Unstable:          0 kB
Bounce:                0 kB
WritebackTmp:          0 kB
CommitLimit:     8677876 kB
Committed_AS:   74687576 kB
VmallocTotal:   263061440 kB
VmallocUsed:      135848 kB
VmallocChunk:          0 kB
Percpu:             2448 kB
CmaTotal:         405504 kB
CmaFree:          260168 kB
MemTotal:        7918588 kB
MemFree:         2116200 kB
MemAvailable:    3820740 kB
Buffers:            6548 kB
Cached:          1642040 kB
SwapCached:         3756 kB
Active:          2330188 kB
Inactive:         917908 kB
Active(anon):    1393936 kB
Inactive(anon):   224356 kB
Active(file):     936252 kB
Inactive(file):   693552 kB
Unevictable:        6408 kB
Mlocked:            5968 kB
SwapTotal:       4718584 kB
SwapFree:        4001528 kB
Dirty:             18012 kB
Writeback:             0 kB
AnonPages:       1602264 kB
Mapped:           653276 kB
Shmem:             13948 kB
KReclaimable:     464960 kB
Slab:             320316 kB
SReclaimable:      88636 kB
SUnreclaim:       231680 kB
KernelStack:       52016 kB
ShadowCallStack:   13028 kB
PageTables:        72976 kB
NFS_Unstable:          0 kB
Bounce:                0 kB
WritebackTmp:          0 kB
CommitLimit:     8677876 kB
Committed_AS:   74916952 kB
VmallocTotal:   263061440 kB
VmallocUsed:      135840 kB
VmallocChunk:          0 kB
Percpu:             2448 kB
CmaTotal:         405504 kB
CmaFree:          260168 kB
MemTotal:        7918588 kB
MemFree:         2028408 kB
MemAvailable:    3732268 kB
Buffers:            6548 kB
Cached:          1642044 kB
SwapCached:         3756 kB
Active:          2418244 kB
Inactive:         917908 kB
Active(anon):    1481992 kB
Inactive(anon):   224356 kB
Active(file):     936252 kB
Inactive(file):   693552 kB
Unevictable:        6408 kB
Mlocked:            5968 kB
SwapTotal:       4718584 kB
SwapFree:        4001528 kB
Dirty:             18012 kB
Writeback:             0 kB
AnonPages:       1690336 kB
Mapped:           653876 kB
Shmem:             13952 kB
KReclaimable:     464280 kB
Slab:             320288 kB
SReclaimable:      88636 kB
SUnreclaim:       231652 kB
KernelStack:       51984 kB
ShadowCallStack:   13008 kB
PageTables:        73236 kB
NFS_Unstable:          0 kB
Bounce:                0 kB
WritebackTmp:          0 kB
CommitLimit:     8677876 kB
Committed_AS:   75146332 kB
VmallocTotal:   263061440 kB
VmallocUsed:      135880 kB
VmallocChunk:          0 kB
Percpu:             2448 kB
CmaTotal:         405504 kB
CmaFree:          260168 kB
MemTotal:        7918588 kB
MemFree:         1940184 kB
MemAvailable:    3642532 kB
Buffers:            6548 kB
Cached:          1642048 kB
SwapCached:         3756 kB
Active:          2506792 kB
Inactive:         917904 kB
Active(anon):    1570540 kB
Inactive(anon):   224352 kB
Active(file):     936252 kB
Inactive(file):   693552 kB
Unevictable:        6408 kB
Mlocked:            5968 kB
SwapTotal:       4718584 kB
SwapFree:        4001528 kB
Dirty:             18012 kB
Writeback:             0 kB
AnonPages:       1778848 kB
Mapped:           654824 kB
Shmem:             13956 kB
KReclaimable:     462768 kB
Slab:             320400 kB
SReclaimable:      88636 kB
SUnreclaim:       231764 kB
KernelStack:       51984 kB
ShadowCallStack:   13028 kB
PageTables:        73772 kB
NFS_Unstable:          0 kB
Bounce:                0 kB
WritebackTmp:          0 kB
CommitLimit:     8677876 kB
Committed_AS:   75359332 kB
VmallocTotal:   263061440 kB
VmallocUsed:      135844 kB
VmallocChunk:          0 kB
Percpu:             2448 kB
CmaTotal:         405504 kB
CmaFree:          260168 kB
MemTotal:        7918588 kB
MemFree:         1858324 kB
MemAvailable:    3560088 kB
Buffers:            6556 kB
Cached:          1642052 kB
SwapCached:         3756 kB
Active:          2586984 kB
Inactive:         917916 kB
Active(anon):    1650732 kB
Inactive(anon):   224356 kB
Active(file):     936252 kB
Inactive(file):   693560 kB
Unevictable:        6408 kB
Mlocked:            5968 kB
SwapTotal:       4718584 kB
SwapFree:        4001528 kB
Dirty:             18028 kB
Writeback:             0 kB
AnonPages:       1859036 kB
Mapped:           655296 kB
Shmem:             13960 kB
KReclaimable:     462176 kB
Slab:             320512 kB
SReclaimable:      88636 kB
SUnreclaim:       231876 kB
KernelStack:       52016 kB
ShadowCallStack:   13028 kB
PageTables:        74180 kB
NFS_Unstable:          0 kB
Bounce:                0 kB
WritebackTmp:          0 kB
CommitLimit:     8677876 kB
Committed_AS:   75539560 kB
VmallocTotal:   263061440 kB
VmallocUsed:      135824 kB
VmallocChunk:          0 kB
Percpu:             2448 kB
CmaTotal:         405504 kB
CmaFree:          260168 kB
MemTotal:        7918588 kB
MemFree:         1785848 kB
MemAvailable:    3487012 kB
Buffers:            6556 kB
Cached:          1642052 kB
SwapCached:         3756 kB
Active:          2658844 kB
Inactive:         917912 kB
Active(anon):    1722592 kB
Inactive(anon):   224352 kB
Active(file):     936252 kB
Inactive(file):   693560 kB
Unevictable:        6408 kB
Mlocked:            5968 kB
SwapTotal:       4718584 kB
SwapFree:        4001528 kB
Dirty:             18028 kB
Writeback:             0 kB
AnonPages:       1930900 kB
Mapped:           655608 kB
Shmem:             13960 kB
KReclaimable:     461576 kB
Slab:             320572 kB
SReclaimable:      88636 kB
SUnreclaim:       231936 kB
KernelStack:       52016 kB
ShadowCallStack:   13028 kB
PageTables:        74640 kB
NFS_Unstable:          0 kB
Bounce:                0 kB
WritebackTmp:          0 kB
CommitLimit:     8677876 kB
Committed_AS:   75719780 kB
VmallocTotal:   263061440 kB
VmallocUsed:      135832 kB
VmallocChunk:          0 kB
Percpu:             2448 kB
CmaTotal:         405504 kB
CmaFree:          260168 kB
MemTotal:        7918588 kB
MemFree:         1703276 kB
MemAvailable:    3403152 kB
Buffers:            6556 kB
Cached:          1642052 kB
SwapCached:         3756 kB
Active:          2740584 kB
Inactive:         917916 kB
Active(anon):    1804332 kB
Inactive(anon):   224356 kB
Active(file):     936252 kB
Inactive(file):   693560 kB
Unevictable:        6408 kB
Mlocked:            5968 kB
SwapTotal:       4718584 kB
SwapFree:        4001528 kB
Dirty:             18028 kB
Writeback:             0 kB
AnonPages:       2012676 kB
Mapped:           656524 kB
Shmem:             13960 kB
KReclaimable:     460288 kB
Slab:             320552 kB
SReclaimable:      88636 kB
SUnreclaim:       231916 kB
KernelStack:       51984 kB
ShadowCallStack:   13020 kB
PageTables:        74752 kB
NFS_Unstable:          0 kB
Bounce:                0 kB
WritebackTmp:          0 kB
CommitLimit:     8677876 kB
Committed_AS:   75916412 kB
VmallocTotal:   263061440 kB
VmallocUsed:      135848 kB
VmallocChunk:          0 kB
Percpu:             2448 kB
CmaTotal:         405504 kB
CmaFree:          260168 kB
MemTotal:        7918588 kB
MemFree:         1646072 kB
MemAvailable:    3345444 kB
Buffers:            6556 kB
Cached:          1642064 kB
SwapCached:         3756 kB
Active:          2797516 kB
Inactive:         917924 kB
Active(anon):    1861264 kB
Inactive(anon):   224356 kB
Active(file):     936252 kB
Inactive(file):   693568 kB
Unevictable:        6408 kB
Mlocked:            5968 kB
SwapTotal:       4718584 kB
SwapFree:        4001528 kB
Dirty:             18036 kB
Writeback:             0 kB
AnonPages:       2069544 kB
Mapped:           656756 kB
Shmem:             13964 kB
KReclaimable:     459776 kB
Slab:             320660 kB
SReclaimable:      88652 kB
SUnreclaim:       232008 kB
KernelStack:       52048 kB
ShadowCallStack:   13028 kB
PageTables:        75044 kB
NFS_Unstable:          0 kB
Bounce:                0 kB
WritebackTmp:          0 kB
CommitLimit:     8677876 kB
Committed_AS:   76031084 kB
VmallocTotal:   263061440 kB
VmallocUsed:      135844 kB
VmallocChunk:          0 kB
Percpu:             2448 kB
CmaTotal:         405504 kB
CmaFree:          260168 kB
MemTotal:        7918588 kB
MemFree:         1574184 kB
MemAvailable:    3272428 kB
Buffers:            6556 kB
Cached:          1642064 kB
SwapCached:         3756 kB
Active:          2869580 kB
Inactive:         917920 kB
Active(anon):    1933328 kB
Inactive(anon):   224352 kB
Active(file):     936252 kB
Inactive(file):   693568 kB
Unevictable:        6408 kB
Mlocked:            5968 kB
SwapTotal:       4718584 kB
SwapFree:        4001528 kB
Dirty:             18036 kB
Writeback:             0 kB
AnonPages:       2141612 kB
Mapped:           657508 kB
Shmem:             13964 kB
KReclaimable:     458648 kB
Slab:             320636 kB
SReclaimable:      88652 kB
SUnreclaim:       231984 kB
KernelStack:       52016 kB
ShadowCallStack:   13020 kB
PageTables:        75392 kB
NFS_Unstable:          0 kB
Bounce:                0 kB
WritebackTmp:          0 kB
CommitLimit:     8677876 kB
Committed_AS:   76194868 kB
VmallocTotal:   263061440 kB
VmallocUsed:      135828 kB
VmallocChunk:          0 kB
Percpu:             2448 kB
CmaTotal:         405504 kB
CmaFree:          260168 kB
MemTotal:        7918588 kB
MemFree:         1477000 kB
MemAvailable:    3052524 kB
Buffers:            6588 kB
Cached:          1642284 kB
SwapCached:         3756 kB
Active:          2966232 kB
Inactive:         918140 kB
Active(anon):    2029980 kB
Inactive(anon):   224340 kB
Active(file):     936252 kB
Inactive(file):   693800 kB
Unevictable:        6408 kB
Mlocked:            5968 kB
SwapTotal:       4718584 kB
SwapFree:        4001784 kB
Dirty:             18060 kB
Writeback:             0 kB
AnonPages:       2238200 kB
Mapped:           658372 kB
Shmem:             13984 kB
KReclaimable:     335696 kB
Slab:             320664 kB
SReclaimable:      88652 kB
SUnreclaim:       232012 kB
KernelStack:       52096 kB
ShadowCallStack:   13040 kB
PageTables:        75804 kB
NFS_Unstable:          0 kB
Bounce:                0 kB
WritebackTmp:          0 kB
CommitLimit:     8677876 kB
Committed_AS:   76326336 kB
VmallocTotal:   263061440 kB
VmallocUsed:      135964 kB
VmallocChunk:          0 kB
Percpu:             2448 kB
CmaTotal:         405504 kB
CmaFree:          260168 kB
MemTotal:        7918588 kB
MemFree:         1428860 kB
MemAvailable:    3003696 kB
Buffers:            6588 kB
Cached:          1642436 kB
SwapCached:         3756 kB
Active:          3013616 kB
Inactive:         918152 kB
Active(anon):    2077364 kB
Inactive(anon):   224340 kB
Active(file):     936252 kB
Inactive(file):   693812 kB
Unevictable:        6408 kB
Mlocked:            5968 kB
SwapTotal:       4718584 kB
SwapFree:        4001784 kB
Dirty:             18068 kB
Writeback:             0 kB
AnonPages:       2285544 kB
Mapped:           658888 kB
Shmem:             14124 kB
KReclaimable:     334996 kB
Slab:             320940 kB
SReclaimable:      88648 kB
SUnreclaim:       232292 kB
KernelStack:       52064 kB
ShadowCallStack:   13052 kB
PageTables:        76052 kB
NFS_Unstable:          0 kB
Bounce:                0 kB
WritebackTmp:          0 kB
CommitLimit:     8677876 kB
Committed_AS:   76440928 kB
VmallocTotal:   263061440 kB
VmallocUsed:      135960 kB
VmallocChunk:          0 kB
Percpu:             2448 kB
CmaTotal:         405504 kB
CmaFree:          260168 kB
MemTotal:        7918588 kB
MemFree:         1384664 kB
MemAvailable:    3081072 kB
Buffers:            6588 kB
Cached:          1643684 kB
SwapCached:         3756 kB
Active:          3061340 kB
Inactive:         916420 kB
Active(anon):    2123716 kB
Inactive(anon):   222600 kB
Active(file):     937624 kB
Inactive(file):   693820 kB
Unevictable:        6408 kB
Mlocked:            5968 kB
SwapTotal:       4718584 kB
SwapFree:        4009464 kB
Dirty:             18076 kB
Writeback:             0 kB
AnonPages:       2330180 kB
Mapped:           659376 kB
Shmem:             13992 kB
KReclaimable:     455188 kB
Slab:             320740 kB
SReclaimable:      88648 kB
SUnreclaim:       232092 kB
KernelStack:       51984 kB
ShadowCallStack:   13020 kB
PageTables:        76404 kB
NFS_Unstable:          0 kB
Bounce:                0 kB
WritebackTmp:          0 kB
CommitLimit:     8677876 kB
Committed_AS:   76653568 kB
VmallocTotal:   263061440 kB
VmallocUsed:      135776 kB
VmallocChunk:          0 kB
Percpu:             2448 kB
CmaTotal:         405504 kB
CmaFree:          260680 kB
MemTotal:        7918588 kB
MemFree:         1356716 kB
MemAvailable:    3052924 kB
Buffers:            6588 kB
Cached:          1643684 kB
SwapCached:         3756 kB
Active:          3089328 kB
Inactive:         916416 kB
Active(anon):    2151704 kB
Inactive(anon):   222596 kB
Active(file):     937624 kB
Inactive(file):   693820 kB
Unevictable:        6408 kB
Mlocked:            5968 kB
SwapTotal:       4718584 kB
SwapFree:        4009464 kB
Dirty:             18076 kB
Writeback:             0 kB
AnonPages:       2358144 kB
Mapped:           659620 kB
Shmem:             13992 kB
KReclaimable:     454988 kB
Slab:             320804 kB
SReclaimable:      88648 kB
SUnreclaim:       232156 kB
KernelStack:       51984 kB
ShadowCallStack:   13020 kB
PageTables:        76560 kB
NFS_Unstable:          0 kB
Bounce:                0 kB
WritebackTmp:          0 kB
CommitLimit:     8677876 kB
Committed_AS:   76702720 kB
VmallocTotal:   263061440 kB
VmallocUsed:      135772 kB
VmallocChunk:          0 kB
Percpu:             2448 kB
CmaTotal:         405504 kB
CmaFree:          260680 kB
MemTotal:        7918588 kB
MemFree:         1307544 kB
MemAvailable:    3003004 kB
Buffers:            6596 kB
Cached:          1643684 kB
SwapCached:         3756 kB
Active:          3137852 kB
Inactive:         916424 kB
Active(anon):    2200228 kB
Inactive(anon):   222600 kB
Active(file):     937624 kB
Inactive(file):   693824 kB
Unevictable:        6408 kB
Mlocked:            5968 kB
SwapTotal:       4718584 kB
SwapFree:        4009464 kB
Dirty:             18144 kB
Writeback:             0 kB
AnonPages:       2406772 kB
Mapped:           660184 kB
Shmem:             13996 kB
KReclaimable:     454236 kB
Slab:             320780 kB
SReclaimable:      88648 kB
SUnreclaim:       232132 kB
KernelStack:       51952 kB
ShadowCallStack:   13024 kB
PageTables:        76568 kB
NFS_Unstable:          0 kB
Bounce:                0 kB
WritebackTmp:          0 kB
CommitLimit:     8677876 kB
Committed_AS:   76817416 kB
VmallocTotal:   263061440 kB
VmallocUsed:      135792 kB
VmallocChunk:          0 kB
Percpu:             2448 kB
CmaTotal:         405504 kB
CmaFree:          260680 kB
MemTotal:        7918588 kB
MemFree:         1264308 kB
MemAvailable:    2958996 kB
Buffers:            6604 kB
Cached:          1643688 kB
SwapCached:         3756 kB
Active:          3181168 kB
Inactive:         916428 kB
Active(anon):    2243544 kB
Inactive(anon):   222592 kB
Active(file):     937624 kB
Inactive(file):   693836 kB
Unevictable:        6408 kB
Mlocked:            5968 kB
SwapTotal:       4718584 kB
SwapFree:        4009464 kB
Dirty:             18144 kB
Writeback:             0 kB
AnonPages:       2449924 kB
Mapped:           660648 kB
Shmem:             13996 kB
KReclaimable:     453452 kB
Slab:             320896 kB
SReclaimable:      88648 kB
SUnreclaim:       232248 kB
KernelStack:       51984 kB
ShadowCallStack:   13020 kB
PageTables:        76864 kB
NFS_Unstable:          0 kB
Bounce:                0 kB
WritebackTmp:          0 kB
CommitLimit:     8677876 kB
Committed_AS:   76900356 kB
VmallocTotal:   263061440 kB
VmallocUsed:      135792 kB
VmallocChunk:          0 kB
Percpu:             2448 kB
CmaTotal:         405504 kB
CmaFree:          260680 kB
MemTotal:        7918588 kB
MemFree:         1233148 kB
MemAvailable:    2927624 kB
Buffers:            6604 kB
Cached:          1643688 kB
SwapCached:         3756 kB
Active:          3211196 kB
Inactive:         916436 kB
Active(anon):    2273572 kB
Inactive(anon):   222600 kB
Active(file):     937624 kB
Inactive(file):   693836 kB
Unevictable:        6408 kB
Mlocked:            5968 kB
SwapTotal:       4718584 kB
SwapFree:        4009464 kB
Dirty:             17260 kB
Writeback:             0 kB
AnonPages:       2479980 kB
Mapped:           660964 kB
Shmem:             13996 kB
KReclaimable:     453240 kB
Slab:             320948 kB
SReclaimable:      88660 kB
SUnreclaim:       232288 kB
KernelStack:       51984 kB
ShadowCallStack:   13020 kB
PageTables:        76980 kB
NFS_Unstable:          0 kB
Bounce:                0 kB
WritebackTmp:          0 kB
CommitLimit:     8677876 kB
Committed_AS:   76965892 kB
VmallocTotal:   263061440 kB
VmallocUsed:      135776 kB
VmallocChunk:          0 kB
Percpu:             2448 kB
CmaTotal:         405504 kB
CmaFree:          260680 kB
MemTotal:        7918588 kB
MemFree:         1178204 kB
MemAvailable:    2871800 kB
Buffers:            6604 kB
Cached:          1643696 kB
SwapCached:         3756 kB
Active:          3266464 kB
Inactive:         916436 kB
Active(anon):    2328840 kB
Inactive(anon):   222592 kB
Active(file):     937624 kB
Inactive(file):   693844 kB
Unevictable:        6408 kB
Mlocked:            5968 kB
SwapTotal:       4718584 kB
SwapFree:        4009464 kB
Dirty:             17272 kB
Writeback:             0 kB
AnonPages:       2535368 kB
Mapped:           661612 kB
Shmem:             13996 kB
KReclaimable:     452352 kB
Slab:             321000 kB
SReclaimable:      88660 kB
SUnreclaim:       232340 kB
KernelStack:       52016 kB
ShadowCallStack:   13020 kB
PageTables:        77256 kB
NFS_Unstable:          0 kB
Bounce:                0 kB
WritebackTmp:          0 kB
CommitLimit:     8677876 kB
Committed_AS:   77080580 kB
VmallocTotal:   263061440 kB
VmallocUsed:      135788 kB
VmallocChunk:          0 kB
Percpu:             2448 kB
CmaTotal:         405504 kB
CmaFree:          260680 kB
MemTotal:        7918588 kB
MemFree:         1161792 kB
MemAvailable:    2854860 kB
Buffers:            6604 kB
Cached:          1643700 kB
SwapCached:         3756 kB
Active:          3283464 kB
Inactive:         916432 kB
Active(anon):    2345840 kB
Inactive(anon):   222588 kB
Active(file):     937624 kB
Inactive(file):   693844 kB
Unevictable:        6408 kB
Mlocked:            5968 kB
SwapTotal:       4718584 kB
SwapFree:        4009464 kB
Dirty:             17272 kB
Writeback:             0 kB
AnonPages:       2552304 kB
Mapped:           661924 kB
Shmem:             14000 kB
KReclaimable:     451824 kB
Slab:             321024 kB
SReclaimable:      88660 kB
SUnreclaim:       232364 kB
KernelStack:       51968 kB
ShadowCallStack:   13012 kB
PageTables:        77324 kB
NFS_Unstable:          0 kB
Bounce:                0 kB
WritebackTmp:          0 kB
CommitLimit:     8677876 kB
Committed_AS:   77129736 kB
VmallocTotal:   263061440 kB
VmallocUsed:      135816 kB
VmallocChunk:          0 kB
Percpu:             2448 kB
CmaTotal:         405504 kB
CmaFree:          260680 kB
MemTotal:        7918588 kB
MemFree:         1108756 kB
MemAvailable:    2801152 kB
Buffers:            6604 kB
Cached:          1643716 kB
SwapCached:         3756 kB
Active:          3335884 kB
Inactive:         916424 kB
Active(anon):    2398260 kB
Inactive(anon):   222576 kB
Active(file):     937624 kB
Inactive(file):   693848 kB
Unevictable:        6408 kB
Mlocked:            5968 kB
SwapTotal:       4718584 kB
SwapFree:        4009464 kB
Dirty:             17300 kB
Writeback:             0 kB
AnonPages:       2604948 kB
Mapped:           662252 kB
Shmem:             14012 kB
KReclaimable:     451148 kB
Slab:             321004 kB
SReclaimable:      88596 kB
SUnreclaim:       232408 kB
KernelStack:       51840 kB
ShadowCallStack:   12980 kB
PageTables:        77528 kB
NFS_Unstable:          0 kB
Bounce:                0 kB
WritebackTmp:          0 kB
CommitLimit:     8677876 kB
Committed_AS:   77243968 kB
VmallocTotal:   263061440 kB
VmallocUsed:      135628 kB
VmallocChunk:          0 kB
Percpu:             2448 kB
CmaTotal:         405504 kB
CmaFree:          260680 kB
MemTotal:        7918588 kB
MemFree:         1069232 kB
MemAvailable:    2760912 kB
Buffers:            6636 kB
Cached:          1643712 kB
SwapCached:         3756 kB
Active:          3375552 kB
Inactive:         916436 kB
Active(anon):    2437928 kB
Inactive(anon):   222560 kB
Active(file):     937624 kB
Inactive(file):   693876 kB
Unevictable:        6408 kB
Mlocked:            5968 kB
SwapTotal:       4718584 kB
SwapFree:        4009464 kB
Dirty:             17296 kB
Writeback:            20 kB
AnonPages:       2644416 kB
Mapped:           662708 kB
Shmem:             14012 kB
KReclaimable:     450404 kB
Slab:             320964 kB
SReclaimable:      88596 kB
SUnreclaim:       232368 kB
KernelStack:       51600 kB
ShadowCallStack:   12932 kB
PageTables:        77608 kB
NFS_Unstable:          0 kB
Bounce:                0 kB
WritebackTmp:          0 kB
CommitLimit:     8677876 kB
Committed_AS:   77325212 kB
VmallocTotal:   263061440 kB
VmallocUsed:      135360 kB
VmallocChunk:          0 kB
Percpu:             2448 kB
CmaTotal:         405504 kB
CmaFree:          260680 kB
MemTotal:        7918588 kB
MemFree:         1034108 kB
MemAvailable:    2725376 kB
Buffers:            6636 kB
Cached:          1643716 kB
SwapCached:         3756 kB
Active:          3409416 kB
Inactive:         916424 kB
Active(anon):    2471792 kB
Inactive(anon):   222544 kB
Active(file):     937624 kB
Inactive(file):   693880 kB
Unevictable:        6408 kB
Mlocked:            5968 kB
SwapTotal:       4718584 kB
SwapFree:        4009464 kB
Dirty:               320 kB
Writeback:           164 kB
AnonPages:       2678352 kB
Mapped:           662764 kB
Shmem:             14012 kB
KReclaimable:     449988 kB
Slab:             320968 kB
SReclaimable:      88596 kB
SUnreclaim:       232372 kB
KernelStack:       51648 kB
ShadowCallStack:   12920 kB
PageTables:        77652 kB
NFS_Unstable:          0 kB
Bounce:                0 kB
WritebackTmp:          0 kB
CommitLimit:     8677876 kB
Committed_AS:   77407080 kB
VmallocTotal:   263061440 kB
VmallocUsed:      135348 kB
VmallocChunk:          0 kB
Percpu:             2448 kB
CmaTotal:         405504 kB
CmaFree:          236400 kB
MemTotal:        7918588 kB
MemFree:          986652 kB
MemAvailable:    2677364 kB
Buffers:            6636 kB
Cached:          1643724 kB
SwapCached:         3756 kB
Active:          3458028 kB
Inactive:         916432 kB
Active(anon):    2520404 kB
Inactive(anon):   222544 kB
Active(file):     937624 kB
Inactive(file):   693888 kB
Unevictable:        6408 kB
Mlocked:            5968 kB
SwapTotal:       4718584 kB
SwapFree:        4009464 kB
Dirty:               224 kB
Writeback:             0 kB
AnonPages:       2726720 kB
Mapped:           663340 kB
Shmem:             14012 kB
KReclaimable:     449424 kB
Slab:             321016 kB
SReclaimable:      88596 kB
SUnreclaim:       232420 kB
KernelStack:       51600 kB
ShadowCallStack:   12928 kB
PageTables:        78032 kB
NFS_Unstable:          0 kB
Bounce:                0 kB
WritebackTmp:          0 kB
CommitLimit:     8677876 kB
Committed_AS:   77521772 kB
VmallocTotal:   263061440 kB
VmallocUsed:      135332 kB
VmallocChunk:          0 kB
Percpu:             2448 kB
CmaTotal:         405504 kB
CmaFree:          188772 kB
MemTotal:        7918588 kB
MemFree:          970296 kB
MemAvailable:    2660440 kB
Buffers:            6636 kB
Cached:          1643728 kB
SwapCached:         3756 kB
Active:          3472728 kB
Inactive:         916336 kB
Active(anon):    2535104 kB
Inactive(anon):   222448 kB
Active(file):     937624 kB
Inactive(file):   693888 kB
Unevictable:        6408 kB
Mlocked:            5968 kB
SwapTotal:       4718584 kB
SwapFree:        4009464 kB
Dirty:               232 kB
Writeback:             0 kB
AnonPages:       2741396 kB
Mapped:           663764 kB
Shmem:             14016 kB
KReclaimable:     448856 kB
Slab:             321032 kB
SReclaimable:      88596 kB
SUnreclaim:       232436 kB
KernelStack:       51664 kB
ShadowCallStack:   12928 kB
PageTables:        78044 kB
NFS_Unstable:          0 kB
Bounce:                0 kB
WritebackTmp:          0 kB
CommitLimit:     8677876 kB
Committed_AS:   77521776 kB
VmallocTotal:   263061440 kB
VmallocUsed:      135348 kB
VmallocChunk:          0 kB
Percpu:             2448 kB
CmaTotal:         405504 kB
CmaFree:          173112 kB
MemTotal:        7918588 kB
MemFree:          924764 kB
MemAvailable:    2614276 kB
Buffers:            6636 kB
Cached:          1643728 kB
SwapCached:         3756 kB
Active:          3519636 kB
Inactive:         916336 kB
Active(anon):    2582012 kB
Inactive(anon):   222448 kB
Active(file):     937624 kB
Inactive(file):   693888 kB
Unevictable:        6408 kB
Mlocked:            5968 kB
SwapTotal:       4718584 kB
SwapFree:        4009464 kB
Dirty:               244 kB
Writeback:             0 kB
AnonPages:       2788392 kB
Mapped:           664276 kB
Shmem:             14016 kB
KReclaimable:     448224 kB
Slab:             321048 kB
SReclaimable:      88596 kB
SUnreclaim:       232452 kB
KernelStack:       51552 kB
ShadowCallStack:   12912 kB
PageTables:        78344 kB
NFS_Unstable:          0 kB
Bounce:                0 kB
WritebackTmp:          0 kB
CommitLimit:     8677876 kB
Committed_AS:   77652636 kB
VmallocTotal:   263061440 kB
VmallocUsed:      135268 kB
VmallocChunk:          0 kB
Percpu:             2448 kB
CmaTotal:         405504 kB
CmaFree:          127668 kB
MemTotal:        7918588 kB
MemFree:          878412 kB
MemAvailable:    2567060 kB
Buffers:            6788 kB
Cached:          1643736 kB
SwapCached:         3756 kB
Active:          3565628 kB
Inactive:         916492 kB
Active(anon):    2628004 kB
Inactive(anon):   222444 kB
Active(file):     937624 kB
Inactive(file):   694048 kB
Unevictable:        6408 kB
Mlocked:            5968 kB
SwapTotal:       4718584 kB
SwapFree:        4009464 kB
Dirty:               396 kB
Writeback:             0 kB
AnonPages:       2834240 kB
Mapped:           665024 kB
Shmem:             14016 kB
KReclaimable:     447200 kB
Slab:             321084 kB
SReclaimable:      88596 kB
SUnreclaim:       232488 kB
KernelStack:       51360 kB
ShadowCallStack:   12828 kB
PageTables:        78528 kB
NFS_Unstable:          0 kB
Bounce:                0 kB
WritebackTmp:          0 kB
CommitLimit:     8677876 kB
Committed_AS:   77750216 kB
VmallocTotal:   263061440 kB
VmallocUsed:      134988 kB
VmallocChunk:          0 kB
Percpu:             2448 kB
CmaTotal:         405504 kB
CmaFree:           81788 kB
MemTotal:        7918588 kB
MemFree:          852844 kB
MemAvailable:    2541256 kB
Buffers:            6788 kB
Cached:          1643756 kB
SwapCached:         3756 kB
Active:          3590868 kB
Inactive:         916516 kB
Active(anon):    2653244 kB
Inactive(anon):   222448 kB
Active(file):     937624 kB
Inactive(file):   694068 kB
Unevictable:        6408 kB
Mlocked:            5968 kB
SwapTotal:       4718584 kB
SwapFree:        4009464 kB
Dirty:               416 kB
Writeback:             0 kB
AnonPages:       2859656 kB
Mapped:           665232 kB
Shmem:             14016 kB
KReclaimable:     446944 kB
Slab:             321104 kB
SReclaimable:      88596 kB
SUnreclaim:       232508 kB
KernelStack:       51328 kB
ShadowCallStack:   12856 kB
PageTables:        78600 kB
NFS_Unstable:          0 kB
Bounce:                0 kB
WritebackTmp:          0 kB
CommitLimit:     8677876 kB
Committed_AS:   77799364 kB
VmallocTotal:   263061440 kB
VmallocUsed:      135004 kB
VmallocChunk:          0 kB
Percpu:             2448 kB
CmaTotal:         405504 kB
CmaFree:           56724 kB
MemTotal:        7918588 kB
MemFree:          805408 kB
MemAvailable:    2493268 kB
Buffers:            6788 kB
Cached:          1643760 kB
SwapCached:         3756 kB
Active:          3637928 kB
Inactive:         916516 kB
Active(anon):    2700304 kB
Inactive(anon):   222448 kB
Active(file):     937624 kB
Inactive(file):   694068 kB
Unevictable:        6408 kB
Mlocked:            5968 kB
SwapTotal:       4718584 kB
SwapFree:        4009464 kB
Dirty:               424 kB
Writeback:             0 kB
AnonPages:       2906500 kB
Mapped:           665644 kB
Shmem:             14020 kB
KReclaimable:     446392 kB
Slab:             321156 kB
SReclaimable:      88596 kB
SUnreclaim:       232560 kB
KernelStack:       51344 kB
ShadowCallStack:   12864 kB
PageTables:        78732 kB
NFS_Unstable:          0 kB
Bounce:                0 kB
WritebackTmp:          0 kB
CommitLimit:     8677876 kB
Committed_AS:   77930440 kB
VmallocTotal:   263061440 kB
VmallocUsed:      134988 kB
VmallocChunk:          0 kB
Percpu:             2448 kB
CmaTotal:         405504 kB
CmaFree:            9384 kB
MemTotal:        7918588 kB
MemFree:          786568 kB
MemAvailable:    2474180 kB
Buffers:            6788 kB
Cached:          1643760 kB
SwapCached:         3756 kB
Active:          3658872 kB
Inactive:         916516 kB
Active(anon):    2721248 kB
Inactive(anon):   222448 kB
Active(file):     937624 kB
Inactive(file):   694068 kB
Unevictable:        6408 kB
Mlocked:            5968 kB
SwapTotal:       4718584 kB
SwapFree:        4009464 kB
Dirty:               424 kB
Writeback:             0 kB
AnonPages:       2927544 kB
Mapped:           665772 kB
Shmem:             14020 kB
KReclaimable:     446144 kB
Slab:             321128 kB
SReclaimable:      88596 kB
SUnreclaim:       232532 kB
KernelStack:       51280 kB
ShadowCallStack:   12844 kB
PageTables:        78908 kB
NFS_Unstable:          0 kB
Bounce:                0 kB
WritebackTmp:          0 kB
CommitLimit:     8677876 kB
Committed_AS:   77946828 kB
VmallocTotal:   263061440 kB
VmallocUsed:      134920 kB
VmallocChunk:          0 kB
Percpu:             2448 kB
CmaTotal:         405504 kB
CmaFree:               0 kB
MemTotal:        7918588 kB
MemFree:          743148 kB
MemAvailable:    2430380 kB
Buffers:            6804 kB
Cached:          1643776 kB
SwapCached:         3756 kB
Active:          3701344 kB
Inactive:         916512 kB
Active(anon):    2763720 kB
Inactive(anon):   222416 kB
Active(file):     937624 kB
Inactive(file):   694096 kB
Unevictable:        6408 kB
Mlocked:            5968 kB
SwapTotal:       4718584 kB
SwapFree:        4010232 kB
Dirty:               424 kB
Writeback:             0 kB
AnonPages:       2970000 kB
Mapped:           666024 kB
Shmem:             14024 kB
KReclaimable:     445736 kB
Slab:             321168 kB
SReclaimable:      88596 kB
SUnreclaim:       232572 kB
KernelStack:       51280 kB
ShadowCallStack:   12844 kB
PageTables:        79116 kB
NFS_Unstable:          0 kB
Bounce:                0 kB
WritebackTmp:          0 kB
CommitLimit:     8677876 kB
Committed_AS:   78077896 kB
VmallocTotal:   263061440 kB
VmallocUsed:      134896 kB
VmallocChunk:          0 kB
Percpu:             2448 kB
CmaTotal:         405504 kB
CmaFree:               0 kB
MemTotal:        7918588 kB
MemFree:          698868 kB
MemAvailable:    2385644 kB
Buffers:            6828 kB
Cached:          1643776 kB
SwapCached:         3756 kB
Active:          3744624 kB
Inactive:         916528 kB
Active(anon):    2807000 kB
Inactive(anon):   222408 kB
Active(file):     937624 kB
Inactive(file):   694120 kB
Unevictable:        6408 kB
Mlocked:            5968 kB
SwapTotal:       4718584 kB
SwapFree:        4010232 kB
Dirty:               412 kB
Writeback:             0 kB
AnonPages:       3013296 kB
Mapped:           666264 kB
Shmem:             14024 kB
KReclaimable:     445256 kB
Slab:             321176 kB
SReclaimable:      88596 kB
SUnreclaim:       232580 kB
KernelStack:       51264 kB
ShadowCallStack:   12832 kB
PageTables:        79172 kB
NFS_Unstable:          0 kB
Bounce:                0 kB
WritebackTmp:          0 kB
CommitLimit:     8677876 kB
Committed_AS:   78159660 kB
VmallocTotal:   263061440 kB
VmallocUsed:      134836 kB
VmallocChunk:          0 kB
Percpu:             2448 kB
CmaTotal:         405504 kB
CmaFree:               0 kB
MemTotal:        7918588 kB
MemFree:          655668 kB
MemAvailable:    2222172 kB
Buffers:            6828 kB
Cached:          1643804 kB
SwapCached:         3756 kB
Active:          3788376 kB
Inactive:         916536 kB
Active(anon):    2850752 kB
Inactive(anon):   222416 kB
Active(file):     937624 kB
Inactive(file):   694120 kB
Unevictable:        6408 kB
Mlocked:            5968 kB
SwapTotal:       4718584 kB
SwapFree:        4010232 kB
Dirty:               412 kB
Writeback:             0 kB
AnonPages:       3056996 kB
Mapped:           666668 kB
Shmem:             14052 kB
KReclaimable:     324984 kB
Slab:             321380 kB
SReclaimable:      88596 kB
SUnreclaim:       232784 kB
KernelStack:       51328 kB
ShadowCallStack:   12856 kB
PageTables:        79468 kB
NFS_Unstable:          0 kB
Bounce:                0 kB
WritebackTmp:          0 kB
CommitLimit:     8677876 kB
Committed_AS:   78192788 kB
VmallocTotal:   263061440 kB
VmallocUsed:      135000 kB
VmallocChunk:          0 kB
Percpu:             2448 kB
CmaTotal:         405504 kB
CmaFree:               0 kB
MemTotal:        7918588 kB
MemFree:          592016 kB
MemAvailable:    2147032 kB
Buffers:            6828 kB
Cached:          1643896 kB
SwapCached:         3756 kB
Active:          3851140 kB
Inactive:         916544 kB
Active(anon):    2913516 kB
Inactive(anon):   222416 kB
Active(file):     937624 kB
Inactive(file):   694128 kB
Unevictable:        6408 kB
Mlocked:            5968 kB
SwapTotal:       4718584 kB
SwapFree:        4010232 kB
Dirty:               420 kB
Writeback:             0 kB
AnonPages:       3119680 kB
Mapped:           667556 kB
Shmem:             14136 kB
KReclaimable:     313488 kB
Slab:             321440 kB
SReclaimable:      88596 kB
SUnreclaim:       232844 kB
KernelStack:       51312 kB
ShadowCallStack:   12856 kB
PageTables:        79652 kB
NFS_Unstable:          0 kB
Bounce:                0 kB
WritebackTmp:          0 kB
CommitLimit:     8677876 kB
Committed_AS:   78323860 kB
VmallocTotal:   263061440 kB
VmallocUsed:      135016 kB
VmallocChunk:          0 kB
Percpu:             2448 kB
CmaTotal:         405504 kB
CmaFree:               0 kB
MemTotal:        7918588 kB
MemFree:          601548 kB
MemAvailable:    2286332 kB
Buffers:            6828 kB
Cached:          1643792 kB
SwapCached:         3756 kB
Active:          3842116 kB
Inactive:         916540 kB
Active(anon):    2904492 kB
Inactive(anon):   222412 kB
Active(file):     937624 kB
Inactive(file):   694128 kB
Unevictable:        6408 kB
Mlocked:            5968 kB
SwapTotal:       4718584 kB
SwapFree:        4010232 kB
Dirty:               420 kB
Writeback:             0 kB
AnonPages:       3110816 kB
Mapped:           667440 kB
Shmem:             14032 kB
KReclaimable:     443256 kB
Slab:             321312 kB
SReclaimable:      88596 kB
SUnreclaim:       232716 kB
KernelStack:       51200 kB
ShadowCallStack:   12824 kB
PageTables:        79812 kB
NFS_Unstable:          0 kB
Bounce:                0 kB
WritebackTmp:          0 kB
CommitLimit:     8677876 kB
Committed_AS:   78389000 kB
VmallocTotal:   263061440 kB
VmallocUsed:      134828 kB
VmallocChunk:          0 kB
Percpu:             2448 kB
CmaTotal:         405504 kB
CmaFree:               0 kB
MemTotal:        7918588 kB
MemFree:          557040 kB
MemAvailable:    2241496 kB
Buffers:            6828 kB
Cached:          1643852 kB
SwapCached:         3756 kB
Active:          3886792 kB
Inactive:         916580 kB
Active(anon):    2949168 kB
Inactive(anon):   222416 kB
Active(file):     937624 kB
Inactive(file):   694164 kB
Unevictable:        6408 kB
Mlocked:            5968 kB
SwapTotal:       4718584 kB
SwapFree:        4010232 kB
Dirty:               424 kB
Writeback:             0 kB
AnonPages:       3155516 kB
Mapped:           667968 kB
Shmem:             14056 kB
KReclaimable:     442892 kB
Slab:             321308 kB
SReclaimable:      88596 kB
SUnreclaim:       232712 kB
KernelStack:       51200 kB
ShadowCallStack:   12824 kB
PageTables:        79992 kB
NFS_Unstable:          0 kB
Bounce:                0 kB
WritebackTmp:          0 kB
CommitLimit:     8677876 kB
Committed_AS:   78503712 kB
VmallocTotal:   263061440 kB
VmallocUsed:      134844 kB
VmallocChunk:          0 kB
Percpu:             2448 kB
CmaTotal:         405504 kB
CmaFree:               4 kB
MemTotal:        7918588 kB
MemFree:          525420 kB
MemAvailable:    2209292 kB
Buffers:            6836 kB
Cached:          1643852 kB
SwapCached:         3756 kB
Active:          3917064 kB
Inactive:         916580 kB
Active(anon):    2979440 kB
Inactive(anon):   222416 kB
Active(file):     937624 kB
Inactive(file):   694164 kB
Unevictable:        6408 kB
Mlocked:            5968 kB
SwapTotal:       4718584 kB
SwapFree:        4010232 kB
Dirty:               436 kB
Writeback:             0 kB
AnonPages:       3185588 kB
Mapped:           668160 kB
Shmem:             14064 kB
KReclaimable:     442308 kB
Slab:             321368 kB
SReclaimable:      88596 kB
SUnreclaim:       232772 kB
KernelStack:       51200 kB
ShadowCallStack:   12828 kB
PageTables:        79960 kB
NFS_Unstable:          0 kB
Bounce:                0 kB
WritebackTmp:          0 kB
CommitLimit:     8677876 kB
Committed_AS:   78552864 kB
VmallocTotal:   263061440 kB
VmallocUsed:      134844 kB
VmallocChunk:          0 kB
Percpu:             2448 kB
CmaTotal:         405504 kB
CmaFree:               0 kB
MemTotal:        7918588 kB
MemFree:          509736 kB
MemAvailable:    2193472 kB
Buffers:            6836 kB
Cached:          1643860 kB
SwapCached:         3756 kB
Active:          3932132 kB
Inactive:         916588 kB
Active(anon):    2994508 kB
Inactive(anon):   222416 kB
Active(file):     937624 kB
Inactive(file):   694172 kB
Unevictable:        6408 kB
Mlocked:            5968 kB
SwapTotal:       4718584 kB
SwapFree:        4010232 kB
Dirty:               436 kB
Writeback:             0 kB
AnonPages:       3200728 kB
Mapped:           668376 kB
Shmem:             14064 kB
KReclaimable:     442164 kB
Slab:             321444 kB
SReclaimable:      88596 kB
SUnreclaim:       232848 kB
KernelStack:       51232 kB
ShadowCallStack:   12828 kB
PageTables:        80040 kB
NFS_Unstable:          0 kB
Bounce:                0 kB
WritebackTmp:          0 kB
CommitLimit:     8677876 kB
Committed_AS:   78585636 kB
VmallocTotal:   263061440 kB
VmallocUsed:      134840 kB
VmallocChunk:          0 kB
Percpu:             2448 kB
CmaTotal:         405504 kB
CmaFree:               0 kB
MemTotal:        7918588 kB
MemFree:          448944 kB
MemAvailable:    2131972 kB
Buffers:            6836 kB
Cached:          1643868 kB
SwapCached:         3756 kB
Active:          3993256 kB
Inactive:         916580 kB
Active(anon):    3055632 kB
Inactive(anon):   222408 kB
Active(file):     937624 kB
Inactive(file):   694172 kB
Unevictable:        6408 kB
Mlocked:            5968 kB
SwapTotal:       4718584 kB
SwapFree:        4010232 kB
Dirty:               440 kB
Writeback:             0 kB
AnonPages:       3261996 kB
Mapped:           668732 kB
Shmem:             14072 kB
KReclaimable:     441456 kB
Slab:             321460 kB
SReclaimable:      88596 kB
SUnreclaim:       232864 kB
KernelStack:       51232 kB
ShadowCallStack:   12836 kB
PageTables:        80496 kB
NFS_Unstable:          0 kB
Bounce:                0 kB
WritebackTmp:          0 kB
CommitLimit:     8677876 kB
Committed_AS:   78749484 kB
VmallocTotal:   263061440 kB
VmallocUsed:      134884 kB
VmallocChunk:          0 kB
Percpu:             2448 kB
CmaTotal:         405504 kB
CmaFree:               0 kB
MemTotal:        7918588 kB
MemFree:          421240 kB
MemAvailable:    2103572 kB
Buffers:            6836 kB
Cached:          1643876 kB
SwapCached:         3756 kB
Active:          4021528 kB
Inactive:         916600 kB
Active(anon):    3083904 kB
Inactive(anon):   222420 kB
Active(file):     937624 kB
Inactive(file):   694180 kB
Unevictable:        6408 kB
Mlocked:            5968 kB
SwapTotal:       4718584 kB
SwapFree:        4010232 kB
Dirty:               444 kB
Writeback:             0 kB
AnonPages:       3290132 kB
Mapped:           669284 kB
Shmem:             14072 kB
KReclaimable:     440752 kB
Slab:             321460 kB
SReclaimable:      88596 kB
SUnreclaim:       232864 kB
KernelStack:       51248 kB
ShadowCallStack:   12836 kB
PageTables:        80588 kB
NFS_Unstable:          0 kB
Bounce:                0 kB
WritebackTmp:          0 kB
CommitLimit:     8677876 kB
Committed_AS:   78798632 kB
VmallocTotal:   263061440 kB
VmallocUsed:      134880 kB
VmallocChunk:          0 kB
Percpu:             2448 kB
CmaTotal:         405504 kB
CmaFree:               0 kB
MemTotal:        7918588 kB
MemFree:          400368 kB
MemAvailable:    2082636 kB
Buffers:            6836 kB
Cached:          1643876 kB
SwapCached:         3756 kB
Active:          4041284 kB
Inactive:         916584 kB
Active(anon):    3103660 kB
Inactive(anon):   222404 kB
Active(file):     937624 kB
Inactive(file):   694180 kB
Unevictable:        6408 kB
Mlocked:            5968 kB
SwapTotal:       4718584 kB
SwapFree:        4010232 kB
Dirty:               444 kB
Writeback:             0 kB
AnonPages:       3309728 kB
Mapped:           669248 kB
Shmem:             14072 kB
KReclaimable:     440688 kB
Slab:             321456 kB
SReclaimable:      88596 kB
SUnreclaim:       232860 kB
KernelStack:       51264 kB
ShadowCallStack:   12832 kB
PageTables:        80720 kB
NFS_Unstable:          0 kB
Bounce:                0 kB
WritebackTmp:          0 kB
CommitLimit:     8677876 kB
Committed_AS:   78831348 kB
VmallocTotal:   263061440 kB
VmallocUsed:      134868 kB
VmallocChunk:          0 kB
Percpu:             2448 kB
CmaTotal:         405504 kB
CmaFree:               4 kB
MemTotal:        7918588 kB
MemFree:          340992 kB
MemAvailable:    2021956 kB
Buffers:            6836 kB
Cached:          1643884 kB
SwapCached:         3756 kB
Active:          4100896 kB
Inactive:         916596 kB
Active(anon):    3163272 kB
Inactive(anon):   222412 kB
Active(file):     937624 kB
Inactive(file):   694184 kB
Unevictable:        6408 kB
Mlocked:            5968 kB
SwapTotal:       4718584 kB
SwapFree:        4010232 kB
Dirty:               444 kB
Writeback:             0 kB
AnonPages:       3369476 kB
Mapped:           670016 kB
Shmem:             14076 kB
KReclaimable:     439380 kB
Slab:             321488 kB
SReclaimable:      88596 kB
SUnreclaim:       232892 kB
KernelStack:       51232 kB
ShadowCallStack:   12820 kB
PageTables:        80796 kB
NFS_Unstable:          0 kB
Bounce:                0 kB
WritebackTmp:          0 kB
CommitLimit:     8677876 kB
Committed_AS:   78962424 kB
VmallocTotal:   263061440 kB
VmallocUsed:      134864 kB
VmallocChunk:          0 kB
Percpu:             2448 kB
CmaTotal:         405504 kB
CmaFree:               0 kB
MemTotal:        7918588 kB
MemFree:          328480 kB
MemAvailable:    2009340 kB
Buffers:            6860 kB
Cached:          1643884 kB
SwapCached:         3756 kB
Active:          4112452 kB
Inactive:         916628 kB
Active(anon):    3174828 kB
Inactive(anon):   222420 kB
Active(file):     937624 kB
Inactive(file):   694208 kB
Unevictable:        6408 kB
Mlocked:            5968 kB
SwapTotal:       4718584 kB
SwapFree:        4010232 kB
Dirty:               444 kB
Writeback:             0 kB
AnonPages:       3381040 kB
Mapped:           670168 kB
Shmem:             14076 kB
KReclaimable:     439252 kB
Slab:             321520 kB
SReclaimable:      88564 kB
SUnreclaim:       232956 kB
KernelStack:       51184 kB
ShadowCallStack:   12820 kB
PageTables:        80896 kB
NFS_Unstable:          0 kB
Bounce:                0 kB
WritebackTmp:          0 kB
CommitLimit:     8677876 kB
Committed_AS:   78978704 kB
VmallocTotal:   263061440 kB
VmallocUsed:      134828 kB
VmallocChunk:          0 kB
Percpu:             2448 kB
CmaTotal:         405504 kB
CmaFree:               0 kB
MemTotal:        7918588 kB
MemFree:          278060 kB
MemAvailable:    1958492 kB
Buffers:            6860 kB
Cached:          1643904 kB
SwapCached:         3756 kB
Active:          4163096 kB
Inactive:         916640 kB
Active(anon):    3225472 kB
Inactive(anon):   222412 kB
Active(file):     937624 kB
Inactive(file):   694228 kB
Unevictable:        6408 kB
Mlocked:            5968 kB
SwapTotal:       4718584 kB
SwapFree:        4010232 kB
Dirty:               464 kB
Writeback:             0 kB
AnonPages:       3431836 kB
Mapped:           670528 kB
Shmem:             14076 kB
KReclaimable:     438804 kB
Slab:             321564 kB
SReclaimable:      88564 kB
SUnreclaim:       233000 kB
KernelStack:       51184 kB
ShadowCallStack:   12820 kB
PageTables:        81128 kB
NFS_Unstable:          0 kB
Bounce:                0 kB
WritebackTmp:          0 kB
CommitLimit:     8677876 kB
Committed_AS:   79109776 kB
VmallocTotal:   263061440 kB
VmallocUsed:      134792 kB
VmallocChunk:          0 kB
Percpu:             2448 kB
CmaTotal:         405504 kB
CmaFree:               0 kB
MemTotal:        7918588 kB
MemFree:          246804 kB
MemAvailable:    1926804 kB
Buffers:            6860 kB
Cached:          1643904 kB
SwapCached:         3756 kB
Active:          4195168 kB
Inactive:         916640 kB
Active(anon):    3257544 kB
Inactive(anon):   222412 kB
Active(file):     937624 kB
Inactive(file):   694228 kB
Unevictable:        6408 kB
Mlocked:            5968 kB
SwapTotal:       4718584 kB
SwapFree:        4010232 kB
Dirty:               464 kB
Writeback:             0 kB
AnonPages:       3463828 kB
Mapped:           670780 kB
Shmem:             14076 kB
KReclaimable:     438372 kB
Slab:             321556 kB
SReclaimable:      88560 kB
SUnreclaim:       232996 kB
KernelStack:       51184 kB
ShadowCallStack:   12828 kB
PageTables:        81296 kB
NFS_Unstable:          0 kB
Bounce:                0 kB
WritebackTmp:          0 kB
CommitLimit:     8677876 kB
Committed_AS:   79175312 kB
VmallocTotal:   263061440 kB
VmallocUsed:      134792 kB
VmallocChunk:          0 kB
Percpu:             2448 kB
CmaTotal:         405504 kB
CmaFree:               0 kB
MemTotal:        7918588 kB
MemFree:          239260 kB
MemAvailable:    1918836 kB
Buffers:            6868 kB
Cached:          1643904 kB
SwapCached:         3756 kB
Active:          4202528 kB
Inactive:         916652 kB
Active(anon):    3264904 kB
Inactive(anon):   222416 kB
Active(file):     937624 kB
Inactive(file):   694236 kB
Unevictable:        6408 kB
Mlocked:            5968 kB
SwapTotal:       4718584 kB
SwapFree:        4010232 kB
Dirty:               468 kB
Writeback:             0 kB
AnonPages:       3471120 kB
Mapped:           671016 kB
Shmem:             14076 kB
KReclaimable:     437940 kB
Slab:             321600 kB
SReclaimable:      88560 kB
SUnreclaim:       233040 kB
KernelStack:       51056 kB
ShadowCallStack:   12792 kB
PageTables:        81356 kB
NFS_Unstable:          0 kB
Bounce:                0 kB
WritebackTmp:          0 kB
CommitLimit:     8677876 kB
Committed_AS:   79175264 kB
VmallocTotal:   263061440 kB
VmallocUsed:      134668 kB
VmallocChunk:          0 kB
Percpu:             2448 kB
CmaTotal:         405504 kB
CmaFree:               0 kB
MemTotal:        7918588 kB
MemFree:          212520 kB
MemAvailable:    1860064 kB
Buffers:            5168 kB
Cached:          1618812 kB
SwapCached:         3756 kB
Active:          4259412 kB
Inactive:         889684 kB
Active(anon):    3321608 kB
Inactive(anon):   222420 kB
Active(file):     937804 kB
Inactive(file):   667264 kB
Unevictable:        6408 kB
Mlocked:            5968 kB
SwapTotal:       4718584 kB
SwapFree:        4010232 kB
Dirty:               468 kB
Writeback:             0 kB
AnonPages:       3527704 kB
Mapped:           671316 kB
Shmem:             14076 kB
KReclaimable:     432700 kB
Slab:             320056 kB
SReclaimable:      86992 kB
SUnreclaim:       233064 kB
KernelStack:       51024 kB
ShadowCallStack:   12784 kB
PageTables:        81508 kB
NFS_Unstable:          0 kB
Bounce:                0 kB
WritebackTmp:          0 kB
CommitLimit:     8677876 kB
Committed_AS:   79339048 kB
VmallocTotal:   263061440 kB
VmallocUsed:      134628 kB
VmallocChunk:          0 kB
Percpu:             2448 kB
CmaTotal:         405504 kB
CmaFree:               4 kB
MemTotal:        7918588 kB
MemFree:          211996 kB
MemAvailable:    1832036 kB
Buffers:            4724 kB
Cached:          1595044 kB
SwapCached:         3756 kB
Active:          4287012 kB
Inactive:         865344 kB
Active(anon):    3349104 kB
Inactive(anon):   222396 kB
Active(file):     937908 kB
Inactive(file):   642948 kB
Unevictable:        6408 kB
Mlocked:            5968 kB
SwapTotal:       4718584 kB
SwapFree:        4010232 kB
Dirty:               468 kB
Writeback:             0 kB
AnonPages:       3555360 kB
Mapped:           671572 kB
Shmem:             14076 kB
KReclaimable:     429408 kB
Slab:             320128 kB
SReclaimable:      86992 kB
SUnreclaim:       233136 kB
KernelStack:       50896 kB
ShadowCallStack:   12756 kB
PageTables:        81824 kB
NFS_Unstable:          0 kB
Bounce:                0 kB
WritebackTmp:          0 kB
CommitLimit:     8677876 kB
Committed_AS:   79387732 kB
VmallocTotal:   263061440 kB
VmallocUsed:      134448 kB
VmallocChunk:          0 kB
Percpu:             2448 kB
CmaTotal:         405504 kB
CmaFree:               0 kB
MemTotal:        7918588 kB
MemFree:          214380 kB
MemAvailable:    1813392 kB
Buffers:            4628 kB
Cached:          1576608 kB
SwapCached:         3756 kB
Active:          4306644 kB
Inactive:         846244 kB
Active(anon):    3368044 kB
Inactive(anon):   222392 kB
Active(file):     938600 kB
Inactive(file):   623852 kB
Unevictable:        6408 kB
Mlocked:            5968 kB
SwapTotal:       4718584 kB
SwapFree:        4010232 kB
Dirty:               100 kB
Writeback:             0 kB
AnonPages:       3574156 kB
Mapped:           671536 kB
Shmem:             14076 kB
KReclaimable:     426784 kB
Slab:             320076 kB
SReclaimable:      86936 kB
SUnreclaim:       233140 kB
KernelStack:       50848 kB
ShadowCallStack:   12736 kB
PageTables:        81648 kB
NFS_Unstable:          0 kB
Bounce:                0 kB
WritebackTmp:          0 kB
CommitLimit:     8677876 kB
Committed_AS:   79453272 kB
VmallocTotal:   263061440 kB
VmallocUsed:      134444 kB
VmallocChunk:          0 kB
Percpu:             2448 kB
CmaTotal:         405504 kB
CmaFree:               0 kB
MemTotal:        7918588 kB
MemFree:          213360 kB
MemAvailable:    1757592 kB
Buffers:            4480 kB
Cached:          1528208 kB
SwapCached:         3756 kB
Active:          4362712 kB
Inactive:         797588 kB
Active(anon):    3424044 kB
Inactive(anon):   222400 kB
Active(file):     938668 kB
Inactive(file):   575188 kB
Unevictable:        6408 kB
Mlocked:            5968 kB
SwapTotal:       4718584 kB
SwapFree:        4010232 kB
Dirty:                84 kB
Writeback:             0 kB
AnonPages:       3630212 kB
Mapped:           672140 kB
Shmem:             14076 kB
KReclaimable:     420600 kB
Slab:             319916 kB
SReclaimable:      86800 kB
SUnreclaim:       233116 kB
KernelStack:       50816 kB
ShadowCallStack:   12724 kB
PageTables:        81700 kB
NFS_Unstable:          0 kB
Bounce:                0 kB
WritebackTmp:          0 kB
CommitLimit:     8677876 kB
Committed_AS:   79567852 kB
VmallocTotal:   263061440 kB
VmallocUsed:      134408 kB
VmallocChunk:          0 kB
Percpu:             2448 kB
CmaTotal:         405504 kB
CmaFree:               0 kB
MemTotal:        7918588 kB
MemFree:          211116 kB
MemAvailable:    1741920 kB
Buffers:            4336 kB
Cached:          1516768 kB
SwapCached:         3756 kB
Active:          4377396 kB
Inactive:         785916 kB
Active(anon):    3438728 kB
Inactive(anon):   222396 kB
Active(file):     938668 kB
Inactive(file):   563520 kB
Unevictable:        6408 kB
Mlocked:            5968 kB
SwapTotal:       4718584 kB
SwapFree:        4010232 kB
Dirty:                84 kB
Writeback:             0 kB
AnonPages:       3645128 kB
Mapped:           672196 kB
Shmem:             14080 kB
KReclaimable:     418840 kB
Slab:             319972 kB
SReclaimable:      86784 kB
SUnreclaim:       233188 kB
KernelStack:       50864 kB
ShadowCallStack:   12732 kB
PageTables:        82208 kB
NFS_Unstable:          0 kB
Bounce:                0 kB
WritebackTmp:          0 kB
CommitLimit:     8677876 kB
Committed_AS:   79584244 kB
VmallocTotal:   263061440 kB
VmallocUsed:      134416 kB
VmallocChunk:          0 kB
Percpu:             2448 kB
CmaTotal:         405504 kB
CmaFree:               0 kB
MemTotal:        7918588 kB
MemFree:          212752 kB
MemAvailable:    1704352 kB
Buffers:            4236 kB
Cached:          1482040 kB
SwapCached:         3756 kB
Active:          4413472 kB
Inactive:         751360 kB
Active(anon):    3474788 kB
Inactive(anon):   222400 kB
Active(file):     938684 kB
Inactive(file):   528960 kB
Unevictable:        6408 kB
Mlocked:            5968 kB
SwapTotal:       4718584 kB
SwapFree:        4010232 kB
Dirty:                84 kB
Writeback:             0 kB
AnonPages:       3681604 kB
Mapped:           672532 kB
Shmem:             13796 kB
KReclaimable:     414180 kB
Slab:             319812 kB
SReclaimable:      86676 kB
SUnreclaim:       233136 kB
KernelStack:       50800 kB
ShadowCallStack:   12720 kB
PageTables:        82256 kB
NFS_Unstable:          0 kB
Bounce:                0 kB
WritebackTmp:          0 kB
CommitLimit:     8677876 kB
Committed_AS:   79698436 kB
VmallocTotal:   263061440 kB
VmallocUsed:      134324 kB
VmallocChunk:          0 kB
Percpu:             2448 kB
CmaTotal:         405504 kB
CmaFree:              20 kB
MemTotal:        7918588 kB
MemFree:          213592 kB
MemAvailable:    1675896 kB
Buffers:            3984 kB
Cached:          1456764 kB
SwapCached:         3756 kB
Active:          4454080 kB
Inactive:         725816 kB
Active(anon):    3515380 kB
Inactive(anon):   222400 kB
Active(file):     938700 kB
Inactive(file):   503416 kB
Unevictable:        6408 kB
Mlocked:            5968 kB
SwapTotal:       4718584 kB
SwapFree:        4010232 kB
Dirty:               132 kB
Writeback:             0 kB
AnonPages:       3721864 kB
Mapped:           673232 kB
Shmem:             13796 kB
KReclaimable:     410412 kB
Slab:             319624 kB
SReclaimable:      86428 kB
SUnreclaim:       233196 kB
KernelStack:       50720 kB
ShadowCallStack:   12704 kB
PageTables:        82500 kB
NFS_Unstable:          0 kB
Bounce:                0 kB
WritebackTmp:          0 kB
CommitLimit:     8677876 kB
Committed_AS:   79796480 kB
VmallocTotal:   263061440 kB
VmallocUsed:      134224 kB
VmallocChunk:          0 kB
Percpu:             2448 kB
CmaTotal:         405504 kB
CmaFree:               0 kB
MemTotal:        7918588 kB
MemFree:          213472 kB
MemAvailable:    1667124 kB
Buffers:            3960 kB
Cached:          1449164 kB
SwapCached:         3756 kB
Active:          4463800 kB
Inactive:         718272 kB
Active(anon):    3525100 kB
Inactive(anon):   222400 kB
Active(file):     938700 kB
Inactive(file):   495872 kB
Unevictable:        6408 kB
Mlocked:            5968 kB
SwapTotal:       4718584 kB
SwapFree:        4010232 kB
Dirty:               140 kB
Writeback:             0 kB
AnonPages:       3731512 kB
Mapped:           673312 kB
Shmem:             13796 kB
KReclaimable:     409304 kB
Slab:             319540 kB
SReclaimable:      86328 kB
SUnreclaim:       233212 kB
KernelStack:       50704 kB
ShadowCallStack:   12708 kB
PageTables:        82536 kB
NFS_Unstable:          0 kB
Bounce:                0 kB
WritebackTmp:          0 kB
CommitLimit:     8677876 kB
Committed_AS:   79812864 kB
VmallocTotal:   263061440 kB
VmallocUsed:      134228 kB
VmallocChunk:          0 kB
Percpu:             2448 kB
CmaTotal:         405504 kB
CmaFree:               0 kB
MemTotal:        7918588 kB
MemFree:          217240 kB
MemAvailable:    1433276 kB
Buffers:            3696 kB
Cached:          1351788 kB
SwapCached:         3756 kB
Active:          4611268 kB
Inactive:         574860 kB
Active(anon):    3626972 kB
Inactive(anon):   222400 kB
Active(file):     984296 kB
Inactive(file):   352460 kB
Unevictable:        6408 kB
Mlocked:            5968 kB
SwapTotal:       4718584 kB
SwapFree:        4010232 kB
Dirty:                28 kB
Writeback:             0 kB
AnonPages:       3833428 kB
Mapped:           661844 kB
Shmem:             13892 kB
KReclaimable:     269504 kB
Slab:             318080 kB
SReclaimable:      84648 kB
SUnreclaim:       233432 kB
KernelStack:       50816 kB
ShadowCallStack:   12736 kB
PageTables:        82920 kB
NFS_Unstable:          0 kB
Bounce:                0 kB
WritebackTmp:          0 kB
CommitLimit:     8677876 kB
Committed_AS:   79960716 kB
VmallocTotal:   263061440 kB
VmallocUsed:      134368 kB
VmallocChunk:          0 kB
Percpu:             2448 kB
CmaTotal:         405504 kB
CmaFree:               0 kB
MemTotal:        7918588 kB
MemFree:          249044 kB
MemAvailable:    1581132 kB
Buffers:            3700 kB
Cached:          1339392 kB
SwapCached:         3756 kB
Active:          4594680 kB
Inactive:         561880 kB
Active(anon):    3609684 kB
Inactive(anon):   222400 kB
Active(file):     984996 kB
Inactive(file):   339480 kB
Unevictable:        6408 kB
Mlocked:            5968 kB
SwapTotal:       4718584 kB
SwapFree:        4010232 kB
Dirty:                32 kB
Writeback:             0 kB
AnonPages:       3816276 kB
Mapped:           658292 kB
Shmem:             13780 kB
KReclaimable:     397836 kB
Slab:             317816 kB
SReclaimable:      84460 kB
SUnreclaim:       233356 kB
KernelStack:       50688 kB
ShadowCallStack:   12700 kB
PageTables:        82768 kB
NFS_Unstable:          0 kB
Bounce:                0 kB
WritebackTmp:          0 kB
CommitLimit:     8677876 kB
Committed_AS:   79993088 kB
VmallocTotal:   263061440 kB
VmallocUsed:      134244 kB
VmallocChunk:          0 kB
Percpu:             2448 kB
CmaTotal:         405504 kB
CmaFree:              20 kB
MemTotal:        7918588 kB
MemFree:          218292 kB
MemAvailable:    1550308 kB
Buffers:            3700 kB
Cached:          1339436 kB
SwapCached:         3756 kB
Active:          4624936 kB
Inactive:         561892 kB
Active(anon):    3639940 kB
Inactive(anon):   222404 kB
Active(file):     984996 kB
Inactive(file):   339488 kB
Unevictable:        6408 kB
Mlocked:            5968 kB
SwapTotal:       4718584 kB
SwapFree:        4010232 kB
Dirty:                60 kB
Writeback:             0 kB
AnonPages:       3846432 kB
Mapped:           659300 kB
Shmem:             13816 kB
KReclaimable:     397756 kB
Slab:             317860 kB
SReclaimable:      84460 kB
SUnreclaim:       233400 kB
KernelStack:       50752 kB
ShadowCallStack:   12708 kB
PageTables:        82968 kB
NFS_Unstable:          0 kB
Bounce:                0 kB
WritebackTmp:          0 kB
CommitLimit:     8677876 kB
Committed_AS:   80075028 kB
VmallocTotal:   263061440 kB
VmallocUsed:      134248 kB
VmallocChunk:          0 kB
Percpu:             2448 kB
CmaTotal:         405504 kB
CmaFree:             200 kB
MemTotal:        7918588 kB
MemFree:          213932 kB
MemAvailable:    1494280 kB
Buffers:            3708 kB
Cached:          1296148 kB
SwapCached:         3756 kB
Active:          4697880 kB
Inactive:         500904 kB
Active(anon):    3695184 kB
Inactive(anon):   222396 kB
Active(file):    1002696 kB
Inactive(file):   278508 kB
Unevictable:        6408 kB
Mlocked:            5968 kB
SwapTotal:       4718584 kB
SwapFree:        4010232 kB
Dirty:                60 kB
Writeback:             0 kB
AnonPages:       3901632 kB
Mapped:           638468 kB
Shmem:             13816 kB
KReclaimable:     389368 kB
Slab:             316516 kB
SReclaimable:      83096 kB
SUnreclaim:       233420 kB
KernelStack:       50704 kB
ShadowCallStack:   12696 kB
PageTables:        83212 kB
NFS_Unstable:          0 kB
Bounce:                0 kB
WritebackTmp:          0 kB
CommitLimit:     8677876 kB
Committed_AS:   80190260 kB
VmallocTotal:   263061440 kB
VmallocUsed:      134208 kB
VmallocChunk:          0 kB
Percpu:             2448 kB
CmaTotal:         405504 kB
CmaFree:               0 kB
MemTotal:        7918588 kB
MemFree:          210900 kB
MemAvailable:    1490876 kB
Buffers:            3708 kB
Cached:          1296012 kB
SwapCached:         3756 kB
Active:          4701252 kB
Inactive:         500748 kB
Active(anon):    3698532 kB
Inactive(anon):   222400 kB
Active(file):    1002720 kB
Inactive(file):   278348 kB
Unevictable:        6408 kB
Mlocked:            5968 kB
SwapTotal:       4718584 kB
SwapFree:        4010232 kB
Dirty:               136 kB
Writeback:             0 kB
AnonPages:       3905192 kB
Mapped:           638568 kB
Shmem:             13816 kB
KReclaimable:     389132 kB
Slab:             316436 kB
SReclaimable:      83004 kB
SUnreclaim:       233432 kB
KernelStack:       50688 kB
ShadowCallStack:   12700 kB
PageTables:        83244 kB
NFS_Unstable:          0 kB
Bounce:                0 kB
WritebackTmp:          0 kB
CommitLimit:     8677876 kB
Committed_AS:   80190260 kB
VmallocTotal:   263061440 kB
VmallocUsed:      134208 kB
VmallocChunk:          0 kB
Percpu:             2448 kB
CmaTotal:         405504 kB
CmaFree:               0 kB
MemTotal:        7918588 kB
MemFree:          210672 kB
MemAvailable:    1436604 kB
Buffers:            3692 kB
Cached:          1248456 kB
SwapCached:         3756 kB
Active:          4757952 kB
Inactive:         450136 kB
Active(anon):    3752320 kB
Inactive(anon):   222396 kB
Active(file):    1005632 kB
Inactive(file):   227740 kB
Unevictable:        6408 kB
Mlocked:            5968 kB
SwapTotal:       4718584 kB
SwapFree:        4010232 kB
Dirty:               136 kB
Writeback:             0 kB
AnonPages:       3958860 kB
Mapped:           636416 kB
Shmem:             13816 kB
KReclaimable:     382784 kB
Slab:             315756 kB
SReclaimable:      82272 kB
SUnreclaim:       233484 kB
KernelStack:       50688 kB
ShadowCallStack:   12696 kB
PageTables:        83652 kB
NFS_Unstable:          0 kB
Bounce:                0 kB
WritebackTmp:          0 kB
CommitLimit:     8677876 kB
Committed_AS:   80321328 kB
VmallocTotal:   263061440 kB
VmallocUsed:      134204 kB
VmallocChunk:          0 kB
Percpu:             2448 kB
CmaTotal:         405504 kB
CmaFree:               0 kB
MemTotal:        7918588 kB
MemFree:          212216 kB
MemAvailable:    1403296 kB
Buffers:            3660 kB
Cached:          1218216 kB
SwapCached:         3756 kB
Active:          4794320 kB
Inactive:         413640 kB
Active(anon):    3782352 kB
Inactive(anon):   222384 kB
Active(file):    1011968 kB
Inactive(file):   191256 kB
Unevictable:        6408 kB
Mlocked:            5968 kB
SwapTotal:       4718584 kB
SwapFree:        4010232 kB
Dirty:                96 kB
Writeback:             0 kB
AnonPages:       3988868 kB
Mapped:           635716 kB
Shmem:             13816 kB
KReclaimable:     378080 kB
Slab:             314948 kB
SReclaimable:      81440 kB
SUnreclaim:       233508 kB
KernelStack:       50720 kB
ShadowCallStack:   12704 kB
PageTables:        83648 kB
NFS_Unstable:          0 kB
Bounce:                0 kB
WritebackTmp:          0 kB
CommitLimit:     8677876 kB
Committed_AS:   80370532 kB
VmallocTotal:   263061440 kB
VmallocUsed:      134224 kB
VmallocChunk:          0 kB
Percpu:             2448 kB
CmaTotal:         405504 kB
CmaFree:               0 kB
MemTotal:        7918588 kB
MemFree:          212572 kB
MemAvailable:    1393096 kB
Buffers:            3656 kB
Cached:          1209460 kB
SwapCached:         3756 kB
Active:          4810604 kB
Inactive:         399504 kB
Active(anon):    3793276 kB
Inactive(anon):   222372 kB
Active(file):    1017328 kB
Inactive(file):   177132 kB
Unevictable:        6408 kB
Mlocked:            5968 kB
SwapTotal:       4718584 kB
SwapFree:        4010232 kB
Dirty:                96 kB
Writeback:             0 kB
AnonPages:       3999712 kB
Mapped:           635660 kB
Shmem:             13820 kB
KReclaimable:     376288 kB
Slab:             314780 kB
SReclaimable:      81256 kB
SUnreclaim:       233524 kB
KernelStack:       50736 kB
ShadowCallStack:   12696 kB
PageTables:        83612 kB
NFS_Unstable:          0 kB
Bounce:                0 kB
WritebackTmp:          0 kB
CommitLimit:     8677876 kB
Committed_AS:   80403304 kB
VmallocTotal:   263061440 kB
VmallocUsed:      134208 kB
VmallocChunk:          0 kB
Percpu:             2448 kB
CmaTotal:         405504 kB
CmaFree:               0 kB
MemTotal:        7918588 kB
MemFree:          210992 kB
MemAvailable:    1323340 kB
Buffers:            3688 kB
Cached:          1149304 kB
SwapCached:         3756 kB
Active:          4879936 kB
Inactive:         339392 kB
Active(anon):    3862608 kB
Inactive(anon):   222384 kB
Active(file):    1017328 kB
Inactive(file):   117008 kB
Unevictable:        6408 kB
Mlocked:            5968 kB
SwapTotal:       4718584 kB
SwapFree:        4010232 kB
Dirty:               172 kB
Writeback:             0 kB
AnonPages:       4069076 kB
Mapped:           636128 kB
Shmem:             13820 kB
KReclaimable:     368236 kB
Slab:             313376 kB
SReclaimable:      79828 kB
SUnreclaim:       233548 kB
KernelStack:       50704 kB
ShadowCallStack:   12700 kB
PageTables:        84072 kB
NFS_Unstable:          0 kB
Bounce:                0 kB
WritebackTmp:          0 kB
CommitLimit:     8677876 kB
Committed_AS:   80550764 kB
VmallocTotal:   263061440 kB
VmallocUsed:      134224 kB
VmallocChunk:          0 kB
Percpu:             2448 kB
CmaTotal:         405504 kB
CmaFree:               0 kB
MemTotal:        7918588 kB
MemFree:          214560 kB
MemAvailable:    1312512 kB
Buffers:            3664 kB
Cached:          1136528 kB
SwapCached:         3756 kB
Active:          4889868 kB
Inactive:         326592 kB
Active(anon):    3872540 kB
Inactive(anon):   222384 kB
Active(file):    1017328 kB
Inactive(file):   104208 kB
Unevictable:        6408 kB
Mlocked:            5968 kB
SwapTotal:       4718584 kB
SwapFree:        4010232 kB
Dirty:               172 kB
Writeback:             0 kB
AnonPages:       4078776 kB
Mapped:           636316 kB
Shmem:             13820 kB
KReclaimable:     366640 kB
Slab:             313140 kB
SReclaimable:      79600 kB
SUnreclaim:       233540 kB
KernelStack:       50688 kB
ShadowCallStack:   12700 kB
PageTables:        84020 kB
NFS_Unstable:          0 kB
Bounce:                0 kB
WritebackTmp:          0 kB
CommitLimit:     8677876 kB
Committed_AS:   80550760 kB
VmallocTotal:   263061440 kB
VmallocUsed:      134228 kB
VmallocChunk:          0 kB
Percpu:             2448 kB
CmaTotal:         405504 kB
CmaFree:               0 kB
MemTotal:        7918588 kB
MemFree:          211804 kB
MemAvailable:    1274372 kB
Buffers:            3644 kB
Cached:          1105868 kB
SwapCached:         3756 kB
Active:          4926932 kB
Inactive:         295908 kB
Active(anon):    3909604 kB
Inactive(anon):   222384 kB
Active(file):    1017328 kB
Inactive(file):    73524 kB
Unevictable:        6408 kB
Mlocked:            5968 kB
SwapTotal:       4718584 kB
SwapFree:        4010232 kB
Dirty:               224 kB
Writeback:             0 kB
AnonPages:       4116076 kB
Mapped:           636652 kB
Shmem:             13824 kB
KReclaimable:     361940 kB
Slab:             312524 kB
SReclaimable:      78868 kB
SUnreclaim:       233656 kB
KernelStack:       50720 kB
ShadowCallStack:   12704 kB
PageTables:        84204 kB
NFS_Unstable:          0 kB
Bounce:                0 kB
WritebackTmp:          0 kB
CommitLimit:     8677876 kB
Committed_AS:   80649068 kB
VmallocTotal:   263061440 kB
VmallocUsed:      134228 kB
VmallocChunk:          0 kB
Percpu:             2448 kB
CmaTotal:         405504 kB
CmaFree:               0 kB
MemTotal:        7918588 kB
MemFree:          214696 kB
MemAvailable:    1225056 kB
Buffers:            1092 kB
Cached:          1063708 kB
SwapCached:         3756 kB
Active:          4991780 kB
Inactive:         235528 kB
Active(anon):    3958800 kB
Inactive(anon):   222340 kB
Active(file):    1032980 kB
Inactive(file):    13188 kB
Unevictable:        6408 kB
Mlocked:            5968 kB
SwapTotal:       4718584 kB
SwapFree:        4011000 kB
Dirty:               348 kB
Writeback:             0 kB
AnonPages:       4165224 kB
Mapped:           632656 kB
Shmem:             13796 kB
KReclaimable:     354416 kB
Slab:             310892 kB
SReclaimable:      77216 kB
SUnreclaim:       233676 kB
KernelStack:       50736 kB
ShadowCallStack:   12704 kB
PageTables:        84420 kB
NFS_Unstable:          0 kB
Bounce:                0 kB
WritebackTmp:          0 kB
CommitLimit:     8677876 kB
Committed_AS:   80763704 kB
VmallocTotal:   263061440 kB
VmallocUsed:      134212 kB
VmallocChunk:          0 kB
Percpu:             2448 kB
CmaTotal:         405504 kB
CmaFree:              92 kB
MemTotal:        7918588 kB
MemFree:          212052 kB
MemAvailable:    1222416 kB
Buffers:            1092 kB
Cached:          1063712 kB
SwapCached:         3756 kB
Active:          4995424 kB
Inactive:         235512 kB
Active(anon):    3962444 kB
Inactive(anon):   222320 kB
Active(file):    1032980 kB
Inactive(file):    13192 kB
Unevictable:        6408 kB
Mlocked:            5968 kB
SwapTotal:       4718584 kB
SwapFree:        4011000 kB
Dirty:               352 kB
Writeback:             0 kB
AnonPages:       4168972 kB
Mapped:           632772 kB
Shmem:             13796 kB
KReclaimable:     354416 kB
Slab:             310916 kB
SReclaimable:      77216 kB
SUnreclaim:       233700 kB
KernelStack:       50720 kB
ShadowCallStack:   12704 kB
PageTables:        84520 kB
NFS_Unstable:          0 kB
Bounce:                0 kB
WritebackTmp:          0 kB
CommitLimit:     8677876 kB
Committed_AS:   80763704 kB
VmallocTotal:   263061440 kB
VmallocUsed:      134180 kB
VmallocChunk:          0 kB
Percpu:             2448 kB
CmaTotal:         405504 kB
CmaFree:              92 kB
MemTotal:        7918588 kB
MemFree:          210536 kB
MemAvailable:    1185136 kB
Buffers:             684 kB
Cached:          1060628 kB
SwapCached:         3760 kB
Active:          5127288 kB
Inactive:         128968 kB
Active(anon):    4158636 kB
Inactive(anon):    54744 kB
Active(file):     968652 kB
Inactive(file):    74224 kB
Unevictable:        6408 kB
Mlocked:            5968 kB
SwapTotal:       4718584 kB
SwapFree:        3981048 kB
Dirty:                96 kB
Writeback:             0 kB
AnonPages:       4198028 kB
Mapped:           631860 kB
Shmem:             13640 kB
KReclaimable:     321948 kB
Slab:             310852 kB
SReclaimable:      77180 kB
SUnreclaim:       233672 kB
KernelStack:       50720 kB
ShadowCallStack:   12704 kB
PageTables:        84684 kB
NFS_Unstable:          0 kB
Bounce:                0 kB
WritebackTmp:          0 kB
CommitLimit:     8677876 kB
Committed_AS:   80894776 kB
VmallocTotal:   263061440 kB
VmallocUsed:      134196 kB
VmallocChunk:          0 kB
Percpu:             2448 kB
CmaTotal:         405504 kB
CmaFree:              44 kB
MemTotal:        7918588 kB
MemFree:          210480 kB
MemAvailable:    1160992 kB
Buffers:             660 kB
Cached:          1044188 kB
SwapCached:         3756 kB
Active:           372472 kB
Inactive:        4892864 kB
Active(anon):     247484 kB
Inactive(anon):  3991332 kB
Active(file):     124988 kB
Inactive(file):   901532 kB
Unevictable:        6408 kB
Mlocked:            5968 kB
SwapTotal:       4718584 kB
SwapFree:        3978232 kB
Dirty:               188 kB
Writeback:             0 kB
AnonPages:       4223060 kB
Mapped:           622736 kB
Shmem:             13492 kB
KReclaimable:     314216 kB
Slab:             310924 kB
SReclaimable:      77176 kB
SUnreclaim:       233748 kB
KernelStack:       50688 kB
ShadowCallStack:   12704 kB
PageTables:        84912 kB
NFS_Unstable:          0 kB
Bounce:                0 kB
WritebackTmp:          0 kB
CommitLimit:     8677876 kB
Committed_AS:   80943932 kB
VmallocTotal:   263061440 kB
VmallocUsed:      134176 kB
VmallocChunk:          0 kB
Percpu:             2448 kB
CmaTotal:         405504 kB
CmaFree:               8 kB
MemTotal:        7918588 kB
MemFree:          208004 kB
MemAvailable:    1130404 kB
Buffers:             632 kB
Cached:          1039296 kB
SwapCached:         3760 kB
Active:           440792 kB
Inactive:        4827268 kB
Active(anon):     307204 kB
Inactive(anon):  3939252 kB
Active(file):     133588 kB
Inactive(file):   888016 kB
Unevictable:        6408 kB
Mlocked:            5968 kB
SwapTotal:       4718584 kB
SwapFree:        3963384 kB
Dirty:               188 kB
Writeback:             4 kB
AnonPages:       4231104 kB
Mapped:           620264 kB
Shmem:             13488 kB
KReclaimable:     307404 kB
Slab:             310988 kB
SReclaimable:      77220 kB
SUnreclaim:       233768 kB
KernelStack:       50720 kB
ShadowCallStack:   12712 kB
PageTables:        84964 kB
NFS_Unstable:          0 kB
Bounce:                0 kB
WritebackTmp:          0 kB
CommitLimit:     8677876 kB
Committed_AS:   81009472 kB
VmallocTotal:   263061440 kB
VmallocUsed:      134244 kB
VmallocChunk:          0 kB
Percpu:             2448 kB
CmaTotal:         405504 kB
CmaFree:               0 kB
MemTotal:        7918588 kB
MemFree:          219192 kB
MemAvailable:    1071760 kB
Buffers:             612 kB
Cached:           979512 kB
SwapCached:         3756 kB
Active:           514168 kB
Inactive:        4752120 kB
Active(anon):     370924 kB
Inactive(anon):  3933540 kB
Active(file):     143244 kB
Inactive(file):   818580 kB
Unevictable:        6408 kB
Mlocked:            5968 kB
SwapTotal:       4718584 kB
SwapFree:        3961080 kB
Dirty:               204 kB
Writeback:             0 kB
AnonPages:       4288944 kB
Mapped:           589064 kB
Shmem:             13464 kB
KReclaimable:     297352 kB
Slab:             311120 kB
SReclaimable:      77232 kB
SUnreclaim:       233888 kB
KernelStack:       50704 kB
ShadowCallStack:   12708 kB
PageTables:        85192 kB
NFS_Unstable:          0 kB
Bounce:                0 kB
WritebackTmp:          0 kB
CommitLimit:     8677876 kB
Committed_AS:   81156928 kB
VmallocTotal:   263061440 kB
VmallocUsed:      134212 kB
VmallocChunk:          0 kB
Percpu:             2448 kB
CmaTotal:         405504 kB
CmaFree:               4 kB
MemTotal:        7918588 kB
MemFree:          220260 kB
MemAvailable:    1081496 kB
Buffers:             612 kB
Cached:           973416 kB
SwapCached:         3756 kB
Active:           526752 kB
Inactive:        4738004 kB
Active(anon):     381828 kB
Inactive(anon):  3927204 kB
Active(file):     144924 kB
Inactive(file):   810800 kB
Unevictable:        6408 kB
Mlocked:            5968 kB
SwapTotal:       4718584 kB
SwapFree:        3961080 kB
Dirty:               272 kB
Writeback:             0 kB
AnonPages:       4293408 kB
Mapped:           586300 kB
Shmem:             13468 kB
KReclaimable:     295736 kB
Slab:             311144 kB
SReclaimable:      77232 kB
SUnreclaim:       233912 kB
KernelStack:       50688 kB
ShadowCallStack:   12700 kB
PageTables:        85192 kB
NFS_Unstable:          0 kB
Bounce:                0 kB
WritebackTmp:          0 kB
CommitLimit:     8677876 kB
Committed_AS:   81156928 kB
VmallocTotal:   263061440 kB
VmallocUsed:      134224 kB
VmallocChunk:          0 kB
Percpu:             2448 kB
CmaTotal:         405504 kB
CmaFree:            1024 kB
MemTotal:        7918588 kB
MemFree:          214952 kB
MemAvailable:    1048160 kB
Buffers:             636 kB
Cached:           947260 kB
SwapCached:         3756 kB
Active:           562472 kB
Inactive:        4709944 kB
Active(anon):     415624 kB
Inactive(anon):  3927200 kB
Active(file):     146848 kB
Inactive(file):   782744 kB
Unevictable:        6408 kB
Mlocked:            5968 kB
SwapTotal:       4718584 kB
SwapFree:        3961080 kB
Dirty:               284 kB
Writeback:             0 kB
AnonPages:       4327280 kB
Mapped:           574480 kB
Shmem:             13468 kB
KReclaimable:     293840 kB
Slab:             311184 kB
SReclaimable:      77232 kB
SUnreclaim:       233952 kB
KernelStack:       50704 kB
ShadowCallStack:   12700 kB
PageTables:        85476 kB
NFS_Unstable:          0 kB
Bounce:                0 kB
WritebackTmp:          0 kB
CommitLimit:     8677876 kB
Committed_AS:   81255232 kB
VmallocTotal:   263061440 kB
VmallocUsed:      134228 kB
VmallocChunk:          0 kB
Percpu:             2448 kB
CmaTotal:         405504 kB
CmaFree:               0 kB
MemTotal:        7918588 kB
MemFree:          212956 kB
MemAvailable:     994324 kB
Buffers:             564 kB
Cached:           904928 kB
SwapCached:         3756 kB
Active:           619548 kB
Inactive:        4663244 kB
Active(anon):     468456 kB
Inactive(anon):  3927200 kB
Active(file):     151092 kB
Inactive(file):   736044 kB
Unevictable:        6408 kB
Mlocked:            5968 kB
SwapTotal:       4718584 kB
SwapFree:        3961080 kB
Dirty:               116 kB
Writeback:             0 kB
AnonPages:       4380036 kB
Mapped:           558096 kB
Shmem:             13468 kB
KReclaimable:     284456 kB
Slab:             311180 kB
SReclaimable:      77232 kB
SUnreclaim:       233948 kB
KernelStack:       50688 kB
ShadowCallStack:   12696 kB
PageTables:        85456 kB
NFS_Unstable:          0 kB
Bounce:                0 kB
WritebackTmp:          0 kB
CommitLimit:     8677876 kB
Committed_AS:   81369920 kB
VmallocTotal:   263061440 kB
VmallocUsed:      134228 kB
VmallocChunk:          0 kB
Percpu:             2448 kB
CmaTotal:         405504 kB
CmaFree:               0 kB
MemTotal:        7918588 kB
MemFree:          219248 kB
MemAvailable:     989716 kB
Buffers:             564 kB
Cached:           896064 kB
SwapCached:         3756 kB
Active:           625112 kB
Inactive:        4653256 kB
Active(anon):     472952 kB
Inactive(anon):  3927108 kB
Active(file):     152160 kB
Inactive(file):   726148 kB
Unevictable:        6408 kB
Mlocked:            5968 kB
SwapTotal:       4718584 kB
SwapFree:        3961080 kB
Dirty:               124 kB
Writeback:             0 kB
AnonPages:       4384480 kB
Mapped:           557064 kB
Shmem:             13484 kB
KReclaimable:     282384 kB
Slab:             311272 kB
SReclaimable:      77224 kB
SUnreclaim:       234048 kB
KernelStack:       50704 kB
ShadowCallStack:   12700 kB
PageTables:        85632 kB
NFS_Unstable:          0 kB
Bounce:                0 kB
WritebackTmp:          0 kB
CommitLimit:     8677876 kB
Committed_AS:   81386316 kB
VmallocTotal:   263061440 kB
VmallocUsed:      134224 kB
VmallocChunk:          0 kB
Percpu:             2448 kB
CmaTotal:         405504 kB
CmaFree:               0 kB
MemTotal:        7918588 kB
MemFree:          211708 kB
MemAvailable:     796248 kB
Buffers:             556 kB
Cached:           780700 kB
SwapCached:         3756 kB
Active:           736280 kB
Inactive:        4527768 kB
Active(anon):     574148 kB
Inactive(anon):  3927020 kB
Active(file):     162132 kB
Inactive(file):   600748 kB
Unevictable:        6408 kB
Mlocked:            5968 kB
SwapTotal:       4718584 kB
SwapFree:        3961080 kB
Dirty:               148 kB
Writeback:             0 kB
AnonPages:       4485496 kB
Mapped:           531484 kB
Shmem:             13540 kB
KReclaimable:     181248 kB
Slab:             311376 kB
SReclaimable:      77232 kB
SUnreclaim:       234144 kB
KernelStack:       50832 kB
ShadowCallStack:   12732 kB
PageTables:        85968 kB
NFS_Unstable:          0 kB
Bounce:                0 kB
WritebackTmp:          0 kB
CommitLimit:     8677876 kB
Committed_AS:   81534168 kB
VmallocTotal:   263061440 kB
VmallocUsed:      134344 kB
VmallocChunk:          0 kB
Percpu:             2448 kB
CmaTotal:         405504 kB
CmaFree:               0 kB
MemTotal:        7918588 kB
MemFree:          210672 kB
MemAvailable:     772536 kB
Buffers:             560 kB
Cached:           763436 kB
SwapCached:         3756 kB
Active:           757668 kB
Inactive:        4509328 kB
Active(anon):     594480 kB
Inactive(anon):  3927000 kB
Active(file):     163188 kB
Inactive(file):   582328 kB
Unevictable:        6408 kB
Mlocked:            5968 kB
SwapTotal:       4718584 kB
SwapFree:        3961080 kB
Dirty:               160 kB
Writeback:             0 kB
AnonPages:       4505728 kB
Mapped:           529348 kB
Shmem:             13644 kB
KReclaimable:     170620 kB
Slab:             311360 kB
SReclaimable:      77220 kB
SUnreclaim:       234140 kB
KernelStack:       50832 kB
ShadowCallStack:   12740 kB
PageTables:        86096 kB
NFS_Unstable:          0 kB
Bounce:                0 kB
WritebackTmp:          0 kB
CommitLimit:     8677876 kB
Committed_AS:   81583320 kB
VmallocTotal:   263061440 kB
VmallocUsed:      134384 kB
VmallocChunk:          0 kB
Percpu:             2448 kB
CmaTotal:         405504 kB
CmaFree:               0 kB
MemTotal:        7918588 kB
MemFree:          233668 kB
MemAvailable:     885688 kB
Buffers:             560 kB
Cached:           759448 kB
SwapCached:         3756 kB
Active:           739916 kB
Inactive:        4505464 kB
Active(anon):     576708 kB
Inactive(anon):  3926984 kB
Active(file):     163208 kB
Inactive(file):   578480 kB
Unevictable:        6408 kB
Mlocked:            5968 kB
SwapTotal:       4718584 kB
SwapFree:        3961080 kB
Dirty:               160 kB
Writeback:             0 kB
AnonPages:       4488180 kB
Mapped:           528436 kB
Shmem:             13484 kB
KReclaimable:     300556 kB
Slab:             311228 kB
SReclaimable:      77220 kB
SUnreclaim:       234008 kB
KernelStack:       50720 kB
ShadowCallStack:   12688 kB
PageTables:        86132 kB
NFS_Unstable:          0 kB
Bounce:                0 kB
WritebackTmp:          0 kB
CommitLimit:     8677876 kB
Committed_AS:   81648464 kB
VmallocTotal:   263061440 kB
VmallocUsed:      134208 kB
VmallocChunk:          0 kB
Percpu:             2448 kB
CmaTotal:         405504 kB
CmaFree:             468 kB
MemTotal:        7918588 kB
MemFree:          212800 kB
MemAvailable:     817164 kB
Buffers:             568 kB
Cached:           716020 kB
SwapCached:         3756 kB
Active:           809576 kB
Inactive:        4459120 kB
Active(anon):     643444 kB
Inactive(anon):  3926984 kB
Active(file):     166132 kB
Inactive(file):   532136 kB
Unevictable:        6408 kB
Mlocked:            5968 kB
SwapTotal:       4718584 kB
SwapFree:        3961080 kB
Dirty:               220 kB
Writeback:             0 kB
AnonPages:       4555072 kB
Mapped:           528112 kB
Shmem:             13484 kB
KReclaimable:     296320 kB
Slab:             311296 kB
SReclaimable:      77216 kB
SUnreclaim:       234080 kB
KernelStack:       50704 kB
ShadowCallStack:   12700 kB
PageTables:        86344 kB
NFS_Unstable:          0 kB
Bounce:                0 kB
WritebackTmp:          0 kB
CommitLimit:     8677876 kB
Committed_AS:   81763148 kB
VmallocTotal:   263061440 kB
VmallocUsed:      134224 kB
VmallocChunk:          0 kB
Percpu:             2448 kB
CmaTotal:         405504 kB
CmaFree:               0 kB
MemTotal:        7918588 kB
MemFree:          215276 kB
MemAvailable:     813504 kB
Buffers:             568 kB
Cached:           710452 kB
SwapCached:         3756 kB
Active:           816928 kB
Inactive:        4449164 kB
Active(anon):     647632 kB
Inactive(anon):  3925760 kB
Active(file):     169296 kB
Inactive(file):   523404 kB
Unevictable:        6408 kB
Mlocked:            5968 kB
SwapTotal:       4718584 kB
SwapFree:        3962104 kB
Dirty:               112 kB
Writeback:             0 kB
AnonPages:       4557600 kB
