MemTotal:        7918584 kB
MemFree:         3288624 kB
MemAvailable:    4867804 kB
Buffers:            4308 kB
Cached:          1378860 kB
SwapCached:        13208 kB
Active:          1065888 kB
Inactive:         927628 kB
Active(anon):     469680 kB
Inactive(anon):   164304 kB
Active(file):     596208 kB
Inactive(file):   763324 kB
Unevictable:        6544 kB
Mlocked:            6104 kB
SwapTotal:       4718584 kB
SwapFree:        2658424 kB
Dirty:            152368 kB
Writeback:             0 kB
AnonPages:        611508 kB
Mapped:           492984 kB
Shmem:             18828 kB
KReclaimable:     609872 kB
Slab:             320156 kB
SReclaimable:      91560 kB
SUnreclaim:       228596 kB
KernelStack:       45904 kB
ShadowCallStack:   11512 kB
PageTables:        63680 kB
NFS_Unstable:          0 kB
Bounce:                0 kB
WritebackTmp:          0 kB
CommitLimit:     8677876 kB
Committed_AS:   62502412 kB
VmallocTotal:   263061440 kB
VmallocUsed:      128112 kB
VmallocChunk:          0 kB
Percpu:             2520 kB
CmaTotal:         405504 kB
CmaFree:          300500 kB
MemTotal:        7918584 kB
MemFree:         3309568 kB
MemAvailable:    5158084 kB
Buffers:            4340 kB
Cached:          1386584 kB
SwapCached:        13384 kB
Active:          1044908 kB
Inactive:         927852 kB
Active(anon):     441788 kB
Inactive(anon):   164276 kB
Active(file):     603120 kB
Inactive(file):   763576 kB
Unevictable:        6544 kB
Mlocked:            6104 kB
SwapTotal:       4718584 kB
SwapFree:        2660052 kB
Dirty:            152372 kB
Writeback:            16 kB
AnonPages:        583028 kB
Mapped:           531380 kB
Shmem:             19420 kB
KReclaimable:     872044 kB
Slab:             319936 kB
SReclaimable:      91640 kB
SUnreclaim:       228296 kB
KernelStack:       46256 kB
ShadowCallStack:   11620 kB
PageTables:        64068 kB
NFS_Unstable:          0 kB
Bounce:                0 kB
WritebackTmp:          0 kB
CommitLimit:     8677876 kB
Committed_AS:   62567332 kB
VmallocTotal:   263061440 kB
VmallocUsed:      128560 kB
VmallocChunk:          0 kB
Percpu:             2520 kB
CmaTotal:         405504 kB
CmaFree:          300500 kB
MemTotal:        7918584 kB
MemFree:         3291064 kB
MemAvailable:    5004488 kB
Buffers:            5716 kB
Cached:          1384736 kB
SwapCached:        14760 kB
Active:          1064216 kB
Inactive:         927652 kB
Active(anon):     461576 kB
Inactive(anon):   163712 kB
Active(file):     602640 kB
Inactive(file):   763940 kB
Unevictable:        6544 kB
Mlocked:            6104 kB
SwapTotal:       4718584 kB
SwapFree:        2666008 kB
Dirty:            152372 kB
Writeback:             0 kB
AnonPages:        602156 kB
Mapped:           538284 kB
Shmem:             19064 kB
KReclaimable:     737068 kB
Slab:             320404 kB
SReclaimable:      91656 kB
SUnreclaim:       228748 kB
KernelStack:       46160 kB
ShadowCallStack:   11568 kB
PageTables:        64264 kB
NFS_Unstable:          0 kB
Bounce:                0 kB
WritebackTmp:          0 kB
CommitLimit:     8677876 kB
Committed_AS:   62571356 kB
VmallocTotal:   263061440 kB
VmallocUsed:      128392 kB
VmallocChunk:          0 kB
Percpu:             2520 kB
CmaTotal:         405504 kB
CmaFree:          300500 kB
MemTotal:        7918584 kB
MemFree:         3288216 kB
MemAvailable:    5000892 kB
Buffers:            5736 kB
Cached:          1384760 kB
SwapCached:        14740 kB
Active:          1068336 kB
Inactive:         927640 kB
Active(anon):     465696 kB
Inactive(anon):   163656 kB
Active(file):     602640 kB
Inactive(file):   763984 kB
Unevictable:        6544 kB
Mlocked:            6104 kB
SwapTotal:       4718584 kB
SwapFree:        2667816 kB
Dirty:            152460 kB
Writeback:             0 kB
AnonPages:        606300 kB
Mapped:           538940 kB
Shmem:             19064 kB
KReclaimable:     736276 kB
Slab:             320360 kB
SReclaimable:      91632 kB
SUnreclaim:       228728 kB
KernelStack:       46144 kB
ShadowCallStack:   11564 kB
PageTables:        64236 kB
NFS_Unstable:          0 kB
Bounce:                0 kB
WritebackTmp:          0 kB
CommitLimit:     8677876 kB
Committed_AS:   62571352 kB
VmallocTotal:   263061440 kB
VmallocUsed:      128428 kB
VmallocChunk:          0 kB
Percpu:             2520 kB
CmaTotal:         405504 kB
CmaFree:          300504 kB
MemTotal:        7918584 kB
MemFree:         3286320 kB
MemAvailable:    4998972 kB
Buffers:            5736 kB
Cached:          1384852 kB
SwapCached:        14744 kB
Active:          1071632 kB
Inactive:         927556 kB
Active(anon):     468992 kB
Inactive(anon):   163564 kB
Active(file):     602640 kB
Inactive(file):   763992 kB
Unevictable:        6544 kB
Mlocked:            6104 kB
SwapTotal:       4718584 kB
SwapFree:        2669672 kB
Dirty:            152468 kB
Writeback:             0 kB
AnonPages:        609212 kB
Mapped:           539340 kB
Shmem:             19148 kB
KReclaimable:     736244 kB
Slab:             320388 kB
SReclaimable:      91632 kB
SUnreclaim:       228756 kB
KernelStack:       46112 kB
ShadowCallStack:   11556 kB
PageTables:        64248 kB
NFS_Unstable:          0 kB
Bounce:                0 kB
WritebackTmp:          0 kB
CommitLimit:     8677876 kB
Committed_AS:   62571316 kB
VmallocTotal:   263061440 kB
VmallocUsed:      128388 kB
VmallocChunk:          0 kB
Percpu:             2520 kB
CmaTotal:         405504 kB
CmaFree:          301648 kB
MemTotal:        7918584 kB
MemFree:         3290092 kB
MemAvailable:    5022964 kB
Buffers:            5768 kB
Cached:          1384852 kB
SwapCached:        14744 kB
Active:          1069972 kB
Inactive:         926828 kB
Active(anon):     467332 kB
Inactive(anon):   162804 kB
Active(file):     602640 kB
Inactive(file):   764024 kB
Unevictable:        6544 kB
Mlocked:            6104 kB
SwapTotal:       4718584 kB
SwapFree:        2669696 kB
Dirty:            152548 kB
Writeback:            20 kB
AnonPages:        606940 kB
Mapped:           539520 kB
Shmem:             19148 kB
KReclaimable:     756432 kB
Slab:             320364 kB
SReclaimable:      91632 kB
SUnreclaim:       228732 kB
KernelStack:       45952 kB
ShadowCallStack:   11520 kB
PageTables:        64216 kB
NFS_Unstable:          0 kB
Bounce:                0 kB
WritebackTmp:          0 kB
CommitLimit:     8677876 kB
Committed_AS:   62570832 kB
VmallocTotal:   263061440 kB
VmallocUsed:      127924 kB
VmallocChunk:          0 kB
Percpu:             2520 kB
CmaTotal:         405504 kB
CmaFree:          301648 kB
MemTotal:        7918584 kB
MemFree:         3264840 kB
MemAvailable:    4997712 kB
Buffers:            5768 kB
Cached:          1384864 kB
SwapCached:        14744 kB
Active:          1095132 kB
Inactive:         926832 kB
Active(anon):     492492 kB
Inactive(anon):   162808 kB
Active(file):     602640 kB
Inactive(file):   764024 kB
Unevictable:        6544 kB
Mlocked:            6104 kB
SwapTotal:       4718584 kB
SwapFree:        2669696 kB
Dirty:             18524 kB
Writeback:             0 kB
AnonPages:        632168 kB
Mapped:           540928 kB
Shmem:             19160 kB
KReclaimable:     756432 kB
Slab:             320300 kB
SReclaimable:      91632 kB
SUnreclaim:       228668 kB
KernelStack:       45920 kB
ShadowCallStack:   11512 kB
PageTables:        64220 kB
NFS_Unstable:          0 kB
Bounce:                0 kB
WritebackTmp:          0 kB
CommitLimit:     8677876 kB
Committed_AS:   62594268 kB
VmallocTotal:   263061440 kB
VmallocUsed:      127912 kB
VmallocChunk:          0 kB
Percpu:             2520 kB
CmaTotal:         405504 kB
CmaFree:          301648 kB
MemTotal:        7918584 kB
MemFree:         3073268 kB
MemAvailable:    4740956 kB
Buffers:            5772 kB
Cached:          1385348 kB
SwapCached:        14744 kB
Active:          1286548 kB
Inactive:         926832 kB
Active(anon):     683424 kB
Inactive(anon):   162804 kB
Active(file):     603124 kB
Inactive(file):   764028 kB
Unevictable:        6544 kB
Mlocked:            6104 kB
SwapTotal:       4718584 kB
SwapFree:        2669704 kB
Dirty:             18524 kB
Writeback:             0 kB
AnonPages:        822912 kB
Mapped:           621376 kB
Shmem:             19160 kB
KReclaimable:     690760 kB
Slab:             320676 kB
SReclaimable:      91632 kB
SUnreclaim:       229044 kB
KernelStack:       45952 kB
ShadowCallStack:   11524 kB
PageTables:        65024 kB
NFS_Unstable:          0 kB
Bounce:                0 kB
WritebackTmp:          0 kB
CommitLimit:     8677876 kB
Committed_AS:   62914032 kB
VmallocTotal:   263061440 kB
VmallocUsed:      127928 kB
VmallocChunk:          0 kB
Percpu:             2520 kB
CmaTotal:         405504 kB
CmaFree:          301648 kB
MemTotal:        7918584 kB
MemFree:         3056160 kB
MemAvailable:    4721848 kB
Buffers:            5772 kB
Cached:          1385380 kB
SwapCached:        14744 kB
Active:          1302264 kB
Inactive:         926860 kB
Active(anon):     699140 kB
Inactive(anon):   162800 kB
Active(file):     603124 kB
Inactive(file):   764060 kB
Unevictable:        6544 kB
Mlocked:            6104 kB
SwapTotal:       4718584 kB
SwapFree:        2669752 kB
Dirty:             18536 kB
Writeback:             0 kB
AnonPages:        838964 kB
Mapped:           625896 kB
Shmem:             19160 kB
KReclaimable:     688728 kB
Slab:             320740 kB
SReclaimable:      91632 kB
SUnreclaim:       229108 kB
KernelStack:       46032 kB
ShadowCallStack:   11544 kB
PageTables:        65272 kB
NFS_Unstable:          0 kB
Bounce:                0 kB
WritebackTmp:          0 kB
CommitLimit:     8677876 kB
Committed_AS:   62953116 kB
VmallocTotal:   263061440 kB
VmallocUsed:      127976 kB
VmallocChunk:          0 kB
Percpu:             2520 kB
CmaTotal:         405504 kB
CmaFree:          301648 kB
MemTotal:        7918584 kB
MemFree:         2965748 kB
MemAvailable:    4600052 kB
Buffers:            5796 kB
Cached:          1402696 kB
SwapCached:        14760 kB
Active:          1393044 kB
Inactive:         926628 kB
Active(anon):     772696 kB
Inactive(anon):   162456 kB
Active(file):     620348 kB
Inactive(file):   764172 kB
Unevictable:        6544 kB
Mlocked:            6104 kB
SwapTotal:       4718584 kB
SwapFree:        2669888 kB
Dirty:             18680 kB
Writeback:             0 kB
AnonPages:        911820 kB
Mapped:           660028 kB
Shmem:             19164 kB
KReclaimable:     640008 kB
Slab:             320704 kB
SReclaimable:      91632 kB
SUnreclaim:       229072 kB
KernelStack:       46016 kB
ShadowCallStack:   11540 kB
PageTables:        65584 kB
NFS_Unstable:          0 kB
Bounce:                0 kB
WritebackTmp:          0 kB
CommitLimit:     8677876 kB
Committed_AS:   63126272 kB
VmallocTotal:   263061440 kB
VmallocUsed:      128016 kB
VmallocChunk:          0 kB
Percpu:             2520 kB
CmaTotal:         405504 kB
CmaFree:          301648 kB
MemTotal:        7918584 kB
MemFree:         2857388 kB
MemAvailable:    4493628 kB
Buffers:            5796 kB
Cached:          1405956 kB
SwapCached:        14764 kB
Active:          1501448 kB
Inactive:         926628 kB
Active(anon):     877780 kB
Inactive(anon):   162456 kB
Active(file):     623668 kB
Inactive(file):   764172 kB
Unevictable:        6544 kB
Mlocked:            6104 kB
SwapTotal:       4718584 kB
SwapFree:        2670288 kB
Dirty:             18680 kB
Writeback:             0 kB
AnonPages:       1017276 kB
Mapped:           662360 kB
Shmem:             19104 kB
KReclaimable:     638624 kB
Slab:             320692 kB
SReclaimable:      91632 kB
SUnreclaim:       229060 kB
KernelStack:       45984 kB
ShadowCallStack:   11536 kB
PageTables:        65960 kB
NFS_Unstable:          0 kB
Bounce:                0 kB
WritebackTmp:          0 kB
CommitLimit:     8677876 kB
Committed_AS:   63421120 kB
VmallocTotal:   263061440 kB
VmallocUsed:      128008 kB
VmallocChunk:          0 kB
Percpu:             2520 kB
CmaTotal:         405504 kB
CmaFree:          301648 kB
MemTotal:        7918584 kB
MemFree:         2764812 kB
MemAvailable:    4391400 kB
Buffers:            5796 kB
Cached:          1405960 kB
SwapCached:        14764 kB
Active:          1593628 kB
Inactive:         926620 kB
Active(anon):     969960 kB
Inactive(anon):   162448 kB
Active(file):     623668 kB
Inactive(file):   764172 kB
Unevictable:        6544 kB
Mlocked:            6104 kB
SwapTotal:       4718584 kB
SwapFree:        2670752 kB
Dirty:             17324 kB
Writeback:             0 kB
AnonPages:       1109284 kB
Mapped:           663040 kB
Shmem:             19108 kB
KReclaimable:     628972 kB
Slab:             320916 kB
SReclaimable:      91632 kB
SUnreclaim:       229284 kB
KernelStack:       46016 kB
ShadowCallStack:   11532 kB
PageTables:        66400 kB
NFS_Unstable:          0 kB
Bounce:                0 kB
WritebackTmp:          0 kB
CommitLimit:     8677876 kB
Committed_AS:   63650500 kB
VmallocTotal:   263061440 kB
VmallocUsed:      128028 kB
VmallocChunk:          0 kB
Percpu:             2520 kB
CmaTotal:         405504 kB
CmaFree:          301648 kB
MemTotal:        7918584 kB
MemFree:         2652672 kB
MemAvailable:    4277796 kB
Buffers:            5796 kB
Cached:          1405960 kB
SwapCached:        14764 kB
Active:          1705020 kB
Inactive:         926624 kB
Active(anon):    1081352 kB
Inactive(anon):   162452 kB
Active(file):     623668 kB
Inactive(file):   764172 kB
Unevictable:        6544 kB
Mlocked:            6104 kB
SwapTotal:       4718584 kB
SwapFree:        2670768 kB
Dirty:             17372 kB
Writeback:             0 kB
AnonPages:       1220672 kB
Mapped:           664152 kB
Shmem:             19108 kB
KReclaimable:     627508 kB
Slab:             320872 kB
SReclaimable:      91632 kB
SUnreclaim:       229240 kB
KernelStack:       45984 kB
ShadowCallStack:   11528 kB
PageTables:        67156 kB
NFS_Unstable:          0 kB
Bounce:                0 kB
WritebackTmp:          0 kB
CommitLimit:     8677876 kB
Committed_AS:   63912592 kB
VmallocTotal:   263061440 kB
VmallocUsed:      128000 kB
VmallocChunk:          0 kB
Percpu:             2520 kB
CmaTotal:         405504 kB
CmaFree:          301648 kB
MemTotal:        7918584 kB
MemFree:         2533448 kB
MemAvailable:    4036052 kB
Buffers:            5820 kB
Cached:          1406076 kB
SwapCached:        14760 kB
Active:          1822400 kB
Inactive:         926716 kB
Active(anon):    1198732 kB
Inactive(anon):   162464 kB
Active(file):     623668 kB
Inactive(file):   764252 kB
Unevictable:        6544 kB
Mlocked:            6104 kB
SwapTotal:       4718584 kB
SwapFree:        2670860 kB
Dirty:             17456 kB
Writeback:             0 kB
AnonPages:       1338116 kB
Mapped:           662996 kB
Shmem:             19168 kB
KReclaimable:     504908 kB
Slab:             321024 kB
SReclaimable:      91632 kB
SUnreclaim:       229392 kB
KernelStack:       46096 kB
ShadowCallStack:   11560 kB
PageTables:        67508 kB
NFS_Unstable:          0 kB
Bounce:                0 kB
WritebackTmp:          0 kB
CommitLimit:     8677876 kB
Committed_AS:   64142320 kB
VmallocTotal:   263061440 kB
VmallocUsed:      128120 kB
VmallocChunk:          0 kB
Percpu:             2520 kB
CmaTotal:         405504 kB
CmaFree:          301648 kB
MemTotal:        7918584 kB
MemFree:         2462492 kB
MemAvailable:    4085504 kB
Buffers:            5820 kB
Cached:          1406848 kB
SwapCached:        14760 kB
Active:          1892656 kB
Inactive:         926700 kB
Active(anon):    1268320 kB
Inactive(anon):   162448 kB
Active(file):     624336 kB
Inactive(file):   764252 kB
Unevictable:        6544 kB
Mlocked:            6104 kB
SwapTotal:       4718584 kB
SwapFree:        2670884 kB
Dirty:             17456 kB
Writeback:             0 kB
AnonPages:       1407688 kB
Mapped:           663840 kB
Shmem:             19272 kB
KReclaimable:     624648 kB
Slab:             321076 kB
SReclaimable:      91632 kB
SUnreclaim:       229444 kB
KernelStack:       45984 kB
ShadowCallStack:   11536 kB
PageTables:        68056 kB
NFS_Unstable:          0 kB
Bounce:                0 kB
WritebackTmp:          0 kB
CommitLimit:     8677876 kB
Committed_AS:   64387692 kB
VmallocTotal:   263061440 kB
VmallocUsed:      128028 kB
VmallocChunk:          0 kB
Percpu:             2520 kB
CmaTotal:         405504 kB
CmaFree:          301652 kB
MemTotal:        7918584 kB
MemFree:         2383072 kB
MemAvailable:    4005264 kB
Buffers:            5820 kB
Cached:          1406688 kB
SwapCached:        14760 kB
Active:          1972536 kB
Inactive:         926704 kB
Active(anon):    1348200 kB
Inactive(anon):   162452 kB
Active(file):     624336 kB
Inactive(file):   764252 kB
Unevictable:        6544 kB
Mlocked:            6104 kB
SwapTotal:       4718584 kB
SwapFree:        2670888 kB
Dirty:             17456 kB
Writeback:             0 kB
AnonPages:       1487532 kB
Mapped:           664496 kB
Shmem:             19112 kB
KReclaimable:     623828 kB
Slab:             321036 kB
SReclaimable:      91632 kB
SUnreclaim:       229404 kB
KernelStack:       45968 kB
ShadowCallStack:   11528 kB
PageTables:        68380 kB
NFS_Unstable:          0 kB
Bounce:                0 kB
WritebackTmp:          0 kB
CommitLimit:     8677876 kB
Committed_AS:   64600680 kB
VmallocTotal:   263061440 kB
VmallocUsed:      127968 kB
VmallocChunk:          0 kB
Percpu:             2520 kB
CmaTotal:         405504 kB
CmaFree:          301648 kB
MemTotal:        7918584 kB
MemFree:         2294636 kB
MemAvailable:    3915716 kB
Buffers:            5844 kB
Cached:          1406688 kB
SwapCached:        14760 kB
Active:          2061208 kB
Inactive:         926728 kB
Active(anon):    1436872 kB
Inactive(anon):   162452 kB
Active(file):     624336 kB
Inactive(file):   764276 kB
Unevictable:        6544 kB
Mlocked:            6104 kB
SwapTotal:       4718584 kB
SwapFree:        2670896 kB
Dirty:             17472 kB
Writeback:             0 kB
AnonPages:       1576180 kB
Mapped:           665152 kB
Shmem:             19112 kB
KReclaimable:     622692 kB
Slab:             320996 kB
SReclaimable:      91632 kB
SUnreclaim:       229364 kB
KernelStack:       45936 kB
ShadowCallStack:   11524 kB
PageTables:        68796 kB
NFS_Unstable:          0 kB
Bounce:                0 kB
WritebackTmp:          0 kB
CommitLimit:     8677876 kB
Committed_AS:   64797288 kB
VmallocTotal:   263061440 kB
VmallocUsed:      127968 kB
VmallocChunk:          0 kB
Percpu:             2520 kB
CmaTotal:         405504 kB
CmaFree:          301648 kB
MemTotal:        7918584 kB
MemFree:         2178416 kB
MemAvailable:    3797784 kB
Buffers:            5844 kB
Cached:          1406724 kB
SwapCached:        14760 kB
Active:          2177504 kB
Inactive:         926760 kB
Active(anon):    1553168 kB
Inactive(anon):   162452 kB
Active(file):     624336 kB
Inactive(file):   764308 kB
Unevictable:        6544 kB
Mlocked:            6104 kB
SwapTotal:       4718584 kB
SwapFree:        2670904 kB
Dirty:             17472 kB
Writeback:             0 kB
AnonPages:       1692492 kB
Mapped:           666460 kB
Shmem:             19116 kB
KReclaimable:     620948 kB
Slab:             321196 kB
SReclaimable:      91632 kB
SUnreclaim:       229564 kB
KernelStack:       45984 kB
ShadowCallStack:   11532 kB
PageTables:        69412 kB
NFS_Unstable:          0 kB
Bounce:                0 kB
WritebackTmp:          0 kB
CommitLimit:     8677876 kB
Committed_AS:   65093356 kB
VmallocTotal:   263061440 kB
VmallocUsed:      127980 kB
VmallocChunk:          0 kB
Percpu:             2520 kB
CmaTotal:         405504 kB
CmaFree:          301648 kB
MemTotal:        7918584 kB
MemFree:         2089512 kB
MemAvailable:    3707692 kB
Buffers:            5844 kB
Cached:          1406736 kB
SwapCached:        14760 kB
Active:          2265804 kB
Inactive:         926764 kB
Active(anon):    1641468 kB
Inactive(anon):   162444 kB
Active(file):     624336 kB
Inactive(file):   764320 kB
Unevictable:        6544 kB
Mlocked:            6104 kB
SwapTotal:       4718584 kB
SwapFree:        2670904 kB
Dirty:             17496 kB
Writeback:             0 kB
AnonPages:       1780776 kB
Mapped:           667140 kB
Shmem:             19116 kB
KReclaimable:     619748 kB
Slab:             321148 kB
SReclaimable:      91632 kB
SUnreclaim:       229516 kB
KernelStack:       45936 kB
ShadowCallStack:   11524 kB
PageTables:        69648 kB
NFS_Unstable:          0 kB
Bounce:                0 kB
WritebackTmp:          0 kB
CommitLimit:     8677876 kB
Committed_AS:   65289968 kB
VmallocTotal:   263061440 kB
VmallocUsed:      127984 kB
VmallocChunk:          0 kB
Percpu:             2520 kB
CmaTotal:         405504 kB
CmaFree:          301648 kB
MemTotal:        7918584 kB
MemFree:         2007724 kB
MemAvailable:    3625256 kB
Buffers:            5844 kB
Cached:          1406736 kB
SwapCached:        14760 kB
Active:          2346980 kB
Inactive:         926744 kB
Active(anon):    1722644 kB
Inactive(anon):   162424 kB
Active(file):     624336 kB
Inactive(file):   764320 kB
Unevictable:        6544 kB
Mlocked:            6104 kB
SwapTotal:       4718584 kB
SwapFree:        2670924 kB
Dirty:             17500 kB
Writeback:             0 kB
AnonPages:       1861940 kB
Mapped:           667556 kB
Shmem:             19116 kB
KReclaimable:     619100 kB
Slab:             321268 kB
SReclaimable:      91632 kB
SUnreclaim:       229636 kB
KernelStack:       45968 kB
ShadowCallStack:   11532 kB
PageTables:        70220 kB
NFS_Unstable:          0 kB
Bounce:                0 kB
WritebackTmp:          0 kB
CommitLimit:     8677876 kB
Committed_AS:   65486572 kB
VmallocTotal:   263061440 kB
VmallocUsed:      127968 kB
VmallocChunk:          0 kB
Percpu:             2520 kB
CmaTotal:         405504 kB
CmaFree:          301648 kB
MemTotal:        7918584 kB
MemFree:         1915284 kB
MemAvailable:    3531296 kB
Buffers:            5844 kB
Cached:          1406736 kB
SwapCached:        14760 kB
Active:          2437176 kB
Inactive:         926744 kB
Active(anon):    1812840 kB
Inactive(anon):   162424 kB
Active(file):     624336 kB
Inactive(file):   764320 kB
Unevictable:        6544 kB
Mlocked:            6104 kB
SwapTotal:       4718584 kB
SwapFree:        2670936 kB
Dirty:             17500 kB
Writeback:             0 kB
AnonPages:       1952084 kB
Mapped:           668520 kB
Shmem:             19116 kB
KReclaimable:     617580 kB
Slab:             321300 kB
SReclaimable:      91632 kB
SUnreclaim:       229668 kB
KernelStack:       46032 kB
ShadowCallStack:   11528 kB
PageTables:        70616 kB
NFS_Unstable:          0 kB
Bounce:                0 kB
WritebackTmp:          0 kB
CommitLimit:     8677876 kB
Committed_AS:   65732332 kB
VmallocTotal:   263061440 kB
VmallocUsed:      128008 kB
VmallocChunk:          0 kB
Percpu:             2520 kB
CmaTotal:         405504 kB
CmaFree:          301648 kB
MemTotal:        7918584 kB
MemFree:         1855988 kB
MemAvailable:    3471552 kB
Buffers:            5852 kB
Cached:          1406740 kB
SwapCached:        14760 kB
Active:          2496960 kB
Inactive:         926748 kB
Active(anon):    1872624 kB
Inactive(anon):   162420 kB
Active(file):     624336 kB
Inactive(file):   764328 kB
Unevictable:        6544 kB
Mlocked:            6104 kB
SwapTotal:       4718584 kB
SwapFree:        2670940 kB
Dirty:             17500 kB
Writeback:             0 kB
AnonPages:       2011904 kB
Mapped:           668912 kB
Shmem:             19120 kB
KReclaimable:     617124 kB
Slab:             321512 kB
SReclaimable:      91632 kB
SUnreclaim:       229880 kB
KernelStack:       46000 kB
ShadowCallStack:   11536 kB
PageTables:        70956 kB
NFS_Unstable:          0 kB
Bounce:                0 kB
WritebackTmp:          0 kB
CommitLimit:     8677876 kB
Committed_AS:   65863408 kB
VmallocTotal:   263061440 kB
VmallocUsed:      127988 kB
VmallocChunk:          0 kB
Percpu:             2520 kB
CmaTotal:         405504 kB
CmaFree:          301648 kB
MemTotal:        7918584 kB
MemFree:         1769596 kB
MemAvailable:    3384000 kB
Buffers:            5852 kB
Cached:          1406740 kB
SwapCached:        14760 kB
Active:          2583032 kB
Inactive:         926744 kB
Active(anon):    1958696 kB
Inactive(anon):   162416 kB
Active(file):     624336 kB
Inactive(file):   764328 kB
Unevictable:        6544 kB
Mlocked:            6104 kB
SwapTotal:       4718584 kB
SwapFree:        2670940 kB
Dirty:             17500 kB
Writeback:             0 kB
AnonPages:       2098156 kB
Mapped:           669648 kB
Shmem:             19120 kB
KReclaimable:     615964 kB
Slab:             321560 kB
SReclaimable:      91632 kB
SUnreclaim:       229928 kB
KernelStack:       45952 kB
ShadowCallStack:   11524 kB
PageTables:        71200 kB
NFS_Unstable:          0 kB
Bounce:                0 kB
WritebackTmp:          0 kB
CommitLimit:     8677876 kB
Committed_AS:   66092732 kB
VmallocTotal:   263061440 kB
VmallocUsed:      127984 kB
VmallocChunk:          0 kB
Percpu:             2520 kB
CmaTotal:         405504 kB
CmaFree:          301648 kB
MemTotal:        7918584 kB
MemFree:         1693872 kB
MemAvailable:    3307072 kB
Buffers:            5852 kB
Cached:          1406752 kB
SwapCached:        14760 kB
Active:          2657460 kB
Inactive:         926756 kB
Active(anon):    2033124 kB
Inactive(anon):   162416 kB
Active(file):     624336 kB
Inactive(file):   764340 kB
Unevictable:        6544 kB
Mlocked:            6104 kB
SwapTotal:       4718584 kB
SwapFree:        2670960 kB
Dirty:             17512 kB
Writeback:             0 kB
AnonPages:       2172512 kB
Mapped:           670184 kB
Shmem:             19120 kB
KReclaimable:     614748 kB
Slab:             321596 kB
SReclaimable:      91632 kB
SUnreclaim:       229964 kB
KernelStack:       45968 kB
ShadowCallStack:   11516 kB
PageTables:        71704 kB
NFS_Unstable:          0 kB
Bounce:                0 kB
WritebackTmp:          0 kB
CommitLimit:     8677876 kB
Committed_AS:   66256520 kB
VmallocTotal:   263061440 kB
VmallocUsed:      127984 kB
VmallocChunk:          0 kB
Percpu:             2520 kB
CmaTotal:         405504 kB
CmaFree:          301648 kB
MemTotal:        7918584 kB
MemFree:         1637008 kB
MemAvailable:    3251624 kB
Buffers:            5860 kB
Cached:          1408860 kB
SwapCached:        14772 kB
Active:          2716676 kB
Inactive:         926700 kB
Active(anon):    2090464 kB
Inactive(anon):   162316 kB
Active(file):     626212 kB
Inactive(file):   764384 kB
Unevictable:        6544 kB
Mlocked:            6104 kB
SwapTotal:       4718584 kB
SwapFree:        2676120 kB
Dirty:             17512 kB
Writeback:             0 kB
AnonPages:       2229520 kB
Mapped:           673520 kB
Shmem:             19316 kB
KReclaimable:     614244 kB
Slab:             321388 kB
SReclaimable:      91632 kB
SUnreclaim:       229756 kB
KernelStack:       45936 kB
ShadowCallStack:   11524 kB
PageTables:        71796 kB
NFS_Unstable:          0 kB
Bounce:                0 kB
WritebackTmp:          0 kB
CommitLimit:     8677876 kB
Committed_AS:   66371260 kB
VmallocTotal:   263061440 kB
VmallocUsed:      127972 kB
VmallocChunk:          0 kB
Percpu:             2520 kB
CmaTotal:         405504 kB
CmaFree:          301648 kB
MemTotal:        7918584 kB
MemFree:         1563032 kB
MemAvailable:    3176384 kB
Buffers:            5860 kB
Cached:          1408860 kB
SwapCached:        14772 kB
Active:          2792088 kB
Inactive:         926692 kB
Active(anon):    2165876 kB
Inactive(anon):   162308 kB
Active(file):     626212 kB
Inactive(file):   764384 kB
Unevictable:        6544 kB
Mlocked:            6104 kB
SwapTotal:       4718584 kB
SwapFree:        2676120 kB
Dirty:             17512 kB
Writeback:             0 kB
AnonPages:       2304992 kB
Mapped:           674112 kB
Shmem:             19316 kB
KReclaimable:     612980 kB
Slab:             321628 kB
SReclaimable:      91632 kB
SUnreclaim:       229996 kB
KernelStack:       45984 kB
ShadowCallStack:   11524 kB
PageTables:        72336 kB
NFS_Unstable:          0 kB
Bounce:                0 kB
WritebackTmp:          0 kB
CommitLimit:     8677876 kB
Committed_AS:   66567868 kB
VmallocTotal:   263061440 kB
VmallocUsed:      127980 kB
VmallocChunk:          0 kB
Percpu:             2520 kB
CmaTotal:         405504 kB
CmaFree:          301648 kB
MemTotal:        7918584 kB
MemFree:         1507976 kB
MemAvailable:    3120904 kB
Buffers:            5884 kB
Cached:          1408860 kB
SwapCached:        14772 kB
Active:          2843024 kB
Inactive:         926724 kB
Active(anon):    2216812 kB
Inactive(anon):   162316 kB
Active(file):     626212 kB
Inactive(file):   764408 kB
Unevictable:        6544 kB
Mlocked:            6104 kB
SwapTotal:       4718584 kB
SwapFree:        2676124 kB
Dirty:             17512 kB
Writeback:             0 kB
AnonPages:       2355860 kB
Mapped:           674488 kB
Shmem:             19316 kB
KReclaimable:     612532 kB
Slab:             321536 kB
SReclaimable:      91632 kB
SUnreclaim:       229904 kB
KernelStack:       45984 kB
ShadowCallStack:   11524 kB
PageTables:        72492 kB
NFS_Unstable:          0 kB
Bounce:                0 kB
WritebackTmp:          0 kB
CommitLimit:     8677876 kB
Committed_AS:   66683580 kB
VmallocTotal:   263061440 kB
VmallocUsed:      127988 kB
VmallocChunk:          0 kB
Percpu:             2520 kB
CmaTotal:         405504 kB
CmaFree:          279660 kB
MemTotal:        7918584 kB
MemFree:         1437212 kB
MemAvailable:    3049524 kB
Buffers:            5884 kB
Cached:          1408860 kB
SwapCached:        14772 kB
Active:          2912112 kB
Inactive:         926720 kB
Active(anon):    2285900 kB
Inactive(anon):   162312 kB
Active(file):     626212 kB
Inactive(file):   764408 kB
Unevictable:        6544 kB
Mlocked:            6104 kB
SwapTotal:       4718584 kB
SwapFree:        2676128 kB
Dirty:             17512 kB
Writeback:             0 kB
AnonPages:       2424888 kB
Mapped:           674916 kB
Shmem:             19316 kB
KReclaimable:     611916 kB
Slab:             321724 kB
SReclaimable:      91632 kB
SUnreclaim:       230092 kB
KernelStack:       45984 kB
ShadowCallStack:   11532 kB
PageTables:        72936 kB
NFS_Unstable:          0 kB
Bounce:                0 kB
WritebackTmp:          0 kB
CommitLimit:     8677876 kB
Committed_AS:   66847424 kB
VmallocTotal:   263061440 kB
VmallocUsed:      127980 kB
VmallocChunk:          0 kB
Percpu:             2520 kB
CmaTotal:         405504 kB
CmaFree:          211228 kB
MemTotal:        7918584 kB
MemFree:         1376196 kB
MemAvailable:    2987536 kB
Buffers:            5884 kB
Cached:          1408872 kB
SwapCached:        14772 kB
Active:          2972056 kB
Inactive:         926732 kB
Active(anon):    2345844 kB
Inactive(anon):   162312 kB
Active(file):     626212 kB
Inactive(file):   764420 kB
Unevictable:        6544 kB
Mlocked:            6104 kB
SwapTotal:       4718584 kB
SwapFree:        2676128 kB
Dirty:             17524 kB
Writeback:             0 kB
AnonPages:       2484680 kB
Mapped:           675664 kB
Shmem:             19316 kB
KReclaimable:     610932 kB
Slab:             321776 kB
SReclaimable:      91632 kB
SUnreclaim:       230144 kB
KernelStack:       46000 kB
ShadowCallStack:   11532 kB
PageTables:        73096 kB
NFS_Unstable:          0 kB
Bounce:                0 kB
WritebackTmp:          0 kB
CommitLimit:     8677876 kB
Committed_AS:   66978496 kB
VmallocTotal:   263061440 kB
VmallocUsed:      127984 kB
VmallocChunk:          0 kB
Percpu:             2520 kB
CmaTotal:         405504 kB
CmaFree:          150580 kB
MemTotal:        7918584 kB
MemFree:         1343652 kB
MemAvailable:    2954552 kB
Buffers:            5884 kB
Cached:          1408872 kB
SwapCached:        14772 kB
Active:          3004596 kB
Inactive:         926736 kB
Active(anon):    2378384 kB
Inactive(anon):   162316 kB
Active(file):     626212 kB
Inactive(file):   764420 kB
Unevictable:        6544 kB
Mlocked:            6104 kB
SwapTotal:       4718584 kB
SwapFree:        2676140 kB
Dirty:             17524 kB
Writeback:             0 kB
AnonPages:       2517464 kB
Mapped:           675872 kB
Shmem:             19316 kB
KReclaimable:     610492 kB
Slab:             321716 kB
SReclaimable:      91648 kB
SUnreclaim:       230068 kB
KernelStack:       45968 kB
ShadowCallStack:   11520 kB
PageTables:        73232 kB
NFS_Unstable:          0 kB
Bounce:                0 kB
WritebackTmp:          0 kB
CommitLimit:     8677876 kB
Committed_AS:   67060436 kB
VmallocTotal:   263061440 kB
VmallocUsed:      127984 kB
VmallocChunk:          0 kB
Percpu:             2520 kB
CmaTotal:         405504 kB
CmaFree:          118444 kB
MemTotal:        7918584 kB
MemFree:         1263736 kB
MemAvailable:    2873636 kB
Buffers:            5884 kB
Cached:          1408872 kB
SwapCached:        14772 kB
Active:          3085176 kB
Inactive:         926736 kB
Active(anon):    2458964 kB
Inactive(anon):   162316 kB
Active(file):     626212 kB
Inactive(file):   764420 kB
Unevictable:        6544 kB
Mlocked:            6104 kB
SwapTotal:       4718584 kB
SwapFree:        2676140 kB
Dirty:             17524 kB
Writeback:             0 kB
AnonPages:       2598188 kB
Mapped:           676588 kB
Shmem:             19316 kB
KReclaimable:     609492 kB
Slab:             321712 kB
SReclaimable:      91648 kB
SUnreclaim:       230064 kB
KernelStack:       46000 kB
ShadowCallStack:   11520 kB
PageTables:        73796 kB
NFS_Unstable:          0 kB
Bounce:                0 kB
WritebackTmp:          0 kB
CommitLimit:     8677876 kB
Committed_AS:   67257020 kB
VmallocTotal:   263061440 kB
VmallocUsed:      127984 kB
VmallocChunk:          0 kB
Percpu:             2520 kB
CmaTotal:         405504 kB
CmaFree:           38296 kB
MemTotal:        7918584 kB
MemFree:         1218480 kB
MemAvailable:    2827620 kB
Buffers:            5892 kB
Cached:          1408880 kB
SwapCached:        14772 kB
Active:          3130356 kB
Inactive:         926740 kB
Active(anon):    2504144 kB
Inactive(anon):   162312 kB
Active(file):     626212 kB
Inactive(file):   764428 kB
Unevictable:        6544 kB
Mlocked:            6104 kB
SwapTotal:       4718584 kB
SwapFree:        2676140 kB
Dirty:             17524 kB
Writeback:             0 kB
AnonPages:       2643324 kB
Mapped:           676960 kB
Shmem:             19324 kB
KReclaimable:     608724 kB
Slab:             321824 kB
SReclaimable:      91664 kB
SUnreclaim:       230160 kB
KernelStack:       45968 kB
ShadowCallStack:   11528 kB
PageTables:        73776 kB
NFS_Unstable:          0 kB
Bounce:                0 kB
WritebackTmp:          0 kB
CommitLimit:     8677876 kB
Committed_AS:   67371720 kB
VmallocTotal:   263061440 kB
VmallocUsed:      127988 kB
VmallocChunk:          0 kB
Percpu:             2520 kB
CmaTotal:         405504 kB
CmaFree:               0 kB
MemTotal:        7918584 kB
MemFree:         1176520 kB
MemAvailable:    2785364 kB
Buffers:            5892 kB
Cached:          1408880 kB
SwapCached:        14772 kB
Active:          3172740 kB
Inactive:         926728 kB
Active(anon):    2546528 kB
Inactive(anon):   162300 kB
Active(file):     626212 kB
Inactive(file):   764428 kB
Unevictable:        6544 kB
Mlocked:            6104 kB
SwapTotal:       4718584 kB
SwapFree:        2676152 kB
Dirty:               452 kB
Writeback:             0 kB
AnonPages:       2685684 kB
Mapped:           677220 kB
Shmem:             19324 kB
KReclaimable:     608428 kB
Slab:             321900 kB
SReclaimable:      91664 kB
SUnreclaim:       230236 kB
KernelStack:       45936 kB
ShadowCallStack:   11532 kB
PageTables:        74076 kB
NFS_Unstable:          0 kB
Bounce:                0 kB
WritebackTmp:          0 kB
CommitLimit:     8677876 kB
Committed_AS:   67453532 kB
VmallocTotal:   263061440 kB
VmallocUsed:      127948 kB
VmallocChunk:          0 kB
Percpu:             2520 kB
CmaTotal:         405504 kB
CmaFree:               0 kB
MemTotal:        7918584 kB
MemFree:         1099172 kB
MemAvailable:    2706660 kB
Buffers:            5892 kB
Cached:          1408892 kB
SwapCached:        14772 kB
Active:          3250596 kB
Inactive:         926740 kB
Active(anon):    2624384 kB
Inactive(anon):   162300 kB
Active(file):     626212 kB
Inactive(file):   764440 kB
Unevictable:        6544 kB
Mlocked:            6104 kB
SwapTotal:       4718584 kB
SwapFree:        2676156 kB
Dirty:               464 kB
Writeback:             0 kB
AnonPages:       2763328 kB
Mapped:           678024 kB
Shmem:             19324 kB
KReclaimable:     607060 kB
Slab:             321928 kB
SReclaimable:      91664 kB
SUnreclaim:       230264 kB
KernelStack:       45856 kB
ShadowCallStack:   11508 kB
PageTables:        74496 kB
NFS_Unstable:          0 kB
Bounce:                0 kB
WritebackTmp:          0 kB
CommitLimit:     8677876 kB
Committed_AS:   67649840 kB
VmallocTotal:   263061440 kB
VmallocUsed:      127844 kB
VmallocChunk:          0 kB
Percpu:             2520 kB
CmaTotal:         405504 kB
CmaFree:               0 kB
MemTotal:        7918584 kB
MemFree:         1030828 kB
MemAvailable:    2518168 kB
Buffers:            5892 kB
Cached:          1408908 kB
SwapCached:        14772 kB
Active:          3318796 kB
Inactive:         926740 kB
Active(anon):    2692584 kB
Inactive(anon):   162300 kB
Active(file):     626212 kB
Inactive(file):   764440 kB
Unevictable:        6544 kB
Mlocked:            6104 kB
SwapTotal:       4718584 kB
SwapFree:        2676192 kB
Dirty:               468 kB
Writeback:             0 kB
AnonPages:       2831568 kB
Mapped:           678700 kB
Shmem:             19340 kB
KReclaimable:     486912 kB
Slab:             321896 kB
SReclaimable:      91664 kB
SUnreclaim:       230232 kB
KernelStack:       45920 kB
ShadowCallStack:   11520 kB
PageTables:        74732 kB
NFS_Unstable:          0 kB
Bounce:                0 kB
WritebackTmp:          0 kB
CommitLimit:     8677876 kB
Committed_AS:   67732156 kB
VmallocTotal:   263061440 kB
VmallocUsed:      127964 kB
VmallocChunk:          0 kB
Percpu:             2520 kB
CmaTotal:         405504 kB
CmaFree:               0 kB
MemTotal:        7918584 kB
MemFree:          981892 kB
MemAvailable:    2467100 kB
Buffers:            5892 kB
Cached:          1409028 kB
SwapCached:        14772 kB
Active:          3366988 kB
Inactive:         926744 kB
Active(anon):    2740776 kB
Inactive(anon):   162304 kB
Active(file):     626212 kB
Inactive(file):   764440 kB
Unevictable:        6544 kB
Mlocked:            6104 kB
SwapTotal:       4718584 kB
SwapFree:        2676228 kB
Dirty:               476 kB
Writeback:             0 kB
AnonPages:       2879652 kB
Mapped:           679360 kB
Shmem:             19460 kB
KReclaimable:     484780 kB
Slab:             321996 kB
SReclaimable:      91664 kB
SUnreclaim:       230332 kB
KernelStack:       45968 kB
ShadowCallStack:   11536 kB
PageTables:        74868 kB
NFS_Unstable:          0 kB
Bounce:                0 kB
WritebackTmp:          0 kB
CommitLimit:     8677876 kB
Committed_AS:   67846840 kB
VmallocTotal:   263061440 kB
VmallocUsed:      128016 kB
VmallocChunk:          0 kB
Percpu:             2520 kB
CmaTotal:         405504 kB
CmaFree:               0 kB
MemTotal:        7918584 kB
MemFree:          953212 kB
MemAvailable:    2558900 kB
Buffers:            5916 kB
Cached:          1408936 kB
SwapCached:        14772 kB
Active:          3395036 kB
Inactive:         926768 kB
Active(anon):    2768824 kB
Inactive(anon):   162304 kB
Active(file):     626212 kB
Inactive(file):   764464 kB
Unevictable:        6544 kB
Mlocked:            6104 kB
SwapTotal:       4718584 kB
SwapFree:        2676260 kB
Dirty:               488 kB
Writeback:             0 kB
AnonPages:       2907880 kB
Mapped:           679196 kB
Shmem:             19368 kB
KReclaimable:     605236 kB
Slab:             321888 kB
SReclaimable:      91664 kB
SUnreclaim:       230224 kB
KernelStack:       45808 kB
ShadowCallStack:   11492 kB
PageTables:        75064 kB
NFS_Unstable:          0 kB
Bounce:                0 kB
WritebackTmp:          0 kB
CommitLimit:     8677876 kB
Committed_AS:   67977544 kB
VmallocTotal:   263061440 kB
VmallocUsed:      127828 kB
VmallocChunk:          0 kB
Percpu:             2520 kB
CmaTotal:         405504 kB
CmaFree:               0 kB
MemTotal:        7918584 kB
MemFree:          925192 kB
MemAvailable:    2530640 kB
Buffers:            5916 kB
Cached:          1408936 kB
SwapCached:        14772 kB
Active:          3423840 kB
Inactive:         926756 kB
Active(anon):    2797628 kB
Inactive(anon):   162292 kB
Active(file):     626212 kB
Inactive(file):   764464 kB
Unevictable:        6544 kB
Mlocked:            6104 kB
SwapTotal:       4718584 kB
SwapFree:        2676260 kB
Dirty:               488 kB
Writeback:             0 kB
AnonPages:       2936680 kB
Mapped:           679392 kB
Shmem:             19368 kB
KReclaimable:     604996 kB
Slab:             321936 kB
SReclaimable:      91664 kB
SUnreclaim:       230272 kB
KernelStack:       45840 kB
ShadowCallStack:   11496 kB
PageTables:        75264 kB
NFS_Unstable:          0 kB
Bounce:                0 kB
WritebackTmp:          0 kB
CommitLimit:     8677876 kB
Committed_AS:   68043080 kB
VmallocTotal:   263061440 kB
VmallocUsed:      127808 kB
VmallocChunk:          0 kB
Percpu:             2520 kB
CmaTotal:         405504 kB
CmaFree:               0 kB
MemTotal:        7918584 kB
MemFree:          847404 kB
MemAvailable:    2452064 kB
Buffers:            5924 kB
Cached:          1408948 kB
SwapCached:        14772 kB
Active:          3499336 kB
Inactive:         926792 kB
Active(anon):    2873124 kB
Inactive(anon):   162308 kB
Active(file):     626212 kB
Inactive(file):   764484 kB
Unevictable:        6544 kB
Mlocked:            6104 kB
SwapTotal:       4718584 kB
SwapFree:        2676260 kB
Dirty:               492 kB
Writeback:             0 kB
AnonPages:       3012096 kB
Mapped:           680036 kB
Shmem:             19368 kB
KReclaimable:     604188 kB
Slab:             322000 kB
SReclaimable:      91664 kB
SUnreclaim:       230336 kB
KernelStack:       45760 kB
ShadowCallStack:   11480 kB
PageTables:        75516 kB
NFS_Unstable:          0 kB
Bounce:                0 kB
WritebackTmp:          0 kB
CommitLimit:     8677876 kB
Committed_AS:   68206556 kB
VmallocTotal:   263061440 kB
VmallocUsed:      127704 kB
VmallocChunk:          0 kB
Percpu:             2520 kB
CmaTotal:         405504 kB
CmaFree:               0 kB
MemTotal:        7918584 kB
MemFree:          810060 kB
MemAvailable:    2414216 kB
Buffers:            5924 kB
Cached:          1408956 kB
SwapCached:        14772 kB
Active:          3536888 kB
Inactive:         926784 kB
Active(anon):    2910676 kB
Inactive(anon):   162300 kB
Active(file):     626212 kB
Inactive(file):   764484 kB
Unevictable:        6544 kB
Mlocked:            6104 kB
SwapTotal:       4718584 kB
SwapFree:        2676284 kB
Dirty:               516 kB
Writeback:             0 kB
AnonPages:       3049728 kB
Mapped:           680408 kB
Shmem:             19376 kB
KReclaimable:     603684 kB
Slab:             322064 kB
SReclaimable:      91664 kB
SUnreclaim:       230400 kB
KernelStack:       45760 kB
ShadowCallStack:   11472 kB
PageTables:        75680 kB
NFS_Unstable:          0 kB
Bounce:                0 kB
WritebackTmp:          0 kB
CommitLimit:     8677876 kB
Committed_AS:   68288484 kB
VmallocTotal:   263061440 kB
VmallocUsed:      127704 kB
VmallocChunk:          0 kB
Percpu:             2520 kB
CmaTotal:         405504 kB
CmaFree:               0 kB
MemTotal:        7918584 kB
MemFree:          778288 kB
MemAvailable:    2382084 kB
Buffers:            5924 kB
Cached:          1408956 kB
SwapCached:        14772 kB
Active:          3569092 kB
Inactive:         926788 kB
Active(anon):    2942880 kB
Inactive(anon):   162304 kB
Active(file):     626212 kB
Inactive(file):   764484 kB
Unevictable:        6544 kB
Mlocked:            6104 kB
SwapTotal:       4718584 kB
SwapFree:        2676288 kB
Dirty:               552 kB
Writeback:             0 kB
AnonPages:       3081800 kB
Mapped:           680576 kB
Shmem:             19376 kB
KReclaimable:     603324 kB
Slab:             322072 kB
SReclaimable:      91664 kB
SUnreclaim:       230408 kB
KernelStack:       45696 kB
ShadowCallStack:   11464 kB
PageTables:        75836 kB
NFS_Unstable:          0 kB
Bounce:                0 kB
WritebackTmp:          0 kB
CommitLimit:     8677876 kB
Committed_AS:   68370352 kB
VmallocTotal:   263061440 kB
VmallocUsed:      127664 kB
VmallocChunk:          0 kB
Percpu:             2520 kB
CmaTotal:         405504 kB
CmaFree:               0 kB
MemTotal:        7918584 kB
MemFree:          704344 kB
MemAvailable:    2306852 kB
Buffers:            5932 kB
Cached:          1408948 kB
SwapCached:        14772 kB
Active:          3642440 kB
Inactive:         926776 kB
Active(anon):    3016228 kB
Inactive(anon):   162292 kB
Active(file):     626212 kB
Inactive(file):   764484 kB
Unevictable:        6544 kB
Mlocked:            6104 kB
SwapTotal:       4718584 kB
SwapFree:        2676292 kB
Dirty:               552 kB
Writeback:             0 kB
AnonPages:       3155136 kB
Mapped:           681324 kB
Shmem:             19376 kB
KReclaimable:     602036 kB
Slab:             322120 kB
SReclaimable:      91664 kB
SUnreclaim:       230456 kB
KernelStack:       45696 kB
ShadowCallStack:   11460 kB
PageTables:        76020 kB
NFS_Unstable:          0 kB
Bounce:                0 kB
WritebackTmp:          0 kB
CommitLimit:     8677876 kB
Committed_AS:   68534196 kB
VmallocTotal:   263061440 kB
VmallocUsed:      127680 kB
VmallocChunk:          0 kB
Percpu:             2520 kB
CmaTotal:         405504 kB
CmaFree:               0 kB
MemTotal:        7918584 kB
MemFree:          668748 kB
MemAvailable:    2270908 kB
Buffers:            5932 kB
Cached:          1408960 kB
SwapCached:        14772 kB
Active:          3678188 kB
Inactive:         926804 kB
Active(anon):    3051976 kB
Inactive(anon):   162308 kB
Active(file):     626212 kB
Inactive(file):   764496 kB
Unevictable:        6544 kB
Mlocked:            6104 kB
SwapTotal:       4718584 kB
SwapFree:        2676312 kB
Dirty:               208 kB
Writeback:             0 kB
AnonPages:       3190968 kB
Mapped:           681640 kB
Shmem:             19376 kB
KReclaimable:     601676 kB
Slab:             322044 kB
SReclaimable:      91664 kB
SUnreclaim:       230380 kB
KernelStack:       45744 kB
ShadowCallStack:   11476 kB
PageTables:        76268 kB
NFS_Unstable:          0 kB
Bounce:                0 kB
WritebackTmp:          0 kB
CommitLimit:     8677876 kB
Committed_AS:   68616116 kB
VmallocTotal:   263061440 kB
VmallocUsed:      127668 kB
VmallocChunk:          0 kB
Percpu:             2520 kB
CmaTotal:         405504 kB
CmaFree:               0 kB
MemTotal:        7918584 kB
MemFree:          621800 kB
MemAvailable:    2223808 kB
Buffers:            5932 kB
Cached:          1408992 kB
SwapCached:        14772 kB
Active:          3724980 kB
Inactive:         926828 kB
Active(anon):    3098768 kB
Inactive(anon):   162300 kB
Active(file):     626212 kB
Inactive(file):   764528 kB
Unevictable:        6544 kB
Mlocked:            6104 kB
SwapTotal:       4718584 kB
SwapFree:        2676316 kB
Dirty:               180 kB
Writeback:             0 kB
AnonPages:       3237688 kB
Mapped:           682024 kB
Shmem:             19376 kB
KReclaimable:     601492 kB
Slab:             322500 kB
SReclaimable:      92016 kB
SUnreclaim:       230484 kB
KernelStack:       45728 kB
ShadowCallStack:   11464 kB
PageTables:        76592 kB
NFS_Unstable:          0 kB
Bounce:                0 kB
WritebackTmp:          0 kB
CommitLimit:     8677876 kB
Committed_AS:   68714368 kB
VmallocTotal:   263061440 kB
VmallocUsed:      127640 kB
VmallocChunk:          0 kB
Percpu:             2520 kB
CmaTotal:         405504 kB
CmaFree:               0 kB
MemTotal:        7918584 kB
MemFree:          562756 kB
MemAvailable:    2163772 kB
Buffers:            5932 kB
Cached:          1408992 kB
SwapCached:        14772 kB
Active:          3783680 kB
Inactive:         926828 kB
Active(anon):    3157468 kB
Inactive(anon):   162300 kB
Active(file):     626212 kB
Inactive(file):   764528 kB
Unevictable:        6544 kB
Mlocked:            6104 kB
SwapTotal:       4718584 kB
SwapFree:        2676316 kB
Dirty:               184 kB
Writeback:             0 kB
AnonPages:       3296432 kB
Mapped:           682644 kB
Shmem:             19376 kB
KReclaimable:     600500 kB
Slab:             322532 kB
SReclaimable:      92016 kB
SUnreclaim:       230516 kB
KernelStack:       45664 kB
ShadowCallStack:   11452 kB
PageTables:        76700 kB
NFS_Unstable:          0 kB
Bounce:                0 kB
WritebackTmp:          0 kB
CommitLimit:     8677876 kB
Committed_AS:   68829012 kB
VmallocTotal:   263061440 kB
VmallocUsed:      127624 kB
VmallocChunk:          0 kB
Percpu:             2520 kB
CmaTotal:         405504 kB
CmaFree:               0 kB
MemTotal:        7918584 kB
MemFree:          531272 kB
MemAvailable:    2132032 kB
Buffers:            5932 kB
Cached:          1408996 kB
SwapCached:        14772 kB
Active:          3814216 kB
Inactive:         926824 kB
Active(anon):    3188004 kB
Inactive(anon):   162296 kB
Active(file):     626212 kB
Inactive(file):   764528 kB
Unevictable:        6544 kB
Mlocked:            6104 kB
SwapTotal:       4718584 kB
SwapFree:        2676340 kB
Dirty:               192 kB
Writeback:             0 kB
AnonPages:       3326868 kB
Mapped:           682856 kB
Shmem:             19380 kB
KReclaimable:     600244 kB
Slab:             322564 kB
SReclaimable:      92016 kB
SUnreclaim:       230548 kB
KernelStack:       45696 kB
ShadowCallStack:   11460 kB
PageTables:        76764 kB
NFS_Unstable:          0 kB
Bounce:                0 kB
WritebackTmp:          0 kB
CommitLimit:     8677876 kB
Committed_AS:   68894548 kB
VmallocTotal:   263061440 kB
VmallocUsed:      127596 kB
VmallocChunk:          0 kB
Percpu:             2520 kB
CmaTotal:         405504 kB
CmaFree:               0 kB
MemTotal:        7918584 kB
MemFree:          464420 kB
MemAvailable:    2064148 kB
Buffers:            5956 kB
Cached:          1408996 kB
SwapCached:        14772 kB
Active:          3880860 kB
Inactive:         926856 kB
Active(anon):    3254648 kB
Inactive(anon):   162304 kB
Active(file):     626212 kB
Inactive(file):   764552 kB
Unevictable:        6544 kB
Mlocked:            6104 kB
SwapTotal:       4718584 kB
SwapFree:        2676348 kB
Dirty:               260 kB
Writeback:             0 kB
AnonPages:       3393580 kB
Mapped:           683412 kB
Shmem:             19380 kB
KReclaimable:     599188 kB
Slab:             322520 kB
SReclaimable:      92016 kB
SUnreclaim:       230504 kB
KernelStack:       45648 kB
ShadowCallStack:   11452 kB
PageTables:        77156 kB
NFS_Unstable:          0 kB
Bounce:                0 kB
WritebackTmp:          0 kB
CommitLimit:     8677876 kB
Committed_AS:   69058388 kB
VmallocTotal:   263061440 kB
VmallocUsed:      127628 kB
VmallocChunk:          0 kB
Percpu:             2520 kB
CmaTotal:         405504 kB
CmaFree:               0 kB
MemTotal:        7918584 kB
MemFree:          424788 kB
MemAvailable:    2023876 kB
Buffers:            5956 kB
Cached:          1408996 kB
SwapCached:        14772 kB
Active:          3920460 kB
Inactive:         926844 kB
Active(anon):    3294248 kB
Inactive(anon):   162292 kB
Active(file):     626212 kB
Inactive(file):   764552 kB
Unevictable:        6544 kB
Mlocked:            6104 kB
SwapTotal:       4718584 kB
SwapFree:        2676348 kB
Dirty:               116 kB
Writeback:             0 kB
AnonPages:       3433296 kB
Mapped:           683896 kB
Shmem:             19380 kB
KReclaimable:     598548 kB
Slab:             322704 kB
SReclaimable:      92016 kB
SUnreclaim:       230688 kB
KernelStack:       45696 kB
ShadowCallStack:   11468 kB
PageTables:        77408 kB
NFS_Unstable:          0 kB
Bounce:                0 kB
WritebackTmp:          0 kB
CommitLimit:     8677876 kB
Committed_AS:   69140308 kB
VmallocTotal:   263061440 kB
VmallocUsed:      127628 kB
VmallocChunk:          0 kB
Percpu:             2520 kB
CmaTotal:         405504 kB
CmaFree:               0 kB
MemTotal:        7918584 kB
MemFree:          380176 kB
MemAvailable:    1978868 kB
Buffers:            5956 kB
Cached:          1409016 kB
SwapCached:        14772 kB
Active:          3964948 kB
Inactive:         926872 kB
Active(anon):    3338736 kB
Inactive(anon):   162300 kB
Active(file):     626212 kB
Inactive(file):   764572 kB
Unevictable:        6544 kB
Mlocked:            6104 kB
SwapTotal:       4718584 kB
SwapFree:        2676368 kB
Dirty:               184 kB
Writeback:             0 kB
AnonPages:       3477664 kB
Mapped:           684068 kB
Shmem:             19380 kB
KReclaimable:     598132 kB
Slab:             322596 kB
SReclaimable:      92032 kB
SUnreclaim:       230564 kB
KernelStack:       45696 kB
ShadowCallStack:   11456 kB
PageTables:        77548 kB
NFS_Unstable:          0 kB
Bounce:                0 kB
WritebackTmp:          0 kB
CommitLimit:     8677876 kB
Committed_AS:   69238608 kB
VmallocTotal:   263061440 kB
VmallocUsed:      127612 kB
VmallocChunk:          0 kB
Percpu:             2520 kB
CmaTotal:         405504 kB
CmaFree:               0 kB
MemTotal:        7918584 kB
MemFree:          324660 kB
MemAvailable:    1922656 kB
Buffers:            5964 kB
Cached:          1409024 kB
SwapCached:        14772 kB
Active:          4020500 kB
Inactive:         926876 kB
Active(anon):    3394288 kB
Inactive(anon):   162296 kB
Active(file):     626212 kB
Inactive(file):   764580 kB
Unevictable:        6544 kB
Mlocked:            6104 kB
SwapTotal:       4718584 kB
SwapFree:        2676368 kB
Dirty:               256 kB
Writeback:             0 kB
AnonPages:       3533232 kB
Mapped:           684584 kB
Shmem:             19388 kB
KReclaimable:     597428 kB
Slab:             322760 kB
SReclaimable:      92048 kB
SUnreclaim:       230712 kB
KernelStack:       45728 kB
ShadowCallStack:   11464 kB
PageTables:        77708 kB
NFS_Unstable:          0 kB
Bounce:                0 kB
WritebackTmp:          0 kB
CommitLimit:     8677876 kB
Committed_AS:   69353304 kB
VmallocTotal:   263061440 kB
VmallocUsed:      127608 kB
VmallocChunk:          0 kB
Percpu:             2520 kB
CmaTotal:         405504 kB
CmaFree:               0 kB
MemTotal:        7918584 kB
MemFree:          293928 kB
MemAvailable:    1891588 kB
Buffers:            5964 kB
Cached:          1409024 kB
SwapCached:        14772 kB
Active:          4051536 kB
Inactive:         926880 kB
Active(anon):    3425324 kB
Inactive(anon):   162300 kB
Active(file):     626212 kB
Inactive(file):   764580 kB
Unevictable:        6544 kB
Mlocked:            6104 kB
SwapTotal:       4718584 kB
SwapFree:        2676380 kB
Dirty:               256 kB
Writeback:             0 kB
AnonPages:       3564432 kB
Mapped:           684708 kB
Shmem:             19388 kB
KReclaimable:     597092 kB
Slab:             322760 kB
SReclaimable:      92048 kB
SUnreclaim:       230712 kB
KernelStack:       45664 kB
ShadowCallStack:   11452 kB
PageTables:        78056 kB
NFS_Unstable:          0 kB
Bounce:                0 kB
WritebackTmp:          0 kB
CommitLimit:     8677876 kB
Committed_AS:   69435228 kB
VmallocTotal:   263061440 kB
VmallocUsed:      127604 kB
VmallocChunk:          0 kB
Percpu:             2520 kB
CmaTotal:         405504 kB
CmaFree:               0 kB
MemTotal:        7918584 kB
MemFree:          230344 kB
MemAvailable:    1827068 kB
Buffers:            5972 kB
Cached:          1409016 kB
SwapCached:        14772 kB
Active:          4113760 kB
Inactive:         926876 kB
Active(anon):    3487548 kB
Inactive(anon):   162296 kB
Active(file):     626212 kB
Inactive(file):   764580 kB
Unevictable:        6544 kB
Mlocked:            6104 kB
SwapTotal:       4718584 kB
SwapFree:        2676380 kB
Dirty:               256 kB
Writeback:             0 kB
AnonPages:       3626524 kB
Mapped:           685276 kB
Shmem:             19388 kB
KReclaimable:     596156 kB
Slab:             322784 kB
SReclaimable:      92064 kB
SUnreclaim:       230720 kB
KernelStack:       45696 kB
ShadowCallStack:   11448 kB
PageTables:        78204 kB
NFS_Unstable:          0 kB
Bounce:                0 kB
WritebackTmp:          0 kB
CommitLimit:     8677876 kB
Committed_AS:   69566296 kB
VmallocTotal:   263061440 kB
VmallocUsed:      127612 kB
VmallocChunk:          0 kB
Percpu:             2520 kB
CmaTotal:         405504 kB
CmaFree:               0 kB
MemTotal:        7918584 kB
MemFree:          186228 kB
MemAvailable:    1782200 kB
Buffers:            5972 kB
Cached:          1409024 kB
SwapCached:        14772 kB
Active:          4158000 kB
Inactive:         926892 kB
Active(anon):    3531788 kB
Inactive(anon):   162304 kB
Active(file):     626212 kB
Inactive(file):   764588 kB
Unevictable:        6544 kB
Mlocked:            6104 kB
SwapTotal:       4718584 kB
SwapFree:        2676380 kB
Dirty:               268 kB
Writeback:             0 kB
AnonPages:       3670680 kB
Mapped:           685752 kB
Shmem:             19388 kB
KReclaimable:     595396 kB
Slab:             322840 kB
SReclaimable:      92064 kB
SUnreclaim:       230776 kB
KernelStack:       45664 kB
ShadowCallStack:   11460 kB
PageTables:        78332 kB
NFS_Unstable:          0 kB
Bounce:                0 kB
WritebackTmp:          0 kB
CommitLimit:     8677876 kB
Committed_AS:   69664548 kB
VmallocTotal:   263061440 kB
VmallocUsed:      127608 kB
VmallocChunk:          0 kB
Percpu:             2520 kB
CmaTotal:         405504 kB
CmaFree:               0 kB
MemTotal:        7918584 kB
MemFree:          170048 kB
MemAvailable:    1747336 kB
Buffers:            5972 kB
Cached:          1400300 kB
SwapCached:        14692 kB
Active:          4231724 kB
Inactive:         879780 kB
Active(anon):    3591884 kB
Inactive(anon):   137544 kB
Active(file):     639840 kB
Inactive(file):   742236 kB
Unevictable:        6544 kB
Mlocked:            6104 kB
SwapTotal:       4718584 kB
SwapFree:        2675868 kB
Dirty:               184 kB
Writeback:             0 kB
AnonPages:       3706004 kB
Mapped:           681372 kB
Shmem:             19388 kB
KReclaimable:     585436 kB
Slab:             320376 kB
SReclaimable:      89552 kB
SUnreclaim:       230824 kB
KernelStack:       45664 kB
ShadowCallStack:   11456 kB
PageTables:        78612 kB
NFS_Unstable:          0 kB
Bounce:                0 kB
WritebackTmp:          0 kB
CommitLimit:     8677876 kB
Committed_AS:   69730088 kB
VmallocTotal:   263061440 kB
VmallocUsed:      127608 kB
VmallocChunk:          0 kB
Percpu:             2520 kB
CmaTotal:         405504 kB
CmaFree:               0 kB
MemTotal:        7918584 kB
MemFree:          169688 kB
MemAvailable:    1687192 kB
Buffers:            4556 kB
Cached:          1357808 kB
SwapCached:        14692 kB
Active:          4332004 kB
Inactive:         795456 kB
Active(anon):    3651732 kB
Inactive(anon):   137540 kB
Active(file):     680272 kB
Inactive(file):   657916 kB
Unevictable:        6544 kB
Mlocked:            6104 kB
SwapTotal:       4718584 kB
SwapFree:        2675868 kB
Dirty:               276 kB
Writeback:             0 kB
AnonPages:       3766112 kB
Mapped:           673064 kB
Shmem:             19404 kB
KReclaimable:     569540 kB
Slab:             320824 kB
SReclaimable:      89408 kB
SUnreclaim:       231416 kB
KernelStack:       45872 kB
ShadowCallStack:   11500 kB
PageTables:        79380 kB
NFS_Unstable:          0 kB
Bounce:                0 kB
WritebackTmp:          0 kB
CommitLimit:     8677876 kB
Committed_AS:   71726084 kB
VmallocTotal:   263061440 kB
VmallocUsed:      127884 kB
VmallocChunk:          0 kB
Percpu:             2520 kB
CmaTotal:         405504 kB
CmaFree:               0 kB
MemTotal:        7918584 kB
MemFree:          173004 kB
MemAvailable:    1632592 kB
Buffers:            5380 kB
Cached:          1312920 kB
SwapCached:        14744 kB
Active:          4426796 kB
Inactive:         722124 kB
Active(anon):    3717508 kB
Inactive(anon):   137544 kB
Active(file):     709288 kB
Inactive(file):   584580 kB
Unevictable:        6544 kB
Mlocked:            6104 kB
SwapTotal:       4718584 kB
SwapFree:        2677148 kB
Dirty:               864 kB
Writeback:             0 kB
AnonPages:       3831524 kB
Mapped:           688880 kB
Shmem:             19624 kB
KReclaimable:     555944 kB
Slab:             320148 kB
SReclaimable:      88604 kB
SUnreclaim:       231544 kB
KernelStack:       46720 kB
ShadowCallStack:   11716 kB
PageTables:        80004 kB
NFS_Unstable:          0 kB
Bounce:                0 kB
WritebackTmp:          0 kB
CommitLimit:     8677876 kB
Committed_AS:   71301112 kB
VmallocTotal:   263061440 kB
VmallocUsed:      128888 kB
VmallocChunk:          0 kB
Percpu:             2520 kB
CmaTotal:         405504 kB
CmaFree:               0 kB
MemTotal:        7918584 kB
MemFree:          191980 kB
MemAvailable:    1435932 kB
Buffers:            5080 kB
Cached:          1234328 kB
SwapCached:        14760 kB
Active:          4546752 kB
Inactive:         596132 kB
Active(anon):    3790516 kB
Inactive(anon):   137520 kB
Active(file):     756236 kB
Inactive(file):   458612 kB
Unevictable:        6544 kB
Mlocked:            6104 kB
SwapTotal:       4718584 kB
SwapFree:        2677660 kB
Dirty:               968 kB
Writeback:             0 kB
AnonPages:       3904368 kB
Mapped:           692100 kB
Shmem:             19724 kB
KReclaimable:     419328 kB
Slab:             318608 kB
SReclaimable:      87060 kB
SUnreclaim:       231548 kB
KernelStack:       46848 kB
ShadowCallStack:   11752 kB
PageTables:        79912 kB
NFS_Unstable:          0 kB
Bounce:                0 kB
WritebackTmp:          0 kB
CommitLimit:     8677876 kB
Committed_AS:   71383640 kB
VmallocTotal:   263061440 kB
VmallocUsed:      129164 kB
VmallocChunk:          0 kB
Percpu:             2520 kB
CmaTotal:         405504 kB
CmaFree:             204 kB
MemTotal:        7918584 kB
MemFree:          200576 kB
MemAvailable:    1528020 kB
Buffers:            5108 kB
Cached:          1201752 kB
SwapCached:        14760 kB
Active:          4582632 kB
Inactive:         555552 kB
Active(anon):    3818288 kB
Inactive(anon):   137520 kB
Active(file):     764344 kB
Inactive(file):   418032 kB
Unevictable:        6544 kB
Mlocked:            6104 kB
SwapTotal:       4718584 kB
SwapFree:        2677660 kB
Dirty:              1088 kB
Writeback:             0 kB
AnonPages:       3932208 kB
Mapped:           679088 kB
Shmem:             19676 kB
KReclaimable:     535292 kB
Slab:             318600 kB
SReclaimable:      86712 kB
SUnreclaim:       231888 kB
KernelStack:       46880 kB
ShadowCallStack:   11756 kB
PageTables:        80568 kB
NFS_Unstable:          0 kB
Bounce:                0 kB
WritebackTmp:          0 kB
CommitLimit:     8677876 kB
Committed_AS:   71532152 kB
VmallocTotal:   263061440 kB
VmallocUsed:      129112 kB
VmallocChunk:          0 kB
Percpu:             2520 kB
CmaTotal:         405504 kB
CmaFree:               0 kB
MemTotal:        7918584 kB
MemFree:          170176 kB
MemAvailable:    1495020 kB
Buffers:            5120 kB
Cached:          1199876 kB
SwapCached:        14760 kB
Active:          4616660 kB
Inactive:         553340 kB
Active(anon):    3851972 kB
Inactive(anon):   137516 kB
Active(file):     764688 kB
Inactive(file):   415824 kB
Unevictable:        6544 kB
Mlocked:            6104 kB
SwapTotal:       4718584 kB
SwapFree:        2677660 kB
Dirty:              1104 kB
Writeback:             0 kB
AnonPages:       3965868 kB
Mapped:           678120 kB
Shmem:             19676 kB
KReclaimable:     534556 kB
Slab:             318488 kB
SReclaimable:      86712 kB
SUnreclaim:       231776 kB
KernelStack:       46784 kB
ShadowCallStack:   11732 kB
PageTables:        80476 kB
NFS_Unstable:          0 kB
Bounce:                0 kB
WritebackTmp:          0 kB
CommitLimit:     8677876 kB
Committed_AS:   71581148 kB
VmallocTotal:   263061440 kB
VmallocUsed:      129036 kB
VmallocChunk:          0 kB
Percpu:             2520 kB
CmaTotal:         405504 kB
CmaFree:               0 kB
MemTotal:        7918584 kB
MemFree:          170960 kB
MemAvailable:    1382988 kB
Buffers:            5104 kB
Cached:          1156080 kB
SwapCached:        14764 kB
Active:          4680024 kB
Inactive:         495592 kB
Active(anon):    3901456 kB
Inactive(anon):   137460 kB
Active(file):     778568 kB
Inactive(file):   358132 kB
Unevictable:        6544 kB
Mlocked:            6104 kB
SwapTotal:       4718584 kB
SwapFree:        2678172 kB
Dirty:              1124 kB
Writeback:             0 kB
AnonPages:       4015280 kB
Mapped:           664140 kB
Shmem:             19676 kB
KReclaimable:     465552 kB
Slab:             318004 kB
SReclaimable:      86204 kB
SUnreclaim:       231800 kB
KernelStack:       46736 kB
ShadowCallStack:   11724 kB
PageTables:        81464 kB
NFS_Unstable:          0 kB
Bounce:                0 kB
WritebackTmp:          0 kB
CommitLimit:     8677876 kB
Committed_AS:   71711964 kB
VmallocTotal:   263061440 kB
VmallocUsed:      128936 kB
VmallocChunk:          0 kB
Percpu:             2520 kB
CmaTotal:         405504 kB
CmaFree:               0 kB
MemTotal:        7918584 kB
MemFree:          173128 kB
MemAvailable:    1336728 kB
Buffers:            5120 kB
Cached:          1115124 kB
SwapCached:        14764 kB
Active:          4724672 kB
Inactive:         454660 kB
Active(anon):    3946104 kB
Inactive(anon):   137468 kB
Active(file):     778568 kB
Inactive(file):   317192 kB
Unevictable:        6544 kB
Mlocked:            6104 kB
SwapTotal:       4718584 kB
SwapFree:        2678172 kB
Dirty:              1124 kB
Writeback:             0 kB
AnonPages:       4060104 kB
Mapped:           664472 kB
Shmem:             19676 kB
KReclaimable:     458064 kB
Slab:             317048 kB
SReclaimable:      85156 kB
SUnreclaim:       231892 kB
KernelStack:       46640 kB
ShadowCallStack:   11704 kB
PageTables:        81540 kB
NFS_Unstable:          0 kB
Bounce:                0 kB
WritebackTmp:          0 kB
CommitLimit:     8677876 kB
Committed_AS:   71810440 kB
VmallocTotal:   263061440 kB
VmallocUsed:      128836 kB
VmallocChunk:          0 kB
Percpu:             2520 kB
CmaTotal:         405504 kB
CmaFree:               0 kB
MemTotal:        7918584 kB
MemFree:          173112 kB
MemAvailable:    1288872 kB
Buffers:            5068 kB
Cached:          1075328 kB
SwapCached:        14764 kB
Active:          4784880 kB
Inactive:         402896 kB
Active(anon):    3994400 kB
Inactive(anon):   137464 kB
Active(file):     790480 kB
Inactive(file):   265432 kB
Unevictable:        6544 kB
Mlocked:            6104 kB
SwapTotal:       4718584 kB
SwapFree:        2678172 kB
Dirty:              1132 kB
Writeback:             0 kB
AnonPages:       4108244 kB
Mapped:           663728 kB
Shmem:             19676 kB
KReclaimable:     450072 kB
Slab:             316240 kB
SReclaimable:      84292 kB
SUnreclaim:       231948 kB
KernelStack:       46624 kB
ShadowCallStack:   11680 kB
PageTables:        81628 kB
NFS_Unstable:          0 kB
Bounce:                0 kB
WritebackTmp:          0 kB
CommitLimit:     8677876 kB
Committed_AS:   71925028 kB
VmallocTotal:   263061440 kB
VmallocUsed:      128792 kB
VmallocChunk:          0 kB
Percpu:             2520 kB
CmaTotal:         405504 kB
CmaFree:               0 kB
MemTotal:        7918584 kB
MemFree:          170760 kB
MemAvailable:    1229240 kB
Buffers:            5064 kB
Cached:          1026676 kB
SwapCached:        14768 kB
Active:          4842688 kB
Inactive:         354220 kB
Active(anon):    4052184 kB
Inactive(anon):   137464 kB
Active(file):     790504 kB
Inactive(file):   216756 kB
Unevictable:        6544 kB
Mlocked:            6104 kB
SwapTotal:       4718584 kB
SwapFree:        2678172 kB
Dirty:                20 kB
Writeback:            56 kB
AnonPages:       4166120 kB
Mapped:           664360 kB
Shmem:             19676 kB
KReclaimable:     441444 kB
Slab:             314904 kB
SReclaimable:      82952 kB
SUnreclaim:       231952 kB
KernelStack:       46528 kB
ShadowCallStack:   11668 kB
PageTables:        81680 kB
NFS_Unstable:          0 kB
Bounce:                0 kB
WritebackTmp:          0 kB
CommitLimit:     8677876 kB
Committed_AS:   72055888 kB
VmallocTotal:   263061440 kB
VmallocUsed:      128716 kB
VmallocChunk:          0 kB
Percpu:             2520 kB
CmaTotal:         405504 kB
CmaFree:               0 kB
MemTotal:        7918584 kB
MemFree:          170356 kB
MemAvailable:    1179968 kB
Buffers:            5072 kB
Cached:           984476 kB
SwapCached:        14768 kB
Active:          4891064 kB
Inactive:         312020 kB
Active(anon):    4100560 kB
Inactive(anon):   137460 kB
Active(file):     790504 kB
Inactive(file):   174560 kB
Unevictable:        6544 kB
Mlocked:            6104 kB
SwapTotal:       4718584 kB
SwapFree:        2678172 kB
Dirty:               184 kB
Writeback:             0 kB
AnonPages:       4214440 kB
Mapped:           664656 kB
Shmem:             19676 kB
KReclaimable:     434772 kB
Slab:             313860 kB
SReclaimable:      81840 kB
SUnreclaim:       232020 kB
KernelStack:       46512 kB
ShadowCallStack:   11664 kB
PageTables:        82208 kB
NFS_Unstable:          0 kB
Bounce:                0 kB
WritebackTmp:          0 kB
CommitLimit:     8677876 kB
Committed_AS:   72170424 kB
VmallocTotal:   263061440 kB
VmallocUsed:      128648 kB
VmallocChunk:          0 kB
Percpu:             2520 kB
CmaTotal:         405504 kB
CmaFree:               0 kB
MemTotal:        7918584 kB
MemFree:          169292 kB
MemAvailable:    1139612 kB
Buffers:            5072 kB
Cached:           950496 kB
SwapCached:        14772 kB
Active:          4931924 kB
Inactive:         278032 kB
Active(anon):    4141416 kB
Inactive(anon):   137460 kB
Active(file):     790508 kB
Inactive(file):   140572 kB
Unevictable:        6544 kB
Mlocked:            6104 kB
SwapTotal:       4718584 kB
SwapFree:        2678172 kB
Dirty:               136 kB
Writeback:             0 kB
AnonPages:       4255312 kB
Mapped:           664892 kB
Shmem:             19680 kB
KReclaimable:     429464 kB
Slab:             313116 kB
SReclaimable:      81092 kB
SUnreclaim:       232024 kB
KernelStack:       46448 kB
ShadowCallStack:   11648 kB
PageTables:        82264 kB
NFS_Unstable:          0 kB
Bounce:                0 kB
WritebackTmp:          0 kB
CommitLimit:     8677876 kB
Committed_AS:   72252240 kB
VmallocTotal:   263061440 kB
VmallocUsed:      128616 kB
VmallocChunk:          0 kB
Percpu:             2520 kB
CmaTotal:         405504 kB
CmaFree:              28 kB
MemTotal:        7918584 kB
MemFree:          174696 kB
MemAvailable:    1085576 kB
Buffers:             544 kB
Cached:           920976 kB
SwapCached:        14764 kB
Active:          5123052 kB
Inactive:         103300 kB
Active(anon):    4314536 kB
Inactive(anon):    14772 kB
Active(file):     808516 kB
Inactive(file):    88528 kB
Unevictable:        6544 kB
Mlocked:            6104 kB
SwapTotal:       4718584 kB
SwapFree:        2676636 kB
Dirty:               164 kB
Writeback:             0 kB
AnonPages:       4305744 kB
Mapped:           651000 kB
Shmem:             19668 kB
KReclaimable:     404060 kB
Slab:             312860 kB
SReclaimable:      80720 kB
SUnreclaim:       232140 kB
KernelStack:       46464 kB
ShadowCallStack:   11652 kB
PageTables:        82624 kB
NFS_Unstable:          0 kB
Bounce:                0 kB
WritebackTmp:          0 kB
CommitLimit:     8677876 kB
Committed_AS:   72366928 kB
VmallocTotal:   263061440 kB
VmallocUsed:      128616 kB
VmallocChunk:          0 kB
Percpu:             2520 kB
CmaTotal:         405504 kB
CmaFree:               0 kB
MemTotal:        7918584 kB
MemFree:          182996 kB
MemAvailable:    1031988 kB
Buffers:             484 kB
Cached:           876144 kB
SwapCached:        14764 kB
Active:          5177872 kB
Inactive:          47984 kB
Active(anon):    4359184 kB
Inactive(anon):    14780 kB
Active(file):     818688 kB
Inactive(file):    33204 kB
Unevictable:        6544 kB
Mlocked:            6104 kB
SwapTotal:       4718584 kB
SwapFree:        2676636 kB
Dirty:               164 kB
Writeback:             0 kB
AnonPages:       4350400 kB
Mapped:           630568 kB
Shmem:             19680 kB
KReclaimable:     395516 kB
Slab:             312880 kB
SReclaimable:      80704 kB
SUnreclaim:       232176 kB
KernelStack:       46512 kB
ShadowCallStack:   11656 kB
PageTables:        82920 kB
NFS_Unstable:          0 kB
Bounce:                0 kB
WritebackTmp:          0 kB
CommitLimit:     8677876 kB
Committed_AS:   72481616 kB
VmallocTotal:   263061440 kB
VmallocUsed:      128612 kB
VmallocChunk:          0 kB
Percpu:             2520 kB
CmaTotal:         405504 kB
CmaFree:               0 kB
MemTotal:        7918584 kB
MemFree:          179040 kB
MemAvailable:     970028 kB
Buffers:             492 kB
Cached:           845664 kB
SwapCached:        14708 kB
Active:           506868 kB
Inactive:        4733408 kB
Active(anon):     428808 kB
Inactive(anon):  3989724 kB
Active(file):      78060 kB
Inactive(file):   743684 kB
Unevictable:        6544 kB
Mlocked:            6104 kB
SwapTotal:       4718584 kB
SwapFree:        2673564 kB
Dirty:               204 kB
Writeback:             0 kB
AnonPages:       4395264 kB
Mapped:           619908 kB
Shmem:             19600 kB
KReclaimable:     384044 kB
Slab:             312996 kB
SReclaimable:      80704 kB
SUnreclaim:       232292 kB
KernelStack:       46464 kB
ShadowCallStack:   11652 kB
PageTables:        82940 kB
NFS_Unstable:          0 kB
Bounce:                0 kB
WritebackTmp:          0 kB
CommitLimit:     8677876 kB
Committed_AS:   72579868 kB
VmallocTotal:   263061440 kB
VmallocUsed:      128612 kB
VmallocChunk:          0 kB
Percpu:             2520 kB
CmaTotal:         405504 kB
CmaFree:               0 kB
MemTotal:        7918584 kB
MemFree:          176828 kB
MemAvailable:     977296 kB
Buffers:             680 kB
Cached:           839676 kB
SwapCached:        10784 kB
Active:           569996 kB
Inactive:        4678304 kB
Active(anon):     488000 kB
Inactive(anon):  3943908 kB
Active(file):      81996 kB
Inactive(file):   734396 kB
Unevictable:        6544 kB
Mlocked:            6104 kB
SwapTotal:       4718584 kB
SwapFree:        2651804 kB
Dirty:               384 kB
Writeback:             0 kB
AnonPages:       4411516 kB
Mapped:           614800 kB
Shmem:             19156 kB
KReclaimable:     374300 kB
Slab:             312932 kB
SReclaimable:      80704 kB
SUnreclaim:       232228 kB
KernelStack:       46480 kB
ShadowCallStack:   11660 kB
PageTables:        83176 kB
NFS_Unstable:          0 kB
Bounce:                0 kB
WritebackTmp:          0 kB
CommitLimit:     8677876 kB
Committed_AS:   72678184 kB
VmallocTotal:   263061440 kB
VmallocUsed:      128612 kB
VmallocChunk:          0 kB
Percpu:             2520 kB
CmaTotal:         405504 kB
CmaFree:               0 kB
MemTotal:        7918584 kB
MemFree:          179172 kB
MemAvailable:     960680 kB
Buffers:             680 kB
Cached:           839248 kB
SwapCached:         6452 kB
Active:           642900 kB
Inactive:        4602876 kB
Active(anon):     560756 kB
Inactive(anon):  3868460 kB
Active(file):      82144 kB
Inactive(file):   734416 kB
Unevictable:        6544 kB
Mlocked:            6104 kB
SwapTotal:       4718584 kB
SwapFree:        2613148 kB
Dirty:               388 kB
Writeback:             0 kB
AnonPages:       4411584 kB
Mapped:           614632 kB
Shmem:             18564 kB
KReclaimable:     363364 kB
Slab:             312888 kB
SReclaimable:      80704 kB
SUnreclaim:       232184 kB
KernelStack:       46464 kB
ShadowCallStack:   11656 kB
PageTables:        83416 kB
NFS_Unstable:          0 kB
Bounce:                0 kB
WritebackTmp:          0 kB
CommitLimit:     8677876 kB
Committed_AS:   72744236 kB
VmallocTotal:   263061440 kB
VmallocUsed:      128608 kB
VmallocChunk:          0 kB
Percpu:             2520 kB
CmaTotal:         405504 kB
CmaFree:               0 kB
MemTotal:        7918584 kB
MemFree:          194148 kB
MemAvailable:     919636 kB
Buffers:             656 kB
Cached:           822920 kB
SwapCached:         5732 kB
Active:           854568 kB
Inactive:        4421168 kB
Active(anon):     770388 kB
Inactive(anon):  3705092 kB
Active(file):      84180 kB
Inactive(file):   716076 kB
Unevictable:        6544 kB
Mlocked:            6104 kB
SwapTotal:       4718584 kB
SwapFree:        2605468 kB
Dirty:               392 kB
Writeback:             0 kB
AnonPages:       4458488 kB
Mapped:           606908 kB
Shmem:             18512 kB
KReclaimable:     315456 kB
Slab:             312820 kB
SReclaimable:      80700 kB
SUnreclaim:       232120 kB
KernelStack:       46464 kB
ShadowCallStack:   11648 kB
PageTables:        83372 kB
NFS_Unstable:          0 kB
Bounce:                0 kB
WritebackTmp:          0 kB
CommitLimit:     8677876 kB
Committed_AS:   72858932 kB
VmallocTotal:   263061440 kB
VmallocUsed:      128628 kB
VmallocChunk:          0 kB
Percpu:             2520 kB
CmaTotal:         405504 kB
CmaFree:               0 kB
MemTotal:        7918584 kB
MemFree:          192232 kB
MemAvailable:     872652 kB
Buffers:             636 kB
Cached:           790788 kB
SwapCached:         5732 kB
Active:           913672 kB
Inactive:        4376928 kB
Active(anon):     817408 kB
Inactive(anon):  3705092 kB
Active(file):      96264 kB
Inactive(file):   671836 kB
Unevictable:        6544 kB
Mlocked:            6104 kB
SwapTotal:       4718584 kB
SwapFree:        2605468 kB
Dirty:               400 kB
Writeback:             0 kB
AnonPages:       4505408 kB
Mapped:           593140 kB
Shmem:             18516 kB
KReclaimable:     302544 kB
Slab:             312964 kB
SReclaimable:      80700 kB
SUnreclaim:       232264 kB
KernelStack:       46480 kB
ShadowCallStack:   11656 kB
PageTables:        83916 kB
NFS_Unstable:          0 kB
Bounce:                0 kB
WritebackTmp:          0 kB
CommitLimit:     8677876 kB
Committed_AS:   72973616 kB
VmallocTotal:   263061440 kB
VmallocUsed:      128620 kB
VmallocChunk:          0 kB
Percpu:             2520 kB
CmaTotal:         405504 kB
CmaFree:               0 kB
MemTotal:        7918584 kB
MemFree:          187476 kB
MemAvailable:     837704 kB
Buffers:             908 kB
Cached:           771652 kB
SwapCached:         5996 kB
Active:           963896 kB
Inactive:        4343668 kB
Active(anon):     853444 kB
Inactive(anon):  3704916 kB
Active(file):     110452 kB
Inactive(file):   638752 kB
Unevictable:        6544 kB
Mlocked:            6104 kB
SwapTotal:       4718584 kB
SwapFree:        2605980 kB
Dirty:               704 kB
Writeback:             0 kB
AnonPages:       4541096 kB
Mapped:           584200 kB
Shmem:             18548 kB
KReclaimable:     291248 kB
Slab:             312964 kB
SReclaimable:      80700 kB
SUnreclaim:       232264 kB
KernelStack:       46480 kB
ShadowCallStack:   11648 kB
PageTables:        83828 kB
NFS_Unstable:          0 kB
Bounce:                0 kB
WritebackTmp:          0 kB
CommitLimit:     8677876 kB
Committed_AS:   73039156 kB
VmallocTotal:   263061440 kB
VmallocUsed:      128688 kB
VmallocChunk:          0 kB
Percpu:             2520 kB
CmaTotal:         405504 kB
CmaFree:               0 kB
MemTotal:        7918584 kB
MemFree:          175224 kB
MemAvailable:     778072 kB
Buffers:             916 kB
Cached:           747724 kB
SwapCached:         5120 kB
Active:          1052096 kB
Inactive:        4279576 kB
Active(anon):     938908 kB
Inactive(anon):  3667484 kB
Active(file):     113188 kB
Inactive(file):   612092 kB
Unevictable:        6544 kB
Mlocked:            6104 kB
SwapTotal:       4718584 kB
SwapFree:        2602908 kB
Dirty:               616 kB
Writeback:             0 kB
AnonPages:       4589740 kB
Mapped:           575124 kB
Shmem:             18548 kB
KReclaimable:     275984 kB
Slab:             313152 kB
SReclaimable:      80700 kB
SUnreclaim:       232452 kB
KernelStack:       46528 kB
ShadowCallStack:   11660 kB
PageTables:        84016 kB
NFS_Unstable:          0 kB
Bounce:                0 kB
WritebackTmp:          0 kB
CommitLimit:     8677876 kB
Committed_AS:   73170176 kB
VmallocTotal:   263061440 kB
VmallocUsed:      128692 kB
VmallocChunk:          0 kB
Percpu:             2520 kB
CmaTotal:         405504 kB
CmaFree:               0 kB
MemTotal:        7918584 kB
MemFree:          176128 kB
MemAvailable:     743112 kB
Buffers:             912 kB
Cached:           740788 kB
SwapCached:         5112 kB
Active:          1295592 kB
Inactive:        4075536 kB
Active(anon):    1180988 kB
Inactive(anon):  3471788 kB
Active(file):     114604 kB
Inactive(file):   603748 kB
Unevictable:        6544 kB
Mlocked:            6104 kB
SwapTotal:       4718584 kB
SwapFree:        2602396 kB
Dirty:               616 kB
Writeback:             0 kB
AnonPages:       4636044 kB
Mapped:           572484 kB
Shmem:             18540 kB
KReclaimable:     235188 kB
Slab:             313256 kB
SReclaimable:      80696 kB
SUnreclaim:       232560 kB
KernelStack:       46464 kB
ShadowCallStack:   11652 kB
PageTables:        84348 kB
NFS_Unstable:          0 kB
Bounce:                0 kB
WritebackTmp:          0 kB
CommitLimit:     8677876 kB
Committed_AS:   73284864 kB
VmallocTotal:   263061440 kB
VmallocUsed:      128612 kB
VmallocChunk:          0 kB
Percpu:             2520 kB
CmaTotal:         405504 kB
CmaFree:               0 kB
MemTotal:        7918584 kB
MemFree:          176760 kB
MemAvailable:     725272 kB
Buffers:             912 kB
Cached:           740784 kB
SwapCached:         5092 kB
Active:          1586828 kB
Inactive:        3821636 kB
Active(anon):    1472192 kB
Inactive(anon):  3217920 kB
Active(file):     114636 kB
Inactive(file):   603716 kB
Unevictable:        6544 kB
Mlocked:            6104 kB
SwapTotal:       4718584 kB
SwapFree:        2602140 kB
Dirty:               616 kB
Writeback:             0 kB
AnonPages:       4672940 kB
Mapped:           573108 kB
Shmem:             18536 kB
KReclaimable:     198244 kB
Slab:             313224 kB
SReclaimable:      80712 kB
SUnreclaim:       232512 kB
KernelStack:       46464 kB
ShadowCallStack:   11648 kB
PageTables:        84604 kB
NFS_Unstable:          0 kB
Bounce:                0 kB
WritebackTmp:          0 kB
CommitLimit:     8677876 kB
Committed_AS:   73383168 kB
VmallocTotal:   263061440 kB
VmallocUsed:      128580 kB
VmallocChunk:          0 kB
Percpu:             2520 kB
CmaTotal:         405504 kB
CmaFree:               0 kB
MemTotal:        7918584 kB
MemFree:          178240 kB
MemAvailable:     705832 kB
Buffers:             912 kB
Cached:           740784 kB
SwapCached:         5092 kB
Active:          2112012 kB
Inactive:        3332352 kB
Active(anon):    1997376 kB
Inactive(anon):  2728636 kB
Active(file):     114636 kB
Inactive(file):   603716 kB
Unevictable:        6544 kB
Mlocked:            6104 kB
SwapTotal:       4718584 kB
SwapFree:        2594716 kB
Dirty:               616 kB
Writeback:             0 kB
AnonPages:       4709204 kB
Mapped:           573360 kB
Shmem:             18536 kB
KReclaimable:     156404 kB
Slab:             313196 kB
SReclaimable:      80712 kB
SUnreclaim:       232484 kB
KernelStack:       46432 kB
ShadowCallStack:   11660 kB
PageTables:        84748 kB
NFS_Unstable:          0 kB
Bounce:                0 kB
WritebackTmp:          0 kB
CommitLimit:     8677876 kB
Committed_AS:   73465088 kB
VmallocTotal:   263061440 kB
VmallocUsed:      128596 kB
VmallocChunk:          0 kB
Percpu:             2520 kB
CmaTotal:         405504 kB
CmaFree:               0 kB
MemTotal:        7918584 kB
MemFree:          174612 kB
MemAvailable:     672632 kB
Buffers:             936 kB
Cached:           747436 kB
SwapCached:         5092 kB
Active:          2625176 kB
Inactive:        2738844 kB
Active(anon):    2504036 kB
Inactive(anon):  2134996 kB
Active(file):     121140 kB
Inactive(file):   603848 kB
Unevictable:        6544 kB
Mlocked:            6104 kB
SwapTotal:       4718584 kB
SwapFree:        2415416 kB
Dirty:               616 kB
Writeback:             0 kB
AnonPages:       4622060 kB
Mapped:           578168 kB
Shmem:             18576 kB
KReclaimable:     116756 kB
Slab:             313328 kB
SReclaimable:      80712 kB
SUnreclaim:       232616 kB
KernelStack:       46592 kB
ShadowCallStack:   11672 kB
PageTables:        84960 kB
NFS_Unstable:          0 kB
Bounce:                0 kB
WritebackTmp:          0 kB
CommitLimit:     8677876 kB
Committed_AS:   73580168 kB
VmallocTotal:   263061440 kB
VmallocUsed:      128764 kB
VmallocChunk:          0 kB
Percpu:             2520 kB
CmaTotal:         405504 kB
CmaFree:               0 kB
MemTotal:        7918584 kB
MemFree:          211584 kB
MemAvailable:     705524 kB
Buffers:             944 kB
Cached:           748140 kB
SwapCached:         5088 kB
Active:          2683160 kB
Inactive:        2634488 kB
Active(anon):    2561488 kB
Inactive(anon):  2030580 kB
Active(file):     121672 kB
Inactive(file):   603908 kB
Unevictable:        6544 kB
Mlocked:            6104 kB
SwapTotal:       4718584 kB
SwapFree:        2317572 kB
Dirty:                68 kB
Writeback:             0 kB
AnonPages:       4575120 kB
Mapped:           578528 kB
Shmem:             18696 kB
KReclaimable:     115604 kB
Slab:             313492 kB
SReclaimable:      80712 kB
SUnreclaim:       232780 kB
KernelStack:       46592 kB
ShadowCallStack:   11684 kB
PageTables:        85204 kB
NFS_Unstable:          0 kB
Bounce:                0 kB
WritebackTmp:          0 kB
CommitLimit:     8677876 kB
Committed_AS:   73694856 kB
VmallocTotal:   263061440 kB
VmallocUsed:      128760 kB
VmallocChunk:          0 kB
Percpu:             2520 kB
CmaTotal:         405504 kB
CmaFree:               0 kB
MemTotal:        7918584 kB
MemFree:          206592 kB
MemAvailable:     766336 kB
Buffers:             944 kB
Cached:           748908 kB
SwapCached:         5088 kB
Active:          2690056 kB
Inactive:        2634472 kB
Active(anon):    2567456 kB
Inactive(anon):  2030564 kB
Active(file):     122600 kB
Inactive(file):   603908 kB
Unevictable:        6544 kB
Mlocked:            6104 kB
SwapTotal:       4718584 kB
SwapFree:        2317572 kB
Dirty:                68 kB
Writeback:             0 kB
AnonPages:       4581208 kB
Mapped:           578284 kB
Shmem:             18536 kB
KReclaimable:     245356 kB
Slab:             313332 kB
SReclaimable:      80712 kB
SUnreclaim:       232620 kB
KernelStack:       46416 kB
ShadowCallStack:   11644 kB
PageTables:        85188 kB
NFS_Unstable:          0 kB
Bounce:                0 kB
WritebackTmp:          0 kB
CommitLimit:     8677876 kB
Committed_AS:   73776380 kB
VmallocTotal:   263061440 kB
VmallocUsed:      128572 kB
VmallocChunk:          0 kB
Percpu:             2520 kB
CmaTotal:         405504 kB
CmaFree:               0 kB
MemTotal:        7918584 kB
MemFree:          183380 kB
MemAvailable:     763560 kB
Buffers:             944 kB
Cached:           749008 kB
SwapCached:         5088 kB
Active:          2734300 kB
Inactive:        2612096 kB
Active(anon):    2611600 kB
Inactive(anon):  2008188 kB
Active(file):     122700 kB
Inactive(file):   603908 kB
Unevictable:        6544 kB
Mlocked:            6104 kB
SwapTotal:       4718584 kB
SwapFree:        2297212 kB
Dirty:                68 kB
Writeback:             0 kB
AnonPages:       4603012 kB
Mapped:           578532 kB
Shmem:             18536 kB
KReclaimable:     243796 kB
Slab:             313376 kB
SReclaimable:      80712 kB
SUnreclaim:       232664 kB
KernelStack:       46448 kB
ShadowCallStack:   11656 kB
PageTables:        85476 kB
NFS_Unstable:          0 kB
Bounce:                0 kB
WritebackTmp:          0 kB
CommitLimit:     8677876 kB
Committed_AS:   73858300 kB
VmallocTotal:   263061440 kB
VmallocUsed:      128612 kB
VmallocChunk:          0 kB
Percpu:             2520 kB
CmaTotal:         405504 kB
CmaFree:               0 kB
MemTotal:        7918584 kB
MemFree:          184352 kB
MemAvailable:     766044 kB
Buffers:             944 kB
Cached:           752944 kB
SwapCached:         5108 kB
Active:          2795624 kB
Inactive:        2553844 kB
Active(anon):    2669080 kB
Inactive(anon):  1949936 kB
Active(file):     126544 kB
Inactive(file):   603908 kB
Unevictable:        6544 kB
Mlocked:            6104 kB
SwapTotal:       4718584 kB
SwapFree:        2243108 kB
Dirty:                68 kB
Writeback:             0 kB
AnonPages:       4601952 kB
Mapped:           579756 kB
Shmem:             18628 kB
KReclaimable:     240404 kB
Slab:             313432 kB
SReclaimable:      80712 kB
SUnreclaim:       232720 kB
KernelStack:       46480 kB
ShadowCallStack:   11640 kB
PageTables:        85724 kB
NFS_Unstable:          0 kB
Bounce:                0 kB
WritebackTmp:          0 kB
CommitLimit:     8677876 kB
Committed_AS:   73972988 kB
VmallocTotal:   263061440 kB
VmallocUsed:      128596 kB
VmallocChunk:          0 kB
Percpu:             2520 kB
CmaTotal:         405504 kB
CmaFree:               0 kB
MemTotal:        7918584 kB
MemFree:          189416 kB
MemAvailable:     772804 kB
Buffers:             952 kB
Cached:           756564 kB
SwapCached:         5044 kB
Active:          2864340 kB
Inactive:        2481576 kB
Active(anon):    2737328 kB
Inactive(anon):  1874448 kB
Active(file):     127012 kB
Inactive(file):   607128 kB
Unevictable:        6544 kB
Mlocked:            6104 kB
SwapTotal:       4718584 kB
SwapFree:        2185504 kB
Dirty:               120 kB
Writeback:             0 kB
AnonPages:       4594936 kB
Mapped:           580336 kB
Shmem:             18568 kB
KReclaimable:     236420 kB
Slab:             313480 kB
SReclaimable:      80712 kB
SUnreclaim:       232768 kB
KernelStack:       46464 kB
ShadowCallStack:   11652 kB
PageTables:        85992 kB
NFS_Unstable:          0 kB
Bounce:                0 kB
WritebackTmp:          0 kB
CommitLimit:     8677876 kB
Committed_AS:   74087676 kB
VmallocTotal:   263061440 kB
VmallocUsed:      128596 kB
VmallocChunk:          0 kB
Percpu:             2520 kB
CmaTotal:         405504 kB
CmaFree:               0 kB
MemTotal:        7918584 kB
MemFree:          181656 kB
MemAvailable:     764032 kB
Buffers:             960 kB
Cached:           756592 kB
SwapCached:         5048 kB
Active:          2914752 kB
Inactive:        2438532 kB
Active(anon):    2787740 kB
Inactive(anon):  1831372 kB
Active(file):     127012 kB
Inactive(file):   607160 kB
Unevictable:        6544 kB
Mlocked:            6104 kB
SwapTotal:       4718584 kB
SwapFree:        2144476 kB
Dirty:                64 kB
Writeback:             4 kB
AnonPages:       4602584 kB
Mapped:           580796 kB
Shmem:             18568 kB
KReclaimable:     234332 kB
Slab:             313540 kB
SReclaimable:      80680 kB
SUnreclaim:       232860 kB
KernelStack:       46464 kB
ShadowCallStack:   11652 kB
PageTables:        86136 kB
NFS_Unstable:          0 kB
Bounce:                0 kB
WritebackTmp:          0 kB
CommitLimit:     8677876 kB
Committed_AS:   74202368 kB
VmallocTotal:   263061440 kB
VmallocUsed:      128612 kB
VmallocChunk:          0 kB
Percpu:             2520 kB
CmaTotal:         405504 kB
CmaFree:               0 kB
MemTotal:        7918584 kB
MemFree:          184428 kB
MemAvailable:     765268 kB
Buffers:             960 kB
Cached:           756584 kB
SwapCached:         5024 kB
Active:          2971156 kB
Inactive:        2379976 kB
Active(anon):    2844144 kB
Inactive(anon):  1772816 kB
Active(file):     127012 kB
Inactive(file):   607160 kB
Unevictable:        6544 kB
Mlocked:            6104 kB
SwapTotal:       4718584 kB
SwapFree:        2094444 kB
Dirty:                64 kB
Writeback:             0 kB
AnonPages:       4600168 kB
Mapped:           580948 kB
Shmem:             18568 kB
KReclaimable:     231260 kB
Slab:             313588 kB
SReclaimable:      80680 kB
SUnreclaim:       232908 kB
KernelStack:       46464 kB
ShadowCallStack:   11652 kB
PageTables:        86696 kB
NFS_Unstable:          0 kB
Bounce:                0 kB
WritebackTmp:          0 kB
CommitLimit:     8677876 kB
Committed_AS:   74284284 kB
VmallocTotal:   263061440 kB
VmallocUsed:      128592 kB
VmallocChunk:          0 kB
Percpu:             2520 kB
CmaTotal:         405504 kB
CmaFree:               0 kB
MemTotal:        7918584 kB
MemFree:          183672 kB
MemAvailable:     763776 kB
Buffers:             960 kB
Cached:           757252 kB
SwapCached:         5008 kB
Active:          3022952 kB
Inactive:        2331544 kB
Active(anon):    2895268 kB
Inactive(anon):  1724384 kB
Active(file):     127684 kB
Inactive(file):   607160 kB
Unevictable:        6544 kB
Mlocked:            6104 kB
SwapTotal:       4718584 kB
SwapFree:        2048260 kB
Dirty:                64 kB
Writeback:             0 kB
AnonPages:       4602844 kB
Mapped:           581808 kB
Shmem:             18560 kB
KReclaimable:     228444 kB
Slab:             313472 kB
SReclaimable:      80680 kB
SUnreclaim:       232792 kB
KernelStack:       46432 kB
ShadowCallStack:   11652 kB
PageTables:        86380 kB
NFS_Unstable:          0 kB
Bounce:                0 kB
WritebackTmp:          0 kB
CommitLimit:     8677876 kB
Committed_AS:   74398972 kB
VmallocTotal:   263061440 kB
VmallocUsed:      128572 kB
VmallocChunk:          0 kB
Percpu:             2520 kB
CmaTotal:         405504 kB
CmaFree:               0 kB
MemTotal:        7918584 kB
MemFree:          184148 kB
MemAvailable:     762700 kB
Buffers:             960 kB
Cached:           757252 kB
SwapCached:         5008 kB
Active:          3073532 kB
Inactive:        2281664 kB
Active(anon):    2945848 kB
Inactive(anon):  1674504 kB
Active(file):     127684 kB
Inactive(file):   607160 kB
Unevictable:        6544 kB
Mlocked:            6104 kB
SwapTotal:       4718584 kB
SwapFree:        2001612 kB
Dirty:                64 kB
Writeback:             0 kB
AnonPages:       4603696 kB
Mapped:           582136 kB
Shmem:             18560 kB
KReclaimable:     225340 kB
Slab:             313588 kB
SReclaimable:      80680 kB
SUnreclaim:       232908 kB
KernelStack:       46432 kB
ShadowCallStack:   11648 kB
PageTables:        86712 kB
NFS_Unstable:          0 kB
Bounce:                0 kB
WritebackTmp:          0 kB
CommitLimit:     8677876 kB
Committed_AS:   74497280 kB
VmallocTotal:   263061440 kB
VmallocUsed:      128580 kB
VmallocChunk:          0 kB
Percpu:             2520 kB
CmaTotal:         405504 kB
CmaFree:               0 kB
MemTotal:        7918584 kB
MemFree:          182956 kB
MemAvailable:     759980 kB
Buffers:             992 kB
Cached:           757248 kB
SwapCached:         5012 kB
Active:          2845260 kB
Inactive:        2511360 kB
Active(anon):    2736140 kB
Inactive(anon):  1885604 kB
Active(file):     109120 kB
Inactive(file):   625756 kB
Unevictable:        6544 kB
Mlocked:            6104 kB
SwapTotal:       4718584 kB
SwapFree:        1947124 kB
Dirty:               108 kB
Writeback:             0 kB
AnonPages:       4605156 kB
Mapped:           582908 kB
Shmem:             18560 kB
KReclaimable:     222220 kB
Slab:             313660 kB
SReclaimable:      80680 kB
SUnreclaim:       232980 kB
KernelStack:       46448 kB
ShadowCallStack:   11652 kB
PageTables:        86712 kB
NFS_Unstable:          0 kB
Bounce:                0 kB
WritebackTmp:          0 kB
CommitLimit:     8677876 kB
Committed_AS:   74611964 kB
VmallocTotal:   263061440 kB
VmallocUsed:      128556 kB
VmallocChunk:          0 kB
Percpu:             2520 kB
CmaTotal:         405504 kB
CmaFree:               0 kB
MemTotal:        7918584 kB
MemFree:          181996 kB
MemAvailable:     758768 kB
Buffers:            1008 kB
Cached:           758256 kB
SwapCached:         5016 kB
Active:          2891496 kB
Inactive:        2469536 kB
Active(anon):    2781460 kB
Inactive(anon):  1843676 kB
Active(file):     110036 kB
Inactive(file):   625860 kB
Unevictable:        6544 kB
Mlocked:            6104 kB
SwapTotal:       4718584 kB
SwapFree:        1908312 kB
Dirty:               144 kB
Writeback:             0 kB
AnonPages:       4608308 kB
Mapped:           583192 kB
Shmem:             18560 kB
KReclaimable:     219676 kB
Slab:             313640 kB
SReclaimable:      80680 kB
SUnreclaim:       232960 kB
KernelStack:       46464 kB
ShadowCallStack:   11640 kB
PageTables:        86776 kB
NFS_Unstable:          0 kB
Bounce:                0 kB
WritebackTmp:          0 kB
CommitLimit:     8677876 kB
Committed_AS:   74710272 kB
VmallocTotal:   263061440 kB
VmallocUsed:      128580 kB
VmallocChunk:          0 kB
Percpu:             2520 kB
CmaTotal:         405504 kB
CmaFree:               0 kB
MemTotal:        7918584 kB
MemFree:          182856 kB
MemAvailable:     760788 kB
Buffers:            1008 kB
Cached:           760088 kB
SwapCached:         5060 kB
Active:          2943628 kB
Inactive:        2418464 kB
Active(anon):    2831744 kB
Inactive(anon):  1792604 kB
Active(file):     111884 kB
Inactive(file):   625860 kB
Unevictable:        6544 kB
Mlocked:            6104 kB
SwapTotal:       4718584 kB
SwapFree:        1862152 kB
Dirty:                80 kB
Writeback:             0 kB
AnonPages:       4607552 kB
Mapped:           583620 kB
Shmem:             18548 kB
KReclaimable:     218304 kB
Slab:             313720 kB
SReclaimable:      80684 kB
SUnreclaim:       233036 kB
KernelStack:       46448 kB
ShadowCallStack:   11656 kB
PageTables:        87360 kB
NFS_Unstable:          0 kB
Bounce:                0 kB
WritebackTmp:          0 kB
CommitLimit:     8677876 kB
Committed_AS:   74808540 kB
VmallocTotal:   263061440 kB
VmallocUsed:      128612 kB
VmallocChunk:          0 kB
Percpu:             2520 kB
CmaTotal:         405504 kB
CmaFree:             104 kB
MemTotal:        7918584 kB
MemFree:          184596 kB
MemAvailable:     760352 kB
Buffers:            1008 kB
Cached:           760092 kB
SwapCached:         5056 kB
Active:          3013004 kB
Inactive:        2348160 kB
Active(anon):    2901120 kB
Inactive(anon):  1722300 kB
Active(file):     111884 kB
Inactive(file):   625860 kB
Unevictable:        6544 kB
Mlocked:            6104 kB
SwapTotal:       4718584 kB
SwapFree:        1796476 kB
Dirty:                80 kB
Writeback:             0 kB
AnonPages:       4606464 kB
Mapped:           584432 kB
Shmem:             18548 kB
KReclaimable:     213952 kB
Slab:             313724 kB
SReclaimable:      80684 kB
SUnreclaim:       233040 kB
KernelStack:       46448 kB
ShadowCallStack:   11660 kB
PageTables:        87372 kB
NFS_Unstable:          0 kB
Bounce:                0 kB
WritebackTmp:          0 kB
CommitLimit:     8677876 kB
Committed_AS:   74939612 kB
VmallocTotal:   263061440 kB
VmallocUsed:      128596 kB
VmallocChunk:          0 kB
Percpu:             2520 kB
CmaTotal:         405504 kB
CmaFree:             104 kB
MemTotal:        7918584 kB
MemFree:          185612 kB
MemAvailable:     760384 kB
Buffers:            1008 kB
Cached:           760092 kB
SwapCached:         5056 kB
Active:          3060212 kB
Inactive:        2301068 kB
Active(anon):    2948328 kB
Inactive(anon):  1675208 kB
Active(file):     111884 kB
Inactive(file):   625860 kB
Unevictable:        6544 kB
Mlocked:            6104 kB
SwapTotal:       4718584 kB
SwapFree:        1754156 kB
Dirty:                80 kB
Writeback:             0 kB
AnonPages:       4606776 kB
