MemTotal:        7918584 kB
MemFree:         3543872 kB
MemAvailable:    4908408 kB
Buffers:            3640 kB
Cached:          1189832 kB
SwapCached:         6940 kB
Active:           860280 kB
Inactive:         948760 kB
Active(anon):     532832 kB
Inactive(anon):   100200 kB
Active(file):     327448 kB
Inactive(file):   848560 kB
Unevictable:        6356 kB
Mlocked:            5916 kB
SwapTotal:       4718584 kB
SwapFree:        3953656 kB
Dirty:             18480 kB
Writeback:             0 kB
AnonPages:        617412 kB
Mapped:           404140 kB
Shmem:             12680 kB
KReclaimable:     578752 kB
Slab:             317312 kB
SReclaimable:      88252 kB
SUnreclaim:       229060 kB
KernelStack:       49072 kB
ShadowCallStack:   12284 kB
PageTables:        67048 kB
NFS_Unstable:          0 kB
Bounce:                0 kB
WritebackTmp:          0 kB
CommitLimit:     8677876 kB
Committed_AS:   70088532 kB
VmallocTotal:   263061440 kB
VmallocUsed:      132080 kB
VmallocChunk:          0 kB
Percpu:             2520 kB
CmaTotal:         405504 kB
CmaFree:          211668 kB
MemTotal:        7918584 kB
MemFree:         3552024 kB
MemAvailable:    5142824 kB
Buffers:            3672 kB
Cached:          1191064 kB
SwapCached:         7060 kB
Active:           850880 kB
Inactive:         949072 kB
Active(anon):     523020 kB
Inactive(anon):   100064 kB
Active(file):     327860 kB
Inactive(file):   849008 kB
Unevictable:        6356 kB
Mlocked:            5916 kB
SwapTotal:       4718584 kB
SwapFree:        3955448 kB
Dirty:             18332 kB
Writeback:            16 kB
AnonPages:        606880 kB
Mapped:           430184 kB
Shmem:             13256 kB
KReclaimable:     804156 kB
Slab:             316976 kB
SReclaimable:      88316 kB
SUnreclaim:       228660 kB
KernelStack:       49360 kB
ShadowCallStack:   12364 kB
PageTables:        67660 kB
NFS_Unstable:          0 kB
Bounce:                0 kB
WritebackTmp:          0 kB
CommitLimit:     8677876 kB
Committed_AS:   70155088 kB
VmallocTotal:   263061440 kB
VmallocUsed:      132460 kB
VmallocChunk:          0 kB
Percpu:             2520 kB
CmaTotal:         405504 kB
CmaFree:          211728 kB
MemTotal:        7918584 kB
MemFree:         3537440 kB
MemAvailable:    5001148 kB
Buffers:            3688 kB
Cached:          1191316 kB
SwapCached:         7072 kB
Active:           864376 kB
Inactive:         949232 kB
Active(anon):     536516 kB
Inactive(anon):   100064 kB
Active(file):     327860 kB
Inactive(file):   849168 kB
Unevictable:        6356 kB
Mlocked:            5916 kB
SwapTotal:       4718584 kB
SwapFree:        3955704 kB
Dirty:             18416 kB
Writeback:             0 kB
AnonPages:        620388 kB
Mapped:           436164 kB
Shmem:             13192 kB
KReclaimable:     676904 kB
Slab:             317080 kB
SReclaimable:      88332 kB
SUnreclaim:       228748 kB
KernelStack:       49328 kB
ShadowCallStack:   12356 kB
PageTables:        67644 kB
NFS_Unstable:          0 kB
Bounce:                0 kB
WritebackTmp:          0 kB
CommitLimit:     8677876 kB
Committed_AS:   70157156 kB
VmallocTotal:   263061440 kB
VmallocUsed:      132456 kB
VmallocChunk:          0 kB
Percpu:             2520 kB
CmaTotal:         405504 kB
CmaFree:          211780 kB
MemTotal:        7918584 kB
MemFree:         3532856 kB
MemAvailable:    4995836 kB
Buffers:            3704 kB
Cached:          1191336 kB
SwapCached:         7072 kB
Active:           868888 kB
Inactive:         949260 kB
Active(anon):     541028 kB
Inactive(anon):   100068 kB
Active(file):     327860 kB
Inactive(file):   849192 kB
Unevictable:        6356 kB
Mlocked:            5916 kB
SwapTotal:       4718584 kB
SwapFree:        3956472 kB
Dirty:             18444 kB
Writeback:             0 kB
AnonPages:        624904 kB
Mapped:           436808 kB
Shmem:             13204 kB
KReclaimable:     676152 kB
Slab:             317096 kB
SReclaimable:      88348 kB
SUnreclaim:       228748 kB
KernelStack:       49296 kB
ShadowCallStack:   12348 kB
PageTables:        67400 kB
NFS_Unstable:          0 kB
Bounce:                0 kB
WritebackTmp:          0 kB
CommitLimit:     8677876 kB
Committed_AS:   70157156 kB
VmallocTotal:   263061440 kB
VmallocUsed:      132468 kB
VmallocChunk:          0 kB
Percpu:             2520 kB
CmaTotal:         405504 kB
CmaFree:          211780 kB
MemTotal:        7918584 kB
MemFree:         3530608 kB
MemAvailable:    4994520 kB
Buffers:            3704 kB
Cached:          1192336 kB
SwapCached:         7072 kB
Active:           873552 kB
Inactive:         949268 kB
Active(anon):     544732 kB
Inactive(anon):   100056 kB
Active(file):     328820 kB
Inactive(file):   849212 kB
Unevictable:        6356 kB
Mlocked:            5916 kB
SwapTotal:       4718584 kB
SwapFree:        3957240 kB
Dirty:             18464 kB
Writeback:             0 kB
AnonPages:        628704 kB
Mapped:           437640 kB
Shmem:             13224 kB
KReclaimable:     676104 kB
Slab:             317084 kB
SReclaimable:      88348 kB
SUnreclaim:       228736 kB
KernelStack:       49312 kB
ShadowCallStack:   12356 kB
PageTables:        67568 kB
NFS_Unstable:          0 kB
Bounce:                0 kB
WritebackTmp:          0 kB
CommitLimit:     8677876 kB
Committed_AS:   70157116 kB
VmallocTotal:   263061440 kB
VmallocUsed:      132432 kB
VmallocChunk:          0 kB
Percpu:             2520 kB
CmaTotal:         405504 kB
CmaFree:          212804 kB
MemTotal:        7918584 kB
MemFree:         3537596 kB
MemAvailable:    5021648 kB
Buffers:            3704 kB
Cached:          1192344 kB
SwapCached:         7072 kB
Active:           866696 kB
Inactive:         949264 kB
Active(anon):     537876 kB
Inactive(anon):   100052 kB
Active(file):     328820 kB
Inactive(file):   849212 kB
Unevictable:        6356 kB
Mlocked:            5916 kB
SwapTotal:       4718584 kB
SwapFree:        3957240 kB
Dirty:             18464 kB
Writeback:             0 kB
AnonPages:        621572 kB
Mapped:           437320 kB
Shmem:             13232 kB
KReclaimable:     696244 kB
Slab:             317068 kB
SReclaimable:      88348 kB
SUnreclaim:       228720 kB
KernelStack:       49120 kB
ShadowCallStack:   12324 kB
PageTables:        67468 kB
NFS_Unstable:          0 kB
Bounce:                0 kB
WritebackTmp:          0 kB
CommitLimit:     8677876 kB
Committed_AS:   70156632 kB
VmallocTotal:   263061440 kB
VmallocUsed:      131972 kB
VmallocChunk:          0 kB
Percpu:             2520 kB
CmaTotal:         405504 kB
CmaFree:          212832 kB
MemTotal:        7918584 kB
MemFree:         3510360 kB
MemAvailable:    4994476 kB
Buffers:            3704 kB
Cached:          1192344 kB
SwapCached:         7072 kB
Active:           894700 kB
Inactive:         949264 kB
Active(anon):     565880 kB
Inactive(anon):   100052 kB
Active(file):     328820 kB
Inactive(file):   849212 kB
Unevictable:        6356 kB
Mlocked:            5916 kB
SwapTotal:       4718584 kB
SwapFree:        3957240 kB
Dirty:             18464 kB
Writeback:             0 kB
AnonPages:        649680 kB
Mapped:           438952 kB
Shmem:             13232 kB
KReclaimable:     696308 kB
Slab:             317056 kB
SReclaimable:      88348 kB
SUnreclaim:       228708 kB
KernelStack:       49168 kB
ShadowCallStack:   12324 kB
PageTables:        67772 kB
NFS_Unstable:          0 kB
Bounce:                0 kB
WritebackTmp:          0 kB
CommitLimit:     8677876 kB
Committed_AS:   70180424 kB
VmallocTotal:   263061440 kB
VmallocUsed:      131980 kB
VmallocChunk:          0 kB
Percpu:             2520 kB
CmaTotal:         405504 kB
CmaFree:          212804 kB
MemTotal:        7918584 kB
MemFree:         3319728 kB
MemAvailable:    4736932 kB
Buffers:            3732 kB
Cached:          1192360 kB
SwapCached:         7084 kB
Active:          1084828 kB
Inactive:         949300 kB
Active(anon):     756008 kB
Inactive(anon):   100052 kB
Active(file):     328820 kB
Inactive(file):   849248 kB
Unevictable:        6356 kB
Mlocked:            5916 kB
SwapTotal:       4718584 kB
SwapFree:        3957240 kB
Dirty:             18480 kB
Writeback:             0 kB
AnonPages:        839812 kB
Mapped:           520656 kB
Shmem:             13240 kB
KReclaimable:     629360 kB
Slab:             317340 kB
SReclaimable:      88380 kB
SUnreclaim:       228960 kB
KernelStack:       49136 kB
ShadowCallStack:   12296 kB
PageTables:        68240 kB
NFS_Unstable:          0 kB
Bounce:                0 kB
WritebackTmp:          0 kB
CommitLimit:     8677876 kB
Committed_AS:   70500008 kB
VmallocTotal:   263061440 kB
VmallocUsed:      131968 kB
VmallocChunk:          0 kB
Percpu:             2520 kB
CmaTotal:         405504 kB
CmaFree:          212804 kB
MemTotal:        7918584 kB
MemFree:         3304592 kB
MemAvailable:    4735744 kB
Buffers:            3732 kB
Cached:          1192404 kB
SwapCached:         7088 kB
Active:          1099640 kB
Inactive:         949348 kB
Active(anon):     770820 kB
Inactive(anon):   100056 kB
Active(file):     328820 kB
Inactive(file):   849292 kB
Unevictable:        6356 kB
Mlocked:            5916 kB
SwapTotal:       4718584 kB
SwapFree:        3957240 kB
Dirty:             18500 kB
Writeback:             0 kB
AnonPages:        854688 kB
Mapped:           511612 kB
Shmem:             13240 kB
KReclaimable:     643264 kB
Slab:             317336 kB
SReclaimable:      88380 kB
SUnreclaim:       228956 kB
KernelStack:       49232 kB
ShadowCallStack:   12324 kB
PageTables:        68480 kB
NFS_Unstable:          0 kB
Bounce:                0 kB
WritebackTmp:          0 kB
CommitLimit:     8677876 kB
Committed_AS:   70539440 kB
VmallocTotal:   263061440 kB
VmallocUsed:      131988 kB
VmallocChunk:          0 kB
Percpu:             2520 kB
CmaTotal:         405504 kB
CmaFree:          212804 kB
MemTotal:        7918584 kB
MemFree:         3217444 kB
MemAvailable:    4596264 kB
Buffers:            3760 kB
Cached:          1192488 kB
SwapCached:         7100 kB
Active:          1184872 kB
Inactive:         949456 kB
Active(anon):     856052 kB
Inactive(anon):   100056 kB
Active(file):     328820 kB
Inactive(file):   849400 kB
Unevictable:        6356 kB
Mlocked:            5916 kB
SwapTotal:       4718584 kB
SwapFree:        3957496 kB
Dirty:             18500 kB
Writeback:             0 kB
AnonPages:        939952 kB
Mapped:           535172 kB
Shmem:             13244 kB
KReclaimable:     590824 kB
Slab:             317468 kB
SReclaimable:      88380 kB
SUnreclaim:       229088 kB
KernelStack:       49184 kB
ShadowCallStack:   12324 kB
PageTables:        68900 kB
NFS_Unstable:          0 kB
Bounce:                0 kB
WritebackTmp:          0 kB
CommitLimit:     8677876 kB
Committed_AS:   70778140 kB
VmallocTotal:   263061440 kB
VmallocUsed:      132052 kB
VmallocChunk:          0 kB
Percpu:             2520 kB
CmaTotal:         405504 kB
CmaFree:          212800 kB
MemTotal:        7918584 kB
MemFree:         3111252 kB
MemAvailable:    4488872 kB
Buffers:            3760 kB
Cached:          1192588 kB
SwapCached:         7100 kB
Active:          1291536 kB
Inactive:         949540 kB
Active(anon):     962716 kB
Inactive(anon):   100052 kB
Active(file):     328820 kB
Inactive(file):   849488 kB
Unevictable:        6356 kB
Mlocked:            5916 kB
SwapTotal:       4718584 kB
SwapFree:        3957496 kB
Dirty:             18580 kB
Writeback:             0 kB
AnonPages:       1046560 kB
Mapped:           535988 kB
Shmem:             13256 kB
KReclaimable:     589536 kB
Slab:             317460 kB
SReclaimable:      88380 kB
SUnreclaim:       229080 kB
KernelStack:       49184 kB
ShadowCallStack:   12340 kB
PageTables:        69304 kB
NFS_Unstable:          0 kB
Bounce:                0 kB
WritebackTmp:          0 kB
CommitLimit:     8677876 kB
Committed_AS:   71040288 kB
VmallocTotal:   263061440 kB
VmallocUsed:      132068 kB
VmallocChunk:          0 kB
Percpu:             2520 kB
CmaTotal:         405504 kB
CmaFree:          212804 kB
MemTotal:        7918584 kB
MemFree:         2987944 kB
MemAvailable:    4236596 kB
Buffers:            3760 kB
Cached:          1192644 kB
SwapCached:         7100 kB
Active:          1412436 kB
Inactive:         949536 kB
Active(anon):    1083616 kB
Inactive(anon):   100044 kB
Active(file):     328820 kB
Inactive(file):   849492 kB
Unevictable:        6356 kB
Mlocked:            5916 kB
SwapTotal:       4718584 kB
SwapFree:        3958008 kB
Dirty:             18584 kB
Writeback:             0 kB
AnonPages:       1167404 kB
Mapped:           537280 kB
Shmem:             13308 kB
KReclaimable:     460564 kB
Slab:             317632 kB
SReclaimable:      88380 kB
SUnreclaim:       229252 kB
KernelStack:       49328 kB
ShadowCallStack:   12356 kB
PageTables:        69900 kB
NFS_Unstable:          0 kB
Bounce:                0 kB
WritebackTmp:          0 kB
CommitLimit:     8677876 kB
Committed_AS:   71253676 kB
VmallocTotal:   263061440 kB
VmallocUsed:      132224 kB
VmallocChunk:          0 kB
Percpu:             2520 kB
CmaTotal:         405504 kB
CmaFree:          212804 kB
MemTotal:        7918584 kB
MemFree:         2904776 kB
MemAvailable:    4152300 kB
Buffers:            3760 kB
Cached:          1192720 kB
SwapCached:         7100 kB
Active:          1494180 kB
Inactive:         949532 kB
Active(anon):    1165360 kB
Inactive(anon):   100040 kB
Active(file):     328820 kB
Inactive(file):   849492 kB
Unevictable:        6356 kB
Mlocked:            5916 kB
SwapTotal:       4718584 kB
SwapFree:        3958008 kB
Dirty:             17352 kB
Writeback:             0 kB
AnonPages:       1249304 kB
Mapped:           536168 kB
Shmem:             13384 kB
KReclaimable:     459436 kB
Slab:             317704 kB
SReclaimable:      88396 kB
SUnreclaim:       229308 kB
KernelStack:       49296 kB
ShadowCallStack:   12344 kB
PageTables:        70116 kB
NFS_Unstable:          0 kB
Bounce:                0 kB
WritebackTmp:          0 kB
CommitLimit:     8677876 kB
Committed_AS:   71483000 kB
VmallocTotal:   263061440 kB
VmallocUsed:      132224 kB
VmallocChunk:          0 kB
Percpu:             2520 kB
CmaTotal:         405504 kB
CmaFree:          212792 kB
MemTotal:        7918584 kB
MemFree:         2860652 kB
MemAvailable:    4228796 kB
Buffers:            3760 kB
Cached:          1192624 kB
SwapCached:         7100 kB
Active:          1537628 kB
Inactive:         949552 kB
Active(anon):    1208808 kB
Inactive(anon):   100032 kB
Active(file):     328820 kB
Inactive(file):   849520 kB
Unevictable:        6356 kB
Mlocked:            5916 kB
SwapTotal:       4718584 kB
SwapFree:        3958520 kB
Dirty:             17420 kB
Writeback:             0 kB
AnonPages:       1292556 kB
Mapped:           536216 kB
Shmem:             13260 kB
KReclaimable:     580028 kB
Slab:             317664 kB
SReclaimable:      88396 kB
SUnreclaim:       229268 kB
KernelStack:       49184 kB
ShadowCallStack:   12316 kB
PageTables:        70656 kB
NFS_Unstable:          0 kB
Bounce:                0 kB
WritebackTmp:          0 kB
CommitLimit:     8677876 kB
Committed_AS:   71679168 kB
VmallocTotal:   263061440 kB
VmallocUsed:      132032 kB
VmallocChunk:          0 kB
Percpu:             2520 kB
CmaTotal:         405504 kB
CmaFree:          212804 kB
MemTotal:        7918584 kB
MemFree:         2750640 kB
MemAvailable:    4117016 kB
Buffers:            3760 kB
Cached:          1192628 kB
SwapCached:         7100 kB
Active:          1647592 kB
Inactive:         949540 kB
Active(anon):    1318772 kB
Inactive(anon):   100020 kB
Active(file):     328820 kB
Inactive(file):   849520 kB
Unevictable:        6356 kB
Mlocked:            5916 kB
SwapTotal:       4718584 kB
SwapFree:        3958520 kB
Dirty:             17420 kB
Writeback:             0 kB
AnonPages:       1402756 kB
Mapped:           537448 kB
Shmem:             13264 kB
KReclaimable:     578260 kB
Slab:             317720 kB
SReclaimable:      88396 kB
SUnreclaim:       229324 kB
KernelStack:       49152 kB
ShadowCallStack:   12328 kB
PageTables:        71132 kB
NFS_Unstable:          0 kB
Bounce:                0 kB
WritebackTmp:          0 kB
CommitLimit:     8677876 kB
Committed_AS:   71941316 kB
VmallocTotal:   263061440 kB
VmallocUsed:      132028 kB
VmallocChunk:          0 kB
Percpu:             2520 kB
CmaTotal:         405504 kB
CmaFree:          212804 kB
MemTotal:        7918584 kB
MemFree:         2664792 kB
MemAvailable:    4030416 kB
Buffers:            3776 kB
Cached:          1192632 kB
SwapCached:         7100 kB
Active:          1733144 kB
Inactive:         949568 kB
Active(anon):    1404324 kB
Inactive(anon):   100032 kB
Active(file):     328820 kB
Inactive(file):   849536 kB
Unevictable:        6356 kB
Mlocked:            5916 kB
SwapTotal:       4718584 kB
SwapFree:        3958520 kB
Dirty:             17504 kB
Writeback:             0 kB
AnonPages:       1488172 kB
Mapped:           538028 kB
Shmem:             13268 kB
KReclaimable:     577492 kB
Slab:             317740 kB
SReclaimable:      88396 kB
SUnreclaim:       229344 kB
KernelStack:       49184 kB
ShadowCallStack:   12320 kB
PageTables:        71604 kB
NFS_Unstable:          0 kB
Bounce:                0 kB
WritebackTmp:          0 kB
CommitLimit:     8677876 kB
Committed_AS:   72137932 kB
VmallocTotal:   263061440 kB
VmallocUsed:      132028 kB
VmallocChunk:          0 kB
Percpu:             2520 kB
CmaTotal:         405504 kB
CmaFree:          212804 kB
MemTotal:        7918584 kB
MemFree:         2572368 kB
MemAvailable:    3937832 kB
Buffers:            3776 kB
Cached:          1193428 kB
SwapCached:         7100 kB
Active:          1825444 kB
Inactive:         949564 kB
Active(anon):    1495832 kB
Inactive(anon):   100028 kB
Active(file):     329612 kB
Inactive(file):   849536 kB
Unevictable:        6356 kB
Mlocked:            5916 kB
SwapTotal:       4718584 kB
SwapFree:        3958520 kB
Dirty:             17504 kB
Writeback:             0 kB
AnonPages:       1579572 kB
Mapped:           538624 kB
Shmem:             13272 kB
KReclaimable:     576540 kB
Slab:             317844 kB
SReclaimable:      88396 kB
SUnreclaim:       229448 kB
KernelStack:       49216 kB
ShadowCallStack:   12320 kB
PageTables:        72212 kB
NFS_Unstable:          0 kB
Bounce:                0 kB
WritebackTmp:          0 kB
CommitLimit:     8677876 kB
Committed_AS:   72367312 kB
VmallocTotal:   263061440 kB
VmallocUsed:      132028 kB
VmallocChunk:          0 kB
Percpu:             2520 kB
CmaTotal:         405504 kB
CmaFree:          212804 kB
MemTotal:        7918584 kB
MemFree:         2479664 kB
MemAvailable:    3843872 kB
Buffers:            3800 kB
Cached:          1193432 kB
SwapCached:         7100 kB
Active:          1916960 kB
Inactive:         949592 kB
Active(anon):    1587348 kB
Inactive(anon):   100032 kB
Active(file):     329612 kB
Inactive(file):   849560 kB
Unevictable:        6356 kB
Mlocked:            5916 kB
SwapTotal:       4718584 kB
SwapFree:        3958520 kB
Dirty:             17520 kB
Writeback:             0 kB
AnonPages:       1671096 kB
Mapped:           539760 kB
Shmem:             13276 kB
KReclaimable:     575260 kB
Slab:             317792 kB
SReclaimable:      88396 kB
SUnreclaim:       229396 kB
KernelStack:       49184 kB
ShadowCallStack:   12316 kB
PageTables:        72496 kB
NFS_Unstable:          0 kB
Bounce:                0 kB
WritebackTmp:          0 kB
CommitLimit:     8677876 kB
Committed_AS:   72596696 kB
VmallocTotal:   263061440 kB
VmallocUsed:      132016 kB
VmallocChunk:          0 kB
Percpu:             2520 kB
CmaTotal:         405504 kB
CmaFree:          212804 kB
MemTotal:        7918584 kB
MemFree:         2393640 kB
MemAvailable:    3757144 kB
Buffers:            3800 kB
Cached:          1193440 kB
SwapCached:         7100 kB
Active:          2002820 kB
Inactive:         949592 kB
Active(anon):    1673208 kB
Inactive(anon):   100024 kB
Active(file):     329612 kB
Inactive(file):   849568 kB
Unevictable:        6356 kB
Mlocked:            5916 kB
SwapTotal:       4718584 kB
SwapFree:        3958520 kB
Dirty:             17544 kB
Writeback:             0 kB
AnonPages:       1757248 kB
Mapped:           540056 kB
Shmem:             13276 kB
KReclaimable:     574548 kB
Slab:             317840 kB
SReclaimable:      88396 kB
SUnreclaim:       229444 kB
KernelStack:       49184 kB
ShadowCallStack:   12316 kB
PageTables:        72920 kB
NFS_Unstable:          0 kB
Bounce:                0 kB
WritebackTmp:          0 kB
CommitLimit:     8677876 kB
Committed_AS:   72776920 kB
VmallocTotal:   263061440 kB
VmallocUsed:      132032 kB
VmallocChunk:          0 kB
Percpu:             2520 kB
CmaTotal:         405504 kB
CmaFree:          212804 kB
MemTotal:        7918584 kB
MemFree:         2293112 kB
MemAvailable:    3660532 kB
Buffers:            3808 kB
Cached:          1198796 kB
SwapCached:         7100 kB
Active:          2099484 kB
Inactive:         954868 kB
Active(anon):    1769776 kB
Inactive(anon):   100032 kB
Active(file):     329708 kB
Inactive(file):   854836 kB
Unevictable:        6356 kB
Mlocked:            5916 kB
SwapTotal:       4718584 kB
SwapFree:        3959800 kB
Dirty:             17540 kB
Writeback:             0 kB
AnonPages:       1853456 kB
Mapped:           541548 kB
Shmem:             13276 kB
KReclaimable:     573100 kB
Slab:             317924 kB
SReclaimable:      88396 kB
SUnreclaim:       229528 kB
KernelStack:       49152 kB
ShadowCallStack:   12308 kB
PageTables:        73292 kB
NFS_Unstable:          0 kB
Bounce:                0 kB
WritebackTmp:          0 kB
CommitLimit:     8677876 kB
Committed_AS:   73022676 kB
VmallocTotal:   263061440 kB
VmallocUsed:      131996 kB
VmallocChunk:          0 kB
Percpu:             2520 kB
CmaTotal:         405504 kB
CmaFree:          212852 kB
MemTotal:        7918584 kB
MemFree:         2229256 kB
MemAvailable:    3595972 kB
Buffers:            3808 kB
Cached:          1198796 kB
SwapCached:         7100 kB
Active:          2163212 kB
Inactive:         954868 kB
Active(anon):    1833504 kB
Inactive(anon):   100032 kB
Active(file):     329708 kB
Inactive(file):   854836 kB
Unevictable:        6356 kB
Mlocked:            5916 kB
SwapTotal:       4718584 kB
SwapFree:        3959800 kB
Dirty:             17556 kB
Writeback:             0 kB
AnonPages:       1917292 kB
Mapped:           541988 kB
Shmem:             13276 kB
KReclaimable:     572396 kB
Slab:             317900 kB
SReclaimable:      88396 kB
SUnreclaim:       229504 kB
KernelStack:       49168 kB
ShadowCallStack:   12316 kB
PageTables:        73604 kB
NFS_Unstable:          0 kB
Bounce:                0 kB
WritebackTmp:          0 kB
CommitLimit:     8677876 kB
Committed_AS:   73153748 kB
VmallocTotal:   263061440 kB
VmallocUsed:      132016 kB
VmallocChunk:          0 kB
Percpu:             2520 kB
CmaTotal:         405504 kB
CmaFree:          212852 kB
MemTotal:        7918584 kB
MemFree:         2145472 kB
MemAvailable:    3511264 kB
Buffers:            3808 kB
Cached:          1198808 kB
SwapCached:         7100 kB
Active:          2245968 kB
Inactive:         954872 kB
Active(anon):    1916260 kB
Inactive(anon):   100032 kB
Active(file):     329708 kB
Inactive(file):   854840 kB
Unevictable:        6356 kB
Mlocked:            5916 kB
SwapTotal:       4718584 kB
SwapFree:        3960312 kB
Dirty:             17568 kB
Writeback:             0 kB
AnonPages:       2000088 kB
Mapped:           542624 kB
Shmem:             13284 kB
KReclaimable:     571468 kB
Slab:             317928 kB
SReclaimable:      88396 kB
SUnreclaim:       229532 kB
KernelStack:       49184 kB
ShadowCallStack:   12316 kB
PageTables:        73884 kB
NFS_Unstable:          0 kB
Bounce:                0 kB
WritebackTmp:          0 kB
CommitLimit:     8677876 kB
Committed_AS:   73366748 kB
VmallocTotal:   263061440 kB
VmallocUsed:      132032 kB
VmallocChunk:          0 kB
Percpu:             2520 kB
CmaTotal:         405504 kB
CmaFree:          212852 kB
MemTotal:        7918584 kB
MemFree:         2062320 kB
MemAvailable:    3426912 kB
Buffers:            3808 kB
Cached:          1198816 kB
SwapCached:         7100 kB
Active:          2328828 kB
Inactive:         954880 kB
Active(anon):    1999120 kB
Inactive(anon):   100032 kB
Active(file):     329708 kB
Inactive(file):   854848 kB
Unevictable:        6356 kB
Mlocked:            5916 kB
SwapTotal:       4718584 kB
SwapFree:        3960312 kB
Dirty:               216 kB
Writeback:             0 kB
AnonPages:       2082920 kB
Mapped:           543536 kB
Shmem:             13284 kB
KReclaimable:     570260 kB
Slab:             317968 kB
SReclaimable:      88412 kB
SUnreclaim:       229556 kB
KernelStack:       49168 kB
ShadowCallStack:   12324 kB
PageTables:        74360 kB
NFS_Unstable:          0 kB
Bounce:                0 kB
WritebackTmp:          0 kB
CommitLimit:     8677876 kB
Committed_AS:   73530532 kB
VmallocTotal:   263061440 kB
VmallocUsed:      132012 kB
VmallocChunk:          0 kB
Percpu:             2520 kB
CmaTotal:         405504 kB
CmaFree:          212852 kB
MemTotal:        7918584 kB
MemFree:         2007620 kB
MemAvailable:    3371500 kB
Buffers:            3816 kB
Cached:          1198816 kB
SwapCached:         7100 kB
Active:          2383512 kB
Inactive:         954884 kB
Active(anon):    2053804 kB
Inactive(anon):   100028 kB
Active(file):     329708 kB
Inactive(file):   854856 kB
Unevictable:        6356 kB
Mlocked:            5916 kB
SwapTotal:       4718584 kB
SwapFree:        3960312 kB
Dirty:               308 kB
Writeback:             0 kB
AnonPages:       2137580 kB
Mapped:           544040 kB
Shmem:             13284 kB
KReclaimable:     569540 kB
Slab:             317980 kB
SReclaimable:      88412 kB
SUnreclaim:       229568 kB
KernelStack:       49200 kB
ShadowCallStack:   12316 kB
PageTables:        74536 kB
NFS_Unstable:          0 kB
Bounce:                0 kB
WritebackTmp:          0 kB
CommitLimit:     8677876 kB
Committed_AS:   73661604 kB
VmallocTotal:   263061440 kB
VmallocUsed:      132004 kB
VmallocChunk:          0 kB
Percpu:             2520 kB
CmaTotal:         405504 kB
CmaFree:          212852 kB
MemTotal:        7918584 kB
MemFree:         1939764 kB
MemAvailable:    3302980 kB
Buffers:            3824 kB
Cached:          1198824 kB
SwapCached:         7100 kB
Active:          2450408 kB
Inactive:         954904 kB
Active(anon):    2120700 kB
Inactive(anon):   100032 kB
Active(file):     329708 kB
Inactive(file):   854872 kB
Unevictable:        6356 kB
Mlocked:            5916 kB
SwapTotal:       4718584 kB
SwapFree:        3960312 kB
Dirty:               404 kB
Writeback:             0 kB
AnonPages:       2204516 kB
Mapped:           544496 kB
Shmem:             13284 kB
KReclaimable:     568860 kB
Slab:             318000 kB
SReclaimable:      88412 kB
SUnreclaim:       229588 kB
KernelStack:       49152 kB
ShadowCallStack:   12320 kB
PageTables:        74796 kB
NFS_Unstable:          0 kB
Bounce:                0 kB
WritebackTmp:          0 kB
CommitLimit:     8677876 kB
Committed_AS:   73809056 kB
VmallocTotal:   263061440 kB
VmallocUsed:      132008 kB
VmallocChunk:          0 kB
Percpu:             2520 kB
CmaTotal:         405504 kB
CmaFree:          212852 kB
MemTotal:        7918584 kB
MemFree:         1865896 kB
MemAvailable:    3228072 kB
Buffers:            3824 kB
Cached:          1198824 kB
SwapCached:         7100 kB
Active:          2524308 kB
Inactive:         954904 kB
Active(anon):    2194600 kB
Inactive(anon):   100032 kB
Active(file):     329708 kB
Inactive(file):   854872 kB
Unevictable:        6356 kB
Mlocked:            5916 kB
SwapTotal:       4718584 kB
SwapFree:        3960312 kB
Dirty:               412 kB
Writeback:             0 kB
AnonPages:       2278352 kB
Mapped:           545080 kB
Shmem:             13284 kB
KReclaimable:     567820 kB
Slab:             318048 kB
SReclaimable:      88412 kB
SUnreclaim:       229636 kB
KernelStack:       49152 kB
ShadowCallStack:   12332 kB
PageTables:        75208 kB
NFS_Unstable:          0 kB
Bounce:                0 kB
WritebackTmp:          0 kB
CommitLimit:     8677876 kB
Committed_AS:   73972900 kB
VmallocTotal:   263061440 kB
VmallocUsed:      131996 kB
VmallocChunk:          0 kB
Percpu:             2520 kB
CmaTotal:         405504 kB
CmaFree:          212852 kB
MemTotal:        7918584 kB
MemFree:         1820504 kB
MemAvailable:    3182152 kB
Buffers:            3824 kB
Cached:          1198832 kB
SwapCached:         7100 kB
Active:          2570056 kB
Inactive:         954896 kB
Active(anon):    2240348 kB
Inactive(anon):   100024 kB
Active(file):     329708 kB
Inactive(file):   854872 kB
Unevictable:        6356 kB
Mlocked:            5916 kB
SwapTotal:       4718584 kB
SwapFree:        3960312 kB
Dirty:               412 kB
Writeback:             0 kB
AnonPages:       2324132 kB
Mapped:           545356 kB
Shmem:             13292 kB
KReclaimable:     567292 kB
Slab:             318064 kB
SReclaimable:      88412 kB
SUnreclaim:       229652 kB
KernelStack:       49168 kB
ShadowCallStack:   12316 kB
PageTables:        75460 kB
NFS_Unstable:          0 kB
Bounce:                0 kB
WritebackTmp:          0 kB
CommitLimit:     8677876 kB
Committed_AS:   74087592 kB
VmallocTotal:   263061440 kB
VmallocUsed:      132028 kB
VmallocChunk:          0 kB
Percpu:             2520 kB
CmaTotal:         405504 kB
CmaFree:          212852 kB
MemTotal:        7918584 kB
MemFree:         1754456 kB
MemAvailable:    3115380 kB
Buffers:            3824 kB
Cached:          1198860 kB
SwapCached:         7100 kB
Active:          2634708 kB
Inactive:         954908 kB
Active(anon):    2304976 kB
Inactive(anon):   100032 kB
Active(file):     329732 kB
Inactive(file):   854876 kB
Unevictable:        6356 kB
Mlocked:            5916 kB
SwapTotal:       4718584 kB
SwapFree:        3960312 kB
Dirty:               412 kB
Writeback:             0 kB
AnonPages:       2388820 kB
Mapped:           546032 kB
Shmem:             13292 kB
KReclaimable:     566540 kB
Slab:             318108 kB
SReclaimable:      88428 kB
SUnreclaim:       229680 kB
KernelStack:       49136 kB
ShadowCallStack:   12316 kB
PageTables:        75608 kB
NFS_Unstable:          0 kB
Bounce:                0 kB
WritebackTmp:          0 kB
CommitLimit:     8677876 kB
Committed_AS:   74236096 kB
VmallocTotal:   263061440 kB
VmallocUsed:      131996 kB
VmallocChunk:          0 kB
Percpu:             2520 kB
CmaTotal:         405504 kB
CmaFree:          212852 kB
MemTotal:        7918584 kB
MemFree:         1697856 kB
MemAvailable:    3057984 kB
Buffers:            3848 kB
Cached:          1199008 kB
SwapCached:         7100 kB
Active:          2691620 kB
Inactive:         954936 kB
Active(anon):    2361744 kB
Inactive(anon):   100032 kB
Active(file):     329876 kB
Inactive(file):   854904 kB
Unevictable:        6356 kB
Mlocked:            5916 kB
SwapTotal:       4718584 kB
SwapFree:        3960312 kB
Dirty:               420 kB
Writeback:             0 kB
AnonPages:       2445488 kB
Mapped:           546552 kB
Shmem:             13292 kB
KReclaimable:     565572 kB
Slab:             318148 kB
SReclaimable:      88428 kB
SUnreclaim:       229720 kB
KernelStack:       49136 kB
ShadowCallStack:   12308 kB
PageTables:        75860 kB
NFS_Unstable:          0 kB
Bounce:                0 kB
WritebackTmp:          0 kB
CommitLimit:     8677876 kB
Committed_AS:   74367148 kB
VmallocTotal:   263061440 kB
VmallocUsed:      131992 kB
VmallocChunk:          0 kB
Percpu:             2520 kB
CmaTotal:         405504 kB
CmaFree:          212852 kB
MemTotal:        7918584 kB
MemFree:         1645268 kB
MemAvailable:    3004860 kB
Buffers:            3848 kB
Cached:          1199008 kB
SwapCached:         7100 kB
Active:          2743952 kB
Inactive:         954936 kB
Active(anon):    2414076 kB
Inactive(anon):   100032 kB
Active(file):     329876 kB
Inactive(file):   854904 kB
Unevictable:        6356 kB
Mlocked:            5916 kB
SwapTotal:       4718584 kB
SwapFree:        3960312 kB
Dirty:               420 kB
Writeback:             0 kB
AnonPages:       2497948 kB
Mapped:           546948 kB
Shmem:             13292 kB
KReclaimable:     565036 kB
Slab:             318156 kB
SReclaimable:      88428 kB
SUnreclaim:       229728 kB
KernelStack:       49152 kB
ShadowCallStack:   12320 kB
PageTables:        76260 kB
NFS_Unstable:          0 kB
Bounce:                0 kB
WritebackTmp:          0 kB
CommitLimit:     8677876 kB
Committed_AS:   74498220 kB
VmallocTotal:   263061440 kB
VmallocUsed:      132012 kB
VmallocChunk:          0 kB
Percpu:             2520 kB
CmaTotal:         405504 kB
CmaFree:          212852 kB
MemTotal:        7918584 kB
MemFree:         1598008 kB
MemAvailable:    2957024 kB
Buffers:            3848 kB
Cached:          1199008 kB
SwapCached:         7100 kB
Active:          2790524 kB
Inactive:         954932 kB
Active(anon):    2460648 kB
Inactive(anon):   100028 kB
Active(file):     329876 kB
Inactive(file):   854904 kB
Unevictable:        6356 kB
Mlocked:            5916 kB
SwapTotal:       4718584 kB
SwapFree:        3960312 kB
Dirty:               420 kB
Writeback:             0 kB
AnonPages:       2544308 kB
Mapped:           547444 kB
Shmem:             13292 kB
KReclaimable:     564460 kB
Slab:             318228 kB
SReclaimable:      88444 kB
SUnreclaim:       229784 kB
KernelStack:       49152 kB
ShadowCallStack:   12308 kB
PageTables:        76516 kB
NFS_Unstable:          0 kB
Bounce:                0 kB
WritebackTmp:          0 kB
CommitLimit:     8677876 kB
Committed_AS:   74596364 kB
VmallocTotal:   263061440 kB
VmallocUsed:      131952 kB
VmallocChunk:          0 kB
Percpu:             2520 kB
CmaTotal:         405504 kB
CmaFree:          212852 kB
MemTotal:        7918584 kB
MemFree:         1543328 kB
MemAvailable:    2901504 kB
Buffers:            3848 kB
Cached:          1199016 kB
SwapCached:         7100 kB
Active:          2844484 kB
Inactive:         954936 kB
Active(anon):    2514608 kB
Inactive(anon):   100032 kB
Active(file):     329876 kB
Inactive(file):   854904 kB
Unevictable:        6356 kB
Mlocked:            5916 kB
SwapTotal:       4718584 kB
SwapFree:        3960312 kB
Dirty:               420 kB
Writeback:             0 kB
AnonPages:       2598308 kB
Mapped:           547944 kB
Shmem:             13300 kB
KReclaimable:     563620 kB
Slab:             318224 kB
SReclaimable:      88444 kB
SUnreclaim:       229780 kB
KernelStack:       49088 kB
ShadowCallStack:   12292 kB
PageTables:        76668 kB
NFS_Unstable:          0 kB
Bounce:                0 kB
WritebackTmp:          0 kB
CommitLimit:     8677876 kB
Committed_AS:   74711012 kB
VmallocTotal:   263061440 kB
VmallocUsed:      131932 kB
VmallocChunk:          0 kB
Percpu:             2520 kB
CmaTotal:         405504 kB
CmaFree:          212852 kB
MemTotal:        7918584 kB
MemFree:         1491904 kB
MemAvailable:    2849752 kB
Buffers:            3848 kB
Cached:          1199032 kB
SwapCached:         7100 kB
Active:          2896344 kB
Inactive:         954944 kB
Active(anon):    2566468 kB
Inactive(anon):   100024 kB
Active(file):     329876 kB
Inactive(file):   854920 kB
Unevictable:        6356 kB
Mlocked:            5916 kB
SwapTotal:       4718584 kB
SwapFree:        3960312 kB
Dirty:               440 kB
Writeback:             0 kB
AnonPages:       2650428 kB
Mapped:           548176 kB
Shmem:             13300 kB
KReclaimable:     563276 kB
Slab:             318264 kB
SReclaimable:      88444 kB
SUnreclaim:       229820 kB
KernelStack:       49136 kB
ShadowCallStack:   12304 kB
PageTables:        76804 kB
NFS_Unstable:          0 kB
Bounce:                0 kB
WritebackTmp:          0 kB
CommitLimit:     8677876 kB
Committed_AS:   74858552 kB
VmallocTotal:   263061440 kB
VmallocUsed:      131964 kB
VmallocChunk:          0 kB
Percpu:             2520 kB
CmaTotal:         405504 kB
CmaFree:          212852 kB
MemTotal:        7918584 kB
MemFree:         1381408 kB
MemAvailable:    2616248 kB
Buffers:            3856 kB
Cached:          1199168 kB
SwapCached:         7100 kB
Active:          3006276 kB
Inactive:         954960 kB
Active(anon):    2676400 kB
Inactive(anon):   100032 kB
Active(file):     329876 kB
Inactive(file):   854928 kB
Unevictable:        6356 kB
Mlocked:            5916 kB
SwapTotal:       4718584 kB
SwapFree:        3960312 kB
Dirty:               440 kB
Writeback:             0 kB
AnonPages:       2760044 kB
Mapped:           549484 kB
Shmem:             13436 kB
KReclaimable:     440260 kB
Slab:             318388 kB
SReclaimable:      88444 kB
SUnreclaim:       229944 kB
KernelStack:       49184 kB
ShadowCallStack:   12320 kB
PageTables:        77300 kB
NFS_Unstable:          0 kB
Bounce:                0 kB
WritebackTmp:          0 kB
CommitLimit:     8677876 kB
Committed_AS:   74989948 kB
VmallocTotal:   263061440 kB
VmallocUsed:      132104 kB
VmallocChunk:          0 kB
Percpu:             2520 kB
CmaTotal:         405504 kB
CmaFree:          212852 kB
MemTotal:        7918584 kB
MemFree:         1390676 kB
MemAvailable:    2746872 kB
Buffers:            3864 kB
Cached:          1199048 kB
SwapCached:         7100 kB
Active:          2997324 kB
Inactive:         954968 kB
Active(anon):    2667448 kB
Inactive(anon):   100032 kB
Active(file):     329876 kB
Inactive(file):   854936 kB
Unevictable:        6356 kB
Mlocked:            5916 kB
SwapTotal:       4718584 kB
SwapFree:        3960312 kB
Dirty:               484 kB
Writeback:             0 kB
AnonPages:       2751236 kB
Mapped:           549208 kB
Shmem:             13316 kB
KReclaimable:     561608 kB
Slab:             318340 kB
SReclaimable:      88460 kB
SUnreclaim:       229880 kB
KernelStack:       49088 kB
ShadowCallStack:   12320 kB
PageTables:        77364 kB
NFS_Unstable:          0 kB
Bounce:                0 kB
WritebackTmp:          0 kB
CommitLimit:     8677876 kB
Committed_AS:   75055088 kB
VmallocTotal:   263061440 kB
VmallocUsed:      131912 kB
VmallocChunk:          0 kB
Percpu:             2520 kB
CmaTotal:         405504 kB
CmaFree:          212852 kB
MemTotal:        7918584 kB
MemFree:         1328732 kB
MemAvailable:    2684292 kB
Buffers:            3864 kB
Cached:          1199048 kB
SwapCached:         7100 kB
Active:          3058800 kB
Inactive:         954956 kB
Active(anon):    2728924 kB
Inactive(anon):   100020 kB
Active(file):     329876 kB
Inactive(file):   854936 kB
Unevictable:        6356 kB
Mlocked:            5916 kB
SwapTotal:       4718584 kB
SwapFree:        3960312 kB
Dirty:               484 kB
Writeback:             0 kB
AnonPages:       2812572 kB
Mapped:           549660 kB
Shmem:             13316 kB
KReclaimable:     560972 kB
Slab:             318340 kB
SReclaimable:      88460 kB
SUnreclaim:       229880 kB
KernelStack:       49104 kB
ShadowCallStack:   12300 kB
PageTables:        77656 kB
NFS_Unstable:          0 kB
Bounce:                0 kB
WritebackTmp:          0 kB
CommitLimit:     8677876 kB
Committed_AS:   75218564 kB
VmallocTotal:   263061440 kB
VmallocUsed:      131916 kB
VmallocChunk:          0 kB
Percpu:             2520 kB
CmaTotal:         405504 kB
CmaFree:          212852 kB
MemTotal:        7918584 kB
MemFree:         1285072 kB
MemAvailable:    2639832 kB
Buffers:            3864 kB
Cached:          1199048 kB
SwapCached:         7100 kB
Active:          3101408 kB
Inactive:         954968 kB
Active(anon):    2771532 kB
Inactive(anon):   100032 kB
Active(file):     329876 kB
Inactive(file):   854936 kB
Unevictable:        6356 kB
Mlocked:            5916 kB
SwapTotal:       4718584 kB
SwapFree:        3960312 kB
Dirty:               484 kB
Writeback:             0 kB
AnonPages:       2855300 kB
Mapped:           550212 kB
Shmem:             13316 kB
KReclaimable:     560172 kB
Slab:             318396 kB
SReclaimable:      88508 kB
SUnreclaim:       229888 kB
KernelStack:       49072 kB
ShadowCallStack:   12300 kB
PageTables:        77812 kB
NFS_Unstable:          0 kB
Bounce:                0 kB
WritebackTmp:          0 kB
CommitLimit:     8677876 kB
Committed_AS:   75316764 kB
VmallocTotal:   263061440 kB
VmallocUsed:      131880 kB
VmallocChunk:          0 kB
Percpu:             2520 kB
CmaTotal:         405504 kB
CmaFree:          212852 kB
MemTotal:        7918584 kB
MemFree:         1238292 kB
MemAvailable:    2592648 kB
Buffers:            3864 kB
Cached:          1199052 kB
SwapCached:         7100 kB
Active:          3148112 kB
Inactive:         954972 kB
Active(anon):    2818236 kB
Inactive(anon):   100032 kB
Active(file):     329876 kB
Inactive(file):   854940 kB
Unevictable:        6356 kB
Mlocked:            5916 kB
SwapTotal:       4718584 kB
SwapFree:        3960312 kB
Dirty:               516 kB
Writeback:             0 kB
AnonPages:       2902056 kB
Mapped:           550516 kB
Shmem:             13316 kB
KReclaimable:     559764 kB
Slab:             318428 kB
SReclaimable:      88508 kB
SUnreclaim:       229920 kB
KernelStack:       49072 kB
ShadowCallStack:   12288 kB
PageTables:        78028 kB
NFS_Unstable:          0 kB
Bounce:                0 kB
WritebackTmp:          0 kB
CommitLimit:     8677876 kB
Committed_AS:   75415072 kB
VmallocTotal:   263061440 kB
VmallocUsed:      131892 kB
VmallocChunk:          0 kB
Percpu:             2520 kB
CmaTotal:         405504 kB
CmaFree:          212852 kB
MemTotal:        7918584 kB
MemFree:         1176504 kB
MemAvailable:    2530216 kB
Buffers:            3888 kB
Cached:          1199056 kB
SwapCached:         7100 kB
Active:          3209512 kB
Inactive:         955000 kB
Active(anon):    2879636 kB
Inactive(anon):   100032 kB
Active(file):     329876 kB
Inactive(file):   854968 kB
Unevictable:        6356 kB
Mlocked:            5916 kB
SwapTotal:       4718584 kB
SwapFree:        3960312 kB
Dirty:               524 kB
Writeback:             0 kB
AnonPages:       2963384 kB
Mapped:           550988 kB
Shmem:             13316 kB
KReclaimable:     559092 kB
Slab:             318468 kB
SReclaimable:      88540 kB
SUnreclaim:       229928 kB
KernelStack:       49024 kB
ShadowCallStack:   12288 kB
PageTables:        78148 kB
NFS_Unstable:          0 kB
Bounce:                0 kB
WritebackTmp:          0 kB
CommitLimit:     8677876 kB
Committed_AS:   75562528 kB
VmallocTotal:   263061440 kB
VmallocUsed:      131876 kB
VmallocChunk:          0 kB
Percpu:             2520 kB
CmaTotal:         405504 kB
CmaFree:          212852 kB
MemTotal:        7918584 kB
MemFree:         1123188 kB
MemAvailable:    2476196 kB
Buffers:            3888 kB
Cached:          1199064 kB
SwapCached:         7100 kB
Active:          3262912 kB
Inactive:         954992 kB
Active(anon):    2933036 kB
Inactive(anon):   100024 kB
Active(file):     329876 kB
Inactive(file):   854968 kB
Unevictable:        6356 kB
Mlocked:            5916 kB
SwapTotal:       4718584 kB
SwapFree:        3960312 kB
Dirty:               524 kB
Writeback:             0 kB
AnonPages:       3016892 kB
Mapped:           551440 kB
Shmem:             13324 kB
KReclaimable:     558388 kB
Slab:             318440 kB
SReclaimable:      88540 kB
SUnreclaim:       229900 kB
KernelStack:       49088 kB
ShadowCallStack:   12292 kB
PageTables:        78660 kB
NFS_Unstable:          0 kB
Bounce:                0 kB
WritebackTmp:          0 kB
CommitLimit:     8677876 kB
Committed_AS:   75677224 kB
VmallocTotal:   263061440 kB
VmallocUsed:      131888 kB
VmallocChunk:          0 kB
Percpu:             2520 kB
CmaTotal:         405504 kB
CmaFree:          212852 kB
MemTotal:        7918584 kB
MemFree:         1077464 kB
MemAvailable:    2429984 kB
Buffers:            3888 kB
Cached:          1199064 kB
SwapCached:         7100 kB
Active:          3311560 kB
Inactive:         955000 kB
Active(anon):    2981684 kB
Inactive(anon):   100032 kB
Active(file):     329876 kB
Inactive(file):   854968 kB
Unevictable:        6356 kB
Mlocked:            5916 kB
SwapTotal:       4718584 kB
SwapFree:        3960312 kB
Dirty:               524 kB
Writeback:             0 kB
AnonPages:       3065536 kB
Mapped:           551732 kB
Shmem:             13324 kB
KReclaimable:     557900 kB
Slab:             318448 kB
SReclaimable:      88540 kB
SUnreclaim:       229908 kB
KernelStack:       49056 kB
ShadowCallStack:   12284 kB
PageTables:        78768 kB
NFS_Unstable:          0 kB
Bounce:                0 kB
WritebackTmp:          0 kB
CommitLimit:     8677876 kB
Committed_AS:   75791912 kB
VmallocTotal:   263061440 kB
VmallocUsed:      131888 kB
VmallocChunk:          0 kB
Percpu:             2520 kB
CmaTotal:         405504 kB
CmaFree:          191020 kB
MemTotal:        7918584 kB
MemFree:         1007584 kB
MemAvailable:    2358648 kB
Buffers:            3888 kB
Cached:          1199068 kB
SwapCached:         7100 kB
Active:          3379052 kB
Inactive:         954988 kB
Active(anon):    3049176 kB
Inactive(anon):   100020 kB
Active(file):     329876 kB
Inactive(file):   854968 kB
Unevictable:        6356 kB
Mlocked:            5916 kB
SwapTotal:       4718584 kB
SwapFree:        3960312 kB
Dirty:               524 kB
Writeback:             0 kB
AnonPages:       3133016 kB
Mapped:           552484 kB
Shmem:             13328 kB
KReclaimable:     556444 kB
Slab:             318532 kB
SReclaimable:      88540 kB
SUnreclaim:       229992 kB
KernelStack:       49088 kB
ShadowCallStack:   12288 kB
PageTables:        79196 kB
NFS_Unstable:          0 kB
Bounce:                0 kB
WritebackTmp:          0 kB
CommitLimit:     8677876 kB
Committed_AS:   75952768 kB
VmallocTotal:   263061440 kB
VmallocUsed:      131888 kB
VmallocChunk:          0 kB
Percpu:             2520 kB
CmaTotal:         405504 kB
CmaFree:          121976 kB
MemTotal:        7918584 kB
MemFree:          973796 kB
MemAvailable:    2324600 kB
Buffers:            3888 kB
Cached:          1199080 kB
SwapCached:         7100 kB
Active:          3413384 kB
Inactive:         955012 kB
Active(anon):    3083508 kB
Inactive(anon):   100032 kB
Active(file):     329876 kB
Inactive(file):   854980 kB
Unevictable:        6356 kB
Mlocked:            5916 kB
SwapTotal:       4718584 kB
SwapFree:        3960312 kB
Dirty:               532 kB
Writeback:             0 kB
AnonPages:       3167276 kB
Mapped:           552600 kB
Shmem:             13328 kB
KReclaimable:     556172 kB
Slab:             318600 kB
SReclaimable:      88556 kB
SUnreclaim:       230044 kB
KernelStack:       49072 kB
ShadowCallStack:   12292 kB
PageTables:        79268 kB
NFS_Unstable:          0 kB
Bounce:                0 kB
WritebackTmp:          0 kB
CommitLimit:     8677876 kB
Committed_AS:   76034688 kB
VmallocTotal:   263061440 kB
VmallocUsed:      131888 kB
VmallocChunk:          0 kB
Percpu:             2520 kB
CmaTotal:         405504 kB
CmaFree:           88004 kB
MemTotal:        7918584 kB
MemFree:          916568 kB
MemAvailable:    2266916 kB
Buffers:            3896 kB
Cached:          1199084 kB
SwapCached:         7100 kB
Active:          3469952 kB
Inactive:         955016 kB
Active(anon):    3140076 kB
Inactive(anon):   100028 kB
Active(file):     329876 kB
Inactive(file):   854988 kB
Unevictable:        6356 kB
Mlocked:            5916 kB
SwapTotal:       4718584 kB
SwapFree:        3960312 kB
Dirty:               364 kB
Writeback:             0 kB
AnonPages:       3223888 kB
Mapped:           553016 kB
Shmem:             13328 kB
KReclaimable:     555708 kB
Slab:             318656 kB
SReclaimable:      88556 kB
SUnreclaim:       230100 kB
KernelStack:       49120 kB
ShadowCallStack:   12288 kB
PageTables:        79436 kB
NFS_Unstable:          0 kB
Bounce:                0 kB
WritebackTmp:          0 kB
CommitLimit:     8677876 kB
Committed_AS:   76165756 kB
VmallocTotal:   263061440 kB
VmallocUsed:      131892 kB
VmallocChunk:          0 kB
Percpu:             2520 kB
CmaTotal:         405504 kB
CmaFree:           31568 kB
MemTotal:        7918584 kB
MemFree:          849852 kB
MemAvailable:    2198824 kB
Buffers:            3896 kB
Cached:          1199080 kB
SwapCached:         7100 kB
Active:          3537636 kB
Inactive:         955016 kB
Active(anon):    3207760 kB
Inactive(anon):   100028 kB
Active(file):     329876 kB
Inactive(file):   854988 kB
Unevictable:        6356 kB
Mlocked:            5916 kB
SwapTotal:       4718584 kB
SwapFree:        3960312 kB
Dirty:               284 kB
Writeback:             0 kB
AnonPages:       3291492 kB
Mapped:           553864 kB
Shmem:             13328 kB
KReclaimable:     554332 kB
Slab:             318672 kB
SReclaimable:      88556 kB
SUnreclaim:       230116 kB
KernelStack:       49040 kB
ShadowCallStack:   12292 kB
PageTables:        79880 kB
NFS_Unstable:          0 kB
Bounce:                0 kB
WritebackTmp:          0 kB
CommitLimit:     8677876 kB
Committed_AS:   76296784 kB
VmallocTotal:   263061440 kB
VmallocUsed:      131872 kB
VmallocChunk:          0 kB
Percpu:             2520 kB
CmaTotal:         405504 kB
CmaFree:               0 kB
MemTotal:        7918584 kB
MemFree:          802824 kB
MemAvailable:    2151476 kB
Buffers:            3896 kB
Cached:          1199080 kB
SwapCached:         7100 kB
Active:          3583756 kB
Inactive:         955020 kB
Active(anon):    3253880 kB
Inactive(anon):   100032 kB
Active(file):     329876 kB
Inactive(file):   854988 kB
Unevictable:        6356 kB
Mlocked:            5916 kB
SwapTotal:       4718584 kB
SwapFree:        3960312 kB
Dirty:               284 kB
Writeback:             0 kB
AnonPages:       3337556 kB
Mapped:           554128 kB
Shmem:             13328 kB
KReclaimable:     554012 kB
Slab:             318648 kB
SReclaimable:      88556 kB
SUnreclaim:       230092 kB
KernelStack:       49008 kB
ShadowCallStack:   12280 kB
PageTables:        79924 kB
NFS_Unstable:          0 kB
Bounce:                0 kB
WritebackTmp:          0 kB
CommitLimit:     8677876 kB
Committed_AS:   76395452 kB
VmallocTotal:   263061440 kB
VmallocUsed:      131872 kB
VmallocChunk:          0 kB
Percpu:             2520 kB
CmaTotal:         405504 kB
CmaFree:               0 kB
MemTotal:        7918584 kB
MemFree:          741564 kB
MemAvailable:    2089528 kB
Buffers:            3896 kB
Cached:          1199088 kB
SwapCached:         7100 kB
Active:          3646144 kB
Inactive:         955012 kB
Active(anon):    3316268 kB
Inactive(anon):   100024 kB
Active(file):     329876 kB
Inactive(file):   854988 kB
Unevictable:        6356 kB
Mlocked:            5916 kB
SwapTotal:       4718584 kB
SwapFree:        3960312 kB
Dirty:               284 kB
Writeback:             0 kB
AnonPages:       3400208 kB
Mapped:           554908 kB
Shmem:             13336 kB
KReclaimable:     553324 kB
Slab:             318856 kB
SReclaimable:      88556 kB
SUnreclaim:       230300 kB
KernelStack:       49056 kB
ShadowCallStack:   12288 kB
PageTables:        80188 kB
NFS_Unstable:          0 kB
Bounce:                0 kB
WritebackTmp:          0 kB
CommitLimit:     8677876 kB
Committed_AS:   76559304 kB
VmallocTotal:   263061440 kB
VmallocUsed:      131836 kB
VmallocChunk:          0 kB
Percpu:             2520 kB
CmaTotal:         405504 kB
CmaFree:               0 kB
MemTotal:        7918584 kB
MemFree:          691868 kB
MemAvailable:    2039128 kB
Buffers:            3896 kB
Cached:          1199100 kB
SwapCached:         7100 kB
Active:          3695520 kB
Inactive:         955028 kB
Active(anon):    3365644 kB
Inactive(anon):   100032 kB
Active(file):     329876 kB
Inactive(file):   854996 kB
Unevictable:        6356 kB
Mlocked:            5916 kB
SwapTotal:       4718584 kB
SwapFree:        3960312 kB
Dirty:               308 kB
Writeback:             0 kB
AnonPages:       3449396 kB
Mapped:           554932 kB
Shmem:             13340 kB
KReclaimable:     552612 kB
Slab:             318748 kB
SReclaimable:      88556 kB
SUnreclaim:       230192 kB
KernelStack:       49024 kB
ShadowCallStack:   12292 kB
PageTables:        80520 kB
NFS_Unstable:          0 kB
Bounce:                0 kB
WritebackTmp:          0 kB
CommitLimit:     8677876 kB
Committed_AS:   76641224 kB
VmallocTotal:   263061440 kB
VmallocUsed:      131868 kB
VmallocChunk:          0 kB
Percpu:             2520 kB
CmaTotal:         405504 kB
CmaFree:               0 kB
MemTotal:        7918584 kB
MemFree:          650528 kB
MemAvailable:    1997496 kB
Buffers:            3920 kB
Cached:          1199096 kB
SwapCached:         7100 kB
Active:          3736556 kB
Inactive:         955040 kB
Active(anon):    3406680 kB
Inactive(anon):   100024 kB
Active(file):     329876 kB
Inactive(file):   855016 kB
Unevictable:        6356 kB
Mlocked:            5916 kB
SwapTotal:       4718584 kB
SwapFree:        3960312 kB
Dirty:               380 kB
Writeback:             0 kB
AnonPages:       3490392 kB
Mapped:           555276 kB
Shmem:             13340 kB
KReclaimable:     552300 kB
Slab:             318896 kB
SReclaimable:      88556 kB
SUnreclaim:       230340 kB
KernelStack:       49040 kB
ShadowCallStack:   12288 kB
PageTables:        80636 kB
NFS_Unstable:          0 kB
Bounce:                0 kB
WritebackTmp:          0 kB
CommitLimit:     8677876 kB
Committed_AS:   76723148 kB
VmallocTotal:   263061440 kB
VmallocUsed:      131868 kB
VmallocChunk:          0 kB
Percpu:             2520 kB
CmaTotal:         405504 kB
CmaFree:               0 kB
MemTotal:        7918584 kB
MemFree:          573108 kB
MemAvailable:    1918776 kB
Buffers:            3928 kB
Cached:          1199092 kB
SwapCached:         7100 kB
Active:          3813348 kB
Inactive:         955048 kB
Active(anon):    3483472 kB
Inactive(anon):   100028 kB
Active(file):     329876 kB
Inactive(file):   855020 kB
Unevictable:        6356 kB
Mlocked:            5916 kB
SwapTotal:       4718584 kB
SwapFree:        3960312 kB
Dirty:               416 kB
Writeback:             0 kB
AnonPages:       3567216 kB
Mapped:           556184 kB
Shmem:             13340 kB
KReclaimable:     550996 kB
Slab:             318828 kB
SReclaimable:      88556 kB
SUnreclaim:       230272 kB
KernelStack:       49008 kB
ShadowCallStack:   12280 kB
PageTables:        81052 kB
NFS_Unstable:          0 kB
Bounce:                0 kB
WritebackTmp:          0 kB
CommitLimit:     8677876 kB
Committed_AS:   76903368 kB
VmallocTotal:   263061440 kB
VmallocUsed:      131872 kB
VmallocChunk:          0 kB
Percpu:             2520 kB
CmaTotal:         405504 kB
CmaFree:               0 kB
MemTotal:        7918584 kB
MemFree:          539300 kB
MemAvailable:    1884688 kB
Buffers:            3928 kB
Cached:          1199100 kB
SwapCached:         7100 kB
Active:          3846036 kB
Inactive:         955048 kB
Active(anon):    3516160 kB
Inactive(anon):   100020 kB
Active(file):     329876 kB
Inactive(file):   855028 kB
Unevictable:        6356 kB
Mlocked:            5916 kB
SwapTotal:       4718584 kB
SwapFree:        3960312 kB
Dirty:               340 kB
Writeback:             0 kB
AnonPages:       3600064 kB
Mapped:           556268 kB
Shmem:             13340 kB
KReclaimable:     550708 kB
Slab:             319044 kB
SReclaimable:      88556 kB
SUnreclaim:       230488 kB
KernelStack:       49040 kB
ShadowCallStack:   12284 kB
PageTables:        81016 kB
NFS_Unstable:          0 kB
Bounce:                0 kB
WritebackTmp:          0 kB
CommitLimit:     8677876 kB
Committed_AS:   76985288 kB
VmallocTotal:   263061440 kB
VmallocUsed:      131868 kB
VmallocChunk:          0 kB
Percpu:             2520 kB
CmaTotal:         405504 kB
CmaFree:               0 kB
MemTotal:        7918584 kB
MemFree:          482052 kB
MemAvailable:    1826720 kB
Buffers:            3928 kB
Cached:          1199100 kB
SwapCached:         7100 kB
Active:          3903868 kB
Inactive:         955060 kB
Active(anon):    3573992 kB
Inactive(anon):   100032 kB
Active(file):     329876 kB
Inactive(file):   855028 kB
Unevictable:        6356 kB
Mlocked:            5916 kB
SwapTotal:       4718584 kB
SwapFree:        3960312 kB
Dirty:               340 kB
Writeback:             0 kB
AnonPages:       3657828 kB
Mapped:           556884 kB
Shmem:             13340 kB
KReclaimable:     549988 kB
Slab:             319016 kB
SReclaimable:      88572 kB
SUnreclaim:       230444 kB
KernelStack:       49024 kB
ShadowCallStack:   12280 kB
PageTables:        81348 kB
NFS_Unstable:          0 kB
Bounce:                0 kB
WritebackTmp:          0 kB
CommitLimit:     8677876 kB
Committed_AS:   77099976 kB
VmallocTotal:   263061440 kB
VmallocUsed:      131884 kB
VmallocChunk:          0 kB
Percpu:             2520 kB
CmaTotal:         405504 kB
CmaFree:               0 kB
MemTotal:        7918584 kB
MemFree:          420524 kB
MemAvailable:    1764088 kB
Buffers:            3928 kB
Cached:          1199100 kB
SwapCached:         7100 kB
Active:          3965868 kB
Inactive:         955056 kB
Active(anon):    3635992 kB
Inactive(anon):   100028 kB
Active(file):     329876 kB
Inactive(file):   855028 kB
Unevictable:        6356 kB
Mlocked:            5916 kB
SwapTotal:       4718584 kB
SwapFree:        3960312 kB
Dirty:               340 kB
Writeback:             0 kB
AnonPages:       3719848 kB
Mapped:           557532 kB
Shmem:             13340 kB
KReclaimable:     548884 kB
Slab:             319140 kB
SReclaimable:      88572 kB
SUnreclaim:       230568 kB
KernelStack:       49008 kB
ShadowCallStack:   12272 kB
PageTables:        81584 kB
NFS_Unstable:          0 kB
Bounce:                0 kB
WritebackTmp:          0 kB
CommitLimit:     8677876 kB
Committed_AS:   77230996 kB
VmallocTotal:   263061440 kB
VmallocUsed:      131832 kB
VmallocChunk:          0 kB
Percpu:             2520 kB
CmaTotal:         405504 kB
CmaFree:               0 kB
MemTotal:        7918584 kB
MemFree:          390504 kB
MemAvailable:    1733856 kB
Buffers:            3936 kB
Cached:          1199108 kB
SwapCached:         7100 kB
Active:          3994868 kB
Inactive:         955072 kB
Active(anon):    3664992 kB
Inactive(anon):   100032 kB
Active(file):     329876 kB
Inactive(file):   855040 kB
Unevictable:        6356 kB
Mlocked:            5916 kB
SwapTotal:       4718584 kB
SwapFree:        3960312 kB
Dirty:               168 kB
Writeback:             0 kB
AnonPages:       3748756 kB
Mapped:           557696 kB
Shmem:             13344 kB
KReclaimable:     548660 kB
Slab:             319076 kB
SReclaimable:      88572 kB
SUnreclaim:       230504 kB
KernelStack:       49024 kB
ShadowCallStack:   12276 kB
PageTables:        81744 kB
NFS_Unstable:          0 kB
Bounce:                0 kB
WritebackTmp:          0 kB
CommitLimit:     8677876 kB
Committed_AS:   77296536 kB
VmallocTotal:   263061440 kB
VmallocUsed:      131852 kB
VmallocChunk:          0 kB
Percpu:             2520 kB
CmaTotal:         405504 kB
CmaFree:               0 kB
MemTotal:        7918584 kB
MemFree:          290492 kB
MemAvailable:    1511300 kB
Buffers:            3936 kB
Cached:          1199196 kB
SwapCached:         7100 kB
Active:          4093856 kB
Inactive:         955076 kB
Active(anon):    3763980 kB
Inactive(anon):   100028 kB
Active(file):     329876 kB
Inactive(file):   855048 kB
Unevictable:        6356 kB
Mlocked:            5916 kB
SwapTotal:       4718584 kB
SwapFree:        3960312 kB
Dirty:               172 kB
Writeback:             0 kB
AnonPages:       3847616 kB
Mapped:           558724 kB
Shmem:             13424 kB
KReclaimable:     426108 kB
Slab:             319296 kB
SReclaimable:      88572 kB
SUnreclaim:       230724 kB
KernelStack:       49152 kB
ShadowCallStack:   12312 kB
PageTables:        81968 kB
NFS_Unstable:          0 kB
Bounce:                0 kB
WritebackTmp:          0 kB
CommitLimit:     8677876 kB
Committed_AS:   77444388 kB
VmallocTotal:   263061440 kB
VmallocUsed:      131972 kB
VmallocChunk:          0 kB
Percpu:             2520 kB
CmaTotal:         405504 kB
CmaFree:               0 kB
MemTotal:        7918584 kB
MemFree:          302288 kB
MemAvailable:    1644360 kB
Buffers:            3944 kB
Cached:          1199116 kB
SwapCached:         7100 kB
Active:          4081816 kB
Inactive:         955088 kB
Active(anon):    3751940 kB
Inactive(anon):   100032 kB
Active(file):     329876 kB
Inactive(file):   855056 kB
Unevictable:        6356 kB
Mlocked:            5916 kB
SwapTotal:       4718584 kB
SwapFree:        3960312 kB
Dirty:               184 kB
Writeback:             0 kB
AnonPages:       3835652 kB
Mapped:           558268 kB
Shmem:             13344 kB
KReclaimable:     547364 kB
Slab:             319324 kB
SReclaimable:      88588 kB
SUnreclaim:       230736 kB
KernelStack:       49040 kB
ShadowCallStack:   12292 kB
PageTables:        82144 kB
NFS_Unstable:          0 kB
Bounce:                0 kB
WritebackTmp:          0 kB
CommitLimit:     8677876 kB
Committed_AS:   77509532 kB
VmallocTotal:   263061440 kB
VmallocUsed:      131868 kB
VmallocChunk:          0 kB
Percpu:             2520 kB
CmaTotal:         405504 kB
CmaFree:              44 kB
MemTotal:        7918584 kB
MemFree:          262528 kB
MemAvailable:    1604144 kB
Buffers:            3944 kB
Cached:          1199116 kB
SwapCached:         7100 kB
Active:          4123124 kB
Inactive:         955080 kB
Active(anon):    3793248 kB
Inactive(anon):   100024 kB
Active(file):     329876 kB
Inactive(file):   855056 kB
Unevictable:        6356 kB
Mlocked:            5916 kB
SwapTotal:       4718584 kB
SwapFree:        3960568 kB
Dirty:               184 kB
Writeback:             0 kB
AnonPages:       3876952 kB
Mapped:           558868 kB
Shmem:             13344 kB
KReclaimable:     546908 kB
Slab:             319288 kB
SReclaimable:      88588 kB
SUnreclaim:       230700 kB
KernelStack:       49056 kB
ShadowCallStack:   12276 kB
PageTables:        82416 kB
NFS_Unstable:          0 kB
Bounce:                0 kB
WritebackTmp:          0 kB
CommitLimit:     8677876 kB
Committed_AS:   77591448 kB
VmallocTotal:   263061440 kB
VmallocUsed:      131852 kB
VmallocChunk:          0 kB
Percpu:             2520 kB
CmaTotal:         405504 kB
CmaFree:               0 kB
MemTotal:        7918584 kB
MemFree:          200552 kB
MemAvailable:    1540768 kB
Buffers:            3944 kB
Cached:          1199128 kB
SwapCached:         7100 kB
Active:          4185012 kB
Inactive:         955092 kB
Active(anon):    3855136 kB
Inactive(anon):   100028 kB
Active(file):     329876 kB
Inactive(file):   855064 kB
Unevictable:        6356 kB
Mlocked:            5916 kB
SwapTotal:       4718584 kB
SwapFree:        3960568 kB
Dirty:               212 kB
Writeback:             0 kB
AnonPages:       3938856 kB
Mapped:           559552 kB
Shmem:             13348 kB
KReclaimable:     545500 kB
Slab:             319344 kB
SReclaimable:      88572 kB
SUnreclaim:       230772 kB
KernelStack:       48992 kB
ShadowCallStack:   12272 kB
PageTables:        82676 kB
NFS_Unstable:          0 kB
Bounce:                0 kB
WritebackTmp:          0 kB
CommitLimit:     8677876 kB
Committed_AS:   77722364 kB
VmallocTotal:   263061440 kB
VmallocUsed:      131788 kB
VmallocChunk:          0 kB
Percpu:             2520 kB
CmaTotal:         405504 kB
CmaFree:               0 kB
MemTotal:        7918584 kB
MemFree:          195332 kB
MemAvailable:    1531024 kB
Buffers:            3976 kB
Cached:          1199124 kB
SwapCached:         7100 kB
Active:          4236512 kB
Inactive:         927404 kB
Active(anon):    3906636 kB
Inactive(anon):    72288 kB
Active(file):     329876 kB
Inactive(file):   855116 kB
Unevictable:        6356 kB
Mlocked:            5916 kB
SwapTotal:       4718584 kB
SwapFree:        3957240 kB
Dirty:               132 kB
Writeback:            12 kB
AnonPages:       3962592 kB
Mapped:           559716 kB
Shmem:             13324 kB
KReclaimable:     540924 kB
Slab:             318572 kB
SReclaimable:      87852 kB
SUnreclaim:       230720 kB
KernelStack:       48976 kB
ShadowCallStack:   12260 kB
PageTables:        82636 kB
NFS_Unstable:          0 kB
Bounce:                0 kB
WritebackTmp:          0 kB
CommitLimit:     8677876 kB
Committed_AS:   77771472 kB
VmallocTotal:   263061440 kB
VmallocUsed:      131752 kB
VmallocChunk:          0 kB
Percpu:             2520 kB
CmaTotal:         405504 kB
CmaFree:               0 kB
MemTotal:        7918584 kB
MemFree:          199188 kB
MemAvailable:    1464304 kB
Buffers:            3968 kB
Cached:          1147988 kB
SwapCached:         7100 kB
Active:          4356056 kB
Inactive:         819756 kB
Active(anon):    4022952 kB
Inactive(anon):    19060 kB
Active(file):     333104 kB
Inactive(file):   800696 kB
Unevictable:        6356 kB
Mlocked:            5916 kB
SwapTotal:       4718584 kB
SwapFree:        3955192 kB
Dirty:                76 kB
Writeback:             0 kB
AnonPages:       4025664 kB
Mapped:           556184 kB
Shmem:             13280 kB
KReclaimable:     521540 kB
Slab:             318432 kB
SReclaimable:      87704 kB
SUnreclaim:       230728 kB
KernelStack:       48832 kB
ShadowCallStack:   12256 kB
PageTables:        82888 kB
NFS_Unstable:          0 kB
Bounce:                0 kB
WritebackTmp:          0 kB
CommitLimit:     8677876 kB
Committed_AS:   77918564 kB
VmallocTotal:   263061440 kB
VmallocUsed:      131632 kB
VmallocChunk:          0 kB
Percpu:             2520 kB
CmaTotal:         405504 kB
CmaFree:               0 kB
MemTotal:        7918584 kB
MemFree:          197024 kB
MemAvailable:    1434108 kB
Buffers:            3964 kB
Cached:          1124536 kB
SwapCached:         7100 kB
Active:          4389016 kB
Inactive:         794172 kB
Active(anon):    4053696 kB
Inactive(anon):    19060 kB
Active(file):     335320 kB
Inactive(file):   775112 kB
Unevictable:        6356 kB
Mlocked:            5916 kB
SwapTotal:       4718584 kB
SwapFree:        3955448 kB
Dirty:                80 kB
Writeback:             0 kB
AnonPages:       4056596 kB
Mapped:           548872 kB
Shmem:             13284 kB
KReclaimable:     516876 kB
Slab:             318452 kB
SReclaimable:      87704 kB
SUnreclaim:       230748 kB
KernelStack:       48832 kB
ShadowCallStack:   12232 kB
PageTables:        83132 kB
NFS_Unstable:          0 kB
Bounce:                0 kB
WritebackTmp:          0 kB
CommitLimit:     8677876 kB
Committed_AS:   77989120 kB
VmallocTotal:   263061440 kB
VmallocUsed:      131592 kB
VmallocChunk:          0 kB
Percpu:             2520 kB
CmaTotal:         405504 kB
CmaFree:               0 kB
MemTotal:        7918584 kB
MemFree:          196368 kB
MemAvailable:    1400120 kB
Buffers:            3956 kB
Cached:          1095508 kB
SwapCached:         7100 kB
Active:          4425500 kB
Inactive:         762348 kB
Active(anon):    4087500 kB
Inactive(anon):    19056 kB
Active(file):     338000 kB
Inactive(file):   743292 kB
Unevictable:        6356 kB
Mlocked:            5916 kB
SwapTotal:       4718584 kB
SwapFree:        3955448 kB
Dirty:                84 kB
Writeback:             0 kB
AnonPages:       4090356 kB
Mapped:           543188 kB
Shmem:             13284 kB
KReclaimable:     512684 kB
Slab:             318452 kB
SReclaimable:      87704 kB
SUnreclaim:       230748 kB
KernelStack:       48816 kB
ShadowCallStack:   12212 kB
PageTables:        82900 kB
NFS_Unstable:          0 kB
Bounce:                0 kB
WritebackTmp:          0 kB
CommitLimit:     8677876 kB
Committed_AS:   78054608 kB
VmallocTotal:   263061440 kB
VmallocUsed:      131592 kB
VmallocChunk:          0 kB
Percpu:             2520 kB
CmaTotal:         405504 kB
CmaFree:             128 kB
MemTotal:        7918584 kB
MemFree:          194036 kB
MemAvailable:    1334752 kB
Buffers:            2276 kB
Cached:          1057860 kB
SwapCached:         7100 kB
Active:          4589624 kB
Inactive:         622564 kB
Active(anon):    4151056 kB
Inactive(anon):    19064 kB
Active(file):     438568 kB
Inactive(file):   603500 kB
Unevictable:        6356 kB
Mlocked:            5916 kB
SwapTotal:       4718584 kB
SwapFree:        3955448 kB
Dirty:               112 kB
Writeback:             0 kB
AnonPages:       4153668 kB
Mapped:           537188 kB
Shmem:             13284 kB
KReclaimable:     488872 kB
Slab:             318312 kB
SReclaimable:      87460 kB
SUnreclaim:       230852 kB
KernelStack:       48752 kB
ShadowCallStack:   12212 kB
PageTables:        83500 kB
NFS_Unstable:          0 kB
Bounce:                0 kB
WritebackTmp:          0 kB
CommitLimit:     8677876 kB
Committed_AS:   78185472 kB
VmallocTotal:   263061440 kB
VmallocUsed:      131488 kB
VmallocChunk:          0 kB
Percpu:             2520 kB
CmaTotal:         405504 kB
CmaFree:               0 kB
MemTotal:        7918584 kB
MemFree:          197636 kB
MemAvailable:    1314912 kB
Buffers:            2276 kB
Cached:          1037648 kB
SwapCached:         7100 kB
Active:          4608864 kB
Inactive:         602292 kB
Active(anon):    4170248 kB
Inactive(anon):    19052 kB
Active(file):     438616 kB
Inactive(file):   583240 kB
Unevictable:        6356 kB
Mlocked:            5916 kB
SwapTotal:       4718584 kB
SwapFree:        3955448 kB
Dirty:               112 kB
Writeback:             0 kB
AnonPages:       4173180 kB
Mapped:           537400 kB
Shmem:             13284 kB
KReclaimable:     485644 kB
Slab:             317736 kB
SReclaimable:      86920 kB
SUnreclaim:       230816 kB
KernelStack:       48720 kB
ShadowCallStack:   12204 kB
PageTables:        83728 kB
NFS_Unstable:          0 kB
Bounce:                0 kB
WritebackTmp:          0 kB
CommitLimit:     8677876 kB
Committed_AS:   78250900 kB
VmallocTotal:   263061440 kB
VmallocUsed:      131448 kB
VmallocChunk:          0 kB
Percpu:             2520 kB
CmaTotal:         405504 kB
CmaFree:               0 kB
MemTotal:        7918584 kB
MemFree:          196580 kB
MemAvailable:    1265208 kB
Buffers:            2284 kB
Cached:           996568 kB
SwapCached:         7100 kB
Active:          4659460 kB
Inactive:         561220 kB
Active(anon):    4220840 kB
Inactive(anon):    19056 kB
Active(file):     438620 kB
Inactive(file):   542164 kB
Unevictable:        6356 kB
Mlocked:            5916 kB
SwapTotal:       4718584 kB
SwapFree:        3955448 kB
Dirty:               196 kB
Writeback:             0 kB
AnonPages:       4223780 kB
Mapped:           537740 kB
Shmem:             13284 kB
KReclaimable:     478068 kB
Slab:             316432 kB
SReclaimable:      85592 kB
SUnreclaim:       230840 kB
KernelStack:       48688 kB
ShadowCallStack:   12196 kB
PageTables:        83924 kB
NFS_Unstable:          0 kB
Bounce:                0 kB
WritebackTmp:          0 kB
CommitLimit:     8677876 kB
Committed_AS:   78381868 kB
VmallocTotal:   263061440 kB
VmallocUsed:      131408 kB
VmallocChunk:          0 kB
Percpu:             2520 kB
CmaTotal:         405504 kB
CmaFree:               0 kB
MemTotal:        7918584 kB
MemFree:          194516 kB
MemAvailable:    1216708 kB
Buffers:            2256 kB
Cached:           956932 kB
SwapCached:         7100 kB
Active:          4707048 kB
Inactive:         521544 kB
Active(anon):    4268420 kB
Inactive(anon):    19052 kB
Active(file):     438628 kB
Inactive(file):   502492 kB
Unevictable:        6356 kB
Mlocked:            5916 kB
SwapTotal:       4718584 kB
SwapFree:        3955448 kB
Dirty:                92 kB
Writeback:             0 kB
AnonPages:       4271164 kB
Mapped:           538676 kB
Shmem:             13284 kB
KReclaimable:     471296 kB
Slab:             316376 kB
SReclaimable:      85412 kB
SUnreclaim:       230964 kB
KernelStack:       48720 kB
ShadowCallStack:   12196 kB
PageTables:        84248 kB
NFS_Unstable:          0 kB
Bounce:                0 kB
WritebackTmp:          0 kB
CommitLimit:     8677876 kB
Committed_AS:   78463792 kB
VmallocTotal:   263061440 kB
VmallocUsed:      131396 kB
VmallocChunk:          0 kB
Percpu:             2520 kB
CmaTotal:         405504 kB
CmaFree:               0 kB
MemTotal:        7918584 kB
MemFree:          197736 kB
MemAvailable:    1188820 kB
Buffers:            2256 kB
Cached:           930264 kB
SwapCached:         7100 kB
Active:          4733240 kB
Inactive:         494676 kB
Active(anon):    4294408 kB
Inactive(anon):    19060 kB
Active(file):     438832 kB
Inactive(file):   475616 kB
Unevictable:        6356 kB
Mlocked:            5916 kB
SwapTotal:       4718584 kB
SwapFree:        3955448 kB
Dirty:                92 kB
Writeback:             0 kB
AnonPages:       4297408 kB
Mapped:           538684 kB
Shmem:             13288 kB
KReclaimable:     466860 kB
Slab:             315792 kB
SReclaimable:      84816 kB
SUnreclaim:       230976 kB
KernelStack:       48640 kB
ShadowCallStack:   12184 kB
PageTables:        84180 kB
NFS_Unstable:          0 kB
Bounce:                0 kB
WritebackTmp:          0 kB
CommitLimit:     8677876 kB
Committed_AS:   78529220 kB
VmallocTotal:   263061440 kB
VmallocUsed:      131368 kB
VmallocChunk:          0 kB
Percpu:             2520 kB
CmaTotal:         405504 kB
CmaFree:               0 kB
MemTotal:        7918584 kB
MemFree:          193224 kB
MemAvailable:    1125352 kB
Buffers:            2184 kB
Cached:           883336 kB
SwapCached:         7100 kB
Active:          4831032 kB
Inactive:         412572 kB
Active(anon):    4357408 kB
Inactive(anon):    19060 kB
Active(file):     473624 kB
Inactive(file):   393512 kB
Unevictable:        6356 kB
Mlocked:            5916 kB
SwapTotal:       4718584 kB
SwapFree:        3955448 kB
Dirty:                92 kB
Writeback:             0 kB
AnonPages:       4360276 kB
Mapped:           529016 kB
Shmem:             13288 kB
KReclaimable:     455216 kB
Slab:             314928 kB
SReclaimable:      83972 kB
SUnreclaim:       230956 kB
KernelStack:       48624 kB
ShadowCallStack:   12184 kB
PageTables:        84260 kB
NFS_Unstable:          0 kB
Bounce:                0 kB
WritebackTmp:          0 kB
CommitLimit:     8677876 kB
Committed_AS:   78660292 kB
VmallocTotal:   263061440 kB
VmallocUsed:      131372 kB
VmallocChunk:          0 kB
Percpu:             2520 kB
CmaTotal:         405504 kB
CmaFree:               0 kB
MemTotal:        7918584 kB
MemFree:          194976 kB
MemAvailable:    1099440 kB
Buffers:            2208 kB
Cached:           860316 kB
SwapCached:         7100 kB
Active:          4867328 kB
Inactive:         378644 kB
Active(anon):    4382468 kB
Inactive(anon):    19060 kB
Active(file):     484860 kB
Inactive(file):   359584 kB
Unevictable:        6356 kB
Mlocked:            5916 kB
SwapTotal:       4718584 kB
SwapFree:        3955448 kB
Dirty:               120 kB
Writeback:            20 kB
AnonPages:       4385352 kB
Mapped:           525268 kB
Shmem:             13292 kB
KReclaimable:     450244 kB
Slab:             314660 kB
SReclaimable:      83688 kB
SUnreclaim:       230972 kB
KernelStack:       48656 kB
ShadowCallStack:   12188 kB
PageTables:        84272 kB
NFS_Unstable:          0 kB
Bounce:                0 kB
WritebackTmp:          0 kB
CommitLimit:     8677876 kB
Committed_AS:   78709968 kB
VmallocTotal:   263061440 kB
VmallocUsed:      131372 kB
VmallocChunk:          0 kB
Percpu:             2520 kB
CmaTotal:         405504 kB
CmaFree:               0 kB
MemTotal:        7918584 kB
MemFree:          198140 kB
MemAvailable:    1051060 kB
Buffers:            2208 kB
Cached:           817056 kB
SwapCached:         7100 kB
Active:          4928528 kB
Inactive:         321180 kB
Active(anon):    4429548 kB
Inactive(anon):    19060 kB
Active(file):     498980 kB
Inactive(file):   302120 kB
Unevictable:        6356 kB
Mlocked:            5916 kB
SwapTotal:       4718584 kB
SwapFree:        3955448 kB
Dirty:                56 kB
Writeback:             0 kB
AnonPages:       4432468 kB
Mapped:           505368 kB
Shmem:             13292 kB
KReclaimable:     442044 kB
Slab:             314372 kB
SReclaimable:      83352 kB
SUnreclaim:       231020 kB
KernelStack:       48624 kB
ShadowCallStack:   12196 kB
PageTables:        84436 kB
NFS_Unstable:          0 kB
Bounce:                0 kB
WritebackTmp:          0 kB
CommitLimit:     8677876 kB
Committed_AS:   78824656 kB
VmallocTotal:   263061440 kB
VmallocUsed:      131372 kB
VmallocChunk:          0 kB
Percpu:             2520 kB
CmaTotal:         405504 kB
CmaFree:               0 kB
MemTotal:        7918584 kB
MemFree:          198224 kB
MemAvailable:     997488 kB
Buffers:            2152 kB
Cached:           771700 kB
SwapCached:         7100 kB
Active:          4989080 kB
Inactive:         267876 kB
Active(anon):    4482124 kB
Inactive(anon):    19060 kB
Active(file):     506956 kB
Inactive(file):   248816 kB
Unevictable:        6356 kB
Mlocked:            5916 kB
SwapTotal:       4718584 kB
SwapFree:        3955448 kB
Dirty:               216 kB
Writeback:             0 kB
AnonPages:       4484952 kB
Mapped:           498904 kB
Shmem:             13296 kB
KReclaimable:     433716 kB
Slab:             313632 kB
SReclaimable:      82488 kB
SUnreclaim:       231144 kB
KernelStack:       48640 kB
ShadowCallStack:   12192 kB
PageTables:        84960 kB
NFS_Unstable:          0 kB
Bounce:                0 kB
WritebackTmp:          0 kB
CommitLimit:     8677876 kB
Committed_AS:   78939348 kB
VmallocTotal:   263061440 kB
VmallocUsed:      131360 kB
VmallocChunk:          0 kB
Percpu:             2520 kB
CmaTotal:         405504 kB
CmaFree:               0 kB
MemTotal:        7918584 kB
MemFree:          194804 kB
MemAvailable:     974864 kB
Buffers:            2152 kB
Cached:           754376 kB
SwapCached:         7100 kB
Active:          5011532 kB
Inactive:         250600 kB
Active(anon):    4504520 kB
Inactive(anon):    19056 kB
Active(file):     507012 kB
Inactive(file):   231544 kB
Unevictable:        6356 kB
Mlocked:            5916 kB
SwapTotal:       4718584 kB
SwapFree:        3955448 kB
Dirty:               224 kB
Writeback:             0 kB
AnonPages:       4507440 kB
Mapped:           498876 kB
Shmem:             13300 kB
KReclaimable:     431728 kB
Slab:             313260 kB
SReclaimable:      82116 kB
SUnreclaim:       231144 kB
KernelStack:       48624 kB
ShadowCallStack:   12176 kB
PageTables:        84824 kB
NFS_Unstable:          0 kB
Bounce:                0 kB
WritebackTmp:          0 kB
CommitLimit:     8677876 kB
Committed_AS:   78988504 kB
VmallocTotal:   263061440 kB
VmallocUsed:      131380 kB
VmallocChunk:          0 kB
Percpu:             2520 kB
CmaTotal:         405504 kB
CmaFree:               0 kB
MemTotal:        7918584 kB
MemFree:          196488 kB
MemAvailable:     907920 kB
Buffers:            2100 kB
Cached:           696256 kB
SwapCached:         7100 kB
Active:          5089760 kB
Inactive:         180544 kB
Active(anon):    4570976 kB
Inactive(anon):    19060 kB
Active(file):     518784 kB
Inactive(file):   161484 kB
Unevictable:        6356 kB
Mlocked:            5916 kB
SwapTotal:       4718584 kB
SwapFree:        3955448 kB
Dirty:               248 kB
Writeback:             0 kB
AnonPages:       4573792 kB
Mapped:           498276 kB
Shmem:             13304 kB
KReclaimable:     421388 kB
Slab:             311872 kB
SReclaimable:      80672 kB
SUnreclaim:       231200 kB
KernelStack:       48656 kB
ShadowCallStack:   12188 kB
PageTables:        85368 kB
NFS_Unstable:          0 kB
Bounce:                0 kB
WritebackTmp:          0 kB
CommitLimit:     8677876 kB
Committed_AS:   79135968 kB
VmallocTotal:   263061440 kB
VmallocUsed:      131372 kB
VmallocChunk:          0 kB
Percpu:             2520 kB
CmaTotal:         405504 kB
CmaFree:               0 kB
MemTotal:        7918584 kB
MemFree:          196384 kB
MemAvailable:     868536 kB
Buffers:            2100 kB
Cached:           662304 kB
SwapCached:         7100 kB
Active:          5126840 kB
Inactive:         146580 kB
Active(anon):    4608056 kB
Inactive(anon):    19048 kB
Active(file):     518784 kB
Inactive(file):   127532 kB
Unevictable:        6356 kB
Mlocked:            5916 kB
SwapTotal:       4718584 kB
SwapFree:        3955448 kB
Dirty:               268 kB
Writeback:             4 kB
AnonPages:       4610900 kB
Mapped:           498836 kB
Shmem:             13304 kB
KReclaimable:     416060 kB
Slab:             311092 kB
SReclaimable:      79808 kB
SUnreclaim:       231284 kB
KernelStack:       48640 kB
ShadowCallStack:   12172 kB
PageTables:        85328 kB
NFS_Unstable:          0 kB
Bounce:                0 kB
WritebackTmp:          0 kB
CommitLimit:     8677876 kB
Committed_AS:   79201504 kB
VmallocTotal:   263061440 kB
VmallocUsed:      131356 kB
VmallocChunk:          0 kB
Percpu:             2520 kB
CmaTotal:         405504 kB
CmaFree:               0 kB
MemTotal:        7918584 kB
MemFree:          197284 kB
MemAvailable:     825928 kB
Buffers:            2108 kB
Cached:           623912 kB
SwapCached:         7100 kB
Active:          5169144 kB
Inactive:         108268 kB
Active(anon):    4650360 kB
Inactive(anon):    19060 kB
Active(file):     518784 kB
Inactive(file):    89208 kB
Unevictable:        6356 kB
Mlocked:            5916 kB
SwapTotal:       4718584 kB
SwapFree:        3955448 kB
Dirty:                 0 kB
Writeback:             0 kB
AnonPages:       4653192 kB
Mapped:           499000 kB
Shmem:             13304 kB
KReclaimable:     410876 kB
Slab:             310108 kB
SReclaimable:      78824 kB
SUnreclaim:       231284 kB
KernelStack:       48640 kB
ShadowCallStack:   12172 kB
PageTables:        85696 kB
NFS_Unstable:          0 kB
Bounce:                0 kB
WritebackTmp:          0 kB
CommitLimit:     8677876 kB
Committed_AS:   79299808 kB
VmallocTotal:   263061440 kB
VmallocUsed:      131352 kB
VmallocChunk:          0 kB
Percpu:             2520 kB
CmaTotal:         405504 kB
CmaFree:               0 kB
MemTotal:        7918584 kB
MemFree:          158016 kB
MemAvailable:     614704 kB
Buffers:             404 kB
Cached:           569876 kB
SwapCached:         7104 kB
Active:           129244 kB
Inactive:        5172516 kB
Active(anon):      92528 kB
Inactive(anon):  4657240 kB
Active(file):      36716 kB
Inactive(file):   515276 kB
Unevictable:        6356 kB
Mlocked:            5916 kB
SwapTotal:       4718584 kB
SwapFree:        3949560 kB
Dirty:                48 kB
Writeback:             0 kB
AnonPages:       4733524 kB
Mapped:           496324 kB
Shmem:             13328 kB
KReclaimable:     303112 kB
Slab:             309204 kB
SReclaimable:      77740 kB
SUnreclaim:       231464 kB
KernelStack:       48768 kB
ShadowCallStack:   12204 kB
PageTables:        86076 kB
NFS_Unstable:          0 kB
Bounce:                0 kB
WritebackTmp:          0 kB
CommitLimit:     8677876 kB
Committed_AS:   79414892 kB
VmallocTotal:   263061440 kB
VmallocUsed:      131528 kB
VmallocChunk:          0 kB
Percpu:             2520 kB
CmaTotal:         405504 kB
CmaFree:             264 kB
MemTotal:        7918584 kB
MemFree:          162524 kB
MemAvailable:     608208 kB
Buffers:             388 kB
Cached:           567440 kB
SwapCached:         7100 kB
Active:           173672 kB
Inactive:        5135100 kB
Active(anon):     117940 kB
Inactive(anon):  4641212 kB
Active(file):      55732 kB
Inactive(file):   493888 kB
Unevictable:        6356 kB
Mlocked:            5916 kB
SwapTotal:       4718584 kB
SwapFree:        3942648 kB
Dirty:                48 kB
Writeback:             0 kB
AnonPages:       4742828 kB
Mapped:           495232 kB
Shmem:             13424 kB
KReclaimable:     286288 kB
Slab:             308960 kB
SReclaimable:      77508 kB
SUnreclaim:       231452 kB
KernelStack:       48768 kB
ShadowCallStack:   12216 kB
PageTables:        86032 kB
NFS_Unstable:          0 kB
Bounce:                0 kB
WritebackTmp:          0 kB
CommitLimit:     8677876 kB
Committed_AS:   79431284 kB
VmallocTotal:   263061440 kB
VmallocUsed:      131528 kB
VmallocChunk:          0 kB
Percpu:             2520 kB
CmaTotal:         405504 kB
CmaFree:               0 kB
MemTotal:        7918584 kB
MemFree:          194724 kB
MemAvailable:     745852 kB
Buffers:             388 kB
Cached:           565452 kB
SwapCached:         6800 kB
Active:           280496 kB
Inactive:        4996168 kB
Active(anon):     223320 kB
Inactive(anon):  4504844 kB
Active(file):      57176 kB
Inactive(file):   491324 kB
Unevictable:        6356 kB
Mlocked:            5916 kB
SwapTotal:       4718584 kB
SwapFree:        3894776 kB
Dirty:                88 kB
Writeback:             0 kB
AnonPages:       4712824 kB
Mapped:           493216 kB
Shmem:             12552 kB
KReclaimable:     392852 kB
Slab:             308852 kB
SReclaimable:      77504 kB
SUnreclaim:       231348 kB
KernelStack:       48640 kB
ShadowCallStack:   12192 kB
PageTables:        86252 kB
NFS_Unstable:          0 kB
Bounce:                0 kB
WritebackTmp:          0 kB
CommitLimit:     8677876 kB
Committed_AS:   79561964 kB
VmallocTotal:   263061440 kB
VmallocUsed:      131352 kB
VmallocChunk:          0 kB
Percpu:             2520 kB
CmaTotal:         405504 kB
CmaFree:             312 kB
MemTotal:        7918584 kB
MemFree:          208612 kB
MemAvailable:     746180 kB
Buffers:             388 kB
Cached:           564720 kB
SwapCached:         1536 kB
Active:           370052 kB
Inactive:        4891328 kB
Active(anon):     312876 kB
Inactive(anon):  4399988 kB
Active(file):      57176 kB
Inactive(file):   491340 kB
Unevictable:        6356 kB
Mlocked:            5916 kB
SwapTotal:       4718584 kB
SwapFree:        3837432 kB
Dirty:                88 kB
Writeback:             0 kB
AnonPages:       4702416 kB
Mapped:           493032 kB
Shmem:             11780 kB
KReclaimable:     379276 kB
Slab:             309024 kB
SReclaimable:      77504 kB
SUnreclaim:       231520 kB
KernelStack:       48656 kB
ShadowCallStack:   12176 kB
PageTables:        86332 kB
NFS_Unstable:          0 kB
Bounce:                0 kB
WritebackTmp:          0 kB
CommitLimit:     8677876 kB
Committed_AS:   79660268 kB
VmallocTotal:   263061440 kB
VmallocUsed:      131352 kB
VmallocChunk:          0 kB
Percpu:             2520 kB
CmaTotal:         405504 kB
CmaFree:              36 kB
MemTotal:        7918584 kB
MemFree:          194608 kB
MemAvailable:     721168 kB
Buffers:             428 kB
Cached:           564604 kB
SwapCached:         1284 kB
Active:           500896 kB
Inactive:        4786708 kB
Active(anon):     443720 kB
Inactive(anon):  4295308 kB
Active(file):      57176 kB
Inactive(file):   491400 kB
Unevictable:        6356 kB
Mlocked:            5916 kB
SwapTotal:       4718584 kB
SwapFree:        3834616 kB
Dirty:               184 kB
Writeback:             0 kB
AnonPages:       4728924 kB
Mapped:           493012 kB
Shmem:             11672 kB
KReclaimable:     368208 kB
Slab:             309016 kB
SReclaimable:      77500 kB
SUnreclaim:       231516 kB
KernelStack:       48624 kB
ShadowCallStack:   12188 kB
PageTables:        86484 kB
NFS_Unstable:          0 kB
Bounce:                0 kB
WritebackTmp:          0 kB
CommitLimit:     8677876 kB
Committed_AS:   79725808 kB
VmallocTotal:   263061440 kB
VmallocUsed:      131340 kB
VmallocChunk:          0 kB
Percpu:             2520 kB
CmaTotal:         405504 kB
CmaFree:               0 kB
MemTotal:        7918584 kB
MemFree:          200716 kB
MemAvailable:     656788 kB
Buffers:             428 kB
Cached:           564568 kB
SwapCached:         1136 kB
Active:           869132 kB
Inactive:        4473756 kB
Active(anon):     811936 kB
Inactive(anon):  3982344 kB
Active(file):      57196 kB
Inactive(file):   491412 kB
Unevictable:        6356 kB
Mlocked:            5916 kB
SwapTotal:       4718584 kB
SwapFree:        3830776 kB
Dirty:               216 kB
Writeback:             0 kB
AnonPages:       4784396 kB
Mapped:           493404 kB
Shmem:             11604 kB
KReclaimable:     305880 kB
Slab:             309064 kB
SReclaimable:      77500 kB
SUnreclaim:       231564 kB
KernelStack:       48608 kB
ShadowCallStack:   12184 kB
PageTables:        86616 kB
NFS_Unstable:          0 kB
Bounce:                0 kB
WritebackTmp:          0 kB
CommitLimit:     8677876 kB
Committed_AS:   79856876 kB
VmallocTotal:   263061440 kB
VmallocUsed:      131344 kB
VmallocChunk:          0 kB
Percpu:             2520 kB
CmaTotal:         405504 kB
CmaFree:               0 kB
MemTotal:        7918584 kB
MemFree:          198328 kB
MemAvailable:     636196 kB
Buffers:             428 kB
Cached:           565564 kB
SwapCached:         1128 kB
Active:          1001516 kB
Inactive:        4369128 kB
Active(anon):     943344 kB
Inactive(anon):  3877704 kB
Active(file):      58172 kB
Inactive(file):   491424 kB
Unevictable:        6356 kB
Mlocked:            5916 kB
SwapTotal:       4718584 kB
SwapFree:        3830776 kB
Dirty:               224 kB
Writeback:             0 kB
AnonPages:       4810988 kB
Mapped:           494188 kB
Shmem:             11612 kB
KReclaimable:     278496 kB
Slab:             309088 kB
SReclaimable:      77500 kB
SUnreclaim:       231588 kB
KernelStack:       48640 kB
ShadowCallStack:   12176 kB
PageTables:        86880 kB
NFS_Unstable:          0 kB
Bounce:                0 kB
WritebackTmp:          0 kB
CommitLimit:     8677876 kB
Committed_AS:   79906028 kB
VmallocTotal:   263061440 kB
VmallocUsed:      131336 kB
VmallocChunk:          0 kB
Percpu:             2520 kB
CmaTotal:         405504 kB
CmaFree:               0 kB
MemTotal:        7918584 kB
MemFree:          195384 kB
MemAvailable:     593260 kB
Buffers:             428 kB
Cached:           565596 kB
SwapCached:         1196 kB
Active:          1264220 kB
Inactive:        4154392 kB
Active(anon):    1206048 kB
Inactive(anon):  3662956 kB
Active(file):      58172 kB
Inactive(file):   491436 kB
Unevictable:        6356 kB
Mlocked:            5916 kB
SwapTotal:       4718584 kB
SwapFree:        3832312 kB
Dirty:               232 kB
Writeback:             0 kB
AnonPages:       4858976 kB
Mapped:           494304 kB
Shmem:             11632 kB
KReclaimable:     234464 kB
Slab:             309120 kB
SReclaimable:      77500 kB
SUnreclaim:       231620 kB
KernelStack:       48608 kB
ShadowCallStack:   12184 kB
PageTables:        87064 kB
NFS_Unstable:          0 kB
Bounce:                0 kB
WritebackTmp:          0 kB
CommitLimit:     8677876 kB
Committed_AS:   80037100 kB
VmallocTotal:   263061440 kB
VmallocUsed:      131360 kB
VmallocChunk:          0 kB
Percpu:             2520 kB
CmaTotal:         405504 kB
CmaFree:               0 kB
MemTotal:        7918584 kB
MemFree:          200348 kB
MemAvailable:     565412 kB
Buffers:             428 kB
Cached:           562508 kB
SwapCached:         1220 kB
Active:          1745860 kB
Inactive:        3726784 kB
Active(anon):    1686584 kB
Inactive(anon):  3239608 kB
Active(file):      59276 kB
Inactive(file):   487176 kB
Unevictable:        6356 kB
Mlocked:            5916 kB
SwapTotal:       4718584 kB
SwapFree:        3834360 kB
Dirty:               232 kB
Writeback:             0 kB
AnonPages:       4915872 kB
Mapped:           494036 kB
Shmem:             11688 kB
KReclaimable:     175152 kB
Slab:             309228 kB
SReclaimable:      77500 kB
SUnreclaim:       231728 kB
KernelStack:       48640 kB
ShadowCallStack:   12184 kB
PageTables:        87504 kB
NFS_Unstable:          0 kB
Bounce:                0 kB
WritebackTmp:          0 kB
CommitLimit:     8677876 kB
Committed_AS:   80135408 kB
VmallocTotal:   263061440 kB
VmallocUsed:      131352 kB
VmallocChunk:          0 kB
Percpu:             2520 kB
CmaTotal:         405504 kB
CmaFree:               0 kB
MemTotal:        7918584 kB
MemFree:          199300 kB
MemAvailable:     558044 kB
Buffers:             436 kB
Cached:           562532 kB
SwapCached:         1244 kB
Active:          1900060 kB
Inactive:        3585028 kB
Active(anon):    1840756 kB
Inactive(anon):  3097992 kB
Active(file):      59304 kB
Inactive(file):   487036 kB
Unevictable:        6356 kB
Mlocked:            5916 kB
SwapTotal:       4718584 kB
SwapFree:        3835128 kB
Dirty:               244 kB
Writeback:             0 kB
AnonPages:       4928420 kB
Mapped:           494512 kB
Shmem:             11844 kB
KReclaimable:     162736 kB
Slab:             309188 kB
SReclaimable:      77500 kB
SUnreclaim:       231688 kB
KernelStack:       48640 kB
ShadowCallStack:   12180 kB
PageTables:        87220 kB
NFS_Unstable:          0 kB
Bounce:                0 kB
WritebackTmp:          0 kB
CommitLimit:     8677876 kB
Committed_AS:   80171168 kB
VmallocTotal:   263061440 kB
VmallocUsed:      131332 kB
VmallocChunk:          0 kB
Percpu:             2520 kB
CmaTotal:         405504 kB
CmaFree:               4 kB
MemTotal:        7918584 kB
MemFree:          223012 kB
MemAvailable:     551636 kB
Buffers:             436 kB
Cached:           562532 kB
SwapCached:         1244 kB
Active:          3359196 kB
Inactive:        2149856 kB
Active(anon):    3291744 kB
Inactive(anon):  1670960 kB
Active(file):      67452 kB
Inactive(file):   478896 kB
Unevictable:        6356 kB
Mlocked:            5916 kB
SwapTotal:       4718584 kB
SwapFree:        3791352 kB
Dirty:               252 kB
Writeback:             0 kB
AnonPages:       4952536 kB
Mapped:           494856 kB
Shmem:             11836 kB
KReclaimable:     110672 kB
Slab:             309280 kB
SReclaimable:      77500 kB
SUnreclaim:       231780 kB
KernelStack:       48624 kB
ShadowCallStack:   12188 kB
PageTables:        87660 kB
NFS_Unstable:          0 kB
Bounce:                0 kB
WritebackTmp:          0 kB
CommitLimit:     8677876 kB
Committed_AS:   80335012 kB
VmallocTotal:   263061440 kB
VmallocUsed:      131352 kB
VmallocChunk:          0 kB
Percpu:             2520 kB
CmaTotal:         405504 kB
CmaFree:               0 kB
MemTotal:        7918584 kB
MemFree:          197444 kB
MemAvailable:     529800 kB
Buffers:             436 kB
Cached:           562548 kB
SwapCached:         1252 kB
Active:          3389760 kB
Inactive:        2144704 kB
Active(anon):    3322308 kB
Inactive(anon):  1665808 kB
Active(file):      67452 kB
Inactive(file):   478896 kB
Unevictable:        6356 kB
Mlocked:            5916 kB
SwapTotal:       4718584 kB
SwapFree:        3787512 kB
Dirty:               252 kB
Writeback:             0 kB
AnonPages:       4977940 kB
Mapped:           495524 kB
Shmem:             11852 kB
KReclaimable:     109944 kB
Slab:             309296 kB
SReclaimable:      77500 kB
SUnreclaim:       231796 kB
KernelStack:       48640 kB
ShadowCallStack:   12184 kB
PageTables:        87828 kB
NFS_Unstable:          0 kB
Bounce:                0 kB
WritebackTmp:          0 kB
CommitLimit:     8677876 kB
Committed_AS:   80384164 kB
VmallocTotal:   263061440 kB
VmallocUsed:      131352 kB
VmallocChunk:          0 kB
Percpu:             2520 kB
CmaTotal:         405504 kB
CmaFree:               0 kB
MemTotal:        7918584 kB
MemFree:          196768 kB
MemAvailable:     529032 kB
Buffers:             436 kB
Cached:           562536 kB
SwapCached:         1260 kB
Active:          3425472 kB
Inactive:        2108372 kB
Active(anon):    3358020 kB
Inactive(anon):  1629476 kB
Active(file):      67452 kB
Inactive(file):   478896 kB
Unevictable:        6356 kB
Mlocked:            5916 kB
SwapTotal:       4718584 kB
SwapFree:        3751672 kB
Dirty:               252 kB
Writeback:             0 kB
AnonPages:       4976812 kB
Mapped:           495548 kB
Shmem:             11852 kB
KReclaimable:     109760 kB
Slab:             309276 kB
SReclaimable:      77500 kB
SUnreclaim:       231776 kB
KernelStack:       48624 kB
ShadowCallStack:   12176 kB
PageTables:        87536 kB
NFS_Unstable:          0 kB
Bounce:                0 kB
WritebackTmp:          0 kB
CommitLimit:     8677876 kB
Committed_AS:   80482472 kB
VmallocTotal:   263061440 kB
VmallocUsed:      131348 kB
VmallocChunk:          0 kB
Percpu:             2520 kB
CmaTotal:         405504 kB
CmaFree:               0 kB
MemTotal:        7918584 kB
MemFree:          196344 kB
MemAvailable:     528300 kB
Buffers:             436 kB
Cached:           562568 kB
SwapCached:         1256 kB
Active:          3470648 kB
Inactive:        2063692 kB
Active(anon):    3403196 kB
Inactive(anon):  1584776 kB
Active(file):      67452 kB
Inactive(file):   478916 kB
Unevictable:        6356 kB
Mlocked:            5916 kB
SwapTotal:       4718584 kB
SwapFree:        3708664 kB
Dirty:                96 kB
Writeback:             0 kB
AnonPages:       4977716 kB
Mapped:           495836 kB
Shmem:             11852 kB
KReclaimable:     109104 kB
Slab:             309352 kB
SReclaimable:      77516 kB
SUnreclaim:       231836 kB
KernelStack:       48640 kB
ShadowCallStack:   12184 kB
PageTables:        88164 kB
NFS_Unstable:          0 kB
Bounce:                0 kB
WritebackTmp:          0 kB
CommitLimit:     8677876 kB
Committed_AS:   80580772 kB
VmallocTotal:   263061440 kB
VmallocUsed:      131332 kB
VmallocChunk:          0 kB
Percpu:             2520 kB
CmaTotal:         405504 kB
CmaFree:               0 kB
MemTotal:        7918584 kB
MemFree:          196000 kB
MemAvailable:     527788 kB
Buffers:             468 kB
Cached:           562544 kB
SwapCached:         1260 kB
Active:          3489568 kB
Inactive:        2044400 kB
Active(anon):    3422116 kB
Inactive(anon):  1565476 kB
Active(file):      67452 kB
Inactive(file):   478924 kB
Unevictable:        6356 kB
Mlocked:            5916 kB
SwapTotal:       4718584 kB
SwapFree:        3689464 kB
Dirty:               136 kB
Writeback:            20 kB
AnonPages:       4977396 kB
Mapped:           496048 kB
Shmem:             11852 kB
KReclaimable:     108752 kB
Slab:             309400 kB
SReclaimable:      77548 kB
SUnreclaim:       231852 kB
KernelStack:       48624 kB
ShadowCallStack:   12184 kB
PageTables:        88140 kB
NFS_Unstable:          0 kB
Bounce:                0 kB
WritebackTmp:          0 kB
CommitLimit:     8677876 kB
Committed_AS:   80597156 kB
VmallocTotal:   263061440 kB
VmallocUsed:      131320 kB
VmallocChunk:          0 kB
Percpu:             2520 kB
CmaTotal:         405504 kB
CmaFree:               0 kB
MemTotal:        7918584 kB
MemFree:          194304 kB
MemAvailable:     525708 kB
Buffers:             468 kB
Cached:           562568 kB
SwapCached:         1260 kB
Active:          3550576 kB
Inactive:        1983160 kB
Active(anon):    3483124 kB
Inactive(anon):  1504212 kB
Active(file):      67452 kB
Inactive(file):   478948 kB
Unevictable:        6356 kB
Mlocked:            5916 kB
SwapTotal:       4718584 kB
SwapFree:        3629304 kB
Dirty:               144 kB
Writeback:             0 kB
AnonPages:       4977060 kB
Mapped:           496608 kB
Shmem:             11852 kB
KReclaimable:     107936 kB
Slab:             309472 kB
SReclaimable:      77548 kB
SUnreclaim:       231924 kB
KernelStack:       48640 kB
ShadowCallStack:   12184 kB
PageTables:        88480 kB
NFS_Unstable:          0 kB
Bounce:                0 kB
WritebackTmp:          0 kB
CommitLimit:     8677876 kB
Committed_AS:   80728232 kB
VmallocTotal:   263061440 kB
VmallocUsed:      131368 kB
VmallocChunk:          0 kB
Percpu:             2520 kB
CmaTotal:         405504 kB
CmaFree:               0 kB
MemTotal:        7918584 kB
MemFree:          196196 kB
MemAvailable:     527764 kB
Buffers:             468 kB
Cached:           563184 kB
SwapCached:         1264 kB
Active:          3599036 kB
Inactive:        1933600 kB
Active(anon):    3530968 kB
Inactive(anon):  1454652 kB
Active(file):      68068 kB
Inactive(file):   478948 kB
Unevictable:        6356 kB
Mlocked:            5916 kB
SwapTotal:       4718584 kB
SwapFree:        3581176 kB
Dirty:               144 kB
Writeback:             0 kB
AnonPages:       4975360 kB
