MemTotal:        7918588 kB
MemFree:         3105316 kB
MemAvailable:    4704472 kB
Buffers:            5500 kB
Cached:          1409764 kB
SwapCached:         9392 kB
Active:          1427192 kB
Inactive:         712616 kB
Active(anon):     678508 kB
Inactive(anon):    66232 kB
Active(file):     748684 kB
Inactive(file):   646384 kB
Unevictable:        6444 kB
Mlocked:            6004 kB
SwapTotal:       4718584 kB
SwapFree:        3893928 kB
Dirty:             18344 kB
Writeback:            12 kB
AnonPages:        727208 kB
Mapped:           546388 kB
Shmem:             15348 kB
KReclaimable:     594312 kB
Slab:             319416 kB
SReclaimable:      89028 kB
SUnreclaim:       230388 kB
KernelStack:       48992 kB
ShadowCallStack:   12268 kB
PageTables:        65024 kB
NFS_Unstable:          0 kB
Bounce:                0 kB
WritebackTmp:          0 kB
CommitLimit:     8677876 kB
Committed_AS:   66170680 kB
VmallocTotal:   263061440 kB
VmallocUsed:      133184 kB
VmallocChunk:          0 kB
Percpu:             2448 kB
CmaTotal:         405504 kB
CmaFree:          320640 kB
MemTotal:        7918588 kB
MemFree:         3126456 kB
MemAvailable:    4994960 kB
Buffers:            5556 kB
Cached:          1416732 kB
SwapCached:         9436 kB
Active:          1405160 kB
Inactive:         712976 kB
Active(anon):     650284 kB
Inactive(anon):    66240 kB
Active(file):     754876 kB
Inactive(file):   646736 kB
Unevictable:        6444 kB
Mlocked:            6004 kB
SwapTotal:       4718584 kB
SwapFree:        3895208 kB
Dirty:             18380 kB
Writeback:             0 kB
AnonPages:        698452 kB
Mapped:           562628 kB
Shmem:             15804 kB
KReclaimable:     857116 kB
Slab:             319440 kB
SReclaimable:      89092 kB
SUnreclaim:       230348 kB
KernelStack:       49328 kB
ShadowCallStack:   12348 kB
PageTables:        65424 kB
NFS_Unstable:          0 kB
Bounce:                0 kB
WritebackTmp:          0 kB
CommitLimit:     8677876 kB
Committed_AS:   66237268 kB
VmallocTotal:   263061440 kB
VmallocUsed:      133568 kB
VmallocChunk:          0 kB
Percpu:             2448 kB
CmaTotal:         405504 kB
CmaFree:          320656 kB
MemTotal:        7918588 kB
MemFree:         3111200 kB
MemAvailable:    4845400 kB
Buffers:            5572 kB
Cached:          1417360 kB
SwapCached:         9444 kB
Active:          1419692 kB
Inactive:         713052 kB
Active(anon):     664204 kB
Inactive(anon):    66240 kB
Active(file):     755488 kB
Inactive(file):   646812 kB
Unevictable:        6444 kB
Mlocked:            6004 kB
SwapTotal:       4718584 kB
SwapFree:        3895208 kB
Dirty:             18388 kB
Writeback:             8 kB
AnonPages:        712080 kB
Mapped:           568880 kB
Shmem:             15924 kB
KReclaimable:     722124 kB
Slab:             319832 kB
SReclaimable:      89140 kB
SUnreclaim:       230692 kB
KernelStack:       49264 kB
ShadowCallStack:   12376 kB
PageTables:        65492 kB
NFS_Unstable:          0 kB
Bounce:                0 kB
WritebackTmp:          0 kB
CommitLimit:     8677876 kB
Committed_AS:   66239136 kB
VmallocTotal:   263061440 kB
VmallocUsed:      133496 kB
VmallocChunk:          0 kB
Percpu:             2448 kB
CmaTotal:         405504 kB
CmaFree:          320656 kB
MemTotal:        7918588 kB
MemFree:         3107752 kB
MemAvailable:    4841220 kB
Buffers:            5584 kB
Cached:          1417392 kB
SwapCached:         9444 kB
Active:          1422472 kB
Inactive:         713080 kB
Active(anon):     666984 kB
Inactive(anon):    66232 kB
Active(file):     755488 kB
Inactive(file):   646848 kB
Unevictable:        6444 kB
Mlocked:            6004 kB
SwapTotal:       4718584 kB
SwapFree:        3895208 kB
Dirty:             18424 kB
Writeback:             0 kB
AnonPages:        715036 kB
Mapped:           569516 kB
Shmem:             15932 kB
KReclaimable:     721356 kB
Slab:             320032 kB
SReclaimable:      89140 kB
SUnreclaim:       230892 kB
KernelStack:       49248 kB
ShadowCallStack:   12332 kB
PageTables:        65488 kB
NFS_Unstable:          0 kB
Bounce:                0 kB
WritebackTmp:          0 kB
CommitLimit:     8677876 kB
Committed_AS:   66239040 kB
VmallocTotal:   263061440 kB
VmallocUsed:      133476 kB
VmallocChunk:          0 kB
Percpu:             2448 kB
CmaTotal:         405504 kB
CmaFree:          320656 kB
MemTotal:        7918588 kB
MemFree:         3106452 kB
MemAvailable:    4839888 kB
Buffers:            5584 kB
Cached:          1417488 kB
SwapCached:         9452 kB
Active:          1432448 kB
Inactive:         711408 kB
Active(anon):     676952 kB
Inactive(anon):    64552 kB
Active(file):     755496 kB
Inactive(file):   646856 kB
Unevictable:        6444 kB
Mlocked:            6004 kB
SwapTotal:       4718584 kB
SwapFree:        3905192 kB
Dirty:             18432 kB
Writeback:             0 kB
AnonPages:        723080 kB
Mapped:           570236 kB
Shmem:             16012 kB
KReclaimable:     721308 kB
Slab:             320052 kB
SReclaimable:      89140 kB
SUnreclaim:       230912 kB
KernelStack:       49120 kB
ShadowCallStack:   12316 kB
PageTables:        65556 kB
NFS_Unstable:          0 kB
Bounce:                0 kB
WritebackTmp:          0 kB
CommitLimit:     8677876 kB
Committed_AS:   66238800 kB
VmallocTotal:   263061440 kB
VmallocUsed:      133360 kB
VmallocChunk:          0 kB
Percpu:             2448 kB
CmaTotal:         405504 kB
CmaFree:          322296 kB
MemTotal:        7918588 kB
MemFree:         3108496 kB
MemAvailable:    4862120 kB
Buffers:            5584 kB
Cached:          1417520 kB
SwapCached:         9452 kB
Active:          1432840 kB
Inactive:         710608 kB
Active(anon):     677344 kB
Inactive(anon):    63752 kB
Active(file):     755496 kB
Inactive(file):   646856 kB
Unevictable:        6444 kB
Mlocked:            6004 kB
SwapTotal:       4718584 kB
SwapFree:        3909800 kB
Dirty:             18432 kB
Writeback:             0 kB
AnonPages:        722664 kB
Mapped:           571608 kB
Shmem:             16044 kB
KReclaimable:     741496 kB
Slab:             320048 kB
SReclaimable:      89124 kB
SUnreclaim:       230924 kB
KernelStack:       48944 kB
ShadowCallStack:   12264 kB
PageTables:        65440 kB
NFS_Unstable:          0 kB
Bounce:                0 kB
WritebackTmp:          0 kB
CommitLimit:     8677876 kB
Committed_AS:   66238212 kB
VmallocTotal:   263061440 kB
VmallocUsed:      132836 kB
VmallocChunk:          0 kB
Percpu:             2448 kB
CmaTotal:         405504 kB
CmaFree:          322296 kB
MemTotal:        7918588 kB
MemFree:         3079768 kB
MemAvailable:    4833392 kB
Buffers:            5584 kB
Cached:          1417524 kB
SwapCached:         9452 kB
Active:          1461752 kB
Inactive:         710608 kB
Active(anon):     706256 kB
Inactive(anon):    63752 kB
Active(file):     755496 kB
Inactive(file):   646856 kB
Unevictable:        6444 kB
Mlocked:            6004 kB
SwapTotal:       4718584 kB
SwapFree:        3909800 kB
Dirty:             18432 kB
Writeback:             0 kB
AnonPages:        751572 kB
Mapped:           573308 kB
Shmem:             16048 kB
KReclaimable:     741496 kB
Slab:             320108 kB
SReclaimable:      89124 kB
SUnreclaim:       230984 kB
KernelStack:       48928 kB
ShadowCallStack:   12260 kB
PageTables:        65412 kB
NFS_Unstable:          0 kB
Bounce:                0 kB
WritebackTmp:          0 kB
CommitLimit:     8677876 kB
Committed_AS:   66261648 kB
VmallocTotal:   263061440 kB
VmallocUsed:      132820 kB
VmallocChunk:          0 kB
Percpu:             2448 kB
CmaTotal:         405504 kB
CmaFree:          322296 kB
MemTotal:        7918588 kB
MemFree:         2886036 kB
MemAvailable:    4575536 kB
Buffers:            5588 kB
Cached:          1420500 kB
SwapCached:         9452 kB
Active:          1654664 kB
Inactive:         710620 kB
Active(anon):     896196 kB
Inactive(anon):    63756 kB
Active(file):     758468 kB
Inactive(file):   646864 kB
Unevictable:        6444 kB
Mlocked:            6004 kB
SwapTotal:       4718584 kB
SwapFree:        3909800 kB
Dirty:             18432 kB
Writeback:             0 kB
AnonPages:        941500 kB
Mapped:           656960 kB
Shmem:             16048 kB
KReclaimable:     674392 kB
Slab:             320316 kB
SReclaimable:      89128 kB
SUnreclaim:       231188 kB
KernelStack:       48976 kB
ShadowCallStack:   12280 kB
PageTables:        66164 kB
NFS_Unstable:          0 kB
Bounce:                0 kB
WritebackTmp:          0 kB
CommitLimit:     8677876 kB
Committed_AS:   66581104 kB
VmallocTotal:   263061440 kB
VmallocUsed:      132828 kB
VmallocChunk:          0 kB
Percpu:             2448 kB
CmaTotal:         405504 kB
CmaFree:          322296 kB
MemTotal:        7918588 kB
MemFree:         2871792 kB
MemAvailable:    4564064 kB
Buffers:            5596 kB
Cached:          1420740 kB
SwapCached:         9456 kB
Active:          1669176 kB
Inactive:         710648 kB
Active(anon):     910496 kB
Inactive(anon):    63748 kB
Active(file):     758680 kB
Inactive(file):   646900 kB
Unevictable:        6444 kB
Mlocked:            6004 kB
SwapTotal:       4718584 kB
SwapFree:        3909800 kB
Dirty:             17944 kB
Writeback:             0 kB
AnonPages:        955848 kB
Mapped:           658832 kB
Shmem:             16048 kB
KReclaimable:     676916 kB
Slab:             320448 kB
SReclaimable:      89128 kB
SUnreclaim:       231320 kB
KernelStack:       48976 kB
ShadowCallStack:   12280 kB
PageTables:        66380 kB
NFS_Unstable:          0 kB
Bounce:                0 kB
WritebackTmp:          0 kB
CommitLimit:     8677876 kB
Committed_AS:   66620536 kB
VmallocTotal:   263061440 kB
VmallocUsed:      132896 kB
VmallocChunk:          0 kB
Percpu:             2448 kB
CmaTotal:         405504 kB
CmaFree:          322296 kB
MemTotal:        7918588 kB
MemFree:         2752452 kB
MemAvailable:    4410784 kB
Buffers:            5624 kB
Cached:          1439304 kB
SwapCached:         9468 kB
Active:          1787400 kB
Inactive:         710788 kB
Active(anon):    1010268 kB
Inactive(anon):    63752 kB
Active(file):     777132 kB
Inactive(file):   647036 kB
Unevictable:        6444 kB
Mlocked:            6004 kB
SwapTotal:       4718584 kB
SwapFree:        3909800 kB
Dirty:             17960 kB
Writeback:             0 kB
AnonPages:       1055496 kB
Mapped:           695548 kB
Shmem:             16052 kB
KReclaimable:     624388 kB
Slab:             320544 kB
SReclaimable:      89128 kB
SUnreclaim:       231416 kB
KernelStack:       48976 kB
ShadowCallStack:   12280 kB
PageTables:        66768 kB
NFS_Unstable:          0 kB
Bounce:                0 kB
WritebackTmp:          0 kB
CommitLimit:     8677876 kB
Committed_AS:   66845872 kB
VmallocTotal:   263061440 kB
VmallocUsed:      132900 kB
VmallocChunk:          0 kB
Percpu:             2448 kB
CmaTotal:         405504 kB
CmaFree:          322296 kB
MemTotal:        7918588 kB
MemFree:         2636184 kB
MemAvailable:    4293012 kB
Buffers:            5624 kB
Cached:          1439304 kB
SwapCached:         9468 kB
Active:          1902408 kB
Inactive:         710760 kB
Active(anon):    1125276 kB
Inactive(anon):    63724 kB
Active(file):     777132 kB
Inactive(file):   647036 kB
Unevictable:        6444 kB
Mlocked:            6004 kB
SwapTotal:       4718584 kB
SwapFree:        3909800 kB
Dirty:             18068 kB
Writeback:             0 kB
AnonPages:       1170576 kB
Mapped:           696844 kB
Shmem:             16052 kB
KReclaimable:     622884 kB
Slab:             320592 kB
SReclaimable:      89128 kB
SUnreclaim:       231464 kB
KernelStack:       48992 kB
ShadowCallStack:   12276 kB
PageTables:        67392 kB
NFS_Unstable:          0 kB
Bounce:                0 kB
WritebackTmp:          0 kB
CommitLimit:     8677876 kB
Committed_AS:   67124400 kB
VmallocTotal:   263061440 kB
VmallocUsed:      132896 kB
VmallocChunk:          0 kB
Percpu:             2448 kB
CmaTotal:         405504 kB
CmaFree:          322296 kB
MemTotal:        7918588 kB
MemFree:         2542180 kB
MemAvailable:    4189824 kB
Buffers:            5632 kB
Cached:          1440000 kB
SwapCached:         9468 kB
Active:          1996688 kB
Inactive:         710768 kB
Active(anon):    1218864 kB
Inactive(anon):    63724 kB
Active(file):     777824 kB
Inactive(file):   647044 kB
Unevictable:        6444 kB
Mlocked:            6004 kB
SwapTotal:       4718584 kB
SwapFree:        3910312 kB
Dirty:             18072 kB
Writeback:             0 kB
AnonPages:       1264372 kB
Mapped:           697596 kB
Shmem:             16056 kB
KReclaimable:     613000 kB
Slab:             320668 kB
SReclaimable:      89128 kB
SUnreclaim:       231540 kB
KernelStack:       48976 kB
ShadowCallStack:   12272 kB
PageTables:        67844 kB
NFS_Unstable:          0 kB
Bounce:                0 kB
WritebackTmp:          0 kB
CommitLimit:     8677876 kB
Committed_AS:   67370164 kB
VmallocTotal:   263061440 kB
VmallocUsed:      132912 kB
VmallocChunk:          0 kB
Percpu:             2448 kB
CmaTotal:         405504 kB
CmaFree:          322296 kB
MemTotal:        7918588 kB
MemFree:         2439396 kB
MemAvailable:    4087940 kB
Buffers:            5680 kB
Cached:          1441968 kB
SwapCached:         9468 kB
Active:          2099144 kB
Inactive:         710832 kB
Active(anon):    1319372 kB
Inactive(anon):    63724 kB
Active(file):     779772 kB
Inactive(file):   647108 kB
Unevictable:        6444 kB
Mlocked:            6004 kB
SwapTotal:       4718584 kB
SwapFree:        3910568 kB
Dirty:             18072 kB
Writeback:             0 kB
AnonPages:       1364632 kB
Mapped:           699072 kB
Shmem:             16060 kB
KReclaimable:     611888 kB
Slab:             320776 kB
SReclaimable:      89128 kB
SUnreclaim:       231648 kB
KernelStack:       48960 kB
ShadowCallStack:   12276 kB
PageTables:        68312 kB
NFS_Unstable:          0 kB
Bounce:                0 kB
WritebackTmp:          0 kB
CommitLimit:     8677876 kB
Committed_AS:   67599488 kB
VmallocTotal:   263061440 kB
VmallocUsed:      132880 kB
VmallocChunk:          0 kB
Percpu:             2448 kB
CmaTotal:         405504 kB
CmaFree:          322296 kB
MemTotal:        7918588 kB
MemFree:         2350668 kB
MemAvailable:    3997884 kB
Buffers:            5680 kB
Cached:          1442000 kB
SwapCached:         9468 kB
Active:          2186712 kB
Inactive:         710864 kB
Active(anon):    1406940 kB
Inactive(anon):    63724 kB
Active(file):     779772 kB
Inactive(file):   647140 kB
Unevictable:        6444 kB
Mlocked:            6004 kB
SwapTotal:       4718584 kB
SwapFree:        3910568 kB
Dirty:             17316 kB
Writeback:             0 kB
AnonPages:       1452232 kB
Mapped:           699808 kB
Shmem:             16060 kB
KReclaimable:     610528 kB
Slab:             320684 kB
SReclaimable:      89128 kB
SUnreclaim:       231556 kB
KernelStack:       48960 kB
ShadowCallStack:   12268 kB
PageTables:        68724 kB
NFS_Unstable:          0 kB
Bounce:                0 kB
WritebackTmp:          0 kB
CommitLimit:     8677876 kB
Committed_AS:   67812436 kB
VmallocTotal:   263061440 kB
VmallocUsed:      132876 kB
VmallocChunk:          0 kB
Percpu:             2448 kB
CmaTotal:         405504 kB
CmaFree:          322296 kB
MemTotal:        7918588 kB
MemFree:         2254676 kB
MemAvailable:    3900500 kB
Buffers:            5680 kB
Cached:          1442000 kB
SwapCached:         9468 kB
Active:          2282424 kB
Inactive:         710864 kB
Active(anon):    1502652 kB
Inactive(anon):    63724 kB
Active(file):     779772 kB
Inactive(file):   647140 kB
Unevictable:        6444 kB
Mlocked:            6004 kB
SwapTotal:       4718584 kB
SwapFree:        3910568 kB
Dirty:             17316 kB
Writeback:             0 kB
AnonPages:       1548052 kB
Mapped:           700656 kB
Shmem:             16060 kB
KReclaimable:     609136 kB
Slab:             320724 kB
SReclaimable:      89128 kB
SUnreclaim:       231596 kB
KernelStack:       48960 kB
ShadowCallStack:   12268 kB
PageTables:        69268 kB
NFS_Unstable:          0 kB
Bounce:                0 kB
WritebackTmp:          0 kB
CommitLimit:     8677876 kB
Committed_AS:   68074580 kB
VmallocTotal:   263061440 kB
VmallocUsed:      132852 kB
VmallocChunk:          0 kB
Percpu:             2448 kB
CmaTotal:         405504 kB
CmaFree:          322296 kB
MemTotal:        7918588 kB
MemFree:         2154336 kB
MemAvailable:    3798840 kB
Buffers:            5688 kB
Cached:          1442000 kB
SwapCached:         9468 kB
Active:          2382764 kB
Inactive:         710868 kB
Active(anon):    1602992 kB
Inactive(anon):    63720 kB
Active(file):     779772 kB
Inactive(file):   647148 kB
Unevictable:        6444 kB
Mlocked:            6004 kB
SwapTotal:       4718584 kB
SwapFree:        3910568 kB
Dirty:             17396 kB
Writeback:             0 kB
AnonPages:       1648252 kB
Mapped:           699404 kB
Shmem:             16060 kB
KReclaimable:     607808 kB
Slab:             320812 kB
SReclaimable:      89128 kB
SUnreclaim:       231684 kB
KernelStack:       48944 kB
ShadowCallStack:   12264 kB
PageTables:        69788 kB
NFS_Unstable:          0 kB
Bounce:                0 kB
WritebackTmp:          0 kB
CommitLimit:     8677876 kB
Committed_AS:   68303956 kB
VmallocTotal:   263061440 kB
VmallocUsed:      132836 kB
VmallocChunk:          0 kB
Percpu:             2448 kB
CmaTotal:         405504 kB
CmaFree:          322296 kB
MemTotal:        7918588 kB
MemFree:         2072952 kB
MemAvailable:    3716544 kB
Buffers:            5688 kB
Cached:          1442000 kB
SwapCached:         9468 kB
Active:          2462788 kB
Inactive:         710876 kB
Active(anon):    1683016 kB
Inactive(anon):    63728 kB
Active(file):     779772 kB
Inactive(file):   647148 kB
Unevictable:        6444 kB
Mlocked:            6004 kB
SwapTotal:       4718584 kB
SwapFree:        3910568 kB
Dirty:             17396 kB
Writeback:             0 kB
AnonPages:       1728156 kB
Mapped:           700124 kB
Shmem:             16060 kB
KReclaimable:     606896 kB
Slab:             320684 kB
SReclaimable:      89128 kB
SUnreclaim:       231556 kB
KernelStack:       48944 kB
ShadowCallStack:   12268 kB
PageTables:        69952 kB
NFS_Unstable:          0 kB
Bounce:                0 kB
WritebackTmp:          0 kB
CommitLimit:     8677876 kB
Committed_AS:   68516948 kB
VmallocTotal:   263061440 kB
VmallocUsed:      132828 kB
VmallocChunk:          0 kB
Percpu:             2448 kB
CmaTotal:         405504 kB
CmaFree:          322296 kB
MemTotal:        7918588 kB
MemFree:         1965368 kB
MemAvailable:    3606952 kB
Buffers:            5688 kB
Cached:          1442004 kB
SwapCached:         9468 kB
Active:          2570924 kB
Inactive:         710856 kB
Active(anon):    1791152 kB
Inactive(anon):    63708 kB
Active(file):     779772 kB
Inactive(file):   647148 kB
Unevictable:        6444 kB
Mlocked:            6004 kB
SwapTotal:       4718584 kB
SwapFree:        3910568 kB
Dirty:             17396 kB
Writeback:             0 kB
AnonPages:       1836292 kB
Mapped:           701252 kB
Shmem:             16064 kB
KReclaimable:     604888 kB
Slab:             320880 kB
SReclaimable:      89128 kB
SUnreclaim:       231752 kB
KernelStack:       48992 kB
ShadowCallStack:   12260 kB
PageTables:        70636 kB
NFS_Unstable:          0 kB
Bounce:                0 kB
WritebackTmp:          0 kB
CommitLimit:     8677876 kB
Committed_AS:   68762712 kB
VmallocTotal:   263061440 kB
VmallocUsed:      132876 kB
VmallocChunk:          0 kB
Percpu:             2448 kB
CmaTotal:         405504 kB
CmaFree:          322296 kB
MemTotal:        7918588 kB
MemFree:         1845888 kB
MemAvailable:    3364912 kB
Buffers:            5688 kB
Cached:          1442068 kB
SwapCached:         9468 kB
Active:          2689772 kB
Inactive:         710884 kB
Active(anon):    1910000 kB
Inactive(anon):    63720 kB
Active(file):     779772 kB
Inactive(file):   647164 kB
Unevictable:        6444 kB
Mlocked:            6004 kB
SwapTotal:       4718584 kB
SwapFree:        3910824 kB
Dirty:             17492 kB
Writeback:             0 kB
AnonPages:       1955096 kB
Mapped:           702728 kB
Shmem:             16112 kB
KReclaimable:     482312 kB
Slab:             321004 kB
SReclaimable:      89128 kB
SUnreclaim:       231876 kB
KernelStack:       49056 kB
ShadowCallStack:   12300 kB
PageTables:        71184 kB
NFS_Unstable:          0 kB
Bounce:                0 kB
WritebackTmp:          0 kB
CommitLimit:     8677876 kB
Committed_AS:   68976100 kB
VmallocTotal:   263061440 kB
VmallocUsed:      133048 kB
VmallocChunk:          0 kB
Percpu:             2448 kB
CmaTotal:         405504 kB
CmaFree:          322296 kB
MemTotal:        7918588 kB
MemFree:         1761680 kB
MemAvailable:    3270840 kB
Buffers:            5688 kB
Cached:          1442180 kB
SwapCached:         9468 kB
Active:          2773620 kB
Inactive:         710716 kB
Active(anon):    1993848 kB
Inactive(anon):    63552 kB
Active(file):     779772 kB
Inactive(file):   647164 kB
Unevictable:        6444 kB
Mlocked:            6004 kB
SwapTotal:       4718584 kB
SwapFree:        3924392 kB
Dirty:             17568 kB
Writeback:             0 kB
AnonPages:       2038812 kB
Mapped:           703532 kB
Shmem:             16224 kB
KReclaimable:     472448 kB
Slab:             320972 kB
SReclaimable:      89128 kB
SUnreclaim:       231844 kB
KernelStack:       49072 kB
ShadowCallStack:   12300 kB
PageTables:        71476 kB
NFS_Unstable:          0 kB
Bounce:                0 kB
WritebackTmp:          0 kB
CommitLimit:     8677876 kB
Committed_AS:   69156324 kB
VmallocTotal:   263061440 kB
VmallocUsed:      133064 kB
VmallocChunk:          0 kB
Percpu:             2448 kB
CmaTotal:         405504 kB
CmaFree:          322296 kB
MemTotal:        7918588 kB
MemFree:         1708212 kB
MemAvailable:    3346212 kB
Buffers:            5688 kB
Cached:          1442024 kB
SwapCached:         9468 kB
Active:          2826564 kB
Inactive:         710716 kB
Active(anon):    2046792 kB
Inactive(anon):    63552 kB
Active(file):     779772 kB
Inactive(file):   647164 kB
Unevictable:        6444 kB
Mlocked:            6004 kB
SwapTotal:       4718584 kB
SwapFree:        3924392 kB
Dirty:             17568 kB
Writeback:             0 kB
AnonPages:       2091904 kB
Mapped:           703796 kB
Shmem:             16068 kB
KReclaimable:     601288 kB
Slab:             320940 kB
SReclaimable:      89128 kB
SUnreclaim:       231812 kB
KernelStack:       48944 kB
ShadowCallStack:   12264 kB
PageTables:        71788 kB
NFS_Unstable:          0 kB
Bounce:                0 kB
WritebackTmp:          0 kB
CommitLimit:     8677876 kB
Committed_AS:   69368924 kB
VmallocTotal:   263061440 kB
VmallocUsed:      132880 kB
VmallocChunk:          0 kB
Percpu:             2448 kB
CmaTotal:         405504 kB
CmaFree:          322296 kB
MemTotal:        7918588 kB
MemFree:         1641004 kB
MemAvailable:    3278524 kB
Buffers:            5696 kB
Cached:          1442024 kB
SwapCached:         9468 kB
Active:          2893324 kB
Inactive:         710724 kB
Active(anon):    2113552 kB
Inactive(anon):    63552 kB
Active(file):     779772 kB
Inactive(file):   647172 kB
Unevictable:        6444 kB
Mlocked:            6004 kB
SwapTotal:       4718584 kB
SwapFree:        3924392 kB
Dirty:             17568 kB
Writeback:             0 kB
AnonPages:       2158616 kB
Mapped:           704164 kB
Shmem:             16068 kB
KReclaimable:     600800 kB
Slab:             321000 kB
SReclaimable:      89128 kB
SUnreclaim:       231872 kB
KernelStack:       48944 kB
ShadowCallStack:   12264 kB
PageTables:        72096 kB
NFS_Unstable:          0 kB
Bounce:                0 kB
WritebackTmp:          0 kB
CommitLimit:     8677876 kB
Committed_AS:   69516380 kB
VmallocTotal:   263061440 kB
VmallocUsed:      132880 kB
VmallocChunk:          0 kB
Percpu:             2448 kB
CmaTotal:         405504 kB
CmaFree:          322296 kB
MemTotal:        7918588 kB
MemFree:         1568296 kB
MemAvailable:    3204720 kB
Buffers:            5696 kB
Cached:          1442024 kB
SwapCached:         9468 kB
Active:          2966044 kB
Inactive:         710724 kB
Active(anon):    2186272 kB
Inactive(anon):    63552 kB
Active(file):     779772 kB
Inactive(file):   647172 kB
Unevictable:        6444 kB
Mlocked:            6004 kB
SwapTotal:       4718584 kB
SwapFree:        3924392 kB
Dirty:             17568 kB
Writeback:             0 kB
AnonPages:       2231368 kB
Mapped:           704776 kB
Shmem:             16068 kB
KReclaimable:     599704 kB
Slab:             320972 kB
SReclaimable:      89128 kB
SUnreclaim:       231844 kB
KernelStack:       48912 kB
ShadowCallStack:   12264 kB
PageTables:        72300 kB
NFS_Unstable:          0 kB
Bounce:                0 kB
WritebackTmp:          0 kB
CommitLimit:     8677876 kB
Committed_AS:   69696552 kB
VmallocTotal:   263061440 kB
VmallocUsed:      132852 kB
VmallocChunk:          0 kB
Percpu:             2448 kB
CmaTotal:         405504 kB
CmaFree:          322296 kB
MemTotal:        7918588 kB
MemFree:         1494368 kB
MemAvailable:    3129464 kB
Buffers:            5696 kB
Cached:          1442208 kB
SwapCached:         9468 kB
Active:          3039272 kB
Inactive:         710728 kB
Active(anon):    2259328 kB
Inactive(anon):    63544 kB
Active(file):     779944 kB
Inactive(file):   647184 kB
Unevictable:        6444 kB
Mlocked:            6004 kB
SwapTotal:       4718584 kB
SwapFree:        3924392 kB
Dirty:             17580 kB
Writeback:             0 kB
AnonPages:       2304448 kB
Mapped:           705788 kB
Shmem:             16068 kB
KReclaimable:     598192 kB
Slab:             321160 kB
SReclaimable:      89128 kB
SUnreclaim:       232032 kB
KernelStack:       48944 kB
ShadowCallStack:   12256 kB
PageTables:        72804 kB
NFS_Unstable:          0 kB
Bounce:                0 kB
WritebackTmp:          0 kB
CommitLimit:     8677876 kB
Committed_AS:   69876776 kB
VmallocTotal:   263061440 kB
VmallocUsed:      132856 kB
VmallocChunk:          0 kB
Percpu:             2448 kB
CmaTotal:         405504 kB
CmaFree:          267576 kB
MemTotal:        7918588 kB
MemFree:         1430412 kB
MemAvailable:    3065156 kB
Buffers:            5696 kB
Cached:          1442208 kB
SwapCached:         9468 kB
Active:          3102320 kB
Inactive:         710736 kB
Active(anon):    2322376 kB
Inactive(anon):    63552 kB
Active(file):     779944 kB
Inactive(file):   647184 kB
Unevictable:        6444 kB
Mlocked:            6004 kB
SwapTotal:       4718584 kB
SwapFree:        3924392 kB
Dirty:             17592 kB
Writeback:             0 kB
AnonPages:       2367468 kB
Mapped:           706048 kB
Shmem:             16068 kB
KReclaimable:     597840 kB
Slab:             321164 kB
SReclaimable:      89128 kB
SUnreclaim:       232036 kB
KernelStack:       48896 kB
ShadowCallStack:   12272 kB
PageTables:        73100 kB
NFS_Unstable:          0 kB
Bounce:                0 kB
WritebackTmp:          0 kB
CommitLimit:     8677876 kB
Committed_AS:   70024240 kB
VmallocTotal:   263061440 kB
VmallocUsed:      132852 kB
VmallocChunk:          0 kB
Percpu:             2448 kB
CmaTotal:         405504 kB
CmaFree:          204468 kB
MemTotal:        7918588 kB
MemFree:         1361280 kB
MemAvailable:    2994856 kB
Buffers:            5696 kB
Cached:          1442224 kB
SwapCached:         9468 kB
Active:          3170420 kB
Inactive:         710716 kB
Active(anon):    2390476 kB
Inactive(anon):    63532 kB
Active(file):     779944 kB
Inactive(file):   647184 kB
Unevictable:        6444 kB
Mlocked:            6004 kB
SwapTotal:       4718584 kB
SwapFree:        3924392 kB
Dirty:             17656 kB
Writeback:             0 kB
AnonPages:       2435720 kB
Mapped:           706892 kB
Shmem:             16084 kB
KReclaimable:     596672 kB
Slab:             321236 kB
SReclaimable:      89128 kB
SUnreclaim:       232108 kB
KernelStack:       48944 kB
ShadowCallStack:   12264 kB
PageTables:        73428 kB
NFS_Unstable:          0 kB
Bounce:                0 kB
WritebackTmp:          0 kB
CommitLimit:     8677876 kB
Committed_AS:   70205484 kB
VmallocTotal:   263061440 kB
VmallocUsed:      132836 kB
VmallocChunk:          0 kB
Percpu:             2448 kB
CmaTotal:         405504 kB
CmaFree:          136860 kB
MemTotal:        7918588 kB
MemFree:         1282660 kB
MemAvailable:    2915432 kB
Buffers:            5704 kB
Cached:          1442220 kB
SwapCached:         9468 kB
Active:          3249752 kB
Inactive:         710716 kB
Active(anon):    2469808 kB
Inactive(anon):    63528 kB
Active(file):     779944 kB
Inactive(file):   647188 kB
Unevictable:        6444 kB
Mlocked:            6004 kB
SwapTotal:       4718584 kB
SwapFree:        3924392 kB
Dirty:             17656 kB
Writeback:             0 kB
AnonPages:       2514900 kB
Mapped:           707372 kB
Shmem:             16084 kB
KReclaimable:     595864 kB
Slab:             321216 kB
SReclaimable:      89128 kB
SUnreclaim:       232088 kB
KernelStack:       48896 kB
ShadowCallStack:   12264 kB
PageTables:        73752 kB
NFS_Unstable:          0 kB
Bounce:                0 kB
WritebackTmp:          0 kB
CommitLimit:     8677876 kB
Committed_AS:   70385712 kB
VmallocTotal:   263061440 kB
VmallocUsed:      132836 kB
VmallocChunk:          0 kB
Percpu:             2448 kB
CmaTotal:         405504 kB
CmaFree:           58092 kB
MemTotal:        7918588 kB
MemFree:         1224404 kB
MemAvailable:    2856680 kB
Buffers:            5704 kB
Cached:          1442228 kB
SwapCached:         9468 kB
Active:          3307504 kB
Inactive:         710720 kB
Active(anon):    2527560 kB
Inactive(anon):    63528 kB
Active(file):     779944 kB
Inactive(file):   647192 kB
Unevictable:        6444 kB
Mlocked:            6004 kB
SwapTotal:       4718584 kB
SwapFree:        3924392 kB
Dirty:             17656 kB
Writeback:             0 kB
AnonPages:       2572796 kB
Mapped:           707784 kB
Shmem:             16088 kB
KReclaimable:     595364 kB
Slab:             321256 kB
SReclaimable:      89132 kB
SUnreclaim:       232124 kB
KernelStack:       48928 kB
ShadowCallStack:   12252 kB
PageTables:        73888 kB
NFS_Unstable:          0 kB
Bounce:                0 kB
WritebackTmp:          0 kB
CommitLimit:     8677876 kB
Committed_AS:   70500396 kB
VmallocTotal:   263061440 kB
VmallocUsed:      132840 kB
VmallocChunk:          0 kB
Percpu:             2448 kB
CmaTotal:         405504 kB
CmaFree:             124 kB
MemTotal:        7918588 kB
MemFree:         1163672 kB
MemAvailable:    2794960 kB
Buffers:            5712 kB
Cached:          1442240 kB
SwapCached:         9468 kB
Active:          3370096 kB
Inactive:         710732 kB
Active(anon):    2590152 kB
Inactive(anon):    63520 kB
Active(file):     779944 kB
Inactive(file):   647212 kB
Unevictable:        6444 kB
Mlocked:            6004 kB
SwapTotal:       4718584 kB
SwapFree:        3924392 kB
Dirty:             17672 kB
Writeback:             0 kB
AnonPages:       2635136 kB
Mapped:           708536 kB
Shmem:             16088 kB
KReclaimable:     594356 kB
Slab:             321464 kB
SReclaimable:      89132 kB
SUnreclaim:       232332 kB
KernelStack:       48912 kB
ShadowCallStack:   12252 kB
PageTables:        74168 kB
NFS_Unstable:          0 kB
Bounce:                0 kB
WritebackTmp:          0 kB
CommitLimit:     8677876 kB
Committed_AS:   70664188 kB
VmallocTotal:   263061440 kB
VmallocUsed:      132816 kB
VmallocChunk:          0 kB
Percpu:             2448 kB
CmaTotal:         405504 kB
CmaFree:               0 kB
MemTotal:        7918588 kB
MemFree:         1099216 kB
MemAvailable:    2729956 kB
Buffers:            5716 kB
Cached:          1442248 kB
SwapCached:         9468 kB
Active:          3433936 kB
Inactive:         710752 kB
Active(anon):    2653992 kB
Inactive(anon):    63528 kB
Active(file):     779944 kB
Inactive(file):   647224 kB
Unevictable:        6444 kB
Mlocked:            6004 kB
SwapTotal:       4718584 kB
SwapFree:        3924392 kB
Dirty:                92 kB
Writeback:           100 kB
AnonPages:       2699152 kB
Mapped:           708792 kB
Shmem:             16088 kB
KReclaimable:     593796 kB
Slab:             321360 kB
SReclaimable:      89132 kB
SUnreclaim:       232228 kB
KernelStack:       48912 kB
ShadowCallStack:   12244 kB
PageTables:        74544 kB
NFS_Unstable:          0 kB
Bounce:                0 kB
WritebackTmp:          0 kB
CommitLimit:     8677876 kB
Committed_AS:   70795204 kB
VmallocTotal:   263061440 kB
VmallocUsed:      132800 kB
VmallocChunk:          0 kB
Percpu:             2448 kB
CmaTotal:         405504 kB
CmaFree:               0 kB
MemTotal:        7918588 kB
MemFree:         1056572 kB
MemAvailable:    2686664 kB
Buffers:            5716 kB
Cached:          1442248 kB
SwapCached:         9468 kB
Active:          3476496 kB
Inactive:         710748 kB
Active(anon):    2696552 kB
Inactive(anon):    63524 kB
Active(file):     779944 kB
Inactive(file):   647224 kB
Unevictable:        6444 kB
Mlocked:            6004 kB
SwapTotal:       4718584 kB
SwapFree:        3924648 kB
Dirty:                28 kB
Writeback:             0 kB
AnonPages:       2741584 kB
Mapped:           709192 kB
Shmem:             16088 kB
KReclaimable:     593148 kB
Slab:             321476 kB
SReclaimable:      89132 kB
SUnreclaim:       232344 kB
KernelStack:       48896 kB
ShadowCallStack:   12252 kB
PageTables:        74720 kB
NFS_Unstable:          0 kB
Bounce:                0 kB
WritebackTmp:          0 kB
CommitLimit:     8677876 kB
Committed_AS:   70893508 kB
VmallocTotal:   263061440 kB
VmallocUsed:      132816 kB
VmallocChunk:          0 kB
Percpu:             2448 kB
CmaTotal:         405504 kB
CmaFree:               0 kB
MemTotal:        7918588 kB
MemFree:          983616 kB
MemAvailable:    2612780 kB
Buffers:            5716 kB
Cached:          1442256 kB
SwapCached:         9468 kB
Active:          3549152 kB
Inactive:         710752 kB
Active(anon):    2769208 kB
Inactive(anon):    63528 kB
Active(file):     779944 kB
Inactive(file):   647224 kB
Unevictable:        6444 kB
Mlocked:            6004 kB
SwapTotal:       4718584 kB
SwapFree:        3924648 kB
Dirty:                28 kB
Writeback:             0 kB
AnonPages:       2814200 kB
Mapped:           709780 kB
Shmem:             16096 kB
KReclaimable:     592220 kB
Slab:             321380 kB
SReclaimable:      89132 kB
SUnreclaim:       232248 kB
KernelStack:       48912 kB
ShadowCallStack:   12256 kB
PageTables:        74964 kB
NFS_Unstable:          0 kB
Bounce:                0 kB
WritebackTmp:          0 kB
CommitLimit:     8677876 kB
Committed_AS:   71057356 kB
VmallocTotal:   263061440 kB
VmallocUsed:      132812 kB
VmallocChunk:          0 kB
Percpu:             2448 kB
CmaTotal:         405504 kB
CmaFree:              16 kB
MemTotal:        7918588 kB
MemFree:          921200 kB
MemAvailable:    2549644 kB
Buffers:            5716 kB
Cached:          1442256 kB
SwapCached:         9468 kB
Active:          3611448 kB
Inactive:         710748 kB
Active(anon):    2831504 kB
Inactive(anon):    63524 kB
Active(file):     779944 kB
Inactive(file):   647224 kB
Unevictable:        6444 kB
Mlocked:            6004 kB
SwapTotal:       4718584 kB
SwapFree:        3924648 kB
Dirty:                56 kB
Writeback:             0 kB
AnonPages:       2876392 kB
Mapped:           710280 kB
Shmem:             16096 kB
KReclaimable:     591500 kB
Slab:             321656 kB
SReclaimable:      89132 kB
SUnreclaim:       232524 kB
KernelStack:       48912 kB
ShadowCallStack:   12256 kB
PageTables:        75504 kB
NFS_Unstable:          0 kB
Bounce:                0 kB
WritebackTmp:          0 kB
CommitLimit:     8677876 kB
Committed_AS:   71204816 kB
VmallocTotal:   263061440 kB
VmallocUsed:      132812 kB
VmallocChunk:          0 kB
Percpu:             2448 kB
CmaTotal:         405504 kB
CmaFree:               0 kB
MemTotal:        7918588 kB
MemFree:          856204 kB
MemAvailable:    2491644 kB
Buffers:            5732 kB
Cached:          1450068 kB
SwapCached:         9468 kB
Active:          3677316 kB
Inactive:         710880 kB
Active(anon):    2889716 kB
Inactive(anon):    63524 kB
Active(file):     787600 kB
Inactive(file):   647356 kB
Unevictable:        6444 kB
Mlocked:            6004 kB
SwapTotal:       4718584 kB
SwapFree:        3928232 kB
Dirty:               272 kB
Writeback:             0 kB
AnonPages:       2934744 kB
Mapped:           714204 kB
Shmem:             16136 kB
KReclaimable:     590708 kB
Slab:             321720 kB
SReclaimable:      89132 kB
SUnreclaim:       232588 kB
KernelStack:       48896 kB
ShadowCallStack:   12260 kB
PageTables:        75672 kB
NFS_Unstable:          0 kB
Bounce:                0 kB
WritebackTmp:          0 kB
CommitLimit:     8677876 kB
Committed_AS:   71335888 kB
VmallocTotal:   263061440 kB
VmallocUsed:      132812 kB
VmallocChunk:          0 kB
Percpu:             2448 kB
CmaTotal:         405504 kB
CmaFree:               0 kB
MemTotal:        7918588 kB
MemFree:          794296 kB
MemAvailable:    2429008 kB
Buffers:            5732 kB
Cached:          1450068 kB
SwapCached:         9468 kB
Active:          3738760 kB
Inactive:         710880 kB
Active(anon):    2951160 kB
Inactive(anon):    63524 kB
Active(file):     787600 kB
Inactive(file):   647356 kB
Unevictable:        6444 kB
Mlocked:            6004 kB
SwapTotal:       4718584 kB
SwapFree:        3928232 kB
Dirty:               272 kB
Writeback:             0 kB
AnonPages:       2996256 kB
Mapped:           714772 kB
Shmem:             16136 kB
KReclaimable:     589980 kB
Slab:             321780 kB
SReclaimable:      89164 kB
SUnreclaim:       232616 kB
KernelStack:       48912 kB
ShadowCallStack:   12236 kB
PageTables:        75796 kB
NFS_Unstable:          0 kB
Bounce:                0 kB
WritebackTmp:          0 kB
CommitLimit:     8677876 kB
Committed_AS:   71483344 kB
VmallocTotal:   263061440 kB
VmallocUsed:      132800 kB
VmallocChunk:          0 kB
Percpu:             2448 kB
CmaTotal:         405504 kB
CmaFree:               0 kB
MemTotal:        7918588 kB
MemFree:          725828 kB
MemAvailable:    2359800 kB
Buffers:            5732 kB
Cached:          1449892 kB
SwapCached:         9468 kB
Active:          3805372 kB
Inactive:         710872 kB
Active(anon):    3017772 kB
Inactive(anon):    63520 kB
Active(file):     787600 kB
Inactive(file):   647352 kB
Unevictable:        6444 kB
Mlocked:            6004 kB
SwapTotal:       4718584 kB
SwapFree:        3928232 kB
Dirty:               264 kB
Writeback:            12 kB
AnonPages:       3063036 kB
Mapped:           715360 kB
Shmem:             15964 kB
KReclaimable:     589244 kB
Slab:             321828 kB
SReclaimable:      89164 kB
SUnreclaim:       232664 kB
KernelStack:       48976 kB
ShadowCallStack:   12248 kB
PageTables:        76288 kB
NFS_Unstable:          0 kB
Bounce:                0 kB
WritebackTmp:          0 kB
CommitLimit:     8677876 kB
Committed_AS:   71647216 kB
VmallocTotal:   263061440 kB
VmallocUsed:      132884 kB
VmallocChunk:          0 kB
Percpu:             2448 kB
CmaTotal:         405504 kB
CmaFree:               0 kB
MemTotal:        7918588 kB
MemFree:          657532 kB
MemAvailable:    2290524 kB
Buffers:            5732 kB
Cached:          1449844 kB
SwapCached:         9468 kB
Active:          3874476 kB
Inactive:         710876 kB
Active(anon):    3086876 kB
Inactive(anon):    63520 kB
Active(file):     787600 kB
Inactive(file):   647356 kB
Unevictable:        6444 kB
Mlocked:            6004 kB
SwapTotal:       4718584 kB
SwapFree:        3928232 kB
Dirty:               296 kB
Writeback:             0 kB
AnonPages:       3131988 kB
Mapped:           715832 kB
Shmem:             15912 kB
KReclaimable:     588260 kB
Slab:             321964 kB
SReclaimable:      89164 kB
SUnreclaim:       232800 kB
KernelStack:       48992 kB
ShadowCallStack:   12276 kB
PageTables:        76516 kB
NFS_Unstable:          0 kB
Bounce:                0 kB
WritebackTmp:          0 kB
CommitLimit:     8677876 kB
Committed_AS:   71811056 kB
VmallocTotal:   263061440 kB
VmallocUsed:      132916 kB
VmallocChunk:          0 kB
Percpu:             2448 kB
CmaTotal:         405504 kB
CmaFree:               8 kB
MemTotal:        7918588 kB
MemFree:          609036 kB
MemAvailable:    2241616 kB
Buffers:            5732 kB
Cached:          1449924 kB
SwapCached:         9468 kB
Active:          3923236 kB
Inactive:         710880 kB
Active(anon):    3135568 kB
Inactive(anon):    63524 kB
Active(file):     787668 kB
Inactive(file):   647356 kB
Unevictable:        6444 kB
Mlocked:            6004 kB
SwapTotal:       4718584 kB
SwapFree:        3928232 kB
Dirty:               300 kB
Writeback:             0 kB
AnonPages:       3180928 kB
Mapped:           716288 kB
Shmem:             15924 kB
KReclaimable:     587780 kB
Slab:             321812 kB
SReclaimable:      89164 kB
SUnreclaim:       232648 kB
KernelStack:       48992 kB
ShadowCallStack:   12300 kB
PageTables:        76692 kB
NFS_Unstable:          0 kB
Bounce:                0 kB
WritebackTmp:          0 kB
CommitLimit:     8677876 kB
Committed_AS:   71909360 kB
VmallocTotal:   263061440 kB
VmallocUsed:      132936 kB
VmallocChunk:          0 kB
Percpu:             2448 kB
CmaTotal:         405504 kB
CmaFree:               0 kB
MemTotal:        7918588 kB
MemFree:          526824 kB
MemAvailable:    2158460 kB
Buffers:            5740 kB
Cached:          1449928 kB
SwapCached:         9468 kB
Active:          4002760 kB
Inactive:         710888 kB
Active(anon):    3215092 kB
Inactive(anon):    63524 kB
Active(file):     787668 kB
Inactive(file):   647364 kB
Unevictable:        6444 kB
Mlocked:            6004 kB
SwapTotal:       4718584 kB
SwapFree:        3928488 kB
Dirty:               360 kB
Writeback:             0 kB
AnonPages:       3260360 kB
Mapped:           716888 kB
Shmem:             15928 kB
KReclaimable:     586828 kB
Slab:             321852 kB
SReclaimable:      89148 kB
SUnreclaim:       232704 kB
KernelStack:       49008 kB
ShadowCallStack:   12308 kB
PageTables:        77016 kB
NFS_Unstable:          0 kB
Bounce:                0 kB
WritebackTmp:          0 kB
CommitLimit:     8677876 kB
Committed_AS:   72073204 kB
VmallocTotal:   263061440 kB
VmallocUsed:      132956 kB
VmallocChunk:          0 kB
Percpu:             2448 kB
CmaTotal:         405504 kB
CmaFree:              12 kB
MemTotal:        7918588 kB
MemFree:          467728 kB
MemAvailable:    2098648 kB
Buffers:            5748 kB
Cached:          1449948 kB
SwapCached:         9468 kB
Active:          4064012 kB
Inactive:         710908 kB
Active(anon):    3276344 kB
Inactive(anon):    63524 kB
Active(file):     787668 kB
Inactive(file):   647384 kB
Unevictable:        6444 kB
Mlocked:            6004 kB
SwapTotal:       4718584 kB
SwapFree:        3928488 kB
Dirty:               524 kB
Writeback:             0 kB
AnonPages:       3321536 kB
Mapped:           717356 kB
Shmem:             15936 kB
KReclaimable:     586092 kB
Slab:             321816 kB
SReclaimable:      89132 kB
SUnreclaim:       232684 kB
KernelStack:       49024 kB
ShadowCallStack:   12288 kB
PageTables:        77424 kB
NFS_Unstable:          0 kB
Bounce:                0 kB
WritebackTmp:          0 kB
CommitLimit:     8677876 kB
Committed_AS:   72237260 kB
VmallocTotal:   263061440 kB
VmallocUsed:      132996 kB
VmallocChunk:          0 kB
Percpu:             2448 kB
CmaTotal:         405504 kB
CmaFree:               0 kB
MemTotal:        7918588 kB
MemFree:          377536 kB
MemAvailable:    1877760 kB
Buffers:            5748 kB
Cached:          1450068 kB
SwapCached:         9468 kB
Active:          4153256 kB
Inactive:         710904 kB
Active(anon):    3365588 kB
Inactive(anon):    63520 kB
Active(file):     787668 kB
Inactive(file):   647384 kB
Unevictable:        6444 kB
Mlocked:            6004 kB
SwapTotal:       4718584 kB
SwapFree:        3928488 kB
Dirty:               524 kB
Writeback:             0 kB
AnonPages:       3410744 kB
Mapped:           718312 kB
Shmem:             16056 kB
KReclaimable:     455396 kB
Slab:             322032 kB
SReclaimable:      89132 kB
SUnreclaim:       232900 kB
KernelStack:       49120 kB
ShadowCallStack:   12308 kB
PageTables:        77640 kB
NFS_Unstable:          0 kB
Bounce:                0 kB
WritebackTmp:          0 kB
CommitLimit:     8677876 kB
Committed_AS:   72319360 kB
VmallocTotal:   263061440 kB
VmallocUsed:      133104 kB
VmallocChunk:          0 kB
Percpu:             2448 kB
CmaTotal:         405504 kB
CmaFree:               0 kB
MemTotal:        7918588 kB
MemFree:          343400 kB
MemAvailable:    1972800 kB
Buffers:            5748 kB
Cached:          1449944 kB
SwapCached:         9468 kB
Active:          4186500 kB
Inactive:         710908 kB
Active(anon):    3398832 kB
Inactive(anon):    63524 kB
Active(file):     787668 kB
Inactive(file):   647384 kB
Unevictable:        6444 kB
Mlocked:            6004 kB
SwapTotal:       4718584 kB
SwapFree:        3928488 kB
Dirty:               524 kB
Writeback:             0 kB
AnonPages:       3444092 kB
Mapped:           718312 kB
Shmem:             15932 kB
KReclaimable:     584572 kB
Slab:             322048 kB
SReclaimable:      89148 kB
SUnreclaim:       232900 kB
KernelStack:       48992 kB
ShadowCallStack:   12276 kB
PageTables:        77940 kB
NFS_Unstable:          0 kB
Bounce:                0 kB
WritebackTmp:          0 kB
CommitLimit:     8677876 kB
Committed_AS:   72496528 kB
VmallocTotal:   263061440 kB
VmallocUsed:      132948 kB
VmallocChunk:          0 kB
Percpu:             2448 kB
CmaTotal:         405504 kB
CmaFree:               0 kB
MemTotal:        7918588 kB
MemFree:          275076 kB
MemAvailable:    1903432 kB
Buffers:            5748 kB
Cached:          1449948 kB
SwapCached:         9468 kB
Active:          4255448 kB
Inactive:         710908 kB
Active(anon):    3467780 kB
Inactive(anon):    63520 kB
Active(file):     787668 kB
Inactive(file):   647388 kB
Unevictable:        6444 kB
Mlocked:            6004 kB
SwapTotal:       4718584 kB
SwapFree:        3928744 kB
Dirty:               528 kB
Writeback:             0 kB
AnonPages:       3513112 kB
Mapped:           719152 kB
Shmem:             15932 kB
KReclaimable:     583524 kB
Slab:             322044 kB
SReclaimable:      89148 kB
SUnreclaim:       232896 kB
KernelStack:       49008 kB
ShadowCallStack:   12280 kB
PageTables:        78152 kB
NFS_Unstable:          0 kB
Bounce:                0 kB
WritebackTmp:          0 kB
CommitLimit:     8677876 kB
Committed_AS:   72643984 kB
VmallocTotal:   263061440 kB
VmallocUsed:      132928 kB
VmallocChunk:          0 kB
Percpu:             2448 kB
CmaTotal:         405504 kB
CmaFree:               0 kB
MemTotal:        7918588 kB
MemFree:          205996 kB
MemAvailable:    1833488 kB
Buffers:            5756 kB
Cached:          1449952 kB
SwapCached:         9468 kB
Active:          4323196 kB
Inactive:         710916 kB
Active(anon):    3535528 kB
Inactive(anon):    63520 kB
Active(file):     787668 kB
Inactive(file):   647396 kB
Unevictable:        6444 kB
Mlocked:            6004 kB
SwapTotal:       4718584 kB
SwapFree:        3928744 kB
Dirty:               548 kB
Writeback:             0 kB
AnonPages:       3580936 kB
Mapped:           719836 kB
Shmem:             15936 kB
KReclaimable:     582652 kB
Slab:             322036 kB
SReclaimable:      89148 kB
SUnreclaim:       232888 kB
KernelStack:       48976 kB
ShadowCallStack:   12276 kB
PageTables:        78340 kB
NFS_Unstable:          0 kB
Bounce:                0 kB
WritebackTmp:          0 kB
CommitLimit:     8677876 kB
Committed_AS:   72775060 kB
VmallocTotal:   263061440 kB
VmallocUsed:      132936 kB
VmallocChunk:          0 kB
Percpu:             2448 kB
CmaTotal:         405504 kB
CmaFree:               0 kB
MemTotal:        7918588 kB
MemFree:          159004 kB
MemAvailable:    1775984 kB
Buffers:            5752 kB
Cached:          1443972 kB
SwapCached:         9224 kB
Active:          4386544 kB
Inactive:         698840 kB
Active(anon):    3597968 kB
Inactive(anon):    58336 kB
Active(file):     788576 kB
Inactive(file):   640504 kB
Unevictable:        6444 kB
Mlocked:            6004 kB
SwapTotal:       4718584 kB
SwapFree:        3928744 kB
Dirty:               560 kB
Writeback:             0 kB
AnonPages:       3638336 kB
Mapped:           717916 kB
Shmem:             15932 kB
KReclaimable:     578124 kB
Slab:             321796 kB
SReclaimable:      88780 kB
SUnreclaim:       233016 kB
KernelStack:       49024 kB
ShadowCallStack:   12260 kB
PageTables:        78588 kB
NFS_Unstable:          0 kB
Bounce:                0 kB
WritebackTmp:          0 kB
CommitLimit:     8677876 kB
Committed_AS:   72922472 kB
VmallocTotal:   263061440 kB
VmallocUsed:      132912 kB
VmallocChunk:          0 kB
Percpu:             2448 kB
CmaTotal:         405504 kB
CmaFree:               0 kB
MemTotal:        7918588 kB
MemFree:          161012 kB
MemAvailable:    1746504 kB
Buffers:            4096 kB
Cached:          1420864 kB
SwapCached:         9224 kB
Active:          4444752 kB
Inactive:         670140 kB
Active(anon):    3652276 kB
Inactive(anon):    58304 kB
Active(file):     792476 kB
Inactive(file):   611836 kB
Unevictable:        6444 kB
Mlocked:            6004 kB
SwapTotal:       4718584 kB
SwapFree:        3928744 kB
Dirty:               560 kB
Writeback:             0 kB
AnonPages:       3692596 kB
Mapped:           715052 kB
Shmem:             15940 kB
KReclaimable:     571404 kB
Slab:             320872 kB
SReclaimable:      87948 kB
SUnreclaim:       232924 kB
KernelStack:       48992 kB
ShadowCallStack:   12276 kB
PageTables:        79036 kB
NFS_Unstable:          0 kB
Bounce:                0 kB
WritebackTmp:          0 kB
CommitLimit:     8677876 kB
Committed_AS:   73037168 kB
VmallocTotal:   263061440 kB
VmallocUsed:      132908 kB
VmallocChunk:          0 kB
Percpu:             2448 kB
CmaTotal:         405504 kB
CmaFree:             128 kB
MemTotal:        7918588 kB
MemFree:          160240 kB
MemAvailable:    1683776 kB
Buffers:            2076 kB
Cached:          1370524 kB
SwapCached:         9224 kB
Active:          4508288 kB
Inactive:         616300 kB
Active(anon):    3714516 kB
Inactive(anon):    58300 kB
Active(file):     793772 kB
Inactive(file):   558000 kB
Unevictable:        6444 kB
Mlocked:            6004 kB
SwapTotal:       4718584 kB
SwapFree:        3928744 kB
Dirty:               560 kB
Writeback:             0 kB
AnonPages:       3754768 kB
Mapped:           714520 kB
Shmem:             15940 kB
KReclaimable:     561988 kB
Slab:             320804 kB
SReclaimable:      87948 kB
SUnreclaim:       232856 kB
KernelStack:       48976 kB
ShadowCallStack:   12280 kB
PageTables:        78692 kB
NFS_Unstable:          0 kB
Bounce:                0 kB
WritebackTmp:          0 kB
CommitLimit:     8677876 kB
Committed_AS:   73184620 kB
VmallocTotal:   263061440 kB
VmallocUsed:      132900 kB
VmallocChunk:          0 kB
Percpu:             2448 kB
CmaTotal:         405504 kB
CmaFree:               0 kB
MemTotal:        7918588 kB
MemFree:          160556 kB
MemAvailable:    1596812 kB
Buffers:            2072 kB
Cached:          1297416 kB
SwapCached:         9224 kB
Active:          4593072 kB
Inactive:         543052 kB
Active(anon):    3798988 kB
Inactive(anon):    58300 kB
Active(file):     794084 kB
Inactive(file):   484752 kB
Unevictable:        6444 kB
Mlocked:            6004 kB
SwapTotal:       4718584 kB
SwapFree:        3928744 kB
Dirty:               560 kB
Writeback:             0 kB
AnonPages:       3839216 kB
Mapped:           714976 kB
Shmem:             15944 kB
KReclaimable:     547644 kB
Slab:             319608 kB
SReclaimable:      86468 kB
SUnreclaim:       233140 kB
KernelStack:       48992 kB
ShadowCallStack:   12276 kB
PageTables:        79764 kB
NFS_Unstable:          0 kB
Bounce:                0 kB
WritebackTmp:          0 kB
CommitLimit:     8677876 kB
Committed_AS:   73364852 kB
VmallocTotal:   263061440 kB
VmallocUsed:      132900 kB
VmallocChunk:          0 kB
Percpu:             2448 kB
CmaTotal:         405504 kB
CmaFree:               0 kB
MemTotal:        7918588 kB
MemFree:          161508 kB
MemAvailable:    1565820 kB
Buffers:            2048 kB
Cached:          1271860 kB
SwapCached:         9224 kB
Active:          4635776 kB
Inactive:         506388 kB
Active(anon):    3830664 kB
Inactive(anon):    58300 kB
Active(file):     805112 kB
Inactive(file):   448088 kB
Unevictable:        6444 kB
Mlocked:            6004 kB
SwapTotal:       4718584 kB
SwapFree:        3929000 kB
Dirty:               572 kB
Writeback:             0 kB
AnonPages:       3870844 kB
Mapped:           709228 kB
Shmem:             15948 kB
KReclaimable:     541336 kB
Slab:             318976 kB
SReclaimable:      86032 kB
SUnreclaim:       232944 kB
KernelStack:       48976 kB
ShadowCallStack:   12272 kB
PageTables:        79448 kB
NFS_Unstable:          0 kB
Bounce:                0 kB
WritebackTmp:          0 kB
CommitLimit:     8677876 kB
Committed_AS:   73414004 kB
VmallocTotal:   263061440 kB
VmallocUsed:      132932 kB
VmallocChunk:          0 kB
Percpu:             2448 kB
CmaTotal:         405504 kB
CmaFree:               0 kB
MemTotal:        7918588 kB
MemFree:          161720 kB
MemAvailable:    1497088 kB
Buffers:            2004 kB
Cached:          1218960 kB
SwapCached:         9224 kB
Active:          4744392 kB
Inactive:         413028 kB
Active(anon):    3898812 kB
Inactive(anon):    58300 kB
Active(file):     845580 kB
Inactive(file):   354728 kB
Unevictable:        6444 kB
Mlocked:            6004 kB
SwapTotal:       4718584 kB
SwapFree:        3929000 kB
Dirty:               572 kB
Writeback:             0 kB
AnonPages:       3939032 kB
Mapped:           694180 kB
Shmem:             15948 kB
KReclaimable:     525284 kB
Slab:             318368 kB
SReclaimable:      85300 kB
SUnreclaim:       233068 kB
KernelStack:       48992 kB
ShadowCallStack:   12276 kB
PageTables:        80188 kB
NFS_Unstable:          0 kB
Bounce:                0 kB
WritebackTmp:          0 kB
CommitLimit:     8677876 kB
Committed_AS:   73561460 kB
VmallocTotal:   263061440 kB
VmallocUsed:      132892 kB
VmallocChunk:          0 kB
Percpu:             2448 kB
CmaTotal:         405504 kB
CmaFree:               0 kB
MemTotal:        7918588 kB
MemFree:          161092 kB
MemAvailable:    1432812 kB
Buffers:            1980 kB
Cached:          1166292 kB
SwapCached:         9224 kB
Active:          4823304 kB
Inactive:         344176 kB
Active(anon):    3961568 kB
Inactive(anon):    58300 kB
Active(file):     861736 kB
Inactive(file):   285876 kB
Unevictable:        6444 kB
Mlocked:            6004 kB
SwapTotal:       4718584 kB
SwapFree:        3929000 kB
Dirty:               572 kB
Writeback:             0 kB
AnonPages:       4001804 kB
Mapped:           674620 kB
Shmem:             15952 kB
KReclaimable:     514332 kB
Slab:             318040 kB
SReclaimable:      84756 kB
SUnreclaim:       233284 kB
KernelStack:       48976 kB
ShadowCallStack:   12272 kB
PageTables:        80468 kB
NFS_Unstable:          0 kB
Bounce:                0 kB
WritebackTmp:          0 kB
CommitLimit:     8677876 kB
Committed_AS:   73708920 kB
VmallocTotal:   263061440 kB
VmallocUsed:      132900 kB
VmallocChunk:          0 kB
Percpu:             2448 kB
CmaTotal:         405504 kB
CmaFree:               0 kB
MemTotal:        7918588 kB
MemFree:          157896 kB
MemAvailable:    1377180 kB
Buffers:            1980 kB
Cached:          1121520 kB
SwapCached:         9224 kB
Active:          4877944 kB
Inactive:         299380 kB
Active(anon):    4016180 kB
Inactive(anon):    58304 kB
Active(file):     861764 kB
Inactive(file):   241076 kB
Unevictable:        6444 kB
Mlocked:            6004 kB
SwapTotal:       4718584 kB
SwapFree:        3929000 kB
Dirty:               572 kB
Writeback:             0 kB
AnonPages:       4056504 kB
Mapped:           674880 kB
Shmem:             15952 kB
KReclaimable:     506668 kB
Slab:             316984 kB
SReclaimable:      83804 kB
SUnreclaim:       233180 kB
KernelStack:       48976 kB
ShadowCallStack:   12280 kB
PageTables:        80612 kB
NFS_Unstable:          0 kB
Bounce:                0 kB
WritebackTmp:          0 kB
CommitLimit:     8677876 kB
Committed_AS:   73839992 kB
VmallocTotal:   263061440 kB
VmallocUsed:      132884 kB
VmallocChunk:          0 kB
Percpu:             2448 kB
CmaTotal:         405504 kB
CmaFree:               0 kB
MemTotal:        7918588 kB
MemFree:          160252 kB
MemAvailable:    1316624 kB
Buffers:            1792 kB
Cached:          1070280 kB
SwapCached:         9224 kB
Active:          4949548 kB
Inactive:         236124 kB
Active(anon):    4075960 kB
Inactive(anon):    58300 kB
Active(file):     873588 kB
Inactive(file):   177824 kB
Unevictable:        6444 kB
Mlocked:            6004 kB
SwapTotal:       4718584 kB
SwapFree:        3929000 kB
Dirty:               572 kB
Writeback:             0 kB
AnonPages:       4116148 kB
Mapped:           673856 kB
Shmem:             15952 kB
KReclaimable:     495184 kB
Slab:             315596 kB
SReclaimable:      82376 kB
SUnreclaim:       233220 kB
KernelStack:       48976 kB
ShadowCallStack:   12272 kB
PageTables:        80944 kB
NFS_Unstable:          0 kB
Bounce:                0 kB
WritebackTmp:          0 kB
CommitLimit:     8677876 kB
Committed_AS:   73954628 kB
VmallocTotal:   263061440 kB
VmallocUsed:      132904 kB
VmallocChunk:          0 kB
Percpu:             2448 kB
CmaTotal:         405504 kB
CmaFree:             124 kB
MemTotal:        7918588 kB
MemFree:          159608 kB
MemAvailable:    1251364 kB
Buffers:            1796 kB
Cached:          1015268 kB
SwapCached:         9224 kB
Active:          5013100 kB
Inactive:         181084 kB
Active(anon):    4139504 kB
Inactive(anon):    58280 kB
Active(file):     873596 kB
Inactive(file):   122804 kB
Unevictable:        6444 kB
Mlocked:            6004 kB
SwapTotal:       4718584 kB
SwapFree:        3929000 kB
Dirty:               248 kB
Writeback:             0 kB
AnonPages:       4179692 kB
Mapped:           674296 kB
Shmem:             15956 kB
KReclaimable:     485580 kB
Slab:             314428 kB
SReclaimable:      81124 kB
SUnreclaim:       233304 kB
KernelStack:       48864 kB
ShadowCallStack:   12248 kB
PageTables:        81192 kB
NFS_Unstable:          0 kB
Bounce:                0 kB
WritebackTmp:          0 kB
CommitLimit:     8677876 kB
Committed_AS:   74101780 kB
VmallocTotal:   263061440 kB
VmallocUsed:      132768 kB
VmallocChunk:          0 kB
Percpu:             2448 kB
CmaTotal:         405504 kB
CmaFree:               0 kB
MemTotal:        7918588 kB
MemFree:          159732 kB
MemAvailable:    1184704 kB
Buffers:             944 kB
Cached:           961932 kB
SwapCached:         9224 kB
Active:          5097056 kB
Inactive:         108360 kB
Active(anon):    4204920 kB
Inactive(anon):    58284 kB
Active(file):     892136 kB
Inactive(file):    50076 kB
Unevictable:        6444 kB
Mlocked:            6004 kB
SwapTotal:       4718584 kB
SwapFree:        3929000 kB
Dirty:               280 kB
Writeback:             0 kB
AnonPages:       4245168 kB
Mapped:           674352 kB
Shmem:             15956 kB
KReclaimable:     472984 kB
Slab:             312840 kB
SReclaimable:      79576 kB
SUnreclaim:       233264 kB
KernelStack:       48880 kB
ShadowCallStack:   12248 kB
PageTables:        81380 kB
NFS_Unstable:          0 kB
Bounce:                0 kB
WritebackTmp:          0 kB
CommitLimit:     8677876 kB
Committed_AS:   74232848 kB
VmallocTotal:   263061440 kB
VmallocUsed:      132768 kB
VmallocChunk:          0 kB
Percpu:             2448 kB
CmaTotal:         405504 kB
CmaFree:             456 kB
MemTotal:        7918588 kB
MemFree:          158392 kB
MemAvailable:    1143376 kB
Buffers:             576 kB
Cached:           939532 kB
SwapCached:         8100 kB
Active:          5007092 kB
Inactive:         216756 kB
Active(anon):    4253208 kB
Inactive(anon):    51404 kB
Active(file):     753884 kB
Inactive(file):   165352 kB
Unevictable:        6444 kB
Mlocked:            6004 kB
SwapTotal:       4718584 kB
SwapFree:        3926440 kB
Dirty:               280 kB
Writeback:             0 kB
AnonPages:       4287544 kB
Mapped:           653028 kB
Shmem:             15952 kB
KReclaimable:     455972 kB
Slab:             312736 kB
SReclaimable:      79556 kB
SUnreclaim:       233180 kB
KernelStack:       48864 kB
ShadowCallStack:   12264 kB
PageTables:        81580 kB
NFS_Unstable:          0 kB
Bounce:                0 kB
WritebackTmp:          0 kB
CommitLimit:     8677876 kB
Committed_AS:   74350248 kB
VmallocTotal:   263061440 kB
VmallocUsed:      132792 kB
VmallocChunk:          0 kB
Percpu:             2448 kB
CmaTotal:         405504 kB
CmaFree:               0 kB
MemTotal:        7918588 kB
MemFree:          158364 kB
MemAvailable:    1101624 kB
Buffers:             532 kB
Cached:           914560 kB
SwapCached:         7064 kB
Active:           552812 kB
Inactive:        4686356 kB
Active(anon):     476904 kB
Inactive(anon):  3867792 kB
Active(file):      75908 kB
Inactive(file):   818564 kB
Unevictable:        6444 kB
Mlocked:            6004 kB
SwapTotal:       4718584 kB
SwapFree:        3917736 kB
Dirty:               280 kB
Writeback:             0 kB
AnonPages:       4328676 kB
Mapped:           641028 kB
Shmem:             15912 kB
KReclaimable:     439012 kB
Slab:             312824 kB
SReclaimable:      79556 kB
SUnreclaim:       233268 kB
KernelStack:       48896 kB
ShadowCallStack:   12252 kB
PageTables:        81876 kB
NFS_Unstable:          0 kB
Bounce:                0 kB
WritebackTmp:          0 kB
CommitLimit:     8677876 kB
Committed_AS:   74464940 kB
VmallocTotal:   263061440 kB
VmallocUsed:      132820 kB
VmallocChunk:          0 kB
Percpu:             2448 kB
CmaTotal:         405504 kB
CmaFree:             128 kB
MemTotal:        7918588 kB
MemFree:          160460 kB
MemAvailable:    1034328 kB
Buffers:             480 kB
Cached:           857756 kB
SwapCached:         7064 kB
Active:           655552 kB
Inactive:        4592264 kB
Active(anon):     543492 kB
Inactive(anon):  3866772 kB
Active(file):     112060 kB
Inactive(file):   725492 kB
Unevictable:        6444 kB
Mlocked:            6004 kB
SwapTotal:       4718584 kB
SwapFree:        3917736 kB
Dirty:               280 kB
Writeback:             0 kB
AnonPages:       4394268 kB
Mapped:           616620 kB
Shmem:             15912 kB
KReclaimable:     426540 kB
Slab:             312860 kB
SReclaimable:      79548 kB
SUnreclaim:       233312 kB
KernelStack:       48848 kB
ShadowCallStack:   12248 kB
PageTables:        82164 kB
NFS_Unstable:          0 kB
Bounce:                0 kB
WritebackTmp:          0 kB
CommitLimit:     8677876 kB
Committed_AS:   74612292 kB
VmallocTotal:   263061440 kB
VmallocUsed:      132736 kB
VmallocChunk:          0 kB
Percpu:             2448 kB
CmaTotal:         405504 kB
CmaFree:              92 kB
MemTotal:        7918588 kB
MemFree:          158840 kB
MemAvailable:     975644 kB
Buffers:             440 kB
Cached:           809720 kB
SwapCached:         7064 kB
Active:           723532 kB
Inactive:        4534728 kB
Active(anon):     602192 kB
Inactive(anon):  3866544 kB
Active(file):     121340 kB
Inactive(file):   668184 kB
Unevictable:        6444 kB
Mlocked:            6004 kB
SwapTotal:       4718584 kB
SwapFree:        3917736 kB
Dirty:               316 kB
Writeback:             0 kB
AnonPages:       4452744 kB
Mapped:           598480 kB
Shmem:             15912 kB
KReclaimable:     417504 kB
Slab:             312908 kB
SReclaimable:      79536 kB
SUnreclaim:       233372 kB
KernelStack:       48800 kB
ShadowCallStack:   12228 kB
PageTables:        82320 kB
NFS_Unstable:          0 kB
Bounce:                0 kB
WritebackTmp:          0 kB
CommitLimit:     8677876 kB
Committed_AS:   74743204 kB
VmallocTotal:   263061440 kB
VmallocUsed:      132696 kB
VmallocChunk:          0 kB
Percpu:             2448 kB
CmaTotal:         405504 kB
CmaFree:             128 kB
MemTotal:        7918588 kB
MemFree:          169804 kB
MemAvailable:     920556 kB
Buffers:             440 kB
Cached:           765520 kB
SwapCached:         7064 kB
Active:           788144 kB
Inactive:        4479880 kB
Active(anon):     657648 kB
Inactive(anon):  3865200 kB
Active(file):     130496 kB
Inactive(file):   614680 kB
Unevictable:        6444 kB
Mlocked:            6004 kB
SwapTotal:       4718584 kB
SwapFree:        3917736 kB
Dirty:               316 kB
Writeback:             0 kB
AnonPages:       4506812 kB
Mapped:           578820 kB
Shmem:             15916 kB
KReclaimable:     395800 kB
Slab:             312896 kB
SReclaimable:      79536 kB
SUnreclaim:       233360 kB
KernelStack:       48784 kB
ShadowCallStack:   12216 kB
PageTables:        82528 kB
NFS_Unstable:          0 kB
Bounce:                0 kB
WritebackTmp:          0 kB
CommitLimit:     8677876 kB
Committed_AS:   74857792 kB
VmallocTotal:   263061440 kB
VmallocUsed:      132656 kB
VmallocChunk:          0 kB
Percpu:             2448 kB
CmaTotal:         405504 kB
CmaFree:               0 kB
MemTotal:        7918588 kB
MemFree:          168352 kB
MemAvailable:     855824 kB
Buffers:             432 kB
Cached:           723908 kB
SwapCached:         7064 kB
Active:           860016 kB
Inactive:        4430672 kB
Active(anon):     721956 kB
Inactive(anon):  3865004 kB
Active(file):     138060 kB
Inactive(file):   565668 kB
Unevictable:        6444 kB
Mlocked:            6004 kB
SwapTotal:       4718584 kB
SwapFree:        3917736 kB
Dirty:               316 kB
Writeback:             0 kB
AnonPages:       4571024 kB
Mapped:           561096 kB
Shmem:             15916 kB
KReclaimable:     373968 kB
Slab:             313044 kB
SReclaimable:      79536 kB
SUnreclaim:       233508 kB
KernelStack:       48800 kB
ShadowCallStack:   12212 kB
PageTables:        82972 kB
NFS_Unstable:          0 kB
Bounce:                0 kB
WritebackTmp:          0 kB
CommitLimit:     8677876 kB
Committed_AS:   74972428 kB
VmallocTotal:   263061440 kB
VmallocUsed:      132648 kB
VmallocChunk:          0 kB
Percpu:             2448 kB
CmaTotal:         405504 kB
CmaFree:               0 kB
MemTotal:        7918588 kB
MemFree:          158860 kB
MemAvailable:     645792 kB
Buffers:             420 kB
Cached:           628664 kB
SwapCached:         7064 kB
Active:           956028 kB
Inactive:        4326924 kB
Active(anon):     809616 kB
Inactive(anon):  3864964 kB
Active(file):     146412 kB
Inactive(file):   461960 kB
Unevictable:        6444 kB
Mlocked:            6004 kB
SwapTotal:       4718584 kB
SwapFree:        3917992 kB
Dirty:               320 kB
Writeback:             0 kB
AnonPages:       4658460 kB
Mapped:           542904 kB
Shmem:             16004 kB
KReclaimable:     268784 kB
Slab:             312880 kB
SReclaimable:      79376 kB
SUnreclaim:       233504 kB
KernelStack:       48880 kB
ShadowCallStack:   12256 kB
PageTables:        83020 kB
NFS_Unstable:          0 kB
Bounce:                0 kB
WritebackTmp:          0 kB
CommitLimit:     8677876 kB
Committed_AS:   75071128 kB
VmallocTotal:   263061440 kB
VmallocUsed:      132808 kB
VmallocChunk:          0 kB
Percpu:             2448 kB
CmaTotal:         405504 kB
CmaFree:             128 kB
MemTotal:        7918588 kB
MemFree:          190152 kB
MemAvailable:     749008 kB
Buffers:             416 kB
Cached:           587360 kB
SwapCached:         7064 kB
Active:           974992 kB
Inactive:        4284152 kB
Active(anon):     827240 kB
Inactive(anon):  3864752 kB
Active(file):     147752 kB
Inactive(file):   419400 kB
Unevictable:        6444 kB
Mlocked:            6004 kB
SwapTotal:       4718584 kB
SwapFree:        3917992 kB
Dirty:               320 kB
Writeback:             0 kB
AnonPages:       4675972 kB
Mapped:           538272 kB
Shmem:             15916 kB
KReclaimable:     381928 kB
Slab:             312876 kB
SReclaimable:      79376 kB
SUnreclaim:       233500 kB
KernelStack:       48736 kB
ShadowCallStack:   12220 kB
PageTables:        83296 kB
NFS_Unstable:          0 kB
Bounce:                0 kB
WritebackTmp:          0 kB
CommitLimit:     8677876 kB
Committed_AS:   75185320 kB
VmallocTotal:   263061440 kB
VmallocUsed:      132628 kB
VmallocChunk:          0 kB
Percpu:             2448 kB
CmaTotal:         405504 kB
CmaFree:              80 kB
MemTotal:        7918588 kB
MemFree:          161804 kB
MemAvailable:     692984 kB
Buffers:             416 kB
Cached:           562472 kB
SwapCached:         7064 kB
Active:          1032612 kB
Inactive:        4256848 kB
Active(anon):     883732 kB
Inactive(anon):  3863432 kB
Active(file):     148880 kB
Inactive(file):   393416 kB
Unevictable:        6444 kB
Mlocked:            6004 kB
SwapTotal:       4718584 kB
SwapFree:        3918248 kB
Dirty:               332 kB
Writeback:             0 kB
AnonPages:       4731168 kB
Mapped:           535876 kB
Shmem:             15884 kB
KReclaimable:     379108 kB
Slab:             312904 kB
SReclaimable:      79376 kB
SUnreclaim:       233528 kB
KernelStack:       48688 kB
ShadowCallStack:   12200 kB
PageTables:        83452 kB
NFS_Unstable:          0 kB
Bounce:                0 kB
WritebackTmp:          0 kB
CommitLimit:     8677876 kB
Committed_AS:   75299868 kB
VmallocTotal:   263061440 kB
VmallocUsed:      132556 kB
VmallocChunk:          0 kB
Percpu:             2448 kB
CmaTotal:         405504 kB
CmaFree:               0 kB
MemTotal:        7918588 kB
MemFree:          159000 kB
MemAvailable:     635548 kB
Buffers:             416 kB
Cached:           512516 kB
SwapCached:         7064 kB
Active:          1090776 kB
Inactive:        4204996 kB
Active(anon):     940180 kB
Inactive(anon):  3863252 kB
Active(file):     150596 kB
Inactive(file):   341744 kB
Unevictable:        6444 kB
Mlocked:            6004 kB
SwapTotal:       4718584 kB
SwapFree:        3918248 kB
Dirty:               332 kB
Writeback:             0 kB
AnonPages:       4787520 kB
Mapped:           531472 kB
Shmem:             15884 kB
KReclaimable:     374432 kB
Slab:             312860 kB
SReclaimable:      79376 kB
SUnreclaim:       233484 kB
KernelStack:       48640 kB
ShadowCallStack:   12204 kB
PageTables:        83768 kB
NFS_Unstable:          0 kB
Bounce:                0 kB
WritebackTmp:          0 kB
CommitLimit:     8677876 kB
Committed_AS:   75414404 kB
VmallocTotal:   263061440 kB
VmallocUsed:      132472 kB
VmallocChunk:          0 kB
Percpu:             2448 kB
CmaTotal:         405504 kB
CmaFree:               0 kB
MemTotal:        7918588 kB
MemFree:          156956 kB
MemAvailable:     564944 kB
Buffers:             404 kB
Cached:           450604 kB
SwapCached:         7064 kB
Active:          1162240 kB
Inactive:        4140384 kB
Active(anon):    1009184 kB
Inactive(anon):  3863196 kB
Active(file):     153056 kB
Inactive(file):   277188 kB
Unevictable:        6444 kB
Mlocked:            6004 kB
SwapTotal:       4718584 kB
SwapFree:        3918248 kB
Dirty:               228 kB
Writeback:             0 kB
AnonPages:       4856380 kB
Mapped:           519944 kB
Shmem:             15884 kB
KReclaimable:     367968 kB
Slab:             313032 kB
SReclaimable:      79368 kB
SUnreclaim:       233664 kB
KernelStack:       48640 kB
ShadowCallStack:   12188 kB
PageTables:        83932 kB
NFS_Unstable:          0 kB
Bounce:                0 kB
WritebackTmp:          0 kB
CommitLimit:     8677876 kB
Committed_AS:   75578760 kB
VmallocTotal:   263061440 kB
VmallocUsed:      132464 kB
VmallocChunk:          0 kB
Percpu:             2448 kB
CmaTotal:         405504 kB
CmaFree:               0 kB
MemTotal:        7918588 kB
MemFree:          159504 kB
MemAvailable:     518488 kB
Buffers:             396 kB
Cached:           406052 kB
SwapCached:         7064 kB
Active:          1211796 kB
Inactive:        4093680 kB
Active(anon):    1056424 kB
Inactive(anon):  3863196 kB
Active(file):     155372 kB
Inactive(file):   230484 kB
Unevictable:        6444 kB
Mlocked:            6004 kB
SwapTotal:       4718584 kB
SwapFree:        3918248 kB
Dirty:               228 kB
Writeback:             0 kB
AnonPages:       4903656 kB
Mapped:           509316 kB
Shmem:             15884 kB
KReclaimable:     363352 kB
Slab:             312916 kB
SReclaimable:      79368 kB
SUnreclaim:       233548 kB
KernelStack:       48640 kB
ShadowCallStack:   12188 kB
PageTables:        84216 kB
NFS_Unstable:          0 kB
Bounce:                0 kB
WritebackTmp:          0 kB
CommitLimit:     8677876 kB
Committed_AS:   75677064 kB
VmallocTotal:   263061440 kB
VmallocUsed:      132456 kB
VmallocChunk:          0 kB
Percpu:             2448 kB
CmaTotal:         405504 kB
CmaFree:               0 kB
MemTotal:        7918588 kB
MemFree:          162552 kB
MemAvailable:     460820 kB
Buffers:             392 kB
Cached:           351136 kB
SwapCached:         7064 kB
Active:          1279356 kB
Inactive:        4027032 kB
Active(anon):    1113048 kB
Inactive(anon):  3862404 kB
Active(file):     166308 kB
Inactive(file):   164628 kB
Unevictable:        6444 kB
Mlocked:            6004 kB
SwapTotal:       4718584 kB
SwapFree:        3918248 kB
Dirty:               228 kB
Writeback:             0 kB
AnonPages:       4959472 kB
Mapped:           496744 kB
Shmem:             15884 kB
KReclaimable:     357556 kB
Slab:             313000 kB
SReclaimable:      79364 kB
SUnreclaim:       233636 kB
KernelStack:       48624 kB
ShadowCallStack:   12192 kB
PageTables:        84324 kB
NFS_Unstable:          0 kB
Bounce:                0 kB
WritebackTmp:          0 kB
CommitLimit:     8677876 kB
Committed_AS:   75775368 kB
VmallocTotal:   263061440 kB
VmallocUsed:      132460 kB
VmallocChunk:          0 kB
Percpu:             2448 kB
CmaTotal:         405504 kB
CmaFree:               0 kB
MemTotal:        7918588 kB
MemFree:          157164 kB
MemAvailable:     387792 kB
Buffers:             384 kB
Cached:           292504 kB
SwapCached:         7064 kB
Active:          1369928 kB
Inactive:        3950124 kB
Active(anon):    1185520 kB
Inactive(anon):  3862396 kB
Active(file):     184408 kB
Inactive(file):    87728 kB
Unevictable:        6444 kB
Mlocked:            6004 kB
SwapTotal:       4718584 kB
SwapFree:        3918248 kB
Dirty:               228 kB
Writeback:             0 kB
AnonPages:       5031720 kB
Mapped:           437808 kB
Shmem:             15896 kB
KReclaimable:     348716 kB
Slab:             311340 kB
SReclaimable:      77644 kB
SUnreclaim:       233696 kB
KernelStack:       48624 kB
ShadowCallStack:   12200 kB
PageTables:        84084 kB
NFS_Unstable:          0 kB
Bounce:                0 kB
WritebackTmp:          0 kB
CommitLimit:     8677876 kB
Committed_AS:   75922836 kB
VmallocTotal:   263061440 kB
VmallocUsed:      132464 kB
VmallocChunk:          0 kB
Percpu:             2448 kB
CmaTotal:         405504 kB
CmaFree:               0 kB
MemTotal:        7918588 kB
MemFree:          157228 kB
MemAvailable:     337128 kB
Buffers:             324 kB
Cached:           241404 kB
SwapCached:         7064 kB
Active:          1462524 kB
Inactive:        3865844 kB
Active(anon):    1245192 kB
Inactive(anon):  3862056 kB
Active(file):     217332 kB
Inactive(file):     3788 kB
Unevictable:        6448 kB
Mlocked:            6008 kB
SwapTotal:       4718584 kB
SwapFree:        3918248 kB
Dirty:               240 kB
Writeback:             0 kB
AnonPages:       5091304 kB
Mapped:           392468 kB
Shmem:             15896 kB
KReclaimable:     338304 kB
Slab:             309668 kB
SReclaimable:      75888 kB
SUnreclaim:       233780 kB
KernelStack:       48624 kB
ShadowCallStack:   12184 kB
PageTables:        84912 kB
NFS_Unstable:          0 kB
Bounce:                0 kB
WritebackTmp:          0 kB
CommitLimit:     8677876 kB
Committed_AS:   76037420 kB
VmallocTotal:   263061440 kB
VmallocUsed:      132476 kB
VmallocChunk:          0 kB
Percpu:             2448 kB
CmaTotal:         405504 kB
CmaFree:               0 kB
MemTotal:        7918588 kB
MemFree:          171152 kB
MemAvailable:     312012 kB
Buffers:             312 kB
Cached:           272548 kB
SwapCached:         5552 kB
Active:          1608412 kB
Inactive:        3716324 kB
Active(anon):    1355240 kB
Inactive(anon):  3716324 kB
Active(file):     253172 kB
Inactive(file):        0 kB
Unevictable:        6448 kB
Mlocked:            6008 kB
SwapTotal:       4718584 kB
SwapFree:        3878568 kB
Dirty:               164 kB
Writeback:             4 kB
AnonPages:       5057208 kB
Mapped:           390020 kB
Shmem:             14948 kB
KReclaimable:     323948 kB
Slab:             308920 kB
SReclaimable:      75892 kB
SUnreclaim:       233028 kB
KernelStack:       47216 kB
ShadowCallStack:   12020 kB
PageTables:        81580 kB
NFS_Unstable:          0 kB
Bounce:                0 kB
WritebackTmp:          0 kB
CommitLimit:     8677876 kB
Committed_AS:   70770636 kB
VmallocTotal:   263061440 kB
VmallocUsed:      130860 kB
VmallocChunk:          0 kB
Percpu:             2448 kB
CmaTotal:         405504 kB
CmaFree:               0 kB
MemTotal:        7918588 kB
MemFree:          155640 kB
MemAvailable:     351816 kB
Buffers:             324 kB
Cached:           300676 kB
SwapCached:         4180 kB
Active:          1856804 kB
Inactive:        3527492 kB
Active(anon):    1575392 kB
Inactive(anon):  3527492 kB
Active(file):     281412 kB
Inactive(file):        0 kB
Unevictable:        6448 kB
Mlocked:            6008 kB
SwapTotal:       4718584 kB
SwapFree:        3872424 kB
Dirty:               236 kB
Writeback:             0 kB
AnonPages:       5089500 kB
Mapped:           396524 kB
Shmem:             14716 kB
KReclaimable:     304988 kB
Slab:             308624 kB
SReclaimable:      75892 kB
SUnreclaim:       232732 kB
KernelStack:       46448 kB
ShadowCallStack:   11668 kB
PageTables:        79788 kB
NFS_Unstable:          0 kB
Bounce:                0 kB
WritebackTmp:          0 kB
CommitLimit:     8677876 kB
Committed_AS:   68198440 kB
VmallocTotal:   263061440 kB
VmallocUsed:      129692 kB
VmallocChunk:          0 kB
Percpu:             2448 kB
CmaTotal:         405504 kB
CmaFree:              36 kB
MemTotal:        7918588 kB
MemFree:          159456 kB
MemAvailable:     302792 kB
Buffers:             324 kB
Cached:           301516 kB
SwapCached:         4152 kB
Active:          2150900 kB
Inactive:        3282472 kB
Active(anon):    1868464 kB
Inactive(anon):  3282472 kB
Active(file):     282436 kB
Inactive(file):        0 kB
Unevictable:        6448 kB
Mlocked:            6008 kB
SwapTotal:       4718584 kB
SwapFree:        3869608 kB
Dirty:               240 kB
Writeback:             0 kB
AnonPages:       5137780 kB
Mapped:           397048 kB
Shmem:             14708 kB
KReclaimable:     251124 kB
Slab:             308484 kB
SReclaimable:      75892 kB
SUnreclaim:       232592 kB
KernelStack:       46432 kB
ShadowCallStack:   11668 kB
PageTables:        79904 kB
NFS_Unstable:          0 kB
Bounce:                0 kB
WritebackTmp:          0 kB
CommitLimit:     8677876 kB
Committed_AS:   68296740 kB
VmallocTotal:   263061440 kB
VmallocUsed:      129692 kB
VmallocChunk:          0 kB
Percpu:             2448 kB
CmaTotal:         405504 kB
CmaFree:               0 kB
MemTotal:        7918588 kB
MemFree:          151820 kB
MemAvailable:     267432 kB
Buffers:             332 kB
Cached:           303260 kB
SwapCached:         4148 kB
Active:          2574624 kB
Inactive:        2914688 kB
Active(anon):    2290448 kB
Inactive(anon):  2914688 kB
Active(file):     284176 kB
Inactive(file):        0 kB
Unevictable:        6448 kB
Mlocked:            6008 kB
SwapTotal:       4718584 kB
SwapFree:        3869608 kB
Dirty:               252 kB
Writeback:             0 kB
AnonPages:       5192280 kB
Mapped:           398232 kB
Shmem:             14708 kB
KReclaimable:     200796 kB
Slab:             308496 kB
SReclaimable:      75892 kB
SUnreclaim:       232604 kB
KernelStack:       46448 kB
ShadowCallStack:   11648 kB
PageTables:        80532 kB
NFS_Unstable:          0 kB
Bounce:                0 kB
WritebackTmp:          0 kB
CommitLimit:     8677876 kB
Committed_AS:   68411428 kB
VmallocTotal:   263061440 kB
VmallocUsed:      129672 kB
VmallocChunk:          0 kB
Percpu:             2448 kB
CmaTotal:         405504 kB
CmaFree:               0 kB
MemTotal:        7918588 kB
MemFree:          162012 kB
MemAvailable:     248128 kB
Buffers:             332 kB
Cached:           304024 kB
SwapCached:         4148 kB
Active:          3143492 kB
Inactive:        2385912 kB
Active(anon):    2892656 kB
Inactive(anon):  2351804 kB
Active(file):     250836 kB
Inactive(file):    34108 kB
Unevictable:        6448 kB
Mlocked:            6008 kB
SwapTotal:       4718584 kB
SwapFree:        3851944 kB
Dirty:               252 kB
Writeback:             4 kB
AnonPages:       5231744 kB
Mapped:           398720 kB
Shmem:             14704 kB
KReclaimable:     148460 kB
Slab:             308524 kB
SReclaimable:      75892 kB
SUnreclaim:       232632 kB
KernelStack:       46448 kB
ShadowCallStack:   11640 kB
PageTables:        80380 kB
NFS_Unstable:          0 kB
Bounce:                0 kB
WritebackTmp:          0 kB
CommitLimit:     8677876 kB
Committed_AS:   68526116 kB
VmallocTotal:   263061440 kB
VmallocUsed:      129672 kB
VmallocChunk:          0 kB
Percpu:             2448 kB
CmaTotal:         405504 kB
CmaFree:               0 kB
MemTotal:        7918588 kB
MemFree:          160060 kB
MemAvailable:     248960 kB
Buffers:             332 kB
Cached:           304028 kB
SwapCached:         4148 kB
Active:          3199348 kB
Inactive:        2335444 kB
Active(anon):    2948512 kB
Inactive(anon):  2301336 kB
Active(file):     250836 kB
Inactive(file):    34108 kB
Unevictable:        6448 kB
Mlocked:            6008 kB
SwapTotal:       4718584 kB
SwapFree:        3807144 kB
Dirty:               252 kB
Writeback:             0 kB
AnonPages:       5236644 kB
Mapped:           399380 kB
Shmem:             14704 kB
KReclaimable:     145836 kB
Slab:             308540 kB
SReclaimable:      75892 kB
SUnreclaim:       232648 kB
KernelStack:       46416 kB
ShadowCallStack:   11640 kB
PageTables:        80812 kB
NFS_Unstable:          0 kB
Bounce:                0 kB
WritebackTmp:          0 kB
CommitLimit:     8677876 kB
Committed_AS:   68608036 kB
VmallocTotal:   263061440 kB
VmallocUsed:      129672 kB
VmallocChunk:          0 kB
Percpu:             2448 kB
CmaTotal:         405504 kB
CmaFree:               0 kB
MemTotal:        7918588 kB
MemFree:          159976 kB
MemAvailable:     251360 kB
Buffers:             340 kB
Cached:           308476 kB
SwapCached:         4152 kB
Active:          3271316 kB
Inactive:        2261280 kB
Active(anon):    3016352 kB
Inactive(anon):  2227180 kB
Active(file):     254964 kB
Inactive(file):    34100 kB
Unevictable:        6448 kB
Mlocked:            6008 kB
SwapTotal:       4718584 kB
SwapFree:        3741096 kB
Dirty:               252 kB
Writeback:             0 kB
AnonPages:       5230156 kB
Mapped:           401412 kB
Shmem:             14704 kB
KReclaimable:     142564 kB
Slab:             308568 kB
SReclaimable:      75892 kB
SUnreclaim:       232676 kB
KernelStack:       46416 kB
ShadowCallStack:   11644 kB
PageTables:        81004 kB
NFS_Unstable:          0 kB
Bounce:                0 kB
WritebackTmp:          0 kB
CommitLimit:     8677876 kB
Committed_AS:   68722760 kB
VmallocTotal:   263061440 kB
VmallocUsed:      129668 kB
VmallocChunk:          0 kB
Percpu:             2448 kB
CmaTotal:         405504 kB
CmaFree:               0 kB
MemTotal:        7918588 kB
MemFree:          157516 kB
MemAvailable:     248124 kB
Buffers:             340 kB
Cached:           308712 kB
SwapCached:         4132 kB
Active:          3345404 kB
Inactive:        2190068 kB
Active(anon):    3089876 kB
Inactive(anon):  2155960 kB
Active(file):     255528 kB
Inactive(file):    34108 kB
Unevictable:        6448 kB
Mlocked:            6008 kB
SwapTotal:       4718584 kB
SwapFree:        3679912 kB
Dirty:               252 kB
Writeback:             0 kB
AnonPages:       5232668 kB
Mapped:           402044 kB
Shmem:             14704 kB
KReclaimable:     139872 kB
Slab:             308576 kB
SReclaimable:      75892 kB
SUnreclaim:       232684 kB
KernelStack:       46448 kB
ShadowCallStack:   11640 kB
PageTables:        81412 kB
NFS_Unstable:          0 kB
Bounce:                0 kB
WritebackTmp:          0 kB
CommitLimit:     8677876 kB
Committed_AS:   68853832 kB
VmallocTotal:   263061440 kB
VmallocUsed:      129688 kB
VmallocChunk:          0 kB
Percpu:             2448 kB
CmaTotal:         405504 kB
CmaFree:               0 kB
MemTotal:        7918588 kB
MemFree:          164020 kB
MemAvailable:     257512 kB
Buffers:             348 kB
Cached:           312984 kB
SwapCached:         4132 kB
Active:          3426524 kB
Inactive:        2103428 kB
Active(anon):    3166796 kB
Inactive(anon):  2069240 kB
Active(file):     259728 kB
Inactive(file):    34188 kB
Unevictable:        6448 kB
Mlocked:            6008 kB
SwapTotal:       4718584 kB
SwapFree:        3598248 kB
Dirty:               324 kB
Writeback:             0 kB
AnonPages:       5222868 kB
Mapped:           403204 kB
Shmem:             14704 kB
KReclaimable:     137080 kB
Slab:             308604 kB
SReclaimable:      75892 kB
SUnreclaim:       232712 kB
KernelStack:       46448 kB
ShadowCallStack:   11648 kB
PageTables:        81632 kB
NFS_Unstable:          0 kB
Bounce:                0 kB
WritebackTmp:          0 kB
CommitLimit:     8677876 kB
Committed_AS:   68968520 kB
VmallocTotal:   263061440 kB
VmallocUsed:      129704 kB
VmallocChunk:          0 kB
Percpu:             2448 kB
CmaTotal:         405504 kB
CmaFree:               0 kB
MemTotal:        7918588 kB
MemFree:          157940 kB
MemAvailable:     253260 kB
Buffers:             348 kB
Cached:           315040 kB
SwapCached:         4132 kB
Active:          3486676 kB
Inactive:        2048508 kB
Active(anon):    3224916 kB
Inactive(anon):  2014296 kB
Active(file):     261760 kB
Inactive(file):    34212 kB
Unevictable:        6448 kB
Mlocked:            6008 kB
SwapTotal:       4718584 kB
SwapFree:        3547048 kB
Dirty:                28 kB
Writeback:           144 kB
AnonPages:       5225848 kB
Mapped:           404200 kB
Shmem:             14704 kB
KReclaimable:     136624 kB
Slab:             308640 kB
SReclaimable:      75892 kB
SUnreclaim:       232748 kB
KernelStack:       46416 kB
ShadowCallStack:   11644 kB
PageTables:        81648 kB
NFS_Unstable:          0 kB
Bounce:                0 kB
WritebackTmp:          0 kB
CommitLimit:     8677876 kB
Committed_AS:   69066824 kB
VmallocTotal:   263061440 kB
VmallocUsed:      129680 kB
VmallocChunk:          0 kB
Percpu:             2448 kB
CmaTotal:         405504 kB
CmaFree:               0 kB
MemTotal:        7918588 kB
MemFree:          160072 kB
MemAvailable:     256536 kB
Buffers:             348 kB
Cached:           316504 kB
SwapCached:         4132 kB
Active:          3555108 kB
Inactive:        1977476 kB
Active(anon):    3291952 kB
Inactive(anon):  1943196 kB
Active(file):     263156 kB
Inactive(file):    34280 kB
Unevictable:        6448 kB
Mlocked:            6008 kB
SwapTotal:       4718584 kB
SwapFree:        3481512 kB
Dirty:                96 kB
Writeback:             0 kB
AnonPages:       5222044 kB
Mapped:           404780 kB
Shmem:             14704 kB
KReclaimable:     135984 kB
Slab:             308644 kB
SReclaimable:      75892 kB
SUnreclaim:       232752 kB
KernelStack:       46448 kB
ShadowCallStack:   11648 kB
PageTables:        82164 kB
NFS_Unstable:          0 kB
Bounce:                0 kB
WritebackTmp:          0 kB
CommitLimit:     8677876 kB
Committed_AS:   69197896 kB
VmallocTotal:   263061440 kB
VmallocUsed:      129688 kB
VmallocChunk:          0 kB
Percpu:             2448 kB
CmaTotal:         405504 kB
CmaFree:               0 kB
MemTotal:        7918588 kB
MemFree:          160572 kB
MemAvailable:     256048 kB
Buffers:             348 kB
Cached:           316852 kB
SwapCached:         4136 kB
Active:          3618552 kB
Inactive:        1913284 kB
Active(anon):    3355064 kB
Inactive(anon):  1878988 kB
Active(file):     263488 kB
Inactive(file):    34296 kB
Unevictable:        6448 kB
Mlocked:            6008 kB
SwapTotal:       4718584 kB
SwapFree:        3421096 kB
Dirty:                96 kB
Writeback:             0 kB
AnonPages:       5220724 kB
Mapped:           405668 kB
Shmem:             14708 kB
KReclaimable:     133312 kB
Slab:             308668 kB
SReclaimable:      75892 kB
SUnreclaim:       232776 kB
KernelStack:       46448 kB
ShadowCallStack:   11640 kB
PageTables:        82260 kB
NFS_Unstable:          0 kB
Bounce:                0 kB
WritebackTmp:          0 kB
CommitLimit:     8677876 kB
Committed_AS:   69296204 kB
VmallocTotal:   263061440 kB
VmallocUsed:      129672 kB
VmallocChunk:          0 kB
Percpu:             2448 kB
CmaTotal:         405504 kB
CmaFree:               0 kB
MemTotal:        7918588 kB
MemFree:          209584 kB
MemAvailable:     271108 kB
Buffers:             348 kB
Cached:           316984 kB
SwapCached:         4136 kB
Active:          3724416 kB
Inactive:        1649920 kB
Active(anon):    3460872 kB
Inactive(anon):  1615552 kB
Active(file):     263544 kB
Inactive(file):    34368 kB
Unevictable:        6448 kB
Mlocked:            6008 kB
SwapTotal:       4718584 kB
SwapFree:        3184296 kB
Dirty:                96 kB
Writeback:             0 kB
AnonPages:       5063608 kB
Mapped:           406376 kB
Shmem:             14720 kB
KReclaimable:     120544 kB
Slab:             308676 kB
SReclaimable:      75892 kB
SUnreclaim:       232784 kB
KernelStack:       46528 kB
ShadowCallStack:   11660 kB
PageTables:        82756 kB
NFS_Unstable:          0 kB
Bounce:                0 kB
WritebackTmp:          0 kB
CommitLimit:     8677876 kB
Committed_AS:   69378520 kB
VmallocTotal:   263061440 kB
VmallocUsed:      129808 kB
VmallocChunk:          0 kB
Percpu:             2448 kB
CmaTotal:         405504 kB
CmaFree:              80 kB
MemTotal:        7918588 kB
MemFree:          737540 kB
MemAvailable:     799580 kB
Buffers:             356 kB
Cached:           318164 kB
SwapCached:         3492 kB
Active:          3797580 kB
Inactive:        1032104 kB
Active(anon):    3532920 kB
Inactive(anon):   997696 kB
Active(file):     264660 kB
Inactive(file):    34408 kB
Unevictable:        6448 kB
Mlocked:            6008 kB
SwapTotal:       4718584 kB
SwapFree:        2604968 kB
Dirty:               156 kB
Writeback:             4 kB
AnonPages:       4517388 kB
Mapped:           406820 kB
Shmem:             14556 kB
KReclaimable:     120416 kB
Slab:             308668 kB
SReclaimable:      75940 kB
SUnreclaim:       232728 kB
KernelStack:       46560 kB
ShadowCallStack:   11700 kB
PageTables:        82564 kB
NFS_Unstable:          0 kB
Bounce:                0 kB
WritebackTmp:          0 kB
CommitLimit:     8677876 kB
Committed_AS:   69411288 kB
VmallocTotal:   263061440 kB
VmallocUsed:      129864 kB
VmallocChunk:          0 kB
Percpu:             2448 kB
CmaTotal:         405504 kB
CmaFree:          266284 kB
MemTotal:        7918588 kB
MemFree:          736352 kB
MemAvailable:     862140 kB
Buffers:             356 kB
Cached:           324512 kB
SwapCached:         3488 kB
Active:          3827472 kB
Inactive:        1009808 kB
Active(anon):    3556276 kB
Inactive(anon):   975376 kB
Active(file):     271196 kB
Inactive(file):    34432 kB
Unevictable:        6448 kB
Mlocked:            6008 kB
SwapTotal:       4718584 kB
SwapFree:        2584232 kB
Dirty:               164 kB
Writeback:             0 kB
AnonPages:       4518680 kB
Mapped:           407840 kB
Shmem:             14528 kB
KReclaimable:     241348 kB
Slab:             308928 kB
SReclaimable:      76068 kB
SUnreclaim:       232860 kB
KernelStack:       46432 kB
ShadowCallStack:   11644 kB
PageTables:        82592 kB
NFS_Unstable:          0 kB
Bounce:                0 kB
WritebackTmp:          0 kB
CommitLimit:     8677876 kB
Committed_AS:   69541968 kB
VmallocTotal:   263061440 kB
VmallocUsed:      129672 kB
VmallocChunk:          0 kB
Percpu:             2448 kB
CmaTotal:         405504 kB
CmaFree:          214696 kB
MemTotal:        7918588 kB
MemFree:          673664 kB
MemAvailable:     802620 kB
Buffers:             356 kB
Cached:           331376 kB
SwapCached:         3488 kB
Active:          3889260 kB
Inactive:        1010044 kB
Active(anon):    3611544 kB
Inactive(anon):   975336 kB
Active(file):     277716 kB
Inactive(file):    34708 kB
Unevictable:        6448 kB
Mlocked:            6008 kB
SwapTotal:       4718584 kB
SwapFree:        2585000 kB
Dirty:               224 kB
Writeback:             0 kB
AnonPages:       4573936 kB
Mapped:           410428 kB
Shmem:             14536 kB
KReclaimable:     240892 kB
Slab:             309056 kB
SReclaimable:      76088 kB
SUnreclaim:       232968 kB
KernelStack:       46768 kB
ShadowCallStack:   11696 kB
PageTables:        82896 kB
NFS_Unstable:          0 kB
Bounce:                0 kB
WritebackTmp:          0 kB
CommitLimit:     8677876 kB
Committed_AS:   69640272 kB
VmallocTotal:   263061440 kB
VmallocUsed:      130100 kB
VmallocChunk:          0 kB
Percpu:             2448 kB
CmaTotal:         405504 kB
CmaFree:          152752 kB
MemTotal:        7918588 kB
MemFree:          603648 kB
MemAvailable:     732348 kB
Buffers:             356 kB
Cached:           331640 kB
SwapCached:         3492 kB
Active:          3958808 kB
Inactive:        1009388 kB
Active(anon):    3680780 kB
Inactive(anon):   974676 kB
Active(file):     278028 kB
Inactive(file):    34712 kB
Unevictable:        6448 kB
Mlocked:            6008 kB
SwapTotal:       4718584 kB
SwapFree:        2586280 kB
Dirty:               228 kB
Writeback:             0 kB
AnonPages:       4642416 kB
Mapped:           411532 kB
Shmem:             14544 kB
KReclaimable:     240060 kB
Slab:             308992 kB
SReclaimable:      76088 kB
SUnreclaim:       232904 kB
KernelStack:       46784 kB
ShadowCallStack:   11720 kB
PageTables:        83356 kB
NFS_Unstable:          0 kB
Bounce:                0 kB
WritebackTmp:          0 kB
CommitLimit:     8677876 kB
Committed_AS:   69771352 kB
VmallocTotal:   263061440 kB
VmallocUsed:      130104 kB
VmallocChunk:          0 kB
Percpu:             2448 kB
CmaTotal:         405504 kB
CmaFree:           84012 kB
MemTotal:        7918588 kB
MemFree:          542052 kB
MemAvailable:     670980 kB
Buffers:             364 kB
Cached:           332684 kB
SwapCached:         3492 kB
Active:          4020756 kB
Inactive:        1009384 kB
Active(anon):    3741684 kB
Inactive(anon):   974664 kB
Active(file):     279072 kB
Inactive(file):    34720 kB
Unevictable:        6448 kB
Mlocked:            6008 kB
SwapTotal:       4718584 kB
SwapFree:        2586280 kB
Dirty:               228 kB
Writeback:             0 kB
AnonPages:       4703564 kB
Mapped:           411936 kB
Shmem:             14544 kB
KReclaimable:     239468 kB
Slab:             309052 kB
SReclaimable:      76104 kB
SUnreclaim:       232948 kB
KernelStack:       46784 kB
ShadowCallStack:   11728 kB
PageTables:        83416 kB
NFS_Unstable:          0 kB
Bounce:                0 kB
WritebackTmp:          0 kB
CommitLimit:     8677876 kB
Committed_AS:   69886036 kB
VmallocTotal:   263061440 kB
VmallocUsed:      130100 kB
VmallocChunk:          0 kB
Percpu:             2448 kB
CmaTotal:         405504 kB
CmaFree:           21896 kB
MemTotal:        7918588 kB
MemFree:          478384 kB
MemAvailable:     610980 kB
Buffers:             376 kB
Cached:           340392 kB
SwapCached:         3492 kB
Active:          4084380 kB
Inactive:        1009412 kB
Active(anon):    3797616 kB
Inactive(anon):   974664 kB
Active(file):     286764 kB
Inactive(file):    34748 kB
Unevictable:        6448 kB
Mlocked:            6008 kB
SwapTotal:       4718584 kB
SwapFree:        2588072 kB
Dirty:               252 kB
Writeback:             0 kB
AnonPages:       4759340 kB
Mapped:           414072 kB
Shmem:             14544 kB
KReclaimable:     239084 kB
Slab:             309032 kB
SReclaimable:      76104 kB
SUnreclaim:       232928 kB
KernelStack:       46784 kB
ShadowCallStack:   11724 kB
PageTables:        83680 kB
NFS_Unstable:          0 kB
Bounce:                0 kB
WritebackTmp:          0 kB
CommitLimit:     8677876 kB
Committed_AS:   69984340 kB
VmallocTotal:   263061440 kB
VmallocUsed:      130140 kB
VmallocChunk:          0 kB
Percpu:             2448 kB
CmaTotal:         405504 kB
CmaFree:               0 kB
MemTotal:        7918588 kB
MemFree:          410796 kB
MemAvailable:     542988 kB
Buffers:             376 kB
Cached:           340392 kB
SwapCached:         3492 kB
Active:          4151664 kB
Inactive:        1009408 kB
Active(anon):    3864900 kB
Inactive(anon):   974660 kB
Active(file):     286764 kB
Inactive(file):    34748 kB
Unevictable:        6448 kB
Mlocked:            6008 kB
SwapTotal:       4718584 kB
SwapFree:        2588072 kB
Dirty:               252 kB
Writeback:             0 kB
AnonPages:       4826616 kB
Mapped:           414592 kB
Shmem:             14544 kB
KReclaimable:     238276 kB
Slab:             309044 kB
SReclaimable:      76104 kB
SUnreclaim:       232940 kB
KernelStack:       46800 kB
ShadowCallStack:   11724 kB
PageTables:        83860 kB
NFS_Unstable:          0 kB
Bounce:                0 kB
WritebackTmp:          0 kB
CommitLimit:     8677876 kB
Committed_AS:   70082644 kB
VmallocTotal:   263061440 kB
VmallocUsed:      130108 kB
VmallocChunk:          0 kB
Percpu:             2448 kB
CmaTotal:         405504 kB
CmaFree:               0 kB
MemTotal:        7918588 kB
MemFree:          341156 kB
MemAvailable:     474236 kB
Buffers:             376 kB
Cached:           342836 kB
SwapCached:         3492 kB
Active:          4220424 kB
Inactive:        1009416 kB
Active(anon):    3931224 kB
Inactive(anon):   974664 kB
Active(file):     289200 kB
Inactive(file):    34752 kB
Unevictable:        6448 kB
Mlocked:            6008 kB
SwapTotal:       4718584 kB
SwapFree:        2588072 kB
Dirty:               252 kB
Writeback:             0 kB
AnonPages:       4892964 kB
Mapped:           415272 kB
Shmem:             14548 kB
KReclaimable:     237612 kB
Slab:             309080 kB
SReclaimable:      76120 kB
SUnreclaim:       232960 kB
KernelStack:       46752 kB
ShadowCallStack:   11720 kB
PageTables:        84028 kB
NFS_Unstable:          0 kB
Bounce:                0 kB
WritebackTmp:          0 kB
CommitLimit:     8677876 kB
Committed_AS:   70213716 kB
VmallocTotal:   263061440 kB
VmallocUsed:      130108 kB
VmallocChunk:          0 kB
Percpu:             2448 kB
CmaTotal:         405504 kB
CmaFree:               0 kB
MemTotal:        7918588 kB
MemFree:          283440 kB
MemAvailable:     416360 kB
Buffers:             376 kB
Cached:           342840 kB
SwapCached:         3492 kB
Active:          4278932 kB
Inactive:        1009412 kB
Active(anon):    3989732 kB
Inactive(anon):   974660 kB
Active(file):     289200 kB
Inactive(file):    34752 kB
Unevictable:        6448 kB
Mlocked:            6008 kB
SwapTotal:       4718584 kB
SwapFree:        2588328 kB
Dirty:               252 kB
Writeback:             0 kB
AnonPages:       4951484 kB
