MemTotal:        7918588 kB
MemFree:          713128 kB
MemAvailable:    4156660 kB
Buffers:           52864 kB
Cached:          3215572 kB
SwapCached:            0 kB
Active:          3001336 kB
Inactive:        1799968 kB
Active(anon):    1493692 kB
Inactive(anon):    63576 kB
Active(file):    1507644 kB
Inactive(file):  1736392 kB
Unevictable:        6120 kB
Mlocked:            5680 kB
SwapTotal:       4718584 kB
SwapFree:        4718584 kB
Dirty:            113760 kB
Writeback:             0 kB
AnonPages:       1539056 kB
Mapped:          1041224 kB
Shmem:             19844 kB
KReclaimable:     589720 kB
Slab:             324932 kB
SReclaimable:      95736 kB
SUnreclaim:       229196 kB
KernelStack:       50992 kB
ShadowCallStack:   12800 kB
PageTables:        72012 kB
NFS_Unstable:          0 kB
Bounce:                0 kB
WritebackTmp:          0 kB
CommitLimit:     8677876 kB
Committed_AS:   78218172 kB
VmallocTotal:   263061440 kB
VmallocUsed:      134568 kB
VmallocChunk:          0 kB
Percpu:             2448 kB
CmaTotal:         405504 kB
CmaFree:           25968 kB
MemTotal:        7918588 kB
MemFree:          708544 kB
MemAvailable:    4152292 kB
Buffers:           52904 kB
Cached:          3215744 kB
SwapCached:            0 kB
Active:          3005892 kB
Inactive:        1800036 kB
Active(anon):    1498108 kB
Inactive(anon):    63572 kB
Active(file):    1507784 kB
Inactive(file):  1736464 kB
Unevictable:        6120 kB
Mlocked:            5680 kB
SwapTotal:       4718584 kB
SwapFree:        4718584 kB
Dirty:            113824 kB
Writeback:             0 kB
AnonPages:       1543404 kB
Mapped:          1042124 kB
Shmem:             19844 kB
KReclaimable:     589724 kB
Slab:             325080 kB
SReclaimable:      95772 kB
SUnreclaim:       229308 kB
KernelStack:       51024 kB
ShadowCallStack:   12780 kB
PageTables:        72244 kB
NFS_Unstable:          0 kB
Bounce:                0 kB
WritebackTmp:          0 kB
CommitLimit:     8677876 kB
Committed_AS:   78234792 kB
VmallocTotal:   263061440 kB
VmallocUsed:      134640 kB
VmallocChunk:          0 kB
Percpu:             2448 kB
CmaTotal:         405504 kB
CmaFree:           25992 kB
MemTotal:        7918588 kB
MemFree:          707848 kB
MemAvailable:    4150072 kB
Buffers:           52912 kB
Cached:          3215748 kB
SwapCached:            0 kB
Active:          3005904 kB
Inactive:        1800048 kB
Active(anon):    1498120 kB
Inactive(anon):    63572 kB
Active(file):    1507784 kB
Inactive(file):  1736476 kB
Unevictable:        6120 kB
Mlocked:            5680 kB
SwapTotal:       4718584 kB
SwapFree:        4718584 kB
Dirty:            113832 kB
Writeback:             0 kB
AnonPages:       1543456 kB
Mapped:          1042836 kB
Shmem:             19844 kB
KReclaimable:     588188 kB
Slab:             325084 kB
SReclaimable:      95772 kB
SUnreclaim:       229312 kB
KernelStack:       50976 kB
ShadowCallStack:   12772 kB
PageTables:        72012 kB
NFS_Unstable:          0 kB
Bounce:                0 kB
WritebackTmp:          0 kB
CommitLimit:     8677876 kB
Committed_AS:   78234788 kB
VmallocTotal:   263061440 kB
VmallocUsed:      134632 kB
VmallocChunk:          0 kB
Percpu:             2448 kB
CmaTotal:         405504 kB
CmaFree:           26036 kB
MemTotal:        7918588 kB
MemFree:          707928 kB
MemAvailable:    4150120 kB
Buffers:           52912 kB
Cached:          3215760 kB
SwapCached:            0 kB
Active:          3007188 kB
Inactive:        1800044 kB
Active(anon):    1499404 kB
Inactive(anon):    63568 kB
Active(file):    1507784 kB
Inactive(file):  1736476 kB
Unevictable:        6120 kB
Mlocked:            5680 kB
SwapTotal:       4718584 kB
SwapFree:        4718584 kB
Dirty:            113832 kB
Writeback:             0 kB
AnonPages:       1544676 kB
Mapped:          1043396 kB
Shmem:             19856 kB
KReclaimable:     588156 kB
Slab:             325356 kB
SReclaimable:      95788 kB
SUnreclaim:       229568 kB
KernelStack:       51008 kB
ShadowCallStack:   12776 kB
PageTables:        72104 kB
NFS_Unstable:          0 kB
Bounce:                0 kB
WritebackTmp:          0 kB
CommitLimit:     8677876 kB
Committed_AS:   78234740 kB
VmallocTotal:   263061440 kB
VmallocUsed:      134616 kB
VmallocChunk:          0 kB
Percpu:             2448 kB
CmaTotal:         405504 kB
CmaFree:           28856 kB
MemTotal:        7918588 kB
MemFree:          711988 kB
MemAvailable:    4174388 kB
Buffers:           52912 kB
Cached:          3215764 kB
SwapCached:            0 kB
Active:          3003152 kB
Inactive:        1800056 kB
Active(anon):    1495368 kB
Inactive(anon):    63576 kB
Active(file):    1507784 kB
Inactive(file):  1736480 kB
Unevictable:        6120 kB
Mlocked:            5680 kB
SwapTotal:       4718584 kB
SwapFree:        4718584 kB
Dirty:            113840 kB
Writeback:             0 kB
AnonPages:       1540692 kB
Mapped:          1043680 kB
Shmem:             19856 kB
KReclaimable:     608360 kB
Slab:             325216 kB
SReclaimable:      95788 kB
SUnreclaim:       229428 kB
KernelStack:       50848 kB
ShadowCallStack:   12736 kB
PageTables:        72144 kB
NFS_Unstable:          0 kB
Bounce:                0 kB
WritebackTmp:          0 kB
CommitLimit:     8677876 kB
Committed_AS:   78234256 kB
VmallocTotal:   263061440 kB
VmallocUsed:      134144 kB
VmallocChunk:          0 kB
Percpu:             2448 kB
CmaTotal:         405504 kB
CmaFree:           29100 kB
MemTotal:        7918588 kB
MemFree:          686032 kB
MemAvailable:    4148432 kB
Buffers:           52912 kB
Cached:          3215764 kB
SwapCached:            0 kB
Active:          3030752 kB
Inactive:        1800056 kB
Active(anon):    1522968 kB
Inactive(anon):    63576 kB
Active(file):    1507784 kB
Inactive(file):  1736480 kB
Unevictable:        6120 kB
Mlocked:            5680 kB
SwapTotal:       4718584 kB
SwapFree:        4718584 kB
Dirty:             68768 kB
Writeback:         36868 kB
AnonPages:       1568332 kB
Mapped:          1045296 kB
Shmem:             19856 kB
KReclaimable:     608360 kB
Slab:             325328 kB
SReclaimable:      95788 kB
SUnreclaim:       229540 kB
KernelStack:       50816 kB
ShadowCallStack:   12736 kB
PageTables:        72104 kB
NFS_Unstable:          0 kB
Bounce:                0 kB
WritebackTmp:          0 kB
CommitLimit:     8677876 kB
Committed_AS:   78255936 kB
VmallocTotal:   263061440 kB
VmallocUsed:      134160 kB
VmallocChunk:          0 kB
Percpu:             2448 kB
CmaTotal:         405504 kB
CmaFree:           29120 kB
MemTotal:        7918588 kB
MemFree:          567848 kB
MemAvailable:    3996168 kB
Buffers:           52912 kB
Cached:          3215764 kB
SwapCached:            0 kB
Active:          3148032 kB
Inactive:        1800052 kB
Active(anon):    1640248 kB
Inactive(anon):    63572 kB
Active(file):    1507784 kB
Inactive(file):  1736480 kB
Unevictable:        6120 kB
Mlocked:            5680 kB
SwapTotal:       4718584 kB
SwapFree:        4718584 kB
Dirty:               848 kB
Writeback:             0 kB
AnonPages:       1685592 kB
Mapped:          1095048 kB
Shmem:             19856 kB
KReclaimable:     574280 kB
Slab:             325248 kB
SReclaimable:      95788 kB
SUnreclaim:       229460 kB
KernelStack:       50880 kB
ShadowCallStack:   12744 kB
PageTables:        72752 kB
NFS_Unstable:          0 kB
Bounce:                0 kB
WritebackTmp:          0 kB
CommitLimit:     8677876 kB
Committed_AS:   78477296 kB
VmallocTotal:   263061440 kB
VmallocUsed:      134188 kB
VmallocChunk:          0 kB
Percpu:             2448 kB
CmaTotal:         405504 kB
CmaFree:           29120 kB
MemTotal:        7918588 kB
MemFree:          432252 kB
MemAvailable:    3809896 kB
Buffers:           52924 kB
Cached:          3215848 kB
SwapCached:            0 kB
Active:          3252312 kB
Inactive:        1800152 kB
Active(anon):    1744528 kB
Inactive(anon):    63576 kB
Active(file):    1507784 kB
Inactive(file):  1736576 kB
Unevictable:        6120 kB
Mlocked:            5680 kB
SwapTotal:       4718584 kB
SwapFree:        4718584 kB
Dirty:               872 kB
Writeback:             0 kB
AnonPages:       1789732 kB
Mapped:          1151204 kB
Shmem:             19856 kB
KReclaimable:     523508 kB
Slab:             325664 kB
SReclaimable:      95788 kB
SUnreclaim:       229876 kB
KernelStack:       50928 kB
ShadowCallStack:   12756 kB
PageTables:        73240 kB
NFS_Unstable:          0 kB
Bounce:                0 kB
WritebackTmp:          0 kB
CommitLimit:     8677876 kB
Committed_AS:   78681692 kB
VmallocTotal:   263061440 kB
VmallocUsed:      134256 kB
VmallocChunk:          0 kB
Percpu:             2448 kB
CmaTotal:         405504 kB
CmaFree:           19560 kB
MemTotal:        7918588 kB
MemFree:          336452 kB
MemAvailable:    3713356 kB
Buffers:           52948 kB
Cached:          3215856 kB
SwapCached:            0 kB
Active:          3348528 kB
Inactive:        1800180 kB
Active(anon):    1840744 kB
Inactive(anon):    63576 kB
Active(file):    1507784 kB
Inactive(file):  1736604 kB
Unevictable:        6120 kB
Mlocked:            5680 kB
SwapTotal:       4718584 kB
SwapFree:        4718584 kB
Dirty:              1052 kB
Writeback:             0 kB
AnonPages:       1886032 kB
Mapped:          1152868 kB
Shmem:             19860 kB
KReclaimable:     522740 kB
Slab:             325728 kB
SReclaimable:      95788 kB
SUnreclaim:       229940 kB
KernelStack:       50896 kB
ShadowCallStack:   12764 kB
PageTables:        73504 kB
NFS_Unstable:          0 kB
Bounce:                0 kB
WritebackTmp:          0 kB
CommitLimit:     8677876 kB
Committed_AS:   78812768 kB
VmallocTotal:   263061440 kB
VmallocUsed:      134272 kB
VmallocChunk:          0 kB
Percpu:             2448 kB
CmaTotal:         405504 kB
CmaFree:               0 kB
MemTotal:        7918588 kB
MemFree:          260192 kB
MemAvailable:    3637100 kB
Buffers:           52948 kB
Cached:          3215860 kB
SwapCached:            0 kB
Active:          3422304 kB
Inactive:        1800184 kB
Active(anon):    1914520 kB
Inactive(anon):    63576 kB
Active(file):    1507784 kB
Inactive(file):  1736608 kB
Unevictable:        6120 kB
Mlocked:            5680 kB
SwapTotal:       4718584 kB
SwapFree:        4718584 kB
Dirty:              1136 kB
Writeback:             0 kB
AnonPages:       1959808 kB
Mapped:          1153788 kB
Shmem:             19860 kB
KReclaimable:     522740 kB
Slab:             325804 kB
SReclaimable:      95788 kB
SUnreclaim:       230016 kB
KernelStack:       50912 kB
ShadowCallStack:   12760 kB
PageTables:        73668 kB
NFS_Unstable:          0 kB
Bounce:                0 kB
WritebackTmp:          0 kB
CommitLimit:     8677876 kB
Committed_AS:   78927456 kB
VmallocTotal:   263061440 kB
VmallocUsed:      134256 kB
VmallocChunk:          0 kB
Percpu:             2448 kB
CmaTotal:         405504 kB
CmaFree:               0 kB
MemTotal:        7918588 kB
MemFree:          221744 kB
MemAvailable:    3560616 kB
Buffers:           52948 kB
Cached:          3183864 kB
SwapCached:            0 kB
Active:          3489508 kB
Inactive:        1768184 kB
Active(anon):    1981724 kB
Inactive(anon):    63576 kB
Active(file):    1507784 kB
Inactive(file):  1704608 kB
Unevictable:        6120 kB
Mlocked:            5680 kB
SwapTotal:       4718584 kB
SwapFree:        4718584 kB
Dirty:              1136 kB
Writeback:             0 kB
AnonPages:       2027008 kB
Mapped:          1154504 kB
Shmem:             19864 kB
KReclaimable:     516704 kB
Slab:             324740 kB
SReclaimable:      94620 kB
SUnreclaim:       230120 kB
KernelStack:       50944 kB
ShadowCallStack:   12760 kB
PageTables:        73896 kB
NFS_Unstable:          0 kB
Bounce:                0 kB
WritebackTmp:          0 kB
CommitLimit:     8677876 kB
Committed_AS:   79025764 kB
VmallocTotal:   263061440 kB
VmallocUsed:      134276 kB
VmallocChunk:          0 kB
Percpu:             2448 kB
CmaTotal:         405504 kB
CmaFree:               0 kB
MemTotal:        7918588 kB
MemFree:          222268 kB
MemAvailable:    3335312 kB
Buffers:           52972 kB
Cached:          3087128 kB
SwapCached:            0 kB
Active:          3594772 kB
Inactive:        1671444 kB
Active(anon):    2086988 kB
Inactive(anon):    63576 kB
Active(file):    1507784 kB
Inactive(file):  1607868 kB
Unevictable:        6120 kB
Mlocked:            5680 kB
SwapTotal:       4718584 kB
SwapFree:        4718584 kB
Dirty:               564 kB
Writeback:             0 kB
AnonPages:       2132272 kB
Mapped:          1155408 kB
Shmem:             19892 kB
KReclaimable:     387616 kB
Slab:             325044 kB
SReclaimable:      94596 kB
SUnreclaim:       230448 kB
KernelStack:       51024 kB
ShadowCallStack:   12780 kB
PageTables:        74260 kB
NFS_Unstable:          0 kB
Bounce:                0 kB
WritebackTmp:          0 kB
CommitLimit:     8677876 kB
Committed_AS:   79140756 kB
VmallocTotal:   263061440 kB
VmallocUsed:      134372 kB
VmallocChunk:          0 kB
Percpu:             2448 kB
CmaTotal:         405504 kB
CmaFree:               0 kB
MemTotal:        7918588 kB
MemFree:          221580 kB
MemAvailable:    3224856 kB
Buffers:           52972 kB
Cached:          2988232 kB
SwapCached:            0 kB
Active:          3703244 kB
Inactive:        1572360 kB
Active(anon):    2195392 kB
Inactive(anon):    63576 kB
Active(file):    1507852 kB
Inactive(file):  1508784 kB
Unevictable:        6120 kB
Mlocked:            5680 kB
SwapTotal:       4718584 kB
SwapFree:        4718584 kB
Dirty:               564 kB
Writeback:             0 kB
AnonPages:       2240572 kB
Mapped:          1156340 kB
Shmem:             20012 kB
KReclaimable:     376864 kB
Slab:             325088 kB
SReclaimable:      94596 kB
SUnreclaim:       230492 kB
KernelStack:       51024 kB
ShadowCallStack:   12780 kB
PageTables:        74560 kB
NFS_Unstable:          0 kB
Bounce:                0 kB
WritebackTmp:          0 kB
CommitLimit:     8677876 kB
Committed_AS:   79320988 kB
VmallocTotal:   263061440 kB
VmallocUsed:      134372 kB
VmallocChunk:          0 kB
Percpu:             2448 kB
CmaTotal:         405504 kB
CmaFree:               0 kB
MemTotal:        7918588 kB
MemFree:          221168 kB
MemAvailable:    3303004 kB
Buffers:           52996 kB
Cached:          2948452 kB
SwapCached:            0 kB
Active:          3745320 kB
Inactive:        1532656 kB
Active(anon):    2237396 kB
Inactive(anon):    63572 kB
Active(file):    1507924 kB
Inactive(file):  1469084 kB
Unevictable:        6120 kB
Mlocked:            5680 kB
SwapTotal:       4718584 kB
SwapFree:        4718584 kB
Dirty:               620 kB
Writeback:             0 kB
AnonPages:       2282728 kB
Mapped:          1156508 kB
Shmem:             19884 kB
KReclaimable:     495304 kB
Slab:             325064 kB
SReclaimable:      94596 kB
SUnreclaim:       230468 kB
KernelStack:       50896 kB
ShadowCallStack:   12748 kB
PageTables:        74792 kB
NFS_Unstable:          0 kB
Bounce:                0 kB
WritebackTmp:          0 kB
CommitLimit:     8677876 kB
Committed_AS:   79435292 kB
VmallocTotal:   263061440 kB
VmallocUsed:      134236 kB
VmallocChunk:          0 kB
Percpu:             2448 kB
CmaTotal:         405504 kB
CmaFree:               4 kB
MemTotal:        7918588 kB
MemFree:          219664 kB
MemAvailable:    3222124 kB
Buffers:           52996 kB
Cached:          2878080 kB
SwapCached:            0 kB
Active:          3825272 kB
Inactive:        1462244 kB
Active(anon):    2317312 kB
Inactive(anon):    63568 kB
Active(file):    1507960 kB
Inactive(file):  1398676 kB
Unevictable:        6120 kB
Mlocked:            5680 kB
SwapTotal:       4718584 kB
SwapFree:        4718584 kB
Dirty:               644 kB
Writeback:             0 kB
AnonPages:       2362688 kB
Mapped:          1157148 kB
Shmem:             19884 kB
KReclaimable:     486048 kB
Slab:             325112 kB
SReclaimable:      94596 kB
SUnreclaim:       230516 kB
KernelStack:       50912 kB
ShadowCallStack:   12748 kB
PageTables:        74972 kB
NFS_Unstable:          0 kB
Bounce:                0 kB
WritebackTmp:          0 kB
CommitLimit:     8677876 kB
Committed_AS:   79549980 kB
VmallocTotal:   263061440 kB
VmallocUsed:      134240 kB
VmallocChunk:          0 kB
Percpu:             2448 kB
CmaTotal:         405504 kB
CmaFree:               0 kB
MemTotal:        7918588 kB
MemFree:          222868 kB
MemAvailable:    3127792 kB
Buffers:           52996 kB
Cached:          2791556 kB
SwapCached:            0 kB
Active:          3917772 kB
Inactive:        1375728 kB
Active(anon):    2409812 kB
Inactive(anon):    63580 kB
Active(file):    1507960 kB
Inactive(file):  1312148 kB
Unevictable:        6120 kB
Mlocked:            5680 kB
SwapTotal:       4718584 kB
SwapFree:        4718584 kB
Dirty:               644 kB
Writeback:             0 kB
AnonPages:       2455180 kB
Mapped:          1158556 kB
Shmem:             19888 kB
KReclaimable:     475040 kB
Slab:             325260 kB
SReclaimable:      94596 kB
SUnreclaim:       230664 kB
KernelStack:       50944 kB
ShadowCallStack:   12752 kB
PageTables:        75228 kB
NFS_Unstable:          0 kB
Bounce:                0 kB
WritebackTmp:          0 kB
CommitLimit:     8677876 kB
Committed_AS:   79681052 kB
VmallocTotal:   263061440 kB
VmallocUsed:      134240 kB
VmallocChunk:          0 kB
Percpu:             2448 kB
CmaTotal:         405504 kB
CmaFree:               0 kB
MemTotal:        7918588 kB
MemFree:          218936 kB
MemAvailable:    3041688 kB
Buffers:           52996 kB
Cached:          2718340 kB
SwapCached:            0 kB
Active:          4002476 kB
Inactive:        1302508 kB
Active(anon):    2494516 kB
Inactive(anon):    63576 kB
Active(file):    1507960 kB
Inactive(file):  1238932 kB
Unevictable:        6120 kB
Mlocked:            5680 kB
SwapTotal:       4718584 kB
SwapFree:        4718584 kB
Dirty:               644 kB
Writeback:             0 kB
AnonPages:       2539832 kB
Mapped:          1159084 kB
Shmem:             19888 kB
KReclaimable:     466336 kB
Slab:             325352 kB
SReclaimable:      94596 kB
SUnreclaim:       230756 kB
KernelStack:       50880 kB
ShadowCallStack:   12752 kB
PageTables:        75344 kB
NFS_Unstable:          0 kB
Bounce:                0 kB
WritebackTmp:          0 kB
CommitLimit:     8677876 kB
Committed_AS:   79812128 kB
VmallocTotal:   263061440 kB
VmallocUsed:      134240 kB
VmallocChunk:          0 kB
Percpu:             2448 kB
CmaTotal:         405504 kB
CmaFree:               0 kB
MemTotal:        7918588 kB
MemFree:          219228 kB
MemAvailable:    2963904 kB
Buffers:           53004 kB
Cached:          2648200 kB
SwapCached:            0 kB
Active:          4080628 kB
Inactive:        1232372 kB
Active(anon):    2572668 kB
Inactive(anon):    63576 kB
Active(file):    1507960 kB
Inactive(file):  1168796 kB
Unevictable:        6120 kB
Mlocked:            5680 kB
SwapTotal:       4718584 kB
SwapFree:        4718584 kB
Dirty:               644 kB
Writeback:             0 kB
AnonPages:       2617996 kB
Mapped:          1159744 kB
Shmem:             19892 kB
KReclaimable:     458144 kB
Slab:             325456 kB
SReclaimable:      94596 kB
SUnreclaim:       230860 kB
KernelStack:       50896 kB
ShadowCallStack:   12748 kB
PageTables:        75664 kB
NFS_Unstable:          0 kB
Bounce:                0 kB
WritebackTmp:          0 kB
CommitLimit:     8677876 kB
Committed_AS:   79926816 kB
VmallocTotal:   263061440 kB
VmallocUsed:      134224 kB
VmallocChunk:          0 kB
Percpu:             2448 kB
CmaTotal:         405504 kB
CmaFree:               0 kB
MemTotal:        7918588 kB
MemFree:          220360 kB
MemAvailable:    2870584 kB
Buffers:           53012 kB
Cached:          2575936 kB
SwapCached:            0 kB
Active:          4198168 kB
Inactive:        1133160 kB
Active(anon):    2663284 kB
Inactive(anon):    63576 kB
Active(file):    1534884 kB
Inactive(file):  1069584 kB
Unevictable:        6120 kB
Mlocked:            5680 kB
SwapTotal:       4718584 kB
SwapFree:        4718584 kB
Dirty:               644 kB
Writeback:             0 kB
AnonPages:       2708588 kB
Mapped:          1154844 kB
Shmem:             19924 kB
KReclaimable:     435980 kB
Slab:             325452 kB
SReclaimable:      94448 kB
SUnreclaim:       231004 kB
KernelStack:       50912 kB
ShadowCallStack:   12752 kB
PageTables:        75928 kB
NFS_Unstable:          0 kB
Bounce:                0 kB
WritebackTmp:          0 kB
CommitLimit:     8677876 kB
Committed_AS:   80057924 kB
VmallocTotal:   263061440 kB
VmallocUsed:      134208 kB
VmallocChunk:          0 kB
Percpu:             2448 kB
CmaTotal:         405504 kB
CmaFree:               0 kB
MemTotal:        7918588 kB
MemFree:          219728 kB
MemAvailable:    2800812 kB
Buffers:           53012 kB
Cached:          2518124 kB
SwapCached:            0 kB
Active:          4309752 kB
Inactive:        1033928 kB
Active(anon):    2733624 kB
Inactive(anon):    63576 kB
Active(file):    1576128 kB
Inactive(file):   970352 kB
Unevictable:        6120 kB
Mlocked:            5680 kB
SwapTotal:       4718584 kB
SwapFree:        4718584 kB
Dirty:               612 kB
Writeback:             0 kB
AnonPages:       2778656 kB
Mapped:          1137532 kB
Shmem:             19928 kB
KReclaimable:     424828 kB
Slab:             324728 kB
SReclaimable:      93920 kB
SUnreclaim:       230808 kB
KernelStack:       50896 kB
ShadowCallStack:   12744 kB
PageTables:        75888 kB
NFS_Unstable:          0 kB
Bounce:                0 kB
WritebackTmp:          0 kB
CommitLimit:     8677876 kB
Committed_AS:   80160324 kB
VmallocTotal:   263061440 kB
VmallocUsed:      134240 kB
VmallocChunk:          0 kB
Percpu:             2448 kB
CmaTotal:         405504 kB
CmaFree:               0 kB
MemTotal:        7918588 kB
MemFree:          219060 kB
MemAvailable:    2736404 kB
Buffers:           53012 kB
Cached:          2462248 kB
SwapCached:            0 kB
Active:          4386756 kB
Inactive:         963316 kB
Active(anon):    2795724 kB
Inactive(anon):    63572 kB
Active(file):    1591032 kB
Inactive(file):   899744 kB
Unevictable:        6120 kB
Mlocked:            5680 kB
SwapTotal:       4718584 kB
SwapFree:        4718584 kB
Dirty:               612 kB
Writeback:             0 kB
AnonPages:       2840948 kB
Mapped:          1120648 kB
Shmem:             19928 kB
KReclaimable:     416792 kB
Slab:             324268 kB
SReclaimable:      93180 kB
SUnreclaim:       231088 kB
KernelStack:       50880 kB
ShadowCallStack:   12752 kB
PageTables:        76252 kB
NFS_Unstable:          0 kB
Bounce:                0 kB
WritebackTmp:          0 kB
CommitLimit:     8677876 kB
Committed_AS:   80242248 kB
VmallocTotal:   263061440 kB
VmallocUsed:      134216 kB
VmallocChunk:          0 kB
Percpu:             2448 kB
CmaTotal:         405504 kB
CmaFree:               0 kB
MemTotal:        7918588 kB
MemFree:          223632 kB
MemAvailable:    2642868 kB
Buffers:           53056 kB
Cached:          2375564 kB
SwapCached:            0 kB
Active:          4489292 kB
Inactive:         864944 kB
Active(anon):    2886604 kB
Inactive(anon):    63572 kB
Active(file):    1602688 kB
Inactive(file):   801372 kB
Unevictable:        6120 kB
Mlocked:            5680 kB
SwapTotal:       4718584 kB
SwapFree:        4718584 kB
Dirty:               640 kB
Writeback:             0 kB
AnonPages:       2931920 kB
Mapped:          1120168 kB
Shmem:             20004 kB
KReclaimable:     405400 kB
Slab:             322440 kB
SReclaimable:      91260 kB
SUnreclaim:       231180 kB
KernelStack:       50928 kB
ShadowCallStack:   12748 kB
PageTables:        76796 kB
NFS_Unstable:          0 kB
Bounce:                0 kB
WritebackTmp:          0 kB
CommitLimit:     8677876 kB
Committed_AS:   80373340 kB
VmallocTotal:   263061440 kB
VmallocUsed:      134216 kB
VmallocChunk:          0 kB
Percpu:             2448 kB
CmaTotal:         405504 kB
CmaFree:               0 kB
MemTotal:        7918588 kB
MemFree:          221780 kB
MemAvailable:    2586704 kB
Buffers:           53080 kB
Cached:          2326680 kB
SwapCached:            0 kB
Active:          4545084 kB
Inactive:         816220 kB
Active(anon):    2942396 kB
Inactive(anon):    63576 kB
Active(file):    1602688 kB
Inactive(file):   752644 kB
Unevictable:        6120 kB
Mlocked:            5680 kB
SwapTotal:       4718584 kB
SwapFree:        4718584 kB
Dirty:               648 kB
Writeback:             0 kB
AnonPages:       2987592 kB
Mapped:          1120652 kB
Shmem:             20004 kB
KReclaimable:     399816 kB
Slab:             321296 kB
SReclaimable:      90028 kB
SUnreclaim:       231268 kB
KernelStack:       50880 kB
ShadowCallStack:   12752 kB
PageTables:        76724 kB
NFS_Unstable:          0 kB
Bounce:                0 kB
WritebackTmp:          0 kB
CommitLimit:     8677876 kB
Committed_AS:   80455264 kB
VmallocTotal:   263061440 kB
VmallocUsed:      134204 kB
VmallocChunk:          0 kB
Percpu:             2448 kB
CmaTotal:         405504 kB
CmaFree:               0 kB
MemTotal:        7918588 kB
MemFree:          256040 kB
MemAvailable:    2508272 kB
Buffers:           53080 kB
Cached:          2226380 kB
SwapCached:            0 kB
Active:          4625676 kB
Inactive:         711260 kB
Active(anon):    3018580 kB
Inactive(anon):    63576 kB
Active(file):    1607096 kB
Inactive(file):   647684 kB
Unevictable:        6120 kB
Mlocked:            5680 kB
SwapTotal:       4718584 kB
SwapFree:        4718584 kB
Dirty:               648 kB
Writeback:             0 kB
AnonPages:       3063780 kB
Mapped:          1119360 kB
Shmem:             20004 kB
KReclaimable:     387676 kB
Slab:             319572 kB
SReclaimable:      88384 kB
SUnreclaim:       231188 kB
KernelStack:       50928 kB
ShadowCallStack:   12744 kB
PageTables:        76820 kB
NFS_Unstable:          0 kB
Bounce:                0 kB
WritebackTmp:          0 kB
CommitLimit:     8677876 kB
Committed_AS:   80569948 kB
VmallocTotal:   263061440 kB
VmallocUsed:      134216 kB
VmallocChunk:          0 kB
Percpu:             2448 kB
CmaTotal:         405504 kB
CmaFree:           32472 kB
MemTotal:        7918588 kB
MemFree:          260884 kB
MemAvailable:    2449308 kB
Buffers:           53084 kB
Cached:          2170640 kB
SwapCached:            0 kB
Active:          4688316 kB
Inactive:         651312 kB
Active(anon):    3076892 kB
Inactive(anon):    63572 kB
Active(file):    1611424 kB
Inactive(file):   587740 kB
Unevictable:        6120 kB
Mlocked:            5680 kB
SwapTotal:       4718584 kB
SwapFree:        4718584 kB
Dirty:               704 kB
Writeback:             0 kB
AnonPages:       3122068 kB
Mapped:          1118864 kB
Shmem:             20004 kB
KReclaimable:     379484 kB
Slab:             319652 kB
SReclaimable:      88320 kB
SUnreclaim:       231332 kB
KernelStack:       50896 kB
ShadowCallStack:   12748 kB
PageTables:        77236 kB
NFS_Unstable:          0 kB
Bounce:                0 kB
WritebackTmp:          0 kB
CommitLimit:     8677876 kB
Committed_AS:   80652916 kB
VmallocTotal:   263061440 kB
VmallocUsed:      134212 kB
VmallocChunk:          0 kB
Percpu:             2448 kB
CmaTotal:         405504 kB
CmaFree:           31696 kB
MemTotal:        7918588 kB
MemFree:          221804 kB
MemAvailable:    2375088 kB
Buffers:           53084 kB
Cached:          2146476 kB
SwapCached:            0 kB
Active:          4770960 kB
Inactive:         618812 kB
Active(anon):    3151204 kB
Inactive(anon):    63568 kB
Active(file):    1619756 kB
Inactive(file):   555244 kB
Unevictable:        6120 kB
Mlocked:            5680 kB
SwapTotal:       4718584 kB
SwapFree:        4718584 kB
Dirty:               704 kB
Writeback:             0 kB
AnonPages:       3196536 kB
Mapped:          1119444 kB
Shmem:             20004 kB
KReclaimable:     368508 kB
Slab:             319232 kB
SReclaimable:      88096 kB
SUnreclaim:       231136 kB
KernelStack:       50880 kB
ShadowCallStack:   12752 kB
PageTables:        77472 kB
NFS_Unstable:          0 kB
Bounce:                0 kB
WritebackTmp:          0 kB
CommitLimit:     8677876 kB
Committed_AS:   80767580 kB
VmallocTotal:   263061440 kB
VmallocUsed:      134248 kB
VmallocChunk:          0 kB
Percpu:             2448 kB
CmaTotal:         405504 kB
CmaFree:             292 kB
MemTotal:        7918588 kB
MemFree:          217056 kB
MemAvailable:    2330836 kB
Buffers:           53084 kB
Cached:          2115588 kB
SwapCached:            0 kB
Active:          4813468 kB
Inactive:         588004 kB
Active(anon):    3193696 kB
Inactive(anon):    63576 kB
Active(file):    1619772 kB
Inactive(file):   524428 kB
Unevictable:        6120 kB
Mlocked:            5680 kB
SwapTotal:       4718584 kB
SwapFree:        4718584 kB
Dirty:               760 kB
Writeback:             0 kB
AnonPages:       3238932 kB
Mapped:          1119920 kB
Shmem:             20004 kB
KReclaimable:     359804 kB
Slab:             319292 kB
SReclaimable:      88096 kB
SUnreclaim:       231196 kB
KernelStack:       50912 kB
ShadowCallStack:   12752 kB
PageTables:        77276 kB
NFS_Unstable:          0 kB
Bounce:                0 kB
WritebackTmp:          0 kB
CommitLimit:     8677876 kB
Committed_AS:   80816732 kB
VmallocTotal:   263061440 kB
VmallocUsed:      134260 kB
VmallocChunk:          0 kB
Percpu:             2448 kB
CmaTotal:         405504 kB
CmaFree:               0 kB
MemTotal:        7918588 kB
MemFree:          220484 kB
MemAvailable:    2250148 kB
Buffers:           35640 kB
Cached:          2070144 kB
SwapCached:            0 kB
Active:          4893236 kB
Inactive:         524204 kB
Active(anon):    3272640 kB
Inactive(anon):    63576 kB
Active(file):    1620596 kB
Inactive(file):   460628 kB
Unevictable:        6120 kB
Mlocked:            5680 kB
SwapTotal:       4718584 kB
SwapFree:        4718584 kB
Dirty:               760 kB
Writeback:             0 kB
AnonPages:       3317840 kB
Mapped:          1120548 kB
Shmem:             20004 kB
KReclaimable:     338664 kB
Slab:             319320 kB
SReclaimable:      87948 kB
SUnreclaim:       231372 kB
KernelStack:       50976 kB
ShadowCallStack:   12760 kB
PageTables:        77784 kB
NFS_Unstable:          0 kB
Bounce:                0 kB
WritebackTmp:          0 kB
CommitLimit:     8677876 kB
Committed_AS:   80931424 kB
VmallocTotal:   263061440 kB
VmallocUsed:      134260 kB
VmallocChunk:          0 kB
Percpu:             2448 kB
CmaTotal:         405504 kB
CmaFree:               4 kB
MemTotal:        7918588 kB
MemFree:          198880 kB
MemAvailable:    2140352 kB
Buffers:           32216 kB
Cached:          2043076 kB
SwapCached:            0 kB
Active:          4981904 kB
Inactive:         468484 kB
Active(anon):    3351064 kB
Inactive(anon):    48404 kB
Active(file):    1630840 kB
Inactive(file):   420080 kB
Unevictable:        6120 kB
Mlocked:            5680 kB
SwapTotal:       4718584 kB
SwapFree:        4718584 kB
Dirty:               832 kB
Writeback:             0 kB
AnonPages:       3381340 kB
Mapped:          1106732 kB
Shmem:             19816 kB
KReclaimable:     329928 kB
Slab:             318196 kB
SReclaimable:      87916 kB
SUnreclaim:       230280 kB
KernelStack:       50352 kB
ShadowCallStack:   12624 kB
PageTables:        76212 kB
NFS_Unstable:          0 kB
Bounce:                0 kB
WritebackTmp:          0 kB
CommitLimit:     8677876 kB
Committed_AS:   78366412 kB
VmallocTotal:   263061440 kB
VmallocUsed:      133528 kB
VmallocChunk:          0 kB
Percpu:             2448 kB
CmaTotal:         405504 kB
CmaFree:             140 kB
MemTotal:        7918588 kB
MemFree:          220188 kB
MemAvailable:    2157180 kB
Buffers:           31220 kB
Cached:          2002108 kB
SwapCached:            0 kB
Active:          5014656 kB
Inactive:         426528 kB
Active(anon):    3383828 kB
Inactive(anon):    48404 kB
Active(file):    1630828 kB
Inactive(file):   378124 kB
Unevictable:        6120 kB
Mlocked:            5680 kB
SwapTotal:       4718584 kB
SwapFree:        4718584 kB
Dirty:               836 kB
Writeback:             0 kB
AnonPages:       3414092 kB
Mapped:          1107224 kB
Shmem:             19820 kB
KReclaimable:     318264 kB
Slab:             317236 kB
SReclaimable:      87004 kB
SUnreclaim:       230232 kB
KernelStack:       50384 kB
ShadowCallStack:   12620 kB
PageTables:        76444 kB
NFS_Unstable:          0 kB
Bounce:                0 kB
WritebackTmp:          0 kB
CommitLimit:     8677876 kB
Committed_AS:   78415568 kB
VmallocTotal:   263061440 kB
VmallocUsed:      133544 kB
VmallocChunk:          0 kB
Percpu:             2448 kB
CmaTotal:         405504 kB
CmaFree:             128 kB
MemTotal:        7918588 kB
MemFree:          220468 kB
MemAvailable:    2112964 kB
Buffers:           31220 kB
Cached:          1967084 kB
SwapCached:            0 kB
Active:          5057952 kB
Inactive:         391492 kB
Active(anon):    3427124 kB
Inactive(anon):    48396 kB
Active(file):    1630828 kB
Inactive(file):   343096 kB
Unevictable:        6120 kB
Mlocked:            5680 kB
SwapTotal:       4718584 kB
SwapFree:        4718584 kB
Dirty:               732 kB
Writeback:             0 kB
AnonPages:       3457524 kB
Mapped:          1107536 kB
Shmem:             19824 kB
KReclaimable:     308796 kB
Slab:             316448 kB
SReclaimable:      86240 kB
SUnreclaim:       230208 kB
KernelStack:       50384 kB
ShadowCallStack:   12608 kB
PageTables:        76608 kB
NFS_Unstable:          0 kB
Bounce:                0 kB
WritebackTmp:          0 kB
CommitLimit:     8677876 kB
Committed_AS:   78481108 kB
VmallocTotal:   263061440 kB
VmallocUsed:      133564 kB
VmallocChunk:          0 kB
Percpu:             2448 kB
CmaTotal:         405504 kB
CmaFree:               0 kB
MemTotal:        7918588 kB
MemFree:          224136 kB
MemAvailable:    2038612 kB
Buffers:           29628 kB
Cached:          1904968 kB
SwapCached:            0 kB
Active:          5131308 kB
Inactive:         327664 kB
Active(anon):    3500336 kB
Inactive(anon):    48404 kB
Active(file):    1630972 kB
Inactive(file):   279260 kB
Unevictable:        6120 kB
Mlocked:            5680 kB
SwapTotal:       4718584 kB
SwapFree:        4718584 kB
Dirty:               744 kB
Writeback:             0 kB
AnonPages:       3530408 kB
Mapped:          1108468 kB
Shmem:             19828 kB
KReclaimable:     294468 kB
Slab:             314940 kB
SReclaimable:      84712 kB
SUnreclaim:       230228 kB
KernelStack:       50320 kB
ShadowCallStack:   12612 kB
PageTables:        76512 kB
NFS_Unstable:          0 kB
Bounce:                0 kB
WritebackTmp:          0 kB
CommitLimit:     8677876 kB
Committed_AS:   78612184 kB
VmallocTotal:   263061440 kB
VmallocUsed:      133564 kB
VmallocChunk:          0 kB
Percpu:             2448 kB
CmaTotal:         405504 kB
CmaFree:               0 kB
MemTotal:        7918588 kB
MemFree:          220960 kB
MemAvailable:    1863988 kB
Buffers:           29628 kB
Cached:          1805580 kB
SwapCached:            0 kB
Active:          5204000 kB
Inactive:         228136 kB
Active(anon):    3573020 kB
Inactive(anon):    48400 kB
Active(file):    1630980 kB
Inactive(file):   179736 kB
Unevictable:        6120 kB
Mlocked:            5680 kB
SwapTotal:       4718584 kB
SwapFree:        4718584 kB
Dirty:               760 kB
Writeback:             0 kB
AnonPages:       3603084 kB
Mapped:          1108876 kB
Shmem:             19936 kB
KReclaimable:     202552 kB
Slab:             312332 kB
SReclaimable:      81884 kB
SUnreclaim:       230448 kB
KernelStack:       50496 kB
ShadowCallStack:   12640 kB
PageTables:        77004 kB
NFS_Unstable:          0 kB
Bounce:                0 kB
WritebackTmp:          0 kB
CommitLimit:     8677876 kB
Committed_AS:   78661732 kB
VmallocTotal:   263061440 kB
VmallocUsed:      133732 kB
VmallocChunk:          0 kB
Percpu:             2448 kB
CmaTotal:         405504 kB
CmaFree:               0 kB
MemTotal:        7918588 kB
MemFree:          254028 kB
MemAvailable:    1980644 kB
Buffers:           29604 kB
Cached:          1788092 kB
SwapCached:            0 kB
Active:          5189344 kB
Inactive:         210732 kB
Active(anon):    3558364 kB
Inactive(anon):    48400 kB
Active(file):    1630980 kB
Inactive(file):   162332 kB
Unevictable:        6120 kB
Mlocked:            5680 kB
SwapTotal:       4718584 kB
SwapFree:        4718584 kB
Dirty:               768 kB
Writeback:             0 kB
AnonPages:       3588552 kB
Mapped:          1108344 kB
Shmem:             19828 kB
KReclaimable:     323528 kB
Slab:             311664 kB
SReclaimable:      81364 kB
SUnreclaim:       230300 kB
KernelStack:       50384 kB
ShadowCallStack:   12620 kB
PageTables:        77048 kB
NFS_Unstable:          0 kB
Bounce:                0 kB
WritebackTmp:          0 kB
CommitLimit:     8677876 kB
Committed_AS:   78694104 kB
VmallocTotal:   263061440 kB
VmallocUsed:      133556 kB
VmallocChunk:          0 kB
Percpu:             2448 kB
CmaTotal:         405504 kB
CmaFree:             268 kB
MemTotal:        7918588 kB
MemFree:          218860 kB
MemAvailable:    1904296 kB
Buffers:           15728 kB
Cached:          1764852 kB
SwapCached:            0 kB
Active:          5264452 kB
Inactive:         173612 kB
Active(anon):    3633472 kB
Inactive(anon):    48400 kB
Active(file):    1630980 kB
Inactive(file):   125212 kB
Unevictable:        6120 kB
Mlocked:            5680 kB
SwapTotal:       4718584 kB
SwapFree:        4718584 kB
Dirty:               772 kB
Writeback:             0 kB
AnonPages:       3663692 kB
Mapped:          1108960 kB
Shmem:             19832 kB
KReclaimable:     319468 kB
Slab:             310636 kB
SReclaimable:      80376 kB
SUnreclaim:       230260 kB
KernelStack:       50384 kB
ShadowCallStack:   12624 kB
PageTables:        77128 kB
NFS_Unstable:          0 kB
Bounce:                0 kB
WritebackTmp:          0 kB
CommitLimit:     8677876 kB
Committed_AS:   78792412 kB
VmallocTotal:   263061440 kB
VmallocUsed:      133560 kB
VmallocChunk:          0 kB
Percpu:             2448 kB
CmaTotal:         405504 kB
CmaFree:               0 kB
MemTotal:        7918588 kB
MemFree:          219648 kB
MemAvailable:    1861156 kB
Buffers:           12960 kB
Cached:          1726956 kB
SwapCached:            0 kB
Active:          5306128 kB
Inactive:         132956 kB
Active(anon):    3675148 kB
Inactive(anon):    48408 kB
Active(file):    1630980 kB
Inactive(file):    84548 kB
Unevictable:        6120 kB
Mlocked:            5680 kB
SwapTotal:       4718584 kB
SwapFree:        4718584 kB
Dirty:               388 kB
Writeback:             0 kB
AnonPages:       3705328 kB
Mapped:          1108664 kB
Shmem:             19832 kB
KReclaimable:     316204 kB
Slab:             310432 kB
SReclaimable:      80208 kB
SUnreclaim:       230224 kB
KernelStack:       50400 kB
ShadowCallStack:   12620 kB
PageTables:        77300 kB
NFS_Unstable:          0 kB
Bounce:                0 kB
WritebackTmp:          0 kB
CommitLimit:     8677876 kB
Committed_AS:   78874332 kB
VmallocTotal:   263061440 kB
VmallocUsed:      133564 kB
VmallocChunk:          0 kB
Percpu:             2448 kB
CmaTotal:         405504 kB
CmaFree:               0 kB
MemTotal:        7918588 kB
MemFree:          218464 kB
MemAvailable:    1812052 kB
Buffers:           12912 kB
Cached:          1682476 kB
SwapCached:            0 kB
Active:          5354844 kB
Inactive:          88144 kB
Active(anon):    3723588 kB
Inactive(anon):    48400 kB
Active(file):    1631256 kB
Inactive(file):    39744 kB
Unevictable:        6120 kB
Mlocked:            5680 kB
SwapTotal:       4718584 kB
SwapFree:        4718584 kB
Dirty:               388 kB
Writeback:             0 kB
AnonPages:       3753800 kB
Mapped:          1108964 kB
Shmem:             19832 kB
KReclaimable:     312812 kB
Slab:             310140 kB
SReclaimable:      79888 kB
SUnreclaim:       230252 kB
KernelStack:       50368 kB
ShadowCallStack:   12620 kB
PageTables:        77396 kB
NFS_Unstable:          0 kB
Bounce:                0 kB
WritebackTmp:          0 kB
CommitLimit:     8677876 kB
Committed_AS:   78939872 kB
VmallocTotal:   263061440 kB
VmallocUsed:      133576 kB
VmallocChunk:          0 kB
Percpu:             2448 kB
CmaTotal:         405504 kB
CmaFree:               0 kB
MemTotal:        7918588 kB
MemFree:          219860 kB
MemAvailable:    1769880 kB
Buffers:            6876 kB
Cached:          1649480 kB
SwapCached:            4 kB
Active:          5418832 kB
Inactive:          23224 kB
Active(anon):    3787576 kB
Inactive(anon):    21704 kB
Active(file):    1631256 kB
Inactive(file):     1520 kB
Unevictable:        6120 kB
Mlocked:            5680 kB
SwapTotal:       4718584 kB
SwapFree:        4691448 kB
Dirty:               608 kB
Writeback:             0 kB
AnonPages:       3792136 kB
Mapped:          1109052 kB
Shmem:             19024 kB
KReclaimable:     307468 kB
Slab:             309552 kB
SReclaimable:      79152 kB
SUnreclaim:       230400 kB
KernelStack:       50528 kB
ShadowCallStack:   12664 kB
PageTables:        77712 kB
NFS_Unstable:          0 kB
Bounce:                0 kB
WritebackTmp:          0 kB
CommitLimit:     8677876 kB
Committed_AS:   79022268 kB
VmallocTotal:   263061440 kB
VmallocUsed:      133724 kB
VmallocChunk:          0 kB
Percpu:             2448 kB
CmaTotal:         405504 kB
CmaFree:               0 kB
MemTotal:        7918588 kB
MemFree:          218356 kB
MemAvailable:    1764532 kB
Buffers:            6700 kB
Cached:          1649248 kB
SwapCached:            4 kB
Active:           865304 kB
Inactive:        4572984 kB
Active(anon):     767844 kB
Inactive(anon):  3038068 kB
Active(file):      97460 kB
Inactive(file):  1534916 kB
Unevictable:        6128 kB
Mlocked:            5688 kB
SwapTotal:       4718584 kB
SwapFree:        4643832 kB
Dirty:               812 kB
Writeback:             4 kB
AnonPages:       3788456 kB
Mapped:          1109460 kB
Shmem:             19016 kB
KReclaimable:     304024 kB
Slab:             309896 kB
SReclaimable:      79292 kB
SUnreclaim:       230604 kB
KernelStack:       50608 kB
ShadowCallStack:   12684 kB
PageTables:        77860 kB
NFS_Unstable:          0 kB
Bounce:                0 kB
WritebackTmp:          0 kB
CommitLimit:     8677876 kB
Committed_AS:   79088156 kB
VmallocTotal:   263061440 kB
VmallocUsed:      133836 kB
VmallocChunk:          0 kB
Percpu:             2448 kB
CmaTotal:         405504 kB
CmaFree:               0 kB
MemTotal:        7918588 kB
MemFree:          225020 kB
MemAvailable:    1765156 kB
Buffers:            6704 kB
Cached:          1649264 kB
SwapCached:            4 kB
Active:           927928 kB
Inactive:        4496068 kB
Active(anon):     830448 kB
Inactive(anon):  2961148 kB
Active(file):      97480 kB
Inactive(file):  1534920 kB
Unevictable:        6128 kB
Mlocked:            5688 kB
SwapTotal:       4718584 kB
SwapFree:        4569592 kB
Dirty:               812 kB
Writeback:             4 kB
AnonPages:       3774316 kB
Mapped:          1109876 kB
Shmem:             19016 kB
KReclaimable:     297960 kB
Slab:             310212 kB
SReclaimable:      79372 kB
SUnreclaim:       230840 kB
KernelStack:       50576 kB
ShadowCallStack:   12668 kB
PageTables:        78012 kB
NFS_Unstable:          0 kB
Bounce:                0 kB
WritebackTmp:          0 kB
CommitLimit:     8677876 kB
Committed_AS:   79169924 kB
VmallocTotal:   263061440 kB
VmallocUsed:      133780 kB
VmallocChunk:          0 kB
Percpu:             2448 kB
CmaTotal:         405504 kB
CmaFree:               0 kB
MemTotal:        7918588 kB
MemFree:          218836 kB
MemAvailable:    1753520 kB
Buffers:            6740 kB
Cached:          1649204 kB
SwapCached:            0 kB
Active:           993896 kB
Inactive:        4432080 kB
Active(anon):     896416 kB
Inactive(anon):  2897092 kB
Active(file):      97480 kB
Inactive(file):  1534988 kB
Unevictable:        6128 kB
Mlocked:            5688 kB
SwapTotal:       4718584 kB
SwapFree:        4509176 kB
Dirty:               824 kB
Writeback:             0 kB
AnonPages:       3776156 kB
Mapped:          1110212 kB
Shmem:             18920 kB
KReclaimable:     292440 kB
Slab:             310536 kB
SReclaimable:      79484 kB
SUnreclaim:       231052 kB
KernelStack:       50576 kB
ShadowCallStack:   12668 kB
PageTables:        78204 kB
NFS_Unstable:          0 kB
Bounce:                0 kB
WritebackTmp:          0 kB
CommitLimit:     8677876 kB
Committed_AS:   79268228 kB
VmallocTotal:   263061440 kB
VmallocUsed:      133784 kB
VmallocChunk:          0 kB
Percpu:             2448 kB
CmaTotal:         405504 kB
CmaFree:               0 kB
MemTotal:        7918588 kB
MemFree:          224980 kB
MemAvailable:    1756336 kB
Buffers:            6772 kB
Cached:          1647464 kB
SwapCached:           12 kB
Active:          1045212 kB
Inactive:        4358740 kB
Active(anon):     947732 kB
Inactive(anon):  2823672 kB
Active(file):      97480 kB
Inactive(file):  1535068 kB
Unevictable:        6128 kB
Mlocked:            5688 kB
SwapTotal:       4718584 kB
SwapFree:        4439288 kB
Dirty:               620 kB
Writeback:             4 kB
AnonPages:       3755928 kB
Mapped:          1108812 kB
Shmem:             17132 kB
KReclaimable:     289032 kB
Slab:             310968 kB
SReclaimable:      79660 kB
SUnreclaim:       231308 kB
KernelStack:       50576 kB
ShadowCallStack:   12668 kB
PageTables:        78088 kB
NFS_Unstable:          0 kB
Bounce:                0 kB
WritebackTmp:          0 kB
CommitLimit:     8677876 kB
Committed_AS:   79333764 kB
VmallocTotal:   263061440 kB
VmallocUsed:      133784 kB
VmallocChunk:          0 kB
Percpu:             2448 kB
CmaTotal:         405504 kB
CmaFree:               0 kB
MemTotal:        7918588 kB
MemFree:          221372 kB
MemAvailable:    1720512 kB
Buffers:            6840 kB
Cached:          1619772 kB
SwapCached:           80 kB
Active:          1098444 kB
Inactive:        4313096 kB
Active(anon):     997612 kB
Inactive(anon):  2809008 kB
Active(file):     100832 kB
Inactive(file):  1504088 kB
Unevictable:        6128 kB
Mlocked:            5688 kB
SwapTotal:       4718584 kB
SwapFree:        4431864 kB
Dirty:               744 kB
Writeback:             0 kB
AnonPages:       3791268 kB
Mapped:          1090700 kB
Shmem:             17136 kB
KReclaimable:     284444 kB
Slab:             311080 kB
SReclaimable:      79680 kB
SUnreclaim:       231400 kB
KernelStack:       50816 kB
ShadowCallStack:   12728 kB
PageTables:        78392 kB
NFS_Unstable:          0 kB
Bounce:                0 kB
WritebackTmp:          0 kB
CommitLimit:     8677876 kB
Committed_AS:   79399736 kB
VmallocTotal:   263061440 kB
VmallocUsed:      134020 kB
VmallocChunk:          0 kB
Percpu:             2448 kB
CmaTotal:         405504 kB
CmaFree:             768 kB
MemTotal:        7918588 kB
MemFree:          219012 kB
MemAvailable:    1670636 kB
Buffers:            6848 kB
Cached:          1574888 kB
SwapCached:           84 kB
Active:          1148652 kB
Inactive:        4266712 kB
Active(anon):    1046332 kB
Inactive(anon):  2808988 kB
Active(file):     102320 kB
Inactive(file):  1457724 kB
Unevictable:        6128 kB
Mlocked:            5688 kB
SwapTotal:       4718584 kB
SwapFree:        4432376 kB
Dirty:               816 kB
Writeback:             0 kB
AnonPages:       3839784 kB
Mapped:          1061300 kB
Shmem:             17136 kB
KReclaimable:     281804 kB
Slab:             311052 kB
SReclaimable:      79600 kB
SUnreclaim:       231452 kB
KernelStack:       50800 kB
ShadowCallStack:   12732 kB
PageTables:        78492 kB
NFS_Unstable:          0 kB
Bounce:                0 kB
WritebackTmp:          0 kB
CommitLimit:     8677876 kB
Committed_AS:   79481656 kB
VmallocTotal:   263061440 kB
VmallocUsed:      134084 kB
VmallocChunk:          0 kB
Percpu:             2448 kB
CmaTotal:         405504 kB
CmaFree:               0 kB
MemTotal:        7918588 kB
MemFree:          221684 kB
MemAvailable:    1611772 kB
Buffers:            6848 kB
Cached:          1516936 kB
SwapCached:           84 kB
Active:          1206748 kB
Inactive:        4208112 kB
Active(anon):    1103780 kB
Inactive(anon):  2808988 kB
Active(file):     102968 kB
Inactive(file):  1399124 kB
Unevictable:        6128 kB
Mlocked:            5688 kB
SwapTotal:       4718584 kB
SwapFree:        4432376 kB
Dirty:               816 kB
Writeback:             0 kB
AnonPages:       3897288 kB
Mapped:          1030024 kB
Shmem:             17136 kB
KReclaimable:     278220 kB
Slab:             311092 kB
SReclaimable:      79600 kB
SUnreclaim:       231492 kB
KernelStack:       50800 kB
ShadowCallStack:   12724 kB
PageTables:        78676 kB
NFS_Unstable:          0 kB
Bounce:                0 kB
WritebackTmp:          0 kB
CommitLimit:     8677876 kB
Committed_AS:   79563580 kB
VmallocTotal:   263061440 kB
VmallocUsed:      134088 kB
VmallocChunk:          0 kB
Percpu:             2448 kB
CmaTotal:         405504 kB
CmaFree:               0 kB
MemTotal:        7918588 kB
MemFree:          226152 kB
MemAvailable:    1577560 kB
Buffers:            6848 kB
Cached:          1480816 kB
SwapCached:           84 kB
Active:          1241784 kB
Inactive:        4170836 kB
Active(anon):    1137852 kB
Inactive(anon):  2808796 kB
Active(file):     103932 kB
Inactive(file):  1362040 kB
Unevictable:        6128 kB
Mlocked:            5688 kB
SwapTotal:       4718584 kB
SwapFree:        4432376 kB
Dirty:               816 kB
Writeback:             0 kB
AnonPages:       3931152 kB
Mapped:          1007580 kB
Shmem:             17136 kB
KReclaimable:     275660 kB
Slab:             311128 kB
SReclaimable:      79600 kB
SUnreclaim:       231528 kB
KernelStack:       50800 kB
ShadowCallStack:   12724 kB
PageTables:        78692 kB
NFS_Unstable:          0 kB
Bounce:                0 kB
WritebackTmp:          0 kB
CommitLimit:     8677876 kB
Committed_AS:   79612728 kB
VmallocTotal:   263061440 kB
VmallocUsed:      134100 kB
VmallocChunk:          0 kB
Percpu:             2448 kB
CmaTotal:         405504 kB
CmaFree:               0 kB
MemTotal:        7918588 kB
MemFree:          226652 kB
MemAvailable:    1527612 kB
Buffers:            6844 kB
Cached:          1433972 kB
SwapCached:           84 kB
Active:          1295840 kB
Inactive:        4118824 kB
Active(anon):    1186764 kB
Inactive(anon):  2808776 kB
Active(file):     109076 kB
Inactive(file):  1310048 kB
Unevictable:        6128 kB
Mlocked:            5688 kB
SwapTotal:       4718584 kB
SwapFree:        4432376 kB
Dirty:               120 kB
Writeback:             0 kB
AnonPages:       3980036 kB
Mapped:           983316 kB
Shmem:             17136 kB
KReclaimable:     272060 kB
Slab:             311212 kB
SReclaimable:      79584 kB
SUnreclaim:       231628 kB
KernelStack:       50816 kB
ShadowCallStack:   12728 kB
PageTables:        78884 kB
NFS_Unstable:          0 kB
Bounce:                0 kB
WritebackTmp:          0 kB
CommitLimit:     8677876 kB
Committed_AS:   79678264 kB
VmallocTotal:   263061440 kB
VmallocUsed:      134088 kB
VmallocChunk:          0 kB
Percpu:             2448 kB
CmaTotal:         405504 kB
CmaFree:               0 kB
MemTotal:        7918588 kB
MemFree:          224168 kB
MemAvailable:    1472988 kB
Buffers:            6876 kB
Cached:          1386536 kB
SwapCached:          108 kB
Active:          1352604 kB
Inactive:        4066928 kB
Active(anon):    1239048 kB
Inactive(anon):  2808764 kB
Active(file):     113556 kB
Inactive(file):  1258164 kB
Unevictable:        6128 kB
Mlocked:            5688 kB
SwapTotal:       4718584 kB
SwapFree:        4432376 kB
Dirty:               212 kB
Writeback:             0 kB
AnonPages:       4032328 kB
Mapped:           953804 kB
Shmem:             17136 kB
KReclaimable:     267324 kB
Slab:             311288 kB
SReclaimable:      79584 kB
SUnreclaim:       231704 kB
KernelStack:       50928 kB
ShadowCallStack:   12756 kB
PageTables:        79088 kB
NFS_Unstable:          0 kB
Bounce:                0 kB
WritebackTmp:          0 kB
CommitLimit:     8677876 kB
Committed_AS:   79760188 kB
VmallocTotal:   263061440 kB
VmallocUsed:      134256 kB
VmallocChunk:          0 kB
Percpu:             2448 kB
CmaTotal:         405504 kB
CmaFree:               0 kB
MemTotal:        7918588 kB
MemFree:          225480 kB
MemAvailable:    1422864 kB
Buffers:            6876 kB
Cached:          1343804 kB
SwapCached:          108 kB
Active:          1403876 kB
Inactive:        4022188 kB
Active(anon):    1288528 kB
Inactive(anon):  2808548 kB
Active(file):     115348 kB
Inactive(file):  1213640 kB
Unevictable:        6128 kB
Mlocked:            5688 kB
SwapTotal:       4718584 kB
SwapFree:        4432376 kB
Dirty:               236 kB
Writeback:             0 kB
AnonPages:       4081536 kB
Mapped:           923272 kB
Shmem:             17136 kB
KReclaimable:     258620 kB
Slab:             311324 kB
SReclaimable:      79584 kB
SUnreclaim:       231740 kB
KernelStack:       50848 kB
ShadowCallStack:   12752 kB
PageTables:        79264 kB
NFS_Unstable:          0 kB
Bounce:                0 kB
WritebackTmp:          0 kB
CommitLimit:     8677876 kB
Committed_AS:   79809076 kB
VmallocTotal:   263061440 kB
VmallocUsed:      134148 kB
VmallocChunk:          0 kB
Percpu:             2448 kB
CmaTotal:         405504 kB
CmaFree:             256 kB
MemTotal:        7918588 kB
MemFree:          224504 kB
MemAvailable:    1374044 kB
Buffers:            6876 kB
Cached:          1304156 kB
SwapCached:          108 kB
Active:          1454468 kB
Inactive:        3981656 kB
Active(anon):    1338248 kB
Inactive(anon):  2808540 kB
Active(file):     116220 kB
Inactive(file):  1173116 kB
Unevictable:        6128 kB
Mlocked:            5688 kB
SwapTotal:       4718584 kB
SwapFree:        4432632 kB
Dirty:               236 kB
Writeback:             0 kB
AnonPages:       4131304 kB
Mapped:           892624 kB
Shmem:             17140 kB
KReclaimable:     250428 kB
Slab:             311400 kB
SReclaimable:      79584 kB
SUnreclaim:       231816 kB
KernelStack:       50864 kB
ShadowCallStack:   12740 kB
PageTables:        79332 kB
NFS_Unstable:          0 kB
Bounce:                0 kB
WritebackTmp:          0 kB
CommitLimit:     8677876 kB
Committed_AS:   79891000 kB
VmallocTotal:   263061440 kB
VmallocUsed:      134144 kB
VmallocChunk:          0 kB
Percpu:             2448 kB
CmaTotal:         405504 kB
CmaFree:               0 kB
MemTotal:        7918588 kB
MemFree:          223200 kB
MemAvailable:    1316972 kB
Buffers:            6876 kB
Cached:          1256696 kB
SwapCached:          136 kB
Active:          1540576 kB
Inactive:        3906100 kB
Active(anon):    1415396 kB
Inactive(anon):  2789400 kB
Active(file):     125180 kB
Inactive(file):  1116700 kB
Unevictable:        6128 kB
Mlocked:            5688 kB
SwapTotal:       4718584 kB
SwapFree:        4432632 kB
Dirty:               236 kB
Writeback:             0 kB
AnonPages:       4189360 kB
Mapped:           868304 kB
Shmem:             17124 kB
KReclaimable:     241708 kB
Slab:             310940 kB
SReclaimable:      79568 kB
SUnreclaim:       231372 kB
KernelStack:       50608 kB
ShadowCallStack:   12672 kB
PageTables:        78728 kB
NFS_Unstable:          0 kB
Bounce:                0 kB
WritebackTmp:          0 kB
CommitLimit:     8677876 kB
Committed_AS:   78664960 kB
VmallocTotal:   263061440 kB
VmallocUsed:      133816 kB
VmallocChunk:          0 kB
Percpu:             2448 kB
CmaTotal:         405504 kB
CmaFree:               0 kB
MemTotal:        7918588 kB
MemFree:          232508 kB
MemAvailable:    1285220 kB
Buffers:            6948 kB
Cached:          1218880 kB
SwapCached:          140 kB
Active:          1589940 kB
Inactive:        3854692 kB
Active(anon):    1460836 kB
Inactive(anon):  2779648 kB
Active(file):     129104 kB
Inactive(file):  1075044 kB
Unevictable:        6128 kB
Mlocked:            5688 kB
SwapTotal:       4718584 kB
SwapFree:        4432632 kB
Dirty:               268 kB
Writeback:             0 kB
AnonPages:       4225012 kB
Mapped:           848372 kB
Shmem:             17124 kB
KReclaimable:     235052 kB
Slab:             310948 kB
SReclaimable:      79568 kB
SUnreclaim:       231380 kB
KernelStack:       50592 kB
ShadowCallStack:   12672 kB
PageTables:        78956 kB
NFS_Unstable:          0 kB
Bounce:                0 kB
WritebackTmp:          0 kB
CommitLimit:     8677876 kB
Committed_AS:   78730496 kB
VmallocTotal:   263061440 kB
VmallocUsed:      133800 kB
VmallocChunk:          0 kB
Percpu:             2448 kB
CmaTotal:         405504 kB
CmaFree:               0 kB
MemTotal:        7918588 kB
MemFree:          228348 kB
MemAvailable:    1228332 kB
Buffers:            6948 kB
Cached:          1169488 kB
SwapCached:          144 kB
Active:          1677372 kB
Inactive:        3780488 kB
Active(anon):    1538068 kB
Inactive(anon):  2765044 kB
Active(file):     139304 kB
Inactive(file):  1015444 kB
Unevictable:        6128 kB
Mlocked:            5688 kB
SwapTotal:       4718584 kB
SwapFree:        4433656 kB
Dirty:               268 kB
Writeback:             0 kB
AnonPages:       4287648 kB
Mapped:           830780 kB
Shmem:             17124 kB
KReclaimable:     228396 kB
Slab:             311012 kB
SReclaimable:      79568 kB
SUnreclaim:       231444 kB
KernelStack:       50656 kB
ShadowCallStack:   12688 kB
PageTables:        79124 kB
NFS_Unstable:          0 kB
Bounce:                0 kB
WritebackTmp:          0 kB
CommitLimit:     8677876 kB
Committed_AS:   78828696 kB
VmallocTotal:   263061440 kB
VmallocUsed:      133912 kB
VmallocChunk:          0 kB
Percpu:             2448 kB
CmaTotal:         405504 kB
CmaFree:               0 kB
MemTotal:        7918588 kB
MemFree:          224324 kB
MemAvailable:    1058332 kB
Buffers:            6948 kB
Cached:          1046816 kB
SwapCached:          144 kB
Active:          1772988 kB
Inactive:        3649236 kB
Active(anon):    1625420 kB
Inactive(anon):  2764776 kB
Active(file):     147568 kB
Inactive(file):   884460 kB
Unevictable:        6128 kB
Mlocked:            5688 kB
SwapTotal:       4718584 kB
SwapFree:        4433656 kB
Dirty:               276 kB
Writeback:             0 kB
AnonPages:       4374600 kB
Mapped:           783124 kB
Shmem:             17180 kB
KReclaimable:     141884 kB
Slab:             311300 kB
SReclaimable:      79584 kB
SUnreclaim:       231716 kB
KernelStack:       50768 kB
ShadowCallStack:   12716 kB
PageTables:        79472 kB
NFS_Unstable:          0 kB
Bounce:                0 kB
WritebackTmp:          0 kB
CommitLimit:     8677876 kB
Committed_AS:   78910968 kB
VmallocTotal:   263061440 kB
VmallocUsed:      134064 kB
VmallocChunk:          0 kB
Percpu:             2448 kB
CmaTotal:         405504 kB
CmaFree:               0 kB
MemTotal:        7918588 kB
MemFree:          220932 kB
MemAvailable:    1017280 kB
Buffers:            6972 kB
Cached:          1009500 kB
SwapCached:          144 kB
Active:          1815788 kB
Inactive:        3609136 kB
Active(anon):    1665540 kB
Inactive(anon):  2764760 kB
Active(file):     150248 kB
Inactive(file):   844376 kB
Unevictable:        6128 kB
Mlocked:            5688 kB
SwapTotal:       4718584 kB
SwapFree:        4433656 kB
Dirty:               252 kB
Writeback:             0 kB
AnonPages:       4414648 kB
Mapped:           756376 kB
Shmem:             17292 kB
KReclaimable:     141372 kB
Slab:             311388 kB
SReclaimable:      79584 kB
SUnreclaim:       231804 kB
KernelStack:       50768 kB
ShadowCallStack:   12716 kB
PageTables:        79512 kB
NFS_Unstable:          0 kB
Bounce:                0 kB
WritebackTmp:          0 kB
CommitLimit:     8677876 kB
Committed_AS:   78960120 kB
VmallocTotal:   263061440 kB
VmallocUsed:      134064 kB
VmallocChunk:          0 kB
Percpu:             2448 kB
CmaTotal:         405504 kB
CmaFree:               0 kB
MemTotal:        7918588 kB
MemFree:          220124 kB
MemAvailable:    1062308 kB
Buffers:            6972 kB
Cached:           984688 kB
SwapCached:          144 kB
Active:          1840324 kB
Inactive:        3582536 kB
Active(anon):    1688160 kB
Inactive(anon):  2764728 kB
Active(file):     152164 kB
Inactive(file):   817808 kB
Unevictable:        6128 kB
Mlocked:            5688 kB
SwapTotal:       4718584 kB
SwapFree:        4433912 kB
Dirty:               256 kB
Writeback:             0 kB
AnonPages:       4437444 kB
Mapped:           737528 kB
Shmem:             17132 kB
KReclaimable:     262436 kB
Slab:             311284 kB
SReclaimable:      79584 kB
SUnreclaim:       231700 kB
KernelStack:       50880 kB
ShadowCallStack:   12744 kB
PageTables:        79664 kB
NFS_Unstable:          0 kB
Bounce:                0 kB
WritebackTmp:          0 kB
CommitLimit:     8677876 kB
Committed_AS:   79041540 kB
VmallocTotal:   263061440 kB
VmallocUsed:      134192 kB
VmallocChunk:          0 kB
Percpu:             2448 kB
CmaTotal:         405504 kB
CmaFree:               0 kB
MemTotal:        7918588 kB
MemFree:          223320 kB
MemAvailable:    1017036 kB
Buffers:            6972 kB
Cached:           939292 kB
SwapCached:          144 kB
Active:          1892184 kB
Inactive:        3531752 kB
Active(anon):    1734728 kB
Inactive(anon):  2764632 kB
Active(file):     157456 kB
Inactive(file):   767120 kB
Unevictable:        6128 kB
Mlocked:            5688 kB
SwapTotal:       4718584 kB
SwapFree:        4434168 kB
Dirty:                56 kB
Writeback:             0 kB
AnonPages:       4483664 kB
Mapped:           707572 kB
Shmem:             17132 kB
KReclaimable:     259364 kB
Slab:             311256 kB
SReclaimable:      79584 kB
SUnreclaim:       231672 kB
KernelStack:       50848 kB
ShadowCallStack:   12744 kB
PageTables:        79592 kB
NFS_Unstable:          0 kB
Bounce:                0 kB
WritebackTmp:          0 kB
CommitLimit:     8677876 kB
Committed_AS:   79107024 kB
VmallocTotal:   263061440 kB
VmallocUsed:      134176 kB
VmallocChunk:          0 kB
Percpu:             2448 kB
CmaTotal:         405504 kB
CmaFree:               0 kB
MemTotal:        7918588 kB
MemFree:          220456 kB
MemAvailable:     957848 kB
Buffers:            6972 kB
Cached:           886592 kB
SwapCached:          144 kB
Active:          1977984 kB
Inactive:        3451528 kB
Active(anon):    1793472 kB
Inactive(anon):  2764164 kB
Active(file):     184512 kB
Inactive(file):   687364 kB
Unevictable:        6128 kB
Mlocked:            5688 kB
SwapTotal:       4718584 kB
SwapFree:        4434168 kB
Dirty:                92 kB
Writeback:             0 kB
AnonPages:       4542188 kB
Mapped:           684880 kB
Shmem:             17132 kB
KReclaimable:     255740 kB
Slab:             311272 kB
SReclaimable:      79584 kB
SUnreclaim:       231688 kB
KernelStack:       50672 kB
ShadowCallStack:   12692 kB
PageTables:        79844 kB
NFS_Unstable:          0 kB
Bounce:                0 kB
WritebackTmp:          0 kB
CommitLimit:     8677876 kB
Committed_AS:   79188268 kB
VmallocTotal:   263061440 kB
VmallocUsed:      133916 kB
VmallocChunk:          0 kB
Percpu:             2448 kB
CmaTotal:         405504 kB
CmaFree:               0 kB
MemTotal:        7918588 kB
MemFree:          220276 kB
MemAvailable:     892756 kB
Buffers:            6972 kB
Cached:           825264 kB
SwapCached:          144 kB
Active:          2060532 kB
Inactive:        3371396 kB
Active(anon):    1859336 kB
Inactive(anon):  2762044 kB
Active(file):     201196 kB
Inactive(file):   609352 kB
Unevictable:        6128 kB
Mlocked:            5688 kB
SwapTotal:       4718584 kB
SwapFree:        4434424 kB
Dirty:               184 kB
Writeback:             0 kB
AnonPages:       4605880 kB
Mapped:           645312 kB
Shmem:             17132 kB
KReclaimable:     252156 kB
Slab:             311344 kB
SReclaimable:      79584 kB
SUnreclaim:       231760 kB
KernelStack:       50624 kB
ShadowCallStack:   12692 kB
PageTables:        79756 kB
NFS_Unstable:          0 kB
Bounce:                0 kB
WritebackTmp:          0 kB
CommitLimit:     8677876 kB
Committed_AS:   79286572 kB
VmallocTotal:   263061440 kB
VmallocUsed:      133912 kB
VmallocChunk:          0 kB
Percpu:             2448 kB
CmaTotal:         405504 kB
CmaFree:               0 kB
MemTotal:        7918588 kB
MemFree:          221528 kB
MemAvailable:     851980 kB
Buffers:            6988 kB
Cached:           785276 kB
SwapCached:          164 kB
Active:          2105444 kB
Inactive:        3327192 kB
Active(anon):    1900692 kB
Inactive(anon):  2761376 kB
Active(file):     204752 kB
Inactive(file):   565816 kB
Unevictable:        6128 kB
Mlocked:            5688 kB
SwapTotal:       4718584 kB
SwapFree:        4435192 kB
Dirty:               240 kB
Writeback:             0 kB
AnonPages:       4646596 kB
Mapped:           617168 kB
Shmem:             17140 kB
KReclaimable:     250108 kB
Slab:             311356 kB
SReclaimable:      79584 kB
SUnreclaim:       231772 kB
KernelStack:       50640 kB
ShadowCallStack:   12684 kB
PageTables:        80172 kB
NFS_Unstable:          0 kB
Bounce:                0 kB
WritebackTmp:          0 kB
CommitLimit:     8677876 kB
Committed_AS:   79352004 kB
VmallocTotal:   263061440 kB
VmallocUsed:      133872 kB
VmallocChunk:          0 kB
Percpu:             2448 kB
CmaTotal:         405504 kB
CmaFree:               0 kB
MemTotal:        7918588 kB
MemFree:          225428 kB
MemAvailable:     787072 kB
Buffers:            4532 kB
Cached:           723048 kB
SwapCached:          164 kB
Active:          2221256 kB
Inactive:        3209228 kB
Active(anon):    1963444 kB
Inactive(anon):  2761156 kB
Active(file):     257812 kB
Inactive(file):   448072 kB
Unevictable:        6128 kB
Mlocked:            5688 kB
SwapTotal:       4718584 kB
SwapFree:        4435192 kB
Dirty:               244 kB
Writeback:             0 kB
AnonPages:       4709296 kB
Mapped:           562024 kB
Shmem:             17140 kB
KReclaimable:     245984 kB
Slab:             311356 kB
SReclaimable:      79556 kB
SUnreclaim:       231800 kB
KernelStack:       50592 kB
ShadowCallStack:   12680 kB
PageTables:        80212 kB
NFS_Unstable:          0 kB
Bounce:                0 kB
WritebackTmp:          0 kB
CommitLimit:     8677876 kB
Committed_AS:   79433716 kB
VmallocTotal:   263061440 kB
VmallocUsed:      133852 kB
VmallocChunk:          0 kB
Percpu:             2448 kB
CmaTotal:         405504 kB
CmaFree:               0 kB
MemTotal:        7918588 kB
MemFree:          218508 kB
MemAvailable:     728960 kB
Buffers:            4076 kB
Cached:           675064 kB
SwapCached:          164 kB
Active:          2281648 kB
Inactive:        3157416 kB
Active(anon):    2021000 kB
Inactive(anon):  2760796 kB
Active(file):     260648 kB
Inactive(file):   396620 kB
Unevictable:        6128 kB
Mlocked:            5688 kB
SwapTotal:       4718584 kB
SwapFree:        4435192 kB
Dirty:               304 kB
Writeback:             0 kB
AnonPages:       4766488 kB
Mapped:           526840 kB
Shmem:             17144 kB
KReclaimable:     243408 kB
Slab:             311476 kB
SReclaimable:      79540 kB
SUnreclaim:       231936 kB
KernelStack:       50560 kB
ShadowCallStack:   12664 kB
PageTables:        80508 kB
NFS_Unstable:          0 kB
Bounce:                0 kB
WritebackTmp:          0 kB
CommitLimit:     8677876 kB
Committed_AS:   79532336 kB
VmallocTotal:   263061440 kB
VmallocUsed:      133772 kB
VmallocChunk:          0 kB
Percpu:             2448 kB
CmaTotal:         405504 kB
CmaFree:               0 kB
MemTotal:        7918588 kB
MemFree:          224248 kB
MemAvailable:     709728 kB
Buffers:            2084 kB
Cached:           653228 kB
SwapCached:          168 kB
Active:          2342260 kB
Inactive:        3096504 kB
Active(anon):    2067344 kB
Inactive(anon):  2737656 kB
Active(file):     274916 kB
Inactive(file):   358848 kB
Unevictable:        6128 kB
Mlocked:            5688 kB
SwapTotal:       4718584 kB
SwapFree:        4435448 kB
Dirty:                52 kB
Writeback:             0 kB
AnonPages:       4789580 kB
Mapped:           500588 kB
Shmem:             16992 kB
KReclaimable:     241360 kB
Slab:             310696 kB
SReclaimable:      79540 kB
SUnreclaim:       231156 kB
KernelStack:       49904 kB
ShadowCallStack:   12488 kB
PageTables:        78988 kB
NFS_Unstable:          0 kB
Bounce:                0 kB
WritebackTmp:          0 kB
CommitLimit:     8677876 kB
Committed_AS:   76924388 kB
VmallocTotal:   263061440 kB
VmallocUsed:      132936 kB
VmallocChunk:          0 kB
Percpu:             2448 kB
CmaTotal:         405504 kB
CmaFree:              88 kB
MemTotal:        7918588 kB
MemFree:          222248 kB
MemAvailable:     640044 kB
Buffers:            1976 kB
Cached:           587448 kB
SwapCached:          168 kB
Active:          2415588 kB
Inactive:        3025440 kB
Active(anon):    2135496 kB
Inactive(anon):  2737656 kB
Active(file):     280092 kB
Inactive(file):   287784 kB
Unevictable:        6128 kB
Mlocked:            5688 kB
SwapTotal:       4718584 kB
SwapFree:        4435448 kB
Dirty:                92 kB
Writeback:             0 kB
AnonPages:       4857776 kB
Mapped:           441592 kB
Shmem:             16992 kB
KReclaimable:     237768 kB
Slab:             309504 kB
SReclaimable:      78508 kB
SUnreclaim:       230996 kB
KernelStack:       49888 kB
ShadowCallStack:   12504 kB
PageTables:        79152 kB
NFS_Unstable:          0 kB
Bounce:                0 kB
WritebackTmp:          0 kB
CommitLimit:     8677876 kB
Committed_AS:   77006312 kB
VmallocTotal:   263061440 kB
VmallocUsed:      132908 kB
VmallocChunk:          0 kB
Percpu:             2448 kB
CmaTotal:         405504 kB
CmaFree:             108 kB
MemTotal:        7918588 kB
MemFree:          220300 kB
MemAvailable:     591460 kB
Buffers:            1944 kB
Cached:           543012 kB
SwapCached:          168 kB
Active:          2481132 kB
Inactive:        2965968 kB
Active(anon):    2186132 kB
Inactive(anon):  2737564 kB
Active(file):     295000 kB
Inactive(file):   228404 kB
Unevictable:        6128 kB
Mlocked:            5688 kB
SwapTotal:       4718584 kB
SwapFree:        4435448 kB
Dirty:                92 kB
Writeback:             0 kB
AnonPages:       4908336 kB
Mapped:           400720 kB
Shmem:             16996 kB
KReclaimable:     233440 kB
Slab:             308104 kB
SReclaimable:      77124 kB
SUnreclaim:       230980 kB
KernelStack:       49856 kB
ShadowCallStack:   12500 kB
PageTables:        79320 kB
NFS_Unstable:          0 kB
Bounce:                0 kB
WritebackTmp:          0 kB
CommitLimit:     8677876 kB
Committed_AS:   77071744 kB
VmallocTotal:   263061440 kB
VmallocUsed:      132912 kB
VmallocChunk:          0 kB
Percpu:             2448 kB
CmaTotal:         405504 kB
CmaFree:               0 kB
MemTotal:        7918588 kB
MemFree:          222680 kB
MemAvailable:     547192 kB
Buffers:            1468 kB
Cached:           497940 kB
SwapCached:          168 kB
Active:          2526756 kB
Inactive:        2919272 kB
Active(anon):    2231144 kB
Inactive(anon):  2737032 kB
Active(file):     295612 kB
Inactive(file):   182240 kB
Unevictable:        6128 kB
Mlocked:            5688 kB
SwapTotal:       4718584 kB
SwapFree:        4435448 kB
Dirty:                92 kB
Writeback:             0 kB
AnonPages:       4952748 kB
Mapped:           374352 kB
Shmem:             17000 kB
KReclaimable:     231244 kB
Slab:             308132 kB
SReclaimable:      77104 kB
SUnreclaim:       231028 kB
KernelStack:       49872 kB
ShadowCallStack:   12496 kB
PageTables:        79496 kB
NFS_Unstable:          0 kB
Bounce:                0 kB
WritebackTmp:          0 kB
CommitLimit:     8677876 kB
Committed_AS:   77137284 kB
VmallocTotal:   263061440 kB
VmallocUsed:      132916 kB
VmallocChunk:          0 kB
Percpu:             2448 kB
CmaTotal:         405504 kB
CmaFree:             124 kB
MemTotal:        7918588 kB
MemFree:          179300 kB
MemAvailable:     424668 kB
Buffers:            1480 kB
Cached:           494520 kB
SwapCached:          292 kB
Active:          2735248 kB
Inactive:        2761648 kB
Active(anon):    2314940 kB
Inactive(anon):  2707488 kB
Active(file):     420308 kB
Inactive(file):    54160 kB
Unevictable:        6128 kB
Mlocked:            5688 kB
SwapTotal:       4718584 kB
SwapFree:        4416248 kB
Dirty:               192 kB
Writeback:             8 kB
AnonPages:       5007108 kB
Mapped:           382984 kB
Shmem:             16940 kB
KReclaimable:     227180 kB
Slab:             308224 kB
SReclaimable:      77136 kB
SUnreclaim:       231088 kB
KernelStack:       49936 kB
ShadowCallStack:   12508 kB
PageTables:        79700 kB
NFS_Unstable:          0 kB
Bounce:                0 kB
WritebackTmp:          0 kB
CommitLimit:     8677876 kB
Committed_AS:   77235588 kB
VmallocTotal:   263061440 kB
VmallocUsed:      132976 kB
VmallocChunk:          0 kB
Percpu:             2448 kB
CmaTotal:         405504 kB
CmaFree:               0 kB
MemTotal:        7918588 kB
MemFree:          238024 kB
MemAvailable:     482736 kB
Buffers:            1504 kB
Cached:           496260 kB
SwapCached:          300 kB
Active:          2791308 kB
Inactive:        2628056 kB
Active(anon):    2368496 kB
Inactive(anon):  2573848 kB
Active(file):     422812 kB
Inactive(file):    54208 kB
Unevictable:        6128 kB
Mlocked:            5688 kB
SwapTotal:       4718584 kB
SwapFree:        4311032 kB
Dirty:               248 kB
Writeback:             4 kB
AnonPages:       4927960 kB
Mapped:           382768 kB
Shmem:             16188 kB
KReclaimable:     220764 kB
Slab:             308864 kB
SReclaimable:      77376 kB
SUnreclaim:       231488 kB
KernelStack:       49952 kB
ShadowCallStack:   12512 kB
PageTables:        79852 kB
NFS_Unstable:          0 kB
Bounce:                0 kB
WritebackTmp:          0 kB
CommitLimit:     8677876 kB
Committed_AS:   77268360 kB
VmallocTotal:   263061440 kB
VmallocUsed:      133016 kB
VmallocChunk:          0 kB
Percpu:             2448 kB
CmaTotal:         405504 kB
CmaFree:               0 kB
MemTotal:        7918588 kB
MemFree:          264328 kB
MemAvailable:     518520 kB
Buffers:            1596 kB
Cached:           503696 kB
SwapCached:          344 kB
Active:          2869152 kB
Inactive:        2497432 kB
Active(anon):    2437368 kB
Inactive(anon):  2443092 kB
Active(file):     431784 kB
Inactive(file):    54340 kB
Unevictable:        6128 kB
Mlocked:            5688 kB
SwapTotal:       4718584 kB
SwapFree:        4208376 kB
Dirty:                52 kB
Writeback:             4 kB
AnonPages:       4867840 kB
Mapped:           383360 kB
Shmem:             14612 kB
KReclaimable:     221516 kB
Slab:             308824 kB
SReclaimable:      77572 kB
SUnreclaim:       231252 kB
KernelStack:       49520 kB
ShadowCallStack:   12412 kB
PageTables:        78968 kB
NFS_Unstable:          0 kB
Bounce:                0 kB
WritebackTmp:          0 kB
CommitLimit:     8677876 kB
Committed_AS:   75977692 kB
VmallocTotal:   263061440 kB
VmallocUsed:      132452 kB
VmallocChunk:          0 kB
Percpu:             2448 kB
CmaTotal:         405504 kB
CmaFree:             288 kB
MemTotal:        7918588 kB
MemFree:          322952 kB
MemAvailable:     575748 kB
Buffers:            1596 kB
Cached:           504768 kB
SwapCached:          464 kB
Active:          2941120 kB
Inactive:        2349452 kB
Active(anon):    2507528 kB
Inactive(anon):  2295112 kB
Active(file):     433592 kB
Inactive(file):    54340 kB
Unevictable:        6128 kB
Mlocked:            5688 kB
SwapTotal:       4718584 kB
SwapFree:        4071160 kB
Dirty:                68 kB
Writeback:             4 kB
AnonPages:       4790204 kB
Mapped:           383204 kB
Shmem:             13876 kB
KReclaimable:     215112 kB
Slab:             309484 kB
SReclaimable:      77824 kB
SUnreclaim:       231660 kB
KernelStack:       49488 kB
ShadowCallStack:   12404 kB
PageTables:        78968 kB
NFS_Unstable:          0 kB
Bounce:                0 kB
WritebackTmp:          0 kB
CommitLimit:     8677876 kB
Committed_AS:   76059608 kB
VmallocTotal:   263061440 kB
VmallocUsed:      132448 kB
VmallocChunk:          0 kB
Percpu:             2448 kB
CmaTotal:         405504 kB
CmaFree:             288 kB
MemTotal:        7918588 kB
MemFree:          370716 kB
MemAvailable:     605288 kB
Buffers:            1596 kB
Cached:           504692 kB
SwapCached:          740 kB
Active:          3088928 kB
Inactive:        2180844 kB
Active(anon):    2655336 kB
Inactive(anon):  2126504 kB
Active(file):     433592 kB
Inactive(file):    54340 kB
Unevictable:        6128 kB
Mlocked:            5688 kB
SwapTotal:       4718584 kB
SwapFree:        4019448 kB
Dirty:                68 kB
Writeback:             0 kB
AnonPages:       4769248 kB
Mapped:           383024 kB
Shmem:             13800 kB
KReclaimable:     178664 kB
Slab:             309796 kB
SReclaimable:      77920 kB
SUnreclaim:       231876 kB
KernelStack:       49504 kB
ShadowCallStack:   12396 kB
PageTables:        79116 kB
NFS_Unstable:          0 kB
Bounce:                0 kB
WritebackTmp:          0 kB
CommitLimit:     8677876 kB
Committed_AS:   76092376 kB
VmallocTotal:   263061440 kB
VmallocUsed:      132452 kB
VmallocChunk:          0 kB
Percpu:             2448 kB
CmaTotal:         405504 kB
CmaFree:             288 kB
MemTotal:        7918588 kB
MemFree:          305112 kB
MemAvailable:     539720 kB
Buffers:            1620 kB
Cached:           504704 kB
SwapCached:          740 kB
Active:          3153584 kB
Inactive:        2180880 kB
Active(anon):    2719992 kB
Inactive(anon):  2126504 kB
Active(file):     433592 kB
Inactive(file):    54376 kB
Unevictable:        6128 kB
Mlocked:            5688 kB
SwapTotal:       4718584 kB
SwapFree:        4019448 kB
Dirty:               176 kB
Writeback:             0 kB
AnonPages:       4833896 kB
Mapped:           383688 kB
Shmem:             13800 kB
KReclaimable:     178664 kB
Slab:             309832 kB
SReclaimable:      77920 kB
SUnreclaim:       231912 kB
KernelStack:       49520 kB
ShadowCallStack:   12404 kB
PageTables:        79364 kB
NFS_Unstable:          0 kB
Bounce:                0 kB
WritebackTmp:          0 kB
CommitLimit:     8677876 kB
Committed_AS:   76190680 kB
VmallocTotal:   263061440 kB
VmallocUsed:      132448 kB
VmallocChunk:          0 kB
Percpu:             2448 kB
CmaTotal:         405504 kB
CmaFree:             288 kB
MemTotal:        7918588 kB
MemFree:          270804 kB
MemAvailable:     579712 kB
Buffers:            1620 kB
Cached:           505260 kB
SwapCached:          740 kB
Active:          3202664 kB
Inactive:        2162964 kB
Active(anon):    2768544 kB
Inactive(anon):  2108568 kB
Active(file):     434120 kB
Inactive(file):    54396 kB
Unevictable:        6128 kB
Mlocked:            5688 kB
SwapTotal:       4718584 kB
SwapFree:        4008952 kB
Dirty:               176 kB
Writeback:             0 kB
AnonPages:       4864536 kB
Mapped:           384028 kB
Shmem:             13808 kB
KReclaimable:     178712 kB
Slab:             309948 kB
SReclaimable:      77968 kB
SUnreclaim:       231980 kB
KernelStack:       49520 kB
ShadowCallStack:   12404 kB
PageTables:        79452 kB
NFS_Unstable:          0 kB
Bounce:                0 kB
WritebackTmp:          0 kB
CommitLimit:     8677876 kB
Committed_AS:   76239832 kB
VmallocTotal:   263061440 kB
VmallocUsed:      132444 kB
VmallocChunk:          0 kB
Percpu:             2448 kB
CmaTotal:         405504 kB
CmaFree:               0 kB
MemTotal:        7918588 kB
MemFree:          211292 kB
MemAvailable:     521196 kB
Buffers:            1624 kB
Cached:           506252 kB
SwapCached:          740 kB
Active:          3261944 kB
Inactive:        2162976 kB
Active(anon):    2826840 kB
Inactive(anon):  2108568 kB
Active(file):     435104 kB
Inactive(file):    54408 kB
Unevictable:        6128 kB
Mlocked:            5688 kB
SwapTotal:       4718584 kB
SwapFree:        4008952 kB
Dirty:               200 kB
Writeback:             0 kB
AnonPages:       4922820 kB
Mapped:           384568 kB
Shmem:             13808 kB
KReclaimable:     178712 kB
Slab:             310084 kB
SReclaimable:      77968 kB
SUnreclaim:       232116 kB
KernelStack:       49488 kB
ShadowCallStack:   12396 kB
PageTables:        79688 kB
NFS_Unstable:          0 kB
Bounce:                0 kB
WritebackTmp:          0 kB
CommitLimit:     8677876 kB
Committed_AS:   76321752 kB
VmallocTotal:   263061440 kB
VmallocUsed:      132452 kB
VmallocChunk:          0 kB
Percpu:             2448 kB
CmaTotal:         405504 kB
CmaFree:               0 kB
MemTotal:        7918588 kB
MemFree:          218536 kB
MemAvailable:     522476 kB
Buffers:            1648 kB
Cached:           510172 kB
SwapCached:          740 kB
Active:          3535504 kB
Inactive:        1895532 kB
Active(anon):    3096340 kB
Inactive(anon):  1841140 kB
Active(file):     439164 kB
Inactive(file):    54392 kB
Unevictable:        6128 kB
Mlocked:            5688 kB
SwapTotal:       4718584 kB
SwapFree:        3962872 kB
Dirty:               148 kB
Writeback:             0 kB
AnonPages:       4925008 kB
Mapped:           385496 kB
Shmem:             13708 kB
KReclaimable:     158696 kB
Slab:             310120 kB
SReclaimable:      77920 kB
SUnreclaim:       232200 kB
KernelStack:       49504 kB
ShadowCallStack:   12400 kB
PageTables:        79672 kB
NFS_Unstable:          0 kB
Bounce:                0 kB
WritebackTmp:          0 kB
CommitLimit:     8677876 kB
Committed_AS:   76387308 kB
VmallocTotal:   263061440 kB
VmallocUsed:      132444 kB
VmallocChunk:          0 kB
Percpu:             2448 kB
CmaTotal:         405504 kB
CmaFree:               0 kB
MemTotal:        7918588 kB
MemFree:          285276 kB
MemAvailable:     547668 kB
Buffers:            1648 kB
Cached:           507220 kB
SwapCached:          740 kB
Active:          2888788 kB
Inactive:        2386248 kB
Active(anon):    2607308 kB
Inactive(anon):  2177236 kB
Active(file):     281480 kB
Inactive(file):   209012 kB
Unevictable:        6128 kB
Mlocked:            5688 kB
SwapTotal:       4718584 kB
SwapFree:        3715576 kB
Dirty:               148 kB
Writeback:             0 kB
AnonPages:       4771952 kB
Mapped:           386008 kB
Shmem:             13820 kB
KReclaimable:     122684 kB
Slab:             310824 kB
SReclaimable:      78260 kB
SUnreclaim:       232564 kB
KernelStack:       49632 kB
ShadowCallStack:   12432 kB
PageTables:        79924 kB
NFS_Unstable:          0 kB
Bounce:                0 kB
WritebackTmp:          0 kB
CommitLimit:     8677876 kB
Committed_AS:   76486008 kB
VmallocTotal:   263061440 kB
VmallocUsed:      132620 kB
VmallocChunk:          0 kB
Percpu:             2448 kB
CmaTotal:         405504 kB
CmaFree:            1840 kB
MemTotal:        7918588 kB
MemFree:          264920 kB
MemAvailable:     593096 kB
Buffers:            1648 kB
Cached:           512120 kB
SwapCached:          756 kB
Active:          2907796 kB
Inactive:        2386244 kB
Active(anon):    2621308 kB
Inactive(anon):  2177228 kB
Active(file):     286488 kB
Inactive(file):   209016 kB
Unevictable:        6128 kB
Mlocked:            5688 kB
SwapTotal:       4718584 kB
SwapFree:        3715832 kB
Dirty:               176 kB
Writeback:             0 kB
AnonPages:       4785896 kB
Mapped:           386304 kB
Shmem:             13708 kB
KReclaimable:     244228 kB
Slab:             310564 kB
SReclaimable:      78228 kB
SUnreclaim:       232336 kB
KernelStack:       49504 kB
ShadowCallStack:   12408 kB
PageTables:        79924 kB
NFS_Unstable:          0 kB
Bounce:                0 kB
WritebackTmp:          0 kB
CommitLimit:     8677876 kB
Committed_AS:   76551148 kB
VmallocTotal:   263061440 kB
VmallocUsed:      132448 kB
VmallocChunk:          0 kB
Percpu:             2448 kB
CmaTotal:         405504 kB
CmaFree:             876 kB
MemTotal:        7918588 kB
MemFree:          217512 kB
MemAvailable:     545688 kB
Buffers:            1648 kB
Cached:           512120 kB
SwapCached:          756 kB
Active:          2954704 kB
Inactive:        2386244 kB
Active(anon):    2668216 kB
Inactive(anon):  2177228 kB
Active(file):     286488 kB
Inactive(file):   209016 kB
Unevictable:        6128 kB
Mlocked:            5688 kB
SwapTotal:       4718584 kB
SwapFree:        3715832 kB
Dirty:               176 kB
Writeback:             0 kB
AnonPages:       4832920 kB
Mapped:           386704 kB
Shmem:             13708 kB
KReclaimable:     244228 kB
Slab:             310548 kB
SReclaimable:      78228 kB
SUnreclaim:       232320 kB
KernelStack:       49520 kB
ShadowCallStack:   12404 kB
PageTables:        80208 kB
NFS_Unstable:          0 kB
Bounce:                0 kB
WritebackTmp:          0 kB
CommitLimit:     8677876 kB
Committed_AS:   76600300 kB
VmallocTotal:   263061440 kB
VmallocUsed:      132452 kB
VmallocChunk:          0 kB
Percpu:             2448 kB
CmaTotal:         405504 kB
CmaFree:             876 kB
MemTotal:        7918588 kB
MemFree:          192016 kB
MemAvailable:     540500 kB
Buffers:            1656 kB
Cached:           512128 kB
SwapCached:          756 kB
Active:          3003116 kB
Inactive:        2361572 kB
Active(anon):    2716628 kB
Inactive(anon):  2152540 kB
Active(file):     286488 kB
Inactive(file):   209032 kB
Unevictable:        6128 kB
Mlocked:            5688 kB
SwapTotal:       4718584 kB
SwapFree:        3691768 kB
Dirty:               200 kB
Writeback:             0 kB
AnonPages:       4856656 kB
Mapped:           387196 kB
Shmem:             13708 kB
KReclaimable:     243188 kB
Slab:             310532 kB
SReclaimable:      78212 kB
SUnreclaim:       232320 kB
KernelStack:       49504 kB
ShadowCallStack:   12400 kB
PageTables:        80356 kB
NFS_Unstable:          0 kB
Bounce:                0 kB
WritebackTmp:          0 kB
CommitLimit:     8677876 kB
Committed_AS:   76665836 kB
VmallocTotal:   263061440 kB
VmallocUsed:      132448 kB
VmallocChunk:          0 kB
Percpu:             2448 kB
CmaTotal:         405504 kB
CmaFree:             876 kB
MemTotal:        7918588 kB
MemFree:          193900 kB
MemAvailable:     545320 kB
Buffers:            1664 kB
Cached:           516856 kB
SwapCached:          756 kB
Active:          3070048 kB
Inactive:        2294936 kB
Active(anon):    2778832 kB
Inactive(anon):  2085896 kB
Active(file):     291216 kB
Inactive(file):   209040 kB
Unevictable:        6128 kB
Mlocked:            5688 kB
SwapTotal:       4718584 kB
SwapFree:        3626232 kB
Dirty:               104 kB
Writeback:             0 kB
AnonPages:       4852128 kB
Mapped:           388096 kB
Shmem:             13708 kB
KReclaimable:     240252 kB
Slab:             310772 kB
SReclaimable:      78388 kB
SUnreclaim:       232384 kB
KernelStack:       49520 kB
ShadowCallStack:   12404 kB
PageTables:        80536 kB
NFS_Unstable:          0 kB
Bounce:                0 kB
WritebackTmp:          0 kB
CommitLimit:     8677876 kB
Committed_AS:   76764140 kB
VmallocTotal:   263061440 kB
VmallocUsed:      132432 kB
VmallocChunk:          0 kB
Percpu:             2448 kB
CmaTotal:         405504 kB
CmaFree:             876 kB
MemTotal:        7918588 kB
MemFree:          192516 kB
MemAvailable:     542732 kB
Buffers:            1664 kB
Cached:           516860 kB
SwapCached:          756 kB
Active:          3137228 kB
Inactive:        2232012 kB
Active(anon):    2846012 kB
Inactive(anon):  2022968 kB
Active(file):     291216 kB
Inactive(file):   209044 kB
Unevictable:        6128 kB
Mlocked:            5688 kB
SwapTotal:       4718584 kB
SwapFree:        3565048 kB
Dirty:               104 kB
Writeback:             0 kB
AnonPages:       4856456 kB
Mapped:           388432 kB
Shmem:             13708 kB
KReclaimable:     237836 kB
Slab:             310968 kB
SReclaimable:      78532 kB
SUnreclaim:       232436 kB
KernelStack:       49520 kB
ShadowCallStack:   12404 kB
PageTables:        80664 kB
NFS_Unstable:          0 kB
Bounce:                0 kB
WritebackTmp:          0 kB
CommitLimit:     8677876 kB
Committed_AS:   76846060 kB
VmallocTotal:   263061440 kB
VmallocUsed:      132464 kB
VmallocChunk:          0 kB
Percpu:             2448 kB
CmaTotal:         405504 kB
CmaFree:             876 kB
MemTotal:        7918588 kB
MemFree:          192948 kB
MemAvailable:     542852 kB
Buffers:            1724 kB
Cached:           517976 kB
SwapCached:          760 kB
Active:          3206180 kB
Inactive:        2162516 kB
Active(anon):    2913852 kB
Inactive(anon):  1953408 kB
Active(file):     292328 kB
Inactive(file):   209108 kB
Unevictable:        6128 kB
Mlocked:            5688 kB
SwapTotal:       4718584 kB
SwapFree:        3496440 kB
Dirty:               172 kB
Writeback:             0 kB
AnonPages:       4854736 kB
Mapped:           389304 kB
Shmem:             13708 kB
KReclaimable:     234864 kB
Slab:             311140 kB
SReclaimable:      78632 kB
SUnreclaim:       232508 kB
KernelStack:       49552 kB
ShadowCallStack:   12420 kB
PageTables:        80948 kB
NFS_Unstable:          0 kB
Bounce:                0 kB
WritebackTmp:          0 kB
CommitLimit:     8677876 kB
Committed_AS:   76944364 kB
VmallocTotal:   263061440 kB
VmallocUsed:      132492 kB
VmallocChunk:          0 kB
Percpu:             2448 kB
CmaTotal:         405504 kB
CmaFree:             876 kB
MemTotal:        7918588 kB
MemFree:          191608 kB
MemAvailable:     540536 kB
Buffers:            1724 kB
Cached:           517976 kB
SwapCached:          760 kB
Active:          3254952 kB
Inactive:        2117016 kB
Active(anon):    2962624 kB
Inactive(anon):  1907908 kB
Active(file):     292328 kB
Inactive(file):   209108 kB
Unevictable:        6128 kB
Mlocked:            5688 kB
SwapTotal:       4718584 kB
SwapFree:        3452408 kB
Dirty:               172 kB
Writeback:             0 kB
AnonPages:       4858156 kB
Mapped:           389768 kB
Shmem:             13708 kB
KReclaimable:     232912 kB
Slab:             311252 kB
SReclaimable:      78728 kB
SUnreclaim:       232524 kB
KernelStack:       49536 kB
ShadowCallStack:   12412 kB
PageTables:        81008 kB
NFS_Unstable:          0 kB
Bounce:                0 kB
WritebackTmp:          0 kB
CommitLimit:     8677876 kB
Committed_AS:   77009900 kB
VmallocTotal:   263061440 kB
VmallocUsed:      132472 kB
VmallocChunk:          0 kB
Percpu:             2448 kB
CmaTotal:         405504 kB
CmaFree:             876 kB
MemTotal:        7918588 kB
MemFree:          191700 kB
MemAvailable:     540016 kB
Buffers:            1724 kB
Cached:           518096 kB
SwapCached:          760 kB
Active:          3305576 kB
Inactive:        2066092 kB
Active(anon):    3013144 kB
Inactive(anon):  1856972 kB
Active(file):     292432 kB
Inactive(file):   209120 kB
Unevictable:        6128 kB
Mlocked:            5688 kB
SwapTotal:       4718584 kB
SwapFree:        3402744 kB
Dirty:               212 kB
Writeback:             0 kB
AnonPages:       4857424 kB
Mapped:           390264 kB
Shmem:             13708 kB
KReclaimable:     231456 kB
Slab:             311372 kB
SReclaimable:      78808 kB
SUnreclaim:       232564 kB
KernelStack:       49536 kB
ShadowCallStack:   12416 kB
PageTables:        81188 kB
NFS_Unstable:          0 kB
Bounce:                0 kB
WritebackTmp:          0 kB
CommitLimit:     8677876 kB
Committed_AS:   77075436 kB
VmallocTotal:   263061440 kB
VmallocUsed:      132472 kB
VmallocChunk:          0 kB
Percpu:             2448 kB
CmaTotal:         405504 kB
CmaFree:             876 kB
MemTotal:        7918588 kB
MemFree:          192280 kB
MemAvailable:     539568 kB
Buffers:            1724 kB
Cached:           518272 kB
SwapCached:          764 kB
Active:          3365704 kB
Inactive:        2006640 kB
Active(anon):    3073092 kB
Inactive(anon):  1797520 kB
Active(file):     292612 kB
Inactive(file):   209120 kB
Unevictable:        6128 kB
Mlocked:            5688 kB
SwapTotal:       4718584 kB
SwapFree:        3345400 kB
Dirty:               212 kB
Writeback:             0 kB
AnonPages:       4858212 kB
Mapped:           390940 kB
Shmem:             13708 kB
KReclaimable:     229040 kB
Slab:             311580 kB
SReclaimable:      78952 kB
SUnreclaim:       232628 kB
KernelStack:       49552 kB
ShadowCallStack:   12412 kB
PageTables:        81308 kB
NFS_Unstable:          0 kB
Bounce:                0 kB
WritebackTmp:          0 kB
CommitLimit:     8677876 kB
Committed_AS:   77157356 kB
VmallocTotal:   263061440 kB
VmallocUsed:      132480 kB
VmallocChunk:          0 kB
Percpu:             2448 kB
CmaTotal:         405504 kB
CmaFree:             892 kB
MemTotal:        7918588 kB
MemFree:          193404 kB
MemAvailable:     544120 kB
Buffers:            1724 kB
Cached:           522920 kB
SwapCached:          764 kB
Active:          3423136 kB
Inactive:        1951308 kB
Active(anon):    3126028 kB
Inactive(anon):  1742036 kB
Active(file):     297108 kB
Inactive(file):   209272 kB
Unevictable:        6128 kB
Mlocked:            5688 kB
SwapTotal:       4718584 kB
SwapFree:        3291640 kB
Dirty:               232 kB
Writeback:             0 kB
AnonPages:       4855544 kB
Mapped:           392268 kB
Shmem:             13708 kB
KReclaimable:     226596 kB
Slab:             311760 kB
SReclaimable:      79068 kB
SUnreclaim:       232692 kB
KernelStack:       49568 kB
ShadowCallStack:   12408 kB
PageTables:        81500 kB
NFS_Unstable:          0 kB
Bounce:                0 kB
WritebackTmp:          0 kB
CommitLimit:     8677876 kB
Committed_AS:   77222892 kB
VmallocTotal:   263061440 kB
VmallocUsed:      132484 kB
VmallocChunk:          0 kB
Percpu:             2448 kB
CmaTotal:         405504 kB
CmaFree:             892 kB
MemTotal:        7918588 kB
MemFree:          190736 kB
MemAvailable:     544520 kB
Buffers:            1724 kB
Cached:           526952 kB
SwapCached:          764 kB
Active:          3479336 kB
Inactive:        1898412 kB
Active(anon):    3178196 kB
Inactive(anon):  1689140 kB
Active(file):     301140 kB
Inactive(file):   209272 kB
Unevictable:        6128 kB
Mlocked:            5688 kB
SwapTotal:       4718584 kB
SwapFree:        3240696 kB
Dirty:               232 kB
Writeback:             0 kB
AnonPages:       4854848 kB
Mapped:           393072 kB
Shmem:             13708 kB
KReclaimable:     224668 kB
Slab:             311928 kB
SReclaimable:      79188 kB
SUnreclaim:       232740 kB
KernelStack:       49536 kB
ShadowCallStack:   12408 kB
PageTables:        81576 kB
NFS_Unstable:          0 kB
Bounce:                0 kB
WritebackTmp:          0 kB
CommitLimit:     8677876 kB
Committed_AS:   77288432 kB
VmallocTotal:   263061440 kB
VmallocUsed:      132488 kB
VmallocChunk:          0 kB
Percpu:             2448 kB
CmaTotal:         405504 kB
CmaFree:             892 kB
MemTotal:        7918588 kB
MemFree:          191900 kB
MemAvailable:     547536 kB
Buffers:            1732 kB
Cached:           530000 kB
SwapCached:          800 kB
Active:          3550656 kB
Inactive:        1827348 kB
Active(anon):    3246456 kB
Inactive(anon):  1618068 kB
Active(file):     304200 kB
Inactive(file):   209280 kB
Unevictable:        6128 kB
Mlocked:            5688 kB
SwapTotal:       4718584 kB
SwapFree:        3176440 kB
Dirty:               280 kB
Writeback:             0 kB
AnonPages:       4851980 kB
Mapped:           394256 kB
Shmem:             13696 kB
KReclaimable:     222236 kB
Slab:             312128 kB
SReclaimable:      79316 kB
SUnreclaim:       232812 kB
KernelStack:       49536 kB
ShadowCallStack:   12408 kB
PageTables:        81664 kB
NFS_Unstable:          0 kB
Bounce:                0 kB
WritebackTmp:          0 kB
CommitLimit:     8677876 kB
Committed_AS:   77370348 kB
VmallocTotal:   263061440 kB
VmallocUsed:      132484 kB
VmallocChunk:          0 kB
Percpu:             2448 kB
CmaTotal:         405504 kB
CmaFree:             932 kB
MemTotal:        7918588 kB
MemFree:          195244 kB
MemAvailable:     550208 kB
Buffers:            1756 kB
Cached:           530012 kB
SwapCached:          800 kB
Active:          3601152 kB
Inactive:        1772784 kB
Active(anon):    3296952 kB
Inactive(anon):  1563472 kB
Active(file):     304200 kB
Inactive(file):   209312 kB
Unevictable:        6128 kB
Mlocked:            5688 kB
SwapTotal:       4718584 kB
SwapFree:        3123192 kB
Dirty:               352 kB
Writeback:             0 kB
AnonPages:       4847956 kB
Mapped:           394464 kB
Shmem:             13700 kB
KReclaimable:     220828 kB
Slab:             312296 kB
SReclaimable:      79444 kB
SUnreclaim:       232852 kB
KernelStack:       49520 kB
ShadowCallStack:   12412 kB
PageTables:        81696 kB
NFS_Unstable:          0 kB
Bounce:                0 kB
WritebackTmp:          0 kB
CommitLimit:     8677876 kB
Committed_AS:   77435888 kB
VmallocTotal:   263061440 kB
VmallocUsed:      132492 kB
VmallocChunk:          0 kB
Percpu:             2448 kB
CmaTotal:         405504 kB
CmaFree:             932 kB
MemTotal:        7918588 kB
MemFree:          192076 kB
MemAvailable:     545684 kB
Buffers:            1756 kB
Cached:           529948 kB
SwapCached:          800 kB
Active:          3659480 kB
Inactive:        1720008 kB
Active(anon):    3355280 kB
Inactive(anon):  1510760 kB
Active(file):     304200 kB
Inactive(file):   209248 kB
Unevictable:        6128 kB
Mlocked:            5688 kB
SwapTotal:       4718584 kB
SwapFree:        3073016 kB
Dirty:               356 kB
Writeback:             0 kB
AnonPages:       4853596 kB
Mapped:           394868 kB
Shmem:             13700 kB
KReclaimable:     218244 kB
Slab:             312396 kB
SReclaimable:      79420 kB
SUnreclaim:       232976 kB
KernelStack:       49536 kB
ShadowCallStack:   12412 kB
PageTables:        81968 kB
NFS_Unstable:          0 kB
Bounce:                0 kB
WritebackTmp:          0 kB
CommitLimit:     8677876 kB
Committed_AS:   77517808 kB
VmallocTotal:   263061440 kB
VmallocUsed:      132488 kB
VmallocChunk:          0 kB
Percpu:             2448 kB
CmaTotal:         405504 kB
CmaFree:             932 kB
MemTotal:        7918588 kB
MemFree:          194420 kB
MemAvailable:     547316 kB
Buffers:            1756 kB
Cached:           529952 kB
SwapCached:          800 kB
Active:          3712616 kB
Inactive:        1665104 kB
Active(anon):    3408416 kB
Inactive(anon):  1455852 kB
Active(file):     304200 kB
Inactive(file):   209252 kB
Unevictable:        6128 kB
Mlocked:            5688 kB
SwapTotal:       4718584 kB
SwapFree:        3019512 kB
Dirty:                40 kB
Writeback:             0 kB
AnonPages:       4851872 kB
Mapped:           395184 kB
Shmem:             13700 kB
KReclaimable:     216816 kB
Slab:             312524 kB
SReclaimable:      79528 kB
SUnreclaim:       232996 kB
KernelStack:       49536 kB
ShadowCallStack:   12408 kB
PageTables:        82160 kB
NFS_Unstable:          0 kB
Bounce:                0 kB
WritebackTmp:          0 kB
CommitLimit:     8677876 kB
Committed_AS:   77599728 kB
VmallocTotal:   263061440 kB
VmallocUsed:      132488 kB
VmallocChunk:          0 kB
Percpu:             2448 kB
CmaTotal:         405504 kB
CmaFree:             932 kB
MemTotal:        7918588 kB
MemFree:          194056 kB
MemAvailable:     546064 kB
Buffers:            1780 kB
Cached:           529648 kB
SwapCached:          804 kB
Active:          3764120 kB
Inactive:        1613260 kB
Active(anon):    3459920 kB
Inactive(anon):  1403984 kB
Active(file):     304200 kB
Inactive(file):   209276 kB
Unevictable:        6128 kB
Mlocked:            5688 kB
SwapTotal:       4718584 kB
SwapFree:        2978040 kB
Dirty:               120 kB
Writeback:             4 kB
AnonPages:       4851712 kB
