MemTotal:        7918588 kB
MemFree:         3325620 kB
MemAvailable:    4655180 kB
Buffers:            3380 kB
Cached:          1291184 kB
SwapCached:         7540 kB
Active:          1157716 kB
Inactive:         776280 kB
Active(anon):     492664 kB
Inactive(anon):   167876 kB
Active(file):     665052 kB
Inactive(file):   608404 kB
Unevictable:        6368 kB
Mlocked:            5928 kB
SwapTotal:       4718584 kB
SwapFree:        3461228 kB
Dirty:            180496 kB
Writeback:             0 kB
AnonPages:        641436 kB
Mapped:           434464 kB
Shmem:             16540 kB
KReclaimable:     528248 kB
Slab:             320068 kB
SReclaimable:      92980 kB
SUnreclaim:       227088 kB
KernelStack:       46560 kB
ShadowCallStack:   11652 kB
PageTables:        63548 kB
NFS_Unstable:          0 kB
Bounce:                0 kB
WritebackTmp:          0 kB
CommitLimit:     8677876 kB
Committed_AS:   63805824 kB
VmallocTotal:   263061440 kB
VmallocUsed:      129232 kB
VmallocChunk:          0 kB
Percpu:             2592 kB
CmaTotal:         405504 kB
CmaFree:          287348 kB
MemTotal:        7918588 kB
MemFree:         3319204 kB
MemAvailable:    5081044 kB
Buffers:            3392 kB
Cached:          1309364 kB
SwapCached:         7636 kB
Active:          1163592 kB
Inactive:         777156 kB
Active(anon):     481596 kB
Inactive(anon):   167844 kB
Active(file):     681996 kB
Inactive(file):   609312 kB
Unevictable:        6368 kB
Mlocked:            5928 kB
SwapTotal:       4718584 kB
SwapFree:        3461740 kB
Dirty:            180528 kB
Writeback:             0 kB
AnonPages:        629892 kB
Mapped:           484968 kB
Shmem:             16804 kB
KReclaimable:     942676 kB
Slab:             320036 kB
SReclaimable:      93060 kB
SUnreclaim:       226976 kB
KernelStack:       46880 kB
ShadowCallStack:   11744 kB
PageTables:        63596 kB
NFS_Unstable:          0 kB
Bounce:                0 kB
WritebackTmp:          0 kB
CommitLimit:     8677876 kB
Committed_AS:   63888248 kB
VmallocTotal:   263061440 kB
VmallocUsed:      129552 kB
VmallocChunk:          0 kB
Percpu:             2592 kB
CmaTotal:         405504 kB
CmaFree:          287312 kB
MemTotal:        7918588 kB
MemFree:         3282220 kB
MemAvailable:    4799484 kB
Buffers:            3440 kB
Cached:          1309668 kB
SwapCached:         7672 kB
Active:          1196944 kB
Inactive:         777264 kB
Active(anon):     514744 kB
Inactive(anon):   167844 kB
Active(file):     682200 kB
Inactive(file):   609420 kB
Unevictable:        6368 kB
Mlocked:            5928 kB
SwapTotal:       4718584 kB
SwapFree:        3461996 kB
Dirty:            180548 kB
Writeback:             0 kB
AnonPages:        662936 kB
Mapped:           507288 kB
Shmem:             16844 kB
KReclaimable:     697788 kB
Slab:             320652 kB
SReclaimable:      93124 kB
SUnreclaim:       227528 kB
KernelStack:       46944 kB
ShadowCallStack:   11760 kB
PageTables:        64224 kB
NFS_Unstable:          0 kB
Bounce:                0 kB
WritebackTmp:          0 kB
CommitLimit:     8677876 kB
Committed_AS:   63917780 kB
VmallocTotal:   263061440 kB
VmallocUsed:      129728 kB
VmallocChunk:          0 kB
Percpu:             2592 kB
CmaTotal:         405504 kB
CmaFree:          287308 kB
MemTotal:        7918588 kB
MemFree:         3278756 kB
MemAvailable:    4795288 kB
Buffers:            3440 kB
Cached:          1309704 kB
SwapCached:         7672 kB
Active:          1201504 kB
Inactive:         777280 kB
Active(anon):     519280 kB
Inactive(anon):   167848 kB
Active(file):     682224 kB
Inactive(file):   609432 kB
Unevictable:        6368 kB
Mlocked:            5928 kB
SwapTotal:       4718584 kB
SwapFree:        3462252 kB
Dirty:            180612 kB
Writeback:             0 kB
AnonPages:        667656 kB
Mapped:           508304 kB
Shmem:             16844 kB
KReclaimable:     697020 kB
Slab:             320620 kB
SReclaimable:      93124 kB
SUnreclaim:       227496 kB
KernelStack:       46944 kB
ShadowCallStack:   11760 kB
PageTables:        64036 kB
NFS_Unstable:          0 kB
Bounce:                0 kB
WritebackTmp:          0 kB
CommitLimit:     8677876 kB
Committed_AS:   63917780 kB
VmallocTotal:   263061440 kB
VmallocUsed:      129728 kB
VmallocChunk:          0 kB
Percpu:             2592 kB
CmaTotal:         405504 kB
CmaFree:          287312 kB
MemTotal:        7918588 kB
MemFree:         3277332 kB
MemAvailable:    4793864 kB
Buffers:            3440 kB
Cached:          1309712 kB
SwapCached:         7672 kB
Active:          1206344 kB
Inactive:         775156 kB
Active(anon):     524120 kB
Inactive(anon):   165724 kB
Active(file):     682224 kB
Inactive(file):   609432 kB
Unevictable:        6368 kB
Mlocked:            5928 kB
SwapTotal:       4718584 kB
SwapFree:        3462508 kB
Dirty:            180620 kB
Writeback:             0 kB
AnonPages:        670288 kB
Mapped:           509312 kB
Shmem:             16852 kB
KReclaimable:     697020 kB
Slab:             320616 kB
SReclaimable:      93124 kB
SUnreclaim:       227492 kB
KernelStack:       46976 kB
ShadowCallStack:   11764 kB
PageTables:        64152 kB
NFS_Unstable:          0 kB
Bounce:                0 kB
WritebackTmp:          0 kB
CommitLimit:     8677876 kB
Committed_AS:   63917780 kB
VmallocTotal:   263061440 kB
VmallocUsed:      129712 kB
VmallocChunk:          0 kB
Percpu:             2592 kB
CmaTotal:         405504 kB
CmaFree:          288336 kB
MemTotal:        7918588 kB
MemFree:         3283916 kB
MemAvailable:    4820364 kB
Buffers:            3448 kB
Cached:          1309732 kB
SwapCached:         7672 kB
Active:          1200664 kB
Inactive:         774392 kB
Active(anon):     518440 kB
Inactive(anon):   164952 kB
Active(file):     682224 kB
Inactive(file):   609440 kB
Unevictable:        6368 kB
Mlocked:            5928 kB
SwapTotal:       4718584 kB
SwapFree:        3462508 kB
Dirty:            180652 kB
Writeback:             0 kB
AnonPages:        663716 kB
Mapped:           509764 kB
Shmem:             16872 kB
KReclaimable:     716928 kB
Slab:             320588 kB
SReclaimable:      93140 kB
SUnreclaim:       227448 kB
KernelStack:       46816 kB
ShadowCallStack:   11744 kB
PageTables:        64328 kB
NFS_Unstable:          0 kB
Bounce:                0 kB
WritebackTmp:          0 kB
CommitLimit:     8677876 kB
Committed_AS:   63917316 kB
VmallocTotal:   263061440 kB
VmallocUsed:      129248 kB
VmallocChunk:          0 kB
Percpu:             2592 kB
CmaTotal:         405504 kB
CmaFree:          288340 kB
MemTotal:        7918588 kB
MemFree:         3269740 kB
MemAvailable:    4806468 kB
Buffers:            3448 kB
Cached:          1309732 kB
SwapCached:         7672 kB
Active:          1216092 kB
Inactive:         774400 kB
Active(anon):     533868 kB
Inactive(anon):   164960 kB
Active(file):     682224 kB
Inactive(file):   609440 kB
Unevictable:        6368 kB
Mlocked:            5928 kB
SwapTotal:       4718584 kB
SwapFree:        3462508 kB
Dirty:             17452 kB
Writeback:             0 kB
AnonPages:        679228 kB
Mapped:           510980 kB
Shmem:             16872 kB
KReclaimable:     717208 kB
Slab:             320556 kB
SReclaimable:      93156 kB
SUnreclaim:       227400 kB
KernelStack:       46784 kB
ShadowCallStack:   11720 kB
PageTables:        64112 kB
NFS_Unstable:          0 kB
Bounce:                0 kB
WritebackTmp:          0 kB
CommitLimit:     8677876 kB
Committed_AS:   63935320 kB
VmallocTotal:   263061440 kB
VmallocUsed:      129228 kB
VmallocChunk:          0 kB
Percpu:             2592 kB
CmaTotal:         405504 kB
CmaFree:          288336 kB
MemTotal:        7918588 kB
MemFree:         3224112 kB
MemAvailable:    4761320 kB
Buffers:            3452 kB
Cached:          1310192 kB
SwapCached:         7672 kB
Active:          1261012 kB
Inactive:         774400 kB
Active(anon):     578328 kB
Inactive(anon):   164956 kB
Active(file):     682684 kB
Inactive(file):   609444 kB
Unevictable:        6368 kB
Mlocked:            5928 kB
SwapTotal:       4718584 kB
SwapFree:        3462508 kB
Dirty:             17460 kB
Writeback:             0 kB
AnonPages:        723652 kB
Mapped:           521836 kB
Shmem:             16872 kB
KReclaimable:     717224 kB
Slab:             320588 kB
SReclaimable:      93172 kB
SUnreclaim:       227416 kB
KernelStack:       46784 kB
ShadowCallStack:   11728 kB
PageTables:        64344 kB
NFS_Unstable:          0 kB
Bounce:                0 kB
WritebackTmp:          0 kB
CommitLimit:     8677876 kB
Committed_AS:   64051248 kB
VmallocTotal:   263061440 kB
VmallocUsed:      129220 kB
VmallocChunk:          0 kB
Percpu:             2592 kB
CmaTotal:         405504 kB
CmaFree:          288336 kB
MemTotal:        7918588 kB
MemFree:         3015040 kB
MemAvailable:    4366272 kB
Buffers:            3464 kB
Cached:          1310304 kB
SwapCached:         7676 kB
Active:          1469412 kB
Inactive:         774464 kB
Active(anon):     786704 kB
Inactive(anon):   164956 kB
Active(file):     682708 kB
Inactive(file):   609508 kB
Unevictable:        6368 kB
Mlocked:            5928 kB
SwapTotal:       4718584 kB
SwapFree:        3462508 kB
Dirty:             17540 kB
Writeback:             0 kB
AnonPages:        932216 kB
Mapped:           595236 kB
Shmem:             16908 kB
KReclaimable:     531160 kB
Slab:             320976 kB
SReclaimable:      93204 kB
SUnreclaim:       227772 kB
KernelStack:       46912 kB
ShadowCallStack:   11748 kB
PageTables:        65008 kB
NFS_Unstable:          0 kB
Bounce:                0 kB
WritebackTmp:          0 kB
CommitLimit:     8677876 kB
Committed_AS:   64299808 kB
VmallocTotal:   263061440 kB
VmallocUsed:      129428 kB
VmallocChunk:          0 kB
Percpu:             2592 kB
CmaTotal:         405504 kB
CmaFree:          288336 kB
MemTotal:        7918588 kB
MemFree:         2966944 kB
MemAvailable:    4302020 kB
Buffers:            3492 kB
Cached:          1328868 kB
SwapCached:         7688 kB
Active:          1516528 kB
Inactive:         774620 kB
Active(anon):     815496 kB
Inactive(anon):   164956 kB
Active(file):     701032 kB
Inactive(file):   609664 kB
Unevictable:        6368 kB
Mlocked:            5928 kB
SwapTotal:       4718584 kB
SwapFree:        3462508 kB
Dirty:             17624 kB
Writeback:             0 kB
AnonPages:        960684 kB
Mapped:           616048 kB
Shmem:             17028 kB
KReclaimable:     496524 kB
Slab:             321136 kB
SReclaimable:      93220 kB
SUnreclaim:       227916 kB
KernelStack:       46960 kB
ShadowCallStack:   11760 kB
PageTables:        65160 kB
NFS_Unstable:          0 kB
Bounce:                0 kB
WritebackTmp:          0 kB
CommitLimit:     8677876 kB
Committed_AS:   64358320 kB
VmallocTotal:   263061440 kB
VmallocUsed:      129496 kB
VmallocChunk:          0 kB
Percpu:             2592 kB
CmaTotal:         405504 kB
CmaFree:          288336 kB
MemTotal:        7918588 kB
MemFree:         2896164 kB
MemAvailable:    4346352 kB
Buffers:            3500 kB
Cached:          1328860 kB
SwapCached:         7688 kB
Active:          1586596 kB
Inactive:         774628 kB
Active(anon):     885428 kB
Inactive(anon):   164956 kB
Active(file):     701168 kB
Inactive(file):   609672 kB
Unevictable:        6368 kB
Mlocked:            5928 kB
SwapTotal:       4718584 kB
SwapFree:        3462508 kB
Dirty:             17676 kB
Writeback:             0 kB
AnonPages:       1030840 kB
Mapped:           621552 kB
Shmem:             16876 kB
KReclaimable:     611492 kB
Slab:             321204 kB
SReclaimable:      93220 kB
SUnreclaim:       227984 kB
KernelStack:       46848 kB
ShadowCallStack:   11728 kB
PageTables:        65584 kB
NFS_Unstable:          0 kB
Bounce:                0 kB
WritebackTmp:          0 kB
CommitLimit:     8677876 kB
Committed_AS:   64636452 kB
VmallocTotal:   263061440 kB
VmallocUsed:      129348 kB
VmallocChunk:          0 kB
Percpu:             2592 kB
CmaTotal:         405504 kB
CmaFree:          288336 kB
MemTotal:        7918588 kB
MemFree:         2808568 kB
MemAvailable:    4257900 kB
Buffers:            3500 kB
Cached:          1328868 kB
SwapCached:         7688 kB
Active:          1674140 kB
Inactive:         774632 kB
Active(anon):     972972 kB
Inactive(anon):   164952 kB
Active(file):     701168 kB
Inactive(file):   609680 kB
Unevictable:        6368 kB
Mlocked:            5928 kB
SwapTotal:       4718584 kB
SwapFree:        3462508 kB
Dirty:             17376 kB
Writeback:             0 kB
AnonPages:       1118296 kB
Mapped:           622180 kB
Shmem:             16876 kB
KReclaimable:     610628 kB
Slab:             321320 kB
SReclaimable:      93220 kB
SUnreclaim:       228100 kB
KernelStack:       46816 kB
ShadowCallStack:   11720 kB
PageTables:        66012 kB
NFS_Unstable:          0 kB
Bounce:                0 kB
WritebackTmp:          0 kB
CommitLimit:     8677876 kB
Committed_AS:   64849444 kB
VmallocTotal:   263061440 kB
VmallocUsed:      129328 kB
VmallocChunk:          0 kB
Percpu:             2592 kB
CmaTotal:         405504 kB
CmaFree:          288336 kB
MemTotal:        7918588 kB
MemFree:         2696176 kB
MemAvailable:    4138392 kB
Buffers:            3500 kB
Cached:          1328872 kB
SwapCached:         7688 kB
Active:          1782940 kB
Inactive:         774636 kB
Active(anon):    1081772 kB
Inactive(anon):   164956 kB
Active(file):     701168 kB
Inactive(file):   609680 kB
Unevictable:        6368 kB
Mlocked:            5928 kB
SwapTotal:       4718584 kB
SwapFree:        3462508 kB
Dirty:             17392 kB
Writeback:             0 kB
AnonPages:       1227172 kB
Mapped:           623208 kB
Shmem:             16880 kB
KReclaimable:     603512 kB
Slab:             321520 kB
SReclaimable:      93220 kB
SUnreclaim:       228300 kB
KernelStack:       46848 kB
ShadowCallStack:   11736 kB
PageTables:        66640 kB
NFS_Unstable:          0 kB
Bounce:                0 kB
WritebackTmp:          0 kB
CommitLimit:     8677876 kB
Committed_AS:   65111592 kB
VmallocTotal:   263061440 kB
VmallocUsed:      129332 kB
VmallocChunk:          0 kB
Percpu:             2592 kB
CmaTotal:         405504 kB
CmaFree:          288336 kB
MemTotal:        7918588 kB
MemFree:         2604296 kB
MemAvailable:    4045748 kB
Buffers:            3500 kB
Cached:          1328892 kB
SwapCached:         7688 kB
Active:          1873660 kB
Inactive:         774656 kB
Active(anon):    1172492 kB
Inactive(anon):   164956 kB
Active(file):     701168 kB
Inactive(file):   609700 kB
Unevictable:        6368 kB
Mlocked:            5928 kB
SwapTotal:       4718584 kB
SwapFree:        3462508 kB
Dirty:             17412 kB
Writeback:             0 kB
AnonPages:       1317956 kB
Mapped:           623908 kB
Shmem:             16880 kB
KReclaimable:     602728 kB
Slab:             321476 kB
SReclaimable:      93236 kB
SUnreclaim:       228240 kB
KernelStack:       46832 kB
ShadowCallStack:   11728 kB
PageTables:        67020 kB
NFS_Unstable:          0 kB
Bounce:                0 kB
WritebackTmp:          0 kB
CommitLimit:     8677876 kB
Committed_AS:   65357308 kB
VmallocTotal:   263061440 kB
VmallocUsed:      129296 kB
VmallocChunk:          0 kB
Percpu:             2592 kB
CmaTotal:         405504 kB
CmaFree:          288336 kB
MemTotal:        7918588 kB
MemFree:         2514708 kB
MemAvailable:    3955704 kB
Buffers:            3640 kB
Cached:          1329392 kB
SwapCached:         7688 kB
Active:          1964204 kB
Inactive:         773984 kB
Active(anon):    1262548 kB
Inactive(anon):   164140 kB
Active(file):     701656 kB
Inactive(file):   609844 kB
Unevictable:        6368 kB
Mlocked:            5928 kB
SwapTotal:       4718584 kB
SwapFree:        3463532 kB
Dirty:             17412 kB
Writeback:             0 kB
AnonPages:       1407088 kB
Mapped:           626008 kB
Shmem:             16888 kB
KReclaimable:     601640 kB
Slab:             321604 kB
SReclaimable:      93236 kB
SUnreclaim:       228368 kB
KernelStack:       46832 kB
ShadowCallStack:   11732 kB
PageTables:        67656 kB
NFS_Unstable:          0 kB
Bounce:                0 kB
WritebackTmp:          0 kB
CommitLimit:     8677876 kB
Committed_AS:   65570308 kB
VmallocTotal:   263061440 kB
VmallocUsed:      129296 kB
VmallocChunk:          0 kB
Percpu:             2592 kB
CmaTotal:         405504 kB
CmaFree:          288460 kB
MemTotal:        7918588 kB
MemFree:         2426684 kB
MemAvailable:    3865944 kB
Buffers:            3648 kB
Cached:          1329392 kB
SwapCached:         7688 kB
Active:          2052000 kB
Inactive:         773736 kB
Active(anon):    1350344 kB
Inactive(anon):   163884 kB
Active(file):     701656 kB
Inactive(file):   609852 kB
Unevictable:        6368 kB
Mlocked:            5928 kB
SwapTotal:       4718584 kB
SwapFree:        3463532 kB
Dirty:             17472 kB
Writeback:             0 kB
AnonPages:       1494604 kB
Mapped:           625148 kB
Shmem:             16888 kB
KReclaimable:     599896 kB
Slab:             321696 kB
SReclaimable:      93236 kB
SUnreclaim:       228460 kB
KernelStack:       46816 kB
ShadowCallStack:   11732 kB
PageTables:        68108 kB
NFS_Unstable:          0 kB
Bounce:                0 kB
WritebackTmp:          0 kB
CommitLimit:     8677876 kB
Committed_AS:   65832452 kB
VmallocTotal:   263061440 kB
VmallocUsed:      129312 kB
VmallocChunk:          0 kB
Percpu:             2592 kB
CmaTotal:         405504 kB
CmaFree:          288460 kB
MemTotal:        7918588 kB
MemFree:         2329680 kB
MemAvailable:    3767772 kB
Buffers:            3648 kB
Cached:          1329392 kB
SwapCached:         7688 kB
Active:          2146820 kB
Inactive:         773732 kB
Active(anon):    1445164 kB
Inactive(anon):   163880 kB
Active(file):     701656 kB
Inactive(file):   609852 kB
Unevictable:        6368 kB
Mlocked:            5928 kB
SwapTotal:       4718584 kB
SwapFree:        3463532 kB
Dirty:             17440 kB
Writeback:             0 kB
AnonPages:       1589396 kB
Mapped:           625772 kB
Shmem:             16888 kB
KReclaimable:     598728 kB
Slab:             321776 kB
SReclaimable:      93220 kB
SUnreclaim:       228556 kB
KernelStack:       46848 kB
ShadowCallStack:   11728 kB
PageTables:        68400 kB
NFS_Unstable:          0 kB
Bounce:                0 kB
WritebackTmp:          0 kB
CommitLimit:     8677876 kB
Committed_AS:   66045392 kB
VmallocTotal:   263061440 kB
VmallocUsed:      129292 kB
VmallocChunk:          0 kB
Percpu:             2592 kB
CmaTotal:         405504 kB
CmaFree:          288460 kB
MemTotal:        7918588 kB
MemFree:         2229092 kB
MemAvailable:    3665680 kB
Buffers:            3648 kB
Cached:          1329392 kB
SwapCached:         7688 kB
Active:          2248168 kB
Inactive:         773740 kB
Active(anon):    1546512 kB
Inactive(anon):   163888 kB
Active(file):     701656 kB
Inactive(file):   609852 kB
Unevictable:        6368 kB
Mlocked:            5928 kB
SwapTotal:       4718584 kB
SwapFree:        3463532 kB
Dirty:             17492 kB
Writeback:             0 kB
AnonPages:       1690780 kB
Mapped:           626764 kB
Shmem:             16888 kB
KReclaimable:     597224 kB
Slab:             321696 kB
SReclaimable:      93220 kB
SUnreclaim:       228476 kB
KernelStack:       46816 kB
ShadowCallStack:   11728 kB
PageTables:        68976 kB
NFS_Unstable:          0 kB
Bounce:                0 kB
WritebackTmp:          0 kB
CommitLimit:     8677876 kB
Committed_AS:   66291152 kB
VmallocTotal:   263061440 kB
VmallocUsed:      129272 kB
VmallocChunk:          0 kB
Percpu:             2592 kB
CmaTotal:         405504 kB
CmaFree:          288460 kB
MemTotal:        7918588 kB
MemFree:         2132368 kB
MemAvailable:    3567988 kB
Buffers:            3648 kB
Cached:          1329392 kB
SwapCached:         7688 kB
Active:          2344172 kB
Inactive:         773740 kB
Active(anon):    1642516 kB
Inactive(anon):   163888 kB
Active(file):     701656 kB
Inactive(file):   609852 kB
Unevictable:        6368 kB
Mlocked:            5928 kB
SwapTotal:       4718584 kB
SwapFree:        3463532 kB
Dirty:             17492 kB
Writeback:             0 kB
AnonPages:       1786748 kB
Mapped:           627576 kB
Shmem:             16888 kB
KReclaimable:     596256 kB
Slab:             321712 kB
SReclaimable:      93220 kB
SUnreclaim:       228492 kB
KernelStack:       46784 kB
ShadowCallStack:   11708 kB
PageTables:        69424 kB
NFS_Unstable:          0 kB
Bounce:                0 kB
WritebackTmp:          0 kB
CommitLimit:     8677876 kB
Committed_AS:   66520528 kB
VmallocTotal:   263061440 kB
VmallocUsed:      129272 kB
VmallocChunk:          0 kB
Percpu:             2592 kB
CmaTotal:         405504 kB
CmaFree:          288460 kB
MemTotal:        7918588 kB
MemFree:         2050596 kB
MemAvailable:    3485560 kB
Buffers:            3648 kB
Cached:          1329400 kB
SwapCached:         7688 kB
Active:          2426172 kB
Inactive:         773740 kB
Active(anon):    1724516 kB
Inactive(anon):   163888 kB
Active(file):     701656 kB
Inactive(file):   609852 kB
Unevictable:        6368 kB
Mlocked:            5928 kB
SwapTotal:       4718584 kB
SwapFree:        3463532 kB
Dirty:             17496 kB
Writeback:             0 kB
AnonPages:       1868796 kB
Mapped:           628164 kB
Shmem:             16896 kB
KReclaimable:     595600 kB
Slab:             321832 kB
SReclaimable:      93220 kB
SUnreclaim:       228612 kB
KernelStack:       46784 kB
ShadowCallStack:   11728 kB
PageTables:        69812 kB
NFS_Unstable:          0 kB
Bounce:                0 kB
WritebackTmp:          0 kB
CommitLimit:     8677876 kB
Committed_AS:   66749912 kB
VmallocTotal:   263061440 kB
VmallocUsed:      129288 kB
VmallocChunk:          0 kB
Percpu:             2592 kB
CmaTotal:         405504 kB
CmaFree:          288460 kB
MemTotal:        7918588 kB
MemFree:         1958156 kB
MemAvailable:    3391712 kB
Buffers:            3664 kB
Cached:          1329392 kB
SwapCached:         7688 kB
Active:          2517460 kB
Inactive:         773748 kB
Active(anon):    1815804 kB
Inactive(anon):   163888 kB
Active(file):     701656 kB
Inactive(file):   609860 kB
Unevictable:        6368 kB
Mlocked:            5928 kB
SwapTotal:       4718584 kB
SwapFree:        3463532 kB
Dirty:             17564 kB
Writeback:             0 kB
AnonPages:       1960056 kB
Mapped:           628912 kB
Shmem:             16896 kB
KReclaimable:     594184 kB
Slab:             321884 kB
SReclaimable:      93220 kB
SUnreclaim:       228664 kB
KernelStack:       46800 kB
ShadowCallStack:   11720 kB
PageTables:        70300 kB
NFS_Unstable:          0 kB
Bounce:                0 kB
WritebackTmp:          0 kB
CommitLimit:     8677876 kB
Committed_AS:   66979292 kB
VmallocTotal:   263061440 kB
VmallocUsed:      129292 kB
VmallocChunk:          0 kB
Percpu:             2592 kB
CmaTotal:         405504 kB
CmaFree:          288460 kB
MemTotal:        7918588 kB
MemFree:         1893316 kB
MemAvailable:    3326216 kB
Buffers:            3664 kB
Cached:          1329400 kB
SwapCached:         7688 kB
Active:          2582688 kB
Inactive:         773748 kB
Active(anon):    1881032 kB
Inactive(anon):   163880 kB
Active(file):     701656 kB
Inactive(file):   609868 kB
Unevictable:        6368 kB
Mlocked:            5928 kB
SwapTotal:       4718584 kB
SwapFree:        3463532 kB
Dirty:             17588 kB
Writeback:             0 kB
AnonPages:       2025360 kB
Mapped:           629404 kB
Shmem:             16896 kB
KReclaimable:     593520 kB
Slab:             322064 kB
SReclaimable:      93220 kB
SUnreclaim:       228844 kB
KernelStack:       46848 kB
ShadowCallStack:   11728 kB
PageTables:        70712 kB
NFS_Unstable:          0 kB
Bounce:                0 kB
WritebackTmp:          0 kB
CommitLimit:     8677876 kB
Committed_AS:   67143128 kB
VmallocTotal:   263061440 kB
VmallocUsed:      129288 kB
VmallocChunk:          0 kB
Percpu:             2592 kB
CmaTotal:         405504 kB
CmaFree:          288460 kB
MemTotal:        7918588 kB
MemFree:         1817156 kB
MemAvailable:    3249192 kB
Buffers:            3664 kB
Cached:          1329400 kB
SwapCached:         7688 kB
Active:          2658484 kB
Inactive:         773756 kB
Active(anon):    1956828 kB
Inactive(anon):   163888 kB
Active(file):     701656 kB
Inactive(file):   609868 kB
Unevictable:        6368 kB
Mlocked:            5928 kB
SwapTotal:       4718584 kB
SwapFree:        3463532 kB
Dirty:             17588 kB
Writeback:             0 kB
AnonPages:       2100984 kB
Mapped:           629964 kB
Shmem:             16896 kB
KReclaimable:     592656 kB
Slab:             321880 kB
SReclaimable:      93220 kB
SUnreclaim:       228660 kB
KernelStack:       46800 kB
ShadowCallStack:   11728 kB
PageTables:        70692 kB
NFS_Unstable:          0 kB
Bounce:                0 kB
WritebackTmp:          0 kB
CommitLimit:     8677876 kB
Committed_AS:   67306968 kB
VmallocTotal:   263061440 kB
VmallocUsed:      129292 kB
VmallocChunk:          0 kB
Percpu:             2592 kB
CmaTotal:         405504 kB
CmaFree:          288460 kB
MemTotal:        7918588 kB
MemFree:         1736012 kB
MemAvailable:    3166912 kB
Buffers:            3664 kB
Cached:          1329404 kB
SwapCached:         7688 kB
Active:          2738468 kB
Inactive:         773756 kB
Active(anon):    2036812 kB
Inactive(anon):   163888 kB
Active(file):     701656 kB
Inactive(file):   609868 kB
Unevictable:        6368 kB
Mlocked:            5928 kB
SwapTotal:       4718584 kB
SwapFree:        3463532 kB
Dirty:             17680 kB
Writeback:             0 kB
AnonPages:       2181076 kB
Mapped:           630632 kB
Shmem:             16900 kB
KReclaimable:     591520 kB
Slab:             322016 kB
SReclaimable:      93220 kB
SUnreclaim:       228796 kB
KernelStack:       46816 kB
ShadowCallStack:   11736 kB
PageTables:        71336 kB
NFS_Unstable:          0 kB
Bounce:                0 kB
WritebackTmp:          0 kB
CommitLimit:     8677876 kB
Committed_AS:   67503584 kB
VmallocTotal:   263061440 kB
VmallocUsed:      129292 kB
VmallocChunk:          0 kB
Percpu:             2592 kB
CmaTotal:         405504 kB
CmaFree:          288460 kB
MemTotal:        7918588 kB
MemFree:         1670776 kB
MemAvailable:    3100868 kB
Buffers:            3664 kB
Cached:          1329404 kB
SwapCached:         7688 kB
Active:          2803188 kB
Inactive:         773744 kB
Active(anon):    2101532 kB
Inactive(anon):   163876 kB
Active(file):     701656 kB
Inactive(file):   609868 kB
Unevictable:        6368 kB
Mlocked:            5928 kB
SwapTotal:       4718584 kB
SwapFree:        3463532 kB
Dirty:             17680 kB
Writeback:             0 kB
AnonPages:       2245968 kB
Mapped:           631084 kB
Shmem:             16900 kB
KReclaimable:     590712 kB
Slab:             322036 kB
SReclaimable:      93220 kB
SUnreclaim:       228816 kB
KernelStack:       46784 kB
ShadowCallStack:   11732 kB
PageTables:        71496 kB
NFS_Unstable:          0 kB
Bounce:                0 kB
WritebackTmp:          0 kB
CommitLimit:     8677876 kB
Committed_AS:   67651052 kB
VmallocTotal:   263061440 kB
VmallocUsed:      129268 kB
VmallocChunk:          0 kB
Percpu:             2592 kB
CmaTotal:         405504 kB
CmaFree:          288456 kB
MemTotal:        7918588 kB
MemFree:         1583988 kB
MemAvailable:    3012632 kB
Buffers:            3672 kB
Cached:          1329416 kB
SwapCached:         7688 kB
Active:          2889492 kB
Inactive:         773764 kB
Active(anon):    2187836 kB
Inactive(anon):   163888 kB
Active(file):     701656 kB
Inactive(file):   609876 kB
Unevictable:        6368 kB
Mlocked:            5928 kB
SwapTotal:       4718584 kB
SwapFree:        3463532 kB
Dirty:             17624 kB
Writeback:             0 kB
AnonPages:       2332116 kB
Mapped:           632056 kB
Shmem:             16912 kB
KReclaimable:     589256 kB
Slab:             322088 kB
SReclaimable:      93220 kB
SUnreclaim:       228868 kB
KernelStack:       46800 kB
ShadowCallStack:   11736 kB
PageTables:        71940 kB
NFS_Unstable:          0 kB
Bounce:                0 kB
WritebackTmp:          0 kB
CommitLimit:     8677876 kB
Committed_AS:   67847656 kB
VmallocTotal:   263061440 kB
VmallocUsed:      129304 kB
VmallocChunk:          0 kB
Percpu:             2592 kB
CmaTotal:         405504 kB
CmaFree:          288460 kB
MemTotal:        7918588 kB
MemFree:         1541436 kB
MemAvailable:    2969600 kB
Buffers:            3672 kB
Cached:          1329424 kB
SwapCached:         7688 kB
Active:          2932584 kB
Inactive:         773760 kB
Active(anon):    2230928 kB
Inactive(anon):   163876 kB
Active(file):     701656 kB
Inactive(file):   609884 kB
Unevictable:        6368 kB
Mlocked:            5928 kB
SwapTotal:       4718584 kB
SwapFree:        3463532 kB
Dirty:             17624 kB
Writeback:             0 kB
AnonPages:       2375192 kB
Mapped:           632512 kB
Shmem:             16912 kB
KReclaimable:     588768 kB
Slab:             322124 kB
SReclaimable:      93220 kB
SUnreclaim:       228904 kB
KernelStack:       46800 kB
ShadowCallStack:   11724 kB
PageTables:        72184 kB
NFS_Unstable:          0 kB
Bounce:                0 kB
WritebackTmp:          0 kB
CommitLimit:     8677876 kB
Committed_AS:   67946932 kB
VmallocTotal:   263061440 kB
VmallocUsed:      129268 kB
VmallocChunk:          0 kB
Percpu:             2592 kB
CmaTotal:         405504 kB
CmaFree:          288460 kB
MemTotal:        7918588 kB
MemFree:         1489908 kB
MemAvailable:    2917660 kB
Buffers:            3672 kB
Cached:          1329428 kB
SwapCached:         7688 kB
Active:          2982884 kB
Inactive:         773768 kB
Active(anon):    2281228 kB
Inactive(anon):   163880 kB
Active(file):     701656 kB
Inactive(file):   609888 kB
Unevictable:        6368 kB
Mlocked:            5928 kB
SwapTotal:       4718584 kB
SwapFree:        3463532 kB
Dirty:             17688 kB
Writeback:             0 kB
AnonPages:       2425520 kB
Mapped:           632832 kB
Shmem:             16912 kB
KReclaimable:     588352 kB
Slab:             322152 kB
SReclaimable:      93220 kB
SUnreclaim:       228932 kB
KernelStack:       46768 kB
ShadowCallStack:   11720 kB
PageTables:        72340 kB
NFS_Unstable:          0 kB
Bounce:                0 kB
WritebackTmp:          0 kB
CommitLimit:     8677876 kB
Committed_AS:   68061624 kB
VmallocTotal:   263061440 kB
VmallocUsed:      129256 kB
VmallocChunk:          0 kB
Percpu:             2592 kB
CmaTotal:         405504 kB
CmaFree:          288460 kB
MemTotal:        7918588 kB
MemFree:         1415240 kB
MemAvailable:    2841844 kB
Buffers:            3672 kB
Cached:          1329432 kB
SwapCached:         7688 kB
Active:          3056540 kB
Inactive:         773768 kB
Active(anon):    2354884 kB
Inactive(anon):   163876 kB
Active(file):     701656 kB
Inactive(file):   609892 kB
Unevictable:        6368 kB
Mlocked:            5928 kB
SwapTotal:       4718584 kB
SwapFree:        3463532 kB
Dirty:             17700 kB
Writeback:             0 kB
AnonPages:       2499136 kB
Mapped:           633560 kB
Shmem:             16912 kB
KReclaimable:     587200 kB
Slab:             322340 kB
SReclaimable:      93236 kB
SUnreclaim:       229104 kB
KernelStack:       46768 kB
ShadowCallStack:   11712 kB
PageTables:        72820 kB
NFS_Unstable:          0 kB
Bounce:                0 kB
WritebackTmp:          0 kB
CommitLimit:     8677876 kB
Committed_AS:   68258176 kB
VmallocTotal:   263061440 kB
VmallocUsed:      129252 kB
VmallocChunk:          0 kB
Percpu:             2592 kB
CmaTotal:         405504 kB
CmaFree:          288460 kB
MemTotal:        7918588 kB
MemFree:         1370140 kB
MemAvailable:    2797348 kB
Buffers:            3672 kB
Cached:          1330512 kB
SwapCached:         7700 kB
Active:          3102060 kB
Inactive:         773764 kB
Active(anon):    2399324 kB
Inactive(anon):   163868 kB
Active(file):     702736 kB
Inactive(file):   609896 kB
Unevictable:        6368 kB
Mlocked:            5928 kB
SwapTotal:       4718584 kB
SwapFree:        3463788 kB
Dirty:             17704 kB
Writeback:             0 kB
AnonPages:       2543528 kB
Mapped:           635376 kB
Shmem:             16912 kB
KReclaimable:     586720 kB
Slab:             322328 kB
SReclaimable:      93284 kB
SUnreclaim:       229044 kB
KernelStack:       46752 kB
ShadowCallStack:   11716 kB
PageTables:        72872 kB
NFS_Unstable:          0 kB
Bounce:                0 kB
WritebackTmp:          0 kB
CommitLimit:     8677876 kB
Committed_AS:   68340096 kB
VmallocTotal:   263061440 kB
VmallocUsed:      129248 kB
VmallocChunk:          0 kB
Percpu:             2592 kB
CmaTotal:         405504 kB
CmaFree:          288460 kB
MemTotal:        7918588 kB
MemFree:         1285444 kB
MemAvailable:    2582256 kB
Buffers:            3680 kB
Cached:          1330752 kB
SwapCached:         7700 kB
Active:          3186712 kB
Inactive:         773772 kB
Active(anon):    2483852 kB
Inactive(anon):   163868 kB
Active(file):     702860 kB
Inactive(file):   609904 kB
Unevictable:        6368 kB
Mlocked:            5928 kB
SwapTotal:       4718584 kB
SwapFree:        3463788 kB
Dirty:             17748 kB
Writeback:             0 kB
AnonPages:       2628060 kB
Mapped:           636536 kB
Shmem:             17024 kB
KReclaimable:     456192 kB
Slab:             322496 kB
SReclaimable:      93300 kB
SUnreclaim:       229196 kB
KernelStack:       46864 kB
ShadowCallStack:   11744 kB
PageTables:        73488 kB
NFS_Unstable:          0 kB
Bounce:                0 kB
WritebackTmp:          0 kB
CommitLimit:     8677876 kB
Committed_AS:   68455180 kB
VmallocTotal:   263061440 kB
VmallocUsed:      129388 kB
VmallocChunk:          0 kB
Percpu:             2592 kB
CmaTotal:         405504 kB
CmaFree:          282420 kB
MemTotal:        7918588 kB
MemFree:         1259460 kB
MemAvailable:    2687552 kB
Buffers:            3688 kB
Cached:          1332656 kB
SwapCached:         7700 kB
Active:          3214292 kB
Inactive:         773764 kB
Active(anon):    2509420 kB
Inactive(anon):   163856 kB
Active(file):     704872 kB
Inactive(file):   609908 kB
Unevictable:        6368 kB
Mlocked:            5928 kB
SwapTotal:       4718584 kB
SwapFree:        3463788 kB
Dirty:               836 kB
Writeback:          8364 kB
AnonPages:       2653660 kB
Mapped:           637048 kB
Shmem:             16920 kB
KReclaimable:     585456 kB
Slab:             322520 kB
SReclaimable:      93300 kB
SUnreclaim:       229220 kB
KernelStack:       46752 kB
ShadowCallStack:   11724 kB
PageTables:        73484 kB
NFS_Unstable:          0 kB
Bounce:                0 kB
WritebackTmp:          0 kB
CommitLimit:     8677876 kB
Committed_AS:   68585804 kB
VmallocTotal:   263061440 kB
VmallocUsed:      129216 kB
VmallocChunk:          0 kB
Percpu:             2592 kB
CmaTotal:         405504 kB
CmaFree:          239620 kB
MemTotal:        7918588 kB
MemFree:         1226456 kB
MemAvailable:    2654264 kB
Buffers:            3688 kB
Cached:          1332768 kB
SwapCached:         7700 kB
Active:          3246452 kB
Inactive:         773772 kB
Active(anon):    2541488 kB
Inactive(anon):   163856 kB
Active(file):     704964 kB
Inactive(file):   609916 kB
Unevictable:        6368 kB
Mlocked:            5928 kB
SwapTotal:       4718584 kB
SwapFree:        3463788 kB
Dirty:               676 kB
Writeback:             0 kB
AnonPages:       2685732 kB
Mapped:           637500 kB
Shmem:             16932 kB
KReclaimable:     585072 kB
Slab:             322284 kB
SReclaimable:      93300 kB
SUnreclaim:       228984 kB
KernelStack:       46736 kB
ShadowCallStack:   11716 kB
PageTables:        73588 kB
NFS_Unstable:          0 kB
Bounce:                0 kB
WritebackTmp:          0 kB
CommitLimit:     8677876 kB
Committed_AS:   68634964 kB
VmallocTotal:   263061440 kB
VmallocUsed:      129192 kB
VmallocChunk:          0 kB
Percpu:             2592 kB
CmaTotal:         405504 kB
CmaFree:          222732 kB
MemTotal:        7918588 kB
MemFree:         1162388 kB
MemAvailable:    2589484 kB
Buffers:            3688 kB
Cached:          1332768 kB
SwapCached:         7700 kB
Active:          3310808 kB
Inactive:         773768 kB
Active(anon):    2605844 kB
Inactive(anon):   163852 kB
Active(file):     704964 kB
Inactive(file):   609916 kB
Unevictable:        6368 kB
Mlocked:            5928 kB
SwapTotal:       4718584 kB
SwapFree:        3463788 kB
Dirty:               676 kB
Writeback:             0 kB
AnonPages:       2749992 kB
Mapped:           637972 kB
Shmem:             16932 kB
KReclaimable:     584360 kB
Slab:             322348 kB
SReclaimable:      93316 kB
SUnreclaim:       229032 kB
KernelStack:       46720 kB
ShadowCallStack:   11704 kB
PageTables:        73828 kB
NFS_Unstable:          0 kB
Bounce:                0 kB
WritebackTmp:          0 kB
CommitLimit:     8677876 kB
Committed_AS:   68798808 kB
VmallocTotal:   263061440 kB
VmallocUsed:      129192 kB
VmallocChunk:          0 kB
Percpu:             2592 kB
CmaTotal:         405504 kB
CmaFree:          157616 kB
MemTotal:        7918588 kB
MemFree:         1107688 kB
MemAvailable:    2534008 kB
Buffers:            3688 kB
Cached:          1332768 kB
SwapCached:         7700 kB
Active:          3364264 kB
Inactive:         773768 kB
Active(anon):    2659300 kB
Inactive(anon):   163852 kB
Active(file):     704964 kB
Inactive(file):   609916 kB
Unevictable:        6368 kB
Mlocked:            5928 kB
SwapTotal:       4718584 kB
SwapFree:        3463788 kB
Dirty:               680 kB
Writeback:             0 kB
AnonPages:       2803672 kB
Mapped:           638400 kB
Shmem:             16932 kB
KReclaimable:     583584 kB
Slab:             322448 kB
SReclaimable:      93316 kB
SUnreclaim:       229132 kB
KernelStack:       46752 kB
ShadowCallStack:   11716 kB
PageTables:        74112 kB
NFS_Unstable:          0 kB
Bounce:                0 kB
WritebackTmp:          0 kB
CommitLimit:     8677876 kB
Committed_AS:   68913492 kB
VmallocTotal:   263061440 kB
VmallocUsed:      129192 kB
VmallocChunk:          0 kB
Percpu:             2592 kB
CmaTotal:         405504 kB
CmaFree:          104320 kB
MemTotal:        7918588 kB
MemFree:         1064076 kB
MemAvailable:    2489968 kB
Buffers:            3704 kB
Cached:          1332772 kB
SwapCached:         7700 kB
Active:          3407636 kB
Inactive:         773792 kB
Active(anon):    2702672 kB
Inactive(anon):   163856 kB
Active(file):     704964 kB
Inactive(file):   609936 kB
Unevictable:        6368 kB
Mlocked:            5928 kB
SwapTotal:       4718584 kB
SwapFree:        3463788 kB
Dirty:               776 kB
Writeback:             0 kB
AnonPages:       2846764 kB
Mapped:           638692 kB
Shmem:             16932 kB
KReclaimable:     583136 kB
Slab:             322288 kB
SReclaimable:      93316 kB
SUnreclaim:       228972 kB
KernelStack:       46720 kB
ShadowCallStack:   11692 kB
PageTables:        74272 kB
NFS_Unstable:          0 kB
Bounce:                0 kB
WritebackTmp:          0 kB
CommitLimit:     8677876 kB
Committed_AS:   69028180 kB
VmallocTotal:   263061440 kB
VmallocUsed:      129192 kB
VmallocChunk:          0 kB
Percpu:             2592 kB
CmaTotal:         405504 kB
CmaFree:           61364 kB
MemTotal:        7918588 kB
MemFree:         1002784 kB
MemAvailable:    2427604 kB
Buffers:            3704 kB
Cached:          1332772 kB
SwapCached:         7700 kB
Active:          3468360 kB
Inactive:         773788 kB
Active(anon):    2763396 kB
Inactive(anon):   163852 kB
Active(file):     704964 kB
Inactive(file):   609936 kB
Unevictable:        6368 kB
Mlocked:            5928 kB
SwapTotal:       4718584 kB
SwapFree:        3463788 kB
Dirty:               808 kB
Writeback:             0 kB
AnonPages:       2907608 kB
Mapped:           639140 kB
Shmem:             16932 kB
KReclaimable:     582064 kB
Slab:             322496 kB
SReclaimable:      93316 kB
SUnreclaim:       229180 kB
KernelStack:       46720 kB
ShadowCallStack:   11712 kB
PageTables:        74600 kB
NFS_Unstable:          0 kB
Bounce:                0 kB
WritebackTmp:          0 kB
CommitLimit:     8677876 kB
Committed_AS:   69159252 kB
VmallocTotal:   263061440 kB
VmallocUsed:      129192 kB
VmallocChunk:          0 kB
Percpu:             2592 kB
CmaTotal:         405504 kB
CmaFree:             456 kB
MemTotal:        7918588 kB
MemFree:          953812 kB
MemAvailable:    2378152 kB
Buffers:            3704 kB
Cached:          1332772 kB
SwapCached:         7700 kB
Active:          3519256 kB
Inactive:         773792 kB
Active(anon):    2814292 kB
Inactive(anon):   163856 kB
Active(file):     704964 kB
Inactive(file):   609936 kB
Unevictable:        6368 kB
Mlocked:            5928 kB
SwapTotal:       4718584 kB
SwapFree:        3463788 kB
Dirty:               732 kB
Writeback:             0 kB
AnonPages:       2958584 kB
Mapped:           639568 kB
Shmem:             16932 kB
KReclaimable:     581584 kB
Slab:             322492 kB
SReclaimable:      93316 kB
SUnreclaim:       229176 kB
KernelStack:       46736 kB
ShadowCallStack:   11708 kB
PageTables:        74776 kB
NFS_Unstable:          0 kB
Bounce:                0 kB
WritebackTmp:          0 kB
CommitLimit:     8677876 kB
Committed_AS:   69257556 kB
VmallocTotal:   263061440 kB
VmallocUsed:      129192 kB
VmallocChunk:          0 kB
Percpu:             2592 kB
CmaTotal:         405504 kB
CmaFree:               0 kB
MemTotal:        7918588 kB
MemFree:          905556 kB
MemAvailable:    2329424 kB
Buffers:            3704 kB
Cached:          1332772 kB
SwapCached:         7700 kB
Active:          3566116 kB
Inactive:         773784 kB
Active(anon):    2861152 kB
Inactive(anon):   163848 kB
Active(file):     704964 kB
Inactive(file):   609936 kB
Unevictable:        6368 kB
Mlocked:            5928 kB
SwapTotal:       4718584 kB
SwapFree:        3463788 kB
Dirty:               732 kB
Writeback:             0 kB
AnonPages:       3005612 kB
Mapped:           639808 kB
Shmem:             16932 kB
KReclaimable:     581112 kB
Slab:             322672 kB
SReclaimable:      93316 kB
SUnreclaim:       229356 kB
KernelStack:       46768 kB
ShadowCallStack:   11704 kB
PageTables:        74964 kB
NFS_Unstable:          0 kB
Bounce:                0 kB
WritebackTmp:          0 kB
CommitLimit:     8677876 kB
Committed_AS:   69369304 kB
VmallocTotal:   263061440 kB
VmallocUsed:      129192 kB
VmallocChunk:          0 kB
Percpu:             2592 kB
CmaTotal:         405504 kB
CmaFree:               4 kB
MemTotal:        7918588 kB
MemFree:          838504 kB
MemAvailable:    2261012 kB
Buffers:            3704 kB
Cached:          1332772 kB
SwapCached:         7700 kB
Active:          3633476 kB
Inactive:         773788 kB
Active(anon):    2928512 kB
Inactive(anon):   163852 kB
Active(file):     704964 kB
Inactive(file):   609936 kB
Unevictable:        6368 kB
Mlocked:            5928 kB
SwapTotal:       4718584 kB
SwapFree:        3463788 kB
Dirty:               812 kB
Writeback:             0 kB
AnonPages:       3072676 kB
Mapped:           640584 kB
Shmem:             16932 kB
KReclaimable:     579752 kB
Slab:             322632 kB
SReclaimable:      93220 kB
SUnreclaim:       229412 kB
KernelStack:       46720 kB
ShadowCallStack:   11708 kB
PageTables:        75216 kB
NFS_Unstable:          0 kB
Bounce:                0 kB
WritebackTmp:          0 kB
CommitLimit:     8677876 kB
Committed_AS:   69533144 kB
VmallocTotal:   263061440 kB
VmallocUsed:      129188 kB
VmallocChunk:          0 kB
Percpu:             2592 kB
CmaTotal:         405504 kB
CmaFree:               0 kB
MemTotal:        7918588 kB
MemFree:          809968 kB
MemAvailable:    2232324 kB
Buffers:            3728 kB
Cached:          1332796 kB
SwapCached:         7700 kB
Active:          3661828 kB
Inactive:         773824 kB
Active(anon):    2956864 kB
Inactive(anon):   163848 kB
Active(file):     704964 kB
Inactive(file):   609976 kB
Unevictable:        6368 kB
Mlocked:            5928 kB
SwapTotal:       4718584 kB
SwapFree:        3463788 kB
Dirty:               836 kB
Writeback:             0 kB
AnonPages:       3101188 kB
Mapped:           640804 kB
Shmem:             16940 kB
KReclaimable:     579560 kB
Slab:             322496 kB
SReclaimable:      93220 kB
SUnreclaim:       229276 kB
KernelStack:       46736 kB
ShadowCallStack:   11692 kB
PageTables:        75308 kB
NFS_Unstable:          0 kB
Bounce:                0 kB
WritebackTmp:          0 kB
CommitLimit:     8677876 kB
Committed_AS:   69582304 kB
VmallocTotal:   263061440 kB
VmallocUsed:      129184 kB
VmallocChunk:          0 kB
Percpu:             2592 kB
CmaTotal:         405504 kB
CmaFree:               8 kB
MemTotal:        7918588 kB
MemFree:          753016 kB
MemAvailable:    2174572 kB
Buffers:            3728 kB
Cached:          1332796 kB
SwapCached:         7700 kB
Active:          3719004 kB
Inactive:         773832 kB
Active(anon):    3014040 kB
Inactive(anon):   163856 kB
Active(file):     704964 kB
Inactive(file):   609976 kB
Unevictable:        6368 kB
Mlocked:            5928 kB
SwapTotal:       4718584 kB
SwapFree:        3463788 kB
Dirty:               848 kB
Writeback:             0 kB
AnonPages:       3158216 kB
Mapped:           641312 kB
Shmem:             16940 kB
KReclaimable:     578760 kB
Slab:             322484 kB
SReclaimable:      93220 kB
SUnreclaim:       229264 kB
KernelStack:       46720 kB
ShadowCallStack:   11704 kB
PageTables:        75664 kB
NFS_Unstable:          0 kB
Bounce:                0 kB
WritebackTmp:          0 kB
CommitLimit:     8677876 kB
Committed_AS:   69696992 kB
VmallocTotal:   263061440 kB
VmallocUsed:      129184 kB
VmallocChunk:          0 kB
Percpu:             2592 kB
CmaTotal:         405504 kB
CmaFree:               0 kB
MemTotal:        7918588 kB
MemFree:          705644 kB
MemAvailable:    2126660 kB
Buffers:            3728 kB
Cached:          1332816 kB
SwapCached:         7700 kB
Active:          3766020 kB
Inactive:         773828 kB
Active(anon):    3061040 kB
Inactive(anon):   163848 kB
Active(file):     704980 kB
Inactive(file):   609980 kB
Unevictable:        6368 kB
Mlocked:            5928 kB
SwapTotal:       4718584 kB
SwapFree:        3463788 kB
Dirty:               212 kB
Writeback:             0 kB
AnonPages:       3205080 kB
Mapped:           641572 kB
Shmem:             16940 kB
KReclaimable:     578200 kB
Slab:             322536 kB
SReclaimable:      93220 kB
SUnreclaim:       229316 kB
KernelStack:       46784 kB
ShadowCallStack:   11720 kB
PageTables:        75896 kB
NFS_Unstable:          0 kB
Bounce:                0 kB
WritebackTmp:          0 kB
CommitLimit:     8677876 kB
Committed_AS:   69811680 kB
VmallocTotal:   263061440 kB
VmallocUsed:      129212 kB
VmallocChunk:          0 kB
Percpu:             2592 kB
CmaTotal:         405504 kB
CmaFree:               0 kB
MemTotal:        7918588 kB
MemFree:          676804 kB
MemAvailable:    2097532 kB
Buffers:            3728 kB
Cached:          1332816 kB
SwapCached:         7700 kB
Active:          3794664 kB
Inactive:         773816 kB
Active(anon):    3089684 kB
Inactive(anon):   163836 kB
Active(file):     704980 kB
Inactive(file):   609980 kB
Unevictable:        6368 kB
Mlocked:            5928 kB
SwapTotal:       4718584 kB
SwapFree:        3463788 kB
Dirty:               228 kB
Writeback:             0 kB
AnonPages:       3233872 kB
Mapped:           641944 kB
Shmem:             16940 kB
KReclaimable:     577912 kB
Slab:             322452 kB
SReclaimable:      93220 kB
SUnreclaim:       229232 kB
KernelStack:       46736 kB
ShadowCallStack:   11708 kB
PageTables:        75908 kB
NFS_Unstable:          0 kB
Bounce:                0 kB
WritebackTmp:          0 kB
CommitLimit:     8677876 kB
Committed_AS:   69860832 kB
VmallocTotal:   263061440 kB
VmallocUsed:      129196 kB
VmallocChunk:          0 kB
Percpu:             2592 kB
CmaTotal:         405504 kB
CmaFree:               0 kB
MemTotal:        7918588 kB
MemFree:          603284 kB
MemAvailable:    2022484 kB
Buffers:            3728 kB
Cached:          1332816 kB
SwapCached:         7700 kB
Active:          3866828 kB
Inactive:         773808 kB
Active(anon):    3161848 kB
Inactive(anon):   163828 kB
Active(file):     704980 kB
Inactive(file):   609980 kB
Unevictable:        6368 kB
Mlocked:            5928 kB
SwapTotal:       4718584 kB
SwapFree:        3463788 kB
Dirty:               228 kB
Writeback:             0 kB
AnonPages:       3305964 kB
Mapped:           642680 kB
Shmem:             16940 kB
KReclaimable:     576384 kB
Slab:             322540 kB
SReclaimable:      93220 kB
SUnreclaim:       229320 kB
KernelStack:       46688 kB
ShadowCallStack:   11712 kB
PageTables:        76448 kB
NFS_Unstable:          0 kB
Bounce:                0 kB
WritebackTmp:          0 kB
CommitLimit:     8677876 kB
Committed_AS:   70027568 kB
VmallocTotal:   263061440 kB
VmallocUsed:      129208 kB
VmallocChunk:          0 kB
Percpu:             2592 kB
CmaTotal:         405504 kB
CmaFree:               0 kB
MemTotal:        7918588 kB
MemFree:          564204 kB
MemAvailable:    1983060 kB
Buffers:            3736 kB
Cached:          1332816 kB
SwapCached:         7700 kB
Active:          3906680 kB
Inactive:         773824 kB
Active(anon):    3201700 kB
Inactive(anon):   163836 kB
Active(file):     704980 kB
Inactive(file):   609988 kB
Unevictable:        6368 kB
Mlocked:            5928 kB
SwapTotal:       4718584 kB
SwapFree:        3463788 kB
Dirty:               324 kB
Writeback:             0 kB
AnonPages:       3345884 kB
Mapped:           642808 kB
Shmem:             16940 kB
KReclaimable:     576032 kB
Slab:             322680 kB
SReclaimable:      93220 kB
SUnreclaim:       229460 kB
KernelStack:       46736 kB
ShadowCallStack:   11712 kB
PageTables:        76500 kB
NFS_Unstable:          0 kB
Bounce:                0 kB
WritebackTmp:          0 kB
CommitLimit:     8677876 kB
Committed_AS:   70109492 kB
VmallocTotal:   263061440 kB
VmallocUsed:      129192 kB
VmallocChunk:          0 kB
Percpu:             2592 kB
CmaTotal:         405504 kB
CmaFree:               0 kB
MemTotal:        7918588 kB
MemFree:          519836 kB
MemAvailable:    1938332 kB
Buffers:            3736 kB
Cached:          1332820 kB
SwapCached:         7700 kB
Active:          3950820 kB
Inactive:         773816 kB
Active(anon):    3245840 kB
Inactive(anon):   163828 kB
Active(file):     704980 kB
Inactive(file):   609988 kB
Unevictable:        6368 kB
Mlocked:            5928 kB
SwapTotal:       4718584 kB
SwapFree:        3463788 kB
Dirty:               324 kB
Writeback:             0 kB
AnonPages:       3390128 kB
Mapped:           643236 kB
Shmem:             16944 kB
KReclaimable:     575672 kB
Slab:             322692 kB
SReclaimable:      93220 kB
SUnreclaim:       229472 kB
KernelStack:       46720 kB
ShadowCallStack:   11700 kB
PageTables:        76564 kB
NFS_Unstable:          0 kB
Bounce:                0 kB
WritebackTmp:          0 kB
CommitLimit:     8677876 kB
Committed_AS:   70224180 kB
VmallocTotal:   263061440 kB
VmallocUsed:      129168 kB
VmallocChunk:          0 kB
Percpu:             2592 kB
CmaTotal:         405504 kB
CmaFree:               0 kB
MemTotal:        7918588 kB
MemFree:          459580 kB
MemAvailable:    1877148 kB
Buffers:            3736 kB
Cached:          1332820 kB
SwapCached:         7700 kB
Active:          4010708 kB
Inactive:         773824 kB
Active(anon):    3305728 kB
Inactive(anon):   163836 kB
Active(file):     704980 kB
Inactive(file):   609988 kB
Unevictable:        6368 kB
Mlocked:            5928 kB
SwapTotal:       4718584 kB
SwapFree:        3463788 kB
Dirty:               304 kB
Writeback:             0 kB
AnonPages:       3449924 kB
Mapped:           643840 kB
Shmem:             16944 kB
KReclaimable:     574744 kB
Slab:             322676 kB
SReclaimable:      93220 kB
SUnreclaim:       229456 kB
KernelStack:       46688 kB
ShadowCallStack:   11704 kB
PageTables:        76956 kB
NFS_Unstable:          0 kB
Bounce:                0 kB
WritebackTmp:          0 kB
CommitLimit:     8677876 kB
Committed_AS:   70355200 kB
VmallocTotal:   263061440 kB
VmallocUsed:      129152 kB
VmallocChunk:          0 kB
Percpu:             2592 kB
CmaTotal:         405504 kB
CmaFree:               0 kB
MemTotal:        7918588 kB
MemFree:          419260 kB
MemAvailable:    1836468 kB
Buffers:            3736 kB
Cached:          1332820 kB
SwapCached:         7700 kB
Active:          4051240 kB
Inactive:         773812 kB
Active(anon):    3346260 kB
Inactive(anon):   163824 kB
Active(file):     704980 kB
Inactive(file):   609988 kB
Unevictable:        6368 kB
Mlocked:            5928 kB
SwapTotal:       4718584 kB
SwapFree:        3463788 kB
Dirty:               304 kB
Writeback:             0 kB
AnonPages:       3490324 kB
Mapped:           644136 kB
Shmem:             16944 kB
KReclaimable:     574384 kB
Slab:             322820 kB
SReclaimable:      93236 kB
SUnreclaim:       229584 kB
KernelStack:       46672 kB
ShadowCallStack:   11688 kB
PageTables:        76964 kB
NFS_Unstable:          0 kB
Bounce:                0 kB
WritebackTmp:          0 kB
CommitLimit:     8677876 kB
Committed_AS:   70437016 kB
VmallocTotal:   263061440 kB
VmallocUsed:      129096 kB
VmallocChunk:          0 kB
Percpu:             2592 kB
CmaTotal:         405504 kB
CmaFree:               0 kB
MemTotal:        7918588 kB
MemFree:          353464 kB
MemAvailable:    1769768 kB
Buffers:            3736 kB
Cached:          1332820 kB
SwapCached:         7700 kB
Active:          4115796 kB
Inactive:         773824 kB
Active(anon):    3410816 kB
Inactive(anon):   163836 kB
Active(file):     704980 kB
Inactive(file):   609988 kB
Unevictable:        6368 kB
Mlocked:            5928 kB
SwapTotal:       4718584 kB
SwapFree:        3463788 kB
Dirty:               304 kB
Writeback:             0 kB
AnonPages:       3555176 kB
Mapped:           644572 kB
Shmem:             16944 kB
KReclaimable:     573480 kB
Slab:             322716 kB
SReclaimable:      93236 kB
SUnreclaim:       229480 kB
KernelStack:       46672 kB
ShadowCallStack:   11700 kB
PageTables:        77416 kB
NFS_Unstable:          0 kB
Bounce:                0 kB
WritebackTmp:          0 kB
CommitLimit:     8677876 kB
Committed_AS:   70584476 kB
VmallocTotal:   263061440 kB
VmallocUsed:      129112 kB
VmallocChunk:          0 kB
Percpu:             2592 kB
CmaTotal:         405504 kB
CmaFree:               0 kB
MemTotal:        7918588 kB
MemFree:          318024 kB
MemAvailable:    1733952 kB
Buffers:            3744 kB
Cached:          1332824 kB
SwapCached:         7700 kB
Active:          4151580 kB
Inactive:         773836 kB
Active(anon):    3446600 kB
Inactive(anon):   163840 kB
Active(file):     704980 kB
Inactive(file):   609996 kB
Unevictable:        6368 kB
Mlocked:            5928 kB
SwapTotal:       4718584 kB
SwapFree:        3463788 kB
Dirty:               336 kB
Writeback:             0 kB
AnonPages:       3590680 kB
Mapped:           644816 kB
Shmem:             16948 kB
KReclaimable:     573096 kB
Slab:             322772 kB
SReclaimable:      93236 kB
SUnreclaim:       229536 kB
KernelStack:       46704 kB
ShadowCallStack:   11692 kB
PageTables:        77592 kB
NFS_Unstable:          0 kB
Bounce:                0 kB
WritebackTmp:          0 kB
CommitLimit:     8677876 kB
Committed_AS:   70666396 kB
VmallocTotal:   263061440 kB
VmallocUsed:      129112 kB
VmallocChunk:          0 kB
Percpu:             2592 kB
CmaTotal:         405504 kB
CmaFree:               0 kB
MemTotal:        7918588 kB
MemFree:          232580 kB
MemAvailable:    1526484 kB
Buffers:            3752 kB
Cached:          1332816 kB
SwapCached:         7700 kB
Active:          4236844 kB
Inactive:         773824 kB
Active(anon):    3531864 kB
Inactive(anon):   163828 kB
Active(file):     704980 kB
Inactive(file):   609996 kB
Unevictable:        6368 kB
Mlocked:            5928 kB
SwapTotal:       4718584 kB
SwapFree:        3463788 kB
Dirty:               336 kB
Writeback:             0 kB
AnonPages:       3675892 kB
Mapped:           645708 kB
Shmem:             16948 kB
KReclaimable:     451072 kB
Slab:             322788 kB
SReclaimable:      93236 kB
SUnreclaim:       229552 kB
KernelStack:       46752 kB
ShadowCallStack:   11684 kB
PageTables:        77772 kB
NFS_Unstable:          0 kB
Bounce:                0 kB
WritebackTmp:          0 kB
CommitLimit:     8677876 kB
Committed_AS:   70781480 kB
VmallocTotal:   263061440 kB
VmallocUsed:      129276 kB
VmallocChunk:          0 kB
Percpu:             2592 kB
CmaTotal:         405504 kB
CmaFree:               0 kB
MemTotal:        7918588 kB
MemFree:          224392 kB
MemAvailable:    1714532 kB
Buffers:            3752 kB
Cached:          1332804 kB
SwapCached:         7696 kB
Active:          4289660 kB
Inactive:         733356 kB
Active(anon):    3584680 kB
Inactive(anon):   123352 kB
Active(file):     704980 kB
Inactive(file):   610004 kB
Unevictable:        6368 kB
Mlocked:            5928 kB
SwapTotal:       4718584 kB
SwapFree:        3459180 kB
Dirty:               336 kB
Writeback:             0 kB
AnonPages:       3688356 kB
Mapped:           645680 kB
Shmem:             16928 kB
KReclaimable:     565380 kB
Slab:             321244 kB
SReclaimable:      91604 kB
SUnreclaim:       229640 kB
KernelStack:       46640 kB
ShadowCallStack:   11692 kB
PageTables:        78024 kB
NFS_Unstable:          0 kB
Bounce:                0 kB
WritebackTmp:          0 kB
CommitLimit:     8677876 kB
Committed_AS:   70895720 kB
VmallocTotal:   263061440 kB
VmallocUsed:      129120 kB
VmallocChunk:          0 kB
Percpu:             2592 kB
CmaTotal:         405504 kB
CmaFree:              12 kB
MemTotal:        7918588 kB
MemFree:          192620 kB
MemAvailable:    1682368 kB
Buffers:            3752 kB
Cached:          1332804 kB
SwapCached:         7696 kB
Active:          4323048 kB
Inactive:         733356 kB
Active(anon):    3618068 kB
Inactive(anon):   123352 kB
Active(file):     704980 kB
Inactive(file):   610004 kB
Unevictable:        6368 kB
Mlocked:            5928 kB
SwapTotal:       4718584 kB
SwapFree:        3459180 kB
Dirty:               336 kB
Writeback:             0 kB
AnonPages:       3721664 kB
Mapped:           645912 kB
Shmem:             16928 kB
KReclaimable:     564988 kB
Slab:             321244 kB
SReclaimable:      91604 kB
SUnreclaim:       229640 kB
KernelStack:       46608 kB
ShadowCallStack:   11676 kB
PageTables:        78220 kB
NFS_Unstable:          0 kB
Bounce:                0 kB
WritebackTmp:          0 kB
CommitLimit:     8677876 kB
Committed_AS:   70977536 kB
VmallocTotal:   263061440 kB
VmallocUsed:      129040 kB
VmallocChunk:          0 kB
Percpu:             2592 kB
CmaTotal:         405504 kB
CmaFree:              12 kB
MemTotal:        7918588 kB
MemFree:          157160 kB
MemAvailable:    1639620 kB
Buffers:            3752 kB
Cached:          1332772 kB
SwapCached:         7696 kB
Active:          4393120 kB
Inactive:         704300 kB
Active(anon):    3688140 kB
Inactive(anon):    94296 kB
Active(file):     704980 kB
Inactive(file):   610004 kB
Unevictable:        6368 kB
Mlocked:            5928 kB
SwapTotal:       4718584 kB
SwapFree:        3452012 kB
Dirty:               336 kB
Writeback:             0 kB
AnonPages:       3762908 kB
Mapped:           646284 kB
Shmem:             16896 kB
KReclaimable:     557700 kB
Slab:             321280 kB
SReclaimable:      91604 kB
SUnreclaim:       229676 kB
KernelStack:       46608 kB
ShadowCallStack:   11680 kB
PageTables:        78384 kB
NFS_Unstable:          0 kB
Bounce:                0 kB
WritebackTmp:          0 kB
CommitLimit:     8677876 kB
Committed_AS:   71075844 kB
VmallocTotal:   263061440 kB
VmallocUsed:      129048 kB
VmallocChunk:          0 kB
Percpu:             2592 kB
CmaTotal:         405504 kB
CmaFree:               0 kB
MemTotal:        7918588 kB
MemFree:          154668 kB
MemAvailable:    1603092 kB
Buffers:            2828 kB
Cached:          1313700 kB
SwapCached:         7676 kB
Active:          4463024 kB
Inactive:         659368 kB
Active(anon):    3756900 kB
Inactive(anon):    70344 kB
Active(file):     706124 kB
Inactive(file):   589024 kB
Unevictable:        6368 kB
Mlocked:            5928 kB
SwapTotal:       4718584 kB
SwapFree:        3442284 kB
Dirty:               372 kB
Writeback:             0 kB
AnonPages:       3807672 kB
Mapped:           645700 kB
Shmem:             16736 kB
KReclaimable:     543500 kB
Slab:             321264 kB
SReclaimable:      91492 kB
SUnreclaim:       229772 kB
KernelStack:       46640 kB
ShadowCallStack:   11688 kB
PageTables:        78700 kB
NFS_Unstable:          0 kB
Bounce:                0 kB
WritebackTmp:          0 kB
CommitLimit:     8677876 kB
Committed_AS:   71190532 kB
VmallocTotal:   263061440 kB
VmallocUsed:      129056 kB
VmallocChunk:          0 kB
Percpu:             2592 kB
CmaTotal:         405504 kB
CmaFree:               0 kB
MemTotal:        7918588 kB
MemFree:          154704 kB
MemAvailable:    1570308 kB
Buffers:            2828 kB
Cached:          1285688 kB
SwapCached:         7676 kB
Active:          4494852 kB
Inactive:         631172 kB
Active(anon):    3788612 kB
Inactive(anon):    70364 kB
Active(file):     706240 kB
Inactive(file):   560808 kB
Unevictable:        6368 kB
Mlocked:            5928 kB
SwapTotal:       4718584 kB
SwapFree:        3442284 kB
Dirty:               372 kB
Writeback:             0 kB
AnonPages:       3839464 kB
Mapped:           645848 kB
Shmem:             16824 kB
KReclaimable:     538780 kB
Slab:             321076 kB
SReclaimable:      91308 kB
SUnreclaim:       229768 kB
KernelStack:       46608 kB
ShadowCallStack:   11676 kB
PageTables:        78768 kB
NFS_Unstable:          0 kB
Bounce:                0 kB
WritebackTmp:          0 kB
CommitLimit:     8677876 kB
Committed_AS:   71256068 kB
VmallocTotal:   263061440 kB
VmallocUsed:      129048 kB
VmallocChunk:          0 kB
Percpu:             2592 kB
CmaTotal:         405504 kB
CmaFree:               0 kB
MemTotal:        7918588 kB
MemFree:          154752 kB
MemAvailable:    1511852 kB
Buffers:            2828 kB
Cached:          1235768 kB
SwapCached:         7676 kB
Active:          4552740 kB
Inactive:         581248 kB
Active(anon):    3846500 kB
Inactive(anon):    70360 kB
Active(file):     706240 kB
Inactive(file):   510888 kB
Unevictable:        6368 kB
Mlocked:            5928 kB
SwapTotal:       4718584 kB
SwapFree:        3442284 kB
Dirty:               372 kB
Writeback:             0 kB
AnonPages:       3897388 kB
Mapped:           646588 kB
Shmem:             16824 kB
KReclaimable:     530196 kB
Slab:             320648 kB
SReclaimable:      90812 kB
SUnreclaim:       229836 kB
KernelStack:       46624 kB
ShadowCallStack:   11680 kB
PageTables:        79336 kB
NFS_Unstable:          0 kB
Bounce:                0 kB
WritebackTmp:          0 kB
CommitLimit:     8677876 kB
Committed_AS:   71403524 kB
VmallocTotal:   263061440 kB
VmallocUsed:      129048 kB
VmallocChunk:          0 kB
Percpu:             2592 kB
CmaTotal:         405504 kB
CmaFree:               0 kB
MemTotal:        7918588 kB
MemFree:          157004 kB
MemAvailable:    1475952 kB
Buffers:            2828 kB
Cached:          1203904 kB
SwapCached:         7676 kB
Active:          4588480 kB
Inactive:         549392 kB
Active(anon):    3882240 kB
Inactive(anon):    70364 kB
Active(file):     706240 kB
Inactive(file):   479028 kB
Unevictable:        6368 kB
Mlocked:            5928 kB
SwapTotal:       4718584 kB
SwapFree:        3442284 kB
Dirty:               372 kB
Writeback:             0 kB
AnonPages:       3933120 kB
Mapped:           646788 kB
Shmem:             16824 kB
KReclaimable:     523904 kB
Slab:             319744 kB
SReclaimable:      90064 kB
SUnreclaim:       229680 kB
KernelStack:       46560 kB
ShadowCallStack:   11660 kB
PageTables:        79012 kB
NFS_Unstable:          0 kB
Bounce:                0 kB
WritebackTmp:          0 kB
CommitLimit:     8677876 kB
Committed_AS:   71468956 kB
VmallocTotal:   263061440 kB
VmallocUsed:      129024 kB
VmallocChunk:          0 kB
Percpu:             2592 kB
CmaTotal:         405504 kB
CmaFree:               0 kB
MemTotal:        7918588 kB
MemFree:          153408 kB
MemAvailable:    1425152 kB
Buffers:            2828 kB
Cached:          1164096 kB
SwapCached:         7676 kB
Active:          4637476 kB
Inactive:         509576 kB
Active(anon):    3931228 kB
Inactive(anon):    70368 kB
Active(file):     706248 kB
Inactive(file):   439208 kB
Unevictable:        6368 kB
Mlocked:            5928 kB
SwapTotal:       4718584 kB
SwapFree:        3442284 kB
Dirty:               372 kB
Writeback:             0 kB
AnonPages:       3981896 kB
Mapped:           647176 kB
Shmem:             16824 kB
KReclaimable:     516512 kB
Slab:             318604 kB
SReclaimable:      88832 kB
SUnreclaim:       229772 kB
KernelStack:       46512 kB
ShadowCallStack:   11648 kB
PageTables:        79376 kB
NFS_Unstable:          0 kB
Bounce:                0 kB
WritebackTmp:          0 kB
CommitLimit:     8677876 kB
Committed_AS:   71584032 kB
VmallocTotal:   263061440 kB
VmallocUsed:      128912 kB
VmallocChunk:          0 kB
Percpu:             2592 kB
CmaTotal:         405504 kB
CmaFree:              12 kB
MemTotal:        7918588 kB
MemFree:          153520 kB
MemAvailable:    1369944 kB
Buffers:            2808 kB
Cached:          1122576 kB
SwapCached:         7676 kB
Active:          4737872 kB
Inactive:         422552 kB
Active(anon):    3986088 kB
Inactive(anon):    70356 kB
Active(file):     751784 kB
Inactive(file):   352196 kB
Unevictable:        6368 kB
Mlocked:            5928 kB
SwapTotal:       4718584 kB
SwapFree:        3442540 kB
Dirty:               376 kB
Writeback:             0 kB
AnonPages:       4036872 kB
Mapped:           635320 kB
Shmem:             16824 kB
KReclaimable:     502668 kB
Slab:             318328 kB
SReclaimable:      88524 kB
SUnreclaim:       229804 kB
KernelStack:       46464 kB
ShadowCallStack:   11644 kB
PageTables:        79632 kB
NFS_Unstable:          0 kB
Bounce:                0 kB
WritebackTmp:          0 kB
CommitLimit:     8677876 kB
Committed_AS:   71715000 kB
VmallocTotal:   263061440 kB
VmallocUsed:      128848 kB
VmallocChunk:          0 kB
Percpu:             2592 kB
CmaTotal:         405504 kB
CmaFree:               0 kB
MemTotal:        7918588 kB
MemFree:          155100 kB
MemAvailable:    1339636 kB
Buffers:            2808 kB
Cached:          1095872 kB
SwapCached:         7676 kB
Active:          4774764 kB
Inactive:         389132 kB
Active(anon):    4016316 kB
Inactive(anon):    70368 kB
Active(file):     758448 kB
Inactive(file):   318764 kB
Unevictable:        6368 kB
Mlocked:            5928 kB
SwapTotal:       4718584 kB
SwapFree:        3442540 kB
Dirty:               428 kB
Writeback:             0 kB
AnonPages:       4067100 kB
Mapped:           624772 kB
Shmem:             16824 kB
KReclaimable:     497548 kB
Slab:             317808 kB
SReclaimable:      88020 kB
SUnreclaim:       229788 kB
KernelStack:       46496 kB
ShadowCallStack:   11648 kB
PageTables:        79768 kB
NFS_Unstable:          0 kB
Bounce:                0 kB
WritebackTmp:          0 kB
CommitLimit:     8677876 kB
Committed_AS:   71796920 kB
VmallocTotal:   263061440 kB
VmallocUsed:      128872 kB
VmallocChunk:          0 kB
Percpu:             2592 kB
CmaTotal:         405504 kB
CmaFree:               0 kB
MemTotal:        7918588 kB
MemFree:          153280 kB
MemAvailable:    1283312 kB
Buffers:            2808 kB
Cached:          1051120 kB
SwapCached:         7676 kB
Active:          4844980 kB
Inactive:         329428 kB
Active(anon):    4071844 kB
Inactive(anon):    70360 kB
Active(file):     773136 kB
Inactive(file):   259068 kB
Unevictable:        6368 kB
Mlocked:            5928 kB
SwapTotal:       4718584 kB
SwapFree:        3442540 kB
Dirty:               256 kB
Writeback:             0 kB
AnonPages:       4122848 kB
Mapped:           608460 kB
Shmem:             16824 kB
KReclaimable:     488052 kB
Slab:             317120 kB
SReclaimable:      87348 kB
SUnreclaim:       229772 kB
KernelStack:       46432 kB
ShadowCallStack:   11636 kB
PageTables:        79936 kB
NFS_Unstable:          0 kB
Bounce:                0 kB
WritebackTmp:          0 kB
CommitLimit:     8677876 kB
Committed_AS:   71911608 kB
VmallocTotal:   263061440 kB
VmallocUsed:      128868 kB
VmallocChunk:          0 kB
Percpu:             2592 kB
CmaTotal:         405504 kB
CmaFree:               0 kB
MemTotal:        7918588 kB
MemFree:          155800 kB
MemAvailable:    1226156 kB
Buffers:            2812 kB
Cached:          1000128 kB
SwapCached:         7676 kB
Active:          4900468 kB
Inactive:         278020 kB
Active(anon):    4126652 kB
Inactive(anon):    70364 kB
Active(file):     773816 kB
Inactive(file):   207656 kB
Unevictable:        6368 kB
Mlocked:            5928 kB
SwapTotal:       4718584 kB
SwapFree:        3442540 kB
Dirty:               144 kB
Writeback:             0 kB
AnonPages:       4177456 kB
Mapped:           607732 kB
Shmem:             16824 kB
KReclaimable:     479108 kB
Slab:             316032 kB
SReclaimable:      86172 kB
SUnreclaim:       229860 kB
KernelStack:       46416 kB
ShadowCallStack:   11628 kB
PageTables:        80224 kB
NFS_Unstable:          0 kB
Bounce:                0 kB
WritebackTmp:          0 kB
CommitLimit:     8677876 kB
Committed_AS:   72026088 kB
VmallocTotal:   263061440 kB
VmallocUsed:      128812 kB
VmallocChunk:          0 kB
Percpu:             2592 kB
CmaTotal:         405504 kB
CmaFree:               0 kB
MemTotal:        7918588 kB
MemFree:          153232 kB
MemAvailable:    1185300 kB
Buffers:            2812 kB
Cached:           969460 kB
SwapCached:         7676 kB
Active:          4953100 kB
Inactive:         235404 kB
Active(anon):    4167656 kB
Inactive(anon):    70364 kB
Active(file):     785444 kB
Inactive(file):   165040 kB
Unevictable:        6368 kB
Mlocked:            5928 kB
SwapTotal:       4718584 kB
SwapFree:        3442540 kB
Dirty:               144 kB
Writeback:             0 kB
AnonPages:       4218616 kB
Mapped:           606620 kB
Shmem:             16828 kB
KReclaimable:     472060 kB
Slab:             315348 kB
SReclaimable:      85532 kB
SUnreclaim:       229816 kB
KernelStack:       46336 kB
ShadowCallStack:   11616 kB
PageTables:        80264 kB
NFS_Unstable:          0 kB
Bounce:                0 kB
WritebackTmp:          0 kB
CommitLimit:     8677876 kB
Committed_AS:   72124240 kB
VmallocTotal:   263061440 kB
VmallocUsed:      128696 kB
VmallocChunk:          0 kB
Percpu:             2592 kB
CmaTotal:         405504 kB
CmaFree:               0 kB
MemTotal:        7918588 kB
MemFree:          156216 kB
MemAvailable:    1123024 kB
Buffers:            2820 kB
Cached:           912920 kB
SwapCached:         7676 kB
Active:          5014452 kB
Inactive:         179012 kB
Active(anon):    4228844 kB
Inactive(anon):    70352 kB
Active(file):     785608 kB
Inactive(file):   108660 kB
Unevictable:        6368 kB
Mlocked:            5928 kB
SwapTotal:       4718584 kB
SwapFree:        3442540 kB
Dirty:               188 kB
Writeback:             0 kB
AnonPages:       4279724 kB
Mapped:           607084 kB
Shmem:             16828 kB
KReclaimable:     462764 kB
Slab:             314024 kB
SReclaimable:      83988 kB
SUnreclaim:       230036 kB
KernelStack:       46400 kB
ShadowCallStack:   11616 kB
PageTables:        80876 kB
NFS_Unstable:          0 kB
Bounce:                0 kB
WritebackTmp:          0 kB
CommitLimit:     8677876 kB
Committed_AS:   72238932 kB
VmallocTotal:   263061440 kB
VmallocUsed:      128732 kB
VmallocChunk:          0 kB
Percpu:             2592 kB
CmaTotal:         405504 kB
CmaFree:               0 kB
MemTotal:        7918588 kB
MemFree:          152744 kB
MemAvailable:    1074548 kB
Buffers:            2828 kB
Cached:           874524 kB
SwapCached:         7676 kB
Active:          5062360 kB
Inactive:         140636 kB
Active(anon):    4276752 kB
Inactive(anon):    70364 kB
Active(file):     785608 kB
Inactive(file):    70272 kB
Unevictable:        6368 kB
Mlocked:            5928 kB
SwapTotal:       4718584 kB
SwapFree:        3442540 kB
Dirty:               192 kB
Writeback:             0 kB
AnonPages:       4327400 kB
Mapped:           607484 kB
Shmem:             16828 kB
KReclaimable:     456148 kB
Slab:             313016 kB
SReclaimable:      83004 kB
SUnreclaim:       230012 kB
KernelStack:       46352 kB
ShadowCallStack:   11620 kB
PageTables:        80872 kB
NFS_Unstable:          0 kB
Bounce:                0 kB
WritebackTmp:          0 kB
CommitLimit:     8677876 kB
Committed_AS:   72353620 kB
VmallocTotal:   263061440 kB
VmallocUsed:      128732 kB
VmallocChunk:          0 kB
Percpu:             2592 kB
CmaTotal:         405504 kB
CmaFree:               0 kB
MemTotal:        7918588 kB
MemFree:          154112 kB
MemAvailable:    1035580 kB
Buffers:            1432 kB
Cached:           842832 kB
SwapCached:         7676 kB
Active:          5117200 kB
Inactive:          91196 kB
Active(anon):    4315236 kB
Inactive(anon):    70356 kB
Active(file):     801964 kB
Inactive(file):    20840 kB
Unevictable:        6368 kB
Mlocked:            5928 kB
SwapTotal:       4718584 kB
SwapFree:        3442540 kB
Dirty:               192 kB
Writeback:             0 kB
AnonPages:       4365996 kB
Mapped:           606308 kB
Shmem:             16828 kB
KReclaimable:     448888 kB
Slab:             312356 kB
SReclaimable:      82200 kB
SUnreclaim:       230156 kB
KernelStack:       46368 kB
ShadowCallStack:   11624 kB
PageTables:        81140 kB
NFS_Unstable:          0 kB
Bounce:                0 kB
WritebackTmp:          0 kB
CommitLimit:     8677876 kB
Committed_AS:   72435536 kB
VmallocTotal:   263061440 kB
VmallocUsed:      128732 kB
VmallocChunk:          0 kB
Percpu:             2592 kB
CmaTotal:         405504 kB
CmaFree:              16 kB
MemTotal:        7918588 kB
MemFree:          153536 kB
MemAvailable:     993912 kB
Buffers:             500 kB
Cached:           827300 kB
SwapCached:         7664 kB
Active:           270092 kB
Inactive:        4954960 kB
Active(anon):     187284 kB
Inactive(anon):  4231348 kB
Active(file):      82808 kB
Inactive(file):   723612 kB
Unevictable:        6368 kB
Mlocked:            5928 kB
SwapTotal:       4718584 kB
SwapFree:        3420524 kB
Dirty:                96 kB
Writeback:             0 kB
AnonPages:       4399192 kB
Mapped:           597484 kB
Shmem:             16736 kB
KReclaimable:     424180 kB
Slab:             312140 kB
SReclaimable:      82004 kB
SUnreclaim:       230136 kB
KernelStack:       46464 kB
ShadowCallStack:   11648 kB
PageTables:        81372 kB
NFS_Unstable:          0 kB
Bounce:                0 kB
WritebackTmp:          0 kB
CommitLimit:     8677876 kB
Committed_AS:   72550228 kB
VmallocTotal:   263061440 kB
VmallocUsed:      128852 kB
VmallocChunk:          0 kB
Percpu:             2592 kB
CmaTotal:         405504 kB
CmaFree:               0 kB
MemTotal:        7918588 kB
MemFree:          159156 kB
MemAvailable:     947936 kB
Buffers:             476 kB
Cached:           795724 kB
SwapCached:         7660 kB
Active:           332372 kB
Inactive:        4905336 kB
Active(anon):     236528 kB
Inactive(anon):  4226356 kB
Active(file):      95844 kB
Inactive(file):   678980 kB
Unevictable:        6368 kB
Mlocked:            5928 kB
SwapTotal:       4718584 kB
SwapFree:        3420012 kB
Dirty:                96 kB
Writeback:             0 kB
AnonPages:       4443400 kB
Mapped:           578812 kB
Shmem:             16732 kB
KReclaimable:     404180 kB
Slab:             311940 kB
SReclaimable:      81980 kB
SUnreclaim:       229960 kB
KernelStack:       46448 kB
ShadowCallStack:   11636 kB
PageTables:        81460 kB
NFS_Unstable:          0 kB
Bounce:                0 kB
WritebackTmp:          0 kB
CommitLimit:     8677876 kB
Committed_AS:   72648428 kB
VmallocTotal:   263061440 kB
VmallocUsed:      128808 kB
VmallocChunk:          0 kB
Percpu:             2592 kB
CmaTotal:         405504 kB
CmaFree:               0 kB
MemTotal:        7918588 kB
MemFree:          163684 kB
MemAvailable:     897560 kB
Buffers:             476 kB
Cached:           760144 kB
SwapCached:         7660 kB
Active:           392584 kB
Inactive:        4859440 kB
Active(anon):     286472 kB
Inactive(anon):  4226336 kB
Active(file):     106112 kB
Inactive(file):   633104 kB
Unevictable:        6368 kB
Mlocked:            5928 kB
SwapTotal:       4718584 kB
SwapFree:        3420012 kB
Dirty:               116 kB
Writeback:             0 kB
AnonPages:       4493276 kB
Mapped:           562092 kB
Shmem:             16732 kB
KReclaimable:     384884 kB
Slab:             311980 kB
SReclaimable:      81980 kB
SUnreclaim:       230000 kB
KernelStack:       46464 kB
ShadowCallStack:   11640 kB
PageTables:        81736 kB
NFS_Unstable:          0 kB
Bounce:                0 kB
WritebackTmp:          0 kB
CommitLimit:     8677876 kB
Committed_AS:   72746732 kB
VmallocTotal:   263061440 kB
VmallocUsed:      128808 kB
VmallocChunk:          0 kB
Percpu:             2592 kB
CmaTotal:         405504 kB
CmaFree:               0 kB
MemTotal:        7918588 kB
MemFree:          155312 kB
MemAvailable:     859828 kB
Buffers:             476 kB
Cached:           739468 kB
SwapCached:         7660 kB
Active:           438512 kB
Inactive:        4831748 kB
Active(anon):     330596 kB
Inactive(anon):  4221120 kB
Active(file):     107916 kB
Inactive(file):   610628 kB
Unevictable:        6368 kB
Mlocked:            5928 kB
SwapTotal:       4718584 kB
SwapFree:        3420012 kB
Dirty:               148 kB
Writeback:             0 kB
AnonPages:       4532080 kB
Mapped:           552100 kB
Shmem:             16748 kB
KReclaimable:     376196 kB
Slab:             312012 kB
SReclaimable:      81980 kB
SUnreclaim:       230032 kB
KernelStack:       46448 kB
ShadowCallStack:   11636 kB
PageTables:        81544 kB
NFS_Unstable:          0 kB
Bounce:                0 kB
WritebackTmp:          0 kB
CommitLimit:     8677876 kB
Committed_AS:   72845052 kB
VmallocTotal:   263061440 kB
VmallocUsed:      128800 kB
VmallocChunk:          0 kB
Percpu:             2592 kB
CmaTotal:         405504 kB
CmaFree:               0 kB
MemTotal:        7918588 kB
MemFree:          156072 kB
MemAvailable:     673876 kB
Buffers:             468 kB
Cached:           662376 kB
SwapCached:         7664 kB
Active:           536292 kB
Inactive:        4724008 kB
Active(anon):     410596 kB
Inactive(anon):  4208288 kB
Active(file):     125696 kB
Inactive(file):   515720 kB
Unevictable:        6368 kB
Mlocked:            5928 kB
SwapTotal:       4718584 kB
SwapFree:        3420012 kB
Dirty:               148 kB
Writeback:             0 kB
AnonPages:       4599400 kB
Mapped:           498496 kB
Shmem:             16784 kB
KReclaimable:     266612 kB
Slab:             312044 kB
SReclaimable:      81980 kB
SUnreclaim:       230064 kB
KernelStack:       46752 kB
ShadowCallStack:   11712 kB
PageTables:        82140 kB
NFS_Unstable:          0 kB
Bounce:                0 kB
WritebackTmp:          0 kB
CommitLimit:     8677876 kB
Committed_AS:   72927424 kB
VmallocTotal:   263061440 kB
VmallocUsed:      129204 kB
VmallocChunk:          0 kB
Percpu:             2592 kB
CmaTotal:         405504 kB
CmaFree:               0 kB
MemTotal:        7918588 kB
MemFree:          153256 kB
MemAvailable:     598672 kB
Buffers:             468 kB
Cached:           609412 kB
SwapCached:         7664 kB
Active:           601764 kB
Inactive:        4668388 kB
Active(anon):     473692 kB
Inactive(anon):  4208288 kB
Active(file):     128072 kB
Inactive(file):   460100 kB
Unevictable:        6368 kB
Mlocked:            5928 kB
SwapTotal:       4718584 kB
SwapFree:        3420012 kB
Dirty:               164 kB
Writeback:             0 kB
AnonPages:       4662432 kB
Mapped:           485460 kB
Shmem:             16892 kB
KReclaimable:     247468 kB
Slab:             312120 kB
SReclaimable:      81980 kB
SUnreclaim:       230140 kB
KernelStack:       46752 kB
ShadowCallStack:   11712 kB
PageTables:        82628 kB
NFS_Unstable:          0 kB
Bounce:                0 kB
WritebackTmp:          0 kB
CommitLimit:     8677876 kB
Committed_AS:   73111740 kB
VmallocTotal:   263061440 kB
VmallocUsed:      129244 kB
VmallocChunk:          0 kB
Percpu:             2592 kB
CmaTotal:         405504 kB
CmaFree:               0 kB
MemTotal:        7918588 kB
MemFree:          160068 kB
MemAvailable:     721172 kB
Buffers:             468 kB
Cached:           597244 kB
SwapCached:         7664 kB
Active:           608632 kB
Inactive:        4654904 kB
Active(anon):     479148 kB
Inactive(anon):  4208072 kB
Active(file):     129484 kB
Inactive(file):   446832 kB
Unevictable:        6368 kB
Mlocked:            5928 kB
SwapTotal:       4718584 kB
SwapFree:        3420012 kB
Dirty:               164 kB
Writeback:             0 kB
AnonPages:       4667640 kB
Mapped:           483956 kB
Shmem:             16752 kB
KReclaimable:     375012 kB
Slab:             312092 kB
SReclaimable:      81980 kB
SUnreclaim:       230112 kB
KernelStack:       46656 kB
ShadowCallStack:   11688 kB
PageTables:        82512 kB
NFS_Unstable:          0 kB
Bounce:                0 kB
WritebackTmp:          0 kB
CommitLimit:     8677876 kB
Committed_AS:   73193264 kB
VmallocTotal:   263061440 kB
VmallocUsed:      129072 kB
VmallocChunk:          0 kB
Percpu:             2592 kB
CmaTotal:         405504 kB
CmaFree:              24 kB
MemTotal:        7918588 kB
MemFree:          154760 kB
MemAvailable:     686108 kB
Buffers:             476 kB
Cached:           570584 kB
SwapCached:         7664 kB
Active:           643608 kB
Inactive:        4627976 kB
Active(anon):     513852 kB
Inactive(anon):  4208068 kB
Active(file):     129756 kB
Inactive(file):   419908 kB
Unevictable:        6368 kB
Mlocked:            5928 kB
SwapTotal:       4718584 kB
SwapFree:        3420012 kB
Dirty:               180 kB
Writeback:             0 kB
AnonPages:       4702352 kB
Mapped:           480484 kB
Shmem:             16752 kB
KReclaimable:     371908 kB
Slab:             312232 kB
SReclaimable:      81980 kB
SUnreclaim:       230252 kB
KernelStack:       46640 kB
ShadowCallStack:   11684 kB
PageTables:        82920 kB
NFS_Unstable:          0 kB
Bounce:                0 kB
WritebackTmp:          0 kB
CommitLimit:     8677876 kB
Committed_AS:   73275184 kB
VmallocTotal:   263061440 kB
VmallocUsed:      129068 kB
VmallocChunk:          0 kB
Percpu:             2592 kB
CmaTotal:         405504 kB
CmaFree:               0 kB
MemTotal:        7918588 kB
MemFree:          156836 kB
MemAvailable:     624344 kB
Buffers:             428 kB
Cached:           512688 kB
SwapCached:         7664 kB
Active:           707048 kB
Inactive:        4567044 kB
Active(anon):     574624 kB
Inactive(anon):  4207748 kB
Active(file):     132424 kB
Inactive(file):   359296 kB
Unevictable:        6368 kB
Mlocked:            5928 kB
SwapTotal:       4718584 kB
SwapFree:        3420012 kB
Dirty:               180 kB
Writeback:             0 kB
AnonPages:       4763056 kB
Mapped:           480024 kB
Shmem:             16752 kB
KReclaimable:     366012 kB
Slab:             312164 kB
SReclaimable:      81980 kB
SUnreclaim:       230184 kB
KernelStack:       46592 kB
ShadowCallStack:   11684 kB
PageTables:        82796 kB
NFS_Unstable:          0 kB
Bounce:                0 kB
WritebackTmp:          0 kB
CommitLimit:     8677876 kB
Committed_AS:   73389824 kB
VmallocTotal:   263061440 kB
VmallocUsed:      129052 kB
VmallocChunk:          0 kB
Percpu:             2592 kB
CmaTotal:         405504 kB
CmaFree:               0 kB
MemTotal:        7918588 kB
MemFree:          153452 kB
MemAvailable:     589688 kB
Buffers:             428 kB
Cached:           483872 kB
SwapCached:         7664 kB
Active:           742700 kB
Inactive:        4536604 kB
Active(anon):     610208 kB
Inactive(anon):  4206184 kB
Active(file):     132492 kB
Inactive(file):   330420 kB
Unevictable:        6368 kB
Mlocked:            5928 kB
SwapTotal:       4718584 kB
SwapFree:        3420524 kB
Dirty:               180 kB
Writeback:             0 kB
AnonPages:       4796924 kB
Mapped:           479972 kB
Shmem:             16752 kB
KReclaimable:     363548 kB
Slab:             312136 kB
SReclaimable:      81996 kB
SUnreclaim:       230140 kB
KernelStack:       46624 kB
ShadowCallStack:   11668 kB
PageTables:        82756 kB
NFS_Unstable:          0 kB
Bounce:                0 kB
WritebackTmp:          0 kB
CommitLimit:     8677876 kB
Committed_AS:   73471740 kB
VmallocTotal:   263061440 kB
VmallocUsed:      129052 kB
VmallocChunk:          0 kB
Percpu:             2592 kB
CmaTotal:         405504 kB
CmaFree:               0 kB
MemTotal:        7918588 kB
MemFree:          156380 kB
MemAvailable:     537476 kB
Buffers:             404 kB
Cached:           433472 kB
SwapCached:         7664 kB
Active:           794072 kB
Inactive:        4485508 kB
Active(anon):     661024 kB
Inactive(anon):  4206080 kB
Active(file):     133048 kB
Inactive(file):   279428 kB
Unevictable:        6368 kB
Mlocked:            5928 kB
SwapTotal:       4718584 kB
SwapFree:        3420524 kB
Dirty:               228 kB
Writeback:             0 kB
AnonPages:       4847520 kB
Mapped:           474448 kB
Shmem:             16756 kB
KReclaimable:     358844 kB
Slab:             312108 kB
SReclaimable:      81972 kB
SUnreclaim:       230136 kB
KernelStack:       46608 kB
ShadowCallStack:   11680 kB
PageTables:        82956 kB
NFS_Unstable:          0 kB
Bounce:                0 kB
WritebackTmp:          0 kB
CommitLimit:     8677876 kB
Committed_AS:   73586436 kB
VmallocTotal:   263061440 kB
VmallocUsed:      129036 kB
VmallocChunk:          0 kB
Percpu:             2592 kB
CmaTotal:         405504 kB
CmaFree:               0 kB
MemTotal:        7918588 kB
MemFree:          154960 kB
MemAvailable:     496052 kB
Buffers:             400 kB
Cached:           397196 kB
SwapCached:         7664 kB
Active:           836960 kB
Inactive:        4447160 kB
Active(anon):     702500 kB
Inactive(anon):  4205428 kB
Active(file):     134460 kB
Inactive(file):   241732 kB
Unevictable:        6368 kB
Mlocked:            5928 kB
SwapTotal:       4718584 kB
SwapFree:        3420524 kB
Dirty:               228 kB
Writeback:             0 kB
AnonPages:       4888316 kB
Mapped:           464236 kB
Shmem:             16760 kB
KReclaimable:     355124 kB
Slab:             312212 kB
SReclaimable:      81972 kB
SUnreclaim:       230240 kB
KernelStack:       46624 kB
ShadowCallStack:   11676 kB
PageTables:        83324 kB
NFS_Unstable:          0 kB
Bounce:                0 kB
WritebackTmp:          0 kB
CommitLimit:     8677876 kB
Committed_AS:   73668304 kB
VmallocTotal:   263061440 kB
VmallocUsed:      129000 kB
VmallocChunk:          0 kB
Percpu:             2592 kB
CmaTotal:         405504 kB
CmaFree:              12 kB
MemTotal:        7918588 kB
MemFree:          155212 kB
MemAvailable:     449804 kB
Buffers:             404 kB
Cached:           354916 kB
SwapCached:         7664 kB
Active:           884032 kB
Inactive:        4403928 kB
Active(anon):     748620 kB
Inactive(anon):  4205424 kB
Active(file):     135412 kB
Inactive(file):   198504 kB
Unevictable:        6368 kB
Mlocked:            5928 kB
SwapTotal:       4718584 kB
SwapFree:        3420524 kB
Dirty:               240 kB
Writeback:             0 kB
AnonPages:       4934548 kB
Mapped:           461656 kB
Shmem:             16760 kB
KReclaimable:     350900 kB
Slab:             312176 kB
SReclaimable:      81972 kB
SUnreclaim:       230204 kB
KernelStack:       46592 kB
ShadowCallStack:   11672 kB
PageTables:        83540 kB
NFS_Unstable:          0 kB
Bounce:                0 kB
WritebackTmp:          0 kB
CommitLimit:     8677876 kB
Committed_AS:   73766556 kB
VmallocTotal:   263061440 kB
VmallocUsed:      129012 kB
VmallocChunk:          0 kB
Percpu:             2592 kB
CmaTotal:         405504 kB
CmaFree:              12 kB
MemTotal:        7918588 kB
MemFree:          156180 kB
MemAvailable:     393268 kB
Buffers:             412 kB
Cached:           302232 kB
SwapCached:         7664 kB
Active:           939728 kB
Inactive:        4350780 kB
Active(anon):     804016 kB
Inactive(anon):  4205424 kB
Active(file):     135712 kB
Inactive(file):   145356 kB
Unevictable:        6368 kB
Mlocked:            5928 kB
SwapTotal:       4718584 kB
SwapFree:        3420524 kB
Dirty:               240 kB
Writeback:             0 kB
AnonPages:       4989740 kB
Mapped:           441040 kB
Shmem:             16760 kB
KReclaimable:     346244 kB
Slab:             312132 kB
SReclaimable:      81972 kB
SUnreclaim:       230160 kB
KernelStack:       46560 kB
ShadowCallStack:   11664 kB
PageTables:        83476 kB
NFS_Unstable:          0 kB
Bounce:                0 kB
WritebackTmp:          0 kB
CommitLimit:     8677876 kB
Committed_AS:   73897632 kB
VmallocTotal:   263061440 kB
VmallocUsed:      129008 kB
VmallocChunk:          0 kB
Percpu:             2592 kB
CmaTotal:         405504 kB
CmaFree:               4 kB
MemTotal:        7918588 kB
MemFree:          156624 kB
MemAvailable:     351072 kB
Buffers:             412 kB
Cached:           264212 kB
SwapCached:         7664 kB
Active:           989420 kB
Inactive:        4304284 kB
Active(anon):     845072 kB
Inactive(anon):  4205412 kB
Active(file):     144348 kB
Inactive(file):    98872 kB
Unevictable:        6368 kB
Mlocked:            5928 kB
SwapTotal:       4718584 kB
SwapFree:        3420524 kB
Dirty:               244 kB
Writeback:             0 kB
AnonPages:       5031024 kB
Mapped:           407296 kB
Shmem:             16760 kB
KReclaimable:     341452 kB
Slab:             311748 kB
SReclaimable:      81388 kB
SUnreclaim:       230360 kB
KernelStack:       46576 kB
ShadowCallStack:   11668 kB
PageTables:        84020 kB
NFS_Unstable:          0 kB
Bounce:                0 kB
WritebackTmp:          0 kB
CommitLimit:     8677876 kB
Committed_AS:   73979496 kB
VmallocTotal:   263061440 kB
VmallocUsed:      128992 kB
VmallocChunk:          0 kB
Percpu:             2592 kB
CmaTotal:         405504 kB
CmaFree:              12 kB
MemTotal:        7918588 kB
MemFree:          153124 kB
MemAvailable:     318144 kB
Buffers:             412 kB
Cached:           221484 kB
SwapCached:         7664 kB
Active:          1060184 kB
Inactive:        4244292 kB
Active(anon):     898520 kB
Inactive(anon):  4205352 kB
Active(file):     161664 kB
Inactive(file):    38940 kB
Unevictable:        6368 kB
Mlocked:            5928 kB
SwapTotal:       4718584 kB
SwapFree:        3420524 kB
Dirty:               312 kB
Writeback:             0 kB
AnonPages:       5084804 kB
Mapped:           362624 kB
Shmem:             16760 kB
KReclaimable:     333680 kB
Slab:             309252 kB
SReclaimable:      78920 kB
SUnreclaim:       230332 kB
KernelStack:       46560 kB
ShadowCallStack:   11664 kB
PageTables:        84196 kB
NFS_Unstable:          0 kB
Bounce:                0 kB
WritebackTmp:          0 kB
CommitLimit:     8677876 kB
Committed_AS:   74077800 kB
VmallocTotal:   263061440 kB
VmallocUsed:      128992 kB
VmallocChunk:          0 kB
Percpu:             2592 kB
CmaTotal:         405504 kB
CmaFree:               0 kB
MemTotal:        7918588 kB
MemFree:          144944 kB
MemAvailable:     258968 kB
Buffers:             372 kB
Cached:           221972 kB
SwapCached:         7196 kB
Active:          1237056 kB
Inactive:        4078624 kB
Active(anon):    1035560 kB
Inactive(anon):  4078624 kB
Active(file):     201496 kB
Inactive(file):        0 kB
Unevictable:        6376 kB
Mlocked:            5936 kB
SwapTotal:       4718584 kB
SwapFree:        3390316 kB
Dirty:               364 kB
Writeback:             4 kB
AnonPages:       5095904 kB
Mapped:           352924 kB
Shmem:             16128 kB
KReclaimable:     321956 kB
Slab:             308580 kB
SReclaimable:      78724 kB
SUnreclaim:       229856 kB
KernelStack:       46048 kB
ShadowCallStack:   11548 kB
PageTables:        83052 kB
NFS_Unstable:          0 kB
Bounce:                0 kB
WritebackTmp:          0 kB
CommitLimit:     8677876 kB
Committed_AS:   71554192 kB
VmallocTotal:   263061440 kB
VmallocUsed:      128312 kB
VmallocChunk:          0 kB
Percpu:             2592 kB
CmaTotal:         405504 kB
CmaFree:               0 kB
MemTotal:        7918588 kB
MemFree:          192336 kB
MemAvailable:     393388 kB
Buffers:             380 kB
Cached:           244780 kB
SwapCached:         2536 kB
Active:          1307036 kB
Inactive:        3997204 kB
Active(anon):    1081952 kB
Inactive(anon):  3997204 kB
Active(file):     225084 kB
Inactive(file):        0 kB
Unevictable:        6376 kB
Mlocked:            5936 kB
SwapTotal:       4718584 kB
SwapFree:        3385452 kB
Dirty:               380 kB
Writeback:             0 kB
AnonPages:       5065120 kB
Mapped:           349452 kB
Shmem:             15424 kB
KReclaimable:     357472 kB
Slab:             306508 kB
SReclaimable:      78960 kB
SUnreclaim:       227548 kB
KernelStack:       43504 kB
ShadowCallStack:   10900 kB
PageTables:        77684 kB
NFS_Unstable:          0 kB
Bounce:                0 kB
WritebackTmp:          0 kB
CommitLimit:     8677876 kB
Committed_AS:   63595652 kB
VmallocTotal:   263061440 kB
VmallocUsed:      125104 kB
VmallocChunk:          0 kB
Percpu:             2592 kB
CmaTotal:         405504 kB
CmaFree:               0 kB
MemTotal:        7918588 kB
MemFree:          159896 kB
MemAvailable:     354968 kB
Buffers:             380 kB
Cached:           246388 kB
SwapCached:         2420 kB
Active:          1354048 kB
Inactive:        3987612 kB
Active(anon):    1127404 kB
Inactive(anon):  3987544 kB
Active(file):     226644 kB
Inactive(file):       68 kB
Unevictable:        6376 kB
Mlocked:            5936 kB
SwapTotal:       4718584 kB
SwapFree:        3376748 kB
Dirty:                96 kB
Writeback:             0 kB
AnonPages:       5100692 kB
Mapped:           350236 kB
Shmem:             15460 kB
KReclaimable:     350680 kB
Slab:             306432 kB
SReclaimable:      78960 kB
SUnreclaim:       227472 kB
KernelStack:       43504 kB
ShadowCallStack:   10900 kB
PageTables:        77744 kB
NFS_Unstable:          0 kB
Bounce:                0 kB
WritebackTmp:          0 kB
CommitLimit:     8677876 kB
Committed_AS:   63693956 kB
VmallocTotal:   263061440 kB
VmallocUsed:      125096 kB
VmallocChunk:          0 kB
Percpu:             2592 kB
CmaTotal:         405504 kB
CmaFree:               0 kB
MemTotal:        7918588 kB
MemFree:          164644 kB
MemAvailable:     339084 kB
Buffers:             380 kB
Cached:           256824 kB
SwapCached:         2304 kB
Active:          1428604 kB
Inactive:        3925636 kB
Active(anon):    1191564 kB
Inactive(anon):  3925600 kB
Active(file):     237040 kB
Inactive(file):       36 kB
Unevictable:        6376 kB
Mlocked:            5936 kB
SwapTotal:       4718584 kB
SwapFree:        3328108 kB
Dirty:               100 kB
Writeback:             0 kB
AnonPages:       5103288 kB
Mapped:           352764 kB
Shmem:             15420 kB
KReclaimable:     328960 kB
Slab:             306344 kB
SReclaimable:      78896 kB
SUnreclaim:       227448 kB
KernelStack:       43504 kB
ShadowCallStack:   10908 kB
PageTables:        78112 kB
NFS_Unstable:          0 kB
Bounce:                0 kB
WritebackTmp:          0 kB
CommitLimit:     8677876 kB
Committed_AS:   63792292 kB
VmallocTotal:   263061440 kB
VmallocUsed:      125096 kB
VmallocChunk:          0 kB
Percpu:             2592 kB
CmaTotal:         405504 kB
CmaFree:              24 kB
MemTotal:        7918588 kB
MemFree:          157008 kB
MemAvailable:     326920 kB
Buffers:             384 kB
Cached:           263640 kB
SwapCached:         2204 kB
Active:          1489472 kB
Inactive:        3880192 kB
Active(anon):    1245548 kB
Inactive(anon):  3880192 kB
Active(file):     243924 kB
Inactive(file):        0 kB
Unevictable:        6376 kB
Mlocked:            5936 kB
SwapTotal:       4718584 kB
SwapFree:        3300204 kB
Dirty:               180 kB
Writeback:             0 kB
AnonPages:       5111564 kB
Mapped:           356204 kB
Shmem:             15472 kB
KReclaimable:     316212 kB
Slab:             306364 kB
SReclaimable:      78900 kB
SUnreclaim:       227464 kB
KernelStack:       43472 kB
ShadowCallStack:   10896 kB
PageTables:        77916 kB
NFS_Unstable:          0 kB
Bounce:                0 kB
WritebackTmp:          0 kB
CommitLimit:     8677876 kB
Committed_AS:   63890568 kB
VmallocTotal:   263061440 kB
VmallocUsed:      125084 kB
VmallocChunk:          0 kB
Percpu:             2592 kB
CmaTotal:         405504 kB
CmaFree:               0 kB
MemTotal:        7918588 kB
MemFree:          154736 kB
MemAvailable:     300708 kB
Buffers:             384 kB
Cached:           263792 kB
SwapCached:         2076 kB
Active:          1573176 kB
Inactive:        3810284 kB
Active(anon):    1329072 kB
Inactive(anon):  3810284 kB
Active(file):     244104 kB
Inactive(file):        0 kB
Unevictable:        6376 kB
Mlocked:            5936 kB
SwapTotal:       4718584 kB
SwapFree:        3257708 kB
Dirty:               188 kB
Writeback:             0 kB
AnonPages:       5125704 kB
Mapped:           356616 kB
Shmem:             15412 kB
KReclaimable:     296980 kB
Slab:             306392 kB
SReclaimable:      78900 kB
SUnreclaim:       227492 kB
KernelStack:       43488 kB
ShadowCallStack:   10896 kB
PageTables:        78828 kB
NFS_Unstable:          0 kB
Bounce:                0 kB
WritebackTmp:          0 kB
CommitLimit:     8677876 kB
Committed_AS:   64005256 kB
VmallocTotal:   263061440 kB
VmallocUsed:      125092 kB
VmallocChunk:          0 kB
Percpu:             2592 kB
CmaTotal:         405504 kB
CmaFree:               0 kB
MemTotal:        7918588 kB
MemFree:          162736 kB
MemAvailable:     302876 kB
Buffers:             392 kB
Cached:           263808 kB
SwapCached:         2076 kB
Active:          1609124 kB
Inactive:        3770024 kB
Active(anon):    1365012 kB
Inactive(anon):  3770000 kB
Active(file):     244112 kB
Inactive(file):       24 kB
Unevictable:        6376 kB
Mlocked:            5936 kB
SwapTotal:       4718584 kB
SwapFree:        3225964 kB
Dirty:               228 kB
Writeback:             0 kB
AnonPages:       5121260 kB
Mapped:           356884 kB
Shmem:             15412 kB
KReclaimable:     286228 kB
Slab:             306232 kB
SReclaimable:      78724 kB
SUnreclaim:       227508 kB
KernelStack:       43504 kB
ShadowCallStack:   10900 kB
PageTables:        78608 kB
NFS_Unstable:          0 kB
Bounce:                0 kB
WritebackTmp:          0 kB
CommitLimit:     8677876 kB
Committed_AS:   64054408 kB
VmallocTotal:   263061440 kB
VmallocUsed:      125108 kB
VmallocChunk:          0 kB
Percpu:             2592 kB
CmaTotal:         405504 kB
CmaFree:              32 kB
MemTotal:        7918588 kB
MemFree:          161248 kB
MemAvailable:     286212 kB
Buffers:             392 kB
Cached:           265020 kB
SwapCached:         2076 kB
Active:          1665112 kB
Inactive:        3725056 kB
Active(anon):    1419692 kB
Inactive(anon):  3724952 kB
Active(file):     245420 kB
Inactive(file):      104 kB
Unevictable:        6376 kB
Mlocked:            5936 kB
SwapTotal:       4718584 kB
SwapFree:        3186540 kB
Dirty:                96 kB
Writeback:             0 kB
AnonPages:       5130956 kB
