MemTotal:        7918584 kB
MemFree:         3211280 kB
MemAvailable:    4744216 kB
Buffers:            6104 kB
Cached:          1404372 kB
SwapCached:        10216 kB
Active:          1115544 kB
Inactive:         873604 kB
Active(anon):     328548 kB
Inactive(anon):   273660 kB
Active(file):     786996 kB
Inactive(file):   599944 kB
Unevictable:        6644 kB
Mlocked:            6204 kB
SwapTotal:       4718584 kB
SwapFree:        2677680 kB
Dirty:            151536 kB
Writeback:             0 kB
AnonPages:        581112 kB
Mapped:           467356 kB
Shmem:             18628 kB
KReclaimable:     536220 kB
Slab:             319400 kB
SReclaimable:      88560 kB
SUnreclaim:       230840 kB
KernelStack:       45984 kB
ShadowCallStack:   11556 kB
PageTables:        65824 kB
NFS_Unstable:          0 kB
Bounce:                0 kB
WritebackTmp:          0 kB
CommitLimit:     8677876 kB
Committed_AS:   65064500 kB
VmallocTotal:   263061440 kB
VmallocUsed:      128300 kB
VmallocChunk:          0 kB
Percpu:             2520 kB
CmaTotal:         405504 kB
CmaFree:          303604 kB
MemTotal:        7918584 kB
MemFree:         3177256 kB
MemAvailable:    5144848 kB
Buffers:            6232 kB
Cached:          1423012 kB
SwapCached:        10508 kB
Active:          1150024 kB
Inactive:         874500 kB
Active(anon):     345296 kB
Inactive(anon):   273444 kB
Active(file):     804728 kB
Inactive(file):   601056 kB
Unevictable:        6644 kB
Mlocked:            6204 kB
SwapTotal:       4718584 kB
SwapFree:        2677700 kB
Dirty:            150416 kB
Writeback:             0 kB
AnonPages:        597392 kB
Mapped:           531304 kB
Shmem:             18564 kB
KReclaimable:     952032 kB
Slab:             319176 kB
SReclaimable:      88680 kB
SUnreclaim:       230496 kB
KernelStack:       46464 kB
ShadowCallStack:   11668 kB
PageTables:        65832 kB
NFS_Unstable:          0 kB
Bounce:                0 kB
WritebackTmp:          0 kB
CommitLimit:     8677876 kB
Committed_AS:   65177720 kB
VmallocTotal:   263061440 kB
VmallocUsed:      128812 kB
VmallocChunk:          0 kB
Percpu:             2520 kB
CmaTotal:         405504 kB
CmaFree:          303604 kB
MemTotal:        7918584 kB
MemFree:         3144632 kB
MemAvailable:    4898192 kB
Buffers:            6272 kB
Cached:          1426036 kB
SwapCached:        10576 kB
Active:          1181652 kB
Inactive:         874636 kB
Active(anon):     374480 kB
Inactive(anon):   273408 kB
Active(file):     807172 kB
Inactive(file):   601228 kB
Unevictable:        6644 kB
Mlocked:            6204 kB
SwapTotal:       4718584 kB
SwapFree:        2677964 kB
Dirty:            150636 kB
Writeback:             0 kB
AnonPages:        626016 kB
Mapped:           547100 kB
Shmem:             19000 kB
KReclaimable:     735384 kB
Slab:             319776 kB
SReclaimable:      88732 kB
SUnreclaim:       231044 kB
KernelStack:       46704 kB
ShadowCallStack:   11720 kB
PageTables:        66568 kB
NFS_Unstable:          0 kB
Bounce:                0 kB
WritebackTmp:          0 kB
CommitLimit:     8677876 kB
Committed_AS:   65234000 kB
VmallocTotal:   263061440 kB
VmallocUsed:      129140 kB
VmallocChunk:          0 kB
Percpu:             2520 kB
CmaTotal:         405504 kB
CmaFree:          303604 kB
MemTotal:        7918584 kB
MemFree:         3138976 kB
MemAvailable:    4892148 kB
Buffers:            6316 kB
Cached:          1426376 kB
SwapCached:        10576 kB
Active:          1185720 kB
Inactive:         874696 kB
Active(anon):     378232 kB
Inactive(anon):   273404 kB
Active(file):     807488 kB
Inactive(file):   601292 kB
Unevictable:        6644 kB
Mlocked:            6204 kB
SwapTotal:       4718584 kB
SwapFree:        2677976 kB
Dirty:            150736 kB
Writeback:             0 kB
AnonPages:        629720 kB
Mapped:           548776 kB
Shmem:             19004 kB
KReclaimable:     734616 kB
Slab:             319728 kB
SReclaimable:      88728 kB
SUnreclaim:       231000 kB
KernelStack:       46624 kB
ShadowCallStack:   11704 kB
PageTables:        66444 kB
NFS_Unstable:          0 kB
Bounce:                0 kB
WritebackTmp:          0 kB
CommitLimit:     8677876 kB
Committed_AS:   65233908 kB
VmallocTotal:   263061440 kB
VmallocUsed:      129108 kB
VmallocChunk:          0 kB
Percpu:             2520 kB
CmaTotal:         405504 kB
CmaFree:          303604 kB
MemTotal:        7918584 kB
MemFree:         3137544 kB
MemAvailable:    4889964 kB
Buffers:            6316 kB
Cached:          1426436 kB
SwapCached:        10664 kB
Active:          1191880 kB
Inactive:         873368 kB
Active(anon):     384392 kB
Inactive(anon):   272060 kB
Active(file):     807488 kB
Inactive(file):   601308 kB
Unevictable:        6644 kB
Mlocked:            6204 kB
SwapTotal:       4718584 kB
SwapFree:        2679024 kB
Dirty:            150752 kB
Writeback:             0 kB
AnonPages:        634508 kB
Mapped:           551080 kB
Shmem:             19048 kB
KReclaimable:     733848 kB
Slab:             319944 kB
SReclaimable:      88728 kB
SUnreclaim:       231216 kB
KernelStack:       46672 kB
ShadowCallStack:   11724 kB
PageTables:        66584 kB
NFS_Unstable:          0 kB
Bounce:                0 kB
WritebackTmp:          0 kB
CommitLimit:     8677876 kB
Committed_AS:   65233948 kB
VmallocTotal:   263061440 kB
VmallocUsed:      129160 kB
VmallocChunk:          0 kB
Percpu:             2520 kB
CmaTotal:         405504 kB
CmaFree:          305220 kB
MemTotal:        7918584 kB
MemFree:         3141592 kB
MemAvailable:    4914184 kB
Buffers:            6316 kB
Cached:          1426468 kB
SwapCached:        10664 kB
Active:          1188688 kB
Inactive:         871764 kB
Active(anon):     381200 kB
Inactive(anon):   270452 kB
Active(file):     807488 kB
Inactive(file):   601312 kB
Unevictable:        6644 kB
Mlocked:            6204 kB
SwapTotal:       4718584 kB
SwapFree:        2679028 kB
Dirty:            151012 kB
Writeback:             0 kB
AnonPages:        629644 kB
Mapped:           551788 kB
Shmem:             19076 kB
KReclaimable:     754016 kB
Slab:             319900 kB
SReclaimable:      88740 kB
SUnreclaim:       231160 kB
KernelStack:       46512 kB
ShadowCallStack:   11676 kB
PageTables:        66528 kB
NFS_Unstable:          0 kB
Bounce:                0 kB
WritebackTmp:          0 kB
CommitLimit:     8677876 kB
Committed_AS:   65233496 kB
VmallocTotal:   263061440 kB
VmallocUsed:      128656 kB
VmallocChunk:          0 kB
Percpu:             2520 kB
CmaTotal:         405504 kB
CmaFree:          305220 kB
MemTotal:        7918584 kB
MemFree:         3140616 kB
MemAvailable:    4913208 kB
Buffers:            6316 kB
Cached:          1426468 kB
SwapCached:        10664 kB
Active:          1189860 kB
Inactive:         871768 kB
Active(anon):     382372 kB
Inactive(anon):   270456 kB
Active(file):     807488 kB
Inactive(file):   601312 kB
Unevictable:        6644 kB
Mlocked:            6204 kB
SwapTotal:       4718584 kB
SwapFree:        2679032 kB
Dirty:             17784 kB
Writeback:             0 kB
AnonPages:        630844 kB
Mapped:           552212 kB
Shmem:             19076 kB
KReclaimable:     754016 kB
Slab:             319832 kB
SReclaimable:      88740 kB
SUnreclaim:       231092 kB
KernelStack:       46528 kB
ShadowCallStack:   11680 kB
PageTables:        66588 kB
NFS_Unstable:          0 kB
Bounce:                0 kB
WritebackTmp:          0 kB
CommitLimit:     8677876 kB
Committed_AS:   65233492 kB
VmallocTotal:   263061440 kB
VmallocUsed:      128680 kB
VmallocChunk:          0 kB
Percpu:             2520 kB
CmaTotal:         405504 kB
CmaFree:          305220 kB
MemTotal:        7918584 kB
MemFree:         3109824 kB
MemAvailable:    4882452 kB
Buffers:            6324 kB
Cached:          1426484 kB
SwapCached:        10664 kB
Active:          1221544 kB
Inactive:         871784 kB
Active(anon):     414056 kB
Inactive(anon):   270452 kB
Active(file):     807488 kB
Inactive(file):   601332 kB
Unevictable:        6644 kB
Mlocked:            6204 kB
SwapTotal:       4718584 kB
SwapFree:        2679036 kB
Dirty:             17868 kB
Writeback:             0 kB
AnonPages:        662568 kB
Mapped:           553432 kB
Shmem:             19080 kB
KReclaimable:     754032 kB
Slab:             319760 kB
SReclaimable:      88756 kB
SUnreclaim:       231004 kB
KernelStack:       46560 kB
ShadowCallStack:   11680 kB
PageTables:        66724 kB
NFS_Unstable:          0 kB
Bounce:                0 kB
WritebackTmp:          0 kB
CommitLimit:     8677876 kB
Committed_AS:   65256744 kB
VmallocTotal:   263061440 kB
VmallocUsed:      128656 kB
VmallocChunk:          0 kB
Percpu:             2520 kB
CmaTotal:         405504 kB
CmaFree:          305220 kB
MemTotal:        7918584 kB
MemFree:         2914468 kB
MemAvailable:    4619800 kB
Buffers:            6340 kB
Cached:          1426860 kB
SwapCached:        10672 kB
Active:          1415268 kB
Inactive:         871832 kB
Active(anon):     607456 kB
Inactive(anon):   270452 kB
Active(file):     807812 kB
Inactive(file):   601380 kB
Unevictable:        6644 kB
Mlocked:            6204 kB
SwapTotal:       4718584 kB
SwapFree:        2679036 kB
Dirty:             17884 kB
Writeback:             0 kB
AnonPages:        855932 kB
Mapped:           637660 kB
Shmem:             19092 kB
KReclaimable:     686364 kB
Slab:             319976 kB
SReclaimable:      88772 kB
SUnreclaim:       231204 kB
KernelStack:       46528 kB
ShadowCallStack:   11688 kB
PageTables:        67372 kB
NFS_Unstable:          0 kB
Bounce:                0 kB
WritebackTmp:          0 kB
CommitLimit:     8677876 kB
Committed_AS:   65615572 kB
VmallocTotal:   263061440 kB
VmallocUsed:      128700 kB
VmallocChunk:          0 kB
Percpu:             2520 kB
CmaTotal:         405504 kB
CmaFree:          305220 kB
MemTotal:        7918584 kB
MemFree:         2885416 kB
MemAvailable:    4575260 kB
Buffers:            6368 kB
Cached:          1441156 kB
SwapCached:        10680 kB
Active:          1444712 kB
Inactive:         871876 kB
Active(anon):     622764 kB
Inactive(anon):   270432 kB
Active(file):     821948 kB
Inactive(file):   601444 kB
Unevictable:        6644 kB
Mlocked:            6204 kB
SwapTotal:       4718584 kB
SwapFree:        2679036 kB
Dirty:             17912 kB
Writeback:             0 kB
AnonPages:        871148 kB
Mapped:           649692 kB
Shmem:             19092 kB
KReclaimable:     656676 kB
Slab:             320112 kB
SReclaimable:      88788 kB
SUnreclaim:       231324 kB
KernelStack:       46512 kB
ShadowCallStack:   11684 kB
PageTables:        67256 kB
NFS_Unstable:          0 kB
Bounce:                0 kB
WritebackTmp:          0 kB
CommitLimit:     8677876 kB
Committed_AS:   65643664 kB
VmallocTotal:   263061440 kB
VmallocUsed:      128700 kB
VmallocChunk:          0 kB
Percpu:             2520 kB
CmaTotal:         405504 kB
CmaFree:          305220 kB
MemTotal:        7918584 kB
MemFree:         2716364 kB
MemAvailable:    4270220 kB
Buffers:            6368 kB
Cached:          1445472 kB
SwapCached:        10692 kB
Active:          1613836 kB
Inactive:         871928 kB
Active(anon):     787564 kB
Inactive(anon):   270408 kB
Active(file):     826272 kB
Inactive(file):   601520 kB
Unevictable:        6644 kB
Mlocked:            6204 kB
SwapTotal:       4718584 kB
SwapFree:        2679040 kB
Dirty:             17912 kB
Writeback:             0 kB
AnonPages:       1036024 kB
Mapped:           676208 kB
Shmem:             19140 kB
KReclaimable:     516288 kB
Slab:             320308 kB
SReclaimable:      88804 kB
SUnreclaim:       231504 kB
KernelStack:       46672 kB
ShadowCallStack:   11716 kB
PageTables:        67964 kB
NFS_Unstable:          0 kB
Bounce:                0 kB
WritebackTmp:          0 kB
CommitLimit:     8677876 kB
Committed_AS:   65887412 kB
VmallocTotal:   263061440 kB
VmallocUsed:      128888 kB
VmallocChunk:          0 kB
Percpu:             2520 kB
CmaTotal:         405504 kB
CmaFree:          305220 kB
MemTotal:        7918584 kB
MemFree:         2609932 kB
MemAvailable:    4161940 kB
Buffers:            6368 kB
Cached:          1445568 kB
SwapCached:        10692 kB
Active:          1718420 kB
Inactive:         871568 kB
Active(anon):     892148 kB
Inactive(anon):   270048 kB
Active(file):     826272 kB
Inactive(file):   601520 kB
Unevictable:        6644 kB
Mlocked:            6204 kB
SwapTotal:       4718584 kB
SwapFree:        2679044 kB
Dirty:             17912 kB
Writeback:             0 kB
AnonPages:       1140048 kB
Mapped:           677168 kB
Shmem:             19236 kB
KReclaimable:     514440 kB
Slab:             320380 kB
SReclaimable:      88804 kB
SUnreclaim:       231576 kB
KernelStack:       46640 kB
ShadowCallStack:   11708 kB
PageTables:        68288 kB
NFS_Unstable:          0 kB
Bounce:                0 kB
WritebackTmp:          0 kB
CommitLimit:     8677876 kB
Committed_AS:   66149556 kB
VmallocTotal:   263061440 kB
VmallocUsed:      128908 kB
VmallocChunk:          0 kB
Percpu:             2520 kB
CmaTotal:         405504 kB
CmaFree:          305220 kB
MemTotal:        7918584 kB
MemFree:         2542340 kB
MemAvailable:    4205636 kB
Buffers:            6368 kB
Cached:          1445440 kB
SwapCached:        10692 kB
Active:          1785664 kB
Inactive:         871452 kB
Active(anon):     959392 kB
Inactive(anon):   269920 kB
Active(file):     826272 kB
Inactive(file):   601532 kB
Unevictable:        6644 kB
Mlocked:            6204 kB
SwapTotal:       4718584 kB
SwapFree:        2679044 kB
Dirty:             17924 kB
Writeback:             0 kB
AnonPages:       1207316 kB
Mapped:           677540 kB
Shmem:             19096 kB
KReclaimable:     625716 kB
Slab:             320488 kB
SReclaimable:      88788 kB
SUnreclaim:       231700 kB
KernelStack:       46560 kB
ShadowCallStack:   11688 kB
PageTables:        68976 kB
NFS_Unstable:          0 kB
Bounce:                0 kB
WritebackTmp:          0 kB
CommitLimit:     8677876 kB
Committed_AS:   66394928 kB
VmallocTotal:   263061440 kB
VmallocUsed:      128724 kB
VmallocChunk:          0 kB
Percpu:             2520 kB
CmaTotal:         405504 kB
CmaFree:          305220 kB
MemTotal:        7918584 kB
MemFree:         2437664 kB
MemAvailable:    4099904 kB
Buffers:            6392 kB
Cached:          1445440 kB
SwapCached:        10692 kB
Active:          1889636 kB
Inactive:         871476 kB
Active(anon):    1063364 kB
Inactive(anon):   269920 kB
Active(file):     826272 kB
Inactive(file):   601556 kB
Unevictable:        6644 kB
Mlocked:            6204 kB
SwapTotal:       4718584 kB
SwapFree:        2679044 kB
Dirty:             17924 kB
Writeback:             0 kB
AnonPages:       1311320 kB
Mapped:           678620 kB
Shmem:             19096 kB
KReclaimable:     624636 kB
Slab:             320448 kB
SReclaimable:      88788 kB
SUnreclaim:       231660 kB
KernelStack:       46560 kB
ShadowCallStack:   11696 kB
PageTables:        69472 kB
NFS_Unstable:          0 kB
Bounce:                0 kB
WritebackTmp:          0 kB
CommitLimit:     8677876 kB
Committed_AS:   66657068 kB
VmallocTotal:   263061440 kB
VmallocUsed:      128740 kB
VmallocChunk:          0 kB
Percpu:             2520 kB
CmaTotal:         405504 kB
CmaFree:          305220 kB
MemTotal:        7918584 kB
MemFree:         2364212 kB
MemAvailable:    4025496 kB
Buffers:            6404 kB
Cached:          1445464 kB
SwapCached:        10692 kB
Active:          1970496 kB
Inactive:         864388 kB
Active(anon):    1144224 kB
Inactive(anon):   262796 kB
Active(file):     826272 kB
Inactive(file):   601592 kB
Unevictable:        6644 kB
Mlocked:            6204 kB
SwapTotal:       4718584 kB
SwapFree:        2679076 kB
Dirty:             17948 kB
Writeback:             0 kB
AnonPages:       1385060 kB
Mapped:           676748 kB
Shmem:             19096 kB
KReclaimable:     623644 kB
Slab:             320384 kB
SReclaimable:      88788 kB
SUnreclaim:       231596 kB
KernelStack:       46528 kB
ShadowCallStack:   11684 kB
PageTables:        69884 kB
NFS_Unstable:          0 kB
Bounce:                0 kB
WritebackTmp:          0 kB
CommitLimit:     8677876 kB
Committed_AS:   66870016 kB
VmallocTotal:   263061440 kB
VmallocUsed:      128716 kB
VmallocChunk:          0 kB
Percpu:             2520 kB
CmaTotal:         405504 kB
CmaFree:          305220 kB
MemTotal:        7918584 kB
MemFree:         2262424 kB
MemAvailable:    3922124 kB
Buffers:            6404 kB
Cached:          1445464 kB
SwapCached:        10692 kB
Active:          2072016 kB
Inactive:         864388 kB
Active(anon):    1245744 kB
Inactive(anon):   262796 kB
Active(file):     826272 kB
Inactive(file):   601592 kB
Unevictable:        6644 kB
Mlocked:            6204 kB
SwapTotal:       4718584 kB
SwapFree:        2679076 kB
Dirty:             17948 kB
Writeback:             0 kB
AnonPages:       1486516 kB
Mapped:           677756 kB
Shmem:             19096 kB
KReclaimable:     622060 kB
Slab:             320604 kB
SReclaimable:      88788 kB
SUnreclaim:       231816 kB
KernelStack:       46544 kB
ShadowCallStack:   11684 kB
PageTables:        70308 kB
NFS_Unstable:          0 kB
Bounce:                0 kB
WritebackTmp:          0 kB
CommitLimit:     8677876 kB
Committed_AS:   67099392 kB
VmallocTotal:   263061440 kB
VmallocUsed:      128712 kB
VmallocChunk:          0 kB
Percpu:             2520 kB
CmaTotal:         405504 kB
CmaFree:          305220 kB
MemTotal:        7918584 kB
MemFree:         2162096 kB
MemAvailable:    3820652 kB
Buffers:            6404 kB
Cached:          1445464 kB
SwapCached:        10692 kB
Active:          2171232 kB
Inactive:         864388 kB
Active(anon):    1344960 kB
Inactive(anon):   262796 kB
Active(file):     826272 kB
Inactive(file):   601592 kB
Unevictable:        6644 kB
Mlocked:            6204 kB
SwapTotal:       4718584 kB
SwapFree:        2679076 kB
Dirty:             17948 kB
Writeback:             0 kB
AnonPages:       1585844 kB
Mapped:           678544 kB
Shmem:             19096 kB
KReclaimable:     620916 kB
Slab:             320560 kB
SReclaimable:      88788 kB
SUnreclaim:       231772 kB
KernelStack:       46544 kB
ShadowCallStack:   11672 kB
PageTables:        70900 kB
NFS_Unstable:          0 kB
Bounce:                0 kB
WritebackTmp:          0 kB
CommitLimit:     8677876 kB
Committed_AS:   67345152 kB
VmallocTotal:   263061440 kB
VmallocUsed:      128712 kB
VmallocChunk:          0 kB
Percpu:             2520 kB
CmaTotal:         405504 kB
CmaFree:          305220 kB
MemTotal:        7918584 kB
MemFree:         2070572 kB
MemAvailable:    3728092 kB
Buffers:            6404 kB
Cached:          1445516 kB
SwapCached:        10696 kB
Active:          2261484 kB
Inactive:         864396 kB
Active(anon):    1435172 kB
Inactive(anon):   262792 kB
Active(file):     826312 kB
Inactive(file):   601604 kB
Unevictable:        6644 kB
Mlocked:            6204 kB
SwapTotal:       4718584 kB
SwapFree:        2679776 kB
Dirty:             17960 kB
Writeback:             0 kB
AnonPages:       1676008 kB
Mapped:           679632 kB
Shmem:             19096 kB
KReclaimable:     619828 kB
Slab:             320600 kB
SReclaimable:      88788 kB
SUnreclaim:       231812 kB
KernelStack:       46512 kB
ShadowCallStack:   11672 kB
PageTables:        71308 kB
NFS_Unstable:          0 kB
Bounce:                0 kB
WritebackTmp:          0 kB
CommitLimit:     8677876 kB
Committed_AS:   67574424 kB
VmallocTotal:   263061440 kB
VmallocUsed:      128676 kB
VmallocChunk:          0 kB
Percpu:             2520 kB
CmaTotal:         405504 kB
CmaFree:          305220 kB
MemTotal:        7918584 kB
MemFree:         1973560 kB
MemAvailable:    3629808 kB
Buffers:            6572 kB
Cached:          1446008 kB
SwapCached:        10732 kB
Active:          2358612 kB
Inactive:         864584 kB
Active(anon):    1531836 kB
Inactive(anon):   262784 kB
Active(file):     826776 kB
Inactive(file):   601800 kB
Unevictable:        6644 kB
Mlocked:            6204 kB
SwapTotal:       4718584 kB
SwapFree:        2679916 kB
Dirty:             17960 kB
Writeback:             0 kB
AnonPages:       1772756 kB
Mapped:           681996 kB
Shmem:             19096 kB
KReclaimable:     617896 kB
Slab:             320628 kB
SReclaimable:      88792 kB
SUnreclaim:       231836 kB
KernelStack:       46512 kB
ShadowCallStack:   11672 kB
PageTables:        71656 kB
NFS_Unstable:          0 kB
Bounce:                0 kB
WritebackTmp:          0 kB
CommitLimit:     8677876 kB
Committed_AS:   67820236 kB
VmallocTotal:   263061440 kB
VmallocUsed:      128664 kB
VmallocChunk:          0 kB
Percpu:             2520 kB
CmaTotal:         405504 kB
CmaFree:          305220 kB
MemTotal:        7918584 kB
MemFree:         1878248 kB
MemAvailable:    3533240 kB
Buffers:            6572 kB
Cached:          1446020 kB
SwapCached:        10732 kB
Active:          2452516 kB
Inactive:         864596 kB
Active(anon):    1625740 kB
Inactive(anon):   262788 kB
Active(file):     826776 kB
Inactive(file):   601808 kB
Unevictable:        6644 kB
Mlocked:            6204 kB
SwapTotal:       4718584 kB
SwapFree:        2679916 kB
Dirty:             17980 kB
Writeback:             0 kB
AnonPages:       1866536 kB
Mapped:           682748 kB
Shmem:             19100 kB
KReclaimable:     616632 kB
Slab:             320792 kB
SReclaimable:      88792 kB
SUnreclaim:       232000 kB
KernelStack:       46512 kB
ShadowCallStack:   11676 kB
PageTables:        72156 kB
NFS_Unstable:          0 kB
Bounce:                0 kB
WritebackTmp:          0 kB
CommitLimit:     8677876 kB
Committed_AS:   68033232 kB
VmallocTotal:   263061440 kB
VmallocUsed:      128660 kB
VmallocChunk:          0 kB
Percpu:             2520 kB
CmaTotal:         405504 kB
CmaFree:          305412 kB
MemTotal:        7918584 kB
MemFree:         1790092 kB
MemAvailable:    3443636 kB
Buffers:            6572 kB
Cached:          1446020 kB
SwapCached:        10732 kB
Active:          2540832 kB
Inactive:         864596 kB
Active(anon):    1714056 kB
Inactive(anon):   262788 kB
Active(file):     826776 kB
Inactive(file):   601808 kB
Unevictable:        6644 kB
Mlocked:            6204 kB
SwapTotal:       4718584 kB
SwapFree:        2679916 kB
Dirty:             17980 kB
Writeback:             0 kB
AnonPages:       1954808 kB
Mapped:           683716 kB
Shmem:             19100 kB
KReclaimable:     615184 kB
Slab:             320696 kB
SReclaimable:      88792 kB
SUnreclaim:       231904 kB
KernelStack:       46464 kB
ShadowCallStack:   11668 kB
PageTables:        72512 kB
NFS_Unstable:          0 kB
Bounce:                0 kB
WritebackTmp:          0 kB
CommitLimit:     8677876 kB
Committed_AS:   68262608 kB
VmallocTotal:   263061440 kB
VmallocUsed:      128660 kB
VmallocChunk:          0 kB
Percpu:             2520 kB
CmaTotal:         405504 kB
CmaFree:          305540 kB
MemTotal:        7918584 kB
MemFree:         1705464 kB
MemAvailable:    3358112 kB
Buffers:            6572 kB
Cached:          1446020 kB
SwapCached:        10732 kB
Active:          2624012 kB
Inactive:         864596 kB
Active(anon):    1797236 kB
Inactive(anon):   262788 kB
Active(file):     826776 kB
Inactive(file):   601808 kB
Unevictable:        6644 kB
Mlocked:            6204 kB
SwapTotal:       4718584 kB
SwapFree:        2679924 kB
Dirty:             17980 kB
Writeback:             0 kB
AnonPages:       2037952 kB
Mapped:           684496 kB
Shmem:             19100 kB
KReclaimable:     614288 kB
Slab:             320960 kB
SReclaimable:      88792 kB
SUnreclaim:       232168 kB
KernelStack:       46512 kB
ShadowCallStack:   11676 kB
PageTables:        72996 kB
NFS_Unstable:          0 kB
Bounce:                0 kB
WritebackTmp:          0 kB
CommitLimit:     8677876 kB
Committed_AS:   68475600 kB
VmallocTotal:   263061440 kB
VmallocUsed:      128660 kB
VmallocChunk:          0 kB
Percpu:             2520 kB
CmaTotal:         405504 kB
CmaFree:          305596 kB
MemTotal:        7918584 kB
MemFree:         1640408 kB
MemAvailable:    3292296 kB
Buffers:            6572 kB
Cached:          1446056 kB
SwapCached:        10732 kB
Active:          2689424 kB
Inactive:         864624 kB
Active(anon):    1862648 kB
Inactive(anon):   262784 kB
Active(file):     826776 kB
Inactive(file):   601840 kB
Unevictable:        6644 kB
Mlocked:            6204 kB
SwapTotal:       4718584 kB
SwapFree:        2679924 kB
Dirty:             18012 kB
Writeback:             0 kB
AnonPages:       2103384 kB
Mapped:           684940 kB
Shmem:             19104 kB
KReclaimable:     613496 kB
Slab:             320964 kB
SReclaimable:      88792 kB
SUnreclaim:       232172 kB
KernelStack:       46528 kB
ShadowCallStack:   11676 kB
PageTables:        73284 kB
NFS_Unstable:          0 kB
Bounce:                0 kB
WritebackTmp:          0 kB
CommitLimit:     8677876 kB
Committed_AS:   68639444 kB
VmallocTotal:   263061440 kB
VmallocUsed:      128656 kB
VmallocChunk:          0 kB
Percpu:             2520 kB
CmaTotal:         405504 kB
CmaFree:          305684 kB
MemTotal:        7918584 kB
MemFree:         1554064 kB
MemAvailable:    3204360 kB
Buffers:            6604 kB
Cached:          1446056 kB
SwapCached:        10732 kB
Active:          2775452 kB
Inactive:         864656 kB
Active(anon):    1948676 kB
Inactive(anon):   262784 kB
Active(file):     826776 kB
Inactive(file):   601872 kB
Unevictable:        6644 kB
Mlocked:            6204 kB
SwapTotal:       4718584 kB
SwapFree:        2679924 kB
Dirty:             18012 kB
Writeback:             0 kB
AnonPages:       2189588 kB
Mapped:           686060 kB
Shmem:             19104 kB
KReclaimable:     611872 kB
Slab:             321044 kB
SReclaimable:      88792 kB
SUnreclaim:       232252 kB
KernelStack:       46496 kB
ShadowCallStack:   11680 kB
PageTables:        73788 kB
NFS_Unstable:          0 kB
Bounce:                0 kB
WritebackTmp:          0 kB
CommitLimit:     8677876 kB
Committed_AS:   68836052 kB
VmallocTotal:   263061440 kB
VmallocUsed:      128672 kB
VmallocChunk:          0 kB
Percpu:             2520 kB
CmaTotal:         405504 kB
CmaFree:          305684 kB
MemTotal:        7918584 kB
MemFree:         1483520 kB
MemAvailable:    3132648 kB
Buffers:            6604 kB
Cached:          1446060 kB
SwapCached:        10732 kB
Active:          2846300 kB
Inactive:         864400 kB
Active(anon):    2019524 kB
Inactive(anon):   262528 kB
Active(file):     826776 kB
Inactive(file):   601872 kB
Unevictable:        6644 kB
Mlocked:            6204 kB
SwapTotal:       4718584 kB
SwapFree:        2679996 kB
Dirty:             18012 kB
Writeback:             0 kB
AnonPages:       2260116 kB
Mapped:           686700 kB
Shmem:             19108 kB
KReclaimable:     610704 kB
Slab:             321056 kB
SReclaimable:      88792 kB
SUnreclaim:       232264 kB
KernelStack:       46496 kB
ShadowCallStack:   11664 kB
PageTables:        74092 kB
NFS_Unstable:          0 kB
Bounce:                0 kB
WritebackTmp:          0 kB
CommitLimit:     8677876 kB
Committed_AS:   69016280 kB
VmallocTotal:   263061440 kB
VmallocUsed:      128660 kB
VmallocChunk:          0 kB
Percpu:             2520 kB
CmaTotal:         405504 kB
CmaFree:          305684 kB
MemTotal:        7918584 kB
MemFree:         1411980 kB
MemAvailable:    3060540 kB
Buffers:            6604 kB
Cached:          1446060 kB
SwapCached:        10732 kB
Active:          2916064 kB
Inactive:         864388 kB
Active(anon):    2089288 kB
Inactive(anon):   262516 kB
Active(file):     826776 kB
Inactive(file):   601872 kB
Unevictable:        6644 kB
Mlocked:            6204 kB
SwapTotal:       4718584 kB
SwapFree:        2679996 kB
Dirty:             18012 kB
Writeback:             0 kB
AnonPages:       2329972 kB
Mapped:           687144 kB
Shmem:             19108 kB
KReclaimable:     610136 kB
Slab:             321180 kB
SReclaimable:      88792 kB
SUnreclaim:       232388 kB
KernelStack:       46512 kB
ShadowCallStack:   11676 kB
PageTables:        74460 kB
NFS_Unstable:          0 kB
Bounce:                0 kB
WritebackTmp:          0 kB
CommitLimit:     8677876 kB
Committed_AS:   69164756 kB
VmallocTotal:   263061440 kB
VmallocUsed:      128660 kB
VmallocChunk:          0 kB
Percpu:             2520 kB
CmaTotal:         405504 kB
CmaFree:          251312 kB
MemTotal:        7918584 kB
MemFree:         1340424 kB
MemAvailable:    2988048 kB
Buffers:            6604 kB
Cached:          1446060 kB
SwapCached:        10732 kB
Active:          2985624 kB
Inactive:         864400 kB
Active(anon):    2158848 kB
Inactive(anon):   262528 kB
Active(file):     826776 kB
Inactive(file):   601872 kB
Unevictable:        6644 kB
Mlocked:            6204 kB
SwapTotal:       4718584 kB
SwapFree:        2680004 kB
Dirty:             18012 kB
Writeback:             0 kB
AnonPages:       2399364 kB
Mapped:           687700 kB
Shmem:             19108 kB
KReclaimable:     609200 kB
Slab:             321120 kB
SReclaimable:      88792 kB
SUnreclaim:       232328 kB
KernelStack:       46496 kB
ShadowCallStack:   11676 kB
PageTables:        74708 kB
NFS_Unstable:          0 kB
Bounce:                0 kB
WritebackTmp:          0 kB
CommitLimit:     8677876 kB
Committed_AS:   69328596 kB
VmallocTotal:   263061440 kB
VmallocUsed:      128668 kB
VmallocChunk:          0 kB
Percpu:             2520 kB
CmaTotal:         405504 kB
CmaFree:          180728 kB
MemTotal:        7918584 kB
MemFree:         1266472 kB
MemAvailable:    2913692 kB
Buffers:            6608 kB
Cached:          1446048 kB
SwapCached:        10732 kB
Active:          3059644 kB
Inactive:         864292 kB
Active(anon):    2232868 kB
Inactive(anon):   262364 kB
Active(file):     826776 kB
Inactive(file):   601928 kB
Unevictable:        6644 kB
Mlocked:            6204 kB
SwapTotal:       4718584 kB
SwapFree:        2680020 kB
Dirty:             17872 kB
Writeback:             0 kB
AnonPages:       2473232 kB
Mapped:           688100 kB
Shmem:             19044 kB
KReclaimable:     608740 kB
Slab:             321244 kB
SReclaimable:      88792 kB
SUnreclaim:       232452 kB
KernelStack:       46480 kB
ShadowCallStack:   11676 kB
PageTables:        75160 kB
NFS_Unstable:          0 kB
Bounce:                0 kB
WritebackTmp:          0 kB
CommitLimit:     8677876 kB
Committed_AS:   69525088 kB
VmallocTotal:   263061440 kB
VmallocUsed:      128640 kB
VmallocChunk:          0 kB
Percpu:             2520 kB
CmaTotal:         405504 kB
CmaFree:          106772 kB
MemTotal:        7918584 kB
MemFree:         1202252 kB
MemAvailable:    2848744 kB
Buffers:            6620 kB
Cached:          1446052 kB
SwapCached:        10732 kB
Active:          3124160 kB
Inactive:         864220 kB
Active(anon):    2297384 kB
Inactive(anon):   262284 kB
Active(file):     826776 kB
Inactive(file):   601936 kB
Unevictable:        6644 kB
Mlocked:            6204 kB
SwapTotal:       4718584 kB
SwapFree:        2680196 kB
Dirty:             17880 kB
Writeback:             0 kB
AnonPages:       2537728 kB
Mapped:           688624 kB
Shmem:             19044 kB
KReclaimable:     608004 kB
Slab:             321236 kB
SReclaimable:      88792 kB
SUnreclaim:       232444 kB
KernelStack:       46496 kB
ShadowCallStack:   11672 kB
PageTables:        75336 kB
NFS_Unstable:          0 kB
Bounce:                0 kB
WritebackTmp:          0 kB
CommitLimit:     8677876 kB
Committed_AS:   69656160 kB
VmallocTotal:   263061440 kB
VmallocUsed:      128600 kB
VmallocChunk:          0 kB
Percpu:             2520 kB
CmaTotal:         405504 kB
CmaFree:           42744 kB
MemTotal:        7918584 kB
MemFree:         1142560 kB
MemAvailable:    2788188 kB
Buffers:            6620 kB
Cached:          1446060 kB
SwapCached:        10732 kB
Active:          3183784 kB
Inactive:         864224 kB
Active(anon):    2357008 kB
Inactive(anon):   262280 kB
Active(file):     826776 kB
Inactive(file):   601944 kB
Unevictable:        6644 kB
Mlocked:            6204 kB
SwapTotal:       4718584 kB
SwapFree:        2680196 kB
Dirty:             17880 kB
Writeback:             0 kB
AnonPages:       2597448 kB
Mapped:           689228 kB
Shmem:             19052 kB
KReclaimable:     607132 kB
Slab:             321232 kB
SReclaimable:      88792 kB
SUnreclaim:       232440 kB
KernelStack:       46480 kB
ShadowCallStack:   11672 kB
PageTables:        75536 kB
NFS_Unstable:          0 kB
Bounce:                0 kB
WritebackTmp:          0 kB
CommitLimit:     8677876 kB
Committed_AS:   69803624 kB
VmallocTotal:   263061440 kB
VmallocUsed:      128656 kB
VmallocChunk:          0 kB
Percpu:             2520 kB
CmaTotal:         405504 kB
CmaFree:               0 kB
MemTotal:        7918584 kB
MemFree:         1075892 kB
MemAvailable:    2720824 kB
Buffers:            6620 kB
Cached:          1446064 kB
SwapCached:        10732 kB
Active:          3251168 kB
Inactive:         864224 kB
Active(anon):    2424392 kB
Inactive(anon):   262280 kB
Active(file):     826776 kB
Inactive(file):   601944 kB
Unevictable:        6644 kB
Mlocked:            6204 kB
SwapTotal:       4718584 kB
SwapFree:        2680196 kB
Dirty:             17880 kB
Writeback:             0 kB
AnonPages:       2664828 kB
Mapped:           689752 kB
Shmem:             19056 kB
KReclaimable:     606436 kB
Slab:             321308 kB
SReclaimable:      88792 kB
SUnreclaim:       232516 kB
KernelStack:       46480 kB
ShadowCallStack:   11676 kB
PageTables:        75936 kB
NFS_Unstable:          0 kB
Bounce:                0 kB
WritebackTmp:          0 kB
CommitLimit:     8677876 kB
Committed_AS:   69951088 kB
VmallocTotal:   263061440 kB
VmallocUsed:      128656 kB
VmallocChunk:          0 kB
Percpu:             2520 kB
CmaTotal:         405504 kB
CmaFree:               0 kB
MemTotal:        7918584 kB
MemFree:         1022468 kB
MemAvailable:    2666768 kB
Buffers:            6620 kB
Cached:          1446064 kB
SwapCached:        10732 kB
Active:          3303836 kB
Inactive:         864220 kB
Active(anon):    2477060 kB
Inactive(anon):   262276 kB
Active(file):     826776 kB
Inactive(file):   601944 kB
Unevictable:        6644 kB
Mlocked:            6204 kB
SwapTotal:       4718584 kB
SwapFree:        2680196 kB
Dirty:             17880 kB
Writeback:             0 kB
AnonPages:       2717484 kB
Mapped:           690120 kB
Shmem:             19056 kB
KReclaimable:     605804 kB
Slab:             321412 kB
SReclaimable:      88792 kB
SUnreclaim:       232620 kB
KernelStack:       46496 kB
ShadowCallStack:   11676 kB
PageTables:        76016 kB
NFS_Unstable:          0 kB
Bounce:                0 kB
WritebackTmp:          0 kB
CommitLimit:     8677876 kB
Committed_AS:   70065772 kB
VmallocTotal:   263061440 kB
VmallocUsed:      128688 kB
VmallocChunk:          0 kB
Percpu:             2520 kB
CmaTotal:         405504 kB
CmaFree:               0 kB
MemTotal:        7918584 kB
MemFree:          906548 kB
MemAvailable:    2428352 kB
Buffers:            6624 kB
Cached:          1446200 kB
SwapCached:        10732 kB
Active:          3419596 kB
Inactive:         864248 kB
Active(anon):    2592820 kB
Inactive(anon):   262280 kB
Active(file):     826776 kB
Inactive(file):   601968 kB
Unevictable:        6644 kB
Mlocked:            6204 kB
SwapTotal:       4718584 kB
SwapFree:        2680196 kB
Dirty:               172 kB
Writeback:             0 kB
AnonPages:       2832908 kB
Mapped:           691392 kB
Shmem:             19172 kB
KReclaimable:     483284 kB
Slab:             321400 kB
SReclaimable:      88792 kB
SUnreclaim:       232608 kB
KernelStack:       46592 kB
ShadowCallStack:   11704 kB
PageTables:        76632 kB
NFS_Unstable:          0 kB
Bounce:                0 kB
WritebackTmp:          0 kB
CommitLimit:     8677876 kB
Committed_AS:   70262784 kB
VmallocTotal:   263061440 kB
VmallocUsed:      128820 kB
VmallocChunk:          0 kB
Percpu:             2520 kB
CmaTotal:         405504 kB
CmaFree:               0 kB
MemTotal:        7918584 kB
MemFree:          884696 kB
MemAvailable:    2527400 kB
Buffers:            6652 kB
Cached:          1446092 kB
SwapCached:        10732 kB
Active:          3441060 kB
Inactive:         864248 kB
Active(anon):    2614284 kB
Inactive(anon):   262252 kB
Active(file):     826776 kB
Inactive(file):   601996 kB
Unevictable:        6644 kB
Mlocked:            6204 kB
SwapTotal:       4718584 kB
SwapFree:        2680212 kB
Dirty:               332 kB
Writeback:             0 kB
AnonPages:       2854560 kB
Mapped:           691148 kB
Shmem:             19064 kB
KReclaimable:     604156 kB
Slab:             321500 kB
SReclaimable:      88792 kB
SUnreclaim:       232708 kB
KernelStack:       46496 kB
ShadowCallStack:   11680 kB
PageTables:        76796 kB
NFS_Unstable:          0 kB
Bounce:                0 kB
WritebackTmp:          0 kB
CommitLimit:     8677876 kB
Committed_AS:   70409848 kB
VmallocTotal:   263061440 kB
VmallocUsed:      128656 kB
VmallocChunk:          0 kB
Percpu:             2520 kB
CmaTotal:         405504 kB
CmaFree:               0 kB
MemTotal:        7918584 kB
MemFree:          819528 kB
MemAvailable:    2461376 kB
Buffers:            6652 kB
Cached:          1446092 kB
SwapCached:        10732 kB
Active:          3505132 kB
Inactive:         864224 kB
Active(anon):    2678356 kB
Inactive(anon):   262228 kB
Active(file):     826776 kB
Inactive(file):   601996 kB
Unevictable:        6644 kB
Mlocked:            6204 kB
SwapTotal:       4718584 kB
SwapFree:        2680220 kB
Dirty:               336 kB
Writeback:             0 kB
AnonPages:       2918700 kB
Mapped:           691660 kB
Shmem:             19064 kB
KReclaimable:     603300 kB
Slab:             321512 kB
SReclaimable:      88792 kB
SUnreclaim:       232720 kB
KernelStack:       46464 kB
ShadowCallStack:   11664 kB
PageTables:        77076 kB
NFS_Unstable:          0 kB
Bounce:                0 kB
WritebackTmp:          0 kB
CommitLimit:     8677876 kB
Committed_AS:   70540920 kB
VmallocTotal:   263061440 kB
VmallocUsed:      128656 kB
VmallocChunk:          0 kB
Percpu:             2520 kB
CmaTotal:         405504 kB
CmaFree:               0 kB
MemTotal:        7918584 kB
MemFree:          761972 kB
MemAvailable:    2403564 kB
Buffers:            6652 kB
Cached:          1446428 kB
SwapCached:        10732 kB
Active:          3562584 kB
Inactive:         864220 kB
Active(anon):    2735472 kB
Inactive(anon):   262224 kB
Active(file):     827112 kB
Inactive(file):   601996 kB
Unevictable:        6644 kB
Mlocked:            6204 kB
SwapTotal:       4718584 kB
SwapFree:        2680224 kB
Dirty:               336 kB
Writeback:             0 kB
AnonPages:       2975768 kB
Mapped:           692388 kB
Shmem:             19064 kB
KReclaimable:     602708 kB
Slab:             321588 kB
SReclaimable:      88792 kB
SUnreclaim:       232796 kB
KernelStack:       46496 kB
ShadowCallStack:   11672 kB
PageTables:        77412 kB
NFS_Unstable:          0 kB
Bounce:                0 kB
WritebackTmp:          0 kB
CommitLimit:     8677876 kB
Committed_AS:   70671992 kB
VmallocTotal:   263061440 kB
VmallocUsed:      128660 kB
VmallocChunk:          0 kB
Percpu:             2520 kB
CmaTotal:         405504 kB
CmaFree:               0 kB
MemTotal:        7918584 kB
MemFree:          710220 kB
MemAvailable:    2351108 kB
Buffers:            6652 kB
Cached:          1446428 kB
SwapCached:        10732 kB
Active:          3614124 kB
Inactive:         864220 kB
Active(anon):    2787012 kB
Inactive(anon):   262224 kB
Active(file):     827112 kB
Inactive(file):   601996 kB
Unevictable:        6644 kB
Mlocked:            6204 kB
SwapTotal:       4718584 kB
SwapFree:        2680224 kB
Dirty:               336 kB
Writeback:             0 kB
AnonPages:       3027296 kB
Mapped:           692840 kB
Shmem:             19064 kB
KReclaimable:     602004 kB
Slab:             321516 kB
SReclaimable:      88792 kB
SUnreclaim:       232724 kB
KernelStack:       46496 kB
ShadowCallStack:   11664 kB
PageTables:        77672 kB
NFS_Unstable:          0 kB
Bounce:                0 kB
WritebackTmp:          0 kB
CommitLimit:     8677876 kB
Committed_AS:   70770296 kB
VmallocTotal:   263061440 kB
VmallocUsed:      128648 kB
VmallocChunk:          0 kB
Percpu:             2520 kB
CmaTotal:         405504 kB
CmaFree:               0 kB
MemTotal:        7918584 kB
MemFree:          642928 kB
MemAvailable:    2283016 kB
Buffers:            6660 kB
Cached:          1446436 kB
SwapCached:        10732 kB
Active:          3680672 kB
Inactive:         864236 kB
Active(anon):    2853560 kB
Inactive(anon):   262224 kB
Active(file):     827112 kB
Inactive(file):   602012 kB
Unevictable:        6644 kB
Mlocked:            6204 kB
SwapTotal:       4718584 kB
SwapFree:        2680224 kB
Dirty:               352 kB
Writeback:             0 kB
AnonPages:       3093824 kB
Mapped:           693376 kB
Shmem:             19064 kB
KReclaimable:     601188 kB
Slab:             321624 kB
SReclaimable:      88792 kB
SUnreclaim:       232832 kB
KernelStack:       46512 kB
ShadowCallStack:   11668 kB
PageTables:        77900 kB
NFS_Unstable:          0 kB
Bounce:                0 kB
WritebackTmp:          0 kB
CommitLimit:     8677876 kB
Committed_AS:   70950520 kB
VmallocTotal:   263061440 kB
VmallocUsed:      128672 kB
VmallocChunk:          0 kB
Percpu:             2520 kB
CmaTotal:         405504 kB
CmaFree:               0 kB
MemTotal:        7918584 kB
MemFree:          578852 kB
MemAvailable:    2218380 kB
Buffers:            6668 kB
Cached:          1446436 kB
SwapCached:        10732 kB
Active:          3745452 kB
Inactive:         864244 kB
Active(anon):    2918340 kB
Inactive(anon):   262224 kB
Active(file):     827112 kB
Inactive(file):   602020 kB
Unevictable:        6644 kB
Mlocked:            6204 kB
SwapTotal:       4718584 kB
SwapFree:        2680228 kB
Dirty:               372 kB
Writeback:             0 kB
AnonPages:       3158768 kB
Mapped:           693712 kB
Shmem:             19064 kB
KReclaimable:     600620 kB
Slab:             321616 kB
SReclaimable:      88792 kB
SUnreclaim:       232824 kB
KernelStack:       46480 kB
ShadowCallStack:   11684 kB
PageTables:        78196 kB
NFS_Unstable:          0 kB
Bounce:                0 kB
WritebackTmp:          0 kB
CommitLimit:     8677876 kB
Committed_AS:   71065208 kB
VmallocTotal:   263061440 kB
VmallocUsed:      128668 kB
VmallocChunk:          0 kB
Percpu:             2520 kB
CmaTotal:         405504 kB
CmaFree:               0 kB
MemTotal:        7918584 kB
MemFree:          510796 kB
MemAvailable:    2149332 kB
Buffers:            6668 kB
Cached:          1446436 kB
SwapCached:        10732 kB
Active:          3812484 kB
Inactive:         864244 kB
Active(anon):    2985372 kB
Inactive(anon):   262224 kB
Active(file):     827112 kB
Inactive(file):   602020 kB
Unevictable:        6644 kB
Mlocked:            6204 kB
SwapTotal:       4718584 kB
SwapFree:        2680228 kB
Dirty:               372 kB
Writeback:             0 kB
AnonPages:       3225772 kB
Mapped:           694340 kB
Shmem:             19064 kB
KReclaimable:     599628 kB
Slab:             321780 kB
SReclaimable:      88792 kB
SUnreclaim:       232988 kB
KernelStack:       46512 kB
ShadowCallStack:   11680 kB
PageTables:        78428 kB
NFS_Unstable:          0 kB
Bounce:                0 kB
WritebackTmp:          0 kB
CommitLimit:     8677876 kB
Committed_AS:   71229048 kB
VmallocTotal:   263061440 kB
VmallocUsed:      128660 kB
VmallocChunk:          0 kB
Percpu:             2520 kB
CmaTotal:         405504 kB
CmaFree:               0 kB
MemTotal:        7918584 kB
MemFree:          454088 kB
MemAvailable:    2091888 kB
Buffers:            6668 kB
Cached:          1446440 kB
SwapCached:        10732 kB
Active:          3869532 kB
Inactive:         864248 kB
Active(anon):    3042420 kB
Inactive(anon):   262228 kB
Active(file):     827112 kB
Inactive(file):   602020 kB
Unevictable:        6644 kB
Mlocked:            6204 kB
SwapTotal:       4718584 kB
SwapFree:        2680236 kB
Dirty:               300 kB
Writeback:             0 kB
AnonPages:       3282672 kB
Mapped:           694744 kB
Shmem:             19068 kB
KReclaimable:     598892 kB
Slab:             321752 kB
SReclaimable:      88776 kB
SUnreclaim:       232976 kB
KernelStack:       46496 kB
ShadowCallStack:   11676 kB
PageTables:        78736 kB
NFS_Unstable:          0 kB
Bounce:                0 kB
WritebackTmp:          0 kB
CommitLimit:     8677876 kB
Committed_AS:   71360120 kB
VmallocTotal:   263061440 kB
VmallocUsed:      128676 kB
VmallocChunk:          0 kB
Percpu:             2520 kB
CmaTotal:         405504 kB
CmaFree:               0 kB
MemTotal:        7918584 kB
MemFree:          393076 kB
MemAvailable:    2030252 kB
Buffers:            6668 kB
Cached:          1446440 kB
SwapCached:        10732 kB
Active:          3928804 kB
Inactive:         864244 kB
Active(anon):    3101692 kB
Inactive(anon):   262224 kB
Active(file):     827112 kB
Inactive(file):   602020 kB
Unevictable:        6644 kB
Mlocked:            6204 kB
SwapTotal:       4718584 kB
SwapFree:        2680236 kB
Dirty:               300 kB
Writeback:             0 kB
AnonPages:       3341980 kB
Mapped:           695192 kB
Shmem:             19068 kB
KReclaimable:     598268 kB
Slab:             321864 kB
SReclaimable:      88776 kB
SUnreclaim:       233088 kB
KernelStack:       46496 kB
ShadowCallStack:   11676 kB
PageTables:        79104 kB
NFS_Unstable:          0 kB
Bounce:                0 kB
WritebackTmp:          0 kB
CommitLimit:     8677876 kB
Committed_AS:   71491192 kB
VmallocTotal:   263061440 kB
VmallocUsed:      128656 kB
VmallocChunk:          0 kB
Percpu:             2520 kB
CmaTotal:         405504 kB
CmaFree:               0 kB
MemTotal:        7918584 kB
MemFree:          326724 kB
MemAvailable:    1963040 kB
Buffers:            6668 kB
Cached:          1446452 kB
SwapCached:        10732 kB
Active:          3994932 kB
Inactive:         864256 kB
Active(anon):    3167820 kB
Inactive(anon):   262224 kB
Active(file):     827112 kB
Inactive(file):   602032 kB
Unevictable:        6644 kB
Mlocked:            6204 kB
SwapTotal:       4718584 kB
SwapFree:        2680240 kB
Dirty:               308 kB
Writeback:             0 kB
AnonPages:       3408072 kB
Mapped:           695756 kB
Shmem:             19068 kB
KReclaimable:     597396 kB
Slab:             321940 kB
SReclaimable:      88776 kB
SUnreclaim:       233164 kB
KernelStack:       46496 kB
ShadowCallStack:   11668 kB
PageTables:        79208 kB
NFS_Unstable:          0 kB
Bounce:                0 kB
WritebackTmp:          0 kB
CommitLimit:     8677876 kB
Committed_AS:   71622264 kB
VmallocTotal:   263061440 kB
VmallocUsed:      128656 kB
VmallocChunk:          0 kB
Percpu:             2520 kB
CmaTotal:         405504 kB
CmaFree:               0 kB
MemTotal:        7918584 kB
MemFree:          276460 kB
MemAvailable:    1912224 kB
Buffers:            6700 kB
Cached:          1446452 kB
SwapCached:        10732 kB
Active:          4044900 kB
Inactive:         864292 kB
Active(anon):    3217788 kB
Inactive(anon):   262228 kB
Active(file):     827112 kB
Inactive(file):   602064 kB
Unevictable:        6644 kB
Mlocked:            6204 kB
SwapTotal:       4718584 kB
SwapFree:        2680240 kB
Dirty:               324 kB
Writeback:             0 kB
AnonPages:       3458032 kB
Mapped:           696144 kB
Shmem:             19068 kB
KReclaimable:     596812 kB
Slab:             321864 kB
SReclaimable:      88776 kB
SUnreclaim:       233088 kB
KernelStack:       46464 kB
ShadowCallStack:   11668 kB
PageTables:        79484 kB
NFS_Unstable:          0 kB
Bounce:                0 kB
WritebackTmp:          0 kB
CommitLimit:     8677876 kB
Committed_AS:   71736952 kB
VmallocTotal:   263061440 kB
VmallocUsed:      128652 kB
VmallocChunk:          0 kB
Percpu:             2520 kB
CmaTotal:         405504 kB
CmaFree:               0 kB
MemTotal:        7918584 kB
MemFree:          199272 kB
MemAvailable:    1834108 kB
Buffers:            6700 kB
Cached:          1446452 kB
SwapCached:        10732 kB
Active:          4124360 kB
Inactive:         864288 kB
Active(anon):    3297248 kB
Inactive(anon):   262224 kB
Active(file):     827112 kB
Inactive(file):   602064 kB
Unevictable:        6644 kB
Mlocked:            6204 kB
SwapTotal:       4718584 kB
SwapFree:        2680240 kB
Dirty:               324 kB
Writeback:             0 kB
AnonPages:       3537512 kB
Mapped:           696660 kB
Shmem:             19068 kB
KReclaimable:     595884 kB
Slab:             321848 kB
SReclaimable:      88776 kB
SUnreclaim:       233072 kB
KernelStack:       46480 kB
ShadowCallStack:   11652 kB
PageTables:        79756 kB
NFS_Unstable:          0 kB
Bounce:                0 kB
WritebackTmp:          0 kB
CommitLimit:     8677876 kB
Committed_AS:   71933516 kB
VmallocTotal:   263061440 kB
VmallocUsed:      128616 kB
VmallocChunk:          0 kB
Percpu:             2520 kB
CmaTotal:         405504 kB
CmaFree:               0 kB
MemTotal:        7918584 kB
MemFree:          186024 kB
MemAvailable:    1767964 kB
Buffers:            2664 kB
Cached:          1409620 kB
SwapCached:        10736 kB
Active:          4211300 kB
Inactive:         805008 kB
Active(anon):    3365768 kB
Inactive(anon):   262228 kB
Active(file):     845532 kB
Inactive(file):   542780 kB
Unevictable:        6644 kB
Mlocked:            6204 kB
SwapTotal:       4718584 kB
SwapFree:        2680240 kB
Dirty:               324 kB
Writeback:             0 kB
AnonPages:       3605952 kB
Mapped:           694868 kB
Shmem:             19068 kB
KReclaimable:     583852 kB
Slab:             319904 kB
SReclaimable:      86776 kB
SUnreclaim:       233128 kB
KernelStack:       46448 kB
ShadowCallStack:   11664 kB
PageTables:        80084 kB
NFS_Unstable:          0 kB
Bounce:                0 kB
WritebackTmp:          0 kB
CommitLimit:     8677876 kB
Committed_AS:   72064588 kB
VmallocTotal:   263061440 kB
VmallocUsed:      128616 kB
VmallocChunk:          0 kB
Percpu:             2520 kB
CmaTotal:         405504 kB
CmaFree:               0 kB
MemTotal:        7918584 kB
MemFree:          191360 kB
MemAvailable:    1720004 kB
Buffers:            2656 kB
Cached:          1364892 kB
SwapCached:        10736 kB
Active:          4258748 kB
Inactive:         760268 kB
Active(anon):    3413216 kB
Inactive(anon):   262228 kB
Active(file):     845532 kB
Inactive(file):   498040 kB
Unevictable:        6644 kB
Mlocked:            6204 kB
SwapTotal:       4718584 kB
SwapFree:        2680240 kB
Dirty:               324 kB
Writeback:             0 kB
AnonPages:       3653532 kB
Mapped:           695212 kB
Shmem:             19068 kB
KReclaimable:     575296 kB
Slab:             319612 kB
SReclaimable:      86476 kB
SUnreclaim:       233136 kB
KernelStack:       46448 kB
ShadowCallStack:   11668 kB
PageTables:        80292 kB
NFS_Unstable:          0 kB
Bounce:                0 kB
WritebackTmp:          0 kB
CommitLimit:     8677876 kB
Committed_AS:   72162892 kB
VmallocTotal:   263061440 kB
VmallocUsed:      128616 kB
VmallocChunk:          0 kB
Percpu:             2520 kB
CmaTotal:         405504 kB
CmaFree:               0 kB
MemTotal:        7918584 kB
MemFree:          188228 kB
MemAvailable:    1632944 kB
Buffers:            2688 kB
Cached:          1296612 kB
SwapCached:        10740 kB
Active:          4351036 kB
Inactive:         684468 kB
Active(anon):    3497956 kB
Inactive(anon):   262224 kB
Active(file):     853080 kB
Inactive(file):   422244 kB
Unevictable:        6644 kB
Mlocked:            6204 kB
SwapTotal:       4718584 kB
SwapFree:        2680344 kB
Dirty:               404 kB
Writeback:             0 kB
AnonPages:       3738216 kB
Mapped:           693628 kB
Shmem:             19068 kB
KReclaimable:     559616 kB
Slab:             317980 kB
SReclaimable:      84644 kB
SUnreclaim:       233336 kB
KernelStack:       46448 kB
ShadowCallStack:   11668 kB
PageTables:        80728 kB
NFS_Unstable:          0 kB
Bounce:                0 kB
WritebackTmp:          0 kB
CommitLimit:     8677876 kB
Committed_AS:   72343116 kB
VmallocTotal:   263061440 kB
VmallocUsed:      128620 kB
VmallocChunk:          0 kB
Percpu:             2520 kB
CmaTotal:         405504 kB
CmaFree:               4 kB
MemTotal:        7918584 kB
MemFree:          188428 kB
MemAvailable:    1569408 kB
Buffers:            2652 kB
Cached:          1249036 kB
SwapCached:        10740 kB
Active:          4455208 kB
Inactive:         595192 kB
Active(anon):    3560648 kB
Inactive(anon):   262228 kB
Active(file):     894560 kB
Inactive(file):   332964 kB
Unevictable:        6644 kB
Mlocked:            6204 kB
SwapTotal:       4718584 kB
SwapFree:        2680348 kB
Dirty:               416 kB
Writeback:             0 kB
AnonPages:       3800908 kB
Mapped:           679540 kB
Shmem:             19068 kB
KReclaimable:     543680 kB
Slab:             317360 kB
SReclaimable:      84084 kB
SUnreclaim:       233276 kB
KernelStack:       46448 kB
ShadowCallStack:   11668 kB
PageTables:        80920 kB
NFS_Unstable:          0 kB
Bounce:                0 kB
WritebackTmp:          0 kB
CommitLimit:     8677876 kB
Committed_AS:   72490572 kB
VmallocTotal:   263061440 kB
VmallocUsed:      128640 kB
VmallocChunk:          0 kB
Percpu:             2520 kB
CmaTotal:         405504 kB
CmaFree:               0 kB
MemTotal:        7918584 kB
MemFree:          189344 kB
MemAvailable:    1513824 kB
Buffers:            2652 kB
Cached:          1203096 kB
SwapCached:        10740 kB
Active:          4528000 kB
Inactive:         531444 kB
Active(anon):    3615536 kB
Inactive(anon):   262188 kB
Active(file):     912464 kB
Inactive(file):   269256 kB
Unevictable:        6644 kB
Mlocked:            6204 kB
SwapTotal:       4718584 kB
SwapFree:        2680356 kB
Dirty:               476 kB
Writeback:             0 kB
AnonPages:       3855776 kB
Mapped:           659896 kB
Shmem:             19068 kB
KReclaimable:     532984 kB
Slab:             316980 kB
SReclaimable:      83748 kB
SUnreclaim:       233232 kB
KernelStack:       46464 kB
ShadowCallStack:   11644 kB
PageTables:        80844 kB
NFS_Unstable:          0 kB
Bounce:                0 kB
WritebackTmp:          0 kB
CommitLimit:     8677876 kB
Committed_AS:   72605264 kB
VmallocTotal:   263061440 kB
VmallocUsed:      128616 kB
VmallocChunk:          0 kB
Percpu:             2520 kB
CmaTotal:         405504 kB
CmaFree:               0 kB
MemTotal:        7918584 kB
MemFree:          186916 kB
MemAvailable:    1444512 kB
Buffers:            2632 kB
Cached:          1147712 kB
SwapCached:        10740 kB
Active:          4598124 kB
Inactive:         473528 kB
Active(anon):    3683092 kB
Inactive(anon):   262192 kB
Active(file):     915032 kB
Inactive(file):   211336 kB
Unevictable:        6644 kB
Mlocked:            6204 kB
SwapTotal:       4718584 kB
SwapFree:        2680356 kB
Dirty:               476 kB
Writeback:             0 kB
AnonPages:       3923332 kB
Mapped:           657052 kB
Shmem:             19068 kB
KReclaimable:     521452 kB
Slab:             315872 kB
SReclaimable:      82440 kB
SUnreclaim:       233432 kB
KernelStack:       46448 kB
ShadowCallStack:   11668 kB
PageTables:        81384 kB
NFS_Unstable:          0 kB
Bounce:                0 kB
WritebackTmp:          0 kB
CommitLimit:     8677876 kB
Committed_AS:   72736336 kB
VmallocTotal:   263061440 kB
VmallocUsed:      128616 kB
VmallocChunk:          0 kB
Percpu:             2520 kB
CmaTotal:         405504 kB
CmaFree:               0 kB
MemTotal:        7918584 kB
MemFree:          189352 kB
MemAvailable:    1380544 kB
Buffers:            2588 kB
Cached:          1092840 kB
SwapCached:        10740 kB
Active:          4673424 kB
Inactive:         406696 kB
Active(anon):    3746488 kB
Inactive(anon):   262180 kB
Active(file):     926936 kB
Inactive(file):   144516 kB
Unevictable:        6644 kB
Mlocked:            6204 kB
SwapTotal:       4718584 kB
SwapFree:        2680360 kB
Dirty:               476 kB
Writeback:             0 kB
AnonPages:       3986680 kB
Mapped:           656036 kB
Shmem:             19068 kB
KReclaimable:     509964 kB
Slab:             314732 kB
SReclaimable:      81208 kB
SUnreclaim:       233524 kB
KernelStack:       46448 kB
ShadowCallStack:   11656 kB
PageTables:        81476 kB
NFS_Unstable:          0 kB
Bounce:                0 kB
WritebackTmp:          0 kB
CommitLimit:     8677876 kB
Committed_AS:   72867404 kB
VmallocTotal:   263061440 kB
VmallocUsed:      128632 kB
VmallocChunk:          0 kB
Percpu:             2520 kB
CmaTotal:         405504 kB
CmaFree:               0 kB
MemTotal:        7918584 kB
MemFree:          192968 kB
MemAvailable:    1324484 kB
Buffers:            2596 kB
Cached:          1042760 kB
SwapCached:        10740 kB
Active:          4728140 kB
Inactive:         356628 kB
Active(anon):    3801204 kB
Inactive(anon):   262192 kB
Active(file):     926936 kB
Inactive(file):    94436 kB
Unevictable:        6644 kB
Mlocked:            6204 kB
SwapTotal:       4718584 kB
SwapFree:        2680360 kB
Dirty:               552 kB
Writeback:             0 kB
AnonPages:       4041504 kB
Mapped:           656396 kB
Shmem:             19072 kB
KReclaimable:     500368 kB
Slab:             313468 kB
SReclaimable:      80020 kB
SUnreclaim:       233448 kB
KernelStack:       46448 kB
ShadowCallStack:   11668 kB
PageTables:        81924 kB
NFS_Unstable:          0 kB
Bounce:                0 kB
WritebackTmp:          0 kB
CommitLimit:     8677876 kB
Committed_AS:   72982044 kB
VmallocTotal:   263061440 kB
VmallocUsed:      128596 kB
VmallocChunk:          0 kB
Percpu:             2520 kB
CmaTotal:         405504 kB
CmaFree:               0 kB
MemTotal:        7918584 kB
MemFree:          186592 kB
MemAvailable:    1121448 kB
Buffers:             528 kB
Cached:           983520 kB
SwapCached:        10728 kB
Active:          4927488 kB
Inactive:         176848 kB
Active(anon):    3983928 kB
Inactive(anon):   160424 kB
Active(file):     943560 kB
Inactive(file):    16424 kB
Unevictable:        6644 kB
Mlocked:            6204 kB
SwapTotal:       4718584 kB
SwapFree:        2676776 kB
Dirty:               552 kB
Writeback:             0 kB
AnonPages:       4122332 kB
Mapped:           655580 kB
Shmem:             19152 kB
KReclaimable:     365096 kB
Slab:             311876 kB
SReclaimable:      78324 kB
SUnreclaim:       233552 kB
KernelStack:       46592 kB
ShadowCallStack:   11688 kB
PageTables:        82444 kB
NFS_Unstable:          0 kB
Bounce:                0 kB
WritebackTmp:          0 kB
CommitLimit:     8677876 kB
Committed_AS:   73080748 kB
VmallocTotal:   263061440 kB
VmallocUsed:      128784 kB
VmallocChunk:          0 kB
Percpu:             2520 kB
CmaTotal:         405504 kB
CmaFree:               0 kB
MemTotal:        7918584 kB
MemFree:          212192 kB
MemAvailable:    1229536 kB
Buffers:             500 kB
Cached:           962568 kB
SwapCached:        10636 kB
Active:           251188 kB
Inactive:        4837848 kB
Active(anon):     210288 kB
Inactive(anon):  3939612 kB
Active(file):      40900 kB
Inactive(file):   898236 kB
Unevictable:        6648 kB
Mlocked:            6208 kB
SwapTotal:       4718584 kB
SwapFree:        2652456 kB
Dirty:               556 kB
Writeback:             0 kB
AnonPages:       4128076 kB
Mapped:           643908 kB
Shmem:             18972 kB
KReclaimable:     468432 kB
Slab:             311952 kB
SReclaimable:      78316 kB
SUnreclaim:       233636 kB
KernelStack:       46480 kB
ShadowCallStack:   11668 kB
PageTables:        82424 kB
NFS_Unstable:          0 kB
Bounce:                0 kB
WritebackTmp:          0 kB
CommitLimit:     8677876 kB
Committed_AS:   73244188 kB
VmallocTotal:   263061440 kB
VmallocUsed:      128676 kB
VmallocChunk:          0 kB
Percpu:             2520 kB
CmaTotal:         405504 kB
CmaFree:             140 kB
MemTotal:        7918584 kB
MemFree:          190180 kB
MemAvailable:    1187136 kB
Buffers:             504 kB
Cached:           963924 kB
SwapCached:         9756 kB
Active:           343780 kB
Inactive:        4771564 kB
Active(anon):     301096 kB
Inactive(anon):  3873268 kB
Active(file):      42684 kB
Inactive(file):   898296 kB
Unevictable:        6648 kB
Mlocked:            6208 kB
SwapTotal:       4718584 kB
SwapFree:        2621736 kB
Dirty:               568 kB
Writeback:             4 kB
AnonPages:       4153196 kB
Mapped:           644320 kB
Shmem:             18604 kB
KReclaimable:     454392 kB
Slab:             312208 kB
SReclaimable:      78316 kB
SUnreclaim:       233892 kB
KernelStack:       46544 kB
ShadowCallStack:   11688 kB
PageTables:        82884 kB
NFS_Unstable:          0 kB
Bounce:                0 kB
WritebackTmp:          0 kB
CommitLimit:     8677876 kB
Committed_AS:   73358876 kB
VmallocTotal:   263061440 kB
VmallocUsed:      128704 kB
VmallocChunk:          0 kB
Percpu:             2520 kB
CmaTotal:         405504 kB
CmaFree:               0 kB
MemTotal:        7918584 kB
MemFree:          187524 kB
MemAvailable:    1177212 kB
Buffers:             504 kB
Cached:           957424 kB
SwapCached:         9416 kB
Active:           402876 kB
Inactive:        4719572 kB
Active(anon):     358576 kB
Inactive(anon):  3828704 kB
Active(file):      44300 kB
Inactive(file):   890868 kB
Unevictable:        6648 kB
Mlocked:            6208 kB
SwapTotal:       4718584 kB
SwapFree:        2598696 kB
Dirty:               572 kB
Writeback:             0 kB
AnonPages:       4166544 kB
Mapped:           641476 kB
Shmem:             17892 kB
KReclaimable:     444744 kB
Slab:             311948 kB
SReclaimable:      78316 kB
SUnreclaim:       233632 kB
KernelStack:       46496 kB
ShadowCallStack:   11664 kB
PageTables:        82328 kB
NFS_Unstable:          0 kB
Bounce:                0 kB
WritebackTmp:          0 kB
CommitLimit:     8677876 kB
Committed_AS:   73424412 kB
VmallocTotal:   263061440 kB
VmallocUsed:      128696 kB
VmallocChunk:          0 kB
Percpu:             2520 kB
CmaTotal:         405504 kB
CmaFree:               0 kB
MemTotal:        7918584 kB
MemFree:          190616 kB
MemAvailable:    1101200 kB
Buffers:             484 kB
Cached:           891852 kB
SwapCached:         9616 kB
Active:           517760 kB
Inactive:        4613360 kB
Active(anon):     433344 kB
Inactive(anon):  3828592 kB
Active(file):      84416 kB
Inactive(file):   784768 kB
Unevictable:        6648 kB
Mlocked:            6208 kB
SwapTotal:       4718584 kB
SwapFree:        2602536 kB
Dirty:                96 kB
Writeback:             0 kB
AnonPages:       4240940 kB
Mapped:           604820 kB
Shmem:             18240 kB
KReclaimable:     431624 kB
Slab:             312040 kB
SReclaimable:      78204 kB
SUnreclaim:       233836 kB
KernelStack:       46736 kB
ShadowCallStack:   11740 kB
PageTables:        83048 kB
NFS_Unstable:          0 kB
Bounce:                0 kB
WritebackTmp:          0 kB
CommitLimit:     8677876 kB
Committed_AS:   73588276 kB
VmallocTotal:   263061440 kB
VmallocUsed:      128940 kB
VmallocChunk:          0 kB
Percpu:             2520 kB
CmaTotal:         405504 kB
CmaFree:               0 kB
MemTotal:        7918584 kB
MemFree:          191144 kB
MemAvailable:    1032424 kB
Buffers:             456 kB
Cached:           832856 kB
SwapCached:         9716 kB
Active:           608008 kB
Inactive:        4533808 kB
Active(anon):     503896 kB
Inactive(anon):  3827844 kB
Active(file):     104112 kB
Inactive(file):   705964 kB
Unevictable:        6648 kB
Mlocked:            6208 kB
SwapTotal:       4718584 kB
SwapFree:        2604840 kB
Dirty:                96 kB
Writeback:             0 kB
AnonPages:       4310620 kB
Mapped:           577984 kB
Shmem:             18324 kB
KReclaimable:     421428 kB
Slab:             312020 kB
SReclaimable:      78192 kB
SUnreclaim:       233828 kB
KernelStack:       46672 kB
ShadowCallStack:   11712 kB
PageTables:        83124 kB
NFS_Unstable:          0 kB
Bounce:                0 kB
WritebackTmp:          0 kB
CommitLimit:     8677876 kB
Committed_AS:   73719244 kB
VmallocTotal:   263061440 kB
VmallocUsed:      128908 kB
VmallocChunk:          0 kB
Percpu:             2520 kB
CmaTotal:         405504 kB
CmaFree:               0 kB
MemTotal:        7918584 kB
MemFree:          189120 kB
MemAvailable:    1000628 kB
Buffers:             464 kB
Cached:           807388 kB
SwapCached:         9716 kB
Active:           653792 kB
Inactive:        4494332 kB
Active(anon):     535800 kB
Inactive(anon):  3827716 kB
Active(file):     117992 kB
Inactive(file):   666616 kB
Unevictable:        6648 kB
Mlocked:            6208 kB
SwapTotal:       4718584 kB
SwapFree:        2604840 kB
Dirty:               160 kB
Writeback:             0 kB
AnonPages:       4342464 kB
Mapped:           563796 kB
Shmem:             18332 kB
KReclaimable:     417124 kB
Slab:             312000 kB
SReclaimable:      78192 kB
SUnreclaim:       233808 kB
KernelStack:       46640 kB
ShadowCallStack:   11720 kB
PageTables:        83488 kB
NFS_Unstable:          0 kB
Bounce:                0 kB
WritebackTmp:          0 kB
CommitLimit:     8677876 kB
Committed_AS:   73784572 kB
VmallocTotal:   263061440 kB
VmallocUsed:      128820 kB
VmallocChunk:          0 kB
Percpu:             2520 kB
CmaTotal:         405504 kB
CmaFree:               0 kB
MemTotal:        7918584 kB
MemFree:          189224 kB
MemAvailable:     920032 kB
Buffers:             448 kB
Cached:           738460 kB
SwapCached:         9716 kB
Active:           750252 kB
Inactive:        4405504 kB
Active(anon):     612564 kB
Inactive(anon):  3827672 kB
Active(file):     137688 kB
Inactive(file):   577832 kB
Unevictable:        6648 kB
Mlocked:            6208 kB
SwapTotal:       4718584 kB
SwapFree:        2605096 kB
Dirty:               160 kB
Writeback:             0 kB
AnonPages:       4419236 kB
Mapped:           533300 kB
Shmem:             18340 kB
KReclaimable:     405512 kB
Slab:             312112 kB
SReclaimable:      78188 kB
SUnreclaim:       233924 kB
KernelStack:       46592 kB
ShadowCallStack:   11712 kB
PageTables:        83852 kB
NFS_Unstable:          0 kB
Bounce:                0 kB
WritebackTmp:          0 kB
CommitLimit:     8677876 kB
Committed_AS:   73948412 kB
VmallocTotal:   263061440 kB
VmallocUsed:      128828 kB
VmallocChunk:          0 kB
Percpu:             2520 kB
CmaTotal:         405504 kB
CmaFree:               0 kB
MemTotal:        7918584 kB
MemFree:          188412 kB
MemAvailable:     853848 kB
Buffers:             444 kB
Cached:           690796 kB
SwapCached:         9716 kB
Active:           825272 kB
Inactive:        4350164 kB
Active(anon):     679888 kB
Inactive(anon):  3827560 kB
Active(file):     145384 kB
Inactive(file):   522604 kB
Unevictable:        6648 kB
Mlocked:            6208 kB
SwapTotal:       4718584 kB
SwapFree:        2605096 kB
Dirty:               160 kB
Writeback:             0 kB
AnonPages:       4486332 kB
Mapped:           513384 kB
Shmem:             18340 kB
KReclaimable:     387672 kB
Slab:             312104 kB
SReclaimable:      78188 kB
SUnreclaim:       233916 kB
KernelStack:       46640 kB
ShadowCallStack:   11700 kB
PageTables:        84068 kB
NFS_Unstable:          0 kB
Bounce:                0 kB
WritebackTmp:          0 kB
CommitLimit:     8677876 kB
Committed_AS:   74079380 kB
VmallocTotal:   263061440 kB
VmallocUsed:      128776 kB
VmallocChunk:          0 kB
Percpu:             2520 kB
CmaTotal:         405504 kB
CmaFree:               0 kB
MemTotal:        7918584 kB
MemFree:          187800 kB
MemAvailable:     823720 kB
Buffers:             444 kB
Cached:           671700 kB
SwapCached:         9756 kB
Active:           861856 kB
Inactive:        4323592 kB
Active(anon):     709040 kB
Inactive(anon):  3827520 kB
Active(file):     152816 kB
Inactive(file):   496072 kB
Unevictable:        6648 kB
Mlocked:            6208 kB
SwapTotal:       4718584 kB
SwapFree:        2605096 kB
Dirty:               196 kB
Writeback:             0 kB
AnonPages:       4515680 kB
Mapped:           507092 kB
Shmem:             18344 kB
KReclaimable:     377256 kB
Slab:             312144 kB
SReclaimable:      78188 kB
SUnreclaim:       233956 kB
KernelStack:       46592 kB
ShadowCallStack:   11700 kB
PageTables:        84240 kB
NFS_Unstable:          0 kB
Bounce:                0 kB
WritebackTmp:          0 kB
CommitLimit:     8677876 kB
Committed_AS:   74144864 kB
VmallocTotal:   263061440 kB
VmallocUsed:      128776 kB
VmallocChunk:          0 kB
Percpu:             2520 kB
CmaTotal:         405504 kB
CmaFree:               0 kB
MemTotal:        7918584 kB
MemFree:          190268 kB
MemAvailable:     749200 kB
Buffers:             448 kB
Cached:           620712 kB
SwapCached:         9832 kB
Active:           944676 kB
Inactive:        4262856 kB
Active(anon):     782672 kB
Inactive(anon):  3826972 kB
Active(file):     162004 kB
Inactive(file):   435884 kB
Unevictable:        6648 kB
Mlocked:            6208 kB
SwapTotal:       4718584 kB
SwapFree:        2607400 kB
Dirty:               200 kB
Writeback:             0 kB
AnonPages:       4588524 kB
Mapped:           492836 kB
Shmem:             18368 kB
KReclaimable:     351268 kB
Slab:             312060 kB
SReclaimable:      78088 kB
SUnreclaim:       233972 kB
KernelStack:       46528 kB
ShadowCallStack:   11684 kB
PageTables:        84216 kB
NFS_Unstable:          0 kB
Bounce:                0 kB
WritebackTmp:          0 kB
CommitLimit:     8677876 kB
Committed_AS:   74292120 kB
VmallocTotal:   263061440 kB
VmallocUsed:      128712 kB
VmallocChunk:          0 kB
Percpu:             2520 kB
CmaTotal:         405504 kB
CmaFree:               0 kB
MemTotal:        7918584 kB
MemFree:          188012 kB
MemAvailable:     676468 kB
Buffers:             472 kB
Cached:           569532 kB
SwapCached:         9844 kB
Active:          1021124 kB
Inactive:        4208720 kB
Active(anon):     856328 kB
Inactive(anon):  3826792 kB
Active(file):     164796 kB
Inactive(file):   381928 kB
Unevictable:        6648 kB
Mlocked:            6208 kB
SwapTotal:       4718584 kB
SwapFree:        2607656 kB
Dirty:               128 kB
Writeback:             0 kB
AnonPages:       4661968 kB
Mapped:           488360 kB
Shmem:             18368 kB
KReclaimable:     331956 kB
Slab:             312048 kB
SReclaimable:      78088 kB
SUnreclaim:       233960 kB
KernelStack:       46480 kB
ShadowCallStack:   11676 kB
PageTables:        84812 kB
NFS_Unstable:          0 kB
Bounce:                0 kB
WritebackTmp:          0 kB
CommitLimit:     8677876 kB
Committed_AS:   74439416 kB
VmallocTotal:   263061440 kB
VmallocUsed:      128588 kB
VmallocChunk:          0 kB
Percpu:             2520 kB
CmaTotal:         405504 kB
CmaFree:               0 kB
MemTotal:        7918584 kB
MemFree:          185840 kB
MemAvailable:     632300 kB
Buffers:             472 kB
Cached:           540204 kB
SwapCached:        10032 kB
Active:          1074900 kB
Inactive:        4169148 kB
Active(anon):     899864 kB
Inactive(anon):  3826792 kB
Active(file):     175036 kB
Inactive(file):   342356 kB
Unevictable:        6648 kB
Mlocked:            6208 kB
SwapTotal:       4718584 kB
SwapFree:        2608168 kB
Dirty:               352 kB
Writeback:             0 kB
AnonPages:       4705376 kB
Mapped:           493056 kB
Shmem:             18372 kB
KReclaimable:     319292 kB
Slab:             311772 kB
SReclaimable:      78088 kB
SUnreclaim:       233684 kB
KernelStack:       46480 kB
ShadowCallStack:   11668 kB
PageTables:        85084 kB
NFS_Unstable:          0 kB
Bounce:                0 kB
WritebackTmp:          0 kB
CommitLimit:     8677876 kB
Committed_AS:   74489092 kB
VmallocTotal:   263061440 kB
VmallocUsed:      128616 kB
VmallocChunk:          0 kB
Percpu:             2520 kB
CmaTotal:         405504 kB
CmaFree:               0 kB
MemTotal:        7918584 kB
MemFree:          186032 kB
MemAvailable:     561536 kB
Buffers:             472 kB
Cached:           486832 kB
SwapCached:        10032 kB
Active:          1144324 kB
Inactive:        4115248 kB
Active(anon):     969104 kB
Inactive(anon):  3826792 kB
Active(file):     175220 kB
Inactive(file):   288456 kB
Unevictable:        6648 kB
Mlocked:            6208 kB
SwapTotal:       4718584 kB
SwapFree:        2608168 kB
Dirty:               356 kB
Writeback:             0 kB
AnonPages:       4774704 kB
Mapped:           492064 kB
Shmem:             18372 kB
KReclaimable:     302052 kB
Slab:             311728 kB
SReclaimable:      78088 kB
SUnreclaim:       233640 kB
KernelStack:       46432 kB
ShadowCallStack:   11660 kB
PageTables:        84824 kB
NFS_Unstable:          0 kB
Bounce:                0 kB
WritebackTmp:          0 kB
CommitLimit:     8677876 kB
Committed_AS:   74669316 kB
VmallocTotal:   263061440 kB
VmallocUsed:      128620 kB
VmallocChunk:          0 kB
Percpu:             2520 kB
CmaTotal:         405504 kB
CmaFree:               0 kB
MemTotal:        7918584 kB
MemFree:          187216 kB
MemAvailable:     501832 kB
Buffers:             468 kB
Cached:           439260 kB
SwapCached:        10036 kB
Active:          1207992 kB
Inactive:        4062944 kB
Active(anon):    1027872 kB
Inactive(anon):  3826792 kB
Active(file):     180120 kB
Inactive(file):   236152 kB
Unevictable:        6648 kB
Mlocked:            6208 kB
SwapTotal:       4718584 kB
SwapFree:        2608424 kB
Dirty:               376 kB
Writeback:             0 kB
AnonPages:       4833560 kB
Mapped:           479476 kB
Shmem:             18372 kB
KReclaimable:     288568 kB
Slab:             311776 kB
SReclaimable:      78084 kB
SUnreclaim:       233692 kB
KernelStack:       46464 kB
ShadowCallStack:   11664 kB
PageTables:        85628 kB
NFS_Unstable:          0 kB
Bounce:                0 kB
WritebackTmp:          0 kB
CommitLimit:     8677876 kB
Committed_AS:   74800388 kB
VmallocTotal:   263061440 kB
VmallocUsed:      128632 kB
VmallocChunk:          0 kB
Percpu:             2520 kB
CmaTotal:         405504 kB
CmaFree:               0 kB
MemTotal:        7918584 kB
MemFree:          188368 kB
MemAvailable:     451924 kB
Buffers:             476 kB
Cached:           398924 kB
SwapCached:        10040 kB
Active:          1262436 kB
Inactive:        4017908 kB
Active(anon):    1077624 kB
Inactive(anon):  3826788 kB
Active(file):     184812 kB
Inactive(file):   191120 kB
Unevictable:        6648 kB
Mlocked:            6208 kB
SwapTotal:       4718584 kB
SwapFree:        2608424 kB
Dirty:               376 kB
Writeback:             0 kB
AnonPages:       4883240 kB
Mapped:           475012 kB
Shmem:             18384 kB
KReclaimable:     277848 kB
Slab:             311768 kB
SReclaimable:      78084 kB
SUnreclaim:       233684 kB
KernelStack:       46480 kB
ShadowCallStack:   11660 kB
PageTables:        85216 kB
NFS_Unstable:          0 kB
Bounce:                0 kB
WritebackTmp:          0 kB
CommitLimit:     8677876 kB
Committed_AS:   74898708 kB
VmallocTotal:   263061440 kB
VmallocUsed:      128636 kB
VmallocChunk:          0 kB
Percpu:             2520 kB
CmaTotal:         405504 kB
CmaFree:               0 kB
MemTotal:        7918584 kB
MemFree:          188004 kB
MemAvailable:     377204 kB
Buffers:             480 kB
Cached:           339616 kB
SwapCached:        10040 kB
Active:          1340484 kB
Inactive:        3954300 kB
Active(anon):    1151196 kB
Inactive(anon):  3826788 kB
Active(file):     189288 kB
Inactive(file):   127512 kB
Unevictable:        6648 kB
Mlocked:            6208 kB
SwapTotal:       4718584 kB
SwapFree:        2608680 kB
Dirty:                96 kB
Writeback:             0 kB
AnonPages:       4956828 kB
Mapped:           464556 kB
Shmem:             18384 kB
KReclaimable:     262624 kB
Slab:             311976 kB
SReclaimable:      78084 kB
SUnreclaim:       233892 kB
KernelStack:       46448 kB
ShadowCallStack:   11664 kB
PageTables:        85872 kB
NFS_Unstable:          0 kB
Bounce:                0 kB
WritebackTmp:          0 kB
CommitLimit:     8677876 kB
Committed_AS:   75029676 kB
VmallocTotal:   263061440 kB
VmallocUsed:      128612 kB
VmallocChunk:          0 kB
Percpu:             2520 kB
CmaTotal:         405504 kB
CmaFree:               0 kB
MemTotal:        7918584 kB
MemFree:          193000 kB
MemAvailable:     322192 kB
Buffers:             460 kB
Cached:           295060 kB
SwapCached:        10040 kB
Active:          1415500 kB
Inactive:        3889352 kB
Active(anon):    1205684 kB
Inactive(anon):  3826788 kB
Active(file):     209816 kB
Inactive(file):    62564 kB
Unevictable:        6648 kB
Mlocked:            6208 kB
SwapTotal:       4718584 kB
SwapFree:        2608680 kB
Dirty:               112 kB
Writeback:             0 kB
AnonPages:       5011272 kB
Mapped:           425220 kB
Shmem:             18384 kB
KReclaimable:     247036 kB
Slab:             311360 kB
SReclaimable:      77472 kB
SUnreclaim:       233888 kB
KernelStack:       46432 kB
ShadowCallStack:   11652 kB
PageTables:        85716 kB
NFS_Unstable:          0 kB
Bounce:                0 kB
WritebackTmp:          0 kB
CommitLimit:     8677876 kB
Committed_AS:   75127976 kB
VmallocTotal:   263061440 kB
VmallocUsed:      128608 kB
VmallocChunk:          0 kB
Percpu:             2520 kB
CmaTotal:         405504 kB
CmaFree:               0 kB
MemTotal:        7918584 kB
MemFree:          188828 kB
MemAvailable:     283784 kB
Buffers:             460 kB
Cached:           268280 kB
SwapCached:        10040 kB
Active:          1471636 kB
Inactive:        3846920 kB
Active(anon):    1246324 kB
Inactive(anon):  3826788 kB
Active(file):     225312 kB
Inactive(file):    20132 kB
Unevictable:        6648 kB
Mlocked:            6208 kB
SwapTotal:       4718584 kB
SwapFree:        2608680 kB
Dirty:               112 kB
Writeback:             0 kB
AnonPages:       5051972 kB
Mapped:           397748 kB
Shmem:             18384 kB
KReclaimable:     236952 kB
Slab:             309796 kB
SReclaimable:      75916 kB
SUnreclaim:       233880 kB
KernelStack:       46432 kB
ShadowCallStack:   11656 kB
PageTables:        86212 kB
NFS_Unstable:          0 kB
Bounce:                0 kB
WritebackTmp:          0 kB
CommitLimit:     8677876 kB
Committed_AS:   75226284 kB
VmallocTotal:   263061440 kB
VmallocUsed:      128560 kB
VmallocChunk:          0 kB
Percpu:             2520 kB
CmaTotal:         405504 kB
CmaFree:               0 kB
MemTotal:        7918584 kB
MemFree:          189076 kB
MemAvailable:     257364 kB
Buffers:             408 kB
Cached:           250900 kB
SwapCached:         4764 kB
Active:          1679552 kB
Inactive:        3667780 kB
Active(anon):    1451264 kB
Inactive(anon):  3667724 kB
Active(file):     228288 kB
Inactive(file):       56 kB
Unevictable:        6648 kB
Mlocked:            6208 kB
SwapTotal:       4718584 kB
SwapFree:        2589992 kB
Dirty:               144 kB
Writeback:             0 kB
AnonPages:       5102612 kB
Mapped:           380416 kB
Shmem:             18052 kB
KReclaimable:     203636 kB
Slab:             308716 kB
SReclaimable:      74664 kB
SUnreclaim:       234052 kB
KernelStack:       46416 kB
ShadowCallStack:   11660 kB
PageTables:        86376 kB
NFS_Unstable:          0 kB
Bounce:                0 kB
WritebackTmp:          0 kB
CommitLimit:     8677876 kB
Committed_AS:   75357356 kB
VmallocTotal:   263061440 kB
VmallocUsed:      128608 kB
VmallocChunk:          0 kB
Percpu:             2520 kB
CmaTotal:         405504 kB
CmaFree:               0 kB
MemTotal:        7918584 kB
MemFree:          188496 kB
MemAvailable:     234252 kB
Buffers:             408 kB
Cached:           251768 kB
SwapCached:         4512 kB
Active:          2143700 kB
Inactive:        3250376 kB
Active(anon):    1914396 kB
Inactive(anon):  3250376 kB
Active(file):     229304 kB
Inactive(file):        0 kB
Unevictable:        6648 kB
Mlocked:            6208 kB
SwapTotal:       4718584 kB
SwapFree:        2587176 kB
Dirty:               144 kB
Writeback:             0 kB
AnonPages:       5148792 kB
Mapped:           380948 kB
Shmem:             17968 kB
KReclaimable:     157612 kB
Slab:             308852 kB
SReclaimable:      74664 kB
SUnreclaim:       234188 kB
KernelStack:       46416 kB
ShadowCallStack:   11656 kB
PageTables:        86900 kB
NFS_Unstable:          0 kB
Bounce:                0 kB
WritebackTmp:          0 kB
CommitLimit:     8677876 kB
Committed_AS:   75439280 kB
VmallocTotal:   263061440 kB
VmallocUsed:      128612 kB
VmallocChunk:          0 kB
Percpu:             2520 kB
CmaTotal:         405504 kB
CmaFree:               0 kB
MemTotal:        7918584 kB
MemFree:          139664 kB
MemAvailable:     164012 kB
Buffers:             440 kB
Cached:           264480 kB
SwapCached:         4540 kB
Active:          3501340 kB
Inactive:        1878352 kB
Active(anon):    3272796 kB
Inactive(anon):  1864904 kB
Active(file):     228544 kB
Inactive(file):    13448 kB
Unevictable:        6648 kB
Mlocked:            6208 kB
SwapTotal:       4718584 kB
SwapFree:        2480488 kB
Dirty:               188 kB
Writeback:             0 kB
AnonPages:       5121380 kB
Mapped:           386636 kB
Shmem:             18004 kB
KReclaimable:     102108 kB
Slab:             308932 kB
SReclaimable:      74664 kB
SUnreclaim:       234268 kB
KernelStack:       46368 kB
ShadowCallStack:   11680 kB
PageTables:        86844 kB
NFS_Unstable:          0 kB
Bounce:                0 kB
WritebackTmp:          0 kB
CommitLimit:     8677876 kB
Committed_AS:   75554360 kB
VmallocTotal:   263061440 kB
VmallocUsed:      128584 kB
VmallocChunk:          0 kB
Percpu:             2520 kB
CmaTotal:         405504 kB
CmaFree:               8 kB
MemTotal:        7918584 kB
MemFree:          187292 kB
MemAvailable:     229364 kB
Buffers:             744 kB
Cached:           299516 kB
SwapCached:         4680 kB
Active:          3595260 kB
Inactive:        1749160 kB
Active(anon):    3331256 kB
Inactive(anon):  1735348 kB
Active(file):     264004 kB
Inactive(file):    13812 kB
Unevictable:        6648 kB
Mlocked:            6208 kB
SwapTotal:       4718584 kB
SwapFree:        2411104 kB
Dirty:               100 kB
Writeback:             0 kB
AnonPages:       5050652 kB
Mapped:           389396 kB
Shmem:             17532 kB
KReclaimable:     101732 kB
Slab:             306796 kB
SReclaimable:      74664 kB
SUnreclaim:       232132 kB
KernelStack:       43888 kB
ShadowCallStack:   11012 kB
PageTables:        81392 kB
NFS_Unstable:          0 kB
Bounce:                0 kB
WritebackTmp:          0 kB
CommitLimit:     8677876 kB
Committed_AS:   66302540 kB
VmallocTotal:   263061440 kB
VmallocUsed:      125284 kB
VmallocChunk:          0 kB
Percpu:             2520 kB
CmaTotal:         405504 kB
CmaFree:               8 kB
MemTotal:        7918584 kB
MemFree:          168280 kB
MemAvailable:     288184 kB
Buffers:             488 kB
Cached:           299308 kB
SwapCached:         4680 kB
Active:          3612380 kB
Inactive:        1747800 kB
Active(anon):    3348368 kB
Inactive(anon):  1734316 kB
Active(file):     264012 kB
Inactive(file):    13484 kB
Unevictable:        6648 kB
Mlocked:            6208 kB
SwapTotal:       4718584 kB
SwapFree:        2410336 kB
Dirty:               100 kB
Writeback:             0 kB
AnonPages:       5067028 kB
Mapped:           388824 kB
Shmem:             17388 kB
KReclaimable:     222740 kB
Slab:             306572 kB
SReclaimable:      74664 kB
SUnreclaim:       231908 kB
KernelStack:       43696 kB
ShadowCallStack:   10968 kB
PageTables:        81512 kB
NFS_Unstable:          0 kB
Bounce:                0 kB
WritebackTmp:          0 kB
CommitLimit:     8677876 kB
Committed_AS:   66400448 kB
VmallocTotal:   263061440 kB
VmallocUsed:      125176 kB
VmallocChunk:          0 kB
Percpu:             2520 kB
CmaTotal:         405504 kB
CmaFree:              72 kB
MemTotal:        7918584 kB
MemFree:          171416 kB
MemAvailable:     292232 kB
Buffers:             488 kB
Cached:           302008 kB
SwapCached:         4684 kB
Active:          3684928 kB
Inactive:        1675156 kB
Active(anon):    3418260 kB
Inactive(anon):  1661632 kB
Active(file):     266668 kB
Inactive(file):    13524 kB
Unevictable:        6648 kB
Mlocked:            6208 kB
SwapTotal:       4718584 kB
SwapFree:        2346420 kB
Dirty:               152 kB
Writeback:             0 kB
AnonPages:       5064100 kB
Mapped:           389928 kB
Shmem:             17388 kB
KReclaimable:     219172 kB
Slab:             306576 kB
SReclaimable:      74664 kB
SUnreclaim:       231912 kB
KernelStack:       43776 kB
ShadowCallStack:   10984 kB
PageTables:        82012 kB
NFS_Unstable:          0 kB
Bounce:                0 kB
WritebackTmp:          0 kB
CommitLimit:     8677876 kB
Committed_AS:   66515136 kB
VmallocTotal:   263061440 kB
VmallocUsed:      125156 kB
VmallocChunk:          0 kB
Percpu:             2520 kB
CmaTotal:         405504 kB
CmaFree:              72 kB
MemTotal:        7918584 kB
MemFree:          170620 kB
MemAvailable:     289800 kB
Buffers:             488 kB
Cached:           302060 kB
SwapCached:         4712 kB
Active:          3757384 kB
Inactive:        1609776 kB
Active(anon):    3490652 kB
Inactive(anon):  1596252 kB
Active(file):     266732 kB
Inactive(file):    13524 kB
Unevictable:        6648 kB
Mlocked:            6208 kB
SwapTotal:       4718584 kB
SwapFree:        2285316 kB
Dirty:               152 kB
Writeback:             0 kB
AnonPages:       5071312 kB
Mapped:           390480 kB
Shmem:             17388 kB
KReclaimable:     215772 kB
Slab:             306564 kB
SReclaimable:      74664 kB
SUnreclaim:       231900 kB
KernelStack:       43712 kB
ShadowCallStack:   10976 kB
PageTables:        81672 kB
NFS_Unstable:          0 kB
Bounce:                0 kB
WritebackTmp:          0 kB
CommitLimit:     8677876 kB
Committed_AS:   66646208 kB
VmallocTotal:   263061440 kB
VmallocUsed:      125192 kB
VmallocChunk:          0 kB
Percpu:             2520 kB
CmaTotal:         405504 kB
CmaFree:             112 kB
MemTotal:        7918584 kB
MemFree:          172196 kB
MemAvailable:     292564 kB
Buffers:             492 kB
Cached:           305172 kB
SwapCached:         4712 kB
Active:          3832984 kB
Inactive:        1535600 kB
Active(anon):    3563188 kB
Inactive(anon):  1522076 kB
Active(file):     269796 kB
Inactive(file):    13524 kB
Unevictable:        6648 kB
Mlocked:            6208 kB
SwapTotal:       4718584 kB
SwapFree:        2220784 kB
Dirty:               152 kB
Writeback:             0 kB
AnonPages:       5069560 kB
Mapped:           391704 kB
Shmem:             17432 kB
KReclaimable:     212020 kB
Slab:             306588 kB
SReclaimable:      74664 kB
SUnreclaim:       231924 kB
KernelStack:       43744 kB
ShadowCallStack:   10984 kB
PageTables:        82368 kB
NFS_Unstable:          0 kB
Bounce:                0 kB
WritebackTmp:          0 kB
CommitLimit:     8677876 kB
Committed_AS:   66760896 kB
VmallocTotal:   263061440 kB
VmallocUsed:      125144 kB
VmallocChunk:          0 kB
Percpu:             2520 kB
CmaTotal:         405504 kB
CmaFree:             112 kB
MemTotal:        7918584 kB
MemFree:          171932 kB
MemAvailable:     295968 kB
Buffers:             500 kB
Cached:           310400 kB
SwapCached:         4636 kB
Active:          3931320 kB
Inactive:        1436200 kB
Active(anon):    3656000 kB
Inactive(anon):  1422628 kB
Active(file):     275320 kB
Inactive(file):    13572 kB
Unevictable:        6648 kB
Mlocked:            6208 kB
SwapTotal:       4718584 kB
SwapFree:        2156468 kB
Dirty:               212 kB
Writeback:             4 kB
AnonPages:       5063384 kB
Mapped:           393124 kB
Shmem:             17096 kB
KReclaimable:     208212 kB
Slab:             306880 kB
SReclaimable:      74968 kB
SUnreclaim:       231912 kB
KernelStack:       43744 kB
ShadowCallStack:   10988 kB
PageTables:        82432 kB
NFS_Unstable:          0 kB
Bounce:                0 kB
WritebackTmp:          0 kB
CommitLimit:     8677876 kB
Committed_AS:   66842816 kB
VmallocTotal:   263061440 kB
VmallocUsed:      125128 kB
VmallocChunk:          0 kB
Percpu:             2520 kB
CmaTotal:         405504 kB
CmaFree:             108 kB
MemTotal:        7918584 kB
MemFree:          169712 kB
MemAvailable:     292012 kB
Buffers:             500 kB
Cached:           309980 kB
SwapCached:         4216 kB
Active:          3998368 kB
Inactive:        1366184 kB
Active(anon):    3723048 kB
Inactive(anon):  1352612 kB
Active(file):     275320 kB
Inactive(file):    13572 kB
Unevictable:        6648 kB
Mlocked:            6208 kB
SwapTotal:       4718584 kB
SwapFree:        2113132 kB
Dirty:               212 kB
Writeback:             0 kB
AnonPages:       5060772 kB
Mapped:           393012 kB
Shmem:             16676 kB
KReclaimable:     204740 kB
Slab:             306892 kB
SReclaimable:      74968 kB
SUnreclaim:       231924 kB
KernelStack:       43744 kB
ShadowCallStack:   10992 kB
PageTables:        82708 kB
NFS_Unstable:          0 kB
Bounce:                0 kB
WritebackTmp:          0 kB
CommitLimit:     8677876 kB
Committed_AS:   66924736 kB
VmallocTotal:   263061440 kB
VmallocUsed:      125152 kB
VmallocChunk:          0 kB
Percpu:             2520 kB
CmaTotal:         405504 kB
CmaFree:             112 kB
MemTotal:        7918584 kB
MemFree:          204816 kB
MemAvailable:     309876 kB
Buffers:             508 kB
Cached:           309652 kB
SwapCached:         4108 kB
Active:          5040804 kB
Inactive:         317108 kB
Active(anon):    4765484 kB
Inactive(anon):   303516 kB
Active(file):     275320 kB
Inactive(file):    13592 kB
Unevictable:        6648 kB
Mlocked:            6208 kB
SwapTotal:       4718584 kB
SwapFree:        2052660 kB
Dirty:               220 kB
Writeback:             0 kB
AnonPages:       5054256 kB
Mapped:           393052 kB
Shmem:             16336 kB
KReclaimable:     170220 kB
Slab:             306908 kB
SReclaimable:      74968 kB
SUnreclaim:       231940 kB
KernelStack:       43712 kB
ShadowCallStack:   10968 kB
PageTables:        82568 kB
NFS_Unstable:          0 kB
Bounce:                0 kB
WritebackTmp:          0 kB
CommitLimit:     8677876 kB
Committed_AS:   67023040 kB
VmallocTotal:   263061440 kB
VmallocUsed:      125136 kB
VmallocChunk:          0 kB
Percpu:             2520 kB
CmaTotal:         405504 kB
CmaFree:               0 kB
MemTotal:        7918584 kB
MemFree:          182080 kB
MemAvailable:     288004 kB
Buffers:             508 kB
Cached:           313092 kB
SwapCached:         4220 kB
Active:          5113100 kB
Inactive:         272924 kB
Active(anon):    4834364 kB
Inactive(anon):   259332 kB
Active(file):     278736 kB
Inactive(file):    13592 kB
Unevictable:        6648 kB
Mlocked:            6208 kB
SwapTotal:       4718584 kB
SwapFree:        2024508 kB
Dirty:               220 kB
Writeback:             0 kB
AnonPages:       5078988 kB
Mapped:           394428 kB
Shmem:             16360 kB
KReclaimable:     165116 kB
Slab:             306968 kB
SReclaimable:      74968 kB
SUnreclaim:       232000 kB
KernelStack:       43760 kB
ShadowCallStack:   10992 kB
PageTables:        83256 kB
NFS_Unstable:          0 kB
Bounce:                0 kB
WritebackTmp:          0 kB
CommitLimit:     8677876 kB
Committed_AS:   67137344 kB
VmallocTotal:   263061440 kB
VmallocUsed:      125168 kB
VmallocChunk:          0 kB
Percpu:             2520 kB
CmaTotal:         405504 kB
CmaFree:               0 kB
MemTotal:        7918584 kB
MemFree:          170156 kB
MemAvailable:     275248 kB
Buffers:             532 kB
Cached:           313092 kB
SwapCached:         4220 kB
Active:          5170784 kB
Inactive:         228384 kB
Active(anon):    4892048 kB
Inactive(anon):   214768 kB
Active(file):     278736 kB
Inactive(file):    13616 kB
Unevictable:        6648 kB
Mlocked:            6208 kB
SwapTotal:       4718584 kB
SwapFree:        1982472 kB
Dirty:               252 kB
Writeback:             0 kB
AnonPages:       5092336 kB
Mapped:           394764 kB
Shmem:             16360 kB
KReclaimable:     163404 kB
Slab:             306864 kB
SReclaimable:      74840 kB
SUnreclaim:       232024 kB
KernelStack:       43744 kB
ShadowCallStack:   10976 kB
PageTables:        82924 kB
NFS_Unstable:          0 kB
Bounce:                0 kB
WritebackTmp:          0 kB
CommitLimit:     8677876 kB
Committed_AS:   67219264 kB
VmallocTotal:   263061440 kB
VmallocUsed:      125136 kB
VmallocChunk:          0 kB
Percpu:             2520 kB
CmaTotal:         405504 kB
CmaFree:               0 kB
MemTotal:        7918584 kB
MemFree:          162840 kB
MemAvailable:     266852 kB
Buffers:             532 kB
Cached:           313196 kB
SwapCached:         4276 kB
Active:          5241056 kB
Inactive:         164780 kB
Active(anon):    4962264 kB
Inactive(anon):   151160 kB
Active(file):     278792 kB
Inactive(file):    13620 kB
Unevictable:        6648 kB
Mlocked:            6208 kB
SwapTotal:       4718584 kB
SwapFree:        1924576 kB
Dirty:               252 kB
Writeback:             0 kB
AnonPages:       5098980 kB
Mapped:           395476 kB
Shmem:             16404 kB
KReclaimable:     161124 kB
Slab:             306732 kB
SReclaimable:      74696 kB
SUnreclaim:       232036 kB
KernelStack:       43760 kB
ShadowCallStack:   10988 kB
PageTables:        83412 kB
NFS_Unstable:          0 kB
Bounce:                0 kB
WritebackTmp:          0 kB
CommitLimit:     8677876 kB
Committed_AS:   67333960 kB
VmallocTotal:   263061440 kB
VmallocUsed:      125140 kB
VmallocChunk:          0 kB
Percpu:             2520 kB
CmaTotal:         405504 kB
CmaFree:               0 kB
MemTotal:        7918584 kB
MemFree:          152384 kB
MemAvailable:     255304 kB
Buffers:             524 kB
Cached:           313048 kB
SwapCached:         4248 kB
Active:          5307704 kB
Inactive:         110008 kB
Active(anon):    5028716 kB
Inactive(anon):    96672 kB
Active(file):     278988 kB
Inactive(file):    13336 kB
Unevictable:        6648 kB
Mlocked:            6208 kB
SwapTotal:       4718584 kB
SwapFree:        1881716 kB
Dirty:                96 kB
Writeback:             0 kB
AnonPages:       5110680 kB
Mapped:           395552 kB
Shmem:             16352 kB
KReclaimable:     159116 kB
Slab:             306740 kB
SReclaimable:      74696 kB
SUnreclaim:       232044 kB
KernelStack:       43760 kB
ShadowCallStack:   10976 kB
PageTables:        83428 kB
NFS_Unstable:          0 kB
Bounce:                0 kB
WritebackTmp:          0 kB
CommitLimit:     8677876 kB
Committed_AS:   67415876 kB
VmallocTotal:   263061440 kB
VmallocUsed:      125176 kB
VmallocChunk:          0 kB
Percpu:             2520 kB
CmaTotal:         405504 kB
CmaFree:             292 kB
MemTotal:        7918584 kB
MemFree:          194120 kB
MemAvailable:     283564 kB
Buffers:             484 kB
Cached:           301772 kB
SwapCached:         2864 kB
Active:          2922752 kB
Inactive:        2445372 kB
Active(anon):    2810488 kB
Inactive(anon):  2275680 kB
Active(file):     112264 kB
Inactive(file):   169692 kB
Unevictable:        6648 kB
Mlocked:            6208 kB
SwapTotal:       4718584 kB
SwapFree:        1788320 kB
Dirty:                56 kB
Writeback:             4 kB
AnonPages:       5072728 kB
Mapped:           386112 kB
Shmem:             15388 kB
KReclaimable:     152904 kB
Slab:             306668 kB
SReclaimable:      74692 kB
SUnreclaim:       231976 kB
KernelStack:       43728 kB
ShadowCallStack:   10988 kB
PageTables:        83904 kB
NFS_Unstable:          0 kB
Bounce:                0 kB
WritebackTmp:          0 kB
CommitLimit:     8677876 kB
Committed_AS:   67530564 kB
VmallocTotal:   263061440 kB
VmallocUsed:      125180 kB
VmallocChunk:          0 kB
Percpu:             2520 kB
CmaTotal:         405504 kB
CmaFree:               0 kB
MemTotal:        7918584 kB
MemFree:          189468 kB
MemAvailable:     271076 kB
Buffers:             484 kB
Cached:           303748 kB
SwapCached:         2820 kB
Active:          3544420 kB
Inactive:        1849352 kB
Active(anon):    3430168 kB
Inactive(anon):  1679660 kB
Active(file):     114252 kB
Inactive(file):   169692 kB
Unevictable:        6648 kB
Mlocked:            6208 kB
SwapTotal:       4718584 kB
SwapFree:        1760248 kB
Dirty:                56 kB
Writeback:             0 kB
AnonPages:       5096164 kB
Mapped:           386864 kB
Shmem:             15376 kB
KReclaimable:     133256 kB
Slab:             306684 kB
SReclaimable:      74692 kB
SUnreclaim:       231992 kB
KernelStack:       43728 kB
ShadowCallStack:   10988 kB
PageTables:        83848 kB
NFS_Unstable:          0 kB
Bounce:                0 kB
WritebackTmp:          0 kB
CommitLimit:     8677876 kB
Committed_AS:   67612484 kB
VmallocTotal:   263061440 kB
VmallocUsed:      125188 kB
VmallocChunk:          0 kB
Percpu:             2520 kB
CmaTotal:         405504 kB
CmaFree:               8 kB
MemTotal:        7918584 kB
MemFree:          186632 kB
MemAvailable:     261024 kB
Buffers:             484 kB
Cached:           303728 kB
SwapCached:         2708 kB
Active:          3880776 kB
Inactive:        1525340 kB
Active(anon):    3766336 kB
Inactive(anon):  1355648 kB
Active(file):     114440 kB
Inactive(file):   169692 kB
Unevictable:        6648 kB
Mlocked:            6208 kB
SwapTotal:       4718584 kB
SwapFree:        1721460 kB
Dirty:                56 kB
Writeback:             0 kB
AnonPages:       5108716 kB
Mapped:           387084 kB
Shmem:             15168 kB
KReclaimable:     118448 kB
Slab:             306700 kB
SReclaimable:      74692 kB
SUnreclaim:       232008 kB
KernelStack:       43744 kB
ShadowCallStack:   10988 kB
PageTables:        84116 kB
NFS_Unstable:          0 kB
Bounce:                0 kB
WritebackTmp:          0 kB
CommitLimit:     8677876 kB
Committed_AS:   67694408 kB
VmallocTotal:   263061440 kB
VmallocUsed:      125180 kB
VmallocChunk:          0 kB
Percpu:             2520 kB
CmaTotal:         405504 kB
CmaFree:               0 kB
MemTotal:        7918584 kB
MemFree:          191216 kB
MemAvailable:     265396 kB
Buffers:             492 kB
Cached:           305956 kB
SwapCached:         2616 kB
Active:          3990164 kB
Inactive:        1394428 kB
Active(anon):    3873496 kB
Inactive(anon):  1224728 kB
Active(file):     116668 kB
Inactive(file):   169700 kB
Unevictable:        6648 kB
Mlocked:            6208 kB
SwapTotal:       4718584 kB
SwapFree:        1632408 kB
Dirty:               104 kB
Writeback:             4 kB
AnonPages:       5085112 kB
Mapped:           388824 kB
Shmem:             15164 kB
KReclaimable:     113552 kB
Slab:             306800 kB
SReclaimable:      74692 kB
SUnreclaim:       232108 kB
KernelStack:       43760 kB
ShadowCallStack:   10984 kB
PageTables:        84260 kB
NFS_Unstable:          0 kB
Bounce:                0 kB
WritebackTmp:          0 kB
CommitLimit:     8677876 kB
Committed_AS:   67792708 kB
VmallocTotal:   263061440 kB
VmallocUsed:      125176 kB
VmallocChunk:          0 kB
Percpu:             2520 kB
CmaTotal:         405504 kB
CmaFree:               0 kB
MemTotal:        7918584 kB
MemFree:          172548 kB
MemAvailable:     255088 kB
Buffers:             496 kB
Cached:           315340 kB
SwapCached:         2624 kB
Active:          1441968 kB
Inactive:        3955628 kB
Active(anon):    1393164 kB
Inactive(anon):  3708512 kB
Active(file):      48804 kB
Inactive(file):   247116 kB
Unevictable:        6648 kB
Mlocked:            6208 kB
SwapTotal:       4718584 kB
SwapFree:        1592192 kB
Dirty:               104 kB
Writeback:             0 kB
AnonPages:       5088688 kB
