MemTotal:        7918588 kB
MemFree:          358516 kB
MemAvailable:    4371524 kB
Buffers:           42156 kB
Cached:          3806252 kB
SwapCached:            0 kB
Active:          2582592 kB
Inactive:        2685616 kB
Active(anon):    1377216 kB
Inactive(anon):    67168 kB
Active(file):    1205376 kB
Inactive(file):  2618448 kB
Unevictable:        6352 kB
Mlocked:            5912 kB
SwapTotal:       4718584 kB
SwapFree:        4718584 kB
Dirty:            157180 kB
Writeback:             0 kB
AnonPages:       1426200 kB
Mapped:          1044244 kB
Shmem:             19760 kB
KReclaimable:     587600 kB
Slab:             317320 kB
SReclaimable:      90548 kB
SUnreclaim:       226772 kB
KernelStack:       50672 kB
ShadowCallStack:   12700 kB
PageTables:        71004 kB
NFS_Unstable:          0 kB
Bounce:                0 kB
WritebackTmp:          0 kB
CommitLimit:     8677876 kB
Committed_AS:   78181412 kB
VmallocTotal:   263061440 kB
VmallocUsed:      134528 kB
VmallocChunk:          0 kB
Percpu:             2448 kB
CmaTotal:         405504 kB
CmaFree:             912 kB
MemTotal:        7918588 kB
MemFree:          367484 kB
MemAvailable:    4288632 kB
Buffers:           42188 kB
Cached:          3806844 kB
SwapCached:            0 kB
Active:          2573896 kB
Inactive:        2685732 kB
Active(anon):    1368324 kB
Inactive(anon):    67172 kB
Active(file):    1205572 kB
Inactive(file):  2618560 kB
Unevictable:        6352 kB
Mlocked:            5912 kB
SwapTotal:       4718584 kB
SwapFree:        4718584 kB
Dirty:            157216 kB
Writeback:             0 kB
AnonPages:       1417016 kB
Mapped:          1057500 kB
Shmem:             20076 kB
KReclaimable:     495432 kB
Slab:             317792 kB
SReclaimable:      90584 kB
SUnreclaim:       227208 kB
KernelStack:       50864 kB
ShadowCallStack:   12740 kB
PageTables:        71756 kB
NFS_Unstable:          0 kB
Bounce:                0 kB
WritebackTmp:          0 kB
CommitLimit:     8677876 kB
Committed_AS:   78245544 kB
VmallocTotal:   263061440 kB
VmallocUsed:      134696 kB
VmallocChunk:          0 kB
Percpu:             2448 kB
CmaTotal:         405504 kB
CmaFree:               0 kB
MemTotal:        7918588 kB
MemFree:          362540 kB
MemAvailable:    4283464 kB
Buffers:           42196 kB
Cached:          3806872 kB
SwapCached:            0 kB
Active:          2578180 kB
Inactive:        2685756 kB
Active(anon):    1372596 kB
Inactive(anon):    67172 kB
Active(file):    1205584 kB
Inactive(file):  2618584 kB
Unevictable:        6352 kB
Mlocked:            5912 kB
SwapTotal:       4718584 kB
SwapFree:        4718584 kB
Dirty:            157296 kB
Writeback:             0 kB
AnonPages:       1421348 kB
Mapped:          1058088 kB
Shmem:             20076 kB
KReclaimable:     495172 kB
Slab:             317744 kB
SReclaimable:      90628 kB
SUnreclaim:       227116 kB
KernelStack:       50864 kB
ShadowCallStack:   12744 kB
PageTables:        71804 kB
NFS_Unstable:          0 kB
Bounce:                0 kB
WritebackTmp:          0 kB
CommitLimit:     8677876 kB
Committed_AS:   78245492 kB
VmallocTotal:   263061440 kB
VmallocUsed:      134684 kB
VmallocChunk:          0 kB
Percpu:             2448 kB
CmaTotal:         405504 kB
CmaFree:               0 kB
MemTotal:        7918588 kB
MemFree:          361636 kB
MemAvailable:    4281800 kB
Buffers:           42204 kB
Cached:          3806872 kB
SwapCached:            0 kB
Active:          2580136 kB
Inactive:        2685764 kB
Active(anon):    1374552 kB
Inactive(anon):    67172 kB
Active(file):    1205584 kB
Inactive(file):  2618592 kB
Unevictable:        6352 kB
Mlocked:            5912 kB
SwapTotal:       4718584 kB
SwapFree:        4718584 kB
Dirty:            157320 kB
Writeback:             0 kB
AnonPages:       1423240 kB
Mapped:          1058828 kB
Shmem:             20076 kB
KReclaimable:     494404 kB
Slab:             317796 kB
SReclaimable:      90628 kB
SUnreclaim:       227168 kB
KernelStack:       50864 kB
ShadowCallStack:   12744 kB
PageTables:        71784 kB
NFS_Unstable:          0 kB
Bounce:                0 kB
WritebackTmp:          0 kB
CommitLimit:     8677876 kB
Committed_AS:   78245488 kB
VmallocTotal:   263061440 kB
VmallocUsed:      134700 kB
VmallocChunk:          0 kB
Percpu:             2448 kB
CmaTotal:         405504 kB
CmaFree:               0 kB
MemTotal:        7918588 kB
MemFree:          369532 kB
MemAvailable:    4289624 kB
Buffers:           42204 kB
Cached:          3806888 kB
SwapCached:            0 kB
Active:          2571900 kB
Inactive:        2685764 kB
Active(anon):    1366316 kB
Inactive(anon):    67172 kB
Active(file):    1205584 kB
Inactive(file):  2618592 kB
Unevictable:        6352 kB
Mlocked:            5912 kB
SwapTotal:       4718584 kB
SwapFree:        4718584 kB
Dirty:            157320 kB
Writeback:             0 kB
AnonPages:       1415008 kB
Mapped:          1059336 kB
Shmem:             20092 kB
KReclaimable:     494332 kB
Slab:             317832 kB
SReclaimable:      90624 kB
SUnreclaim:       227208 kB
KernelStack:       50864 kB
ShadowCallStack:   12740 kB
PageTables:        71800 kB
NFS_Unstable:          0 kB
Bounce:                0 kB
WritebackTmp:          0 kB
CommitLimit:     8677876 kB
Committed_AS:   78245492 kB
VmallocTotal:   263061440 kB
VmallocUsed:      134696 kB
VmallocChunk:          0 kB
Percpu:             2448 kB
CmaTotal:         405504 kB
CmaFree:               0 kB
MemTotal:        7918588 kB
MemFree:          372024 kB
MemAvailable:    4311684 kB
Buffers:           42212 kB
Cached:          3806884 kB
SwapCached:            0 kB
Active:          2569532 kB
Inactive:        2685764 kB
Active(anon):    1363948 kB
Inactive(anon):    67168 kB
Active(file):    1205584 kB
Inactive(file):  2618596 kB
Unevictable:        6352 kB
Mlocked:            5912 kB
SwapTotal:       4718584 kB
SwapFree:        4718584 kB
Dirty:             18320 kB
Writeback:             0 kB
AnonPages:       1412736 kB
Mapped:          1060572 kB
Shmem:             20092 kB
KReclaimable:     513896 kB
Slab:             317812 kB
SReclaimable:      90624 kB
SUnreclaim:       227188 kB
KernelStack:       50656 kB
ShadowCallStack:   12696 kB
PageTables:        71820 kB
NFS_Unstable:          0 kB
Bounce:                0 kB
WritebackTmp:          0 kB
CommitLimit:     8677876 kB
Committed_AS:   78246784 kB
VmallocTotal:   263061440 kB
VmallocUsed:      134164 kB
VmallocChunk:          0 kB
Percpu:             2448 kB
CmaTotal:         405504 kB
CmaFree:             392 kB
MemTotal:        7918588 kB
MemFree:          340548 kB
MemAvailable:    4280236 kB
Buffers:           42236 kB
Cached:          3806900 kB
SwapCached:            0 kB
Active:          2601816 kB
Inactive:        2685792 kB
Active(anon):    1396232 kB
Inactive(anon):    67168 kB
Active(file):    1205584 kB
Inactive(file):  2618624 kB
Unevictable:        6352 kB
Mlocked:            5912 kB
SwapTotal:       4718584 kB
SwapFree:        4718584 kB
Dirty:             18220 kB
Writeback:             0 kB
AnonPages:       1444864 kB
Mapped:          1062260 kB
Shmem:             20104 kB
KReclaimable:     513896 kB
Slab:             317824 kB
SReclaimable:      90624 kB
SUnreclaim:       227200 kB
KernelStack:       50624 kB
ShadowCallStack:   12680 kB
PageTables:        71880 kB
NFS_Unstable:          0 kB
Bounce:                0 kB
WritebackTmp:          0 kB
CommitLimit:     8677876 kB
Committed_AS:   78346448 kB
VmallocTotal:   263061440 kB
VmallocUsed:      134140 kB
VmallocChunk:          0 kB
Percpu:             2448 kB
CmaTotal:         405504 kB
CmaFree:               0 kB
MemTotal:        7918588 kB
MemFree:          192688 kB
MemAvailable:    4025492 kB
Buffers:           42200 kB
Cached:          3763264 kB
SwapCached:            0 kB
Active:          2798676 kB
Inactive:        2641524 kB
Active(anon):    1592496 kB
Inactive(anon):    67168 kB
Active(file):    1206180 kB
Inactive(file):  2574356 kB
Unevictable:        6352 kB
Mlocked:            5912 kB
SwapTotal:       4718584 kB
SwapFree:        4718584 kB
Dirty:             18236 kB
Writeback:             0 kB
AnonPages:       1641116 kB
Mapped:          1146720 kB
Shmem:             20104 kB
KReclaimable:     442492 kB
Slab:             316460 kB
SReclaimable:      88916 kB
SUnreclaim:       227544 kB
KernelStack:       50672 kB
ShadowCallStack:   12700 kB
PageTables:        72664 kB
NFS_Unstable:          0 kB
Bounce:                0 kB
WritebackTmp:          0 kB
CommitLimit:     8677876 kB
Committed_AS:   78627524 kB
VmallocTotal:   263061440 kB
VmallocUsed:      134184 kB
VmallocChunk:          0 kB
Percpu:             2448 kB
CmaTotal:         405504 kB
CmaFree:               0 kB
MemTotal:        7918588 kB
MemFree:          242168 kB
MemAvailable:    3946792 kB
Buffers:           42132 kB
Cached:          3658220 kB
SwapCached:            0 kB
Active:          2818440 kB
Inactive:        2535704 kB
Active(anon):    1611552 kB
Inactive(anon):    67172 kB
Active(file):    1206888 kB
Inactive(file):  2468532 kB
Unevictable:        6352 kB
Mlocked:            5912 kB
SwapTotal:       4718584 kB
SwapFree:        4718584 kB
Dirty:             18236 kB
Writeback:             0 kB
AnonPages:       1660336 kB
Mapped:          1161588 kB
Shmem:             20108 kB
KReclaimable:     427620 kB
Slab:             316700 kB
SReclaimable:      88916 kB
SUnreclaim:       227784 kB
KernelStack:       50704 kB
ShadowCallStack:   12700 kB
PageTables:        72808 kB
NFS_Unstable:          0 kB
Bounce:                0 kB
WritebackTmp:          0 kB
CommitLimit:     8677876 kB
Committed_AS:   78686036 kB
VmallocTotal:   263061440 kB
VmallocUsed:      134208 kB
VmallocChunk:          0 kB
Percpu:             2448 kB
CmaTotal:         405504 kB
CmaFree:             120 kB
MemTotal:        7918588 kB
MemFree:          213692 kB
MemAvailable:    3859952 kB
Buffers:           42104 kB
Cached:          3599252 kB
SwapCached:            0 kB
Active:          2914752 kB
Inactive:        2476484 kB
Active(anon):    1707652 kB
Inactive(anon):    67172 kB
Active(file):    1207100 kB
Inactive(file):  2409312 kB
Unevictable:        6352 kB
Mlocked:            5912 kB
SwapTotal:       4718584 kB
SwapFree:        4718584 kB
Dirty:             18324 kB
Writeback:             0 kB
AnonPages:       1756300 kB
Mapped:          1163472 kB
Shmem:             20120 kB
KReclaimable:     420072 kB
Slab:             316772 kB
SReclaimable:      88900 kB
SUnreclaim:       227872 kB
KernelStack:       50688 kB
ShadowCallStack:   12696 kB
PageTables:        73320 kB
NFS_Unstable:          0 kB
Bounce:                0 kB
WritebackTmp:          0 kB
CommitLimit:     8677876 kB
Committed_AS:   78964536 kB
VmallocTotal:   263061440 kB
VmallocUsed:      134216 kB
VmallocChunk:          0 kB
Percpu:             2448 kB
CmaTotal:         405504 kB
CmaFree:               0 kB
MemTotal:        7918588 kB
MemFree:          214084 kB
MemAvailable:    3770332 kB
Buffers:           41932 kB
Cached:          3518116 kB
SwapCached:            0 kB
Active:          3002448 kB
Inactive:        2394604 kB
Active(anon):    1794776 kB
Inactive(anon):    67172 kB
Active(file):    1207672 kB
Inactive(file):  2327432 kB
Unevictable:        6352 kB
Mlocked:            5912 kB
SwapTotal:       4718584 kB
SwapFree:        4718584 kB
Dirty:             18328 kB
Writeback:             0 kB
AnonPages:       1843372 kB
Mapped:          1164284 kB
Shmem:             20120 kB
KReclaimable:     411368 kB
Slab:             316888 kB
SReclaimable:      88900 kB
SUnreclaim:       227988 kB
KernelStack:       50688 kB
ShadowCallStack:   12704 kB
PageTables:        73716 kB
NFS_Unstable:          0 kB
Bounce:                0 kB
WritebackTmp:          0 kB
CommitLimit:     8677876 kB
Committed_AS:   79161140 kB
VmallocTotal:   263061440 kB
VmallocUsed:      134172 kB
VmallocChunk:          0 kB
Percpu:             2448 kB
CmaTotal:         405504 kB
CmaFree:               0 kB
MemTotal:        7918588 kB
MemFree:          213984 kB
MemAvailable:    3524852 kB
Buffers:           41884 kB
Cached:          3405544 kB
SwapCached:            0 kB
Active:          3119944 kB
Inactive:        2281464 kB
Active(anon):    1911832 kB
Inactive(anon):    67172 kB
Active(file):    1208112 kB
Inactive(file):  2214292 kB
Unevictable:        6352 kB
Mlocked:            5912 kB
SwapTotal:       4718584 kB
SwapFree:        4718584 kB
Dirty:             18328 kB
Writeback:             0 kB
AnonPages:       1960540 kB
Mapped:          1165588 kB
Shmem:             20200 kB
KReclaimable:     278688 kB
Slab:             317264 kB
SReclaimable:      88892 kB
SUnreclaim:       228372 kB
KernelStack:       50736 kB
ShadowCallStack:   12716 kB
PageTables:        74096 kB
NFS_Unstable:          0 kB
Bounce:                0 kB
WritebackTmp:          0 kB
CommitLimit:     8677876 kB
Committed_AS:   79362148 kB
VmallocTotal:   263061440 kB
VmallocUsed:      134312 kB
VmallocChunk:          0 kB
Percpu:             2448 kB
CmaTotal:         405504 kB
CmaFree:               0 kB
MemTotal:        7918588 kB
MemFree:          258416 kB
MemAvailable:    3661096 kB
Buffers:           41868 kB
Cached:          3378108 kB
SwapCached:            0 kB
Active:          3102188 kB
Inactive:        2248596 kB
Active(anon):    1888584 kB
Inactive(anon):    67172 kB
Active(file):    1213604 kB
Inactive(file):  2181424 kB
Unevictable:        6352 kB
Mlocked:            5912 kB
SwapTotal:       4718584 kB
SwapFree:        4718584 kB
Dirty:             18372 kB
Writeback:             0 kB
AnonPages:       1937220 kB
Mapped:          1163176 kB
Shmem:             20124 kB
KReclaimable:     397876 kB
Slab:             317032 kB
SReclaimable:      88892 kB
SUnreclaim:       228140 kB
KernelStack:       50624 kB
ShadowCallStack:   12680 kB
PageTables:        74188 kB
NFS_Unstable:          0 kB
Bounce:                0 kB
WritebackTmp:          0 kB
CommitLimit:     8677876 kB
Committed_AS:   79378092 kB
VmallocTotal:   263061440 kB
VmallocUsed:      134172 kB
VmallocChunk:          0 kB
Percpu:             2448 kB
CmaTotal:         405504 kB
CmaFree:             136 kB
MemTotal:        7918588 kB
MemFree:          257576 kB
MemAvailable:    3660256 kB
Buffers:           41868 kB
Cached:          3378112 kB
SwapCached:            0 kB
Active:          3104204 kB
Inactive:        2248596 kB
Active(anon):    1890600 kB
Inactive(anon):    67172 kB
Active(file):    1213604 kB
Inactive(file):  2181424 kB
Unevictable:        6352 kB
Mlocked:            5912 kB
SwapTotal:       4718584 kB
SwapFree:        4718584 kB
Dirty:             18372 kB
Writeback:             0 kB
AnonPages:       1939088 kB
Mapped:          1163192 kB
Shmem:             20128 kB
KReclaimable:     397876 kB
Slab:             317064 kB
SReclaimable:      88892 kB
SUnreclaim:       228172 kB
KernelStack:       50640 kB
ShadowCallStack:   12680 kB
PageTables:        74064 kB
NFS_Unstable:          0 kB
Bounce:                0 kB
WritebackTmp:          0 kB
CommitLimit:     8677876 kB
Committed_AS:   79378096 kB
VmallocTotal:   263061440 kB
VmallocUsed:      134156 kB
VmallocChunk:          0 kB
Percpu:             2448 kB
CmaTotal:         405504 kB
CmaFree:             136 kB
MemTotal:        7918588 kB
MemFree:          215208 kB
MemAvailable:    3617892 kB
Buffers:           41868 kB
Cached:          3378116 kB
SwapCached:            0 kB
Active:          3146720 kB
Inactive:        2248600 kB
Active(anon):    1933116 kB
Inactive(anon):    67172 kB
Active(file):    1213604 kB
Inactive(file):  2181428 kB
Unevictable:        6352 kB
Mlocked:            5912 kB
SwapTotal:       4718584 kB
SwapFree:        4718584 kB
Dirty:             18372 kB
Writeback:             0 kB
AnonPages:       1981728 kB
Mapped:          1163724 kB
Shmem:             20128 kB
KReclaimable:     397876 kB
Slab:             317076 kB
SReclaimable:      88892 kB
SUnreclaim:       228184 kB
KernelStack:       50640 kB
ShadowCallStack:   12684 kB
PageTables:        74336 kB
NFS_Unstable:          0 kB
Bounce:                0 kB
WritebackTmp:          0 kB
CommitLimit:     8677876 kB
Committed_AS:   79460020 kB
VmallocTotal:   263061440 kB
VmallocUsed:      134160 kB
VmallocChunk:          0 kB
Percpu:             2448 kB
CmaTotal:         405504 kB
CmaFree:               0 kB
MemTotal:        7918588 kB
MemFree:          213236 kB
MemAvailable:    3615928 kB
Buffers:           41876 kB
Cached:          3378124 kB
SwapCached:            0 kB
Active:          3147000 kB
Inactive:        2248608 kB
Active(anon):    1933396 kB
Inactive(anon):    67172 kB
Active(file):    1213604 kB
Inactive(file):  2181436 kB
Unevictable:        6352 kB
Mlocked:            5912 kB
SwapTotal:       4718584 kB
SwapFree:        4718584 kB
Dirty:             18380 kB
Writeback:             0 kB
AnonPages:       1982020 kB
Mapped:          1163600 kB
Shmem:             20136 kB
KReclaimable:     397876 kB
Slab:             317076 kB
SReclaimable:      88892 kB
SUnreclaim:       228184 kB
KernelStack:       50624 kB
ShadowCallStack:   12680 kB
PageTables:        74336 kB
NFS_Unstable:          0 kB
Bounce:                0 kB
WritebackTmp:          0 kB
CommitLimit:     8677876 kB
Committed_AS:   79459972 kB
VmallocTotal:   263061440 kB
VmallocUsed:      134108 kB
VmallocChunk:          0 kB
Percpu:             2448 kB
CmaTotal:         405504 kB
CmaFree:               0 kB
MemTotal:        7918588 kB
MemFree:          212036 kB
MemAvailable:    3610380 kB
Buffers:           41896 kB
Cached:          3373684 kB
SwapCached:            0 kB
Active:          3154092 kB
Inactive:        2244280 kB
Active(anon):    1940488 kB
Inactive(anon):    67172 kB
Active(file):    1213604 kB
Inactive(file):  2177108 kB
Unevictable:        6352 kB
Mlocked:            5912 kB
SwapTotal:       4718584 kB
SwapFree:        4718584 kB
Dirty:             18380 kB
Writeback:             0 kB
AnonPages:       1989084 kB
Mapped:          1162564 kB
Shmem:             20044 kB
KReclaimable:     397856 kB
Slab:             316428 kB
SReclaimable:      88872 kB
SUnreclaim:       227556 kB
KernelStack:       50352 kB
ShadowCallStack:   12616 kB
PageTables:        73656 kB
NFS_Unstable:          0 kB
Bounce:                0 kB
WritebackTmp:          0 kB
CommitLimit:     8677876 kB
Committed_AS:   78185300 kB
VmallocTotal:   263061440 kB
VmallocUsed:      133828 kB
VmallocChunk:          0 kB
Percpu:             2448 kB
CmaTotal:         405504 kB
CmaFree:               0 kB
MemTotal:        7918588 kB
MemFree:          210408 kB
MemAvailable:    3583432 kB
Buffers:           41896 kB
Cached:          3350924 kB
SwapCached:            0 kB
Active:          3181120 kB
Inactive:        2221488 kB
Active(anon):    1967484 kB
Inactive(anon):    67172 kB
Active(file):    1213636 kB
Inactive(file):  2154316 kB
Unevictable:        6352 kB
Mlocked:            5912 kB
SwapTotal:       4718584 kB
SwapFree:        4718584 kB
Dirty:             18388 kB
Writeback:             0 kB
AnonPages:       2016216 kB
Mapped:          1162780 kB
Shmem:             20044 kB
KReclaimable:     395296 kB
Slab:             316356 kB
SReclaimable:      88872 kB
SUnreclaim:       227484 kB
KernelStack:       50352 kB
ShadowCallStack:   12620 kB
PageTables:        73752 kB
NFS_Unstable:          0 kB
Bounce:                0 kB
WritebackTmp:          0 kB
CommitLimit:     8677876 kB
Committed_AS:   78234452 kB
VmallocTotal:   263061440 kB
VmallocUsed:      133796 kB
VmallocChunk:          0 kB
Percpu:             2448 kB
CmaTotal:         405504 kB
CmaFree:               0 kB
MemTotal:        7918588 kB
MemFree:          213496 kB
MemAvailable:    3581668 kB
Buffers:           41896 kB
Cached:          3346596 kB
SwapCached:            0 kB
Active:          3182096 kB
Inactive:        2217136 kB
Active(anon):    1968460 kB
Inactive(anon):    67172 kB
Active(file):    1213636 kB
Inactive(file):  2149964 kB
Unevictable:        6352 kB
Mlocked:            5912 kB
SwapTotal:       4718584 kB
SwapFree:        4718584 kB
Dirty:             18388 kB
Writeback:             0 kB
AnonPages:       2017196 kB
Mapped:          1162980 kB
Shmem:             20068 kB
KReclaimable:     394796 kB
Slab:             316296 kB
SReclaimable:      88872 kB
SUnreclaim:       227424 kB
KernelStack:       50368 kB
ShadowCallStack:   12616 kB
PageTables:        73772 kB
NFS_Unstable:          0 kB
Bounce:                0 kB
WritebackTmp:          0 kB
CommitLimit:     8677876 kB
Committed_AS:   78234480 kB
VmallocTotal:   263061440 kB
VmallocUsed:      133792 kB
VmallocChunk:          0 kB
Percpu:             2448 kB
CmaTotal:         405504 kB
CmaFree:               0 kB
MemTotal:        7918588 kB
MemFree:          213360 kB
MemAvailable:    3546308 kB
Buffers:           41800 kB
Cached:          3314572 kB
SwapCached:            0 kB
Active:          3219164 kB
Inactive:        2182624 kB
Active(anon):    2003140 kB
Inactive(anon):    67168 kB
Active(file):    1216024 kB
Inactive(file):  2115456 kB
Unevictable:        6352 kB
Mlocked:            5912 kB
SwapTotal:       4718584 kB
SwapFree:        4718584 kB
Dirty:             18460 kB
Writeback:             0 kB
AnonPages:       2051768 kB
Mapped:          1161020 kB
Shmem:             20068 kB
KReclaimable:     391692 kB
Slab:             316304 kB
SReclaimable:      88872 kB
SUnreclaim:       227432 kB
KernelStack:       50368 kB
ShadowCallStack:   12616 kB
PageTables:        73992 kB
NFS_Unstable:          0 kB
Bounce:                0 kB
WritebackTmp:          0 kB
CommitLimit:     8677876 kB
Committed_AS:   78332780 kB
VmallocTotal:   263061440 kB
VmallocUsed:      133792 kB
VmallocChunk:          0 kB
Percpu:             2448 kB
CmaTotal:         405504 kB
CmaFree:              32 kB
MemTotal:        7918588 kB
MemFree:          216036 kB
MemAvailable:    3538064 kB
Buffers:           41744 kB
Cached:          3305240 kB
SwapCached:            0 kB
Active:          3231272 kB
Inactive:        2168664 kB
Active(anon):    2010672 kB
Inactive(anon):    67172 kB
Active(file):    1220600 kB
Inactive(file):  2101492 kB
Unevictable:        6352 kB
Mlocked:            5912 kB
SwapTotal:       4718584 kB
SwapFree:        4718584 kB
Dirty:             18460 kB
Writeback:             0 kB
AnonPages:       2059328 kB
Mapped:          1159872 kB
Shmem:             20068 kB
KReclaimable:     390160 kB
Slab:             316312 kB
SReclaimable:      88876 kB
SUnreclaim:       227436 kB
KernelStack:       50352 kB
ShadowCallStack:   12612 kB
PageTables:        73828 kB
NFS_Unstable:          0 kB
Bounce:                0 kB
WritebackTmp:          0 kB
CommitLimit:     8677876 kB
Committed_AS:   78349164 kB
VmallocTotal:   263061440 kB
VmallocUsed:      133796 kB
VmallocChunk:          0 kB
Percpu:             2448 kB
CmaTotal:         405504 kB
CmaFree:              76 kB
MemTotal:        7918588 kB
MemFree:          214940 kB
MemAvailable:    3536980 kB
Buffers:           41752 kB
Cached:          3305244 kB
SwapCached:            0 kB
Active:          3233232 kB
Inactive:        2168668 kB
Active(anon):    2012632 kB
Inactive(anon):    67168 kB
Active(file):    1220600 kB
Inactive(file):  2101500 kB
Unevictable:        6352 kB
Mlocked:            5912 kB
SwapTotal:       4718584 kB
SwapFree:        4718584 kB
Dirty:             18460 kB
Writeback:             0 kB
AnonPages:       2061372 kB
Mapped:          1159932 kB
Shmem:             20072 kB
KReclaimable:     390164 kB
Slab:             316372 kB
SReclaimable:      88876 kB
SUnreclaim:       227496 kB
KernelStack:       50304 kB
ShadowCallStack:   12608 kB
PageTables:        73920 kB
NFS_Unstable:          0 kB
Bounce:                0 kB
WritebackTmp:          0 kB
CommitLimit:     8677876 kB
Committed_AS:   78349248 kB
VmallocTotal:   263061440 kB
VmallocUsed:      133772 kB
VmallocChunk:          0 kB
Percpu:             2448 kB
CmaTotal:         405504 kB
CmaFree:             140 kB
MemTotal:        7918588 kB
MemFree:          212368 kB
MemAvailable:    3493912 kB
Buffers:           41668 kB
Cached:          3269044 kB
SwapCached:            0 kB
Active:          3283548 kB
Inactive:        2123144 kB
Active(anon):    2053960 kB
Inactive(anon):    67160 kB
Active(file):    1229588 kB
Inactive(file):  2055984 kB
Unevictable:        6352 kB
Mlocked:            5912 kB
SwapTotal:       4718584 kB
SwapFree:        4718584 kB
Dirty:             18468 kB
Writeback:             0 kB
AnonPages:       2102708 kB
Mapped:          1157784 kB
Shmem:             20072 kB
KReclaimable:     386196 kB
Slab:             316416 kB
SReclaimable:      88876 kB
SUnreclaim:       227540 kB
KernelStack:       50368 kB
ShadowCallStack:   12636 kB
PageTables:        74040 kB
NFS_Unstable:          0 kB
Bounce:                0 kB
WritebackTmp:          0 kB
CommitLimit:     8677876 kB
Committed_AS:   78431168 kB
VmallocTotal:   263061440 kB
VmallocUsed:      133776 kB
VmallocChunk:          0 kB
Percpu:             2448 kB
CmaTotal:         405504 kB
CmaFree:              16 kB
MemTotal:        7918588 kB
MemFree:          212832 kB
MemAvailable:    3494324 kB
Buffers:           41668 kB
Cached:          3268884 kB
SwapCached:            0 kB
Active:          3283588 kB
Inactive:        2123116 kB
Active(anon):    2053888 kB
Inactive(anon):    67168 kB
Active(file):    1229700 kB
Inactive(file):  2055948 kB
Unevictable:        6352 kB
Mlocked:            5912 kB
SwapTotal:       4718584 kB
SwapFree:        4718584 kB
Dirty:             18472 kB
Writeback:             0 kB
AnonPages:       2102568 kB
Mapped:          1157708 kB
Shmem:             20080 kB
KReclaimable:     386068 kB
Slab:             316380 kB
SReclaimable:      88876 kB
SUnreclaim:       227504 kB
KernelStack:       50176 kB
ShadowCallStack:   12564 kB
PageTables:        74112 kB
NFS_Unstable:          0 kB
Bounce:                0 kB
WritebackTmp:          0 kB
CommitLimit:     8677876 kB
Committed_AS:   78430652 kB
VmallocTotal:   263061440 kB
VmallocUsed:      133592 kB
VmallocChunk:          0 kB
Percpu:             2448 kB
CmaTotal:         405504 kB
CmaFree:             128 kB
MemTotal:        7918588 kB
MemFree:          212480 kB
MemAvailable:    3479316 kB
Buffers:           41632 kB
Cached:          3255864 kB
SwapCached:            0 kB
Active:          3299224 kB
Inactive:        2110064 kB
Active(anon):    2069524 kB
Inactive(anon):    67172 kB
Active(file):    1229700 kB
Inactive(file):  2042892 kB
Unevictable:        6352 kB
Mlocked:            5912 kB
SwapTotal:       4718584 kB
SwapFree:        4718584 kB
Dirty:             18472 kB
Writeback:             0 kB
AnonPages:       2118220 kB
Mapped:          1157784 kB
Shmem:             20080 kB
KReclaimable:     384468 kB
Slab:             316300 kB
SReclaimable:      88812 kB
SUnreclaim:       227488 kB
KernelStack:       50160 kB
ShadowCallStack:   12576 kB
PageTables:        74092 kB
NFS_Unstable:          0 kB
Bounce:                0 kB
WritebackTmp:          0 kB
CommitLimit:     8677876 kB
Committed_AS:   78463420 kB
VmallocTotal:   263061440 kB
VmallocUsed:      133556 kB
VmallocChunk:          0 kB
Percpu:             2448 kB
CmaTotal:         405504 kB
CmaFree:             128 kB
MemTotal:        7918588 kB
MemFree:          214852 kB
MemAvailable:    3454472 kB
Buffers:           41612 kB
Cached:          3231740 kB
SwapCached:            0 kB
Active:          3332468 kB
Inactive:        2076868 kB
Active(anon):    2093716 kB
Inactive(anon):    67172 kB
Active(file):    1238752 kB
Inactive(file):  2009696 kB
Unevictable:        6352 kB
Mlocked:            5912 kB
SwapTotal:       4718584 kB
SwapFree:        4718584 kB
Dirty:             18452 kB
Writeback:             0 kB
AnonPages:       2142392 kB
Mapped:          1153136 kB
Shmem:             20080 kB
KReclaimable:     381396 kB
Slab:             316280 kB
SReclaimable:      88812 kB
SUnreclaim:       227468 kB
KernelStack:       50160 kB
ShadowCallStack:   12572 kB
PageTables:        74252 kB
NFS_Unstable:          0 kB
Bounce:                0 kB
WritebackTmp:          0 kB
CommitLimit:     8677876 kB
Committed_AS:   78545340 kB
VmallocTotal:   263061440 kB
VmallocUsed:      133572 kB
VmallocChunk:          0 kB
Percpu:             2448 kB
CmaTotal:         405504 kB
CmaFree:             640 kB
MemTotal:        7918588 kB
MemFree:          213936 kB
MemAvailable:    3453600 kB
Buffers:           41644 kB
Cached:          3231740 kB
SwapCached:            0 kB
Active:          3333392 kB
Inactive:        2076896 kB
Active(anon):    2094640 kB
Inactive(anon):    67168 kB
Active(file):    1238752 kB
Inactive(file):  2009728 kB
Unevictable:        6352 kB
Mlocked:            5912 kB
SwapTotal:       4718584 kB
SwapFree:        4718584 kB
Dirty:             17928 kB
Writeback:             0 kB
AnonPages:       2143476 kB
Mapped:          1153132 kB
Shmem:             20080 kB
KReclaimable:     381408 kB
Slab:             316312 kB
SReclaimable:      88812 kB
SUnreclaim:       227500 kB
KernelStack:       50176 kB
ShadowCallStack:   12576 kB
PageTables:        74480 kB
NFS_Unstable:          0 kB
Bounce:                0 kB
WritebackTmp:          0 kB
CommitLimit:     8677876 kB
Committed_AS:   78545340 kB
VmallocTotal:   263061440 kB
VmallocUsed:      133592 kB
VmallocChunk:          0 kB
Percpu:             2448 kB
CmaTotal:         405504 kB
CmaFree:             640 kB
MemTotal:        7918588 kB
MemFree:          214168 kB
MemAvailable:    3422364 kB
Buffers:           41620 kB
Cached:          3202784 kB
SwapCached:            0 kB
Active:          3366272 kB
Inactive:        2046724 kB
Active(anon):    2126308 kB
Inactive(anon):    67172 kB
Active(file):    1239964 kB
Inactive(file):  1979552 kB
Unevictable:        6352 kB
Mlocked:            5912 kB
SwapTotal:       4718584 kB
SwapFree:        4718584 kB
Dirty:             17944 kB
Writeback:             0 kB
AnonPages:       2175072 kB
Mapped:          1143104 kB
Shmem:             20064 kB
KReclaimable:     378904 kB
Slab:             315764 kB
SReclaimable:      88812 kB
SUnreclaim:       226952 kB
KernelStack:       49920 kB
ShadowCallStack:   12504 kB
PageTables:        73796 kB
NFS_Unstable:          0 kB
Bounce:                0 kB
WritebackTmp:          0 kB
CommitLimit:     8677876 kB
Committed_AS:   77294296 kB
VmallocTotal:   263061440 kB
VmallocUsed:      133260 kB
VmallocChunk:          0 kB
Percpu:             2448 kB
CmaTotal:         405504 kB
CmaFree:               0 kB
MemTotal:        7918588 kB
MemFree:          220300 kB
MemAvailable:    3423380 kB
Buffers:           41620 kB
Cached:          3198704 kB
SwapCached:            0 kB
Active:          3371192 kB
Inactive:        2037180 kB
Active(anon):    2125644 kB
Inactive(anon):    67172 kB
Active(file):    1245548 kB
Inactive(file):  1970008 kB
Unevictable:        6352 kB
Mlocked:            5912 kB
SwapTotal:       4718584 kB
SwapFree:        4718584 kB
Dirty:             17944 kB
Writeback:             0 kB
AnonPages:       2174476 kB
Mapped:          1137116 kB
Shmem:             19944 kB
KReclaimable:     377748 kB
Slab:             315412 kB
SReclaimable:      88808 kB
SUnreclaim:       226604 kB
KernelStack:       49616 kB
ShadowCallStack:   12460 kB
PageTables:        73024 kB
NFS_Unstable:          0 kB
Bounce:                0 kB
WritebackTmp:          0 kB
CommitLimit:     8677876 kB
Committed_AS:   75974316 kB
VmallocTotal:   263061440 kB
VmallocUsed:      132924 kB
VmallocChunk:          0 kB
Percpu:             2448 kB
CmaTotal:         405504 kB
CmaFree:             216 kB
MemTotal:        7918588 kB
MemFree:          221820 kB
MemAvailable:    3424900 kB
Buffers:           41620 kB
Cached:          3198704 kB
SwapCached:            0 kB
Active:          3371776 kB
Inactive:        2037180 kB
Active(anon):    2126228 kB
Inactive(anon):    67172 kB
Active(file):    1245548 kB
Inactive(file):  1970008 kB
Unevictable:        6352 kB
Mlocked:            5912 kB
SwapTotal:       4718584 kB
SwapFree:        4718584 kB
Dirty:             17956 kB
Writeback:             0 kB
AnonPages:       2175096 kB
Mapped:          1137032 kB
Shmem:             19944 kB
KReclaimable:     377748 kB
Slab:             315076 kB
SReclaimable:      88808 kB
SUnreclaim:       226268 kB
KernelStack:       49616 kB
ShadowCallStack:   12428 kB
PageTables:        72912 kB
NFS_Unstable:          0 kB
Bounce:                0 kB
WritebackTmp:          0 kB
CommitLimit:     8677876 kB
Committed_AS:   75971408 kB
VmallocTotal:   263061440 kB
VmallocUsed:      132880 kB
VmallocChunk:          0 kB
Percpu:             2448 kB
CmaTotal:         405504 kB
CmaFree:             216 kB
MemTotal:        7918588 kB
MemFree:          213556 kB
MemAvailable:    3382172 kB
Buffers:           41604 kB
Cached:          3167344 kB
SwapCached:            0 kB
Active:          3418356 kB
Inactive:        2001512 kB
Active(anon):    2168532 kB
Inactive(anon):    67172 kB
Active(file):    1249824 kB
Inactive(file):  1934340 kB
Unevictable:        6352 kB
Mlocked:            5912 kB
SwapTotal:       4718584 kB
SwapFree:        4718584 kB
Dirty:             17964 kB
Writeback:             0 kB
AnonPages:       2217284 kB
Mapped:          1135584 kB
Shmem:             19960 kB
KReclaimable:     374676 kB
Slab:             315100 kB
SReclaimable:      88808 kB
SUnreclaim:       226292 kB
KernelStack:       49616 kB
ShadowCallStack:   12436 kB
PageTables:        73208 kB
NFS_Unstable:          0 kB
Bounce:                0 kB
WritebackTmp:          0 kB
CommitLimit:     8677876 kB
Committed_AS:   76069728 kB
VmallocTotal:   263061440 kB
VmallocUsed:      132840 kB
VmallocChunk:          0 kB
Percpu:             2448 kB
CmaTotal:         405504 kB
CmaFree:               0 kB
MemTotal:        7918588 kB
MemFree:          212692 kB
MemAvailable:    3381308 kB
Buffers:           41604 kB
Cached:          3167352 kB
SwapCached:            0 kB
Active:          3418636 kB
Inactive:        2001512 kB
Active(anon):    2168812 kB
Inactive(anon):    67172 kB
Active(file):    1249824 kB
Inactive(file):  1934340 kB
Unevictable:        6352 kB
Mlocked:            5912 kB
SwapTotal:       4718584 kB
SwapFree:        4718584 kB
Dirty:               240 kB
Writeback:             0 kB
AnonPages:       2217616 kB
Mapped:          1135568 kB
Shmem:             19968 kB
KReclaimable:     374676 kB
Slab:             315196 kB
SReclaimable:      88808 kB
SUnreclaim:       226388 kB
KernelStack:       49584 kB
ShadowCallStack:   12428 kB
PageTables:        73088 kB
NFS_Unstable:          0 kB
Bounce:                0 kB
WritebackTmp:          0 kB
CommitLimit:     8677876 kB
Committed_AS:   76069684 kB
VmallocTotal:   263061440 kB
VmallocUsed:      132840 kB
VmallocChunk:          0 kB
Percpu:             2448 kB
CmaTotal:         405504 kB
CmaFree:               0 kB
MemTotal:        7918588 kB
MemFree:          211504 kB
MemAvailable:    3210856 kB
Buffers:           41476 kB
Cached:          3119920 kB
SwapCached:            0 kB
Active:          3472036 kB
Inactive:        1953888 kB
Active(anon):    2222188 kB
Inactive(anon):    67172 kB
Active(file):    1249848 kB
Inactive(file):  1886716 kB
Unevictable:        6352 kB
Mlocked:            5912 kB
SwapTotal:       4718584 kB
SwapFree:        4718584 kB
Dirty:               296 kB
Writeback:             0 kB
AnonPages:       2270936 kB
Mapped:          1136192 kB
Shmem:             20008 kB
KReclaimable:     253012 kB
Slab:             315464 kB
SReclaimable:      88808 kB
SUnreclaim:       226656 kB
KernelStack:       49728 kB
ShadowCallStack:   12456 kB
PageTables:        73420 kB
NFS_Unstable:          0 kB
Bounce:                0 kB
WritebackTmp:          0 kB
CommitLimit:     8677876 kB
Committed_AS:   76119232 kB
VmallocTotal:   263061440 kB
VmallocUsed:      133008 kB
VmallocChunk:          0 kB
Percpu:             2448 kB
CmaTotal:         405504 kB
CmaFree:               0 kB
MemTotal:        7918588 kB
MemFree:          211932 kB
MemAvailable:    3179040 kB
Buffers:           41352 kB
Cached:          3094068 kB
SwapCached:            0 kB
Active:          3500728 kB
Inactive:        1927764 kB
Active(anon):    2250848 kB
Inactive(anon):    67172 kB
Active(file):    1249880 kB
Inactive(file):  1860592 kB
Unevictable:        6352 kB
Mlocked:            5912 kB
SwapTotal:       4718584 kB
SwapFree:        4718584 kB
Dirty:               296 kB
Writeback:             0 kB
AnonPages:       2299520 kB
Mapped:          1136660 kB
Shmem:             20124 kB
KReclaimable:     246860 kB
Slab:             315536 kB
SReclaimable:      88800 kB
SUnreclaim:       226736 kB
KernelStack:       49712 kB
ShadowCallStack:   12460 kB
PageTables:        73556 kB
NFS_Unstable:          0 kB
Bounce:                0 kB
WritebackTmp:          0 kB
CommitLimit:     8677876 kB
Committed_AS:   76168388 kB
VmallocTotal:   263061440 kB
VmallocUsed:      133012 kB
VmallocChunk:          0 kB
Percpu:             2448 kB
CmaTotal:         405504 kB
CmaFree:               0 kB
MemTotal:        7918588 kB
MemFree:          247756 kB
MemAvailable:    3336440 kB
Buffers:           41352 kB
Cached:          3093928 kB
SwapCached:            0 kB
Active:          3462884 kB
Inactive:        1927764 kB
Active(anon):    2213004 kB
Inactive(anon):    67172 kB
Active(file):    1249880 kB
Inactive(file):  1860592 kB
Unevictable:        6352 kB
Mlocked:            5912 kB
SwapTotal:       4718584 kB
SwapFree:        4718584 kB
Dirty:               296 kB
Writeback:             0 kB
AnonPages:       2261808 kB
Mapped:          1135916 kB
Shmem:             19984 kB
KReclaimable:     368436 kB
Slab:             315444 kB
SReclaimable:      88800 kB
SUnreclaim:       226644 kB
KernelStack:       49616 kB
ShadowCallStack:   12436 kB
PageTables:        73420 kB
NFS_Unstable:          0 kB
Bounce:                0 kB
WritebackTmp:          0 kB
CommitLimit:     8677876 kB
Committed_AS:   76167440 kB
VmallocTotal:   263061440 kB
VmallocUsed:      132856 kB
VmallocChunk:          0 kB
Percpu:             2448 kB
CmaTotal:         405504 kB
CmaFree:               0 kB
MemTotal:        7918588 kB
MemFree:          212548 kB
MemAvailable:    3301232 kB
Buffers:           41352 kB
Cached:          3093928 kB
SwapCached:            0 kB
Active:          3498360 kB
Inactive:        1927764 kB
Active(anon):    2248480 kB
Inactive(anon):    67172 kB
Active(file):    1249880 kB
Inactive(file):  1860592 kB
Unevictable:        6352 kB
Mlocked:            5912 kB
SwapTotal:       4718584 kB
SwapFree:        4718584 kB
Dirty:               308 kB
Writeback:             0 kB
AnonPages:       2297280 kB
Mapped:          1136216 kB
Shmem:             19984 kB
KReclaimable:     368436 kB
Slab:             315456 kB
SReclaimable:      88800 kB
SUnreclaim:       226656 kB
KernelStack:       49616 kB
ShadowCallStack:   12428 kB
PageTables:        73644 kB
NFS_Unstable:          0 kB
Bounce:                0 kB
WritebackTmp:          0 kB
CommitLimit:     8677876 kB
Committed_AS:   76265744 kB
VmallocTotal:   263061440 kB
VmallocUsed:      132852 kB
VmallocChunk:          0 kB
Percpu:             2448 kB
CmaTotal:         405504 kB
CmaFree:               0 kB
MemTotal:        7918588 kB
MemFree:          212464 kB
MemAvailable:    3293784 kB
Buffers:           41352 kB
Cached:          3087076 kB
SwapCached:            0 kB
Active:          3507888 kB
Inactive:        1919100 kB
Active(anon):    2256196 kB
Inactive(anon):    67172 kB
Active(file):    1251692 kB
Inactive(file):  1851928 kB
Unevictable:        6352 kB
Mlocked:            5912 kB
SwapTotal:       4718584 kB
SwapFree:        4718584 kB
Dirty:               308 kB
Writeback:             0 kB
AnonPages:       2305008 kB
Mapped:          1134784 kB
Shmem:             19984 kB
KReclaimable:     367924 kB
Slab:             315456 kB
SReclaimable:      88800 kB
SUnreclaim:       226656 kB
KernelStack:       49584 kB
ShadowCallStack:   12428 kB
PageTables:        73600 kB
NFS_Unstable:          0 kB
Bounce:                0 kB
WritebackTmp:          0 kB
CommitLimit:     8677876 kB
Committed_AS:   76282024 kB
VmallocTotal:   263061440 kB
VmallocUsed:      132816 kB
VmallocChunk:          0 kB
Percpu:             2448 kB
CmaTotal:         405504 kB
CmaFree:               0 kB
MemTotal:        7918588 kB
MemFree:          211740 kB
MemAvailable:    3293064 kB
Buffers:           41352 kB
Cached:          3087080 kB
SwapCached:            0 kB
Active:          3508596 kB
Inactive:        1919104 kB
Active(anon):    2256904 kB
Inactive(anon):    67172 kB
Active(file):    1251692 kB
Inactive(file):  1851932 kB
Unevictable:        6352 kB
Mlocked:            5912 kB
SwapTotal:       4718584 kB
SwapFree:        4718584 kB
Dirty:               316 kB
Writeback:             0 kB
AnonPages:       2305668 kB
Mapped:          1134884 kB
Shmem:             19984 kB
KReclaimable:     367924 kB
Slab:             315452 kB
SReclaimable:      88800 kB
SUnreclaim:       226652 kB
KernelStack:       49552 kB
ShadowCallStack:   12412 kB
PageTables:        73628 kB
NFS_Unstable:          0 kB
Bounce:                0 kB
WritebackTmp:          0 kB
CommitLimit:     8677876 kB
Committed_AS:   76281976 kB
VmallocTotal:   263061440 kB
VmallocUsed:      132788 kB
VmallocChunk:          0 kB
Percpu:             2448 kB
CmaTotal:         405504 kB
CmaFree:               0 kB
MemTotal:        7918588 kB
MemFree:          212728 kB
MemAvailable:    3249820 kB
Buffers:           41228 kB
Cached:          3046596 kB
SwapCached:            0 kB
Active:          3551084 kB
Inactive:        1877380 kB
Active(anon):    2298276 kB
Inactive(anon):    67172 kB
Active(file):    1252808 kB
Inactive(file):  1810208 kB
Unevictable:        6352 kB
Mlocked:            5912 kB
SwapTotal:       4718584 kB
SwapFree:        4718584 kB
Dirty:               316 kB
Writeback:             0 kB
AnonPages:       2347200 kB
Mapped:          1133976 kB
Shmem:             19984 kB
KReclaimable:     364300 kB
Slab:             315476 kB
SReclaimable:      88800 kB
SUnreclaim:       226676 kB
KernelStack:       49552 kB
ShadowCallStack:   12412 kB
PageTables:        73836 kB
NFS_Unstable:          0 kB
Bounce:                0 kB
WritebackTmp:          0 kB
CommitLimit:     8677876 kB
Committed_AS:   76380276 kB
VmallocTotal:   263061440 kB
VmallocUsed:      132796 kB
VmallocChunk:          0 kB
Percpu:             2448 kB
CmaTotal:         405504 kB
CmaFree:               0 kB
MemTotal:        7918588 kB
MemFree:          212696 kB
MemAvailable:    3249788 kB
Buffers:           41228 kB
Cached:          3046596 kB
SwapCached:            0 kB
Active:          3552748 kB
Inactive:        1877380 kB
Active(anon):    2299940 kB
Inactive(anon):    67172 kB
Active(file):    1252808 kB
Inactive(file):  1810208 kB
Unevictable:        6352 kB
Mlocked:            5912 kB
SwapTotal:       4718584 kB
SwapFree:        4718584 kB
Dirty:               316 kB
Writeback:             0 kB
AnonPages:       2348664 kB
Mapped:          1133876 kB
Shmem:             19984 kB
KReclaimable:     364300 kB
Slab:             315428 kB
SReclaimable:      88800 kB
SUnreclaim:       226628 kB
KernelStack:       49568 kB
ShadowCallStack:   12416 kB
PageTables:        73820 kB
NFS_Unstable:          0 kB
Bounce:                0 kB
WritebackTmp:          0 kB
CommitLimit:     8677876 kB
Committed_AS:   76380276 kB
VmallocTotal:   263061440 kB
VmallocUsed:      132780 kB
VmallocChunk:          0 kB
Percpu:             2448 kB
CmaTotal:         405504 kB
CmaFree:               0 kB
MemTotal:        7918588 kB
MemFree:          214984 kB
MemAvailable:    3232240 kB
Buffers:           41188 kB
Cached:          3028308 kB
SwapCached:            0 kB
Active:          3569312 kB
Inactive:        1858916 kB
Active(anon):    2316372 kB
Inactive(anon):    67172 kB
Active(file):    1252940 kB
Inactive(file):  1791744 kB
Unevictable:        6352 kB
Mlocked:            5912 kB
SwapTotal:       4718584 kB
SwapFree:        4718584 kB
Dirty:               412 kB
Writeback:             0 kB
AnonPages:       2365224 kB
Mapped:          1133964 kB
Shmem:             19988 kB
KReclaimable:     362796 kB
Slab:             315460 kB
SReclaimable:      88832 kB
SUnreclaim:       226628 kB
KernelStack:       49568 kB
ShadowCallStack:   12416 kB
PageTables:        73912 kB
NFS_Unstable:          0 kB
Bounce:                0 kB
WritebackTmp:          0 kB
CommitLimit:     8677876 kB
Committed_AS:   76429432 kB
VmallocTotal:   263061440 kB
VmallocUsed:      132776 kB
VmallocChunk:          0 kB
Percpu:             2448 kB
CmaTotal:         405504 kB
CmaFree:               0 kB
MemTotal:        7918588 kB
MemFree:          211716 kB
MemAvailable:    3205360 kB
Buffers:           41032 kB
Cached:          3006932 kB
SwapCached:            0 kB
Active:          3595220 kB
Inactive:        1837132 kB
Active(anon):    2342032 kB
Inactive(anon):    67168 kB
Active(file):    1253188 kB
Inactive(file):  1769964 kB
Unevictable:        6352 kB
Mlocked:            5912 kB
SwapTotal:       4718584 kB
SwapFree:        4718584 kB
Dirty:               412 kB
Writeback:             0 kB
AnonPages:       2390740 kB
Mapped:          1134152 kB
Shmem:             19988 kB
KReclaimable:     360716 kB
Slab:             315436 kB
SReclaimable:      88800 kB
SUnreclaim:       226636 kB
KernelStack:       49552 kB
ShadowCallStack:   12420 kB
PageTables:        74116 kB
NFS_Unstable:          0 kB
Bounce:                0 kB
WritebackTmp:          0 kB
CommitLimit:     8677876 kB
Committed_AS:   76478588 kB
VmallocTotal:   263061440 kB
VmallocUsed:      132796 kB
VmallocChunk:          0 kB
Percpu:             2448 kB
CmaTotal:         405504 kB
CmaFree:               0 kB
MemTotal:        7918588 kB
MemFree:          211340 kB
MemAvailable:    3204992 kB
Buffers:           41040 kB
Cached:          3006932 kB
SwapCached:            0 kB
Active:          3595476 kB
Inactive:        1837144 kB
Active(anon):    2342288 kB
Inactive(anon):    67172 kB
Active(file):    1253188 kB
Inactive(file):  1769972 kB
Unevictable:        6352 kB
Mlocked:            5912 kB
SwapTotal:       4718584 kB
SwapFree:        4718584 kB
Dirty:               432 kB
Writeback:             0 kB
AnonPages:       2391044 kB
Mapped:          1134052 kB
Shmem:             19988 kB
KReclaimable:     360716 kB
Slab:             315432 kB
SReclaimable:      88800 kB
SUnreclaim:       226632 kB
KernelStack:       49568 kB
ShadowCallStack:   12416 kB
PageTables:        74064 kB
NFS_Unstable:          0 kB
Bounce:                0 kB
WritebackTmp:          0 kB
CommitLimit:     8677876 kB
Committed_AS:   76478584 kB
VmallocTotal:   263061440 kB
VmallocUsed:      132780 kB
VmallocChunk:          0 kB
Percpu:             2448 kB
CmaTotal:         405504 kB
CmaFree:               0 kB
MemTotal:        7918588 kB
MemFree:          211124 kB
MemAvailable:    3167888 kB
Buffers:           40872 kB
Cached:          2972756 kB
SwapCached:            0 kB
Active:          3633116 kB
Inactive:        1802404 kB
Active(anon):    2379536 kB
Inactive(anon):    67168 kB
Active(file):    1253580 kB
Inactive(file):  1735236 kB
Unevictable:        6352 kB
Mlocked:            5912 kB
SwapTotal:       4718584 kB
SwapFree:        4718584 kB
Dirty:               432 kB
Writeback:             0 kB
AnonPages:       2428484 kB
Mapped:          1134292 kB
Shmem:             19988 kB
KReclaimable:     358172 kB
Slab:             315428 kB
SReclaimable:      88816 kB
SUnreclaim:       226612 kB
KernelStack:       49536 kB
ShadowCallStack:   12408 kB
PageTables:        74172 kB
NFS_Unstable:          0 kB
Bounce:                0 kB
WritebackTmp:          0 kB
CommitLimit:     8677876 kB
Committed_AS:   76576888 kB
VmallocTotal:   263061440 kB
VmallocUsed:      132792 kB
VmallocChunk:          0 kB
Percpu:             2448 kB
CmaTotal:         405504 kB
CmaFree:               0 kB
MemTotal:        7918588 kB
MemFree:          214344 kB
MemAvailable:    3161444 kB
Buffers:           40828 kB
Cached:          2964112 kB
SwapCached:            0 kB
Active:          3638672 kB
Inactive:        1793704 kB
Active(anon):    2385072 kB
Inactive(anon):    67176 kB
Active(file):    1253600 kB
Inactive(file):  1726528 kB
Unevictable:        6352 kB
Mlocked:            5912 kB
SwapTotal:       4718584 kB
SwapFree:        4718584 kB
Dirty:               432 kB
Writeback:             0 kB
AnonPages:       2433796 kB
Mapped:          1134332 kB
Shmem:             19988 kB
KReclaimable:     357196 kB
Slab:             315484 kB
SReclaimable:      88864 kB
SUnreclaim:       226620 kB
KernelStack:       49552 kB
ShadowCallStack:   12412 kB
PageTables:        74268 kB
NFS_Unstable:          0 kB
Bounce:                0 kB
WritebackTmp:          0 kB
CommitLimit:     8677876 kB
Committed_AS:   76593228 kB
VmallocTotal:   263061440 kB
VmallocUsed:      132772 kB
VmallocChunk:          0 kB
Percpu:             2448 kB
CmaTotal:         405504 kB
CmaFree:               0 kB
MemTotal:        7918588 kB
MemFree:          212988 kB
MemAvailable:    3160104 kB
Buffers:           40828 kB
Cached:          2964116 kB
SwapCached:            0 kB
Active:          3639500 kB
Inactive:        1793700 kB
Active(anon):    2385900 kB
Inactive(anon):    67172 kB
Active(file):    1253600 kB
Inactive(file):  1726528 kB
Unevictable:        6352 kB
Mlocked:            5912 kB
SwapTotal:       4718584 kB
SwapFree:        4718584 kB
Dirty:               432 kB
Writeback:             0 kB
AnonPages:       2434656 kB
Mapped:          1134336 kB
Shmem:             19992 kB
KReclaimable:     357212 kB
Slab:             315500 kB
SReclaimable:      88880 kB
SUnreclaim:       226620 kB
KernelStack:       49488 kB
ShadowCallStack:   12404 kB
PageTables:        74096 kB
NFS_Unstable:          0 kB
Bounce:                0 kB
WritebackTmp:          0 kB
CommitLimit:     8677876 kB
Committed_AS:   76593128 kB
VmallocTotal:   263061440 kB
VmallocUsed:      132752 kB
VmallocChunk:          0 kB
Percpu:             2448 kB
CmaTotal:         405504 kB
CmaFree:               0 kB
MemTotal:        7918588 kB
MemFree:          213648 kB
MemAvailable:    3117512 kB
Buffers:           40736 kB
Cached:          2924028 kB
SwapCached:            0 kB
Active:          3681216 kB
Inactive:        1753504 kB
Active(anon):    2427600 kB
Inactive(anon):    67172 kB
Active(file):    1253616 kB
Inactive(file):  1686332 kB
Unevictable:        6352 kB
Mlocked:            5912 kB
SwapTotal:       4718584 kB
SwapFree:        4718584 kB
Dirty:               328 kB
Writeback:             0 kB
AnonPages:       2476308 kB
Mapped:          1134612 kB
Shmem:             19992 kB
KReclaimable:     354140 kB
Slab:             315520 kB
SReclaimable:      88880 kB
SUnreclaim:       226640 kB
KernelStack:       49504 kB
ShadowCallStack:   12408 kB
PageTables:        74344 kB
NFS_Unstable:          0 kB
Bounce:                0 kB
WritebackTmp:          0 kB
CommitLimit:     8677876 kB
Committed_AS:   76675048 kB
VmallocTotal:   263061440 kB
VmallocUsed:      132720 kB
VmallocChunk:          0 kB
Percpu:             2448 kB
CmaTotal:         405504 kB
CmaFree:               0 kB
MemTotal:        7918588 kB
MemFree:          213052 kB
MemAvailable:    3116940 kB
Buffers:           40760 kB
Cached:          2924028 kB
SwapCached:            0 kB
Active:          3681336 kB
Inactive:        1753528 kB
Active(anon):    2427720 kB
Inactive(anon):    67172 kB
Active(file):    1253616 kB
Inactive(file):  1686356 kB
Unevictable:        6352 kB
Mlocked:            5912 kB
SwapTotal:       4718584 kB
SwapFree:        4718584 kB
Dirty:               368 kB
Writeback:             0 kB
AnonPages:       2476452 kB
Mapped:          1134596 kB
Shmem:             19992 kB
KReclaimable:     354140 kB
Slab:             315524 kB
SReclaimable:      88880 kB
SUnreclaim:       226644 kB
KernelStack:       49520 kB
ShadowCallStack:   12404 kB
PageTables:        74412 kB
NFS_Unstable:          0 kB
Bounce:                0 kB
WritebackTmp:          0 kB
CommitLimit:     8677876 kB
Committed_AS:   76675048 kB
VmallocTotal:   263061440 kB
VmallocUsed:      132728 kB
VmallocChunk:          0 kB
Percpu:             2448 kB
CmaTotal:         405504 kB
CmaFree:               0 kB
MemTotal:        7918588 kB
MemFree:          215072 kB
MemAvailable:    3100116 kB
Buffers:           40704 kB
Cached:          2906728 kB
SwapCached:            0 kB
Active:          3698472 kB
Inactive:        1736200 kB
Active(anon):    2444840 kB
Inactive(anon):    67168 kB
Active(file):    1253632 kB
Inactive(file):  1669032 kB
Unevictable:        6352 kB
Mlocked:            5912 kB
SwapTotal:       4718584 kB
SwapFree:        4718584 kB
Dirty:               368 kB
Writeback:             0 kB
AnonPages:       2493572 kB
Mapped:          1134812 kB
Shmem:             19992 kB
KReclaimable:     352604 kB
Slab:             315540 kB
SReclaimable:      88880 kB
SUnreclaim:       226660 kB
KernelStack:       49488 kB
ShadowCallStack:   12404 kB
PageTables:        74560 kB
NFS_Unstable:          0 kB
Bounce:                0 kB
WritebackTmp:          0 kB
CommitLimit:     8677876 kB
Committed_AS:   76740584 kB
VmallocTotal:   263061440 kB
VmallocUsed:      132728 kB
VmallocChunk:          0 kB
Percpu:             2448 kB
CmaTotal:         405504 kB
CmaFree:               0 kB
MemTotal:        7918588 kB
MemFree:          212744 kB
MemAvailable:    3074464 kB
Buffers:           40620 kB
Cached:          2885072 kB
SwapCached:            0 kB
Active:          3724664 kB
Inactive:        1714352 kB
Active(anon):    2470968 kB
Inactive(anon):    67172 kB
Active(file):    1253696 kB
Inactive(file):  1647180 kB
Unevictable:        6352 kB
Mlocked:            5912 kB
SwapTotal:       4718584 kB
SwapFree:        4718584 kB
Dirty:               368 kB
Writeback:             0 kB
AnonPages:       2519700 kB
Mapped:          1135096 kB
Shmem:             19992 kB
KReclaimable:     351068 kB
Slab:             315564 kB
SReclaimable:      88880 kB
SUnreclaim:       226684 kB
KernelStack:       49520 kB
ShadowCallStack:   12404 kB
PageTables:        74624 kB
NFS_Unstable:          0 kB
Bounce:                0 kB
WritebackTmp:          0 kB
CommitLimit:     8677876 kB
Committed_AS:   76789736 kB
VmallocTotal:   263061440 kB
VmallocUsed:      132732 kB
VmallocChunk:          0 kB
Percpu:             2448 kB
CmaTotal:         405504 kB
CmaFree:               0 kB
MemTotal:        7918588 kB
MemFree:          222088 kB
MemAvailable:    3083900 kB
Buffers:           40620 kB
Cached:          2884944 kB
SwapCached:            0 kB
Active:          3714868 kB
Inactive:        1714352 kB
Active(anon):    2461172 kB
Inactive(anon):    67172 kB
Active(file):    1253696 kB
Inactive(file):  1647180 kB
Unevictable:        6352 kB
Mlocked:            5912 kB
SwapTotal:       4718584 kB
SwapFree:        4718584 kB
Dirty:               372 kB
Writeback:             0 kB
AnonPages:       2510060 kB
Mapped:          1125920 kB
Shmem:             19864 kB
KReclaimable:     351160 kB
Slab:             315292 kB
SReclaimable:      88972 kB
SUnreclaim:       226320 kB
KernelStack:       49200 kB
ShadowCallStack:   12408 kB
PageTables:        73828 kB
NFS_Unstable:          0 kB
Bounce:                0 kB
WritebackTmp:          0 kB
CommitLimit:     8677876 kB
Committed_AS:   75448468 kB
VmallocTotal:   263061440 kB
VmallocUsed:      132412 kB
VmallocChunk:          0 kB
Percpu:             2448 kB
CmaTotal:         405504 kB
CmaFree:              48 kB
MemTotal:        7918588 kB
MemFree:          212540 kB
MemAvailable:    3050544 kB
Buffers:           40480 kB
Cached:          2863364 kB
SwapCached:            0 kB
Active:          3750288 kB
Inactive:        1692568 kB
Active(anon):    2496528 kB
Inactive(anon):    67172 kB
Active(file):    1253760 kB
Inactive(file):  1625396 kB
Unevictable:        6352 kB
Mlocked:            5912 kB
SwapTotal:       4718584 kB
SwapFree:        4718584 kB
Dirty:               372 kB
Writeback:             0 kB
AnonPages:       2545424 kB
Mapped:          1126240 kB
Shmem:             19864 kB
KReclaimable:     349072 kB
Slab:             315184 kB
SReclaimable:      88932 kB
SUnreclaim:       226252 kB
KernelStack:       49200 kB
ShadowCallStack:   12324 kB
PageTables:        73984 kB
NFS_Unstable:          0 kB
Bounce:                0 kB
WritebackTmp:          0 kB
CommitLimit:     8677876 kB
Committed_AS:   75530384 kB
VmallocTotal:   263061440 kB
VmallocUsed:      132328 kB
VmallocChunk:          0 kB
Percpu:             2448 kB
CmaTotal:         405504 kB
CmaFree:               0 kB
MemTotal:        7918588 kB
MemFree:          213392 kB
MemAvailable:    3042196 kB
Buffers:           40432 kB
Cached:          2854728 kB
SwapCached:            0 kB
Active:          3758344 kB
Inactive:        1683880 kB
Active(anon):    2504584 kB
Inactive(anon):    67172 kB
Active(file):    1253760 kB
Inactive(file):  1616708 kB
Unevictable:        6352 kB
Mlocked:            5912 kB
SwapTotal:       4718584 kB
SwapFree:        4718584 kB
Dirty:               380 kB
Writeback:             0 kB
AnonPages:       2553372 kB
Mapped:          1126272 kB
Shmem:             19868 kB
KReclaimable:     348560 kB
Slab:             315160 kB
SReclaimable:      88932 kB
SUnreclaim:       226228 kB
KernelStack:       49184 kB
ShadowCallStack:   12320 kB
PageTables:        73932 kB
NFS_Unstable:          0 kB
Bounce:                0 kB
WritebackTmp:          0 kB
CommitLimit:     8677876 kB
Committed_AS:   75546776 kB
VmallocTotal:   263061440 kB
VmallocUsed:      132308 kB
VmallocChunk:          0 kB
Percpu:             2448 kB
CmaTotal:         405504 kB
CmaFree:               0 kB
MemTotal:        7918588 kB
MemFree:          212888 kB
MemAvailable:    3041692 kB
Buffers:           40432 kB
Cached:          2854728 kB
SwapCached:            0 kB
Active:          3759456 kB
Inactive:        1683880 kB
Active(anon):    2505696 kB
Inactive(anon):    67172 kB
Active(file):    1253760 kB
Inactive(file):  1616708 kB
Unevictable:        6352 kB
Mlocked:            5912 kB
SwapTotal:       4718584 kB
SwapFree:        4718584 kB
Dirty:               380 kB
Writeback:             0 kB
AnonPages:       2554532 kB
Mapped:          1126288 kB
Shmem:             19868 kB
KReclaimable:     348560 kB
Slab:             315120 kB
SReclaimable:      88932 kB
SUnreclaim:       226188 kB
KernelStack:       49168 kB
ShadowCallStack:   12324 kB
PageTables:        73900 kB
NFS_Unstable:          0 kB
Bounce:                0 kB
WritebackTmp:          0 kB
CommitLimit:     8677876 kB
Committed_AS:   75563160 kB
VmallocTotal:   263061440 kB
VmallocUsed:      132324 kB
VmallocChunk:          0 kB
Percpu:             2448 kB
CmaTotal:         405504 kB
CmaFree:               0 kB
MemTotal:        7918588 kB
MemFree:          213480 kB
MemAvailable:    2840808 kB
Buffers:           40252 kB
Cached:          2768620 kB
SwapCached:            0 kB
Active:          3863360 kB
Inactive:        1574076 kB
Active(anon):    2586204 kB
Inactive(anon):    67172 kB
Active(file):    1277156 kB
Inactive(file):  1506904 kB
Unevictable:        6352 kB
Mlocked:            5912 kB
SwapTotal:       4718584 kB
SwapFree:        4718584 kB
Dirty:               380 kB
Writeback:             0 kB
AnonPages:       2634964 kB
Mapped:          1114356 kB
Shmem:             19988 kB
KReclaimable:     224464 kB
Slab:             315312 kB
SReclaimable:      88928 kB
SUnreclaim:       226384 kB
KernelStack:       49328 kB
ShadowCallStack:   12352 kB
PageTables:        74352 kB
NFS_Unstable:          0 kB
Bounce:                0 kB
WritebackTmp:          0 kB
CommitLimit:     8677876 kB
Committed_AS:   75661864 kB
VmallocTotal:   263061440 kB
VmallocUsed:      132456 kB
VmallocChunk:          0 kB
Percpu:             2448 kB
CmaTotal:         405504 kB
CmaFree:               0 kB
MemTotal:        7918588 kB
MemFree:          249448 kB
MemAvailable:    2997900 kB
Buffers:           40252 kB
Cached:          2768508 kB
SwapCached:            0 kB
Active:          3825632 kB
Inactive:        1574072 kB
Active(anon):    2548476 kB
Inactive(anon):    67168 kB
Active(file):    1277156 kB
Inactive(file):  1506904 kB
Unevictable:        6352 kB
Mlocked:            5912 kB
SwapTotal:       4718584 kB
SwapFree:        4718584 kB
Dirty:               380 kB
Writeback:             0 kB
AnonPages:       2597304 kB
Mapped:          1113764 kB
Shmem:             19876 kB
KReclaimable:     354616 kB
Slab:             315252 kB
SReclaimable:      88880 kB
SUnreclaim:       226372 kB
KernelStack:       49168 kB
ShadowCallStack:   12324 kB
PageTables:        74088 kB
NFS_Unstable:          0 kB
Bounce:                0 kB
WritebackTmp:          0 kB
CommitLimit:     8677876 kB
Committed_AS:   75661468 kB
VmallocTotal:   263061440 kB
VmallocUsed:      132360 kB
VmallocChunk:          0 kB
Percpu:             2448 kB
CmaTotal:         405504 kB
CmaFree:              12 kB
MemTotal:        7918588 kB
MemFree:          235556 kB
MemAvailable:    2984016 kB
Buffers:           40260 kB
Cached:          2768520 kB
SwapCached:            0 kB
Active:          3841296 kB
Inactive:        1574084 kB
Active(anon):    2564140 kB
Inactive(anon):    67172 kB
Active(file):    1277156 kB
Inactive(file):  1506912 kB
Unevictable:        6352 kB
Mlocked:            5912 kB
SwapTotal:       4718584 kB
SwapFree:        4718584 kB
Dirty:                28 kB
Writeback:             0 kB
AnonPages:       2613036 kB
Mapped:          1113736 kB
Shmem:             19888 kB
KReclaimable:     354616 kB
Slab:             315224 kB
SReclaimable:      88880 kB
SUnreclaim:       226344 kB
KernelStack:       49104 kB
ShadowCallStack:   12308 kB
PageTables:        74164 kB
NFS_Unstable:          0 kB
Bounce:                0 kB
WritebackTmp:          0 kB
CommitLimit:     8677876 kB
Committed_AS:   75710424 kB
VmallocTotal:   263061440 kB
VmallocUsed:      132264 kB
VmallocChunk:          0 kB
Percpu:             2448 kB
CmaTotal:         405504 kB
CmaFree:             140 kB
MemTotal:        7918588 kB
MemFree:          212676 kB
MemAvailable:    2956304 kB
Buffers:           40280 kB
Cached:          2764192 kB
SwapCached:            0 kB
Active:          3866952 kB
Inactive:        1569764 kB
Active(anon):    2589796 kB
Inactive(anon):    67172 kB
Active(file):    1277156 kB
Inactive(file):  1502592 kB
Unevictable:        6352 kB
Mlocked:            5912 kB
SwapTotal:       4718584 kB
SwapFree:        4718584 kB
Dirty:               112 kB
Writeback:             0 kB
AnonPages:       2638656 kB
Mapped:          1114060 kB
Shmem:             19900 kB
KReclaimable:     354104 kB
Slab:             315236 kB
SReclaimable:      88880 kB
SUnreclaim:       226356 kB
KernelStack:       49120 kB
ShadowCallStack:   12304 kB
PageTables:        74432 kB
NFS_Unstable:          0 kB
Bounce:                0 kB
WritebackTmp:          0 kB
CommitLimit:     8677876 kB
Committed_AS:   75759536 kB
VmallocTotal:   263061440 kB
VmallocUsed:      132224 kB
VmallocChunk:          0 kB
Percpu:             2448 kB
CmaTotal:         405504 kB
CmaFree:               0 kB
MemTotal:        7918588 kB
MemFree:          212312 kB
MemAvailable:    2955940 kB
Buffers:           40280 kB
Cached:          2764192 kB
SwapCached:            0 kB
Active:          3867208 kB
Inactive:        1569764 kB
Active(anon):    2590052 kB
Inactive(anon):    67172 kB
Active(file):    1277156 kB
Inactive(file):  1502592 kB
Unevictable:        6352 kB
Mlocked:            5912 kB
SwapTotal:       4718584 kB
SwapFree:        4718584 kB
Dirty:               112 kB
Writeback:             0 kB
AnonPages:       2638908 kB
Mapped:          1114092 kB
Shmem:             19900 kB
KReclaimable:     354104 kB
Slab:             315224 kB
SReclaimable:      88880 kB
SUnreclaim:       226344 kB
KernelStack:       49104 kB
ShadowCallStack:   12300 kB
PageTables:        74416 kB
NFS_Unstable:          0 kB
Bounce:                0 kB
WritebackTmp:          0 kB
CommitLimit:     8677876 kB
Committed_AS:   75759536 kB
VmallocTotal:   263061440 kB
VmallocUsed:      132224 kB
VmallocChunk:          0 kB
Percpu:             2448 kB
CmaTotal:         405504 kB
CmaFree:               0 kB
MemTotal:        7918588 kB
MemFree:          213712 kB
MemAvailable:    2922792 kB
Buffers:           40268 kB
Cached:          2732216 kB
SwapCached:            0 kB
Active:          3900612 kB
Inactive:        1537760 kB
Active(anon):    2623440 kB
Inactive(anon):    67172 kB
Active(file):    1277172 kB
Inactive(file):  1470588 kB
Unevictable:        6352 kB
Mlocked:            5912 kB
SwapTotal:       4718584 kB
SwapFree:        4718584 kB
Dirty:               112 kB
Writeback:             0 kB
AnonPages:       2672252 kB
Mapped:          1114208 kB
Shmem:             19900 kB
KReclaimable:     351544 kB
Slab:             315240 kB
SReclaimable:      88880 kB
SUnreclaim:       226360 kB
KernelStack:       49072 kB
ShadowCallStack:   12292 kB
PageTables:        74596 kB
NFS_Unstable:          0 kB
Bounce:                0 kB
WritebackTmp:          0 kB
CommitLimit:     8677876 kB
Committed_AS:   75841300 kB
VmallocTotal:   263061440 kB
VmallocUsed:      132164 kB
VmallocChunk:          0 kB
Percpu:             2448 kB
CmaTotal:         405504 kB
CmaFree:               0 kB
MemTotal:        7918588 kB
MemFree:          212424 kB
MemAvailable:    2912272 kB
Buffers:           40256 kB
Cached:          2723532 kB
SwapCached:            0 kB
Active:          3909928 kB
Inactive:        1529064 kB
Active(anon):    2632756 kB
Inactive(anon):    67172 kB
Active(file):    1277172 kB
Inactive(file):  1461892 kB
Unevictable:        6352 kB
Mlocked:            5912 kB
SwapTotal:       4718584 kB
SwapFree:        4718584 kB
Dirty:               140 kB
Writeback:             0 kB
AnonPages:       2681592 kB
Mapped:          1114268 kB
Shmem:             19900 kB
KReclaimable:     351008 kB
Slab:             315240 kB
SReclaimable:      88880 kB
SUnreclaim:       226360 kB
KernelStack:       49008 kB
ShadowCallStack:   12284 kB
PageTables:        74488 kB
NFS_Unstable:          0 kB
Bounce:                0 kB
WritebackTmp:          0 kB
CommitLimit:     8677876 kB
Committed_AS:   75857580 kB
VmallocTotal:   263061440 kB
VmallocUsed:      132124 kB
VmallocChunk:          0 kB
Percpu:             2448 kB
CmaTotal:         405504 kB
CmaFree:               0 kB
MemTotal:        7918588 kB
MemFree:          212000 kB
MemAvailable:    2911832 kB
Buffers:           40256 kB
Cached:          2723532 kB
SwapCached:            0 kB
Active:          3910420 kB
Inactive:        1529064 kB
Active(anon):    2633248 kB
Inactive(anon):    67172 kB
Active(file):    1277172 kB
Inactive(file):  1461892 kB
Unevictable:        6352 kB
Mlocked:            5912 kB
SwapTotal:       4718584 kB
SwapFree:        4718584 kB
Dirty:               148 kB
Writeback:             0 kB
AnonPages:       2682200 kB
Mapped:          1114376 kB
Shmem:             19900 kB
KReclaimable:     350992 kB
Slab:             315188 kB
SReclaimable:      88864 kB
SUnreclaim:       226324 kB
KernelStack:       48976 kB
ShadowCallStack:   12268 kB
PageTables:        74708 kB
NFS_Unstable:          0 kB
Bounce:                0 kB
WritebackTmp:          0 kB
CommitLimit:     8677876 kB
Committed_AS:   75857592 kB
VmallocTotal:   263061440 kB
VmallocUsed:      132048 kB
VmallocChunk:          0 kB
Percpu:             2448 kB
CmaTotal:         405504 kB
CmaFree:             128 kB
MemTotal:        7918588 kB
MemFree:          210952 kB
MemAvailable:    2870348 kB
Buffers:           40252 kB
Cached:          2686212 kB
SwapCached:            0 kB
Active:          3952212 kB
Inactive:        1491668 kB
Active(anon):    2674972 kB
Inactive(anon):    67168 kB
Active(file):    1277240 kB
Inactive(file):  1424500 kB
Unevictable:        6352 kB
Mlocked:            5912 kB
SwapTotal:       4718584 kB
SwapFree:        4718584 kB
Dirty:               104 kB
Writeback:             0 kB
AnonPages:       2723736 kB
Mapped:          1114680 kB
Shmem:             19900 kB
KReclaimable:     347880 kB
Slab:             315160 kB
SReclaimable:      88824 kB
SUnreclaim:       226336 kB
KernelStack:       48880 kB
ShadowCallStack:   12252 kB
PageTables:        74772 kB
NFS_Unstable:          0 kB
Bounce:                0 kB
WritebackTmp:          0 kB
CommitLimit:     8677876 kB
Committed_AS:   75955684 kB
VmallocTotal:   263061440 kB
VmallocUsed:      131964 kB
VmallocChunk:          0 kB
Percpu:             2448 kB
CmaTotal:         405504 kB
CmaFree:               0 kB
MemTotal:        7918588 kB
MemFree:          215496 kB
MemAvailable:    2870032 kB
Buffers:           40248 kB
Cached:          2681864 kB
SwapCached:            0 kB
Active:          3952520 kB
Inactive:        1487320 kB
Active(anon):    2675280 kB
Inactive(anon):    67172 kB
Active(file):    1277240 kB
Inactive(file):  1420148 kB
Unevictable:        6352 kB
Mlocked:            5912 kB
SwapTotal:       4718584 kB
SwapFree:        4718584 kB
Dirty:               104 kB
Writeback:             0 kB
AnonPages:       2724096 kB
Mapped:          1114724 kB
Shmem:             19900 kB
KReclaimable:     347372 kB
Slab:             315156 kB
SReclaimable:      88824 kB
SUnreclaim:       226332 kB
KernelStack:       48880 kB
ShadowCallStack:   12252 kB
PageTables:        74804 kB
NFS_Unstable:          0 kB
Bounce:                0 kB
WritebackTmp:          0 kB
CommitLimit:     8677876 kB
Committed_AS:   75955632 kB
VmallocTotal:   263061440 kB
VmallocUsed:      131932 kB
VmallocChunk:          0 kB
Percpu:             2448 kB
CmaTotal:         405504 kB
CmaFree:               0 kB
MemTotal:        7918588 kB
MemFree:          212368 kB
MemAvailable:    2852824 kB
Buffers:           40244 kB
Cached:          2668816 kB
SwapCached:            0 kB
Active:          3969592 kB
Inactive:        1474264 kB
Active(anon):    2692352 kB
Inactive(anon):    67172 kB
Active(file):    1277240 kB
Inactive(file):  1407092 kB
Unevictable:        6352 kB
Mlocked:            5912 kB
SwapTotal:       4718584 kB
SwapFree:        4718584 kB
Dirty:               104 kB
Writeback:             0 kB
AnonPages:       2741120 kB
Mapped:          1114760 kB
Shmem:             19904 kB
KReclaimable:     346348 kB
Slab:             315156 kB
SReclaimable:      88824 kB
SUnreclaim:       226332 kB
KernelStack:       48848 kB
ShadowCallStack:   12236 kB
PageTables:        74888 kB
NFS_Unstable:          0 kB
Bounce:                0 kB
WritebackTmp:          0 kB
CommitLimit:     8677876 kB
Committed_AS:   75988300 kB
VmallocTotal:   263061440 kB
VmallocUsed:      131908 kB
VmallocChunk:          0 kB
Percpu:             2448 kB
CmaTotal:         405504 kB
CmaFree:               0 kB
MemTotal:        7918588 kB
MemFree:          210692 kB
MemAvailable:    2825924 kB
Buffers:           40220 kB
Cached:          2645664 kB
SwapCached:            0 kB
Active:          3995252 kB
Inactive:        1450968 kB
Active(anon):    2717892 kB
Inactive(anon):    67172 kB
Active(file):    1277360 kB
Inactive(file):  1383796 kB
Unevictable:        6352 kB
Mlocked:            5912 kB
SwapTotal:       4718584 kB
SwapFree:        4718584 kB
Dirty:               104 kB
Writeback:             0 kB
AnonPages:       2766696 kB
Mapped:          1114900 kB
Shmem:             19904 kB
KReclaimable:     344300 kB
Slab:             315172 kB
SReclaimable:      88824 kB
SUnreclaim:       226348 kB
KernelStack:       48832 kB
ShadowCallStack:   12240 kB
PageTables:        74900 kB
NFS_Unstable:          0 kB
Bounce:                0 kB
WritebackTmp:          0 kB
CommitLimit:     8677876 kB
Committed_AS:   76037452 kB
VmallocTotal:   263061440 kB
VmallocUsed:      131908 kB
VmallocChunk:          0 kB
Percpu:             2448 kB
CmaTotal:         405504 kB
CmaFree:               0 kB
MemTotal:        7918588 kB
MemFree:          210472 kB
MemAvailable:    2825704 kB
Buffers:           40220 kB
Cached:          2645668 kB
SwapCached:            0 kB
Active:          3995396 kB
Inactive:        1450964 kB
Active(anon):    2718036 kB
Inactive(anon):    67168 kB
Active(file):    1277360 kB
Inactive(file):  1383796 kB
Unevictable:        6352 kB
Mlocked:            5912 kB
SwapTotal:       4718584 kB
SwapFree:        4718584 kB
Dirty:               104 kB
Writeback:             0 kB
AnonPages:       2766868 kB
Mapped:          1114864 kB
Shmem:             19908 kB
KReclaimable:     344300 kB
Slab:             315168 kB
SReclaimable:      88824 kB
SUnreclaim:       226344 kB
KernelStack:       48848 kB
ShadowCallStack:   12236 kB
PageTables:        75128 kB
NFS_Unstable:          0 kB
Bounce:                0 kB
WritebackTmp:          0 kB
CommitLimit:     8677876 kB
Committed_AS:   76037460 kB
VmallocTotal:   263061440 kB
VmallocUsed:      131892 kB
VmallocChunk:          0 kB
Percpu:             2448 kB
CmaTotal:         405504 kB
CmaFree:               0 kB
MemTotal:        7918588 kB
MemFree:          211196 kB
MemAvailable:    2793948 kB
Buffers:           40244 kB
Cached:          2615240 kB
SwapCached:            0 kB
Active:          4026652 kB
Inactive:        1420536 kB
Active(anon):    2749292 kB
Inactive(anon):    67172 kB
Active(file):    1277360 kB
Inactive(file):  1353364 kB
Unevictable:        6352 kB
Mlocked:            5912 kB
SwapTotal:       4718584 kB
SwapFree:        4718584 kB
Dirty:                68 kB
Writeback:             0 kB
AnonPages:       2798092 kB
Mapped:          1115256 kB
Shmem:             19936 kB
KReclaimable:     342252 kB
Slab:             315176 kB
SReclaimable:      88824 kB
SUnreclaim:       226352 kB
KernelStack:       48848 kB
ShadowCallStack:   12248 kB
PageTables:        75148 kB
NFS_Unstable:          0 kB
Bounce:                0 kB
WritebackTmp:          0 kB
CommitLimit:     8677876 kB
Committed_AS:   76135688 kB
VmallocTotal:   263061440 kB
VmallocUsed:      131892 kB
VmallocChunk:          0 kB
Percpu:             2448 kB
CmaTotal:         405504 kB
CmaFree:               0 kB
MemTotal:        7918588 kB
MemFree:          214328 kB
MemAvailable:    2783000 kB
Buffers:           40244 kB
Cached:          2602188 kB
SwapCached:            0 kB
Active:          4039024 kB
Inactive:        1407480 kB
Active(anon):    2761664 kB
Inactive(anon):    67172 kB
Active(file):    1277360 kB
Inactive(file):  1340308 kB
Unevictable:        6352 kB
Mlocked:            5912 kB
SwapTotal:       4718584 kB
SwapFree:        4718584 kB
Dirty:                68 kB
Writeback:             0 kB
AnonPages:       2810528 kB
Mapped:          1115420 kB
Shmem:             19940 kB
KReclaimable:     341228 kB
Slab:             315176 kB
SReclaimable:      88824 kB
SUnreclaim:       226352 kB
KernelStack:       48832 kB
ShadowCallStack:   12236 kB
PageTables:        75188 kB
NFS_Unstable:          0 kB
Bounce:                0 kB
WritebackTmp:          0 kB
CommitLimit:     8677876 kB
Committed_AS:   76152076 kB
VmallocTotal:   263061440 kB
VmallocUsed:      131868 kB
VmallocChunk:          0 kB
Percpu:             2448 kB
CmaTotal:         405504 kB
CmaFree:               0 kB
MemTotal:        7918588 kB
MemFree:          211776 kB
MemAvailable:    2780448 kB
Buffers:           40244 kB
Cached:          2602188 kB
SwapCached:            0 kB
Active:          4040892 kB
Inactive:        1407480 kB
Active(anon):    2763532 kB
Inactive(anon):    67172 kB
Active(file):    1277360 kB
Inactive(file):  1340308 kB
Unevictable:        6352 kB
Mlocked:            5912 kB
SwapTotal:       4718584 kB
SwapFree:        4718584 kB
Dirty:                68 kB
Writeback:             0 kB
AnonPages:       2812336 kB
Mapped:          1115372 kB
Shmem:             19940 kB
KReclaimable:     341228 kB
Slab:             315176 kB
SReclaimable:      88824 kB
SUnreclaim:       226352 kB
KernelStack:       48800 kB
ShadowCallStack:   12232 kB
PageTables:        75072 kB
NFS_Unstable:          0 kB
Bounce:                0 kB
WritebackTmp:          0 kB
CommitLimit:     8677876 kB
Committed_AS:   76152024 kB
VmallocTotal:   263061440 kB
VmallocUsed:      131848 kB
VmallocChunk:          0 kB
Percpu:             2448 kB
CmaTotal:         405504 kB
CmaFree:               0 kB
MemTotal:        7918588 kB
MemFree:          211484 kB
MemAvailable:    2736392 kB
Buffers:           40244 kB
Cached:          2561500 kB
SwapCached:            0 kB
Active:          4083300 kB
Inactive:        1366788 kB
Active(anon):    2805940 kB
Inactive(anon):    67172 kB
Active(file):    1277360 kB
Inactive(file):  1299616 kB
Unevictable:        6352 kB
Mlocked:            5912 kB
SwapTotal:       4718584 kB
SwapFree:        4718584 kB
Dirty:                84 kB
Writeback:             0 kB
AnonPages:       2854720 kB
Mapped:          1115652 kB
Shmem:             19944 kB
KReclaimable:     338156 kB
Slab:             315204 kB
SReclaimable:      88824 kB
SUnreclaim:       226380 kB
KernelStack:       48816 kB
ShadowCallStack:   12220 kB
PageTables:        75324 kB
NFS_Unstable:          0 kB
Bounce:                0 kB
WritebackTmp:          0 kB
CommitLimit:     8677876 kB
Committed_AS:   76233944 kB
VmallocTotal:   263061440 kB
VmallocUsed:      131848 kB
VmallocChunk:          0 kB
Percpu:             2448 kB
CmaTotal:         405504 kB
CmaFree:               0 kB
MemTotal:        7918588 kB
MemFree:          210476 kB
MemAvailable:    2735372 kB
Buffers:           40252 kB
Cached:          2561488 kB
SwapCached:            0 kB
Active:          4083508 kB
Inactive:        1366784 kB
Active(anon):    2806148 kB
Inactive(anon):    67172 kB
Active(file):    1277360 kB
Inactive(file):  1299612 kB
Unevictable:        6352 kB
Mlocked:            5912 kB
SwapTotal:       4718584 kB
SwapFree:        4718584 kB
Dirty:               152 kB
Writeback:             0 kB
AnonPages:       2854976 kB
Mapped:          1115620 kB
Shmem:             19944 kB
KReclaimable:     338148 kB
Slab:             315196 kB
SReclaimable:      88816 kB
SUnreclaim:       226380 kB
KernelStack:       48800 kB
ShadowCallStack:   12224 kB
PageTables:        75364 kB
NFS_Unstable:          0 kB
Bounce:                0 kB
WritebackTmp:          0 kB
CommitLimit:     8677876 kB
Committed_AS:   76233944 kB
VmallocTotal:   263061440 kB
VmallocUsed:      131844 kB
VmallocChunk:          0 kB
Percpu:             2448 kB
CmaTotal:         405504 kB
CmaFree:               0 kB
MemTotal:        7918588 kB
MemFree:          213208 kB
MemAvailable:    2719176 kB
Buffers:           40260 kB
Cached:          2544088 kB
SwapCached:            0 kB
Active:          4100712 kB
Inactive:        1349388 kB
Active(anon):    2823352 kB
Inactive(anon):    67168 kB
Active(file):    1277360 kB
Inactive(file):  1282220 kB
Unevictable:        6352 kB
Mlocked:            5912 kB
SwapTotal:       4718584 kB
SwapFree:        4718584 kB
Dirty:                96 kB
Writeback:             0 kB
AnonPages:       2872168 kB
Mapped:          1115800 kB
Shmem:             19944 kB
KReclaimable:     336612 kB
Slab:             315196 kB
SReclaimable:      88816 kB
SUnreclaim:       226380 kB
KernelStack:       48816 kB
ShadowCallStack:   12236 kB
PageTables:        75560 kB
NFS_Unstable:          0 kB
Bounce:                0 kB
WritebackTmp:          0 kB
CommitLimit:     8677876 kB
Committed_AS:   76299480 kB
VmallocTotal:   263061440 kB
VmallocUsed:      131848 kB
VmallocChunk:          0 kB
Percpu:             2448 kB
CmaTotal:         405504 kB
CmaFree:               0 kB
MemTotal:        7918588 kB
MemFree:          211680 kB
MemAvailable:    2692816 kB
Buffers:           40260 kB
Cached:          2520792 kB
SwapCached:            0 kB
Active:          4126424 kB
Inactive:        1326096 kB
Active(anon):    2849064 kB
Inactive(anon):    67172 kB
Active(file):    1277360 kB
Inactive(file):  1258924 kB
Unevictable:        6352 kB
Mlocked:            5912 kB
SwapTotal:       4718584 kB
SwapFree:        4718584 kB
Dirty:                96 kB
Writeback:             0 kB
AnonPages:       2897868 kB
Mapped:          1116084 kB
Shmem:             19944 kB
KReclaimable:     335076 kB
Slab:             315212 kB
SReclaimable:      88816 kB
SUnreclaim:       226396 kB
KernelStack:       48816 kB
ShadowCallStack:   12228 kB
PageTables:        75480 kB
NFS_Unstable:          0 kB
Bounce:                0 kB
WritebackTmp:          0 kB
CommitLimit:     8677876 kB
Committed_AS:   76348632 kB
VmallocTotal:   263061440 kB
VmallocUsed:      131840 kB
VmallocChunk:          0 kB
Percpu:             2448 kB
CmaTotal:         405504 kB
CmaFree:               0 kB
MemTotal:        7918588 kB
MemFree:          211256 kB
MemAvailable:    2692392 kB
Buffers:           40260 kB
Cached:          2520796 kB
SwapCached:            0 kB
Active:          4126844 kB
Inactive:        1326092 kB
Active(anon):    2849484 kB
Inactive(anon):    67168 kB
Active(file):    1277360 kB
Inactive(file):  1258924 kB
Unevictable:        6352 kB
Mlocked:            5912 kB
SwapTotal:       4718584 kB
SwapFree:        4718584 kB
Dirty:                96 kB
Writeback:             0 kB
AnonPages:       2898256 kB
Mapped:          1116008 kB
Shmem:             19948 kB
KReclaimable:     335076 kB
Slab:             315212 kB
SReclaimable:      88816 kB
SUnreclaim:       226396 kB
KernelStack:       48816 kB
ShadowCallStack:   12228 kB
PageTables:        75684 kB
NFS_Unstable:          0 kB
Bounce:                0 kB
WritebackTmp:          0 kB
CommitLimit:     8677876 kB
Committed_AS:   76348636 kB
VmallocTotal:   263061440 kB
VmallocUsed:      131848 kB
VmallocChunk:          0 kB
Percpu:             2448 kB
CmaTotal:         405504 kB
CmaFree:               0 kB
MemTotal:        7918588 kB
MemFree:          214816 kB
MemAvailable:    2500064 kB
Buffers:           40220 kB
Cached:          2428776 kB
SwapCached:            0 kB
Active:          4208292 kB
Inactive:        1233932 kB
Active(anon):    2930916 kB
Inactive(anon):    67172 kB
Active(file):    1277376 kB
Inactive(file):  1166760 kB
Unevictable:        6352 kB
Mlocked:            5912 kB
SwapTotal:       4718584 kB
SwapFree:        4718584 kB
Dirty:               100 kB
Writeback:             0 kB
AnonPages:       2979620 kB
Mapped:          1116804 kB
Shmem:             20036 kB
KReclaimable:     220148 kB
Slab:             315180 kB
SReclaimable:      88704 kB
SUnreclaim:       226476 kB
KernelStack:       48896 kB
ShadowCallStack:   12248 kB
PageTables:        75896 kB
NFS_Unstable:          0 kB
Bounce:                0 kB
WritebackTmp:          0 kB
CommitLimit:     8677876 kB
Committed_AS:   76463736 kB
VmallocTotal:   263061440 kB
VmallocUsed:      132036 kB
VmallocChunk:          0 kB
Percpu:             2448 kB
CmaTotal:         405504 kB
CmaFree:               0 kB
MemTotal:        7918588 kB
MemFree:          250528 kB
MemAvailable:    2646548 kB
Buffers:           40220 kB
Cached:          2428864 kB
SwapCached:            0 kB
Active:          4170880 kB
Inactive:        1233932 kB
Active(anon):    2893504 kB
Inactive(anon):    67172 kB
Active(file):    1277376 kB
Inactive(file):  1166760 kB
Unevictable:        6352 kB
Mlocked:            5912 kB
SwapTotal:       4718584 kB
SwapFree:        4718584 kB
Dirty:               100 kB
Writeback:             0 kB
AnonPages:       2942080 kB
Mapped:          1116504 kB
Shmem:             20124 kB
KReclaimable:     342108 kB
Slab:             315124 kB
SReclaimable:      88704 kB
SUnreclaim:       226420 kB
KernelStack:       48816 kB
ShadowCallStack:   12236 kB
PageTables:        75684 kB
NFS_Unstable:          0 kB
Bounce:                0 kB
WritebackTmp:          0 kB
CommitLimit:     8677876 kB
Committed_AS:   76463548 kB
VmallocTotal:   263061440 kB
VmallocUsed:      131928 kB
VmallocChunk:          0 kB
Percpu:             2448 kB
CmaTotal:         405504 kB
CmaFree:               0 kB
MemTotal:        7918588 kB
MemFree:          251540 kB
MemAvailable:    2647648 kB
Buffers:           40252 kB
Cached:          2428712 kB
SwapCached:            0 kB
Active:          4171372 kB
Inactive:        1233972 kB
Active(anon):    2893996 kB
Inactive(anon):    67172 kB
Active(file):    1277376 kB
Inactive(file):  1166800 kB
Unevictable:        6352 kB
Mlocked:            5912 kB
SwapTotal:       4718584 kB
SwapFree:        4718584 kB
Dirty:               172 kB
Writeback:             0 kB
AnonPages:       2942804 kB
Mapped:          1116240 kB
Shmem:             19964 kB
KReclaimable:     342156 kB
Slab:             315084 kB
SReclaimable:      88704 kB
SUnreclaim:       226380 kB
KernelStack:       48816 kB
ShadowCallStack:   12228 kB
PageTables:        75812 kB
NFS_Unstable:          0 kB
Bounce:                0 kB
WritebackTmp:          0 kB
CommitLimit:     8677876 kB
Committed_AS:   76463340 kB
VmallocTotal:   263061440 kB
VmallocUsed:      131840 kB
VmallocChunk:          0 kB
Percpu:             2448 kB
CmaTotal:         405504 kB
CmaFree:              12 kB
MemTotal:        7918588 kB
MemFree:          213712 kB
MemAvailable:    2605468 kB
Buffers:           40252 kB
Cached:          2424360 kB
SwapCached:            0 kB
Active:          4212992 kB
Inactive:        1229616 kB
Active(anon):    2935616 kB
Inactive(anon):    67168 kB
Active(file):    1277376 kB
Inactive(file):  1162448 kB
Unevictable:        6352 kB
Mlocked:            5912 kB
SwapTotal:       4718584 kB
SwapFree:        4718584 kB
Dirty:               216 kB
Writeback:             0 kB
AnonPages:       2984424 kB
Mapped:          1116708 kB
Shmem:             19964 kB
KReclaimable:     342156 kB
Slab:             315088 kB
SReclaimable:      88704 kB
SUnreclaim:       226384 kB
KernelStack:       48816 kB
ShadowCallStack:   12228 kB
PageTables:        76076 kB
NFS_Unstable:          0 kB
Bounce:                0 kB
WritebackTmp:          0 kB
CommitLimit:     8677876 kB
Committed_AS:   76545260 kB
VmallocTotal:   263061440 kB
VmallocUsed:      131824 kB
VmallocChunk:          0 kB
Percpu:             2448 kB
CmaTotal:         405504 kB
CmaFree:               0 kB
MemTotal:        7918588 kB
MemFree:          212900 kB
MemAvailable:    2604656 kB
Buffers:           40252 kB
Cached:          2424360 kB
SwapCached:            0 kB
Active:          4212992 kB
Inactive:        1229620 kB
Active(anon):    2935616 kB
Inactive(anon):    67172 kB
Active(file):    1277376 kB
Inactive(file):  1162448 kB
Unevictable:        6352 kB
Mlocked:            5912 kB
SwapTotal:       4718584 kB
SwapFree:        4718584 kB
Dirty:               344 kB
Writeback:             0 kB
AnonPages:       2984352 kB
Mapped:          1116600 kB
Shmem:             19964 kB
KReclaimable:     342156 kB
Slab:             315080 kB
SReclaimable:      88704 kB
SUnreclaim:       226376 kB
KernelStack:       48816 kB
ShadowCallStack:   12228 kB
PageTables:        75980 kB
NFS_Unstable:          0 kB
Bounce:                0 kB
WritebackTmp:          0 kB
CommitLimit:     8677876 kB
Committed_AS:   76545260 kB
VmallocTotal:   263061440 kB
VmallocUsed:      131848 kB
VmallocChunk:          0 kB
Percpu:             2448 kB
CmaTotal:         405504 kB
CmaFree:               0 kB
MemTotal:        7918588 kB
MemFree:          211384 kB
MemAvailable:    2589060 kB
Buffers:           40252 kB
Cached:          2411308 kB
SwapCached:            0 kB
Active:          4228152 kB
Inactive:        1216564 kB
Active(anon):    2950776 kB
Inactive(anon):    67172 kB
Active(file):    1277376 kB
Inactive(file):  1149392 kB
Unevictable:        6352 kB
Mlocked:            5912 kB
SwapTotal:       4718584 kB
SwapFree:        4718584 kB
Dirty:               112 kB
Writeback:             0 kB
AnonPages:       2999628 kB
Mapped:          1116876 kB
Shmem:             19968 kB
KReclaimable:     341132 kB
Slab:             315032 kB
SReclaimable:      88704 kB
SUnreclaim:       226328 kB
KernelStack:       48800 kB
ShadowCallStack:   12228 kB
PageTables:        76040 kB
NFS_Unstable:          0 kB
Bounce:                0 kB
WritebackTmp:          0 kB
CommitLimit:     8677876 kB
Committed_AS:   76594420 kB
VmallocTotal:   263061440 kB
VmallocUsed:      131844 kB
VmallocChunk:          0 kB
Percpu:             2448 kB
CmaTotal:         405504 kB
CmaFree:             124 kB
MemTotal:        7918588 kB
MemFree:          212996 kB
MemAvailable:    2562512 kB
Buffers:           40248 kB
Cached:          2385200 kB
SwapCached:            0 kB
Active:          4253692 kB
Inactive:        1190452 kB
Active(anon):    2976316 kB
Inactive(anon):    67172 kB
Active(file):    1277376 kB
Inactive(file):  1123280 kB
Unevictable:        6352 kB
Mlocked:            5912 kB
SwapTotal:       4718584 kB
SwapFree:        4718584 kB
Dirty:               112 kB
Writeback:             0 kB
AnonPages:       3025132 kB
Mapped:          1116988 kB
Shmem:             19968 kB
KReclaimable:     339084 kB
Slab:             315040 kB
SReclaimable:      88704 kB
SUnreclaim:       226336 kB
KernelStack:       48816 kB
ShadowCallStack:   12228 kB
PageTables:        76156 kB
NFS_Unstable:          0 kB
Bounce:                0 kB
WritebackTmp:          0 kB
CommitLimit:     8677876 kB
Committed_AS:   76659952 kB
VmallocTotal:   263061440 kB
VmallocUsed:      131844 kB
VmallocChunk:          0 kB
Percpu:             2448 kB
CmaTotal:         405504 kB
CmaFree:               0 kB
MemTotal:        7918588 kB
MemFree:          212836 kB
MemAvailable:    2562360 kB
Buffers:           40248 kB
Cached:          2385208 kB
SwapCached:            0 kB
Active:          4254132 kB
Inactive:        1190468 kB
Active(anon):    2976756 kB
Inactive(anon):    67180 kB
Active(file):    1277376 kB
Inactive(file):  1123288 kB
Unevictable:        6352 kB
Mlocked:            5912 kB
SwapTotal:       4718584 kB
SwapFree:        4718584 kB
Dirty:               136 kB
Writeback:             0 kB
AnonPages:       3025460 kB
Mapped:          1117048 kB
Shmem:             19968 kB
KReclaimable:     339084 kB
Slab:             315048 kB
SReclaimable:      88704 kB
SUnreclaim:       226344 kB
KernelStack:       48832 kB
ShadowCallStack:   12228 kB
PageTables:        76104 kB
NFS_Unstable:          0 kB
Bounce:                0 kB
WritebackTmp:          0 kB
CommitLimit:     8677876 kB
Committed_AS:   76659952 kB
VmallocTotal:   263061440 kB
VmallocUsed:      131844 kB
VmallocChunk:          0 kB
Percpu:             2448 kB
CmaTotal:         405504 kB
CmaFree:               0 kB
MemTotal:        7918588 kB
MemFree:          213796 kB
MemAvailable:    2525928 kB
Buffers:           40252 kB
Cached:          2350396 kB
SwapCached:            0 kB
Active:          4290308 kB
Inactive:        1155652 kB
Active(anon):    3012932 kB
Inactive(anon):    67172 kB
Active(file):    1277376 kB
Inactive(file):  1088480 kB
Unevictable:        6352 kB
Mlocked:            5912 kB
SwapTotal:       4718584 kB
SwapFree:        4718584 kB
Dirty:               188 kB
Writeback:             0 kB
AnonPages:       3061724 kB
Mapped:          1117408 kB
Shmem:             19968 kB
KReclaimable:     336500 kB
Slab:             315068 kB
SReclaimable:      88704 kB
SUnreclaim:       226364 kB
KernelStack:       48800 kB
ShadowCallStack:   12232 kB
PageTables:        76272 kB
NFS_Unstable:          0 kB
Bounce:                0 kB
WritebackTmp:          0 kB
CommitLimit:     8677876 kB
Committed_AS:   76741876 kB
VmallocTotal:   263061440 kB
VmallocUsed:      131844 kB
VmallocChunk:          0 kB
Percpu:             2448 kB
CmaTotal:         405504 kB
CmaFree:               0 kB
MemTotal:        7918588 kB
MemFree:          210416 kB
MemAvailable:    2517684 kB
Buffers:           40252 kB
Cached:          2346044 kB
SwapCached:            0 kB
Active:          4298036 kB
Inactive:        1151296 kB
Active(anon):    3020660 kB
Inactive(anon):    67168 kB
Active(file):    1277376 kB
Inactive(file):  1084128 kB
Unevictable:        6352 kB
Mlocked:            5912 kB
SwapTotal:       4718584 kB
SwapFree:        4718584 kB
Dirty:               188 kB
Writeback:             0 kB
AnonPages:       3069416 kB
Mapped:          1117408 kB
Shmem:             19968 kB
KReclaimable:     335988 kB
Slab:             315064 kB
SReclaimable:      88704 kB
SUnreclaim:       226360 kB
KernelStack:       48816 kB
ShadowCallStack:   12228 kB
PageTables:        76352 kB
NFS_Unstable:          0 kB
Bounce:                0 kB
WritebackTmp:          0 kB
CommitLimit:     8677876 kB
Committed_AS:   76759368 kB
VmallocTotal:   263061440 kB
VmallocUsed:      131848 kB
VmallocChunk:          0 kB
Percpu:             2448 kB
CmaTotal:         405504 kB
CmaFree:               0 kB
MemTotal:        7918588 kB
MemFree:          217656 kB
MemAvailable:    2520060 kB
Buffers:           40252 kB
Cached:          2341696 kB
SwapCached:            0 kB
Active:          4296140 kB
Inactive:        1146948 kB
Active(anon):    3018764 kB
Inactive(anon):    67172 kB
Active(file):    1277376 kB
Inactive(file):  1079776 kB
Unevictable:        6352 kB
Mlocked:            5912 kB
SwapTotal:       4718584 kB
SwapFree:        4718584 kB
Dirty:                96 kB
Writeback:             0 kB
AnonPages:       3067580 kB
Mapped:          1117304 kB
Shmem:             19972 kB
KReclaimable:     335476 kB
Slab:             315068 kB
SReclaimable:      88704 kB
SUnreclaim:       226364 kB
KernelStack:       48800 kB
ShadowCallStack:   12224 kB
PageTables:        76436 kB
NFS_Unstable:          0 kB
Bounce:                0 kB
WritebackTmp:          0 kB
CommitLimit:     8677876 kB
Committed_AS:   76759284 kB
VmallocTotal:   263061440 kB
VmallocUsed:      131828 kB
VmallocChunk:          0 kB
Percpu:             2448 kB
CmaTotal:         405504 kB
CmaFree:               0 kB
MemTotal:        7918588 kB
MemFree:          211884 kB
MemAvailable:    2476888 kB
Buffers:           40240 kB
Cached:          2306900 kB
SwapCached:            0 kB
Active:          4338124 kB
Inactive:        1112140 kB
Active(anon):    3060748 kB
Inactive(anon):    67172 kB
Active(file):    1277376 kB
Inactive(file):  1044968 kB
Unevictable:        6352 kB
Mlocked:            5912 kB
SwapTotal:       4718584 kB
SwapFree:        4718584 kB
Dirty:               132 kB
Writeback:             0 kB
AnonPages:       3109480 kB
Mapped:          1117732 kB
Shmem:             19972 kB
KReclaimable:     332884 kB
Slab:             315064 kB
SReclaimable:      88672 kB
SUnreclaim:       226392 kB
KernelStack:       48816 kB
ShadowCallStack:   12228 kB
PageTables:        76588 kB
NFS_Unstable:          0 kB
Bounce:                0 kB
WritebackTmp:          0 kB
CommitLimit:     8677876 kB
Committed_AS:   76857592 kB
VmallocTotal:   263061440 kB
VmallocUsed:      131844 kB
VmallocChunk:          0 kB
Percpu:             2448 kB
CmaTotal:         405504 kB
CmaFree:               0 kB
MemTotal:        7918588 kB
MemFree:          211412 kB
MemAvailable:    2476460 kB
Buffers:           40264 kB
Cached:          2306928 kB
SwapCached:            0 kB
Active:          4338256 kB
Inactive:        1112172 kB
Active(anon):    3060868 kB
Inactive(anon):    67172 kB
Active(file):    1277388 kB
Inactive(file):  1045000 kB
Unevictable:        6352 kB
Mlocked:            5912 kB
SwapTotal:       4718584 kB
SwapFree:        4718584 kB
Dirty:               208 kB
Writeback:             0 kB
AnonPages:       3109628 kB
Mapped:          1117640 kB
Shmem:             19980 kB
KReclaimable:     332884 kB
Slab:             315072 kB
SReclaimable:      88672 kB
SUnreclaim:       226400 kB
KernelStack:       48784 kB
ShadowCallStack:   12220 kB
PageTables:        76496 kB
NFS_Unstable:          0 kB
Bounce:                0 kB
WritebackTmp:          0 kB
CommitLimit:     8677876 kB
Committed_AS:   76857600 kB
VmallocTotal:   263061440 kB
VmallocUsed:      131832 kB
VmallocChunk:          0 kB
Percpu:             2448 kB
CmaTotal:         405504 kB
CmaFree:               0 kB
MemTotal:        7918588 kB
MemFree:          211652 kB
MemAvailable:    2454140 kB
Buffers:           40264 kB
Cached:          2285564 kB
SwapCached:            0 kB
Active:          4359588 kB
Inactive:        1090636 kB
Active(anon):    3082200 kB
Inactive(anon):    67172 kB
Active(file):    1277388 kB
Inactive(file):  1023464 kB
Unevictable:        6352 kB
Mlocked:            5912 kB
SwapTotal:       4718584 kB
SwapFree:        4718584 kB
Dirty:               212 kB
Writeback:             0 kB
AnonPages:       3130952 kB
Mapped:          1117808 kB
Shmem:             19980 kB
KReclaimable:     331860 kB
Slab:             315092 kB
SReclaimable:      88672 kB
SUnreclaim:       226420 kB
KernelStack:       48816 kB
ShadowCallStack:   12228 kB
PageTables:        76748 kB
NFS_Unstable:          0 kB
Bounce:                0 kB
WritebackTmp:          0 kB
CommitLimit:     8677876 kB
Committed_AS:   76923132 kB
VmallocTotal:   263061440 kB
VmallocUsed:      131864 kB
VmallocChunk:          0 kB
Percpu:             2448 kB
CmaTotal:         405504 kB
CmaFree:               0 kB
MemTotal:        7918588 kB
MemFree:          212104 kB
MemAvailable:    2433888 kB
Buffers:           40260 kB
Cached:          2266740 kB
SwapCached:            0 kB
Active:          4380748 kB
Inactive:        1071980 kB
Active(anon):    3103360 kB
Inactive(anon):    67172 kB
Active(file):    1277388 kB
Inactive(file):  1004808 kB
Unevictable:        6352 kB
Mlocked:            5912 kB
SwapTotal:       4718584 kB
SwapFree:        4718584 kB
Dirty:               212 kB
Writeback:             0 kB
AnonPages:       3152104 kB
Mapped:          1118052 kB
Shmem:             19980 kB
KReclaimable:     329812 kB
Slab:             315084 kB
SReclaimable:      88672 kB
SUnreclaim:       226412 kB
KernelStack:       48800 kB
ShadowCallStack:   12224 kB
PageTables:        76660 kB
NFS_Unstable:          0 kB
Bounce:                0 kB
WritebackTmp:          0 kB
CommitLimit:     8677876 kB
Committed_AS:   76939516 kB
VmallocTotal:   263061440 kB
VmallocUsed:      131848 kB
VmallocChunk:          0 kB
Percpu:             2448 kB
CmaTotal:         405504 kB
CmaFree:               0 kB
MemTotal:        7918588 kB
MemFree:          211744 kB
MemAvailable:    2433528 kB
Buffers:           40260 kB
Cached:          2266740 kB
SwapCached:            0 kB
Active:          4380976 kB
Inactive:        1071980 kB
Active(anon):    3103588 kB
Inactive(anon):    67172 kB
Active(file):    1277388 kB
Inactive(file):  1004808 kB
Unevictable:        6352 kB
Mlocked:            5912 kB
SwapTotal:       4718584 kB
SwapFree:        4718584 kB
Dirty:               216 kB
Writeback:             0 kB
AnonPages:       3152420 kB
Mapped:          1118100 kB
Shmem:             19980 kB
KReclaimable:     329812 kB
Slab:             315096 kB
SReclaimable:      88672 kB
SUnreclaim:       226424 kB
KernelStack:       48816 kB
ShadowCallStack:   12232 kB
PageTables:        76776 kB
NFS_Unstable:          0 kB
Bounce:                0 kB
WritebackTmp:          0 kB
CommitLimit:     8677876 kB
Committed_AS:   76939516 kB
VmallocTotal:   263061440 kB
VmallocUsed:      131816 kB
VmallocChunk:          0 kB
Percpu:             2448 kB
CmaTotal:         405504 kB
CmaFree:               0 kB
MemTotal:        7918588 kB
MemFree:          213832 kB
MemAvailable:    2401840 kB
Buffers:           40248 kB
Cached:          2235024 kB
SwapCached:            0 kB
Active:          4412328 kB
Inactive:        1040236 kB
Active(anon):    3134924 kB
Inactive(anon):    67172 kB
Active(file):    1277404 kB
Inactive(file):   973064 kB
Unevictable:        6352 kB
Mlocked:            5912 kB
SwapTotal:       4718584 kB
SwapFree:        4718584 kB
Dirty:                96 kB
Writeback:             0 kB
AnonPages:       3183712 kB
