MemTotal:        7918588 kB
MemFree:         3089828 kB
MemAvailable:    4663384 kB
Buffers:            5492 kB
Cached:          1419072 kB
SwapCached:        21800 kB
Active:          1419472 kB
Inactive:         725380 kB
Active(anon):     595400 kB
Inactive(anon):   145072 kB
Active(file):     824072 kB
Inactive(file):   580308 kB
Unevictable:        6448 kB
Mlocked:            6008 kB
SwapTotal:       4718584 kB
SwapFree:        3869180 kB
Dirty:            145400 kB
Writeback:             0 kB
AnonPages:        713876 kB
Mapped:           513196 kB
Shmem:             15472 kB
KReclaimable:     608552 kB
Slab:             319656 kB
SReclaimable:      88424 kB
SUnreclaim:       231232 kB
KernelStack:       51056 kB
ShadowCallStack:   12788 kB
PageTables:        65232 kB
NFS_Unstable:          0 kB
Bounce:                0 kB
WritebackTmp:          0 kB
CommitLimit:     8677876 kB
Committed_AS:   66164792 kB
VmallocTotal:   263061440 kB
VmallocUsed:      135712 kB
VmallocChunk:          0 kB
Percpu:             2448 kB
CmaTotal:         405504 kB
CmaFree:          319764 kB
MemTotal:        7918588 kB
MemFree:         3106652 kB
MemAvailable:    5033076 kB
Buffers:            5536 kB
Cached:          1432720 kB
SwapCached:        21916 kB
Active:          1405628 kB
Inactive:         725492 kB
Active(anon):     568708 kB
Inactive(anon):   144936 kB
Active(file):     836920 kB
Inactive(file):   580556 kB
Unevictable:        6448 kB
Mlocked:            6008 kB
SwapTotal:       4718584 kB
SwapFree:        3876860 kB
Dirty:            145408 kB
Writeback:             0 kB
AnonPages:        686264 kB
Mapped:           555844 kB
Shmem:             16076 kB
KReclaimable:     948324 kB
Slab:             319560 kB
SReclaimable:      88392 kB
SUnreclaim:       231168 kB
KernelStack:       51424 kB
ShadowCallStack:   12892 kB
PageTables:        65388 kB
NFS_Unstable:          0 kB
Bounce:                0 kB
WritebackTmp:          0 kB
CommitLimit:     8677876 kB
Committed_AS:   66231328 kB
VmallocTotal:   263061440 kB
VmallocUsed:      136160 kB
VmallocChunk:          0 kB
Percpu:             2448 kB
CmaTotal:         405504 kB
CmaFree:          319880 kB
MemTotal:        7918588 kB
MemFree:         3079636 kB
MemAvailable:    4790028 kB
Buffers:            5572 kB
Cached:          1433056 kB
SwapCached:        21924 kB
Active:          1430496 kB
Inactive:         725532 kB
Active(anon):     593320 kB
Inactive(anon):   144884 kB
Active(file):     837176 kB
Inactive(file):   580648 kB
Unevictable:        6448 kB
Mlocked:            6008 kB
SwapTotal:       4718584 kB
SwapFree:        3877116 kB
Dirty:            145432 kB
Writeback:             0 kB
AnonPages:        710852 kB
Mapped:           567688 kB
Shmem:             16092 kB
KReclaimable:     731944 kB
Slab:             319992 kB
SReclaimable:      88392 kB
SUnreclaim:       231600 kB
KernelStack:       51360 kB
ShadowCallStack:   12872 kB
PageTables:        65760 kB
NFS_Unstable:          0 kB
Bounce:                0 kB
WritebackTmp:          0 kB
CommitLimit:     8677876 kB
Committed_AS:   66260292 kB
VmallocTotal:   263061440 kB
VmallocUsed:      136156 kB
VmallocChunk:          0 kB
Percpu:             2448 kB
CmaTotal:         405504 kB
CmaFree:          319892 kB
MemTotal:        7918588 kB
MemFree:         3077288 kB
MemAvailable:    4786920 kB
Buffers:            5580 kB
Cached:          1433056 kB
SwapCached:        21924 kB
Active:          1433804 kB
Inactive:         725536 kB
Active(anon):     596628 kB
Inactive(anon):   144880 kB
Active(file):     837176 kB
Inactive(file):   580656 kB
Unevictable:        6448 kB
Mlocked:            6008 kB
SwapTotal:       4718584 kB
SwapFree:        3877116 kB
Dirty:            144932 kB
Writeback:             0 kB
AnonPages:        714196 kB
Mapped:           568360 kB
Shmem:             16092 kB
KReclaimable:     731176 kB
Slab:             320096 kB
SReclaimable:      88392 kB
SUnreclaim:       231704 kB
KernelStack:       51376 kB
ShadowCallStack:   12872 kB
PageTables:        65732 kB
NFS_Unstable:          0 kB
Bounce:                0 kB
WritebackTmp:          0 kB
CommitLimit:     8677876 kB
Committed_AS:   66260296 kB
VmallocTotal:   263061440 kB
VmallocUsed:      136144 kB
VmallocChunk:          0 kB
Percpu:             2448 kB
CmaTotal:         405504 kB
CmaFree:          319892 kB
MemTotal:        7918588 kB
MemFree:         3072604 kB
MemAvailable:    4782296 kB
Buffers:            5580 kB
Cached:          1433124 kB
SwapCached:        22064 kB
Active:          1444068 kB
Inactive:         723532 kB
Active(anon):     606884 kB
Inactive(anon):   142856 kB
Active(file):     837184 kB
Inactive(file):   580676 kB
Unevictable:        6448 kB
Mlocked:            6008 kB
SwapTotal:       4718584 kB
SwapFree:        3885308 kB
Dirty:            144952 kB
Writeback:             0 kB
AnonPages:        722184 kB
Mapped:           569488 kB
Shmem:             16132 kB
KReclaimable:     731208 kB
Slab:             320156 kB
SReclaimable:      88424 kB
SUnreclaim:       231732 kB
KernelStack:       51344 kB
ShadowCallStack:   12872 kB
PageTables:        65888 kB
NFS_Unstable:          0 kB
Bounce:                0 kB
WritebackTmp:          0 kB
CommitLimit:     8677876 kB
Committed_AS:   66260260 kB
VmallocTotal:   263061440 kB
VmallocUsed:      136140 kB
VmallocChunk:          0 kB
Percpu:             2448 kB
CmaTotal:         405504 kB
CmaFree:          321172 kB
MemTotal:        7918588 kB
MemFree:         3073436 kB
MemAvailable:    4806208 kB
Buffers:            5580 kB
Cached:          1436052 kB
SwapCached:        22064 kB
Active:          1444392 kB
Inactive:         722756 kB
Active(anon):     604284 kB
Inactive(anon):   142080 kB
Active(file):     840108 kB
Inactive(file):   580676 kB
Unevictable:        6448 kB
Mlocked:            6008 kB
SwapTotal:       4718584 kB
SwapFree:        3886076 kB
Dirty:            144952 kB
Writeback:             0 kB
AnonPages:        718772 kB
Mapped:           570116 kB
Shmem:             16136 kB
KReclaimable:     751364 kB
Slab:             320080 kB
SReclaimable:      88424 kB
SUnreclaim:       231656 kB
KernelStack:       51184 kB
ShadowCallStack:   12824 kB
PageTables:        65360 kB
NFS_Unstable:          0 kB
Bounce:                0 kB
WritebackTmp:          0 kB
CommitLimit:     8677876 kB
Committed_AS:   66259780 kB
VmallocTotal:   263061440 kB
VmallocUsed:      135660 kB
VmallocChunk:          0 kB
Percpu:             2448 kB
CmaTotal:         405504 kB
CmaFree:          321172 kB
MemTotal:        7918588 kB
MemFree:         3056112 kB
MemAvailable:    4789392 kB
Buffers:            5580 kB
Cached:          1436564 kB
SwapCached:        22064 kB
Active:          1462632 kB
Inactive:         722764 kB
Active(anon):     622016 kB
Inactive(anon):   142088 kB
Active(file):     840616 kB
Inactive(file):   580676 kB
Unevictable:        6448 kB
Mlocked:            6008 kB
SwapTotal:       4718584 kB
SwapFree:        3886076 kB
Dirty:            144952 kB
Writeback:             0 kB
AnonPages:        736768 kB
Mapped:           572348 kB
Shmem:             16140 kB
KReclaimable:     751364 kB
Slab:             320080 kB
SReclaimable:      88424 kB
SUnreclaim:       231656 kB
KernelStack:       51216 kB
ShadowCallStack:   12828 kB
PageTables:        65904 kB
NFS_Unstable:          0 kB
Bounce:                0 kB
WritebackTmp:          0 kB
CommitLimit:     8677876 kB
Committed_AS:   66280012 kB
VmallocTotal:   263061440 kB
VmallocUsed:      135660 kB
VmallocChunk:          0 kB
Percpu:             2448 kB
CmaTotal:         405504 kB
CmaFree:          321172 kB
MemTotal:        7918588 kB
MemFree:         2932300 kB
MemAvailable:    4633308 kB
Buffers:            5584 kB
Cached:          1437316 kB
SwapCached:        22064 kB
Active:          1585528 kB
Inactive:         722780 kB
Active(anon):     744176 kB
Inactive(anon):   142084 kB
Active(file):     841352 kB
Inactive(file):   580696 kB
Unevictable:        6448 kB
Mlocked:            6008 kB
SwapTotal:       4718584 kB
SwapFree:        3886076 kB
Dirty:            144968 kB
Writeback:             0 kB
AnonPages:        858720 kB
Mapped:           618736 kB
Shmem:             16140 kB
KReclaimable:     718336 kB
Slab:             320040 kB
SReclaimable:      88296 kB
SUnreclaim:       231744 kB
KernelStack:       51152 kB
ShadowCallStack:   12828 kB
PageTables:        65704 kB
NFS_Unstable:          0 kB
Bounce:                0 kB
WritebackTmp:          0 kB
CommitLimit:     8677876 kB
Committed_AS:   66504196 kB
VmallocTotal:   263061440 kB
VmallocUsed:      135668 kB
VmallocChunk:          0 kB
Percpu:             2448 kB
CmaTotal:         405504 kB
CmaFree:          321172 kB
MemTotal:        7918588 kB
MemFree:         2842380 kB
MemAvailable:    4508572 kB
Buffers:            5664 kB
Cached:          1437320 kB
SwapCached:        22064 kB
Active:          1674472 kB
Inactive:         722868 kB
Active(anon):     833120 kB
Inactive(anon):   142088 kB
Active(file):     841352 kB
Inactive(file):   580780 kB
Unevictable:        6448 kB
Mlocked:            6008 kB
SwapTotal:       4718584 kB
SwapFree:        3886076 kB
Dirty:             17280 kB
Writeback:             0 kB
AnonPages:        947656 kB
Mapped:           658604 kB
Shmem:             16140 kB
KReclaimable:     683436 kB
Slab:             320064 kB
SReclaimable:      88328 kB
SUnreclaim:       231736 kB
KernelStack:       51056 kB
ShadowCallStack:   12804 kB
PageTables:        66680 kB
NFS_Unstable:          0 kB
Bounce:                0 kB
WritebackTmp:          0 kB
CommitLimit:     8677876 kB
Committed_AS:   66641540 kB
VmallocTotal:   263061440 kB
VmallocUsed:      135488 kB
VmallocChunk:          0 kB
Percpu:             2448 kB
CmaTotal:         405504 kB
CmaFree:          321172 kB
MemTotal:        7918588 kB
MemFree:         2716392 kB
MemAvailable:    4241184 kB
Buffers:            5680 kB
Cached:          1456276 kB
SwapCached:        22076 kB
Active:          1794492 kB
Inactive:         723044 kB
Active(anon):     934420 kB
Inactive(anon):   142092 kB
Active(file):     860072 kB
Inactive(file):   580952 kB
Unevictable:        6448 kB
Mlocked:            6008 kB
SwapTotal:       4718584 kB
SwapFree:        3886076 kB
Dirty:             17356 kB
Writeback:             0 kB
AnonPages:       1049016 kB
Mapped:           693908 kB
Shmem:             16164 kB
KReclaimable:     523144 kB
Slab:             320112 kB
SReclaimable:      88332 kB
SUnreclaim:       231780 kB
KernelStack:       51088 kB
ShadowCallStack:   12780 kB
PageTables:        66876 kB
NFS_Unstable:          0 kB
Bounce:                0 kB
WritebackTmp:          0 kB
CommitLimit:     8677876 kB
Committed_AS:   66790124 kB
VmallocTotal:   263061440 kB
VmallocUsed:      135504 kB
VmallocChunk:          0 kB
Percpu:             2448 kB
CmaTotal:         405504 kB
CmaFree:          321172 kB
MemTotal:        7918588 kB
MemFree:         2585636 kB
MemAvailable:    4097748 kB
Buffers:            5680 kB
Cached:          1456400 kB
SwapCached:        22076 kB
Active:          1922020 kB
Inactive:         723040 kB
Active(anon):    1061892 kB
Inactive(anon):   142088 kB
Active(file):     860128 kB
Inactive(file):   580952 kB
Unevictable:        6448 kB
Mlocked:            6008 kB
SwapTotal:       4718584 kB
SwapFree:        3886076 kB
Dirty:             17528 kB
Writeback:             0 kB
AnonPages:       1176348 kB
Mapped:           696004 kB
Shmem:             16288 kB
KReclaimable:     510408 kB
Slab:             320248 kB
SReclaimable:      88316 kB
SUnreclaim:       231932 kB
KernelStack:       51072 kB
ShadowCallStack:   12808 kB
PageTables:        67588 kB
NFS_Unstable:          0 kB
Bounce:                0 kB
WritebackTmp:          0 kB
CommitLimit:     8677876 kB
Committed_AS:   67068652 kB
VmallocTotal:   263061440 kB
VmallocUsed:      135552 kB
VmallocChunk:          0 kB
Percpu:             2448 kB
CmaTotal:         405504 kB
CmaFree:          321172 kB
MemTotal:        7918588 kB
MemFree:         2533368 kB
MemAvailable:    4174544 kB
Buffers:            5680 kB
Cached:          1456260 kB
SwapCached:        22076 kB
Active:          1974816 kB
Inactive:         723040 kB
Active(anon):    1114688 kB
Inactive(anon):   142088 kB
Active(file):     860128 kB
Inactive(file):   580952 kB
Unevictable:        6448 kB
Mlocked:            6008 kB
SwapTotal:       4718584 kB
SwapFree:        3886588 kB
Dirty:             17532 kB
Writeback:             0 kB
AnonPages:       1229236 kB
Mapped:           695764 kB
Shmem:             16148 kB
KReclaimable:     639472 kB
Slab:             320216 kB
SReclaimable:      88316 kB
SUnreclaim:       231900 kB
KernelStack:       50944 kB
ShadowCallStack:   12764 kB
PageTables:        67880 kB
NFS_Unstable:          0 kB
Bounce:                0 kB
WritebackTmp:          0 kB
CommitLimit:     8677876 kB
Committed_AS:   67281256 kB
VmallocTotal:   263061440 kB
VmallocUsed:      135364 kB
VmallocChunk:          0 kB
Percpu:             2448 kB
CmaTotal:         405504 kB
CmaFree:          321168 kB
MemTotal:        7918588 kB
MemFree:         2423132 kB
MemAvailable:    4062544 kB
Buffers:            5680 kB
Cached:          1456260 kB
SwapCached:        22076 kB
Active:          2076280 kB
Inactive:         723028 kB
Active(anon):    1216152 kB
Inactive(anon):   142076 kB
Active(file):     860128 kB
Inactive(file):   580952 kB
Unevictable:        6448 kB
Mlocked:            6008 kB
SwapTotal:       4718584 kB
SwapFree:        3886588 kB
Dirty:             17532 kB
Writeback:             0 kB
AnonPages:       1330776 kB
Mapped:           694336 kB
Shmem:             16148 kB
KReclaimable:     637708 kB
Slab:             320352 kB
SReclaimable:      88316 kB
SUnreclaim:       232036 kB
KernelStack:       50928 kB
ShadowCallStack:   12776 kB
PageTables:        68440 kB
NFS_Unstable:          0 kB
Bounce:                0 kB
WritebackTmp:          0 kB
CommitLimit:     8677876 kB
Committed_AS:   67543296 kB
VmallocTotal:   263061440 kB
VmallocUsed:      135344 kB
VmallocChunk:          0 kB
Percpu:             2448 kB
CmaTotal:         405504 kB
CmaFree:          321172 kB
MemTotal:        7918588 kB
MemFree:         2320988 kB
MemAvailable:    3898636 kB
Buffers:            5688 kB
Cached:          1456272 kB
SwapCached:        22076 kB
Active:          2177532 kB
Inactive:         723032 kB
Active(anon):    1317404 kB
Inactive(anon):   142060 kB
Active(file):     860128 kB
Inactive(file):   580972 kB
Unevictable:        6448 kB
Mlocked:            6008 kB
SwapTotal:       4718584 kB
SwapFree:        3887100 kB
Dirty:             17552 kB
Writeback:             0 kB
AnonPages:       1431988 kB
Mapped:           695100 kB
Shmem:             16148 kB
KReclaimable:     575924 kB
Slab:             320236 kB
SReclaimable:      88300 kB
SUnreclaim:       231936 kB
KernelStack:       50816 kB
ShadowCallStack:   12748 kB
PageTables:        69104 kB
NFS_Unstable:          0 kB
Bounce:                0 kB
WritebackTmp:          0 kB
CommitLimit:     8677876 kB
Committed_AS:   67788804 kB
VmallocTotal:   263061440 kB
VmallocUsed:      135240 kB
VmallocChunk:          0 kB
Percpu:             2448 kB
CmaTotal:         405504 kB
CmaFree:          321172 kB
MemTotal:        7918588 kB
MemFree:         2217724 kB
MemAvailable:    3793708 kB
Buffers:            5696 kB
Cached:          1456324 kB
SwapCached:        22076 kB
Active:          2280908 kB
Inactive:         723056 kB
Active(anon):    1420752 kB
Inactive(anon):   142056 kB
Active(file):     860156 kB
Inactive(file):   581000 kB
Unevictable:        6448 kB
Mlocked:            6008 kB
SwapTotal:       4718584 kB
SwapFree:        3887100 kB
Dirty:             17648 kB
Writeback:             0 kB
AnonPages:       1535400 kB
Mapped:           695980 kB
Shmem:             16152 kB
KReclaimable:     574204 kB
Slab:             320428 kB
SReclaimable:      88300 kB
SUnreclaim:       232128 kB
KernelStack:       50784 kB
ShadowCallStack:   12720 kB
PageTables:        69804 kB
NFS_Unstable:          0 kB
Bounce:                0 kB
WritebackTmp:          0 kB
CommitLimit:     8677876 kB
Committed_AS:   68050640 kB
VmallocTotal:   263061440 kB
VmallocUsed:      135116 kB
VmallocChunk:          0 kB
Percpu:             2448 kB
CmaTotal:         405504 kB
CmaFree:          321172 kB
MemTotal:        7918588 kB
MemFree:         2106656 kB
MemAvailable:    3681280 kB
Buffers:            5696 kB
Cached:          1456324 kB
SwapCached:        22076 kB
Active:          2391316 kB
Inactive:         723060 kB
Active(anon):    1531160 kB
Inactive(anon):   142060 kB
Active(file):     860156 kB
Inactive(file):   581000 kB
Unevictable:        6448 kB
Mlocked:            6008 kB
SwapTotal:       4718584 kB
SwapFree:        3887100 kB
Dirty:             17648 kB
Writeback:             0 kB
AnonPages:       1645708 kB
Mapped:           697268 kB
Shmem:             16152 kB
KReclaimable:     572844 kB
Slab:             320476 kB
SReclaimable:      88300 kB
SUnreclaim:       232176 kB
KernelStack:       50736 kB
ShadowCallStack:   12720 kB
PageTables:        70344 kB
NFS_Unstable:          0 kB
Bounce:                0 kB
WritebackTmp:          0 kB
CommitLimit:     8677876 kB
Committed_AS:   68345552 kB
VmallocTotal:   263061440 kB
VmallocUsed:      135116 kB
VmallocChunk:          0 kB
Percpu:             2448 kB
CmaTotal:         405504 kB
CmaFree:          321172 kB
MemTotal:        7918588 kB
MemFree:         2017464 kB
MemAvailable:    3591028 kB
Buffers:            5700 kB
Cached:          1456324 kB
SwapCached:        22076 kB
Active:          2479536 kB
Inactive:         723060 kB
Active(anon):    1619380 kB
Inactive(anon):   142056 kB
Active(file):     860156 kB
Inactive(file):   581004 kB
Unevictable:        6448 kB
Mlocked:            6008 kB
SwapTotal:       4718584 kB
SwapFree:        3887356 kB
Dirty:             17648 kB
Writeback:             0 kB
AnonPages:       1734092 kB
Mapped:           698056 kB
Shmem:             16152 kB
KReclaimable:     571780 kB
Slab:             320584 kB
SReclaimable:      88300 kB
SUnreclaim:       232284 kB
KernelStack:       50640 kB
ShadowCallStack:   12688 kB
PageTables:        70844 kB
NFS_Unstable:          0 kB
Bounce:                0 kB
WritebackTmp:          0 kB
CommitLimit:     8677876 kB
Committed_AS:   68558544 kB
VmallocTotal:   263061440 kB
VmallocUsed:      134976 kB
VmallocChunk:          0 kB
Percpu:             2448 kB
CmaTotal:         405504 kB
CmaFree:          321172 kB
MemTotal:        7918588 kB
MemFree:         1912708 kB
MemAvailable:    3484028 kB
Buffers:            5700 kB
Cached:          1456328 kB
SwapCached:        22076 kB
Active:          2584496 kB
Inactive:         723068 kB
Active(anon):    1724340 kB
Inactive(anon):   142060 kB
Active(file):     860156 kB
Inactive(file):   581008 kB
Unevictable:        6448 kB
Mlocked:            6008 kB
SwapTotal:       4718584 kB
SwapFree:        3887356 kB
Dirty:             17648 kB
Writeback:             0 kB
AnonPages:       1839216 kB
Mapped:           699300 kB
Shmem:             16152 kB
KReclaimable:     569532 kB
Slab:             320420 kB
SReclaimable:      88300 kB
SUnreclaim:       232120 kB
KernelStack:       50576 kB
ShadowCallStack:   12676 kB
PageTables:        71192 kB
NFS_Unstable:          0 kB
Bounce:                0 kB
WritebackTmp:          0 kB
CommitLimit:     8677876 kB
Committed_AS:   68820640 kB
VmallocTotal:   263061440 kB
VmallocUsed:      134952 kB
VmallocChunk:          0 kB
Percpu:             2448 kB
CmaTotal:         405504 kB
CmaFree:          321172 kB
MemTotal:        7918588 kB
MemFree:         1823736 kB
MemAvailable:    3394000 kB
Buffers:            5700 kB
Cached:          1456332 kB
SwapCached:        22076 kB
Active:          2672324 kB
Inactive:         723068 kB
Active(anon):    1812168 kB
Inactive(anon):   142060 kB
Active(file):     860156 kB
Inactive(file):   581008 kB
Unevictable:        6448 kB
Mlocked:            6008 kB
SwapTotal:       4718584 kB
SwapFree:        3887356 kB
Dirty:             17648 kB
Writeback:             0 kB
AnonPages:       1926888 kB
Mapped:           700148 kB
Shmem:             16156 kB
KReclaimable:     568476 kB
Slab:             320476 kB
SReclaimable:      88300 kB
SUnreclaim:       232176 kB
KernelStack:       50608 kB
ShadowCallStack:   12684 kB
PageTables:        71640 kB
NFS_Unstable:          0 kB
Bounce:                0 kB
WritebackTmp:          0 kB
CommitLimit:     8677876 kB
Committed_AS:   69033632 kB
VmallocTotal:   263061440 kB
VmallocUsed:      134956 kB
VmallocChunk:          0 kB
Percpu:             2448 kB
CmaTotal:         405504 kB
CmaFree:          321172 kB
MemTotal:        7918588 kB
MemFree:         1733880 kB
MemAvailable:    3305512 kB
Buffers:            5708 kB
Cached:          1458324 kB
SwapCached:        22076 kB
Active:          2762712 kB
Inactive:         723048 kB
Active(anon):    1900584 kB
Inactive(anon):   142020 kB
Active(file):     862128 kB
Inactive(file):   581028 kB
Unevictable:        6448 kB
Mlocked:            6008 kB
SwapTotal:       4718584 kB
SwapFree:        3888124 kB
Dirty:             17688 kB
Writeback:             0 kB
AnonPages:       2015228 kB
Mapped:           700696 kB
Shmem:             16164 kB
KReclaimable:     567852 kB
Slab:             320684 kB
SReclaimable:      88300 kB
SUnreclaim:       232384 kB
KernelStack:       50608 kB
ShadowCallStack:   12688 kB
PageTables:        72168 kB
NFS_Unstable:          0 kB
Bounce:                0 kB
WritebackTmp:          0 kB
CommitLimit:     8677876 kB
Committed_AS:   69246628 kB
VmallocTotal:   263061440 kB
VmallocUsed:      134944 kB
VmallocChunk:          0 kB
Percpu:             2448 kB
CmaTotal:         405504 kB
CmaFree:          321172 kB
MemTotal:        7918588 kB
MemFree:         1631408 kB
MemAvailable:    3200864 kB
Buffers:            5708 kB
Cached:          1458328 kB
SwapCached:        22076 kB
Active:          2862784 kB
Inactive:         723052 kB
Active(anon):    2000656 kB
Inactive(anon):   142024 kB
Active(file):     862128 kB
Inactive(file):   581028 kB
Unevictable:        6448 kB
Mlocked:            6008 kB
SwapTotal:       4718584 kB
SwapFree:        3888124 kB
Dirty:             17720 kB
Writeback:             0 kB
AnonPages:       2115104 kB
Mapped:           702124 kB
Shmem:             16168 kB
KReclaimable:     565676 kB
Slab:             320740 kB
SReclaimable:      88300 kB
SUnreclaim:       232440 kB
KernelStack:       50608 kB
ShadowCallStack:   12700 kB
PageTables:        72592 kB
NFS_Unstable:          0 kB
Bounce:                0 kB
WritebackTmp:          0 kB
CommitLimit:     8677876 kB
Committed_AS:   69492388 kB
VmallocTotal:   263061440 kB
VmallocUsed:      134944 kB
VmallocChunk:          0 kB
Percpu:             2448 kB
CmaTotal:         405504 kB
CmaFree:          318188 kB
MemTotal:        7918588 kB
MemFree:         1549448 kB
MemAvailable:    3118040 kB
Buffers:            5708 kB
Cached:          1458328 kB
SwapCached:        22076 kB
Active:          2945892 kB
Inactive:         723044 kB
Active(anon):    2083764 kB
Inactive(anon):   142016 kB
Active(file):     862128 kB
Inactive(file):   581028 kB
Unevictable:        6448 kB
Mlocked:            6008 kB
SwapTotal:       4718584 kB
SwapFree:        3888124 kB
Dirty:             17720 kB
Writeback:             0 kB
AnonPages:       2198308 kB
Mapped:           702716 kB
Shmem:             16168 kB
KReclaimable:     564812 kB
Slab:             320864 kB
SReclaimable:      88300 kB
SUnreclaim:       232564 kB
KernelStack:       50656 kB
ShadowCallStack:   12688 kB
PageTables:        73032 kB
NFS_Unstable:          0 kB
Bounce:                0 kB
WritebackTmp:          0 kB
CommitLimit:     8677876 kB
Committed_AS:   69705380 kB
VmallocTotal:   263061440 kB
VmallocUsed:      134952 kB
VmallocChunk:          0 kB
Percpu:             2448 kB
CmaTotal:         405504 kB
CmaFree:          236464 kB
MemTotal:        7918588 kB
MemFree:         1495764 kB
MemAvailable:    3063864 kB
Buffers:            5716 kB
Cached:          1458308 kB
SwapCached:        22076 kB
Active:          2999764 kB
Inactive:         723040 kB
Active(anon):    2137636 kB
Inactive(anon):   142024 kB
Active(file):     862128 kB
Inactive(file):   581016 kB
Unevictable:        6448 kB
Mlocked:            6008 kB
SwapTotal:       4718584 kB
SwapFree:        3888124 kB
Dirty:             17700 kB
Writeback:             0 kB
AnonPages:       2251988 kB
Mapped:           703084 kB
Shmem:             16168 kB
KReclaimable:     564332 kB
Slab:             320920 kB
SReclaimable:      88300 kB
SUnreclaim:       232620 kB
KernelStack:       50608 kB
ShadowCallStack:   12684 kB
PageTables:        73292 kB
NFS_Unstable:          0 kB
Bounce:                0 kB
WritebackTmp:          0 kB
CommitLimit:     8677876 kB
Committed_AS:   69803632 kB
VmallocTotal:   263061440 kB
VmallocUsed:      134928 kB
VmallocChunk:          0 kB
Percpu:             2448 kB
CmaTotal:         405504 kB
CmaFree:          183304 kB
MemTotal:        7918588 kB
MemFree:         1410544 kB
MemAvailable:    2977376 kB
Buffers:            5716 kB
Cached:          1458332 kB
SwapCached:        22076 kB
Active:          3084772 kB
Inactive:         723060 kB
Active(anon):    2222644 kB
Inactive(anon):   142024 kB
Active(file):     862128 kB
Inactive(file):   581036 kB
Unevictable:        6448 kB
Mlocked:            6008 kB
SwapTotal:       4718584 kB
SwapFree:        3888124 kB
Dirty:             17720 kB
Writeback:             0 kB
AnonPages:       2337296 kB
Mapped:           703852 kB
Shmem:             16172 kB
KReclaimable:     563044 kB
Slab:             320832 kB
SReclaimable:      88300 kB
SUnreclaim:       232532 kB
KernelStack:       50240 kB
ShadowCallStack:   12596 kB
PageTables:        73712 kB
NFS_Unstable:          0 kB
Bounce:                0 kB
WritebackTmp:          0 kB
CommitLimit:     8677876 kB
Committed_AS:   70016628 kB
VmallocTotal:   263061440 kB
VmallocUsed:      134520 kB
VmallocChunk:          0 kB
Percpu:             2448 kB
CmaTotal:         405504 kB
CmaFree:           98388 kB
MemTotal:        7918588 kB
MemFree:         1327824 kB
MemAvailable:    2893456 kB
Buffers:            5716 kB
Cached:          1458368 kB
SwapCached:        22076 kB
Active:          3167024 kB
Inactive:         723088 kB
Active(anon):    2304896 kB
Inactive(anon):   142020 kB
Active(file):     862128 kB
Inactive(file):   581068 kB
Unevictable:        6448 kB
Mlocked:            6008 kB
SwapTotal:       4718584 kB
SwapFree:        3888124 kB
Dirty:             17760 kB
Writeback:             0 kB
AnonPages:       2419412 kB
Mapped:           704516 kB
Shmem:             16176 kB
KReclaimable:     561812 kB
Slab:             321024 kB
SReclaimable:      88300 kB
SUnreclaim:       232724 kB
KernelStack:       50288 kB
ShadowCallStack:   12612 kB
PageTables:        74072 kB
NFS_Unstable:          0 kB
Bounce:                0 kB
WritebackTmp:          0 kB
CommitLimit:     8677876 kB
Committed_AS:   70213240 kB
VmallocTotal:   263061440 kB
VmallocUsed:      134540 kB
VmallocChunk:          0 kB
Percpu:             2448 kB
CmaTotal:         405504 kB
CmaFree:           15848 kB
MemTotal:        7918588 kB
MemFree:         1282240 kB
MemAvailable:    2847344 kB
Buffers:            5716 kB
Cached:          1458368 kB
SwapCached:        22076 kB
Active:          3213748 kB
Inactive:         723092 kB
Active(anon):    2351620 kB
Inactive(anon):   142024 kB
Active(file):     862128 kB
Inactive(file):   581068 kB
Unevictable:        6448 kB
Mlocked:            6008 kB
SwapTotal:       4718584 kB
SwapFree:        3888124 kB
Dirty:             17760 kB
Writeback:             0 kB
AnonPages:       2466004 kB
Mapped:           704924 kB
Shmem:             16176 kB
KReclaimable:     561284 kB
Slab:             321004 kB
SReclaimable:      88300 kB
SUnreclaim:       232704 kB
KernelStack:       50288 kB
ShadowCallStack:   12600 kB
PageTables:        74316 kB
NFS_Unstable:          0 kB
Bounce:                0 kB
WritebackTmp:          0 kB
CommitLimit:     8677876 kB
Committed_AS:   70312564 kB
VmallocTotal:   263061440 kB
VmallocUsed:      134536 kB
VmallocChunk:          0 kB
Percpu:             2448 kB
CmaTotal:         405504 kB
CmaFree:               0 kB
MemTotal:        7918588 kB
MemFree:         1194976 kB
MemAvailable:    2758960 kB
Buffers:            5716 kB
Cached:          1458368 kB
SwapCached:        22076 kB
Active:          3300644 kB
Inactive:         723088 kB
Active(anon):    2438516 kB
Inactive(anon):   142020 kB
Active(file):     862128 kB
Inactive(file):   581068 kB
Unevictable:        6448 kB
Mlocked:            6008 kB
SwapTotal:       4718584 kB
SwapFree:        3888124 kB
Dirty:             17812 kB
Writeback:             0 kB
AnonPages:       2553140 kB
Mapped:           705676 kB
Shmem:             16176 kB
KReclaimable:     560164 kB
Slab:             321160 kB
SReclaimable:      88300 kB
SUnreclaim:       232860 kB
KernelStack:       50256 kB
ShadowCallStack:   12604 kB
PageTables:        74676 kB
NFS_Unstable:          0 kB
Bounce:                0 kB
WritebackTmp:          0 kB
CommitLimit:     8677876 kB
Committed_AS:   70509172 kB
VmallocTotal:   263061440 kB
VmallocUsed:      134520 kB
VmallocChunk:          0 kB
Percpu:             2448 kB
CmaTotal:         405504 kB
CmaFree:               0 kB
MemTotal:        7918588 kB
MemFree:         1139012 kB
MemAvailable:    2702588 kB
Buffers:            5716 kB
Cached:          1458368 kB
SwapCached:        22076 kB
Active:          3356456 kB
Inactive:         723088 kB
Active(anon):    2494328 kB
Inactive(anon):   142020 kB
Active(file):     862128 kB
Inactive(file):   581068 kB
Unevictable:        6448 kB
Mlocked:            6008 kB
SwapTotal:       4718584 kB
SwapFree:        3888124 kB
Dirty:             17816 kB
Writeback:             0 kB
AnonPages:       2608900 kB
Mapped:           705908 kB
Shmem:             16176 kB
KReclaimable:     559756 kB
Slab:             321068 kB
SReclaimable:      88300 kB
SUnreclaim:       232768 kB
KernelStack:       50256 kB
ShadowCallStack:   12596 kB
PageTables:        74800 kB
NFS_Unstable:          0 kB
Bounce:                0 kB
WritebackTmp:          0 kB
CommitLimit:     8677876 kB
Committed_AS:   70640244 kB
VmallocTotal:   263061440 kB
VmallocUsed:      134536 kB
VmallocChunk:          0 kB
Percpu:             2448 kB
CmaTotal:         405504 kB
CmaFree:               0 kB
MemTotal:        7918588 kB
MemFree:         1073368 kB
MemAvailable:    2635928 kB
Buffers:            5732 kB
Cached:          1458372 kB
SwapCached:        22076 kB
Active:          3421712 kB
Inactive:         723092 kB
Active(anon):    2559584 kB
Inactive(anon):   142008 kB
Active(file):     862128 kB
Inactive(file):   581084 kB
Unevictable:        6448 kB
Mlocked:            6008 kB
SwapTotal:       4718584 kB
SwapFree:        3888124 kB
Dirty:             17816 kB
Writeback:             0 kB
AnonPages:       2674200 kB
Mapped:           706540 kB
Shmem:             16180 kB
KReclaimable:     558724 kB
Slab:             321332 kB
SReclaimable:      88300 kB
SUnreclaim:       233032 kB
KernelStack:       50208 kB
ShadowCallStack:   12592 kB
PageTables:        75156 kB
NFS_Unstable:          0 kB
Bounce:                0 kB
WritebackTmp:          0 kB
CommitLimit:     8677876 kB
Committed_AS:   70787708 kB
VmallocTotal:   263061440 kB
VmallocUsed:      134456 kB
VmallocChunk:          0 kB
Percpu:             2448 kB
CmaTotal:         405504 kB
CmaFree:               0 kB
MemTotal:        7918588 kB
MemFree:         1007532 kB
MemAvailable:    2569668 kB
Buffers:            5856 kB
Cached:          1458400 kB
SwapCached:        22076 kB
Active:          3487436 kB
Inactive:         723252 kB
Active(anon):    2625308 kB
Inactive(anon):   142016 kB
Active(file):     862128 kB
Inactive(file):   581236 kB
Unevictable:        6448 kB
Mlocked:            6008 kB
SwapTotal:       4718584 kB
SwapFree:        3888124 kB
Dirty:             17836 kB
Writeback:             0 kB
AnonPages:       2739808 kB
Mapped:           706900 kB
Shmem:             16180 kB
KReclaimable:     558148 kB
Slab:             321248 kB
SReclaimable:      88300 kB
SUnreclaim:       232948 kB
KernelStack:       50176 kB
ShadowCallStack:   12580 kB
PageTables:        75448 kB
NFS_Unstable:          0 kB
Bounce:                0 kB
WritebackTmp:          0 kB
CommitLimit:     8677876 kB
Committed_AS:   70951544 kB
VmallocTotal:   263061440 kB
VmallocUsed:      134436 kB
VmallocChunk:          0 kB
Percpu:             2448 kB
CmaTotal:         405504 kB
CmaFree:               0 kB
MemTotal:        7918588 kB
MemFree:          946820 kB
MemAvailable:    2508280 kB
Buffers:            5856 kB
Cached:          1458500 kB
SwapCached:        22076 kB
Active:          3548564 kB
Inactive:         723248 kB
Active(anon):    2686336 kB
Inactive(anon):   142012 kB
Active(file):     862228 kB
Inactive(file):   581236 kB
Unevictable:        6448 kB
Mlocked:            6008 kB
SwapTotal:       4718584 kB
SwapFree:        3888124 kB
Dirty:             17836 kB
Writeback:             0 kB
AnonPages:       2800792 kB
Mapped:           707480 kB
Shmem:             16180 kB
KReclaimable:     557372 kB
Slab:             321428 kB
SReclaimable:      88300 kB
SUnreclaim:       233128 kB
KernelStack:       50224 kB
ShadowCallStack:   12588 kB
PageTables:        75708 kB
NFS_Unstable:          0 kB
Bounce:                0 kB
WritebackTmp:          0 kB
CommitLimit:     8677876 kB
Committed_AS:   71115388 kB
VmallocTotal:   263061440 kB
VmallocUsed:      134452 kB
VmallocChunk:          0 kB
Percpu:             2448 kB
CmaTotal:         405504 kB
CmaFree:               0 kB
MemTotal:        7918588 kB
MemFree:          831604 kB
MemAvailable:    2270640 kB
Buffers:            5856 kB
Cached:          1458608 kB
SwapCached:        22076 kB
Active:          3662508 kB
Inactive:         723248 kB
Active(anon):    2800280 kB
Inactive(anon):   142012 kB
Active(file):     862228 kB
Inactive(file):   581236 kB
Unevictable:        6448 kB
Mlocked:            6008 kB
SwapTotal:       4718584 kB
SwapFree:        3888124 kB
Dirty:             17836 kB
Writeback:             0 kB
AnonPages:       2914764 kB
Mapped:           708764 kB
Shmem:             16288 kB
KReclaimable:     434948 kB
Slab:             321412 kB
SReclaimable:      88300 kB
SUnreclaim:       233112 kB
KernelStack:       50352 kB
ShadowCallStack:   12620 kB
PageTables:        76108 kB
NFS_Unstable:          0 kB
Bounce:                0 kB
WritebackTmp:          0 kB
CommitLimit:     8677876 kB
Committed_AS:   71279620 kB
VmallocTotal:   263061440 kB
VmallocUsed:      134632 kB
VmallocChunk:          0 kB
Percpu:             2448 kB
CmaTotal:         405504 kB
CmaFree:               0 kB
MemTotal:        7918588 kB
MemFree:          796520 kB
MemAvailable:    2356704 kB
Buffers:            5856 kB
Cached:          1458476 kB
SwapCached:        22076 kB
Active:          3696924 kB
Inactive:         722700 kB
Active(anon):    2834696 kB
Inactive(anon):   141464 kB
Active(file):     862228 kB
Inactive(file):   581236 kB
Unevictable:        6448 kB
Mlocked:            6008 kB
SwapTotal:       4718584 kB
SwapFree:        3888124 kB
Dirty:             17836 kB
Writeback:             0 kB
AnonPages:       2948464 kB
Mapped:           708480 kB
Shmem:             16156 kB
KReclaimable:     556096 kB
Slab:             321280 kB
SReclaimable:      88300 kB
SUnreclaim:       232980 kB
KernelStack:       50176 kB
ShadowCallStack:   12576 kB
PageTables:        76356 kB
NFS_Unstable:          0 kB
Bounce:                0 kB
WritebackTmp:          0 kB
CommitLimit:     8677876 kB
Committed_AS:   71426656 kB
VmallocTotal:   263061440 kB
VmallocUsed:      134432 kB
VmallocChunk:          0 kB
Percpu:             2448 kB
CmaTotal:         405504 kB
CmaFree:               0 kB
MemTotal:        7918588 kB
MemFree:          733696 kB
MemAvailable:    2293016 kB
Buffers:            5856 kB
Cached:          1458480 kB
SwapCached:        22076 kB
Active:          3759792 kB
Inactive:         722700 kB
Active(anon):    2897564 kB
Inactive(anon):   141464 kB
Active(file):     862228 kB
Inactive(file):   581236 kB
Unevictable:        6448 kB
Mlocked:            6008 kB
SwapTotal:       4718584 kB
SwapFree:        3888124 kB
Dirty:             17836 kB
Writeback:             0 kB
AnonPages:       3011408 kB
Mapped:           709004 kB
Shmem:             16160 kB
KReclaimable:     555232 kB
Slab:             321408 kB
SReclaimable:      88300 kB
SUnreclaim:       233108 kB
KernelStack:       50192 kB
ShadowCallStack:   12576 kB
PageTables:        76788 kB
NFS_Unstable:          0 kB
Bounce:                0 kB
WritebackTmp:          0 kB
CommitLimit:     8677876 kB
Committed_AS:   71590504 kB
VmallocTotal:   263061440 kB
VmallocUsed:      134436 kB
VmallocChunk:          0 kB
Percpu:             2448 kB
CmaTotal:         405504 kB
CmaFree:               0 kB
MemTotal:        7918588 kB
MemFree:          679640 kB
MemAvailable:    2238396 kB
Buffers:            5868 kB
Cached:          1458520 kB
SwapCached:        22076 kB
Active:          3813372 kB
Inactive:         722756 kB
Active(anon):    2951144 kB
Inactive(anon):   141468 kB
Active(file):     862228 kB
Inactive(file):   581288 kB
Unevictable:        6448 kB
Mlocked:            6008 kB
SwapTotal:       4718584 kB
SwapFree:        3888380 kB
Dirty:               452 kB
Writeback:             0 kB
AnonPages:       3064884 kB
Mapped:           709552 kB
Shmem:             16160 kB
KReclaimable:     554616 kB
Slab:             321360 kB
SReclaimable:      88300 kB
SUnreclaim:       233060 kB
KernelStack:       50208 kB
ShadowCallStack:   12580 kB
PageTables:        77044 kB
NFS_Unstable:          0 kB
Bounce:                0 kB
WritebackTmp:          0 kB
CommitLimit:     8677876 kB
Committed_AS:   71705188 kB
VmallocTotal:   263061440 kB
VmallocUsed:      134412 kB
VmallocChunk:          0 kB
Percpu:             2448 kB
CmaTotal:         405504 kB
CmaFree:               0 kB
MemTotal:        7918588 kB
MemFree:          598072 kB
MemAvailable:    2155916 kB
Buffers:            5868 kB
Cached:          1458520 kB
SwapCached:        22076 kB
Active:          3894080 kB
Inactive:         722744 kB
Active(anon):    3031852 kB
Inactive(anon):   141456 kB
Active(file):     862228 kB
Inactive(file):   581288 kB
Unevictable:        6448 kB
Mlocked:            6008 kB
SwapTotal:       4718584 kB
SwapFree:        3888380 kB
Dirty:               452 kB
Writeback:             0 kB
AnonPages:       3145828 kB
Mapped:           710080 kB
Shmem:             16160 kB
KReclaimable:     553704 kB
Slab:             321464 kB
SReclaimable:      88300 kB
SUnreclaim:       233164 kB
KernelStack:       50144 kB
ShadowCallStack:   12584 kB
PageTables:        77156 kB
NFS_Unstable:          0 kB
Bounce:                0 kB
WritebackTmp:          0 kB
CommitLimit:     8677876 kB
Committed_AS:   71869028 kB
VmallocTotal:   263061440 kB
VmallocUsed:      134420 kB
VmallocChunk:          0 kB
Percpu:             2448 kB
CmaTotal:         405504 kB
CmaFree:               0 kB
MemTotal:        7918588 kB
MemFree:          535732 kB
MemAvailable:    2092752 kB
Buffers:            5868 kB
Cached:          1458520 kB
SwapCached:        22076 kB
Active:          3956364 kB
Inactive:         722756 kB
Active(anon):    3094136 kB
Inactive(anon):   141468 kB
Active(file):     862228 kB
Inactive(file):   581288 kB
Unevictable:        6448 kB
Mlocked:            6008 kB
SwapTotal:       4718584 kB
SwapFree:        3888380 kB
Dirty:               452 kB
Writeback:             0 kB
AnonPages:       3207916 kB
Mapped:           710512 kB
Shmem:             16160 kB
KReclaimable:     552880 kB
Slab:             321392 kB
SReclaimable:      88300 kB
SUnreclaim:       233092 kB
KernelStack:       50112 kB
ShadowCallStack:   12556 kB
PageTables:        77512 kB
NFS_Unstable:          0 kB
Bounce:                0 kB
WritebackTmp:          0 kB
CommitLimit:     8677876 kB
Committed_AS:   72013428 kB
VmallocTotal:   263061440 kB
VmallocUsed:      134360 kB
VmallocChunk:          0 kB
Percpu:             2448 kB
CmaTotal:         405504 kB
CmaFree:               0 kB
MemTotal:        7918588 kB
MemFree:          473568 kB
MemAvailable:    2030084 kB
Buffers:            5868 kB
Cached:          1458520 kB
SwapCached:        22076 kB
Active:          4019004 kB
Inactive:         722744 kB
Active(anon):    3156776 kB
Inactive(anon):   141456 kB
Active(file):     862228 kB
Inactive(file):   581288 kB
Unevictable:        6448 kB
Mlocked:            6008 kB
SwapTotal:       4718584 kB
SwapFree:        3888380 kB
Dirty:               468 kB
Writeback:             0 kB
AnonPages:       3270684 kB
Mapped:           710796 kB
Shmem:             16160 kB
KReclaimable:     552376 kB
Slab:             321592 kB
SReclaimable:      88300 kB
SUnreclaim:       233292 kB
KernelStack:       50080 kB
ShadowCallStack:   12552 kB
PageTables:        77860 kB
NFS_Unstable:          0 kB
Bounce:                0 kB
WritebackTmp:          0 kB
CommitLimit:     8677876 kB
Committed_AS:   72160624 kB
VmallocTotal:   263061440 kB
VmallocUsed:      134260 kB
VmallocChunk:          0 kB
Percpu:             2448 kB
CmaTotal:         405504 kB
CmaFree:               0 kB
MemTotal:        7918588 kB
MemFree:          403584 kB
MemAvailable:    1959124 kB
Buffers:            5868 kB
Cached:          1458524 kB
SwapCached:        22076 kB
Active:          4088836 kB
Inactive:         722752 kB
Active(anon):    3226608 kB
Inactive(anon):   141464 kB
Active(file):     862228 kB
Inactive(file):   581288 kB
Unevictable:        6448 kB
Mlocked:            6008 kB
SwapTotal:       4718584 kB
SwapFree:        3888380 kB
Dirty:               468 kB
Writeback:             0 kB
AnonPages:       3340640 kB
Mapped:           711584 kB
Shmem:             16164 kB
KReclaimable:     551400 kB
Slab:             321552 kB
SReclaimable:      88300 kB
SUnreclaim:       233252 kB
KernelStack:       49952 kB
ShadowCallStack:   12520 kB
PageTables:        78192 kB
NFS_Unstable:          0 kB
Bounce:                0 kB
WritebackTmp:          0 kB
CommitLimit:     8677876 kB
Committed_AS:   72324100 kB
VmallocTotal:   263061440 kB
VmallocUsed:      134136 kB
VmallocChunk:          0 kB
Percpu:             2448 kB
CmaTotal:         405504 kB
CmaFree:               0 kB
MemTotal:        7918588 kB
MemFree:          336108 kB
MemAvailable:    1890916 kB
Buffers:            5880 kB
Cached:          1458588 kB
SwapCached:        22076 kB
Active:          4154256 kB
Inactive:         722812 kB
Active(anon):    3292028 kB
Inactive(anon):   141464 kB
Active(file):     862228 kB
Inactive(file):   581348 kB
Unevictable:        6448 kB
Mlocked:            6008 kB
SwapTotal:       4718584 kB
SwapFree:        3888380 kB
Dirty:               348 kB
Writeback:             0 kB
AnonPages:       3405864 kB
Mapped:           712340 kB
Shmem:             16180 kB
KReclaimable:     550608 kB
Slab:             321500 kB
SReclaimable:      88300 kB
SUnreclaim:       233200 kB
KernelStack:       49936 kB
ShadowCallStack:   12508 kB
PageTables:        78348 kB
NFS_Unstable:          0 kB
Bounce:                0 kB
WritebackTmp:          0 kB
CommitLimit:     8677876 kB
Committed_AS:   72455136 kB
VmallocTotal:   263061440 kB
VmallocUsed:      134076 kB
VmallocChunk:          0 kB
Percpu:             2448 kB
CmaTotal:         405504 kB
CmaFree:               0 kB
MemTotal:        7918588 kB
MemFree:          274880 kB
MemAvailable:    1829016 kB
Buffers:            5880 kB
Cached:          1458588 kB
SwapCached:        22076 kB
Active:          4216656 kB
Inactive:         722808 kB
Active(anon):    3354428 kB
Inactive(anon):   141460 kB
Active(file):     862228 kB
Inactive(file):   581348 kB
Unevictable:        6448 kB
Mlocked:            6008 kB
SwapTotal:       4718584 kB
SwapFree:        3888380 kB
Dirty:               348 kB
Writeback:             0 kB
AnonPages:       3468204 kB
Mapped:           712692 kB
Shmem:             16180 kB
KReclaimable:     549936 kB
Slab:             321536 kB
SReclaimable:      88300 kB
SUnreclaim:       233236 kB
KernelStack:       49904 kB
ShadowCallStack:   12508 kB
PageTables:        78668 kB
NFS_Unstable:          0 kB
Bounce:                0 kB
WritebackTmp:          0 kB
CommitLimit:     8677876 kB
Committed_AS:   72586208 kB
VmallocTotal:   263061440 kB
VmallocUsed:      134084 kB
VmallocChunk:          0 kB
Percpu:             2448 kB
CmaTotal:         405504 kB
CmaFree:               0 kB
MemTotal:        7918588 kB
MemFree:          222224 kB
MemAvailable:    1775584 kB
Buffers:            5880 kB
Cached:          1458588 kB
SwapCached:        22076 kB
Active:          4269544 kB
Inactive:         722812 kB
Active(anon):    3407316 kB
Inactive(anon):   141464 kB
Active(file):     862228 kB
Inactive(file):   581348 kB
Unevictable:        6448 kB
Mlocked:            6008 kB
SwapTotal:       4718584 kB
SwapFree:        3888380 kB
Dirty:               348 kB
Writeback:             0 kB
AnonPages:       3521096 kB
Mapped:           713196 kB
Shmem:             16180 kB
KReclaimable:     549160 kB
Slab:             321552 kB
SReclaimable:      88300 kB
SUnreclaim:       233252 kB
KernelStack:       49872 kB
ShadowCallStack:   12496 kB
PageTables:        78816 kB
NFS_Unstable:          0 kB
Bounce:                0 kB
WritebackTmp:          0 kB
CommitLimit:     8677876 kB
Committed_AS:   72700792 kB
VmallocTotal:   263061440 kB
VmallocUsed:      134064 kB
VmallocChunk:          0 kB
Percpu:             2448 kB
CmaTotal:         405504 kB
CmaFree:               0 kB
MemTotal:        7918588 kB
MemFree:          176208 kB
MemAvailable:    1769568 kB
Buffers:            5880 kB
Cached:          1458592 kB
SwapCached:        22128 kB
Active:          4354448 kB
Inactive:         690208 kB
Active(anon):    3492220 kB
Inactive(anon):   108856 kB
Active(file):     862228 kB
Inactive(file):   581352 kB
Unevictable:        6448 kB
Mlocked:            6008 kB
SwapTotal:       4718584 kB
SwapFree:        3888380 kB
Dirty:               348 kB
Writeback:             0 kB
AnonPages:       3573448 kB
Mapped:           713028 kB
Shmem:             16180 kB
KReclaimable:     540004 kB
Slab:             319284 kB
SReclaimable:      85956 kB
SUnreclaim:       233328 kB
KernelStack:       49744 kB
ShadowCallStack:   12468 kB
PageTables:        79144 kB
NFS_Unstable:          0 kB
Bounce:                0 kB
WritebackTmp:          0 kB
CommitLimit:     8677876 kB
Committed_AS:   72814960 kB
VmallocTotal:   263061440 kB
VmallocUsed:      133860 kB
VmallocChunk:          0 kB
Percpu:             2448 kB
CmaTotal:         405504 kB
CmaFree:               0 kB
MemTotal:        7918588 kB
MemFree:          173888 kB
MemAvailable:    1695160 kB
Buffers:            3908 kB
Cached:          1404592 kB
SwapCached:        22044 kB
Active:          4454704 kB
Inactive:         608948 kB
Active(anon):    3589156 kB
Inactive(anon):    86868 kB
Active(file):     865548 kB
Inactive(file):   522080 kB
Unevictable:        6448 kB
Mlocked:            6008 kB
SwapTotal:       4718584 kB
SwapFree:        3887612 kB
Dirty:               352 kB
Writeback:             0 kB
AnonPages:       3648340 kB
Mapped:           713404 kB
Shmem:             16184 kB
KReclaimable:     523868 kB
Slab:             319008 kB
SReclaimable:      85672 kB
SUnreclaim:       233336 kB
KernelStack:       49680 kB
ShadowCallStack:   12456 kB
PageTables:        79148 kB
NFS_Unstable:          0 kB
Bounce:                0 kB
WritebackTmp:          0 kB
CommitLimit:     8677876 kB
Committed_AS:   72978592 kB
VmallocTotal:   263061440 kB
VmallocUsed:      133756 kB
VmallocChunk:          0 kB
Percpu:             2448 kB
CmaTotal:         405504 kB
CmaFree:               0 kB
MemTotal:        7918588 kB
MemFree:          177712 kB
MemAvailable:    1634896 kB
Buffers:            3576 kB
Cached:          1351204 kB
SwapCached:        22044 kB
Active:          4522196 kB
Inactive:         555020 kB
Active(anon):    3656588 kB
Inactive(anon):    86808 kB
Active(file):     865608 kB
Inactive(file):   468212 kB
Unevictable:        6448 kB
Mlocked:            6008 kB
SwapTotal:       4718584 kB
SwapFree:        3887612 kB
Dirty:               368 kB
Writeback:             0 kB
AnonPages:       3715688 kB
Mapped:           714052 kB
Shmem:             16184 kB
KReclaimable:     513588 kB
Slab:             318084 kB
SReclaimable:      84704 kB
SUnreclaim:       233380 kB
KernelStack:       49664 kB
ShadowCallStack:   12444 kB
PageTables:        79552 kB
NFS_Unstable:          0 kB
Bounce:                0 kB
WritebackTmp:          0 kB
CommitLimit:     8677876 kB
Committed_AS:   73126004 kB
VmallocTotal:   263061440 kB
VmallocUsed:      133756 kB
VmallocChunk:          0 kB
Percpu:             2448 kB
CmaTotal:         405504 kB
CmaFree:               0 kB
MemTotal:        7918588 kB
MemFree:          179704 kB
MemAvailable:    1563484 kB
Buffers:            3304 kB
Cached:          1300520 kB
SwapCached:        22044 kB
Active:          4621560 kB
Inactive:         466908 kB
Active(anon):    3719204 kB
Inactive(anon):    86812 kB
Active(file):     902356 kB
Inactive(file):   380096 kB
Unevictable:        6448 kB
Mlocked:            6008 kB
SwapTotal:       4718584 kB
SwapFree:        3887612 kB
Dirty:               300 kB
Writeback:             0 kB
AnonPages:       3778364 kB
Mapped:           703852 kB
Shmem:             16184 kB
KReclaimable:     499744 kB
Slab:             317036 kB
SReclaimable:      83644 kB
SUnreclaim:       233392 kB
KernelStack:       49664 kB
ShadowCallStack:   12452 kB
PageTables:        79968 kB
NFS_Unstable:          0 kB
Bounce:                0 kB
WritebackTmp:          0 kB
CommitLimit:     8677876 kB
Committed_AS:   73257080 kB
VmallocTotal:   263061440 kB
VmallocUsed:      133744 kB
VmallocChunk:          0 kB
Percpu:             2448 kB
CmaTotal:         405504 kB
CmaFree:              16 kB
MemTotal:        7918588 kB
MemFree:          183080 kB
MemAvailable:    1513636 kB
Buffers:            3288 kB
Cached:          1250144 kB
SwapCached:        22044 kB
Active:          4695976 kB
Inactive:         399540 kB
Active(anon):    3776208 kB
Inactive(anon):    86800 kB
Active(file):     919768 kB
Inactive(file):   312740 kB
Unevictable:        6448 kB
Mlocked:            6008 kB
SwapTotal:       4718584 kB
SwapFree:        3887612 kB
Dirty:               300 kB
Writeback:             0 kB
AnonPages:       3835476 kB
Mapped:           686788 kB
Shmem:             16184 kB
KReclaimable:     488272 kB
Slab:             316652 kB
SReclaimable:      83116 kB
SUnreclaim:       233536 kB
KernelStack:       49664 kB
ShadowCallStack:   12448 kB
PageTables:        80424 kB
NFS_Unstable:          0 kB
Bounce:                0 kB
WritebackTmp:          0 kB
CommitLimit:     8677876 kB
Committed_AS:   73388148 kB
VmallocTotal:   263061440 kB
VmallocUsed:      133760 kB
VmallocChunk:          0 kB
Percpu:             2448 kB
CmaTotal:         405504 kB
CmaFree:               0 kB
MemTotal:        7918588 kB
MemFree:          176984 kB
MemAvailable:    1446836 kB
Buffers:            3268 kB
Cached:          1199868 kB
SwapCached:        22044 kB
Active:          4775592 kB
Inactive:         335736 kB
Active(anon):    3842448 kB
Inactive(anon):    86812 kB
Active(file):     933144 kB
Inactive(file):   248924 kB
Unevictable:        6448 kB
Mlocked:            6008 kB
SwapTotal:       4718584 kB
SwapFree:        3887612 kB
Dirty:               300 kB
Writeback:             0 kB
AnonPages:       3901588 kB
Mapped:           672620 kB
Shmem:             16184 kB
KReclaimable:     478008 kB
Slab:             315940 kB
SReclaimable:      82436 kB
SUnreclaim:       233504 kB
KernelStack:       49664 kB
ShadowCallStack:   12444 kB
PageTables:        80336 kB
NFS_Unstable:          0 kB
Bounce:                0 kB
WritebackTmp:          0 kB
CommitLimit:     8677876 kB
Committed_AS:   73535608 kB
VmallocTotal:   263061440 kB
VmallocUsed:      133760 kB
VmallocChunk:          0 kB
Percpu:             2448 kB
CmaTotal:         405504 kB
CmaFree:               0 kB
MemTotal:        7918588 kB
MemFree:          174784 kB
MemAvailable:    1384368 kB
Buffers:            3120 kB
Cached:          1148196 kB
SwapCached:        22044 kB
Active:          4836844 kB
Inactive:         283880 kB
Active(anon):    3903492 kB
Inactive(anon):    86812 kB
Active(file):     933352 kB
Inactive(file):   197068 kB
Unevictable:        6448 kB
Mlocked:            6008 kB
SwapTotal:       4718584 kB
SwapFree:        3887612 kB
Dirty:               300 kB
Writeback:             0 kB
AnonPages:       3962724 kB
Mapped:           673460 kB
Shmem:             16184 kB
KReclaimable:     469388 kB
Slab:             314828 kB
SReclaimable:      81176 kB
SUnreclaim:       233652 kB
KernelStack:       49664 kB
ShadowCallStack:   12456 kB
PageTables:        80808 kB
NFS_Unstable:          0 kB
Bounce:                0 kB
WritebackTmp:          0 kB
CommitLimit:     8677876 kB
Committed_AS:   73650512 kB
VmallocTotal:   263061440 kB
VmallocUsed:      133744 kB
VmallocChunk:          0 kB
Percpu:             2448 kB
CmaTotal:         405504 kB
CmaFree:               0 kB
MemTotal:        7918588 kB
MemFree:          181216 kB
MemAvailable:    1313228 kB
Buffers:            3100 kB
Cached:          1082740 kB
SwapCached:        22044 kB
Active:          4918420 kB
Inactive:         206508 kB
Active(anon):    3973152 kB
Inactive(anon):    86812 kB
Active(file):     945268 kB
Inactive(file):   119696 kB
Unevictable:        6448 kB
Mlocked:            6008 kB
SwapTotal:       4718584 kB
SwapFree:        3887612 kB
Dirty:               316 kB
Writeback:             0 kB
AnonPages:       4032120 kB
Mapped:           672588 kB
Shmem:             16184 kB
KReclaimable:     457272 kB
Slab:             313360 kB
SReclaimable:      79652 kB
SUnreclaim:       233708 kB
KernelStack:       49664 kB
ShadowCallStack:   12444 kB
PageTables:        80668 kB
NFS_Unstable:          0 kB
Bounce:                0 kB
WritebackTmp:          0 kB
CommitLimit:     8677876 kB
Committed_AS:   73797968 kB
VmallocTotal:   263061440 kB
VmallocUsed:      133744 kB
VmallocChunk:          0 kB
Percpu:             2448 kB
CmaTotal:         405504 kB
CmaFree:               0 kB
MemTotal:        7918588 kB
MemFree:          174276 kB
MemAvailable:    1247652 kB
Buffers:            3100 kB
Cached:          1032736 kB
SwapCached:        22044 kB
Active:          4982708 kB
Inactive:         156468 kB
Active(anon):    4037440 kB
Inactive(anon):    86808 kB
Active(file):     945268 kB
Inactive(file):    69660 kB
Unevictable:        6448 kB
Mlocked:            6008 kB
SwapTotal:       4718584 kB
SwapFree:        3887612 kB
Dirty:               316 kB
Writeback:             0 kB
AnonPages:       4096612 kB
Mapped:           672812 kB
Shmem:             16184 kB
KReclaimable:     448672 kB
Slab:             312000 kB
SReclaimable:      78332 kB
SUnreclaim:       233668 kB
KernelStack:       49648 kB
ShadowCallStack:   12440 kB
PageTables:        81176 kB
NFS_Unstable:          0 kB
Bounce:                0 kB
WritebackTmp:          0 kB
CommitLimit:     8677876 kB
Committed_AS:   73961808 kB
VmallocTotal:   263061440 kB
VmallocUsed:      133756 kB
VmallocChunk:          0 kB
Percpu:             2448 kB
CmaTotal:         405504 kB
CmaFree:               0 kB
MemTotal:        7918588 kB
MemFree:          179056 kB
MemAvailable:    1191504 kB
Buffers:            3092 kB
Cached:          1006900 kB
SwapCached:        22104 kB
Active:          5061620 kB
Inactive:          92160 kB
Active(anon):    4151216 kB
Inactive(anon):    13440 kB
Active(file):     910404 kB
Inactive(file):    78720 kB
Unevictable:        6448 kB
Mlocked:            6008 kB
SwapTotal:       4718584 kB
SwapFree:        3886332 kB
Dirty:               316 kB
Writeback:             0 kB
AnonPages:       4136804 kB
Mapped:           672208 kB
Shmem:             16156 kB
KReclaimable:     429932 kB
Slab:             311388 kB
SReclaimable:      77552 kB
SUnreclaim:       233836 kB
KernelStack:       49648 kB
ShadowCallStack:   12452 kB
PageTables:        81932 kB
NFS_Unstable:          0 kB
Bounce:                0 kB
WritebackTmp:          0 kB
CommitLimit:     8677876 kB
Committed_AS:   74027296 kB
VmallocTotal:   263061440 kB
VmallocUsed:      133740 kB
VmallocChunk:          0 kB
Percpu:             2448 kB
CmaTotal:         405504 kB
CmaFree:               0 kB
MemTotal:        7918588 kB
MemFree:          178532 kB
MemAvailable:    1009024 kB
Buffers:             840 kB
Cached:           967308 kB
SwapCached:        11252 kB
Active:           624904 kB
Inactive:        4547652 kB
Active(anon):     501880 kB
Inactive(anon):  3722944 kB
Active(file):     123024 kB
Inactive(file):   824708 kB
Unevictable:        6448 kB
Mlocked:            6008 kB
SwapTotal:       4718584 kB
SwapFree:        3854588 kB
Dirty:               328 kB
Writeback:             4 kB
AnonPages:       4206384 kB
Mapped:           654724 kB
Shmem:             15720 kB
KReclaimable:     281176 kB
Slab:             311200 kB
SReclaimable:      77468 kB
SUnreclaim:       233732 kB
KernelStack:       49664 kB
ShadowCallStack:   12456 kB
PageTables:        81968 kB
NFS_Unstable:          0 kB
Bounce:                0 kB
WritebackTmp:          0 kB
CommitLimit:     8677876 kB
Committed_AS:   74159104 kB
VmallocTotal:   263061440 kB
VmallocUsed:      133816 kB
VmallocChunk:          0 kB
Percpu:             2448 kB
CmaTotal:         405504 kB
CmaFree:               0 kB
MemTotal:        7918588 kB
MemFree:          178516 kB
MemAvailable:     985732 kB
Buffers:             840 kB
Cached:           967140 kB
SwapCached:         9300 kB
Active:           685456 kB
Inactive:        4493048 kB
Active(anon):     562236 kB
Inactive(anon):  3668340 kB
Active(file):     123220 kB
Inactive(file):   824708 kB
Unevictable:        6448 kB
Mlocked:            6008 kB
SwapTotal:       4718584 kB
SwapFree:        3818236 kB
Dirty:               328 kB
Writeback:             4 kB
AnonPages:       4213840 kB
Mapped:           654792 kB
Shmem:             15320 kB
KReclaimable:     257704 kB
Slab:             311208 kB
SReclaimable:      77468 kB
SUnreclaim:       233740 kB
KernelStack:       49632 kB
ShadowCallStack:   12436 kB
PageTables:        81672 kB
NFS_Unstable:          0 kB
Bounce:                0 kB
WritebackTmp:          0 kB
CommitLimit:     8677876 kB
Committed_AS:   74257224 kB
VmallocTotal:   263061440 kB
VmallocUsed:      133704 kB
VmallocChunk:          0 kB
Percpu:             2448 kB
CmaTotal:         405504 kB
CmaFree:               0 kB
MemTotal:        7918588 kB
MemFree:          177416 kB
MemAvailable:    1091736 kB
Buffers:             848 kB
Cached:           966852 kB
SwapCached:         5804 kB
Active:           733112 kB
Inactive:        4445100 kB
Active(anon):     609688 kB
Inactive(anon):  3620372 kB
Active(file):     123424 kB
Inactive(file):   824728 kB
Unevictable:        6448 kB
Mlocked:            6008 kB
SwapTotal:       4718584 kB
SwapFree:        3796732 kB
Dirty:               340 kB
Writeback:             4 kB
AnonPages:       4216324 kB
Mapped:           654240 kB
Shmem:             14960 kB
KReclaimable:     380968 kB
Slab:             311156 kB
SReclaimable:      77468 kB
SUnreclaim:       233688 kB
KernelStack:       49536 kB
ShadowCallStack:   12420 kB
PageTables:        82324 kB
NFS_Unstable:          0 kB
Bounce:                0 kB
WritebackTmp:          0 kB
CommitLimit:     8677876 kB
Committed_AS:   74404420 kB
VmallocTotal:   263061440 kB
VmallocUsed:      133600 kB
VmallocChunk:          0 kB
Percpu:             2448 kB
CmaTotal:         405504 kB
CmaFree:              20 kB
MemTotal:        7918588 kB
MemFree:          189652 kB
MemAvailable:    1088228 kB
Buffers:             772 kB
Cached:           965524 kB
SwapCached:         4188 kB
Active:          1107936 kB
Inactive:        4091516 kB
Active(anon):     984080 kB
Inactive(anon):  3268428 kB
Active(file):     123856 kB
Inactive(file):   823088 kB
Unevictable:        6448 kB
Mlocked:            6008 kB
SwapTotal:       4718584 kB
SwapFree:        3763964 kB
Dirty:               340 kB
Writeback:             0 kB
AnonPages:       4239672 kB
Mapped:           653564 kB
Shmem:             14636 kB
KReclaimable:     341856 kB
Slab:             311148 kB
SReclaimable:      77468 kB
SUnreclaim:       233680 kB
KernelStack:       49552 kB
ShadowCallStack:   12420 kB
PageTables:        82444 kB
NFS_Unstable:          0 kB
Bounce:                0 kB
WritebackTmp:          0 kB
CommitLimit:     8677876 kB
Committed_AS:   74519108 kB
VmallocTotal:   263061440 kB
VmallocUsed:      133636 kB
VmallocChunk:          0 kB
Percpu:             2448 kB
CmaTotal:         405504 kB
CmaFree:               0 kB
MemTotal:        7918588 kB
MemFree:          173168 kB
MemAvailable:    1027964 kB
Buffers:             772 kB
Cached:           950528 kB
SwapCached:         4184 kB
Active:          1267740 kB
Inactive:        3975572 kB
Active(anon):    1141284 kB
Inactive(anon):  3170080 kB
Active(file):     126456 kB
Inactive(file):   805492 kB
Unevictable:        6448 kB
Mlocked:            6008 kB
SwapTotal:       4718584 kB
SwapFree:        3764476 kB
Dirty:               340 kB
Writeback:             0 kB
AnonPages:       4298476 kB
Mapped:           647968 kB
Shmem:             14636 kB
KReclaimable:     313072 kB
Slab:             311164 kB
SReclaimable:      77468 kB
SUnreclaim:       233696 kB
KernelStack:       49504 kB
ShadowCallStack:   12412 kB
PageTables:        82600 kB
NFS_Unstable:          0 kB
Bounce:                0 kB
WritebackTmp:          0 kB
CommitLimit:     8677876 kB
Committed_AS:   74633800 kB
VmallocTotal:   263061440 kB
VmallocUsed:      133620 kB
VmallocChunk:          0 kB
Percpu:             2448 kB
CmaTotal:         405504 kB
CmaFree:               0 kB
MemTotal:        7918588 kB
MemFree:          174372 kB
MemAvailable:     957816 kB
Buffers:             772 kB
Cached:           950564 kB
SwapCached:         4180 kB
Active:          1644620 kB
Inactive:        3670308 kB
Active(anon):    1518128 kB
Inactive(anon):  2864832 kB
Active(file):     126492 kB
Inactive(file):   805476 kB
Unevictable:        6448 kB
Mlocked:            6008 kB
SwapTotal:       4718584 kB
SwapFree:        3764732 kB
Dirty:               344 kB
Writeback:             0 kB
AnonPages:       4370132 kB
Mapped:           648468 kB
Shmem:             14656 kB
KReclaimable:     240880 kB
Slab:             311212 kB
SReclaimable:      77468 kB
SUnreclaim:       233744 kB
KernelStack:       49440 kB
ShadowCallStack:   12400 kB
PageTables:        83096 kB
NFS_Unstable:          0 kB
Bounce:                0 kB
WritebackTmp:          0 kB
CommitLimit:     8677876 kB
Committed_AS:   74797376 kB
VmallocTotal:   263061440 kB
VmallocUsed:      133500 kB
VmallocChunk:          0 kB
Percpu:             2448 kB
CmaTotal:         405504 kB
CmaFree:               0 kB
MemTotal:        7918588 kB
MemFree:          175932 kB
MemAvailable:     951712 kB
Buffers:             780 kB
Cached:           950568 kB
SwapCached:         4180 kB
Active:          1744676 kB
Inactive:        3580204 kB
Active(anon):    1618184 kB
Inactive(anon):  2774720 kB
Active(file):     126492 kB
Inactive(file):   805484 kB
Unevictable:        6448 kB
Mlocked:            6008 kB
SwapTotal:       4718584 kB
SwapFree:        3733500 kB
Dirty:               408 kB
Writeback:             0 kB
AnonPages:       4380080 kB
Mapped:           648824 kB
Shmem:             14660 kB
KReclaimable:     225536 kB
Slab:             311332 kB
SReclaimable:      77468 kB
SUnreclaim:       233864 kB
KernelStack:       49472 kB
ShadowCallStack:   12404 kB
PageTables:        83124 kB
NFS_Unstable:          0 kB
Bounce:                0 kB
WritebackTmp:          0 kB
CommitLimit:     8677876 kB
Committed_AS:   74879300 kB
VmallocTotal:   263061440 kB
VmallocUsed:      133500 kB
VmallocChunk:          0 kB
Percpu:             2448 kB
CmaTotal:         405504 kB
CmaFree:               0 kB
MemTotal:        7918588 kB
MemFree:          174760 kB
MemAvailable:     946240 kB
Buffers:             788 kB
Cached:           950572 kB
SwapCached:         4180 kB
Active:          1809232 kB
Inactive:        3524052 kB
Active(anon):    1682740 kB
Inactive(anon):  2718548 kB
Active(file):     126492 kB
Inactive(file):   805504 kB
Unevictable:        6448 kB
Mlocked:            6008 kB
SwapTotal:       4718584 kB
SwapFree:        3681788 kB
Dirty:                92 kB
Writeback:             0 kB
AnonPages:       4388600 kB
Mapped:           649108 kB
Shmem:             14660 kB
KReclaimable:     216896 kB
Slab:             311264 kB
SReclaimable:      77468 kB
SUnreclaim:       233796 kB
KernelStack:       49360 kB
ShadowCallStack:   12380 kB
PageTables:        82956 kB
NFS_Unstable:          0 kB
Bounce:                0 kB
WritebackTmp:          0 kB
CommitLimit:     8677876 kB
Committed_AS:   75010112 kB
VmallocTotal:   263061440 kB
VmallocUsed:      133416 kB
VmallocChunk:          0 kB
Percpu:             2448 kB
CmaTotal:         405504 kB
CmaFree:               0 kB
MemTotal:        7918588 kB
MemFree:          175452 kB
MemAvailable:     942348 kB
Buffers:             788 kB
Cached:           950588 kB
SwapCached:         4184 kB
Active:          1888516 kB
Inactive:        3451964 kB
Active(anon):    1762024 kB
Inactive(anon):  2646460 kB
Active(file):     126492 kB
Inactive(file):   805504 kB
Unevictable:        6448 kB
Mlocked:            6008 kB
SwapTotal:       4718584 kB
SwapFree:        3614716 kB
Dirty:                92 kB
Writeback:             0 kB
AnonPages:       4395308 kB
Mapped:           649816 kB
Shmem:             14664 kB
KReclaimable:     207728 kB
Slab:             311468 kB
SReclaimable:      77468 kB
SUnreclaim:       234000 kB
KernelStack:       49376 kB
ShadowCallStack:   12372 kB
PageTables:        83940 kB
NFS_Unstable:          0 kB
Bounce:                0 kB
WritebackTmp:          0 kB
CommitLimit:     8677876 kB
Committed_AS:   75157472 kB
VmallocTotal:   263061440 kB
VmallocUsed:      133380 kB
VmallocChunk:          0 kB
Percpu:             2448 kB
CmaTotal:         405504 kB
CmaFree:               0 kB
MemTotal:        7918588 kB
MemFree:          173608 kB
MemAvailable:     937200 kB
Buffers:             788 kB
Cached:           950608 kB
SwapCached:         4180 kB
Active:          1936852 kB
Inactive:        3411968 kB
Active(anon):    1810344 kB
Inactive(anon):  2606456 kB
Active(file):     126508 kB
Inactive(file):   805512 kB
Unevictable:        6448 kB
Mlocked:            6008 kB
SwapTotal:       4718584 kB
SwapFree:        3576828 kB
Dirty:               124 kB
Writeback:             4 kB
AnonPages:       4403928 kB
Mapped:           649888 kB
Shmem:             14664 kB
KReclaimable:     201072 kB
Slab:             311316 kB
SReclaimable:      77388 kB
SUnreclaim:       233928 kB
KernelStack:       49328 kB
ShadowCallStack:   12360 kB
PageTables:        83924 kB
NFS_Unstable:          0 kB
Bounce:                0 kB
WritebackTmp:          0 kB
CommitLimit:     8677876 kB
Committed_AS:   75255772 kB
VmallocTotal:   263061440 kB
VmallocUsed:      133348 kB
VmallocChunk:          0 kB
Percpu:             2448 kB
CmaTotal:         405504 kB
CmaFree:               0 kB
MemTotal:        7918588 kB
MemFree:          172924 kB
MemAvailable:     932876 kB
Buffers:             788 kB
Cached:           950608 kB
SwapCached:         4220 kB
Active:          2002044 kB
Inactive:        3352160 kB
Active(anon):    1875536 kB
Inactive(anon):  2546648 kB
Active(file):     126508 kB
Inactive(file):   805512 kB
Unevictable:        6448 kB
Mlocked:            6008 kB
SwapTotal:       4718584 kB
SwapFree:        3522812 kB
Dirty:               124 kB
Writeback:             4 kB
AnonPages:       4408956 kB
Mapped:           650376 kB
Shmem:             14664 kB
KReclaimable:     193792 kB
Slab:             311292 kB
SReclaimable:      77388 kB
SUnreclaim:       233904 kB
KernelStack:       49280 kB
ShadowCallStack:   12356 kB
PageTables:        83836 kB
NFS_Unstable:          0 kB
Bounce:                0 kB
WritebackTmp:          0 kB
CommitLimit:     8677876 kB
Committed_AS:   75403020 kB
VmallocTotal:   263061440 kB
VmallocUsed:      133296 kB
VmallocChunk:          0 kB
Percpu:             2448 kB
CmaTotal:         405504 kB
CmaFree:               0 kB
MemTotal:        7918588 kB
MemFree:          173680 kB
MemAvailable:     930156 kB
Buffers:             788 kB
Cached:           950608 kB
SwapCached:         4220 kB
Active:          2073296 kB
Inactive:        3286412 kB
Active(anon):    1946788 kB
Inactive(anon):  2480900 kB
Active(file):     126508 kB
Inactive(file):   805512 kB
Unevictable:        6448 kB
Mlocked:            6008 kB
SwapTotal:       4718584 kB
SwapFree:        3459836 kB
Dirty:               124 kB
Writeback:             0 kB
AnonPages:       4414488 kB
Mapped:           651032 kB
Shmem:             14664 kB
KReclaimable:     186840 kB
Slab:             311436 kB
SReclaimable:      77388 kB
SUnreclaim:       234048 kB
KernelStack:       49280 kB
ShadowCallStack:   12352 kB
PageTables:        84608 kB
NFS_Unstable:          0 kB
Bounce:                0 kB
WritebackTmp:          0 kB
CommitLimit:     8677876 kB
Committed_AS:   75566812 kB
VmallocTotal:   263061440 kB
VmallocUsed:      133296 kB
VmallocChunk:          0 kB
Percpu:             2448 kB
CmaTotal:         405504 kB
CmaFree:               0 kB
MemTotal:        7918588 kB
MemFree:          174632 kB
MemAvailable:     929972 kB
Buffers:             796 kB
Cached:           951748 kB
SwapCached:         4220 kB
Active:          2111940 kB
Inactive:        3251504 kB
Active(anon):    1984304 kB
Inactive(anon):  2445972 kB
Active(file):     127636 kB
Inactive(file):   805532 kB
Unevictable:        6448 kB
Mlocked:            6008 kB
SwapTotal:       4718584 kB
SwapFree:        3426300 kB
Dirty:               160 kB
Writeback:             0 kB
AnonPages:       4417392 kB
Mapped:           651332 kB
Shmem:             14664 kB
KReclaimable:     182272 kB
Slab:             311420 kB
SReclaimable:      77388 kB
SUnreclaim:       234032 kB
KernelStack:       49248 kB
ShadowCallStack:   12336 kB
PageTables:        84304 kB
NFS_Unstable:          0 kB
Bounce:                0 kB
WritebackTmp:          0 kB
CommitLimit:     8677876 kB
Committed_AS:   75648628 kB
VmallocTotal:   263061440 kB
VmallocUsed:      133240 kB
VmallocChunk:          0 kB
Percpu:             2448 kB
CmaTotal:         405504 kB
CmaFree:               0 kB
MemTotal:        7918588 kB
MemFree:          175476 kB
MemAvailable:     928416 kB
Buffers:             796 kB
Cached:           951752 kB
SwapCached:         4220 kB
Active:          2178984 kB
Inactive:        3185812 kB
Active(anon):    2051348 kB
Inactive(anon):  2380280 kB
Active(file):     127636 kB
Inactive(file):   805532 kB
Unevictable:        6448 kB
Mlocked:            6008 kB
SwapTotal:       4718584 kB
SwapFree:        3361276 kB
Dirty:               160 kB
Writeback:             0 kB
AnonPages:       4418756 kB
Mapped:           651912 kB
Shmem:             14668 kB
KReclaimable:     177472 kB
Slab:             311480 kB
SReclaimable:      77388 kB
SUnreclaim:       234092 kB
KernelStack:       49168 kB
ShadowCallStack:   12340 kB
PageTables:        84884 kB
NFS_Unstable:          0 kB
Bounce:                0 kB
WritebackTmp:          0 kB
CommitLimit:     8677876 kB
Committed_AS:   75763320 kB
VmallocTotal:   263061440 kB
VmallocUsed:      133144 kB
VmallocChunk:          0 kB
Percpu:             2448 kB
CmaTotal:         405504 kB
CmaFree:               0 kB
MemTotal:        7918588 kB
MemFree:          176488 kB
MemAvailable:     925980 kB
Buffers:             796 kB
Cached:           951752 kB
SwapCached:         4220 kB
Active:          2247116 kB
Inactive:        3122392 kB
Active(anon):    2119480 kB
Inactive(anon):  2316860 kB
Active(file):     127636 kB
Inactive(file):   805532 kB
Unevictable:        6448 kB
Mlocked:            6008 kB
SwapTotal:       4718584 kB
SwapFree:        3299836 kB
Dirty:               160 kB
Writeback:             0 kB
AnonPages:       4423416 kB
Mapped:           652384 kB
Shmem:             14668 kB
KReclaimable:     170576 kB
Slab:             311532 kB
SReclaimable:      77388 kB
SUnreclaim:       234144 kB
KernelStack:       49168 kB
ShadowCallStack:   12328 kB
PageTables:        85052 kB
NFS_Unstable:          0 kB
Bounce:                0 kB
WritebackTmp:          0 kB
CommitLimit:     8677876 kB
Committed_AS:   75894388 kB
VmallocTotal:   263061440 kB
VmallocUsed:      133152 kB
VmallocChunk:          0 kB
Percpu:             2448 kB
CmaTotal:         405504 kB
CmaFree:               0 kB
MemTotal:        7918588 kB
MemFree:          175852 kB
MemAvailable:     924116 kB
Buffers:             796 kB
Cached:           951752 kB
SwapCached:         4220 kB
Active:          2282652 kB
Inactive:        3089888 kB
Active(anon):    2155016 kB
Inactive(anon):  2284356 kB
Active(file):     127636 kB
Inactive(file):   805532 kB
Unevictable:        6448 kB
Mlocked:            6008 kB
SwapTotal:       4718584 kB
SwapFree:        3267324 kB
Dirty:               160 kB
Writeback:             0 kB
AnonPages:       4426632 kB
Mapped:           652644 kB
Shmem:             14668 kB
KReclaimable:     168120 kB
Slab:             311440 kB
SReclaimable:      77388 kB
SUnreclaim:       234052 kB
KernelStack:       49168 kB
ShadowCallStack:   12328 kB
PageTables:        85304 kB
NFS_Unstable:          0 kB
Bounce:                0 kB
WritebackTmp:          0 kB
CommitLimit:     8677876 kB
Committed_AS:   75959924 kB
VmallocTotal:   263061440 kB
VmallocUsed:      133160 kB
VmallocChunk:          0 kB
Percpu:             2448 kB
CmaTotal:         405504 kB
CmaFree:               0 kB
MemTotal:        7918588 kB
MemFree:          176368 kB
MemAvailable:     922220 kB
Buffers:             796 kB
Cached:           951784 kB
SwapCached:         4312 kB
Active:          2355448 kB
Inactive:        3019640 kB
Active(anon):    2227812 kB
Inactive(anon):  2214096 kB
Active(file):     127636 kB
Inactive(file):   805544 kB
Unevictable:        6448 kB
Mlocked:            6008 kB
SwapTotal:       4718584 kB
SwapFree:        3201020 kB
Dirty:               160 kB
Writeback:             0 kB
AnonPages:       4428600 kB
Mapped:           652988 kB
Shmem:             14692 kB
KReclaimable:     163272 kB
Slab:             311472 kB
SReclaimable:      77372 kB
SUnreclaim:       234100 kB
KernelStack:       49120 kB
ShadowCallStack:   12320 kB
PageTables:        85652 kB
NFS_Unstable:          0 kB
Bounce:                0 kB
WritebackTmp:          0 kB
CommitLimit:     8677876 kB
Committed_AS:   76107336 kB
VmallocTotal:   263061440 kB
VmallocUsed:      133128 kB
VmallocChunk:          0 kB
Percpu:             2448 kB
CmaTotal:         405504 kB
CmaFree:               0 kB
MemTotal:        7918588 kB
MemFree:          177424 kB
MemAvailable:     920928 kB
Buffers:             804 kB
Cached:           951824 kB
SwapCached:         4320 kB
Active:          2408992 kB
Inactive:        2968736 kB
Active(anon):    2281356 kB
Inactive(anon):  2163172 kB
Active(file):     127636 kB
Inactive(file):   805564 kB
Unevictable:        6448 kB
Mlocked:            6008 kB
SwapTotal:       4718584 kB
SwapFree:        3151868 kB
Dirty:               172 kB
Writeback:             0 kB
AnonPages:       4431640 kB
Mapped:           653464 kB
Shmem:             14720 kB
KReclaimable:     158536 kB
Slab:             311536 kB
SReclaimable:      77372 kB
SUnreclaim:       234164 kB
KernelStack:       49168 kB
ShadowCallStack:   12324 kB
PageTables:        85424 kB
NFS_Unstable:          0 kB
Bounce:                0 kB
WritebackTmp:          0 kB
CommitLimit:     8677876 kB
Committed_AS:   76205644 kB
VmallocTotal:   263061440 kB
VmallocUsed:      133132 kB
VmallocChunk:          0 kB
Percpu:             2448 kB
CmaTotal:         405504 kB
CmaFree:               0 kB
MemTotal:        7918588 kB
MemFree:          176140 kB
MemAvailable:     918348 kB
Buffers:             804 kB
Cached:           951824 kB
SwapCached:         4320 kB
Active:          2462136 kB
Inactive:        2918284 kB
Active(anon):    2334500 kB
Inactive(anon):  2112720 kB
Active(file):     127636 kB
Inactive(file):   805564 kB
Unevictable:        6448 kB
Mlocked:            6008 kB
SwapTotal:       4718584 kB
SwapFree:        3102972 kB
Dirty:               172 kB
Writeback:             0 kB
AnonPages:       4434048 kB
Mapped:           653740 kB
Shmem:             14724 kB
KReclaimable:     155944 kB
Slab:             311568 kB
SReclaimable:      77372 kB
SUnreclaim:       234196 kB
KernelStack:       49152 kB
ShadowCallStack:   12320 kB
PageTables:        85724 kB
NFS_Unstable:          0 kB
Bounce:                0 kB
WritebackTmp:          0 kB
CommitLimit:     8677876 kB
Committed_AS:   76303968 kB
VmallocTotal:   263061440 kB
VmallocUsed:      133140 kB
VmallocChunk:          0 kB
Percpu:             2448 kB
CmaTotal:         405504 kB
CmaFree:               0 kB
MemTotal:        7918588 kB
MemFree:          173604 kB
MemAvailable:     913436 kB
Buffers:             804 kB
Cached:           951836 kB
SwapCached:         4324 kB
Active:          2525752 kB
Inactive:        2860932 kB
Active(anon):    2398116 kB
Inactive(anon):  2055368 kB
Active(file):     127636 kB
Inactive(file):   805564 kB
Unevictable:        6448 kB
Mlocked:            6008 kB
SwapTotal:       4718584 kB
SwapFree:        3046396 kB
Dirty:               172 kB
Writeback:             0 kB
AnonPages:       4440476 kB
Mapped:           654208 kB
Shmem:             14724 kB
KReclaimable:     151192 kB
Slab:             311764 kB
SReclaimable:      77372 kB
SUnreclaim:       234392 kB
KernelStack:       49200 kB
ShadowCallStack:   12320 kB
PageTables:        86548 kB
NFS_Unstable:          0 kB
Bounce:                0 kB
WritebackTmp:          0 kB
CommitLimit:     8677876 kB
Committed_AS:   76418632 kB
VmallocTotal:   263061440 kB
VmallocUsed:      133132 kB
VmallocChunk:          0 kB
Percpu:             2448 kB
CmaTotal:         405504 kB
CmaFree:               0 kB
MemTotal:        7918588 kB
MemFree:          175844 kB
MemAvailable:     913308 kB
Buffers:             804 kB
Cached:           951672 kB
SwapCached:         4108 kB
Active:          2611304 kB
Inactive:        2774656 kB
Active(anon):    2483668 kB
Inactive(anon):  1969092 kB
Active(file):     127636 kB
Inactive(file):   805564 kB
Unevictable:        6448 kB
Mlocked:            6008 kB
SwapTotal:       4718584 kB
SwapFree:        2985468 kB
Dirty:               172 kB
Writeback:             0 kB
AnonPages:       4439740 kB
Mapped:           654388 kB
Shmem:             14568 kB
KReclaimable:     146456 kB
Slab:             311668 kB
SReclaimable:      77372 kB
SUnreclaim:       234296 kB
KernelStack:       49120 kB
ShadowCallStack:   12316 kB
PageTables:        86064 kB
NFS_Unstable:          0 kB
Bounce:                0 kB
WritebackTmp:          0 kB
CommitLimit:     8677876 kB
Committed_AS:   76552388 kB
VmallocTotal:   263061440 kB
VmallocUsed:      133136 kB
VmallocChunk:          0 kB
Percpu:             2448 kB
CmaTotal:         405504 kB
CmaFree:               0 kB
MemTotal:        7918588 kB
MemFree:          200868 kB
MemAvailable:     876496 kB
Buffers:             812 kB
Cached:           951692 kB
SwapCached:         3948 kB
Active:          2731764 kB
Inactive:        2542388 kB
Active(anon):    2604036 kB
Inactive(anon):  1736744 kB
Active(file):     127728 kB
Inactive(file):   805644 kB
Unevictable:        6448 kB
Mlocked:            6008 kB
SwapTotal:       4718584 kB
SwapFree:        2784252 kB
Dirty:               172 kB
Writeback:             0 kB
AnonPages:       4328344 kB
Mapped:           655220 kB
Shmem:             14424 kB
KReclaimable:     112552 kB
Slab:             311744 kB
SReclaimable:      77372 kB
SUnreclaim:       234372 kB
KernelStack:       49280 kB
ShadowCallStack:   12356 kB
PageTables:        86696 kB
NFS_Unstable:          0 kB
Bounce:                0 kB
WritebackTmp:          0 kB
CommitLimit:     8677876 kB
Committed_AS:   76651092 kB
VmallocTotal:   263061440 kB
VmallocUsed:      133296 kB
VmallocChunk:          0 kB
Percpu:             2448 kB
CmaTotal:         405504 kB
CmaFree:              16 kB
MemTotal:        7918588 kB
MemFree:          144816 kB
MemAvailable:     865272 kB
Buffers:             820 kB
Cached:           951820 kB
SwapCached:         3948 kB
Active:          2782868 kB
Inactive:        2537104 kB
Active(anon):    2655140 kB
Inactive(anon):  1731432 kB
Active(file):     127728 kB
Inactive(file):   805672 kB
Unevictable:        6448 kB
Mlocked:            6008 kB
SwapTotal:       4718584 kB
SwapFree:        2778876 kB
Dirty:               204 kB
Writeback:             0 kB
AnonPages:       4373772 kB
Mapped:           655212 kB
Shmem:             14520 kB
KReclaimable:     112040 kB
Slab:             311788 kB
SReclaimable:      77372 kB
SUnreclaim:       234416 kB
KernelStack:       49280 kB
ShadowCallStack:   12352 kB
PageTables:        86728 kB
NFS_Unstable:          0 kB
Bounce:                0 kB
WritebackTmp:          0 kB
CommitLimit:     8677876 kB
Committed_AS:   76749396 kB
VmallocTotal:   263061440 kB
VmallocUsed:      133312 kB
VmallocChunk:          0 kB
Percpu:             2448 kB
CmaTotal:         405504 kB
CmaFree:              12 kB
MemTotal:        7918588 kB
MemFree:          159400 kB
MemAvailable:     944672 kB
Buffers:             820 kB
Cached:           951688 kB
SwapCached:         3944 kB
Active:          2801504 kB
Inactive:        2503816 kB
Active(anon):    2673776 kB
Inactive(anon):  1698132 kB
Active(file):     127728 kB
Inactive(file):   805684 kB
Unevictable:        6448 kB
Mlocked:            6008 kB
SwapTotal:       4718584 kB
SwapFree:        2748156 kB
Dirty:               204 kB
Writeback:             0 kB
AnonPages:       4359276 kB
Mapped:           654792 kB
Shmem:             14384 kB
KReclaimable:     241648 kB
Slab:             311720 kB
SReclaimable:      77372 kB
SUnreclaim:       234348 kB
KernelStack:       49168 kB
ShadowCallStack:   12320 kB
PageTables:        87160 kB
NFS_Unstable:          0 kB
Bounce:                0 kB
WritebackTmp:          0 kB
CommitLimit:     8677876 kB
Committed_AS:   76847304 kB
VmallocTotal:   263061440 kB
VmallocUsed:      133104 kB
VmallocChunk:          0 kB
Percpu:             2448 kB
CmaTotal:         405504 kB
CmaFree:             260 kB
MemTotal:        7918588 kB
MemFree:          153264 kB
MemAvailable:     937260 kB
Buffers:             820 kB
Cached:           952016 kB
SwapCached:         3952 kB
Active:          2867816 kB
Inactive:        2444400 kB
Active(anon):    2739764 kB
Inactive(anon):  1638716 kB
Active(file):     128052 kB
Inactive(file):   805684 kB
Unevictable:        6448 kB
Mlocked:            6008 kB
SwapTotal:       4718584 kB
SwapFree:        2692092 kB
Dirty:               204 kB
Writeback:             0 kB
AnonPages:       4365924 kB
Mapped:           655188 kB
Shmem:             14388 kB
KReclaimable:     238448 kB
Slab:             311768 kB
SReclaimable:      77372 kB
SUnreclaim:       234396 kB
KernelStack:       49184 kB
ShadowCallStack:   12328 kB
PageTables:        87324 kB
NFS_Unstable:          0 kB
Bounce:                0 kB
WritebackTmp:          0 kB
CommitLimit:     8677876 kB
Committed_AS:   76978384 kB
VmallocTotal:   263061440 kB
VmallocUsed:      133120 kB
VmallocChunk:          0 kB
Percpu:             2448 kB
CmaTotal:         405504 kB
CmaFree:             380 kB
MemTotal:        7918588 kB
MemFree:          153528 kB
MemAvailable:     935956 kB
Buffers:             820 kB
Cached:           952016 kB
SwapCached:         3952 kB
Active:          2923648 kB
Inactive:        2389948 kB
Active(anon):    2795596 kB
Inactive(anon):  1584264 kB
Active(file):     128052 kB
Inactive(file):   805684 kB
Unevictable:        6448 kB
Mlocked:            6008 kB
SwapTotal:       4718584 kB
SwapFree:        2639868 kB
Dirty:               204 kB
Writeback:             0 kB
AnonPages:       4367184 kB
Mapped:           655544 kB
Shmem:             14388 kB
KReclaimable:     235312 kB
Slab:             311844 kB
SReclaimable:      77372 kB
SUnreclaim:       234472 kB
KernelStack:       49184 kB
ShadowCallStack:   12328 kB
PageTables:        87380 kB
NFS_Unstable:          0 kB
Bounce:                0 kB
WritebackTmp:          0 kB
CommitLimit:     8677876 kB
Committed_AS:   77060304 kB
VmallocTotal:   263061440 kB
VmallocUsed:      133156 kB
VmallocChunk:          0 kB
Percpu:             2448 kB
CmaTotal:         405504 kB
CmaFree:             380 kB
MemTotal:        7918588 kB
MemFree:          155324 kB
MemAvailable:     935988 kB
Buffers:             820 kB
Cached:           952024 kB
SwapCached:         3952 kB
Active:          2993688 kB
Inactive:        2320560 kB
Active(anon):    2865636 kB
Inactive(anon):  1514876 kB
Active(file):     128052 kB
Inactive(file):   805684 kB
Unevictable:        6448 kB
Mlocked:            6008 kB
SwapTotal:       4718584 kB
SwapFree:        2575100 kB
Dirty:               204 kB
Writeback:             4 kB
AnonPages:       4367752 kB
Mapped:           655888 kB
Shmem:             14388 kB
KReclaimable:     231784 kB
Slab:             311824 kB
SReclaimable:      77372 kB
SUnreclaim:       234452 kB
KernelStack:       49184 kB
ShadowCallStack:   12328 kB
PageTables:        87508 kB
NFS_Unstable:          0 kB
Bounce:                0 kB
WritebackTmp:          0 kB
CommitLimit:     8677876 kB
Committed_AS:   77174988 kB
VmallocTotal:   263061440 kB
VmallocUsed:      133156 kB
VmallocChunk:          0 kB
Percpu:             2448 kB
CmaTotal:         405504 kB
CmaFree:             380 kB
MemTotal:        7918588 kB
MemFree:          156572 kB
MemAvailable:     935460 kB
Buffers:             828 kB
Cached:           952184 kB
SwapCached:         3952 kB
Active:          3059644 kB
Inactive:        2254872 kB
Active(anon):    2931592 kB
Inactive(anon):  1449020 kB
Active(file):     128052 kB
Inactive(file):   805852 kB
Unevictable:        6448 kB
Mlocked:            6008 kB
SwapTotal:       4718584 kB
SwapFree:        2512892 kB
Dirty:               364 kB
Writeback:             0 kB
AnonPages:       4367972 kB
Mapped:           656660 kB
Shmem:             14396 kB
KReclaimable:     227896 kB
Slab:             311896 kB
SReclaimable:      77372 kB
SUnreclaim:       234524 kB
KernelStack:       49184 kB
ShadowCallStack:   12328 kB
PageTables:        87844 kB
NFS_Unstable:          0 kB
Bounce:                0 kB
WritebackTmp:          0 kB
CommitLimit:     8677876 kB
Committed_AS:   77289680 kB
VmallocTotal:   263061440 kB
VmallocUsed:      133144 kB
VmallocChunk:          0 kB
Percpu:             2448 kB
CmaTotal:         405504 kB
CmaFree:             380 kB
MemTotal:        7918588 kB
MemFree:          439452 kB
MemAvailable:    1211760 kB
Buffers:             828 kB
Cached:           952440 kB
SwapCached:         3720 kB
Active:          2836632 kB
Inactive:        2204740 kB
Active(anon):    2735808 kB
Inactive(anon):  1371276 kB
Active(file):     100824 kB
Inactive(file):   833464 kB
Unevictable:        6448 kB
Mlocked:            6008 kB
SwapTotal:       4718584 kB
SwapFree:        2195452 kB
Dirty:               364 kB
Writeback:             0 kB
AnonPages:       4094620 kB
Mapped:           656776 kB
Shmem:             14268 kB
KReclaimable:     213968 kB
Slab:             312288 kB
SReclaimable:      77740 kB
SUnreclaim:       234548 kB
KernelStack:       49184 kB
ShadowCallStack:   12340 kB
PageTables:        88072 kB
NFS_Unstable:          0 kB
Bounce:                0 kB
WritebackTmp:          0 kB
CommitLimit:     8677876 kB
Committed_AS:   77371596 kB
VmallocTotal:   263061440 kB
VmallocUsed:      133192 kB
VmallocChunk:          0 kB
Percpu:             2448 kB
CmaTotal:         405504 kB
CmaFree:          284940 kB
MemTotal:        7918588 kB
MemFree:          413464 kB
MemAvailable:    1183700 kB
Buffers:             828 kB
Cached:           952440 kB
SwapCached:         3716 kB
Active:          2896992 kB
Inactive:        2171756 kB
Active(anon):    2796168 kB
Inactive(anon):  1338292 kB
Active(file):     100824 kB
Inactive(file):   833464 kB
Unevictable:        6448 kB
Mlocked:            6008 kB
SwapTotal:       4718584 kB
SwapFree:        2164732 kB
Dirty:               364 kB
Writeback:             0 kB
AnonPages:       4122028 kB
Mapped:           657388 kB
Shmem:             14268 kB
KReclaimable:     209824 kB
Slab:             312408 kB
SReclaimable:      77804 kB
SUnreclaim:       234604 kB
KernelStack:       49168 kB
ShadowCallStack:   12324 kB
PageTables:        88144 kB
NFS_Unstable:          0 kB
Bounce:                0 kB
WritebackTmp:          0 kB
CommitLimit:     8677876 kB
Committed_AS:   77469900 kB
VmallocTotal:   263061440 kB
VmallocUsed:      133160 kB
VmallocChunk:          0 kB
Percpu:             2448 kB
CmaTotal:         405504 kB
CmaFree:          242004 kB
MemTotal:        7918588 kB
MemFree:          344632 kB
MemAvailable:    1114524 kB
Buffers:             828 kB
Cached:           952448 kB
SwapCached:         3740 kB
Active:          2965932 kB
Inactive:        2171764 kB
Active(anon):    2865108 kB
Inactive(anon):  1338292 kB
Active(file):     100824 kB
Inactive(file):   833472 kB
Unevictable:        6448 kB
Mlocked:            6008 kB
SwapTotal:       4718584 kB
SwapFree:        2164732 kB
Dirty:               120 kB
Writeback:             0 kB
AnonPages:       4190900 kB
Mapped:           657680 kB
Shmem:             14268 kB
KReclaimable:     209120 kB
Slab:             312400 kB
SReclaimable:      77804 kB
SUnreclaim:       234596 kB
KernelStack:       49216 kB
ShadowCallStack:   12320 kB
PageTables:        88416 kB
NFS_Unstable:          0 kB
Bounce:                0 kB
WritebackTmp:          0 kB
CommitLimit:     8677876 kB
Committed_AS:   77584588 kB
VmallocTotal:   263061440 kB
VmallocUsed:      133160 kB
VmallocChunk:          0 kB
Percpu:             2448 kB
CmaTotal:         405504 kB
CmaFree:          172976 kB
MemTotal:        7918588 kB
MemFree:          284344 kB
MemAvailable:    1054224 kB
Buffers:             828 kB
Cached:           952692 kB
SwapCached:         3740 kB
Active:          3026116 kB
Inactive:        2171712 kB
Active(anon):    2925108 kB
Inactive(anon):  1338240 kB
Active(file):     101008 kB
Inactive(file):   833472 kB
Unevictable:        6448 kB
Mlocked:            6008 kB
SwapTotal:       4718584 kB
SwapFree:        2168828 kB
Dirty:               120 kB
Writeback:             0 kB
AnonPages:       4250816 kB
Mapped:           658124 kB
Shmem:             14328 kB
KReclaimable:     208728 kB
Slab:             312532 kB
SReclaimable:      77836 kB
SUnreclaim:       234696 kB
KernelStack:       49168 kB
ShadowCallStack:   12332 kB
PageTables:        88552 kB
NFS_Unstable:          0 kB
Bounce:                0 kB
WritebackTmp:          0 kB
CommitLimit:     8677876 kB
Committed_AS:   77682892 kB
VmallocTotal:   263061440 kB
VmallocUsed:      133156 kB
VmallocChunk:          0 kB
Percpu:             2448 kB
CmaTotal:         405504 kB
CmaFree:          113332 kB
MemTotal:        7918588 kB
MemFree:          220104 kB
MemAvailable:     989612 kB
Buffers:             836 kB
Cached:           952708 kB
SwapCached:         3740 kB
Active:          3089128 kB
Inactive:        2171712 kB
Active(anon):    2988120 kB
Inactive(anon):  1338236 kB
Active(file):     101008 kB
Inactive(file):   833476 kB
Unevictable:        6448 kB
Mlocked:            6008 kB
SwapTotal:       4718584 kB
SwapFree:        2169084 kB
Dirty:               160 kB
Writeback:             0 kB
AnonPages:       4313952 kB
Mapped:           658636 kB
Shmem:             14328 kB
KReclaimable:     207976 kB
Slab:             312488 kB
SReclaimable:      77820 kB
SUnreclaim:       234668 kB
KernelStack:       49184 kB
ShadowCallStack:   12320 kB
PageTables:        88812 kB
NFS_Unstable:          0 kB
Bounce:                0 kB
WritebackTmp:          0 kB
CommitLimit:     8677876 kB
Committed_AS:   77797580 kB
VmallocTotal:   263061440 kB
VmallocUsed:      133144 kB
VmallocChunk:          0 kB
Percpu:             2448 kB
CmaTotal:         405504 kB
CmaFree:           49816 kB
MemTotal:        7918588 kB
MemFree:          161128 kB
MemAvailable:     930152 kB
Buffers:             836 kB
Cached:           952712 kB
SwapCached:         3744 kB
Active:          3160296 kB
Inactive:        2160220 kB
Active(anon):    3059288 kB
Inactive(anon):  1326720 kB
Active(file):     101008 kB
Inactive(file):   833500 kB
Unevictable:        6448 kB
Mlocked:            6008 kB
SwapTotal:       4718584 kB
SwapFree:        2157820 kB
Dirty:               164 kB
Writeback:             0 kB
AnonPages:       4373668 kB
Mapped:           659052 kB
Shmem:             14328 kB
KReclaimable:     206960 kB
Slab:             312580 kB
SReclaimable:      77836 kB
SUnreclaim:       234744 kB
KernelStack:       49184 kB
ShadowCallStack:   12328 kB
PageTables:        89208 kB
NFS_Unstable:          0 kB
Bounce:                0 kB
WritebackTmp:          0 kB
CommitLimit:     8677876 kB
Committed_AS:   77928656 kB
VmallocTotal:   263061440 kB
VmallocUsed:      133160 kB
VmallocChunk:          0 kB
Percpu:             2448 kB
CmaTotal:         405504 kB
CmaFree:               0 kB
MemTotal:        7918588 kB
MemFree:          152792 kB
MemAvailable:     920844 kB
Buffers:             836 kB
Cached:           953000 kB
SwapCached:         3744 kB
Active:          3232892 kB
Inactive:        2097704 kB
Active(anon):    3131884 kB
Inactive(anon):  1263928 kB
Active(file):     101008 kB
Inactive(file):   833776 kB
Unevictable:        6448 kB
Mlocked:            6008 kB
SwapTotal:       4718584 kB
SwapFree:        2097660 kB
Dirty:               224 kB
Writeback:             8 kB
AnonPages:       4383608 kB
Mapped:           659392 kB
Shmem:             14332 kB
KReclaimable:     204464 kB
Slab:             312752 kB
SReclaimable:      77964 kB
SUnreclaim:       234788 kB
KernelStack:       49184 kB
ShadowCallStack:   12324 kB
PageTables:        89484 kB
NFS_Unstable:          0 kB
Bounce:                0 kB
WritebackTmp:          0 kB
CommitLimit:     8677876 kB
Committed_AS:   78043340 kB
VmallocTotal:   263061440 kB
VmallocUsed:      133160 kB
VmallocChunk:          0 kB
Percpu:             2448 kB
CmaTotal:         405504 kB
CmaFree:               0 kB
MemTotal:        7918588 kB
MemFree:          145080 kB
MemAvailable:     911852 kB
Buffers:             836 kB
Cached:           952992 kB
SwapCached:         3740 kB
Active:          3294332 kB
Inactive:        2046236 kB
Active(anon):    3193324 kB
Inactive(anon):  1212460 kB
Active(file):     101008 kB
Inactive(file):   833776 kB
Unevictable:        6448 kB
Mlocked:            6008 kB
SwapTotal:       4718584 kB
SwapFree:        2048764 kB
Dirty:               224 kB
Writeback:             0 kB
AnonPages:       4393108 kB
Mapped:           659812 kB
Shmem:             14332 kB
KReclaimable:     201904 kB
Slab:             312788 kB
SReclaimable:      78076 kB
SUnreclaim:       234712 kB
KernelStack:       49200 kB
ShadowCallStack:   12320 kB
PageTables:        89064 kB
NFS_Unstable:          0 kB
Bounce:                0 kB
WritebackTmp:          0 kB
CommitLimit:     8677876 kB
Committed_AS:   78141644 kB
VmallocTotal:   263061440 kB
VmallocUsed:      133176 kB
VmallocChunk:          0 kB
Percpu:             2448 kB
CmaTotal:         405504 kB
CmaFree:               0 kB
MemTotal:        7918588 kB
MemFree:          130880 kB
MemAvailable:     896616 kB
Buffers:             844 kB
Cached:           953000 kB
SwapCached:         3740 kB
Active:          3366584 kB
Inactive:        1988016 kB
Active(anon):    3265576 kB
Inactive(anon):  1154228 kB
Active(file):     101008 kB
Inactive(file):   833788 kB
Unevictable:        6448 kB
Mlocked:            6008 kB
SwapTotal:       4718584 kB
SwapFree:        1995092 kB
Dirty:               228 kB
Writeback:             0 kB
AnonPages:       4407240 kB
Mapped:           660092 kB
Shmem:             14332 kB
KReclaimable:     199808 kB
Slab:             313160 kB
SReclaimable:      78188 kB
SUnreclaim:       234972 kB
KernelStack:       49152 kB
ShadowCallStack:   12328 kB
PageTables:        89880 kB
NFS_Unstable:          0 kB
Bounce:                0 kB
WritebackTmp:          0 kB
CommitLimit:     8677876 kB
Committed_AS:   78256332 kB
VmallocTotal:   263061440 kB
VmallocUsed:      133160 kB
VmallocChunk:          0 kB
Percpu:             2448 kB
CmaTotal:         405504 kB
CmaFree:               0 kB
MemTotal:        7918588 kB
MemFree:          115568 kB
MemAvailable:     880596 kB
Buffers:             852 kB
Cached:           953604 kB
SwapCached:         3740 kB
Active:          3446288 kB
Inactive:        1925212 kB
Active(anon):    3344652 kB
Inactive(anon):  1091400 kB
Active(file):     101636 kB
Inactive(file):   833812 kB
Unevictable:        6448 kB
Mlocked:            6008 kB
SwapTotal:       4718584 kB
SwapFree:        1936988 kB
Dirty:               248 kB
Writeback:             0 kB
AnonPages:       4423164 kB
Mapped:           660708 kB
Shmem:             14332 kB
KReclaimable:     197088 kB
Slab:             313160 kB
SReclaimable:      78236 kB
SUnreclaim:       234924 kB
KernelStack:       49184 kB
ShadowCallStack:   12320 kB
PageTables:        89544 kB
NFS_Unstable:          0 kB
Bounce:                0 kB
WritebackTmp:          0 kB
CommitLimit:     8677876 kB
Committed_AS:   78371024 kB
VmallocTotal:   263061440 kB
VmallocUsed:      133156 kB
VmallocChunk:          0 kB
Percpu:             2448 kB
CmaTotal:         405504 kB
CmaFree:               0 kB
MemTotal:        7918588 kB
MemFree:          107216 kB
MemAvailable:     871548 kB
Buffers:             852 kB
Cached:           953644 kB
SwapCached:         3740 kB
Active:          3495568 kB
Inactive:        1884504 kB
Active(anon):    3393932 kB
Inactive(anon):  1050692 kB
Active(file):     101636 kB
Inactive(file):   833812 kB
Unevictable:        6448 kB
Mlocked:            6008 kB
SwapTotal:       4718584 kB
SwapFree:        1897888 kB
Dirty:               184 kB
Writeback:             4 kB
AnonPages:       4431768 kB
Mapped:           660856 kB
Shmem:             14332 kB
KReclaimable:     195696 kB
Slab:             313256 kB
SReclaimable:      78284 kB
SUnreclaim:       234972 kB
KernelStack:       49184 kB
ShadowCallStack:   12328 kB
PageTables:        90152 kB
NFS_Unstable:          0 kB
Bounce:                0 kB
WritebackTmp:          0 kB
CommitLimit:     8677876 kB
Committed_AS:   78452944 kB
VmallocTotal:   263061440 kB
VmallocUsed:      133152 kB
VmallocChunk:          0 kB
Percpu:             2448 kB
CmaTotal:         405504 kB
CmaFree:               0 kB
MemTotal:        7918588 kB
MemFree:           98436 kB
MemAvailable:     862328 kB
Buffers:             852 kB
Cached:           953640 kB
SwapCached:         3740 kB
Active:          3542952 kB
Inactive:        1844696 kB
Active(anon):    3441316 kB
Inactive(anon):  1010884 kB
Active(file):     101636 kB
Inactive(file):   833812 kB
Unevictable:        6448 kB
Mlocked:            6008 kB
SwapTotal:       4718584 kB
SwapFree:        1860256 kB
Dirty:               184 kB
Writeback:             4 kB
AnonPages:       4439480 kB
