MemTotal:        7918588 kB
MemFree:         1487572 kB
MemAvailable:    4237760 kB
Buffers:           60460 kB
Cached:          2651220 kB
SwapCached:            0 kB
Active:          3132064 kB
Inactive:        1141756 kB
Active(anon):    1530424 kB
Inactive(anon):    59164 kB
Active(file):    1601640 kB
Inactive(file):  1082592 kB
Unevictable:        6152 kB
Mlocked:            5712 kB
SwapTotal:       4718584 kB
SwapFree:        4718584 kB
Dirty:            180652 kB
Writeback:             0 kB
AnonPages:       1568228 kB
Mapped:           998284 kB
Shmem:             22800 kB
KReclaimable:     456180 kB
Slab:             325352 kB
SReclaimable:     103492 kB
SUnreclaim:       221860 kB
KernelStack:       47872 kB
ShadowCallStack:   11992 kB
PageTables:        65576 kB
NFS_Unstable:          0 kB
Bounce:                0 kB
WritebackTmp:          0 kB
CommitLimit:     8677876 kB
Committed_AS:   68847140 kB
VmallocTotal:   263061440 kB
VmallocUsed:      130676 kB
VmallocChunk:          0 kB
Percpu:             2448 kB
CmaTotal:         405504 kB
CmaFree:          269600 kB
MemTotal:        7918588 kB
MemFree:         1487668 kB
MemAvailable:    4238380 kB
Buffers:           60468 kB
Cached:          2651704 kB
SwapCached:            0 kB
Active:          3133452 kB
Inactive:        1142224 kB
Active(anon):    1531784 kB
Inactive(anon):    59168 kB
Active(file):    1601668 kB
Inactive(file):  1083056 kB
Unevictable:        6152 kB
Mlocked:            5712 kB
SwapTotal:       4718584 kB
SwapFree:        4718584 kB
Dirty:            179988 kB
Writeback:             0 kB
AnonPages:       1569716 kB
Mapped:           998536 kB
Shmem:             22800 kB
KReclaimable:     456212 kB
Slab:             325388 kB
SReclaimable:     103524 kB
SUnreclaim:       221864 kB
KernelStack:       47936 kB
ShadowCallStack:   11996 kB
PageTables:        65612 kB
NFS_Unstable:          0 kB
Bounce:                0 kB
WritebackTmp:          0 kB
CommitLimit:     8677876 kB
Committed_AS:   68860120 kB
VmallocTotal:   263061440 kB
VmallocUsed:      130716 kB
VmallocChunk:          0 kB
Percpu:             2448 kB
CmaTotal:         405504 kB
CmaFree:          270488 kB
MemTotal:        7918588 kB
MemFree:         1441336 kB
MemAvailable:    4259624 kB
Buffers:           60468 kB
Cached:          2652276 kB
SwapCached:            0 kB
Active:          3126964 kB
Inactive:        1142260 kB
Active(anon):    1524776 kB
Inactive(anon):    59164 kB
Active(file):    1602188 kB
Inactive(file):  1083096 kB
Unevictable:        6152 kB
Mlocked:            5712 kB
SwapTotal:       4718584 kB
SwapFree:        4718584 kB
Dirty:            180092 kB
Writeback:             0 kB
AnonPages:       1562660 kB
Mapped:           999724 kB
Shmem:             22812 kB
KReclaimable:     523228 kB
Slab:             325412 kB
SReclaimable:     103576 kB
SUnreclaim:       221836 kB
KernelStack:       47776 kB
ShadowCallStack:   11964 kB
PageTables:        65732 kB
NFS_Unstable:          0 kB
Bounce:                0 kB
WritebackTmp:          0 kB
CommitLimit:     8677876 kB
Committed_AS:   68860108 kB
VmallocTotal:   263061440 kB
VmallocUsed:      130544 kB
VmallocChunk:          0 kB
Percpu:             2448 kB
CmaTotal:         405504 kB
CmaFree:          278872 kB
MemTotal:        7918588 kB
MemFree:         1322368 kB
MemAvailable:    3986012 kB
Buffers:           60524 kB
Cached:          2652564 kB
SwapCached:            0 kB
Active:          3150964 kB
Inactive:        1142316 kB
Active(anon):    1548744 kB
Inactive(anon):    59168 kB
Active(file):    1602220 kB
Inactive(file):  1083148 kB
Unevictable:        6152 kB
Mlocked:            5712 kB
SwapTotal:       4718584 kB
SwapFree:        4718584 kB
Dirty:            180268 kB
Writeback:             0 kB
AnonPages:       1586228 kB
Mapped:          1023092 kB
Shmem:             23072 kB
KReclaimable:     368500 kB
Slab:             325908 kB
SReclaimable:     103684 kB
SUnreclaim:       222224 kB
KernelStack:       48064 kB
ShadowCallStack:   12044 kB
PageTables:        66152 kB
NFS_Unstable:          0 kB
Bounce:                0 kB
WritebackTmp:          0 kB
CommitLimit:     8677876 kB
Committed_AS:   68891508 kB
VmallocTotal:   263061440 kB
VmallocUsed:      130860 kB
VmallocChunk:          0 kB
Percpu:             2448 kB
CmaTotal:         405504 kB
CmaFree:          266920 kB
MemTotal:        7918588 kB
MemFree:         1361776 kB
MemAvailable:    4234736 kB
Buffers:           60556 kB
Cached:          2652484 kB
SwapCached:            0 kB
Active:          3110780 kB
Inactive:        1142384 kB
Active(anon):    1508548 kB
Inactive(anon):    59168 kB
Active(file):    1602232 kB
Inactive(file):  1083216 kB
Unevictable:        6152 kB
Mlocked:            5712 kB
SwapTotal:       4718584 kB
SwapFree:        4718584 kB
Dirty:            180212 kB
Writeback:             0 kB
AnonPages:       1546272 kB
Mapped:          1023108 kB
Shmem:             22944 kB
KReclaimable:     577736 kB
Slab:             325836 kB
SReclaimable:     103668 kB
SUnreclaim:       222168 kB
KernelStack:       47856 kB
ShadowCallStack:   11996 kB
PageTables:        65776 kB
NFS_Unstable:          0 kB
Bounce:                0 kB
WritebackTmp:          0 kB
CommitLimit:     8677876 kB
Committed_AS:   68894944 kB
VmallocTotal:   263061440 kB
VmallocUsed:      130624 kB
VmallocChunk:          0 kB
Percpu:             2448 kB
CmaTotal:         405504 kB
CmaFree:          265256 kB
MemTotal:        7918588 kB
MemFree:         1358732 kB
MemAvailable:    4230924 kB
Buffers:           60556 kB
Cached:          2652488 kB
SwapCached:            0 kB
Active:          3114312 kB
Inactive:        1142380 kB
Active(anon):    1512080 kB
Inactive(anon):    59164 kB
Active(file):    1602232 kB
Inactive(file):  1083216 kB
Unevictable:        6152 kB
Mlocked:            5712 kB
SwapTotal:       4718584 kB
SwapFree:        4718584 kB
Dirty:             33124 kB
Writeback:         40868 kB
AnonPages:       1549652 kB
Mapped:          1023736 kB
Shmem:             22948 kB
KReclaimable:     576968 kB
Slab:             325940 kB
SReclaimable:     103668 kB
SUnreclaim:       222272 kB
KernelStack:       47824 kB
ShadowCallStack:   11996 kB
PageTables:        65600 kB
NFS_Unstable:          0 kB
Bounce:                0 kB
WritebackTmp:          0 kB
CommitLimit:     8677876 kB
Committed_AS:   68894908 kB
VmallocTotal:   263061440 kB
VmallocUsed:      130608 kB
VmallocChunk:          0 kB
Percpu:             2448 kB
CmaTotal:         405504 kB
CmaFree:          265256 kB
MemTotal:        7918588 kB
MemFree:         1356136 kB
MemAvailable:    4228332 kB
Buffers:           60588 kB
Cached:          2652504 kB
SwapCached:            0 kB
Active:          3117656 kB
Inactive:        1142420 kB
Active(anon):    1515424 kB
Inactive(anon):    59168 kB
Active(file):    1602232 kB
Inactive(file):  1083252 kB
Unevictable:        6152 kB
Mlocked:            5712 kB
SwapTotal:       4718584 kB
SwapFree:        4718584 kB
Dirty:             18116 kB
Writeback:             0 kB
AnonPages:       1553216 kB
Mapped:          1024032 kB
Shmem:             22960 kB
KReclaimable:     576936 kB
Slab:             325956 kB
SReclaimable:     103668 kB
SUnreclaim:       222288 kB
KernelStack:       47856 kB
ShadowCallStack:   11988 kB
PageTables:        65804 kB
NFS_Unstable:          0 kB
Bounce:                0 kB
WritebackTmp:          0 kB
CommitLimit:     8677876 kB
Committed_AS:   68894916 kB
VmallocTotal:   263061440 kB
VmallocUsed:      130604 kB
VmallocChunk:          0 kB
Percpu:             2448 kB
CmaTotal:         405504 kB
CmaFree:          265440 kB
MemTotal:        7918588 kB
MemFree:         1356464 kB
MemAvailable:    4228716 kB
Buffers:           60612 kB
Cached:          2652552 kB
SwapCached:            0 kB
Active:          3119152 kB
Inactive:        1142492 kB
Active(anon):    1516920 kB
Inactive(anon):    59168 kB
Active(file):    1602232 kB
Inactive(file):  1083324 kB
Unevictable:        6152 kB
Mlocked:            5712 kB
SwapTotal:       4718584 kB
SwapFree:        4718584 kB
Dirty:             18404 kB
Writeback:            16 kB
AnonPages:       1554556 kB
Mapped:          1024776 kB
Shmem:             22960 kB
KReclaimable:     576920 kB
Slab:             325948 kB
SReclaimable:     103668 kB
SUnreclaim:       222280 kB
KernelStack:       47824 kB
ShadowCallStack:   11996 kB
PageTables:        65680 kB
NFS_Unstable:          0 kB
Bounce:                0 kB
WritebackTmp:          0 kB
CommitLimit:     8677876 kB
Committed_AS:   68894912 kB
VmallocTotal:   263061440 kB
VmallocUsed:      130608 kB
VmallocChunk:          0 kB
Percpu:             2448 kB
CmaTotal:         405504 kB
CmaFree:          266924 kB
MemTotal:        7918588 kB
MemFree:         1331744 kB
MemAvailable:    4224116 kB
Buffers:           60612 kB
Cached:          2652596 kB
SwapCached:            0 kB
Active:          3145532 kB
Inactive:        1142532 kB
Active(anon):    1543300 kB
Inactive(anon):    59164 kB
Active(file):    1602232 kB
Inactive(file):  1083368 kB
Unevictable:        6152 kB
Mlocked:            5712 kB
SwapTotal:       4718584 kB
SwapFree:        4718584 kB
Dirty:             18580 kB
Writeback:             0 kB
AnonPages:       1581188 kB
Mapped:          1025840 kB
Shmem:             22960 kB
KReclaimable:     596996 kB
Slab:             325948 kB
SReclaimable:     103668 kB
SUnreclaim:       222280 kB
KernelStack:       47680 kB
ShadowCallStack:   11932 kB
PageTables:        65792 kB
NFS_Unstable:          0 kB
Bounce:                0 kB
WritebackTmp:          0 kB
CommitLimit:     8677876 kB
Committed_AS:   68919168 kB
VmallocTotal:   263061440 kB
VmallocUsed:      130104 kB
VmallocChunk:          0 kB
Percpu:             2448 kB
CmaTotal:         405504 kB
CmaFree:          267180 kB
MemTotal:        7918588 kB
MemFree:         1143048 kB
MemAvailable:    3999684 kB
Buffers:           60624 kB
Cached:          2652632 kB
SwapCached:            0 kB
Active:          3313960 kB
Inactive:        1142564 kB
Active(anon):    1711712 kB
Inactive(anon):    59164 kB
Active(file):    1602248 kB
Inactive(file):  1083400 kB
Unevictable:        6152 kB
Mlocked:            5712 kB
SwapTotal:       4718584 kB
SwapFree:        4718584 kB
Dirty:             18700 kB
Writeback:             0 kB
AnonPages:       1749428 kB
Mapped:          1098424 kB
Shmem:             22960 kB
KReclaimable:     561212 kB
Slab:             326340 kB
SReclaimable:     103668 kB
SUnreclaim:       222672 kB
KernelStack:       47712 kB
ShadowCallStack:   11952 kB
PageTables:        66536 kB
NFS_Unstable:          0 kB
Bounce:                0 kB
WritebackTmp:          0 kB
CommitLimit:     8677876 kB
Committed_AS:   69290556 kB
VmallocTotal:   263061440 kB
VmallocUsed:      130152 kB
VmallocChunk:          0 kB
Percpu:             2448 kB
CmaTotal:         405504 kB
CmaFree:          107784 kB
MemTotal:        7918588 kB
MemFree:         1040048 kB
MemAvailable:    3882212 kB
Buffers:           60624 kB
Cached:          2652732 kB
SwapCached:            0 kB
Active:          3377292 kB
Inactive:        1142660 kB
Active(anon):    1775044 kB
Inactive(anon):    59160 kB
Active(file):    1602248 kB
Inactive(file):  1083500 kB
Unevictable:        6152 kB
Mlocked:            5712 kB
SwapTotal:       4718584 kB
SwapFree:        4718584 kB
Dirty:             18704 kB
Writeback:             0 kB
AnonPages:       1812728 kB
Mapped:          1121812 kB
Shmem:             22960 kB
KReclaimable:     546640 kB
Slab:             326492 kB
SReclaimable:     103672 kB
SUnreclaim:       222820 kB
KernelStack:       47712 kB
ShadowCallStack:   11976 kB
PageTables:        66748 kB
NFS_Unstable:          0 kB
Bounce:                0 kB
WritebackTmp:          0 kB
CommitLimit:     8677876 kB
Committed_AS:   69400216 kB
VmallocTotal:   263061440 kB
VmallocUsed:      130192 kB
VmallocChunk:          0 kB
Percpu:             2448 kB
CmaTotal:         405504 kB
CmaFree:           44688 kB
MemTotal:        7918588 kB
MemFree:          940996 kB
MemAvailable:    3782916 kB
Buffers:           60624 kB
Cached:          2652740 kB
SwapCached:            0 kB
Active:          3468928 kB
Inactive:        1142668 kB
Active(anon):    1866680 kB
Inactive(anon):    59168 kB
Active(file):    1602248 kB
Inactive(file):  1083500 kB
Unevictable:        6152 kB
Mlocked:            5712 kB
SwapTotal:       4718584 kB
SwapFree:        4718584 kB
Dirty:             18788 kB
Writeback:             0 kB
AnonPages:       1904552 kB
Mapped:          1123212 kB
Shmem:             22968 kB
KReclaimable:     546396 kB
Slab:             326768 kB
SReclaimable:     103688 kB
SUnreclaim:       223080 kB
KernelStack:       47744 kB
ShadowCallStack:   11960 kB
PageTables:        67080 kB
NFS_Unstable:          0 kB
Bounce:                0 kB
WritebackTmp:          0 kB
CommitLimit:     8677876 kB
Committed_AS:   69547680 kB
VmallocTotal:   263061440 kB
VmallocUsed:      130220 kB
VmallocChunk:          0 kB
Percpu:             2448 kB
CmaTotal:         405504 kB
CmaFree:               0 kB
MemTotal:        7918588 kB
MemFree:          866228 kB
MemAvailable:    3708148 kB
Buffers:           60624 kB
Cached:          2652724 kB
SwapCached:            0 kB
Active:          3545612 kB
Inactive:        1142668 kB
Active(anon):    1943364 kB
Inactive(anon):    59168 kB
Active(file):    1602248 kB
Inactive(file):  1083500 kB
Unevictable:        6152 kB
Mlocked:            5712 kB
SwapTotal:       4718584 kB
SwapFree:        4718584 kB
Dirty:             18788 kB
Writeback:             0 kB
AnonPages:       1981168 kB
Mapped:          1123876 kB
Shmem:             22952 kB
KReclaimable:     546396 kB
Slab:             326416 kB
SReclaimable:     103688 kB
SUnreclaim:       222728 kB
KernelStack:       47472 kB
ShadowCallStack:   11896 kB
PageTables:        66616 kB
NFS_Unstable:          0 kB
Bounce:                0 kB
WritebackTmp:          0 kB
CommitLimit:     8677876 kB
Committed_AS:   68354460 kB
VmallocTotal:   263061440 kB
VmallocUsed:      129880 kB
VmallocChunk:          0 kB
Percpu:             2448 kB
CmaTotal:         405504 kB
CmaFree:               0 kB
MemTotal:        7918588 kB
MemFree:          817632 kB
MemAvailable:    3659584 kB
Buffers:           60656 kB
Cached:          2652728 kB
SwapCached:            0 kB
Active:          3590544 kB
Inactive:        1142700 kB
Active(anon):    1988296 kB
Inactive(anon):    59168 kB
Active(file):    1602248 kB
Inactive(file):  1083532 kB
Unevictable:        6152 kB
Mlocked:            5712 kB
SwapTotal:       4718584 kB
SwapFree:        4718584 kB
Dirty:             18816 kB
Writeback:             0 kB
AnonPages:       2026032 kB
Mapped:          1124160 kB
Shmem:             22956 kB
KReclaimable:     546396 kB
Slab:             326304 kB
SReclaimable:     103688 kB
SUnreclaim:       222616 kB
KernelStack:       47472 kB
ShadowCallStack:   11892 kB
PageTables:        66772 kB
NFS_Unstable:          0 kB
Bounce:                0 kB
WritebackTmp:          0 kB
CommitLimit:     8677876 kB
Committed_AS:   68403616 kB
VmallocTotal:   263061440 kB
VmallocUsed:      129892 kB
VmallocChunk:          0 kB
Percpu:             2448 kB
CmaTotal:         405504 kB
CmaFree:               0 kB
MemTotal:        7918588 kB
MemFree:          815848 kB
MemAvailable:    3657800 kB
Buffers:           60656 kB
Cached:          2652732 kB
SwapCached:            0 kB
Active:          3592652 kB
Inactive:        1142704 kB
Active(anon):    1990404 kB
Inactive(anon):    59172 kB
Active(file):    1602248 kB
Inactive(file):  1083532 kB
Unevictable:        6152 kB
Mlocked:            5712 kB
SwapTotal:       4718584 kB
SwapFree:        4718584 kB
Dirty:             18816 kB
Writeback:             0 kB
AnonPages:       2028100 kB
Mapped:          1124364 kB
Shmem:             22960 kB
KReclaimable:     546396 kB
Slab:             326296 kB
SReclaimable:     103688 kB
SUnreclaim:       222608 kB
KernelStack:       47472 kB
ShadowCallStack:   11872 kB
PageTables:        66688 kB
NFS_Unstable:          0 kB
Bounce:                0 kB
WritebackTmp:          0 kB
CommitLimit:     8677876 kB
Committed_AS:   68419908 kB
VmallocTotal:   263061440 kB
VmallocUsed:      129836 kB
VmallocChunk:          0 kB
Percpu:             2448 kB
CmaTotal:         405504 kB
CmaFree:               0 kB
MemTotal:        7918588 kB
MemFree:          781764 kB
MemAvailable:    3624128 kB
Buffers:           60656 kB
Cached:          2653152 kB
SwapCached:            0 kB
Active:          3627156 kB
Inactive:        1143116 kB
Active(anon):    2024908 kB
Inactive(anon):    59168 kB
Active(file):    1602248 kB
Inactive(file):  1083948 kB
Unevictable:        6152 kB
Mlocked:            5712 kB
SwapTotal:       4718584 kB
SwapFree:        4718584 kB
Dirty:             18964 kB
Writeback:             0 kB
AnonPages:       2062708 kB
Mapped:          1124916 kB
Shmem:             22964 kB
KReclaimable:     546392 kB
Slab:             326304 kB
SReclaimable:     103684 kB
SUnreclaim:       222620 kB
KernelStack:       47456 kB
ShadowCallStack:   11888 kB
PageTables:        66832 kB
NFS_Unstable:          0 kB
Bounce:                0 kB
WritebackTmp:          0 kB
CommitLimit:     8677876 kB
Committed_AS:   68452680 kB
VmallocTotal:   263061440 kB
VmallocUsed:      129856 kB
VmallocChunk:          0 kB
Percpu:             2448 kB
CmaTotal:         405504 kB
CmaFree:               0 kB
MemTotal:        7918588 kB
MemFree:          739412 kB
MemAvailable:    3460252 kB
Buffers:           60680 kB
Cached:          2653192 kB
SwapCached:            0 kB
Active:          3668584 kB
Inactive:        1143136 kB
Active(anon):    2066324 kB
Inactive(anon):    59164 kB
Active(file):    1602260 kB
Inactive(file):  1083972 kB
Unevictable:        6152 kB
Mlocked:            5712 kB
SwapTotal:       4718584 kB
SwapFree:        4718584 kB
Dirty:             18984 kB
Writeback:            12 kB
AnonPages:       2103992 kB
Mapped:          1125444 kB
Shmem:             22992 kB
KReclaimable:     424832 kB
Slab:             326392 kB
SReclaimable:     103684 kB
SUnreclaim:       222708 kB
KernelStack:       47568 kB
ShadowCallStack:   11900 kB
PageTables:        66872 kB
NFS_Unstable:          0 kB
Bounce:                0 kB
WritebackTmp:          0 kB
CommitLimit:     8677876 kB
Committed_AS:   68469464 kB
VmallocTotal:   263061440 kB
VmallocUsed:      130016 kB
VmallocChunk:          0 kB
Percpu:             2448 kB
CmaTotal:         405504 kB
CmaFree:               8 kB
MemTotal:        7918588 kB
MemFree:          737812 kB
MemAvailable:    3457724 kB
Buffers:           60680 kB
Cached:          2653328 kB
SwapCached:            0 kB
Active:          3668184 kB
Inactive:        1143140 kB
Active(anon):    2065924 kB
Inactive(anon):    59168 kB
Active(file):    1602260 kB
Inactive(file):  1083972 kB
Unevictable:        6152 kB
Mlocked:            5712 kB
SwapTotal:       4718584 kB
SwapFree:        4718584 kB
Dirty:             18992 kB
Writeback:             0 kB
AnonPages:       2103480 kB
Mapped:          1125656 kB
Shmem:             23128 kB
KReclaimable:     423904 kB
Slab:             326396 kB
SReclaimable:     103684 kB
SUnreclaim:       222712 kB
KernelStack:       47568 kB
ShadowCallStack:   11916 kB
PageTables:        66960 kB
NFS_Unstable:          0 kB
Bounce:                0 kB
WritebackTmp:          0 kB
CommitLimit:     8677876 kB
Committed_AS:   68469508 kB
VmallocTotal:   263061440 kB
VmallocUsed:      130048 kB
VmallocChunk:          0 kB
Percpu:             2448 kB
CmaTotal:         405504 kB
CmaFree:               0 kB
MemTotal:        7918588 kB
MemFree:          739908 kB
MemAvailable:    3581428 kB
Buffers:           60688 kB
Cached:          2653216 kB
SwapCached:            0 kB
Active:          3667540 kB
Inactive:        1143180 kB
Active(anon):    2065280 kB
Inactive(anon):    59168 kB
Active(file):    1602260 kB
Inactive(file):  1084012 kB
Unevictable:        6152 kB
Mlocked:            5712 kB
SwapTotal:       4718584 kB
SwapFree:        4718584 kB
Dirty:             19036 kB
Writeback:             0 kB
AnonPages:       2102952 kB
Mapped:          1125236 kB
Shmem:             22984 kB
KReclaimable:     545472 kB
Slab:             326320 kB
SReclaimable:     103684 kB
SUnreclaim:       222636 kB
KernelStack:       47440 kB
ShadowCallStack:   11900 kB
PageTables:        66892 kB
NFS_Unstable:          0 kB
Bounce:                0 kB
WritebackTmp:          0 kB
CommitLimit:     8677876 kB
Committed_AS:   68518184 kB
VmallocTotal:   263061440 kB
VmallocUsed:      129836 kB
VmallocChunk:          0 kB
Percpu:             2448 kB
CmaTotal:         405504 kB
CmaFree:               0 kB
MemTotal:        7918588 kB
MemFree:          735272 kB
MemAvailable:    3576836 kB
Buffers:           60688 kB
Cached:          2653252 kB
SwapCached:            0 kB
Active:          3670632 kB
Inactive:        1143216 kB
Active(anon):    2068372 kB
Inactive(anon):    59168 kB
Active(file):    1602260 kB
Inactive(file):  1084048 kB
Unevictable:        6152 kB
Mlocked:            5712 kB
SwapTotal:       4718584 kB
SwapFree:        4718584 kB
Dirty:             18952 kB
Writeback:             0 kB
AnonPages:       2106092 kB
Mapped:          1125404 kB
Shmem:             22984 kB
KReclaimable:     545480 kB
Slab:             326336 kB
SReclaimable:     103684 kB
SUnreclaim:       222652 kB
KernelStack:       47440 kB
ShadowCallStack:   11884 kB
PageTables:        66948 kB
NFS_Unstable:          0 kB
Bounce:                0 kB
WritebackTmp:          0 kB
CommitLimit:     8677876 kB
Committed_AS:   68518312 kB
VmallocTotal:   263061440 kB
VmallocUsed:      129832 kB
VmallocChunk:          0 kB
Percpu:             2448 kB
CmaTotal:         405504 kB
CmaFree:               0 kB
MemTotal:        7918588 kB
MemFree:          727348 kB
MemAvailable:    3568912 kB
Buffers:           60688 kB
Cached:          2653252 kB
SwapCached:            0 kB
Active:          3681180 kB
Inactive:        1143216 kB
Active(anon):    2078920 kB
Inactive(anon):    59168 kB
Active(file):    1602260 kB
Inactive(file):  1084048 kB
Unevictable:        6152 kB
Mlocked:            5712 kB
SwapTotal:       4718584 kB
SwapFree:        4718584 kB
Dirty:             18952 kB
Writeback:             0 kB
AnonPages:       2116940 kB
Mapped:          1125700 kB
Shmem:             22984 kB
KReclaimable:     545480 kB
Slab:             326344 kB
SReclaimable:     103684 kB
SUnreclaim:       222660 kB
KernelStack:       47424 kB
ShadowCallStack:   11892 kB
PageTables:        66856 kB
NFS_Unstable:          0 kB
Bounce:                0 kB
WritebackTmp:          0 kB
CommitLimit:     8677876 kB
Committed_AS:   68534700 kB
VmallocTotal:   263061440 kB
VmallocUsed:      129832 kB
VmallocChunk:          0 kB
Percpu:             2448 kB
CmaTotal:         405504 kB
CmaFree:               8 kB
MemTotal:        7918588 kB
MemFree:          699048 kB
MemAvailable:    3540620 kB
Buffers:           60696 kB
Cached:          2653252 kB
SwapCached:            0 kB
Active:          3707732 kB
Inactive:        1143224 kB
Active(anon):    2105472 kB
Inactive(anon):    59168 kB
Active(file):    1602260 kB
Inactive(file):  1084056 kB
Unevictable:        6152 kB
Mlocked:            5712 kB
SwapTotal:       4718584 kB
SwapFree:        4718584 kB
Dirty:             18968 kB
Writeback:             0 kB
AnonPages:       2143196 kB
Mapped:          1126200 kB
Shmem:             22984 kB
KReclaimable:     545480 kB
Slab:             326368 kB
SReclaimable:     103684 kB
SUnreclaim:       222684 kB
KernelStack:       47440 kB
ShadowCallStack:   11884 kB
PageTables:        67080 kB
NFS_Unstable:          0 kB
Bounce:                0 kB
WritebackTmp:          0 kB
CommitLimit:     8677876 kB
Committed_AS:   68583848 kB
VmallocTotal:   263061440 kB
VmallocUsed:      129816 kB
VmallocChunk:          0 kB
Percpu:             2448 kB
CmaTotal:         405504 kB
CmaFree:             128 kB
MemTotal:        7918588 kB
MemFree:          698500 kB
MemAvailable:    3540072 kB
Buffers:           60696 kB
Cached:          2653252 kB
SwapCached:            0 kB
Active:          3708012 kB
Inactive:        1143224 kB
Active(anon):    2105752 kB
Inactive(anon):    59168 kB
Active(file):    1602260 kB
Inactive(file):  1084056 kB
Unevictable:        6152 kB
Mlocked:            5712 kB
SwapTotal:       4718584 kB
SwapFree:        4718584 kB
Dirty:             18968 kB
Writeback:             0 kB
AnonPages:       2143604 kB
Mapped:          1126220 kB
Shmem:             22984 kB
KReclaimable:     545480 kB
Slab:             326368 kB
SReclaimable:     103684 kB
SUnreclaim:       222684 kB
KernelStack:       47456 kB
ShadowCallStack:   11884 kB
PageTables:        67080 kB
NFS_Unstable:          0 kB
Bounce:                0 kB
WritebackTmp:          0 kB
CommitLimit:     8677876 kB
Committed_AS:   68583848 kB
VmallocTotal:   263061440 kB
VmallocUsed:      129812 kB
VmallocChunk:          0 kB
Percpu:             2448 kB
CmaTotal:         405504 kB
CmaFree:               0 kB
MemTotal:        7918588 kB
MemFree:          661288 kB
MemAvailable:    3502860 kB
Buffers:           60696 kB
Cached:          2653252 kB
SwapCached:            0 kB
Active:          3745152 kB
Inactive:        1143224 kB
Active(anon):    2142892 kB
Inactive(anon):    59168 kB
Active(file):    1602260 kB
Inactive(file):  1084056 kB
Unevictable:        6152 kB
Mlocked:            5712 kB
SwapTotal:       4718584 kB
SwapFree:        4718584 kB
Dirty:             18968 kB
Writeback:             0 kB
AnonPages:       2180660 kB
Mapped:          1126724 kB
Shmem:             22984 kB
KReclaimable:     545480 kB
Slab:             326384 kB
SReclaimable:     103684 kB
SUnreclaim:       222700 kB
KernelStack:       47440 kB
ShadowCallStack:   11888 kB
PageTables:        67268 kB
NFS_Unstable:          0 kB
Bounce:                0 kB
WritebackTmp:          0 kB
CommitLimit:     8677876 kB
Committed_AS:   68633004 kB
VmallocTotal:   263061440 kB
VmallocUsed:      129836 kB
VmallocChunk:          0 kB
Percpu:             2448 kB
CmaTotal:         405504 kB
CmaFree:               0 kB
MemTotal:        7918588 kB
MemFree:          658908 kB
MemAvailable:    3500504 kB
Buffers:           60728 kB
Cached:          2653252 kB
SwapCached:            0 kB
Active:          3747176 kB
Inactive:        1143256 kB
Active(anon):    2144916 kB
Inactive(anon):    59168 kB
Active(file):    1602260 kB
Inactive(file):  1084088 kB
Unevictable:        6152 kB
Mlocked:            5712 kB
SwapTotal:       4718584 kB
SwapFree:        4718584 kB
Dirty:             18976 kB
Writeback:             0 kB
AnonPages:       2182608 kB
Mapped:          1126784 kB
Shmem:             22984 kB
KReclaimable:     545472 kB
Slab:             326376 kB
SReclaimable:     103676 kB
SUnreclaim:       222700 kB
KernelStack:       47440 kB
ShadowCallStack:   11892 kB
PageTables:        67188 kB
NFS_Unstable:          0 kB
Bounce:                0 kB
WritebackTmp:          0 kB
CommitLimit:     8677876 kB
Committed_AS:   68649384 kB
VmallocTotal:   263061440 kB
VmallocUsed:      129820 kB
VmallocChunk:          0 kB
Percpu:             2448 kB
CmaTotal:         405504 kB
CmaFree:               0 kB
MemTotal:        7918588 kB
MemFree:          656784 kB
MemAvailable:    3498392 kB
Buffers:           60728 kB
Cached:          2653264 kB
SwapCached:            0 kB
Active:          3747252 kB
Inactive:        1143268 kB
Active(anon):    2144992 kB
Inactive(anon):    59168 kB
Active(file):    1602260 kB
Inactive(file):  1084100 kB
Unevictable:        6152 kB
Mlocked:            5712 kB
SwapTotal:       4718584 kB
SwapFree:        4718584 kB
Dirty:             18988 kB
Writeback:             0 kB
AnonPages:       2182688 kB
Mapped:          1126800 kB
Shmem:             22984 kB
KReclaimable:     545472 kB
Slab:             326384 kB
SReclaimable:     103676 kB
SUnreclaim:       222708 kB
KernelStack:       47408 kB
ShadowCallStack:   11884 kB
PageTables:        67164 kB
NFS_Unstable:          0 kB
Bounce:                0 kB
WritebackTmp:          0 kB
CommitLimit:     8677876 kB
Committed_AS:   68649332 kB
VmallocTotal:   263061440 kB
VmallocUsed:      129796 kB
VmallocChunk:          0 kB
Percpu:             2448 kB
CmaTotal:         405504 kB
CmaFree:               0 kB
MemTotal:        7918588 kB
MemFree:          619400 kB
MemAvailable:    3461136 kB
Buffers:           60728 kB
Cached:          2653392 kB
SwapCached:            0 kB
Active:          3785884 kB
Inactive:        1143396 kB
Active(anon):    2183624 kB
Inactive(anon):    59168 kB
Active(file):    1602260 kB
Inactive(file):  1084228 kB
Unevictable:        6152 kB
Mlocked:            5712 kB
SwapTotal:       4718584 kB
SwapFree:        4718584 kB
Dirty:             18068 kB
Writeback:             0 kB
AnonPages:       2221340 kB
Mapped:          1127084 kB
Shmem:             22984 kB
KReclaimable:     545472 kB
Slab:             326392 kB
SReclaimable:     103676 kB
SUnreclaim:       222716 kB
KernelStack:       47424 kB
ShadowCallStack:   11880 kB
PageTables:        67332 kB
NFS_Unstable:          0 kB
Bounce:                0 kB
WritebackTmp:          0 kB
CommitLimit:     8677876 kB
Committed_AS:   68698484 kB
VmallocTotal:   263061440 kB
VmallocUsed:      129812 kB
VmallocChunk:          0 kB
Percpu:             2448 kB
CmaTotal:         405504 kB
CmaFree:               0 kB
MemTotal:        7918588 kB
MemFree:          619252 kB
MemAvailable:    3460988 kB
Buffers:           60728 kB
Cached:          2653392 kB
SwapCached:            0 kB
Active:          3785960 kB
Inactive:        1143396 kB
Active(anon):    2183700 kB
Inactive(anon):    59168 kB
Active(file):    1602260 kB
Inactive(file):  1084228 kB
Unevictable:        6152 kB
Mlocked:            5712 kB
SwapTotal:       4718584 kB
SwapFree:        4718584 kB
Dirty:             18092 kB
Writeback:             0 kB
AnonPages:       2221408 kB
Mapped:          1127256 kB
Shmem:             22984 kB
KReclaimable:     545472 kB
Slab:             326392 kB
SReclaimable:     103676 kB
SUnreclaim:       222716 kB
KernelStack:       47424 kB
ShadowCallStack:   11884 kB
PageTables:        67300 kB
NFS_Unstable:          0 kB
Bounce:                0 kB
WritebackTmp:          0 kB
CommitLimit:     8677876 kB
Committed_AS:   68698484 kB
VmallocTotal:   263061440 kB
VmallocUsed:      129812 kB
VmallocChunk:          0 kB
Percpu:             2448 kB
CmaTotal:         405504 kB
CmaFree:               0 kB
MemTotal:        7918588 kB
MemFree:          603968 kB
MemAvailable:    3445508 kB
Buffers:           60728 kB
Cached:          2653208 kB
SwapCached:            0 kB
Active:          3801348 kB
Inactive:        1143204 kB
Active(anon):    2199088 kB
Inactive(anon):    59168 kB
Active(file):    1602260 kB
Inactive(file):  1084036 kB
Unevictable:        6152 kB
Mlocked:            5712 kB
SwapTotal:       4718584 kB
SwapFree:        4718584 kB
Dirty:             18304 kB
Writeback:           124 kB
AnonPages:       2236752 kB
Mapped:          1127272 kB
Shmem:             22992 kB
KReclaimable:     545468 kB
Slab:             326396 kB
SReclaimable:     103672 kB
SUnreclaim:       222724 kB
KernelStack:       47392 kB
ShadowCallStack:   11864 kB
PageTables:        67436 kB
NFS_Unstable:          0 kB
Bounce:                0 kB
WritebackTmp:          0 kB
CommitLimit:     8677876 kB
Committed_AS:   68731108 kB
VmallocTotal:   263061440 kB
VmallocUsed:      129744 kB
VmallocChunk:          0 kB
Percpu:             2448 kB
CmaTotal:         405504 kB
CmaFree:               0 kB
MemTotal:        7918588 kB
MemFree:          580888 kB
MemAvailable:    3422404 kB
Buffers:           60736 kB
Cached:          2653180 kB
SwapCached:            0 kB
Active:          3824976 kB
Inactive:        1143180 kB
Active(anon):    2222716 kB
Inactive(anon):    59168 kB
Active(file):    1602260 kB
Inactive(file):  1084012 kB
Unevictable:        6152 kB
Mlocked:            5712 kB
SwapTotal:       4718584 kB
SwapFree:        4718584 kB
Dirty:             18156 kB
Writeback:             0 kB
AnonPages:       2260420 kB
Mapped:          1127636 kB
Shmem:             22996 kB
KReclaimable:     545468 kB
Slab:             326388 kB
SReclaimable:     103672 kB
SUnreclaim:       222716 kB
KernelStack:       47344 kB
ShadowCallStack:   11876 kB
PageTables:        67356 kB
NFS_Unstable:          0 kB
Bounce:                0 kB
WritebackTmp:          0 kB
CommitLimit:     8677876 kB
Committed_AS:   68763812 kB
VmallocTotal:   263061440 kB
VmallocUsed:      129736 kB
VmallocChunk:          0 kB
Percpu:             2448 kB
CmaTotal:         405504 kB
CmaFree:               0 kB
MemTotal:        7918588 kB
MemFree:          577752 kB
MemAvailable:    3419272 kB
Buffers:           60736 kB
Cached:          2653120 kB
SwapCached:            0 kB
Active:          3827236 kB
Inactive:        1143192 kB
Active(anon):    2224976 kB
Inactive(anon):    59176 kB
Active(file):    1602260 kB
Inactive(file):  1084016 kB
Unevictable:        6152 kB
Mlocked:            5712 kB
SwapTotal:       4718584 kB
SwapFree:        4718584 kB
Dirty:             18168 kB
Writeback:             0 kB
AnonPages:       2262672 kB
Mapped:          1127492 kB
Shmem:             22932 kB
KReclaimable:     545468 kB
Slab:             326420 kB
SReclaimable:     103672 kB
SUnreclaim:       222748 kB
KernelStack:       47376 kB
ShadowCallStack:   11868 kB
PageTables:        67376 kB
NFS_Unstable:          0 kB
Bounce:                0 kB
WritebackTmp:          0 kB
CommitLimit:     8677876 kB
Committed_AS:   68763812 kB
VmallocTotal:   263061440 kB
VmallocUsed:      129736 kB
VmallocChunk:          0 kB
Percpu:             2448 kB
CmaTotal:         405504 kB
CmaFree:              28 kB
MemTotal:        7918588 kB
MemFree:          544736 kB
MemAvailable:    3386264 kB
Buffers:           60744 kB
Cached:          2653120 kB
SwapCached:            0 kB
Active:          3859256 kB
Inactive:        1143188 kB
Active(anon):    2256996 kB
Inactive(anon):    59164 kB
Active(file):    1602260 kB
Inactive(file):  1084024 kB
Unevictable:        6152 kB
Mlocked:            5712 kB
SwapTotal:       4718584 kB
SwapFree:        4718584 kB
Dirty:              1212 kB
Writeback:             0 kB
AnonPages:       2294844 kB
Mapped:          1128056 kB
Shmem:             22932 kB
KReclaimable:     545468 kB
Slab:             326444 kB
SReclaimable:     103672 kB
SUnreclaim:       222772 kB
KernelStack:       47392 kB
ShadowCallStack:   11868 kB
PageTables:        67712 kB
NFS_Unstable:          0 kB
Bounce:                0 kB
WritebackTmp:          0 kB
CommitLimit:     8677876 kB
Committed_AS:   68812964 kB
VmallocTotal:   263061440 kB
VmallocUsed:      129756 kB
VmallocChunk:          0 kB
Percpu:             2448 kB
CmaTotal:         405504 kB
CmaFree:              32 kB
MemTotal:        7918588 kB
MemFree:          540240 kB
MemAvailable:    3381768 kB
Buffers:           60744 kB
Cached:          2653120 kB
SwapCached:            0 kB
Active:          3864020 kB
Inactive:        1143192 kB
Active(anon):    2261760 kB
Inactive(anon):    59168 kB
Active(file):    1602260 kB
Inactive(file):  1084024 kB
Unevictable:        6152 kB
Mlocked:            5712 kB
SwapTotal:       4718584 kB
SwapFree:        4718584 kB
Dirty:              1112 kB
Writeback:             0 kB
AnonPages:       2299736 kB
Mapped:          1127932 kB
Shmem:             22932 kB
KReclaimable:     545468 kB
Slab:             326460 kB
SReclaimable:     103672 kB
SUnreclaim:       222788 kB
KernelStack:       47376 kB
ShadowCallStack:   11868 kB
PageTables:        67556 kB
NFS_Unstable:          0 kB
Bounce:                0 kB
WritebackTmp:          0 kB
CommitLimit:     8677876 kB
Committed_AS:   68812964 kB
VmallocTotal:   263061440 kB
VmallocUsed:      129756 kB
VmallocChunk:          0 kB
Percpu:             2448 kB
CmaTotal:         405504 kB
CmaFree:               0 kB
MemTotal:        7918588 kB
MemFree:          539596 kB
MemAvailable:    3381124 kB
Buffers:           60744 kB
Cached:          2653124 kB
SwapCached:            0 kB
Active:          3864368 kB
Inactive:        1143192 kB
Active(anon):    2262108 kB
Inactive(anon):    59168 kB
Active(file):    1602260 kB
Inactive(file):  1084024 kB
Unevictable:        6152 kB
Mlocked:            5712 kB
SwapTotal:       4718584 kB
SwapFree:        4718584 kB
Dirty:              1112 kB
Writeback:             0 kB
AnonPages:       2299948 kB
Mapped:          1127952 kB
Shmem:             22936 kB
KReclaimable:     545468 kB
Slab:             326452 kB
SReclaimable:     103672 kB
SUnreclaim:       222780 kB
KernelStack:       47296 kB
ShadowCallStack:   11880 kB
PageTables:        67376 kB
NFS_Unstable:          0 kB
Bounce:                0 kB
WritebackTmp:          0 kB
CommitLimit:     8677876 kB
Committed_AS:   68812708 kB
VmallocTotal:   263061440 kB
VmallocUsed:      129640 kB
VmallocChunk:          0 kB
Percpu:             2448 kB
CmaTotal:         405504 kB
CmaFree:               0 kB
MemTotal:        7918588 kB
MemFree:          499876 kB
MemAvailable:    3341428 kB
Buffers:           60768 kB
Cached:          2653128 kB
SwapCached:            0 kB
Active:          3903984 kB
Inactive:        1143216 kB
Active(anon):    2301724 kB
Inactive(anon):    59168 kB
Active(file):    1602260 kB
Inactive(file):  1084048 kB
Unevictable:        6152 kB
Mlocked:            5712 kB
SwapTotal:       4718584 kB
SwapFree:        4718584 kB
Dirty:              1012 kB
Writeback:             0 kB
AnonPages:       2339488 kB
Mapped:          1128316 kB
Shmem:             22940 kB
KReclaimable:     545468 kB
Slab:             326492 kB
SReclaimable:     103672 kB
SUnreclaim:       222820 kB
KernelStack:       47296 kB
ShadowCallStack:   11848 kB
PageTables:        67672 kB
NFS_Unstable:          0 kB
Bounce:                0 kB
WritebackTmp:          0 kB
CommitLimit:     8677876 kB
Committed_AS:   68894632 kB
VmallocTotal:   263061440 kB
VmallocUsed:      129652 kB
VmallocChunk:          0 kB
Percpu:             2448 kB
CmaTotal:         405504 kB
CmaFree:               0 kB
MemTotal:        7918588 kB
MemFree:          499640 kB
MemAvailable:    3341192 kB
Buffers:           60768 kB
Cached:          2653128 kB
SwapCached:            0 kB
Active:          3904168 kB
Inactive:        1143216 kB
Active(anon):    2301908 kB
Inactive(anon):    59168 kB
Active(file):    1602260 kB
Inactive(file):  1084048 kB
Unevictable:        6152 kB
Mlocked:            5712 kB
SwapTotal:       4718584 kB
SwapFree:        4718584 kB
Dirty:              1012 kB
Writeback:             0 kB
AnonPages:       2339704 kB
Mapped:          1128340 kB
Shmem:             22940 kB
KReclaimable:     545468 kB
Slab:             326508 kB
SReclaimable:     103672 kB
SUnreclaim:       222836 kB
KernelStack:       47264 kB
ShadowCallStack:   11836 kB
PageTables:        67640 kB
NFS_Unstable:          0 kB
Bounce:                0 kB
WritebackTmp:          0 kB
CommitLimit:     8677876 kB
Committed_AS:   68894636 kB
VmallocTotal:   263061440 kB
VmallocUsed:      129652 kB
VmallocChunk:          0 kB
Percpu:             2448 kB
CmaTotal:         405504 kB
CmaFree:               0 kB
MemTotal:        7918588 kB
MemFree:          485964 kB
MemAvailable:    3327516 kB
Buffers:           60768 kB
Cached:          2653128 kB
SwapCached:            0 kB
Active:          3917308 kB
Inactive:        1143216 kB
Active(anon):    2315048 kB
Inactive(anon):    59168 kB
Active(file):    1602260 kB
Inactive(file):  1084048 kB
Unevictable:        6152 kB
Mlocked:            5712 kB
SwapTotal:       4718584 kB
SwapFree:        4718584 kB
Dirty:               736 kB
Writeback:             0 kB
AnonPages:       2352784 kB
Mapped:          1128544 kB
Shmem:             22940 kB
KReclaimable:     545468 kB
Slab:             326524 kB
SReclaimable:     103672 kB
SUnreclaim:       222852 kB
KernelStack:       47248 kB
ShadowCallStack:   11836 kB
PageTables:        67728 kB
NFS_Unstable:          0 kB
Bounce:                0 kB
WritebackTmp:          0 kB
CommitLimit:     8677876 kB
Committed_AS:   68910860 kB
VmallocTotal:   263061440 kB
VmallocUsed:      129568 kB
VmallocChunk:          0 kB
Percpu:             2448 kB
CmaTotal:         405504 kB
CmaFree:               0 kB
MemTotal:        7918588 kB
MemFree:          458844 kB
MemAvailable:    3300396 kB
Buffers:           60768 kB
Cached:          2653132 kB
SwapCached:            0 kB
Active:          3943416 kB
Inactive:        1143212 kB
Active(anon):    2341156 kB
Inactive(anon):    59164 kB
Active(file):    1602260 kB
Inactive(file):  1084048 kB
Unevictable:        6152 kB
Mlocked:            5712 kB
SwapTotal:       4718584 kB
SwapFree:        4718584 kB
Dirty:               740 kB
Writeback:             0 kB
AnonPages:       2378860 kB
Mapped:          1128708 kB
Shmem:             22944 kB
KReclaimable:     545468 kB
Slab:             326536 kB
SReclaimable:     103672 kB
SUnreclaim:       222864 kB
KernelStack:       47296 kB
ShadowCallStack:   11848 kB
PageTables:        67752 kB
NFS_Unstable:          0 kB
Bounce:                0 kB
WritebackTmp:          0 kB
CommitLimit:     8677876 kB
Committed_AS:   68943764 kB
VmallocTotal:   263061440 kB
VmallocUsed:      129632 kB
VmallocChunk:          0 kB
Percpu:             2448 kB
CmaTotal:         405504 kB
CmaFree:               0 kB
MemTotal:        7918588 kB
MemFree:          420744 kB
MemAvailable:    3131856 kB
Buffers:           60768 kB
Cached:          2653256 kB
SwapCached:            0 kB
Active:          3980968 kB
Inactive:        1143220 kB
Active(anon):    2378708 kB
Inactive(anon):    59172 kB
Active(file):    1602260 kB
Inactive(file):  1084048 kB
Unevictable:        6152 kB
Mlocked:            5712 kB
SwapTotal:       4718584 kB
SwapFree:        4718584 kB
Dirty:               740 kB
Writeback:             0 kB
AnonPages:       2416480 kB
Mapped:          1129484 kB
Shmem:             23068 kB
KReclaimable:     415028 kB
Slab:             326676 kB
SReclaimable:     103688 kB
SUnreclaim:       222988 kB
KernelStack:       47360 kB
ShadowCallStack:   11848 kB
PageTables:        67780 kB
NFS_Unstable:          0 kB
Bounce:                0 kB
WritebackTmp:          0 kB
CommitLimit:     8677876 kB
Committed_AS:   68943928 kB
VmallocTotal:   263061440 kB
VmallocUsed:      129708 kB
VmallocChunk:          0 kB
Percpu:             2448 kB
CmaTotal:         405504 kB
CmaFree:               0 kB
MemTotal:        7918588 kB
MemFree:          423600 kB
MemAvailable:    3264928 kB
Buffers:           60784 kB
Cached:          2653136 kB
SwapCached:            0 kB
Active:          3978664 kB
Inactive:        1143232 kB
Active(anon):    2376404 kB
Inactive(anon):    59168 kB
Active(file):    1602260 kB
Inactive(file):  1084064 kB
Unevictable:        6152 kB
Mlocked:            5712 kB
SwapTotal:       4718584 kB
SwapFree:        4718584 kB
Dirty:               696 kB
Writeback:             0 kB
AnonPages:       2414340 kB
Mapped:          1129236 kB
Shmem:             22948 kB
KReclaimable:     545228 kB
Slab:             326520 kB
SReclaimable:     103688 kB
SUnreclaim:       222832 kB
KernelStack:       47200 kB
ShadowCallStack:   11824 kB
PageTables:        67860 kB
NFS_Unstable:          0 kB
Bounce:                0 kB
WritebackTmp:          0 kB
CommitLimit:     8677876 kB
Committed_AS:   68992684 kB
VmallocTotal:   263061440 kB
VmallocUsed:      129536 kB
VmallocChunk:          0 kB
Percpu:             2448 kB
CmaTotal:         405504 kB
CmaFree:               0 kB
MemTotal:        7918588 kB
MemFree:          420132 kB
MemAvailable:    3261460 kB
Buffers:           60784 kB
Cached:          2653136 kB
SwapCached:            0 kB
Active:          3982772 kB
Inactive:        1143228 kB
Active(anon):    2380512 kB
Inactive(anon):    59164 kB
Active(file):    1602260 kB
Inactive(file):  1084064 kB
Unevictable:        6152 kB
Mlocked:            5712 kB
SwapTotal:       4718584 kB
SwapFree:        4718584 kB
Dirty:               696 kB
Writeback:             0 kB
AnonPages:       2418164 kB
Mapped:          1129176 kB
Shmem:             22948 kB
KReclaimable:     545228 kB
Slab:             326520 kB
SReclaimable:     103688 kB
SUnreclaim:       222832 kB
KernelStack:       47168 kB
ShadowCallStack:   11832 kB
PageTables:        67960 kB
NFS_Unstable:          0 kB
Bounce:                0 kB
WritebackTmp:          0 kB
CommitLimit:     8677876 kB
Committed_AS:   68992688 kB
VmallocTotal:   263061440 kB
VmallocUsed:      129540 kB
VmallocChunk:          0 kB
Percpu:             2448 kB
CmaTotal:         405504 kB
CmaFree:               0 kB
MemTotal:        7918588 kB
MemFree:          418936 kB
MemAvailable:    3260268 kB
Buffers:           60784 kB
Cached:          2653148 kB
SwapCached:            0 kB
Active:          3983024 kB
Inactive:        1143236 kB
Active(anon):    2380764 kB
Inactive(anon):    59168 kB
Active(file):    1602260 kB
Inactive(file):  1084068 kB
Unevictable:        6152 kB
Mlocked:            5712 kB
SwapTotal:       4718584 kB
SwapFree:        4718584 kB
Dirty:               704 kB
Writeback:             0 kB
AnonPages:       2418512 kB
Mapped:          1129148 kB
Shmem:             22956 kB
KReclaimable:     545228 kB
Slab:             326520 kB
SReclaimable:     103688 kB
SUnreclaim:       222832 kB
KernelStack:       47184 kB
ShadowCallStack:   11820 kB
PageTables:        67888 kB
NFS_Unstable:          0 kB
Bounce:                0 kB
WritebackTmp:          0 kB
CommitLimit:     8677876 kB
Committed_AS:   68992648 kB
VmallocTotal:   263061440 kB
VmallocUsed:      129512 kB
VmallocChunk:          0 kB
Percpu:             2448 kB
CmaTotal:         405504 kB
CmaFree:               0 kB
MemTotal:        7918588 kB
MemFree:          380032 kB
MemAvailable:    3221364 kB
Buffers:           60784 kB
Cached:          2653156 kB
SwapCached:            0 kB
Active:          4020940 kB
Inactive:        1143228 kB
Active(anon):    2418680 kB
Inactive(anon):    59160 kB
Active(file):    1602260 kB
Inactive(file):  1084068 kB
Unevictable:        6152 kB
Mlocked:            5712 kB
SwapTotal:       4718584 kB
SwapFree:        4718584 kB
Dirty:               704 kB
Writeback:             0 kB
AnonPages:       2456296 kB
Mapped:          1129520 kB
Shmem:             22964 kB
KReclaimable:     545228 kB
Slab:             326552 kB
SReclaimable:     103688 kB
SUnreclaim:       222864 kB
KernelStack:       47200 kB
ShadowCallStack:   11824 kB
PageTables:        68072 kB
NFS_Unstable:          0 kB
Bounce:                0 kB
WritebackTmp:          0 kB
CommitLimit:     8677876 kB
Committed_AS:   69058192 kB
VmallocTotal:   263061440 kB
VmallocUsed:      129520 kB
VmallocChunk:          0 kB
Percpu:             2448 kB
CmaTotal:         405504 kB
CmaFree:              12 kB
MemTotal:        7918588 kB
MemFree:          379052 kB
MemAvailable:    3220388 kB
Buffers:           60784 kB
Cached:          2653156 kB
SwapCached:            0 kB
Active:          4021220 kB
Inactive:        1143236 kB
Active(anon):    2418960 kB
Inactive(anon):    59168 kB
Active(file):    1602260 kB
Inactive(file):  1084068 kB
Unevictable:        6152 kB
Mlocked:            5712 kB
SwapTotal:       4718584 kB
SwapFree:        4718584 kB
Dirty:               712 kB
Writeback:             0 kB
AnonPages:       2456748 kB
Mapped:          1129548 kB
Shmem:             22964 kB
KReclaimable:     545232 kB
Slab:             326556 kB
SReclaimable:     103692 kB
SUnreclaim:       222864 kB
KernelStack:       47200 kB
ShadowCallStack:   11824 kB
PageTables:        67984 kB
NFS_Unstable:          0 kB
Bounce:                0 kB
WritebackTmp:          0 kB
CommitLimit:     8677876 kB
Committed_AS:   69058192 kB
VmallocTotal:   263061440 kB
VmallocUsed:      129532 kB
VmallocChunk:          0 kB
Percpu:             2448 kB
CmaTotal:         405504 kB
CmaFree:               0 kB
MemTotal:        7918588 kB
MemFree:          364364 kB
MemAvailable:    3205724 kB
Buffers:           60808 kB
Cached:          2653156 kB
SwapCached:            0 kB
Active:          4037124 kB
Inactive:        1143256 kB
Active(anon):    2434864 kB
Inactive(anon):    59164 kB
Active(file):    1602260 kB
Inactive(file):  1084092 kB
Unevictable:        6152 kB
Mlocked:            5712 kB
SwapTotal:       4718584 kB
SwapFree:        4718584 kB
Dirty:               728 kB
Writeback:             0 kB
AnonPages:       2472460 kB
Mapped:          1129748 kB
Shmem:             22964 kB
KReclaimable:     545232 kB
Slab:             326560 kB
SReclaimable:     103692 kB
SUnreclaim:       222868 kB
KernelStack:       47200 kB
ShadowCallStack:   11820 kB
PageTables:        67992 kB
NFS_Unstable:          0 kB
Bounce:                0 kB
WritebackTmp:          0 kB
CommitLimit:     8677876 kB
Committed_AS:   69074576 kB
VmallocTotal:   263061440 kB
VmallocUsed:      129532 kB
VmallocChunk:          0 kB
Percpu:             2448 kB
CmaTotal:         405504 kB
CmaFree:               0 kB
MemTotal:        7918588 kB
MemFree:          340004 kB
MemAvailable:    3181372 kB
Buffers:           60816 kB
Cached:          2653156 kB
SwapCached:            0 kB
Active:          4060860 kB
Inactive:        1143264 kB
Active(anon):    2458600 kB
Inactive(anon):    59164 kB
Active(file):    1602260 kB
Inactive(file):  1084100 kB
Unevictable:        6152 kB
Mlocked:            5712 kB
SwapTotal:       4718584 kB
SwapFree:        4718584 kB
Dirty:               668 kB
Writeback:             0 kB
AnonPages:       2496312 kB
Mapped:          1129964 kB
Shmem:             22964 kB
KReclaimable:     545232 kB
Slab:             326568 kB
SReclaimable:     103692 kB
SUnreclaim:       222876 kB
KernelStack:       47200 kB
ShadowCallStack:   11824 kB
PageTables:        68200 kB
NFS_Unstable:          0 kB
Bounce:                0 kB
WritebackTmp:          0 kB
CommitLimit:     8677876 kB
Committed_AS:   69122284 kB
VmallocTotal:   263061440 kB
VmallocUsed:      129536 kB
VmallocChunk:          0 kB
Percpu:             2448 kB
CmaTotal:         405504 kB
CmaFree:               0 kB
MemTotal:        7918588 kB
MemFree:          340008 kB
MemAvailable:    3181376 kB
Buffers:           60816 kB
Cached:          2653156 kB
SwapCached:            0 kB
Active:          4061048 kB
Inactive:        1143268 kB
Active(anon):    2458788 kB
Inactive(anon):    59168 kB
Active(file):    1602260 kB
Inactive(file):  1084100 kB
Unevictable:        6152 kB
Mlocked:            5712 kB
SwapTotal:       4718584 kB
SwapFree:        4718584 kB
Dirty:               656 kB
Writeback:             0 kB
AnonPages:       2496632 kB
Mapped:          1129976 kB
Shmem:             22964 kB
KReclaimable:     545232 kB
Slab:             326508 kB
SReclaimable:     103692 kB
SUnreclaim:       222816 kB
KernelStack:       47232 kB
ShadowCallStack:   11828 kB
PageTables:        68092 kB
NFS_Unstable:          0 kB
Bounce:                0 kB
WritebackTmp:          0 kB
CommitLimit:     8677876 kB
Committed_AS:   69122288 kB
VmallocTotal:   263061440 kB
VmallocUsed:      129536 kB
VmallocChunk:          0 kB
Percpu:             2448 kB
CmaTotal:         405504 kB
CmaFree:               0 kB
MemTotal:        7918588 kB
MemFree:          311196 kB
MemAvailable:    3152564 kB
Buffers:           60816 kB
Cached:          2653156 kB
SwapCached:            0 kB
Active:          4088828 kB
Inactive:        1143268 kB
Active(anon):    2486568 kB
Inactive(anon):    59168 kB
Active(file):    1602260 kB
Inactive(file):  1084100 kB
Unevictable:        6152 kB
Mlocked:            5712 kB
SwapTotal:       4718584 kB
SwapFree:        4718584 kB
Dirty:               656 kB
Writeback:             0 kB
AnonPages:       2524316 kB
Mapped:          1130200 kB
Shmem:             22964 kB
KReclaimable:     545232 kB
Slab:             326616 kB
SReclaimable:     103692 kB
SUnreclaim:       222924 kB
KernelStack:       47168 kB
ShadowCallStack:   11820 kB
PageTables:        68216 kB
NFS_Unstable:          0 kB
Bounce:                0 kB
WritebackTmp:          0 kB
CommitLimit:     8677876 kB
Committed_AS:   69154948 kB
VmallocTotal:   263061440 kB
VmallocUsed:      129496 kB
VmallocChunk:          0 kB
Percpu:             2448 kB
CmaTotal:         405504 kB
CmaFree:               0 kB
MemTotal:        7918588 kB
MemFree:          299284 kB
MemAvailable:    3140652 kB
Buffers:           60816 kB
Cached:          2653156 kB
SwapCached:            0 kB
Active:          4099740 kB
Inactive:        1143268 kB
Active(anon):    2497480 kB
Inactive(anon):    59168 kB
Active(file):    1602260 kB
Inactive(file):  1084100 kB
Unevictable:        6152 kB
Mlocked:            5712 kB
SwapTotal:       4718584 kB
SwapFree:        4718584 kB
Dirty:               656 kB
Writeback:             0 kB
AnonPages:       2535344 kB
Mapped:          1130152 kB
Shmem:             22964 kB
KReclaimable:     545232 kB
Slab:             326616 kB
SReclaimable:     103692 kB
SUnreclaim:       222924 kB
KernelStack:       47120 kB
ShadowCallStack:   11804 kB
PageTables:        68140 kB
NFS_Unstable:          0 kB
Bounce:                0 kB
WritebackTmp:          0 kB
CommitLimit:     8677876 kB
Committed_AS:   69187664 kB
VmallocTotal:   263061440 kB
VmallocUsed:      129480 kB
VmallocChunk:          0 kB
Percpu:             2448 kB
CmaTotal:         405504 kB
CmaFree:               0 kB
MemTotal:        7918588 kB
MemFree:          298648 kB
MemAvailable:    3140016 kB
Buffers:           60816 kB
Cached:          2653156 kB
SwapCached:            0 kB
Active:          4100556 kB
Inactive:        1143256 kB
Active(anon):    2498296 kB
Inactive(anon):    59156 kB
Active(file):    1602260 kB
Inactive(file):  1084100 kB
Unevictable:        6152 kB
Mlocked:            5712 kB
SwapTotal:       4718584 kB
SwapFree:        4718584 kB
Dirty:               656 kB
Writeback:             0 kB
AnonPages:       2536320 kB
Mapped:          1130512 kB
Shmem:             22964 kB
KReclaimable:     545232 kB
Slab:             326620 kB
SReclaimable:     103692 kB
SUnreclaim:       222928 kB
KernelStack:       47136 kB
ShadowCallStack:   11808 kB
PageTables:        68364 kB
NFS_Unstable:          0 kB
Bounce:                0 kB
WritebackTmp:          0 kB
CommitLimit:     8677876 kB
Committed_AS:   69187664 kB
VmallocTotal:   263061440 kB
VmallocUsed:      129460 kB
VmallocChunk:          0 kB
Percpu:             2448 kB
CmaTotal:         405504 kB
CmaFree:               0 kB
MemTotal:        7918588 kB
MemFree:          269376 kB
MemAvailable:    3110752 kB
Buffers:           60832 kB
Cached:          2653156 kB
SwapCached:            0 kB
Active:          4131036 kB
Inactive:        1143268 kB
Active(anon):    2528776 kB
Inactive(anon):    59160 kB
Active(file):    1602260 kB
Inactive(file):  1084108 kB
Unevictable:        6152 kB
Mlocked:            5712 kB
SwapTotal:       4718584 kB
SwapFree:        4718584 kB
Dirty:               536 kB
Writeback:             0 kB
AnonPages:       2566404 kB
Mapped:          1130576 kB
Shmem:             22972 kB
KReclaimable:     545232 kB
Slab:             326644 kB
SReclaimable:     103692 kB
SUnreclaim:       222952 kB
KernelStack:       47184 kB
ShadowCallStack:   11808 kB
PageTables:        68432 kB
NFS_Unstable:          0 kB
Bounce:                0 kB
WritebackTmp:          0 kB
CommitLimit:     8677876 kB
Committed_AS:   69220444 kB
VmallocTotal:   263061440 kB
VmallocUsed:      129472 kB
VmallocChunk:          0 kB
Percpu:             2448 kB
CmaTotal:         405504 kB
CmaFree:               0 kB
MemTotal:        7918588 kB
MemFree:          259416 kB
MemAvailable:    3100828 kB
Buffers:           60856 kB
Cached:          2653164 kB
SwapCached:            0 kB
Active:          4139920 kB
Inactive:        1143308 kB
Active(anon):    2537660 kB
Inactive(anon):    59168 kB
Active(file):    1602260 kB
Inactive(file):  1084140 kB
Unevictable:        6152 kB
Mlocked:            5712 kB
SwapTotal:       4718584 kB
SwapFree:        4718584 kB
Dirty:               584 kB
Writeback:             0 kB
AnonPages:       2575448 kB
Mapped:          1130656 kB
Shmem:             22972 kB
KReclaimable:     545236 kB
Slab:             326636 kB
SReclaimable:     103696 kB
SUnreclaim:       222940 kB
KernelStack:       47152 kB
ShadowCallStack:   11812 kB
PageTables:        68372 kB
NFS_Unstable:          0 kB
Bounce:                0 kB
WritebackTmp:          0 kB
CommitLimit:     8677876 kB
Committed_AS:   69236824 kB
VmallocTotal:   263061440 kB
VmallocUsed:      129460 kB
VmallocChunk:          0 kB
Percpu:             2448 kB
CmaTotal:         405504 kB
CmaFree:               0 kB
MemTotal:        7918588 kB
MemFree:          245460 kB
MemAvailable:    3086872 kB
Buffers:           60856 kB
Cached:          2653164 kB
SwapCached:            0 kB
Active:          4155084 kB
Inactive:        1143308 kB
Active(anon):    2552824 kB
Inactive(anon):    59168 kB
Active(file):    1602260 kB
Inactive(file):  1084140 kB
Unevictable:        6152 kB
Mlocked:            5712 kB
SwapTotal:       4718584 kB
SwapFree:        4718584 kB
Dirty:               584 kB
Writeback:             0 kB
AnonPages:       2590552 kB
Mapped:          1130772 kB
Shmem:             22972 kB
KReclaimable:     545236 kB
Slab:             326644 kB
SReclaimable:     103696 kB
SUnreclaim:       222948 kB
KernelStack:       47120 kB
ShadowCallStack:   11812 kB
PageTables:        68448 kB
NFS_Unstable:          0 kB
Bounce:                0 kB
WritebackTmp:          0 kB
CommitLimit:     8677876 kB
Committed_AS:   69269488 kB
VmallocTotal:   263061440 kB
VmallocUsed:      129400 kB
VmallocChunk:          0 kB
Percpu:             2448 kB
CmaTotal:         405504 kB
CmaFree:               0 kB
MemTotal:        7918588 kB
MemFree:          220444 kB
MemAvailable:    3061856 kB
Buffers:           60856 kB
Cached:          2653164 kB
SwapCached:            0 kB
Active:          4178664 kB
Inactive:        1143308 kB
Active(anon):    2576404 kB
Inactive(anon):    59168 kB
Active(file):    1602260 kB
Inactive(file):  1084140 kB
Unevictable:        6152 kB
Mlocked:            5712 kB
SwapTotal:       4718584 kB
SwapFree:        4718584 kB
Dirty:               584 kB
Writeback:             0 kB
AnonPages:       2614300 kB
Mapped:          1130920 kB
Shmem:             22972 kB
KReclaimable:     545236 kB
Slab:             326624 kB
SReclaimable:     103696 kB
SUnreclaim:       222928 kB
KernelStack:       47056 kB
ShadowCallStack:   11796 kB
PageTables:        68448 kB
NFS_Unstable:          0 kB
Bounce:                0 kB
WritebackTmp:          0 kB
CommitLimit:     8677876 kB
Committed_AS:   69302256 kB
VmallocTotal:   263061440 kB
VmallocUsed:      129360 kB
VmallocChunk:          0 kB
Percpu:             2448 kB
CmaTotal:         405504 kB
CmaFree:               0 kB
MemTotal:        7918588 kB
MemFree:          219436 kB
MemAvailable:    3060856 kB
Buffers:           60880 kB
Cached:          2653148 kB
SwapCached:            0 kB
Active:          4179236 kB
Inactive:        1143316 kB
Active(anon):    2576976 kB
Inactive(anon):    59168 kB
Active(file):    1602260 kB
Inactive(file):  1084148 kB
Unevictable:        6152 kB
Mlocked:            5712 kB
SwapTotal:       4718584 kB
SwapFree:        4718584 kB
Dirty:               592 kB
Writeback:             0 kB
AnonPages:       2614644 kB
Mapped:          1130900 kB
Shmem:             22972 kB
KReclaimable:     545236 kB
Slab:             326652 kB
SReclaimable:     103696 kB
SUnreclaim:       222956 kB
KernelStack:       47088 kB
ShadowCallStack:   11788 kB
PageTables:        68332 kB
NFS_Unstable:          0 kB
Bounce:                0 kB
WritebackTmp:          0 kB
CommitLimit:     8677876 kB
Committed_AS:   69302176 kB
VmallocTotal:   263061440 kB
VmallocUsed:      129356 kB
VmallocChunk:          0 kB
Percpu:             2448 kB
CmaTotal:         405504 kB
CmaFree:               4 kB
MemTotal:        7918588 kB
MemFree:          184960 kB
MemAvailable:    3026396 kB
Buffers:           60880 kB
Cached:          2653164 kB
SwapCached:            0 kB
Active:          4213352 kB
Inactive:        1143332 kB
Active(anon):    2611092 kB
Inactive(anon):    59168 kB
Active(file):    1602260 kB
Inactive(file):  1084164 kB
Unevictable:        6152 kB
Mlocked:            5712 kB
SwapTotal:       4718584 kB
SwapFree:        4718584 kB
Dirty:               476 kB
Writeback:             0 kB
AnonPages:       2648848 kB
Mapped:          1131348 kB
Shmem:             22972 kB
KReclaimable:     545236 kB
Slab:             326708 kB
SReclaimable:     103696 kB
SUnreclaim:       223012 kB
KernelStack:       47024 kB
ShadowCallStack:   11780 kB
PageTables:        68576 kB
NFS_Unstable:          0 kB
Bounce:                0 kB
WritebackTmp:          0 kB
CommitLimit:     8677876 kB
Committed_AS:   69351200 kB
VmallocTotal:   263061440 kB
VmallocUsed:      129312 kB
VmallocChunk:          0 kB
Percpu:             2448 kB
CmaTotal:         405504 kB
CmaFree:               0 kB
MemTotal:        7918588 kB
MemFree:          180392 kB
MemAvailable:    3021828 kB
Buffers:           60888 kB
Cached:          2653160 kB
SwapCached:            0 kB
Active:          4217656 kB
Inactive:        1143332 kB
Active(anon):    2615396 kB
Inactive(anon):    59168 kB
Active(file):    1602260 kB
Inactive(file):  1084164 kB
Unevictable:        6152 kB
Mlocked:            5712 kB
SwapTotal:       4718584 kB
SwapFree:        4718584 kB
Dirty:               476 kB
Writeback:             0 kB
AnonPages:       2653108 kB
Mapped:          1131296 kB
Shmem:             22976 kB
KReclaimable:     545236 kB
Slab:             326688 kB
SReclaimable:     103696 kB
SUnreclaim:       222992 kB
KernelStack:       46960 kB
ShadowCallStack:   11780 kB
PageTables:        68660 kB
NFS_Unstable:          0 kB
Bounce:                0 kB
WritebackTmp:          0 kB
CommitLimit:     8677876 kB
Committed_AS:   69351048 kB
VmallocTotal:   263061440 kB
VmallocUsed:      129236 kB
VmallocChunk:          0 kB
Percpu:             2448 kB
CmaTotal:         405504 kB
CmaFree:              60 kB
MemTotal:        7918588 kB
MemFree:          179820 kB
MemAvailable:    3021264 kB
Buffers:           60888 kB
Cached:          2653168 kB
SwapCached:            0 kB
Active:          4217944 kB
Inactive:        1143344 kB
Active(anon):    2615684 kB
Inactive(anon):    59172 kB
Active(file):    1602260 kB
Inactive(file):  1084172 kB
Unevictable:        6152 kB
Mlocked:            5712 kB
SwapTotal:       4718584 kB
SwapFree:        4718584 kB
Dirty:               232 kB
Writeback:             0 kB
AnonPages:       2653456 kB
Mapped:          1131364 kB
Shmem:             22976 kB
KReclaimable:     545236 kB
Slab:             326708 kB
SReclaimable:     103696 kB
SUnreclaim:       223012 kB
KernelStack:       46928 kB
ShadowCallStack:   11752 kB
PageTables:        68692 kB
NFS_Unstable:          0 kB
Bounce:                0 kB
WritebackTmp:          0 kB
CommitLimit:     8677876 kB
Committed_AS:   69350944 kB
VmallocTotal:   263061440 kB
VmallocUsed:      129200 kB
VmallocChunk:          0 kB
Percpu:             2448 kB
CmaTotal:         405504 kB
CmaFree:               0 kB
MemTotal:        7918588 kB
MemFree:          154524 kB
MemAvailable:    2983188 kB
Buffers:           60888 kB
Cached:          2645904 kB
SwapCached:            0 kB
Active:          4258912 kB
Inactive:        1133956 kB
Active(anon):    2654552 kB
Inactive(anon):    59164 kB
Active(file):    1604360 kB
Inactive(file):  1074792 kB
Unevictable:        6152 kB
Mlocked:            5712 kB
SwapTotal:       4718584 kB
SwapFree:        4718584 kB
Dirty:               260 kB
Writeback:             8 kB
AnonPages:       2692100 kB
Mapped:          1130652 kB
Shmem:             22976 kB
KReclaimable:     539736 kB
Slab:             322240 kB
SReclaimable:      99220 kB
SUnreclaim:       223020 kB
KernelStack:       46928 kB
ShadowCallStack:   11768 kB
PageTables:        68544 kB
NFS_Unstable:          0 kB
Bounce:                0 kB
WritebackTmp:          0 kB
CommitLimit:     8677876 kB
Committed_AS:   69416480 kB
VmallocTotal:   263061440 kB
VmallocUsed:      129212 kB
VmallocChunk:          0 kB
Percpu:             2448 kB
CmaTotal:         405504 kB
CmaFree:            1372 kB
MemTotal:        7918588 kB
MemFree:          147980 kB
MemAvailable:    2814432 kB
Buffers:           60888 kB
Cached:          2629844 kB
SwapCached:            0 kB
Active:          4305316 kB
Inactive:        1108760 kB
Active(anon):    2691880 kB
Inactive(anon):    59168 kB
Active(file):    1613436 kB
Inactive(file):  1049592 kB
Unevictable:        6152 kB
Mlocked:            5712 kB
SwapTotal:       4718584 kB
SwapFree:        4718584 kB
Dirty:               280 kB
Writeback:             0 kB
AnonPages:       2729524 kB
Mapped:          1126612 kB
Shmem:             23056 kB
KReclaimable:     393648 kB
Slab:             308664 kB
SReclaimable:      85900 kB
SUnreclaim:       222764 kB
KernelStack:       46992 kB
ShadowCallStack:   11772 kB
PageTables:        68796 kB
NFS_Unstable:          0 kB
Bounce:                0 kB
WritebackTmp:          0 kB
CommitLimit:     8677876 kB
Committed_AS:   69416668 kB
VmallocTotal:   263061440 kB
VmallocUsed:      129308 kB
VmallocChunk:          0 kB
Percpu:             2448 kB
CmaTotal:         405504 kB
CmaFree:               4 kB
MemTotal:        7918588 kB
MemFree:          177588 kB
MemAvailable:    2969824 kB
Buffers:           60896 kB
Cached:          2625480 kB
SwapCached:            0 kB
Active:          4280924 kB
Inactive:        1104416 kB
Active(anon):    2667392 kB
Inactive(anon):    59168 kB
Active(file):    1613532 kB
Inactive(file):  1045248 kB
Unevictable:        6152 kB
Mlocked:            5712 kB
SwapTotal:       4718584 kB
SwapFree:        4718584 kB
Dirty:               140 kB
Writeback:             0 kB
AnonPages:       2705084 kB
Mapped:          1126332 kB
Shmem:             22948 kB
KReclaimable:     523680 kB
Slab:             308624 kB
SReclaimable:      85880 kB
SUnreclaim:       222744 kB
KernelStack:       46848 kB
ShadowCallStack:   11760 kB
PageTables:        68836 kB
NFS_Unstable:          0 kB
Bounce:                0 kB
WritebackTmp:          0 kB
CommitLimit:     8677876 kB
Committed_AS:   69448936 kB
VmallocTotal:   263061440 kB
VmallocUsed:      129108 kB
VmallocChunk:          0 kB
Percpu:             2448 kB
CmaTotal:         405504 kB
CmaFree:             188 kB
MemTotal:        7918588 kB
MemFree:          151588 kB
MemAvailable:    2943972 kB
Buffers:           60896 kB
Cached:          2625508 kB
SwapCached:            0 kB
Active:          4306796 kB
Inactive:        1104408 kB
Active(anon):    2693264 kB
Inactive(anon):    59160 kB
Active(file):    1613532 kB
Inactive(file):  1045248 kB
Unevictable:        6152 kB
Mlocked:            5712 kB
SwapTotal:       4718584 kB
SwapFree:        4718584 kB
Dirty:               144 kB
Writeback:             0 kB
AnonPages:       2730984 kB
Mapped:          1126360 kB
Shmem:             22976 kB
KReclaimable:     523828 kB
Slab:             308584 kB
SReclaimable:      85880 kB
SUnreclaim:       222704 kB
KernelStack:       46768 kB
ShadowCallStack:   11720 kB
PageTables:        68580 kB
NFS_Unstable:          0 kB
Bounce:                0 kB
WritebackTmp:          0 kB
CommitLimit:     8677876 kB
Committed_AS:   69481552 kB
VmallocTotal:   263061440 kB
VmallocUsed:      129016 kB
VmallocChunk:          0 kB
Percpu:             2448 kB
CmaTotal:         405504 kB
CmaFree:             280 kB
MemTotal:        7918588 kB
MemFree:          151596 kB
MemAvailable:    2943980 kB
Buffers:           60896 kB
Cached:          2625508 kB
SwapCached:            0 kB
Active:          4306196 kB
Inactive:        1104416 kB
Active(anon):    2692664 kB
Inactive(anon):    59168 kB
Active(file):    1613532 kB
Inactive(file):  1045248 kB
Unevictable:        6152 kB
Mlocked:            5712 kB
SwapTotal:       4718584 kB
SwapFree:        4718584 kB
Dirty:               164 kB
Writeback:             0 kB
AnonPages:       2730372 kB
Mapped:          1126336 kB
Shmem:             22976 kB
KReclaimable:     523828 kB
Slab:             308596 kB
SReclaimable:      85880 kB
SUnreclaim:       222716 kB
KernelStack:       46800 kB
ShadowCallStack:   11724 kB
PageTables:        68828 kB
NFS_Unstable:          0 kB
Bounce:                0 kB
WritebackTmp:          0 kB
CommitLimit:     8677876 kB
Committed_AS:   69481552 kB
VmallocTotal:   263061440 kB
VmallocUsed:      129008 kB
VmallocChunk:          0 kB
Percpu:             2448 kB
CmaTotal:         405504 kB
CmaFree:             632 kB
MemTotal:        7918588 kB
MemFree:          149624 kB
MemAvailable:    2905840 kB
Buffers:           60896 kB
Cached:          2594100 kB
SwapCached:            0 kB
Active:          4344928 kB
Inactive:        1072632 kB
Active(anon):    2731020 kB
Inactive(anon):    59168 kB
Active(file):    1613908 kB
Inactive(file):  1013464 kB
Unevictable:        6152 kB
Mlocked:            5712 kB
SwapTotal:       4718584 kB
SwapFree:        4718584 kB
Dirty:               164 kB
Writeback:             0 kB
AnonPages:       2768724 kB
Mapped:          1126616 kB
Shmem:             22976 kB
KReclaimable:     519068 kB
Slab:             308480 kB
SReclaimable:      85752 kB
SUnreclaim:       222728 kB
KernelStack:       46752 kB
ShadowCallStack:   11712 kB
PageTables:        68920 kB
NFS_Unstable:          0 kB
Bounce:                0 kB
WritebackTmp:          0 kB
CommitLimit:     8677876 kB
Committed_AS:   69530544 kB
VmallocTotal:   263061440 kB
VmallocUsed:      128972 kB
VmallocChunk:          0 kB
Percpu:             2448 kB
CmaTotal:         405504 kB
CmaFree:               0 kB
MemTotal:        7918588 kB
MemFree:          149872 kB
MemAvailable:    2906116 kB
Buffers:           60928 kB
Cached:          2594096 kB
SwapCached:            0 kB
Active:          4345408 kB
Inactive:        1072656 kB
Active(anon):    2731500 kB
Inactive(anon):    59164 kB
Active(file):    1613908 kB
Inactive(file):  1013492 kB
Unevictable:        6152 kB
Mlocked:            5712 kB
SwapTotal:       4718584 kB
SwapFree:        4718584 kB
Dirty:                88 kB
Writeback:            20 kB
AnonPages:       2769232 kB
Mapped:          1126728 kB
Shmem:             22976 kB
KReclaimable:     519068 kB
Slab:             308476 kB
SReclaimable:      85752 kB
SUnreclaim:       222724 kB
KernelStack:       46720 kB
ShadowCallStack:   11728 kB
PageTables:        68892 kB
NFS_Unstable:          0 kB
Bounce:                0 kB
WritebackTmp:          0 kB
CommitLimit:     8677876 kB
Committed_AS:   69530544 kB
VmallocTotal:   263061440 kB
VmallocUsed:      128956 kB
VmallocChunk:          0 kB
Percpu:             2448 kB
CmaTotal:         405504 kB
CmaFree:               8 kB
MemTotal:        7918588 kB
MemFree:          148148 kB
MemAvailable:    2904396 kB
Buffers:           60928 kB
Cached:          2594100 kB
SwapCached:            0 kB
Active:          4345456 kB
Inactive:        1072660 kB
Active(anon):    2731548 kB
Inactive(anon):    59164 kB
Active(file):    1613908 kB
Inactive(file):  1013496 kB
Unevictable:        6152 kB
Mlocked:            5712 kB
SwapTotal:       4718584 kB
SwapFree:        4718584 kB
Dirty:               152 kB
Writeback:             0 kB
AnonPages:       2769376 kB
Mapped:          1126784 kB
Shmem:             22976 kB
KReclaimable:     519068 kB
Slab:             308476 kB
SReclaimable:      85752 kB
SUnreclaim:       222724 kB
KernelStack:       46752 kB
ShadowCallStack:   11712 kB
PageTables:        68928 kB
NFS_Unstable:          0 kB
Bounce:                0 kB
WritebackTmp:          0 kB
CommitLimit:     8677876 kB
Committed_AS:   69530492 kB
VmallocTotal:   263061440 kB
VmallocUsed:      128976 kB
VmallocChunk:          0 kB
Percpu:             2448 kB
CmaTotal:         405504 kB
CmaFree:               8 kB
MemTotal:        7918588 kB
MemFree:          146036 kB
MemAvailable:    2865556 kB
Buffers:           60928 kB
Cached:          2563460 kB
SwapCached:            0 kB
Active:          4395588 kB
Inactive:        1030644 kB
Active(anon):    2770308 kB
Inactive(anon):    59168 kB
Active(file):    1625280 kB
Inactive(file):   971476 kB
Unevictable:        6152 kB
Mlocked:            5712 kB
SwapTotal:       4718584 kB
SwapFree:        4718584 kB
Dirty:               176 kB
Writeback:             0 kB
AnonPages:       2808084 kB
Mapped:          1124880 kB
Shmem:             22980 kB
KReclaimable:     512988 kB
Slab:             308564 kB
SReclaimable:      85752 kB
SUnreclaim:       222812 kB
KernelStack:       46752 kB
ShadowCallStack:   11708 kB
PageTables:        68952 kB
NFS_Unstable:          0 kB
Bounce:                0 kB
WritebackTmp:          0 kB
CommitLimit:     8677876 kB
Committed_AS:   69596032 kB
VmallocTotal:   263061440 kB
VmallocUsed:      128992 kB
VmallocChunk:          0 kB
Percpu:             2448 kB
CmaTotal:         405504 kB
CmaFree:              28 kB
MemTotal:        7918588 kB
MemFree:          146012 kB
MemAvailable:    2865452 kB
Buffers:           60928 kB
Cached:          2563456 kB
SwapCached:            0 kB
Active:          4396096 kB
Inactive:        1030480 kB
Active(anon):    2770648 kB
Inactive(anon):    59172 kB
Active(file):    1625448 kB
Inactive(file):   971308 kB
Unevictable:        6152 kB
Mlocked:            5712 kB
SwapTotal:       4718584 kB
SwapFree:        4718584 kB
Dirty:               204 kB
Writeback:             0 kB
AnonPages:       2808108 kB
Mapped:          1124928 kB
Shmem:             22980 kB
KReclaimable:     512908 kB
Slab:             308508 kB
SReclaimable:      85736 kB
SUnreclaim:       222772 kB
KernelStack:       46736 kB
ShadowCallStack:   11712 kB
PageTables:        69196 kB
NFS_Unstable:          0 kB
Bounce:                0 kB
WritebackTmp:          0 kB
CommitLimit:     8677876 kB
Committed_AS:   69596032 kB
VmallocTotal:   263061440 kB
VmallocUsed:      128960 kB
VmallocChunk:          0 kB
Percpu:             2448 kB
CmaTotal:         405504 kB
CmaFree:              28 kB
MemTotal:        7918588 kB
MemFree:          144968 kB
MemAvailable:    2849332 kB
Buffers:           60928 kB
Cached:          2551540 kB
SwapCached:            0 kB
Active:          4429224 kB
Inactive:        1000928 kB
Active(anon):    2786104 kB
Inactive(anon):    59168 kB
Active(file):    1643120 kB
Inactive(file):   941760 kB
Unevictable:        6152 kB
Mlocked:            5712 kB
SwapTotal:       4718584 kB
SwapFree:        4718584 kB
Dirty:               216 kB
Writeback:             0 kB
AnonPages:       2823912 kB
Mapped:          1120508 kB
Shmem:             22980 kB
KReclaimable:     509708 kB
Slab:             308524 kB
SReclaimable:      85736 kB
SUnreclaim:       222788 kB
KernelStack:       46784 kB
ShadowCallStack:   11712 kB
PageTables:        69248 kB
NFS_Unstable:          0 kB
Bounce:                0 kB
WritebackTmp:          0 kB
CommitLimit:     8677876 kB
Committed_AS:   69612420 kB
VmallocTotal:   263061440 kB
VmallocUsed:      128992 kB
VmallocChunk:          0 kB
Percpu:             2448 kB
CmaTotal:         405504 kB
CmaFree:               4 kB
MemTotal:        7918588 kB
MemFree:          146188 kB
MemAvailable:    2824712 kB
Buffers:           60836 kB
Cached:          2531504 kB
SwapCached:            0 kB
Active:          4474968 kB
Inactive:         959284 kB
Active(anon):    2810412 kB
Inactive(anon):    59168 kB
Active(file):    1664556 kB
Inactive(file):   900116 kB
Unevictable:        6152 kB
Mlocked:            5712 kB
SwapTotal:       4718584 kB
SwapFree:        4718584 kB
Dirty:               132 kB
Writeback:             0 kB
AnonPages:       2848172 kB
Mapped:          1114688 kB
Shmem:             22984 kB
KReclaimable:     504076 kB
Slab:             308520 kB
SReclaimable:      85736 kB
SUnreclaim:       222784 kB
KernelStack:       46752 kB
ShadowCallStack:   11740 kB
PageTables:        69064 kB
NFS_Unstable:          0 kB
Bounce:                0 kB
WritebackTmp:          0 kB
CommitLimit:     8677876 kB
Committed_AS:   69645192 kB
VmallocTotal:   263061440 kB
VmallocUsed:      128968 kB
VmallocChunk:          0 kB
Percpu:             2448 kB
CmaTotal:         405504 kB
CmaFree:               0 kB
MemTotal:        7918588 kB
MemFree:          146496 kB
MemAvailable:    2824812 kB
Buffers:           60836 kB
Cached:          2531388 kB
SwapCached:            0 kB
Active:          4474932 kB
Inactive:         959204 kB
Active(anon):    2810376 kB
Inactive(anon):    59168 kB
Active(file):    1664556 kB
Inactive(file):   900036 kB
Unevictable:        6152 kB
Mlocked:            5712 kB
SwapTotal:       4718584 kB
SwapFree:        4718584 kB
Dirty:               184 kB
Writeback:             0 kB
AnonPages:       2848036 kB
Mapped:          1114588 kB
Shmem:             22984 kB
KReclaimable:     503948 kB
Slab:             308520 kB
SReclaimable:      85736 kB
SUnreclaim:       222784 kB
KernelStack:       46720 kB
ShadowCallStack:   11712 kB
PageTables:        69092 kB
NFS_Unstable:          0 kB
Bounce:                0 kB
WritebackTmp:          0 kB
CommitLimit:     8677876 kB
Committed_AS:   69645084 kB
VmallocTotal:   263061440 kB
VmallocUsed:      128932 kB
VmallocChunk:          0 kB
Percpu:             2448 kB
CmaTotal:         405504 kB
CmaFree:               0 kB
MemTotal:        7918588 kB
MemFree:          150208 kB
MemAvailable:    2789544 kB
Buffers:           60276 kB
Cached:          2499272 kB
SwapCached:            0 kB
Active:          4519508 kB
Inactive:         916928 kB
Active(anon):    2845528 kB
Inactive(anon):    59152 kB
Active(file):    1673980 kB
Inactive(file):   857776 kB
Unevictable:        6152 kB
Mlocked:            5712 kB
SwapTotal:       4718584 kB
SwapFree:        4718584 kB
Dirty:               204 kB
Writeback:             0 kB
AnonPages:       2883324 kB
Mapped:          1114856 kB
Shmem:             22996 kB
KReclaimable:     497804 kB
Slab:             308572 kB
SReclaimable:      85736 kB
SUnreclaim:       222836 kB
KernelStack:       46688 kB
ShadowCallStack:   11704 kB
PageTables:        69548 kB
NFS_Unstable:          0 kB
Bounce:                0 kB
WritebackTmp:          0 kB
CommitLimit:     8677876 kB
Committed_AS:   69710632 kB
VmallocTotal:   263061440 kB
VmallocUsed:      128968 kB
VmallocChunk:          0 kB
Percpu:             2448 kB
CmaTotal:         405504 kB
CmaFree:             128 kB
MemTotal:        7918588 kB
MemFree:          153152 kB
MemAvailable:    2785308 kB
Buffers:           60044 kB
Cached:          2493236 kB
SwapCached:            0 kB
Active:          4526408 kB
Inactive:         908332 kB
Active(anon):    2850100 kB
Inactive(anon):    59168 kB
Active(file):    1676308 kB
Inactive(file):   849164 kB
Unevictable:        6152 kB
Mlocked:            5712 kB
SwapTotal:       4718584 kB
SwapFree:        4718584 kB
Dirty:               208 kB
Writeback:             0 kB
AnonPages:       2887752 kB
Mapped:          1114688 kB
Shmem:             22996 kB
KReclaimable:     496908 kB
Slab:             308540 kB
SReclaimable:      85736 kB
SUnreclaim:       222804 kB
KernelStack:       46720 kB
ShadowCallStack:   11688 kB
PageTables:        69168 kB
NFS_Unstable:          0 kB
Bounce:                0 kB
WritebackTmp:          0 kB
CommitLimit:     8677876 kB
Committed_AS:   69710632 kB
VmallocTotal:   263061440 kB
VmallocUsed:      128932 kB
VmallocChunk:          0 kB
Percpu:             2448 kB
CmaTotal:         405504 kB
CmaFree:               0 kB
MemTotal:        7918588 kB
MemFree:          153564 kB
MemAvailable:    2785548 kB
Buffers:           60044 kB
Cached:          2493076 kB
SwapCached:            0 kB
Active:          4526476 kB
Inactive:         908248 kB
Active(anon):    2850084 kB
Inactive(anon):    59164 kB
Active(file):    1676392 kB
Inactive(file):   849084 kB
Unevictable:        6152 kB
Mlocked:            5712 kB
SwapTotal:       4718584 kB
SwapFree:        4718584 kB
Dirty:               208 kB
Writeback:             0 kB
AnonPages:       2887724 kB
Mapped:          1114628 kB
Shmem:             22996 kB
KReclaimable:     496732 kB
Slab:             308516 kB
SReclaimable:      85688 kB
SUnreclaim:       222828 kB
KernelStack:       46720 kB
ShadowCallStack:   11704 kB
PageTables:        69188 kB
NFS_Unstable:          0 kB
Bounce:                0 kB
WritebackTmp:          0 kB
CommitLimit:     8677876 kB
Committed_AS:   69710632 kB
VmallocTotal:   263061440 kB
VmallocUsed:      128932 kB
VmallocChunk:          0 kB
Percpu:             2448 kB
CmaTotal:         405504 kB
CmaFree:               0 kB
MemTotal:        7918588 kB
MemFree:          150096 kB
MemAvailable:    2745164 kB
Buffers:           54276 kB
Cached:          2466532 kB
SwapCached:            0 kB
Active:          4568884 kB
Inactive:         871916 kB
Active(anon):    2888548 kB
Inactive(anon):    59164 kB
Active(file):    1680336 kB
Inactive(file):   812752 kB
Unevictable:        6152 kB
Mlocked:            5712 kB
SwapTotal:       4718584 kB
SwapFree:        4718584 kB
Dirty:               208 kB
Writeback:             0 kB
AnonPages:       2926396 kB
Mapped:          1114904 kB
Shmem:             22996 kB
KReclaimable:     492204 kB
Slab:             308352 kB
SReclaimable:      85512 kB
SUnreclaim:       222840 kB
KernelStack:       46720 kB
ShadowCallStack:   11708 kB
PageTables:        69492 kB
NFS_Unstable:          0 kB
Bounce:                0 kB
WritebackTmp:          0 kB
CommitLimit:     8677876 kB
Committed_AS:   69776168 kB
VmallocTotal:   263061440 kB
VmallocUsed:      128920 kB
VmallocChunk:          0 kB
Percpu:             2448 kB
CmaTotal:         405504 kB
CmaFree:              56 kB
MemTotal:        7918588 kB
MemFree:          150936 kB
MemAvailable:    2745608 kB
Buffers:           54276 kB
Cached:          2466448 kB
SwapCached:            0 kB
Active:          4569456 kB
Inactive:         871664 kB
Active(anon):    2888872 kB
Inactive(anon):    59168 kB
Active(file):    1680584 kB
Inactive(file):   812496 kB
Unevictable:        6152 kB
Mlocked:            5712 kB
SwapTotal:       4718584 kB
SwapFree:        4718584 kB
Dirty:               104 kB
Writeback:             0 kB
AnonPages:       2926580 kB
Mapped:          1114628 kB
Shmem:             22996 kB
KReclaimable:     491816 kB
Slab:             308232 kB
SReclaimable:      85380 kB
SUnreclaim:       222852 kB
KernelStack:       46720 kB
ShadowCallStack:   11704 kB
PageTables:        69428 kB
NFS_Unstable:          0 kB
Bounce:                0 kB
WritebackTmp:          0 kB
CommitLimit:     8677876 kB
Committed_AS:   69776168 kB
VmallocTotal:   263061440 kB
VmallocUsed:      128920 kB
VmallocChunk:          0 kB
Percpu:             2448 kB
CmaTotal:         405504 kB
CmaFree:              60 kB
MemTotal:        7918588 kB
MemFree:          151728 kB
MemAvailable:    2736716 kB
Buffers:           54264 kB
Cached:          2457800 kB
SwapCached:            0 kB
Active:          4578400 kB
Inactive:         862912 kB
Active(anon):    2897720 kB
Inactive(anon):    59172 kB
Active(file):    1680680 kB
Inactive(file):   803740 kB
Unevictable:        6152 kB
Mlocked:            5712 kB
SwapTotal:       4718584 kB
SwapFree:        4718584 kB
Dirty:               176 kB
Writeback:             0 kB
AnonPages:       2935320 kB
Mapped:          1114876 kB
Shmem:             22996 kB
KReclaimable:     490792 kB
Slab:             308248 kB
SReclaimable:      85380 kB
SUnreclaim:       222868 kB
KernelStack:       46720 kB
ShadowCallStack:   11704 kB
PageTables:        69252 kB
NFS_Unstable:          0 kB
Bounce:                0 kB
WritebackTmp:          0 kB
CommitLimit:     8677876 kB
Committed_AS:   69792552 kB
VmallocTotal:   263061440 kB
VmallocUsed:      128932 kB
VmallocChunk:          0 kB
Percpu:             2448 kB
CmaTotal:         405504 kB
CmaFree:               0 kB
MemTotal:        7918588 kB
MemFree:          148796 kB
MemAvailable:    2706020 kB
Buffers:           52104 kB
Cached:          2435852 kB
SwapCached:            0 kB
Active:          4611508 kB
Inactive:         835464 kB
Active(anon):    2927492 kB
Inactive(anon):    59168 kB
Active(file):    1684016 kB
Inactive(file):   776296 kB
Unevictable:        6152 kB
Mlocked:            5712 kB
SwapTotal:       4718584 kB
SwapFree:        4718584 kB
Dirty:               216 kB
Writeback:             0 kB
AnonPages:       2965188 kB
Mapped:          1114320 kB
Shmem:             22996 kB
KReclaimable:     487136 kB
Slab:             308212 kB
SReclaimable:      85308 kB
SUnreclaim:       222904 kB
KernelStack:       46720 kB
ShadowCallStack:   11704 kB
PageTables:        69516 kB
NFS_Unstable:          0 kB
Bounce:                0 kB
WritebackTmp:          0 kB
CommitLimit:     8677876 kB
Committed_AS:   69841704 kB
VmallocTotal:   263061440 kB
VmallocUsed:      128936 kB
VmallocChunk:          0 kB
Percpu:             2448 kB
CmaTotal:         405504 kB
CmaFree:               0 kB
MemTotal:        7918588 kB
MemFree:          152848 kB
MemAvailable:    2705344 kB
Buffers:           51972 kB
Cached:          2431792 kB
SwapCached:            0 kB
Active:          4611756 kB
Inactive:         831104 kB
Active(anon):    2927580 kB
Inactive(anon):    59160 kB
Active(file):    1684176 kB
Inactive(file):   771944 kB
Unevictable:        6152 kB
Mlocked:            5712 kB
SwapTotal:       4718584 kB
SwapFree:        4718584 kB
Dirty:               292 kB
Writeback:             0 kB
AnonPages:       2965384 kB
Mapped:          1114400 kB
Shmem:             22996 kB
KReclaimable:     486600 kB
Slab:             308152 kB
SReclaimable:      85284 kB
SUnreclaim:       222868 kB
KernelStack:       46704 kB
ShadowCallStack:   11712 kB
PageTables:        69704 kB
NFS_Unstable:          0 kB
Bounce:                0 kB
WritebackTmp:          0 kB
CommitLimit:     8677876 kB
Committed_AS:   69841704 kB
VmallocTotal:   263061440 kB
VmallocUsed:      128932 kB
VmallocChunk:          0 kB
Percpu:             2448 kB
CmaTotal:         405504 kB
CmaFree:               0 kB
MemTotal:        7918588 kB
MemFree:          151908 kB
MemAvailable:    2673416 kB
Buffers:           47388 kB
Cached:          2409624 kB
SwapCached:            0 kB
Active:          4645588 kB
Inactive:         802820 kB
Active(anon):    2959872 kB
Inactive(anon):    59168 kB
Active(file):    1685716 kB
Inactive(file):   743652 kB
Unevictable:        6152 kB
Mlocked:            5712 kB
SwapTotal:       4718584 kB
SwapFree:        4718584 kB
Dirty:               292 kB
Writeback:             0 kB
AnonPages:       2997588 kB
Mapped:          1114368 kB
Shmem:             22996 kB
KReclaimable:     482364 kB
Slab:             308076 kB
SReclaimable:      85144 kB
SUnreclaim:       222932 kB
KernelStack:       46720 kB
ShadowCallStack:   11704 kB
PageTables:        69628 kB
NFS_Unstable:          0 kB
Bounce:                0 kB
WritebackTmp:          0 kB
CommitLimit:     8677876 kB
Committed_AS:   69890856 kB
VmallocTotal:   263061440 kB
VmallocUsed:      128928 kB
VmallocChunk:          0 kB
Percpu:             2448 kB
CmaTotal:         405504 kB
CmaFree:               0 kB
MemTotal:        7918588 kB
MemFree:          158604 kB
MemAvailable:    2501596 kB
Buffers:           20796 kB
Cached:          2388316 kB
SwapCached:            0 kB
Active:          4689736 kB
Inactive:         754612 kB
Active(anon):    3003716 kB
Inactive(anon):    59168 kB
Active(file):    1686020 kB
Inactive(file):   695444 kB
Unevictable:        6152 kB
Mlocked:            5712 kB
SwapTotal:       4718584 kB
SwapFree:        4718584 kB
Dirty:               340 kB
Writeback:             0 kB
AnonPages:       3041356 kB
Mapped:          1114956 kB
Shmem:             23000 kB
KReclaimable:     359944 kB
Slab:             307252 kB
SReclaimable:      84388 kB
SUnreclaim:       222864 kB
KernelStack:       46800 kB
ShadowCallStack:   11720 kB
PageTables:        69204 kB
NFS_Unstable:          0 kB
Bounce:                0 kB
WritebackTmp:          0 kB
CommitLimit:     8677876 kB
Committed_AS:   69891252 kB
VmallocTotal:   263061440 kB
VmallocUsed:      129088 kB
VmallocChunk:          0 kB
Percpu:             2448 kB
CmaTotal:         405504 kB
CmaFree:               0 kB
MemTotal:        7918588 kB
MemFree:          159864 kB
MemAvailable:    2501216 kB
Buffers:           20796 kB
Cached:          2388600 kB
SwapCached:            0 kB
Active:          4687408 kB
Inactive:         754748 kB
Active(anon):    3001388 kB
Inactive(anon):    59168 kB
Active(file):    1686020 kB
Inactive(file):   695580 kB
Unevictable:        6152 kB
Mlocked:            5712 kB
SwapTotal:       4718584 kB
SwapFree:        4718584 kB
Dirty:               104 kB
Writeback:             0 kB
AnonPages:       3038936 kB
Mapped:          1115244 kB
Shmem:             23148 kB
KReclaimable:     358168 kB
Slab:             307508 kB
SReclaimable:      84340 kB
SUnreclaim:       223168 kB
KernelStack:       46832 kB
ShadowCallStack:   11732 kB
PageTables:        69728 kB
NFS_Unstable:          0 kB
Bounce:                0 kB
WritebackTmp:          0 kB
CommitLimit:     8677876 kB
Committed_AS:   69891252 kB
VmallocTotal:   263061440 kB
VmallocUsed:      129088 kB
VmallocChunk:          0 kB
Percpu:             2448 kB
CmaTotal:         405504 kB
CmaFree:             360 kB
MemTotal:        7918588 kB
MemFree:          163464 kB
MemAvailable:    2629504 kB
Buffers:           20748 kB
Cached:          2384224 kB
SwapCached:            0 kB
Active:          4688928 kB
Inactive:         750500 kB
Active(anon):    3003032 kB
Inactive(anon):    59176 kB
Active(file):    1685896 kB
Inactive(file):   691324 kB
Unevictable:        6152 kB
Mlocked:            5712 kB
SwapTotal:       4718584 kB
SwapFree:        4718584 kB
Dirty:               108 kB
Writeback:             0 kB
AnonPages:       3040756 kB
Mapped:          1114924 kB
Shmem:             22996 kB
KReclaimable:     479044 kB
Slab:             307380 kB
SReclaimable:      84336 kB
SUnreclaim:       223044 kB
KernelStack:       46720 kB
ShadowCallStack:   11740 kB
PageTables:        69760 kB
NFS_Unstable:          0 kB
Bounce:                0 kB
WritebackTmp:          0 kB
CommitLimit:     8677876 kB
Committed_AS:   69957420 kB
VmallocTotal:   263061440 kB
VmallocUsed:      128952 kB
VmallocChunk:          0 kB
Percpu:             2448 kB
CmaTotal:         405504 kB
CmaFree:               0 kB
MemTotal:        7918588 kB
MemFree:          177680 kB
MemAvailable:    2643952 kB
Buffers:           20748 kB
Cached:          2384180 kB
SwapCached:            0 kB
Active:          4673688 kB
Inactive:         750432 kB
Active(anon):    2987668 kB
Inactive(anon):    59168 kB
Active(file):    1686020 kB
Inactive(file):   691264 kB
Unevictable:        6152 kB
Mlocked:            5712 kB
SwapTotal:       4718584 kB
SwapFree:        4718584 kB
Dirty:               132 kB
Writeback:             0 kB
AnonPages:       3025396 kB
Mapped:          1101064 kB
Shmem:             22996 kB
KReclaimable:     479212 kB
Slab:             307392 kB
SReclaimable:      84320 kB
SUnreclaim:       223072 kB
KernelStack:       46752 kB
ShadowCallStack:   11712 kB
PageTables:        69724 kB
NFS_Unstable:          0 kB
Bounce:                0 kB
WritebackTmp:          0 kB
CommitLimit:     8677876 kB
Committed_AS:   69957516 kB
VmallocTotal:   263061440 kB
VmallocUsed:      128968 kB
VmallocChunk:          0 kB
Percpu:             2448 kB
CmaTotal:         405504 kB
CmaFree:            1972 kB
MemTotal:        7918588 kB
MemFree:          164776 kB
MemAvailable:    2631120 kB
Buffers:           20772 kB
Cached:          2384228 kB
SwapCached:            0 kB
Active:          4686976 kB
Inactive:         750504 kB
Active(anon):    3000956 kB
Inactive(anon):    59168 kB
Active(file):    1686020 kB
Inactive(file):   691336 kB
Unevictable:        6152 kB
Mlocked:            5712 kB
SwapTotal:       4718584 kB
SwapFree:        4718584 kB
Dirty:               192 kB
Writeback:             0 kB
AnonPages:       3038840 kB
Mapped:          1101248 kB
Shmem:             22996 kB
KReclaimable:     479212 kB
Slab:             307388 kB
SReclaimable:      84320 kB
SUnreclaim:       223068 kB
KernelStack:       46768 kB
ShadowCallStack:   11712 kB
PageTables:        69828 kB
NFS_Unstable:          0 kB
Bounce:                0 kB
WritebackTmp:          0 kB
CommitLimit:     8677876 kB
Committed_AS:   69973896 kB
VmallocTotal:   263061440 kB
VmallocUsed:      128976 kB
VmallocChunk:          0 kB
Percpu:             2448 kB
CmaTotal:         405504 kB
CmaFree:            1972 kB
MemTotal:        7918588 kB
MemFree:          150288 kB
MemAvailable:    2605032 kB
Buffers:           20772 kB
Cached:          2374040 kB
SwapCached:            0 kB
Active:          4712980 kB
Inactive:         740316 kB
Active(anon):    3026960 kB
Inactive(anon):    59168 kB
Active(file):    1686020 kB
Inactive(file):   681148 kB
Unevictable:        6152 kB
Mlocked:            5712 kB
SwapTotal:       4718584 kB
SwapFree:        4718584 kB
Dirty:               192 kB
Writeback:             0 kB
AnonPages:       3064444 kB
Mapped:          1101468 kB
Shmem:             22996 kB
KReclaimable:     477800 kB
Slab:             307364 kB
SReclaimable:      84280 kB
SUnreclaim:       223084 kB
KernelStack:       46752 kB
ShadowCallStack:   11716 kB
PageTables:        69700 kB
NFS_Unstable:          0 kB
Bounce:                0 kB
WritebackTmp:          0 kB
CommitLimit:     8677876 kB
Committed_AS:   70023048 kB
VmallocTotal:   263061440 kB
VmallocUsed:      128976 kB
VmallocChunk:          0 kB
Percpu:             2448 kB
CmaTotal:         405504 kB
CmaFree:               0 kB
MemTotal:        7918588 kB
MemFree:          149652 kB
MemAvailable:    2604212 kB
Buffers:           20796 kB
Cached:          2373996 kB
SwapCached:            0 kB
Active:          4713624 kB
Inactive:         740296 kB
Active(anon):    3027604 kB
Inactive(anon):    59168 kB
Active(file):    1686020 kB
Inactive(file):   681128 kB
Unevictable:        6152 kB
Mlocked:            5712 kB
SwapTotal:       4718584 kB
SwapFree:        4718584 kB
Dirty:               244 kB
Writeback:             0 kB
AnonPages:       3065156 kB
Mapped:          1101256 kB
Shmem:             22996 kB
KReclaimable:     477636 kB
Slab:             307424 kB
SReclaimable:      84280 kB
SUnreclaim:       223144 kB
KernelStack:       46736 kB
ShadowCallStack:   11724 kB
PageTables:        69700 kB
NFS_Unstable:          0 kB
Bounce:                0 kB
WritebackTmp:          0 kB
CommitLimit:     8677876 kB
Committed_AS:   70023048 kB
VmallocTotal:   263061440 kB
VmallocUsed:      128976 kB
VmallocChunk:          0 kB
Percpu:             2448 kB
CmaTotal:         405504 kB
CmaFree:               0 kB
MemTotal:        7918588 kB
MemFree:          153672 kB
MemAvailable:    2562500 kB
Buffers:           20484 kB
Cached:          2340824 kB
SwapCached:            0 kB
Active:          4747220 kB
Inactive:         706804 kB
Active(anon):    3061228 kB
Inactive(anon):    59172 kB
Active(file):    1685992 kB
Inactive(file):   647632 kB
Unevictable:        6152 kB
Mlocked:            5712 kB
SwapTotal:       4718584 kB
SwapFree:        4718584 kB
Dirty:               268 kB
Writeback:             0 kB
AnonPages:       3098860 kB
Mapped:          1101552 kB
Shmem:             23004 kB
KReclaimable:     473620 kB
Slab:             307348 kB
SReclaimable:      84272 kB
SUnreclaim:       223076 kB
KernelStack:       46768 kB
ShadowCallStack:   11704 kB
PageTables:        69744 kB
NFS_Unstable:          0 kB
Bounce:                0 kB
WritebackTmp:          0 kB
CommitLimit:     8677876 kB
Committed_AS:   70072208 kB
VmallocTotal:   263061440 kB
VmallocUsed:      128936 kB
VmallocChunk:          0 kB
Percpu:             2448 kB
CmaTotal:         405504 kB
CmaFree:               0 kB
MemTotal:        7918588 kB
MemFree:          150784 kB
MemAvailable:    2565628 kB
Buffers:           20480 kB
Cached:          2339264 kB
SwapCached:            0 kB
Active:          4752232 kB
Inactive:         705236 kB
Active(anon):    3066208 kB
Inactive(anon):    59168 kB
Active(file):    1686024 kB
Inactive(file):   646068 kB
Unevictable:        6152 kB
Mlocked:            5712 kB
SwapTotal:       4718584 kB
SwapFree:        4718584 kB
Dirty:               272 kB
Writeback:             0 kB
AnonPages:       3104068 kB
Mapped:          1101540 kB
Shmem:             23004 kB
KReclaimable:     472976 kB
Slab:             307376 kB
SReclaimable:      84268 kB
SUnreclaim:       223108 kB
KernelStack:       46752 kB
ShadowCallStack:   11712 kB
PageTables:        69952 kB
NFS_Unstable:          0 kB
Bounce:                0 kB
WritebackTmp:          0 kB
CommitLimit:     8677876 kB
Committed_AS:   70072208 kB
VmallocTotal:   263061440 kB
VmallocUsed:      128960 kB
VmallocChunk:          0 kB
Percpu:             2448 kB
CmaTotal:         405504 kB
CmaFree:               0 kB
MemTotal:        7918588 kB
MemFree:          150224 kB
MemAvailable:    2565064 kB
Buffers:           20480 kB
Cached:          2339264 kB
SwapCached:            0 kB
Active:          4752688 kB
Inactive:         705236 kB
Active(anon):    3066664 kB
Inactive(anon):    59168 kB
Active(file):    1686024 kB
Inactive(file):   646068 kB
Unevictable:        6152 kB
Mlocked:            5712 kB
SwapTotal:       4718584 kB
SwapFree:        4718584 kB
Dirty:               272 kB
Writeback:             0 kB
AnonPages:       3104336 kB
Mapped:          1101732 kB
Shmem:             23004 kB
KReclaimable:     472972 kB
Slab:             307412 kB
SReclaimable:      84264 kB
SUnreclaim:       223148 kB
KernelStack:       46752 kB
ShadowCallStack:   11712 kB
PageTables:        69948 kB
NFS_Unstable:          0 kB
Bounce:                0 kB
WritebackTmp:          0 kB
CommitLimit:     8677876 kB
Committed_AS:   70072208 kB
VmallocTotal:   263061440 kB
VmallocUsed:      128952 kB
VmallocChunk:          0 kB
Percpu:             2448 kB
CmaTotal:         405504 kB
CmaFree:               0 kB
MemTotal:        7918588 kB
MemFree:          153156 kB
MemAvailable:    2528276 kB
Buffers:           17028 kB
Cached:          2307044 kB
SwapCached:            0 kB
Active:          4788852 kB
Inactive:         669524 kB
Active(anon):    3102756 kB
Inactive(anon):    59156 kB
Active(file):    1686096 kB
Inactive(file):   610368 kB
Unevictable:        6152 kB
Mlocked:            5712 kB
SwapTotal:       4718584 kB
SwapFree:        4718584 kB
Dirty:               272 kB
Writeback:             0 kB
AnonPages:       3140492 kB
Mapped:          1102068 kB
Shmem:             23004 kB
KReclaimable:     468880 kB
Slab:             307284 kB
SReclaimable:      84140 kB
SUnreclaim:       223144 kB
KernelStack:       46736 kB
ShadowCallStack:   11712 kB
PageTables:        70080 kB
NFS_Unstable:          0 kB
Bounce:                0 kB
WritebackTmp:          0 kB
CommitLimit:     8677876 kB
Committed_AS:   70121360 kB
VmallocTotal:   263061440 kB
VmallocUsed:      128968 kB
VmallocChunk:          0 kB
Percpu:             2448 kB
CmaTotal:         405504 kB
CmaFree:               0 kB
MemTotal:        7918588 kB
MemFree:          150636 kB
MemAvailable:    2525444 kB
Buffers:           17036 kB
Cached:          2306896 kB
SwapCached:            0 kB
Active:          4791224 kB
Inactive:         669412 kB
Active(anon):    3105188 kB
Inactive(anon):    59168 kB
Active(file):    1686036 kB
Inactive(file):   610244 kB
Unevictable:        6152 kB
Mlocked:            5712 kB
SwapTotal:       4718584 kB
SwapFree:        4718584 kB
Dirty:               204 kB
Writeback:             0 kB
AnonPages:       3142844 kB
