MemTotal:        7918584 kB
MemFree:         3380148 kB
MemAvailable:    4477136 kB
Buffers:            4192 kB
Cached:          1277100 kB
SwapCached:        78240 kB
Active:          1142196 kB
Inactive:         739448 kB
Active(anon):     555120 kB
Inactive(anon):    69004 kB
Active(file):     587076 kB
Inactive(file):   670444 kB
Unevictable:        6544 kB
Mlocked:            6104 kB
SwapTotal:       4718584 kB
SwapFree:        2562220 kB
Dirty:             18340 kB
Writeback:            12 kB
AnonPages:        564432 kB
Mapped:           424344 kB
Shmem:             19108 kB
KReclaimable:     493464 kB
Slab:             320712 kB
SReclaimable:      91336 kB
SUnreclaim:       229376 kB
KernelStack:       46752 kB
ShadowCallStack:   11720 kB
PageTables:        65240 kB
NFS_Unstable:          0 kB
Bounce:                0 kB
WritebackTmp:          0 kB
CommitLimit:     8677876 kB
Committed_AS:   63805684 kB
VmallocTotal:   263061440 kB
VmallocUsed:      129212 kB
VmallocChunk:          0 kB
Percpu:             2520 kB
CmaTotal:         405504 kB
CmaFree:          294660 kB
MemTotal:        7918584 kB
MemFree:         3358376 kB
MemAvailable:    4879116 kB
Buffers:            4212 kB
Cached:          1297012 kB
SwapCached:        78428 kB
Active:          1162396 kB
Inactive:         740020 kB
Active(anon):     556256 kB
Inactive(anon):    68908 kB
Active(file):     606140 kB
Inactive(file):   671112 kB
Unevictable:        6544 kB
Mlocked:            6104 kB
SwapTotal:       4718584 kB
SwapFree:        2562476 kB
Dirty:             18372 kB
Writeback:             0 kB
AnonPages:        565380 kB
Mapped:           473988 kB
Shmem:             19172 kB
KReclaimable:     910312 kB
Slab:             320720 kB
SReclaimable:      91432 kB
SUnreclaim:       229288 kB
KernelStack:       47056 kB
ShadowCallStack:   11832 kB
PageTables:        65148 kB
NFS_Unstable:          0 kB
Bounce:                0 kB
WritebackTmp:          0 kB
CommitLimit:     8677876 kB
Committed_AS:   63887824 kB
VmallocTotal:   263061440 kB
VmallocUsed:      129568 kB
VmallocChunk:          0 kB
Percpu:             2520 kB
CmaTotal:         405504 kB
CmaFree:          294772 kB
MemTotal:        7918584 kB
MemFree:         3320712 kB
MemAvailable:    4629748 kB
Buffers:            4260 kB
Cached:          1302028 kB
SwapCached:        79544 kB
Active:          1197932 kB
Inactive:         739984 kB
Active(anon):     587192 kB
Inactive(anon):    68740 kB
Active(file):     610740 kB
Inactive(file):   671244 kB
Unevictable:        6544 kB
Mlocked:            6104 kB
SwapTotal:       4718584 kB
SwapFree:        2564012 kB
Dirty:             18392 kB
Writeback:             0 kB
AnonPages:        595032 kB
Mapped:           489780 kB
Shmem:             19496 kB
KReclaimable:     693876 kB
Slab:             321184 kB
SReclaimable:      91432 kB
SUnreclaim:       229752 kB
KernelStack:       47200 kB
ShadowCallStack:   11840 kB
PageTables:        65860 kB
NFS_Unstable:          0 kB
Bounce:                0 kB
WritebackTmp:          0 kB
CommitLimit:     8677876 kB
Committed_AS:   63930064 kB
VmallocTotal:   263061440 kB
VmallocUsed:      129736 kB
VmallocChunk:          0 kB
Percpu:             2520 kB
CmaTotal:         405504 kB
CmaFree:          294772 kB
MemTotal:        7918584 kB
MemFree:         3317576 kB
MemAvailable:    4625924 kB
Buffers:            4272 kB
Cached:          1302072 kB
SwapCached:        79556 kB
Active:          1201980 kB
Inactive:         740048 kB
Active(anon):     591240 kB
Inactive(anon):    68740 kB
Active(file):     610740 kB
Inactive(file):   671308 kB
Unevictable:        6544 kB
Mlocked:            6104 kB
SwapTotal:       4718584 kB
SwapFree:        2564012 kB
Dirty:             18460 kB
Writeback:             0 kB
AnonPages:        599236 kB
Mapped:           490608 kB
Shmem:             19496 kB
KReclaimable:     693124 kB
Slab:             321184 kB
SReclaimable:      91448 kB
SUnreclaim:       229736 kB
KernelStack:       47200 kB
ShadowCallStack:   11844 kB
PageTables:        65748 kB
NFS_Unstable:          0 kB
Bounce:                0 kB
WritebackTmp:          0 kB
CommitLimit:     8677876 kB
Committed_AS:   63930068 kB
VmallocTotal:   263061440 kB
VmallocUsed:      129780 kB
VmallocChunk:          0 kB
Percpu:             2520 kB
CmaTotal:         405504 kB
CmaFree:          294772 kB
MemTotal:        7918584 kB
MemFree:         3312392 kB
MemAvailable:    4623680 kB
Buffers:            4272 kB
Cached:          1304968 kB
SwapCached:        80152 kB
Active:          1210872 kB
Inactive:         739252 kB
Active(anon):     597224 kB
Inactive(anon):    67912 kB
Active(file):     613648 kB
Inactive(file):   671340 kB
Unevictable:        6544 kB
Mlocked:            6104 kB
SwapTotal:       4718584 kB
SwapFree:        2566316 kB
Dirty:             18480 kB
Writeback:             0 kB
AnonPages:        603500 kB
Mapped:           492600 kB
Shmem:             19536 kB
KReclaimable:     693124 kB
Slab:             321248 kB
SReclaimable:      91448 kB
SUnreclaim:       229800 kB
KernelStack:       47216 kB
ShadowCallStack:   11840 kB
PageTables:        66000 kB
NFS_Unstable:          0 kB
Bounce:                0 kB
WritebackTmp:          0 kB
CommitLimit:     8677876 kB
Committed_AS:   63930036 kB
VmallocTotal:   263061440 kB
VmallocUsed:      129776 kB
VmallocChunk:          0 kB
Percpu:             2520 kB
CmaTotal:         405504 kB
CmaFree:          296156 kB
MemTotal:        7918584 kB
MemFree:         3277704 kB
MemAvailable:    4487528 kB
Buffers:            4272 kB
Cached:          1305124 kB
SwapCached:        80172 kB
Active:          1247468 kB
Inactive:         738420 kB
Active(anon):     633820 kB
Inactive(anon):    67072 kB
Active(file):     613648 kB
Inactive(file):   671348 kB
Unevictable:        6544 kB
Mlocked:            6104 kB
SwapTotal:       4718584 kB
SwapFree:        2566316 kB
Dirty:             18492 kB
Writeback:             0 kB
AnonPages:        638968 kB
Mapped:           492700 kB
Shmem:             19604 kB
KReclaimable:     591652 kB
Slab:             321244 kB
SReclaimable:      91464 kB
SUnreclaim:       229780 kB
KernelStack:       47136 kB
ShadowCallStack:   11844 kB
PageTables:        65672 kB
NFS_Unstable:          0 kB
Bounce:                0 kB
WritebackTmp:          0 kB
CommitLimit:     8677876 kB
Committed_AS:   63929956 kB
VmallocTotal:   263061440 kB
VmallocUsed:      129452 kB
VmallocChunk:          0 kB
Percpu:             2520 kB
CmaTotal:         405504 kB
CmaFree:          296192 kB
MemTotal:        7918584 kB
MemFree:         3267072 kB
MemAvailable:    4468488 kB
Buffers:            4272 kB
Cached:          1305256 kB
SwapCached:        80172 kB
Active:          1256308 kB
Inactive:         738424 kB
Active(anon):     642660 kB
Inactive(anon):    67068 kB
Active(file):     613648 kB
Inactive(file):   671356 kB
Unevictable:        6544 kB
Mlocked:            6104 kB
SwapTotal:       4718584 kB
SwapFree:        2566316 kB
Dirty:             18476 kB
Writeback:             0 kB
AnonPages:        647656 kB
Mapped:           494436 kB
Shmem:             19716 kB
KReclaimable:     583236 kB
Slab:             321404 kB
SReclaimable:      91608 kB
SUnreclaim:       229796 kB
KernelStack:       47120 kB
ShadowCallStack:   11828 kB
PageTables:        65944 kB
NFS_Unstable:          0 kB
Bounce:                0 kB
WritebackTmp:          0 kB
CommitLimit:     8677876 kB
Committed_AS:   63946340 kB
VmallocTotal:   263061440 kB
VmallocUsed:      129472 kB
VmallocChunk:          0 kB
Percpu:             2520 kB
CmaTotal:         405504 kB
CmaFree:          296192 kB
MemTotal:        7918584 kB
MemFree:         3274260 kB
MemAvailable:    4605924 kB
Buffers:            4272 kB
Cached:          1305096 kB
SwapCached:        80176 kB
Active:          1249712 kB
Inactive:         738424 kB
Active(anon):     636064 kB
Inactive(anon):    67068 kB
Active(file):     613648 kB
Inactive(file):   671356 kB
Unevictable:        6544 kB
Mlocked:            6104 kB
SwapTotal:       4718584 kB
SwapFree:        2566316 kB
Dirty:             18476 kB
Writeback:             0 kB
AnonPages:        641200 kB
Mapped:           497372 kB
Shmem:             19556 kB
KReclaimable:     713484 kB
Slab:             321432 kB
SReclaimable:      91656 kB
SUnreclaim:       229776 kB
KernelStack:       47024 kB
ShadowCallStack:   11788 kB
PageTables:        65924 kB
NFS_Unstable:          0 kB
Bounce:                0 kB
WritebackTmp:          0 kB
CommitLimit:     8677876 kB
Committed_AS:   64030800 kB
VmallocTotal:   263061440 kB
VmallocUsed:      129284 kB
VmallocChunk:          0 kB
Percpu:             2520 kB
CmaTotal:         405504 kB
CmaFree:          296192 kB
MemTotal:        7918584 kB
MemFree:         3078732 kB
MemAvailable:    4343368 kB
Buffers:            4284 kB
Cached:          1305876 kB
SwapCached:        80292 kB
Active:          1442720 kB
Inactive:         738480 kB
Active(anon):     828336 kB
Inactive(anon):    67072 kB
Active(file):     614384 kB
Inactive(file):   671408 kB
Unevictable:        6544 kB
Mlocked:            6104 kB
SwapTotal:       4718584 kB
SwapFree:        2566316 kB
Dirty:             17840 kB
Writeback:             0 kB
AnonPages:        833488 kB
Mapped:           579932 kB
Shmem:             19560 kB
KReclaimable:     645668 kB
Slab:             321772 kB
SReclaimable:      91672 kB
SUnreclaim:       230100 kB
KernelStack:       47056 kB
ShadowCallStack:   11808 kB
PageTables:        66560 kB
NFS_Unstable:          0 kB
Bounce:                0 kB
WritebackTmp:          0 kB
CommitLimit:     8677876 kB
Committed_AS:   64311832 kB
VmallocTotal:   263061440 kB
VmallocUsed:      129324 kB
VmallocChunk:          0 kB
Percpu:             2520 kB
CmaTotal:         405504 kB
CmaFree:          296192 kB
MemTotal:        7918584 kB
MemFree:         3037564 kB
MemAvailable:    4268152 kB
Buffers:            4308 kB
Cached:          1319140 kB
SwapCached:        80312 kB
Active:          1483568 kB
Inactive:         738560 kB
Active(anon):     855980 kB
Inactive(anon):    67068 kB
Active(file):     627588 kB
Inactive(file):   671492 kB
Unevictable:        6544 kB
Mlocked:            6104 kB
SwapTotal:       4718584 kB
SwapFree:        2566316 kB
Dirty:             17868 kB
Writeback:             0 kB
AnonPages:        860992 kB
Mapped:           613356 kB
Shmem:             19560 kB
KReclaimable:     598332 kB
Slab:             322040 kB
SReclaimable:      91672 kB
SUnreclaim:       230368 kB
KernelStack:       47088 kB
ShadowCallStack:   11816 kB
PageTables:        66724 kB
NFS_Unstable:          0 kB
Bounce:                0 kB
WritebackTmp:          0 kB
CommitLimit:     8677876 kB
Committed_AS:   64370340 kB
VmallocTotal:   263061440 kB
VmallocUsed:      129400 kB
VmallocChunk:          0 kB
Percpu:             2520 kB
CmaTotal:         405504 kB
CmaFree:          296192 kB
MemTotal:        7918584 kB
MemFree:         2925292 kB
MemAvailable:    4153368 kB
Buffers:            4308 kB
Cached:          1319200 kB
SwapCached:        80312 kB
Active:          1595436 kB
Inactive:         738620 kB
Active(anon):     967848 kB
Inactive(anon):    67072 kB
Active(file):     627588 kB
Inactive(file):   671548 kB
Unevictable:        6544 kB
Mlocked:            6104 kB
SwapTotal:       4718584 kB
SwapFree:        2566316 kB
Dirty:             18184 kB
Writeback:             0 kB
AnonPages:        972900 kB
Mapped:           615304 kB
Shmem:             19560 kB
KReclaimable:     595764 kB
Slab:             322056 kB
SReclaimable:      91672 kB
SUnreclaim:       230384 kB
KernelStack:       47072 kB
ShadowCallStack:   11820 kB
PageTables:        67184 kB
NFS_Unstable:          0 kB
Bounce:                0 kB
WritebackTmp:          0 kB
CommitLimit:     8677876 kB
Committed_AS:   64632484 kB
VmallocTotal:   263061440 kB
VmallocUsed:      129396 kB
VmallocChunk:          0 kB
Percpu:             2520 kB
CmaTotal:         405504 kB
CmaFree:          296192 kB
MemTotal:        7918584 kB
MemFree:         2830452 kB
MemAvailable:    4057696 kB
Buffers:            4340 kB
Cached:          1319496 kB
SwapCached:        80360 kB
Active:          1691116 kB
Inactive:         738168 kB
Active(anon):    1063244 kB
Inactive(anon):    66576 kB
Active(file):     627872 kB
Inactive(file):   671592 kB
Unevictable:        6544 kB
Mlocked:            6104 kB
SwapTotal:       4718584 kB
SwapFree:        2570924 kB
Dirty:             18284 kB
Writeback:             0 kB
AnonPages:       1067684 kB
Mapped:           616172 kB
Shmem:             19564 kB
KReclaimable:     594604 kB
Slab:             322156 kB
SReclaimable:      91672 kB
SUnreclaim:       230484 kB
KernelStack:       47088 kB
ShadowCallStack:   11816 kB
PageTables:        67768 kB
NFS_Unstable:          0 kB
Bounce:                0 kB
WritebackTmp:          0 kB
CommitLimit:     8677876 kB
Committed_AS:   64878248 kB
VmallocTotal:   263061440 kB
VmallocUsed:      129400 kB
VmallocChunk:          0 kB
Percpu:             2520 kB
CmaTotal:         405504 kB
CmaFree:          296192 kB
MemTotal:        7918584 kB
MemFree:         2726276 kB
MemAvailable:    3948712 kB
Buffers:            4340 kB
Cached:          1319540 kB
SwapCached:        81216 kB
Active:          1790576 kB
Inactive:         738188 kB
Active(anon):    1162704 kB
Inactive(anon):    66528 kB
Active(file):     627872 kB
Inactive(file):   671660 kB
Unevictable:        6544 kB
Mlocked:            6104 kB
SwapTotal:       4718584 kB
SwapFree:        2572204 kB
Dirty:             18352 kB
Writeback:             0 kB
AnonPages:       1167056 kB
Mapped:           617028 kB
Shmem:             19564 kB
KReclaimable:     589728 kB
Slab:             322140 kB
SReclaimable:      91672 kB
SUnreclaim:       230468 kB
KernelStack:       47056 kB
ShadowCallStack:   11812 kB
PageTables:        68140 kB
NFS_Unstable:          0 kB
Bounce:                0 kB
WritebackTmp:          0 kB
CommitLimit:     8677876 kB
Committed_AS:   65123960 kB
VmallocTotal:   263061440 kB
VmallocUsed:      129372 kB
VmallocChunk:          0 kB
Percpu:             2520 kB
CmaTotal:         405504 kB
CmaFree:          296192 kB
MemTotal:        7918584 kB
MemFree:         2635068 kB
MemAvailable:    3856772 kB
Buffers:            4344 kB
Cached:          1319652 kB
SwapCached:        81268 kB
Active:          1881472 kB
Inactive:         738240 kB
Active(anon):    1253600 kB
Inactive(anon):    66488 kB
Active(file):     627872 kB
Inactive(file):   671752 kB
Unevictable:        6544 kB
Mlocked:            6104 kB
SwapTotal:       4718584 kB
SwapFree:        2572204 kB
Dirty:             17692 kB
Writeback:           168 kB
AnonPages:       1257876 kB
Mapped:           615008 kB
Shmem:             19564 kB
KReclaimable:     588904 kB
Slab:             322132 kB
SReclaimable:      91672 kB
SUnreclaim:       230460 kB
KernelStack:       47040 kB
ShadowCallStack:   11804 kB
PageTables:        68800 kB
NFS_Unstable:          0 kB
Bounce:                0 kB
WritebackTmp:          0 kB
CommitLimit:     8677876 kB
Committed_AS:   65353296 kB
VmallocTotal:   263061440 kB
VmallocUsed:      129340 kB
VmallocChunk:          0 kB
Percpu:             2520 kB
CmaTotal:         405504 kB
CmaFree:          296192 kB
MemTotal:        7918584 kB
MemFree:         2538044 kB
MemAvailable:    3757796 kB
Buffers:            4344 kB
Cached:          1319652 kB
SwapCached:        81340 kB
Active:          1978312 kB
Inactive:         737692 kB
Active(anon):    1350440 kB
Inactive(anon):    65940 kB
Active(file):     627872 kB
Inactive(file):   671752 kB
Unevictable:        6544 kB
Mlocked:            6104 kB
SwapTotal:       4718584 kB
SwapFree:        2572204 kB
Dirty:             17676 kB
Writeback:             0 kB
AnonPages:       1354132 kB
Mapped:           615640 kB
Shmem:             19564 kB
KReclaimable:     586952 kB
Slab:             322172 kB
SReclaimable:      91672 kB
SUnreclaim:       230500 kB
KernelStack:       47072 kB
ShadowCallStack:   11816 kB
PageTables:        69168 kB
NFS_Unstable:          0 kB
Bounce:                0 kB
WritebackTmp:          0 kB
CommitLimit:     8677876 kB
Committed_AS:   65582668 kB
VmallocTotal:   263061440 kB
VmallocUsed:      129376 kB
VmallocChunk:          0 kB
Percpu:             2520 kB
CmaTotal:         405504 kB
CmaFree:          296192 kB
MemTotal:        7918584 kB
MemFree:         2448308 kB
MemAvailable:    3666536 kB
Buffers:            4344 kB
Cached:          1319656 kB
SwapCached:        81336 kB
Active:          2068368 kB
Inactive:         737692 kB
Active(anon):    1440496 kB
Inactive(anon):    65936 kB
Active(file):     627872 kB
Inactive(file):   671756 kB
Unevictable:        6544 kB
Mlocked:            6104 kB
SwapTotal:       4718584 kB
SwapFree:        2572204 kB
Dirty:             17700 kB
Writeback:             0 kB
AnonPages:       1444148 kB
Mapped:           616568 kB
Shmem:             19564 kB
KReclaimable:     585424 kB
Slab:             322320 kB
SReclaimable:      91672 kB
SUnreclaim:       230648 kB
KernelStack:       47040 kB
ShadowCallStack:   11804 kB
PageTables:        69704 kB
NFS_Unstable:          0 kB
Bounce:                0 kB
WritebackTmp:          0 kB
CommitLimit:     8677876 kB
Committed_AS:   65812048 kB
VmallocTotal:   263061440 kB
VmallocUsed:      129360 kB
VmallocChunk:          0 kB
Percpu:             2520 kB
CmaTotal:         405504 kB
CmaFree:          296192 kB
MemTotal:        7918584 kB
MemFree:         2360396 kB
MemAvailable:    3577584 kB
Buffers:            4352 kB
Cached:          1319672 kB
SwapCached:        81340 kB
Active:          2155296 kB
Inactive:         737704 kB
Active(anon):    1527424 kB
Inactive(anon):    65932 kB
Active(file):     627872 kB
Inactive(file):   671772 kB
Unevictable:        6544 kB
Mlocked:            6104 kB
SwapTotal:       4718584 kB
SwapFree:        2572204 kB
Dirty:             17572 kB
Writeback:             0 kB
AnonPages:       1531248 kB
Mapped:           617400 kB
Shmem:             19572 kB
KReclaimable:     584368 kB
Slab:             322312 kB
SReclaimable:      91672 kB
SUnreclaim:       230640 kB
KernelStack:       47024 kB
ShadowCallStack:   11804 kB
PageTables:        69864 kB
NFS_Unstable:          0 kB
Bounce:                0 kB
WritebackTmp:          0 kB
CommitLimit:     8677876 kB
Committed_AS:   66025044 kB
VmallocTotal:   263061440 kB
VmallocUsed:      129356 kB
VmallocChunk:          0 kB
Percpu:             2520 kB
CmaTotal:         405504 kB
CmaFree:          296192 kB
MemTotal:        7918584 kB
MemFree:         2278372 kB
MemAvailable:    3494488 kB
Buffers:            4352 kB
Cached:          1319672 kB
SwapCached:        81340 kB
Active:          2236632 kB
Inactive:         737712 kB
Active(anon):    1608760 kB
Inactive(anon):    65940 kB
Active(file):     627872 kB
Inactive(file):   671772 kB
Unevictable:        6544 kB
Mlocked:            6104 kB
SwapTotal:       4718584 kB
SwapFree:        2572204 kB
Dirty:             17572 kB
Writeback:             0 kB
AnonPages:       1612476 kB
Mapped:           617992 kB
Shmem:             19572 kB
KReclaimable:     583296 kB
Slab:             322384 kB
SReclaimable:      91672 kB
SUnreclaim:       230712 kB
KernelStack:       47072 kB
ShadowCallStack:   11808 kB
PageTables:        70444 kB
NFS_Unstable:          0 kB
Bounce:                0 kB
WritebackTmp:          0 kB
CommitLimit:     8677876 kB
Committed_AS:   66238032 kB
VmallocTotal:   263061440 kB
VmallocUsed:      129356 kB
VmallocChunk:          0 kB
Percpu:             2520 kB
CmaTotal:         405504 kB
CmaFree:          296192 kB
MemTotal:        7918584 kB
MemFree:         2182460 kB
MemAvailable:    3397528 kB
Buffers:            4360 kB
Cached:          1319664 kB
SwapCached:        81340 kB
Active:          2331140 kB
Inactive:         737708 kB
Active(anon):    1703268 kB
Inactive(anon):    65936 kB
Active(file):     627872 kB
Inactive(file):   671772 kB
Unevictable:        6544 kB
Mlocked:            6104 kB
SwapTotal:       4718584 kB
SwapFree:        2572204 kB
Dirty:             17572 kB
Writeback:             0 kB
AnonPages:       1707104 kB
Mapped:           618604 kB
Shmem:             19572 kB
KReclaimable:     582248 kB
Slab:             322452 kB
SReclaimable:      91672 kB
SUnreclaim:       230780 kB
KernelStack:       47008 kB
ShadowCallStack:   11796 kB
PageTables:        71020 kB
NFS_Unstable:          0 kB
Bounce:                0 kB
WritebackTmp:          0 kB
CommitLimit:     8677876 kB
Committed_AS:   66467200 kB
VmallocTotal:   263061440 kB
VmallocUsed:      129280 kB
VmallocChunk:          0 kB
Percpu:             2520 kB
CmaTotal:         405504 kB
CmaFree:          296192 kB
MemTotal:        7918584 kB
MemFree:         2098852 kB
MemAvailable:    3312848 kB
Buffers:            4360 kB
Cached:          1319676 kB
SwapCached:        81340 kB
Active:          2415416 kB
Inactive:         737708 kB
Active(anon):    1787544 kB
Inactive(anon):    65928 kB
Active(file):     627872 kB
Inactive(file):   671780 kB
Unevictable:        6544 kB
Mlocked:            6104 kB
SwapTotal:       4718584 kB
SwapFree:        2572204 kB
Dirty:             17608 kB
Writeback:             0 kB
AnonPages:       1791348 kB
Mapped:           619200 kB
Shmem:             19576 kB
KReclaimable:     581168 kB
Slab:             322580 kB
SReclaimable:      91672 kB
SUnreclaim:       230908 kB
KernelStack:       47008 kB
ShadowCallStack:   11792 kB
PageTables:        71292 kB
NFS_Unstable:          0 kB
Bounce:                0 kB
WritebackTmp:          0 kB
CommitLimit:     8677876 kB
Committed_AS:   66663808 kB
VmallocTotal:   263061440 kB
VmallocUsed:      129276 kB
VmallocChunk:          0 kB
Percpu:             2520 kB
CmaTotal:         405504 kB
CmaFree:          296192 kB
MemTotal:        7918584 kB
MemFree:         2011856 kB
MemAvailable:    3224276 kB
Buffers:            4360 kB
Cached:          1319680 kB
SwapCached:        81344 kB
Active:          2501836 kB
Inactive:         737724 kB
Active(anon):    1873964 kB
Inactive(anon):    65944 kB
Active(file):     627872 kB
Inactive(file):   671780 kB
Unevictable:        6544 kB
Mlocked:            6104 kB
SwapTotal:       4718584 kB
SwapFree:        2572204 kB
Dirty:             17608 kB
Writeback:             0 kB
AnonPages:       1877600 kB
Mapped:           620580 kB
Shmem:             19580 kB
KReclaimable:     579592 kB
Slab:             322584 kB
SReclaimable:      91672 kB
SUnreclaim:       230912 kB
KernelStack:       46992 kB
ShadowCallStack:   11792 kB
PageTables:        71752 kB
NFS_Unstable:          0 kB
Bounce:                0 kB
WritebackTmp:          0 kB
CommitLimit:     8677876 kB
Committed_AS:   66893184 kB
VmallocTotal:   263061440 kB
VmallocUsed:      129280 kB
VmallocChunk:          0 kB
Percpu:             2520 kB
CmaTotal:         405504 kB
CmaFree:          296192 kB
MemTotal:        7918584 kB
MemFree:         1933728 kB
MemAvailable:    3145520 kB
Buffers:            4384 kB
Cached:          1319692 kB
SwapCached:        81344 kB
Active:          2579976 kB
Inactive:         737744 kB
Active(anon):    1952104 kB
Inactive(anon):    65928 kB
Active(file):     627872 kB
Inactive(file):   671816 kB
Unevictable:        6544 kB
Mlocked:            6104 kB
SwapTotal:       4718584 kB
SwapFree:        2572204 kB
Dirty:             17648 kB
Writeback:             0 kB
AnonPages:       1955892 kB
Mapped:           620980 kB
Shmem:             19580 kB
KReclaimable:     578928 kB
Slab:             322724 kB
SReclaimable:      91672 kB
SUnreclaim:       231052 kB
KernelStack:       47024 kB
ShadowCallStack:   11792 kB
PageTables:        72204 kB
NFS_Unstable:          0 kB
Bounce:                0 kB
WritebackTmp:          0 kB
CommitLimit:     8677876 kB
Committed_AS:   67089792 kB
VmallocTotal:   263061440 kB
VmallocUsed:      129280 kB
VmallocChunk:          0 kB
Percpu:             2520 kB
CmaTotal:         405504 kB
CmaFree:          296192 kB
MemTotal:        7918584 kB
MemFree:         1863592 kB
MemAvailable:    3074480 kB
Buffers:            4384 kB
Cached:          1319692 kB
SwapCached:        81344 kB
Active:          2649180 kB
Inactive:         737756 kB
Active(anon):    2021308 kB
Inactive(anon):    65940 kB
Active(file):     627872 kB
Inactive(file):   671816 kB
Unevictable:        6544 kB
Mlocked:            6104 kB
SwapTotal:       4718584 kB
SwapFree:        2572204 kB
Dirty:             17648 kB
Writeback:             0 kB
AnonPages:       2024824 kB
Mapped:           621376 kB
Shmem:             19580 kB
KReclaimable:     578024 kB
Slab:             322628 kB
SReclaimable:      91672 kB
SUnreclaim:       230956 kB
KernelStack:       46960 kB
ShadowCallStack:   11792 kB
PageTables:        72420 kB
NFS_Unstable:          0 kB
Bounce:                0 kB
WritebackTmp:          0 kB
CommitLimit:     8677876 kB
Committed_AS:   67242324 kB
VmallocTotal:   263061440 kB
VmallocUsed:      129240 kB
VmallocChunk:          0 kB
Percpu:             2520 kB
CmaTotal:         405504 kB
CmaFree:          296192 kB
MemTotal:        7918584 kB
MemFree:         1780928 kB
MemAvailable:    2993780 kB
Buffers:            4384 kB
Cached:          1322816 kB
SwapCached:        81848 kB
Active:          2729520 kB
Inactive:         740892 kB
Active(anon):    2101648 kB
Inactive(anon):    65936 kB
Active(file):     627872 kB
Inactive(file):   674956 kB
Unevictable:        6544 kB
Mlocked:            6104 kB
SwapTotal:       4718584 kB
SwapFree:        2572204 kB
Dirty:             17648 kB
Writeback:             0 kB
AnonPages:       2105132 kB
Mapped:           622068 kB
Shmem:             19596 kB
KReclaimable:     576848 kB
Slab:             322744 kB
SReclaimable:      91672 kB
SUnreclaim:       231072 kB
KernelStack:       46976 kB
ShadowCallStack:   11784 kB
PageTables:        72696 kB
NFS_Unstable:          0 kB
Bounce:                0 kB
WritebackTmp:          0 kB
CommitLimit:     8677876 kB
Committed_AS:   67422452 kB
VmallocTotal:   263061440 kB
VmallocUsed:      129200 kB
VmallocChunk:          0 kB
Percpu:             2520 kB
CmaTotal:         405504 kB
CmaFree:          296192 kB
MemTotal:        7918584 kB
MemFree:         1709604 kB
MemAvailable:    2921820 kB
Buffers:            4384 kB
Cached:          1322944 kB
SwapCached:        81848 kB
Active:          2798776 kB
Inactive:         740988 kB
Active(anon):    2170904 kB
Inactive(anon):    65940 kB
Active(file):     627872 kB
Inactive(file):   675048 kB
Unevictable:        6544 kB
Mlocked:            6104 kB
SwapTotal:       4718584 kB
SwapFree:        2572204 kB
Dirty:             17648 kB
Writeback:             0 kB
AnonPages:       2174336 kB
Mapped:           622740 kB
Shmem:             19596 kB
KReclaimable:     576120 kB
Slab:             322656 kB
SReclaimable:      91672 kB
SUnreclaim:       230984 kB
KernelStack:       46912 kB
ShadowCallStack:   11768 kB
PageTables:        72928 kB
NFS_Unstable:          0 kB
Bounce:                0 kB
WritebackTmp:          0 kB
CommitLimit:     8677876 kB
Committed_AS:   67569904 kB
VmallocTotal:   263061440 kB
VmallocUsed:      129200 kB
VmallocChunk:          0 kB
Percpu:             2520 kB
CmaTotal:         405504 kB
CmaFree:          296192 kB
MemTotal:        7918584 kB
MemFree:         1636480 kB
MemAvailable:    2847616 kB
Buffers:            4384 kB
Cached:          1322972 kB
SwapCached:        81844 kB
Active:          2872684 kB
Inactive:         741020 kB
Active(anon):    2244812 kB
Inactive(anon):    65940 kB
Active(file):     627872 kB
Inactive(file):   675080 kB
Unevictable:        6544 kB
Mlocked:            6104 kB
SwapTotal:       4718584 kB
SwapFree:        2572204 kB
Dirty:             17680 kB
Writeback:             0 kB
AnonPages:       2248292 kB
Mapped:           623424 kB
Shmem:             19596 kB
KReclaimable:     575008 kB
Slab:             322792 kB
SReclaimable:      91672 kB
SUnreclaim:       231120 kB
KernelStack:       46944 kB
ShadowCallStack:   11784 kB
PageTables:        73456 kB
NFS_Unstable:          0 kB
Bounce:                0 kB
WritebackTmp:          0 kB
CommitLimit:     8677876 kB
Committed_AS:   67766512 kB
VmallocTotal:   263061440 kB
VmallocUsed:      129208 kB
VmallocChunk:          0 kB
Percpu:             2520 kB
CmaTotal:         405504 kB
CmaFree:          296192 kB
MemTotal:        7918584 kB
MemFree:         1538248 kB
MemAvailable:    2665656 kB
Buffers:            4392 kB
Cached:          1327468 kB
SwapCached:        82340 kB
Active:          2971536 kB
Inactive:         741056 kB
Active(anon):    2339216 kB
Inactive(anon):    65936 kB
Active(file):     632320 kB
Inactive(file):   675120 kB
Unevictable:        6544 kB
Mlocked:            6104 kB
SwapTotal:       4718584 kB
SwapFree:        2572972 kB
Dirty:             17720 kB
Writeback:             0 kB
AnonPages:       2342340 kB
Mapped:           626244 kB
Shmem:             19612 kB
KReclaimable:     454460 kB
Slab:             322844 kB
SReclaimable:      91672 kB
SUnreclaim:       231172 kB
KernelStack:       47056 kB
ShadowCallStack:   11800 kB
PageTables:        73796 kB
NFS_Unstable:          0 kB
Bounce:                0 kB
WritebackTmp:          0 kB
CommitLimit:     8677876 kB
Committed_AS:   67915388 kB
VmallocTotal:   263061440 kB
VmallocUsed:      129380 kB
VmallocChunk:          0 kB
Percpu:             2520 kB
CmaTotal:         405504 kB
CmaFree:          253324 kB
MemTotal:        7918584 kB
MemFree:         1464388 kB
MemAvailable:    2586300 kB
Buffers:            4400 kB
Cached:          1327596 kB
SwapCached:        82340 kB
Active:          3044332 kB
Inactive:         741060 kB
Active(anon):    2412012 kB
Inactive(anon):    65928 kB
Active(file):     632320 kB
Inactive(file):   675132 kB
Unevictable:        6544 kB
Mlocked:            6104 kB
SwapTotal:       4718584 kB
SwapFree:        2572972 kB
Dirty:             17720 kB
Writeback:             0 kB
AnonPages:       2414952 kB
Mapped:           627044 kB
Shmem:             19736 kB
KReclaimable:     443448 kB
Slab:             322944 kB
SReclaimable:      91672 kB
SUnreclaim:       231272 kB
KernelStack:       47040 kB
ShadowCallStack:   11808 kB
PageTables:        74176 kB
NFS_Unstable:          0 kB
Bounce:                0 kB
WritebackTmp:          0 kB
CommitLimit:     8677876 kB
Committed_AS:   68062844 kB
VmallocTotal:   263061440 kB
VmallocUsed:      129372 kB
VmallocChunk:          0 kB
Percpu:             2520 kB
CmaTotal:         405504 kB
CmaFree:          178928 kB
MemTotal:        7918584 kB
MemFree:         1427288 kB
MemAvailable:    2640528 kB
Buffers:            4404 kB
Cached:          1327464 kB
SwapCached:        82352 kB
Active:          3081120 kB
Inactive:         741056 kB
Active(anon):    2448800 kB
Inactive(anon):    65916 kB
Active(file):     632320 kB
Inactive(file):   675140 kB
Unevictable:        6544 kB
Mlocked:            6104 kB
SwapTotal:       4718584 kB
SwapFree:        2572972 kB
Dirty:               104 kB
Writeback:             0 kB
AnonPages:       2451704 kB
Mapped:           627012 kB
Shmem:             19600 kB
KReclaimable:     572604 kB
Slab:             323012 kB
SReclaimable:      91672 kB
SUnreclaim:       231340 kB
KernelStack:       46944 kB
ShadowCallStack:   11784 kB
PageTables:        74280 kB
NFS_Unstable:          0 kB
Bounce:                0 kB
WritebackTmp:          0 kB
CommitLimit:     8677876 kB
Committed_AS:   68226288 kB
VmallocTotal:   263061440 kB
VmallocUsed:      129192 kB
VmallocChunk:          0 kB
Percpu:             2520 kB
CmaTotal:         405504 kB
CmaFree:          141212 kB
MemTotal:        7918584 kB
MemFree:         1376860 kB
MemAvailable:    2589524 kB
Buffers:            4404 kB
Cached:          1327468 kB
SwapCached:        82352 kB
Active:          3132080 kB
Inactive:         741064 kB
Active(anon):    2499760 kB
Inactive(anon):    65920 kB
Active(file):     632320 kB
Inactive(file):   675144 kB
Unevictable:        6544 kB
Mlocked:            6104 kB
SwapTotal:       4718584 kB
SwapFree:        2572972 kB
Dirty:               104 kB
Writeback:             0 kB
AnonPages:       2502808 kB
Mapped:           627564 kB
Shmem:             19600 kB
KReclaimable:     572024 kB
Slab:             323036 kB
SReclaimable:      91672 kB
SUnreclaim:       231364 kB
KernelStack:       46912 kB
ShadowCallStack:   11768 kB
PageTables:        74592 kB
NFS_Unstable:          0 kB
Bounce:                0 kB
WritebackTmp:          0 kB
CommitLimit:     8677876 kB
Committed_AS:   68338400 kB
VmallocTotal:   263061440 kB
VmallocUsed:      129200 kB
VmallocChunk:          0 kB
Percpu:             2520 kB
CmaTotal:         405504 kB
CmaFree:           91176 kB
MemTotal:        7918584 kB
MemFree:         1301228 kB
MemAvailable:    2513072 kB
Buffers:            4404 kB
Cached:          1327472 kB
SwapCached:        82352 kB
Active:          3206144 kB
Inactive:         741072 kB
Active(anon):    2573824 kB
Inactive(anon):    65924 kB
Active(file):     632320 kB
Inactive(file):   675148 kB
Unevictable:        6544 kB
Mlocked:            6104 kB
SwapTotal:       4718584 kB
SwapFree:        2572972 kB
Dirty:               112 kB
Writeback:             0 kB
AnonPages:       2576868 kB
Mapped:           628056 kB
Shmem:             19600 kB
KReclaimable:     571200 kB
Slab:             323032 kB
SReclaimable:      91672 kB
SUnreclaim:       231360 kB
KernelStack:       46912 kB
ShadowCallStack:   11760 kB
PageTables:        74996 kB
NFS_Unstable:          0 kB
Bounce:                0 kB
WritebackTmp:          0 kB
CommitLimit:     8677876 kB
Committed_AS:   68518624 kB
VmallocTotal:   263061440 kB
VmallocUsed:      129184 kB
VmallocChunk:          0 kB
Percpu:             2520 kB
CmaTotal:         405504 kB
CmaFree:           16592 kB
MemTotal:        7918584 kB
MemFree:         1231432 kB
MemAvailable:    2442028 kB
Buffers:            4428 kB
Cached:          1327484 kB
SwapCached:        82352 kB
Active:          3276864 kB
Inactive:         741104 kB
Active(anon):    2644544 kB
Inactive(anon):    65924 kB
Active(file):     632320 kB
Inactive(file):   675180 kB
Unevictable:        6544 kB
Mlocked:            6104 kB
SwapTotal:       4718584 kB
SwapFree:        2572972 kB
Dirty:               224 kB
Writeback:             0 kB
AnonPages:       2647560 kB
Mapped:           628740 kB
Shmem:             19604 kB
KReclaimable:     569920 kB
Slab:             323120 kB
SReclaimable:      91672 kB
SUnreclaim:       231448 kB
KernelStack:       46944 kB
ShadowCallStack:   11776 kB
PageTables:        75276 kB
NFS_Unstable:          0 kB
Bounce:                0 kB
WritebackTmp:          0 kB
CommitLimit:     8677876 kB
Committed_AS:   68682468 kB
VmallocTotal:   263061440 kB
VmallocUsed:      129192 kB
VmallocChunk:          0 kB
Percpu:             2520 kB
CmaTotal:         405504 kB
CmaFree:               0 kB
MemTotal:        7918584 kB
MemFree:         1173852 kB
MemAvailable:    2384024 kB
Buffers:            4428 kB
Cached:          1327488 kB
SwapCached:        82352 kB
Active:          3333924 kB
Inactive:         741092 kB
Active(anon):    2701604 kB
Inactive(anon):    65912 kB
Active(file):     632320 kB
Inactive(file):   675180 kB
Unevictable:        6544 kB
Mlocked:            6104 kB
SwapTotal:       4718584 kB
SwapFree:        2572972 kB
Dirty:               224 kB
Writeback:             0 kB
AnonPages:       2704736 kB
Mapped:           629036 kB
Shmem:             19608 kB
KReclaimable:     569496 kB
Slab:             323164 kB
SReclaimable:      91672 kB
SUnreclaim:       231492 kB
KernelStack:       46944 kB
ShadowCallStack:   11768 kB
PageTables:        75512 kB
NFS_Unstable:          0 kB
Bounce:                0 kB
WritebackTmp:          0 kB
CommitLimit:     8677876 kB
Committed_AS:   68813544 kB
VmallocTotal:   263061440 kB
VmallocUsed:      129200 kB
VmallocChunk:          0 kB
Percpu:             2520 kB
CmaTotal:         405504 kB
CmaFree:               0 kB
MemTotal:        7918584 kB
MemFree:         1111296 kB
MemAvailable:    2320628 kB
Buffers:            4428 kB
Cached:          1327488 kB
SwapCached:        82352 kB
Active:          3395836 kB
Inactive:         741104 kB
Active(anon):    2763516 kB
Inactive(anon):    65924 kB
Active(file):     632320 kB
Inactive(file):   675180 kB
Unevictable:        6544 kB
Mlocked:            6104 kB
SwapTotal:       4718584 kB
SwapFree:        2572972 kB
Dirty:               132 kB
Writeback:             0 kB
AnonPages:       2766624 kB
Mapped:           629468 kB
Shmem:             19608 kB
KReclaimable:     568656 kB
Slab:             323248 kB
SReclaimable:      91672 kB
SUnreclaim:       231576 kB
KernelStack:       46944 kB
ShadowCallStack:   11776 kB
PageTables:        75800 kB
NFS_Unstable:          0 kB
Bounce:                0 kB
WritebackTmp:          0 kB
CommitLimit:     8677876 kB
Committed_AS:   68976888 kB
VmallocTotal:   263061440 kB
VmallocUsed:      129232 kB
VmallocChunk:          0 kB
Percpu:             2520 kB
CmaTotal:         405504 kB
CmaFree:               0 kB
MemTotal:        7918584 kB
MemFree:         1059780 kB
MemAvailable:    2268384 kB
Buffers:            4428 kB
Cached:          1327488 kB
SwapCached:        82352 kB
Active:          3448732 kB
Inactive:         741096 kB
Active(anon):    2816412 kB
Inactive(anon):    65916 kB
Active(file):     632320 kB
Inactive(file):   675180 kB
Unevictable:        6544 kB
Mlocked:            6104 kB
SwapTotal:       4718584 kB
SwapFree:        2572972 kB
Dirty:               132 kB
Writeback:             0 kB
AnonPages:       2819404 kB
Mapped:           630032 kB
Shmem:             19608 kB
KReclaimable:     567928 kB
Slab:             323236 kB
SReclaimable:      91656 kB
SUnreclaim:       231580 kB
KernelStack:       46944 kB
ShadowCallStack:   11768 kB
PageTables:        76020 kB
NFS_Unstable:          0 kB
Bounce:                0 kB
WritebackTmp:          0 kB
CommitLimit:     8677876 kB
Committed_AS:   69107956 kB
VmallocTotal:   263061440 kB
VmallocUsed:      129196 kB
VmallocChunk:          0 kB
Percpu:             2520 kB
CmaTotal:         405504 kB
CmaFree:               0 kB
MemTotal:        7918584 kB
MemFree:         1010944 kB
MemAvailable:    2218908 kB
Buffers:            4432 kB
Cached:          1327548 kB
SwapCached:        82352 kB
Active:          3496840 kB
Inactive:         741168 kB
Active(anon):    2864520 kB
Inactive(anon):    65924 kB
Active(file):     632320 kB
Inactive(file):   675244 kB
Unevictable:        6544 kB
Mlocked:            6104 kB
SwapTotal:       4718584 kB
SwapFree:        2572972 kB
Dirty:               144 kB
Writeback:             0 kB
AnonPages:       2867376 kB
Mapped:           630516 kB
Shmem:             19608 kB
KReclaimable:     567224 kB
Slab:             323240 kB
SReclaimable:      91656 kB
SUnreclaim:       231584 kB
KernelStack:       46944 kB
ShadowCallStack:   11776 kB
PageTables:        76276 kB
NFS_Unstable:          0 kB
Bounce:                0 kB
WritebackTmp:          0 kB
CommitLimit:     8677876 kB
Committed_AS:   69206260 kB
VmallocTotal:   263061440 kB
VmallocUsed:      129196 kB
VmallocChunk:          0 kB
Percpu:             2520 kB
CmaTotal:         405504 kB
CmaFree:               0 kB
MemTotal:        7918584 kB
MemFree:          959036 kB
MemAvailable:    2166224 kB
Buffers:            4432 kB
Cached:          1327548 kB
SwapCached:        82352 kB
Active:          3549460 kB
Inactive:         741160 kB
Active(anon):    2917140 kB
Inactive(anon):    65916 kB
Active(file):     632320 kB
Inactive(file):   675244 kB
Unevictable:        6544 kB
Mlocked:            6104 kB
SwapTotal:       4718584 kB
SwapFree:        2572972 kB
Dirty:               192 kB
Writeback:             0 kB
AnonPages:       2920488 kB
Mapped:           631032 kB
Shmem:             19608 kB
KReclaimable:     566448 kB
Slab:             323196 kB
SReclaimable:      91656 kB
SUnreclaim:       231540 kB
KernelStack:       46912 kB
ShadowCallStack:   11764 kB
PageTables:        76432 kB
NFS_Unstable:          0 kB
Bounce:                0 kB
WritebackTmp:          0 kB
CommitLimit:     8677876 kB
Committed_AS:   69320948 kB
VmallocTotal:   263061440 kB
VmallocUsed:      129196 kB
VmallocChunk:          0 kB
Percpu:             2520 kB
CmaTotal:         405504 kB
CmaFree:               0 kB
MemTotal:        7918584 kB
MemFree:          900436 kB
MemAvailable:    2106880 kB
Buffers:            4440 kB
Cached:          1327548 kB
SwapCached:        82352 kB
Active:          3607064 kB
Inactive:         741176 kB
Active(anon):    2974744 kB
Inactive(anon):    65924 kB
Active(file):     632320 kB
Inactive(file):   675252 kB
Unevictable:        6544 kB
Mlocked:            6104 kB
SwapTotal:       4718584 kB
SwapFree:        2572972 kB
Dirty:               212 kB
Writeback:             0 kB
AnonPages:       2977840 kB
Mapped:           631484 kB
Shmem:             19608 kB
KReclaimable:     565696 kB
Slab:             323200 kB
SReclaimable:      91656 kB
SUnreclaim:       231544 kB
KernelStack:       46928 kB
ShadowCallStack:   11768 kB
PageTables:        76692 kB
NFS_Unstable:          0 kB
Bounce:                0 kB
WritebackTmp:          0 kB
CommitLimit:     8677876 kB
Committed_AS:   69452104 kB
VmallocTotal:   263061440 kB
VmallocUsed:      129192 kB
VmallocChunk:          0 kB
Percpu:             2520 kB
CmaTotal:         405504 kB
CmaFree:               0 kB
MemTotal:        7918584 kB
MemFree:          863160 kB
MemAvailable:    2069132 kB
Buffers:            4440 kB
Cached:          1327548 kB
SwapCached:        82352 kB
Active:          3644360 kB
Inactive:         741164 kB
Active(anon):    3012040 kB
Inactive(anon):    65912 kB
Active(file):     632320 kB
Inactive(file):   675252 kB
Unevictable:        6544 kB
Mlocked:            6104 kB
SwapTotal:       4718584 kB
SwapFree:        2572972 kB
Dirty:               212 kB
Writeback:             0 kB
AnonPages:       3014944 kB
Mapped:           631820 kB
Shmem:             19608 kB
KReclaimable:     565224 kB
Slab:             323300 kB
SReclaimable:      91656 kB
SUnreclaim:       231644 kB
KernelStack:       46944 kB
ShadowCallStack:   11764 kB
PageTables:        76932 kB
NFS_Unstable:          0 kB
Bounce:                0 kB
WritebackTmp:          0 kB
CommitLimit:     8677876 kB
Committed_AS:   69534024 kB
VmallocTotal:   263061440 kB
VmallocUsed:      129200 kB
VmallocChunk:          0 kB
Percpu:             2520 kB
CmaTotal:         405504 kB
CmaFree:               0 kB
MemTotal:        7918584 kB
MemFree:          808748 kB
MemAvailable:    2014096 kB
Buffers:            4448 kB
Cached:          1327548 kB
SwapCached:        82352 kB
Active:          3697860 kB
Inactive:         741180 kB
Active(anon):    3065540 kB
Inactive(anon):    65920 kB
Active(file):     632320 kB
Inactive(file):   675260 kB
Unevictable:        6544 kB
Mlocked:            6104 kB
SwapTotal:       4718584 kB
SwapFree:        2572972 kB
Dirty:               280 kB
Writeback:             0 kB
AnonPages:       3068784 kB
Mapped:           632088 kB
Shmem:             19608 kB
KReclaimable:     564592 kB
Slab:             323292 kB
SReclaimable:      91656 kB
SUnreclaim:       231636 kB
KernelStack:       46912 kB
ShadowCallStack:   11776 kB
PageTables:        77308 kB
NFS_Unstable:          0 kB
Bounce:                0 kB
WritebackTmp:          0 kB
CommitLimit:     8677876 kB
Committed_AS:   69648712 kB
VmallocTotal:   263061440 kB
VmallocUsed:      129228 kB
VmallocChunk:          0 kB
Percpu:             2520 kB
CmaTotal:         405504 kB
CmaFree:               0 kB
MemTotal:        7918584 kB
MemFree:          753148 kB
MemAvailable:    1957960 kB
Buffers:            4448 kB
Cached:          1327548 kB
SwapCached:        82352 kB
Active:          3752908 kB
Inactive:         741184 kB
Active(anon):    3120588 kB
Inactive(anon):    65924 kB
Active(file):     632320 kB
Inactive(file):   675260 kB
Unevictable:        6544 kB
Mlocked:            6104 kB
SwapTotal:       4718584 kB
SwapFree:        2572972 kB
Dirty:               280 kB
Writeback:             0 kB
AnonPages:       3123636 kB
Mapped:           632720 kB
Shmem:             19608 kB
KReclaimable:     564056 kB
Slab:             323248 kB
SReclaimable:      91656 kB
SUnreclaim:       231592 kB
KernelStack:       46928 kB
ShadowCallStack:   11768 kB
PageTables:        77356 kB
NFS_Unstable:          0 kB
Bounce:                0 kB
WritebackTmp:          0 kB
CommitLimit:     8677876 kB
Committed_AS:   69763400 kB
VmallocTotal:   263061440 kB
VmallocUsed:      129200 kB
VmallocChunk:          0 kB
Percpu:             2520 kB
CmaTotal:         405504 kB
CmaFree:               0 kB
MemTotal:        7918584 kB
MemFree:          702752 kB
MemAvailable:    1908452 kB
Buffers:            4472 kB
Cached:          1329344 kB
SwapCached:        82352 kB
Active:          3802904 kB
Inactive:         741132 kB
Active(anon):    3168808 kB
Inactive(anon):    65836 kB
Active(file):     634096 kB
Inactive(file):   675296 kB
Unevictable:        6544 kB
Mlocked:            6104 kB
SwapTotal:       4718584 kB
SwapFree:        2572972 kB
Dirty:               352 kB
Writeback:             0 kB
AnonPages:       3171776 kB
Mapped:           633244 kB
Shmem:             19616 kB
KReclaimable:     563132 kB
Slab:             323428 kB
SReclaimable:      91660 kB
SUnreclaim:       231768 kB
KernelStack:       46896 kB
ShadowCallStack:   11772 kB
PageTables:        77700 kB
NFS_Unstable:          0 kB
Bounce:                0 kB
WritebackTmp:          0 kB
CommitLimit:     8677876 kB
Committed_AS:   69878092 kB
VmallocTotal:   263061440 kB
VmallocUsed:      129164 kB
VmallocChunk:          0 kB
Percpu:             2520 kB
CmaTotal:         405504 kB
CmaFree:               0 kB
MemTotal:        7918584 kB
MemFree:          640660 kB
MemAvailable:    1845924 kB
Buffers:            4472 kB
Cached:          1329460 kB
SwapCached:        82352 kB
Active:          3865108 kB
Inactive:         741128 kB
Active(anon):    3230900 kB
Inactive(anon):    65828 kB
Active(file):     634208 kB
Inactive(file):   675300 kB
Unevictable:        6544 kB
Mlocked:            6104 kB
SwapTotal:       4718584 kB
SwapFree:        2572972 kB
Dirty:               352 kB
Writeback:             0 kB
AnonPages:       3234000 kB
Mapped:           633552 kB
Shmem:             19616 kB
KReclaimable:     562580 kB
Slab:             323480 kB
SReclaimable:      91660 kB
SUnreclaim:       231820 kB
KernelStack:       46928 kB
ShadowCallStack:   11768 kB
PageTables:        77912 kB
NFS_Unstable:          0 kB
Bounce:                0 kB
WritebackTmp:          0 kB
CommitLimit:     8677876 kB
Committed_AS:   70025548 kB
VmallocTotal:   263061440 kB
VmallocUsed:      129216 kB
VmallocChunk:          0 kB
Percpu:             2520 kB
CmaTotal:         405504 kB
CmaFree:               0 kB
MemTotal:        7918584 kB
MemFree:          607796 kB
MemAvailable:    1812364 kB
Buffers:            4472 kB
Cached:          1329460 kB
SwapCached:        82352 kB
Active:          3898000 kB
Inactive:         741132 kB
Active(anon):    3263792 kB
Inactive(anon):    65832 kB
Active(file):     634208 kB
Inactive(file):   675300 kB
Unevictable:        6544 kB
Mlocked:            6104 kB
SwapTotal:       4718584 kB
SwapFree:        2572972 kB
Dirty:               352 kB
Writeback:             0 kB
AnonPages:       3266780 kB
Mapped:           634060 kB
Shmem:             19616 kB
KReclaimable:     561884 kB
Slab:             323492 kB
SReclaimable:      91660 kB
SUnreclaim:       231832 kB
KernelStack:       46912 kB
ShadowCallStack:   11776 kB
PageTables:        78196 kB
NFS_Unstable:          0 kB
Bounce:                0 kB
WritebackTmp:          0 kB
CommitLimit:     8677876 kB
Committed_AS:   70091088 kB
VmallocTotal:   263061440 kB
VmallocUsed:      129200 kB
VmallocChunk:          0 kB
Percpu:             2520 kB
CmaTotal:         405504 kB
CmaFree:               4 kB
MemTotal:        7918584 kB
MemFree:          540468 kB
MemAvailable:    1744108 kB
Buffers:            4472 kB
Cached:          1329460 kB
SwapCached:        82352 kB
Active:          3964684 kB
Inactive:         741136 kB
Active(anon):    3330476 kB
Inactive(anon):    65836 kB
Active(file):     634208 kB
Inactive(file):   675300 kB
Unevictable:        6544 kB
Mlocked:            6104 kB
SwapTotal:       4718584 kB
SwapFree:        2572972 kB
Dirty:               352 kB
Writeback:             0 kB
AnonPages:       3333560 kB
Mapped:           634468 kB
Shmem:             19616 kB
KReclaimable:     560956 kB
Slab:             323488 kB
SReclaimable:      91660 kB
SUnreclaim:       231828 kB
KernelStack:       46928 kB
ShadowCallStack:   11768 kB
PageTables:        78340 kB
NFS_Unstable:          0 kB
Bounce:                0 kB
WritebackTmp:          0 kB
CommitLimit:     8677876 kB
Committed_AS:   70238500 kB
VmallocTotal:   263061440 kB
VmallocUsed:      129196 kB
VmallocChunk:          0 kB
Percpu:             2520 kB
CmaTotal:         405504 kB
CmaFree:               0 kB
MemTotal:        7918584 kB
MemFree:          483848 kB
MemAvailable:    1686820 kB
Buffers:            4472 kB
Cached:          1329472 kB
SwapCached:        82352 kB
Active:          4020660 kB
Inactive:         741148 kB
Active(anon):    3386452 kB
Inactive(anon):    65836 kB
Active(file):     634208 kB
Inactive(file):   675312 kB
Unevictable:        6544 kB
Mlocked:            6104 kB
SwapTotal:       4718584 kB
SwapFree:        2572972 kB
Dirty:               364 kB
Writeback:             0 kB
AnonPages:       3389368 kB
Mapped:           635016 kB
Shmem:             19616 kB
KReclaimable:     560276 kB
Slab:             323532 kB
SReclaimable:      91660 kB
SUnreclaim:       231872 kB
KernelStack:       46896 kB
ShadowCallStack:   11772 kB
PageTables:        78632 kB
NFS_Unstable:          0 kB
Bounce:                0 kB
WritebackTmp:          0 kB
CommitLimit:     8677876 kB
Committed_AS:   70369572 kB
VmallocTotal:   263061440 kB
VmallocUsed:      129184 kB
VmallocChunk:          0 kB
Percpu:             2520 kB
CmaTotal:         405504 kB
CmaFree:               0 kB
MemTotal:        7918584 kB
MemFree:          452796 kB
MemAvailable:    1655520 kB
Buffers:            4472 kB
Cached:          1329472 kB
SwapCached:        82352 kB
Active:          4051516 kB
Inactive:         741144 kB
Active(anon):    3417308 kB
Inactive(anon):    65832 kB
Active(file):     634208 kB
Inactive(file):   675312 kB
Unevictable:        6544 kB
Mlocked:            6104 kB
SwapTotal:       4718584 kB
SwapFree:        2572972 kB
Dirty:               368 kB
Writeback:             0 kB
AnonPages:       3420440 kB
Mapped:           635156 kB
Shmem:             19616 kB
KReclaimable:     560028 kB
Slab:             323584 kB
SReclaimable:      91660 kB
SUnreclaim:       231924 kB
KernelStack:       46944 kB
ShadowCallStack:   11764 kB
PageTables:        78716 kB
NFS_Unstable:          0 kB
Bounce:                0 kB
WritebackTmp:          0 kB
CommitLimit:     8677876 kB
Committed_AS:   70435112 kB
VmallocTotal:   263061440 kB
VmallocUsed:      129160 kB
VmallocChunk:          0 kB
Percpu:             2520 kB
CmaTotal:         405504 kB
CmaFree:               0 kB
MemTotal:        7918584 kB
MemFree:          384468 kB
MemAvailable:    1586384 kB
Buffers:            4480 kB
Cached:          1329472 kB
SwapCached:        82352 kB
Active:          4120152 kB
Inactive:         741156 kB
Active(anon):    3485944 kB
Inactive(anon):    65836 kB
Active(file):     634208 kB
Inactive(file):   675320 kB
Unevictable:        6544 kB
Mlocked:            6104 kB
SwapTotal:       4718584 kB
SwapFree:        2572972 kB
Dirty:               292 kB
Writeback:             0 kB
AnonPages:       3488904 kB
Mapped:           635624 kB
Shmem:             19616 kB
KReclaimable:     559212 kB
Slab:             323608 kB
SReclaimable:      91660 kB
SUnreclaim:       231948 kB
KernelStack:       46928 kB
ShadowCallStack:   11772 kB
PageTables:        79036 kB
NFS_Unstable:          0 kB
Bounce:                0 kB
WritebackTmp:          0 kB
CommitLimit:     8677876 kB
Committed_AS:   70582564 kB
VmallocTotal:   263061440 kB
VmallocUsed:      129160 kB
VmallocChunk:          0 kB
Percpu:             2520 kB
CmaTotal:         405504 kB
CmaFree:               0 kB
MemTotal:        7918584 kB
MemFree:          306332 kB
MemAvailable:    1655796 kB
Buffers:            4480 kB
Cached:          1323824 kB
SwapCached:        82352 kB
Active:          4209244 kB
Inactive:         731268 kB
Active(anon):    3570824 kB
Inactive(anon):    65836 kB
Active(file):     638420 kB
Inactive(file):   665432 kB
Unevictable:        6544 kB
Mlocked:            6104 kB
SwapTotal:       4718584 kB
SwapFree:        2572972 kB
Dirty:               292 kB
Writeback:             0 kB
AnonPages:       3573728 kB
Mapped:           635532 kB
Shmem:             19640 kB
KReclaimable:     435836 kB
Slab:             323304 kB
SReclaimable:      91308 kB
SUnreclaim:       231996 kB
KernelStack:       47008 kB
ShadowCallStack:   11792 kB
PageTables:        79144 kB
NFS_Unstable:          0 kB
Bounce:                0 kB
WritebackTmp:          0 kB
CommitLimit:     8677876 kB
Committed_AS:   70681264 kB
VmallocTotal:   263061440 kB
VmallocUsed:      129320 kB
VmallocChunk:          0 kB
Percpu:             2520 kB
CmaTotal:         405504 kB
CmaFree:               0 kB
MemTotal:        7918584 kB
MemFree:          291960 kB
MemAvailable:    1762156 kB
Buffers:            4480 kB
Cached:          1323752 kB
SwapCached:        82352 kB
Active:          4223436 kB
Inactive:         731184 kB
Active(anon):    3584976 kB
Inactive(anon):    65836 kB
Active(file):     638460 kB
Inactive(file):   665348 kB
Unevictable:        6544 kB
Mlocked:            6104 kB
SwapTotal:       4718584 kB
SwapFree:        2572972 kB
Dirty:               292 kB
Writeback:             0 kB
AnonPages:       3587744 kB
Mapped:           635036 kB
Shmem:             19616 kB
KReclaimable:     556612 kB
Slab:             323284 kB
SReclaimable:      91212 kB
SUnreclaim:       232072 kB
KernelStack:       46912 kB
ShadowCallStack:   11776 kB
PageTables:        79244 kB
NFS_Unstable:          0 kB
Bounce:                0 kB
WritebackTmp:          0 kB
CommitLimit:     8677876 kB
Committed_AS:   70779176 kB
VmallocTotal:   263061440 kB
VmallocUsed:      129160 kB
VmallocChunk:          0 kB
Percpu:             2520 kB
CmaTotal:         405504 kB
CmaFree:               8 kB
MemTotal:        7918584 kB
MemFree:          233916 kB
MemAvailable:    1703304 kB
Buffers:            4480 kB
Cached:          1323756 kB
SwapCached:        82352 kB
Active:          4281556 kB
Inactive:         731184 kB
Active(anon):    3643096 kB
Inactive(anon):    65836 kB
Active(file):     638460 kB
Inactive(file):   665348 kB
Unevictable:        6544 kB
Mlocked:            6104 kB
SwapTotal:       4718584 kB
SwapFree:        2572972 kB
Dirty:               292 kB
Writeback:             0 kB
AnonPages:       3646192 kB
Mapped:           635544 kB
Shmem:             19620 kB
KReclaimable:     555804 kB
Slab:             323184 kB
SReclaimable:      91212 kB
SUnreclaim:       231972 kB
KernelStack:       46880 kB
ShadowCallStack:   11764 kB
PageTables:        79544 kB
NFS_Unstable:          0 kB
Bounce:                0 kB
WritebackTmp:          0 kB
CommitLimit:     8677876 kB
Committed_AS:   70926800 kB
VmallocTotal:   263061440 kB
VmallocUsed:      129164 kB
VmallocChunk:          0 kB
Percpu:             2520 kB
CmaTotal:         405504 kB
CmaFree:               4 kB
MemTotal:        7918584 kB
MemFree:          200904 kB
MemAvailable:    1669844 kB
Buffers:            4484 kB
Cached:          1323768 kB
SwapCached:        82352 kB
Active:          4314360 kB
Inactive:         731196 kB
Active(anon):    3675900 kB
Inactive(anon):    65832 kB
Active(file):     638460 kB
Inactive(file):   665364 kB
Unevictable:        6544 kB
Mlocked:            6104 kB
SwapTotal:       4718584 kB
SwapFree:        2572972 kB
Dirty:               332 kB
Writeback:             0 kB
AnonPages:       3678804 kB
Mapped:           636288 kB
Shmem:             19620 kB
KReclaimable:     555340 kB
Slab:             323344 kB
SReclaimable:      91212 kB
SUnreclaim:       232132 kB
KernelStack:       46912 kB
ShadowCallStack:   11780 kB
PageTables:        79888 kB
NFS_Unstable:          0 kB
Bounce:                0 kB
WritebackTmp:          0 kB
CommitLimit:     8677876 kB
Committed_AS:   70992336 kB
VmallocTotal:   263061440 kB
VmallocUsed:      129184 kB
VmallocChunk:          0 kB
Percpu:             2520 kB
CmaTotal:         405504 kB
CmaFree:               0 kB
MemTotal:        7918584 kB
MemFree:          183160 kB
MemAvailable:    1601400 kB
Buffers:            2440 kB
Cached:          1289220 kB
SwapCached:        82348 kB
Active:          4408840 kB
Inactive:         667888 kB
Active(anon):    3743660 kB
Inactive(anon):    65836 kB
Active(file):     665180 kB
Inactive(file):   602052 kB
Unevictable:        6544 kB
Mlocked:            6104 kB
SwapTotal:       4718584 kB
SwapFree:        2572972 kB
Dirty:               404 kB
Writeback:             0 kB
AnonPages:       3746780 kB
Mapped:           627036 kB
Shmem:             19620 kB
KReclaimable:     541232 kB
Slab:             321868 kB
SReclaimable:      89704 kB
SUnreclaim:       232164 kB
KernelStack:       46912 kB
ShadowCallStack:   11768 kB
PageTables:        80128 kB
NFS_Unstable:          0 kB
Bounce:                0 kB
WritebackTmp:          0 kB
CommitLimit:     8677876 kB
Committed_AS:   71139744 kB
VmallocTotal:   263061440 kB
VmallocUsed:      129144 kB
VmallocChunk:          0 kB
Percpu:             2520 kB
CmaTotal:         405504 kB
CmaFree:               0 kB
MemTotal:        7918584 kB
MemFree:          184012 kB
MemAvailable:    1546420 kB
Buffers:            2440 kB
Cached:          1241980 kB
SwapCached:        82348 kB
Active:          4462468 kB
Inactive:         620800 kB
Active(anon):    3797268 kB
Inactive(anon):    65836 kB
Active(file):     665200 kB
Inactive(file):   554964 kB
Unevictable:        6544 kB
Mlocked:            6104 kB
SwapTotal:       4718584 kB
SwapFree:        2572972 kB
Dirty:               404 kB
Writeback:             0 kB
AnonPages:       3800168 kB
Mapped:           627672 kB
Shmem:             19620 kB
KReclaimable:     532468 kB
Slab:             321748 kB
SReclaimable:      89684 kB
SUnreclaim:       232064 kB
KernelStack:       46864 kB
ShadowCallStack:   11760 kB
PageTables:        79948 kB
NFS_Unstable:          0 kB
Bounce:                0 kB
WritebackTmp:          0 kB
CommitLimit:     8677876 kB
Committed_AS:   71254432 kB
VmallocTotal:   263061440 kB
VmallocUsed:      129160 kB
VmallocChunk:          0 kB
Percpu:             2520 kB
CmaTotal:         405504 kB
CmaFree:               0 kB
MemTotal:        7918584 kB
MemFree:          184820 kB
MemAvailable:    1507980 kB
Buffers:            2436 kB
Cached:          1208636 kB
SwapCached:        82348 kB
Active:          4500644 kB
Inactive:         587272 kB
Active(anon):    3835444 kB
Inactive(anon):    65828 kB
Active(file):     665200 kB
Inactive(file):   521444 kB
Unevictable:        6544 kB
Mlocked:            6104 kB
SwapTotal:       4718584 kB
SwapFree:        2572972 kB
Dirty:               404 kB
Writeback:             0 kB
AnonPages:       3838464 kB
Mapped:           627980 kB
Shmem:             19620 kB
KReclaimable:     526740 kB
Slab:             321476 kB
SReclaimable:      89164 kB
SUnreclaim:       232312 kB
KernelStack:       46944 kB
ShadowCallStack:   11768 kB
PageTables:        80788 kB
NFS_Unstable:          0 kB
Bounce:                0 kB
WritebackTmp:          0 kB
CommitLimit:     8677876 kB
Committed_AS:   71352732 kB
VmallocTotal:   263061440 kB
VmallocUsed:      129160 kB
VmallocChunk:          0 kB
Percpu:             2520 kB
CmaTotal:         405504 kB
CmaFree:               0 kB
MemTotal:        7918584 kB
MemFree:          183164 kB
MemAvailable:    1451160 kB
Buffers:            2436 kB
Cached:          1162764 kB
SwapCached:        82348 kB
Active:          4566584 kB
Inactive:         541396 kB
Active(anon):    3901384 kB
Inactive(anon):    65832 kB
Active(file):     665200 kB
Inactive(file):   475564 kB
Unevictable:        6544 kB
Mlocked:            6104 kB
SwapTotal:       4718584 kB
SwapFree:        2572972 kB
Dirty:               412 kB
Writeback:             0 kB
AnonPages:       3904184 kB
Mapped:           628264 kB
Shmem:             19628 kB
KReclaimable:     517456 kB
Slab:             319972 kB
SReclaimable:      87792 kB
SUnreclaim:       232180 kB
KernelStack:       46864 kB
ShadowCallStack:   11760 kB
PageTables:        80508 kB
NFS_Unstable:          0 kB
Bounce:                0 kB
WritebackTmp:          0 kB
CommitLimit:     8677876 kB
Committed_AS:   71484616 kB
VmallocTotal:   263061440 kB
VmallocUsed:      129152 kB
VmallocChunk:          0 kB
Percpu:             2520 kB
CmaTotal:         405504 kB
CmaFree:               0 kB
MemTotal:        7918584 kB
MemFree:          189380 kB
MemAvailable:     306676 kB
Buffers:             628 kB
Cached:           207148 kB
SwapCached:        54384 kB
Active:          1203152 kB
Inactive:        4100152 kB
Active(anon):    1036376 kB
Inactive(anon):  4083464 kB
Active(file):     166776 kB
Inactive(file):    16688 kB
Unevictable:        6544 kB
Mlocked:            6104 kB
SwapTotal:       4718584 kB
SwapFree:        2587820 kB
Dirty:                 0 kB
Writeback:             0 kB
AnonPages:       5084376 kB
Mapped:           366348 kB
Shmem:             19504 kB
KReclaimable:     294528 kB
Slab:             310316 kB
SReclaimable:      77520 kB
SUnreclaim:       232796 kB
KernelStack:       46512 kB
ShadowCallStack:   11668 kB
PageTables:        85716 kB
NFS_Unstable:          0 kB
Bounce:                0 kB
WritebackTmp:          0 kB
CommitLimit:     8677876 kB
Committed_AS:   74007248 kB
VmallocTotal:   263061440 kB
VmallocUsed:      128672 kB
VmallocChunk:          0 kB
Percpu:             2520 kB
CmaTotal:         405504 kB
CmaFree:               0 kB
MemTotal:        7918584 kB
MemFree:          185248 kB
MemAvailable:     289188 kB
Buffers:             408 kB
Cached:           195804 kB
SwapCached:        38344 kB
Active:          1297640 kB
Inactive:        4013296 kB
Active(anon):    1125436 kB
Inactive(anon):  4013188 kB
Active(file):     172204 kB
Inactive(file):      108 kB
Unevictable:        6544 kB
Mlocked:            6104 kB
SwapTotal:       4718584 kB
SwapFree:        2582188 kB
Dirty:                52 kB
Writeback:             0 kB
AnonPages:       5115912 kB
Mapped:           355824 kB
Shmem:             19120 kB
KReclaimable:     286748 kB
Slab:             310408 kB
SReclaimable:      77516 kB
SUnreclaim:       232892 kB
KernelStack:       46704 kB
ShadowCallStack:   11720 kB
PageTables:        85900 kB
NFS_Unstable:          0 kB
Bounce:                0 kB
WritebackTmp:          0 kB
CommitLimit:     8677876 kB
Committed_AS:   74105556 kB
VmallocTotal:   263061440 kB
VmallocUsed:      128900 kB
VmallocChunk:          0 kB
Percpu:             2520 kB
CmaTotal:         405504 kB
CmaFree:               0 kB
MemTotal:        7918584 kB
MemFree:          219544 kB
MemAvailable:     306112 kB
Buffers:             416 kB
Cached:           239504 kB
SwapCached:        31520 kB
Active:          1579456 kB
Inactive:        3744612 kB
Active(anon):    1361228 kB
Inactive(anon):  3744536 kB
Active(file):     218228 kB
Inactive(file):       76 kB
Unevictable:        6544 kB
Mlocked:            6104 kB
SwapTotal:       4718584 kB
SwapFree:        2604460 kB
Dirty:                92 kB
Writeback:             0 kB
AnonPages:       5089496 kB
Mapped:           351240 kB
Shmem:             16660 kB
KReclaimable:     250240 kB
Slab:             309088 kB
SReclaimable:      77504 kB
SUnreclaim:       231584 kB
KernelStack:       42528 kB
ShadowCallStack:   10712 kB
PageTables:        79032 kB
NFS_Unstable:          0 kB
Bounce:                0 kB
WritebackTmp:          0 kB
CommitLimit:     8677876 kB
Committed_AS:   63450648 kB
VmallocTotal:   263061440 kB
VmallocUsed:      123676 kB
VmallocChunk:          0 kB
Percpu:             2520 kB
CmaTotal:         405504 kB
CmaFree:             584 kB
MemTotal:        7918584 kB
MemFree:          189576 kB
MemAvailable:     270448 kB
Buffers:             440 kB
Cached:           249400 kB
SwapCached:        30924 kB
Active:          1719852 kB
Inactive:        3661096 kB
Active(anon):    1491056 kB
Inactive(anon):  3661096 kB
Active(file):     228796 kB
Inactive(file):        0 kB
Unevictable:        6544 kB
Mlocked:            6104 kB
SwapTotal:       4718584 kB
SwapFree:        2609836 kB
Dirty:               148 kB
Writeback:             0 kB
AnonPages:       5136120 kB
Mapped:           351848 kB
Shmem:             16240 kB
KReclaimable:     228352 kB
Slab:             307584 kB
SReclaimable:      77424 kB
SUnreclaim:       230160 kB
KernelStack:       41776 kB
ShadowCallStack:   10476 kB
PageTables:        77600 kB
NFS_Unstable:          0 kB
Bounce:                0 kB
WritebackTmp:          0 kB
CommitLimit:     8677876 kB
Committed_AS:   60914696 kB
VmallocTotal:   263061440 kB
VmallocUsed:      122616 kB
VmallocChunk:          0 kB
Percpu:             2520 kB
CmaTotal:         405504 kB
CmaFree:               0 kB
MemTotal:        7918584 kB
MemFree:          183348 kB
MemAvailable:     242104 kB
Buffers:             464 kB
Cached:           251236 kB
SwapCached:        30860 kB
Active:          2090824 kB
Inactive:        3346224 kB
Active(anon):    1860196 kB
Inactive(anon):  3346224 kB
Active(file):     230628 kB
Inactive(file):        0 kB
Unevictable:        6544 kB
Mlocked:            6104 kB
SwapTotal:       4718584 kB
SwapFree:        2609580 kB
Dirty:               148 kB
Writeback:             0 kB
AnonPages:       5190316 kB
Mapped:           352336 kB
Shmem:             16244 kB
KReclaimable:     182288 kB
Slab:             307592 kB
SReclaimable:      77424 kB
SUnreclaim:       230168 kB
KernelStack:       41712 kB
ShadowCallStack:   10468 kB
PageTables:        77656 kB
NFS_Unstable:          0 kB
Bounce:                0 kB
WritebackTmp:          0 kB
CommitLimit:     8677876 kB
Committed_AS:   61013000 kB
VmallocTotal:   263061440 kB
VmallocUsed:      122612 kB
VmallocChunk:          0 kB
Percpu:             2520 kB
CmaTotal:         405504 kB
CmaFree:               0 kB
MemTotal:        7918584 kB
MemFree:          182980 kB
MemAvailable:     223796 kB
Buffers:             464 kB
Cached:           251544 kB
SwapCached:        30444 kB
Active:          2577636 kB
Inactive:        2896832 kB
Active(anon):    2346680 kB
Inactive(anon):  2896832 kB
Active(file):     230956 kB
Inactive(file):        0 kB
Unevictable:        6544 kB
Mlocked:            6104 kB
SwapTotal:       4718584 kB
SwapFree:        2609324 kB
Dirty:               180 kB
Writeback:             0 kB
AnonPages:       5227816 kB
Mapped:           352864 kB
Shmem:             16244 kB
KReclaimable:     146076 kB
Slab:             307596 kB
SReclaimable:      77436 kB
SUnreclaim:       230160 kB
KernelStack:       41712 kB
ShadowCallStack:   10476 kB
PageTables:        77928 kB
NFS_Unstable:          0 kB
Bounce:                0 kB
WritebackTmp:          0 kB
CommitLimit:     8677876 kB
Committed_AS:   61111304 kB
VmallocTotal:   263061440 kB
VmallocUsed:      122616 kB
VmallocChunk:          0 kB
Percpu:             2520 kB
CmaTotal:         405504 kB
CmaFree:               0 kB
MemTotal:        7918584 kB
MemFree:          194732 kB
MemAvailable:     221072 kB
Buffers:             464 kB
Cached:           256332 kB
SwapCached:        32032 kB
Active:          3671660 kB
Inactive:        1823936 kB
Active(anon):    3482060 kB
Inactive(anon):  1777960 kB
Active(file):     189600 kB
Inactive(file):    45976 kB
Unevictable:        6544 kB
Mlocked:            6104 kB
SwapTotal:       4718584 kB
SwapFree:        2551980 kB
Dirty:                28 kB
Writeback:             4 kB
AnonPages:       5243304 kB
Mapped:           355484 kB
Shmem:             16384 kB
KReclaimable:     112512 kB
Slab:             307540 kB
SReclaimable:      77352 kB
SUnreclaim:       230188 kB
KernelStack:       41760 kB
ShadowCallStack:   10476 kB
PageTables:        78388 kB
NFS_Unstable:          0 kB
Bounce:                0 kB
WritebackTmp:          0 kB
CommitLimit:     8677876 kB
Committed_AS:   61242376 kB
VmallocTotal:   263061440 kB
VmallocUsed:      122592 kB
VmallocChunk:          0 kB
Percpu:             2520 kB
CmaTotal:         405504 kB
CmaFree:               0 kB
MemTotal:        7918584 kB
MemFree:          186600 kB
MemAvailable:     213520 kB
Buffers:             528 kB
Cached:           258220 kB
SwapCached:        32296 kB
Active:          3725872 kB
Inactive:        1775472 kB
Active(anon):    3534216 kB
Inactive(anon):  1729688 kB
Active(file):     191656 kB
Inactive(file):    45784 kB
Unevictable:        6544 kB
Mlocked:            6104 kB
SwapTotal:       4718584 kB
SwapFree:        2508204 kB
Dirty:                28 kB
Writeback:             0 kB
AnonPages:       5247192 kB
Mapped:           356172 kB
Shmem:             16468 kB
KReclaimable:     111808 kB
Slab:             307560 kB
SReclaimable:      77352 kB
SUnreclaim:       230208 kB
KernelStack:       41696 kB
ShadowCallStack:   10468 kB
PageTables:        78356 kB
NFS_Unstable:          0 kB
Bounce:                0 kB
WritebackTmp:          0 kB
CommitLimit:     8677876 kB
Committed_AS:   61340684 kB
VmallocTotal:   263061440 kB
VmallocUsed:      122596 kB
VmallocChunk:          0 kB
Percpu:             2520 kB
CmaTotal:         405504 kB
CmaFree:               0 kB
MemTotal:        7918584 kB
MemFree:          181560 kB
MemAvailable:     209072 kB
Buffers:             528 kB
Cached:           259828 kB
SwapCached:        32304 kB
Active:          3774180 kB
Inactive:        1731936 kB
Active(anon):    3581060 kB
Inactive(anon):  1686004 kB
Active(file):     193120 kB
Inactive(file):    45932 kB
Unevictable:        6544 kB
Mlocked:            6104 kB
SwapTotal:       4718584 kB
SwapFree:        2468268 kB
Dirty:                28 kB
Writeback:             4 kB
AnonPages:       5250196 kB
Mapped:           356852 kB
Shmem:             16480 kB
KReclaimable:     111376 kB
Slab:             307552 kB
SReclaimable:      77352 kB
SUnreclaim:       230200 kB
KernelStack:       41776 kB
ShadowCallStack:   10476 kB
PageTables:        78932 kB
NFS_Unstable:          0 kB
Bounce:                0 kB
WritebackTmp:          0 kB
CommitLimit:     8677876 kB
Committed_AS:   61438988 kB
VmallocTotal:   263061440 kB
VmallocUsed:      122604 kB
VmallocChunk:          0 kB
Percpu:             2520 kB
CmaTotal:         405504 kB
CmaFree:               0 kB
MemTotal:        7918584 kB
MemFree:          183868 kB
MemAvailable:     211616 kB
Buffers:             536 kB
Cached:           261020 kB
SwapCached:        32308 kB
Active:          3852524 kB
Inactive:        1650568 kB
Active(anon):    3658184 kB
Inactive(anon):  1604632 kB
Active(file):     194340 kB
Inactive(file):    45936 kB
Unevictable:        6544 kB
Mlocked:            6104 kB
SwapTotal:       4718584 kB
SwapFree:        2397136 kB
Dirty:                96 kB
Writeback:             0 kB
AnonPages:       5246020 kB
Mapped:           357572 kB
Shmem:             16480 kB
KReclaimable:     110624 kB
Slab:             307568 kB
SReclaimable:      77352 kB
SUnreclaim:       230216 kB
KernelStack:       41728 kB
ShadowCallStack:   10476 kB
PageTables:        78700 kB
NFS_Unstable:          0 kB
Bounce:                0 kB
WritebackTmp:          0 kB
CommitLimit:     8677876 kB
Committed_AS:   61570060 kB
VmallocTotal:   263061440 kB
VmallocUsed:      122596 kB
VmallocChunk:          0 kB
Percpu:             2520 kB
CmaTotal:         405504 kB
CmaFree:               0 kB
MemTotal:        7918584 kB
MemFree:          187692 kB
MemAvailable:     215212 kB
Buffers:             544 kB
Cached:           261016 kB
SwapCached:        32304 kB
Active:          3892512 kB
Inactive:        1606668 kB
Active(anon):    3698164 kB
Inactive(anon):  1560732 kB
Active(file):     194348 kB
Inactive(file):    45936 kB
Unevictable:        6544 kB
Mlocked:            6104 kB
SwapTotal:       4718584 kB
SwapFree:        2357068 kB
Dirty:                96 kB
Writeback:             0 kB
AnonPages:       5241880 kB
Mapped:           358024 kB
Shmem:             16480 kB
KReclaimable:     110160 kB
Slab:             307588 kB
SReclaimable:      77352 kB
SUnreclaim:       230236 kB
KernelStack:       41712 kB
ShadowCallStack:   10480 kB
PageTables:        78956 kB
NFS_Unstable:          0 kB
Bounce:                0 kB
WritebackTmp:          0 kB
CommitLimit:     8677876 kB
Committed_AS:   61651980 kB
VmallocTotal:   263061440 kB
VmallocUsed:      122600 kB
VmallocChunk:          0 kB
Percpu:             2520 kB
CmaTotal:         405504 kB
CmaFree:               0 kB
MemTotal:        7918584 kB
MemFree:          183828 kB
MemAvailable:     210932 kB
Buffers:             544 kB
Cached:           261024 kB
SwapCached:        32304 kB
Active:          3957600 kB
Inactive:        1544004 kB
Active(anon):    3763244 kB
Inactive(anon):  1498072 kB
Active(file):     194356 kB
Inactive(file):    45932 kB
Unevictable:        6544 kB
Mlocked:            6104 kB
SwapTotal:       4718584 kB
SwapFree:        2300540 kB
Dirty:               136 kB
Writeback:             0 kB
AnonPages:       5244684 kB
Mapped:           358536 kB
Shmem:             16480 kB
KReclaimable:     109328 kB
Slab:             307612 kB
SReclaimable:      77352 kB
SUnreclaim:       230260 kB
KernelStack:       41712 kB
ShadowCallStack:   10476 kB
PageTables:        79124 kB
NFS_Unstable:          0 kB
Bounce:                0 kB
WritebackTmp:          0 kB
CommitLimit:     8677876 kB
Committed_AS:   61783052 kB
VmallocTotal:   263061440 kB
VmallocUsed:      122600 kB
VmallocChunk:          0 kB
Percpu:             2520 kB
CmaTotal:         405504 kB
CmaFree:               0 kB
MemTotal:        7918584 kB
MemFree:          104656 kB
MemAvailable:     128620 kB
Buffers:             548 kB
Cached:           261508 kB
SwapCached:        32296 kB
Active:          4047900 kB
Inactive:        1455284 kB
Active(anon):    3853144 kB
Inactive(anon):  1409320 kB
Active(file):     194756 kB
Inactive(file):    45964 kB
Unevictable:        6544 kB
Mlocked:            6104 kB
SwapTotal:       4718584 kB
SwapFree:        2220988 kB
Dirty:               136 kB
Writeback:             4 kB
AnonPages:       5245504 kB
Mapped:           359288 kB
Shmem:             16500 kB
KReclaimable:     102616 kB
Slab:             307652 kB
SReclaimable:      77352 kB
SUnreclaim:       230300 kB
KernelStack:       41824 kB
ShadowCallStack:   10496 kB
PageTables:        79500 kB
NFS_Unstable:          0 kB
Bounce:                0 kB
WritebackTmp:          0 kB
CommitLimit:     8677876 kB
Committed_AS:   61881756 kB
VmallocTotal:   263061440 kB
VmallocUsed:      122652 kB
VmallocChunk:          0 kB
Percpu:             2520 kB
CmaTotal:         405504 kB
CmaFree:               8 kB
MemTotal:        7918584 kB
MemFree:          162828 kB
MemAvailable:     187420 kB
Buffers:             548 kB
Cached:           261732 kB
SwapCached:        23788 kB
Active:          2624200 kB
Inactive:        2764248 kB
Active(anon):    2562136 kB
Inactive(anon):  2584000 kB
Active(file):      62064 kB
Inactive(file):   180248 kB
Unevictable:        6544 kB
Mlocked:            6104 kB
SwapTotal:       4718584 kB
SwapFree:        2071556 kB
Dirty:               136 kB
Writeback:             4 kB
AnonPages:       5131284 kB
Mapped:           358840 kB
Shmem:             15040 kB
KReclaimable:     102276 kB
Slab:             307636 kB
SReclaimable:      77324 kB
SUnreclaim:       230312 kB
KernelStack:       41856 kB
ShadowCallStack:   10504 kB
PageTables:        79616 kB
NFS_Unstable:          0 kB
Bounce:                0 kB
WritebackTmp:          0 kB
CommitLimit:     8677876 kB
Committed_AS:   61930912 kB
VmallocTotal:   263061440 kB
VmallocUsed:      122772 kB
VmallocChunk:          0 kB
Percpu:             2520 kB
CmaTotal:         405504 kB
CmaFree:             912 kB
MemTotal:        7918584 kB
MemFree:          310984 kB
MemAvailable:     362628 kB
Buffers:             560 kB
Cached:           226168 kB
SwapCached:        16840 kB
Active:          3047088 kB
Inactive:        2218148 kB
Active(anon):    2972700 kB
Inactive(anon):  2085056 kB
Active(file):      74388 kB
Inactive(file):   133092 kB
Unevictable:        6544 kB
Mlocked:            6104 kB
SwapTotal:       4718584 kB
SwapFree:        1977420 kB
Dirty:               164 kB
Writeback:             0 kB
AnonPages:       5043528 kB
Mapped:           325996 kB
Shmem:             14440 kB
KReclaimable:     191216 kB
Slab:             306276 kB
SReclaimable:      76032 kB
SUnreclaim:       230244 kB
KernelStack:       41760 kB
ShadowCallStack:   10480 kB
PageTables:        79740 kB
NFS_Unstable:          0 kB
Bounce:                0 kB
WritebackTmp:          0 kB
CommitLimit:     8677876 kB
Committed_AS:   62028820 kB
VmallocTotal:   263061440 kB
VmallocUsed:      122664 kB
VmallocChunk:          0 kB
Percpu:             2520 kB
CmaTotal:         405504 kB
CmaFree:            4936 kB
MemTotal:        7918584 kB
MemFree:          245164 kB
MemAvailable:     299224 kB
Buffers:             584 kB
Cached:           231656 kB
SwapCached:        16844 kB
Active:          3113800 kB
Inactive:        2217376 kB
Active(anon):    3034004 kB
Inactive(anon):  2084248 kB
Active(file):      79796 kB
Inactive(file):   133128 kB
Unevictable:        6544 kB
Mlocked:            6104 kB
SwapTotal:       4718584 kB
SwapFree:        1980748 kB
Dirty:               112 kB
Writeback:             0 kB
AnonPages:       5103800 kB
Mapped:           329380 kB
Shmem:             14508 kB
KReclaimable:     190600 kB
Slab:             306296 kB
SReclaimable:      76032 kB
SUnreclaim:       230264 kB
KernelStack:       41776 kB
ShadowCallStack:   10484 kB
PageTables:        79976 kB
NFS_Unstable:          0 kB
Bounce:                0 kB
WritebackTmp:          0 kB
CommitLimit:     8677876 kB
Committed_AS:   62143504 kB
VmallocTotal:   263061440 kB
VmallocUsed:      122664 kB
VmallocChunk:          0 kB
Percpu:             2520 kB
CmaTotal:         405504 kB
CmaFree:            4960 kB
MemTotal:        7918584 kB
MemFree:          208924 kB
MemAvailable:     263260 kB
Buffers:             584 kB
Cached:           232516 kB
SwapCached:        16844 kB
Active:          3152160 kB
Inactive:        2217372 kB
Active(anon):    3071504 kB
Inactive(anon):  2084244 kB
Active(file):      80656 kB
Inactive(file):   133128 kB
Unevictable:        6544 kB
Mlocked:            6104 kB
SwapTotal:       4718584 kB
SwapFree:        1981004 kB
Dirty:               112 kB
Writeback:             0 kB
AnonPages:       5141328 kB
Mapped:           329476 kB
Shmem:             14508 kB
KReclaimable:     190296 kB
Slab:             306304 kB
SReclaimable:      76032 kB
SUnreclaim:       230272 kB
KernelStack:       41712 kB
ShadowCallStack:   10472 kB
PageTables:        80132 kB
NFS_Unstable:          0 kB
Bounce:                0 kB
WritebackTmp:          0 kB
CommitLimit:     8677876 kB
Committed_AS:   62225424 kB
VmallocTotal:   263061440 kB
VmallocUsed:      122624 kB
VmallocChunk:          0 kB
Percpu:             2520 kB
CmaTotal:         405504 kB
CmaFree:               4 kB
MemTotal:        7918584 kB
MemFree:          165344 kB
MemAvailable:     213976 kB
Buffers:             584 kB
Cached:           232728 kB
SwapCached:        16552 kB
Active:          3551136 kB
Inactive:        1871832 kB
Active(anon):    3470212 kB
Inactive(anon):  1738704 kB
Active(file):      80924 kB
Inactive(file):   133128 kB
Unevictable:        6544 kB
Mlocked:            6104 kB
SwapTotal:       4718584 kB
SwapFree:        1964660 kB
Dirty:               112 kB
Writeback:             0 kB
AnonPages:       5194592 kB
Mapped:           330180 kB
Shmem:             14452 kB
KReclaimable:     178616 kB
Slab:             306336 kB
SReclaimable:      76032 kB
SUnreclaim:       230304 kB
KernelStack:       41744 kB
ShadowCallStack:   10476 kB
PageTables:        80424 kB
NFS_Unstable:          0 kB
Bounce:                0 kB
WritebackTmp:          0 kB
CommitLimit:     8677876 kB
Committed_AS:   62372880 kB
VmallocTotal:   263061440 kB
VmallocUsed:      122620 kB
VmallocChunk:          0 kB
Percpu:             2520 kB
CmaTotal:         405504 kB
CmaFree:               0 kB
MemTotal:        7918584 kB
MemFree:          162036 kB
MemAvailable:     210700 kB
Buffers:             588 kB
Cached:           236096 kB
SwapCached:        10152 kB
Active:          3643620 kB
Inactive:        1775168 kB
Active(anon):    3559248 kB
Inactive(anon):  1642028 kB
Active(file):      84372 kB
Inactive(file):   133140 kB
Unevictable:        6544 kB
Mlocked:            6104 kB
SwapTotal:       4718584 kB
SwapFree:        1914152 kB
Dirty:               112 kB
Writeback:             0 kB
AnonPages:       5187196 kB
Mapped:           330520 kB
Shmem:             14360 kB
KReclaimable:     175224 kB
Slab:             306352 kB
SReclaimable:      76032 kB
SUnreclaim:       230320 kB
KernelStack:       41712 kB
ShadowCallStack:   10464 kB
PageTables:        80352 kB
NFS_Unstable:          0 kB
Bounce:                0 kB
WritebackTmp:          0 kB
CommitLimit:     8677876 kB
Committed_AS:   62454800 kB
VmallocTotal:   263061440 kB
VmallocUsed:      122620 kB
VmallocChunk:          0 kB
Percpu:             2520 kB
CmaTotal:         405504 kB
CmaFree:               0 kB
MemTotal:        7918584 kB
MemFree:          161544 kB
MemAvailable:     209204 kB
Buffers:             592 kB
Cached:           236024 kB
SwapCached:         9000 kB
Active:          3690460 kB
Inactive:        1722632 kB
Active(anon):    3606088 kB
Inactive(anon):  1589484 kB
Active(file):      84372 kB
Inactive(file):   133148 kB
Unevictable:        6544 kB
Mlocked:            6104 kB
SwapTotal:       4718584 kB
SwapFree:        1866292 kB
Dirty:               112 kB
Writeback:             0 kB
AnonPages:       5181608 kB
Mapped:           331048 kB
Shmem:             14288 kB
KReclaimable:     173208 kB
Slab:             306368 kB
SReclaimable:      76032 kB
SUnreclaim:       230336 kB
KernelStack:       41744 kB
ShadowCallStack:   10476 kB
PageTables:        80768 kB
NFS_Unstable:          0 kB
Bounce:                0 kB
WritebackTmp:          0 kB
CommitLimit:     8677876 kB
Committed_AS:   62536720 kB
VmallocTotal:   263061440 kB
VmallocUsed:      122656 kB
VmallocChunk:          0 kB
Percpu:             2520 kB
CmaTotal:         405504 kB
CmaFree:               0 kB
MemTotal:        7918584 kB
MemFree:          160372 kB
MemAvailable:     207564 kB
Buffers:             600 kB
Cached:           238144 kB
SwapCached:         8904 kB
Active:          3756284 kB
Inactive:        1647228 kB
Active(anon):    3669668 kB
Inactive(anon):  1514080 kB
Active(file):      86616 kB
Inactive(file):   133148 kB
Unevictable:        6544 kB
Mlocked:            6104 kB
SwapTotal:       4718584 kB
SwapFree:        1799692 kB
Dirty:               112 kB
Writeback:             0 kB
AnonPages:       5169864 kB
Mapped:           331672 kB
Shmem:             14148 kB
KReclaimable:     170024 kB
Slab:             306396 kB
SReclaimable:      75984 kB
SUnreclaim:       230412 kB
KernelStack:       41728 kB
ShadowCallStack:   10472 kB
PageTables:        80796 kB
NFS_Unstable:          0 kB
Bounce:                0 kB
WritebackTmp:          0 kB
CommitLimit:     8677876 kB
Committed_AS:   62635024 kB
VmallocTotal:   263061440 kB
VmallocUsed:      122628 kB
VmallocChunk:          0 kB
Percpu:             2520 kB
CmaTotal:         405504 kB
CmaFree:               0 kB
MemTotal:        7918584 kB
MemFree:          195260 kB
MemAvailable:     242100 kB
Buffers:             600 kB
Cached:           241976 kB
SwapCached:         7896 kB
Active:          3863148 kB
Inactive:        1503556 kB
Active(anon):    3772676 kB
Inactive(anon):  1370400 kB
Active(file):      90472 kB
Inactive(file):   133156 kB
Unevictable:        6544 kB
Mlocked:            6104 kB
SwapTotal:       4718584 kB
SwapFree:        1719148 kB
Dirty:                96 kB
Writeback:             0 kB
AnonPages:       5129960 kB
Mapped:           332436 kB
Shmem:             14140 kB
KReclaimable:     165456 kB
Slab:             306400 kB
SReclaimable:      75984 kB
SUnreclaim:       230416 kB
KernelStack:       41712 kB
ShadowCallStack:   10468 kB
PageTables:        80952 kB
NFS_Unstable:          0 kB
Bounce:                0 kB
WritebackTmp:          0 kB
CommitLimit:     8677876 kB
Committed_AS:   62716944 kB
VmallocTotal:   263061440 kB
VmallocUsed:      122624 kB
VmallocChunk:          0 kB
Percpu:             2520 kB
CmaTotal:         405504 kB
CmaFree:             124 kB
MemTotal:        7918584 kB
MemFree:          163752 kB
MemAvailable:     213420 kB
Buffers:             600 kB
Cached:           249788 kB
SwapCached:         7896 kB
Active:          3950092 kB
Inactive:        1448384 kB
Active(anon):    3851804 kB
Inactive(anon):  1315228 kB
Active(file):      98288 kB
Inactive(file):   133156 kB
Unevictable:        6544 kB
Mlocked:            6104 kB
SwapTotal:       4718584 kB
SwapFree:        1685196 kB
Dirty:               100 kB
Writeback:             0 kB
AnonPages:       5153884 kB
Mapped:           334036 kB
Shmem:             14136 kB
KReclaimable:     163296 kB
Slab:             306444 kB
SReclaimable:      75984 kB
SUnreclaim:       230460 kB
KernelStack:       41744 kB
ShadowCallStack:   10476 kB
PageTables:        81412 kB
NFS_Unstable:          0 kB
Bounce:                0 kB
WritebackTmp:          0 kB
CommitLimit:     8677876 kB
Committed_AS:   62815248 kB
VmallocTotal:   263061440 kB
VmallocUsed:      122624 kB
VmallocChunk:          0 kB
Percpu:             2520 kB
CmaTotal:         405504 kB
CmaFree:               0 kB
MemTotal:        7918584 kB
MemFree:          162996 kB
MemAvailable:     213512 kB
Buffers:             604 kB
Cached:           253672 kB
SwapCached:         7860 kB
Active:          4025916 kB
Inactive:        1372140 kB
Active(anon):    3923800 kB
Inactive(anon):  1238924 kB
Active(file):     102116 kB
Inactive(file):   133216 kB
Unevictable:        6544 kB
Mlocked:            6104 kB
SwapTotal:       4718584 kB
SwapFree:        1620576 kB
Dirty:               184 kB
Writeback:             0 kB
AnonPages:       5149576 kB
Mapped:           335008 kB
Shmem:             14136 kB
KReclaimable:     161104 kB
Slab:             306480 kB
SReclaimable:      75984 kB
SUnreclaim:       230496 kB
KernelStack:       41744 kB
ShadowCallStack:   10476 kB
PageTables:        81528 kB
NFS_Unstable:          0 kB
Bounce:                0 kB
WritebackTmp:          0 kB
CommitLimit:     8677876 kB
Committed_AS:   62913552 kB
VmallocTotal:   263061440 kB
VmallocUsed:      122616 kB
VmallocChunk:          0 kB
Percpu:             2520 kB
CmaTotal:         405504 kB
CmaFree:               0 kB
MemTotal:        7918584 kB
MemFree:          162448 kB
MemAvailable:     212032 kB
Buffers:             612 kB
Cached:           253656 kB
SwapCached:         7860 kB
Active:          1839000 kB
Inactive:        3559348 kB
Active(anon):    1747088 kB
Inactive(anon):  3415928 kB
Active(file):      91912 kB
Inactive(file):   143420 kB
Unevictable:        6544 kB
Mlocked:            6104 kB
SwapTotal:       4718584 kB
SwapFree:        1581516 kB
Dirty:               184 kB
Writeback:             0 kB
AnonPages:       5149700 kB
Mapped:           335120 kB
Shmem:             14136 kB
KReclaimable:     159240 kB
Slab:             306544 kB
SReclaimable:      75984 kB
SUnreclaim:       230560 kB
KernelStack:       41696 kB
ShadowCallStack:   10468 kB
PageTables:        81540 kB
NFS_Unstable:          0 kB
Bounce:                0 kB
WritebackTmp:          0 kB
CommitLimit:     8677876 kB
Committed_AS:   62979088 kB
VmallocTotal:   263061440 kB
VmallocUsed:      122604 kB
VmallocChunk:          0 kB
Percpu:             2520 kB
CmaTotal:         405504 kB
CmaFree:               0 kB
MemTotal:        7918584 kB
MemFree:          164296 kB
MemAvailable:     213492 kB
Buffers:             636 kB
Cached:           255656 kB
SwapCached:         7864 kB
Active:          1936356 kB
Inactive:        3461256 kB
Active(anon):    1842480 kB
Inactive(anon):  3317788 kB
Active(file):      93876 kB
Inactive(file):   143468 kB
Unevictable:        6544 kB
Mlocked:            6104 kB
SwapTotal:       4718584 kB
SwapFree:        1501028 kB
Dirty:               224 kB
Writeback:             0 kB
AnonPages:       5147160 kB
Mapped:           335872 kB
Shmem:             14140 kB
KReclaimable:     156456 kB
Slab:             306592 kB
SReclaimable:      75984 kB
SUnreclaim:       230608 kB
KernelStack:       41744 kB
ShadowCallStack:   10476 kB
PageTables:        81968 kB
NFS_Unstable:          0 kB
Bounce:                0 kB
WritebackTmp:          0 kB
CommitLimit:     8677876 kB
Committed_AS:   63126544 kB
VmallocTotal:   263061440 kB
VmallocUsed:      122624 kB
VmallocChunk:          0 kB
Percpu:             2520 kB
CmaTotal:         405504 kB
CmaFree:               0 kB
MemTotal:        7918584 kB
MemFree:          163868 kB
MemAvailable:     212056 kB
Buffers:             636 kB
Cached:           255676 kB
SwapCached:         7836 kB
Active:          2001208 kB
Inactive:        3397984 kB
Active(anon):    1907332 kB
Inactive(anon):  3254516 kB
Active(file):      93876 kB
Inactive(file):   143468 kB
Unevictable:        6544 kB
Mlocked:            6104 kB
SwapTotal:       4718584 kB
SwapFree:        1444780 kB
Dirty:               224 kB
Writeback:             0 kB
AnonPages:       5148616 kB
Mapped:           336512 kB
Shmem:             14148 kB
KReclaimable:     154440 kB
Slab:             306624 kB
SReclaimable:      75984 kB
SUnreclaim:       230640 kB
KernelStack:       41776 kB
ShadowCallStack:   10480 kB
PageTables:        82364 kB
NFS_Unstable:          0 kB
Bounce:                0 kB
WritebackTmp:          0 kB
CommitLimit:     8677876 kB
Committed_AS:   63224848 kB
VmallocTotal:   263061440 kB
VmallocUsed:      122636 kB
VmallocChunk:          0 kB
Percpu:             2520 kB
CmaTotal:         405504 kB
CmaFree:               0 kB
MemTotal:        7918584 kB
MemFree:          161544 kB
MemAvailable:     209428 kB
Buffers:             636 kB
Cached:           255896 kB
SwapCached:         7836 kB
Active:          2037460 kB
Inactive:        3364432 kB
Active(anon):    1943348 kB
Inactive(anon):  3220960 kB
Active(file):      94112 kB
Inactive(file):   143472 kB
Unevictable:        6544 kB
Mlocked:            6104 kB
SwapTotal:       4718584 kB
SwapFree:        1412536 kB
Dirty:               228 kB
Writeback:             0 kB
AnonPages:       5150976 kB
Mapped:           336624 kB
Shmem:             14148 kB
KReclaimable:     153592 kB
Slab:             306628 kB
SReclaimable:      75984 kB
SUnreclaim:       230644 kB
KernelStack:       41728 kB
ShadowCallStack:   10472 kB
PageTables:        81988 kB
NFS_Unstable:          0 kB
Bounce:                0 kB
WritebackTmp:          0 kB
CommitLimit:     8677876 kB
Committed_AS:   63306768 kB
VmallocTotal:   263061440 kB
VmallocUsed:      122648 kB
VmallocChunk:          0 kB
Percpu:             2520 kB
CmaTotal:         405504 kB
CmaFree:               0 kB
MemTotal:        7918584 kB
MemFree:          163956 kB
MemAvailable:     214284 kB
Buffers:             636 kB
Cached:           261836 kB
SwapCached:         7364 kB
Active:          2131788 kB
Inactive:        3268428 kB
Active(anon):    2031740 kB
Inactive(anon):  3124956 kB
Active(file):     100048 kB
Inactive(file):   143472 kB
Unevictable:        6544 kB
Mlocked:            6104 kB
SwapTotal:       4718584 kB
SwapFree:        1326516 kB
Dirty:               112 kB
Writeback:             0 kB
AnonPages:       5143880 kB
Mapped:           338360 kB
Shmem:             14148 kB
KReclaimable:     151544 kB
Slab:             306688 kB
SReclaimable:      75984 kB
SUnreclaim:       230704 kB
KernelStack:       41760 kB
ShadowCallStack:   10480 kB
PageTables:        82684 kB
NFS_Unstable:          0 kB
Bounce:                0 kB
WritebackTmp:          0 kB
CommitLimit:     8677876 kB
Committed_AS:   63454224 kB
VmallocTotal:   263061440 kB
VmallocUsed:      122644 kB
VmallocChunk:          0 kB
Percpu:             2520 kB
CmaTotal:         405504 kB
CmaFree:               0 kB
MemTotal:        7918584 kB
MemFree:          164456 kB
MemAvailable:     217716 kB
Buffers:             636 kB
Cached:           265324 kB
SwapCached:         7316 kB
Active:          2184812 kB
Inactive:        3213712 kB
Active(anon):    2081260 kB
Inactive(anon):  3070236 kB
Active(file):     103552 kB
Inactive(file):   143476 kB
Unevictable:        6544 kB
Mlocked:            6104 kB
SwapTotal:       4718584 kB
SwapFree:        1274196 kB
Dirty:               128 kB
Writeback:             0 kB
AnonPages:       5137900 kB
Mapped:           339912 kB
Shmem:             14148 kB
KReclaimable:     150392 kB
Slab:             306720 kB
SReclaimable:      75984 kB
SUnreclaim:       230736 kB
KernelStack:       41776 kB
ShadowCallStack:   10472 kB
PageTables:        82484 kB
NFS_Unstable:          0 kB
Bounce:                0 kB
WritebackTmp:          0 kB
CommitLimit:     8677876 kB
Committed_AS:   63552528 kB
VmallocTotal:   263061440 kB
VmallocUsed:      122644 kB
VmallocChunk:          0 kB
Percpu:             2520 kB
CmaTotal:         405504 kB
CmaFree:               0 kB
MemTotal:        7918584 kB
MemFree:          165904 kB
MemAvailable:     219728 kB
Buffers:             644 kB
Cached:           266104 kB
SwapCached:         7316 kB
Active:          2231380 kB
Inactive:        3166028 kB
Active(anon):    2127080 kB
Inactive(anon):  3022544 kB
Active(file):     104300 kB
Inactive(file):   143484 kB
Unevictable:        6544 kB
Mlocked:            6104 kB
SwapTotal:       4718584 kB
SwapFree:        1227868 kB
Dirty:               172 kB
Writeback:            16 kB
AnonPages:       5136300 kB
Mapped:           340280 kB
Shmem:             14148 kB
KReclaimable:     150008 kB
Slab:             306736 kB
SReclaimable:      75984 kB
SUnreclaim:       230752 kB
KernelStack:       41744 kB
ShadowCallStack:   10476 kB
PageTables:        83208 kB
NFS_Unstable:          0 kB
Bounce:                0 kB
WritebackTmp:          0 kB
CommitLimit:     8677876 kB
Committed_AS:   63618064 kB
VmallocTotal:   263061440 kB
VmallocUsed:      122636 kB
VmallocChunk:          0 kB
Percpu:             2520 kB
CmaTotal:         405504 kB
CmaFree:               4 kB
MemTotal:        7918584 kB
MemFree:          161240 kB
MemAvailable:     216704 kB
Buffers:             648 kB
Cached:           268568 kB
SwapCached:         7316 kB
Active:          2311624 kB
Inactive:        3090056 kB
Active(anon):    2204852 kB
Inactive(anon):  2946572 kB
Active(file):     106772 kB
Inactive(file):   143484 kB
Unevictable:        6544 kB
Mlocked:            6104 kB
SwapTotal:       4718584 kB
SwapFree:        1153672 kB
Dirty:               172 kB
Writeback:             0 kB
AnonPages:       5138124 kB
Mapped:           340980 kB
Shmem:             14152 kB
KReclaimable:     148344 kB
Slab:             306772 kB
SReclaimable:      75984 kB
SUnreclaim:       230788 kB
KernelStack:       41760 kB
ShadowCallStack:   10480 kB
PageTables:        83288 kB
NFS_Unstable:          0 kB
Bounce:                0 kB
WritebackTmp:          0 kB
CommitLimit:     8677876 kB
Committed_AS:   63765524 kB
VmallocTotal:   263061440 kB
VmallocUsed:      122648 kB
VmallocChunk:          0 kB
Percpu:             2520 kB
CmaTotal:         405504 kB
CmaFree:               0 kB
MemTotal:        7918584 kB
MemFree:          162444 kB
MemAvailable:     217396 kB
Buffers:             648 kB
Cached:           268576 kB
SwapCached:         7316 kB
Active:          2376012 kB
Inactive:        3024668 kB
Active(anon):    2269240 kB
Inactive(anon):  2881184 kB
Active(file):     106772 kB
Inactive(file):   143484 kB
Unevictable:        6544 kB
Mlocked:            6104 kB
SwapTotal:       4718584 kB
SwapFree:        1096340 kB
Dirty:                96 kB
Writeback:             8 kB
AnonPages:       5137116 kB
Mapped:           341208 kB
Shmem:             14152 kB
KReclaimable:     147320 kB
Slab:             306796 kB
SReclaimable:      75984 kB
SUnreclaim:       230812 kB
KernelStack:       41760 kB
ShadowCallStack:   10488 kB
PageTables:        83648 kB
NFS_Unstable:          0 kB
Bounce:                0 kB
WritebackTmp:          0 kB
CommitLimit:     8677876 kB
Committed_AS:   63863824 kB
VmallocTotal:   263061440 kB
VmallocUsed:      122644 kB
VmallocChunk:          0 kB
Percpu:             2520 kB
CmaTotal:         405504 kB
CmaFree:               0 kB
MemTotal:        7918584 kB
MemFree:          164384 kB
MemAvailable:     223112 kB
Buffers:             852 kB
Cached:           272904 kB
SwapCached:         7316 kB
Active:          2441180 kB
Inactive:        2957688 kB
Active(anon):    2330052 kB
Inactive(anon):  2814016 kB
Active(file):     111128 kB
Inactive(file):   143672 kB
Unevictable:        6544 kB
Mlocked:            6104 kB
SwapTotal:       4718584 kB
SwapFree:        1030876 kB
Dirty:                88 kB
Writeback:             8 kB
AnonPages:       5130672 kB
Mapped:           342360 kB
Shmem:             14164 kB
KReclaimable:     145784 kB
Slab:             306836 kB
SReclaimable:      75984 kB
SUnreclaim:       230852 kB
KernelStack:       41728 kB
ShadowCallStack:   10472 kB
PageTables:        83200 kB
NFS_Unstable:          0 kB
Bounce:                0 kB
WritebackTmp:          0 kB
CommitLimit:     8677876 kB
Committed_AS:   63962136 kB
VmallocTotal:   263061440 kB
VmallocUsed:      122640 kB
VmallocChunk:          0 kB
Percpu:             2520 kB
CmaTotal:         405504 kB
CmaFree:               0 kB
MemTotal:        7918584 kB
MemFree:          190548 kB
MemAvailable:     218232 kB
Buffers:             896 kB
Cached:           275428 kB
SwapCached:         7316 kB
Active:          2557656 kB
Inactive:        2748360 kB
Active(anon):    2444096 kB
Inactive(anon):  2604640 kB
Active(file):     113560 kB
Inactive(file):   143720 kB
Unevictable:        6544 kB
Mlocked:            6104 kB
SwapTotal:       4718584 kB
SwapFree:         838428 kB
Dirty:               112 kB
Writeback:             4 kB
AnonPages:       5035356 kB
Mapped:           343564 kB
Shmem:             14236 kB
KReclaimable:      93496 kB
Slab:             306880 kB
SReclaimable:      75984 kB
SUnreclaim:       230896 kB
KernelStack:       41856 kB
ShadowCallStack:   10508 kB
PageTables:        83868 kB
NFS_Unstable:          0 kB
Bounce:                0 kB
WritebackTmp:          0 kB
CommitLimit:     8677876 kB
Committed_AS:   64060836 kB
VmallocTotal:   263061440 kB
VmallocUsed:      122784 kB
VmallocChunk:          0 kB
Percpu:             2520 kB
CmaTotal:         405504 kB
CmaFree:              44 kB
MemTotal:        7918584 kB
MemFree:          156696 kB
MemAvailable:     191776 kB
Buffers:             920 kB
Cached:           275552 kB
SwapCached:         7316 kB
Active:          2616724 kB
Inactive:        2721136 kB
Active(anon):    2503164 kB
Inactive(anon):  2577340 kB
Active(file):     113560 kB
Inactive(file):   143796 kB
Unevictable:        6544 kB
Mlocked:            6104 kB
SwapTotal:       4718584 kB
SwapFree:         813140 kB
Dirty:               128 kB
Writeback:             0 kB
AnonPages:       5067032 kB
