MemTotal:        7918588 kB
MemFree:         2935944 kB
MemAvailable:    4431172 kB
Buffers:            5340 kB
Cached:          1364984 kB
SwapCached:         8916 kB
Active:          1696968 kB
Inactive:         655672 kB
Active(anon):     937252 kB
Inactive(anon):    64796 kB
Active(file):     759716 kB
Inactive(file):   590876 kB
Unevictable:        6336 kB
Mlocked:            5896 kB
SwapTotal:       4718584 kB
SwapFree:        4020472 kB
Dirty:            145072 kB
Writeback:            12 kB
AnonPages:        984828 kB
Mapped:           494492 kB
Shmem:             15108 kB
KReclaimable:     534860 kB
Slab:             314668 kB
SReclaimable:      85728 kB
SUnreclaim:       228940 kB
KernelStack:       50912 kB
ShadowCallStack:   12768 kB
PageTables:        64648 kB
NFS_Unstable:          0 kB
Bounce:                0 kB
WritebackTmp:          0 kB
CommitLimit:     8677876 kB
Committed_AS:   66067048 kB
VmallocTotal:   263061440 kB
VmallocUsed:      135652 kB
VmallocChunk:          0 kB
Percpu:             2448 kB
CmaTotal:         405504 kB
CmaFree:          322320 kB
MemTotal:        7918588 kB
MemFree:         3169056 kB
MemAvailable:    5092280 kB
Buffers:            5352 kB
Cached:          1374504 kB
SwapCached:         8976 kB
Active:          1464520 kB
Inactive:         655896 kB
Active(anon):     695928 kB
Inactive(anon):    64800 kB
Active(file):     768592 kB
Inactive(file):   591096 kB
Unevictable:        6336 kB
Mlocked:            5896 kB
SwapTotal:       4718584 kB
SwapFree:        4021496 kB
Dirty:            145096 kB
Writeback:             0 kB
AnonPages:        742728 kB
Mapped:           540652 kB
Shmem:             15548 kB
KReclaimable:     953760 kB
Slab:             314780 kB
SReclaimable:      85796 kB
SUnreclaim:       228984 kB
KernelStack:       51280 kB
ShadowCallStack:   12844 kB
PageTables:        64648 kB
NFS_Unstable:          0 kB
Bounce:                0 kB
WritebackTmp:          0 kB
CommitLimit:     8677876 kB
Committed_AS:   66149468 kB
VmallocTotal:   263061440 kB
VmallocUsed:      135980 kB
VmallocChunk:          0 kB
Percpu:             2448 kB
CmaTotal:         405504 kB
CmaFree:          322320 kB
MemTotal:        7918588 kB
MemFree:         3139468 kB
MemAvailable:    4847140 kB
Buffers:            5400 kB
Cached:          1375384 kB
SwapCached:         8992 kB
Active:          1491928 kB
Inactive:         655984 kB
Active(anon):     722552 kB
Inactive(anon):    64796 kB
Active(file):     769376 kB
Inactive(file):   591188 kB
Unevictable:        6336 kB
Mlocked:            5896 kB
SwapTotal:       4718584 kB
SwapFree:        4021752 kB
Dirty:            144812 kB
Writeback:             0 kB
AnonPages:        769368 kB
Mapped:           552112 kB
Shmem:             15600 kB
KReclaimable:     737332 kB
Slab:             315076 kB
SReclaimable:      85748 kB
SUnreclaim:       229328 kB
KernelStack:       51216 kB
ShadowCallStack:   12828 kB
PageTables:        65192 kB
NFS_Unstable:          0 kB
Bounce:                0 kB
WritebackTmp:          0 kB
CommitLimit:     8677876 kB
Committed_AS:   66178980 kB
VmallocTotal:   263061440 kB
VmallocUsed:      135972 kB
VmallocChunk:          0 kB
Percpu:             2448 kB
CmaTotal:         405504 kB
CmaFree:          322320 kB
MemTotal:        7918588 kB
MemFree:         3136080 kB
MemAvailable:    4843020 kB
Buffers:            5408 kB
Cached:          1375400 kB
SwapCached:         8992 kB
Active:          1495536 kB
Inactive:         656004 kB
Active(anon):     726160 kB
Inactive(anon):    64796 kB
Active(file):     769376 kB
Inactive(file):   591208 kB
Unevictable:        6336 kB
Mlocked:            5896 kB
SwapTotal:       4718584 kB
SwapFree:        4021752 kB
Dirty:            144864 kB
Writeback:             0 kB
AnonPages:        772780 kB
Mapped:           552788 kB
Shmem:             15604 kB
KReclaimable:     736580 kB
Slab:             315248 kB
SReclaimable:      85764 kB
SUnreclaim:       229484 kB
KernelStack:       51232 kB
ShadowCallStack:   12828 kB
PageTables:        65160 kB
NFS_Unstable:          0 kB
Bounce:                0 kB
WritebackTmp:          0 kB
CommitLimit:     8677876 kB
Committed_AS:   66179008 kB
VmallocTotal:   263061440 kB
VmallocUsed:      135976 kB
VmallocChunk:          0 kB
Percpu:             2448 kB
CmaTotal:         405504 kB
CmaFree:          322320 kB
MemTotal:        7918588 kB
MemFree:         3147240 kB
MemAvailable:    4854220 kB
Buffers:            5408 kB
Cached:          1375452 kB
SwapCached:         8992 kB
Active:          1489764 kB
Inactive:         653632 kB
Active(anon):     720380 kB
Inactive(anon):    62408 kB
Active(file):     769384 kB
Inactive(file):   591224 kB
Unevictable:        6336 kB
Mlocked:            5896 kB
SwapTotal:       4718584 kB
SwapFree:        4023288 kB
Dirty:            144880 kB
Writeback:             0 kB
AnonPages:        764808 kB
Mapped:           553512 kB
Shmem:             15632 kB
KReclaimable:     736596 kB
Slab:             315348 kB
SReclaimable:      85780 kB
SUnreclaim:       229568 kB
KernelStack:       51216 kB
ShadowCallStack:   12832 kB
PageTables:        65356 kB
NFS_Unstable:          0 kB
Bounce:                0 kB
WritebackTmp:          0 kB
CommitLimit:     8677876 kB
Committed_AS:   66178952 kB
VmallocTotal:   263061440 kB
VmallocUsed:      135956 kB
VmallocChunk:          0 kB
Percpu:             2448 kB
CmaTotal:         405504 kB
CmaFree:          323368 kB
MemTotal:        7918588 kB
MemFree:         3151380 kB
MemAvailable:    4878532 kB
Buffers:            5416 kB
Cached:          1375452 kB
SwapCached:         8992 kB
Active:          1484028 kB
Inactive:         653636 kB
Active(anon):     714644 kB
Inactive(anon):    62404 kB
Active(file):     769384 kB
Inactive(file):   591232 kB
Unevictable:        6336 kB
Mlocked:            5896 kB
SwapTotal:       4718584 kB
SwapFree:        4023288 kB
Dirty:            144928 kB
Writeback:             0 kB
AnonPages:        758864 kB
Mapped:           553704 kB
Shmem:             15632 kB
KReclaimable:     756760 kB
Slab:             315520 kB
SReclaimable:      85780 kB
SUnreclaim:       229740 kB
KernelStack:       51056 kB
ShadowCallStack:   12788 kB
PageTables:        65300 kB
NFS_Unstable:          0 kB
Bounce:                0 kB
WritebackTmp:          0 kB
CommitLimit:     8677876 kB
Committed_AS:   66178468 kB
VmallocTotal:   263061440 kB
VmallocUsed:      135492 kB
VmallocChunk:          0 kB
Percpu:             2448 kB
CmaTotal:         405504 kB
CmaFree:          323440 kB
MemTotal:        7918588 kB
MemFree:         3135472 kB
MemAvailable:    4862624 kB
Buffers:            5416 kB
Cached:          1375452 kB
SwapCached:         8992 kB
Active:          1502004 kB
Inactive:         653640 kB
Active(anon):     732620 kB
Inactive(anon):    62408 kB
Active(file):     769384 kB
Inactive(file):   591232 kB
Unevictable:        6336 kB
Mlocked:            5896 kB
SwapTotal:       4718584 kB
SwapFree:        4023288 kB
Dirty:            144928 kB
Writeback:             0 kB
AnonPages:        776880 kB
Mapped:           555096 kB
Shmem:             15632 kB
KReclaimable:     756760 kB
Slab:             315416 kB
SReclaimable:      85780 kB
SUnreclaim:       229636 kB
KernelStack:       51040 kB
ShadowCallStack:   12788 kB
PageTables:        65124 kB
NFS_Unstable:          0 kB
Bounce:                0 kB
WritebackTmp:          0 kB
CommitLimit:     8677876 kB
Committed_AS:   66198804 kB
VmallocTotal:   263061440 kB
VmallocUsed:      135472 kB
VmallocChunk:          0 kB
Percpu:             2448 kB
CmaTotal:         405504 kB
CmaFree:          323440 kB
MemTotal:        7918588 kB
MemFree:         3051148 kB
MemAvailable:    4779572 kB
Buffers:            5420 kB
Cached:          1376720 kB
SwapCached:         8992 kB
Active:          1585652 kB
Inactive:         653652 kB
Active(anon):     815008 kB
Inactive(anon):    62408 kB
Active(file):     770644 kB
Inactive(file):   591244 kB
Unevictable:        6336 kB
Mlocked:            5896 kB
SwapTotal:       4718584 kB
SwapFree:        4023288 kB
Dirty:            113180 kB
Writeback:         31652 kB
AnonPages:        859324 kB
Mapped:           568252 kB
Shmem:             15632 kB
KReclaimable:     756760 kB
Slab:             315344 kB
SReclaimable:      85780 kB
SUnreclaim:       229564 kB
KernelStack:       51056 kB
ShadowCallStack:   12796 kB
PageTables:        65404 kB
NFS_Unstable:          0 kB
Bounce:                0 kB
WritebackTmp:          0 kB
CommitLimit:     8677876 kB
Committed_AS:   66361768 kB
VmallocTotal:   263061440 kB
VmallocUsed:      135492 kB
VmallocChunk:          0 kB
Percpu:             2448 kB
CmaTotal:         405504 kB
CmaFree:          323440 kB
MemTotal:        7918588 kB
MemFree:         2919844 kB
MemAvailable:    4580668 kB
Buffers:            5428 kB
Cached:          1377220 kB
SwapCached:         8992 kB
Active:          1716340 kB
Inactive:         653696 kB
Active(anon):     945244 kB
Inactive(anon):    62404 kB
Active(file):     771096 kB
Inactive(file):   591292 kB
Unevictable:        6336 kB
Mlocked:            5896 kB
SwapTotal:       4718584 kB
SwapFree:        4023288 kB
Dirty:             18164 kB
Writeback:             0 kB
AnonPages:        989508 kB
Mapped:           640620 kB
Shmem:             15640 kB
KReclaimable:     688660 kB
Slab:             315672 kB
SReclaimable:      85780 kB
SUnreclaim:       229892 kB
KernelStack:       51088 kB
ShadowCallStack:   12796 kB
PageTables:        66128 kB
NFS_Unstable:          0 kB
Bounce:                0 kB
WritebackTmp:          0 kB
CommitLimit:     8677876 kB
Committed_AS:   66560940 kB
VmallocTotal:   263061440 kB
VmallocUsed:      135500 kB
VmallocChunk:          0 kB
Percpu:             2448 kB
CmaTotal:         405504 kB
CmaFree:          323440 kB
MemTotal:        7918588 kB
MemFree:         2866812 kB
MemAvailable:    4480004 kB
Buffers:            5472 kB
Cached:          1377480 kB
SwapCached:         9004 kB
Active:          1769552 kB
Inactive:         653828 kB
Active(anon):     998292 kB
Inactive(anon):    62408 kB
Active(file):     771260 kB
Inactive(file):   591420 kB
Unevictable:        6336 kB
Mlocked:            5896 kB
SwapTotal:       4718584 kB
SwapFree:        4023288 kB
Dirty:             18184 kB
Writeback:             0 kB
AnonPages:       1042652 kB
Mapped:           664320 kB
Shmem:             15652 kB
KReclaimable:     640736 kB
Slab:             315768 kB
SReclaimable:      85780 kB
SUnreclaim:       229988 kB
KernelStack:       51104 kB
ShadowCallStack:   12800 kB
PageTables:        66408 kB
NFS_Unstable:          0 kB
Bounce:                0 kB
WritebackTmp:          0 kB
CommitLimit:     8677876 kB
Committed_AS:   66701340 kB
VmallocTotal:   263061440 kB
VmallocUsed:      135540 kB
VmallocChunk:          0 kB
Percpu:             2448 kB
CmaTotal:         405504 kB
CmaFree:          323440 kB
MemTotal:        7918588 kB
MemFree:         2769652 kB
MemAvailable:    4380572 kB
Buffers:            5472 kB
Cached:          1377480 kB
SwapCached:         9004 kB
Active:          1866300 kB
Inactive:         653820 kB
Active(anon):    1095040 kB
Inactive(anon):    62400 kB
Active(file):     771260 kB
Inactive(file):   591420 kB
Unevictable:        6336 kB
Mlocked:            5896 kB
SwapTotal:       4718584 kB
SwapFree:        4023288 kB
Dirty:             18288 kB
Writeback:             0 kB
AnonPages:       1139228 kB
Mapped:           666052 kB
Shmem:             15652 kB
KReclaimable:     638464 kB
Slab:             315952 kB
SReclaimable:      85780 kB
SUnreclaim:       230172 kB
KernelStack:       51104 kB
ShadowCallStack:   12796 kB
PageTables:        66960 kB
NFS_Unstable:          0 kB
Bounce:                0 kB
WritebackTmp:          0 kB
CommitLimit:     8677876 kB
Committed_AS:   66947096 kB
VmallocTotal:   263061440 kB
VmallocUsed:      135568 kB
VmallocChunk:          0 kB
Percpu:             2448 kB
CmaTotal:         405504 kB
CmaFree:          323440 kB
MemTotal:        7918588 kB
MemFree:         2693232 kB
MemAvailable:    4303256 kB
Buffers:            5472 kB
Cached:          1377484 kB
SwapCached:         9004 kB
Active:          1941852 kB
Inactive:         653640 kB
Active(anon):    1170592 kB
Inactive(anon):    62220 kB
Active(file):     771260 kB
Inactive(file):   591420 kB
Unevictable:        6336 kB
Mlocked:            5896 kB
SwapTotal:       4718584 kB
SwapFree:        4023544 kB
Dirty:             18200 kB
Writeback:             0 kB
AnonPages:       1214652 kB
Mapped:           666496 kB
Shmem:             15656 kB
KReclaimable:     637568 kB
Slab:             316140 kB
SReclaimable:      85780 kB
SUnreclaim:       230360 kB
KernelStack:       51136 kB
ShadowCallStack:   12804 kB
PageTables:        67448 kB
NFS_Unstable:          0 kB
Bounce:                0 kB
WritebackTmp:          0 kB
CommitLimit:     8677876 kB
Committed_AS:   67127324 kB
VmallocTotal:   263061440 kB
VmallocUsed:      135572 kB
VmallocChunk:          0 kB
Percpu:             2448 kB
CmaTotal:         405504 kB
CmaFree:          323440 kB
MemTotal:        7918588 kB
MemFree:         2585644 kB
MemAvailable:    4185704 kB
Buffers:            5472 kB
Cached:          1377524 kB
SwapCached:         9004 kB
Active:          2049244 kB
Inactive:         653636 kB
Active(anon):    1277984 kB
Inactive(anon):    62216 kB
Active(file):     771260 kB
Inactive(file):   591420 kB
Unevictable:        6336 kB
Mlocked:            5896 kB
SwapTotal:       4718584 kB
SwapFree:        4023544 kB
Dirty:             18200 kB
Writeback:             0 kB
AnonPages:       1322000 kB
Mapped:           667564 kB
Shmem:             15696 kB
KReclaimable:     627604 kB
Slab:             316080 kB
SReclaimable:      85796 kB
SUnreclaim:       230284 kB
KernelStack:       51104 kB
ShadowCallStack:   12792 kB
PageTables:        67708 kB
NFS_Unstable:          0 kB
Bounce:                0 kB
WritebackTmp:          0 kB
CommitLimit:     8677876 kB
Committed_AS:   67405812 kB
VmallocTotal:   263061440 kB
VmallocUsed:      135520 kB
VmallocChunk:          0 kB
Percpu:             2448 kB
CmaTotal:         405504 kB
CmaFree:          323440 kB
MemTotal:        7918588 kB
MemFree:         2487240 kB
MemAvailable:    4086268 kB
Buffers:            5472 kB
Cached:          1377556 kB
SwapCached:         9004 kB
Active:          2148028 kB
Inactive:         653668 kB
Active(anon):    1376768 kB
Inactive(anon):    62216 kB
Active(file):     771260 kB
Inactive(file):   591452 kB
Unevictable:        6336 kB
Mlocked:            5896 kB
SwapTotal:       4718584 kB
SwapFree:        4023544 kB
Dirty:             18232 kB
Writeback:             0 kB
AnonPages:       1420904 kB
Mapped:           668156 kB
Shmem:             15696 kB
KReclaimable:     626540 kB
Slab:             316176 kB
SReclaimable:      85796 kB
SUnreclaim:       230380 kB
KernelStack:       51088 kB
ShadowCallStack:   12796 kB
PageTables:        68368 kB
NFS_Unstable:          0 kB
Bounce:                0 kB
WritebackTmp:          0 kB
CommitLimit:     8677876 kB
Committed_AS:   67635168 kB
VmallocTotal:   263061440 kB
VmallocUsed:      135528 kB
VmallocChunk:          0 kB
Percpu:             2448 kB
CmaTotal:         405504 kB
CmaFree:          323440 kB
MemTotal:        7918588 kB
MemFree:         2346760 kB
MemAvailable:    3814004 kB
Buffers:            5480 kB
Cached:          1377700 kB
SwapCached:         9004 kB
Active:          2287032 kB
Inactive:         653736 kB
Active(anon):    1515772 kB
Inactive(anon):    62220 kB
Active(file):     771260 kB
Inactive(file):   591516 kB
Unevictable:        6336 kB
Mlocked:            5896 kB
SwapTotal:       4718584 kB
SwapFree:        4023544 kB
Dirty:             18252 kB
Writeback:             0 kB
AnonPages:       1559756 kB
Mapped:           667132 kB
Shmem:             15784 kB
KReclaimable:     494692 kB
Slab:             316136 kB
SReclaimable:      85796 kB
SUnreclaim:       230340 kB
KernelStack:       51216 kB
ShadowCallStack:   12824 kB
PageTables:        68780 kB
NFS_Unstable:          0 kB
Bounce:                0 kB
WritebackTmp:          0 kB
CommitLimit:     8677876 kB
Committed_AS:   67897680 kB
VmallocTotal:   263061440 kB
VmallocUsed:      135708 kB
VmallocChunk:          0 kB
Percpu:             2448 kB
CmaTotal:         405504 kB
CmaFree:          323440 kB
MemTotal:        7918588 kB
MemFree:         2280468 kB
MemAvailable:    3876792 kB
Buffers:            5480 kB
Cached:          1377612 kB
SwapCached:         9008 kB
Active:          2352444 kB
Inactive:         653736 kB
Active(anon):    1581184 kB
Inactive(anon):    62220 kB
Active(file):     771260 kB
Inactive(file):   591516 kB
Unevictable:        6336 kB
Mlocked:            5896 kB
SwapTotal:       4718584 kB
SwapFree:        4023544 kB
Dirty:             18280 kB
Writeback:             0 kB
AnonPages:       1625264 kB
Mapped:           667536 kB
Shmem:             15696 kB
KReclaimable:     623772 kB
Slab:             316156 kB
SReclaimable:      85764 kB
SUnreclaim:       230392 kB
KernelStack:       51088 kB
ShadowCallStack:   12796 kB
PageTables:        69236 kB
NFS_Unstable:          0 kB
Bounce:                0 kB
WritebackTmp:          0 kB
CommitLimit:     8677876 kB
Committed_AS:   68143044 kB
VmallocTotal:   263061440 kB
VmallocUsed:      135568 kB
VmallocChunk:          0 kB
Percpu:             2448 kB
CmaTotal:         405504 kB
CmaFree:          323440 kB
MemTotal:        7918588 kB
MemFree:         2197708 kB
MemAvailable:    3793184 kB
Buffers:            5488 kB
Cached:          1377604 kB
SwapCached:         9008 kB
Active:          2435428 kB
Inactive:         653736 kB
Active(anon):    1664168 kB
Inactive(anon):    62220 kB
Active(file):     771260 kB
Inactive(file):   591516 kB
Unevictable:        6336 kB
Mlocked:            5896 kB
SwapTotal:       4718584 kB
SwapFree:        4023544 kB
Dirty:             18280 kB
Writeback:             0 kB
AnonPages:       1708240 kB
Mapped:           667992 kB
Shmem:             15696 kB
KReclaimable:     622924 kB
Slab:             316256 kB
SReclaimable:      85764 kB
SUnreclaim:       230492 kB
KernelStack:       51088 kB
ShadowCallStack:   12792 kB
PageTables:        69472 kB
NFS_Unstable:          0 kB
Bounce:                0 kB
WritebackTmp:          0 kB
CommitLimit:     8677876 kB
Committed_AS:   68356036 kB
VmallocTotal:   263061440 kB
VmallocUsed:      135548 kB
VmallocChunk:          0 kB
Percpu:             2448 kB
CmaTotal:         405504 kB
CmaFree:          323440 kB
MemTotal:        7918588 kB
MemFree:         2099940 kB
MemAvailable:    3693976 kB
Buffers:            5488 kB
Cached:          1377612 kB
SwapCached:         9008 kB
Active:          2531496 kB
Inactive:         653744 kB
Active(anon):    1760236 kB
Inactive(anon):    62220 kB
Active(file):     771260 kB
Inactive(file):   591524 kB
Unevictable:        6336 kB
Mlocked:            5896 kB
SwapTotal:       4718584 kB
SwapFree:        4023544 kB
Dirty:             18344 kB
Writeback:             0 kB
AnonPages:       1804260 kB
Mapped:           669040 kB
Shmem:             15696 kB
KReclaimable:     621476 kB
Slab:             316304 kB
SReclaimable:      85764 kB
SUnreclaim:       230540 kB
KernelStack:       51088 kB
ShadowCallStack:   12796 kB
PageTables:        70108 kB
NFS_Unstable:          0 kB
Bounce:                0 kB
WritebackTmp:          0 kB
CommitLimit:     8677876 kB
Committed_AS:   68585412 kB
VmallocTotal:   263061440 kB
VmallocUsed:      135552 kB
VmallocChunk:          0 kB
Percpu:             2448 kB
CmaTotal:         405504 kB
CmaFree:          323440 kB
MemTotal:        7918588 kB
MemFree:         2016976 kB
MemAvailable:    3610356 kB
Buffers:            5488 kB
Cached:          1377672 kB
SwapCached:         9008 kB
Active:          2614268 kB
Inactive:         653800 kB
Active(anon):    1843008 kB
Inactive(anon):    62220 kB
Active(file):     771260 kB
Inactive(file):   591580 kB
Unevictable:        6336 kB
Mlocked:            5896 kB
SwapTotal:       4718584 kB
SwapFree:        4023544 kB
Dirty:             18368 kB
Writeback:             0 kB
AnonPages:       1887040 kB
Mapped:           669468 kB
Shmem:             15700 kB
KReclaimable:     620764 kB
Slab:             316320 kB
SReclaimable:      85764 kB
SUnreclaim:       230556 kB
KernelStack:       51072 kB
ShadowCallStack:   12800 kB
PageTables:        70332 kB
NFS_Unstable:          0 kB
Bounce:                0 kB
WritebackTmp:          0 kB
CommitLimit:     8677876 kB
Committed_AS:   68783176 kB
VmallocTotal:   263061440 kB
VmallocUsed:      135548 kB
VmallocChunk:          0 kB
Percpu:             2448 kB
CmaTotal:         405504 kB
CmaFree:          323440 kB
MemTotal:        7918588 kB
MemFree:         1938544 kB
MemAvailable:    3531132 kB
Buffers:            5512 kB
Cached:          1377676 kB
SwapCached:         9008 kB
Active:          2692380 kB
Inactive:         653816 kB
Active(anon):    1921120 kB
Inactive(anon):    62212 kB
Active(file):     771260 kB
Inactive(file):   591604 kB
Unevictable:        6336 kB
Mlocked:            5896 kB
SwapTotal:       4718584 kB
SwapFree:        4023544 kB
Dirty:             18368 kB
Writeback:             0 kB
AnonPages:       1965164 kB
Mapped:           670284 kB
Shmem:             15704 kB
KReclaimable:     619948 kB
Slab:             316292 kB
SReclaimable:      85764 kB
SUnreclaim:       230528 kB
KernelStack:       51120 kB
ShadowCallStack:   12800 kB
PageTables:        70876 kB
NFS_Unstable:          0 kB
Bounce:                0 kB
WritebackTmp:          0 kB
CommitLimit:     8677876 kB
Committed_AS:   68979788 kB
VmallocTotal:   263061440 kB
VmallocUsed:      135548 kB
VmallocChunk:          0 kB
Percpu:             2448 kB
CmaTotal:         405504 kB
CmaFree:          323440 kB
MemTotal:        7918588 kB
MemFree:         1852060 kB
MemAvailable:    3443248 kB
Buffers:            5512 kB
Cached:          1377676 kB
SwapCached:         9008 kB
Active:          2779112 kB
Inactive:         653824 kB
Active(anon):    2007852 kB
Inactive(anon):    62220 kB
Active(file):     771260 kB
Inactive(file):   591604 kB
Unevictable:        6336 kB
Mlocked:            5896 kB
SwapTotal:       4718584 kB
SwapFree:        4023544 kB
Dirty:             18368 kB
Writeback:             0 kB
AnonPages:       2051680 kB
Mapped:           670916 kB
Shmem:             15704 kB
KReclaimable:     618548 kB
Slab:             316360 kB
SReclaimable:      85764 kB
SUnreclaim:       230596 kB
KernelStack:       51088 kB
ShadowCallStack:   12800 kB
PageTables:        71084 kB
NFS_Unstable:          0 kB
Bounce:                0 kB
WritebackTmp:          0 kB
CommitLimit:     8677876 kB
Committed_AS:   69143628 kB
VmallocTotal:   263061440 kB
VmallocUsed:      135520 kB
VmallocChunk:          0 kB
Percpu:             2448 kB
CmaTotal:         405504 kB
CmaFree:          323444 kB
MemTotal:        7918588 kB
MemFree:         1770260 kB
MemAvailable:    3360632 kB
Buffers:            5512 kB
Cached:          1377676 kB
SwapCached:         9008 kB
Active:          2859976 kB
Inactive:         653824 kB
Active(anon):    2088716 kB
Inactive(anon):    62220 kB
Active(file):     771260 kB
Inactive(file):   591604 kB
Unevictable:        6336 kB
Mlocked:            5896 kB
SwapTotal:       4718584 kB
SwapFree:        4023544 kB
Dirty:             18368 kB
Writeback:             0 kB
AnonPages:       2132736 kB
Mapped:           671536 kB
Shmem:             15704 kB
KReclaimable:     617732 kB
Slab:             316408 kB
SReclaimable:      85764 kB
SUnreclaim:       230644 kB
KernelStack:       51056 kB
ShadowCallStack:   12804 kB
PageTables:        71476 kB
NFS_Unstable:          0 kB
Bounce:                0 kB
WritebackTmp:          0 kB
CommitLimit:     8677876 kB
Committed_AS:   69340240 kB
VmallocTotal:   263061440 kB
VmallocUsed:      135516 kB
VmallocChunk:          0 kB
Percpu:             2448 kB
CmaTotal:         405504 kB
CmaFree:          323440 kB
MemTotal:        7918588 kB
MemFree:         1694848 kB
MemAvailable:    3284220 kB
Buffers:            5512 kB
Cached:          1377676 kB
SwapCached:         9008 kB
Active:          2934056 kB
Inactive:         653820 kB
Active(anon):    2162796 kB
Inactive(anon):    62216 kB
Active(file):     771260 kB
Inactive(file):   591604 kB
Unevictable:        6336 kB
Mlocked:            5896 kB
SwapTotal:       4718584 kB
SwapFree:        4023544 kB
Dirty:             18368 kB
Writeback:             0 kB
AnonPages:       2206808 kB
Mapped:           672036 kB
Shmem:             15704 kB
KReclaimable:     616732 kB
Slab:             316572 kB
SReclaimable:      85764 kB
SUnreclaim:       230808 kB
KernelStack:       51072 kB
ShadowCallStack:   12796 kB
PageTables:        72100 kB
NFS_Unstable:          0 kB
Bounce:                0 kB
WritebackTmp:          0 kB
CommitLimit:     8677876 kB
Committed_AS:   69504024 kB
VmallocTotal:   263061440 kB
VmallocUsed:      135516 kB
VmallocChunk:          0 kB
Percpu:             2448 kB
CmaTotal:         405504 kB
CmaFree:          323440 kB
MemTotal:        7918588 kB
MemFree:         1649808 kB
MemAvailable:    3238304 kB
Buffers:            5512 kB
Cached:          1377688 kB
SwapCached:         9008 kB
Active:          2979372 kB
Inactive:         653836 kB
Active(anon):    2208112 kB
Inactive(anon):    62220 kB
Active(file):     771260 kB
Inactive(file):   591616 kB
Unevictable:        6336 kB
Mlocked:            5896 kB
SwapTotal:       4718584 kB
SwapFree:        4023544 kB
Dirty:             18380 kB
Writeback:             0 kB
AnonPages:       2252164 kB
Mapped:           672364 kB
Shmem:             15704 kB
KReclaimable:     615844 kB
Slab:             316536 kB
SReclaimable:      85764 kB
SUnreclaim:       230772 kB
KernelStack:       51104 kB
ShadowCallStack:   12792 kB
PageTables:        72124 kB
NFS_Unstable:          0 kB
Bounce:                0 kB
WritebackTmp:          0 kB
CommitLimit:     8677876 kB
Committed_AS:   69602328 kB
VmallocTotal:   263061440 kB
VmallocUsed:      135512 kB
VmallocChunk:          0 kB
Percpu:             2448 kB
CmaTotal:         405504 kB
CmaFree:          284152 kB
MemTotal:        7918588 kB
MemFree:         1578472 kB
MemAvailable:    3166176 kB
Buffers:            5520 kB
Cached:          1377696 kB
SwapCached:         9008 kB
Active:          3050096 kB
Inactive:         653844 kB
Active(anon):    2278836 kB
Inactive(anon):    62220 kB
Active(file):     771260 kB
Inactive(file):   591624 kB
Unevictable:        6336 kB
Mlocked:            5896 kB
SwapTotal:       4718584 kB
SwapFree:        4023544 kB
Dirty:             18380 kB
Writeback:             0 kB
AnonPages:       2322844 kB
Mapped:           673056 kB
Shmem:             15712 kB
KReclaimable:     615044 kB
Slab:             316600 kB
SReclaimable:      85764 kB
SUnreclaim:       230836 kB
KernelStack:       51056 kB
ShadowCallStack:   12788 kB
PageTables:        72488 kB
NFS_Unstable:          0 kB
Bounce:                0 kB
WritebackTmp:          0 kB
CommitLimit:     8677876 kB
Committed_AS:   69766176 kB
VmallocTotal:   263061440 kB
VmallocUsed:      135476 kB
VmallocChunk:          0 kB
Percpu:             2448 kB
CmaTotal:         405504 kB
CmaFree:          213296 kB
MemTotal:        7918588 kB
MemFree:         1513632 kB
MemAvailable:    3100544 kB
Buffers:            5520 kB
Cached:          1377912 kB
SwapCached:         9008 kB
Active:          3113388 kB
Inactive:         654060 kB
Active(anon):    2342128 kB
Inactive(anon):    62220 kB
Active(file):     771260 kB
Inactive(file):   591840 kB
Unevictable:        6336 kB
Mlocked:            5896 kB
SwapTotal:       4718584 kB
SwapFree:        4023544 kB
Dirty:             18392 kB
Writeback:             0 kB
AnonPages:       2385944 kB
Mapped:           673792 kB
Shmem:             15712 kB
KReclaimable:     614036 kB
Slab:             316604 kB
SReclaimable:      85764 kB
SUnreclaim:       230840 kB
KernelStack:       51072 kB
ShadowCallStack:   12792 kB
PageTables:        72728 kB
NFS_Unstable:          0 kB
Bounce:                0 kB
WritebackTmp:          0 kB
CommitLimit:     8677876 kB
Committed_AS:   69913632 kB
VmallocTotal:   263061440 kB
VmallocUsed:      135488 kB
VmallocChunk:          0 kB
Percpu:             2448 kB
CmaTotal:         405504 kB
CmaFree:          149256 kB
MemTotal:        7918588 kB
MemFree:         1460688 kB
MemAvailable:    3047008 kB
Buffers:            5520 kB
Cached:          1377912 kB
SwapCached:         9008 kB
Active:          3165084 kB
Inactive:         654060 kB
Active(anon):    2393824 kB
Inactive(anon):    62220 kB
Active(file):     771260 kB
Inactive(file):   591840 kB
Unevictable:        6336 kB
Mlocked:            5896 kB
SwapTotal:       4718584 kB
SwapFree:        4023544 kB
Dirty:             18392 kB
Writeback:             0 kB
AnonPages:       2437856 kB
Mapped:           674140 kB
Shmem:             15712 kB
KReclaimable:     613444 kB
Slab:             316684 kB
SReclaimable:      85764 kB
SUnreclaim:       230920 kB
KernelStack:       51072 kB
ShadowCallStack:   12792 kB
PageTables:        72992 kB
NFS_Unstable:          0 kB
Bounce:                0 kB
WritebackTmp:          0 kB
CommitLimit:     8677876 kB
Committed_AS:   70044708 kB
VmallocTotal:   263061440 kB
VmallocUsed:      135508 kB
VmallocChunk:          0 kB
Percpu:             2448 kB
CmaTotal:         405504 kB
CmaFree:           97092 kB
MemTotal:        7918588 kB
MemFree:         1407428 kB
MemAvailable:    2993260 kB
Buffers:            5520 kB
Cached:          1377928 kB
SwapCached:         9008 kB
Active:          3218904 kB
Inactive:         654060 kB
Active(anon):    2447644 kB
Inactive(anon):    62220 kB
Active(file):     771260 kB
Inactive(file):   591840 kB
Unevictable:        6336 kB
Mlocked:            5896 kB
SwapTotal:       4718584 kB
SwapFree:        4023544 kB
Dirty:             18392 kB
Writeback:             0 kB
AnonPages:       2491480 kB
Mapped:           674552 kB
Shmem:             15728 kB
KReclaimable:     612956 kB
Slab:             316600 kB
SReclaimable:      85732 kB
SUnreclaim:       230868 kB
KernelStack:       50960 kB
ShadowCallStack:   12764 kB
PageTables:        73220 kB
NFS_Unstable:          0 kB
Bounce:                0 kB
WritebackTmp:          0 kB
CommitLimit:     8677876 kB
Committed_AS:   70160120 kB
VmallocTotal:   263061440 kB
VmallocUsed:      135388 kB
VmallocChunk:          0 kB
Percpu:             2448 kB
CmaTotal:         405504 kB
CmaFree:           43944 kB
MemTotal:        7918588 kB
MemFree:         1351980 kB
MemAvailable:    2936936 kB
Buffers:            5520 kB
Cached:          1377940 kB
SwapCached:         9008 kB
Active:          3275848 kB
Inactive:         654072 kB
Active(anon):    2504588 kB
Inactive(anon):    62220 kB
Active(file):     771260 kB
Inactive(file):   591852 kB
Unevictable:        6336 kB
Mlocked:            5896 kB
SwapTotal:       4718584 kB
SwapFree:        4023544 kB
Dirty:             18068 kB
Writeback:             0 kB
AnonPages:       2548608 kB
Mapped:           675072 kB
Shmem:             15728 kB
KReclaimable:     612068 kB
Slab:             316508 kB
SReclaimable:      85732 kB
SUnreclaim:       230776 kB
KernelStack:       50928 kB
ShadowCallStack:   12752 kB
PageTables:        73440 kB
NFS_Unstable:          0 kB
Bounce:                0 kB
WritebackTmp:          0 kB
CommitLimit:     8677876 kB
Committed_AS:   70274756 kB
VmallocTotal:   263061440 kB
VmallocUsed:      135380 kB
VmallocChunk:          0 kB
Percpu:             2448 kB
CmaTotal:         405504 kB
CmaFree:               0 kB
MemTotal:        7918588 kB
MemFree:         1304472 kB
MemAvailable:    2888720 kB
Buffers:            5544 kB
Cached:          1377944 kB
SwapCached:         9008 kB
Active:          3323312 kB
Inactive:         654100 kB
Active(anon):    2552052 kB
Inactive(anon):    62220 kB
Active(file):     771260 kB
Inactive(file):   591880 kB
Unevictable:        6336 kB
Mlocked:            5896 kB
SwapTotal:       4718584 kB
SwapFree:        4023800 kB
Dirty:             18084 kB
Writeback:             0 kB
AnonPages:       2596180 kB
Mapped:           675396 kB
Shmem:             15728 kB
KReclaimable:     611332 kB
Slab:             316552 kB
SReclaimable:      85732 kB
SUnreclaim:       230820 kB
KernelStack:       50960 kB
ShadowCallStack:   12764 kB
PageTables:        73700 kB
NFS_Unstable:          0 kB
Bounce:                0 kB
WritebackTmp:          0 kB
CommitLimit:     8677876 kB
Committed_AS:   70389444 kB
VmallocTotal:   263061440 kB
VmallocUsed:      135372 kB
VmallocChunk:          0 kB
Percpu:             2448 kB
CmaTotal:         405504 kB
CmaFree:               0 kB
MemTotal:        7918588 kB
MemFree:         1260996 kB
MemAvailable:    2844896 kB
Buffers:            5544 kB
Cached:          1377940 kB
SwapCached:         9008 kB
Active:          3366740 kB
Inactive:         654088 kB
Active(anon):    2595480 kB
Inactive(anon):    62212 kB
Active(file):     771260 kB
Inactive(file):   591876 kB
Unevictable:        6336 kB
Mlocked:            5896 kB
SwapTotal:       4718584 kB
SwapFree:        4023800 kB
Dirty:             18080 kB
Writeback:             4 kB
AnonPages:       2639664 kB
Mapped:           675740 kB
Shmem:             15728 kB
KReclaimable:     610988 kB
Slab:             316664 kB
SReclaimable:      85732 kB
SUnreclaim:       230932 kB
KernelStack:       50992 kB
ShadowCallStack:   12760 kB
PageTables:        73916 kB
NFS_Unstable:          0 kB
Bounce:                0 kB
WritebackTmp:          0 kB
CommitLimit:     8677876 kB
Committed_AS:   70504136 kB
VmallocTotal:   263061440 kB
VmallocUsed:      135372 kB
VmallocChunk:          0 kB
Percpu:             2448 kB
CmaTotal:         405504 kB
CmaFree:               0 kB
MemTotal:        7918588 kB
MemFree:         1203228 kB
MemAvailable:    2785980 kB
Buffers:            5544 kB
Cached:          1377948 kB
SwapCached:         9008 kB
Active:          3423812 kB
Inactive:         654100 kB
Active(anon):    2652552 kB
Inactive(anon):    62220 kB
Active(file):     771260 kB
Inactive(file):   591880 kB
Unevictable:        6336 kB
Mlocked:            5896 kB
SwapTotal:       4718584 kB
SwapFree:        4023800 kB
Dirty:             18084 kB
Writeback:             0 kB
AnonPages:       2696576 kB
Mapped:           676392 kB
Shmem:             15732 kB
KReclaimable:     609836 kB
Slab:             316628 kB
SReclaimable:      85732 kB
SUnreclaim:       230896 kB
KernelStack:       50944 kB
ShadowCallStack:   12760 kB
PageTables:        74104 kB
NFS_Unstable:          0 kB
Bounce:                0 kB
WritebackTmp:          0 kB
CommitLimit:     8677876 kB
Committed_AS:   70618824 kB
VmallocTotal:   263061440 kB
VmallocUsed:      135372 kB
VmallocChunk:          0 kB
Percpu:             2448 kB
CmaTotal:         405504 kB
CmaFree:               0 kB
MemTotal:        7918588 kB
MemFree:         1163912 kB
MemAvailable:    2746176 kB
Buffers:            5544 kB
Cached:          1377952 kB
SwapCached:         9008 kB
Active:          3462528 kB
Inactive:         654108 kB
Active(anon):    2691268 kB
Inactive(anon):    62228 kB
Active(file):     771260 kB
Inactive(file):   591880 kB
Unevictable:        6336 kB
Mlocked:            5896 kB
SwapTotal:       4718584 kB
SwapFree:        4023800 kB
Dirty:             18084 kB
Writeback:             0 kB
AnonPages:       2735448 kB
Mapped:           676896 kB
Shmem:             15736 kB
KReclaimable:     609348 kB
Slab:             316624 kB
SReclaimable:      85748 kB
SUnreclaim:       230876 kB
KernelStack:       50640 kB
ShadowCallStack:   12680 kB
PageTables:        74364 kB
NFS_Unstable:          0 kB
Bounce:                0 kB
WritebackTmp:          0 kB
CommitLimit:     8677876 kB
Committed_AS:   70699604 kB
VmallocTotal:   263061440 kB
VmallocUsed:      134952 kB
VmallocChunk:          0 kB
Percpu:             2448 kB
CmaTotal:         405504 kB
CmaFree:               0 kB
MemTotal:        7918588 kB
MemFree:         1093048 kB
MemAvailable:    2674680 kB
Buffers:            5544 kB
Cached:          1377984 kB
SwapCached:         9008 kB
Active:          3533256 kB
Inactive:         654124 kB
Active(anon):    2761996 kB
Inactive(anon):    62220 kB
Active(file):     771260 kB
Inactive(file):   591904 kB
Unevictable:        6336 kB
Mlocked:            5896 kB
SwapTotal:       4718584 kB
SwapFree:        4023800 kB
Dirty:               152 kB
Writeback:             0 kB
AnonPages:       2805916 kB
Mapped:           677180 kB
Shmem:             15744 kB
KReclaimable:     608692 kB
Slab:             316668 kB
SReclaimable:      85732 kB
SUnreclaim:       230936 kB
KernelStack:       50464 kB
ShadowCallStack:   12648 kB
PageTables:        74544 kB
NFS_Unstable:          0 kB
Bounce:                0 kB
WritebackTmp:          0 kB
CommitLimit:     8677876 kB
Committed_AS:   70879388 kB
VmallocTotal:   263061440 kB
VmallocUsed:      134788 kB
VmallocChunk:          0 kB
Percpu:             2448 kB
CmaTotal:         405504 kB
CmaFree:               0 kB
MemTotal:        7918588 kB
MemFree:         1046488 kB
MemAvailable:    2627280 kB
Buffers:            5544 kB
Cached:          1377984 kB
SwapCached:         9008 kB
Active:          3577932 kB
Inactive:         654124 kB
Active(anon):    2806672 kB
Inactive(anon):    62220 kB
Active(file):     771260 kB
Inactive(file):   591904 kB
Unevictable:        6336 kB
Mlocked:            5896 kB
SwapTotal:       4718584 kB
SwapFree:        4023800 kB
Dirty:               164 kB
Writeback:             0 kB
AnonPages:       2850708 kB
Mapped:           677560 kB
Shmem:             15744 kB
KReclaimable:     607852 kB
Slab:             316648 kB
SReclaimable:      85732 kB
SUnreclaim:       230916 kB
KernelStack:       50464 kB
ShadowCallStack:   12648 kB
PageTables:        74836 kB
NFS_Unstable:          0 kB
Bounce:                0 kB
WritebackTmp:          0 kB
CommitLimit:     8677876 kB
Committed_AS:   70961360 kB
VmallocTotal:   263061440 kB
VmallocUsed:      134756 kB
VmallocChunk:          0 kB
Percpu:             2448 kB
CmaTotal:         405504 kB
CmaFree:               0 kB
MemTotal:        7918588 kB
MemFree:          958204 kB
MemAvailable:    2417092 kB
Buffers:            5552 kB
Cached:          1378040 kB
SwapCached:         9008 kB
Active:          3667792 kB
Inactive:         654128 kB
Active(anon):    2896532 kB
Inactive(anon):    62216 kB
Active(file):     771260 kB
Inactive(file):   591912 kB
Unevictable:        6336 kB
Mlocked:            5896 kB
SwapTotal:       4718584 kB
SwapFree:        4023800 kB
Dirty:               244 kB
Writeback:             0 kB
AnonPages:       2940452 kB
Mapped:           678572 kB
Shmem:             15800 kB
KReclaimable:     485940 kB
Slab:             316672 kB
SReclaimable:      85732 kB
SUnreclaim:       230940 kB
KernelStack:       50576 kB
ShadowCallStack:   12676 kB
PageTables:        75140 kB
NFS_Unstable:          0 kB
Bounce:                0 kB
WritebackTmp:          0 kB
CommitLimit:     8677876 kB
Committed_AS:   71092824 kB
VmallocTotal:   263061440 kB
VmallocUsed:      134924 kB
VmallocChunk:          0 kB
Percpu:             2448 kB
CmaTotal:         405504 kB
CmaFree:               0 kB
MemTotal:        7918588 kB
MemFree:          892328 kB
MemAvailable:    2349968 kB
Buffers:            5560 kB
Cached:          1378144 kB
SwapCached:         9008 kB
Active:          3731240 kB
Inactive:         654140 kB
Active(anon):    2959980 kB
Inactive(anon):    62220 kB
Active(file):     771260 kB
Inactive(file):   591920 kB
Unevictable:        6336 kB
Mlocked:            5896 kB
SwapTotal:       4718584 kB
SwapFree:        4023800 kB
Dirty:               244 kB
Writeback:             0 kB
AnonPages:       3003776 kB
Mapped:           679416 kB
Shmem:             15904 kB
KReclaimable:     484684 kB
Slab:             316644 kB
SReclaimable:      85732 kB
SUnreclaim:       230912 kB
KernelStack:       50560 kB
ShadowCallStack:   12672 kB
PageTables:        75480 kB
NFS_Unstable:          0 kB
Bounce:                0 kB
WritebackTmp:          0 kB
CommitLimit:     8677876 kB
Committed_AS:   71240280 kB
VmallocTotal:   263061440 kB
VmallocUsed:      134952 kB
VmallocChunk:          0 kB
Percpu:             2448 kB
CmaTotal:         405504 kB
CmaFree:               0 kB
MemTotal:        7918588 kB
MemFree:          893740 kB
MemAvailable:    2472644 kB
Buffers:            5560 kB
Cached:          1377984 kB
SwapCached:         9008 kB
Active:          3729964 kB
Inactive:         654140 kB
Active(anon):    2958704 kB
Inactive(anon):    62220 kB
Active(file):     771260 kB
Inactive(file):   591920 kB
Unevictable:        6336 kB
Mlocked:            5896 kB
SwapTotal:       4718584 kB
SwapFree:        4023800 kB
Dirty:               256 kB
Writeback:             0 kB
AnonPages:       3002708 kB
Mapped:           678732 kB
Shmem:             15744 kB
KReclaimable:     605948 kB
Slab:             316744 kB
SReclaimable:      85732 kB
SUnreclaim:       231012 kB
KernelStack:       50432 kB
ShadowCallStack:   12636 kB
PageTables:        75480 kB
NFS_Unstable:          0 kB
Bounce:                0 kB
WritebackTmp:          0 kB
CommitLimit:     8677876 kB
Committed_AS:   71321596 kB
VmallocTotal:   263061440 kB
VmallocUsed:      134724 kB
VmallocChunk:          0 kB
Percpu:             2448 kB
CmaTotal:         405504 kB
CmaFree:               0 kB
MemTotal:        7918588 kB
MemFree:          824620 kB
MemAvailable:    2402936 kB
Buffers:            5560 kB
Cached:          1378004 kB
SwapCached:         9008 kB
Active:          3800492 kB
Inactive:         654156 kB
Active(anon):    3029232 kB
Inactive(anon):    62216 kB
Active(file):     771260 kB
Inactive(file):   591940 kB
Unevictable:        6336 kB
Mlocked:            5896 kB
SwapTotal:       4718584 kB
SwapFree:        4023800 kB
Dirty:               284 kB
Writeback:             0 kB
AnonPages:       3073184 kB
Mapped:           679316 kB
Shmem:             15744 kB
KReclaimable:     605340 kB
Slab:             316700 kB
SReclaimable:      85732 kB
SUnreclaim:       230968 kB
KernelStack:       50368 kB
ShadowCallStack:   12624 kB
PageTables:        75680 kB
NFS_Unstable:          0 kB
Bounce:                0 kB
WritebackTmp:          0 kB
CommitLimit:     8677876 kB
Committed_AS:   71485332 kB
VmallocTotal:   263061440 kB
VmallocUsed:      134620 kB
VmallocChunk:          0 kB
Percpu:             2448 kB
CmaTotal:         405504 kB
CmaFree:               0 kB
MemTotal:        7918588 kB
MemFree:          749508 kB
MemAvailable:    2327452 kB
Buffers:            5584 kB
Cached:          1378888 kB
SwapCached:         9008 kB
Active:          3877180 kB
Inactive:         654184 kB
Active(anon):    3105036 kB
Inactive(anon):    62220 kB
Active(file):     772144 kB
Inactive(file):   591964 kB
Unevictable:        6336 kB
Mlocked:            5896 kB
SwapTotal:       4718584 kB
SwapFree:        4023800 kB
Dirty:               288 kB
Writeback:             0 kB
AnonPages:       3149212 kB
Mapped:           680212 kB
Shmem:             15744 kB
KReclaimable:     604060 kB
Slab:             316628 kB
SReclaimable:      85732 kB
SUnreclaim:       230896 kB
KernelStack:       50288 kB
ShadowCallStack:   12604 kB
PageTables:        76168 kB
NFS_Unstable:          0 kB
Bounce:                0 kB
WritebackTmp:          0 kB
CommitLimit:     8677876 kB
Committed_AS:   71665352 kB
VmallocTotal:   263061440 kB
VmallocUsed:      134556 kB
VmallocChunk:          0 kB
Percpu:             2448 kB
CmaTotal:         405504 kB
CmaFree:               0 kB
MemTotal:        7918588 kB
MemFree:          712888 kB
MemAvailable:    2290456 kB
Buffers:            5584 kB
Cached:          1378888 kB
SwapCached:         9008 kB
Active:          3912820 kB
Inactive:         654180 kB
Active(anon):    3140676 kB
Inactive(anon):    62216 kB
Active(file):     772144 kB
Inactive(file):   591964 kB
Unevictable:        6336 kB
Mlocked:            5896 kB
SwapTotal:       4718584 kB
SwapFree:        4023800 kB
Dirty:               404 kB
Writeback:             0 kB
AnonPages:       3184672 kB
Mapped:           680364 kB
Shmem:             15744 kB
KReclaimable:     603684 kB
Slab:             316676 kB
SReclaimable:      85732 kB
SUnreclaim:       230944 kB
KernelStack:       50304 kB
ShadowCallStack:   12596 kB
PageTables:        76268 kB
NFS_Unstable:          0 kB
Bounce:                0 kB
WritebackTmp:          0 kB
CommitLimit:     8677876 kB
Committed_AS:   71747268 kB
VmallocTotal:   263061440 kB
VmallocUsed:      134556 kB
VmallocChunk:          0 kB
Percpu:             2448 kB
CmaTotal:         405504 kB
CmaFree:               0 kB
MemTotal:        7918588 kB
MemFree:          621112 kB
MemAvailable:    2197064 kB
Buffers:            5584 kB
Cached:          1378888 kB
SwapCached:         9008 kB
Active:          4005268 kB
Inactive:         654180 kB
Active(anon):    3233124 kB
Inactive(anon):    62216 kB
Active(file):     772144 kB
Inactive(file):   591964 kB
Unevictable:        6336 kB
Mlocked:            5896 kB
SwapTotal:       4718584 kB
SwapFree:        4023800 kB
Dirty:               404 kB
Writeback:             0 kB
AnonPages:       3277092 kB
Mapped:           681364 kB
Shmem:             15744 kB
KReclaimable:     602068 kB
Slab:             316776 kB
SReclaimable:      85732 kB
SUnreclaim:       231044 kB
KernelStack:       50304 kB
ShadowCallStack:   12600 kB
PageTables:        76648 kB
NFS_Unstable:          0 kB
Bounce:                0 kB
WritebackTmp:          0 kB
CommitLimit:     8677876 kB
Committed_AS:   71960208 kB
VmallocTotal:   263061440 kB
VmallocUsed:      134516 kB
VmallocChunk:          0 kB
Percpu:             2448 kB
CmaTotal:         405504 kB
CmaFree:               0 kB
MemTotal:        7918588 kB
MemFree:          582536 kB
MemAvailable:    2158260 kB
Buffers:            5584 kB
Cached:          1379004 kB
SwapCached:         9008 kB
Active:          4042536 kB
Inactive:         654184 kB
Active(anon):    3270280 kB
Inactive(anon):    62216 kB
Active(file):     772256 kB
Inactive(file):   591968 kB
Unevictable:        6336 kB
Mlocked:            5896 kB
SwapTotal:       4718584 kB
SwapFree:        4023800 kB
Dirty:               404 kB
Writeback:             0 kB
AnonPages:       3314292 kB
Mapped:           681656 kB
Shmem:             15744 kB
KReclaimable:     601724 kB
Slab:             316824 kB
SReclaimable:      85732 kB
SUnreclaim:       231092 kB
KernelStack:       50304 kB
ShadowCallStack:   12608 kB
PageTables:        76808 kB
NFS_Unstable:          0 kB
Bounce:                0 kB
WritebackTmp:          0 kB
CommitLimit:     8677876 kB
Committed_AS:   72042128 kB
VmallocTotal:   263061440 kB
VmallocUsed:      134536 kB
VmallocChunk:          0 kB
Percpu:             2448 kB
CmaTotal:         405504 kB
CmaFree:               0 kB
MemTotal:        7918588 kB
MemFree:          555776 kB
MemAvailable:    2131320 kB
Buffers:            5584 kB
Cached:          1379020 kB
SwapCached:         9008 kB
Active:          4069716 kB
Inactive:         654200 kB
Active(anon):    3297460 kB
Inactive(anon):    62220 kB
Active(file):     772256 kB
Inactive(file):   591980 kB
Unevictable:        6336 kB
Mlocked:            5896 kB
SwapTotal:       4718584 kB
SwapFree:        4023800 kB
Dirty:               420 kB
Writeback:             0 kB
AnonPages:       3341412 kB
Mapped:           681916 kB
Shmem:             15748 kB
KReclaimable:     601532 kB
Slab:             316808 kB
SReclaimable:      85732 kB
SUnreclaim:       231076 kB
KernelStack:       50288 kB
ShadowCallStack:   12596 kB
PageTables:        77160 kB
NFS_Unstable:          0 kB
Bounce:                0 kB
WritebackTmp:          0 kB
CommitLimit:     8677876 kB
Committed_AS:   72091284 kB
VmallocTotal:   263061440 kB
VmallocUsed:      134548 kB
VmallocChunk:          0 kB
Percpu:             2448 kB
CmaTotal:         405504 kB
CmaFree:               0 kB
MemTotal:        7918588 kB
MemFree:          471020 kB
MemAvailable:    2045228 kB
Buffers:            5584 kB
Cached:          1379020 kB
SwapCached:         9008 kB
Active:          4153940 kB
Inactive:         654200 kB
Active(anon):    3381684 kB
Inactive(anon):    62220 kB
Active(file):     772256 kB
Inactive(file):   591980 kB
Unevictable:        6336 kB
Mlocked:            5896 kB
SwapTotal:       4718584 kB
SwapFree:        4023800 kB
Dirty:               400 kB
Writeback:             0 kB
AnonPages:       3425660 kB
Mapped:           682772 kB
Shmem:             15748 kB
KReclaimable:     600196 kB
Slab:             316848 kB
SReclaimable:      85732 kB
SUnreclaim:       231116 kB
KernelStack:       50304 kB
ShadowCallStack:   12580 kB
PageTables:        77316 kB
NFS_Unstable:          0 kB
Bounce:                0 kB
WritebackTmp:          0 kB
CommitLimit:     8677876 kB
Committed_AS:   72287848 kB
VmallocTotal:   263061440 kB
VmallocUsed:      134532 kB
VmallocChunk:          0 kB
Percpu:             2448 kB
CmaTotal:         405504 kB
CmaFree:              24 kB
MemTotal:        7918588 kB
MemFree:          419340 kB
MemAvailable:    1993244 kB
Buffers:            5584 kB
Cached:          1379020 kB
SwapCached:         9008 kB
Active:          4205152 kB
Inactive:         654196 kB
Active(anon):    3432896 kB
Inactive(anon):    62216 kB
Active(file):     772256 kB
Inactive(file):   591980 kB
Unevictable:        6336 kB
Mlocked:            5896 kB
SwapTotal:       4718584 kB
SwapFree:        4023800 kB
Dirty:               400 kB
Writeback:             0 kB
AnonPages:       3476860 kB
Mapped:           682888 kB
Shmem:             15748 kB
KReclaimable:     599892 kB
Slab:             317036 kB
SReclaimable:      85732 kB
SUnreclaim:       231304 kB
KernelStack:       50272 kB
ShadowCallStack:   12592 kB
PageTables:        77512 kB
NFS_Unstable:          0 kB
Bounce:                0 kB
WritebackTmp:          0 kB
CommitLimit:     8677876 kB
Committed_AS:   72386152 kB
VmallocTotal:   263061440 kB
VmallocUsed:      134532 kB
VmallocChunk:          0 kB
Percpu:             2448 kB
CmaTotal:         405504 kB
CmaFree:               0 kB
MemTotal:        7918588 kB
MemFree:          359044 kB
MemAvailable:    1932212 kB
Buffers:            5592 kB
Cached:          1379020 kB
SwapCached:         9008 kB
Active:          4264864 kB
Inactive:         654208 kB
Active(anon):    3492608 kB
Inactive(anon):    62220 kB
Active(file):     772256 kB
Inactive(file):   591988 kB
Unevictable:        6336 kB
Mlocked:            5896 kB
SwapTotal:       4718584 kB
SwapFree:        4023800 kB
Dirty:               436 kB
Writeback:             0 kB
AnonPages:       3536624 kB
Mapped:           683408 kB
Shmem:             15748 kB
KReclaimable:     599148 kB
Slab:             317016 kB
SReclaimable:      85732 kB
SUnreclaim:       231284 kB
KernelStack:       50288 kB
ShadowCallStack:   12600 kB
PageTables:        77908 kB
NFS_Unstable:          0 kB
Bounce:                0 kB
WritebackTmp:          0 kB
CommitLimit:     8677876 kB
Committed_AS:   72533612 kB
VmallocTotal:   263061440 kB
VmallocUsed:      134528 kB
VmallocChunk:          0 kB
Percpu:             2448 kB
CmaTotal:         405504 kB
CmaFree:               0 kB
MemTotal:        7918588 kB
MemFree:          299288 kB
MemAvailable:    1871640 kB
Buffers:            5592 kB
Cached:          1379020 kB
SwapCached:         9008 kB
Active:          4324520 kB
Inactive:         654196 kB
Active(anon):    3552264 kB
Inactive(anon):    62208 kB
Active(file):     772256 kB
Inactive(file):   591988 kB
Unevictable:        6336 kB
Mlocked:            5896 kB
SwapTotal:       4718584 kB
SwapFree:        4023800 kB
Dirty:               440 kB
Writeback:             0 kB
AnonPages:       3596220 kB
Mapped:           683848 kB
Shmem:             15748 kB
KReclaimable:     598332 kB
Slab:             317128 kB
SReclaimable:      85732 kB
SUnreclaim:       231396 kB
KernelStack:       50272 kB
ShadowCallStack:   12592 kB
PageTables:        78136 kB
NFS_Unstable:          0 kB
Bounce:                0 kB
WritebackTmp:          0 kB
CommitLimit:     8677876 kB
Committed_AS:   72664628 kB
VmallocTotal:   263061440 kB
VmallocUsed:      134512 kB
VmallocChunk:          0 kB
Percpu:             2448 kB
CmaTotal:         405504 kB
CmaFree:               0 kB
MemTotal:        7918588 kB
MemFree:          255664 kB
MemAvailable:    1827668 kB
Buffers:            5592 kB
Cached:          1379032 kB
SwapCached:         9008 kB
Active:          4368368 kB
Inactive:         654208 kB
Active(anon):    3596112 kB
Inactive(anon):    62208 kB
Active(file):     772256 kB
Inactive(file):   592000 kB
Unevictable:        6336 kB
Mlocked:            5896 kB
SwapTotal:       4718584 kB
SwapFree:        4023800 kB
Dirty:               452 kB
Writeback:             0 kB
AnonPages:       3640124 kB
Mapped:           684088 kB
Shmem:             15748 kB
KReclaimable:     597972 kB
Slab:             317160 kB
SReclaimable:      85732 kB
SUnreclaim:       231428 kB
KernelStack:       50272 kB
ShadowCallStack:   12592 kB
PageTables:        78316 kB
NFS_Unstable:          0 kB
Bounce:                0 kB
WritebackTmp:          0 kB
CommitLimit:     8677876 kB
Committed_AS:   72762932 kB
VmallocTotal:   263061440 kB
VmallocUsed:      134496 kB
VmallocChunk:          0 kB
Percpu:             2448 kB
CmaTotal:         405504 kB
CmaFree:               0 kB
MemTotal:        7918588 kB
MemFree:          180032 kB
MemAvailable:    1751012 kB
Buffers:            5592 kB
Cached:          1379032 kB
SwapCached:         9008 kB
Active:          4443252 kB
Inactive:         654204 kB
Active(anon):    3670996 kB
Inactive(anon):    62204 kB
Active(file):     772256 kB
Inactive(file):   592000 kB
Unevictable:        6336 kB
Mlocked:            5896 kB
SwapTotal:       4718584 kB
SwapFree:        4023800 kB
Dirty:               452 kB
Writeback:             0 kB
AnonPages:       3714948 kB
Mapped:           684692 kB
Shmem:             15748 kB
KReclaimable:     596948 kB
Slab:             317304 kB
SReclaimable:      85732 kB
SUnreclaim:       231572 kB
KernelStack:       50256 kB
ShadowCallStack:   12592 kB
PageTables:        78608 kB
NFS_Unstable:          0 kB
Bounce:                0 kB
WritebackTmp:          0 kB
CommitLimit:     8677876 kB
Committed_AS:   72926776 kB
VmallocTotal:   263061440 kB
VmallocUsed:      134504 kB
VmallocChunk:          0 kB
Percpu:             2448 kB
CmaTotal:         405504 kB
CmaFree:               0 kB
MemTotal:        7918588 kB
MemFree:          149440 kB
MemAvailable:    1708076 kB
Buffers:            5256 kB
Cached:          1376784 kB
SwapCached:         9004 kB
Active:          4501412 kB
Inactive:         631716 kB
Active(anon):    3729152 kB
Inactive(anon):    42252 kB
Active(file):     772260 kB
Inactive(file):   589464 kB
Unevictable:        6344 kB
Mlocked:            5904 kB
SwapTotal:       4718584 kB
SwapFree:        4019704 kB
Dirty:               456 kB
Writeback:             0 kB
AnonPages:       3753228 kB
Mapped:           685060 kB
Shmem:             15696 kB
KReclaimable:     587136 kB
Slab:             315860 kB
SReclaimable:      84304 kB
SUnreclaim:       231556 kB
KernelStack:       50272 kB
ShadowCallStack:   12596 kB
PageTables:        78912 kB
NFS_Unstable:          0 kB
Bounce:                0 kB
WritebackTmp:          0 kB
CommitLimit:     8677876 kB
Committed_AS:   73008700 kB
VmallocTotal:   263061440 kB
VmallocUsed:      134516 kB
VmallocChunk:          0 kB
Percpu:             2448 kB
CmaTotal:         405504 kB
CmaFree:             132 kB
MemTotal:        7918588 kB
MemFree:          152104 kB
MemAvailable:    1683668 kB
Buffers:            2744 kB
Cached:          1357052 kB
SwapCached:         9004 kB
Active:          4530784 kB
Inactive:         605924 kB
Active(anon):    3754972 kB
Inactive(anon):    42260 kB
Active(file):     775812 kB
Inactive(file):   563664 kB
Unevictable:        6344 kB
Mlocked:            5904 kB
SwapTotal:       4718584 kB
SwapFree:        4019704 kB
Dirty:               392 kB
Writeback:             0 kB
AnonPages:       3779076 kB
Mapped:           684908 kB
Shmem:             15700 kB
KReclaimable:     582312 kB
Slab:             315680 kB
SReclaimable:      84240 kB
SUnreclaim:       231440 kB
KernelStack:       50256 kB
ShadowCallStack:   12584 kB
PageTables:        78764 kB
NFS_Unstable:          0 kB
Bounce:                0 kB
WritebackTmp:          0 kB
CommitLimit:     8677876 kB
Committed_AS:   73074180 kB
VmallocTotal:   263061440 kB
VmallocUsed:      134492 kB
VmallocChunk:          0 kB
Percpu:             2448 kB
CmaTotal:         405504 kB
CmaFree:               0 kB
MemTotal:        7918588 kB
MemFree:          152704 kB
MemAvailable:    1620308 kB
Buffers:            2732 kB
Cached:          1303312 kB
SwapCached:         9004 kB
Active:          4604716 kB
Inactive:         552180 kB
Active(anon):    3828904 kB
Inactive(anon):    42268 kB
Active(file):     775812 kB
Inactive(file):   509912 kB
Unevictable:        6344 kB
Mlocked:            5904 kB
SwapTotal:       4718584 kB
SwapFree:        4019704 kB
Dirty:               456 kB
Writeback:             0 kB
AnonPages:       3852964 kB
Mapped:           685712 kB
Shmem:             15700 kB
KReclaimable:     572104 kB
Slab:             315396 kB
SReclaimable:      83872 kB
SUnreclaim:       231524 kB
KernelStack:       50256 kB
ShadowCallStack:   12588 kB
PageTables:        79296 kB
NFS_Unstable:          0 kB
Bounce:                0 kB
WritebackTmp:          0 kB
CommitLimit:     8677876 kB
Committed_AS:   73238024 kB
VmallocTotal:   263061440 kB
VmallocUsed:      134492 kB
VmallocChunk:          0 kB
Percpu:             2448 kB
CmaTotal:         405504 kB
CmaFree:              76 kB
MemTotal:        7918588 kB
MemFree:          152488 kB
MemAvailable:    1597016 kB
Buffers:            2732 kB
Cached:          1284072 kB
SwapCached:         9004 kB
Active:          4630384 kB
Inactive:         532932 kB
Active(anon):    3854572 kB
Inactive(anon):    42260 kB
Active(file):     775812 kB
Inactive(file):   490672 kB
Unevictable:        6344 kB
Mlocked:            5904 kB
SwapTotal:       4718584 kB
SwapFree:        4019704 kB
Dirty:               472 kB
Writeback:             0 kB
AnonPages:       3878604 kB
Mapped:           685868 kB
Shmem:             15700 kB
KReclaimable:     568268 kB
Slab:             315128 kB
SReclaimable:      83572 kB
SUnreclaim:       231556 kB
KernelStack:       50256 kB
ShadowCallStack:   12588 kB
PageTables:        79376 kB
NFS_Unstable:          0 kB
Bounce:                0 kB
WritebackTmp:          0 kB
CommitLimit:     8677876 kB
Committed_AS:   73303556 kB
VmallocTotal:   263061440 kB
VmallocUsed:      134492 kB
VmallocChunk:          0 kB
Percpu:             2448 kB
CmaTotal:         405504 kB
CmaFree:               0 kB
MemTotal:        7918588 kB
MemFree:          151616 kB
MemAvailable:    1540732 kB
Buffers:            2440 kB
Cached:          1238476 kB
SwapCached:         9004 kB
Active:          4685744 kB
Inactive:         486820 kB
Active(anon):    3909708 kB
Inactive(anon):    42260 kB
Active(file):     776036 kB
Inactive(file):   444560 kB
Unevictable:        6344 kB
Mlocked:            5904 kB
SwapTotal:       4718584 kB
SwapFree:        4019704 kB
Dirty:               472 kB
Writeback:             0 kB
AnonPages:       3933692 kB
Mapped:           686124 kB
Shmem:             15700 kB
KReclaimable:     558744 kB
Slab:             313984 kB
SReclaimable:      82440 kB
SUnreclaim:       231544 kB
KernelStack:       50160 kB
ShadowCallStack:   12564 kB
PageTables:        79620 kB
NFS_Unstable:          0 kB
Bounce:                0 kB
WritebackTmp:          0 kB
CommitLimit:     8677876 kB
Committed_AS:   73417932 kB
VmallocTotal:   263061440 kB
VmallocUsed:      134352 kB
VmallocChunk:          0 kB
Percpu:             2448 kB
CmaTotal:         405504 kB
CmaFree:               0 kB
MemTotal:        7918588 kB
MemFree:          165996 kB
MemAvailable:    1494540 kB
Buffers:            2372 kB
Cached:          1192980 kB
SwapCached:         9004 kB
Active:          4776112 kB
Inactive:         395928 kB
Active(anon):    3954744 kB
Inactive(anon):    42260 kB
Active(file):     821368 kB
Inactive(file):   353668 kB
Unevictable:        6344 kB
Mlocked:            5904 kB
SwapTotal:       4718584 kB
SwapFree:        4019704 kB
Dirty:               472 kB
Writeback:             0 kB
AnonPages:       3978860 kB
Mapped:           673952 kB
Shmem:             15700 kB
KReclaimable:     543732 kB
Slab:             313784 kB
SReclaimable:      82076 kB
SUnreclaim:       231708 kB
KernelStack:       50160 kB
ShadowCallStack:   12572 kB
PageTables:        79836 kB
NFS_Unstable:          0 kB
Bounce:                0 kB
WritebackTmp:          0 kB
CommitLimit:     8677876 kB
Committed_AS:   73516240 kB
VmallocTotal:   263061440 kB
VmallocUsed:      134372 kB
VmallocChunk:          0 kB
Percpu:             2448 kB
CmaTotal:         405504 kB
CmaFree:               0 kB
MemTotal:        7918588 kB
MemFree:          152628 kB
MemAvailable:    1322068 kB
Buffers:            2380 kB
Cached:          1156824 kB
SwapCached:         9004 kB
Active:          4837036 kB
Inactive:         350332 kB
Active(anon):    4006388 kB
Inactive(anon):    42268 kB
Active(file):     830648 kB
Inactive(file):   308064 kB
Unevictable:        6344 kB
Mlocked:            5904 kB
SwapTotal:       4718584 kB
SwapFree:        4019704 kB
Dirty:               472 kB
Writeback:             0 kB
AnonPages:       4030360 kB
Mapped:           659396 kB
Shmem:             15712 kB
KReclaimable:     420952 kB
Slab:             313448 kB
SReclaimable:      81816 kB
SUnreclaim:       231632 kB
KernelStack:       50208 kB
ShadowCallStack:   12568 kB
PageTables:        79672 kB
NFS_Unstable:          0 kB
Bounce:                0 kB
WritebackTmp:          0 kB
CommitLimit:     8677876 kB
Committed_AS:   73582168 kB
VmallocTotal:   263061440 kB
VmallocUsed:      134436 kB
VmallocChunk:          0 kB
Percpu:             2448 kB
CmaTotal:         405504 kB
CmaFree:               0 kB
MemTotal:        7918588 kB
MemFree:          150716 kB
MemAvailable:    1222236 kB
Buffers:            2380 kB
Cached:          1081292 kB
SwapCached:         9004 kB
Active:          4937744 kB
Inactive:         261788 kB
Active(anon):    4094048 kB
Inactive(anon):    42260 kB
Active(file):     843696 kB
Inactive(file):   219528 kB
Unevictable:        6344 kB
Mlocked:            5904 kB
SwapTotal:       4718584 kB
SwapFree:        4019704 kB
Dirty:               472 kB
Writeback:             0 kB
AnonPages:       4117952 kB
Mapped:           647256 kB
Shmem:             15828 kB
KReclaimable:     398520 kB
Slab:             312144 kB
SReclaimable:      80416 kB
SUnreclaim:       231728 kB
KernelStack:       50240 kB
ShadowCallStack:   12584 kB
PageTables:        80308 kB
NFS_Unstable:          0 kB
Bounce:                0 kB
WritebackTmp:          0 kB
CommitLimit:     8677876 kB
Committed_AS:   73730168 kB
VmallocTotal:   263061440 kB
VmallocUsed:      134492 kB
VmallocChunk:          0 kB
Percpu:             2448 kB
CmaTotal:         405504 kB
CmaFree:               0 kB
MemTotal:        7918588 kB
MemFree:          179900 kB
MemAvailable:    1372676 kB
Buffers:            2380 kB
Cached:          1073520 kB
SwapCached:         9004 kB
Active:          4917516 kB
Inactive:         254136 kB
Active(anon):    4073820 kB
Inactive(anon):    42256 kB
Active(file):     843696 kB
Inactive(file):   211880 kB
Unevictable:        6344 kB
Mlocked:            5904 kB
SwapTotal:       4718584 kB
SwapFree:        4019704 kB
Dirty:               504 kB
Writeback:             0 kB
AnonPages:       4097812 kB
Mapped:           646628 kB
Shmem:             15704 kB
KReclaimable:     527424 kB
Slab:             311980 kB
SReclaimable:      80288 kB
SUnreclaim:       231692 kB
KernelStack:       50096 kB
ShadowCallStack:   12544 kB
PageTables:        80332 kB
NFS_Unstable:          0 kB
Bounce:                0 kB
WritebackTmp:          0 kB
CommitLimit:     8677876 kB
Committed_AS:   73778876 kB
VmallocTotal:   263061440 kB
VmallocUsed:      134332 kB
VmallocChunk:          0 kB
Percpu:             2448 kB
CmaTotal:         405504 kB
CmaFree:               0 kB
MemTotal:        7918588 kB
MemFree:          155316 kB
MemAvailable:    1320272 kB
Buffers:            2376 kB
Cached:          1056888 kB
SwapCached:         9004 kB
Active:          4960724 kB
Inactive:         237488 kB
Active(anon):    4117024 kB
Inactive(anon):    42248 kB
Active(file):     843700 kB
Inactive(file):   195240 kB
Unevictable:        6344 kB
Mlocked:            5904 kB
SwapTotal:       4718584 kB
SwapFree:        4019704 kB
Dirty:                92 kB
Writeback:             0 kB
AnonPages:       4141200 kB
Mapped:           647092 kB
Shmem:             15704 kB
KReclaimable:     524432 kB
Slab:             311628 kB
SReclaimable:      79800 kB
SUnreclaim:       231828 kB
KernelStack:       50000 kB
ShadowCallStack:   12528 kB
PageTables:        80736 kB
NFS_Unstable:          0 kB
Bounce:                0 kB
WritebackTmp:          0 kB
CommitLimit:     8677876 kB
Committed_AS:   73860484 kB
VmallocTotal:   263061440 kB
VmallocUsed:      134196 kB
VmallocChunk:          0 kB
Percpu:             2448 kB
CmaTotal:         405504 kB
CmaFree:               0 kB
MemTotal:        7918588 kB
MemFree:          149352 kB
MemAvailable:    1267100 kB
Buffers:            2400 kB
Cached:          1011660 kB
SwapCached:         9004 kB
Active:          5033580 kB
Inactive:         180448 kB
Active(anon):    4178044 kB
Inactive(anon):    42260 kB
Active(file):     855536 kB
Inactive(file):   138188 kB
Unevictable:        6344 kB
Mlocked:            5904 kB
SwapTotal:       4718584 kB
SwapFree:        4019704 kB
Dirty:               164 kB
Writeback:             0 kB
AnonPages:       4202064 kB
Mapped:           646176 kB
Shmem:             15716 kB
KReclaimable:     514248 kB
Slab:             310492 kB
SReclaimable:      78720 kB
SUnreclaim:       231772 kB
KernelStack:       49952 kB
ShadowCallStack:   12512 kB
PageTables:        80708 kB
NFS_Unstable:          0 kB
Bounce:                0 kB
WritebackTmp:          0 kB
CommitLimit:     8677876 kB
Committed_AS:   73991360 kB
VmallocTotal:   263061440 kB
VmallocUsed:      134088 kB
VmallocChunk:          0 kB
Percpu:             2448 kB
CmaTotal:         405504 kB
CmaFree:               0 kB
MemTotal:        7918588 kB
MemFree:          158376 kB
MemAvailable:    1248540 kB
Buffers:            2400 kB
Cached:           988176 kB
SwapCached:         9004 kB
Active:          5052828 kB
Inactive:         156292 kB
Active(anon):    4196624 kB
Inactive(anon):    42256 kB
Active(file):     856204 kB
Inactive(file):   114036 kB
Unevictable:        6344 kB
Mlocked:            5904 kB
SwapTotal:       4718584 kB
SwapFree:        4019960 kB
Dirty:               168 kB
Writeback:             0 kB
AnonPages:       4220624 kB
Mapped:           646572 kB
Shmem:             15716 kB
KReclaimable:     510148 kB
Slab:             309848 kB
SReclaimable:      78132 kB
SUnreclaim:       231716 kB
KernelStack:       49936 kB
ShadowCallStack:   12492 kB
PageTables:        80784 kB
NFS_Unstable:          0 kB
Bounce:                0 kB
WritebackTmp:          0 kB
CommitLimit:     8677876 kB
Committed_AS:   74040512 kB
VmallocTotal:   263061440 kB
VmallocUsed:      134112 kB
VmallocChunk:          0 kB
Percpu:             2448 kB
CmaTotal:         405504 kB
CmaFree:               0 kB
MemTotal:        7918588 kB
MemFree:          151100 kB
MemAvailable:    1177416 kB
Buffers:            2400 kB
Cached:           934248 kB
SwapCached:         9004 kB
Active:          5121440 kB
Inactive:         102364 kB
Active(anon):    4265236 kB
Inactive(anon):    42256 kB
Active(file):     856204 kB
Inactive(file):    60108 kB
Unevictable:        6344 kB
Mlocked:            5904 kB
SwapTotal:       4718584 kB
SwapFree:        4019960 kB
Dirty:               168 kB
Writeback:             0 kB
AnonPages:       4289300 kB
Mapped:           647016 kB
Shmem:             15716 kB
KReclaimable:     500228 kB
Slab:             308428 kB
SReclaimable:      76620 kB
SUnreclaim:       231808 kB
KernelStack:       49904 kB
ShadowCallStack:   12508 kB
PageTables:        81212 kB
NFS_Unstable:          0 kB
Bounce:                0 kB
WritebackTmp:          0 kB
CommitLimit:     8677876 kB
Committed_AS:   74204196 kB
VmallocTotal:   263061440 kB
VmallocUsed:      134052 kB
VmallocChunk:          0 kB
Percpu:             2448 kB
CmaTotal:         405504 kB
CmaFree:               0 kB
MemTotal:        7918588 kB
MemFree:          147576 kB
MemAvailable:    1139276 kB
Buffers:            2404 kB
Cached:           914544 kB
SwapCached:         9004 kB
Active:          5178804 kB
Inactive:          55504 kB
Active(anon):    4302740 kB
Inactive(anon):    35028 kB
Active(file):     876064 kB
Inactive(file):    20476 kB
Unevictable:        6344 kB
Mlocked:            5904 kB
SwapTotal:       4718584 kB
SwapFree:        4019704 kB
Dirty:               180 kB
Writeback:             0 kB
AnonPages:       4319464 kB
Mapped:           646308 kB
Shmem:             15720 kB
KReclaimable:     493576 kB
Slab:             308096 kB
SReclaimable:      76264 kB
SUnreclaim:       231832 kB
KernelStack:       49856 kB
ShadowCallStack:   12492 kB
PageTables:        81396 kB
NFS_Unstable:          0 kB
Bounce:                0 kB
WritebackTmp:          0 kB
CommitLimit:     8677876 kB
Committed_AS:   74269480 kB
VmallocTotal:   263061440 kB
VmallocUsed:      133952 kB
VmallocChunk:          0 kB
Percpu:             2448 kB
CmaTotal:         405504 kB
CmaFree:               4 kB
MemTotal:        7918588 kB
MemFree:          156776 kB
MemAvailable:    1089648 kB
Buffers:             836 kB
Cached:           901232 kB
SwapCached:         8996 kB
Active:           350404 kB
Inactive:        4898404 kB
Active(anon):     296200 kB
Inactive(anon):  4070892 kB
Active(file):      54204 kB
Inactive(file):   827512 kB
Unevictable:        6400 kB
Mlocked:            5960 kB
SwapTotal:       4718584 kB
SwapFree:        4005880 kB
Dirty:               180 kB
Writeback:             4 kB
AnonPages:       4349492 kB
Mapped:           638116 kB
Shmem:             15668 kB
KReclaimable:     465956 kB
Slab:             307988 kB
SReclaimable:      76148 kB
SUnreclaim:       231840 kB
KernelStack:       49760 kB
ShadowCallStack:   12464 kB
PageTables:        81356 kB
NFS_Unstable:          0 kB
Bounce:                0 kB
WritebackTmp:          0 kB
CommitLimit:     8677876 kB
Committed_AS:   74367572 kB
VmallocTotal:   263061440 kB
VmallocUsed:      133872 kB
VmallocChunk:          0 kB
Percpu:             2448 kB
CmaTotal:         405504 kB
CmaFree:               0 kB
MemTotal:        7918588 kB
MemFree:          176968 kB
MemAvailable:    1069320 kB
Buffers:             800 kB
Cached:           872292 kB
SwapCached:         8980 kB
Active:           453472 kB
Inactive:        4808576 kB
Active(anon):     361720 kB
Inactive(anon):  4047260 kB
Active(file):      91752 kB
Inactive(file):   761316 kB
Unevictable:        6400 kB
Mlocked:            5960 kB
SwapTotal:       4718584 kB
SwapFree:        3995896 kB
Dirty:               148 kB
Writeback:             0 kB
AnonPages:       4391132 kB
Mapped:           626380 kB
Shmem:             15348 kB
KReclaimable:     429508 kB
Slab:             308036 kB
SReclaimable:      76116 kB
SUnreclaim:       231920 kB
KernelStack:       49744 kB
ShadowCallStack:   12468 kB
PageTables:        81640 kB
NFS_Unstable:          0 kB
Bounce:                0 kB
WritebackTmp:          0 kB
CommitLimit:     8677876 kB
Committed_AS:   74465880 kB
VmallocTotal:   263061440 kB
VmallocUsed:      133860 kB
VmallocChunk:          0 kB
Percpu:             2448 kB
CmaTotal:         405504 kB
CmaFree:               0 kB
MemTotal:        7918588 kB
MemFree:          176168 kB
MemAvailable:    1068872 kB
Buffers:             800 kB
Cached:           872724 kB
SwapCached:         8980 kB
Active:           466156 kB
Inactive:        4796856 kB
Active(anon):     373972 kB
Inactive(anon):  4035540 kB
Active(file):      92184 kB
Inactive(file):   761316 kB
Unevictable:        6400 kB
Mlocked:            5960 kB
SwapTotal:       4718584 kB
SwapFree:        3995896 kB
Dirty:               148 kB
Writeback:             0 kB
AnonPages:       4391728 kB
Mapped:           619212 kB
Shmem:             15348 kB
KReclaimable:     429428 kB
Slab:             308104 kB
SReclaimable:      76116 kB
SUnreclaim:       231988 kB
KernelStack:       49808 kB
ShadowCallStack:   12468 kB
PageTables:        81684 kB
NFS_Unstable:          0 kB
Bounce:                0 kB
WritebackTmp:          0 kB
CommitLimit:     8677876 kB
Committed_AS:   74515088 kB
VmallocTotal:   263061440 kB
VmallocUsed:      133876 kB
VmallocChunk:          0 kB
Percpu:             2448 kB
CmaTotal:         405504 kB
CmaFree:             776 kB
MemTotal:        7918588 kB
MemFree:          176644 kB
MemAvailable:    1010348 kB
Buffers:             728 kB
Cached:           834936 kB
SwapCached:         8980 kB
Active:           526100 kB
Inactive:        4755876 kB
Active(anon):     430960 kB
Inactive(anon):  4035376 kB
Active(file):      95140 kB
Inactive(file):   720500 kB
Unevictable:        6400 kB
Mlocked:            5960 kB
SwapTotal:       4718584 kB
SwapFree:        3995896 kB
Dirty:               148 kB
Writeback:             0 kB
AnonPages:       4448468 kB
Mapped:           605196 kB
Shmem:             15348 kB
KReclaimable:     408288 kB
Slab:             308116 kB
SReclaimable:      76112 kB
SUnreclaim:       232004 kB
KernelStack:       49712 kB
ShadowCallStack:   12452 kB
PageTables:        81860 kB
NFS_Unstable:          0 kB
Bounce:                0 kB
WritebackTmp:          0 kB
CommitLimit:     8677876 kB
Committed_AS:   74629668 kB
VmallocTotal:   263061440 kB
VmallocUsed:      133852 kB
VmallocChunk:          0 kB
Percpu:             2448 kB
CmaTotal:         405504 kB
CmaFree:              64 kB
MemTotal:        7918588 kB
MemFree:          163204 kB
MemAvailable:     973336 kB
Buffers:             700 kB
Cached:           824804 kB
SwapCached:         8980 kB
Active:           567944 kB
Inactive:        4740764 kB
Active(anon):     468628 kB
Inactive(anon):  4034604 kB
Active(file):      99316 kB
Inactive(file):   706160 kB
Unevictable:        6400 kB
Mlocked:            5960 kB
SwapTotal:       4718584 kB
SwapFree:        3995896 kB
Dirty:               196 kB
Writeback:             0 kB
AnonPages:       4485388 kB
Mapped:           601332 kB
Shmem:             15352 kB
KReclaimable:     394880 kB
Slab:             308156 kB
SReclaimable:      76112 kB
SUnreclaim:       232044 kB
KernelStack:       49744 kB
ShadowCallStack:   12464 kB
PageTables:        82108 kB
NFS_Unstable:          0 kB
Bounce:                0 kB
WritebackTmp:          0 kB
CommitLimit:     8677876 kB
Committed_AS:   74711596 kB
VmallocTotal:   263061440 kB
VmallocUsed:      133852 kB
VmallocChunk:          0 kB
Percpu:             2448 kB
CmaTotal:         405504 kB
CmaFree:               0 kB
MemTotal:        7918588 kB
MemFree:          159768 kB
MemAvailable:     942772 kB
Buffers:             700 kB
Cached:           824388 kB
SwapCached:         6964 kB
Active:           624108 kB
Inactive:        4701144 kB
Active(anon):     524776 kB
Inactive(anon):  3995000 kB
Active(file):      99332 kB
Inactive(file):   706144 kB
Unevictable:        6400 kB
Mlocked:            5960 kB
SwapTotal:       4718584 kB
SwapFree:        3976952 kB
Dirty:               196 kB
Writeback:             0 kB
AnonPages:       4504060 kB
Mapped:           601168 kB
Shmem:             14936 kB
KReclaimable:     375944 kB
Slab:             308160 kB
SReclaimable:      76112 kB
SUnreclaim:       232048 kB
KernelStack:       49728 kB
ShadowCallStack:   12464 kB
PageTables:        82336 kB
NFS_Unstable:          0 kB
Bounce:                0 kB
WritebackTmp:          0 kB
CommitLimit:     8677876 kB
Committed_AS:   74826284 kB
VmallocTotal:   263061440 kB
VmallocUsed:      133852 kB
VmallocChunk:          0 kB
Percpu:             2448 kB
CmaTotal:         405504 kB
CmaFree:               0 kB
MemTotal:        7918588 kB
MemFree:          149516 kB
MemAvailable:     917592 kB
Buffers:             724 kB
Cached:           824048 kB
SwapCached:         4612 kB
Active:           691104 kB
Inactive:        4651336 kB
Active(anon):     591772 kB
Inactive(anon):  3945136 kB
Active(file):      99332 kB
Inactive(file):   706200 kB
Unevictable:        6400 kB
Mlocked:            5960 kB
SwapTotal:       4718584 kB
SwapFree:        3943928 kB
Dirty:                92 kB
Writeback:             4 kB
AnonPages:       4523444 kB
Mapped:           601144 kB
Shmem:             14560 kB
KReclaimable:     360960 kB
Slab:             308232 kB
SReclaimable:      76112 kB
SUnreclaim:       232120 kB
KernelStack:       49744 kB
ShadowCallStack:   12460 kB
PageTables:        82552 kB
NFS_Unstable:          0 kB
Bounce:                0 kB
WritebackTmp:          0 kB
CommitLimit:     8677876 kB
Committed_AS:   74940968 kB
VmallocTotal:   263061440 kB
VmallocUsed:      133836 kB
VmallocChunk:          0 kB
Percpu:             2448 kB
CmaTotal:         405504 kB
CmaFree:               0 kB
MemTotal:        7918588 kB
MemFree:          151196 kB
MemAvailable:     914088 kB
Buffers:             724 kB
Cached:           823832 kB
SwapCached:         4444 kB
Active:           725924 kB
Inactive:        4624280 kB
Active(anon):     626592 kB
Inactive(anon):  3918080 kB
Active(file):      99332 kB
Inactive(file):   706200 kB
Unevictable:        6400 kB
Mlocked:            5960 kB
SwapTotal:       4718584 kB
SwapFree:        3928568 kB
Dirty:                92 kB
Writeback:             0 kB
AnonPages:       4531188 kB
Mapped:           601452 kB
Shmem:             14348 kB
KReclaimable:     347584 kB
Slab:             308180 kB
SReclaimable:      76112 kB
SUnreclaim:       232068 kB
KernelStack:       49728 kB
ShadowCallStack:   12452 kB
PageTables:        82552 kB
NFS_Unstable:          0 kB
Bounce:                0 kB
WritebackTmp:          0 kB
CommitLimit:     8677876 kB
Committed_AS:   74957356 kB
VmallocTotal:   263061440 kB
VmallocUsed:      133828 kB
VmallocChunk:          0 kB
Percpu:             2448 kB
CmaTotal:         405504 kB
CmaFree:               0 kB
MemTotal:        7918588 kB
MemFree:          159792 kB
MemAvailable:     902264 kB
Buffers:             724 kB
Cached:           824508 kB
SwapCached:         3348 kB
Active:           797104 kB
Inactive:        4558520 kB
Active(anon):     696996 kB
Inactive(anon):  3852292 kB
Active(file):     100108 kB
Inactive(file):   706228 kB
Unevictable:        6400 kB
Mlocked:            5960 kB
SwapTotal:       4718584 kB
SwapFree:        3879928 kB
Dirty:               108 kB
Writeback:             0 kB
AnonPages:       4536604 kB
Mapped:           601724 kB
Shmem:             14220 kB
KReclaimable:     326360 kB
Slab:             308176 kB
SReclaimable:      76048 kB
SUnreclaim:       232128 kB
KernelStack:       49776 kB
ShadowCallStack:   12460 kB
PageTables:        82792 kB
NFS_Unstable:          0 kB
Bounce:                0 kB
WritebackTmp:          0 kB
CommitLimit:     8677876 kB
Committed_AS:   75088428 kB
VmallocTotal:   263061440 kB
VmallocUsed:      133852 kB
VmallocChunk:          0 kB
Percpu:             2448 kB
CmaTotal:         405504 kB
CmaFree:               0 kB
MemTotal:        7918588 kB
MemFree:          159964 kB
MemAvailable:     879112 kB
Buffers:             724 kB
Cached:           825340 kB
SwapCached:         3348 kB
Active:           858744 kB
Inactive:        4504084 kB
Active(anon):     757796 kB
Inactive(anon):  3797844 kB
Active(file):     100948 kB
Inactive(file):   706240 kB
Unevictable:        6400 kB
Mlocked:            5960 kB
SwapTotal:       4718584 kB
SwapFree:        3836408 kB
Dirty:               136 kB
Writeback:             0 kB
AnonPages:       4543272 kB
Mapped:           602452 kB
Shmem:             14200 kB
KReclaimable:     310376 kB
Slab:             308208 kB
SReclaimable:      76048 kB
SUnreclaim:       232160 kB
KernelStack:       49712 kB
ShadowCallStack:   12460 kB
PageTables:        82904 kB
NFS_Unstable:          0 kB
Bounce:                0 kB
WritebackTmp:          0 kB
CommitLimit:     8677876 kB
Committed_AS:   75186732 kB
VmallocTotal:   263061440 kB
VmallocUsed:      133848 kB
VmallocChunk:          0 kB
Percpu:             2448 kB
CmaTotal:         405504 kB
CmaFree:               0 kB
MemTotal:        7918588 kB
MemFree:          148900 kB
MemAvailable:     857704 kB
Buffers:             724 kB
Cached:           825356 kB
SwapCached:         3248 kB
Active:           884700 kB
Inactive:        4487364 kB
Active(anon):     783752 kB
Inactive(anon):  3781108 kB
Active(file):     100948 kB
Inactive(file):   706256 kB
Unevictable:        6400 kB
Mlocked:            5960 kB
SwapTotal:       4718584 kB
SwapFree:        3823608 kB
Dirty:               152 kB
Writeback:             4 kB
AnonPages:       4552548 kB
Mapped:           602448 kB
Shmem:             14200 kB
KReclaimable:     308208 kB
Slab:             308300 kB
SReclaimable:      76048 kB
SUnreclaim:       232252 kB
KernelStack:       49760 kB
ShadowCallStack:   12448 kB
PageTables:        83028 kB
NFS_Unstable:          0 kB
Bounce:                0 kB
WritebackTmp:          0 kB
CommitLimit:     8677876 kB
Committed_AS:   75235888 kB
VmallocTotal:   263061440 kB
VmallocUsed:      133868 kB
VmallocChunk:          0 kB
Percpu:             2448 kB
CmaTotal:         405504 kB
CmaFree:               0 kB
MemTotal:        7918588 kB
MemFree:          148532 kB
MemAvailable:     842124 kB
Buffers:             724 kB
Cached:           825100 kB
SwapCached:         3192 kB
Active:           954764 kB
Inactive:        4423252 kB
Active(anon):     853796 kB
Inactive(anon):  3717012 kB
Active(file):     100968 kB
Inactive(file):   706240 kB
Unevictable:        6400 kB
Mlocked:            5960 kB
SwapTotal:       4718584 kB
SwapFree:        3780088 kB
Dirty:               152 kB
Writeback:             4 kB
AnonPages:       4558796 kB
Mapped:           602836 kB
Shmem:             13940 kB
KReclaimable:     292992 kB
Slab:             308352 kB
SReclaimable:      76064 kB
SUnreclaim:       232288 kB
KernelStack:       49744 kB
ShadowCallStack:   12460 kB
PageTables:        83416 kB
NFS_Unstable:          0 kB
Bounce:                0 kB
WritebackTmp:          0 kB
CommitLimit:     8677876 kB
Committed_AS:   75383340 kB
VmallocTotal:   263061440 kB
VmallocUsed:      133852 kB
VmallocChunk:          0 kB
Percpu:             2448 kB
CmaTotal:         405504 kB
CmaFree:               0 kB
MemTotal:        7918588 kB
MemFree:          156384 kB
MemAvailable:     851748 kB
Buffers:             732 kB
Cached:           825112 kB
SwapCached:         3180 kB
Active:          1015008 kB
Inactive:        4364304 kB
Active(anon):     914040 kB
Inactive(anon):  3658044 kB
Active(file):     100968 kB
Inactive(file):   706260 kB
Unevictable:        6400 kB
Mlocked:            5960 kB
SwapTotal:       4718584 kB
SwapFree:        3749880 kB
Dirty:               204 kB
Writeback:             0 kB
AnonPages:       4559800 kB
Mapped:           603164 kB
Shmem:             13940 kB
KReclaimable:     278360 kB
Slab:             308436 kB
SReclaimable:      76144 kB
SUnreclaim:       232292 kB
KernelStack:       49728 kB
ShadowCallStack:   12468 kB
PageTables:        83368 kB
NFS_Unstable:          0 kB
Bounce:                0 kB
WritebackTmp:          0 kB
CommitLimit:     8677876 kB
Committed_AS:   75432492 kB
VmallocTotal:   263061440 kB
VmallocUsed:      133836 kB
VmallocChunk:          0 kB
Percpu:             2448 kB
CmaTotal:         405504 kB
CmaFree:               0 kB
MemTotal:        7918588 kB
MemFree:          152152 kB
MemAvailable:     838332 kB
Buffers:             732 kB
Cached:           825112 kB
SwapCached:         3180 kB
Active:          1072168 kB
Inactive:        4313892 kB
Active(anon):     971200 kB
Inactive(anon):  3607632 kB
Active(file):     100968 kB
Inactive(file):   706260 kB
Unevictable:        6400 kB
Mlocked:            5960 kB
SwapTotal:       4718584 kB
SwapFree:        3707896 kB
Dirty:                92 kB
Writeback:             0 kB
AnonPages:       4566716 kB
Mapped:           603384 kB
Shmem:             13940 kB
KReclaimable:     269176 kB
Slab:             308588 kB
SReclaimable:      76240 kB
SUnreclaim:       232348 kB
KernelStack:       49728 kB
ShadowCallStack:   12460 kB
PageTables:        83552 kB
NFS_Unstable:          0 kB
Bounce:                0 kB
WritebackTmp:          0 kB
CommitLimit:     8677876 kB
Committed_AS:   75547180 kB
VmallocTotal:   263061440 kB
VmallocUsed:      133852 kB
VmallocChunk:          0 kB
Percpu:             2448 kB
CmaTotal:         405504 kB
CmaFree:               0 kB
MemTotal:        7918588 kB
MemFree:          171648 kB
MemAvailable:     785696 kB
Buffers:             732 kB
Cached:           826444 kB
SwapCached:         3168 kB
Active:          1210144 kB
Inactive:        4125736 kB
Active(anon):    1108032 kB
Inactive(anon):  3419376 kB
Active(file):     102112 kB
Inactive(file):   706360 kB
Unevictable:        6400 kB
Mlocked:            5960 kB
SwapTotal:       4718584 kB
SwapFree:        3563768 kB
Dirty:               124 kB
Writeback:             0 kB
AnonPages:       4515320 kB
Mapped:           605016 kB
Shmem:             14028 kB
KReclaimable:     165464 kB
Slab:             309144 kB
SReclaimable:      76624 kB
SUnreclaim:       232520 kB
KernelStack:       49856 kB
ShadowCallStack:   12496 kB
PageTables:        83988 kB
NFS_Unstable:          0 kB
Bounce:                0 kB
WritebackTmp:          0 kB
CommitLimit:     8677876 kB
Committed_AS:   75662268 kB
VmallocTotal:   263061440 kB
VmallocUsed:      134024 kB
VmallocChunk:          0 kB
Percpu:             2448 kB
CmaTotal:         405504 kB
CmaFree:               4 kB
MemTotal:        7918588 kB
MemFree:          197332 kB
MemAvailable:     911008 kB
Buffers:             732 kB
Cached:           826464 kB
SwapCached:         3168 kB
Active:          1191980 kB
Inactive:        4116040 kB
Active(anon):    1089868 kB
Inactive(anon):  3409572 kB
Active(file):     102112 kB
Inactive(file):   706468 kB
Unevictable:        6400 kB
Mlocked:            5960 kB
SwapTotal:       4718584 kB
SwapFree:        3557624 kB
Dirty:               256 kB
Writeback:             0 kB
AnonPages:       4487296 kB
Mapped:           604488 kB
Shmem:             13940 kB
KReclaimable:     295320 kB
Slab:             309252 kB
SReclaimable:      76624 kB
SUnreclaim:       232628 kB
KernelStack:       49728 kB
ShadowCallStack:   12464 kB
PageTables:        83936 kB
NFS_Unstable:          0 kB
Bounce:                0 kB
WritebackTmp:          0 kB
CommitLimit:     8677876 kB
Committed_AS:   75678256 kB
VmallocTotal:   263061440 kB
VmallocUsed:      133872 kB
VmallocChunk:          0 kB
Percpu:             2448 kB
CmaTotal:         405504 kB
CmaFree:               0 kB
MemTotal:        7918588 kB
MemFree:          151904 kB
MemAvailable:     808268 kB
Buffers:             756 kB
Cached:           826464 kB
SwapCached:         3168 kB
Active:          1259532 kB
Inactive:        4095112 kB
Active(anon):    1157420 kB
Inactive(anon):  3388620 kB
Active(file):     102112 kB
Inactive(file):   706492 kB
Unevictable:        6400 kB
Mlocked:            5960 kB
SwapTotal:       4718584 kB
SwapFree:        3538168 kB
Dirty:               300 kB
Writeback:             0 kB
AnonPages:       4533804 kB
Mapped:           604996 kB
Shmem:             13940 kB
KReclaimable:     233444 kB
Slab:             309180 kB
SReclaimable:      76572 kB
SUnreclaim:       232608 kB
KernelStack:       49712 kB
ShadowCallStack:   12452 kB
PageTables:        84268 kB
NFS_Unstable:          0 kB
Bounce:                0 kB
WritebackTmp:          0 kB
CommitLimit:     8677876 kB
Committed_AS:   75825716 kB
VmallocTotal:   263061440 kB
VmallocUsed:      133852 kB
VmallocChunk:          0 kB
Percpu:             2448 kB
CmaTotal:         405504 kB
CmaFree:               0 kB
MemTotal:        7918588 kB
MemFree:          153028 kB
MemAvailable:     808228 kB
Buffers:             764 kB
Cached:           826464 kB
SwapCached:         3168 kB
Active:          1303988 kB
Inactive:        4050836 kB
Active(anon):    1201876 kB
Inactive(anon):  3344336 kB
Active(file):     102112 kB
Inactive(file):   706500 kB
Unevictable:        6400 kB
Mlocked:            5960 kB
SwapTotal:       4718584 kB
SwapFree:        3494648 kB
Dirty:               300 kB
Writeback:             0 kB
AnonPages:       4534012 kB
Mapped:           605476 kB
Shmem:             13940 kB
KReclaimable:     231100 kB
Slab:             309344 kB
SReclaimable:      76684 kB
SUnreclaim:       232660 kB
KernelStack:       49744 kB
ShadowCallStack:   12460 kB
PageTables:        84780 kB
NFS_Unstable:          0 kB
Bounce:                0 kB
WritebackTmp:          0 kB
CommitLimit:     8677876 kB
Committed_AS:   75924016 kB
VmallocTotal:   263061440 kB
VmallocUsed:      133852 kB
VmallocChunk:          0 kB
Percpu:             2448 kB
CmaTotal:         405504 kB
CmaFree:               0 kB
MemTotal:        7918588 kB
MemFree:          151696 kB
MemAvailable:     806396 kB
Buffers:             764 kB
Cached:           826476 kB
SwapCached:         3168 kB
Active:          1327996 kB
Inactive:        4028280 kB
Active(anon):    1225884 kB
Inactive(anon):  3321776 kB
Active(file):     102112 kB
Inactive(file):   706504 kB
Unevictable:        6400 kB
Mlocked:            5960 kB
SwapTotal:       4718584 kB
SwapFree:        3472888 kB
Dirty:               236 kB
Writeback:             0 kB
AnonPages:       4535500 kB
Mapped:           605584 kB
Shmem:             13940 kB
KReclaimable:     230092 kB
Slab:             309440 kB
SReclaimable:      76716 kB
SUnreclaim:       232724 kB
KernelStack:       49760 kB
ShadowCallStack:   12460 kB
PageTables:        85000 kB
NFS_Unstable:          0 kB
Bounce:                0 kB
WritebackTmp:          0 kB
CommitLimit:     8677876 kB
Committed_AS:   75989552 kB
VmallocTotal:   263061440 kB
VmallocUsed:      133848 kB
VmallocChunk:          0 kB
Percpu:             2448 kB
CmaTotal:         405504 kB
CmaFree:               0 kB
MemTotal:        7918588 kB
MemFree:          149512 kB
MemAvailable:     803128 kB
Buffers:             764 kB
Cached:           826492 kB
SwapCached:         3168 kB
Active:          1383568 kB
Inactive:        3975152 kB
Active(anon):    1281456 kB
Inactive(anon):  3268624 kB
Active(file):     102112 kB
Inactive(file):   706528 kB
Unevictable:        6400 kB
Mlocked:            5960 kB
SwapTotal:       4718584 kB
SwapFree:        3421176 kB
Dirty:                28 kB
Writeback:             0 kB
AnonPages:       4538220 kB
Mapped:           606100 kB
Shmem:             13940 kB
KReclaimable:     227876 kB
Slab:             309488 kB
SReclaimable:      76828 kB
SUnreclaim:       232660 kB
KernelStack:       49696 kB
ShadowCallStack:   12452 kB
PageTables:        84824 kB
NFS_Unstable:          0 kB
Bounce:                0 kB
WritebackTmp:          0 kB
CommitLimit:     8677876 kB
Committed_AS:   76104240 kB
VmallocTotal:   263061440 kB
VmallocUsed:      133844 kB
VmallocChunk:          0 kB
Percpu:             2448 kB
CmaTotal:         405504 kB
CmaFree:               0 kB
MemTotal:        7918588 kB
MemFree:          153692 kB
MemAvailable:     806460 kB
Buffers:             764 kB
Cached:           826496 kB
SwapCached:         3168 kB
Active:          1413404 kB
Inactive:        3941596 kB
Active(anon):    1311292 kB
Inactive(anon):  3235064 kB
Active(file):     102112 kB
Inactive(file):   706532 kB
Unevictable:        6400 kB
Mlocked:            5960 kB
SwapTotal:       4718584 kB
SwapFree:        3388920 kB
Dirty:                60 kB
Writeback:             0 kB
AnonPages:       4534148 kB
Mapped:           606384 kB
Shmem:             13940 kB
KReclaimable:     226172 kB
Slab:             309752 kB
SReclaimable:      76892 kB
SUnreclaim:       232860 kB
KernelStack:       49744 kB
ShadowCallStack:   12456 kB
PageTables:        85184 kB
NFS_Unstable:          0 kB
Bounce:                0 kB
WritebackTmp:          0 kB
CommitLimit:     8677876 kB
Committed_AS:   76169776 kB
VmallocTotal:   263061440 kB
VmallocUsed:      133832 kB
VmallocChunk:          0 kB
Percpu:             2448 kB
CmaTotal:         405504 kB
CmaFree:               0 kB
MemTotal:        7918588 kB
MemFree:          150400 kB
MemAvailable:     802548 kB
Buffers:             772 kB
Cached:           826760 kB
SwapCached:         3168 kB
Active:          1465520 kB
Inactive:        3894508 kB
Active(anon):    1363408 kB
Inactive(anon):  3187684 kB
Active(file):     102112 kB
Inactive(file):   706824 kB
Unevictable:        6400 kB
Mlocked:            5960 kB
SwapTotal:       4718584 kB
SwapFree:        3345912 kB
Dirty:               176 kB
Writeback:             0 kB
AnonPages:       4539024 kB
Mapped:           606748 kB
Shmem:             13920 kB
KReclaimable:     224348 kB
Slab:             309952 kB
SReclaimable:      77020 kB
SUnreclaim:       232932 kB
KernelStack:       49744 kB
ShadowCallStack:   12460 kB
PageTables:        85524 kB
NFS_Unstable:          0 kB
Bounce:                0 kB
WritebackTmp:          0 kB
CommitLimit:     8677876 kB
Committed_AS:   76300852 kB
VmallocTotal:   263061440 kB
VmallocUsed:      133836 kB
VmallocChunk:          0 kB
Percpu:             2448 kB
CmaTotal:         405504 kB
CmaFree:               0 kB
MemTotal:        7918588 kB
MemFree:          150032 kB
MemAvailable:     801136 kB
Buffers:             772 kB
Cached:           826756 kB
SwapCached:         3168 kB
Active:          1517820 kB
Inactive:        3843736 kB
Active(anon):    1415708 kB
Inactive(anon):  3136912 kB
Active(file):     102112 kB
Inactive(file):   706824 kB
Unevictable:        6400 kB
Mlocked:            5960 kB
SwapTotal:       4718584 kB
SwapFree:        3296760 kB
Dirty:               176 kB
Writeback:             0 kB
AnonPages:       4540324 kB
Mapped:           606980 kB
Shmem:             13920 kB
KReclaimable:     222260 kB
Slab:             310040 kB
SReclaimable:      77132 kB
SUnreclaim:       232908 kB
KernelStack:       49728 kB
ShadowCallStack:   12460 kB
PageTables:        85528 kB
NFS_Unstable:          0 kB
Bounce:                0 kB
WritebackTmp:          0 kB
CommitLimit:     8677876 kB
Committed_AS:   76399156 kB
VmallocTotal:   263061440 kB
VmallocUsed:      133816 kB
VmallocChunk:          0 kB
Percpu:             2448 kB
CmaTotal:         405504 kB
CmaFree:               0 kB
MemTotal:        7918588 kB
MemFree:          151568 kB
MemAvailable:     802724 kB
Buffers:             772 kB
Cached:           827120 kB
SwapCached:         3168 kB
Active:          1531296 kB
Inactive:        3826156 kB
Active(anon):    1428832 kB
Inactive(anon):  3119332 kB
Active(file):     102464 kB
Inactive(file):   706824 kB
Unevictable:        6400 kB
Mlocked:            5960 kB
SwapTotal:       4718584 kB
SwapFree:        3280888 kB
Dirty:               176 kB
Writeback:             8 kB
AnonPages:       4536248 kB
Mapped:           607168 kB
Shmem:             13920 kB
KReclaimable:     221660 kB
Slab:             310148 kB
SReclaimable:      77148 kB
SUnreclaim:       233000 kB
KernelStack:       49760 kB
ShadowCallStack:   12460 kB
PageTables:        86028 kB
NFS_Unstable:          0 kB
Bounce:                0 kB
WritebackTmp:          0 kB
CommitLimit:     8677876 kB
Committed_AS:   76415540 kB
VmallocTotal:   263061440 kB
VmallocUsed:      133812 kB
VmallocChunk:          0 kB
Percpu:             2448 kB
CmaTotal:         405504 kB
CmaFree:               0 kB
MemTotal:        7918588 kB
MemFree:          154092 kB
MemAvailable:     803812 kB
Buffers:             772 kB
Cached:           827236 kB
SwapCached:         3168 kB
Active:          1601072 kB
Inactive:        3754584 kB
Active(anon):    1498500 kB
Inactive(anon):  3047748 kB
Active(file):     102572 kB
Inactive(file):   706836 kB
Unevictable:        6400 kB
Mlocked:            5960 kB
SwapTotal:       4718584 kB
SwapFree:        3212536 kB
Dirty:               204 kB
Writeback:             0 kB
AnonPages:       4534064 kB
Mapped:           607788 kB
Shmem:             13924 kB
KReclaimable:     218548 kB
Slab:             310252 kB
SReclaimable:      77308 kB
SUnreclaim:       232944 kB
KernelStack:       49696 kB
ShadowCallStack:   12464 kB
PageTables:        85916 kB
NFS_Unstable:          0 kB
Bounce:                0 kB
WritebackTmp:          0 kB
CommitLimit:     8677876 kB
Committed_AS:   76562996 kB
VmallocTotal:   263061440 kB
VmallocUsed:      133852 kB
VmallocChunk:          0 kB
Percpu:             2448 kB
CmaTotal:         405504 kB
CmaFree:              84 kB
MemTotal:        7918588 kB
MemFree:          152256 kB
MemAvailable:     801204 kB
Buffers:             772 kB
Cached:           827244 kB
SwapCached:         3168 kB
Active:          1636796 kB
Inactive:        3723192 kB
Active(anon):    1534224 kB
Inactive(anon):  3016348 kB
Active(file):     102572 kB
Inactive(file):   706844 kB
Unevictable:        6400 kB
Mlocked:            5960 kB
SwapTotal:       4718584 kB
SwapFree:        3183096 kB
Dirty:                44 kB
Writeback:             0 kB
AnonPages:       4538416 kB
Mapped:           608216 kB
Shmem:             13924 kB
KReclaimable:     216988 kB
Slab:             310512 kB
SReclaimable:      77372 kB
SUnreclaim:       233140 kB
KernelStack:       49760 kB
ShadowCallStack:   12464 kB
PageTables:        86268 kB
NFS_Unstable:          0 kB
Bounce:                0 kB
WritebackTmp:          0 kB
CommitLimit:     8677876 kB
Committed_AS:   76628532 kB
VmallocTotal:   263061440 kB
VmallocUsed:      133852 kB
VmallocChunk:          0 kB
Percpu:             2448 kB
CmaTotal:         405504 kB
CmaFree:              84 kB
MemTotal:        7918588 kB
MemFree:          150304 kB
MemAvailable:     798656 kB
Buffers:             796 kB
Cached:           827252 kB
SwapCached:         3168 kB
Active:          1669092 kB
Inactive:        3691184 kB
Active(anon):    1566520 kB
Inactive(anon):  2984316 kB
Active(file):     102572 kB
Inactive(file):   706868 kB
Unevictable:        6400 kB
Mlocked:            5960 kB
SwapTotal:       4718584 kB
SwapFree:        3153400 kB
Dirty:                88 kB
Writeback:             0 kB
AnonPages:       4538636 kB
Mapped:           608436 kB
Shmem:             13932 kB
KReclaimable:     215748 kB
Slab:             310508 kB
SReclaimable:      77436 kB
SUnreclaim:       233072 kB
KernelStack:       49744 kB
ShadowCallStack:   12460 kB
PageTables:        86332 kB
NFS_Unstable:          0 kB
Bounce:                0 kB
WritebackTmp:          0 kB
CommitLimit:     8677876 kB
Committed_AS:   76694076 kB
VmallocTotal:   263061440 kB
VmallocUsed:      133864 kB
VmallocChunk:          0 kB
Percpu:             2448 kB
CmaTotal:         405504 kB
CmaFree:              84 kB
MemTotal:        7918588 kB
MemFree:          150152 kB
MemAvailable:     797336 kB
Buffers:             796 kB
Cached:           827256 kB
SwapCached:         3168 kB
Active:          1731704 kB
Inactive:        3628048 kB
Active(anon):    1629132 kB
Inactive(anon):  2921180 kB
Active(file):     102572 kB
Inactive(file):   706868 kB
Unevictable:        6400 kB
Mlocked:            5960 kB
SwapTotal:       4718584 kB
SwapFree:        3094264 kB
Dirty:                88 kB
Writeback:             0 kB
AnonPages:       4538168 kB
