MemTotal:        7918588 kB
MemFree:         3139284 kB
MemAvailable:    4906024 kB
Buffers:            4684 kB
Cached:          1416204 kB
SwapCached:         7440 kB
Active:          1380392 kB
Inactive:         700296 kB
Active(anon):     555768 kB
Inactive(anon):   121316 kB
Active(file):     824624 kB
Inactive(file):   578980 kB
Unevictable:        6280 kB
Mlocked:            5840 kB
SwapTotal:       4718584 kB
SwapFree:        3893752 kB
Dirty:            157332 kB
Writeback:             0 kB
AnonPages:        661588 kB
Mapped:           528728 kB
Shmem:             12716 kB
KReclaimable:     917200 kB
Slab:             320516 kB
SReclaimable:      90276 kB
SUnreclaim:       230240 kB
KernelStack:       50368 kB
ShadowCallStack:   12628 kB
PageTables:        66176 kB
NFS_Unstable:          0 kB
Bounce:                0 kB
WritebackTmp:          0 kB
CommitLimit:     8677876 kB
Committed_AS:   68838672 kB
VmallocTotal:   263061440 kB
VmallocUsed:      133732 kB
VmallocChunk:          0 kB
Percpu:             2448 kB
CmaTotal:         405504 kB
CmaFree:          291076 kB
MemTotal:        7918588 kB
MemFree:         3105464 kB
MemAvailable:    4659468 kB
Buffers:            4736 kB
Cached:          1420124 kB
SwapCached:         7508 kB
Active:          1411648 kB
Inactive:         700628 kB
Active(anon):     583644 kB
Inactive(anon):   121320 kB
Active(file):     828004 kB
Inactive(file):   579308 kB
Unevictable:        6280 kB
Mlocked:            5840 kB
SwapTotal:       4718584 kB
SwapFree:        3894264 kB
Dirty:            157336 kB
Writeback:             8 kB
AnonPages:        689188 kB
Mapped:           544056 kB
Shmem:             12980 kB
KReclaimable:     700756 kB
Slab:             320996 kB
SReclaimable:      90276 kB
SUnreclaim:       230720 kB
KernelStack:       50432 kB
ShadowCallStack:   12640 kB
PageTables:        66824 kB
NFS_Unstable:          0 kB
Bounce:                0 kB
WritebackTmp:          0 kB
CommitLimit:     8677876 kB
Committed_AS:   68881344 kB
VmallocTotal:   263061440 kB
VmallocUsed:      133912 kB
VmallocChunk:          0 kB
Percpu:             2448 kB
CmaTotal:         405504 kB
CmaFree:          291076 kB
MemTotal:        7918588 kB
MemFree:         3100456 kB
MemAvailable:    4654472 kB
Buffers:            4744 kB
Cached:          1420144 kB
SwapCached:         7508 kB
Active:          1415356 kB
Inactive:         700644 kB
Active(anon):     587352 kB
Inactive(anon):   121312 kB
Active(file):     828004 kB
Inactive(file):   579332 kB
Unevictable:        6280 kB
Mlocked:            5840 kB
SwapTotal:       4718584 kB
SwapFree:        3894520 kB
Dirty:            157400 kB
Writeback:             4 kB
AnonPages:        692888 kB
Mapped:           544756 kB
Shmem:             12984 kB
KReclaimable:     700744 kB
Slab:             320948 kB
SReclaimable:      90264 kB
SUnreclaim:       230684 kB
KernelStack:       50432 kB
ShadowCallStack:   12632 kB
PageTables:        66616 kB
NFS_Unstable:          0 kB
Bounce:                0 kB
WritebackTmp:          0 kB
CommitLimit:     8677876 kB
Committed_AS:   68881288 kB
VmallocTotal:   263061440 kB
VmallocUsed:      133864 kB
VmallocChunk:          0 kB
Percpu:             2448 kB
CmaTotal:         405504 kB
CmaFree:          291076 kB
MemTotal:        7918588 kB
MemFree:         3058884 kB
MemAvailable:    4490728 kB
Buffers:            4748 kB
Cached:          1420264 kB
SwapCached:         7508 kB
Active:          1460468 kB
Inactive:         700696 kB
Active(anon):     632464 kB
Inactive(anon):   121288 kB
Active(file):     828004 kB
Inactive(file):   579408 kB
Unevictable:        6280 kB
Mlocked:            5840 kB
SwapTotal:       4718584 kB
SwapFree:        3897592 kB
Dirty:            157416 kB
Writeback:             0 kB
AnonPages:        737892 kB
Mapped:           545992 kB
Shmem:             13032 kB
KReclaimable:     578496 kB
Slab:             320960 kB
SReclaimable:      90264 kB
SUnreclaim:       230696 kB
KernelStack:       50544 kB
ShadowCallStack:   12660 kB
PageTables:        67004 kB
NFS_Unstable:          0 kB
Bounce:                0 kB
WritebackTmp:          0 kB
CommitLimit:     8677876 kB
Committed_AS:   68881632 kB
VmallocTotal:   263061440 kB
VmallocUsed:      133996 kB
VmallocChunk:          0 kB
Percpu:             2448 kB
CmaTotal:         405504 kB
CmaFree:          292100 kB
MemTotal:        7918588 kB
MemFree:         3097172 kB
MemAvailable:    4670596 kB
Buffers:            4772 kB
Cached:          1420424 kB
SwapCached:         7512 kB
Active:          1421880 kB
Inactive:         700724 kB
Active(anon):     593876 kB
Inactive(anon):   121292 kB
Active(file):     828004 kB
Inactive(file):   579432 kB
Unevictable:        6280 kB
Mlocked:            5840 kB
SwapTotal:       4718584 kB
SwapFree:        3898872 kB
Dirty:            157416 kB
Writeback:             0 kB
AnonPages:        699296 kB
Mapped:           546084 kB
Shmem:             13192 kB
KReclaimable:     720052 kB
Slab:             320904 kB
SReclaimable:      90248 kB
SUnreclaim:       230656 kB
KernelStack:       50240 kB
ShadowCallStack:   12584 kB
PageTables:        66696 kB
NFS_Unstable:          0 kB
Bounce:                0 kB
WritebackTmp:          0 kB
CommitLimit:     8677876 kB
Committed_AS:   68880760 kB
VmallocTotal:   263061440 kB
VmallocUsed:      133352 kB
VmallocChunk:          0 kB
Percpu:             2448 kB
CmaTotal:         405504 kB
CmaFree:          292220 kB
MemTotal:        7918588 kB
MemFree:         3095176 kB
MemAvailable:    4668712 kB
Buffers:            4780 kB
Cached:          1420296 kB
SwapCached:         7512 kB
Active:          1425780 kB
Inactive:         700716 kB
Active(anon):     597776 kB
Inactive(anon):   121268 kB
Active(file):     828004 kB
Inactive(file):   579448 kB
Unevictable:        6280 kB
Mlocked:            5840 kB
SwapTotal:       4718584 kB
SwapFree:        3898872 kB
Dirty:             17388 kB
Writeback:           152 kB
AnonPages:        703332 kB
Mapped:           547352 kB
Shmem:             13056 kB
KReclaimable:     720148 kB
Slab:             320856 kB
SReclaimable:      90280 kB
SUnreclaim:       230576 kB
KernelStack:       50256 kB
ShadowCallStack:   12592 kB
PageTables:        66812 kB
NFS_Unstable:          0 kB
Bounce:                0 kB
WritebackTmp:          0 kB
CommitLimit:     8677876 kB
Committed_AS:   68882636 kB
VmallocTotal:   263061440 kB
VmallocUsed:      133368 kB
VmallocChunk:          0 kB
Percpu:             2448 kB
CmaTotal:         405504 kB
CmaFree:          292228 kB
MemTotal:        7918588 kB
MemFree:         3064352 kB
MemAvailable:    4637888 kB
Buffers:            4780 kB
Cached:          1420296 kB
SwapCached:         7512 kB
Active:          1456112 kB
Inactive:         700716 kB
Active(anon):     628108 kB
Inactive(anon):   121268 kB
Active(file):     828004 kB
Inactive(file):   579448 kB
Unevictable:        6280 kB
Mlocked:            5840 kB
SwapTotal:       4718584 kB
SwapFree:        3898872 kB
Dirty:             17388 kB
Writeback:             0 kB
AnonPages:        733476 kB
Mapped:           550752 kB
Shmem:             13056 kB
KReclaimable:     720148 kB
Slab:             320856 kB
SReclaimable:      90280 kB
SUnreclaim:       230576 kB
KernelStack:       50240 kB
ShadowCallStack:   12600 kB
PageTables:        66852 kB
NFS_Unstable:          0 kB
Bounce:                0 kB
WritebackTmp:          0 kB
CommitLimit:     8677876 kB
Committed_AS:   68982340 kB
VmallocTotal:   263061440 kB
VmallocUsed:      133384 kB
VmallocChunk:          0 kB
Percpu:             2448 kB
CmaTotal:         405504 kB
CmaFree:          292228 kB
MemTotal:        7918588 kB
MemFree:         2866640 kB
MemAvailable:    4373336 kB
Buffers:            4784 kB
Cached:          1421552 kB
SwapCached:         7528 kB
Active:          1652004 kB
Inactive:         700772 kB
Active(anon):     822792 kB
Inactive(anon):   121272 kB
Active(file):     829212 kB
Inactive(file):   579500 kB
Unevictable:        6280 kB
Mlocked:            5840 kB
SwapTotal:       4718584 kB
SwapFree:        3898872 kB
Dirty:             17420 kB
Writeback:             0 kB
AnonPages:        928052 kB
Mapped:           633212 kB
Shmem:             13056 kB
KReclaimable:     652048 kB
Slab:             321140 kB
SReclaimable:      90280 kB
SUnreclaim:       230860 kB
KernelStack:       50288 kB
ShadowCallStack:   12600 kB
PageTables:        67436 kB
NFS_Unstable:          0 kB
Bounce:                0 kB
WritebackTmp:          0 kB
CommitLimit:     8677876 kB
Committed_AS:   69263356 kB
VmallocTotal:   263061440 kB
VmallocUsed:      133376 kB
VmallocChunk:          0 kB
Percpu:             2448 kB
CmaTotal:         405504 kB
CmaFree:          292228 kB
MemTotal:        7918588 kB
MemFree:         2826400 kB
MemAvailable:    4320632 kB
Buffers:            4816 kB
Cached:          1440140 kB
SwapCached:         7540 kB
Active:          1691588 kB
Inactive:         700788 kB
Active(anon):     843800 kB
Inactive(anon):   121268 kB
Active(file):     847788 kB
Inactive(file):   579520 kB
Unevictable:        6280 kB
Mlocked:            5840 kB
SwapTotal:       4718584 kB
SwapFree:        3899128 kB
Dirty:             17440 kB
Writeback:             0 kB
AnonPages:        949216 kB
Mapped:           651016 kB
Shmem:             13056 kB
KReclaimable:     620988 kB
Slab:             321224 kB
SReclaimable:      90284 kB
SUnreclaim:       230940 kB
KernelStack:       50320 kB
ShadowCallStack:   12608 kB
PageTables:        67600 kB
NFS_Unstable:          0 kB
Bounce:                0 kB
WritebackTmp:          0 kB
CommitLimit:     8677876 kB
Committed_AS:   69289096 kB
VmallocTotal:   263061440 kB
VmallocUsed:      133448 kB
VmallocChunk:          0 kB
Percpu:             2448 kB
CmaTotal:         405504 kB
CmaFree:          292228 kB
MemTotal:        7918588 kB
MemFree:         2723028 kB
MemAvailable:    4209304 kB
Buffers:            4816 kB
Cached:          1440284 kB
SwapCached:         7544 kB
Active:          1783600 kB
Inactive:         700916 kB
Active(anon):     935768 kB
Inactive(anon):   121272 kB
Active(file):     847832 kB
Inactive(file):   579644 kB
Unevictable:        6280 kB
Mlocked:            5840 kB
SwapTotal:       4718584 kB
SwapFree:        3899128 kB
Dirty:             17740 kB
Writeback:             8 kB
AnonPages:       1041252 kB
Mapped:           670120 kB
Shmem:             13056 kB
KReclaimable:     612864 kB
Slab:             321260 kB
SReclaimable:      90288 kB
SUnreclaim:       230972 kB
KernelStack:       50336 kB
ShadowCallStack:   12612 kB
PageTables:        68140 kB
NFS_Unstable:          0 kB
Bounce:                0 kB
WritebackTmp:          0 kB
CommitLimit:     8677876 kB
Committed_AS:   69518472 kB
VmallocTotal:   263061440 kB
VmallocUsed:      133448 kB
VmallocChunk:          0 kB
Percpu:             2448 kB
CmaTotal:         405504 kB
CmaFree:          292228 kB
MemTotal:        7918588 kB
MemFree:         2617612 kB
MemAvailable:    4102652 kB
Buffers:            4824 kB
Cached:          1440428 kB
SwapCached:         7544 kB
Active:          1888484 kB
Inactive:         700932 kB
Active(anon):    1040524 kB
Inactive(anon):   121268 kB
Active(file):     847960 kB
Inactive(file):   579664 kB
Unevictable:        6280 kB
Mlocked:            5840 kB
SwapTotal:       4718584 kB
SwapFree:        3899640 kB
Dirty:             17768 kB
Writeback:             0 kB
AnonPages:       1145992 kB
Mapped:           670984 kB
Shmem:             13060 kB
KReclaimable:     611480 kB
Slab:             321304 kB
SReclaimable:      90288 kB
SUnreclaim:       231016 kB
KernelStack:       50304 kB
ShadowCallStack:   12604 kB
PageTables:        68528 kB
NFS_Unstable:          0 kB
Bounce:                0 kB
WritebackTmp:          0 kB
CommitLimit:     8677876 kB
Committed_AS:   69780620 kB
VmallocTotal:   263061440 kB
VmallocUsed:      133464 kB
VmallocChunk:          0 kB
Percpu:             2448 kB
CmaTotal:         405504 kB
CmaFree:          292228 kB
MemTotal:        7918588 kB
MemFree:         2498452 kB
MemAvailable:    3981536 kB
Buffers:            4824 kB
Cached:          1440432 kB
SwapCached:         7544 kB
Active:          1998896 kB
Inactive:         700924 kB
Active(anon):    1150936 kB
Inactive(anon):   121260 kB
Active(file):     847960 kB
Inactive(file):   579664 kB
Unevictable:        6280 kB
Mlocked:            5840 kB
SwapTotal:       4718584 kB
SwapFree:        3899640 kB
Dirty:             17768 kB
Writeback:             0 kB
AnonPages:       1256116 kB
Mapped:           672120 kB
Shmem:             13064 kB
KReclaimable:     609524 kB
Slab:             321348 kB
SReclaimable:      90288 kB
SUnreclaim:       231060 kB
KernelStack:       50336 kB
ShadowCallStack:   12588 kB
PageTables:        69220 kB
NFS_Unstable:          0 kB
Bounce:                0 kB
WritebackTmp:          0 kB
CommitLimit:     8677876 kB
Committed_AS:   70059100 kB
VmallocTotal:   263061440 kB
VmallocUsed:      133448 kB
VmallocChunk:          0 kB
Percpu:             2448 kB
CmaTotal:         405504 kB
CmaFree:          292228 kB
MemTotal:        7918588 kB
MemFree:         2411684 kB
MemAvailable:    3894568 kB
Buffers:            4824 kB
Cached:          1441108 kB
SwapCached:         7544 kB
Active:          2084544 kB
Inactive:         700892 kB
Active(anon):    1235932 kB
Inactive(anon):   121208 kB
Active(file):     848612 kB
Inactive(file):   579684 kB
Unevictable:        6280 kB
Mlocked:            5840 kB
SwapTotal:       4718584 kB
SwapFree:        3899640 kB
Dirty:             17788 kB
Writeback:             0 kB
AnonPages:       1341288 kB
Mapped:           670476 kB
Shmem:             13068 kB
KReclaimable:     608652 kB
Slab:             321372 kB
SReclaimable:      90288 kB
SUnreclaim:       231084 kB
KernelStack:       50288 kB
ShadowCallStack:   12600 kB
PageTables:        69632 kB
NFS_Unstable:          0 kB
Bounce:                0 kB
WritebackTmp:          0 kB
CommitLimit:     8677876 kB
Committed_AS:   70272000 kB
VmallocTotal:   263061440 kB
VmallocUsed:      133408 kB
VmallocChunk:          0 kB
Percpu:             2448 kB
CmaTotal:         405504 kB
CmaFree:          292228 kB
MemTotal:        7918588 kB
MemFree:         2333412 kB
MemAvailable:    3817160 kB
Buffers:            4824 kB
Cached:          1442828 kB
SwapCached:         7544 kB
Active:          2164056 kB
Inactive:         700888 kB
Active(anon):    1313724 kB
Inactive(anon):   121204 kB
Active(file):     850332 kB
Inactive(file):   579684 kB
Unevictable:        6280 kB
Mlocked:            5840 kB
SwapTotal:       4718584 kB
SwapFree:        3899640 kB
Dirty:             17788 kB
Writeback:             0 kB
AnonPages:       1419144 kB
Mapped:           670816 kB
Shmem:             13068 kB
KReclaimable:     607796 kB
Slab:             321388 kB
SReclaimable:      90288 kB
SUnreclaim:       231100 kB
KernelStack:       50240 kB
ShadowCallStack:   12592 kB
PageTables:        69936 kB
NFS_Unstable:          0 kB
Bounce:                0 kB
WritebackTmp:          0 kB
CommitLimit:     8677876 kB
Committed_AS:   70484992 kB
VmallocTotal:   263061440 kB
VmallocUsed:      133408 kB
VmallocChunk:          0 kB
Percpu:             2448 kB
CmaTotal:         405504 kB
CmaFree:          292228 kB
MemTotal:        7918588 kB
MemFree:         2228764 kB
MemAvailable:    3710952 kB
Buffers:            4824 kB
Cached:          1442948 kB
SwapCached:         7544 kB
Active:          2267184 kB
Inactive:         700844 kB
Active(anon):    1416732 kB
Inactive(anon):   121160 kB
Active(file):     850452 kB
Inactive(file):   579684 kB
Unevictable:        6280 kB
Mlocked:            5840 kB
SwapTotal:       4718584 kB
SwapFree:        3900920 kB
Dirty:             17796 kB
Writeback:             0 kB
AnonPages:       1522092 kB
Mapped:           672384 kB
Shmem:             13068 kB
KReclaimable:     606116 kB
Slab:             321456 kB
SReclaimable:      90288 kB
SUnreclaim:       231168 kB
KernelStack:       50272 kB
ShadowCallStack:   12596 kB
PageTables:        70572 kB
NFS_Unstable:          0 kB
Bounce:                0 kB
WritebackTmp:          0 kB
CommitLimit:     8677876 kB
Committed_AS:   70747140 kB
VmallocTotal:   263061440 kB
VmallocUsed:      133388 kB
VmallocChunk:          0 kB
Percpu:             2448 kB
CmaTotal:         405504 kB
CmaFree:          292228 kB
MemTotal:        7918588 kB
MemFree:         2130340 kB
MemAvailable:    3611316 kB
Buffers:            4860 kB
Cached:          1442956 kB
SwapCached:         7544 kB
Active:          2364700 kB
Inactive:         700708 kB
Active(anon):    1514248 kB
Inactive(anon):   120980 kB
Active(file):     850452 kB
Inactive(file):   579728 kB
Unevictable:        6280 kB
Mlocked:            5840 kB
SwapTotal:       4718584 kB
SwapFree:        3900920 kB
Dirty:             17832 kB
Writeback:             0 kB
AnonPages:       1619440 kB
Mapped:           673280 kB
Shmem:             13068 kB
KReclaimable:     604860 kB
Slab:             321488 kB
SReclaimable:      90288 kB
SUnreclaim:       231200 kB
KernelStack:       50256 kB
ShadowCallStack:   12596 kB
PageTables:        71044 kB
NFS_Unstable:          0 kB
Bounce:                0 kB
WritebackTmp:          0 kB
CommitLimit:     8677876 kB
Committed_AS:   70992896 kB
VmallocTotal:   263061440 kB
VmallocUsed:      133404 kB
VmallocChunk:          0 kB
Percpu:             2448 kB
CmaTotal:         405504 kB
CmaFree:          292228 kB
MemTotal:        7918588 kB
MemFree:         2047060 kB
MemAvailable:    3526760 kB
Buffers:            4860 kB
Cached:          1442968 kB
SwapCached:         7544 kB
Active:          2448600 kB
Inactive:         700716 kB
Active(anon):    1598148 kB
Inactive(anon):   120976 kB
Active(file):     850452 kB
Inactive(file):   579740 kB
Unevictable:        6280 kB
Mlocked:            5840 kB
SwapTotal:       4718584 kB
SwapFree:        3900920 kB
Dirty:             17872 kB
Writeback:             0 kB
AnonPages:       1703320 kB
Mapped:           674092 kB
Shmem:             13068 kB
KReclaimable:     603572 kB
Slab:             321528 kB
SReclaimable:      90288 kB
SUnreclaim:       231240 kB
KernelStack:       50288 kB
ShadowCallStack:   12612 kB
PageTables:        71508 kB
NFS_Unstable:          0 kB
Bounce:                0 kB
WritebackTmp:          0 kB
CommitLimit:     8677876 kB
Committed_AS:   71222272 kB
VmallocTotal:   263061440 kB
VmallocUsed:      133404 kB
VmallocChunk:          0 kB
Percpu:             2448 kB
CmaTotal:         405504 kB
CmaFree:          292228 kB
MemTotal:        7918588 kB
MemFree:         1949420 kB
MemAvailable:    3428120 kB
Buffers:            4860 kB
Cached:          1442972 kB
SwapCached:         7544 kB
Active:          2545408 kB
Inactive:         700720 kB
Active(anon):    1694956 kB
Inactive(anon):   120980 kB
Active(file):     850452 kB
Inactive(file):   579740 kB
Unevictable:        6280 kB
Mlocked:            5840 kB
SwapTotal:       4718584 kB
SwapFree:        3900920 kB
Dirty:             17872 kB
Writeback:             0 kB
AnonPages:       1800128 kB
Mapped:           674764 kB
Shmem:             13072 kB
KReclaimable:     602572 kB
Slab:             321552 kB
SReclaimable:      90288 kB
SUnreclaim:       231264 kB
KernelStack:       50288 kB
ShadowCallStack:   12600 kB
PageTables:        71964 kB
NFS_Unstable:          0 kB
Bounce:                0 kB
WritebackTmp:          0 kB
CommitLimit:     8677876 kB
Committed_AS:   71468040 kB
VmallocTotal:   263061440 kB
VmallocUsed:      133404 kB
VmallocChunk:          0 kB
Percpu:             2448 kB
CmaTotal:         405504 kB
CmaFree:          292228 kB
MemTotal:        7918588 kB
MemFree:         1866068 kB
MemAvailable:    3343864 kB
Buffers:            4860 kB
Cached:          1442976 kB
SwapCached:         7544 kB
Active:          2627696 kB
Inactive:         700720 kB
Active(anon):    1777244 kB
Inactive(anon):   120980 kB
Active(file):     850452 kB
Inactive(file):   579740 kB
Unevictable:        6280 kB
Mlocked:            5840 kB
SwapTotal:       4718584 kB
SwapFree:        3900920 kB
Dirty:             17872 kB
Writeback:             0 kB
AnonPages:       1882480 kB
Mapped:           675404 kB
Shmem:             13076 kB
KReclaimable:     601668 kB
Slab:             321588 kB
SReclaimable:      90288 kB
SUnreclaim:       231300 kB
KernelStack:       50304 kB
ShadowCallStack:   12600 kB
PageTables:        72444 kB
NFS_Unstable:          0 kB
Bounce:                0 kB
WritebackTmp:          0 kB
CommitLimit:     8677876 kB
Committed_AS:   71664648 kB
VmallocTotal:   263061440 kB
VmallocUsed:      133404 kB
VmallocChunk:          0 kB
Percpu:             2448 kB
CmaTotal:         405504 kB
CmaFree:          292228 kB
MemTotal:        7918588 kB
MemFree:         1766672 kB
MemAvailable:    3242500 kB
Buffers:            4860 kB
Cached:          1442976 kB
SwapCached:         7544 kB
Active:          2727556 kB
Inactive:         700720 kB
Active(anon):    1877104 kB
Inactive(anon):   120980 kB
Active(file):     850452 kB
Inactive(file):   579740 kB
Unevictable:        6280 kB
Mlocked:            5840 kB
SwapTotal:       4718584 kB
SwapFree:        3900920 kB
Dirty:             17872 kB
Writeback:             0 kB
AnonPages:       1982164 kB
Mapped:           676584 kB
Shmem:             13076 kB
KReclaimable:     599700 kB
Slab:             321664 kB
SReclaimable:      90288 kB
SUnreclaim:       231376 kB
KernelStack:       50288 kB
ShadowCallStack:   12600 kB
PageTables:        72824 kB
NFS_Unstable:          0 kB
Bounce:                0 kB
WritebackTmp:          0 kB
CommitLimit:     8677876 kB
Committed_AS:   71910408 kB
VmallocTotal:   263061440 kB
VmallocUsed:      133404 kB
VmallocChunk:          0 kB
Percpu:             2448 kB
CmaTotal:         405504 kB
CmaFree:          292228 kB
MemTotal:        7918588 kB
MemFree:         1696064 kB
MemAvailable:    3171460 kB
Buffers:            4868 kB
Cached:          1442988 kB
SwapCached:         7544 kB
Active:          2797524 kB
Inactive:         700724 kB
Active(anon):    1947072 kB
Inactive(anon):   120968 kB
Active(file):     850452 kB
Inactive(file):   579756 kB
Unevictable:        6280 kB
Mlocked:            5840 kB
SwapTotal:       4718584 kB
SwapFree:        3900920 kB
Dirty:             17880 kB
Writeback:             0 kB
AnonPages:       2052148 kB
Mapped:           676936 kB
Shmem:             13080 kB
KReclaimable:     599252 kB
Slab:             321684 kB
SReclaimable:      90288 kB
SUnreclaim:       231396 kB
KernelStack:       50272 kB
ShadowCallStack:   12600 kB
PageTables:        73012 kB
NFS_Unstable:          0 kB
Bounce:                0 kB
WritebackTmp:          0 kB
CommitLimit:     8677876 kB
Committed_AS:   72074256 kB
VmallocTotal:   263061440 kB
VmallocUsed:      133416 kB
VmallocChunk:          0 kB
Percpu:             2448 kB
CmaTotal:         405504 kB
CmaFree:          292228 kB
MemTotal:        7918588 kB
MemFree:         1634340 kB
MemAvailable:    3109152 kB
Buffers:            4868 kB
Cached:          1442992 kB
SwapCached:         7544 kB
Active:          2859260 kB
Inactive:         700732 kB
Active(anon):    2008808 kB
Inactive(anon):   120976 kB
Active(file):     850452 kB
Inactive(file):   579756 kB
Unevictable:        6280 kB
Mlocked:            5840 kB
SwapTotal:       4718584 kB
SwapFree:        3900920 kB
Dirty:             17880 kB
Writeback:             0 kB
AnonPages:       2113912 kB
Mapped:           677688 kB
Shmem:             13084 kB
KReclaimable:     598668 kB
Slab:             321696 kB
SReclaimable:      90288 kB
SUnreclaim:       231408 kB
KernelStack:       50224 kB
ShadowCallStack:   12584 kB
PageTables:        73320 kB
NFS_Unstable:          0 kB
Bounce:                0 kB
WritebackTmp:          0 kB
CommitLimit:     8677876 kB
Committed_AS:   72221608 kB
VmallocTotal:   263061440 kB
VmallocUsed:      133368 kB
VmallocChunk:          0 kB
Percpu:             2448 kB
CmaTotal:         405504 kB
CmaFree:          292228 kB
MemTotal:        7918588 kB
MemFree:         1549824 kB
MemAvailable:    3023340 kB
Buffers:            4868 kB
Cached:          1442992 kB
SwapCached:         7544 kB
Active:          2943644 kB
Inactive:         700728 kB
Active(anon):    2093192 kB
Inactive(anon):   120972 kB
Active(file):     850452 kB
Inactive(file):   579756 kB
Unevictable:        6280 kB
Mlocked:            5840 kB
SwapTotal:       4718584 kB
SwapFree:        3900920 kB
Dirty:             17880 kB
Writeback:             0 kB
AnonPages:       2198360 kB
Mapped:           678452 kB
Shmem:             13084 kB
KReclaimable:     597372 kB
Slab:             321792 kB
SReclaimable:      90288 kB
SUnreclaim:       231504 kB
KernelStack:       50224 kB
ShadowCallStack:   12588 kB
PageTables:        73928 kB
NFS_Unstable:          0 kB
Bounce:                0 kB
WritebackTmp:          0 kB
CommitLimit:     8677876 kB
Committed_AS:   72418112 kB
VmallocTotal:   263061440 kB
VmallocUsed:      133324 kB
VmallocChunk:          0 kB
Percpu:             2448 kB
CmaTotal:         405504 kB
CmaFree:          292228 kB
MemTotal:        7918588 kB
MemFree:         1465972 kB
MemAvailable:    2938600 kB
Buffers:            4868 kB
Cached:          1442992 kB
SwapCached:         7544 kB
Active:          3026412 kB
Inactive:         700728 kB
Active(anon):    2175960 kB
Inactive(anon):   120972 kB
Active(file):     850452 kB
Inactive(file):   579756 kB
Unevictable:        6280 kB
Mlocked:            5840 kB
SwapTotal:       4718584 kB
SwapFree:        3900920 kB
Dirty:             17880 kB
Writeback:             0 kB
AnonPages:       2281068 kB
Mapped:           678840 kB
Shmem:             13084 kB
KReclaimable:     596484 kB
Slab:             321872 kB
SReclaimable:      90288 kB
SUnreclaim:       231584 kB
KernelStack:       50176 kB
ShadowCallStack:   12572 kB
PageTables:        74312 kB
NFS_Unstable:          0 kB
Bounce:                0 kB
WritebackTmp:          0 kB
CommitLimit:     8677876 kB
Committed_AS:   72614564 kB
VmallocTotal:   263061440 kB
VmallocUsed:      133260 kB
VmallocChunk:          0 kB
Percpu:             2448 kB
CmaTotal:         405504 kB
CmaFree:          292228 kB
MemTotal:        7918588 kB
MemFree:         1336352 kB
MemAvailable:    2687900 kB
Buffers:            4868 kB
Cached:          1443004 kB
SwapCached:         7544 kB
Active:          3158268 kB
Inactive:         700720 kB
Active(anon):    2307816 kB
Inactive(anon):   120964 kB
Active(file):     850452 kB
Inactive(file):   579756 kB
Unevictable:        6280 kB
Mlocked:            5840 kB
SwapTotal:       4718584 kB
SwapFree:        3901176 kB
Dirty:             17880 kB
Writeback:             0 kB
AnonPages:       2412900 kB
Mapped:           680212 kB
Shmem:             13096 kB
KReclaimable:     475404 kB
Slab:             321992 kB
SReclaimable:      90288 kB
SUnreclaim:       231704 kB
KernelStack:       50272 kB
ShadowCallStack:   12564 kB
PageTables:        74580 kB
NFS_Unstable:          0 kB
Bounce:                0 kB
WritebackTmp:          0 kB
CommitLimit:     8677876 kB
Committed_AS:   72827952 kB
VmallocTotal:   263061440 kB
VmallocUsed:      133424 kB
VmallocChunk:          0 kB
Percpu:             2448 kB
CmaTotal:         405504 kB
CmaFree:          258900 kB
MemTotal:        7918588 kB
MemFree:         1271780 kB
MemAvailable:    2612152 kB
Buffers:            4900 kB
Cached:          1443132 kB
SwapCached:         7544 kB
Active:          3222252 kB
Inactive:         700772 kB
Active(anon):    2371800 kB
Inactive(anon):   120976 kB
Active(file):     850452 kB
Inactive(file):   579796 kB
Unevictable:        6280 kB
Mlocked:            5840 kB
SwapTotal:       4718584 kB
SwapFree:        3901176 kB
Dirty:             17888 kB
Writeback:             0 kB
AnonPages:       2476776 kB
Mapped:           680856 kB
Shmem:             13216 kB
KReclaimable:     464188 kB
Slab:             322012 kB
SReclaimable:      90288 kB
SUnreclaim:       231724 kB
KernelStack:       50272 kB
ShadowCallStack:   12584 kB
PageTables:        74920 kB
NFS_Unstable:          0 kB
Bounce:                0 kB
WritebackTmp:          0 kB
CommitLimit:     8677876 kB
Committed_AS:   72976436 kB
VmallocTotal:   263061440 kB
VmallocUsed:      133436 kB
VmallocChunk:          0 kB
Percpu:             2448 kB
CmaTotal:         405504 kB
CmaFree:          195036 kB
MemTotal:        7918588 kB
MemFree:         1236336 kB
MemAvailable:    2706148 kB
Buffers:            4900 kB
Cached:          1443004 kB
SwapCached:         7544 kB
Active:          3256020 kB
Inactive:         700744 kB
Active(anon):    2405568 kB
Inactive(anon):   120948 kB
Active(file):     850452 kB
Inactive(file):   579796 kB
Unevictable:        6280 kB
Mlocked:            5840 kB
SwapTotal:       4718584 kB
SwapFree:        3901176 kB
Dirty:             17888 kB
Writeback:             0 kB
AnonPages:       2510456 kB
Mapped:           680848 kB
Shmem:             13088 kB
KReclaimable:     593628 kB
Slab:             322020 kB
SReclaimable:      90288 kB
SUnreclaim:       231732 kB
KernelStack:       50176 kB
ShadowCallStack:   12568 kB
PageTables:        75252 kB
NFS_Unstable:          0 kB
Bounce:                0 kB
WritebackTmp:          0 kB
CommitLimit:     8677876 kB
Committed_AS:   73123496 kB
VmallocTotal:   263061440 kB
VmallocUsed:      133236 kB
VmallocChunk:          0 kB
Percpu:             2448 kB
CmaTotal:         405504 kB
CmaFree:          159668 kB
MemTotal:        7918588 kB
MemFree:         1167536 kB
MemAvailable:    2636460 kB
Buffers:            4900 kB
Cached:          1443004 kB
SwapCached:         7544 kB
Active:          3323424 kB
Inactive:         700744 kB
Active(anon):    2472972 kB
Inactive(anon):   120948 kB
Active(file):     850452 kB
Inactive(file):   579796 kB
Unevictable:        6280 kB
Mlocked:            5840 kB
SwapTotal:       4718584 kB
SwapFree:        3901176 kB
Dirty:             17948 kB
Writeback:             0 kB
AnonPages:       2578100 kB
Mapped:           681400 kB
Shmem:             13088 kB
KReclaimable:     592740 kB
Slab:             322036 kB
SReclaimable:      90304 kB
SUnreclaim:       231732 kB
KernelStack:       50128 kB
ShadowCallStack:   12564 kB
PageTables:        75488 kB
NFS_Unstable:          0 kB
Bounce:                0 kB
WritebackTmp:          0 kB
CommitLimit:     8677876 kB
Committed_AS:   73287232 kB
VmallocTotal:   263061440 kB
VmallocUsed:      133208 kB
VmallocChunk:          0 kB
Percpu:             2448 kB
CmaTotal:         405504 kB
CmaFree:           91720 kB
MemTotal:        7918588 kB
MemFree:         1120016 kB
MemAvailable:    2588356 kB
Buffers:            4900 kB
Cached:          1443004 kB
SwapCached:         7544 kB
Active:          3371144 kB
Inactive:         700740 kB
Active(anon):    2520692 kB
Inactive(anon):   120944 kB
Active(file):     850452 kB
Inactive(file):   579796 kB
Unevictable:        6280 kB
Mlocked:            5840 kB
SwapTotal:       4718584 kB
SwapFree:        3901176 kB
Dirty:             17948 kB
Writeback:             0 kB
AnonPages:       2625972 kB
Mapped:           681720 kB
Shmem:             13088 kB
KReclaimable:     592156 kB
Slab:             322072 kB
SReclaimable:      90304 kB
SUnreclaim:       231768 kB
KernelStack:       50096 kB
ShadowCallStack:   12572 kB
PageTables:        75792 kB
NFS_Unstable:          0 kB
Bounce:                0 kB
WritebackTmp:          0 kB
CommitLimit:     8677876 kB
Committed_AS:   73401820 kB
VmallocTotal:   263061440 kB
VmallocUsed:      133172 kB
VmallocChunk:          0 kB
Percpu:             2448 kB
CmaTotal:         405504 kB
CmaFree:           43960 kB
MemTotal:        7918588 kB
MemFree:         1049288 kB
MemAvailable:    2516908 kB
Buffers:            4900 kB
Cached:          1443004 kB
SwapCached:         7544 kB
Active:          3443008 kB
Inactive:         700744 kB
Active(anon):    2592556 kB
Inactive(anon):   120948 kB
Active(file):     850452 kB
Inactive(file):   579796 kB
Unevictable:        6280 kB
Mlocked:            5840 kB
SwapTotal:       4718584 kB
SwapFree:        3901176 kB
Dirty:             17948 kB
Writeback:             0 kB
AnonPages:       2697640 kB
Mapped:           682112 kB
Shmem:             13088 kB
KReclaimable:     591436 kB
Slab:             322076 kB
SReclaimable:      90304 kB
SUnreclaim:       231772 kB
KernelStack:       50112 kB
ShadowCallStack:   12556 kB
PageTables:        76112 kB
NFS_Unstable:          0 kB
Bounce:                0 kB
WritebackTmp:          0 kB
CommitLimit:     8677876 kB
Committed_AS:   73565656 kB
VmallocTotal:   263061440 kB
VmallocUsed:      133168 kB
VmallocChunk:          0 kB
Percpu:             2448 kB
CmaTotal:         405504 kB
CmaFree:               0 kB
MemTotal:        7918588 kB
MemFree:          989788 kB
MemAvailable:    2456472 kB
Buffers:            4912 kB
Cached:          1443008 kB
SwapCached:         7544 kB
Active:          3502568 kB
Inactive:         700740 kB
Active(anon):    2652116 kB
Inactive(anon):   120936 kB
Active(file):     850452 kB
Inactive(file):   579804 kB
Unevictable:        6280 kB
Mlocked:            5840 kB
SwapTotal:       4718584 kB
SwapFree:        3901176 kB
Dirty:             17956 kB
Writeback:             0 kB
AnonPages:       2757108 kB
Mapped:           682984 kB
Shmem:             13096 kB
KReclaimable:     590492 kB
Slab:             322108 kB
SReclaimable:      90304 kB
SUnreclaim:       231804 kB
KernelStack:       50080 kB
ShadowCallStack:   12548 kB
PageTables:        76172 kB
NFS_Unstable:          0 kB
Bounce:                0 kB
WritebackTmp:          0 kB
CommitLimit:     8677876 kB
Committed_AS:   73680352 kB
VmallocTotal:   263061440 kB
VmallocUsed:      133168 kB
VmallocChunk:          0 kB
Percpu:             2448 kB
CmaTotal:         405504 kB
CmaFree:               0 kB
MemTotal:        7918588 kB
MemFree:          934608 kB
MemAvailable:    2400920 kB
Buffers:            4916 kB
Cached:          1443036 kB
SwapCached:         7544 kB
Active:          3556920 kB
Inactive:         700776 kB
Active(anon):    2706468 kB
Inactive(anon):   120944 kB
Active(file):     850452 kB
Inactive(file):   579832 kB
Unevictable:        6280 kB
Mlocked:            5840 kB
SwapTotal:       4718584 kB
SwapFree:        3901176 kB
Dirty:               580 kB
Writeback:             0 kB
AnonPages:       2811360 kB
Mapped:           683264 kB
Shmem:             13100 kB
KReclaimable:     590092 kB
Slab:             322176 kB
SReclaimable:      90304 kB
SUnreclaim:       231872 kB
KernelStack:       50112 kB
ShadowCallStack:   12564 kB
PageTables:        76616 kB
NFS_Unstable:          0 kB
Bounce:                0 kB
WritebackTmp:          0 kB
CommitLimit:     8677876 kB
Committed_AS:   73795044 kB
VmallocTotal:   263061440 kB
VmallocUsed:      133172 kB
VmallocChunk:          0 kB
Percpu:             2448 kB
CmaTotal:         405504 kB
CmaFree:               0 kB
MemTotal:        7918588 kB
MemFree:          876608 kB
MemAvailable:    2341952 kB
Buffers:            4916 kB
Cached:          1443044 kB
SwapCached:         7544 kB
Active:          3615072 kB
Inactive:         700772 kB
Active(anon):    2764620 kB
Inactive(anon):   120940 kB
Active(file):     850452 kB
Inactive(file):   579832 kB
Unevictable:        6280 kB
Mlocked:            5840 kB
SwapTotal:       4718584 kB
SwapFree:        3901176 kB
Dirty:               588 kB
Writeback:             0 kB
AnonPages:       2869492 kB
Mapped:           683864 kB
Shmem:             13108 kB
KReclaimable:     589124 kB
Slab:             322172 kB
SReclaimable:      90304 kB
SUnreclaim:       231868 kB
KernelStack:       50128 kB
ShadowCallStack:   12556 kB
PageTables:        76720 kB
NFS_Unstable:          0 kB
Bounce:                0 kB
WritebackTmp:          0 kB
CommitLimit:     8677876 kB
Committed_AS:   73926124 kB
VmallocTotal:   263061440 kB
VmallocUsed:      133164 kB
VmallocChunk:          0 kB
Percpu:             2448 kB
CmaTotal:         405504 kB
CmaFree:               0 kB
MemTotal:        7918588 kB
MemFree:          812076 kB
MemAvailable:    2279444 kB
Buffers:            4916 kB
Cached:          1445784 kB
SwapCached:         7544 kB
Active:          3679132 kB
Inactive:         700780 kB
Active(anon):    2825940 kB
Inactive(anon):   120948 kB
Active(file):     853192 kB
Inactive(file):   579832 kB
Unevictable:        6280 kB
Mlocked:            5840 kB
SwapTotal:       4718584 kB
SwapFree:        3901688 kB
Dirty:               588 kB
Writeback:             0 kB
AnonPages:       2931020 kB
Mapped:           685976 kB
Shmem:             13108 kB
KReclaimable:     588408 kB
Slab:             322240 kB
SReclaimable:      90308 kB
SUnreclaim:       231932 kB
KernelStack:       50096 kB
ShadowCallStack:   12552 kB
PageTables:        76976 kB
NFS_Unstable:          0 kB
Bounce:                0 kB
WritebackTmp:          0 kB
CommitLimit:     8677876 kB
Committed_AS:   74073580 kB
VmallocTotal:   263061440 kB
VmallocUsed:      133172 kB
VmallocChunk:          0 kB
Percpu:             2448 kB
CmaTotal:         405504 kB
CmaFree:               0 kB
MemTotal:        7918588 kB
MemFree:          761864 kB
MemAvailable:    2228544 kB
Buffers:            4916 kB
Cached:          1445784 kB
SwapCached:         7544 kB
Active:          3729724 kB
Inactive:         700780 kB
Active(anon):    2876532 kB
Inactive(anon):   120948 kB
Active(file):     853192 kB
Inactive(file):   579832 kB
Unevictable:        6280 kB
Mlocked:            5840 kB
SwapTotal:       4718584 kB
SwapFree:        3901688 kB
Dirty:               596 kB
Writeback:             0 kB
AnonPages:       2981388 kB
Mapped:           686172 kB
Shmem:             13108 kB
KReclaimable:     587720 kB
Slab:             322268 kB
SReclaimable:      90308 kB
SUnreclaim:       231960 kB
KernelStack:       50064 kB
ShadowCallStack:   12548 kB
PageTables:        77228 kB
NFS_Unstable:          0 kB
Bounce:                0 kB
WritebackTmp:          0 kB
CommitLimit:     8677876 kB
Committed_AS:   74171884 kB
VmallocTotal:   263061440 kB
VmallocUsed:      133188 kB
VmallocChunk:          0 kB
Percpu:             2448 kB
CmaTotal:         405504 kB
CmaFree:               0 kB
MemTotal:        7918588 kB
MemFree:          714816 kB
MemAvailable:    2181040 kB
Buffers:            4948 kB
Cached:          1445812 kB
SwapCached:         7544 kB
Active:          3775488 kB
Inactive:         700836 kB
Active(anon):    2922296 kB
Inactive(anon):   120944 kB
Active(file):     853192 kB
Inactive(file):   579892 kB
Unevictable:        6280 kB
Mlocked:            5840 kB
SwapTotal:       4718584 kB
SwapFree:        3901688 kB
Dirty:               644 kB
Writeback:             0 kB
AnonPages:       3027508 kB
Mapped:           686536 kB
Shmem:             13108 kB
KReclaimable:     587204 kB
Slab:             322488 kB
SReclaimable:      90312 kB
SUnreclaim:       232176 kB
KernelStack:       50144 kB
ShadowCallStack:   12552 kB
PageTables:        77492 kB
NFS_Unstable:          0 kB
Bounce:                0 kB
WritebackTmp:          0 kB
CommitLimit:     8677876 kB
Committed_AS:   74286572 kB
VmallocTotal:   263061440 kB
VmallocUsed:      133188 kB
VmallocChunk:          0 kB
Percpu:             2448 kB
CmaTotal:         405504 kB
CmaFree:               0 kB
MemTotal:        7918588 kB
MemFree:          657796 kB
MemAvailable:    2123336 kB
Buffers:            4948 kB
Cached:          1445792 kB
SwapCached:         7544 kB
Active:          3832772 kB
Inactive:         700820 kB
Active(anon):    2979580 kB
Inactive(anon):   120948 kB
Active(file):     853192 kB
Inactive(file):   579872 kB
Unevictable:        6280 kB
Mlocked:            5840 kB
SwapTotal:       4718584 kB
SwapFree:        3901688 kB
Dirty:               644 kB
Writeback:             0 kB
AnonPages:       3084616 kB
Mapped:           687184 kB
Shmem:             13108 kB
KReclaimable:     586540 kB
Slab:             322344 kB
SReclaimable:      90312 kB
SUnreclaim:       232032 kB
KernelStack:       50096 kB
ShadowCallStack:   12548 kB
PageTables:        77652 kB
NFS_Unstable:          0 kB
Bounce:                0 kB
WritebackTmp:          0 kB
CommitLimit:     8677876 kB
Committed_AS:   74417644 kB
VmallocTotal:   263061440 kB
VmallocUsed:      133184 kB
VmallocChunk:          0 kB
Percpu:             2448 kB
CmaTotal:         405504 kB
CmaFree:               0 kB
MemTotal:        7918588 kB
MemFree:          622772 kB
MemAvailable:    2087848 kB
Buffers:            4948 kB
Cached:          1445792 kB
SwapCached:         7544 kB
Active:          3867180 kB
Inactive:         700820 kB
Active(anon):    3013988 kB
Inactive(anon):   120948 kB
Active(file):     853192 kB
Inactive(file):   579872 kB
Unevictable:        6280 kB
Mlocked:            5840 kB
SwapTotal:       4718584 kB
SwapFree:        3901688 kB
Dirty:               572 kB
Writeback:             0 kB
AnonPages:       3119068 kB
Mapped:           687192 kB
Shmem:             13108 kB
KReclaimable:     586076 kB
Slab:             322380 kB
SReclaimable:      90312 kB
SUnreclaim:       232068 kB
KernelStack:       50096 kB
ShadowCallStack:   12548 kB
PageTables:        77896 kB
NFS_Unstable:          0 kB
Bounce:                0 kB
WritebackTmp:          0 kB
CommitLimit:     8677876 kB
Committed_AS:   74499564 kB
VmallocTotal:   263061440 kB
VmallocUsed:      133188 kB
VmallocChunk:          0 kB
Percpu:             2448 kB
CmaTotal:         405504 kB
CmaFree:               0 kB
MemTotal:        7918588 kB
MemFree:          558228 kB
MemAvailable:    2022456 kB
Buffers:            4948 kB
Cached:          1445792 kB
SwapCached:         7544 kB
Active:          3933004 kB
Inactive:         700812 kB
Active(anon):    3079812 kB
Inactive(anon):   120940 kB
Active(file):     853192 kB
Inactive(file):   579872 kB
Unevictable:        6280 kB
Mlocked:            5840 kB
SwapTotal:       4718584 kB
SwapFree:        3901688 kB
Dirty:               572 kB
Writeback:             0 kB
AnonPages:       3184812 kB
Mapped:           687712 kB
Shmem:             13108 kB
KReclaimable:     585228 kB
Slab:             322440 kB
SReclaimable:      90312 kB
SUnreclaim:       232128 kB
KernelStack:       50096 kB
ShadowCallStack:   12548 kB
PageTables:        78084 kB
NFS_Unstable:          0 kB
Bounce:                0 kB
WritebackTmp:          0 kB
CommitLimit:     8677876 kB
Committed_AS:   74630636 kB
VmallocTotal:   263061440 kB
VmallocUsed:      133184 kB
VmallocChunk:          0 kB
Percpu:             2448 kB
CmaTotal:         405504 kB
CmaFree:               0 kB
MemTotal:        7918588 kB
MemFree:          505512 kB
MemAvailable:    1969108 kB
Buffers:            4948 kB
Cached:          1445792 kB
SwapCached:         7544 kB
Active:          3984852 kB
Inactive:         700820 kB
Active(anon):    3131660 kB
Inactive(anon):   120948 kB
Active(file):     853192 kB
Inactive(file):   579872 kB
Unevictable:        6280 kB
Mlocked:            5840 kB
SwapTotal:       4718584 kB
SwapFree:        3901688 kB
Dirty:               572 kB
Writeback:             0 kB
AnonPages:       3236732 kB
Mapped:           688116 kB
Shmem:             13108 kB
KReclaimable:     584596 kB
Slab:             322604 kB
SReclaimable:      90312 kB
SUnreclaim:       232292 kB
KernelStack:       50096 kB
ShadowCallStack:   12552 kB
PageTables:        78432 kB
NFS_Unstable:          0 kB
Bounce:                0 kB
WritebackTmp:          0 kB
CommitLimit:     8677876 kB
Committed_AS:   74745324 kB
VmallocTotal:   263061440 kB
VmallocUsed:      133184 kB
VmallocChunk:          0 kB
Percpu:             2448 kB
CmaTotal:         405504 kB
CmaFree:               0 kB
MemTotal:        7918588 kB
MemFree:          455884 kB
MemAvailable:    1918856 kB
Buffers:            4956 kB
Cached:          1445792 kB
SwapCached:         7544 kB
Active:          4033428 kB
Inactive:         700824 kB
Active(anon):    3180236 kB
Inactive(anon):   120944 kB
Active(file):     853192 kB
Inactive(file):   579880 kB
Unevictable:        6280 kB
Mlocked:            5840 kB
SwapTotal:       4718584 kB
SwapFree:        3901688 kB
Dirty:               596 kB
Writeback:             0 kB
AnonPages:       3285228 kB
Mapped:           688492 kB
Shmem:             13108 kB
KReclaimable:     583964 kB
Slab:             322500 kB
SReclaimable:      90312 kB
SUnreclaim:       232188 kB
KernelStack:       50160 kB
ShadowCallStack:   12548 kB
PageTables:        78552 kB
NFS_Unstable:          0 kB
Bounce:                0 kB
WritebackTmp:          0 kB
CommitLimit:     8677876 kB
Committed_AS:   74843628 kB
VmallocTotal:   263061440 kB
VmallocUsed:      133184 kB
VmallocChunk:          0 kB
Percpu:             2448 kB
CmaTotal:         405504 kB
CmaFree:              48 kB
MemTotal:        7918588 kB
MemFree:          390748 kB
MemAvailable:    1852748 kB
Buffers:            4956 kB
Cached:          1445804 kB
SwapCached:         7544 kB
Active:          4098424 kB
Inactive:         700840 kB
Active(anon):    3245232 kB
Inactive(anon):   120948 kB
Active(file):     853192 kB
Inactive(file):   579892 kB
Unevictable:        6280 kB
Mlocked:            5840 kB
SwapTotal:       4718584 kB
SwapFree:        3901688 kB
Dirty:                96 kB
Writeback:             0 kB
AnonPages:       3350260 kB
Mapped:           689240 kB
Shmem:             13108 kB
KReclaimable:     582980 kB
Slab:             322688 kB
SReclaimable:      90312 kB
SUnreclaim:       232376 kB
KernelStack:       50112 kB
ShadowCallStack:   12556 kB
PageTables:        78876 kB
NFS_Unstable:          0 kB
Bounce:                0 kB
WritebackTmp:          0 kB
CommitLimit:     8677876 kB
Committed_AS:   74991084 kB
VmallocTotal:   263061440 kB
VmallocUsed:      133184 kB
VmallocChunk:          0 kB
Percpu:             2448 kB
CmaTotal:         405504 kB
CmaFree:               0 kB
MemTotal:        7918588 kB
MemFree:          349340 kB
MemAvailable:    1810628 kB
Buffers:            4956 kB
Cached:          1445804 kB
SwapCached:         7544 kB
Active:          4139840 kB
Inactive:         700836 kB
Active(anon):    3286648 kB
Inactive(anon):   120944 kB
Active(file):     853192 kB
Inactive(file):   579892 kB
Unevictable:        6280 kB
Mlocked:            5840 kB
SwapTotal:       4718584 kB
SwapFree:        3901688 kB
Dirty:                96 kB
Writeback:             0 kB
AnonPages:       3391656 kB
Mapped:           689412 kB
Shmem:             13108 kB
KReclaimable:     582268 kB
Slab:             322688 kB
SReclaimable:      90312 kB
SUnreclaim:       232376 kB
KernelStack:       50064 kB
ShadowCallStack:   12548 kB
PageTables:        79000 kB
NFS_Unstable:          0 kB
Bounce:                0 kB
WritebackTmp:          0 kB
CommitLimit:     8677876 kB
Committed_AS:   75073004 kB
VmallocTotal:   263061440 kB
VmallocUsed:      133196 kB
VmallocChunk:          0 kB
Percpu:             2448 kB
CmaTotal:         405504 kB
CmaFree:               0 kB
MemTotal:        7918588 kB
MemFree:          275944 kB
MemAvailable:    1736592 kB
Buffers:            4956 kB
Cached:          1446244 kB
SwapCached:         7544 kB
Active:          4213224 kB
Inactive:         700868 kB
Active(anon):    3359628 kB
Inactive(anon):   120940 kB
Active(file):     853596 kB
Inactive(file):   579928 kB
Unevictable:        6280 kB
Mlocked:            5840 kB
SwapTotal:       4718584 kB
SwapFree:        3902456 kB
Dirty:               120 kB
Writeback:             0 kB
AnonPages:       3464668 kB
Mapped:           691816 kB
Shmem:             13108 kB
KReclaimable:     581188 kB
Slab:             322700 kB
SReclaimable:      90312 kB
SUnreclaim:       232388 kB
KernelStack:       50080 kB
ShadowCallStack:   12548 kB
PageTables:        79340 kB
NFS_Unstable:          0 kB
Bounce:                0 kB
WritebackTmp:          0 kB
CommitLimit:     8677876 kB
Committed_AS:   75236800 kB
VmallocTotal:   263061440 kB
VmallocUsed:      133180 kB
VmallocChunk:          0 kB
Percpu:             2448 kB
CmaTotal:         405504 kB
CmaFree:               0 kB
MemTotal:        7918588 kB
MemFree:          228560 kB
MemAvailable:    1844564 kB
Buffers:            4956 kB
Cached:          1446240 kB
SwapCached:         7544 kB
Active:          4301128 kB
Inactive:         666640 kB
Active(anon):    3447532 kB
Inactive(anon):    86716 kB
Active(file):     853596 kB
Inactive(file):   579924 kB
Unevictable:        6280 kB
Mlocked:            5840 kB
SwapTotal:       4718584 kB
SwapFree:        3902456 kB
Dirty:               116 kB
Writeback:            12 kB
AnonPages:       3518232 kB
Mapped:           692212 kB
Shmem:             13108 kB
KReclaimable:     572708 kB
Slab:             321380 kB
SReclaimable:      88920 kB
SUnreclaim:       232460 kB
KernelStack:       50128 kB
ShadowCallStack:   12560 kB
PageTables:        79736 kB
NFS_Unstable:          0 kB
Bounce:                0 kB
WritebackTmp:          0 kB
CommitLimit:     8677876 kB
Committed_AS:   75351492 kB
VmallocTotal:   263061440 kB
VmallocUsed:      133160 kB
VmallocChunk:          0 kB
Percpu:             2448 kB
CmaTotal:         405504 kB
CmaFree:               0 kB
MemTotal:        7918588 kB
MemFree:          204744 kB
MemAvailable:    1820436 kB
Buffers:            4980 kB
Cached:          1446264 kB
SwapCached:         7544 kB
Active:          4325324 kB
Inactive:         666692 kB
Active(anon):    3471728 kB
Inactive(anon):    86720 kB
Active(file):     853596 kB
Inactive(file):   579972 kB
Unevictable:        6280 kB
Mlocked:            5840 kB
SwapTotal:       4718584 kB
SwapFree:        3902456 kB
Dirty:               212 kB
Writeback:             0 kB
AnonPages:       3542556 kB
Mapped:           692424 kB
Shmem:             13108 kB
KReclaimable:     572348 kB
Slab:             321332 kB
SReclaimable:      88920 kB
SUnreclaim:       232412 kB
KernelStack:       50080 kB
ShadowCallStack:   12548 kB
PageTables:        79704 kB
NFS_Unstable:          0 kB
Bounce:                0 kB
WritebackTmp:          0 kB
CommitLimit:     8677876 kB
Committed_AS:   75400640 kB
VmallocTotal:   263061440 kB
VmallocUsed:      133168 kB
VmallocChunk:          0 kB
Percpu:             2448 kB
CmaTotal:         405504 kB
CmaFree:              12 kB
MemTotal:        7918588 kB
MemFree:          195332 kB
MemAvailable:    1620612 kB
Buffers:            2500 kB
Cached:          1396084 kB
SwapCached:         7540 kB
Active:          4475312 kB
Inactive:         565352 kB
Active(anon):    3617232 kB
Inactive(anon):    42596 kB
Active(file):     858080 kB
Inactive(file):   522756 kB
Unevictable:        6280 kB
Mlocked:            5840 kB
SwapTotal:       4718584 kB
SwapFree:        3900152 kB
Dirty:               192 kB
Writeback:             0 kB
AnonPages:       3644020 kB
Mapped:           693352 kB
Shmem:             13176 kB
KReclaimable:     434668 kB
Slab:             321208 kB
SReclaimable:      88756 kB
SUnreclaim:       232452 kB
KernelStack:       50192 kB
ShadowCallStack:   12564 kB
PageTables:        79916 kB
NFS_Unstable:          0 kB
Bounce:                0 kB
WritebackTmp:          0 kB
CommitLimit:     8677876 kB
Committed_AS:   75548492 kB
VmallocTotal:   263061440 kB
VmallocUsed:      133356 kB
VmallocChunk:          0 kB
Percpu:             2448 kB
CmaTotal:         405504 kB
CmaFree:               0 kB
MemTotal:        7918588 kB
MemFree:          224428 kB
MemAvailable:    1726084 kB
Buffers:            2500 kB
Cached:          1356316 kB
SwapCached:         7540 kB
Active:          4489264 kB
Inactive:         525508 kB
Active(anon):    3631184 kB
Inactive(anon):    42592 kB
Active(file):     858080 kB
Inactive(file):   482916 kB
Unevictable:        6280 kB
Mlocked:            5840 kB
SwapTotal:       4718584 kB
SwapFree:        3900152 kB
Dirty:               192 kB
Writeback:             0 kB
AnonPages:       3658124 kB
Mapped:           693256 kB
Shmem:             13252 kB
KReclaimable:     550884 kB
Slab:             320736 kB
SReclaimable:      88180 kB
SUnreclaim:       232556 kB
KernelStack:       50096 kB
ShadowCallStack:   12548 kB
PageTables:        80416 kB
NFS_Unstable:          0 kB
Bounce:                0 kB
WritebackTmp:          0 kB
CommitLimit:     8677876 kB
Committed_AS:   75662784 kB
VmallocTotal:   263061440 kB
VmallocUsed:      133168 kB
VmallocChunk:          0 kB
Percpu:             2448 kB
CmaTotal:         405504 kB
CmaFree:            2096 kB
MemTotal:        7918588 kB
MemFree:          197764 kB
MemAvailable:    1689484 kB
Buffers:            2500 kB
Cached:          1348760 kB
SwapCached:         7540 kB
Active:          4527000 kB
Inactive:         517940 kB
Active(anon):    3668920 kB
Inactive(anon):    42592 kB
Active(file):     858080 kB
Inactive(file):   475348 kB
Unevictable:        6280 kB
Mlocked:            5840 kB
SwapTotal:       4718584 kB
SwapFree:        3900152 kB
Dirty:               192 kB
Writeback:             0 kB
AnonPages:       3695756 kB
Mapped:           693528 kB
Shmem:             13092 kB
KReclaimable:     548516 kB
Slab:             320660 kB
SReclaimable:      88180 kB
SUnreclaim:       232480 kB
KernelStack:       50112 kB
ShadowCallStack:   12544 kB
PageTables:        80204 kB
NFS_Unstable:          0 kB
Bounce:                0 kB
WritebackTmp:          0 kB
CommitLimit:     8677876 kB
Committed_AS:   75744704 kB
VmallocTotal:   263061440 kB
VmallocUsed:      133168 kB
VmallocChunk:          0 kB
Percpu:             2448 kB
CmaTotal:         405504 kB
CmaFree:               0 kB
MemTotal:        7918588 kB
MemFree:          196428 kB
MemAvailable:    1623208 kB
Buffers:            2344 kB
Cached:          1295100 kB
SwapCached:         7540 kB
Active:          4601140 kB
Inactive:         454724 kB
Active(anon):    3733684 kB
Inactive(anon):    42600 kB
Active(file):     867456 kB
Inactive(file):   412124 kB
Unevictable:        6280 kB
Mlocked:            5840 kB
SwapTotal:       4718584 kB
SwapFree:        3900152 kB
Dirty:               192 kB
Writeback:             0 kB
AnonPages:       3760432 kB
Mapped:           689760 kB
Shmem:             13096 kB
KReclaimable:     537424 kB
Slab:             319204 kB
SReclaimable:      86664 kB
SUnreclaim:       232540 kB
KernelStack:       50096 kB
ShadowCallStack:   12552 kB
PageTables:        80700 kB
NFS_Unstable:          0 kB
Bounce:                0 kB
WritebackTmp:          0 kB
CommitLimit:     8677876 kB
Committed_AS:   75892164 kB
VmallocTotal:   263061440 kB
VmallocUsed:      133148 kB
VmallocChunk:          0 kB
Percpu:             2448 kB
CmaTotal:         405504 kB
CmaFree:               0 kB
MemTotal:        7918588 kB
MemFree:          195628 kB
MemAvailable:    1585696 kB
Buffers:            2316 kB
Cached:          1269356 kB
SwapCached:         7540 kB
Active:          4675740 kB
Inactive:         392764 kB
Active(anon):    3771908 kB
Inactive(anon):    42588 kB
Active(file):     903832 kB
Inactive(file):   350176 kB
Unevictable:        6280 kB
Mlocked:            5840 kB
SwapTotal:       4718584 kB
SwapFree:        3900152 kB
Dirty:               228 kB
Writeback:             0 kB
AnonPages:       3798680 kB
Mapped:           681544 kB
Shmem:             13096 kB
KReclaimable:     526284 kB
Slab:             319076 kB
SReclaimable:      86404 kB
SUnreclaim:       232672 kB
KernelStack:       50128 kB
ShadowCallStack:   12540 kB
PageTables:        80876 kB
NFS_Unstable:          0 kB
Bounce:                0 kB
WritebackTmp:          0 kB
CommitLimit:     8677876 kB
Committed_AS:   75974084 kB
VmallocTotal:   263061440 kB
VmallocUsed:      133200 kB
VmallocChunk:          0 kB
Percpu:             2448 kB
CmaTotal:         405504 kB
CmaFree:               0 kB
MemTotal:        7918588 kB
MemFree:          197364 kB
MemAvailable:    1521380 kB
Buffers:            2448 kB
Cached:          1214208 kB
SwapCached:         7540 kB
Active:          4753428 kB
Inactive:         322372 kB
Active(anon):    3834216 kB
Inactive(anon):    42592 kB
Active(file):     919212 kB
Inactive(file):   279780 kB
Unevictable:        6280 kB
Mlocked:            5840 kB
SwapTotal:       4718584 kB
SwapFree:        3900152 kB
Dirty:               408 kB
Writeback:             0 kB
AnonPages:       3860904 kB
Mapped:           660144 kB
Shmem:             13096 kB
KReclaimable:     515248 kB
Slab:             318520 kB
SReclaimable:      85784 kB
SUnreclaim:       232736 kB
KernelStack:       50080 kB
ShadowCallStack:   12548 kB
PageTables:        81172 kB
NFS_Unstable:          0 kB
Bounce:                0 kB
WritebackTmp:          0 kB
CommitLimit:     8677876 kB
Committed_AS:   76105108 kB
VmallocTotal:   263061440 kB
VmallocUsed:      133148 kB
VmallocChunk:          0 kB
Percpu:             2448 kB
CmaTotal:         405504 kB
CmaFree:               0 kB
MemTotal:        7918588 kB
MemFree:          196160 kB
MemAvailable:    1468132 kB
Buffers:            2428 kB
Cached:          1171068 kB
SwapCached:         7540 kB
Active:          4813004 kB
Inactive:         271832 kB
Active(anon):    3886404 kB
Inactive(anon):    42596 kB
Active(file):     926600 kB
Inactive(file):   229236 kB
Unevictable:        6280 kB
Mlocked:            5840 kB
SwapTotal:       4718584 kB
SwapFree:        3900152 kB
Dirty:               408 kB
Writeback:             0 kB
AnonPages:       3913208 kB
Mapped:           653604 kB
Shmem:             13100 kB
KReclaimable:     506360 kB
Slab:             317888 kB
SReclaimable:      85160 kB
SUnreclaim:       232728 kB
KernelStack:       50048 kB
ShadowCallStack:   12544 kB
PageTables:        81316 kB
NFS_Unstable:          0 kB
Bounce:                0 kB
WritebackTmp:          0 kB
CommitLimit:     8677876 kB
Committed_AS:   76203412 kB
VmallocTotal:   263061440 kB
VmallocUsed:      133132 kB
VmallocChunk:          0 kB
Percpu:             2448 kB
CmaTotal:         405504 kB
CmaFree:               0 kB
MemTotal:        7918588 kB
MemFree:          194192 kB
MemAvailable:    1440080 kB
Buffers:            2428 kB
Cached:          1149304 kB
SwapCached:         7540 kB
Active:          4840172 kB
Inactive:         249780 kB
Active(anon):    3913292 kB
Inactive(anon):    42596 kB
Active(file):     926880 kB
Inactive(file):   207184 kB
Unevictable:        6280 kB
Mlocked:            5840 kB
SwapTotal:       4718584 kB
SwapFree:        3900152 kB
Dirty:               408 kB
Writeback:             0 kB
AnonPages:       3940024 kB
Mapped:           653628 kB
Shmem:             13100 kB
KReclaimable:     502048 kB
Slab:             317252 kB
SReclaimable:      84520 kB
SUnreclaim:       232732 kB
KernelStack:       50096 kB
ShadowCallStack:   12552 kB
PageTables:        81392 kB
NFS_Unstable:          0 kB
Bounce:                0 kB
WritebackTmp:          0 kB
CommitLimit:     8677876 kB
Committed_AS:   76268948 kB
VmallocTotal:   263061440 kB
VmallocUsed:      133152 kB
VmallocChunk:          0 kB
Percpu:             2448 kB
CmaTotal:         405504 kB
CmaFree:               0 kB
MemTotal:        7918588 kB
MemFree:          198564 kB
MemAvailable:    1372724 kB
Buffers:            2360 kB
Cached:          1089284 kB
SwapCached:         7540 kB
Active:          4918788 kB
Inactive:         178000 kB
Active(anon):    3980104 kB
Inactive(anon):    42596 kB
Active(file):     938684 kB
Inactive(file):   135404 kB
Unevictable:        6280 kB
Mlocked:            5840 kB
SwapTotal:       4718584 kB
SwapFree:        3900152 kB
Dirty:               412 kB
Writeback:             0 kB
AnonPages:       4006848 kB
Mapped:           652772 kB
Shmem:             13104 kB
KReclaimable:     490296 kB
Slab:             315904 kB
SReclaimable:      83168 kB
SUnreclaim:       232736 kB
KernelStack:       50064 kB
ShadowCallStack:   12552 kB
PageTables:        81304 kB
NFS_Unstable:          0 kB
Bounce:                0 kB
WritebackTmp:          0 kB
CommitLimit:     8677876 kB
Committed_AS:   76416408 kB
VmallocTotal:   263061440 kB
VmallocUsed:      133144 kB
VmallocChunk:          0 kB
Percpu:             2448 kB
CmaTotal:         405504 kB
CmaFree:               0 kB
MemTotal:        7918588 kB
MemFree:          194588 kB
MemAvailable:    1308612 kB
Buffers:            2384 kB
Cached:          1038132 kB
SwapCached:         7540 kB
Active:          4982984 kB
Inactive:         126752 kB
Active(anon):    4044300 kB
Inactive(anon):    42596 kB
Active(file):     938684 kB
Inactive(file):    84156 kB
Unevictable:        6280 kB
Mlocked:            5840 kB
SwapTotal:       4718584 kB
SwapFree:        3900152 kB
Dirty:               424 kB
Writeback:             0 kB
AnonPages:       4070844 kB
Mapped:           653320 kB
Shmem:             13108 kB
KReclaimable:     481408 kB
Slab:             314744 kB
SReclaimable:      81792 kB
SUnreclaim:       232952 kB
KernelStack:       50128 kB
ShadowCallStack:   12552 kB
PageTables:        82192 kB
NFS_Unstable:          0 kB
Bounce:                0 kB
WritebackTmp:          0 kB
CommitLimit:     8677876 kB
Committed_AS:   76547484 kB
VmallocTotal:   263061440 kB
VmallocUsed:      133168 kB
VmallocChunk:          0 kB
Percpu:             2448 kB
CmaTotal:         405504 kB
CmaFree:               0 kB
MemTotal:        7918588 kB
MemFree:          201504 kB
MemAvailable:    1267408 kB
Buffers:            2376 kB
Cached:           997236 kB
SwapCached:         7540 kB
Active:          5022812 kB
Inactive:          85772 kB
Active(anon):    4084128 kB
Inactive(anon):    42592 kB
Active(file):     938684 kB
Inactive(file):    43180 kB
Unevictable:        6280 kB
Mlocked:            5840 kB
SwapTotal:       4718584 kB
SwapFree:        3900152 kB
Dirty:               424 kB
Writeback:             0 kB
AnonPages:       4110812 kB
Mapped:           653568 kB
Shmem:             13108 kB
KReclaimable:     474264 kB
Slab:             313632 kB
SReclaimable:      80776 kB
SUnreclaim:       232856 kB
KernelStack:       50032 kB
ShadowCallStack:   12548 kB
PageTables:        82036 kB
NFS_Unstable:          0 kB
Bounce:                0 kB
WritebackTmp:          0 kB
CommitLimit:     8677876 kB
Committed_AS:   76629948 kB
VmallocTotal:   263061440 kB
VmallocUsed:      133128 kB
VmallocChunk:          0 kB
Percpu:             2448 kB
CmaTotal:         405504 kB
CmaFree:               0 kB
MemTotal:        7918588 kB
MemFree:          195108 kB
MemAvailable:    1198376 kB
Buffers:             512 kB
Cached:           972840 kB
SwapCached:         7496 kB
Active:           390792 kB
Inactive:        4749828 kB
Active(anon):     303732 kB
Inactive(anon):  3881140 kB
Active(file):      87060 kB
Inactive(file):   868688 kB
Unevictable:        6288 kB
Mlocked:            5848 kB
SwapTotal:       4718584 kB
SwapFree:        3894520 kB
Dirty:                48 kB
Writeback:             0 kB
AnonPages:       4168844 kB
Mapped:           649016 kB
Shmem:             12924 kB
KReclaimable:     445936 kB
Slab:             313108 kB
SReclaimable:      80264 kB
SUnreclaim:       232844 kB
KernelStack:       50064 kB
ShadowCallStack:   12536 kB
PageTables:        82492 kB
NFS_Unstable:          0 kB
Bounce:                0 kB
WritebackTmp:          0 kB
CommitLimit:     8677876 kB
Committed_AS:   76777352 kB
VmallocTotal:   263061440 kB
VmallocUsed:      133088 kB
VmallocChunk:          0 kB
Percpu:             2448 kB
CmaTotal:         405504 kB
CmaFree:               0 kB
MemTotal:        7918588 kB
MemFree:          195856 kB
MemAvailable:    1198148 kB
Buffers:             512 kB
Cached:           973016 kB
SwapCached:         3324 kB
Active:           462636 kB
Inactive:        4678020 kB
Active(anon):     375304 kB
Inactive(anon):  3809356 kB
Active(file):      87332 kB
Inactive(file):   868664 kB
Unevictable:        6352 kB
Mlocked:            5912 kB
SwapTotal:       4718584 kB
SwapFree:        3862264 kB
Dirty:                48 kB
Writeback:             0 kB
AnonPages:       4172212 kB
Mapped:           648972 kB
Shmem:             12896 kB
KReclaimable:     436520 kB
Slab:             313112 kB
SReclaimable:      80264 kB
SUnreclaim:       232848 kB
KernelStack:       49904 kB
ShadowCallStack:   12520 kB
PageTables:        82536 kB
NFS_Unstable:          0 kB
Bounce:                0 kB
WritebackTmp:          0 kB
CommitLimit:     8677876 kB
Committed_AS:   76858804 kB
VmallocTotal:   263061440 kB
VmallocUsed:      132924 kB
VmallocChunk:          0 kB
Percpu:             2448 kB
CmaTotal:         405504 kB
CmaFree:               0 kB
MemTotal:        7918588 kB
MemFree:          199656 kB
MemAvailable:    1162488 kB
Buffers:             512 kB
Cached:           972828 kB
SwapCached:         2656 kB
Active:           557716 kB
Inactive:        4578716 kB
Active(anon):     470384 kB
Inactive(anon):  3709920 kB
Active(file):      87332 kB
Inactive(file):   868796 kB
Unevictable:        6352 kB
Mlocked:            5912 kB
SwapTotal:       4718584 kB
SwapFree:        3810808 kB
Dirty:               116 kB
Writeback:             0 kB
AnonPages:       4168740 kB
Mapped:           649236 kB
Shmem:             12520 kB
KReclaimable:     421504 kB
Slab:             313124 kB
SReclaimable:      80264 kB
SUnreclaim:       232860 kB
KernelStack:       49776 kB
ShadowCallStack:   12488 kB
PageTables:        82952 kB
NFS_Unstable:          0 kB
Bounce:                0 kB
WritebackTmp:          0 kB
CommitLimit:     8677876 kB
Committed_AS:   76956748 kB
VmallocTotal:   263061440 kB
VmallocUsed:      132784 kB
VmallocChunk:          0 kB
Percpu:             2448 kB
CmaTotal:         405504 kB
CmaFree:               0 kB
MemTotal:        7918588 kB
MemFree:          202668 kB
MemAvailable:    1146252 kB
Buffers:             512 kB
Cached:           972872 kB
SwapCached:         1736 kB
Active:           760844 kB
Inactive:        4410816 kB
Active(anon):     673396 kB
Inactive(anon):  3541912 kB
Active(file):      87448 kB
Inactive(file):   868904 kB
Unevictable:        6352 kB
Mlocked:            5912 kB
SwapTotal:       4718584 kB
SwapFree:        3787256 kB
Dirty:               180 kB
Writeback:             0 kB
AnonPages:       4204616 kB
Mapped:           649652 kB
Shmem:             12396 kB
KReclaimable:     377456 kB
Slab:             313184 kB
SReclaimable:      80264 kB
SUnreclaim:       232920 kB
KernelStack:       49792 kB
ShadowCallStack:   12476 kB
PageTables:        83000 kB
NFS_Unstable:          0 kB
Bounce:                0 kB
WritebackTmp:          0 kB
CommitLimit:     8677876 kB
Committed_AS:   77104204 kB
VmallocTotal:   263061440 kB
VmallocUsed:      132780 kB
VmallocChunk:          0 kB
Percpu:             2448 kB
CmaTotal:         405504 kB
CmaFree:               0 kB
MemTotal:        7918588 kB
MemFree:          198540 kB
MemAvailable:    1111544 kB
Buffers:             520 kB
Cached:           973932 kB
SwapCached:         1720 kB
Active:           883384 kB
Inactive:        4324088 kB
Active(anon):     794688 kB
Inactive(anon):  3455396 kB
Active(file):      88696 kB
Inactive(file):   868692 kB
Unevictable:        6352 kB
Mlocked:            5912 kB
SwapTotal:       4718584 kB
SwapFree:        3786744 kB
Dirty:               232 kB
Writeback:             8 kB
AnonPages:       4239480 kB
Mapped:           649932 kB
Shmem:             12392 kB
KReclaimable:     345840 kB
Slab:             313184 kB
SReclaimable:      80264 kB
SUnreclaim:       232920 kB
KernelStack:       49792 kB
ShadowCallStack:   12488 kB
PageTables:        83228 kB
NFS_Unstable:          0 kB
Bounce:                0 kB
WritebackTmp:          0 kB
CommitLimit:     8677876 kB
Committed_AS:   77169744 kB
VmallocTotal:   263061440 kB
VmallocUsed:      132712 kB
VmallocChunk:          0 kB
Percpu:             2448 kB
CmaTotal:         405504 kB
CmaFree:               0 kB
MemTotal:        7918588 kB
MemFree:          201496 kB
MemAvailable:    1046520 kB
Buffers:             520 kB
Cached:           973896 kB
SwapCached:         1708 kB
Active:          1211376 kB
Inactive:        4059828 kB
Active(anon):    1122648 kB
Inactive(anon):  3191164 kB
Active(file):      88728 kB
Inactive(file):   868664 kB
Unevictable:        6352 kB
Mlocked:            5912 kB
SwapTotal:       4718584 kB
SwapFree:        3787768 kB
Dirty:               236 kB
Writeback:             4 kB
AnonPages:       4303004 kB
Mapped:           650416 kB
Shmem:             12372 kB
KReclaimable:     277856 kB
Slab:             313196 kB
SReclaimable:      80264 kB
SUnreclaim:       232932 kB
KernelStack:       49648 kB
ShadowCallStack:   12440 kB
PageTables:        83276 kB
NFS_Unstable:          0 kB
Bounce:                0 kB
WritebackTmp:          0 kB
CommitLimit:     8677876 kB
Committed_AS:   77300508 kB
VmallocTotal:   263061440 kB
VmallocUsed:      132584 kB
VmallocChunk:          0 kB
Percpu:             2448 kB
CmaTotal:         405504 kB
CmaFree:               0 kB
MemTotal:        7918588 kB
MemFree:          197992 kB
MemAvailable:    1003904 kB
Buffers:             520 kB
Cached:           973888 kB
SwapCached:         1708 kB
Active:          1490192 kB
Inactive:        3827892 kB
Active(anon):    1401464 kB
Inactive(anon):  2959224 kB
Active(file):      88728 kB
Inactive(file):   868668 kB
Unevictable:        6352 kB
Mlocked:            5912 kB
SwapTotal:       4718584 kB
SwapFree:        3787256 kB
Dirty:               240 kB
Writeback:             0 kB
AnonPages:       4350048 kB
Mapped:           650764 kB
Shmem:             12372 kB
KReclaimable:     234960 kB
Slab:             313252 kB
SReclaimable:      80264 kB
SUnreclaim:       232988 kB
KernelStack:       49648 kB
ShadowCallStack:   12436 kB
PageTables:        83540 kB
NFS_Unstable:          0 kB
Bounce:                0 kB
WritebackTmp:          0 kB
CommitLimit:     8677876 kB
Committed_AS:   77431576 kB
VmallocTotal:   263061440 kB
VmallocUsed:      132592 kB
VmallocChunk:          0 kB
Percpu:             2448 kB
CmaTotal:         405504 kB
CmaFree:               0 kB
MemTotal:        7918588 kB
MemFree:          205860 kB
MemAvailable:     975272 kB
Buffers:             500 kB
Cached:           959364 kB
SwapCached:         1708 kB
Active:          1896080 kB
Inactive:        3456816 kB
Active(anon):    1801252 kB
Inactive(anon):  2608996 kB
Active(file):      94828 kB
Inactive(file):   847820 kB
Unevictable:        6352 kB
Mlocked:            5912 kB
SwapTotal:       4718584 kB
SwapFree:        3787256 kB
Dirty:                48 kB
Writeback:             0 kB
AnonPages:       4399364 kB
Mapped:           642064 kB
Shmem:             12372 kB
KReclaimable:     191456 kB
Slab:             313208 kB
SReclaimable:      80120 kB
SUnreclaim:       233088 kB
KernelStack:       49632 kB
ShadowCallStack:   12432 kB
PageTables:        84200 kB
NFS_Unstable:          0 kB
Bounce:                0 kB
WritebackTmp:          0 kB
CommitLimit:     8677876 kB
Committed_AS:   77529776 kB
VmallocTotal:   263061440 kB
VmallocUsed:      132548 kB
VmallocChunk:          0 kB
Percpu:             2448 kB
CmaTotal:         405504 kB
CmaFree:               0 kB
MemTotal:        7918588 kB
MemFree:          196376 kB
MemAvailable:     955820 kB
Buffers:             532 kB
Cached:           960208 kB
SwapCached:         1716 kB
Active:          2227984 kB
Inactive:        3155924 kB
Active(anon):    2132160 kB
Inactive(anon):  2308020 kB
Active(file):      95824 kB
Inactive(file):   847904 kB
Unevictable:        6356 kB
Mlocked:            5916 kB
SwapTotal:       4718584 kB
SwapFree:        3764728 kB
Dirty:               136 kB
Writeback:             0 kB
AnonPages:       4429596 kB
Mapped:           643684 kB
Shmem:             12372 kB
KReclaimable:     169356 kB
Slab:             313188 kB
SReclaimable:      80116 kB
SUnreclaim:       233072 kB
KernelStack:       49616 kB
ShadowCallStack:   12436 kB
PageTables:        84056 kB
NFS_Unstable:          0 kB
Bounce:                0 kB
WritebackTmp:          0 kB
CommitLimit:     8677876 kB
Committed_AS:   77644464 kB
VmallocTotal:   263061440 kB
VmallocUsed:      132536 kB
VmallocChunk:          0 kB
Percpu:             2448 kB
CmaTotal:         405504 kB
CmaFree:               0 kB
MemTotal:        7918588 kB
MemFree:          196140 kB
MemAvailable:     954036 kB
Buffers:             532 kB
Cached:           960216 kB
SwapCached:         1720 kB
Active:          2281280 kB
Inactive:        3103648 kB
Active(anon):    2185452 kB
Inactive(anon):  2255744 kB
Active(file):      95828 kB
Inactive(file):   847904 kB
Unevictable:        6356 kB
Mlocked:            5916 kB
SwapTotal:       4718584 kB
SwapFree:        3716600 kB
Dirty:               136 kB
Writeback:             0 kB
AnonPages:       4430500 kB
Mapped:           644104 kB
Shmem:             12380 kB
KReclaimable:     166252 kB
Slab:             313212 kB
SReclaimable:      80116 kB
SUnreclaim:       233096 kB
KernelStack:       49616 kB
ShadowCallStack:   12432 kB
PageTables:        84092 kB
NFS_Unstable:          0 kB
Bounce:                0 kB
WritebackTmp:          0 kB
CommitLimit:     8677876 kB
Committed_AS:   77759156 kB
VmallocTotal:   263061440 kB
VmallocUsed:      132548 kB
VmallocChunk:          0 kB
Percpu:             2448 kB
CmaTotal:         405504 kB
CmaFree:               0 kB
MemTotal:        7918588 kB
MemFree:          207552 kB
MemAvailable:     951976 kB
Buffers:             532 kB
Cached:           964780 kB
SwapCached:         1720 kB
Active:          2379548 kB
Inactive:        2909012 kB
Active(anon):    2279256 kB
Inactive(anon):  2061084 kB
Active(file):     100292 kB
Inactive(file):   847928 kB
Unevictable:        6356 kB
Mlocked:            5916 kB
SwapTotal:       4718584 kB
SwapFree:        3530488 kB
Dirty:               136 kB
Writeback:             4 kB
AnonPages:       4329744 kB
Mapped:           648956 kB
Shmem:             12440 kB
KReclaimable:     130332 kB
Slab:             313296 kB
SReclaimable:      80020 kB
SUnreclaim:       233276 kB
KernelStack:       49728 kB
ShadowCallStack:   12440 kB
PageTables:        84648 kB
NFS_Unstable:          0 kB
Bounce:                0 kB
WritebackTmp:          0 kB
CommitLimit:     8677876 kB
Committed_AS:   77857752 kB
VmallocTotal:   263061440 kB
VmallocUsed:      132696 kB
VmallocChunk:          0 kB
Percpu:             2448 kB
CmaTotal:         405504 kB
CmaFree:               0 kB
MemTotal:        7918588 kB
MemFree:          169728 kB
MemAvailable:     914408 kB
Buffers:             536 kB
Cached:           965396 kB
SwapCached:         1796 kB
Active:          2454612 kB
Inactive:        2871500 kB
Active(anon):    2353856 kB
Inactive(anon):  2023484 kB
Active(file):     100756 kB
Inactive(file):   848016 kB
Unevictable:        6356 kB
Mlocked:            5916 kB
SwapTotal:       4718584 kB
SwapFree:        3520760 kB
Dirty:               172 kB
Writeback:             0 kB
AnonPages:       4366432 kB
Mapped:           649388 kB
Shmem:             12524 kB
KReclaimable:     129740 kB
Slab:             313360 kB
SReclaimable:      80020 kB
SUnreclaim:       233340 kB
KernelStack:       49648 kB
ShadowCallStack:   12444 kB
PageTables:        84692 kB
NFS_Unstable:          0 kB
Bounce:                0 kB
WritebackTmp:          0 kB
CommitLimit:     8677876 kB
Committed_AS:   77956108 kB
VmallocTotal:   263061440 kB
VmallocUsed:      132720 kB
VmallocChunk:          0 kB
Percpu:             2448 kB
CmaTotal:         405504 kB
CmaFree:              32 kB
MemTotal:        7918588 kB
MemFree:          178444 kB
MemAvailable:     987412 kB
Buffers:             536 kB
Cached:           965296 kB
SwapCached:         1796 kB
Active:          2464688 kB
Inactive:        2852920 kB
Active(anon):    2363932 kB
Inactive(anon):  2004896 kB
Active(file):     100756 kB
Inactive(file):   848024 kB
Unevictable:        6356 kB
Mlocked:            5916 kB
SwapTotal:       4718584 kB
SwapFree:        3503096 kB
Dirty:               180 kB
Writeback:             0 kB
AnonPages:       4358220 kB
Mapped:           649160 kB
Shmem:             12412 kB
KReclaimable:     250412 kB
Slab:             313368 kB
SReclaimable:      80020 kB
SUnreclaim:       233348 kB
KernelStack:       49552 kB
ShadowCallStack:   12416 kB
PageTables:        84816 kB
NFS_Unstable:          0 kB
Bounce:                0 kB
WritebackTmp:          0 kB
CommitLimit:     8677876 kB
Committed_AS:   78053972 kB
VmallocTotal:   263061440 kB
VmallocUsed:      132536 kB
VmallocChunk:          0 kB
Percpu:             2448 kB
CmaTotal:         405504 kB
CmaFree:              32 kB
MemTotal:        7918588 kB
MemFree:          174008 kB
MemAvailable:     979896 kB
Buffers:             536 kB
Cached:           965296 kB
SwapCached:         1796 kB
Active:          2526272 kB
Inactive:        2795040 kB
Active(anon):    2425516 kB
Inactive(anon):  1947008 kB
Active(file):     100756 kB
Inactive(file):   848032 kB
Unevictable:        6356 kB
Mlocked:            5916 kB
SwapTotal:       4718584 kB
SwapFree:        3447032 kB
Dirty:                48 kB
Writeback:             0 kB
AnonPages:       4362444 kB
Mapped:           649708 kB
Shmem:             12416 kB
KReclaimable:     247324 kB
Slab:             313320 kB
SReclaimable:      80052 kB
SUnreclaim:       233268 kB
KernelStack:       49552 kB
ShadowCallStack:   12424 kB
PageTables:        85008 kB
NFS_Unstable:          0 kB
Bounce:                0 kB
WritebackTmp:          0 kB
CommitLimit:     8677876 kB
Committed_AS:   78185048 kB
VmallocTotal:   263061440 kB
VmallocUsed:      132524 kB
VmallocChunk:          0 kB
Percpu:             2448 kB
CmaTotal:         405504 kB
CmaFree:              32 kB
MemTotal:        7918588 kB
MemFree:          171956 kB
MemAvailable:     975196 kB
Buffers:             544 kB
Cached:           965300 kB
SwapCached:         1808 kB
Active:          2577100 kB
Inactive:        2748928 kB
Active(anon):    2476344 kB
Inactive(anon):  1900888 kB
Active(file):     100756 kB
Inactive(file):   848040 kB
Unevictable:        6356 kB
Mlocked:            5916 kB
SwapTotal:       4718584 kB
SwapFree:        3404024 kB
Dirty:               100 kB
Writeback:             0 kB
AnonPages:       4366568 kB
Mapped:           649928 kB
Shmem:             12416 kB
KReclaimable:     244668 kB
Slab:             313488 kB
SReclaimable:      80148 kB
SUnreclaim:       233340 kB
KernelStack:       49568 kB
ShadowCallStack:   12416 kB
PageTables:        85204 kB
NFS_Unstable:          0 kB
Bounce:                0 kB
WritebackTmp:          0 kB
CommitLimit:     8677876 kB
Committed_AS:   78283356 kB
VmallocTotal:   263061440 kB
VmallocUsed:      132512 kB
VmallocChunk:          0 kB
Percpu:             2448 kB
CmaTotal:         405504 kB
CmaFree:              32 kB
MemTotal:        7918588 kB
MemFree:          169696 kB
MemAvailable:     970260 kB
Buffers:             544 kB
Cached:           965320 kB
SwapCached:         1808 kB
Active:          2640120 kB
Inactive:        2690372 kB
Active(anon):    2539364 kB
Inactive(anon):  1842332 kB
Active(file):     100756 kB
Inactive(file):   848040 kB
Unevictable:        6356 kB
Mlocked:            5916 kB
SwapTotal:       4718584 kB
SwapFree:        3347448 kB
Dirty:               100 kB
Writeback:             8 kB
AnonPages:       4370788 kB
Mapped:           650468 kB
Shmem:             12416 kB
KReclaimable:     241460 kB
Slab:             313640 kB
SReclaimable:      80228 kB
SUnreclaim:       233412 kB
KernelStack:       49584 kB
ShadowCallStack:   12424 kB
PageTables:        85484 kB
NFS_Unstable:          0 kB
Bounce:                0 kB
WritebackTmp:          0 kB
CommitLimit:     8677876 kB
Committed_AS:   78430812 kB
VmallocTotal:   263061440 kB
VmallocUsed:      132524 kB
VmallocChunk:          0 kB
Percpu:             2448 kB
CmaTotal:         405504 kB
CmaFree:              32 kB
MemTotal:        7918588 kB
MemFree:          169668 kB
MemAvailable:     968996 kB
Buffers:             544 kB
Cached:           965300 kB
SwapCached:         1812 kB
Active:          2694192 kB
Inactive:        2637824 kB
Active(anon):    2593432 kB
Inactive(anon):  1789784 kB
Active(file):     100760 kB
Inactive(file):   848040 kB
Unevictable:        6356 kB
Mlocked:            5916 kB
SwapTotal:       4718584 kB
SwapFree:        3298040 kB
Dirty:               104 kB
Writeback:             0 kB
AnonPages:       4372520 kB
Mapped:           650752 kB
Shmem:             12416 kB
KReclaimable:     238980 kB
Slab:             313776 kB
SReclaimable:      80404 kB
SUnreclaim:       233372 kB
KernelStack:       49552 kB
ShadowCallStack:   12416 kB
PageTables:        85600 kB
NFS_Unstable:          0 kB
Bounce:                0 kB
WritebackTmp:          0 kB
CommitLimit:     8677876 kB
Committed_AS:   78512728 kB
VmallocTotal:   263061440 kB
VmallocUsed:      132520 kB
VmallocChunk:          0 kB
Percpu:             2448 kB
CmaTotal:         405504 kB
CmaFree:              32 kB
MemTotal:        7918588 kB
MemFree:          171844 kB
MemAvailable:     969636 kB
Buffers:             544 kB
Cached:           965288 kB
SwapCached:         1780 kB
Active:          2772100 kB
Inactive:        2560804 kB
Active(anon):    2671328 kB
Inactive(anon):  1712776 kB
Active(file):     100772 kB
Inactive(file):   848028 kB
Unevictable:        6356 kB
Mlocked:            5916 kB
SwapTotal:       4718584 kB
SwapFree:        3252728 kB
Dirty:               104 kB
Writeback:             0 kB
AnonPages:       4373492 kB
Mapped:           651100 kB
Shmem:             12392 kB
KReclaimable:     235908 kB
Slab:             314036 kB
SReclaimable:      80500 kB
SUnreclaim:       233536 kB
KernelStack:       49584 kB
ShadowCallStack:   12424 kB
PageTables:        86036 kB
NFS_Unstable:          0 kB
Bounce:                0 kB
WritebackTmp:          0 kB
CommitLimit:     8677876 kB
Committed_AS:   78611036 kB
VmallocTotal:   263061440 kB
VmallocUsed:      132512 kB
VmallocChunk:          0 kB
Percpu:             2448 kB
CmaTotal:         405504 kB
CmaFree:              32 kB
MemTotal:        7918588 kB
MemFree:          169480 kB
MemAvailable:     965948 kB
Buffers:             544 kB
Cached:           965288 kB
SwapCached:         1812 kB
Active:          2829016 kB
Inactive:        2504648 kB
Active(anon):    2728244 kB
Inactive(anon):  1656612 kB
Active(file):     100772 kB
Inactive(file):   848036 kB
Unevictable:        6356 kB
Mlocked:            5916 kB
SwapTotal:       4718584 kB
SwapFree:        3202040 kB
Dirty:               128 kB
Writeback:             0 kB
AnonPages:       4374168 kB
Mapped:           651580 kB
Shmem:             12392 kB
KReclaimable:     233244 kB
Slab:             314196 kB
SReclaimable:      80628 kB
SUnreclaim:       233568 kB
KernelStack:       49584 kB
ShadowCallStack:   12420 kB
PageTables:        86044 kB
NFS_Unstable:          0 kB
Bounce:                0 kB
WritebackTmp:          0 kB
CommitLimit:     8677876 kB
Committed_AS:   78725724 kB
VmallocTotal:   263061440 kB
VmallocUsed:      132524 kB
VmallocChunk:          0 kB
Percpu:             2448 kB
CmaTotal:         405504 kB
CmaFree:              32 kB
MemTotal:        7918588 kB
MemFree:          171068 kB
MemAvailable:     966152 kB
Buffers:             568 kB
Cached:           965296 kB
SwapCached:         1800 kB
Active:          2897328 kB
Inactive:        2435192 kB
Active(anon):    2796520 kB
Inactive(anon):  1587132 kB
Active(file):     100808 kB
Inactive(file):   848060 kB
Unevictable:        6356 kB
Mlocked:            5916 kB
SwapTotal:       4718584 kB
SwapFree:        3153400 kB
Dirty:                48 kB
Writeback:             0 kB
AnonPages:       4373000 kB
Mapped:           651804 kB
Shmem:             12356 kB
KReclaimable:     230356 kB
Slab:             314472 kB
SReclaimable:      80740 kB
SUnreclaim:       233732 kB
KernelStack:       49616 kB
ShadowCallStack:   12424 kB
PageTables:        86732 kB
NFS_Unstable:          0 kB
Bounce:                0 kB
WritebackTmp:          0 kB
CommitLimit:     8677876 kB
Committed_AS:   78824028 kB
VmallocTotal:   263061440 kB
VmallocUsed:      132544 kB
VmallocChunk:          0 kB
Percpu:             2448 kB
CmaTotal:         405504 kB
CmaFree:              32 kB
MemTotal:        7918588 kB
MemFree:          171604 kB
MemAvailable:     965512 kB
Buffers:             568 kB
Cached:           965292 kB
SwapCached:         1800 kB
Active:          2950292 kB
Inactive:        2383192 kB
Active(anon):    2849484 kB
Inactive(anon):  1535132 kB
Active(file):     100808 kB
Inactive(file):   848060 kB
Unevictable:        6356 kB
Mlocked:            5916 kB
SwapTotal:       4718584 kB
SwapFree:        3103992 kB
Dirty:                64 kB
Writeback:             0 kB
AnonPages:       4374068 kB
Mapped:           652148 kB
Shmem:             12356 kB
KReclaimable:     228004 kB
Slab:             314580 kB
SReclaimable:      80852 kB
SUnreclaim:       233728 kB
KernelStack:       49568 kB
ShadowCallStack:   12408 kB
PageTables:        86292 kB
NFS_Unstable:          0 kB
Bounce:                0 kB
WritebackTmp:          0 kB
CommitLimit:     8677876 kB
Committed_AS:   78922332 kB
VmallocTotal:   263061440 kB
VmallocUsed:      132544 kB
VmallocChunk:          0 kB
Percpu:             2448 kB
CmaTotal:         405504 kB
CmaFree:              32 kB
MemTotal:        7918588 kB
MemFree:          171208 kB
MemAvailable:     963444 kB
Buffers:             568 kB
Cached:           965296 kB
SwapCached:         1800 kB
Active:          2899004 kB
Inactive:        2436836 kB
Active(anon):    2787304 kB
Inactive(anon):  1599668 kB
Active(file):     111700 kB
Inactive(file):   837168 kB
Unevictable:        6356 kB
Mlocked:            5916 kB
SwapTotal:       4718584 kB
SwapFree:        3040760 kB
Dirty:                64 kB
Writeback:             0 kB
AnonPages:       4376244 kB
Mapped:           652616 kB
Shmem:             12356 kB
KReclaimable:     224660 kB
Slab:             314756 kB
SReclaimable:      80996 kB
SUnreclaim:       233760 kB
KernelStack:       49568 kB
ShadowCallStack:   12408 kB
PageTables:        86756 kB
NFS_Unstable:          0 kB
Bounce:                0 kB
WritebackTmp:          0 kB
CommitLimit:     8677876 kB
Committed_AS:   79053408 kB
VmallocTotal:   263061440 kB
VmallocUsed:      132508 kB
VmallocChunk:          0 kB
Percpu:             2448 kB
CmaTotal:         405504 kB
CmaFree:              32 kB
MemTotal:        7918588 kB
MemFree:          168860 kB
MemAvailable:     959848 kB
Buffers:             568 kB
Cached:           965296 kB
SwapCached:         1800 kB
Active:          2958632 kB
Inactive:        2380728 kB
Active(anon):    2846932 kB
Inactive(anon):  1543560 kB
Active(file):     111700 kB
Inactive(file):   837168 kB
Unevictable:        6356 kB
Mlocked:            5916 kB
SwapTotal:       4718584 kB
SwapFree:        2987000 kB
Dirty:                64 kB
Writeback:             0 kB
AnonPages:       4379884 kB
Mapped:           653056 kB
Shmem:             12356 kB
KReclaimable:     222164 kB
Slab:             314892 kB
SReclaimable:      81108 kB
SUnreclaim:       233784 kB
KernelStack:       49584 kB
ShadowCallStack:   12424 kB
PageTables:        87024 kB
NFS_Unstable:          0 kB
Bounce:                0 kB
WritebackTmp:          0 kB
CommitLimit:     8677876 kB
Committed_AS:   79168092 kB
VmallocTotal:   263061440 kB
VmallocUsed:      132524 kB
VmallocChunk:          0 kB
Percpu:             2448 kB
CmaTotal:         405504 kB
CmaFree:              32 kB
MemTotal:        7918588 kB
MemFree:          172848 kB
MemAvailable:     962812 kB
Buffers:             840 kB
Cached:           965392 kB
SwapCached:         1800 kB
Active:          3024312 kB
Inactive:        2311704 kB
Active(anon):    2912532 kB
Inactive(anon):  1474252 kB
Active(file):     111780 kB
Inactive(file):   837452 kB
Unevictable:        6356 kB
Mlocked:            5916 kB
SwapTotal:       4718584 kB
SwapFree:        2922488 kB
Dirty:                88 kB
Writeback:             0 kB
AnonPages:       4376108 kB
Mapped:           653468 kB
Shmem:             12356 kB
KReclaimable:     219388 kB
Slab:             315048 kB
SReclaimable:      81204 kB
SUnreclaim:       233844 kB
KernelStack:       49600 kB
ShadowCallStack:   12420 kB
PageTables:        87556 kB
NFS_Unstable:          0 kB
Bounce:                0 kB
WritebackTmp:          0 kB
CommitLimit:     8677876 kB
Committed_AS:   79282784 kB
VmallocTotal:   263061440 kB
VmallocUsed:      132544 kB
VmallocChunk:          0 kB
Percpu:             2448 kB
CmaTotal:         405504 kB
CmaFree:              32 kB
MemTotal:        7918588 kB
MemFree:          173936 kB
MemAvailable:     962712 kB
Buffers:             848 kB
Cached:           965392 kB
SwapCached:         1804 kB
Active:          3075432 kB
Inactive:        2261228 kB
Active(anon):    2963652 kB
Inactive(anon):  1423764 kB
Active(file):     111780 kB
Inactive(file):   837464 kB
Unevictable:        6356 kB
Mlocked:            5916 kB
SwapTotal:       4718584 kB
SwapFree:        2875896 kB
Dirty:               100 kB
Writeback:             0 kB
AnonPages:       4376788 kB
Mapped:           653780 kB
Shmem:             12356 kB
KReclaimable:     216988 kB
Slab:             315068 kB
SReclaimable:      81348 kB
SUnreclaim:       233720 kB
KernelStack:       49552 kB
ShadowCallStack:   12424 kB
PageTables:        87296 kB
NFS_Unstable:          0 kB
Bounce:                0 kB
WritebackTmp:          0 kB
CommitLimit:     8677876 kB
Committed_AS:   79381084 kB
VmallocTotal:   263061440 kB
VmallocUsed:      132524 kB
VmallocChunk:          0 kB
Percpu:             2448 kB
CmaTotal:         405504 kB
CmaFree:              32 kB
MemTotal:        7918588 kB
MemFree:          169304 kB
MemAvailable:     957416 kB
Buffers:             848 kB
Cached:           965392 kB
SwapCached:         1804 kB
Active:          3120008 kB
Inactive:        2222068 kB
Active(anon):    3008228 kB
Inactive(anon):  1384604 kB
Active(file):     111780 kB
Inactive(file):   837464 kB
Unevictable:        6356 kB
Mlocked:            5916 kB
SwapTotal:       4718584 kB
SwapFree:        2839032 kB
Dirty:                 8 kB
Writeback:             0 kB
AnonPages:       4382248 kB
Mapped:           654092 kB
Shmem:             12356 kB
KReclaimable:     215660 kB
Slab:             315228 kB
SReclaimable:      81444 kB
SUnreclaim:       233784 kB
KernelStack:       49568 kB
ShadowCallStack:   12420 kB
PageTables:        87656 kB
NFS_Unstable:          0 kB
Bounce:                0 kB
WritebackTmp:          0 kB
CommitLimit:     8677876 kB
Committed_AS:   79479388 kB
VmallocTotal:   263061440 kB
VmallocUsed:      132524 kB
VmallocChunk:          0 kB
Percpu:             2448 kB
CmaTotal:         405504 kB
CmaFree:              32 kB
MemTotal:        7918588 kB
MemFree:          173688 kB
MemAvailable:     960136 kB
Buffers:             848 kB
Cached:           965356 kB
SwapCached:         1828 kB
Active:          3191608 kB
Inactive:        2147400 kB
Active(anon):    3079828 kB
Inactive(anon):  1309936 kB
Active(file):     111780 kB
Inactive(file):   837464 kB
Unevictable:        6356 kB
Mlocked:            5916 kB
SwapTotal:       4718584 kB
SwapFree:        2773496 kB
Dirty:                 8 kB
Writeback:             0 kB
AnonPages:       4379028 kB
Mapped:           654588 kB
Shmem:             12356 kB
KReclaimable:     212332 kB
Slab:             315392 kB
SReclaimable:      81572 kB
SUnreclaim:       233820 kB
KernelStack:       49552 kB
ShadowCallStack:   12424 kB
PageTables:        87772 kB
NFS_Unstable:          0 kB
Bounce:                0 kB
WritebackTmp:          0 kB
CommitLimit:     8677876 kB
Committed_AS:   79626844 kB
VmallocTotal:   263061440 kB
VmallocUsed:      132524 kB
VmallocChunk:          0 kB
Percpu:             2448 kB
CmaTotal:         405504 kB
CmaFree:              32 kB
MemTotal:        7918588 kB
MemFree:          170756 kB
MemAvailable:     956868 kB
Buffers:             848 kB
Cached:           965404 kB
SwapCached:         1832 kB
Active:          3216500 kB
Inactive:        2125532 kB
Active(anon):    3104720 kB
Inactive(anon):  1288068 kB
Active(file):     111780 kB
Inactive(file):   837464 kB
Unevictable:        6356 kB
Mlocked:            5916 kB
SwapTotal:       4718584 kB
SwapFree:        2757624 kB
Dirty:                 8 kB
Writeback:             0 kB
AnonPages:       4382240 kB
Mapped:           654796 kB
Shmem:             12360 kB
KReclaimable:     211660 kB
Slab:             315512 kB
SReclaimable:      81620 kB
SUnreclaim:       233892 kB
KernelStack:       49616 kB
ShadowCallStack:   12424 kB
PageTables:        87984 kB
NFS_Unstable:          0 kB
Bounce:                0 kB
WritebackTmp:          0 kB
CommitLimit:     8677876 kB
Committed_AS:   79676000 kB
VmallocTotal:   263061440 kB
VmallocUsed:      132544 kB
VmallocChunk:          0 kB
Percpu:             2448 kB
CmaTotal:         405504 kB
CmaFree:              20 kB
MemTotal:        7918588 kB
MemFree:          173904 kB
MemAvailable:     958740 kB
Buffers:             848 kB
Cached:           965396 kB
SwapCached:         1836 kB
Active:          3267904 kB
Inactive:        2071948 kB
Active(anon):    3156124 kB
Inactive(anon):  1234476 kB
Active(file):     111780 kB
Inactive(file):   837472 kB
Unevictable:        6356 kB
Mlocked:            5916 kB
SwapTotal:       4718584 kB
SwapFree:        2710520 kB
Dirty:                36 kB
Writeback:             0 kB
AnonPages:       4379828 kB
Mapped:           655372 kB
Shmem:             12360 kB
KReclaimable:     209092 kB
Slab:             315560 kB
SReclaimable:      81732 kB
SUnreclaim:       233828 kB
KernelStack:       49536 kB
ShadowCallStack:   12428 kB
PageTables:        87968 kB
NFS_Unstable:          0 kB
Bounce:                0 kB
WritebackTmp:          0 kB
CommitLimit:     8677876 kB
Committed_AS:   79774300 kB
VmallocTotal:   263061440 kB
VmallocUsed:      132524 kB
VmallocChunk:          0 kB
Percpu:             2448 kB
CmaTotal:         405504 kB
CmaFree:              32 kB
MemTotal:        7918588 kB
MemFree:          478436 kB
MemAvailable:    1255640 kB
Buffers:             872 kB
Cached:           965428 kB
SwapCached:         1848 kB
Active:          3357164 kB
Inactive:        1689580 kB
Active(anon):    3245372 kB
Inactive(anon):   852056 kB
Active(file):     111792 kB
Inactive(file):   837524 kB
Unevictable:        6356 kB
Mlocked:            5916 kB
SwapTotal:       4718584 kB
SwapFree:        2343160 kB
Dirty:               124 kB
Writeback:             0 kB
AnonPages:       4086996 kB
Mapped:           655932 kB
Shmem:             12344 kB
KReclaimable:     193700 kB
Slab:             316548 kB
SReclaimable:      82548 kB
SUnreclaim:       234000 kB
KernelStack:       49568 kB
ShadowCallStack:   12432 kB
PageTables:        88432 kB
NFS_Unstable:          0 kB
Bounce:                0 kB
WritebackTmp:          0 kB
CommitLimit:     8677876 kB
Committed_AS:   79921760 kB
VmallocTotal:   263061440 kB
VmallocUsed:      132524 kB
VmallocChunk:          0 kB
Percpu:             2448 kB
CmaTotal:         405504 kB
CmaFree:          217668 kB
MemTotal:        7918588 kB
MemFree:          441104 kB
MemAvailable:    1219076 kB
Buffers:             872 kB
Cached:           966388 kB
SwapCached:         1848 kB
Active:          3394912 kB
Inactive:        1689624 kB
Active(anon):    3282280 kB
Inactive(anon):   851984 kB
Active(file):     112632 kB
Inactive(file):   837640 kB
Unevictable:        6356 kB
Mlocked:            5916 kB
SwapTotal:       4718584 kB
SwapFree:        2343928 kB
Dirty:               240 kB
Writeback:             0 kB
AnonPages:       4123712 kB
Mapped:           656272 kB
Shmem:             12348 kB
KReclaimable:     193324 kB
Slab:             316524 kB
SReclaimable:      82564 kB
SUnreclaim:       233960 kB
KernelStack:       49664 kB
ShadowCallStack:   12428 kB
PageTables:        88628 kB
NFS_Unstable:          0 kB
Bounce:                0 kB
WritebackTmp:          0 kB
CommitLimit:     8677876 kB
Committed_AS:   79987296 kB
VmallocTotal:   263061440 kB
VmallocUsed:      132624 kB
VmallocChunk:          0 kB
Percpu:             2448 kB
CmaTotal:         405504 kB
CmaFree:          179724 kB
MemTotal:        7918588 kB
MemFree:          383124 kB
MemAvailable:    1160768 kB
Buffers:             872 kB
Cached:           966392 kB
SwapCached:         1848 kB
Active:          3452092 kB
Inactive:        1689628 kB
Active(anon):    3339460 kB
Inactive(anon):   851984 kB
Active(file):     112632 kB
Inactive(file):   837644 kB
Unevictable:        6356 kB
Mlocked:            5916 kB
SwapTotal:       4718584 kB
SwapFree:        2343928 kB
Dirty:               244 kB
Writeback:             0 kB
AnonPages:       4180828 kB
Mapped:           656764 kB
Shmem:             12348 kB
KReclaimable:     192660 kB
Slab:             316588 kB
SReclaimable:      82564 kB
SUnreclaim:       234024 kB
KernelStack:       49648 kB
ShadowCallStack:   12440 kB
PageTables:        88864 kB
NFS_Unstable:          0 kB
Bounce:                0 kB
WritebackTmp:          0 kB
CommitLimit:     8677876 kB
Committed_AS:   80102072 kB
VmallocTotal:   263061440 kB
VmallocUsed:      132660 kB
VmallocChunk:          0 kB
Percpu:             2448 kB
CmaTotal:         405504 kB
CmaFree:          121844 kB
MemTotal:        7918588 kB
MemFree:          221984 kB
MemAvailable:     909540 kB
Buffers:             872 kB
Cached:           966516 kB
SwapCached:         1852 kB
Active:          3554376 kB
Inactive:        1689588 kB
Active(anon):    3441716 kB
Inactive(anon):   851944 kB
Active(file):     112660 kB
Inactive(file):   837644 kB
Unevictable:        6356 kB
Mlocked:            5916 kB
SwapTotal:       4718584 kB
SwapFree:        2343928 kB
Dirty:               244 kB
Writeback:             0 kB
AnonPages:       4282992 kB
Mapped:           657888 kB
Shmem:             12444 kB
KReclaimable:     118924 kB
Slab:             316924 kB
SReclaimable:      82612 kB
SUnreclaim:       234312 kB
KernelStack:       49760 kB
ShadowCallStack:   12468 kB
PageTables:        89068 kB
NFS_Unstable:          0 kB
Bounce:                0 kB
WritebackTmp:          0 kB
CommitLimit:     8677876 kB
Committed_AS:   80249836 kB
VmallocTotal:   263061440 kB
VmallocUsed:      132792 kB
VmallocChunk:          0 kB
Percpu:             2448 kB
CmaTotal:         405504 kB
CmaFree:           19568 kB
MemTotal:        7918588 kB
MemFree:          230472 kB
MemAvailable:     982936 kB
Buffers:             872 kB
Cached:           966428 kB
SwapCached:         1852 kB
Active:          3546184 kB
Inactive:        1689588 kB
Active(anon):    3433524 kB
Inactive(anon):   851936 kB
Active(file):     112660 kB
Inactive(file):   837652 kB
Unevictable:        6356 kB
Mlocked:            5916 kB
SwapTotal:       4718584 kB
SwapFree:        2344440 kB
Dirty:                24 kB
Writeback:             0 kB
AnonPages:       4274916 kB
Mapped:           657316 kB
Shmem:             12348 kB
KReclaimable:     248724 kB
Slab:             316932 kB
SReclaimable:      82628 kB
SUnreclaim:       234304 kB
KernelStack:       49664 kB
ShadowCallStack:   12444 kB
PageTables:        89288 kB
NFS_Unstable:          0 kB
Bounce:                0 kB
WritebackTmp:          0 kB
CommitLimit:     8677876 kB
Committed_AS:   80298592 kB
VmallocTotal:   263061440 kB
VmallocUsed:      132624 kB
VmallocChunk:          0 kB
Percpu:             2448 kB
CmaTotal:         405504 kB
CmaFree:           24092 kB
MemTotal:        7918588 kB
MemFree:          177608 kB
MemAvailable:     985772 kB
Buffers:             880 kB
Cached:           966440 kB
SwapCached:         1852 kB
Active:          3601488 kB
Inactive:        1688216 kB
Active(anon):    3488828 kB
Inactive(anon):   850556 kB
Active(file):     112660 kB
Inactive(file):   837660 kB
Unevictable:        6356 kB
Mlocked:            5916 kB
SwapTotal:       4718584 kB
SwapFree:        2343160 kB
Dirty:                92 kB
Writeback:             0 kB
AnonPages:       4328532 kB
