MemTotal:        7918584 kB
MemFree:         1372864 kB
MemAvailable:    3429616 kB
Buffers:          178236 kB
Cached:          1795080 kB
SwapCached:        17924 kB
Active:          2904112 kB
Inactive:        1124664 kB
Active(anon):    1977272 kB
Inactive(anon):   106692 kB
Active(file):     926840 kB
Inactive(file):  1017972 kB
Unevictable:        6544 kB
Mlocked:            6104 kB
SwapTotal:       4718584 kB
SwapFree:        4051744 kB
Dirty:            144636 kB
Writeback:             0 kB
AnonPages:       2055860 kB
Mapped:           606592 kB
Shmem:             23720 kB
KReclaimable:     502164 kB
Slab:             333396 kB
SReclaimable:     106184 kB
SUnreclaim:       227212 kB
KernelStack:       46192 kB
ShadowCallStack:   11556 kB
PageTables:        66884 kB
NFS_Unstable:          0 kB
Bounce:                0 kB
WritebackTmp:          0 kB
CommitLimit:     8677876 kB
Committed_AS:   67164348 kB
VmallocTotal:   263061440 kB
VmallocUsed:      128500 kB
VmallocChunk:          0 kB
Percpu:             2520 kB
CmaTotal:         405504 kB
CmaFree:          175732 kB
MemTotal:        7918584 kB
MemFree:         1409900 kB
MemAvailable:    3732244 kB
Buffers:          178264 kB
Cached:          1798800 kB
SwapCached:        17960 kB
Active:          2867684 kB
Inactive:        1124880 kB
Active(anon):    1937596 kB
Inactive(anon):   106684 kB
Active(file):     930088 kB
Inactive(file):  1018196 kB
Unevictable:        6544 kB
Mlocked:            6104 kB
SwapTotal:       4718584 kB
SwapFree:        4052256 kB
Dirty:            144704 kB
Writeback:             0 kB
AnonPages:       2015960 kB
Mapped:           620276 kB
Shmem:             23972 kB
KReclaimable:     764284 kB
Slab:             333140 kB
SReclaimable:     106184 kB
SUnreclaim:       226956 kB
KernelStack:       46480 kB
ShadowCallStack:   11652 kB
PageTables:        67436 kB
NFS_Unstable:          0 kB
Bounce:                0 kB
WritebackTmp:          0 kB
CommitLimit:     8677876 kB
Committed_AS:   67228380 kB
VmallocTotal:   263061440 kB
VmallocUsed:      128836 kB
VmallocChunk:          0 kB
Percpu:             2520 kB
CmaTotal:         405504 kB
CmaFree:          175732 kB
MemTotal:        7918584 kB
MemFree:         1388248 kB
MemAvailable:    3576792 kB
Buffers:          178264 kB
Cached:          1799396 kB
SwapCached:        17968 kB
Active:          2887468 kB
Inactive:        1124904 kB
Active(anon):    1956808 kB
Inactive(anon):   106688 kB
Active(file):     930660 kB
Inactive(file):  1018216 kB
Unevictable:        6544 kB
Mlocked:            6104 kB
SwapTotal:       4718584 kB
SwapFree:        4052256 kB
Dirty:            144820 kB
Writeback:             0 kB
AnonPages:       2035132 kB
Mapped:           627796 kB
Shmem:             23976 kB
KReclaimable:     629892 kB
Slab:             333700 kB
SReclaimable:     106184 kB
SUnreclaim:       227516 kB
KernelStack:       46400 kB
ShadowCallStack:   11632 kB
PageTables:        67588 kB
NFS_Unstable:          0 kB
Bounce:                0 kB
WritebackTmp:          0 kB
CommitLimit:     8677876 kB
Committed_AS:   67233032 kB
VmallocTotal:   263061440 kB
VmallocUsed:      128796 kB
VmallocChunk:          0 kB
Percpu:             2520 kB
CmaTotal:         405504 kB
CmaFree:          175732 kB
MemTotal:        7918584 kB
MemFree:         1383428 kB
MemAvailable:    3571372 kB
Buffers:          178268 kB
Cached:          1799560 kB
SwapCached:        17968 kB
Active:          2891220 kB
Inactive:        1124964 kB
Active(anon):    1960456 kB
Inactive(anon):   106684 kB
Active(file):     930764 kB
Inactive(file):  1018280 kB
Unevictable:        6544 kB
Mlocked:            6104 kB
SwapTotal:       4718584 kB
SwapFree:        4052256 kB
Dirty:            144884 kB
Writeback:             4 kB
AnonPages:       2038856 kB
Mapped:           628392 kB
Shmem:             23976 kB
KReclaimable:     629124 kB
Slab:             333696 kB
SReclaimable:     106184 kB
SUnreclaim:       227512 kB
KernelStack:       46384 kB
ShadowCallStack:   11624 kB
PageTables:        67536 kB
NFS_Unstable:          0 kB
Bounce:                0 kB
WritebackTmp:          0 kB
CommitLimit:     8677876 kB
Committed_AS:   67232984 kB
VmallocTotal:   263061440 kB
VmallocUsed:      128776 kB
VmallocChunk:          0 kB
Percpu:             2520 kB
CmaTotal:         405504 kB
CmaFree:          175732 kB
MemTotal:        7918584 kB
MemFree:         1382672 kB
MemAvailable:    3570592 kB
Buffers:          178268 kB
Cached:          1799624 kB
SwapCached:        17968 kB
Active:          2893024 kB
Inactive:        1124992 kB
Active(anon):    1962260 kB
Inactive(anon):   106688 kB
Active(file):     930764 kB
Inactive(file):  1018304 kB
Unevictable:        6544 kB
Mlocked:            6104 kB
SwapTotal:       4718584 kB
SwapFree:        4052256 kB
Dirty:            144964 kB
Writeback:             0 kB
AnonPages:       2040544 kB
Mapped:           629068 kB
Shmem:             24016 kB
KReclaimable:     629076 kB
Slab:             333696 kB
SReclaimable:     106184 kB
SUnreclaim:       227512 kB
KernelStack:       46400 kB
ShadowCallStack:   11632 kB
PageTables:        67576 kB
NFS_Unstable:          0 kB
Bounce:                0 kB
WritebackTmp:          0 kB
CommitLimit:     8677876 kB
Committed_AS:   67233064 kB
VmallocTotal:   263061440 kB
VmallocUsed:      128780 kB
VmallocChunk:          0 kB
Percpu:             2520 kB
CmaTotal:         405504 kB
CmaFree:          178600 kB
MemTotal:        7918584 kB
MemFree:         1385696 kB
MemAvailable:    3593648 kB
Buffers:          178268 kB
Cached:          1799624 kB
SwapCached:        17968 kB
Active:          2890008 kB
Inactive:        1124988 kB
Active(anon):    1959244 kB
Inactive(anon):   106684 kB
Active(file):     930764 kB
Inactive(file):  1018304 kB
Unevictable:        6544 kB
Mlocked:            6104 kB
SwapTotal:       4718584 kB
SwapFree:        4052512 kB
Dirty:            144804 kB
Writeback:             0 kB
AnonPages:       2037172 kB
Mapped:           629224 kB
Shmem:             24016 kB
KReclaimable:     649108 kB
Slab:             333816 kB
SReclaimable:     106184 kB
SUnreclaim:       227632 kB
KernelStack:       46240 kB
ShadowCallStack:   11588 kB
PageTables:        67616 kB
NFS_Unstable:          0 kB
Bounce:                0 kB
WritebackTmp:          0 kB
CommitLimit:     8677876 kB
Committed_AS:   67232580 kB
VmallocTotal:   263061440 kB
VmallocUsed:      128292 kB
VmallocChunk:          0 kB
Percpu:             2520 kB
CmaTotal:         405504 kB
CmaFree:          178600 kB
MemTotal:        7918584 kB
MemFree:         1360556 kB
MemAvailable:    3568684 kB
Buffers:          178268 kB
Cached:          1799624 kB
SwapCached:        17968 kB
Active:          2914800 kB
Inactive:        1124988 kB
Active(anon):    1984036 kB
Inactive(anon):   106684 kB
Active(file):     930764 kB
Inactive(file):  1018304 kB
Unevictable:        6544 kB
Mlocked:            6104 kB
SwapTotal:       4718584 kB
SwapFree:        4052512 kB
Dirty:             18108 kB
Writeback:            44 kB
AnonPages:       2062496 kB
Mapped:           630776 kB
Shmem:             24016 kB
KReclaimable:     649284 kB
Slab:             333704 kB
SReclaimable:     106184 kB
SUnreclaim:       227520 kB
KernelStack:       46240 kB
ShadowCallStack:   11596 kB
PageTables:        67664 kB
NFS_Unstable:          0 kB
Bounce:                0 kB
WritebackTmp:          0 kB
CommitLimit:     8677876 kB
Committed_AS:   67253108 kB
VmallocTotal:   263061440 kB
VmallocUsed:      128328 kB
VmallocChunk:          0 kB
Percpu:             2520 kB
CmaTotal:         405504 kB
CmaFree:          178600 kB
MemTotal:        7918584 kB
MemFree:         1165156 kB
MemAvailable:    3306436 kB
Buffers:          178268 kB
Cached:          1799636 kB
SwapCached:        17968 kB
Active:          3108512 kB
Inactive:        1124988 kB
Active(anon):    2177748 kB
Inactive(anon):   106680 kB
Active(file):     930764 kB
Inactive(file):  1018308 kB
Unevictable:        6544 kB
Mlocked:            6104 kB
SwapTotal:       4718584 kB
SwapFree:        4052512 kB
Dirty:             18108 kB
Writeback:             0 kB
AnonPages:       2256376 kB
Mapped:           713400 kB
Shmem:             24024 kB
KReclaimable:     582432 kB
Slab:             334028 kB
SReclaimable:     106184 kB
SUnreclaim:       227844 kB
KernelStack:       46304 kB
ShadowCallStack:   11600 kB
PageTables:        68168 kB
NFS_Unstable:          0 kB
Bounce:                0 kB
WritebackTmp:          0 kB
CommitLimit:     8677876 kB
Committed_AS:   67575552 kB
VmallocTotal:   263061440 kB
VmallocUsed:      128380 kB
VmallocChunk:          0 kB
Percpu:             2520 kB
CmaTotal:         405504 kB
CmaFree:          135832 kB
MemTotal:        7918584 kB
MemFree:         1151544 kB
MemAvailable:    3292104 kB
Buffers:          178268 kB
Cached:          1799652 kB
SwapCached:        17968 kB
Active:          3122236 kB
Inactive:        1125012 kB
Active(anon):    2191472 kB
Inactive(anon):   106688 kB
Active(file):     930764 kB
Inactive(file):  1018324 kB
Unevictable:        6544 kB
Mlocked:            6104 kB
SwapTotal:       4718584 kB
SwapFree:        4052512 kB
Dirty:             18108 kB
Writeback:             0 kB
AnonPages:       2269780 kB
Mapped:           716324 kB
Shmem:             24024 kB
KReclaimable:     581696 kB
Slab:             334128 kB
SReclaimable:     106184 kB
SUnreclaim:       227944 kB
KernelStack:       46272 kB
ShadowCallStack:   11600 kB
PageTables:        68312 kB
NFS_Unstable:          0 kB
Bounce:                0 kB
WritebackTmp:          0 kB
CommitLimit:     8677876 kB
Committed_AS:   67614944 kB
VmallocTotal:   263061440 kB
VmallocUsed:      128380 kB
VmallocChunk:          0 kB
Percpu:             2520 kB
CmaTotal:         405504 kB
CmaFree:          122808 kB
MemTotal:        7918584 kB
MemFree:         1085160 kB
MemAvailable:    3185524 kB
Buffers:          178292 kB
Cached:          1808380 kB
SwapCached:        17976 kB
Active:          3188180 kB
Inactive:        1125100 kB
Active(anon):    2248760 kB
Inactive(anon):   106684 kB
Active(file):     939420 kB
Inactive(file):  1018416 kB
Unevictable:        6544 kB
Mlocked:            6104 kB
SwapTotal:       4718584 kB
SwapFree:        4052512 kB
Dirty:             18116 kB
Writeback:             0 kB
AnonPages:       2327116 kB
Mapped:           743380 kB
Shmem:             24028 kB
KReclaimable:     532752 kB
Slab:             334300 kB
SReclaimable:     106188 kB
SUnreclaim:       228112 kB
KernelStack:       46336 kB
ShadowCallStack:   11632 kB
PageTables:        68884 kB
NFS_Unstable:          0 kB
Bounce:                0 kB
WritebackTmp:          0 kB
CommitLimit:     8677876 kB
Committed_AS:   67771716 kB
VmallocTotal:   263061440 kB
VmallocUsed:      128480 kB
VmallocChunk:          0 kB
Percpu:             2520 kB
CmaTotal:         405504 kB
CmaFree:           57400 kB
MemTotal:        7918584 kB
MemFree:          993004 kB
MemAvailable:    3092388 kB
Buffers:          178304 kB
Cached:          1808380 kB
SwapCached:        17976 kB
Active:          3282860 kB
Inactive:        1125132 kB
Active(anon):    2343440 kB
Inactive(anon):   106688 kB
Active(file):     939420 kB
Inactive(file):  1018444 kB
Unevictable:        6544 kB
Mlocked:            6104 kB
SwapTotal:       4718584 kB
SwapFree:        4052512 kB
Dirty:             18220 kB
Writeback:            20 kB
AnonPages:       2421972 kB
Mapped:           744268 kB
Shmem:             24012 kB
KReclaimable:     531744 kB
Slab:             333928 kB
SReclaimable:     106188 kB
SUnreclaim:       227740 kB
KernelStack:       46128 kB
ShadowCallStack:   11560 kB
PageTables:        68544 kB
NFS_Unstable:          0 kB
Bounce:                0 kB
WritebackTmp:          0 kB
CommitLimit:     8677876 kB
Committed_AS:   66726000 kB
VmallocTotal:   263061440 kB
VmallocUsed:      128168 kB
VmallocChunk:          0 kB
Percpu:             2520 kB
CmaTotal:         405504 kB
CmaFree:              88 kB
MemTotal:        7918584 kB
MemFree:          868440 kB
MemAvailable:    2845124 kB
Buffers:          178304 kB
Cached:          1808440 kB
SwapCached:        17976 kB
Active:          3405672 kB
Inactive:        1125152 kB
Active(anon):    2466252 kB
Inactive(anon):   106688 kB
Active(file):     939420 kB
Inactive(file):  1018464 kB
Unevictable:        6544 kB
Mlocked:            6104 kB
SwapTotal:       4718584 kB
SwapFree:        4052512 kB
Dirty:             18240 kB
Writeback:             0 kB
AnonPages:       2544616 kB
Mapped:           745824 kB
Shmem:             24052 kB
KReclaimable:     409024 kB
Slab:             333968 kB
SReclaimable:     106188 kB
SUnreclaim:       227780 kB
KernelStack:       46192 kB
ShadowCallStack:   11580 kB
PageTables:        68992 kB
NFS_Unstable:          0 kB
Bounce:                0 kB
WritebackTmp:          0 kB
CommitLimit:     8677876 kB
Committed_AS:   66890188 kB
VmallocTotal:   263061440 kB
VmallocUsed:      128328 kB
VmallocChunk:          0 kB
Percpu:             2520 kB
CmaTotal:         405504 kB
CmaFree:               0 kB
MemTotal:        7918584 kB
MemFree:          809732 kB
MemAvailable:    2785584 kB
Buffers:          178304 kB
Cached:          1808532 kB
SwapCached:        17976 kB
Active:          3463132 kB
Inactive:        1125152 kB
Active(anon):    2523712 kB
Inactive(anon):   106688 kB
Active(file):     939420 kB
Inactive(file):  1018464 kB
Unevictable:        6544 kB
Mlocked:            6104 kB
SwapTotal:       4718584 kB
SwapFree:        4052512 kB
Dirty:             18244 kB
Writeback:             0 kB
AnonPages:       2601856 kB
Mapped:           746256 kB
Shmem:             24144 kB
KReclaimable:     408192 kB
Slab:             333932 kB
SReclaimable:     106188 kB
SUnreclaim:       227744 kB
KernelStack:       46224 kB
ShadowCallStack:   11584 kB
PageTables:        69268 kB
NFS_Unstable:          0 kB
Bounce:                0 kB
WritebackTmp:          0 kB
CommitLimit:     8677876 kB
Committed_AS:   67021268 kB
VmallocTotal:   263061440 kB
VmallocUsed:      128324 kB
VmallocChunk:          0 kB
Percpu:             2520 kB
CmaTotal:         405504 kB
CmaFree:               0 kB
MemTotal:        7918584 kB
MemFree:          848512 kB
MemAvailable:    2945960 kB
Buffers:          178304 kB
Cached:          1808428 kB
SwapCached:        17976 kB
Active:          3424488 kB
Inactive:        1125172 kB
Active(anon):    2485068 kB
Inactive(anon):   106688 kB
Active(file):     939420 kB
Inactive(file):  1018484 kB
Unevictable:        6544 kB
Mlocked:            6104 kB
SwapTotal:       4718584 kB
SwapFree:        4052512 kB
Dirty:             18264 kB
Writeback:             0 kB
AnonPages:       2563260 kB
Mapped:           745268 kB
Shmem:             24020 kB
KReclaimable:     529768 kB
Slab:             333888 kB
SReclaimable:     106188 kB
SUnreclaim:       227700 kB
KernelStack:       46064 kB
ShadowCallStack:   11548 kB
PageTables:        69168 kB
NFS_Unstable:          0 kB
Bounce:                0 kB
WritebackTmp:          0 kB
CommitLimit:     8677876 kB
Committed_AS:   67020824 kB
VmallocTotal:   263061440 kB
VmallocUsed:      128164 kB
VmallocChunk:          0 kB
Percpu:             2520 kB
CmaTotal:         405504 kB
CmaFree:              48 kB
MemTotal:        7918584 kB
MemFree:          820532 kB
MemAvailable:    2917536 kB
Buffers:          178304 kB
Cached:          1808448 kB
SwapCached:        17976 kB
Active:          3454104 kB
Inactive:        1125172 kB
Active(anon):    2514656 kB
Inactive(anon):   106688 kB
Active(file):     939448 kB
Inactive(file):  1018484 kB
Unevictable:        6544 kB
Mlocked:            6104 kB
SwapTotal:       4718584 kB
SwapFree:        4052512 kB
Dirty:             18264 kB
Writeback:             0 kB
AnonPages:       2592940 kB
Mapped:           745508 kB
Shmem:             24012 kB
KReclaimable:     529296 kB
Slab:             333804 kB
SReclaimable:     106188 kB
SUnreclaim:       227616 kB
KernelStack:       46096 kB
ShadowCallStack:   11560 kB
PageTables:        69284 kB
NFS_Unstable:          0 kB
Bounce:                0 kB
WritebackTmp:          0 kB
CommitLimit:     8677876 kB
Committed_AS:   67102616 kB
VmallocTotal:   263061440 kB
VmallocUsed:      128148 kB
VmallocChunk:          0 kB
Percpu:             2520 kB
CmaTotal:         405504 kB
CmaFree:               0 kB
MemTotal:        7918584 kB
MemFree:          812384 kB
MemAvailable:    2909200 kB
Buffers:          178308 kB
Cached:          1808448 kB
SwapCached:        17976 kB
Active:          3461708 kB
Inactive:        1125172 kB
Active(anon):    2522260 kB
Inactive(anon):   106684 kB
Active(file):     939448 kB
Inactive(file):  1018488 kB
Unevictable:        6544 kB
Mlocked:            6104 kB
SwapTotal:       4718584 kB
SwapFree:        4052512 kB
Dirty:             18288 kB
Writeback:             0 kB
AnonPages:       2600416 kB
Mapped:           744284 kB
Shmem:             24012 kB
KReclaimable:     529104 kB
Slab:             333828 kB
SReclaimable:     106188 kB
SUnreclaim:       227640 kB
KernelStack:       46112 kB
ShadowCallStack:   11560 kB
PageTables:        69484 kB
NFS_Unstable:          0 kB
Bounce:                0 kB
WritebackTmp:          0 kB
CommitLimit:     8677876 kB
Committed_AS:   67118996 kB
VmallocTotal:   263061440 kB
VmallocUsed:      128148 kB
VmallocChunk:          0 kB
Percpu:             2520 kB
CmaTotal:         405504 kB
CmaFree:              68 kB
MemTotal:        7918584 kB
MemFree:          810840 kB
MemAvailable:    2907656 kB
Buffers:          178308 kB
Cached:          1808448 kB
SwapCached:        17976 kB
Active:          3462368 kB
Inactive:        1125176 kB
Active(anon):    2522920 kB
Inactive(anon):   106688 kB
Active(file):     939448 kB
Inactive(file):  1018488 kB
Unevictable:        6544 kB
Mlocked:            6104 kB
SwapTotal:       4718584 kB
SwapFree:        4052512 kB
Dirty:             18288 kB
Writeback:             0 kB
AnonPages:       2601220 kB
Mapped:           744312 kB
Shmem:             24012 kB
KReclaimable:     529104 kB
Slab:             333864 kB
SReclaimable:     106188 kB
SUnreclaim:       227676 kB
KernelStack:       46064 kB
ShadowCallStack:   11552 kB
PageTables:        69260 kB
NFS_Unstable:          0 kB
Bounce:                0 kB
WritebackTmp:          0 kB
CommitLimit:     8677876 kB
Committed_AS:   67119048 kB
VmallocTotal:   263061440 kB
VmallocUsed:      128152 kB
VmallocChunk:          0 kB
Percpu:             2520 kB
CmaTotal:         405504 kB
CmaFree:              68 kB
MemTotal:        7918584 kB
MemFree:          770336 kB
MemAvailable:    2866592 kB
Buffers:          178308 kB
Cached:          1808452 kB
SwapCached:        17976 kB
Active:          3503568 kB
Inactive:        1125176 kB
Active(anon):    2564120 kB
Inactive(anon):   106688 kB
Active(file):     939448 kB
Inactive(file):  1018488 kB
Unevictable:        6544 kB
Mlocked:            6104 kB
SwapTotal:       4718584 kB
SwapFree:        4052512 kB
Dirty:             18288 kB
Writeback:             0 kB
AnonPages:       2642376 kB
Mapped:           744708 kB
Shmem:             24016 kB
KReclaimable:     528544 kB
Slab:             333952 kB
SReclaimable:     106188 kB
SUnreclaim:       227764 kB
KernelStack:       46064 kB
ShadowCallStack:   11548 kB
PageTables:        69588 kB
NFS_Unstable:          0 kB
Bounce:                0 kB
WritebackTmp:          0 kB
CommitLimit:     8677876 kB
Committed_AS:   67233692 kB
VmallocTotal:   263061440 kB
VmallocUsed:      128108 kB
VmallocChunk:          0 kB
Percpu:             2520 kB
CmaTotal:         405504 kB
CmaFree:               0 kB
MemTotal:        7918584 kB
MemFree:          770656 kB
MemAvailable:    2866912 kB
Buffers:          178308 kB
Cached:          1808452 kB
SwapCached:        17976 kB
Active:          3503504 kB
Inactive:        1125176 kB
Active(anon):    2564056 kB
Inactive(anon):   106688 kB
Active(file):     939448 kB
Inactive(file):  1018488 kB
Unevictable:        6544 kB
Mlocked:            6104 kB
SwapTotal:       4718584 kB
SwapFree:        4052512 kB
Dirty:             18288 kB
Writeback:             0 kB
AnonPages:       2642308 kB
Mapped:           744708 kB
Shmem:             24016 kB
KReclaimable:     528544 kB
Slab:             333856 kB
SReclaimable:     106188 kB
SUnreclaim:       227668 kB
KernelStack:       46080 kB
ShadowCallStack:   11552 kB
PageTables:        69588 kB
NFS_Unstable:          0 kB
Bounce:                0 kB
WritebackTmp:          0 kB
CommitLimit:     8677876 kB
Committed_AS:   67233692 kB
VmallocTotal:   263061440 kB
VmallocUsed:      128108 kB
VmallocChunk:          0 kB
Percpu:             2520 kB
CmaTotal:         405504 kB
CmaFree:               0 kB
MemTotal:        7918584 kB
MemFree:          758324 kB
MemAvailable:    2854412 kB
Buffers:          178308 kB
Cached:          1808452 kB
SwapCached:        17976 kB
Active:          3514388 kB
Inactive:        1125168 kB
Active(anon):    2574940 kB
Inactive(anon):   106680 kB
Active(file):     939448 kB
Inactive(file):  1018488 kB
Unevictable:        6544 kB
Mlocked:            6104 kB
SwapTotal:       4718584 kB
SwapFree:        4052512 kB
Dirty:             18288 kB
Writeback:             0 kB
AnonPages:       2653080 kB
Mapped:           744812 kB
Shmem:             24016 kB
KReclaimable:     528376 kB
Slab:             333924 kB
SReclaimable:     106188 kB
SUnreclaim:       227736 kB
KernelStack:       46064 kB
ShadowCallStack:   11564 kB
PageTables:        69536 kB
NFS_Unstable:          0 kB
Bounce:                0 kB
WritebackTmp:          0 kB
CommitLimit:     8677876 kB
Committed_AS:   67250076 kB
VmallocTotal:   263061440 kB
VmallocUsed:      128132 kB
VmallocChunk:          0 kB
Percpu:             2520 kB
CmaTotal:         405504 kB
CmaFree:               0 kB
MemTotal:        7918584 kB
MemFree:          724484 kB
MemAvailable:    2819876 kB
Buffers:          178332 kB
Cached:          1808432 kB
SwapCached:        17976 kB
Active:          3548016 kB
Inactive:        1125176 kB
Active(anon):    2608568 kB
Inactive(anon):   106688 kB
Active(file):     939448 kB
Inactive(file):  1018488 kB
Unevictable:        6544 kB
Mlocked:            6104 kB
SwapTotal:       4718584 kB
SwapFree:        4052512 kB
Dirty:             18308 kB
Writeback:            20 kB
AnonPages:       2686996 kB
Mapped:           745188 kB
Shmem:             24020 kB
KReclaimable:     527680 kB
Slab:             333920 kB
SReclaimable:     106188 kB
SUnreclaim:       227732 kB
KernelStack:       46096 kB
ShadowCallStack:   11560 kB
PageTables:        69764 kB
NFS_Unstable:          0 kB
Bounce:                0 kB
WritebackTmp:          0 kB
CommitLimit:     8677876 kB
Committed_AS:   67348384 kB
VmallocTotal:   263061440 kB
VmallocUsed:      128152 kB
VmallocChunk:          0 kB
Percpu:             2520 kB
CmaTotal:         405504 kB
CmaFree:               0 kB
MemTotal:        7918584 kB
MemFree:          724040 kB
MemAvailable:    2819456 kB
Buffers:          178332 kB
Cached:          1808456 kB
SwapCached:        17976 kB
Active:          3548044 kB
Inactive:        1125200 kB
Active(anon):    2608596 kB
Inactive(anon):   106688 kB
Active(file):     939448 kB
Inactive(file):  1018512 kB
Unevictable:        6544 kB
Mlocked:            6104 kB
SwapTotal:       4718584 kB
SwapFree:        4052512 kB
Dirty:             18328 kB
Writeback:             0 kB
AnonPages:       2686852 kB
Mapped:           745264 kB
Shmem:             24020 kB
KReclaimable:     527680 kB
Slab:             333908 kB
SReclaimable:     106188 kB
SUnreclaim:       227720 kB
KernelStack:       46064 kB
ShadowCallStack:   11548 kB
PageTables:        69780 kB
NFS_Unstable:          0 kB
Bounce:                0 kB
WritebackTmp:          0 kB
CommitLimit:     8677876 kB
Committed_AS:   67348332 kB
VmallocTotal:   263061440 kB
VmallocUsed:      128124 kB
VmallocChunk:          0 kB
Percpu:             2520 kB
CmaTotal:         405504 kB
CmaFree:               0 kB
MemTotal:        7918584 kB
MemFree:          693484 kB
MemAvailable:    2788476 kB
Buffers:          178332 kB
Cached:          1808456 kB
SwapCached:        17976 kB
Active:          3579268 kB
Inactive:        1125200 kB
Active(anon):    2639820 kB
Inactive(anon):   106688 kB
Active(file):     939448 kB
Inactive(file):  1018512 kB
Unevictable:        6544 kB
Mlocked:            6104 kB
SwapTotal:       4718584 kB
SwapFree:        4052512 kB
Dirty:             18328 kB
Writeback:             0 kB
AnonPages:       2718136 kB
Mapped:           745592 kB
Shmem:             24020 kB
KReclaimable:     527256 kB
Slab:             333956 kB
SReclaimable:     106188 kB
SUnreclaim:       227768 kB
KernelStack:       46128 kB
ShadowCallStack:   11556 kB
PageTables:        70024 kB
NFS_Unstable:          0 kB
Bounce:                0 kB
WritebackTmp:          0 kB
CommitLimit:     8677876 kB
Committed_AS:   67413868 kB
VmallocTotal:   263061440 kB
VmallocUsed:      128112 kB
VmallocChunk:          0 kB
Percpu:             2520 kB
CmaTotal:         405504 kB
CmaFree:               0 kB
MemTotal:        7918584 kB
MemFree:          679996 kB
MemAvailable:    2766328 kB
Buffers:          178332 kB
Cached:          1808456 kB
SwapCached:        17976 kB
Active:          3591464 kB
Inactive:        1125196 kB
Active(anon):    2652016 kB
Inactive(anon):   106684 kB
Active(file):     939448 kB
Inactive(file):  1018512 kB
Unevictable:        6544 kB
Mlocked:            6104 kB
SwapTotal:       4718584 kB
SwapFree:        4052512 kB
Dirty:             18328 kB
Writeback:             0 kB
AnonPages:       2730320 kB
Mapped:           745616 kB
Shmem:             24020 kB
KReclaimable:     518596 kB
Slab:             333992 kB
SReclaimable:     106188 kB
SUnreclaim:       227804 kB
KernelStack:       46064 kB
ShadowCallStack:   11544 kB
PageTables:        70072 kB
NFS_Unstable:          0 kB
Bounce:                0 kB
WritebackTmp:          0 kB
CommitLimit:     8677876 kB
Committed_AS:   67433324 kB
VmallocTotal:   263061440 kB
VmallocUsed:      128112 kB
VmallocChunk:          0 kB
Percpu:             2520 kB
CmaTotal:         405504 kB
CmaFree:               0 kB
MemTotal:        7918584 kB
MemFree:          679312 kB
MemAvailable:    2765644 kB
Buffers:          178332 kB
Cached:          1808456 kB
SwapCached:        17976 kB
Active:          3592260 kB
Inactive:        1125196 kB
Active(anon):    2652812 kB
Inactive(anon):   106684 kB
Active(file):     939448 kB
Inactive(file):  1018512 kB
Unevictable:        6544 kB
Mlocked:            6104 kB
SwapTotal:       4718584 kB
SwapFree:        4052512 kB
Dirty:             18328 kB
Writeback:             0 kB
AnonPages:       2731028 kB
Mapped:           745572 kB
Shmem:             24020 kB
KReclaimable:     518596 kB
Slab:             334084 kB
SReclaimable:     106188 kB
SUnreclaim:       227896 kB
KernelStack:       46080 kB
ShadowCallStack:   11556 kB
PageTables:        70004 kB
NFS_Unstable:          0 kB
Bounce:                0 kB
WritebackTmp:          0 kB
CommitLimit:     8677876 kB
Committed_AS:   67433320 kB
VmallocTotal:   263061440 kB
VmallocUsed:      128108 kB
VmallocChunk:          0 kB
Percpu:             2520 kB
CmaTotal:         405504 kB
CmaFree:               0 kB
MemTotal:        7918584 kB
MemFree:          637504 kB
MemAvailable:    2723136 kB
Buffers:          178340 kB
Cached:          1808452 kB
SwapCached:        17976 kB
Active:          3634964 kB
Inactive:        1125196 kB
Active(anon):    2695516 kB
Inactive(anon):   106680 kB
Active(file):     939448 kB
Inactive(file):  1018516 kB
Unevictable:        6544 kB
Mlocked:            6104 kB
SwapTotal:       4718584 kB
SwapFree:        4052512 kB
Dirty:             18328 kB
Writeback:             0 kB
AnonPages:       2773728 kB
Mapped:           746064 kB
Shmem:             24020 kB
KReclaimable:     517892 kB
Slab:             334004 kB
SReclaimable:     106188 kB
SUnreclaim:       227816 kB
KernelStack:       46064 kB
ShadowCallStack:   11552 kB
PageTables:        70224 kB
NFS_Unstable:          0 kB
Bounce:                0 kB
WritebackTmp:          0 kB
CommitLimit:     8677876 kB
Committed_AS:   67548008 kB
VmallocTotal:   263061440 kB
VmallocUsed:      128124 kB
VmallocChunk:          0 kB
Percpu:             2520 kB
CmaTotal:         405504 kB
CmaFree:               4 kB
MemTotal:        7918584 kB
MemFree:          636384 kB
MemAvailable:    2722012 kB
Buffers:          178340 kB
Cached:          1808456 kB
SwapCached:        17976 kB
Active:          3635192 kB
Inactive:        1125204 kB
Active(anon):    2695744 kB
Inactive(anon):   106684 kB
Active(file):     939448 kB
Inactive(file):  1018520 kB
Unevictable:        6544 kB
Mlocked:            6104 kB
SwapTotal:       4718584 kB
SwapFree:        4052512 kB
Dirty:             17952 kB
Writeback:            44 kB
AnonPages:       2774004 kB
Mapped:           746136 kB
Shmem:             24020 kB
KReclaimable:     517884 kB
Slab:             334056 kB
SReclaimable:     106188 kB
SUnreclaim:       227868 kB
KernelStack:       46080 kB
ShadowCallStack:   11548 kB
PageTables:        70164 kB
NFS_Unstable:          0 kB
Bounce:                0 kB
WritebackTmp:          0 kB
CommitLimit:     8677876 kB
Committed_AS:   67548136 kB
VmallocTotal:   263061440 kB
VmallocUsed:      128112 kB
VmallocChunk:          0 kB
Percpu:             2520 kB
CmaTotal:         405504 kB
CmaFree:               0 kB
MemTotal:        7918584 kB
MemFree:          623536 kB
MemAvailable:    2709012 kB
Buffers:          178340 kB
Cached:          1808456 kB
SwapCached:        17976 kB
Active:          3648068 kB
Inactive:        1125204 kB
Active(anon):    2708620 kB
Inactive(anon):   106684 kB
Active(file):     939448 kB
Inactive(file):  1018520 kB
Unevictable:        6544 kB
Mlocked:            6104 kB
SwapTotal:       4718584 kB
SwapFree:        4052512 kB
Dirty:             17984 kB
Writeback:             0 kB
AnonPages:       2786880 kB
Mapped:           746240 kB
Shmem:             24020 kB
KReclaimable:     517732 kB
Slab:             334048 kB
SReclaimable:     106188 kB
SUnreclaim:       227860 kB
KernelStack:       46064 kB
ShadowCallStack:   11556 kB
PageTables:        70328 kB
NFS_Unstable:          0 kB
Bounce:                0 kB
WritebackTmp:          0 kB
CommitLimit:     8677876 kB
Committed_AS:   67580904 kB
VmallocTotal:   263061440 kB
VmallocUsed:      128096 kB
VmallocChunk:          0 kB
Percpu:             2520 kB
CmaTotal:         405504 kB
CmaFree:               0 kB
MemTotal:        7918584 kB
MemFree:          592524 kB
MemAvailable:    2677536 kB
Buffers:          178340 kB
Cached:          1808456 kB
SwapCached:        17976 kB
Active:          3678552 kB
Inactive:        1125204 kB
Active(anon):    2739104 kB
Inactive(anon):   106684 kB
Active(file):     939448 kB
Inactive(file):  1018520 kB
Unevictable:        6544 kB
Mlocked:            6104 kB
SwapTotal:       4718584 kB
SwapFree:        4052512 kB
Dirty:             17984 kB
Writeback:             0 kB
AnonPages:       2817368 kB
Mapped:           746480 kB
Shmem:             24020 kB
KReclaimable:     517268 kB
Slab:             334152 kB
SReclaimable:     106188 kB
SUnreclaim:       227964 kB
KernelStack:       46080 kB
ShadowCallStack:   11552 kB
PageTables:        70396 kB
NFS_Unstable:          0 kB
Bounce:                0 kB
WritebackTmp:          0 kB
CommitLimit:     8677876 kB
Committed_AS:   67630080 kB
VmallocTotal:   263061440 kB
VmallocUsed:      128128 kB
VmallocChunk:          0 kB
Percpu:             2520 kB
CmaTotal:         405504 kB
CmaFree:               0 kB
MemTotal:        7918584 kB
MemFree:          599572 kB
MemAvailable:    2684584 kB
Buffers:          178340 kB
Cached:          1808308 kB
SwapCached:        17976 kB
Active:          3671548 kB
Inactive:        1125200 kB
Active(anon):    2732100 kB
Inactive(anon):   106680 kB
Active(file):     939448 kB
Inactive(file):  1018520 kB
Unevictable:        6544 kB
Mlocked:            6104 kB
SwapTotal:       4718584 kB
SwapFree:        4052512 kB
Dirty:             17996 kB
Writeback:             0 kB
AnonPages:       2810384 kB
Mapped:           741288 kB
Shmem:             23872 kB
KReclaimable:     517268 kB
Slab:             333964 kB
SReclaimable:     106188 kB
SUnreclaim:       227776 kB
KernelStack:       45840 kB
ShadowCallStack:   11492 kB
PageTables:        69724 kB
NFS_Unstable:          0 kB
Bounce:                0 kB
WritebackTmp:          0 kB
CommitLimit:     8677876 kB
Committed_AS:   66293876 kB
VmallocTotal:   263061440 kB
VmallocUsed:      127812 kB
VmallocChunk:          0 kB
Percpu:             2520 kB
CmaTotal:         405504 kB
CmaFree:               0 kB
MemTotal:        7918584 kB
MemFree:          572772 kB
MemAvailable:    2657412 kB
Buffers:          178368 kB
Cached:          1808308 kB
SwapCached:        17976 kB
Active:          3702256 kB
Inactive:        1125228 kB
Active(anon):    2762808 kB
Inactive(anon):   106680 kB
Active(file):     939448 kB
Inactive(file):  1018548 kB
Unevictable:        6544 kB
Mlocked:            6104 kB
SwapTotal:       4718584 kB
SwapFree:        4052512 kB
Dirty:             18012 kB
Writeback:             0 kB
AnonPages:       2840952 kB
Mapped:           741588 kB
Shmem:             23872 kB
KReclaimable:     516868 kB
Slab:             333960 kB
SReclaimable:     106188 kB
SUnreclaim:       227772 kB
KernelStack:       45840 kB
ShadowCallStack:   11492 kB
PageTables:        69832 kB
NFS_Unstable:          0 kB
Bounce:                0 kB
WritebackTmp:          0 kB
CommitLimit:     8677876 kB
Committed_AS:   66408564 kB
VmallocTotal:   263061440 kB
VmallocUsed:      127820 kB
VmallocChunk:          0 kB
Percpu:             2520 kB
CmaTotal:         405504 kB
CmaFree:              32 kB
MemTotal:        7918584 kB
MemFree:          559344 kB
MemAvailable:    2643772 kB
Buffers:          178372 kB
Cached:          1808324 kB
SwapCached:        17976 kB
Active:          3714376 kB
Inactive:        1125244 kB
Active(anon):    2774928 kB
Inactive(anon):   106684 kB
Active(file):     939448 kB
Inactive(file):  1018560 kB
Unevictable:        6544 kB
Mlocked:            6104 kB
SwapTotal:       4718584 kB
SwapFree:        4052512 kB
Dirty:               280 kB
Writeback:         16672 kB
AnonPages:       2853080 kB
Mapped:           741600 kB
Shmem:             23880 kB
KReclaimable:     516644 kB
Slab:             333944 kB
SReclaimable:     106188 kB
SUnreclaim:       227756 kB
KernelStack:       45824 kB
ShadowCallStack:   11488 kB
PageTables:        69836 kB
NFS_Unstable:          0 kB
Bounce:                0 kB
WritebackTmp:          0 kB
CommitLimit:     8677876 kB
Committed_AS:   66408572 kB
VmallocTotal:   263061440 kB
VmallocUsed:      127816 kB
VmallocChunk:          0 kB
Percpu:             2520 kB
CmaTotal:         405504 kB
CmaFree:               0 kB
MemTotal:        7918584 kB
MemFree:          530848 kB
MemAvailable:    2495428 kB
Buffers:          178372 kB
Cached:          1808348 kB
SwapCached:        17976 kB
Active:          3742540 kB
Inactive:        1125248 kB
Active(anon):    2803092 kB
Inactive(anon):   106688 kB
Active(file):     939448 kB
Inactive(file):  1018560 kB
Unevictable:        6544 kB
Mlocked:            6104 kB
SwapTotal:       4718584 kB
SwapFree:        4052512 kB
Dirty:               240 kB
Writeback:             0 kB
AnonPages:       2881300 kB
Mapped:           742072 kB
Shmem:             23904 kB
KReclaimable:     396796 kB
Slab:             333936 kB
SReclaimable:     106188 kB
SUnreclaim:       227748 kB
KernelStack:       45952 kB
ShadowCallStack:   11520 kB
PageTables:        69952 kB
NFS_Unstable:          0 kB
Bounce:                0 kB
WritebackTmp:          0 kB
CommitLimit:     8677876 kB
Committed_AS:   66408968 kB
VmallocTotal:   263061440 kB
VmallocUsed:      127936 kB
VmallocChunk:          0 kB
Percpu:             2520 kB
CmaTotal:         405504 kB
CmaFree:               0 kB
MemTotal:        7918584 kB
MemFree:          477912 kB
MemAvailable:    2440108 kB
Buffers:          178372 kB
Cached:          1808428 kB
SwapCached:        17976 kB
Active:          3794688 kB
Inactive:        1125244 kB
Active(anon):    2855240 kB
Inactive(anon):   106684 kB
Active(file):     939448 kB
Inactive(file):  1018560 kB
Unevictable:        6544 kB
Mlocked:            6104 kB
SwapTotal:       4718584 kB
SwapFree:        4052512 kB
Dirty:               240 kB
Writeback:             0 kB
AnonPages:       2933228 kB
Mapped:           742888 kB
Shmem:             23984 kB
KReclaimable:     394412 kB
Slab:             333916 kB
SReclaimable:     106188 kB
SUnreclaim:       227728 kB
KernelStack:       45952 kB
ShadowCallStack:   11520 kB
PageTables:        70176 kB
NFS_Unstable:          0 kB
Bounce:                0 kB
WritebackTmp:          0 kB
CommitLimit:     8677876 kB
Committed_AS:   66507276 kB
VmallocTotal:   263061440 kB
VmallocUsed:      128008 kB
VmallocChunk:          0 kB
Percpu:             2520 kB
CmaTotal:         405504 kB
CmaFree:               0 kB
MemTotal:        7918584 kB
MemFree:          515196 kB
MemAvailable:    2598968 kB
Buffers:          178372 kB
Cached:          1808324 kB
SwapCached:        17976 kB
Active:          3757264 kB
Inactive:        1125260 kB
Active(anon):    2817816 kB
Inactive(anon):   106688 kB
Active(file):     939448 kB
Inactive(file):  1018572 kB
Unevictable:        6544 kB
Mlocked:            6104 kB
SwapTotal:       4718584 kB
SwapFree:        4052512 kB
Dirty:               252 kB
Writeback:             0 kB
AnonPages:       2896116 kB
Mapped:           741968 kB
Shmem:             24040 kB
KReclaimable:     515976 kB
Slab:             333916 kB
SReclaimable:     106188 kB
SUnreclaim:       227728 kB
KernelStack:       45856 kB
ShadowCallStack:   11492 kB
PageTables:        70020 kB
NFS_Unstable:          0 kB
Bounce:                0 kB
WritebackTmp:          0 kB
CommitLimit:     8677876 kB
Committed_AS:   66506880 kB
VmallocTotal:   263061440 kB
VmallocUsed:      127816 kB
VmallocChunk:          0 kB
Percpu:             2520 kB
CmaTotal:         405504 kB
CmaFree:               0 kB
MemTotal:        7918584 kB
MemFree:          501028 kB
MemAvailable:    2584400 kB
Buffers:          178372 kB
Cached:          1808324 kB
SwapCached:        17976 kB
Active:          3772224 kB
Inactive:        1125244 kB
Active(anon):    2832776 kB
Inactive(anon):   106684 kB
Active(file):     939448 kB
Inactive(file):  1018560 kB
Unevictable:        6544 kB
Mlocked:            6104 kB
SwapTotal:       4718584 kB
SwapFree:        4052512 kB
Dirty:               128 kB
Writeback:             0 kB
AnonPages:       2910964 kB
Mapped:           742508 kB
Shmem:             23880 kB
KReclaimable:     515588 kB
Slab:             333928 kB
SReclaimable:     106188 kB
SUnreclaim:       227740 kB
KernelStack:       45840 kB
ShadowCallStack:   11484 kB
PageTables:        70116 kB
NFS_Unstable:          0 kB
Bounce:                0 kB
WritebackTmp:          0 kB
CommitLimit:     8677876 kB
Committed_AS:   66556024 kB
VmallocTotal:   263061440 kB
VmallocUsed:      127816 kB
VmallocChunk:          0 kB
Percpu:             2520 kB
CmaTotal:         405504 kB
CmaFree:               0 kB
MemTotal:        7918584 kB
MemFree:          472044 kB
MemAvailable:    2555140 kB
Buffers:          178376 kB
Cached:          1808328 kB
SwapCached:        17976 kB
Active:          3800808 kB
Inactive:        1125248 kB
Active(anon):    2861360 kB
Inactive(anon):   106684 kB
Active(file):     939448 kB
Inactive(file):  1018564 kB
Unevictable:        6544 kB
Mlocked:            6104 kB
SwapTotal:       4718584 kB
SwapFree:        4052512 kB
Dirty:               244 kB
Writeback:             0 kB
AnonPages:       2939504 kB
Mapped:           742684 kB
Shmem:             23884 kB
KReclaimable:     515308 kB
Slab:             333936 kB
SReclaimable:     106188 kB
SUnreclaim:       227748 kB
KernelStack:       45824 kB
ShadowCallStack:   11488 kB
PageTables:        70236 kB
NFS_Unstable:          0 kB
Bounce:                0 kB
WritebackTmp:          0 kB
CommitLimit:     8677876 kB
Committed_AS:   66605184 kB
VmallocTotal:   263061440 kB
VmallocUsed:      127820 kB
VmallocChunk:          0 kB
Percpu:             2520 kB
CmaTotal:         405504 kB
CmaFree:               0 kB
MemTotal:        7918584 kB
MemFree:          471240 kB
MemAvailable:    2554336 kB
Buffers:          178376 kB
Cached:          1808328 kB
SwapCached:        17976 kB
Active:          3801572 kB
Inactive:        1125244 kB
Active(anon):    2862124 kB
Inactive(anon):   106680 kB
Active(file):     939448 kB
Inactive(file):  1018564 kB
Unevictable:        6544 kB
Mlocked:            6104 kB
SwapTotal:       4718584 kB
SwapFree:        4052512 kB
Dirty:               244 kB
Writeback:             0 kB
AnonPages:       2940248 kB
Mapped:           742636 kB
Shmem:             23884 kB
KReclaimable:     515308 kB
Slab:             333868 kB
SReclaimable:     106188 kB
SUnreclaim:       227680 kB
KernelStack:       45856 kB
ShadowCallStack:   11492 kB
PageTables:        70460 kB
NFS_Unstable:          0 kB
Bounce:                0 kB
WritebackTmp:          0 kB
CommitLimit:     8677876 kB
Committed_AS:   66605180 kB
VmallocTotal:   263061440 kB
VmallocUsed:      127824 kB
VmallocChunk:          0 kB
Percpu:             2520 kB
CmaTotal:         405504 kB
CmaFree:               0 kB
MemTotal:        7918584 kB
MemFree:          440776 kB
MemAvailable:    2523472 kB
Buffers:          178376 kB
Cached:          1808328 kB
SwapCached:        17976 kB
Active:          3832784 kB
Inactive:        1125244 kB
Active(anon):    2893336 kB
Inactive(anon):   106680 kB
Active(file):     939448 kB
Inactive(file):  1018564 kB
Unevictable:        6544 kB
Mlocked:            6104 kB
SwapTotal:       4718584 kB
SwapFree:        4052512 kB
Dirty:               260 kB
Writeback:             0 kB
AnonPages:       2971352 kB
Mapped:           742748 kB
Shmem:             23884 kB
KReclaimable:     514908 kB
Slab:             333872 kB
SReclaimable:     106188 kB
SUnreclaim:       227684 kB
KernelStack:       45840 kB
ShadowCallStack:   11488 kB
PageTables:        70516 kB
NFS_Unstable:          0 kB
Bounce:                0 kB
WritebackTmp:          0 kB
CommitLimit:     8677876 kB
Committed_AS:   66703536 kB
VmallocTotal:   263061440 kB
VmallocUsed:      127836 kB
VmallocChunk:          0 kB
Percpu:             2520 kB
CmaTotal:         405504 kB
CmaFree:               0 kB
MemTotal:        7918584 kB
MemFree:          428636 kB
MemAvailable:    2511140 kB
Buffers:          178376 kB
Cached:          1808328 kB
SwapCached:        17976 kB
Active:          3843956 kB
Inactive:        1125244 kB
Active(anon):    2904508 kB
Inactive(anon):   106680 kB
Active(file):     939448 kB
Inactive(file):  1018564 kB
Unevictable:        6544 kB
Mlocked:            6104 kB
SwapTotal:       4718584 kB
SwapFree:        4052512 kB
Dirty:               308 kB
Writeback:             0 kB
AnonPages:       2982616 kB
Mapped:           743004 kB
Shmem:             23884 kB
KReclaimable:     514716 kB
Slab:             333888 kB
SReclaimable:     106188 kB
SUnreclaim:       227700 kB
KernelStack:       45824 kB
ShadowCallStack:   11492 kB
PageTables:        70432 kB
NFS_Unstable:          0 kB
Bounce:                0 kB
WritebackTmp:          0 kB
CommitLimit:     8677876 kB
Committed_AS:   66719920 kB
VmallocTotal:   263061440 kB
VmallocUsed:      127824 kB
VmallocChunk:          0 kB
Percpu:             2520 kB
CmaTotal:         405504 kB
CmaFree:              12 kB
MemTotal:        7918584 kB
MemFree:          428576 kB
MemAvailable:    2511080 kB
Buffers:          178376 kB
Cached:          1808328 kB
SwapCached:        17976 kB
Active:          3844600 kB
Inactive:        1125248 kB
Active(anon):    2905152 kB
Inactive(anon):   106684 kB
Active(file):     939448 kB
Inactive(file):  1018564 kB
Unevictable:        6544 kB
Mlocked:            6104 kB
SwapTotal:       4718584 kB
SwapFree:        4052512 kB
Dirty:               320 kB
Writeback:             0 kB
AnonPages:       2983324 kB
Mapped:           742960 kB
Shmem:             23884 kB
KReclaimable:     514716 kB
Slab:             333888 kB
SReclaimable:     106188 kB
SUnreclaim:       227700 kB
KernelStack:       45856 kB
ShadowCallStack:   11492 kB
PageTables:        70396 kB
NFS_Unstable:          0 kB
Bounce:                0 kB
WritebackTmp:          0 kB
CommitLimit:     8677876 kB
Committed_AS:   66719920 kB
VmallocTotal:   263061440 kB
VmallocUsed:      127836 kB
VmallocChunk:          0 kB
Percpu:             2520 kB
CmaTotal:         405504 kB
CmaFree:               0 kB
MemTotal:        7918584 kB
MemFree:          387608 kB
MemAvailable:    2469496 kB
Buffers:          178392 kB
Cached:          1808328 kB
SwapCached:        17976 kB
Active:          3884948 kB
Inactive:        1125260 kB
Active(anon):    2945500 kB
Inactive(anon):   106680 kB
Active(file):     939448 kB
Inactive(file):  1018580 kB
Unevictable:        6544 kB
Mlocked:            6104 kB
SwapTotal:       4718584 kB
SwapFree:        4052512 kB
Dirty:               392 kB
Writeback:             0 kB
AnonPages:       3023572 kB
Mapped:           743492 kB
Shmem:             23884 kB
KReclaimable:     514084 kB
Slab:             333904 kB
SReclaimable:     106188 kB
SUnreclaim:       227716 kB
KernelStack:       45840 kB
ShadowCallStack:   11496 kB
PageTables:        70656 kB
NFS_Unstable:          0 kB
Bounce:                0 kB
WritebackTmp:          0 kB
CommitLimit:     8677876 kB
Committed_AS:   66818172 kB
VmallocTotal:   263061440 kB
VmallocUsed:      127824 kB
VmallocChunk:          0 kB
Percpu:             2520 kB
CmaTotal:         405504 kB
CmaFree:               0 kB
MemTotal:        7918584 kB
MemFree:          385196 kB
MemAvailable:    2467016 kB
Buffers:          178392 kB
Cached:          1808332 kB
SwapCached:        17976 kB
Active:          3888024 kB
Inactive:        1125268 kB
Active(anon):    2948576 kB
Inactive(anon):   106684 kB
Active(file):     939448 kB
Inactive(file):  1018584 kB
Unevictable:        6544 kB
Mlocked:            6104 kB
SwapTotal:       4718584 kB
SwapFree:        4052512 kB
Dirty:               392 kB
Writeback:             0 kB
AnonPages:       3026764 kB
Mapped:           743460 kB
Shmem:             23884 kB
KReclaimable:     514012 kB
Slab:             333904 kB
SReclaimable:     106188 kB
SUnreclaim:       227716 kB
KernelStack:       45824 kB
ShadowCallStack:   11480 kB
PageTables:        70680 kB
NFS_Unstable:          0 kB
Bounce:                0 kB
WritebackTmp:          0 kB
CommitLimit:     8677876 kB
Committed_AS:   66818176 kB
VmallocTotal:   263061440 kB
VmallocUsed:      127816 kB
VmallocChunk:          0 kB
Percpu:             2520 kB
CmaTotal:         405504 kB
CmaFree:               0 kB
MemTotal:        7918584 kB
MemFree:          369700 kB
MemAvailable:    2451216 kB
Buffers:          178392 kB
Cached:          1808332 kB
SwapCached:        17976 kB
Active:          3902652 kB
Inactive:        1125264 kB
Active(anon):    2963204 kB
Inactive(anon):   106680 kB
Active(file):     939448 kB
Inactive(file):  1018584 kB
Unevictable:        6544 kB
Mlocked:            6104 kB
SwapTotal:       4718584 kB
SwapFree:        4052512 kB
Dirty:               392 kB
Writeback:             0 kB
AnonPages:       3041428 kB
Mapped:           743504 kB
Shmem:             23884 kB
KReclaimable:     513708 kB
Slab:             333952 kB
SReclaimable:     106188 kB
SUnreclaim:       227764 kB
KernelStack:       45824 kB
ShadowCallStack:   11492 kB
PageTables:        70860 kB
NFS_Unstable:          0 kB
Bounce:                0 kB
WritebackTmp:          0 kB
CommitLimit:     8677876 kB
Committed_AS:   66867324 kB
VmallocTotal:   263061440 kB
VmallocUsed:      127804 kB
VmallocChunk:          0 kB
Percpu:             2520 kB
CmaTotal:         405504 kB
CmaFree:               0 kB
MemTotal:        7918584 kB
MemFree:          343048 kB
MemAvailable:    2424188 kB
Buffers:          178392 kB
Cached:          1808332 kB
SwapCached:        17976 kB
Active:          3929372 kB
Inactive:        1125268 kB
Active(anon):    2989924 kB
Inactive(anon):   106684 kB
Active(file):     939448 kB
Inactive(file):  1018584 kB
Unevictable:        6544 kB
Mlocked:            6104 kB
SwapTotal:       4718584 kB
SwapFree:        4052512 kB
Dirty:               396 kB
Writeback:             0 kB
AnonPages:       3068084 kB
Mapped:           743900 kB
Shmem:             23884 kB
KReclaimable:     513332 kB
Slab:             333928 kB
SReclaimable:     106188 kB
SUnreclaim:       227740 kB
KernelStack:       45856 kB
ShadowCallStack:   11488 kB
PageTables:        71044 kB
NFS_Unstable:          0 kB
Bounce:                0 kB
WritebackTmp:          0 kB
CommitLimit:     8677876 kB
Committed_AS:   66932820 kB
VmallocTotal:   263061440 kB
VmallocUsed:      127800 kB
VmallocChunk:          0 kB
Percpu:             2520 kB
CmaTotal:         405504 kB
CmaFree:               0 kB
MemTotal:        7918584 kB
MemFree:          340712 kB
MemAvailable:    2421828 kB
Buffers:          178392 kB
Cached:          1808332 kB
SwapCached:        17976 kB
Active:          3929656 kB
Inactive:        1125268 kB
Active(anon):    2990208 kB
Inactive(anon):   106684 kB
Active(file):     939448 kB
Inactive(file):  1018584 kB
Unevictable:        6544 kB
Mlocked:            6104 kB
SwapTotal:       4718584 kB
SwapFree:        4052512 kB
Dirty:               400 kB
Writeback:             0 kB
AnonPages:       3068532 kB
Mapped:           743740 kB
Shmem:             23884 kB
KReclaimable:     513308 kB
Slab:             333928 kB
SReclaimable:     106188 kB
SUnreclaim:       227740 kB
KernelStack:       45776 kB
ShadowCallStack:   11480 kB
PageTables:        70884 kB
NFS_Unstable:          0 kB
Bounce:                0 kB
WritebackTmp:          0 kB
CommitLimit:     8677876 kB
Committed_AS:   66932816 kB
VmallocTotal:   263061440 kB
VmallocUsed:      127796 kB
VmallocChunk:          0 kB
Percpu:             2520 kB
CmaTotal:         405504 kB
CmaFree:               0 kB
MemTotal:        7918584 kB
MemFree:          308724 kB
MemAvailable:    2389544 kB
Buffers:          178400 kB
Cached:          1808396 kB
SwapCached:        17976 kB
Active:          3962028 kB
Inactive:        1125340 kB
Active(anon):    3022580 kB
Inactive(anon):   106684 kB
Active(file):     939448 kB
Inactive(file):  1018656 kB
Unevictable:        6544 kB
Mlocked:            6104 kB
SwapTotal:       4718584 kB
SwapFree:        4052512 kB
Dirty:               500 kB
Writeback:             0 kB
AnonPages:       3100960 kB
Mapped:           744092 kB
Shmem:             23884 kB
KReclaimable:     512940 kB
Slab:             333944 kB
SReclaimable:     106188 kB
SUnreclaim:       227756 kB
KernelStack:       45824 kB
ShadowCallStack:   11488 kB
PageTables:        71052 kB
NFS_Unstable:          0 kB
Bounce:                0 kB
WritebackTmp:          0 kB
CommitLimit:     8677876 kB
Committed_AS:   67014736 kB
VmallocTotal:   263061440 kB
VmallocUsed:      127776 kB
VmallocChunk:          0 kB
Percpu:             2520 kB
CmaTotal:         405504 kB
CmaFree:               0 kB
MemTotal:        7918584 kB
MemFree:          298088 kB
MemAvailable:    2378684 kB
Buffers:          178400 kB
Cached:          1808396 kB
SwapCached:        17976 kB
Active:          3972332 kB
Inactive:        1125344 kB
Active(anon):    3032884 kB
Inactive(anon):   106688 kB
Active(file):     939448 kB
Inactive(file):  1018656 kB
Unevictable:        6544 kB
Mlocked:            6104 kB
SwapTotal:       4718584 kB
SwapFree:        4052512 kB
Dirty:               500 kB
Writeback:             0 kB
AnonPages:       3111264 kB
Mapped:           744284 kB
Shmem:             23884 kB
KReclaimable:     512716 kB
Slab:             333952 kB
SReclaimable:     106188 kB
SUnreclaim:       227764 kB
KernelStack:       45840 kB
ShadowCallStack:   11480 kB
PageTables:        71100 kB
NFS_Unstable:          0 kB
Bounce:                0 kB
WritebackTmp:          0 kB
CommitLimit:     8677876 kB
Committed_AS:   67014736 kB
VmallocTotal:   263061440 kB
VmallocUsed:      127784 kB
VmallocChunk:          0 kB
Percpu:             2520 kB
CmaTotal:         405504 kB
CmaFree:               0 kB
MemTotal:        7918584 kB
MemFree:          298588 kB
MemAvailable:    2379184 kB
Buffers:          178400 kB
Cached:          1808396 kB
SwapCached:        17976 kB
Active:          3971116 kB
Inactive:        1125340 kB
Active(anon):    3031668 kB
Inactive(anon):   106684 kB
Active(file):     939448 kB
Inactive(file):  1018656 kB
Unevictable:        6544 kB
Mlocked:            6104 kB
SwapTotal:       4718584 kB
SwapFree:        4052512 kB
Dirty:               552 kB
Writeback:             0 kB
AnonPages:       3109956 kB
Mapped:           744168 kB
Shmem:             23884 kB
KReclaimable:     512716 kB
Slab:             333948 kB
SReclaimable:     106188 kB
SUnreclaim:       227760 kB
KernelStack:       45824 kB
ShadowCallStack:   11488 kB
PageTables:        71024 kB
NFS_Unstable:          0 kB
Bounce:                0 kB
WritebackTmp:          0 kB
CommitLimit:     8677876 kB
Committed_AS:   67014736 kB
VmallocTotal:   263061440 kB
VmallocUsed:      127796 kB
VmallocChunk:          0 kB
Percpu:             2520 kB
CmaTotal:         405504 kB
CmaFree:             248 kB
MemTotal:        7918584 kB
MemFree:          256724 kB
MemAvailable:    2336612 kB
Buffers:          178400 kB
Cached:          1808384 kB
SwapCached:        17976 kB
Active:          4013704 kB
Inactive:        1125324 kB
Active(anon):    3074256 kB
Inactive(anon):   106680 kB
Active(file):     939448 kB
Inactive(file):  1018644 kB
Unevictable:        6544 kB
Mlocked:            6104 kB
SwapTotal:       4718584 kB
SwapFree:        4052512 kB
Dirty:               572 kB
Writeback:             0 kB
AnonPages:       3152688 kB
Mapped:           744572 kB
Shmem:             23884 kB
KReclaimable:     512020 kB
Slab:             333972 kB
SReclaimable:     106188 kB
SUnreclaim:       227784 kB
KernelStack:       45808 kB
ShadowCallStack:   11488 kB
PageTables:        71336 kB
NFS_Unstable:          0 kB
Bounce:                0 kB
WritebackTmp:          0 kB
CommitLimit:     8677876 kB
Committed_AS:   67129424 kB
VmallocTotal:   263061440 kB
VmallocUsed:      127780 kB
VmallocChunk:          0 kB
Percpu:             2520 kB
CmaTotal:         405504 kB
CmaFree:               0 kB
MemTotal:        7918584 kB
MemFree:          256736 kB
MemAvailable:    2336636 kB
Buffers:          178400 kB
Cached:          1808396 kB
SwapCached:        17976 kB
Active:          4014032 kB
Inactive:        1125340 kB
Active(anon):    3074584 kB
Inactive(anon):   106684 kB
Active(file):     939448 kB
Inactive(file):  1018656 kB
Unevictable:        6544 kB
Mlocked:            6104 kB
SwapTotal:       4718584 kB
SwapFree:        4052512 kB
Dirty:               592 kB
Writeback:             0 kB
AnonPages:       3152832 kB
Mapped:           744604 kB
Shmem:             23884 kB
KReclaimable:     512020 kB
Slab:             333972 kB
SReclaimable:     106188 kB
SUnreclaim:       227784 kB
KernelStack:       45808 kB
ShadowCallStack:   11484 kB
PageTables:        71280 kB
NFS_Unstable:          0 kB
Bounce:                0 kB
WritebackTmp:          0 kB
CommitLimit:     8677876 kB
Committed_AS:   67129424 kB
VmallocTotal:   263061440 kB
VmallocUsed:      127760 kB
VmallocChunk:          0 kB
Percpu:             2520 kB
CmaTotal:         405504 kB
CmaFree:               0 kB
MemTotal:        7918584 kB
MemFree:          239300 kB
MemAvailable:    2318912 kB
Buffers:          178416 kB
Cached:          1808396 kB
SwapCached:        17976 kB
Active:          4031420 kB
Inactive:        1125356 kB
Active(anon):    3091972 kB
Inactive(anon):   106684 kB
Active(file):     939448 kB
Inactive(file):  1018672 kB
Unevictable:        6544 kB
Mlocked:            6104 kB
SwapTotal:       4718584 kB
SwapFree:        4052512 kB
Dirty:               560 kB
Writeback:             0 kB
AnonPages:       3170372 kB
Mapped:           744768 kB
Shmem:             23884 kB
KReclaimable:     511716 kB
Slab:             333980 kB
SReclaimable:     106188 kB
SUnreclaim:       227792 kB
KernelStack:       45728 kB
ShadowCallStack:   11476 kB
PageTables:        71260 kB
NFS_Unstable:          0 kB
Bounce:                0 kB
WritebackTmp:          0 kB
CommitLimit:     8677876 kB
Committed_AS:   67162140 kB
VmallocTotal:   263061440 kB
VmallocUsed:      127760 kB
VmallocChunk:          0 kB
Percpu:             2520 kB
CmaTotal:         405504 kB
CmaFree:               0 kB
MemTotal:        7918584 kB
MemFree:          242732 kB
MemAvailable:    2292532 kB
Buffers:          174004 kB
Cached:          1790928 kB
SwapCached:        17968 kB
Active:          4067332 kB
Inactive:        1093776 kB
Active(anon):    3126048 kB
Inactive(anon):    98824 kB
Active(file):     941284 kB
Inactive(file):   994952 kB
Unevictable:        6544 kB
Mlocked:            6104 kB
SwapTotal:       4718584 kB
SwapFree:        4052512 kB
Dirty:               560 kB
Writeback:             0 kB
AnonPages:       3196368 kB
Mapped:           744508 kB
Shmem:             23888 kB
KReclaimable:     503788 kB
Slab:             332096 kB
SReclaimable:     104300 kB
SUnreclaim:       227796 kB
KernelStack:       45792 kB
ShadowCallStack:   11480 kB
PageTables:        71408 kB
NFS_Unstable:          0 kB
Bounce:                0 kB
WritebackTmp:          0 kB
CommitLimit:     8677876 kB
Committed_AS:   67227684 kB
VmallocTotal:   263061440 kB
VmallocUsed:      127756 kB
VmallocChunk:          0 kB
Percpu:             2520 kB
CmaTotal:         405504 kB
CmaFree:               8 kB
MemTotal:        7918584 kB
MemFree:          241612 kB
MemAvailable:    2291448 kB
Buffers:          174008 kB
Cached:          1790960 kB
SwapCached:        17968 kB
Active:          4067796 kB
Inactive:        1093784 kB
Active(anon):    3126480 kB
Inactive(anon):    98828 kB
Active(file):     941316 kB
Inactive(file):   994956 kB
Unevictable:        6544 kB
Mlocked:            6104 kB
SwapTotal:       4718584 kB
SwapFree:        4052512 kB
Dirty:               560 kB
Writeback:             0 kB
AnonPages:       3196824 kB
Mapped:           744372 kB
Shmem:             23888 kB
KReclaimable:     503788 kB
Slab:             332096 kB
SReclaimable:     104300 kB
SUnreclaim:       227796 kB
KernelStack:       45776 kB
ShadowCallStack:   11488 kB
PageTables:        71424 kB
NFS_Unstable:          0 kB
Bounce:                0 kB
WritebackTmp:          0 kB
CommitLimit:     8677876 kB
Committed_AS:   67227688 kB
VmallocTotal:   263061440 kB
VmallocUsed:      127764 kB
VmallocChunk:          0 kB
Percpu:             2520 kB
CmaTotal:         405504 kB
CmaFree:               8 kB
MemTotal:        7918584 kB
MemFree:          228080 kB
MemAvailable:    2119480 kB
Buffers:          165168 kB
Cached:          1764292 kB
SwapCached:        17968 kB
Active:          4126364 kB
Inactive:        1070296 kB
Active(anon):    3197212 kB
Inactive(anon):    98832 kB
Active(file):     929152 kB
Inactive(file):   971464 kB
Unevictable:        6544 kB
Mlocked:            6104 kB
SwapTotal:       4718584 kB
SwapFree:        4052512 kB
Dirty:               568 kB
Writeback:             0 kB
AnonPages:       3267448 kB
Mapped:           745176 kB
Shmem:             23952 kB
KReclaimable:     381008 kB
Slab:             330548 kB
SReclaimable:     102768 kB
SUnreclaim:       227780 kB
KernelStack:       45920 kB
ShadowCallStack:   11516 kB
PageTables:        71708 kB
NFS_Unstable:          0 kB
Bounce:                0 kB
WritebackTmp:          0 kB
CommitLimit:     8677876 kB
Committed_AS:   67326392 kB
VmallocTotal:   263061440 kB
VmallocUsed:      127948 kB
VmallocChunk:          0 kB
Percpu:             2520 kB
CmaTotal:         405504 kB
CmaFree:             304 kB
MemTotal:        7918584 kB
MemFree:          270984 kB
MemAvailable:    2266980 kB
Buffers:          158056 kB
Cached:          1756324 kB
SwapCached:        17968 kB
Active:          4099052 kB
Inactive:        1055368 kB
Active(anon):    3169900 kB
Inactive(anon):    98832 kB
Active(file):     929152 kB
Inactive(file):   956536 kB
Unevictable:        6544 kB
Mlocked:            6104 kB
SwapTotal:       4718584 kB
SwapFree:        4052512 kB
Dirty:               576 kB
Writeback:             0 kB
AnonPages:       3240108 kB
Mapped:           744676 kB
Shmem:             23880 kB
KReclaimable:     500532 kB
Slab:             330432 kB
SReclaimable:     102644 kB
SUnreclaim:       227788 kB
KernelStack:       45840 kB
ShadowCallStack:   11508 kB
PageTables:        71704 kB
NFS_Unstable:          0 kB
Bounce:                0 kB
WritebackTmp:          0 kB
CommitLimit:     8677876 kB
Committed_AS:   67325988 kB
VmallocTotal:   263061440 kB
VmallocUsed:      127796 kB
VmallocChunk:          0 kB
Percpu:             2520 kB
CmaTotal:         405504 kB
CmaFree:             112 kB
MemTotal:        7918584 kB
MemFree:          271272 kB
MemAvailable:    2267624 kB
Buffers:          158060 kB
Cached:          1756488 kB
SwapCached:        17968 kB
Active:          4099208 kB
Inactive:        1055524 kB
Active(anon):    3170056 kB
Inactive(anon):    98824 kB
Active(file):     929152 kB
Inactive(file):   956700 kB
Unevictable:        6544 kB
Mlocked:            6104 kB
SwapTotal:       4718584 kB
SwapFree:        4052512 kB
Dirty:               596 kB
Writeback:             0 kB
AnonPages:       3240368 kB
Mapped:           744548 kB
Shmem:             23888 kB
KReclaimable:     500724 kB
Slab:             330432 kB
SReclaimable:     102644 kB
SUnreclaim:       227788 kB
KernelStack:       45824 kB
ShadowCallStack:   11492 kB
PageTables:        71600 kB
NFS_Unstable:          0 kB
Bounce:                0 kB
WritebackTmp:          0 kB
CommitLimit:     8677876 kB
Committed_AS:   67325988 kB
VmallocTotal:   263061440 kB
VmallocUsed:      127796 kB
VmallocChunk:          0 kB
Percpu:             2520 kB
CmaTotal:         405504 kB
CmaFree:             188 kB
MemTotal:        7918584 kB
MemFree:          230456 kB
MemAvailable:    2226280 kB
Buffers:          158068 kB
Cached:          1756488 kB
SwapCached:        17968 kB
Active:          4139620 kB
Inactive:        1055540 kB
Active(anon):    3210468 kB
Inactive(anon):    98832 kB
Active(file):     929152 kB
Inactive(file):   956708 kB
Unevictable:        6544 kB
Mlocked:            6104 kB
SwapTotal:       4718584 kB
SwapFree:        4052512 kB
Dirty:                28 kB
Writeback:             0 kB
AnonPages:       3280728 kB
Mapped:           744952 kB
Shmem:             23888 kB
KReclaimable:     500188 kB
Slab:             330392 kB
SReclaimable:     102644 kB
SUnreclaim:       227748 kB
KernelStack:       45760 kB
ShadowCallStack:   11472 kB
PageTables:        71848 kB
NFS_Unstable:          0 kB
Bounce:                0 kB
WritebackTmp:          0 kB
CommitLimit:     8677876 kB
Committed_AS:   67440520 kB
VmallocTotal:   263061440 kB
VmallocUsed:      127756 kB
VmallocChunk:          0 kB
Percpu:             2520 kB
CmaTotal:         405504 kB
CmaFree:             204 kB
MemTotal:        7918584 kB
MemFree:          228228 kB
MemAvailable:    2224020 kB
Buffers:          158068 kB
Cached:          1756488 kB
SwapCached:        17968 kB
Active:          4142572 kB
Inactive:        1055536 kB
Active(anon):    3213420 kB
Inactive(anon):    98828 kB
Active(file):     929152 kB
Inactive(file):   956708 kB
Unevictable:        6544 kB
Mlocked:            6104 kB
SwapTotal:       4718584 kB
SwapFree:        4052512 kB
Dirty:                28 kB
Writeback:             0 kB
AnonPages:       3283748 kB
Mapped:           744984 kB
Shmem:             23888 kB
KReclaimable:     500156 kB
Slab:             330388 kB
SReclaimable:     102644 kB
SUnreclaim:       227744 kB
KernelStack:       45760 kB
ShadowCallStack:   11468 kB
PageTables:        71824 kB
NFS_Unstable:          0 kB
Bounce:                0 kB
WritebackTmp:          0 kB
CommitLimit:     8677876 kB
Committed_AS:   67440468 kB
VmallocTotal:   263061440 kB
VmallocUsed:      127720 kB
VmallocChunk:          0 kB
Percpu:             2520 kB
CmaTotal:         405504 kB
CmaFree:              44 kB
MemTotal:        7918584 kB
MemFree:          230888 kB
MemAvailable:    2213240 kB
Buffers:          153676 kB
Cached:          1749396 kB
SwapCached:        17968 kB
Active:          4153036 kB
Inactive:        1044020 kB
Active(anon):    3223848 kB
Inactive(anon):    98832 kB
Active(file):     929188 kB
Inactive(file):   945188 kB
Unevictable:        6544 kB
Mlocked:            6104 kB
SwapTotal:       4718584 kB
SwapFree:        4052512 kB
Dirty:                28 kB
Writeback:             0 kB
AnonPages:       3294324 kB
Mapped:           745132 kB
Shmem:             23888 kB
KReclaimable:     498200 kB
Slab:             330272 kB
SReclaimable:     102520 kB
SUnreclaim:       227752 kB
KernelStack:       45696 kB
ShadowCallStack:   11460 kB
PageTables:        71948 kB
NFS_Unstable:          0 kB
Bounce:                0 kB
WritebackTmp:          0 kB
CommitLimit:     8677876 kB
Committed_AS:   67473028 kB
VmallocTotal:   263061440 kB
VmallocUsed:      127624 kB
VmallocChunk:          0 kB
Percpu:             2520 kB
CmaTotal:         405504 kB
CmaFree:               0 kB
MemTotal:        7918584 kB
MemFree:          229352 kB
MemAvailable:    2182004 kB
Buffers:          136564 kB
Cached:          1741048 kB
SwapCached:        17968 kB
Active:          4185536 kB
Inactive:        1018484 kB
Active(anon):    3256280 kB
Inactive(anon):    98824 kB
Active(file):     929256 kB
Inactive(file):   919660 kB
Unevictable:        6544 kB
Mlocked:            6104 kB
SwapTotal:       4718584 kB
SwapFree:        4052512 kB
Dirty:                56 kB
Writeback:             0 kB
AnonPages:       3326404 kB
Mapped:           745460 kB
Shmem:             23888 kB
KReclaimable:     493960 kB
Slab:             329920 kB
SReclaimable:     102160 kB
SUnreclaim:       227760 kB
KernelStack:       45664 kB
ShadowCallStack:   11460 kB
PageTables:        71872 kB
NFS_Unstable:          0 kB
Bounce:                0 kB
WritebackTmp:          0 kB
CommitLimit:     8677876 kB
Committed_AS:   67538512 kB
VmallocTotal:   263061440 kB
VmallocUsed:      127588 kB
VmallocChunk:          0 kB
Percpu:             2520 kB
CmaTotal:         405504 kB
CmaFree:               0 kB
MemTotal:        7918584 kB
MemFree:          228528 kB
MemAvailable:    2181036 kB
Buffers:          136580 kB
Cached:          1741080 kB
SwapCached:        17968 kB
Active:          4185080 kB
Inactive:        1018492 kB
Active(anon):    3255780 kB
Inactive(anon):    98828 kB
Active(file):     929300 kB
Inactive(file):   919664 kB
Unevictable:        6544 kB
Mlocked:            6104 kB
SwapTotal:       4718584 kB
SwapFree:        4052512 kB
Dirty:               136 kB
Writeback:             0 kB
AnonPages:       3326056 kB
Mapped:           745288 kB
Shmem:             23888 kB
KReclaimable:     493768 kB
Slab:             329888 kB
SReclaimable:     102128 kB
SUnreclaim:       227760 kB
KernelStack:       45680 kB
ShadowCallStack:   11452 kB
PageTables:        72160 kB
NFS_Unstable:          0 kB
Bounce:                0 kB
WritebackTmp:          0 kB
CommitLimit:     8677876 kB
Committed_AS:   67538512 kB
VmallocTotal:   263061440 kB
VmallocUsed:      127620 kB
VmallocChunk:          0 kB
Percpu:             2520 kB
CmaTotal:         405504 kB
CmaFree:              12 kB
MemTotal:        7918584 kB
MemFree:          227388 kB
MemAvailable:    2139556 kB
Buffers:          136580 kB
Cached:          1706524 kB
SwapCached:        17968 kB
Active:          4226088 kB
Inactive:         984000 kB
Active(anon):    3296788 kB
Inactive(anon):    98832 kB
Active(file):     929300 kB
Inactive(file):   885168 kB
Unevictable:        6544 kB
Mlocked:            6104 kB
SwapTotal:       4718584 kB
SwapFree:        4052512 kB
Dirty:               136 kB
Writeback:             0 kB
AnonPages:       3366940 kB
Mapped:           745656 kB
Shmem:             23888 kB
KReclaimable:     487924 kB
Slab:             329084 kB
SReclaimable:     101316 kB
SUnreclaim:       227768 kB
KernelStack:       45648 kB
ShadowCallStack:   11440 kB
PageTables:        72280 kB
NFS_Unstable:          0 kB
Bounce:                0 kB
WritebackTmp:          0 kB
CommitLimit:     8677876 kB
Committed_AS:   67636608 kB
VmallocTotal:   263061440 kB
VmallocUsed:      127540 kB
VmallocChunk:          0 kB
Percpu:             2520 kB
CmaTotal:         405504 kB
CmaFree:               0 kB
MemTotal:        7918584 kB
MemFree:          231388 kB
MemAvailable:    2138736 kB
Buffers:          136580 kB
Cached:          1702688 kB
SwapCached:        17968 kB
Active:          4226444 kB
Inactive:         980100 kB
Active(anon):    3297144 kB
Inactive(anon):    98832 kB
Active(file):     929300 kB
Inactive(file):   881268 kB
Unevictable:        6544 kB
Mlocked:            6104 kB
SwapTotal:       4718584 kB
SwapFree:        4052512 kB
Dirty:               136 kB
Writeback:             0 kB
AnonPages:       3367424 kB
Mapped:           745748 kB
Shmem:             23892 kB
KReclaimable:     487004 kB
Slab:             328956 kB
SReclaimable:     101172 kB
SUnreclaim:       227784 kB
KernelStack:       45552 kB
ShadowCallStack:   11420 kB
PageTables:        72120 kB
NFS_Unstable:          0 kB
Bounce:                0 kB
WritebackTmp:          0 kB
CommitLimit:     8677876 kB
Committed_AS:   67636508 kB
VmallocTotal:   263061440 kB
VmallocUsed:      127484 kB
VmallocChunk:          0 kB
Percpu:             2520 kB
CmaTotal:         405504 kB
CmaFree:               0 kB
MemTotal:        7918584 kB
MemFree:          231468 kB
MemAvailable:    2138872 kB
Buffers:          136660 kB
Cached:          1702664 kB
SwapCached:        17968 kB
Active:          4226576 kB
Inactive:         980152 kB
Active(anon):    3297276 kB
Inactive(anon):    98828 kB
Active(file):     929300 kB
Inactive(file):   881324 kB
Unevictable:        6544 kB
Mlocked:            6104 kB
SwapTotal:       4718584 kB
SwapFree:        4052512 kB
Dirty:               212 kB
Writeback:             0 kB
AnonPages:       3367472 kB
Mapped:           745664 kB
Shmem:             23892 kB
KReclaimable:     487004 kB
Slab:             328956 kB
SReclaimable:     101172 kB
SUnreclaim:       227784 kB
KernelStack:       45616 kB
ShadowCallStack:   11416 kB
PageTables:        72216 kB
NFS_Unstable:          0 kB
Bounce:                0 kB
WritebackTmp:          0 kB
CommitLimit:     8677876 kB
Committed_AS:   67636460 kB
VmallocTotal:   263061440 kB
VmallocUsed:      127476 kB
VmallocChunk:          0 kB
Percpu:             2520 kB
CmaTotal:         405504 kB
CmaFree:               0 kB
MemTotal:        7918584 kB
MemFree:          229380 kB
MemAvailable:    2096356 kB
Buffers:          125228 kB
Cached:          1679704 kB
SwapCached:        17968 kB
Active:          4270304 kB
Inactive:         944060 kB
Active(anon):    3339300 kB
Inactive(anon):    98832 kB
Active(file):     931004 kB
Inactive(file):   845228 kB
Unevictable:        6544 kB
Mlocked:            6104 kB
SwapTotal:       4718584 kB
SwapFree:        4052512 kB
Dirty:               124 kB
Writeback:             0 kB
AnonPages:       3409600 kB
Mapped:           741096 kB
Shmem:             23892 kB
KReclaimable:     480968 kB
Slab:             328136 kB
SReclaimable:     100368 kB
SUnreclaim:       227768 kB
KernelStack:       45536 kB
ShadowCallStack:   11428 kB
PageTables:        72304 kB
NFS_Unstable:          0 kB
Bounce:                0 kB
WritebackTmp:          0 kB
CommitLimit:     8677876 kB
Committed_AS:   67718380 kB
VmallocTotal:   263061440 kB
VmallocUsed:      127480 kB
VmallocChunk:          0 kB
Percpu:             2520 kB
CmaTotal:         405504 kB
CmaFree:               0 kB
MemTotal:        7918584 kB
MemFree:          229064 kB
MemAvailable:    2096068 kB
Buffers:          125236 kB
Cached:          1679720 kB
SwapCached:        17968 kB
Active:          4270964 kB
Inactive:         944084 kB
Active(anon):    3339960 kB
Inactive(anon):    98832 kB
Active(file):     931004 kB
Inactive(file):   845252 kB
Unevictable:        6544 kB
Mlocked:            6104 kB
SwapTotal:       4718584 kB
SwapFree:        4052512 kB
Dirty:               192 kB
Writeback:             0 kB
AnonPages:       3410328 kB
Mapped:           740952 kB
Shmem:             23892 kB
KReclaimable:     480972 kB
Slab:             328136 kB
SReclaimable:     100368 kB
SUnreclaim:       227768 kB
KernelStack:       45568 kB
ShadowCallStack:   11424 kB
PageTables:        72452 kB
NFS_Unstable:          0 kB
Bounce:                0 kB
WritebackTmp:          0 kB
CommitLimit:     8677876 kB
Committed_AS:   67718376 kB
VmallocTotal:   263061440 kB
VmallocUsed:      127460 kB
VmallocChunk:          0 kB
Percpu:             2520 kB
CmaTotal:         405504 kB
CmaFree:             188 kB
MemTotal:        7918584 kB
MemFree:          230412 kB
MemAvailable:    2078460 kB
Buffers:          117080 kB
Cached:          1671300 kB
SwapCached:        17968 kB
Active:          4287936 kB
Inactive:         927436 kB
Active(anon):    3356860 kB
Inactive(anon):    98832 kB
Active(file):     931076 kB
Inactive(file):   828604 kB
Unevictable:        6544 kB
Mlocked:            6104 kB
SwapTotal:       4718584 kB
SwapFree:        4052512 kB
Dirty:               192 kB
Writeback:             0 kB
AnonPages:       3427160 kB
Mapped:           741184 kB
Shmem:             23892 kB
KReclaimable:     478592 kB
Slab:             327964 kB
SReclaimable:     100188 kB
SUnreclaim:       227776 kB
KernelStack:       45536 kB
ShadowCallStack:   11424 kB
PageTables:        72536 kB
NFS_Unstable:          0 kB
Bounce:                0 kB
WritebackTmp:          0 kB
CommitLimit:     8677876 kB
Committed_AS:   67767532 kB
VmallocTotal:   263061440 kB
VmallocUsed:      127456 kB
VmallocChunk:          0 kB
Percpu:             2520 kB
CmaTotal:         405504 kB
CmaFree:               0 kB
MemTotal:        7918584 kB
MemFree:          227976 kB
MemAvailable:    2046440 kB
Buffers:          106392 kB
Cached:          1657220 kB
SwapCached:        17968 kB
Active:          4320348 kB
Inactive:         902632 kB
Active(anon):    3389272 kB
Inactive(anon):    98832 kB
Active(file):     931076 kB
Inactive(file):   803800 kB
Unevictable:        6544 kB
Mlocked:            6104 kB
SwapTotal:       4718584 kB
SwapFree:        4052512 kB
Dirty:               728 kB
Writeback:             0 kB
AnonPages:       3459596 kB
Mapped:           741504 kB
Shmem:             23928 kB
KReclaimable:     473812 kB
Slab:             327336 kB
SReclaimable:      99536 kB
SUnreclaim:       227800 kB
KernelStack:       45984 kB
ShadowCallStack:   11528 kB
PageTables:        72720 kB
NFS_Unstable:          0 kB
Bounce:                0 kB
WritebackTmp:          0 kB
CommitLimit:     8677876 kB
Committed_AS:   67818120 kB
VmallocTotal:   263061440 kB
VmallocUsed:      127988 kB
VmallocChunk:          0 kB
Percpu:             2520 kB
CmaTotal:         405504 kB
CmaFree:               0 kB
MemTotal:        7918584 kB
MemFree:          229284 kB
MemAvailable:    2043536 kB
Buffers:          104988 kB
Cached:          1654936 kB
SwapCached:        17968 kB
Active:          4322452 kB
Inactive:         898948 kB
Active(anon):    3391376 kB
Inactive(anon):    98836 kB
Active(file):     931076 kB
Inactive(file):   800112 kB
Unevictable:        6544 kB
Mlocked:            6104 kB
SwapTotal:       4718584 kB
SwapFree:        4052512 kB
Dirty:               776 kB
Writeback:             0 kB
AnonPages:       3461680 kB
Mapped:           741476 kB
Shmem:             23928 kB
KReclaimable:     473288 kB
Slab:             327324 kB
SReclaimable:      99524 kB
SUnreclaim:       227800 kB
KernelStack:       46048 kB
ShadowCallStack:   11536 kB
PageTables:        72676 kB
NFS_Unstable:          0 kB
Bounce:                0 kB
WritebackTmp:          0 kB
CommitLimit:     8677876 kB
Committed_AS:   67818172 kB
VmallocTotal:   263061440 kB
VmallocUsed:      128016 kB
VmallocChunk:          0 kB
Percpu:             2520 kB
CmaTotal:         405504 kB
CmaFree:               0 kB
MemTotal:        7918584 kB
MemFree:          230484 kB
MemAvailable:    2007880 kB
Buffers:           92620 kB
Cached:          1635492 kB
SwapCached:        17968 kB
Active:          4356548 kB
Inactive:         867068 kB
Active(anon):    3425472 kB
Inactive(anon):    98832 kB
Active(file):     931076 kB
Inactive(file):   768236 kB
Unevictable:        6544 kB
Mlocked:            6104 kB
SwapTotal:       4718584 kB
SwapFree:        4052512 kB
Dirty:               812 kB
Writeback:             0 kB
AnonPages:       3495792 kB
Mapped:           741720 kB
Shmem:             23928 kB
KReclaimable:     468308 kB
Slab:             326860 kB
SReclaimable:      99040 kB
SUnreclaim:       227820 kB
KernelStack:       46016 kB
ShadowCallStack:   11528 kB
PageTables:        72588 kB
NFS_Unstable:          0 kB
Bounce:                0 kB
WritebackTmp:          0 kB
CommitLimit:     8677876 kB
Committed_AS:   67900092 kB
VmallocTotal:   263061440 kB
VmallocUsed:      128040 kB
VmallocChunk:          0 kB
Percpu:             2520 kB
CmaTotal:         405504 kB
CmaFree:               0 kB
MemTotal:        7918584 kB
MemFree:          227572 kB
MemAvailable:    1998936 kB
Buffers:           90540 kB
Cached:          1632324 kB
SwapCached:        17968 kB
Active:          4366156 kB
Inactive:         861804 kB
Active(anon):    3435000 kB
Inactive(anon):    98832 kB
Active(file):     931156 kB
Inactive(file):   762972 kB
Unevictable:        6544 kB
Mlocked:            6104 kB
SwapTotal:       4718584 kB
SwapFree:        4052512 kB
Dirty:               876 kB
Writeback:             0 kB
AnonPages:       3505324 kB
Mapped:           741780 kB
Shmem:             23928 kB
KReclaimable:     467460 kB
Slab:             326708 kB
SReclaimable:      98888 kB
SUnreclaim:       227820 kB
KernelStack:       46016 kB
ShadowCallStack:   11536 kB
PageTables:        72896 kB
NFS_Unstable:          0 kB
Bounce:                0 kB
WritebackTmp:          0 kB
CommitLimit:     8677876 kB
Committed_AS:   67916484 kB
VmallocTotal:   263061440 kB
VmallocUsed:      128048 kB
VmallocChunk:          0 kB
Percpu:             2520 kB
CmaTotal:         405504 kB
CmaFree:               0 kB
MemTotal:        7918584 kB
MemFree:          230848 kB
MemAvailable:    1997680 kB
Buffers:           88932 kB
Cached:          1630092 kB
SwapCached:        17968 kB
Active:          4366656 kB
Inactive:         857968 kB
Active(anon):    3435500 kB
Inactive(anon):    98836 kB
Active(file):     931156 kB
Inactive(file):   759132 kB
Unevictable:        6544 kB
Mlocked:            6104 kB
SwapTotal:       4718584 kB
SwapFree:        4052512 kB
Dirty:               876 kB
Writeback:             0 kB
AnonPages:       3505928 kB
Mapped:           741748 kB
Shmem:             23928 kB
KReclaimable:     466768 kB
Slab:             326528 kB
SReclaimable:      98708 kB
SUnreclaim:       227820 kB
KernelStack:       45968 kB
ShadowCallStack:   11528 kB
PageTables:        72912 kB
NFS_Unstable:          0 kB
Bounce:                0 kB
WritebackTmp:          0 kB
CommitLimit:     8677876 kB
Committed_AS:   67916480 kB
VmallocTotal:   263061440 kB
VmallocUsed:      128044 kB
VmallocChunk:          0 kB
Percpu:             2520 kB
CmaTotal:         405504 kB
CmaFree:               0 kB
MemTotal:        7918584 kB
MemFree:          228424 kB
MemAvailable:    1953272 kB
Buffers:           60912 kB
Cached:          1622344 kB
SwapCached:        17968 kB
Active:          4409484 kB
Inactive:         822112 kB
Active(anon):    3478248 kB
Inactive(anon):    98828 kB
Active(file):     931236 kB
Inactive(file):   723284 kB
Unevictable:        6544 kB
Mlocked:            6104 kB
SwapTotal:       4718584 kB
SwapFree:        4052512 kB
Dirty:               876 kB
Writeback:             0 kB
AnonPages:       3548500 kB
Mapped:           742172 kB
Shmem:             23928 kB
KReclaimable:     460552 kB
Slab:             325720 kB
SReclaimable:      97884 kB
SUnreclaim:       227836 kB
KernelStack:       46016 kB
ShadowCallStack:   11536 kB
PageTables:        73168 kB
NFS_Unstable:          0 kB
Bounce:                0 kB
WritebackTmp:          0 kB
CommitLimit:     8677876 kB
Committed_AS:   68015808 kB
VmallocTotal:   263061440 kB
VmallocUsed:      128044 kB
VmallocChunk:          0 kB
Percpu:             2520 kB
CmaTotal:         405504 kB
CmaFree:               0 kB
MemTotal:        7918584 kB
MemFree:          227508 kB
MemAvailable:    1952356 kB
Buffers:           60912 kB
Cached:          1622344 kB
SwapCached:        17968 kB
Active:          4409856 kB
Inactive:         822112 kB
Active(anon):    3478620 kB
Inactive(anon):    98828 kB
Active(file):     931236 kB
Inactive(file):   723284 kB
Unevictable:        6544 kB
Mlocked:            6104 kB
SwapTotal:       4718584 kB
SwapFree:        4052512 kB
Dirty:               876 kB
Writeback:             0 kB
AnonPages:       3548904 kB
Mapped:           742052 kB
Shmem:             23928 kB
KReclaimable:     460552 kB
Slab:             325720 kB
SReclaimable:      97884 kB
SUnreclaim:       227836 kB
KernelStack:       46000 kB
ShadowCallStack:   11520 kB
PageTables:        73220 kB
NFS_Unstable:          0 kB
Bounce:                0 kB
WritebackTmp:          0 kB
CommitLimit:     8677876 kB
Committed_AS:   68015808 kB
VmallocTotal:   263061440 kB
VmallocUsed:      128032 kB
VmallocChunk:          0 kB
Percpu:             2520 kB
CmaTotal:         405504 kB
CmaFree:               0 kB
MemTotal:        7918584 kB
MemFree:          228236 kB
MemAvailable:    1779408 kB
Buffers:           42396 kB
Cached:          1591176 kB
SwapCached:        17968 kB
Active:          4462248 kB
Inactive:         772292 kB
Active(anon):    3530932 kB
Inactive(anon):    98832 kB
Active(file):     931316 kB
Inactive(file):   673460 kB
Unevictable:        6544 kB
Mlocked:            6104 kB
SwapTotal:       4718584 kB
SwapFree:        4052768 kB
Dirty:               176 kB
Writeback:             0 kB
AnonPages:       3601196 kB
Mapped:           742740 kB
Shmem:             23972 kB
KReclaimable:     336620 kB
Slab:             324744 kB
SReclaimable:      96888 kB
SUnreclaim:       227856 kB
KernelStack:       46096 kB
ShadowCallStack:   11544 kB
PageTables:        72976 kB
NFS_Unstable:          0 kB
Bounce:                0 kB
WritebackTmp:          0 kB
CommitLimit:     8677876 kB
Committed_AS:   68048972 kB
VmallocTotal:   263061440 kB
VmallocUsed:      128180 kB
VmallocChunk:          0 kB
Percpu:             2520 kB
CmaTotal:         405504 kB
CmaFree:               0 kB
MemTotal:        7918584 kB
MemFree:          227984 kB
MemAvailable:    1751500 kB
Buffers:           34056 kB
Cached:          1575212 kB
SwapCached:        17968 kB
Active:          4490336 kB
Inactive:         747884 kB
Active(anon):    3559020 kB
Inactive(anon):    98828 kB
Active(file):     931316 kB
Inactive(file):   649056 kB
Unevictable:        6544 kB
Mlocked:            6104 kB
SwapTotal:       4718584 kB
SwapFree:        4052768 kB
Dirty:               140 kB
Writeback:             0 kB
AnonPages:       3629504 kB
Mapped:           743328 kB
Shmem:             24088 kB
KReclaimable:     333368 kB
Slab:             324072 kB
SReclaimable:      96196 kB
SUnreclaim:       227876 kB
KernelStack:       46128 kB
ShadowCallStack:   11568 kB
PageTables:        73396 kB
NFS_Unstable:          0 kB
Bounce:                0 kB
WritebackTmp:          0 kB
CommitLimit:     8677876 kB
Committed_AS:   68130892 kB
VmallocTotal:   263061440 kB
VmallocUsed:      128220 kB
VmallocChunk:          0 kB
Percpu:             2520 kB
CmaTotal:         405504 kB
CmaFree:               0 kB
MemTotal:        7918584 kB
MemFree:          265240 kB
MemAvailable:    1910340 kB
Buffers:           34064 kB
Cached:          1575052 kB
SwapCached:        17968 kB
Active:          4452052 kB
Inactive:         747888 kB
Active(anon):    3520736 kB
Inactive(anon):    98824 kB
Active(file):     931316 kB
Inactive(file):   649064 kB
Unevictable:        6544 kB
Mlocked:            6104 kB
SwapTotal:       4718584 kB
SwapFree:        4052768 kB
Dirty:               200 kB
Writeback:             0 kB
AnonPages:       3590948 kB
Mapped:           742468 kB
Shmem:             23928 kB
KReclaimable:     454944 kB
Slab:             324084 kB
SReclaimable:      96196 kB
SUnreclaim:       227888 kB
KernelStack:       46000 kB
ShadowCallStack:   11532 kB
PageTables:        73228 kB
NFS_Unstable:          0 kB
Bounce:                0 kB
WritebackTmp:          0 kB
CommitLimit:     8677876 kB
Committed_AS:   68130496 kB
VmallocTotal:   263061440 kB
VmallocUsed:      128012 kB
VmallocChunk:          0 kB
Percpu:             2520 kB
CmaTotal:         405504 kB
CmaFree:              28 kB
MemTotal:        7918584 kB
MemFree:          235016 kB
MemAvailable:    1879776 kB
Buffers:           34200 kB
Cached:          1575060 kB
SwapCached:        17968 kB
Active:          4482920 kB
Inactive:         748036 kB
Active(anon):    3551604 kB
Inactive(anon):    98832 kB
Active(file):     931316 kB
Inactive(file):   649204 kB
Unevictable:        6544 kB
Mlocked:            6104 kB
SwapTotal:       4718584 kB
SwapFree:        4052768 kB
Dirty:               252 kB
Writeback:             0 kB
AnonPages:       3621888 kB
Mapped:           742732 kB
Shmem:             23932 kB
KReclaimable:     454464 kB
Slab:             324100 kB
SReclaimable:      96196 kB
SUnreclaim:       227904 kB
KernelStack:       46016 kB
ShadowCallStack:   11536 kB
PageTables:        73456 kB
NFS_Unstable:          0 kB
Bounce:                0 kB
WritebackTmp:          0 kB
CommitLimit:     8677876 kB
Committed_AS:   68196032 kB
VmallocTotal:   263061440 kB
VmallocUsed:      128040 kB
VmallocChunk:          0 kB
Percpu:             2520 kB
CmaTotal:         405504 kB
CmaFree:              28 kB
MemTotal:        7918584 kB
MemFree:          228952 kB
MemAvailable:    1867720 kB
Buffers:           30016 kB
Cached:          1574124 kB
SwapCached:        17968 kB
Active:          4495096 kB
Inactive:         742908 kB
Active(anon):    3563780 kB
Inactive(anon):    98824 kB
Active(file):     931316 kB
Inactive(file):   644084 kB
Unevictable:        6544 kB
Mlocked:            6104 kB
SwapTotal:       4718584 kB
SwapFree:        4052768 kB
Dirty:               252 kB
Writeback:             0 kB
AnonPages:       3634068 kB
Mapped:           742852 kB
Shmem:             23932 kB
KReclaimable:     453592 kB
Slab:             323916 kB
SReclaimable:      96004 kB
SUnreclaim:       227912 kB
KernelStack:       46000 kB
ShadowCallStack:   11532 kB
PageTables:        73396 kB
NFS_Unstable:          0 kB
Bounce:                0 kB
WritebackTmp:          0 kB
CommitLimit:     8677876 kB
Committed_AS:   68212420 kB
VmallocTotal:   263061440 kB
VmallocUsed:      128040 kB
VmallocChunk:          0 kB
Percpu:             2520 kB
CmaTotal:         405504 kB
CmaFree:               0 kB
MemTotal:        7918584 kB
MemFree:          227816 kB
MemAvailable:    1866596 kB
Buffers:           30016 kB
Cached:          1574136 kB
SwapCached:        17968 kB
Active:          4494948 kB
Inactive:         742932 kB
Active(anon):    3563632 kB
Inactive(anon):    98836 kB
Active(file):     931316 kB
Inactive(file):   644096 kB
Unevictable:        6544 kB
Mlocked:            6104 kB
SwapTotal:       4718584 kB
SwapFree:        4052768 kB
Dirty:               264 kB
Writeback:             0 kB
AnonPages:       3633936 kB
Mapped:           742916 kB
Shmem:             23932 kB
KReclaimable:     453592 kB
Slab:             323916 kB
SReclaimable:      96004 kB
SUnreclaim:       227912 kB
KernelStack:       46048 kB
ShadowCallStack:   11540 kB
PageTables:        73324 kB
NFS_Unstable:          0 kB
Bounce:                0 kB
WritebackTmp:          0 kB
CommitLimit:     8677876 kB
Committed_AS:   68212420 kB
VmallocTotal:   263061440 kB
VmallocUsed:      128036 kB
VmallocChunk:          0 kB
Percpu:             2520 kB
CmaTotal:         405504 kB
CmaFree:               0 kB
MemTotal:        7918584 kB
MemFree:          228508 kB
MemAvailable:    1824420 kB
Buffers:            8924 kB
Cached:          1558168 kB
SwapCached:        17968 kB
Active:          4537736 kB
Inactive:         705788 kB
Active(anon):    3606348 kB
Inactive(anon):    98824 kB
Active(file):     931388 kB
Inactive(file):   606964 kB
Unevictable:        6544 kB
Mlocked:            6104 kB
SwapTotal:       4718584 kB
SwapFree:        4052768 kB
Dirty:               264 kB
Writeback:             0 kB
AnonPages:       3676676 kB
Mapped:           743188 kB
Shmem:             23932 kB
KReclaimable:     447784 kB
Slab:             322904 kB
SReclaimable:      94972 kB
SUnreclaim:       227932 kB
KernelStack:       46016 kB
ShadowCallStack:   11536 kB
PageTables:        73888 kB
NFS_Unstable:          0 kB
Bounce:                0 kB
WritebackTmp:          0 kB
CommitLimit:     8677876 kB
Committed_AS:   68327104 kB
VmallocTotal:   263061440 kB
VmallocUsed:      128040 kB
VmallocChunk:          0 kB
Percpu:             2520 kB
CmaTotal:         405504 kB
CmaFree:               0 kB
MemTotal:        7918584 kB
MemFree:          232808 kB
MemAvailable:    1824240 kB
Buffers:            7656 kB
Cached:          1555840 kB
SwapCached:        17968 kB
Active:          4536664 kB
Inactive:         702140 kB
Active(anon):    3605276 kB
Inactive(anon):    98832 kB
Active(file):     931388 kB
Inactive(file):   603308 kB
Unevictable:        6544 kB
Mlocked:            6104 kB
SwapTotal:       4718584 kB
SwapFree:        4052768 kB
Dirty:               388 kB
Writeback:           132 kB
AnonPages:       3675552 kB
Mapped:           743284 kB
Shmem:             23932 kB
KReclaimable:     446960 kB
Slab:             322648 kB
SReclaimable:      94716 kB
SUnreclaim:       227932 kB
KernelStack:       46016 kB
ShadowCallStack:   11540 kB
PageTables:        73688 kB
NFS_Unstable:          0 kB
Bounce:                0 kB
WritebackTmp:          0 kB
CommitLimit:     8677876 kB
Committed_AS:   68327104 kB
VmallocTotal:   263061440 kB
VmallocUsed:      128072 kB
VmallocChunk:          0 kB
Percpu:             2520 kB
CmaTotal:         405504 kB
CmaFree:             276 kB
MemTotal:        7918584 kB
MemFree:          228240 kB
MemAvailable:    1809964 kB
Buffers:            4948 kB
Cached:          1550948 kB
SwapCached:        17968 kB
Active:          4551276 kB
Inactive:         694592 kB
Active(anon):    3619888 kB
Inactive(anon):    98824 kB
Active(file):     931388 kB
Inactive(file):   595768 kB
Unevictable:        6544 kB
Mlocked:            6104 kB
SwapTotal:       4718584 kB
SwapFree:        4052768 kB
Dirty:               328 kB
Writeback:             0 kB
AnonPages:       3690076 kB
Mapped:           743444 kB
Shmem:             23932 kB
KReclaimable:     444792 kB
Slab:             322316 kB
SReclaimable:      94364 kB
SUnreclaim:       227952 kB
KernelStack:       46000 kB
ShadowCallStack:   11532 kB
PageTables:        73948 kB
NFS_Unstable:          0 kB
Bounce:                0 kB
WritebackTmp:          0 kB
CommitLimit:     8677876 kB
Committed_AS:   68359872 kB
VmallocTotal:   263061440 kB
VmallocUsed:      128020 kB
VmallocChunk:          0 kB
Percpu:             2520 kB
CmaTotal:         405504 kB
CmaFree:               0 kB
MemTotal:        7918584 kB
MemFree:          228792 kB
MemAvailable:    1784532 kB
Buffers:            2652 kB
Cached:          1530824 kB
SwapCached:        17968 kB
Active:          4576428 kB
Inactive:         671512 kB
Active(anon):    3644372 kB
Inactive(anon):    98832 kB
Active(file):     932056 kB
Inactive(file):   572680 kB
Unevictable:        6544 kB
Mlocked:            6104 kB
SwapTotal:       4718584 kB
SwapFree:        4052768 kB
Dirty:               392 kB
Writeback:             0 kB
AnonPages:       3714636 kB
Mapped:           743588 kB
Shmem:             23932 kB
KReclaimable:     441228 kB
Slab:             321724 kB
SReclaimable:      93752 kB
SUnreclaim:       227972 kB
KernelStack:       46016 kB
ShadowCallStack:   11536 kB
PageTables:        73868 kB
NFS_Unstable:          0 kB
Bounce:                0 kB
WritebackTmp:          0 kB
CommitLimit:     8677876 kB
Committed_AS:   68409024 kB
VmallocTotal:   263061440 kB
VmallocUsed:      128040 kB
VmallocChunk:          0 kB
Percpu:             2520 kB
CmaTotal:         405504 kB
CmaFree:               0 kB
MemTotal:        7918584 kB
MemFree:          227500 kB
MemAvailable:    1783260 kB
Buffers:            2660 kB
Cached:          1530836 kB
SwapCached:        17968 kB
Active:          4576612 kB
Inactive:         671524 kB
Active(anon):    3644556 kB
Inactive(anon):    98824 kB
Active(file):     932056 kB
Inactive(file):   572700 kB
Unevictable:        6544 kB
Mlocked:            6104 kB
SwapTotal:       4718584 kB
SwapFree:        4052768 kB
Dirty:               440 kB
Writeback:             0 kB
AnonPages:       3714784 kB
Mapped:           743668 kB
Shmem:             23932 kB
KReclaimable:     441228 kB
Slab:             321708 kB
SReclaimable:      93752 kB
SUnreclaim:       227956 kB
KernelStack:       46048 kB
ShadowCallStack:   11536 kB
PageTables:        73844 kB
NFS_Unstable:          0 kB
Bounce:                0 kB
WritebackTmp:          0 kB
CommitLimit:     8677876 kB
Committed_AS:   68409028 kB
VmallocTotal:   263061440 kB
VmallocUsed:      128036 kB
VmallocChunk:          0 kB
Percpu:             2520 kB
CmaTotal:         405504 kB
CmaFree:               0 kB
MemTotal:        7918584 kB
MemFree:          226540 kB
MemAvailable:    1754528 kB
Buffers:            2660 kB
Cached:          1506676 kB
SwapCached:        17968 kB
Active:          4607364 kB
Inactive:         647368 kB
Active(anon):    3675304 kB
Inactive(anon):    98832 kB
Active(file):     932060 kB
Inactive(file):   548536 kB
Unevictable:        6544 kB
Mlocked:            6104 kB
SwapTotal:       4718584 kB
SwapFree:        4052768 kB
Dirty:               268 kB
Writeback:             0 kB
AnonPages:       3745716 kB
Mapped:           743924 kB
Shmem:             23932 kB
KReclaimable:     437616 kB
Slab:             321132 kB
SReclaimable:      93164 kB
SUnreclaim:       227968 kB
KernelStack:       46016 kB
ShadowCallStack:   11532 kB
PageTables:        73868 kB
NFS_Unstable:          0 kB
Bounce:                0 kB
WritebackTmp:          0 kB
CommitLimit:     8677876 kB
Committed_AS:   68490972 kB
VmallocTotal:   263061440 kB
VmallocUsed:      128024 kB
VmallocChunk:          0 kB
Percpu:             2520 kB
CmaTotal:         405504 kB
CmaFree:               0 kB
MemTotal:        7918584 kB
MemFree:          226792 kB
MemAvailable:    1740736 kB
Buffers:            2668 kB
Cached:          1494748 kB
SwapCached:        17968 kB
Active:          4619952 kB
Inactive:         635444 kB
Active(anon):    3687892 kB
Inactive(anon):    98832 kB
Active(file):     932060 kB
Inactive(file):   536612 kB
Unevictable:        6544 kB
Mlocked:            6104 kB
SwapTotal:       4718584 kB
SwapFree:        4052768 kB
Dirty:               200 kB
Writeback:             0 kB
AnonPages:       3758336 kB
Mapped:           744068 kB
Shmem:             23936 kB
KReclaimable:     435496 kB
Slab:             320740 kB
SReclaimable:      92772 kB
SUnreclaim:       227968 kB
KernelStack:       46000 kB
ShadowCallStack:   11540 kB
PageTables:        73956 kB
NFS_Unstable:          0 kB
Bounce:                0 kB
WritebackTmp:          0 kB
CommitLimit:     8677876 kB
Committed_AS:   68507332 kB
VmallocTotal:   263061440 kB
VmallocUsed:      128020 kB
VmallocChunk:          0 kB
Percpu:             2520 kB
CmaTotal:         405504 kB
CmaFree:               0 kB
MemTotal:        7918584 kB
MemFree:          230168 kB
MemAvailable:    1739380 kB
Buffers:            2668 kB
Cached:          1490652 kB
SwapCached:        17968 kB
Active:          4620584 kB
Inactive:         631344 kB
Active(anon):    3688524 kB
Inactive(anon):    98828 kB
Active(file):     932060 kB
Inactive(file):   532516 kB
Unevictable:        6544 kB
Mlocked:            6104 kB
SwapTotal:       4718584 kB
SwapFree:        4052768 kB
Dirty:               216 kB
Writeback:             0 kB
AnonPages:       3758896 kB
Mapped:           744048 kB
Shmem:             23936 kB
KReclaimable:     434860 kB
Slab:             320668 kB
SReclaimable:      92648 kB
SUnreclaim:       228020 kB
KernelStack:       46000 kB
ShadowCallStack:   11532 kB
PageTables:        74232 kB
NFS_Unstable:          0 kB
Bounce:                0 kB
WritebackTmp:          0 kB
CommitLimit:     8677876 kB
Committed_AS:   68507332 kB
VmallocTotal:   263061440 kB
VmallocUsed:      128020 kB
VmallocChunk:          0 kB
Percpu:             2520 kB
CmaTotal:         405504 kB
CmaFree:               0 kB
MemTotal:        7918584 kB
MemFree:          229644 kB
MemAvailable:    1697052 kB
Buffers:            2668 kB
Cached:          1453804 kB
SwapCached:        17968 kB
Active:          4662936 kB
Inactive:         594500 kB
Active(anon):    3730876 kB
Inactive(anon):    98832 kB
Active(file):     932060 kB
Inactive(file):   495668 kB
Unevictable:        6544 kB
Mlocked:            6104 kB
SwapTotal:       4718584 kB
SwapFree:        4052768 kB
Dirty:               252 kB
Writeback:             0 kB
AnonPages:       3801144 kB
Mapped:           744256 kB
Shmem:             23936 kB
KReclaimable:     429904 kB
Slab:             319844 kB
SReclaimable:      91780 kB
SUnreclaim:       228064 kB
KernelStack:       46000 kB
ShadowCallStack:   11532 kB
PageTables:        74248 kB
NFS_Unstable:          0 kB
Bounce:                0 kB
WritebackTmp:          0 kB
CommitLimit:     8677876 kB
Committed_AS:   68605636 kB
VmallocTotal:   263061440 kB
VmallocUsed:      128040 kB
VmallocChunk:          0 kB
Percpu:             2520 kB
CmaTotal:         405504 kB
CmaFree:               0 kB
MemTotal:        7918584 kB
MemFree:          227980 kB
MemAvailable:    1695320 kB
Buffers:            2668 kB
Cached:          1453816 kB
SwapCached:        17968 kB
Active:          4663472 kB
Inactive:         594508 kB
Active(anon):    3731412 kB
Inactive(anon):    98828 kB
Active(file):     932060 kB
Inactive(file):   495680 kB
Unevictable:        6544 kB
Mlocked:            6104 kB
SwapTotal:       4718584 kB
SwapFree:        4052768 kB
Dirty:               272 kB
Writeback:             0 kB
AnonPages:       3801728 kB
Mapped:           744352 kB
Shmem:             23936 kB
KReclaimable:     429824 kB
Slab:             319860 kB
SReclaimable:      91780 kB
SUnreclaim:       228080 kB
KernelStack:       46048 kB
ShadowCallStack:   11540 kB
PageTables:        74352 kB
NFS_Unstable:          0 kB
Bounce:                0 kB
WritebackTmp:          0 kB
CommitLimit:     8677876 kB
Committed_AS:   68605636 kB
VmallocTotal:   263061440 kB
VmallocUsed:      128024 kB
VmallocChunk:          0 kB
Percpu:             2520 kB
CmaTotal:         405504 kB
CmaFree:               0 kB
MemTotal:        7918584 kB
MemFree:          231248 kB
MemAvailable:    1683764 kB
Buffers:            2668 kB
Cached:          1440928 kB
SwapCached:        17968 kB
Active:          4675804 kB
Inactive:         581624 kB
Active(anon):    3743744 kB
Inactive(anon):    98832 kB
Active(file):     932060 kB
Inactive(file):   482792 kB
Unevictable:        6544 kB
Mlocked:            6104 kB
SwapTotal:       4718584 kB
SwapFree:        4052768 kB
Dirty:               296 kB
Writeback:             0 kB
AnonPages:       3814236 kB
