MemTotal:        7918584 kB
MemFree:         3398548 kB
MemAvailable:    4662484 kB
Buffers:            3816 kB
Cached:          1271832 kB
SwapCached:        14660 kB
Active:           702880 kB
Inactive:        1180292 kB
Active(anon):     482532 kB
Inactive(anon):   151044 kB
Active(file):     220348 kB
Inactive(file):  1029248 kB
Unevictable:        6544 kB
Mlocked:            6104 kB
SwapTotal:       4718584 kB
SwapFree:        2677908 kB
Dirty:            136368 kB
Writeback:             0 kB
AnonPages:        609828 kB
Mapped:           429828 kB
Shmem:             21244 kB
KReclaimable:     500116 kB
Slab:             324772 kB
SReclaimable:      95240 kB
SUnreclaim:       229532 kB
KernelStack:       46896 kB
ShadowCallStack:   11772 kB
PageTables:        66408 kB
NFS_Unstable:          0 kB
Bounce:                0 kB
WritebackTmp:          0 kB
CommitLimit:     8677876 kB
Committed_AS:   66438708 kB
VmallocTotal:   263061440 kB
VmallocUsed:      129432 kB
VmallocChunk:          0 kB
Percpu:             2520 kB
CmaTotal:         405504 kB
CmaFree:          272208 kB
MemTotal:        7918584 kB
MemFree:         3395420 kB
MemAvailable:    5076992 kB
Buffers:            3828 kB
Cached:          1272884 kB
SwapCached:        14728 kB
Active:           705832 kB
Inactive:        1180548 kB
Active(anon):     485008 kB
Inactive(anon):   151012 kB
Active(file):     220824 kB
Inactive(file):  1029536 kB
Unevictable:        6544 kB
Mlocked:            6104 kB
SwapTotal:       4718584 kB
SwapFree:        2678164 kB
Dirty:            136400 kB
Writeback:             0 kB
AnonPages:        611888 kB
Mapped:           477624 kB
Shmem:             21544 kB
KReclaimable:     916988 kB
Slab:             324404 kB
SReclaimable:      95336 kB
SUnreclaim:       229068 kB
KernelStack:       47312 kB
ShadowCallStack:   11872 kB
PageTables:        66408 kB
NFS_Unstable:          0 kB
Bounce:                0 kB
WritebackTmp:          0 kB
CommitLimit:     8677876 kB
Committed_AS:   66525720 kB
VmallocTotal:   263061440 kB
VmallocUsed:      129892 kB
VmallocChunk:          0 kB
Percpu:             2520 kB
CmaTotal:         405504 kB
CmaFree:          272208 kB
MemTotal:        7918584 kB
MemFree:         3369404 kB
MemAvailable:    4834748 kB
Buffers:            3868 kB
Cached:          1272988 kB
SwapCached:        14748 kB
Active:           730176 kB
Inactive:        1180684 kB
Active(anon):     509352 kB
Inactive(anon):   151012 kB
Active(file):     220824 kB
Inactive(file):  1029672 kB
Unevictable:        6544 kB
Mlocked:            6104 kB
SwapTotal:       4718584 kB
SwapFree:        2678164 kB
Dirty:            136460 kB
Writeback:             8 kB
AnonPages:        636044 kB
Mapped:           488288 kB
Shmem:             21552 kB
KReclaimable:     700624 kB
Slab:             324780 kB
SReclaimable:      95352 kB
SUnreclaim:       229428 kB
KernelStack:       47344 kB
ShadowCallStack:   11876 kB
PageTables:        66828 kB
NFS_Unstable:          0 kB
Bounce:                0 kB
WritebackTmp:          0 kB
CommitLimit:     8677876 kB
Committed_AS:   66554904 kB
VmallocTotal:   263061440 kB
VmallocUsed:      129972 kB
VmallocChunk:          0 kB
Percpu:             2520 kB
CmaTotal:         405504 kB
CmaFree:          272208 kB
MemTotal:        7918584 kB
MemFree:         3366792 kB
MemAvailable:    4831400 kB
Buffers:            3884 kB
Cached:          1273004 kB
SwapCached:        14748 kB
Active:           733060 kB
Inactive:        1180712 kB
Active(anon):     512236 kB
Inactive(anon):   151008 kB
Active(file):     220824 kB
Inactive(file):  1029704 kB
Unevictable:        6544 kB
Mlocked:            6104 kB
SwapTotal:       4718584 kB
SwapFree:        2678164 kB
Dirty:            136492 kB
Writeback:             0 kB
AnonPages:        639000 kB
Mapped:           488964 kB
Shmem:             21552 kB
KReclaimable:     699856 kB
Slab:             324776 kB
SReclaimable:      95352 kB
SUnreclaim:       229424 kB
KernelStack:       47360 kB
ShadowCallStack:   11872 kB
PageTables:        66976 kB
NFS_Unstable:          0 kB
Bounce:                0 kB
WritebackTmp:          0 kB
CommitLimit:     8677876 kB
Committed_AS:   66554904 kB
VmallocTotal:   263061440 kB
VmallocUsed:      129988 kB
VmallocChunk:          0 kB
Percpu:             2520 kB
CmaTotal:         405504 kB
CmaFree:          272208 kB
MemTotal:        7918584 kB
MemFree:         3363752 kB
MemAvailable:    4828372 kB
Buffers:            3884 kB
Cached:          1273036 kB
SwapCached:        14756 kB
Active:           736896 kB
Inactive:        1180528 kB
Active(anon):     516072 kB
Inactive(anon):   150812 kB
Active(file):     220824 kB
Inactive(file):  1029716 kB
Unevictable:        6544 kB
Mlocked:            6104 kB
SwapTotal:       4718584 kB
SwapFree:        2679188 kB
Dirty:            136436 kB
Writeback:             0 kB
AnonPages:        642656 kB
Mapped:           489724 kB
Shmem:             21572 kB
KReclaimable:     699856 kB
Slab:             324808 kB
SReclaimable:      95368 kB
SUnreclaim:       229440 kB
KernelStack:       47376 kB
ShadowCallStack:   11876 kB
PageTables:        66976 kB
NFS_Unstable:          0 kB
Bounce:                0 kB
WritebackTmp:          0 kB
CommitLimit:     8677876 kB
Committed_AS:   66554864 kB
VmallocTotal:   263061440 kB
VmallocUsed:      130004 kB
VmallocChunk:          0 kB
Percpu:             2520 kB
CmaTotal:         405504 kB
CmaFree:          273148 kB
MemTotal:        7918584 kB
MemFree:         3368276 kB
MemAvailable:    4853076 kB
Buffers:            3884 kB
Cached:          1273044 kB
SwapCached:        14756 kB
Active:           732640 kB
Inactive:        1180532 kB
Active(anon):     511816 kB
Inactive(anon):   150808 kB
Active(file):     220824 kB
Inactive(file):  1029724 kB
Unevictable:        6544 kB
Mlocked:            6104 kB
SwapTotal:       4718584 kB
SwapFree:        2679188 kB
Dirty:            136444 kB
Writeback:             0 kB
AnonPages:        638348 kB
Mapped:           489556 kB
Shmem:             21572 kB
KReclaimable:     720028 kB
Slab:             324784 kB
SReclaimable:      95368 kB
SUnreclaim:       229416 kB
KernelStack:       47200 kB
ShadowCallStack:   11832 kB
PageTables:        66996 kB
NFS_Unstable:          0 kB
Bounce:                0 kB
WritebackTmp:          0 kB
CommitLimit:     8677876 kB
Committed_AS:   66554380 kB
VmallocTotal:   263061440 kB
VmallocUsed:      129524 kB
VmallocChunk:          0 kB
Percpu:             2520 kB
CmaTotal:         405504 kB
CmaFree:          273148 kB
MemTotal:        7918584 kB
MemFree:         3348572 kB
MemAvailable:    4833376 kB
Buffers:            3888 kB
Cached:          1273052 kB
SwapCached:        14756 kB
Active:           754236 kB
Inactive:        1180524 kB
Active(anon):     533412 kB
Inactive(anon):   150796 kB
Active(file):     220824 kB
Inactive(file):  1029728 kB
Unevictable:        6544 kB
Mlocked:            6104 kB
SwapTotal:       4718584 kB
SwapFree:        2679188 kB
Dirty:             18196 kB
Writeback:         23660 kB
AnonPages:        659812 kB
Mapped:           491432 kB
Shmem:             21580 kB
KReclaimable:     720028 kB
Slab:             324836 kB
SReclaimable:      95368 kB
SUnreclaim:       229468 kB
KernelStack:       47168 kB
ShadowCallStack:   11832 kB
PageTables:        66964 kB
NFS_Unstable:          0 kB
Bounce:                0 kB
WritebackTmp:          0 kB
CommitLimit:     8677876 kB
Committed_AS:   66574580 kB
VmallocTotal:   263061440 kB
VmallocUsed:      129508 kB
VmallocChunk:          0 kB
Percpu:             2520 kB
CmaTotal:         405504 kB
CmaFree:          273148 kB
MemTotal:        7918584 kB
MemFree:         3221040 kB
MemAvailable:    4673012 kB
Buffers:            3920 kB
Cached:          1273056 kB
SwapCached:        14756 kB
Active:           880052 kB
Inactive:        1180568 kB
Active(anon):     659228 kB
Inactive(anon):   150804 kB
Active(file):     220824 kB
Inactive(file):  1029764 kB
Unevictable:        6544 kB
Mlocked:            6104 kB
SwapTotal:       4718584 kB
SwapFree:        2679188 kB
Dirty:             17972 kB
Writeback:             0 kB
AnonPages:        785588 kB
Mapped:           536756 kB
Shmem:             21580 kB
KReclaimable:     687160 kB
Slab:             324992 kB
SReclaimable:      95400 kB
SUnreclaim:       229592 kB
KernelStack:       47152 kB
ShadowCallStack:   11816 kB
PageTables:        67328 kB
NFS_Unstable:          0 kB
Bounce:                0 kB
WritebackTmp:          0 kB
CommitLimit:     8677876 kB
Committed_AS:   66815176 kB
VmallocTotal:   263061440 kB
VmallocUsed:      129508 kB
VmallocChunk:          0 kB
Percpu:             2520 kB
CmaTotal:         405504 kB
CmaFree:          273148 kB
MemTotal:        7918584 kB
MemFree:         3137092 kB
MemAvailable:    4553936 kB
Buffers:            3920 kB
Cached:          1273084 kB
SwapCached:        14764 kB
Active:           964080 kB
Inactive:        1180600 kB
Active(anon):     743256 kB
Inactive(anon):   150808 kB
Active(file):     220824 kB
Inactive(file):  1029792 kB
Unevictable:        6544 kB
Mlocked:            6104 kB
SwapTotal:       4718584 kB
SwapFree:        2679444 kB
Dirty:             18004 kB
Writeback:             0 kB
AnonPages:        869624 kB
Mapped:           576684 kB
Shmem:             21580 kB
KReclaimable:     652004 kB
Slab:             325184 kB
SReclaimable:      95432 kB
SUnreclaim:       229752 kB
KernelStack:       47232 kB
ShadowCallStack:   11852 kB
PageTables:        67788 kB
NFS_Unstable:          0 kB
Bounce:                0 kB
WritebackTmp:          0 kB
CommitLimit:     8677876 kB
Committed_AS:   66936652 kB
VmallocTotal:   263061440 kB
VmallocUsed:      129584 kB
VmallocChunk:          0 kB
Percpu:             2520 kB
CmaTotal:         405504 kB
CmaFree:          273148 kB
MemTotal:        7918584 kB
MemFree:         3031648 kB
MemAvailable:    4271676 kB
Buffers:            3944 kB
Cached:          1275464 kB
SwapCached:        14772 kB
Active:          1069088 kB
Inactive:        1179868 kB
Active(anon):     846088 kB
Inactive(anon):   149952 kB
Active(file):     223000 kB
Inactive(file):  1029916 kB
Unevictable:        6544 kB
Mlocked:            6104 kB
SwapTotal:       4718584 kB
SwapFree:        2693012 kB
Dirty:             18220 kB
Writeback:             0 kB
AnonPages:        971596 kB
Mapped:           602684 kB
Shmem:             21684 kB
KReclaimable:     472888 kB
Slab:             325448 kB
SReclaimable:      95532 kB
SUnreclaim:       229916 kB
KernelStack:       47408 kB
ShadowCallStack:   11900 kB
PageTables:        68236 kB
NFS_Unstable:          0 kB
Bounce:                0 kB
WritebackTmp:          0 kB
CommitLimit:     8677876 kB
Committed_AS:   67093860 kB
VmallocTotal:   263061440 kB
VmallocUsed:      129816 kB
VmallocChunk:          0 kB
Percpu:             2520 kB
CmaTotal:         405504 kB
CmaFree:          273148 kB
MemTotal:        7918584 kB
MemFree:         2975676 kB
MemAvailable:    4344512 kB
Buffers:            3944 kB
Cached:          1275372 kB
SwapCached:        14772 kB
Active:          1124732 kB
Inactive:        1179868 kB
Active(anon):     901732 kB
Inactive(anon):   149948 kB
Active(file):     223000 kB
Inactive(file):  1029920 kB
Unevictable:        6544 kB
Mlocked:            6104 kB
SwapTotal:       4718584 kB
SwapFree:        2693268 kB
Dirty:             18340 kB
Writeback:             0 kB
AnonPages:       1027348 kB
Mapped:           603712 kB
Shmem:             21588 kB
KReclaimable:     601692 kB
Slab:             325396 kB
SReclaimable:      95532 kB
SUnreclaim:       229864 kB
KernelStack:       47280 kB
ShadowCallStack:   11872 kB
PageTables:        68624 kB
NFS_Unstable:          0 kB
Bounce:                0 kB
WritebackTmp:          0 kB
CommitLimit:     8677876 kB
Committed_AS:   67339228 kB
VmallocTotal:   263061440 kB
VmallocUsed:      129644 kB
VmallocChunk:          0 kB
Percpu:             2520 kB
CmaTotal:         405504 kB
CmaFree:          273140 kB
MemTotal:        7918584 kB
MemFree:         2882736 kB
MemAvailable:    4250476 kB
Buffers:            3948 kB
Cached:          1275380 kB
SwapCached:        14772 kB
Active:          1218088 kB
Inactive:        1179872 kB
Active(anon):     995088 kB
Inactive(anon):   149940 kB
Active(file):     223000 kB
Inactive(file):  1029932 kB
Unevictable:        6544 kB
Mlocked:            6104 kB
SwapTotal:       4718584 kB
SwapFree:        2693268 kB
Dirty:             18344 kB
Writeback:             0 kB
AnonPages:       1120620 kB
Mapped:           604468 kB
Shmem:             21588 kB
KReclaimable:     600584 kB
Slab:             325376 kB
SReclaimable:      95532 kB
SUnreclaim:       229844 kB
KernelStack:       47248 kB
ShadowCallStack:   11840 kB
PageTables:        68984 kB
NFS_Unstable:          0 kB
Bounce:                0 kB
WritebackTmp:          0 kB
CommitLimit:     8677876 kB
Committed_AS:   67568608 kB
VmallocTotal:   263061440 kB
VmallocUsed:      129648 kB
VmallocChunk:          0 kB
Percpu:             2520 kB
CmaTotal:         405504 kB
CmaFree:          273148 kB
MemTotal:        7918584 kB
MemFree:         2777196 kB
MemAvailable:    4135108 kB
Buffers:            3948 kB
Cached:          1275380 kB
SwapCached:        14772 kB
Active:          1322852 kB
Inactive:        1179880 kB
Active(anon):    1099852 kB
Inactive(anon):   149948 kB
Active(file):     223000 kB
Inactive(file):  1029932 kB
Unevictable:        6544 kB
Mlocked:            6104 kB
SwapTotal:       4718584 kB
SwapFree:        2693268 kB
Dirty:             17460 kB
Writeback:             0 kB
AnonPages:       1225620 kB
Mapped:           605188 kB
Shmem:             21588 kB
KReclaimable:     590756 kB
Slab:             325428 kB
SReclaimable:      95532 kB
SUnreclaim:       229896 kB
KernelStack:       47264 kB
ShadowCallStack:   11848 kB
PageTables:        69516 kB
NFS_Unstable:          0 kB
Bounce:                0 kB
WritebackTmp:          0 kB
CommitLimit:     8677876 kB
Committed_AS:   67814312 kB
VmallocTotal:   263061440 kB
VmallocUsed:      129616 kB
VmallocChunk:          0 kB
Percpu:             2520 kB
CmaTotal:         405504 kB
CmaFree:          273148 kB
MemTotal:        7918584 kB
MemFree:         2686220 kB
MemAvailable:    4042968 kB
Buffers:            3948 kB
Cached:          1275400 kB
SwapCached:        14772 kB
Active:          1412388 kB
Inactive:        1179896 kB
Active(anon):    1189388 kB
Inactive(anon):   149944 kB
Active(file):     223000 kB
Inactive(file):  1029952 kB
Unevictable:        6544 kB
Mlocked:            6104 kB
SwapTotal:       4718584 kB
SwapFree:        2693268 kB
Dirty:             17480 kB
Writeback:             0 kB
AnonPages:       1314824 kB
Mapped:           606020 kB
Shmem:             21588 kB
KReclaimable:     589572 kB
Slab:             325420 kB
SReclaimable:      95532 kB
SUnreclaim:       229888 kB
KernelStack:       47248 kB
ShadowCallStack:   11856 kB
PageTables:        69984 kB
NFS_Unstable:          0 kB
Bounce:                0 kB
WritebackTmp:          0 kB
CommitLimit:     8677876 kB
Committed_AS:   68043644 kB
VmallocTotal:   263061440 kB
VmallocUsed:      129604 kB
VmallocChunk:          0 kB
Percpu:             2520 kB
CmaTotal:         405504 kB
CmaFree:          273148 kB
MemTotal:        7918584 kB
MemFree:         2585140 kB
MemAvailable:    3940368 kB
Buffers:            3948 kB
Cached:          1275404 kB
SwapCached:        14772 kB
Active:          1517484 kB
Inactive:        1176212 kB
Active(anon):    1294484 kB
Inactive(anon):   146260 kB
Active(file):     223000 kB
Inactive(file):  1029952 kB
Unevictable:        6544 kB
Mlocked:            6104 kB
SwapTotal:       4718584 kB
SwapFree:        2693780 kB
Dirty:             17480 kB
Writeback:             0 kB
AnonPages:       1416476 kB
Mapped:           604476 kB
Shmem:             21592 kB
KReclaimable:     588052 kB
Slab:             325424 kB
SReclaimable:      95516 kB
SUnreclaim:       229908 kB
KernelStack:       47248 kB
ShadowCallStack:   11844 kB
PageTables:        70544 kB
NFS_Unstable:          0 kB
Bounce:                0 kB
WritebackTmp:          0 kB
CommitLimit:     8677876 kB
Committed_AS:   68305792 kB
VmallocTotal:   263061440 kB
VmallocUsed:      129624 kB
VmallocChunk:          0 kB
Percpu:             2520 kB
CmaTotal:         405504 kB
CmaFree:          275360 kB
MemTotal:        7918584 kB
MemFree:         2501900 kB
MemAvailable:    3856120 kB
Buffers:            3956 kB
Cached:          1275412 kB
SwapCached:        14772 kB
Active:          1599496 kB
Inactive:        1176228 kB
Active(anon):    1376496 kB
Inactive(anon):   146260 kB
Active(file):     223000 kB
Inactive(file):  1029968 kB
Unevictable:        6544 kB
Mlocked:            6104 kB
SwapTotal:       4718584 kB
SwapFree:        2693780 kB
Dirty:             17552 kB
Writeback:             0 kB
AnonPages:       1498428 kB
Mapped:           605192 kB
Shmem:             21592 kB
KReclaimable:     587028 kB
Slab:             325476 kB
SReclaimable:      95516 kB
SUnreclaim:       229960 kB
KernelStack:       47264 kB
ShadowCallStack:   11832 kB
PageTables:        70712 kB
NFS_Unstable:          0 kB
Bounce:                0 kB
WritebackTmp:          0 kB
CommitLimit:     8677876 kB
Committed_AS:   68518784 kB
VmallocTotal:   263061440 kB
VmallocUsed:      129624 kB
VmallocChunk:          0 kB
Percpu:             2520 kB
CmaTotal:         405504 kB
CmaFree:          275360 kB
MemTotal:        7918584 kB
MemFree:         2419816 kB
MemAvailable:    3773304 kB
Buffers:            3956 kB
Cached:          1275416 kB
SwapCached:        14772 kB
Active:          1681144 kB
Inactive:        1176220 kB
Active(anon):    1458144 kB
Inactive(anon):   146248 kB
Active(file):     223000 kB
Inactive(file):  1029972 kB
Unevictable:        6544 kB
Mlocked:            6104 kB
SwapTotal:       4718584 kB
SwapFree:        2693780 kB
Dirty:             17560 kB
Writeback:             0 kB
AnonPages:       1579984 kB
Mapped:           605804 kB
Shmem:             21592 kB
KReclaimable:     586292 kB
Slab:             325528 kB
SReclaimable:      95516 kB
SUnreclaim:       230012 kB
KernelStack:       47264 kB
ShadowCallStack:   11860 kB
PageTables:        71336 kB
NFS_Unstable:          0 kB
Bounce:                0 kB
WritebackTmp:          0 kB
CommitLimit:     8677876 kB
Committed_AS:   68731776 kB
VmallocTotal:   263061440 kB
VmallocUsed:      129624 kB
VmallocChunk:          0 kB
Percpu:             2520 kB
CmaTotal:         405504 kB
CmaFree:          275364 kB
MemTotal:        7918584 kB
MemFree:         2325668 kB
MemAvailable:    3677604 kB
Buffers:            3980 kB
Cached:          1275420 kB
SwapCached:        14772 kB
Active:          1775956 kB
Inactive:        1176248 kB
Active(anon):    1552956 kB
Inactive(anon):   146252 kB
Active(file):     223000 kB
Inactive(file):  1029996 kB
Unevictable:        6544 kB
Mlocked:            6104 kB
SwapTotal:       4718584 kB
SwapFree:        2693780 kB
Dirty:             17588 kB
Writeback:             0 kB
AnonPages:       1674872 kB
Mapped:           606700 kB
Shmem:             21596 kB
KReclaimable:     584716 kB
Slab:             325572 kB
SReclaimable:      95516 kB
SUnreclaim:       230056 kB
KernelStack:       47264 kB
ShadowCallStack:   11848 kB
PageTables:        71808 kB
NFS_Unstable:          0 kB
Bounce:                0 kB
WritebackTmp:          0 kB
CommitLimit:     8677876 kB
Committed_AS:   68944772 kB
VmallocTotal:   263061440 kB
VmallocUsed:      129588 kB
VmallocChunk:          0 kB
Percpu:             2520 kB
CmaTotal:         405504 kB
CmaFree:          275360 kB
MemTotal:        7918584 kB
MemFree:         2249380 kB
MemAvailable:    3600700 kB
Buffers:            3988 kB
Cached:          1275412 kB
SwapCached:        14772 kB
Active:          1851996 kB
Inactive:        1176244 kB
Active(anon):    1628996 kB
Inactive(anon):   146248 kB
Active(file):     223000 kB
Inactive(file):  1029996 kB
Unevictable:        6544 kB
Mlocked:            6104 kB
SwapTotal:       4718584 kB
SwapFree:        2693780 kB
Dirty:             17588 kB
Writeback:             0 kB
AnonPages:       1750888 kB
Mapped:           606988 kB
Shmem:             21596 kB
KReclaimable:     584100 kB
Slab:             325544 kB
SReclaimable:      95516 kB
SUnreclaim:       230028 kB
KernelStack:       47232 kB
ShadowCallStack:   11840 kB
PageTables:        72128 kB
NFS_Unstable:          0 kB
Bounce:                0 kB
WritebackTmp:          0 kB
CommitLimit:     8677876 kB
Committed_AS:   69141380 kB
VmallocTotal:   263061440 kB
VmallocUsed:      129568 kB
VmallocChunk:          0 kB
Percpu:             2520 kB
CmaTotal:         405504 kB
CmaFree:          275360 kB
MemTotal:        7918584 kB
MemFree:         2179440 kB
MemAvailable:    3533692 kB
Buffers:            4128 kB
Cached:          1279272 kB
SwapCached:        14796 kB
Active:          1921728 kB
Inactive:        1175484 kB
Active(anon):    1695384 kB
Inactive(anon):   145340 kB
Active(file):     226344 kB
Inactive(file):  1030144 kB
Unevictable:        6544 kB
Mlocked:            6104 kB
SwapTotal:       4718584 kB
SwapFree:        2696852 kB
Dirty:             17560 kB
Writeback:             0 kB
AnonPages:       1815928 kB
Mapped:           609376 kB
Shmem:             22104 kB
KReclaimable:     583540 kB
Slab:             325564 kB
SReclaimable:      95516 kB
SUnreclaim:       230048 kB
KernelStack:       47248 kB
ShadowCallStack:   11848 kB
PageTables:        72572 kB
NFS_Unstable:          0 kB
Bounce:                0 kB
WritebackTmp:          0 kB
CommitLimit:     8677876 kB
Committed_AS:   69288836 kB
VmallocTotal:   263061440 kB
VmallocUsed:      129608 kB
VmallocChunk:          0 kB
Percpu:             2520 kB
CmaTotal:         405504 kB
CmaFree:          275488 kB
MemTotal:        7918584 kB
MemFree:         2087844 kB
MemAvailable:    3440608 kB
Buffers:            4128 kB
Cached:          1279276 kB
SwapCached:        14796 kB
Active:          2012588 kB
Inactive:        1175484 kB
Active(anon):    1786244 kB
Inactive(anon):   145340 kB
Active(file):     226344 kB
Inactive(file):  1030144 kB
Unevictable:        6544 kB
Mlocked:            6104 kB
SwapTotal:       4718584 kB
SwapFree:        2696852 kB
Dirty:             17560 kB
Writeback:             0 kB
AnonPages:       1906536 kB
Mapped:           610136 kB
Shmem:             22108 kB
KReclaimable:     582052 kB
Slab:             325596 kB
SReclaimable:      95516 kB
SUnreclaim:       230080 kB
KernelStack:       47216 kB
ShadowCallStack:   11840 kB
PageTables:        72868 kB
NFS_Unstable:          0 kB
Bounce:                0 kB
WritebackTmp:          0 kB
CommitLimit:     8677876 kB
Committed_AS:   69501836 kB
VmallocTotal:   263061440 kB
VmallocUsed:      129604 kB
VmallocChunk:          0 kB
Percpu:             2520 kB
CmaTotal:         405504 kB
CmaFree:          275488 kB
MemTotal:        7918584 kB
MemFree:         2028392 kB
MemAvailable:    3381788 kB
Buffers:            4128 kB
Cached:          1280380 kB
SwapCached:        14796 kB
Active:          2072312 kB
Inactive:        1175520 kB
Active(anon):    1844920 kB
Inactive(anon):   145328 kB
Active(file):     227392 kB
Inactive(file):  1030192 kB
Unevictable:        6544 kB
Mlocked:            6104 kB
SwapTotal:       4718584 kB
SwapFree:        2697620 kB
Dirty:             17572 kB
Writeback:             0 kB
AnonPages:       1965276 kB
Mapped:           610796 kB
Shmem:             22116 kB
KReclaimable:     581588 kB
Slab:             325748 kB
SReclaimable:      95516 kB
SUnreclaim:       230232 kB
KernelStack:       47264 kB
ShadowCallStack:   11848 kB
PageTables:        73160 kB
NFS_Unstable:          0 kB
Bounce:                0 kB
WritebackTmp:          0 kB
CommitLimit:     8677876 kB
Committed_AS:   69632912 kB
VmallocTotal:   263061440 kB
VmallocUsed:      129620 kB
VmallocChunk:          0 kB
Percpu:             2520 kB
CmaTotal:         405504 kB
CmaFree:          275488 kB
MemTotal:        7918584 kB
MemFree:         1938068 kB
MemAvailable:    3303648 kB
Buffers:            4260 kB
Cached:          1293632 kB
SwapCached:        14796 kB
Active:          2158320 kB
Inactive:        1180324 kB
Active(anon):    1922432 kB
Inactive(anon):   145268 kB
Active(file):     235888 kB
Inactive(file):  1035056 kB
Unevictable:        6544 kB
Mlocked:            6104 kB
SwapTotal:       4718584 kB
SwapFree:        2700180 kB
Dirty:             17644 kB
Writeback:             0 kB
AnonPages:       2042944 kB
Mapped:           613336 kB
Shmem:             22132 kB
KReclaimable:     580412 kB
Slab:             325776 kB
SReclaimable:      95516 kB
SUnreclaim:       230260 kB
KernelStack:       47248 kB
ShadowCallStack:   11840 kB
PageTables:        73284 kB
NFS_Unstable:          0 kB
Bounce:                0 kB
WritebackTmp:          0 kB
CommitLimit:     8677876 kB
Committed_AS:   69829468 kB
VmallocTotal:   263061440 kB
VmallocUsed:      129588 kB
VmallocChunk:          0 kB
Percpu:             2520 kB
CmaTotal:         405504 kB
CmaFree:          275696 kB
MemTotal:        7918584 kB
MemFree:         1876540 kB
MemAvailable:    3241256 kB
Buffers:            4260 kB
Cached:          1293632 kB
SwapCached:        14796 kB
Active:          2220704 kB
Inactive:        1180336 kB
Active(anon):    1984816 kB
Inactive(anon):   145272 kB
Active(file):     235888 kB
Inactive(file):  1035064 kB
Unevictable:        6544 kB
Mlocked:            6104 kB
SwapTotal:       4718584 kB
SwapFree:        2700180 kB
Dirty:             17644 kB
Writeback:             0 kB
AnonPages:       2105408 kB
Mapped:           613672 kB
Shmem:             22132 kB
KReclaimable:     579540 kB
Slab:             325952 kB
SReclaimable:      95516 kB
SUnreclaim:       230436 kB
KernelStack:       47248 kB
ShadowCallStack:   11844 kB
PageTables:        73928 kB
NFS_Unstable:          0 kB
Bounce:                0 kB
WritebackTmp:          0 kB
CommitLimit:     8677876 kB
Committed_AS:   69960540 kB
VmallocTotal:   263061440 kB
VmallocUsed:      129588 kB
VmallocChunk:          0 kB
Percpu:             2520 kB
CmaTotal:         405504 kB
CmaFree:          275696 kB
MemTotal:        7918584 kB
MemFree:         1831036 kB
MemAvailable:    3195288 kB
Buffers:            4268 kB
Cached:          1293632 kB
SwapCached:        14796 kB
Active:          2264604 kB
Inactive:        1180352 kB
Active(anon):    2028716 kB
Inactive(anon):   145280 kB
Active(file):     235888 kB
Inactive(file):  1035072 kB
Unevictable:        6544 kB
Mlocked:            6104 kB
SwapTotal:       4718584 kB
SwapFree:        2700436 kB
Dirty:             17716 kB
Writeback:             0 kB
AnonPages:       2149064 kB
Mapped:           614072 kB
Shmem:             22132 kB
KReclaimable:     579068 kB
Slab:             325988 kB
SReclaimable:      95516 kB
SUnreclaim:       230472 kB
KernelStack:       47264 kB
ShadowCallStack:   11840 kB
PageTables:        73876 kB
NFS_Unstable:          0 kB
Bounce:                0 kB
WritebackTmp:          0 kB
CommitLimit:     8677876 kB
Committed_AS:   70058844 kB
VmallocTotal:   263061440 kB
VmallocUsed:      129588 kB
VmallocChunk:          0 kB
Percpu:             2520 kB
CmaTotal:         405504 kB
CmaFree:          275688 kB
MemTotal:        7918584 kB
MemFree:         1749640 kB
MemAvailable:    3112592 kB
Buffers:            4268 kB
Cached:          1293644 kB
SwapCached:        14796 kB
Active:          2347240 kB
Inactive:        1180360 kB
Active(anon):    2111352 kB
Inactive(anon):   145276 kB
Active(file):     235888 kB
Inactive(file):  1035084 kB
Unevictable:        6544 kB
Mlocked:            6104 kB
SwapTotal:       4718584 kB
SwapFree:        2700436 kB
Dirty:             17728 kB
Writeback:             0 kB
AnonPages:       2231792 kB
Mapped:           614860 kB
Shmem:             22132 kB
KReclaimable:     577756 kB
Slab:             325996 kB
SReclaimable:      95516 kB
SUnreclaim:       230480 kB
KernelStack:       47248 kB
ShadowCallStack:   11840 kB
PageTables:        74424 kB
NFS_Unstable:          0 kB
Bounce:                0 kB
WritebackTmp:          0 kB
CommitLimit:     8677876 kB
Committed_AS:   70255452 kB
VmallocTotal:   263061440 kB
VmallocUsed:      129580 kB
VmallocChunk:          0 kB
Percpu:             2520 kB
CmaTotal:         405504 kB
CmaFree:          275696 kB
MemTotal:        7918584 kB
MemFree:         1714096 kB
MemAvailable:    3076752 kB
Buffers:            4268 kB
Cached:          1293644 kB
SwapCached:        14796 kB
Active:          2381476 kB
Inactive:        1180356 kB
Active(anon):    2145588 kB
Inactive(anon):   145272 kB
Active(file):     235888 kB
Inactive(file):  1035084 kB
Unevictable:        6544 kB
Mlocked:            6104 kB
SwapTotal:       4718584 kB
SwapFree:        2700436 kB
Dirty:             17728 kB
Writeback:             0 kB
AnonPages:       2266012 kB
Mapped:           614980 kB
Shmem:             22132 kB
KReclaimable:     577460 kB
Slab:             326040 kB
SReclaimable:      95516 kB
SUnreclaim:       230524 kB
KernelStack:       47216 kB
ShadowCallStack:   11852 kB
PageTables:        74480 kB
NFS_Unstable:          0 kB
Bounce:                0 kB
WritebackTmp:          0 kB
CommitLimit:     8677876 kB
Committed_AS:   70320988 kB
VmallocTotal:   263061440 kB
VmallocUsed:      129592 kB
VmallocChunk:          0 kB
Percpu:             2520 kB
CmaTotal:         405504 kB
CmaFree:          275696 kB
MemTotal:        7918584 kB
MemFree:         1663892 kB
MemAvailable:    3025900 kB
Buffers:            4292 kB
Cached:          1293644 kB
SwapCached:        14796 kB
Active:          2430948 kB
Inactive:        1180380 kB
Active(anon):    2195060 kB
Inactive(anon):   145272 kB
Active(file):     235888 kB
Inactive(file):  1035108 kB
Unevictable:        6544 kB
Mlocked:            6104 kB
SwapTotal:       4718584 kB
SwapFree:        2700436 kB
Dirty:             17728 kB
Writeback:             0 kB
AnonPages:       2315632 kB
Mapped:           615324 kB
Shmem:             22132 kB
KReclaimable:     576788 kB
Slab:             326040 kB
SReclaimable:      95516 kB
SUnreclaim:       230524 kB
KernelStack:       47264 kB
ShadowCallStack:   11844 kB
PageTables:        74840 kB
NFS_Unstable:          0 kB
Bounce:                0 kB
WritebackTmp:          0 kB
CommitLimit:     8677876 kB
Committed_AS:   70435700 kB
VmallocTotal:   263061440 kB
VmallocUsed:      129580 kB
VmallocChunk:          0 kB
Percpu:             2520 kB
CmaTotal:         405504 kB
CmaFree:          275696 kB
MemTotal:        7918584 kB
MemFree:         1619720 kB
MemAvailable:    2981056 kB
Buffers:            4292 kB
Cached:          1293708 kB
SwapCached:        14796 kB
Active:          2475128 kB
Inactive:        1180440 kB
Active(anon):    2239240 kB
Inactive(anon):   145268 kB
Active(file):     235888 kB
Inactive(file):  1035172 kB
Unevictable:        6544 kB
Mlocked:            6104 kB
SwapTotal:       4718584 kB
SwapFree:        2700436 kB
Dirty:             17820 kB
Writeback:             0 kB
AnonPages:       2359664 kB
Mapped:           616100 kB
Shmem:             22132 kB
KReclaimable:     576052 kB
Slab:             326156 kB
SReclaimable:      95516 kB
SUnreclaim:       230640 kB
KernelStack:       47264 kB
ShadowCallStack:   11836 kB
PageTables:        74912 kB
NFS_Unstable:          0 kB
Bounce:                0 kB
WritebackTmp:          0 kB
CommitLimit:     8677876 kB
Committed_AS:   70535008 kB
VmallocTotal:   263061440 kB
VmallocUsed:      129584 kB
VmallocChunk:          0 kB
Percpu:             2520 kB
CmaTotal:         405504 kB
CmaFree:          275696 kB
MemTotal:        7918584 kB
MemFree:         1593800 kB
MemAvailable:    2954840 kB
Buffers:            4292 kB
Cached:          1293708 kB
SwapCached:        14796 kB
Active:          2500820 kB
Inactive:        1180444 kB
Active(anon):    2264932 kB
Inactive(anon):   145272 kB
Active(file):     235888 kB
Inactive(file):  1035172 kB
Unevictable:        6544 kB
Mlocked:            6104 kB
SwapTotal:       4718584 kB
SwapFree:        2700436 kB
Dirty:             17820 kB
Writeback:             0 kB
AnonPages:       2385340 kB
Mapped:           616176 kB
Shmem:             22132 kB
KReclaimable:     575756 kB
Slab:             326148 kB
SReclaimable:      95516 kB
SUnreclaim:       230632 kB
KernelStack:       47248 kB
ShadowCallStack:   11844 kB
PageTables:        75084 kB
NFS_Unstable:          0 kB
Bounce:                0 kB
WritebackTmp:          0 kB
CommitLimit:     8677876 kB
Committed_AS:   70600544 kB
VmallocTotal:   263061440 kB
VmallocUsed:      129584 kB
VmallocChunk:          0 kB
Percpu:             2520 kB
CmaTotal:         405504 kB
CmaFree:          275696 kB
MemTotal:        7918584 kB
MemFree:         1489824 kB
MemAvailable:    2727952 kB
Buffers:            4292 kB
Cached:          1293732 kB
SwapCached:        14796 kB
Active:          2603152 kB
Inactive:        1180432 kB
Active(anon):    2367264 kB
Inactive(anon):   145260 kB
Active(file):     235888 kB
Inactive(file):  1035172 kB
Unevictable:        6544 kB
Mlocked:            6104 kB
SwapTotal:       4718584 kB
SwapFree:        2700436 kB
Dirty:             17820 kB
Writeback:             0 kB
AnonPages:       2487672 kB
Mapped:           617532 kB
Shmem:             22156 kB
KReclaimable:     452844 kB
Slab:             326152 kB
SReclaimable:      95516 kB
SUnreclaim:       230636 kB
KernelStack:       47328 kB
ShadowCallStack:   11864 kB
PageTables:        75324 kB
NFS_Unstable:          0 kB
Bounce:                0 kB
WritebackTmp:          0 kB
CommitLimit:     8677876 kB
Committed_AS:   70732012 kB
VmallocTotal:   263061440 kB
VmallocUsed:      129760 kB
VmallocChunk:          0 kB
Percpu:             2520 kB
CmaTotal:         405504 kB
CmaFree:          275696 kB
MemTotal:        7918584 kB
MemFree:         1479288 kB
MemAvailable:    2717308 kB
Buffers:            4292 kB
Cached:          1293888 kB
SwapCached:        14796 kB
Active:          2613740 kB
Inactive:        1180456 kB
Active(anon):    2377852 kB
Inactive(anon):   145272 kB
Active(file):     235888 kB
Inactive(file):  1035184 kB
Unevictable:        6544 kB
Mlocked:            6104 kB
SwapTotal:       4718584 kB
SwapFree:        2700436 kB
Dirty:             17832 kB
Writeback:             0 kB
AnonPages:       2498080 kB
Mapped:           617776 kB
Shmem:             22300 kB
KReclaimable:     452724 kB
Slab:             326320 kB
SReclaimable:      95516 kB
SUnreclaim:       230804 kB
KernelStack:       47360 kB
ShadowCallStack:   11872 kB
PageTables:        75464 kB
NFS_Unstable:          0 kB
Bounce:                0 kB
WritebackTmp:          0 kB
CommitLimit:     8677876 kB
Committed_AS:   70764784 kB
VmallocTotal:   263061440 kB
VmallocUsed:      129736 kB
VmallocChunk:          0 kB
Percpu:             2520 kB
CmaTotal:         405504 kB
CmaFree:          275696 kB
MemTotal:        7918584 kB
MemFree:         1465600 kB
MemAvailable:    2824440 kB
Buffers:            4304 kB
Cached:          1293736 kB
SwapCached:        14796 kB
Active:          2628348 kB
Inactive:        1180464 kB
Active(anon):    2392460 kB
Inactive(anon):   145268 kB
Active(file):     235888 kB
Inactive(file):  1035196 kB
Unevictable:        6544 kB
Mlocked:            6104 kB
SwapTotal:       4718584 kB
SwapFree:        2700436 kB
Dirty:               780 kB
Writeback:            44 kB
AnonPages:       2512892 kB
Mapped:           617644 kB
Shmem:             22140 kB
KReclaimable:     573532 kB
Slab:             326368 kB
SReclaimable:      95516 kB
SUnreclaim:       230852 kB
KernelStack:       47184 kB
ShadowCallStack:   11824 kB
PageTables:        75596 kB
NFS_Unstable:          0 kB
Bounce:                0 kB
WritebackTmp:          0 kB
CommitLimit:     8677876 kB
Committed_AS:   70878868 kB
VmallocTotal:   263061440 kB
VmallocUsed:      129504 kB
VmallocChunk:          0 kB
Percpu:             2520 kB
CmaTotal:         405504 kB
CmaFree:          275696 kB
MemTotal:        7918584 kB
MemFree:         1424500 kB
MemAvailable:    2782396 kB
Buffers:            4312 kB
Cached:          1293736 kB
SwapCached:        14796 kB
Active:          2668344 kB
Inactive:        1180484 kB
Active(anon):    2432456 kB
Inactive(anon):   145272 kB
Active(file):     235888 kB
Inactive(file):  1035212 kB
Unevictable:        6544 kB
Mlocked:            6104 kB
SwapTotal:       4718584 kB
SwapFree:        2700436 kB
Dirty:               816 kB
Writeback:             0 kB
AnonPages:       2552816 kB
Mapped:           618140 kB
Shmem:             22140 kB
KReclaimable:     572572 kB
Slab:             326404 kB
SReclaimable:      95516 kB
SUnreclaim:       230888 kB
KernelStack:       47152 kB
ShadowCallStack:   11828 kB
PageTables:        75680 kB
NFS_Unstable:          0 kB
Bounce:                0 kB
WritebackTmp:          0 kB
CommitLimit:     8677876 kB
Committed_AS:   70960736 kB
VmallocTotal:   263061440 kB
VmallocUsed:      129488 kB
VmallocChunk:          0 kB
Percpu:             2520 kB
CmaTotal:         405504 kB
CmaFree:          275696 kB
MemTotal:        7918584 kB
MemFree:         1398328 kB
MemAvailable:    2755872 kB
Buffers:            4312 kB
Cached:          1293736 kB
SwapCached:        14796 kB
Active:          2695488 kB
Inactive:        1180480 kB
Active(anon):    2459600 kB
Inactive(anon):   145268 kB
Active(file):     235888 kB
Inactive(file):  1035212 kB
Unevictable:        6544 kB
Mlocked:            6104 kB
SwapTotal:       4718584 kB
SwapFree:        2700436 kB
Dirty:               816 kB
Writeback:             0 kB
AnonPages:       2579960 kB
Mapped:           618496 kB
Shmem:             22140 kB
KReclaimable:     572220 kB
Slab:             326412 kB
SReclaimable:      95516 kB
SUnreclaim:       230896 kB
KernelStack:       47168 kB
ShadowCallStack:   11828 kB
PageTables:        75924 kB
NFS_Unstable:          0 kB
Bounce:                0 kB
WritebackTmp:          0 kB
CommitLimit:     8677876 kB
Committed_AS:   71026272 kB
VmallocTotal:   263061440 kB
VmallocUsed:      129496 kB
VmallocChunk:          0 kB
Percpu:             2520 kB
CmaTotal:         405504 kB
CmaFree:          270840 kB
MemTotal:        7918584 kB
MemFree:         1357892 kB
MemAvailable:    2715100 kB
Buffers:            4312 kB
Cached:          1293736 kB
SwapCached:        14796 kB
Active:          2736240 kB
Inactive:        1180476 kB
Active(anon):    2500352 kB
Inactive(anon):   145264 kB
Active(file):     235888 kB
Inactive(file):  1035212 kB
Unevictable:        6544 kB
Mlocked:            6104 kB
SwapTotal:       4718584 kB
SwapFree:        2700436 kB
Dirty:               816 kB
Writeback:             0 kB
AnonPages:       2620920 kB
Mapped:           618648 kB
Shmem:             22140 kB
KReclaimable:     571884 kB
Slab:             326352 kB
SReclaimable:      95516 kB
SUnreclaim:       230836 kB
KernelStack:       47120 kB
ShadowCallStack:   11820 kB
PageTables:        76072 kB
NFS_Unstable:          0 kB
Bounce:                0 kB
WritebackTmp:          0 kB
CommitLimit:     8677876 kB
Committed_AS:   71108192 kB
VmallocTotal:   263061440 kB
VmallocUsed:      129472 kB
VmallocChunk:          0 kB
Percpu:             2520 kB
CmaTotal:         405504 kB
CmaFree:          229500 kB
MemTotal:        7918584 kB
MemFree:         1333640 kB
MemAvailable:    2690332 kB
Buffers:            4312 kB
Cached:          1293748 kB
SwapCached:        14796 kB
Active:          2760856 kB
Inactive:        1180488 kB
Active(anon):    2524968 kB
Inactive(anon):   145264 kB
Active(file):     235888 kB
Inactive(file):  1035224 kB
Unevictable:        6544 kB
Mlocked:            6104 kB
SwapTotal:       4718584 kB
SwapFree:        2700436 kB
Dirty:               828 kB
Writeback:             0 kB
AnonPages:       2645132 kB
Mapped:           619160 kB
Shmem:             22140 kB
KReclaimable:     571356 kB
Slab:             326364 kB
SReclaimable:      95516 kB
SUnreclaim:       230848 kB
KernelStack:       47136 kB
ShadowCallStack:   11816 kB
PageTables:        76056 kB
NFS_Unstable:          0 kB
Bounce:                0 kB
WritebackTmp:          0 kB
CommitLimit:     8677876 kB
Committed_AS:   71173728 kB
VmallocTotal:   263061440 kB
VmallocUsed:      129472 kB
VmallocChunk:          0 kB
Percpu:             2520 kB
CmaTotal:         405504 kB
CmaFree:          205684 kB
MemTotal:        7918584 kB
MemFree:         1287836 kB
MemAvailable:    2644064 kB
Buffers:            4336 kB
Cached:          1293728 kB
SwapCached:        14796 kB
Active:          2805588 kB
Inactive:        1180480 kB
Active(anon):    2569700 kB
Inactive(anon):   145256 kB
Active(file):     235888 kB
Inactive(file):  1035224 kB
Unevictable:        6544 kB
Mlocked:            6104 kB
SwapTotal:       4718584 kB
SwapFree:        2700436 kB
Dirty:               832 kB
Writeback:            20 kB
AnonPages:       2690056 kB
Mapped:           619464 kB
Shmem:             22144 kB
KReclaimable:     570892 kB
Slab:             326376 kB
SReclaimable:      95516 kB
SUnreclaim:       230860 kB
KernelStack:       47104 kB
ShadowCallStack:   11820 kB
PageTables:        76328 kB
NFS_Unstable:          0 kB
Bounce:                0 kB
WritebackTmp:          0 kB
CommitLimit:     8677876 kB
Committed_AS:   71288312 kB
VmallocTotal:   263061440 kB
VmallocUsed:      129428 kB
VmallocChunk:          0 kB
Percpu:             2520 kB
CmaTotal:         405504 kB
CmaFree:          160636 kB
MemTotal:        7918584 kB
MemFree:         1241468 kB
MemAvailable:    2596880 kB
Buffers:            4336 kB
Cached:          1293752 kB
SwapCached:        14796 kB
Active:          2851104 kB
Inactive:        1180504 kB
Active(anon):    2615216 kB
Inactive(anon):   145256 kB
Active(file):     235888 kB
Inactive(file):  1035248 kB
Unevictable:        6544 kB
Mlocked:            6104 kB
SwapTotal:       4718584 kB
SwapFree:        2700436 kB
Dirty:               756 kB
Writeback:             0 kB
AnonPages:       2735664 kB
Mapped:           619804 kB
Shmem:             22144 kB
KReclaimable:     570052 kB
Slab:             326412 kB
SReclaimable:      95516 kB
SUnreclaim:       230896 kB
KernelStack:       47120 kB
ShadowCallStack:   11808 kB
PageTables:        76532 kB
NFS_Unstable:          0 kB
Bounce:                0 kB
WritebackTmp:          0 kB
CommitLimit:     8677876 kB
Committed_AS:   71386616 kB
VmallocTotal:   263061440 kB
VmallocUsed:      129448 kB
VmallocChunk:          0 kB
Percpu:             2520 kB
CmaTotal:         405504 kB
CmaFree:          114904 kB
MemTotal:        7918584 kB
MemFree:         1217748 kB
MemAvailable:    2572952 kB
Buffers:            4336 kB
Cached:          1293760 kB
SwapCached:        14796 kB
Active:          2875440 kB
Inactive:        1180500 kB
Active(anon):    2639552 kB
Inactive(anon):   145252 kB
Active(file):     235888 kB
Inactive(file):  1035248 kB
Unevictable:        6544 kB
Mlocked:            6104 kB
SwapTotal:       4718584 kB
SwapFree:        2700436 kB
Dirty:               756 kB
Writeback:             0 kB
AnonPages:       2759896 kB
Mapped:           620012 kB
Shmem:             22152 kB
KReclaimable:     569844 kB
Slab:             326488 kB
SReclaimable:      95516 kB
SUnreclaim:       230972 kB
KernelStack:       47104 kB
ShadowCallStack:   11808 kB
PageTables:        76728 kB
NFS_Unstable:          0 kB
Bounce:                0 kB
WritebackTmp:          0 kB
CommitLimit:     8677876 kB
Committed_AS:   71452152 kB
VmallocTotal:   263061440 kB
VmallocUsed:      129428 kB
VmallocChunk:          0 kB
Percpu:             2520 kB
CmaTotal:         405504 kB
CmaFree:           90880 kB
MemTotal:        7918584 kB
MemFree:         1177992 kB
MemAvailable:    2532756 kB
Buffers:            4336 kB
Cached:          1293784 kB
SwapCached:        14796 kB
Active:          2916060 kB
Inactive:        1180484 kB
Active(anon):    2680172 kB
Inactive(anon):   145236 kB
Active(file):     235888 kB
Inactive(file):  1035248 kB
Unevictable:        6544 kB
Mlocked:            6104 kB
SwapTotal:       4718584 kB
SwapFree:        2701460 kB
Dirty:               784 kB
Writeback:             0 kB
AnonPages:       2800364 kB
Mapped:           620188 kB
Shmem:             22152 kB
KReclaimable:     569404 kB
Slab:             326504 kB
SReclaimable:      95532 kB
SUnreclaim:       230972 kB
KernelStack:       47120 kB
ShadowCallStack:   11820 kB
PageTables:        76976 kB
NFS_Unstable:          0 kB
Bounce:                0 kB
WritebackTmp:          0 kB
CommitLimit:     8677876 kB
Committed_AS:   71566844 kB
VmallocTotal:   263061440 kB
VmallocUsed:      129428 kB
VmallocChunk:          0 kB
Percpu:             2520 kB
CmaTotal:         405504 kB
CmaFree:           51584 kB
MemTotal:        7918584 kB
MemFree:         1158104 kB
MemAvailable:    2512276 kB
Buffers:            4336 kB
Cached:          1293784 kB
SwapCached:        14796 kB
Active:          2935216 kB
Inactive:        1180296 kB
Active(anon):    2699328 kB
Inactive(anon):   145024 kB
Active(file):     235888 kB
Inactive(file):  1035272 kB
Unevictable:        6544 kB
Mlocked:            6104 kB
SwapTotal:       4718584 kB
SwapFree:        2701460 kB
Dirty:               784 kB
Writeback:             0 kB
AnonPages:       2819420 kB
Mapped:           620556 kB
Shmem:             22152 kB
KReclaimable:     568788 kB
Slab:             326568 kB
SReclaimable:      95564 kB
SUnreclaim:       231004 kB
KernelStack:       47120 kB
ShadowCallStack:   11816 kB
PageTables:        77144 kB
NFS_Unstable:          0 kB
Bounce:                0 kB
WritebackTmp:          0 kB
CommitLimit:     8677876 kB
Committed_AS:   71583228 kB
VmallocTotal:   263061440 kB
VmallocUsed:      129424 kB
VmallocChunk:          0 kB
Percpu:             2520 kB
CmaTotal:         405504 kB
CmaFree:           30992 kB
MemTotal:        7918584 kB
MemFree:         1115276 kB
MemAvailable:    2469060 kB
Buffers:            4336 kB
Cached:          1293788 kB
SwapCached:        14796 kB
Active:          2979264 kB
Inactive:        1180304 kB
Active(anon):    2743376 kB
Inactive(anon):   145028 kB
Active(file):     235888 kB
Inactive(file):  1035276 kB
Unevictable:        6544 kB
Mlocked:            6104 kB
SwapTotal:       4718584 kB
SwapFree:        2701460 kB
Dirty:               236 kB
Writeback:             0 kB
AnonPages:       2863504 kB
Mapped:           620968 kB
Shmem:             22152 kB
KReclaimable:     568396 kB
Slab:             326564 kB
SReclaimable:      95564 kB
SUnreclaim:       231000 kB
KernelStack:       47120 kB
ShadowCallStack:   11812 kB
PageTables:        77248 kB
NFS_Unstable:          0 kB
Bounce:                0 kB
WritebackTmp:          0 kB
CommitLimit:     8677876 kB
Committed_AS:   71714300 kB
VmallocTotal:   263061440 kB
VmallocUsed:      129424 kB
VmallocChunk:          0 kB
Percpu:             2520 kB
CmaTotal:         405504 kB
CmaFree:               0 kB
MemTotal:        7918584 kB
MemFree:         1076696 kB
MemAvailable:    2429912 kB
Buffers:            4344 kB
Cached:          1293792 kB
SwapCached:        14796 kB
Active:          3017608 kB
Inactive:        1180308 kB
Active(anon):    2781720 kB
Inactive(anon):   145024 kB
Active(file):     235888 kB
Inactive(file):  1035284 kB
Unevictable:        6544 kB
Mlocked:            6104 kB
SwapTotal:       4718584 kB
SwapFree:        2701460 kB
Dirty:               320 kB
Writeback:             0 kB
AnonPages:       2901900 kB
Mapped:           621160 kB
Shmem:             22156 kB
KReclaimable:     567820 kB
Slab:             326580 kB
SReclaimable:      95580 kB
SUnreclaim:       231000 kB
KernelStack:       47136 kB
ShadowCallStack:   11800 kB
PageTables:        77476 kB
NFS_Unstable:          0 kB
Bounce:                0 kB
WritebackTmp:          0 kB
CommitLimit:     8677876 kB
Committed_AS:   71779840 kB
VmallocTotal:   263061440 kB
VmallocUsed:      129428 kB
VmallocChunk:          0 kB
Percpu:             2520 kB
CmaTotal:         405504 kB
CmaFree:               0 kB
MemTotal:        7918584 kB
MemFree:         1067636 kB
MemAvailable:    2420772 kB
Buffers:            4344 kB
Cached:          1293792 kB
SwapCached:        14796 kB
Active:          3027136 kB
Inactive:        1180308 kB
Active(anon):    2791248 kB
Inactive(anon):   145024 kB
Active(file):     235888 kB
Inactive(file):  1035284 kB
Unevictable:        6544 kB
Mlocked:            6104 kB
SwapTotal:       4718584 kB
SwapFree:        2701460 kB
Dirty:               320 kB
Writeback:             0 kB
AnonPages:       2911436 kB
Mapped:           621256 kB
Shmem:             22156 kB
KReclaimable:     567740 kB
Slab:             326600 kB
SReclaimable:      95580 kB
SUnreclaim:       231020 kB
KernelStack:       47088 kB
ShadowCallStack:   11820 kB
PageTables:        77544 kB
NFS_Unstable:          0 kB
Bounce:                0 kB
WritebackTmp:          0 kB
CommitLimit:     8677876 kB
Committed_AS:   71812564 kB
VmallocTotal:   263061440 kB
VmallocUsed:      129404 kB
VmallocChunk:          0 kB
Percpu:             2520 kB
CmaTotal:         405504 kB
CmaFree:               0 kB
MemTotal:        7918584 kB
MemFree:         1010460 kB
MemAvailable:    2362556 kB
Buffers:            4344 kB
Cached:          1293792 kB
SwapCached:        14796 kB
Active:          3083464 kB
Inactive:        1180308 kB
Active(anon):    2847576 kB
Inactive(anon):   145024 kB
Active(file):     235888 kB
Inactive(file):  1035284 kB
Unevictable:        6544 kB
Mlocked:            6104 kB
SwapTotal:       4718584 kB
SwapFree:        2701460 kB
Dirty:               320 kB
Writeback:             0 kB
AnonPages:       2967712 kB
Mapped:           621796 kB
Shmem:             22156 kB
KReclaimable:     566700 kB
Slab:             326604 kB
SReclaimable:      95596 kB
SUnreclaim:       231008 kB
KernelStack:       47088 kB
ShadowCallStack:   11808 kB
PageTables:        77792 kB
NFS_Unstable:          0 kB
Bounce:                0 kB
WritebackTmp:          0 kB
CommitLimit:     8677876 kB
Committed_AS:   71960020 kB
VmallocTotal:   263061440 kB
VmallocUsed:      129392 kB
VmallocChunk:          0 kB
Percpu:             2520 kB
CmaTotal:         405504 kB
CmaFree:               0 kB
MemTotal:        7918584 kB
MemFree:          979256 kB
MemAvailable:    2331048 kB
Buffers:            4344 kB
Cached:          1293740 kB
SwapCached:        14796 kB
Active:          3114440 kB
Inactive:        1180300 kB
Active(anon):    2878552 kB
Inactive(anon):   145004 kB
Active(file):     235888 kB
Inactive(file):  1035296 kB
Unevictable:        6544 kB
Mlocked:            6104 kB
SwapTotal:       4718584 kB
SwapFree:        2701716 kB
Dirty:               332 kB
Writeback:             0 kB
AnonPages:       2998788 kB
Mapped:           622172 kB
Shmem:             22092 kB
KReclaimable:     566384 kB
Slab:             326660 kB
SReclaimable:      95596 kB
SUnreclaim:       231064 kB
KernelStack:       47104 kB
ShadowCallStack:   11808 kB
PageTables:        77844 kB
NFS_Unstable:          0 kB
Bounce:                0 kB
WritebackTmp:          0 kB
CommitLimit:     8677876 kB
Committed_AS:   72009108 kB
VmallocTotal:   263061440 kB
VmallocUsed:      129388 kB
VmallocChunk:          0 kB
Percpu:             2520 kB
CmaTotal:         405504 kB
CmaFree:               0 kB
MemTotal:        7918584 kB
MemFree:          936924 kB
MemAvailable:    2288372 kB
Buffers:            4368 kB
Cached:          1293716 kB
SwapCached:        14804 kB
Active:          3156848 kB
Inactive:        1180080 kB
Active(anon):    2920960 kB
Inactive(anon):   144784 kB
Active(file):     235888 kB
Inactive(file):  1035296 kB
Unevictable:        6544 kB
Mlocked:            6104 kB
SwapTotal:       4718584 kB
SwapFree:        2701716 kB
Dirty:               340 kB
Writeback:             0 kB
AnonPages:       3041012 kB
Mapped:           622456 kB
Shmem:             22092 kB
KReclaimable:     566040 kB
Slab:             326680 kB
SReclaimable:      95612 kB
SUnreclaim:       231068 kB
KernelStack:       47072 kB
ShadowCallStack:   11804 kB
PageTables:        77972 kB
NFS_Unstable:          0 kB
Bounce:                0 kB
WritebackTmp:          0 kB
CommitLimit:     8677876 kB
Committed_AS:   72107408 kB
VmallocTotal:   263061440 kB
VmallocUsed:      129392 kB
VmallocChunk:          0 kB
Percpu:             2520 kB
CmaTotal:         405504 kB
CmaFree:               0 kB
MemTotal:        7918584 kB
MemFree:          899136 kB
MemAvailable:    2249596 kB
Buffers:            4376 kB
Cached:          1293732 kB
SwapCached:        14804 kB
Active:          3194732 kB
Inactive:        1180108 kB
Active(anon):    2958844 kB
Inactive(anon):   144788 kB
Active(file):     235888 kB
Inactive(file):  1035320 kB
Unevictable:        6544 kB
Mlocked:            6104 kB
SwapTotal:       4718584 kB
SwapFree:        2701716 kB
Dirty:               148 kB
Writeback:             0 kB
AnonPages:       3078964 kB
Mapped:           622896 kB
Shmem:             22092 kB
KReclaimable:     565280 kB
Slab:             326828 kB
SReclaimable:      95612 kB
SUnreclaim:       231216 kB
KernelStack:       47072 kB
ShadowCallStack:   11816 kB
PageTables:        78204 kB
NFS_Unstable:          0 kB
Bounce:                0 kB
WritebackTmp:          0 kB
CommitLimit:     8677876 kB
Committed_AS:   72205712 kB
VmallocTotal:   263061440 kB
VmallocUsed:      129408 kB
VmallocChunk:          0 kB
Percpu:             2520 kB
CmaTotal:         405504 kB
CmaFree:               0 kB
MemTotal:        7918584 kB
MemFree:          889548 kB
MemAvailable:    2240164 kB
Buffers:            4376 kB
Cached:          1293740 kB
SwapCached:        14804 kB
Active:          3203892 kB
Inactive:        1180112 kB
Active(anon):    2968004 kB
Inactive(anon):   144784 kB
Active(file):     235888 kB
Inactive(file):  1035328 kB
Unevictable:        6544 kB
Mlocked:            6104 kB
SwapTotal:       4718584 kB
SwapFree:        2701716 kB
Dirty:               148 kB
Writeback:             0 kB
AnonPages:       3087828 kB
Mapped:           623056 kB
Shmem:             22092 kB
KReclaimable:     565176 kB
Slab:             326860 kB
SReclaimable:      95612 kB
SUnreclaim:       231248 kB
KernelStack:       47120 kB
ShadowCallStack:   11812 kB
PageTables:        78172 kB
NFS_Unstable:          0 kB
Bounce:                0 kB
WritebackTmp:          0 kB
CommitLimit:     8677876 kB
Committed_AS:   72205712 kB
VmallocTotal:   263061440 kB
VmallocUsed:      129388 kB
VmallocChunk:          0 kB
Percpu:             2520 kB
CmaTotal:         405504 kB
CmaFree:               0 kB
MemTotal:        7918584 kB
MemFree:          826244 kB
MemAvailable:    2179548 kB
Buffers:            4376 kB
Cached:          1296988 kB
SwapCached:        14804 kB
Active:          3262948 kB
Inactive:        1183332 kB
Active(anon):    3027060 kB
Inactive(anon):   144756 kB
Active(file):     235888 kB
Inactive(file):  1038576 kB
Unevictable:        6544 kB
Mlocked:            6104 kB
SwapTotal:       4718584 kB
SwapFree:        2701972 kB
Dirty:               156 kB
Writeback:             0 kB
AnonPages:       3147048 kB
Mapped:           623300 kB
Shmem:             22092 kB
KReclaimable:     564616 kB
Slab:             326936 kB
SReclaimable:      95612 kB
SUnreclaim:       231324 kB
KernelStack:       47088 kB
ShadowCallStack:   11804 kB
PageTables:        78508 kB
NFS_Unstable:          0 kB
Bounce:                0 kB
WritebackTmp:          0 kB
CommitLimit:     8677876 kB
Committed_AS:   72336784 kB
VmallocTotal:   263061440 kB
VmallocUsed:      129404 kB
VmallocChunk:          0 kB
Percpu:             2520 kB
CmaTotal:         405504 kB
CmaFree:               0 kB
MemTotal:        7918584 kB
MemFree:          768164 kB
MemAvailable:    2001256 kB
Buffers:            4376 kB
Cached:          1297012 kB
SwapCached:        14804 kB
Active:          3322348 kB
Inactive:        1183348 kB
Active(anon):    3086460 kB
Inactive(anon):   144760 kB
Active(file):     235888 kB
Inactive(file):  1038588 kB
Unevictable:        6544 kB
Mlocked:            6104 kB
SwapTotal:       4718584 kB
SwapFree:        2701972 kB
Dirty:               276 kB
Writeback:             0 kB
AnonPages:       3206364 kB
Mapped:           624108 kB
Shmem:             22104 kB
KReclaimable:     444392 kB
Slab:             326916 kB
SReclaimable:      95612 kB
SUnreclaim:       231304 kB
KernelStack:       47216 kB
ShadowCallStack:   11832 kB
PageTables:        78700 kB
NFS_Unstable:          0 kB
Bounce:                0 kB
WritebackTmp:          0 kB
CommitLimit:     8677876 kB
Committed_AS:   72402716 kB
VmallocTotal:   263061440 kB
VmallocUsed:      129544 kB
VmallocChunk:          0 kB
Percpu:             2520 kB
CmaTotal:         405504 kB
CmaFree:               0 kB
MemTotal:        7918584 kB
MemFree:          743528 kB
MemAvailable:    1965908 kB
Buffers:            4376 kB
Cached:          1297136 kB
SwapCached:        14804 kB
Active:          3347080 kB
Inactive:        1183344 kB
Active(anon):    3111192 kB
Inactive(anon):   144756 kB
Active(file):     235888 kB
Inactive(file):  1038588 kB
Unevictable:        6544 kB
Mlocked:            6104 kB
SwapTotal:       4718584 kB
SwapFree:        2701972 kB
Dirty:               276 kB
Writeback:             0 kB
AnonPages:       3230948 kB
Mapped:           624492 kB
Shmem:             22228 kB
KReclaimable:     433680 kB
Slab:             326980 kB
SReclaimable:      95628 kB
SUnreclaim:       231352 kB
KernelStack:       47184 kB
ShadowCallStack:   11836 kB
PageTables:        78788 kB
NFS_Unstable:          0 kB
Bounce:                0 kB
WritebackTmp:          0 kB
CommitLimit:     8677876 kB
Committed_AS:   72435444 kB
VmallocTotal:   263061440 kB
VmallocUsed:      129560 kB
VmallocChunk:          0 kB
Percpu:             2520 kB
CmaTotal:         405504 kB
CmaFree:               0 kB
MemTotal:        7918584 kB
MemFree:          725836 kB
MemAvailable:    2077600 kB
Buffers:            4384 kB
Cached:          1297012 kB
SwapCached:        14804 kB
Active:          3363296 kB
Inactive:        1183348 kB
Active(anon):    3127408 kB
Inactive(anon):   144752 kB
Active(file):     235888 kB
Inactive(file):  1038596 kB
Unevictable:        6544 kB
Mlocked:            6104 kB
SwapTotal:       4718584 kB
SwapFree:        2701972 kB
Dirty:               296 kB
Writeback:             0 kB
AnonPages:       3247320 kB
Mapped:           624264 kB
Shmem:             22104 kB
KReclaimable:     563056 kB
Slab:             327008 kB
SReclaimable:      95628 kB
SUnreclaim:       231380 kB
KernelStack:       47088 kB
ShadowCallStack:   11812 kB
PageTables:        79116 kB
NFS_Unstable:          0 kB
Bounce:                0 kB
WritebackTmp:          0 kB
CommitLimit:     8677876 kB
Committed_AS:   72582504 kB
VmallocTotal:   263061440 kB
VmallocUsed:      129424 kB
VmallocChunk:          0 kB
Percpu:             2520 kB
CmaTotal:         405504 kB
CmaFree:               8 kB
MemTotal:        7918584 kB
MemFree:          702740 kB
MemAvailable:    2054536 kB
Buffers:            4384 kB
Cached:          1297372 kB
SwapCached:        14804 kB
Active:          3384768 kB
Inactive:        1183352 kB
Active(anon):    3148520 kB
Inactive(anon):   144756 kB
Active(file):     236248 kB
Inactive(file):  1038596 kB
Unevictable:        6544 kB
Mlocked:            6104 kB
SwapTotal:       4718584 kB
SwapFree:        2702228 kB
Dirty:               300 kB
Writeback:             0 kB
AnonPages:       3268632 kB
Mapped:           624636 kB
Shmem:             22104 kB
KReclaimable:     562728 kB
Slab:             327008 kB
SReclaimable:      95644 kB
SUnreclaim:       231364 kB
KernelStack:       47520 kB
ShadowCallStack:   11920 kB
PageTables:        79000 kB
NFS_Unstable:          0 kB
Bounce:                0 kB
WritebackTmp:          0 kB
CommitLimit:     8677876 kB
Committed_AS:   72598888 kB
VmallocTotal:   263061440 kB
VmallocUsed:      129952 kB
VmallocChunk:          0 kB
Percpu:             2520 kB
CmaTotal:         405504 kB
CmaFree:               0 kB
MemTotal:        7918584 kB
MemFree:          662576 kB
MemAvailable:    2013940 kB
Buffers:            4384 kB
Cached:          1297372 kB
SwapCached:        14804 kB
Active:          3425640 kB
Inactive:        1183348 kB
Active(anon):    3189392 kB
Inactive(anon):   144752 kB
Active(file):     236248 kB
Inactive(file):  1038596 kB
Unevictable:        6544 kB
Mlocked:            6104 kB
SwapTotal:       4718584 kB
SwapFree:        2702228 kB
Dirty:               300 kB
Writeback:             0 kB
AnonPages:       3309356 kB
Mapped:           624788 kB
Shmem:             22104 kB
KReclaimable:     562296 kB
Slab:             327044 kB
SReclaimable:      95644 kB
SUnreclaim:       231400 kB
KernelStack:       47568 kB
ShadowCallStack:   11920 kB
PageTables:        79184 kB
NFS_Unstable:          0 kB
Bounce:                0 kB
WritebackTmp:          0 kB
CommitLimit:     8677876 kB
Committed_AS:   72697192 kB
VmallocTotal:   263061440 kB
VmallocUsed:      129960 kB
VmallocChunk:          0 kB
Percpu:             2520 kB
CmaTotal:         405504 kB
CmaFree:               0 kB
MemTotal:        7918584 kB
MemFree:          620632 kB
MemAvailable:    1971356 kB
Buffers:            4392 kB
Cached:          1297436 kB
SwapCached:        14804 kB
Active:          3466880 kB
Inactive:        1183428 kB
Active(anon):    3230632 kB
Inactive(anon):   144760 kB
Active(file):     236248 kB
Inactive(file):  1038668 kB
Unevictable:        6544 kB
Mlocked:            6104 kB
SwapTotal:       4718584 kB
SwapFree:        2702228 kB
Dirty:               320 kB
Writeback:             0 kB
AnonPages:       3350424 kB
Mapped:           625348 kB
Shmem:             22104 kB
KReclaimable:     561584 kB
Slab:             327080 kB
SReclaimable:      95644 kB
SUnreclaim:       231436 kB
KernelStack:       47552 kB
ShadowCallStack:   11920 kB
PageTables:        79468 kB
NFS_Unstable:          0 kB
Bounce:                0 kB
WritebackTmp:          0 kB
CommitLimit:     8677876 kB
Committed_AS:   72795496 kB
VmallocTotal:   263061440 kB
VmallocUsed:      129968 kB
VmallocChunk:          0 kB
Percpu:             2520 kB
CmaTotal:         405504 kB
CmaFree:               0 kB
MemTotal:        7918584 kB
MemFree:          614284 kB
MemAvailable:    1964584 kB
Buffers:            4392 kB
Cached:          1297436 kB
SwapCached:        14804 kB
Active:          3472876 kB
Inactive:        1183424 kB
Active(anon):    3236628 kB
Inactive(anon):   144756 kB
Active(file):     236248 kB
Inactive(file):  1038668 kB
Unevictable:        6544 kB
Mlocked:            6104 kB
SwapTotal:       4718584 kB
SwapFree:        2702228 kB
Dirty:               324 kB
Writeback:             0 kB
AnonPages:       3356368 kB
Mapped:           625756 kB
Shmem:             22104 kB
KReclaimable:     561160 kB
Slab:             327056 kB
SReclaimable:      95644 kB
SUnreclaim:       231412 kB
KernelStack:       47520 kB
ShadowCallStack:   11912 kB
PageTables:        79336 kB
NFS_Unstable:          0 kB
Bounce:                0 kB
WritebackTmp:          0 kB
CommitLimit:     8677876 kB
Committed_AS:   72795392 kB
VmallocTotal:   263061440 kB
VmallocUsed:      129928 kB
VmallocChunk:          0 kB
Percpu:             2520 kB
CmaTotal:         405504 kB
CmaFree:               0 kB
MemTotal:        7918584 kB
MemFree:          565544 kB
MemAvailable:    1915396 kB
Buffers:            4424 kB
Cached:          1297436 kB
SwapCached:        14804 kB
Active:          3522168 kB
Inactive:        1183452 kB
Active(anon):    3285920 kB
Inactive(anon):   144752 kB
Active(file):     236248 kB
Inactive(file):  1038700 kB
Unevictable:        6544 kB
Mlocked:            6104 kB
SwapTotal:       4718584 kB
SwapFree:        2702228 kB
Dirty:                96 kB
Writeback:             0 kB
AnonPages:       3405832 kB
Mapped:           625836 kB
Shmem:             22104 kB
KReclaimable:     560680 kB
Slab:             327120 kB
SReclaimable:      95644 kB
SUnreclaim:       231476 kB
KernelStack:       47488 kB
ShadowCallStack:   11904 kB
PageTables:        79792 kB
NFS_Unstable:          0 kB
Bounce:                0 kB
WritebackTmp:          0 kB
CommitLimit:     8677876 kB
Committed_AS:   72942796 kB
VmallocTotal:   263061440 kB
VmallocUsed:      129904 kB
VmallocChunk:          0 kB
Percpu:             2520 kB
CmaTotal:         405504 kB
CmaFree:               0 kB
MemTotal:        7918584 kB
MemFree:          534236 kB
MemAvailable:    1883464 kB
Buffers:            4424 kB
Cached:          1297436 kB
SwapCached:        14804 kB
Active:          3552480 kB
Inactive:        1183448 kB
Active(anon):    3316232 kB
Inactive(anon):   144748 kB
Active(file):     236248 kB
Inactive(file):  1038700 kB
Unevictable:        6544 kB
Mlocked:            6104 kB
SwapTotal:       4718584 kB
SwapFree:        2702228 kB
Dirty:               132 kB
Writeback:             0 kB
AnonPages:       3436308 kB
Mapped:           626116 kB
Shmem:             22104 kB
KReclaimable:     560056 kB
Slab:             327192 kB
SReclaimable:      95644 kB
SUnreclaim:       231548 kB
KernelStack:       47472 kB
ShadowCallStack:   11904 kB
PageTables:        79728 kB
NFS_Unstable:          0 kB
Bounce:                0 kB
WritebackTmp:          0 kB
CommitLimit:     8677876 kB
Committed_AS:   73008124 kB
VmallocTotal:   263061440 kB
VmallocUsed:      129828 kB
VmallocChunk:          0 kB
Percpu:             2520 kB
CmaTotal:         405504 kB
CmaFree:               0 kB
MemTotal:        7918584 kB
MemFree:          513804 kB
MemAvailable:    1863612 kB
Buffers:            4424 kB
Cached:          1298112 kB
SwapCached:        14804 kB
Active:          3573948 kB
Inactive:        1183452 kB
Active(anon):    3337024 kB
Inactive(anon):   144752 kB
Active(file):     236924 kB
Inactive(file):  1038700 kB
Unevictable:        6544 kB
Mlocked:            6104 kB
SwapTotal:       4718584 kB
SwapFree:        2702228 kB
Dirty:               144 kB
Writeback:             0 kB
AnonPages:       3457052 kB
Mapped:           626380 kB
Shmem:             22104 kB
KReclaimable:     559960 kB
Slab:             327140 kB
SReclaimable:      95644 kB
SUnreclaim:       231496 kB
KernelStack:       47392 kB
ShadowCallStack:   11884 kB
PageTables:        80060 kB
NFS_Unstable:          0 kB
Bounce:                0 kB
WritebackTmp:          0 kB
CommitLimit:     8677876 kB
Committed_AS:   73073556 kB
VmallocTotal:   263061440 kB
VmallocUsed:      129788 kB
VmallocChunk:          0 kB
Percpu:             2520 kB
CmaTotal:         405504 kB
CmaFree:               8 kB
MemTotal:        7918584 kB
MemFree:          456796 kB
MemAvailable:    1805160 kB
Buffers:            4424 kB
Cached:          1298128 kB
SwapCached:        14804 kB
Active:          3631696 kB
Inactive:        1183464 kB
Active(anon):    3394772 kB
Inactive(anon):   144752 kB
Active(file):     236924 kB
Inactive(file):  1038712 kB
Unevictable:        6544 kB
Mlocked:            6104 kB
SwapTotal:       4718584 kB
SwapFree:        2702228 kB
Dirty:               180 kB
Writeback:             0 kB
AnonPages:       3514664 kB
Mapped:           627044 kB
Shmem:             22108 kB
KReclaimable:     558504 kB
Slab:             327140 kB
SReclaimable:      95612 kB
SUnreclaim:       231528 kB
KernelStack:       47408 kB
ShadowCallStack:   11884 kB
PageTables:        80252 kB
NFS_Unstable:          0 kB
Bounce:                0 kB
WritebackTmp:          0 kB
CommitLimit:     8677876 kB
Committed_AS:   73188248 kB
VmallocTotal:   263061440 kB
VmallocUsed:      129788 kB
VmallocChunk:          0 kB
Percpu:             2520 kB
CmaTotal:         405504 kB
CmaFree:               0 kB
MemTotal:        7918584 kB
MemFree:          444260 kB
MemAvailable:    1792496 kB
Buffers:            4424 kB
Cached:          1298128 kB
SwapCached:        14804 kB
Active:          3643468 kB
Inactive:        1183468 kB
Active(anon):    3406544 kB
Inactive(anon):   144756 kB
Active(file):     236924 kB
Inactive(file):  1038712 kB
Unevictable:        6544 kB
Mlocked:            6104 kB
SwapTotal:       4718584 kB
SwapFree:        2702228 kB
Dirty:               180 kB
Writeback:             0 kB
AnonPages:       3526456 kB
Mapped:           627168 kB
Shmem:             22108 kB
KReclaimable:     558376 kB
Slab:             327148 kB
SReclaimable:      95612 kB
SUnreclaim:       231536 kB
KernelStack:       47344 kB
ShadowCallStack:   11872 kB
PageTables:        80180 kB
NFS_Unstable:          0 kB
Bounce:                0 kB
WritebackTmp:          0 kB
CommitLimit:     8677876 kB
Committed_AS:   73188092 kB
VmallocTotal:   263061440 kB
VmallocUsed:      129764 kB
VmallocChunk:          0 kB
Percpu:             2520 kB
CmaTotal:         405504 kB
CmaFree:               0 kB
MemTotal:        7918584 kB
MemFree:          401776 kB
MemAvailable:    1749620 kB
Buffers:            4432 kB
Cached:          1298120 kB
SwapCached:        14804 kB
Active:          3685412 kB
Inactive:        1183460 kB
Active(anon):    3448488 kB
Inactive(anon):   144748 kB
Active(file):     236924 kB
Inactive(file):  1038712 kB
Unevictable:        6544 kB
Mlocked:            6104 kB
SwapTotal:       4718584 kB
SwapFree:        2702228 kB
Dirty:                84 kB
Writeback:             0 kB
AnonPages:       3568320 kB
Mapped:           627512 kB
Shmem:             22108 kB
KReclaimable:     557984 kB
Slab:             327204 kB
SReclaimable:      95612 kB
SUnreclaim:       231592 kB
KernelStack:       47312 kB
ShadowCallStack:   11864 kB
PageTables:        80244 kB
NFS_Unstable:          0 kB
Bounce:                0 kB
WritebackTmp:          0 kB
CommitLimit:     8677876 kB
Committed_AS:   73302580 kB
VmallocTotal:   263061440 kB
VmallocUsed:      129648 kB
VmallocChunk:          0 kB
Percpu:             2520 kB
CmaTotal:         405504 kB
CmaFree:               0 kB
MemTotal:        7918584 kB
MemFree:          357808 kB
MemAvailable:    1704956 kB
Buffers:            4432 kB
Cached:          1298136 kB
SwapCached:        14804 kB
Active:          3727908 kB
Inactive:        1183472 kB
Active(anon):    3490984 kB
Inactive(anon):   144752 kB
Active(file):     236924 kB
Inactive(file):  1038720 kB
Unevictable:        6544 kB
Mlocked:            6104 kB
SwapTotal:       4718584 kB
SwapFree:        2702228 kB
Dirty:               132 kB
Writeback:             0 kB
AnonPages:       3610932 kB
Mapped:           627884 kB
Shmem:             22116 kB
KReclaimable:     557280 kB
Slab:             327268 kB
SReclaimable:      95612 kB
SUnreclaim:       231656 kB
KernelStack:       47280 kB
ShadowCallStack:   11856 kB
PageTables:        80564 kB
NFS_Unstable:          0 kB
Bounce:                0 kB
WritebackTmp:          0 kB
CommitLimit:     8677876 kB
Committed_AS:   73400884 kB
VmallocTotal:   263061440 kB
VmallocUsed:      129628 kB
VmallocChunk:          0 kB
Percpu:             2520 kB
CmaTotal:         405504 kB
CmaFree:               0 kB
MemTotal:        7918584 kB
MemFree:          350972 kB
MemAvailable:    1698096 kB
Buffers:            4432 kB
Cached:          1298136 kB
SwapCached:        14804 kB
Active:          3734828 kB
Inactive:        1183464 kB
Active(anon):    3497904 kB
Inactive(anon):   144744 kB
Active(file):     236924 kB
Inactive(file):  1038720 kB
Unevictable:        6544 kB
Mlocked:            6104 kB
SwapTotal:       4718584 kB
SwapFree:        2702228 kB
Dirty:               132 kB
Writeback:             0 kB
AnonPages:       3617832 kB
Mapped:           628020 kB
Shmem:             22116 kB
KReclaimable:     557256 kB
Slab:             327248 kB
SReclaimable:      95612 kB
SUnreclaim:       231636 kB
KernelStack:       47328 kB
ShadowCallStack:   11860 kB
PageTables:        80556 kB
NFS_Unstable:          0 kB
Bounce:                0 kB
WritebackTmp:          0 kB
CommitLimit:     8677876 kB
Committed_AS:   73417268 kB
VmallocTotal:   263061440 kB
VmallocUsed:      129652 kB
VmallocChunk:          0 kB
Percpu:             2520 kB
CmaTotal:         405504 kB
CmaFree:               0 kB
MemTotal:        7918584 kB
MemFree:          287372 kB
MemAvailable:    1633560 kB
Buffers:            4432 kB
Cached:          1298152 kB
SwapCached:        14804 kB
Active:          3798992 kB
Inactive:        1183480 kB
Active(anon):    3562068 kB
Inactive(anon):   144752 kB
Active(file):     236924 kB
Inactive(file):  1038728 kB
Unevictable:        6544 kB
Mlocked:            6104 kB
SwapTotal:       4718584 kB
SwapFree:        2702228 kB
Dirty:               144 kB
Writeback:             0 kB
AnonPages:       3681896 kB
Mapped:           628656 kB
Shmem:             22124 kB
KReclaimable:     556312 kB
Slab:             327220 kB
SReclaimable:      95612 kB
SUnreclaim:       231608 kB
KernelStack:       47264 kB
ShadowCallStack:   11848 kB
PageTables:        80680 kB
NFS_Unstable:          0 kB
Bounce:                0 kB
WritebackTmp:          0 kB
CommitLimit:     8677876 kB
Committed_AS:   73564736 kB
VmallocTotal:   263061440 kB
VmallocUsed:      129664 kB
VmallocChunk:          0 kB
Percpu:             2520 kB
CmaTotal:         405504 kB
CmaFree:               8 kB
MemTotal:        7918584 kB
MemFree:          268016 kB
MemAvailable:    1613620 kB
Buffers:            4432 kB
Cached:          1298156 kB
SwapCached:        14804 kB
Active:          3817948 kB
Inactive:        1183476 kB
Active(anon):    3581024 kB
Inactive(anon):   144748 kB
Active(file):     236924 kB
Inactive(file):  1038728 kB
Unevictable:        6544 kB
Mlocked:            6104 kB
SwapTotal:       4718584 kB
SwapFree:        2702228 kB
Dirty:               148 kB
Writeback:             0 kB
AnonPages:       3700916 kB
Mapped:           628752 kB
Shmem:             22128 kB
KReclaimable:     555728 kB
Slab:             327188 kB
SReclaimable:      95500 kB
SUnreclaim:       231688 kB
KernelStack:       47248 kB
ShadowCallStack:   11844 kB
PageTables:        81024 kB
NFS_Unstable:          0 kB
Bounce:                0 kB
WritebackTmp:          0 kB
CommitLimit:     8677876 kB
Committed_AS:   73581020 kB
VmallocTotal:   263061440 kB
VmallocUsed:      129604 kB
VmallocChunk:          0 kB
Percpu:             2520 kB
CmaTotal:         405504 kB
CmaFree:               0 kB
MemTotal:        7918584 kB
MemFree:          246360 kB
MemAvailable:    1683304 kB
Buffers:            4464 kB
Cached:          1298160 kB
SwapCached:        14800 kB
Active:          3862800 kB
Inactive:        1165564 kB
Active(anon):    3625876 kB
Inactive(anon):   126804 kB
Active(file):     236924 kB
Inactive(file):  1038760 kB
Unevictable:        6544 kB
Mlocked:            6104 kB
SwapTotal:       4718584 kB
SwapFree:        2700948 kB
Dirty:               168 kB
Writeback:             4 kB
AnonPages:       3727868 kB
Mapped:           628832 kB
Shmem:             22128 kB
KReclaimable:     551484 kB
Slab:             326160 kB
SReclaimable:      94396 kB
SUnreclaim:       231764 kB
KernelStack:       47280 kB
ShadowCallStack:   11856 kB
PageTables:        81032 kB
NFS_Unstable:          0 kB
Bounce:                0 kB
WritebackTmp:          0 kB
CommitLimit:     8677876 kB
Committed_AS:   73663588 kB
VmallocTotal:   263061440 kB
VmallocUsed:      129624 kB
VmallocChunk:          0 kB
Percpu:             2520 kB
CmaTotal:         405504 kB
CmaFree:               0 kB
MemTotal:        7918584 kB
MemFree:          213132 kB
MemAvailable:    1636200 kB
Buffers:            4464 kB
Cached:          1297872 kB
SwapCached:        14336 kB
Active:          3953280 kB
Inactive:        1124904 kB
Active(anon):    3716356 kB
Inactive(anon):    86144 kB
Active(file):     236924 kB
Inactive(file):  1038760 kB
Unevictable:        6544 kB
Mlocked:            6104 kB
SwapTotal:       4718584 kB
SwapFree:        2692500 kB
Dirty:               344 kB
Writeback:             0 kB
AnonPages:       3777916 kB
Mapped:           629204 kB
Shmem:             21844 kB
KReclaimable:     537608 kB
Slab:             326072 kB
SReclaimable:      94348 kB
SUnreclaim:       231724 kB
KernelStack:       47264 kB
ShadowCallStack:   11852 kB
PageTables:        81324 kB
NFS_Unstable:          0 kB
Bounce:                0 kB
WritebackTmp:          0 kB
CommitLimit:     8677876 kB
Committed_AS:   73778276 kB
VmallocTotal:   263061440 kB
VmallocUsed:      129592 kB
VmallocChunk:          0 kB
Percpu:             2520 kB
CmaTotal:         405504 kB
CmaFree:             256 kB
MemTotal:        7918584 kB
MemFree:          210916 kB
MemAvailable:    1633952 kB
Buffers:            4464 kB
Cached:          1297872 kB
SwapCached:        14336 kB
Active:          3956768 kB
Inactive:        1124900 kB
Active(anon):    3719844 kB
Inactive(anon):    86140 kB
Active(file):     236924 kB
Inactive(file):  1038760 kB
Unevictable:        6544 kB
Mlocked:            6104 kB
SwapTotal:       4718584 kB
SwapFree:        2692500 kB
Dirty:               344 kB
Writeback:             0 kB
AnonPages:       3781264 kB
Mapped:           629300 kB
Shmem:             21844 kB
KReclaimable:     537576 kB
Slab:             326168 kB
SReclaimable:      94348 kB
SUnreclaim:       231820 kB
KernelStack:       47296 kB
ShadowCallStack:   11856 kB
PageTables:        81364 kB
NFS_Unstable:          0 kB
Bounce:                0 kB
WritebackTmp:          0 kB
CommitLimit:     8677876 kB
Committed_AS:   73778280 kB
VmallocTotal:   263061440 kB
VmallocUsed:      129608 kB
VmallocChunk:          0 kB
Percpu:             2520 kB
CmaTotal:         405504 kB
CmaFree:             256 kB
MemTotal:        7918584 kB
MemFree:          202168 kB
MemAvailable:    1580392 kB
Buffers:            4356 kB
Cached:          1263180 kB
SwapCached:        14320 kB
Active:          4018700 kB
Inactive:        1080736 kB
Active(anon):    3779068 kB
Inactive(anon):    79584 kB
Active(file):     239632 kB
Inactive(file):  1001152 kB
Unevictable:        6544 kB
Mlocked:            6104 kB
SwapTotal:       4718584 kB
SwapFree:        2691476 kB
Dirty:               356 kB
Writeback:             0 kB
AnonPages:       3834340 kB
Mapped:           615652 kB
Shmem:             21848 kB
KReclaimable:     527664 kB
Slab:             326136 kB
SReclaimable:      94348 kB
SUnreclaim:       231788 kB
KernelStack:       47248 kB
ShadowCallStack:   11856 kB
PageTables:        81456 kB
NFS_Unstable:          0 kB
Bounce:                0 kB
WritebackTmp:          0 kB
CommitLimit:     8677876 kB
Committed_AS:   73909352 kB
VmallocTotal:   263061440 kB
VmallocUsed:      129592 kB
VmallocChunk:          0 kB
Percpu:             2520 kB
CmaTotal:         405504 kB
CmaFree:               0 kB
MemTotal:        7918584 kB
MemFree:          205504 kB
MemAvailable:    1548192 kB
Buffers:            4352 kB
Cached:          1233428 kB
SwapCached:        14320 kB
Active:          4052428 kB
Inactive:        1049280 kB
Active(anon):    3811004 kB
Inactive(anon):    79584 kB
Active(file):     241424 kB
Inactive(file):   969696 kB
Unevictable:        6544 kB
Mlocked:            6104 kB
SwapTotal:       4718584 kB
SwapFree:        2691476 kB
Dirty:               356 kB
Writeback:             0 kB
AnonPages:       3866016 kB
Mapped:           605300 kB
Shmem:             21852 kB
KReclaimable:     521792 kB
Slab:             326172 kB
SReclaimable:      94348 kB
SUnreclaim:       231824 kB
KernelStack:       47248 kB
ShadowCallStack:   11844 kB
PageTables:        81732 kB
NFS_Unstable:          0 kB
Bounce:                0 kB
WritebackTmp:          0 kB
CommitLimit:     8677876 kB
Committed_AS:   73958508 kB
VmallocTotal:   263061440 kB
VmallocUsed:      129604 kB
VmallocChunk:          0 kB
Percpu:             2520 kB
CmaTotal:         405504 kB
CmaFree:               0 kB
MemTotal:        7918584 kB
MemFree:          209664 kB
MemAvailable:    1368432 kB
Buffers:            4316 kB
Cached:          1175644 kB
SwapCached:        14320 kB
Active:          4112456 kB
Inactive:         987496 kB
Active(anon):    3867080 kB
Inactive(anon):    79584 kB
Active(file):     245376 kB
Inactive(file):   907912 kB
Unevictable:        6544 kB
Mlocked:            6104 kB
SwapTotal:       4718584 kB
SwapFree:        2691476 kB
Dirty:               388 kB
Writeback:             0 kB
AnonPages:       3921996 kB
Mapped:           588956 kB
Shmem:             21948 kB
KReclaimable:     395704 kB
Slab:             326336 kB
SReclaimable:      94348 kB
SUnreclaim:       231988 kB
KernelStack:       47360 kB
ShadowCallStack:   11872 kB
PageTables:        81900 kB
NFS_Unstable:          0 kB
Bounce:                0 kB
WritebackTmp:          0 kB
CommitLimit:     8677876 kB
Committed_AS:   74008056 kB
VmallocTotal:   263061440 kB
VmallocUsed:      129764 kB
VmallocChunk:          0 kB
Percpu:             2520 kB
CmaTotal:         405504 kB
CmaFree:               0 kB
MemTotal:        7918584 kB
MemFree:          228324 kB
MemAvailable:    1465084 kB
Buffers:            4292 kB
Cached:          1137740 kB
SwapCached:        14320 kB
Active:          4139328 kB
Inactive:         947764 kB
Active(anon):    3892324 kB
Inactive(anon):    79576 kB
Active(file):     247004 kB
Inactive(file):   868188 kB
Unevictable:        6544 kB
Mlocked:            6104 kB
SwapTotal:       4718584 kB
SwapFree:        2691476 kB
Dirty:                48 kB
Writeback:             0 kB
AnonPages:       3947428 kB
Mapped:           583176 kB
Shmem:             22012 kB
KReclaimable:     511792 kB
Slab:             326240 kB
SReclaimable:      94348 kB
SUnreclaim:       231892 kB
KernelStack:       47344 kB
ShadowCallStack:   11868 kB
PageTables:        81908 kB
NFS_Unstable:          0 kB
Bounce:                0 kB
WritebackTmp:          0 kB
CommitLimit:     8677876 kB
Committed_AS:   74138732 kB
VmallocTotal:   263061440 kB
VmallocUsed:      129640 kB
VmallocChunk:          0 kB
Percpu:             2520 kB
CmaTotal:         405504 kB
CmaFree:             460 kB
MemTotal:        7918584 kB
MemFree:          220432 kB
MemAvailable:    1456780 kB
Buffers:            4292 kB
Cached:          1137476 kB
SwapCached:        14320 kB
Active:          4146940 kB
Inactive:         947636 kB
Active(anon):    3899884 kB
Inactive(anon):    79584 kB
Active(file):     247056 kB
Inactive(file):   868052 kB
Unevictable:        6544 kB
Mlocked:            6104 kB
SwapTotal:       4718584 kB
SwapFree:        2691476 kB
Dirty:                48 kB
Writeback:             0 kB
AnonPages:       3954936 kB
Mapped:           582980 kB
Shmem:             21852 kB
KReclaimable:     511464 kB
Slab:             326364 kB
SReclaimable:      94348 kB
SUnreclaim:       232016 kB
KernelStack:       47248 kB
ShadowCallStack:   11852 kB
PageTables:        82096 kB
NFS_Unstable:          0 kB
Bounce:                0 kB
WritebackTmp:          0 kB
CommitLimit:     8677876 kB
Committed_AS:   74138732 kB
VmallocTotal:   263061440 kB
VmallocUsed:      129624 kB
VmallocChunk:          0 kB
Percpu:             2520 kB
CmaTotal:         405504 kB
CmaFree:               4 kB
MemTotal:        7918584 kB
MemFree:          203632 kB
MemAvailable:    1422148 kB
Buffers:            4292 kB
Cached:          1122156 kB
SwapCached:        14320 kB
Active:          4181252 kB
Inactive:         932276 kB
Active(anon):    3934156 kB
Inactive(anon):    79584 kB
Active(file):     247096 kB
Inactive(file):   852692 kB
Unevictable:        6544 kB
Mlocked:            6104 kB
SwapTotal:       4718584 kB
SwapFree:        2691476 kB
Dirty:                84 kB
Writeback:             0 kB
AnonPages:       3989228 kB
Mapped:           583136 kB
Shmem:             21852 kB
KReclaimable:     508952 kB
Slab:             326376 kB
SReclaimable:      94348 kB
SUnreclaim:       232028 kB
KernelStack:       47264 kB
ShadowCallStack:   11848 kB
PageTables:        82184 kB
NFS_Unstable:          0 kB
Bounce:                0 kB
WritebackTmp:          0 kB
CommitLimit:     8677876 kB
Committed_AS:   74237036 kB
VmallocTotal:   263061440 kB
VmallocUsed:      129624 kB
VmallocChunk:          0 kB
Percpu:             2520 kB
CmaTotal:         405504 kB
CmaFree:               0 kB
MemTotal:        7918584 kB
MemFree:          205496 kB
MemAvailable:    1372576 kB
Buffers:            4288 kB
Cached:          1077448 kB
SwapCached:        14320 kB
Active:          4229908 kB
Inactive:         887532 kB
Active(anon):    3982736 kB
Inactive(anon):    79568 kB
Active(file):     247172 kB
Inactive(file):   807964 kB
Unevictable:        6544 kB
Mlocked:            6104 kB
SwapTotal:       4718584 kB
SwapFree:        2691476 kB
Dirty:                84 kB
Writeback:             0 kB
AnonPages:       4037892 kB
Mapped:           581644 kB
Shmem:             21852 kB
KReclaimable:     502168 kB
Slab:             326348 kB
SReclaimable:      94348 kB
SUnreclaim:       232000 kB
KernelStack:       47248 kB
ShadowCallStack:   11852 kB
PageTables:        82560 kB
NFS_Unstable:          0 kB
Bounce:                0 kB
WritebackTmp:          0 kB
CommitLimit:     8677876 kB
Committed_AS:   74335344 kB
VmallocTotal:   263061440 kB
VmallocUsed:      129604 kB
VmallocChunk:          0 kB
Percpu:             2520 kB
CmaTotal:         405504 kB
CmaFree:               0 kB
MemTotal:        7918584 kB
MemFree:          205272 kB
MemAvailable:    1367720 kB
Buffers:            4320 kB
Cached:          1073620 kB
SwapCached:        14320 kB
Active:          4234504 kB
Inactive:         883644 kB
Active(anon):    3987288 kB
Inactive(anon):    79580 kB
Active(file):     247216 kB
Inactive(file):   804064 kB
Unevictable:        6544 kB
Mlocked:            6104 kB
SwapTotal:       4718584 kB
SwapFree:        2691476 kB
Dirty:               188 kB
Writeback:             0 kB
AnonPages:       4042296 kB
Mapped:           581000 kB
Shmem:             21852 kB
KReclaimable:     501392 kB
Slab:             326416 kB
SReclaimable:      94348 kB
SUnreclaim:       232068 kB
KernelStack:       47248 kB
ShadowCallStack:   11844 kB
PageTables:        82424 kB
NFS_Unstable:          0 kB
Bounce:                0 kB
WritebackTmp:          0 kB
CommitLimit:     8677876 kB
Committed_AS:   74335344 kB
VmallocTotal:   263061440 kB
VmallocUsed:      129608 kB
VmallocChunk:          0 kB
Percpu:             2520 kB
CmaTotal:         405504 kB
CmaFree:               0 kB
MemTotal:        7918584 kB
MemFree:          202336 kB
MemAvailable:    1307040 kB
Buffers:            4316 kB
Cached:          1023808 kB
SwapCached:        14320 kB
Active:          4294708 kB
Inactive:         833672 kB
Active(anon):    4047340 kB
Inactive(anon):    79576 kB
Active(file):     247368 kB
Inactive(file):   754096 kB
Unevictable:        6544 kB
Mlocked:            6104 kB
SwapTotal:       4718584 kB
SwapFree:        2691476 kB
Dirty:               204 kB
Writeback:             0 kB
AnonPages:       4102340 kB
Mapped:           578060 kB
Shmem:             21852 kB
KReclaimable:     493464 kB
Slab:             326456 kB
SReclaimable:      94348 kB
SUnreclaim:       232108 kB
KernelStack:       47264 kB
ShadowCallStack:   11848 kB
PageTables:        83048 kB
NFS_Unstable:          0 kB
Bounce:                0 kB
WritebackTmp:          0 kB
CommitLimit:     8677876 kB
Committed_AS:   74466412 kB
VmallocTotal:   263061440 kB
VmallocUsed:      129600 kB
VmallocChunk:          0 kB
Percpu:             2520 kB
CmaTotal:         405504 kB
CmaFree:               0 kB
MemTotal:        7918584 kB
MemFree:          205880 kB
MemAvailable:    1278404 kB
Buffers:            4316 kB
Cached:           995652 kB
SwapCached:        14320 kB
Active:          4321968 kB
Inactive:         805516 kB
Active(anon):    4074596 kB
Inactive(anon):    79580 kB
Active(file):     247372 kB
Inactive(file):   725936 kB
Unevictable:        6544 kB
Mlocked:            6104 kB
SwapTotal:       4718584 kB
SwapFree:        2691476 kB
Dirty:               204 kB
Writeback:             0 kB
AnonPages:       4129660 kB
Mapped:           578272 kB
Shmem:             21852 kB
KReclaimable:     489440 kB
Slab:             326432 kB
SReclaimable:      94348 kB
SUnreclaim:       232084 kB
KernelStack:       47264 kB
ShadowCallStack:   11848 kB
PageTables:        82784 kB
NFS_Unstable:          0 kB
Bounce:                0 kB
WritebackTmp:          0 kB
CommitLimit:     8677876 kB
Committed_AS:   74515564 kB
VmallocTotal:   263061440 kB
VmallocUsed:      129600 kB
VmallocChunk:          0 kB
Percpu:             2520 kB
CmaTotal:         405504 kB
CmaFree:               0 kB
MemTotal:        7918584 kB
MemFree:          203048 kB
MemAvailable:    1263632 kB
Buffers:            4316 kB
Cached:           985504 kB
SwapCached:        14320 kB
Active:          4336432 kB
Inactive:         795016 kB
Active(anon):    4088704 kB
Inactive(anon):    79576 kB
Active(file):     247728 kB
Inactive(file):   715440 kB
Unevictable:        6544 kB
Mlocked:            6104 kB
SwapTotal:       4718584 kB
SwapFree:        2691476 kB
Dirty:               152 kB
Writeback:             0 kB
AnonPages:       4143664 kB
Mapped:           578100 kB
Shmem:             21852 kB
KReclaimable:     487640 kB
Slab:             326460 kB
SReclaimable:      94348 kB
SUnreclaim:       232112 kB
KernelStack:       47264 kB
ShadowCallStack:   11852 kB
PageTables:        82852 kB
NFS_Unstable:          0 kB
Bounce:                0 kB
WritebackTmp:          0 kB
CommitLimit:     8677876 kB
Committed_AS:   74564720 kB
VmallocTotal:   263061440 kB
VmallocUsed:      129608 kB
VmallocChunk:          0 kB
Percpu:             2520 kB
CmaTotal:         405504 kB
CmaFree:               0 kB
MemTotal:        7918584 kB
MemFree:          203524 kB
MemAvailable:    1203056 kB
Buffers:            4312 kB
Cached:           932160 kB
SwapCached:        14320 kB
Active:          4397420 kB
Inactive:         739972 kB
Active(anon):    4147904 kB
Inactive(anon):    79580 kB
Active(file):     249516 kB
Inactive(file):   660392 kB
Unevictable:        6544 kB
Mlocked:            6104 kB
SwapTotal:       4718584 kB
SwapFree:        2691476 kB
Dirty:               152 kB
Writeback:             0 kB
AnonPages:       4202928 kB
Mapped:           566932 kB
Shmem:             21852 kB
KReclaimable:     479848 kB
Slab:             326468 kB
SReclaimable:      94348 kB
SUnreclaim:       232120 kB
KernelStack:       47264 kB
ShadowCallStack:   11848 kB
PageTables:        82924 kB
NFS_Unstable:          0 kB
Bounce:                0 kB
WritebackTmp:          0 kB
CommitLimit:     8677876 kB
Committed_AS:   74695788 kB
VmallocTotal:   263061440 kB
VmallocUsed:      129568 kB
VmallocChunk:          0 kB
Percpu:             2520 kB
CmaTotal:         405504 kB
CmaFree:               0 kB
MemTotal:        7918584 kB
MemFree:          202732 kB
MemAvailable:    1189112 kB
Buffers:            4316 kB
Cached:           921020 kB
SwapCached:        14320 kB
Active:          4412596 kB
Inactive:         728200 kB
Active(anon):    4162540 kB
Inactive(anon):    79580 kB
Active(file):     250056 kB
Inactive(file):   648620 kB
Unevictable:        6544 kB
Mlocked:            6104 kB
SwapTotal:       4718584 kB
SwapFree:        2691476 kB
Dirty:               200 kB
Writeback:             0 kB
AnonPages:       4217652 kB
Mapped:           564108 kB
Shmem:             21852 kB
KReclaimable:     477928 kB
Slab:             326528 kB
SReclaimable:      94348 kB
SUnreclaim:       232180 kB
KernelStack:       47264 kB
ShadowCallStack:   11852 kB
PageTables:        83044 kB
NFS_Unstable:          0 kB
Bounce:                0 kB
WritebackTmp:          0 kB
CommitLimit:     8677876 kB
Committed_AS:   74712172 kB
VmallocTotal:   263061440 kB
VmallocUsed:      129608 kB
VmallocChunk:          0 kB
Percpu:             2520 kB
CmaTotal:         405504 kB
CmaFree:               8 kB
MemTotal:        7918584 kB
MemFree:          204856 kB
MemAvailable:    1151872 kB
Buffers:            3484 kB
Cached:           890264 kB
SwapCached:        14320 kB
Active:          4460360 kB
Inactive:         684900 kB
Active(anon):    4198692 kB
Inactive(anon):    79580 kB
Active(file):     261668 kB
Inactive(file):   605320 kB
Unevictable:        6544 kB
Mlocked:            6104 kB
SwapTotal:       4718584 kB
SwapFree:        2691476 kB
Dirty:               200 kB
Writeback:             0 kB
AnonPages:       4253812 kB
Mapped:           559932 kB
Shmem:             21852 kB
KReclaimable:     470252 kB
Slab:             326556 kB
SReclaimable:      94344 kB
SUnreclaim:       232212 kB
KernelStack:       47264 kB
ShadowCallStack:   11844 kB
PageTables:        83212 kB
NFS_Unstable:          0 kB
Bounce:                0 kB
WritebackTmp:          0 kB
CommitLimit:     8677876 kB
Committed_AS:   74826860 kB
VmallocTotal:   263061440 kB
VmallocUsed:      129608 kB
VmallocChunk:          0 kB
Percpu:             2520 kB
CmaTotal:         405504 kB
CmaFree:               0 kB
MemTotal:        7918584 kB
MemFree:          204604 kB
MemAvailable:    1104772 kB
Buffers:            3080 kB
Cached:           850524 kB
SwapCached:        14320 kB
Active:          4508040 kB
Inactive:         644120 kB
Active(anon):    4245644 kB
Inactive(anon):    79572 kB
Active(file):     262396 kB
Inactive(file):   564548 kB
Unevictable:        6544 kB
Mlocked:            6104 kB
SwapTotal:       4718584 kB
SwapFree:        2691476 kB
Dirty:               200 kB
Writeback:             0 kB
AnonPages:       4300752 kB
Mapped:           559692 kB
Shmem:             21852 kB
KReclaimable:     463448 kB
Slab:             325712 kB
SReclaimable:      93460 kB
SUnreclaim:       232252 kB
KernelStack:       47296 kB
ShadowCallStack:   11836 kB
PageTables:        83416 kB
NFS_Unstable:          0 kB
Bounce:                0 kB
WritebackTmp:          0 kB
CommitLimit:     8677876 kB
Committed_AS:   74925164 kB
VmallocTotal:   263061440 kB
VmallocUsed:      129624 kB
VmallocChunk:          0 kB
Percpu:             2520 kB
CmaTotal:         405504 kB
CmaFree:               0 kB
MemTotal:        7918584 kB
MemFree:          204052 kB
MemAvailable:    1099440 kB
Buffers:            3080 kB
Cached:           846708 kB
SwapCached:        14320 kB
Active:          4513600 kB
Inactive:         640296 kB
Active(anon):    4251196 kB
Inactive(anon):    79576 kB
Active(file):     262404 kB
Inactive(file):   560720 kB
Unevictable:        6544 kB
Mlocked:            6104 kB
SwapTotal:       4718584 kB
SwapFree:        2691476 kB
Dirty:                96 kB
Writeback:             0 kB
AnonPages:       4306264 kB
Mapped:           560032 kB
Shmem:             21856 kB
KReclaimable:     462488 kB
Slab:             325628 kB
SReclaimable:      93348 kB
SUnreclaim:       232280 kB
KernelStack:       47232 kB
ShadowCallStack:   11848 kB
PageTables:        83516 kB
NFS_Unstable:          0 kB
Bounce:                0 kB
WritebackTmp:          0 kB
CommitLimit:     8677876 kB
Committed_AS:   74925168 kB
VmallocTotal:   263061440 kB
VmallocUsed:      129592 kB
VmallocChunk:          0 kB
Percpu:             2520 kB
CmaTotal:         405504 kB
CmaFree:               0 kB
MemTotal:        7918584 kB
MemFree:          205212 kB
MemAvailable:    1042720 kB
Buffers:            3080 kB
Cached:           795704 kB
SwapCached:        14320 kB
Active:          4567924 kB
Inactive:         589284 kB
Active(anon):    4305520 kB
Inactive(anon):    79568 kB
Active(file):     262404 kB
Inactive(file):   509716 kB
Unevictable:        6544 kB
Mlocked:            6104 kB
SwapTotal:       4718584 kB
SwapFree:        2691476 kB
Dirty:                96 kB
Writeback:             0 kB
AnonPages:       4360648 kB
Mapped:           560220 kB
Shmem:             21856 kB
KReclaimable:     455612 kB
Slab:             325308 kB
SReclaimable:      93000 kB
SUnreclaim:       232308 kB
KernelStack:       47232 kB
ShadowCallStack:   11856 kB
PageTables:        83904 kB
NFS_Unstable:          0 kB
Bounce:                0 kB
WritebackTmp:          0 kB
CommitLimit:     8677876 kB
Committed_AS:   75039856 kB
VmallocTotal:   263061440 kB
VmallocUsed:      129600 kB
VmallocChunk:          0 kB
Percpu:             2520 kB
CmaTotal:         405504 kB
CmaFree:               0 kB
MemTotal:        7918584 kB
MemFree:          205784 kB
MemAvailable:    1011268 kB
Buffers:            3104 kB
Cached:           768628 kB
SwapCached:        14320 kB
Active:          4600112 kB
Inactive:         562240 kB
Active(anon):    4337708 kB
Inactive(anon):    79576 kB
Active(file):     262404 kB
Inactive(file):   482664 kB
Unevictable:        6544 kB
Mlocked:            6104 kB
SwapTotal:       4718584 kB
SwapFree:        2691476 kB
Dirty:               136 kB
Writeback:             0 kB
AnonPages:       4392696 kB
Mapped:           560420 kB
Shmem:             21856 kB
KReclaimable:     450640 kB
Slab:             324516 kB
SReclaimable:      92196 kB
SUnreclaim:       232320 kB
KernelStack:       47216 kB
ShadowCallStack:   11836 kB
PageTables:        83980 kB
NFS_Unstable:          0 kB
Bounce:                0 kB
WritebackTmp:          0 kB
CommitLimit:     8677876 kB
Committed_AS:   75121776 kB
VmallocTotal:   263061440 kB
VmallocUsed:      129540 kB
VmallocChunk:          0 kB
Percpu:             2520 kB
CmaTotal:         405504 kB
CmaFree:               0 kB
MemTotal:        7918584 kB
MemFree:          202576 kB
MemAvailable:     991676 kB
Buffers:            3072 kB
Cached:           754860 kB
SwapCached:        14320 kB
Active:          4621396 kB
Inactive:         545580 kB
Active(anon):    4356128 kB
Inactive(anon):    79580 kB
Active(file):     265268 kB
Inactive(file):   466000 kB
Unevictable:        6544 kB
Mlocked:            6104 kB
SwapTotal:       4718584 kB
SwapFree:        2691476 kB
Dirty:               152 kB
Writeback:             0 kB
AnonPages:       4411120 kB
Mapped:           559804 kB
Shmem:             21856 kB
KReclaimable:     448056 kB
Slab:             324272 kB
SReclaimable:      91884 kB
SUnreclaim:       232388 kB
KernelStack:       47216 kB
ShadowCallStack:   11836 kB
PageTables:        83996 kB
NFS_Unstable:          0 kB
Bounce:                0 kB
WritebackTmp:          0 kB
CommitLimit:     8677876 kB
Committed_AS:   75154548 kB
VmallocTotal:   263061440 kB
VmallocUsed:      129548 kB
VmallocChunk:          0 kB
Percpu:             2520 kB
CmaTotal:         405504 kB
CmaFree:               0 kB
MemTotal:        7918584 kB
MemFree:          206544 kB
MemAvailable:     936648 kB
Buffers:            2900 kB
Cached:           708256 kB
SwapCached:        14320 kB
Active:          4719536 kB
Inactive:         455416 kB
Active(anon):    4410848 kB
Inactive(anon):    79568 kB
Active(file):     308688 kB
Inactive(file):   375848 kB
Unevictable:        6544 kB
Mlocked:            6104 kB
SwapTotal:       4718584 kB
SwapFree:        2691476 kB
Dirty:               152 kB
Writeback:             0 kB
AnonPages:       4465992 kB
Mapped:           545608 kB
Shmem:             21856 kB
KReclaimable:     435792 kB
Slab:             323804 kB
SReclaimable:      91292 kB
SUnreclaim:       232512 kB
KernelStack:       47200 kB
ShadowCallStack:   11840 kB
PageTables:        84428 kB
NFS_Unstable:          0 kB
Bounce:                0 kB
WritebackTmp:          0 kB
CommitLimit:     8677876 kB
Committed_AS:   75285616 kB
VmallocTotal:   263061440 kB
VmallocUsed:      129532 kB
VmallocChunk:          0 kB
Percpu:             2520 kB
CmaTotal:         405504 kB
CmaFree:               0 kB
MemTotal:        7918584 kB
MemFree:          205392 kB
MemAvailable:     921224 kB
Buffers:            2900 kB
Cached:           695916 kB
SwapCached:        14320 kB
Active:          4739564 kB
Inactive:         438032 kB
Active(anon):    4425864 kB
Inactive(anon):    79580 kB
Active(file):     313700 kB
Inactive(file):   358452 kB
Unevictable:        6544 kB
Mlocked:            6104 kB
SwapTotal:       4718584 kB
SwapFree:        2691476 kB
Dirty:               184 kB
Writeback:             0 kB
AnonPages:       4480872 kB
