MemTotal:        7918588 kB
MemFree:         2203364 kB
MemAvailable:    4080556 kB
Buffers:            5512 kB
Cached:          1838324 kB
SwapCached:         9492 kB
Active:           674580 kB
Inactive:        2620460 kB
Active(anon):     340032 kB
Inactive(anon):  1136928 kB
Active(file):     334548 kB
Inactive(file):  1483532 kB
Unevictable:        6168 kB
Mlocked:            5728 kB
SwapTotal:       4718584 kB
SwapFree:        4521464 kB
Dirty:             18416 kB
Writeback:             4 kB
AnonPages:       1453076 kB
Mapped:           750088 kB
Shmem:             21104 kB
KReclaimable:     449336 kB
Slab:             312052 kB
SReclaimable:      86948 kB
SUnreclaim:       225104 kB
KernelStack:       49184 kB
ShadowCallStack:   12320 kB
PageTables:        66844 kB
NFS_Unstable:          0 kB
Bounce:                0 kB
WritebackTmp:          0 kB
CommitLimit:     8677876 kB
Committed_AS:   68962440 kB
VmallocTotal:   263061440 kB
VmallocUsed:      132272 kB
VmallocChunk:          0 kB
Percpu:             2448 kB
CmaTotal:         405504 kB
CmaFree:          175824 kB
MemTotal:        7918588 kB
MemFree:         2191524 kB
MemAvailable:    4212180 kB
Buffers:            5552 kB
Cached:          1842892 kB
SwapCached:         9576 kB
Active:           684000 kB
Inactive:        2620352 kB
Active(anon):     345856 kB
Inactive(anon):  1136200 kB
Active(file):     338144 kB
Inactive(file):  1484152 kB
Unevictable:        6168 kB
Mlocked:            5728 kB
SwapTotal:       4718584 kB
SwapFree:        4521720 kB
Dirty:             18436 kB
Writeback:             0 kB
AnonPages:       1457888 kB
Mapped:           765224 kB
Shmem:             21496 kB
KReclaimable:     588584 kB
Slab:             311908 kB
SReclaimable:      87040 kB
SUnreclaim:       224868 kB
KernelStack:       49712 kB
ShadowCallStack:   12452 kB
PageTables:        67464 kB
NFS_Unstable:          0 kB
Bounce:                0 kB
WritebackTmp:          0 kB
CommitLimit:     8677876 kB
Committed_AS:   69018788 kB
VmallocTotal:   263061440 kB
VmallocUsed:      132928 kB
VmallocChunk:          0 kB
Percpu:             2448 kB
CmaTotal:         405504 kB
CmaFree:          175940 kB
MemTotal:        7918588 kB
MemFree:         2171436 kB
MemAvailable:    4057784 kB
Buffers:            5568 kB
Cached:          1842952 kB
SwapCached:         9584 kB
Active:           703540 kB
Inactive:        2620408 kB
Active(anon):     365396 kB
Inactive(anon):  1136188 kB
Active(file):     338144 kB
Inactive(file):  1484220 kB
Unevictable:        6168 kB
Mlocked:            5728 kB
SwapTotal:       4718584 kB
SwapFree:        4521720 kB
Dirty:             18472 kB
Writeback:             0 kB
AnonPages:       1477220 kB
Mapped:           771512 kB
Shmem:             21504 kB
KReclaimable:     454208 kB
Slab:             312440 kB
SReclaimable:      87056 kB
SUnreclaim:       225384 kB
KernelStack:       49680 kB
ShadowCallStack:   12428 kB
PageTables:        67512 kB
NFS_Unstable:          0 kB
Bounce:                0 kB
WritebackTmp:          0 kB
CommitLimit:     8677876 kB
Committed_AS:   69023460 kB
VmallocTotal:   263061440 kB
VmallocUsed:      132956 kB
VmallocChunk:          0 kB
Percpu:             2448 kB
CmaTotal:         405504 kB
CmaFree:          175940 kB
MemTotal:        7918588 kB
MemFree:         2168144 kB
MemAvailable:    4053776 kB
Buffers:            5592 kB
Cached:          1842972 kB
SwapCached:         9584 kB
Active:           706696 kB
Inactive:        2620444 kB
Active(anon):     368552 kB
Inactive(anon):  1136188 kB
Active(file):     338144 kB
Inactive(file):  1484256 kB
Unevictable:        6168 kB
Mlocked:            5728 kB
SwapTotal:       4718584 kB
SwapFree:        4521720 kB
Dirty:             18388 kB
Writeback:             0 kB
AnonPages:       1480464 kB
Mapped:           772472 kB
Shmem:             21512 kB
KReclaimable:     453456 kB
Slab:             312472 kB
SReclaimable:      87072 kB
SUnreclaim:       225400 kB
KernelStack:       49680 kB
ShadowCallStack:   12452 kB
PageTables:        67500 kB
NFS_Unstable:          0 kB
Bounce:                0 kB
WritebackTmp:          0 kB
CommitLimit:     8677876 kB
Committed_AS:   69023424 kB
VmallocTotal:   263061440 kB
VmallocUsed:      132928 kB
VmallocChunk:          0 kB
Percpu:             2448 kB
CmaTotal:         405504 kB
CmaFree:          175940 kB
MemTotal:        7918588 kB
MemFree:         2166552 kB
MemAvailable:    4052136 kB
Buffers:            5592 kB
Cached:          1842996 kB
SwapCached:         9592 kB
Active:           712612 kB
Inactive:        2618188 kB
Active(anon):     374468 kB
Inactive(anon):  1133932 kB
Active(file):     338144 kB
Inactive(file):  1484256 kB
Unevictable:        6168 kB
Mlocked:            5728 kB
SwapTotal:       4718584 kB
SwapFree:        4521720 kB
Dirty:             18400 kB
Writeback:             0 kB
AnonPages:       1483880 kB
Mapped:           773056 kB
Shmem:             21536 kB
KReclaimable:     453408 kB
Slab:             312392 kB
SReclaimable:      87072 kB
SUnreclaim:       225320 kB
KernelStack:       49648 kB
ShadowCallStack:   12424 kB
PageTables:        67396 kB
NFS_Unstable:          0 kB
Bounce:                0 kB
WritebackTmp:          0 kB
CommitLimit:     8677876 kB
Committed_AS:   69023384 kB
VmallocTotal:   263061440 kB
VmallocUsed:      132916 kB
VmallocChunk:          0 kB
Percpu:             2448 kB
CmaTotal:         405504 kB
CmaFree:          176964 kB
MemTotal:        7918588 kB
MemFree:         2166328 kB
MemAvailable:    4051900 kB
Buffers:            5592 kB
Cached:          1843000 kB
SwapCached:         9592 kB
Active:           712532 kB
Inactive:        2617412 kB
Active(anon):     374388 kB
Inactive(anon):  1133152 kB
Active(file):     338144 kB
Inactive(file):  1484260 kB
Unevictable:        6168 kB
Mlocked:            5728 kB
SwapTotal:       4718584 kB
SwapFree:        4521720 kB
Dirty:             18400 kB
Writeback:             0 kB
AnonPages:       1483324 kB
Mapped:           773152 kB
Shmem:             21536 kB
KReclaimable:     453392 kB
Slab:             312364 kB
SReclaimable:      87056 kB
SUnreclaim:       225308 kB
KernelStack:       49632 kB
ShadowCallStack:   12428 kB
PageTables:        67440 kB
NFS_Unstable:          0 kB
Bounce:                0 kB
WritebackTmp:          0 kB
CommitLimit:     8677876 kB
Committed_AS:   69023384 kB
VmallocTotal:   263061440 kB
VmallocUsed:      132904 kB
VmallocChunk:          0 kB
Percpu:             2448 kB
CmaTotal:         405504 kB
CmaFree:          176964 kB
MemTotal:        7918588 kB
MemFree:         2142404 kB
MemAvailable:    4029936 kB
Buffers:            5592 kB
Cached:          1844960 kB
SwapCached:         9592 kB
Active:           738312 kB
Inactive:        2617412 kB
Active(anon):     398208 kB
Inactive(anon):  1133152 kB
Active(file):     340104 kB
Inactive(file):  1484260 kB
Unevictable:        6168 kB
Mlocked:            5728 kB
SwapTotal:       4718584 kB
SwapFree:        4521720 kB
Dirty:             18412 kB
Writeback:             0 kB
AnonPages:       1507108 kB
Mapped:           775124 kB
Shmem:             21536 kB
KReclaimable:     453392 kB
Slab:             312356 kB
SReclaimable:      87056 kB
SUnreclaim:       225300 kB
KernelStack:       49648 kB
ShadowCallStack:   12432 kB
PageTables:        67576 kB
NFS_Unstable:          0 kB
Bounce:                0 kB
WritebackTmp:          0 kB
CommitLimit:     8677876 kB
Committed_AS:   69044116 kB
VmallocTotal:   263061440 kB
VmallocUsed:      132904 kB
VmallocChunk:          0 kB
Percpu:             2448 kB
CmaTotal:         405504 kB
CmaFree:          176964 kB
MemTotal:        7918588 kB
MemFree:         1992492 kB
MemAvailable:    3847772 kB
Buffers:            5592 kB
Cached:          1845476 kB
SwapCached:         9592 kB
Active:           887856 kB
Inactive:        2617412 kB
Active(anon):     547236 kB
Inactive(anon):  1133152 kB
Active(file):     340620 kB
Inactive(file):  1484260 kB
Unevictable:        6168 kB
Mlocked:            5728 kB
SwapTotal:       4718584 kB
SwapFree:        4521720 kB
Dirty:             18084 kB
Writeback:             0 kB
AnonPages:       1655988 kB
Mapped:           820768 kB
Shmem:             21536 kB
KReclaimable:     420624 kB
Slab:             312324 kB
SReclaimable:      87056 kB
SUnreclaim:       225268 kB
KernelStack:       49664 kB
ShadowCallStack:   12440 kB
PageTables:        68044 kB
NFS_Unstable:          0 kB
Bounce:                0 kB
WritebackTmp:          0 kB
CommitLimit:     8677876 kB
Committed_AS:   69305284 kB
VmallocTotal:   263061440 kB
VmallocUsed:      132900 kB
VmallocChunk:          0 kB
Percpu:             2448 kB
CmaTotal:         405504 kB
CmaFree:          176964 kB
MemTotal:        7918588 kB
MemFree:         1930460 kB
MemAvailable:    3751156 kB
Buffers:            5592 kB
Cached:          1845648 kB
SwapCached:         9608 kB
Active:           946196 kB
Inactive:        2617440 kB
Active(anon):     605432 kB
Inactive(anon):  1133152 kB
Active(file):     340764 kB
Inactive(file):  1484288 kB
Unevictable:        6168 kB
Mlocked:            5728 kB
SwapTotal:       4718584 kB
SwapFree:        4521720 kB
Dirty:             18096 kB
Writeback:             0 kB
AnonPages:       1714424 kB
Mapped:           860676 kB
Shmem:             21536 kB
KReclaimable:     385868 kB
Slab:             312688 kB
SReclaimable:      87088 kB
SUnreclaim:       225600 kB
KernelStack:       49696 kB
ShadowCallStack:   12444 kB
PageTables:        68304 kB
NFS_Unstable:          0 kB
Bounce:                0 kB
WritebackTmp:          0 kB
CommitLimit:     8677876 kB
Committed_AS:   69406196 kB
VmallocTotal:   263061440 kB
VmallocUsed:      132960 kB
VmallocChunk:          0 kB
Percpu:             2448 kB
CmaTotal:         405504 kB
CmaFree:          176964 kB
MemTotal:        7918588 kB
MemFree:         1859884 kB
MemAvailable:    3651152 kB
Buffers:            5608 kB
Cached:          1864200 kB
SwapCached:         9624 kB
Active:          1016824 kB
Inactive:        2617548 kB
Active(anon):     657604 kB
Inactive(anon):  1133152 kB
Active(file):     359220 kB
Inactive(file):  1484396 kB
Unevictable:        6168 kB
Mlocked:            5728 kB
SwapTotal:       4718584 kB
SwapFree:        4521720 kB
Dirty:             18124 kB
Writeback:             0 kB
AnonPages:       1766600 kB
Mapped:           895668 kB
Shmem:             21540 kB
KReclaimable:     337876 kB
Slab:             312768 kB
SReclaimable:      87092 kB
SUnreclaim:       225676 kB
KernelStack:       49744 kB
ShadowCallStack:   12476 kB
PageTables:        68764 kB
NFS_Unstable:          0 kB
Bounce:                0 kB
WritebackTmp:          0 kB
CommitLimit:     8677876 kB
Committed_AS:   69563012 kB
VmallocTotal:   263061440 kB
VmallocUsed:      133000 kB
VmallocChunk:          0 kB
Percpu:             2448 kB
CmaTotal:         405504 kB
CmaFree:          176964 kB
MemTotal:        7918588 kB
MemFree:         1766576 kB
MemAvailable:    3556004 kB
Buffers:            5608 kB
Cached:          1864200 kB
SwapCached:         9624 kB
Active:          1109956 kB
Inactive:        2617548 kB
Active(anon):     750736 kB
Inactive(anon):  1133152 kB
Active(file):     359220 kB
Inactive(file):  1484396 kB
Unevictable:        6168 kB
Mlocked:            5728 kB
SwapTotal:       4718584 kB
SwapFree:        4521720 kB
Dirty:             18200 kB
Writeback:             0 kB
AnonPages:       1859524 kB
Mapped:           896988 kB
Shmem:             21540 kB
KReclaimable:     336036 kB
Slab:             312784 kB
SReclaimable:      87092 kB
SUnreclaim:       225692 kB
KernelStack:       49712 kB
ShadowCallStack:   12468 kB
PageTables:        69280 kB
NFS_Unstable:          0 kB
Bounce:                0 kB
WritebackTmp:          0 kB
CommitLimit:     8677876 kB
Committed_AS:   69808776 kB
VmallocTotal:   263061440 kB
VmallocUsed:      132968 kB
VmallocChunk:          0 kB
Percpu:             2448 kB
CmaTotal:         405504 kB
CmaFree:          176964 kB
MemTotal:        7918588 kB
MemFree:         1673360 kB
MemAvailable:    3461468 kB
Buffers:            5616 kB
Cached:          1864208 kB
SwapCached:         9624 kB
Active:          1202956 kB
Inactive:        2617096 kB
Active(anon):     843736 kB
Inactive(anon):  1132692 kB
Active(file):     359220 kB
Inactive(file):  1484404 kB
Unevictable:        6168 kB
Mlocked:            5728 kB
SwapTotal:       4718584 kB
SwapFree:        4521720 kB
Dirty:             18204 kB
Writeback:             0 kB
AnonPages:       1952420 kB
Mapped:           898048 kB
Shmem:             21548 kB
KReclaimable:     334708 kB
Slab:             312908 kB
SReclaimable:      87092 kB
SUnreclaim:       225816 kB
KernelStack:       49744 kB
ShadowCallStack:   12468 kB
PageTables:        69704 kB
NFS_Unstable:          0 kB
Bounce:                0 kB
WritebackTmp:          0 kB
CommitLimit:     8677876 kB
Committed_AS:   70054544 kB
VmallocTotal:   263061440 kB
VmallocUsed:      133000 kB
VmallocChunk:          0 kB
Percpu:             2448 kB
CmaTotal:         405504 kB
CmaFree:          176964 kB
MemTotal:        7918588 kB
MemFree:         1586608 kB
MemAvailable:    3373772 kB
Buffers:            5616 kB
Cached:          1864208 kB
SwapCached:         9624 kB
Active:          1288768 kB
Inactive:        2617096 kB
Active(anon):     929548 kB
Inactive(anon):  1132692 kB
Active(file):     359220 kB
Inactive(file):  1484404 kB
Unevictable:        6168 kB
Mlocked:            5728 kB
SwapTotal:       4718584 kB
SwapFree:        4521720 kB
Dirty:             17560 kB
Writeback:           168 kB
AnonPages:       2037976 kB
Mapped:           898724 kB
Shmem:             21548 kB
KReclaimable:     333764 kB
Slab:             312924 kB
SReclaimable:      87092 kB
SUnreclaim:       225832 kB
KernelStack:       49680 kB
ShadowCallStack:   12456 kB
PageTables:        69980 kB
NFS_Unstable:          0 kB
Bounce:                0 kB
WritebackTmp:          0 kB
CommitLimit:     8677876 kB
Committed_AS:   70251096 kB
VmallocTotal:   263061440 kB
VmallocUsed:      132976 kB
VmallocChunk:          0 kB
Percpu:             2448 kB
CmaTotal:         405504 kB
CmaFree:          176964 kB
MemTotal:        7918588 kB
MemFree:         1514524 kB
MemAvailable:    3300984 kB
Buffers:            5640 kB
Cached:          1864216 kB
SwapCached:         9624 kB
Active:          1368200 kB
Inactive:        2609796 kB
Active(anon):    1008980 kB
Inactive(anon):  1125360 kB
Active(file):     359220 kB
Inactive(file):  1484436 kB
Unevictable:        6168 kB
Mlocked:            5728 kB
SwapTotal:       4718584 kB
SwapFree:        4521720 kB
Dirty:             17604 kB
Writeback:             0 kB
AnonPages:       2110148 kB
Mapped:           896768 kB
Shmem:             21548 kB
KReclaimable:     333028 kB
Slab:             313112 kB
SReclaimable:      87092 kB
SUnreclaim:       226020 kB
KernelStack:       49712 kB
ShadowCallStack:   12452 kB
PageTables:        70524 kB
NFS_Unstable:          0 kB
Bounce:                0 kB
WritebackTmp:          0 kB
CommitLimit:     8677876 kB
Committed_AS:   70447684 kB
VmallocTotal:   263061440 kB
VmallocUsed:      132960 kB
VmallocChunk:          0 kB
Percpu:             2448 kB
CmaTotal:         405504 kB
CmaFree:          178768 kB
MemTotal:        7918588 kB
MemFree:         1420952 kB
MemAvailable:    3206192 kB
Buffers:            5640 kB
Cached:          1864240 kB
SwapCached:         9624 kB
Active:          1462340 kB
Inactive:        2609568 kB
Active(anon):    1103120 kB
Inactive(anon):  1125112 kB
Active(file):     359220 kB
Inactive(file):  1484456 kB
Unevictable:        6168 kB
Mlocked:            5728 kB
SwapTotal:       4718584 kB
SwapFree:        4521720 kB
Dirty:             17604 kB
Writeback:             0 kB
AnonPages:       2204052 kB
Mapped:           897436 kB
Shmem:             21552 kB
KReclaimable:     331788 kB
Slab:             313116 kB
SReclaimable:      87092 kB
SUnreclaim:       226024 kB
KernelStack:       49712 kB
ShadowCallStack:   12440 kB
PageTables:        70828 kB
NFS_Unstable:          0 kB
Bounce:                0 kB
WritebackTmp:          0 kB
CommitLimit:     8677876 kB
Committed_AS:   70660656 kB
VmallocTotal:   263061440 kB
VmallocUsed:      132960 kB
VmallocChunk:          0 kB
Percpu:             2448 kB
CmaTotal:         405504 kB
CmaFree:          105360 kB
MemTotal:        7918588 kB
MemFree:         1361768 kB
MemAvailable:    3139060 kB
Buffers:            5640 kB
Cached:          1865868 kB
SwapCached:         9624 kB
Active:          1526880 kB
Inactive:        2603648 kB
Active(anon):    1166048 kB
Inactive(anon):  1119180 kB
Active(file):     360832 kB
Inactive(file):  1484468 kB
Unevictable:        6168 kB
Mlocked:            5728 kB
SwapTotal:       4718584 kB
SwapFree:        4521976 kB
Dirty:             17604 kB
Writeback:             0 kB
AnonPages:       2260932 kB
Mapped:           898540 kB
Shmem:             21556 kB
KReclaimable:     322216 kB
Slab:             313184 kB
SReclaimable:      87092 kB
SUnreclaim:       226092 kB
KernelStack:       49712 kB
ShadowCallStack:   12460 kB
PageTables:        71192 kB
NFS_Unstable:          0 kB
Bounce:                0 kB
WritebackTmp:          0 kB
CommitLimit:     8677876 kB
Committed_AS:   70791680 kB
VmallocTotal:   263061440 kB
VmallocUsed:      132976 kB
VmallocChunk:          0 kB
Percpu:             2448 kB
CmaTotal:         405504 kB
CmaFree:           43896 kB
MemTotal:        7918588 kB
MemFree:         1356980 kB
MemAvailable:    3134240 kB
Buffers:            5640 kB
Cached:          1865868 kB
SwapCached:         9624 kB
Active:          1532208 kB
Inactive:        2603604 kB
Active(anon):    1171376 kB
Inactive(anon):  1119136 kB
Active(file):     360832 kB
Inactive(file):  1484468 kB
Unevictable:        6168 kB
Mlocked:            5728 kB
SwapTotal:       4718584 kB
SwapFree:        4521976 kB
Dirty:             17604 kB
Writeback:             0 kB
AnonPages:       2266132 kB
Mapped:           898544 kB
Shmem:             21556 kB
KReclaimable:     322184 kB
Slab:             313172 kB
SReclaimable:      87092 kB
SUnreclaim:       226080 kB
KernelStack:       49728 kB
ShadowCallStack:   12452 kB
PageTables:        71344 kB
NFS_Unstable:          0 kB
Bounce:                0 kB
WritebackTmp:          0 kB
CommitLimit:     8677876 kB
Committed_AS:   70808064 kB
VmallocTotal:   263061440 kB
VmallocUsed:      132952 kB
VmallocChunk:          0 kB
Percpu:             2448 kB
CmaTotal:         405504 kB
CmaFree:           38564 kB
MemTotal:        7918588 kB
MemFree:         1324284 kB
MemAvailable:    3101048 kB
Buffers:            5640 kB
Cached:          1865868 kB
SwapCached:         9624 kB
Active:          1565040 kB
Inactive:        2603592 kB
Active(anon):    1204208 kB
Inactive(anon):  1119124 kB
Active(file):     360832 kB
Inactive(file):  1484468 kB
Unevictable:        6168 kB
Mlocked:            5728 kB
SwapTotal:       4718584 kB
SwapFree:        4521976 kB
Dirty:             17604 kB
Writeback:             0 kB
AnonPages:       2299060 kB
Mapped:           898728 kB
Shmem:             21556 kB
KReclaimable:     321688 kB
Slab:             313156 kB
SReclaimable:      87092 kB
SUnreclaim:       226064 kB
KernelStack:       49680 kB
ShadowCallStack:   12444 kB
PageTables:        71332 kB
NFS_Unstable:          0 kB
Bounce:                0 kB
WritebackTmp:          0 kB
CommitLimit:     8677876 kB
Committed_AS:   70906368 kB
VmallocTotal:   263061440 kB
VmallocUsed:      132940 kB
VmallocChunk:          0 kB
Percpu:             2448 kB
CmaTotal:         405504 kB
CmaFree:            6384 kB
MemTotal:        7918588 kB
MemFree:         1299836 kB
MemAvailable:    3076180 kB
Buffers:            5640 kB
Cached:          1865888 kB
SwapCached:         9624 kB
Active:          1589156 kB
Inactive:        2603612 kB
Active(anon):    1228324 kB
Inactive(anon):  1119124 kB
Active(file):     360832 kB
Inactive(file):  1484488 kB
Unevictable:        6168 kB
Mlocked:            5728 kB
SwapTotal:       4718584 kB
SwapFree:        4521976 kB
Dirty:             17624 kB
Writeback:             0 kB
AnonPages:       2323244 kB
Mapped:           899116 kB
Shmem:             21556 kB
KReclaimable:     321248 kB
Slab:             313188 kB
SReclaimable:      87092 kB
SUnreclaim:       226096 kB
KernelStack:       49696 kB
ShadowCallStack:   12452 kB
PageTables:        71472 kB
NFS_Unstable:          0 kB
Bounce:                0 kB
WritebackTmp:          0 kB
CommitLimit:     8677876 kB
Committed_AS:   70955520 kB
VmallocTotal:   263061440 kB
VmallocUsed:      132940 kB
VmallocChunk:          0 kB
Percpu:             2448 kB
CmaTotal:         405504 kB
CmaFree:               0 kB
MemTotal:        7918588 kB
MemFree:         1299408 kB
MemAvailable:    3075760 kB
Buffers:            5648 kB
Cached:          1865828 kB
SwapCached:         9624 kB
Active:          1589824 kB
Inactive:        2603620 kB
Active(anon):    1228992 kB
Inactive(anon):  1119124 kB
Active(file):     360832 kB
Inactive(file):  1484496 kB
Unevictable:        6168 kB
Mlocked:            5728 kB
SwapTotal:       4718584 kB
SwapFree:        4521976 kB
Dirty:             17644 kB
Writeback:             0 kB
AnonPages:       2323948 kB
Mapped:           899184 kB
Shmem:             21496 kB
KReclaimable:     321248 kB
Slab:             313208 kB
SReclaimable:      87092 kB
SUnreclaim:       226116 kB
KernelStack:       49696 kB
ShadowCallStack:   12456 kB
PageTables:        71504 kB
NFS_Unstable:          0 kB
Bounce:                0 kB
WritebackTmp:          0 kB
CommitLimit:     8677876 kB
Committed_AS:   70955460 kB
VmallocTotal:   263061440 kB
VmallocUsed:      132944 kB
VmallocChunk:          0 kB
Percpu:             2448 kB
CmaTotal:         405504 kB
CmaFree:               0 kB
MemTotal:        7918588 kB
MemFree:         1247652 kB
MemAvailable:    3023076 kB
Buffers:            5648 kB
Cached:          1865828 kB
SwapCached:         9624 kB
Active:          1641940 kB
Inactive:        2602932 kB
Active(anon):    1281108 kB
Inactive(anon):  1118436 kB
Active(file):     360832 kB
Inactive(file):  1484496 kB
Unevictable:        6168 kB
Mlocked:            5728 kB
SwapTotal:       4718584 kB
SwapFree:        4521976 kB
Dirty:             17644 kB
Writeback:             0 kB
AnonPages:       2375308 kB
Mapped:           899724 kB
Shmem:             21496 kB
KReclaimable:     320320 kB
Slab:             313284 kB
SReclaimable:      87092 kB
SUnreclaim:       226192 kB
KernelStack:       49664 kB
ShadowCallStack:   12444 kB
PageTables:        71584 kB
NFS_Unstable:          0 kB
Bounce:                0 kB
WritebackTmp:          0 kB
CommitLimit:     8677876 kB
Committed_AS:   71086540 kB
VmallocTotal:   263061440 kB
VmallocUsed:      132972 kB
VmallocChunk:          0 kB
Percpu:             2448 kB
CmaTotal:         405504 kB
CmaFree:               0 kB
MemTotal:        7918588 kB
MemFree:         1247356 kB
MemAvailable:    3022756 kB
Buffers:            5648 kB
Cached:          1865836 kB
SwapCached:         9624 kB
Active:          1642700 kB
Inactive:        2602844 kB
Active(anon):    1281868 kB
Inactive(anon):  1118348 kB
Active(file):     360832 kB
Inactive(file):  1484496 kB
Unevictable:        6168 kB
Mlocked:            5728 kB
SwapTotal:       4718584 kB
SwapFree:        4521976 kB
Dirty:             17652 kB
Writeback:             0 kB
AnonPages:       2375936 kB
Mapped:           899788 kB
Shmem:             21504 kB
KReclaimable:     320296 kB
Slab:             313340 kB
SReclaimable:      87092 kB
SUnreclaim:       226248 kB
KernelStack:       49696 kB
ShadowCallStack:   12448 kB
PageTables:        71732 kB
NFS_Unstable:          0 kB
Bounce:                0 kB
WritebackTmp:          0 kB
CommitLimit:     8677876 kB
Committed_AS:   71086540 kB
VmallocTotal:   263061440 kB
VmallocUsed:      132960 kB
VmallocChunk:          0 kB
Percpu:             2448 kB
CmaTotal:         405504 kB
CmaFree:               0 kB
MemTotal:        7918588 kB
MemFree:         1234528 kB
MemAvailable:    3009800 kB
Buffers:            5648 kB
Cached:          1865836 kB
SwapCached:         9624 kB
Active:          1655148 kB
Inactive:        2602844 kB
Active(anon):    1294316 kB
Inactive(anon):  1118348 kB
Active(file):     360832 kB
Inactive(file):  1484496 kB
Unevictable:        6168 kB
Mlocked:            5728 kB
SwapTotal:       4718584 kB
SwapFree:        4521976 kB
Dirty:             17652 kB
Writeback:             0 kB
AnonPages:       2388468 kB
Mapped:           899808 kB
Shmem:             21504 kB
KReclaimable:     320168 kB
Slab:             313308 kB
SReclaimable:      87092 kB
SUnreclaim:       226216 kB
KernelStack:       49680 kB
ShadowCallStack:   12448 kB
PageTables:        71656 kB
NFS_Unstable:          0 kB
Bounce:                0 kB
WritebackTmp:          0 kB
CommitLimit:     8677876 kB
Committed_AS:   71119260 kB
VmallocTotal:   263061440 kB
VmallocUsed:      132956 kB
VmallocChunk:          0 kB
Percpu:             2448 kB
CmaTotal:         405504 kB
CmaFree:               0 kB
MemTotal:        7918588 kB
MemFree:         1191908 kB
MemAvailable:    2966356 kB
Buffers:            5672 kB
Cached:          1865852 kB
SwapCached:         9624 kB
Active:          1696744 kB
Inactive:        2602856 kB
Active(anon):    1335912 kB
Inactive(anon):  1118328 kB
Active(file):     360832 kB
Inactive(file):  1484528 kB
Unevictable:        6168 kB
Mlocked:            5728 kB
SwapTotal:       4718584 kB
SwapFree:        4521976 kB
Dirty:             17664 kB
Writeback:             0 kB
AnonPages:       2430088 kB
Mapped:           900036 kB
Shmem:             21512 kB
KReclaimable:     319312 kB
Slab:             313432 kB
SReclaimable:      87092 kB
SUnreclaim:       226340 kB
KernelStack:       49712 kB
ShadowCallStack:   12460 kB
PageTables:        72060 kB
NFS_Unstable:          0 kB
Bounce:                0 kB
WritebackTmp:          0 kB
CommitLimit:     8677876 kB
Committed_AS:   71217612 kB
VmallocTotal:   263061440 kB
VmallocUsed:      132960 kB
VmallocChunk:          0 kB
Percpu:             2448 kB
CmaTotal:         405504 kB
CmaFree:               4 kB
MemTotal:        7918588 kB
MemFree:         1189380 kB
MemAvailable:    2963916 kB
Buffers:            5788 kB
Cached:          1865856 kB
SwapCached:         9624 kB
Active:          1699396 kB
Inactive:        2602976 kB
Active(anon):    1338564 kB
Inactive(anon):  1118328 kB
Active(file):     360832 kB
Inactive(file):  1484648 kB
Unevictable:        6168 kB
Mlocked:            5728 kB
SwapTotal:       4718584 kB
SwapFree:        4521976 kB
Dirty:             17664 kB
Writeback:             0 kB
AnonPages:       2432576 kB
Mapped:           900312 kB
Shmem:             21512 kB
KReclaimable:     319280 kB
Slab:             313384 kB
SReclaimable:      87092 kB
SUnreclaim:       226292 kB
KernelStack:       49664 kB
ShadowCallStack:   12444 kB
PageTables:        72228 kB
NFS_Unstable:          0 kB
Bounce:                0 kB
WritebackTmp:          0 kB
CommitLimit:     8677876 kB
Committed_AS:   71233968 kB
VmallocTotal:   263061440 kB
VmallocUsed:      132952 kB
VmallocChunk:          0 kB
Percpu:             2448 kB
CmaTotal:         405504 kB
CmaFree:               0 kB
MemTotal:        7918588 kB
MemFree:         1157136 kB
MemAvailable:    2931032 kB
Buffers:            5788 kB
Cached:          1865876 kB
SwapCached:         9624 kB
Active:          1734116 kB
Inactive:        2602692 kB
Active(anon):    1373284 kB
Inactive(anon):  1118044 kB
Active(file):     360832 kB
Inactive(file):  1484648 kB
Unevictable:        6168 kB
Mlocked:            5728 kB
SwapTotal:       4718584 kB
SwapFree:        4521976 kB
Dirty:             17664 kB
Writeback:             0 kB
AnonPages:       2467108 kB
Mapped:           900760 kB
Shmem:             21532 kB
KReclaimable:     318640 kB
Slab:             313464 kB
SReclaimable:      87092 kB
SUnreclaim:       226372 kB
KernelStack:       49680 kB
ShadowCallStack:   12440 kB
PageTables:        72264 kB
NFS_Unstable:          0 kB
Bounce:                0 kB
WritebackTmp:          0 kB
CommitLimit:     8677876 kB
Committed_AS:   71315896 kB
VmallocTotal:   263061440 kB
VmallocUsed:      132940 kB
VmallocChunk:          0 kB
Percpu:             2448 kB
CmaTotal:         405504 kB
CmaFree:              12 kB
MemTotal:        7918588 kB
MemFree:         1134484 kB
MemAvailable:    2907980 kB
Buffers:            5796 kB
Cached:          1865876 kB
SwapCached:         9624 kB
Active:          1756532 kB
Inactive:        2602700 kB
Active(anon):    1395700 kB
Inactive(anon):  1118044 kB
Active(file):     360832 kB
Inactive(file):  1484656 kB
Unevictable:        6168 kB
Mlocked:            5728 kB
SwapTotal:       4718584 kB
SwapFree:        4521976 kB
Dirty:             17728 kB
Writeback:             0 kB
AnonPages:       2489464 kB
Mapped:           900852 kB
Shmem:             21532 kB
KReclaimable:     318232 kB
Slab:             313576 kB
SReclaimable:      87092 kB
SUnreclaim:       226484 kB
KernelStack:       49728 kB
ShadowCallStack:   12444 kB
PageTables:        72384 kB
NFS_Unstable:          0 kB
Bounce:                0 kB
WritebackTmp:          0 kB
CommitLimit:     8677876 kB
Committed_AS:   71348660 kB
VmallocTotal:   263061440 kB
VmallocUsed:      132956 kB
VmallocChunk:          0 kB
Percpu:             2448 kB
CmaTotal:         405504 kB
CmaFree:               0 kB
MemTotal:        7918588 kB
MemFree:         1132768 kB
MemAvailable:    2906168 kB
Buffers:            5796 kB
Cached:          1865876 kB
SwapCached:         9624 kB
Active:          1757572 kB
Inactive:        2602700 kB
Active(anon):    1396740 kB
Inactive(anon):  1118044 kB
Active(file):     360832 kB
Inactive(file):  1484656 kB
Unevictable:        6168 kB
Mlocked:            5728 kB
SwapTotal:       4718584 kB
SwapFree:        4521976 kB
Dirty:             17728 kB
Writeback:             0 kB
AnonPages:       2490472 kB
Mapped:           901004 kB
Shmem:             21532 kB
KReclaimable:     318136 kB
Slab:             313556 kB
SReclaimable:      87092 kB
SUnreclaim:       226464 kB
KernelStack:       49680 kB
ShadowCallStack:   12444 kB
PageTables:        72204 kB
NFS_Unstable:          0 kB
Bounce:                0 kB
WritebackTmp:          0 kB
CommitLimit:     8677876 kB
Committed_AS:   71348664 kB
VmallocTotal:   263061440 kB
VmallocUsed:      132952 kB
VmallocChunk:          0 kB
Percpu:             2448 kB
CmaTotal:         405504 kB
CmaFree:               0 kB
MemTotal:        7918588 kB
MemFree:         1077004 kB
MemAvailable:    2849732 kB
Buffers:            5804 kB
Cached:          1865888 kB
SwapCached:         9624 kB
Active:          1812928 kB
Inactive:        2602716 kB
Active(anon):    1452096 kB
Inactive(anon):  1118044 kB
Active(file):     360832 kB
Inactive(file):  1484672 kB
Unevictable:        6168 kB
Mlocked:            5728 kB
SwapTotal:       4718584 kB
SwapFree:        4521976 kB
Dirty:               256 kB
Writeback:             0 kB
AnonPages:       2545800 kB
Mapped:           901340 kB
Shmem:             21536 kB
KReclaimable:     317448 kB
Slab:             313540 kB
SReclaimable:      87092 kB
SUnreclaim:       226448 kB
KernelStack:       49696 kB
ShadowCallStack:   12432 kB
PageTables:        72472 kB
NFS_Unstable:          0 kB
Bounce:                0 kB
WritebackTmp:          0 kB
CommitLimit:     8677876 kB
Committed_AS:   71479740 kB
VmallocTotal:   263061440 kB
VmallocUsed:      132944 kB
VmallocChunk:          0 kB
Percpu:             2448 kB
CmaTotal:         405504 kB
CmaFree:               0 kB
MemTotal:        7918588 kB
MemFree:         1077220 kB
MemAvailable:    2849936 kB
Buffers:            5804 kB
Cached:          1865892 kB
SwapCached:         9624 kB
Active:          1813140 kB
Inactive:        2602720 kB
Active(anon):    1452308 kB
Inactive(anon):  1118044 kB
Active(file):     360832 kB
Inactive(file):  1484676 kB
Unevictable:        6168 kB
Mlocked:            5728 kB
SwapTotal:       4718584 kB
SwapFree:        4521976 kB
Dirty:               360 kB
Writeback:             0 kB
AnonPages:       2545748 kB
Mapped:           901692 kB
Shmem:             21536 kB
KReclaimable:     317432 kB
Slab:             313588 kB
SReclaimable:      87092 kB
SUnreclaim:       226496 kB
KernelStack:       49712 kB
ShadowCallStack:   12456 kB
PageTables:        72472 kB
NFS_Unstable:          0 kB
Bounce:                0 kB
WritebackTmp:          0 kB
CommitLimit:     8677876 kB
Committed_AS:   71479736 kB
VmallocTotal:   263061440 kB
VmallocUsed:      132940 kB
VmallocChunk:          0 kB
Percpu:             2448 kB
CmaTotal:         405504 kB
CmaFree:               0 kB
MemTotal:        7918588 kB
MemFree:         1063584 kB
MemAvailable:    2836100 kB
Buffers:            5804 kB
Cached:          1865892 kB
SwapCached:         9624 kB
Active:          1825812 kB
Inactive:        2602720 kB
Active(anon):    1464980 kB
Inactive(anon):  1118044 kB
Active(file):     360832 kB
Inactive(file):  1484676 kB
Unevictable:        6168 kB
Mlocked:            5728 kB
SwapTotal:       4718584 kB
SwapFree:        4521976 kB
Dirty:               360 kB
Writeback:             0 kB
AnonPages:       2558620 kB
Mapped:           901616 kB
Shmem:             21536 kB
KReclaimable:     317232 kB
Slab:             313516 kB
SReclaimable:      87092 kB
SUnreclaim:       226424 kB
KernelStack:       49696 kB
ShadowCallStack:   12440 kB
PageTables:        72448 kB
NFS_Unstable:          0 kB
Bounce:                0 kB
WritebackTmp:          0 kB
CommitLimit:     8677876 kB
Committed_AS:   71528888 kB
VmallocTotal:   263061440 kB
VmallocUsed:      132952 kB
VmallocChunk:          0 kB
Percpu:             2448 kB
CmaTotal:         405504 kB
CmaFree:               0 kB
MemTotal:        7918588 kB
MemFree:         1020384 kB
MemAvailable:    2792260 kB
Buffers:            5804 kB
Cached:          1865900 kB
SwapCached:         9624 kB
Active:          1868920 kB
Inactive:        2602720 kB
Active(anon):    1508088 kB
Inactive(anon):  1118044 kB
Active(file):     360832 kB
Inactive(file):  1484676 kB
Unevictable:        6168 kB
Mlocked:            5728 kB
SwapTotal:       4718584 kB
SwapFree:        4521976 kB
Dirty:               368 kB
Writeback:             0 kB
AnonPages:       2602004 kB
Mapped:           901976 kB
Shmem:             21544 kB
KReclaimable:     316592 kB
Slab:             313696 kB
SReclaimable:      87092 kB
SUnreclaim:       226604 kB
KernelStack:       49696 kB
ShadowCallStack:   12440 kB
PageTables:        72832 kB
NFS_Unstable:          0 kB
Bounce:                0 kB
WritebackTmp:          0 kB
CommitLimit:     8677876 kB
Committed_AS:   71610660 kB
VmallocTotal:   263061440 kB
VmallocUsed:      132896 kB
VmallocChunk:          0 kB
Percpu:             2448 kB
CmaTotal:         405504 kB
CmaFree:               0 kB
MemTotal:        7918588 kB
MemFree:         1018724 kB
MemAvailable:    2791192 kB
Buffers:            5804 kB
Cached:          1865900 kB
SwapCached:         9624 kB
Active:          1869596 kB
Inactive:        2602720 kB
Active(anon):    1508764 kB
Inactive(anon):  1118044 kB
Active(file):     360832 kB
Inactive(file):  1484676 kB
Unevictable:        6168 kB
Mlocked:            5728 kB
SwapTotal:       4718584 kB
SwapFree:        4521976 kB
Dirty:               376 kB
Writeback:             0 kB
AnonPages:       2602332 kB
Mapped:           902276 kB
Shmem:             21544 kB
KReclaimable:     317184 kB
Slab:             314176 kB
SReclaimable:      87684 kB
SUnreclaim:       226492 kB
KernelStack:       49616 kB
ShadowCallStack:   12424 kB
PageTables:        72676 kB
NFS_Unstable:          0 kB
Bounce:                0 kB
WritebackTmp:          0 kB
CommitLimit:     8677876 kB
Committed_AS:   71610608 kB
VmallocTotal:   263061440 kB
VmallocUsed:      132888 kB
VmallocChunk:          0 kB
Percpu:             2448 kB
CmaTotal:         405504 kB
CmaFree:               0 kB
MemTotal:        7918588 kB
MemFree:          986232 kB
MemAvailable:    2758388 kB
Buffers:            5828 kB
Cached:          1865908 kB
SwapCached:         9624 kB
Active:          1902664 kB
Inactive:        2602740 kB
Active(anon):    1541832 kB
Inactive(anon):  1118032 kB
Active(file):     360832 kB
Inactive(file):  1484708 kB
Unevictable:        6168 kB
Mlocked:            5728 kB
SwapTotal:       4718584 kB
SwapFree:        4521976 kB
Dirty:               416 kB
Writeback:             0 kB
AnonPages:       2635384 kB
Mapped:           902820 kB
Shmem:             21544 kB
KReclaimable:     316840 kB
Slab:             314332 kB
SReclaimable:      87828 kB
SUnreclaim:       226504 kB
KernelStack:       49632 kB
ShadowCallStack:   12432 kB
PageTables:        72884 kB
NFS_Unstable:          0 kB
Bounce:                0 kB
WritebackTmp:          0 kB
CommitLimit:     8677876 kB
Committed_AS:   71692528 kB
VmallocTotal:   263061440 kB
VmallocUsed:      132868 kB
VmallocChunk:          0 kB
Percpu:             2448 kB
CmaTotal:         405504 kB
CmaFree:               0 kB
MemTotal:        7918588 kB
MemFree:          964976 kB
MemAvailable:    2736660 kB
Buffers:            5828 kB
Cached:          1865916 kB
SwapCached:         9624 kB
Active:          1923148 kB
Inactive:        2602708 kB
Active(anon):    1562316 kB
Inactive(anon):  1117992 kB
Active(file):     360832 kB
Inactive(file):  1484716 kB
Unevictable:        6168 kB
Mlocked:            5728 kB
SwapTotal:       4718584 kB
SwapFree:        4521976 kB
Dirty:               480 kB
Writeback:             0 kB
AnonPages:       2656032 kB
Mapped:           903008 kB
Shmem:             21544 kB
KReclaimable:     316360 kB
Slab:             314412 kB
SReclaimable:      87828 kB
SUnreclaim:       226584 kB
KernelStack:       49616 kB
ShadowCallStack:   12436 kB
PageTables:        73080 kB
NFS_Unstable:          0 kB
Bounce:                0 kB
WritebackTmp:          0 kB
CommitLimit:     8677876 kB
Committed_AS:   71758064 kB
VmallocTotal:   263061440 kB
VmallocUsed:      132876 kB
VmallocChunk:          0 kB
Percpu:             2448 kB
CmaTotal:         405504 kB
CmaFree:             368 kB
MemTotal:        7918588 kB
MemFree:          963100 kB
MemAvailable:    2734784 kB
Buffers:            5828 kB
Cached:          1865916 kB
SwapCached:         9624 kB
Active:          1925156 kB
Inactive:        2602708 kB
Active(anon):    1564324 kB
Inactive(anon):  1117992 kB
Active(file):     360832 kB
Inactive(file):  1484716 kB
Unevictable:        6168 kB
Mlocked:            5728 kB
SwapTotal:       4718584 kB
SwapFree:        4521976 kB
Dirty:               480 kB
Writeback:             0 kB
AnonPages:       2658012 kB
Mapped:           902916 kB
Shmem:             21544 kB
KReclaimable:     316360 kB
Slab:             314432 kB
SReclaimable:      87828 kB
SUnreclaim:       226604 kB
KernelStack:       49664 kB
ShadowCallStack:   12440 kB
PageTables:        73236 kB
NFS_Unstable:          0 kB
Bounce:                0 kB
WritebackTmp:          0 kB
CommitLimit:     8677876 kB
Committed_AS:   71758064 kB
VmallocTotal:   263061440 kB
VmallocUsed:      132876 kB
VmallocChunk:          0 kB
Percpu:             2448 kB
CmaTotal:         405504 kB
CmaFree:               0 kB
MemTotal:        7918588 kB
MemFree:          908708 kB
MemAvailable:    2679616 kB
Buffers:            5828 kB
Cached:          1865916 kB
SwapCached:         9624 kB
Active:          1980912 kB
Inactive:        2602708 kB
Active(anon):    1620080 kB
Inactive(anon):  1117992 kB
Active(file):     360832 kB
Inactive(file):  1484716 kB
Unevictable:        6168 kB
Mlocked:            5728 kB
SwapTotal:       4718584 kB
SwapFree:        4521976 kB
Dirty:               484 kB
Writeback:             0 kB
AnonPages:       2713756 kB
Mapped:           903432 kB
Shmem:             21544 kB
KReclaimable:     315584 kB
Slab:             314432 kB
SReclaimable:      87828 kB
SUnreclaim:       226604 kB
KernelStack:       49632 kB
ShadowCallStack:   12424 kB
PageTables:        73252 kB
NFS_Unstable:          0 kB
Bounce:                0 kB
WritebackTmp:          0 kB
CommitLimit:     8677876 kB
Committed_AS:   71889136 kB
VmallocTotal:   263061440 kB
VmallocUsed:      132868 kB
VmallocChunk:          0 kB
Percpu:             2448 kB
CmaTotal:         405504 kB
CmaFree:               8 kB
MemTotal:        7918588 kB
MemFree:          905464 kB
MemAvailable:    2676400 kB
Buffers:            5828 kB
Cached:          1865924 kB
SwapCached:         9624 kB
Active:          1981484 kB
Inactive:        2602708 kB
Active(anon):    1620652 kB
Inactive(anon):  1117992 kB
Active(file):     360832 kB
Inactive(file):  1484716 kB
Unevictable:        6168 kB
Mlocked:            5728 kB
SwapTotal:       4718584 kB
SwapFree:        4521976 kB
Dirty:               516 kB
Writeback:             0 kB
AnonPages:       2714296 kB
Mapped:           903608 kB
Shmem:             21552 kB
KReclaimable:     315612 kB
Slab:             314540 kB
SReclaimable:      87844 kB
SUnreclaim:       226696 kB
KernelStack:       49568 kB
ShadowCallStack:   12424 kB
PageTables:        73284 kB
NFS_Unstable:          0 kB
Bounce:                0 kB
WritebackTmp:          0 kB
CommitLimit:     8677876 kB
Committed_AS:   71889040 kB
VmallocTotal:   263061440 kB
VmallocUsed:      132816 kB
VmallocChunk:          0 kB
Percpu:             2448 kB
CmaTotal:         405504 kB
CmaFree:               0 kB
MemTotal:        7918588 kB
MemFree:          893644 kB
MemAvailable:    2664444 kB
Buffers:            5828 kB
Cached:          1865932 kB
SwapCached:         9624 kB
Active:          1994452 kB
Inactive:        2602716 kB
Active(anon):    1633620 kB
Inactive(anon):  1117992 kB
Active(file):     360832 kB
Inactive(file):  1484724 kB
Unevictable:        6168 kB
Mlocked:            5728 kB
SwapTotal:       4718584 kB
SwapFree:        4521976 kB
Dirty:               528 kB
Writeback:             0 kB
AnonPages:       2727288 kB
Mapped:           903548 kB
Shmem:             21552 kB
KReclaimable:     315468 kB
Slab:             314516 kB
SReclaimable:      87844 kB
SUnreclaim:       226672 kB
KernelStack:       49568 kB
ShadowCallStack:   12416 kB
PageTables:        73280 kB
NFS_Unstable:          0 kB
Bounce:                0 kB
WritebackTmp:          0 kB
CommitLimit:     8677876 kB
Committed_AS:   71938192 kB
VmallocTotal:   263061440 kB
VmallocUsed:      132832 kB
VmallocChunk:          0 kB
Percpu:             2448 kB
CmaTotal:         405504 kB
CmaFree:               0 kB
MemTotal:        7918588 kB
MemFree:          849708 kB
MemAvailable:    2619780 kB
Buffers:            5836 kB
Cached:          1865932 kB
SwapCached:         9624 kB
Active:          2038240 kB
Inactive:        2602724 kB
Active(anon):    1677408 kB
Inactive(anon):  1117992 kB
Active(file):     360832 kB
Inactive(file):  1484732 kB
Unevictable:        6168 kB
Mlocked:            5728 kB
SwapTotal:       4718584 kB
SwapFree:        4521976 kB
Dirty:               532 kB
Writeback:             0 kB
AnonPages:       2771132 kB
Mapped:           904192 kB
Shmem:             21552 kB
KReclaimable:     314732 kB
Slab:             314596 kB
SReclaimable:      87844 kB
SUnreclaim:       226752 kB
KernelStack:       49600 kB
ShadowCallStack:   12424 kB
PageTables:        73588 kB
NFS_Unstable:          0 kB
Bounce:                0 kB
WritebackTmp:          0 kB
CommitLimit:     8677876 kB
Committed_AS:   72020112 kB
VmallocTotal:   263061440 kB
VmallocUsed:      132832 kB
VmallocChunk:          0 kB
Percpu:             2448 kB
CmaTotal:         405504 kB
CmaFree:               0 kB
MemTotal:        7918588 kB
MemFree:          849696 kB
MemAvailable:    2619768 kB
Buffers:            5836 kB
Cached:          1865932 kB
SwapCached:         9624 kB
Active:          2038236 kB
Inactive:        2602724 kB
Active(anon):    1677404 kB
Inactive(anon):  1117992 kB
Active(file):     360832 kB
Inactive(file):  1484732 kB
Unevictable:        6168 kB
Mlocked:            5728 kB
SwapTotal:       4718584 kB
SwapFree:        4521976 kB
Dirty:               532 kB
Writeback:             0 kB
AnonPages:       2771196 kB
Mapped:           903956 kB
Shmem:             21552 kB
KReclaimable:     314732 kB
Slab:             314576 kB
SReclaimable:      87844 kB
SUnreclaim:       226732 kB
KernelStack:       49568 kB
ShadowCallStack:   12416 kB
PageTables:        73376 kB
NFS_Unstable:          0 kB
Bounce:                0 kB
WritebackTmp:          0 kB
CommitLimit:     8677876 kB
Committed_AS:   72020116 kB
VmallocTotal:   263061440 kB
VmallocUsed:      132836 kB
VmallocChunk:          0 kB
Percpu:             2448 kB
CmaTotal:         405504 kB
CmaFree:               0 kB
MemTotal:        7918588 kB
MemFree:          814168 kB
MemAvailable:    2583840 kB
Buffers:            5844 kB
Cached:          1865936 kB
SwapCached:         9624 kB
Active:          2073504 kB
Inactive:        2602732 kB
Active(anon):    1712672 kB
Inactive(anon):  1117992 kB
Active(file):     360832 kB
Inactive(file):  1484740 kB
Unevictable:        6168 kB
Mlocked:            5728 kB
SwapTotal:       4718584 kB
SwapFree:        4521976 kB
Dirty:               552 kB
Writeback:             0 kB
AnonPages:       2806372 kB
Mapped:           904352 kB
Shmem:             21556 kB
KReclaimable:     314324 kB
Slab:             314576 kB
SReclaimable:      87844 kB
SUnreclaim:       226732 kB
KernelStack:       49600 kB
ShadowCallStack:   12424 kB
PageTables:        73816 kB
NFS_Unstable:          0 kB
Bounce:                0 kB
WritebackTmp:          0 kB
CommitLimit:     8677876 kB
Committed_AS:   72118420 kB
VmallocTotal:   263061440 kB
VmallocUsed:      132836 kB
VmallocChunk:          0 kB
Percpu:             2448 kB
CmaTotal:         405504 kB
CmaFree:               0 kB
MemTotal:        7918588 kB
MemFree:          792344 kB
MemAvailable:    2561380 kB
Buffers:            5844 kB
Cached:          1865944 kB
SwapCached:         9624 kB
Active:          2095428 kB
Inactive:        2602736 kB
Active(anon):    1734596 kB
Inactive(anon):  1117992 kB
Active(file):     360832 kB
Inactive(file):  1484744 kB
Unevictable:        6168 kB
Mlocked:            5728 kB
SwapTotal:       4718584 kB
SwapFree:        4521976 kB
Dirty:               552 kB
Writeback:             0 kB
AnonPages:       2828412 kB
Mapped:           905040 kB
Shmem:             21560 kB
KReclaimable:     313684 kB
Slab:             314624 kB
SReclaimable:      87844 kB
SUnreclaim:       226780 kB
KernelStack:       49600 kB
ShadowCallStack:   12416 kB
PageTables:        73788 kB
NFS_Unstable:          0 kB
Bounce:                0 kB
WritebackTmp:          0 kB
CommitLimit:     8677876 kB
Committed_AS:   72167580 kB
VmallocTotal:   263061440 kB
VmallocUsed:      132820 kB
VmallocChunk:          0 kB
Percpu:             2448 kB
CmaTotal:         405504 kB
CmaFree:               0 kB
MemTotal:        7918588 kB
MemFree:          790448 kB
MemAvailable:    2559492 kB
Buffers:            5844 kB
Cached:          1865952 kB
SwapCached:         9624 kB
Active:          2096676 kB
Inactive:        2602744 kB
Active(anon):    1735844 kB
Inactive(anon):  1117992 kB
Active(file):     360832 kB
Inactive(file):  1484752 kB
Unevictable:        6168 kB
Mlocked:            5728 kB
SwapTotal:       4718584 kB
SwapFree:        4521976 kB
Dirty:               568 kB
Writeback:             0 kB
AnonPages:       2829512 kB
Mapped:           904868 kB
Shmem:             21560 kB
KReclaimable:     313684 kB
Slab:             314680 kB
SReclaimable:      87844 kB
SUnreclaim:       226836 kB
KernelStack:       49632 kB
ShadowCallStack:   12432 kB
PageTables:        73868 kB
NFS_Unstable:          0 kB
Bounce:                0 kB
WritebackTmp:          0 kB
CommitLimit:     8677876 kB
Committed_AS:   72167580 kB
VmallocTotal:   263061440 kB
VmallocUsed:      132836 kB
VmallocChunk:          0 kB
Percpu:             2448 kB
CmaTotal:         405504 kB
CmaFree:               0 kB
MemTotal:        7918588 kB
MemFree:          741164 kB
MemAvailable:    2509436 kB
Buffers:            5868 kB
Cached:          1865952 kB
SwapCached:         9624 kB
Active:          2147036 kB
Inactive:        2602768 kB
Active(anon):    1786204 kB
Inactive(anon):  1117992 kB
Active(file):     360832 kB
Inactive(file):  1484776 kB
Unevictable:        6168 kB
Mlocked:            5728 kB
SwapTotal:       4718584 kB
SwapFree:        4521976 kB
Dirty:               576 kB
Writeback:             0 kB
AnonPages:       2879864 kB
Mapped:           905228 kB
Shmem:             21560 kB
KReclaimable:     312888 kB
Slab:             314544 kB
SReclaimable:      87752 kB
SUnreclaim:       226792 kB
KernelStack:       49552 kB
ShadowCallStack:   12420 kB
PageTables:        74044 kB
NFS_Unstable:          0 kB
Bounce:                0 kB
WritebackTmp:          0 kB
CommitLimit:     8677876 kB
Committed_AS:   72282108 kB
VmallocTotal:   263061440 kB
VmallocUsed:      132748 kB
VmallocChunk:          0 kB
Percpu:             2448 kB
CmaTotal:         405504 kB
CmaFree:               0 kB
MemTotal:        7918588 kB
MemFree:          734920 kB
MemAvailable:    2503120 kB
Buffers:            5868 kB
Cached:          1865952 kB
SwapCached:         9624 kB
Active:          2152124 kB
Inactive:        2602768 kB
Active(anon):    1791292 kB
Inactive(anon):  1117992 kB
Active(file):     360832 kB
Inactive(file):  1484776 kB
Unevictable:        6168 kB
Mlocked:            5728 kB
SwapTotal:       4718584 kB
SwapFree:        4521976 kB
Dirty:               576 kB
Writeback:             0 kB
AnonPages:       2884956 kB
Mapped:           905288 kB
Shmem:             21560 kB
KReclaimable:     312816 kB
Slab:             314536 kB
SReclaimable:      87752 kB
SUnreclaim:       226784 kB
KernelStack:       49536 kB
ShadowCallStack:   12408 kB
PageTables:        74108 kB
NFS_Unstable:          0 kB
Bounce:                0 kB
WritebackTmp:          0 kB
CommitLimit:     8677876 kB
Committed_AS:   72282064 kB
VmallocTotal:   263061440 kB
VmallocUsed:      132756 kB
VmallocChunk:          0 kB
Percpu:             2448 kB
CmaTotal:         405504 kB
CmaFree:               0 kB
MemTotal:        7918588 kB
MemFree:          720208 kB
MemAvailable:    2488200 kB
Buffers:            5868 kB
Cached:          1865952 kB
SwapCached:         9624 kB
Active:          2167068 kB
Inactive:        2602768 kB
Active(anon):    1806236 kB
Inactive(anon):  1117992 kB
Active(file):     360832 kB
Inactive(file):  1484776 kB
Unevictable:        6168 kB
Mlocked:            5728 kB
SwapTotal:       4718584 kB
SwapFree:        4521976 kB
Dirty:               580 kB
Writeback:             0 kB
AnonPages:       2899944 kB
Mapped:           905532 kB
Shmem:             21560 kB
KReclaimable:     312608 kB
Slab:             314588 kB
SReclaimable:      87752 kB
SUnreclaim:       226836 kB
KernelStack:       49536 kB
ShadowCallStack:   12408 kB
PageTables:        74224 kB
NFS_Unstable:          0 kB
Bounce:                0 kB
WritebackTmp:          0 kB
CommitLimit:     8677876 kB
Committed_AS:   72331216 kB
VmallocTotal:   263061440 kB
VmallocUsed:      132740 kB
VmallocChunk:          0 kB
Percpu:             2448 kB
CmaTotal:         405504 kB
CmaFree:               0 kB
MemTotal:        7918588 kB
MemFree:          676712 kB
MemAvailable:    2444112 kB
Buffers:            5868 kB
Cached:          1865952 kB
SwapCached:         9624 kB
Active:          2209488 kB
Inactive:        2602756 kB
Active(anon):    1848656 kB
Inactive(anon):  1117980 kB
Active(file):     360832 kB
Inactive(file):  1484776 kB
Unevictable:        6168 kB
Mlocked:            5728 kB
SwapTotal:       4718584 kB
SwapFree:        4521976 kB
Dirty:               580 kB
Writeback:             0 kB
AnonPages:       2942464 kB
Mapped:           905804 kB
Shmem:             21560 kB
KReclaimable:     312016 kB
Slab:             314604 kB
SReclaimable:      87752 kB
SUnreclaim:       226852 kB
KernelStack:       49536 kB
ShadowCallStack:   12404 kB
PageTables:        74404 kB
NFS_Unstable:          0 kB
Bounce:                0 kB
WritebackTmp:          0 kB
CommitLimit:     8677876 kB
Committed_AS:   72413136 kB
VmallocTotal:   263061440 kB
VmallocUsed:      132748 kB
VmallocChunk:          0 kB
Percpu:             2448 kB
CmaTotal:         405504 kB
CmaFree:               0 kB
MemTotal:        7918588 kB
MemFree:          677252 kB
MemAvailable:    2444660 kB
Buffers:            5868 kB
Cached:          1865960 kB
SwapCached:         9624 kB
Active:          2209472 kB
Inactive:        2602764 kB
Active(anon):    1848640 kB
Inactive(anon):  1117980 kB
Active(file):     360832 kB
Inactive(file):  1484784 kB
Unevictable:        6168 kB
Mlocked:            5728 kB
SwapTotal:       4718584 kB
SwapFree:        4521976 kB
Dirty:               676 kB
Writeback:             0 kB
AnonPages:       2942388 kB
Mapped:           905884 kB
Shmem:             21560 kB
KReclaimable:     312016 kB
Slab:             314644 kB
SReclaimable:      87752 kB
SUnreclaim:       226892 kB
KernelStack:       49536 kB
ShadowCallStack:   12412 kB
PageTables:        74428 kB
NFS_Unstable:          0 kB
Bounce:                0 kB
WritebackTmp:          0 kB
CommitLimit:     8677876 kB
Committed_AS:   72413136 kB
VmallocTotal:   263061440 kB
VmallocUsed:      132752 kB
VmallocChunk:          0 kB
Percpu:             2448 kB
CmaTotal:         405504 kB
CmaFree:               0 kB
MemTotal:        7918588 kB
MemFree:          646504 kB
MemAvailable:    2413512 kB
Buffers:            5876 kB
Cached:          1865964 kB
SwapCached:         9624 kB
Active:          2242040 kB
Inactive:        2602772 kB
Active(anon):    1881208 kB
Inactive(anon):  1117980 kB
Active(file):     360832 kB
Inactive(file):  1484792 kB
Unevictable:        6168 kB
Mlocked:            5728 kB
SwapTotal:       4718584 kB
SwapFree:        4521976 kB
Dirty:               680 kB
Writeback:             0 kB
AnonPages:       2974732 kB
Mapped:           906104 kB
Shmem:             21564 kB
KReclaimable:     311608 kB
Slab:             314660 kB
SReclaimable:      87752 kB
SUnreclaim:       226908 kB
KernelStack:       49488 kB
ShadowCallStack:   12404 kB
PageTables:        74484 kB
NFS_Unstable:          0 kB
Bounce:                0 kB
WritebackTmp:          0 kB
CommitLimit:     8677876 kB
Committed_AS:   72494956 kB
VmallocTotal:   263061440 kB
VmallocUsed:      132708 kB
VmallocChunk:          0 kB
Percpu:             2448 kB
CmaTotal:         405504 kB
CmaFree:               0 kB
MemTotal:        7918588 kB
MemFree:          620604 kB
MemAvailable:    2387100 kB
Buffers:            5876 kB
Cached:          1865964 kB
SwapCached:         9624 kB
Active:          2266504 kB
Inactive:        2602772 kB
Active(anon):    1905672 kB
Inactive(anon):  1117980 kB
Active(file):     360832 kB
Inactive(file):  1484792 kB
Unevictable:        6168 kB
Mlocked:            5728 kB
SwapTotal:       4718584 kB
SwapFree:        4521976 kB
Dirty:               680 kB
Writeback:             0 kB
AnonPages:       2999064 kB
Mapped:           906344 kB
Shmem:             21564 kB
KReclaimable:     311096 kB
Slab:             314592 kB
SReclaimable:      87752 kB
SUnreclaim:       226840 kB
KernelStack:       49488 kB
ShadowCallStack:   12396 kB
PageTables:        74688 kB
NFS_Unstable:          0 kB
Bounce:                0 kB
WritebackTmp:          0 kB
CommitLimit:     8677876 kB
Committed_AS:   72560492 kB
VmallocTotal:   263061440 kB
VmallocUsed:      132700 kB
VmallocChunk:          0 kB
Percpu:             2448 kB
CmaTotal:         405504 kB
CmaFree:               0 kB
MemTotal:        7918588 kB
MemFree:          618276 kB
MemAvailable:    2384748 kB
Buffers:            5876 kB
Cached:          1865964 kB
SwapCached:         9624 kB
Active:          2267756 kB
Inactive:        2602772 kB
Active(anon):    1906924 kB
Inactive(anon):  1117980 kB
Active(file):     360832 kB
Inactive(file):  1484792 kB
Unevictable:        6168 kB
Mlocked:            5728 kB
SwapTotal:       4718584 kB
SwapFree:        4521976 kB
Dirty:               680 kB
Writeback:             0 kB
AnonPages:       3000372 kB
Mapped:           906424 kB
Shmem:             21564 kB
KReclaimable:     311072 kB
Slab:             314572 kB
SReclaimable:      87752 kB
SUnreclaim:       226820 kB
KernelStack:       49520 kB
ShadowCallStack:   12396 kB
PageTables:        74696 kB
NFS_Unstable:          0 kB
Bounce:                0 kB
WritebackTmp:          0 kB
CommitLimit:     8677876 kB
Committed_AS:   72560444 kB
VmallocTotal:   263061440 kB
VmallocUsed:      132696 kB
VmallocChunk:          0 kB
Percpu:             2448 kB
CmaTotal:         405504 kB
CmaFree:               0 kB
MemTotal:        7918588 kB
MemFree:          563972 kB
MemAvailable:    2329540 kB
Buffers:            5876 kB
Cached:          1865968 kB
SwapCached:         9624 kB
Active:          2322564 kB
Inactive:        2602772 kB
Active(anon):    1961732 kB
Inactive(anon):  1117980 kB
Active(file):     360832 kB
Inactive(file):  1484792 kB
Unevictable:        6168 kB
Mlocked:            5728 kB
SwapTotal:       4718584 kB
SwapFree:        4521976 kB
Dirty:               680 kB
Writeback:             0 kB
AnonPages:       3055472 kB
Mapped:           906916 kB
Shmem:             21568 kB
KReclaimable:     310168 kB
Slab:             314628 kB
SReclaimable:      87752 kB
SUnreclaim:       226876 kB
KernelStack:       49488 kB
ShadowCallStack:   12396 kB
PageTables:        74896 kB
NFS_Unstable:          0 kB
Bounce:                0 kB
WritebackTmp:          0 kB
CommitLimit:     8677876 kB
Committed_AS:   72676156 kB
VmallocTotal:   263061440 kB
VmallocUsed:      132696 kB
VmallocChunk:          0 kB
Percpu:             2448 kB
CmaTotal:         405504 kB
CmaFree:               0 kB
MemTotal:        7918588 kB
MemFree:          564412 kB
MemAvailable:    2329988 kB
Buffers:            5876 kB
Cached:          1865980 kB
SwapCached:         9624 kB
Active:          2323032 kB
Inactive:        2602780 kB
Active(anon):    1962200 kB
Inactive(anon):  1117980 kB
Active(file):     360832 kB
Inactive(file):  1484800 kB
Unevictable:        6168 kB
Mlocked:            5728 kB
SwapTotal:       4718584 kB
SwapFree:        4521976 kB
Dirty:               148 kB
Writeback:           164 kB
AnonPages:       3055748 kB
Mapped:           906788 kB
Shmem:             21572 kB
KReclaimable:     310168 kB
Slab:             314604 kB
SReclaimable:      87752 kB
SUnreclaim:       226852 kB
KernelStack:       49472 kB
ShadowCallStack:   12396 kB
PageTables:        74824 kB
NFS_Unstable:          0 kB
Bounce:                0 kB
WritebackTmp:          0 kB
CommitLimit:     8677876 kB
Committed_AS:   72676160 kB
VmallocTotal:   263061440 kB
VmallocUsed:      132692 kB
VmallocChunk:          0 kB
Percpu:             2448 kB
CmaTotal:         405504 kB
CmaFree:               0 kB
MemTotal:        7918588 kB
MemFree:          551740 kB
MemAvailable:    2317180 kB
Buffers:            5900 kB
Cached:          1865992 kB
SwapCached:         9624 kB
Active:          2335696 kB
Inactive:        2602804 kB
Active(anon):    1974864 kB
Inactive(anon):  1117980 kB
Active(file):     360832 kB
Inactive(file):  1484824 kB
Unevictable:        6168 kB
Mlocked:            5728 kB
SwapTotal:       4718584 kB
SwapFree:        4521976 kB
Dirty:               140 kB
Writeback:             0 kB
AnonPages:       3068488 kB
Mapped:           907088 kB
Shmem:             21584 kB
KReclaimable:     310008 kB
Slab:             314668 kB
SReclaimable:      87752 kB
SUnreclaim:       226916 kB
KernelStack:       49488 kB
ShadowCallStack:   12396 kB
PageTables:        74988 kB
NFS_Unstable:          0 kB
Bounce:                0 kB
WritebackTmp:          0 kB
CommitLimit:     8677876 kB
Committed_AS:   72741708 kB
VmallocTotal:   263061440 kB
VmallocUsed:      132680 kB
VmallocChunk:          0 kB
Percpu:             2448 kB
CmaTotal:         405504 kB
CmaFree:               0 kB
MemTotal:        7918588 kB
MemFree:          507584 kB
MemAvailable:    2272472 kB
Buffers:            5900 kB
Cached:          1865992 kB
SwapCached:         9624 kB
Active:          2378280 kB
Inactive:        2602804 kB
Active(anon):    2017448 kB
Inactive(anon):  1117980 kB
Active(file):     360832 kB
Inactive(file):  1484824 kB
Unevictable:        6168 kB
Mlocked:            5728 kB
SwapTotal:       4718584 kB
SwapFree:        4521976 kB
Dirty:               140 kB
Writeback:             0 kB
AnonPages:       3111084 kB
Mapped:           907432 kB
Shmem:             21584 kB
KReclaimable:     309456 kB
Slab:             314736 kB
SReclaimable:      87752 kB
SUnreclaim:       226984 kB
KernelStack:       49520 kB
ShadowCallStack:   12396 kB
PageTables:        75188 kB
NFS_Unstable:          0 kB
Bounce:                0 kB
WritebackTmp:          0 kB
CommitLimit:     8677876 kB
Committed_AS:   72823632 kB
VmallocTotal:   263061440 kB
VmallocUsed:      132692 kB
VmallocChunk:          0 kB
Percpu:             2448 kB
CmaTotal:         405504 kB
CmaFree:               0 kB
MemTotal:        7918588 kB
MemFree:          507560 kB
MemAvailable:    2272420 kB
Buffers:            5908 kB
Cached:          1865988 kB
SwapCached:         9624 kB
Active:          2378988 kB
Inactive:        2602808 kB
Active(anon):    2018156 kB
Inactive(anon):  1117980 kB
Active(file):     360832 kB
Inactive(file):  1484828 kB
Unevictable:        6168 kB
Mlocked:            5728 kB
SwapTotal:       4718584 kB
SwapFree:        4521976 kB
Dirty:               140 kB
Writeback:             0 kB
AnonPages:       3111920 kB
Mapped:           907484 kB
Shmem:             21584 kB
KReclaimable:     309424 kB
Slab:             314800 kB
SReclaimable:      87752 kB
SUnreclaim:       227048 kB
KernelStack:       49456 kB
ShadowCallStack:   12392 kB
PageTables:        75192 kB
NFS_Unstable:          0 kB
Bounce:                0 kB
WritebackTmp:          0 kB
CommitLimit:     8677876 kB
Committed_AS:   72823628 kB
VmallocTotal:   263061440 kB
VmallocUsed:      132696 kB
VmallocChunk:          0 kB
Percpu:             2448 kB
CmaTotal:         405504 kB
CmaFree:               4 kB
MemTotal:        7918588 kB
MemFree:          472784 kB
MemAvailable:    2237024 kB
Buffers:            5908 kB
Cached:          1865992 kB
SwapCached:         9624 kB
Active:          2414344 kB
Inactive:        2602812 kB
Active(anon):    2053512 kB
Inactive(anon):  1117980 kB
Active(file):     360832 kB
Inactive(file):  1484832 kB
Unevictable:        6168 kB
Mlocked:            5728 kB
SwapTotal:       4718584 kB
SwapFree:        4521976 kB
Dirty:               140 kB
Writeback:             0 kB
AnonPages:       3147324 kB
Mapped:           907840 kB
Shmem:             21584 kB
KReclaimable:     308800 kB
Slab:             314864 kB
SReclaimable:      87752 kB
SUnreclaim:       227112 kB
KernelStack:       49456 kB
ShadowCallStack:   12388 kB
PageTables:        75360 kB
NFS_Unstable:          0 kB
Bounce:                0 kB
WritebackTmp:          0 kB
CommitLimit:     8677876 kB
Committed_AS:   72905444 kB
VmallocTotal:   263061440 kB
VmallocUsed:      132632 kB
VmallocChunk:          0 kB
Percpu:             2448 kB
CmaTotal:         405504 kB
CmaFree:               0 kB
MemTotal:        7918588 kB
MemFree:          451068 kB
MemAvailable:    2214868 kB
Buffers:            5908 kB
Cached:          1866000 kB
SwapCached:         9624 kB
Active:          2435908 kB
Inactive:        2602820 kB
Active(anon):    2075076 kB
Inactive(anon):  1117980 kB
Active(file):     360832 kB
Inactive(file):  1484840 kB
Unevictable:        6168 kB
Mlocked:            5728 kB
SwapTotal:       4718584 kB
SwapFree:        4521976 kB
Dirty:               104 kB
Writeback:             0 kB
AnonPages:       3168900 kB
Mapped:           908012 kB
Shmem:             21584 kB
KReclaimable:     308352 kB
Slab:             314832 kB
SReclaimable:      87752 kB
SUnreclaim:       227080 kB
KernelStack:       49424 kB
ShadowCallStack:   12384 kB
PageTables:        75368 kB
NFS_Unstable:          0 kB
Bounce:                0 kB
WritebackTmp:          0 kB
CommitLimit:     8677876 kB
Committed_AS:   72938132 kB
VmallocTotal:   263061440 kB
VmallocUsed:      132596 kB
VmallocChunk:          0 kB
Percpu:             2448 kB
CmaTotal:         405504 kB
CmaFree:               0 kB
MemTotal:        7918588 kB
MemFree:          450552 kB
MemAvailable:    2214364 kB
Buffers:            5916 kB
Cached:          1866008 kB
SwapCached:         9624 kB
Active:          2436644 kB
Inactive:        2602796 kB
Active(anon):    2075812 kB
Inactive(anon):  1117944 kB
Active(file):     360832 kB
Inactive(file):  1484852 kB
Unevictable:        6168 kB
Mlocked:            5728 kB
SwapTotal:       4718584 kB
SwapFree:        4521976 kB
Dirty:                64 kB
Writeback:             0 kB
AnonPages:       3169452 kB
Mapped:           908084 kB
Shmem:             21588 kB
KReclaimable:     308352 kB
Slab:             314792 kB
SReclaimable:      87752 kB
SUnreclaim:       227040 kB
KernelStack:       49296 kB
ShadowCallStack:   12348 kB
PageTables:        75412 kB
NFS_Unstable:          0 kB
Bounce:                0 kB
WritebackTmp:          0 kB
CommitLimit:     8677876 kB
Committed_AS:   72937800 kB
VmallocTotal:   263061440 kB
VmallocUsed:      132472 kB
VmallocChunk:          0 kB
Percpu:             2448 kB
CmaTotal:         405504 kB
CmaFree:               0 kB
MemTotal:        7918588 kB
MemFree:          400656 kB
MemAvailable:    2163892 kB
Buffers:            5916 kB
Cached:          1866008 kB
SwapCached:         9624 kB
Active:          2487444 kB
Inactive:        2602796 kB
Active(anon):    2126612 kB
Inactive(anon):  1117944 kB
Active(file):     360832 kB
Inactive(file):  1484852 kB
Unevictable:        6168 kB
Mlocked:            5728 kB
SwapTotal:       4718584 kB
SwapFree:        4521976 kB
Dirty:                64 kB
Writeback:             0 kB
AnonPages:       3220088 kB
Mapped:           908276 kB
Shmem:             21588 kB
KReclaimable:     307776 kB
Slab:             314776 kB
SReclaimable:      87752 kB
SUnreclaim:       227024 kB
KernelStack:       49264 kB
ShadowCallStack:   12336 kB
PageTables:        75608 kB
NFS_Unstable:          0 kB
Bounce:                0 kB
WritebackTmp:          0 kB
CommitLimit:     8677876 kB
Committed_AS:   73068772 kB
VmallocTotal:   263061440 kB
VmallocUsed:      132416 kB
VmallocChunk:          0 kB
Percpu:             2448 kB
CmaTotal:         405504 kB
CmaFree:               0 kB
MemTotal:        7918588 kB
MemFree:          394864 kB
MemAvailable:    2157972 kB
Buffers:            5916 kB
Cached:          1866008 kB
SwapCached:         9624 kB
Active:          2493028 kB
Inactive:        2602796 kB
Active(anon):    2132196 kB
Inactive(anon):  1117944 kB
Active(file):     360832 kB
Inactive(file):  1484852 kB
Unevictable:        6168 kB
Mlocked:            5728 kB
SwapTotal:       4718584 kB
SwapFree:        4521976 kB
Dirty:                76 kB
Writeback:             0 kB
AnonPages:       3225840 kB
Mapped:           908424 kB
Shmem:             21588 kB
KReclaimable:     307648 kB
Slab:             314824 kB
SReclaimable:      87752 kB
SUnreclaim:       227072 kB
KernelStack:       49312 kB
ShadowCallStack:   12344 kB
PageTables:        75656 kB
NFS_Unstable:          0 kB
Bounce:                0 kB
WritebackTmp:          0 kB
CommitLimit:     8677876 kB
Committed_AS:   73085152 kB
VmallocTotal:   263061440 kB
VmallocUsed:      132420 kB
VmallocChunk:          0 kB
Percpu:             2448 kB
CmaTotal:         405504 kB
CmaFree:               0 kB
MemTotal:        7918588 kB
MemFree:          378824 kB
MemAvailable:    2141840 kB
Buffers:            5916 kB
Cached:          1866076 kB
SwapCached:         9624 kB
Active:          2507488 kB
Inactive:        2602796 kB
Active(anon):    2146588 kB
Inactive(anon):  1117944 kB
Active(file):     360900 kB
Inactive(file):  1484852 kB
Unevictable:        6168 kB
Mlocked:            5728 kB
SwapTotal:       4718584 kB
SwapFree:        4521976 kB
Dirty:                84 kB
Writeback:             0 kB
AnonPages:       3240152 kB
Mapped:           908600 kB
Shmem:             21588 kB
KReclaimable:     307488 kB
Slab:             314836 kB
SReclaimable:      87752 kB
SUnreclaim:       227084 kB
KernelStack:       49184 kB
ShadowCallStack:   12316 kB
PageTables:        75624 kB
NFS_Unstable:          0 kB
Bounce:                0 kB
WritebackTmp:          0 kB
CommitLimit:     8677876 kB
Committed_AS:   73117660 kB
VmallocTotal:   263061440 kB
VmallocUsed:      132352 kB
VmallocChunk:          0 kB
Percpu:             2448 kB
CmaTotal:         405504 kB
CmaFree:               0 kB
MemTotal:        7918588 kB
MemFree:          337180 kB
MemAvailable:    2099268 kB
Buffers:            5916 kB
Cached:          1866088 kB
SwapCached:         9624 kB
Active:          2549636 kB
Inactive:        2602804 kB
Active(anon):    2188736 kB
Inactive(anon):  1117944 kB
Active(file):     360900 kB
Inactive(file):  1484860 kB
Unevictable:        6168 kB
Mlocked:            5728 kB
SwapTotal:       4718584 kB
SwapFree:        4521976 kB
Dirty:               112 kB
Writeback:             0 kB
AnonPages:       3282356 kB
Mapped:           909156 kB
Shmem:             21592 kB
KReclaimable:     306552 kB
Slab:             314848 kB
SReclaimable:      87752 kB
SUnreclaim:       227096 kB
KernelStack:       49168 kB
ShadowCallStack:   12320 kB
PageTables:        75960 kB
NFS_Unstable:          0 kB
Bounce:                0 kB
WritebackTmp:          0 kB
CommitLimit:     8677876 kB
Committed_AS:   73199480 kB
VmallocTotal:   263061440 kB
VmallocUsed:      132312 kB
VmallocChunk:          0 kB
Percpu:             2448 kB
CmaTotal:         405504 kB
CmaFree:               0 kB
MemTotal:        7918588 kB
MemFree:          337016 kB
MemAvailable:    2099136 kB
Buffers:            5948 kB
Cached:          1866088 kB
SwapCached:         9624 kB
Active:          2548700 kB
Inactive:        2602836 kB
Active(anon):    2187800 kB
Inactive(anon):  1117944 kB
Active(file):     360900 kB
Inactive(file):  1484892 kB
Unevictable:        6168 kB
Mlocked:            5728 kB
SwapTotal:       4718584 kB
SwapFree:        4521976 kB
Dirty:               172 kB
Writeback:             0 kB
AnonPages:       3281392 kB
Mapped:           909100 kB
Shmem:             21592 kB
KReclaimable:     306552 kB
Slab:             314880 kB
SReclaimable:      87752 kB
SUnreclaim:       227128 kB
KernelStack:       49120 kB
ShadowCallStack:   12304 kB
PageTables:        75864 kB
NFS_Unstable:          0 kB
Bounce:                0 kB
WritebackTmp:          0 kB
CommitLimit:     8677876 kB
Committed_AS:   73199376 kB
VmallocTotal:   263061440 kB
VmallocUsed:      132236 kB
VmallocChunk:          0 kB
Percpu:             2448 kB
CmaTotal:         405504 kB
CmaFree:               0 kB
MemTotal:        7918588 kB
MemFree:          302484 kB
MemAvailable:    2064300 kB
Buffers:            5948 kB
Cached:          1866092 kB
SwapCached:         9624 kB
Active:          2583924 kB
Inactive:        2602836 kB
Active(anon):    2223024 kB
Inactive(anon):  1117944 kB
Active(file):     360900 kB
Inactive(file):  1484892 kB
Unevictable:        6168 kB
Mlocked:            5728 kB
SwapTotal:       4718584 kB
SwapFree:        4521976 kB
Dirty:               172 kB
Writeback:             0 kB
AnonPages:       3316484 kB
Mapped:           909436 kB
Shmem:             21596 kB
KReclaimable:     306248 kB
Slab:             314844 kB
SReclaimable:      87752 kB
SUnreclaim:       227092 kB
KernelStack:       49120 kB
ShadowCallStack:   12300 kB
PageTables:        76004 kB
NFS_Unstable:          0 kB
Bounce:                0 kB
WritebackTmp:          0 kB
CommitLimit:     8677876 kB
Committed_AS:   73297728 kB
VmallocTotal:   263061440 kB
VmallocUsed:      132272 kB
VmallocChunk:          0 kB
Percpu:             2448 kB
CmaTotal:         405504 kB
CmaFree:               0 kB
MemTotal:        7918588 kB
MemFree:          279028 kB
MemAvailable:    2040356 kB
Buffers:            5948 kB
Cached:          1866108 kB
SwapCached:         9624 kB
Active:          2606368 kB
Inactive:        2602852 kB
Active(anon):    2245468 kB
Inactive(anon):  1117944 kB
Active(file):     360900 kB
Inactive(file):  1484908 kB
Unevictable:        6168 kB
Mlocked:            5728 kB
SwapTotal:       4718584 kB
SwapFree:        4521976 kB
Dirty:               172 kB
Writeback:             0 kB
AnonPages:       3339028 kB
Mapped:           909624 kB
Shmem:             21596 kB
KReclaimable:     305744 kB
Slab:             315000 kB
SReclaimable:      87752 kB
SUnreclaim:       227248 kB
KernelStack:       49200 kB
ShadowCallStack:   12332 kB
PageTables:        76172 kB
NFS_Unstable:          0 kB
Bounce:                0 kB
WritebackTmp:          0 kB
CommitLimit:     8677876 kB
Committed_AS:   73330712 kB
VmallocTotal:   263061440 kB
VmallocUsed:      132340 kB
VmallocChunk:          0 kB
Percpu:             2448 kB
CmaTotal:         405504 kB
CmaFree:               0 kB
MemTotal:        7918588 kB
MemFree:          278480 kB
MemAvailable:    2039808 kB
Buffers:            5948 kB
Cached:          1866108 kB
SwapCached:         9624 kB
Active:          2607264 kB
Inactive:        2602852 kB
Active(anon):    2246364 kB
Inactive(anon):  1117944 kB
Active(file):     360900 kB
Inactive(file):  1484908 kB
Unevictable:        6168 kB
Mlocked:            5728 kB
SwapTotal:       4718584 kB
SwapFree:        4521976 kB
Dirty:               172 kB
Writeback:             0 kB
AnonPages:       3340024 kB
Mapped:           909832 kB
Shmem:             21596 kB
KReclaimable:     305744 kB
Slab:             315000 kB
SReclaimable:      87752 kB
SUnreclaim:       227248 kB
KernelStack:       49216 kB
ShadowCallStack:   12320 kB
PageTables:        76148 kB
NFS_Unstable:          0 kB
Bounce:                0 kB
WritebackTmp:          0 kB
CommitLimit:     8677876 kB
Committed_AS:   73346992 kB
VmallocTotal:   263061440 kB
VmallocUsed:      132296 kB
VmallocChunk:          0 kB
Percpu:             2448 kB
CmaTotal:         405504 kB
CmaFree:               0 kB
MemTotal:        7918588 kB
MemFree:          222324 kB
MemAvailable:    1982844 kB
Buffers:            5948 kB
Cached:          1866120 kB
SwapCached:         9624 kB
Active:          2663416 kB
Inactive:        2602860 kB
Active(anon):    2302516 kB
Inactive(anon):  1117944 kB
Active(file):     360900 kB
Inactive(file):  1484916 kB
Unevictable:        6168 kB
Mlocked:            5728 kB
SwapTotal:       4718584 kB
SwapFree:        4521976 kB
Dirty:               180 kB
Writeback:             0 kB
AnonPages:       3395980 kB
Mapped:           910184 kB
Shmem:             21600 kB
KReclaimable:     304928 kB
Slab:             314968 kB
SReclaimable:      87752 kB
SUnreclaim:       227216 kB
KernelStack:       49184 kB
ShadowCallStack:   12316 kB
PageTables:        76468 kB
NFS_Unstable:          0 kB
Bounce:                0 kB
WritebackTmp:          0 kB
CommitLimit:     8677876 kB
Committed_AS:   73478068 kB
VmallocTotal:   263061440 kB
VmallocUsed:      132300 kB
VmallocChunk:          0 kB
Percpu:             2448 kB
CmaTotal:         405504 kB
CmaFree:               0 kB
MemTotal:        7918588 kB
MemFree:          221212 kB
MemAvailable:    1981708 kB
Buffers:            5948 kB
Cached:          1866120 kB
SwapCached:         9624 kB
Active:          2663588 kB
Inactive:        2602860 kB
Active(anon):    2302688 kB
Inactive(anon):  1117944 kB
Active(file):     360900 kB
Inactive(file):  1484916 kB
Unevictable:        6168 kB
Mlocked:            5728 kB
SwapTotal:       4718584 kB
SwapFree:        4521976 kB
Dirty:               180 kB
Writeback:             0 kB
AnonPages:       3396212 kB
Mapped:           910240 kB
Shmem:             21600 kB
KReclaimable:     304904 kB
Slab:             315008 kB
SReclaimable:      87752 kB
SUnreclaim:       227256 kB
KernelStack:       49168 kB
ShadowCallStack:   12312 kB
PageTables:        76272 kB
NFS_Unstable:          0 kB
Bounce:                0 kB
WritebackTmp:          0 kB
CommitLimit:     8677876 kB
Committed_AS:   73478068 kB
VmallocTotal:   263061440 kB
VmallocUsed:      132300 kB
VmallocChunk:          0 kB
Percpu:             2448 kB
CmaTotal:         405504 kB
CmaFree:               0 kB
MemTotal:        7918588 kB
MemFree:          205832 kB
MemAvailable:    1966240 kB
Buffers:            5956 kB
Cached:          1866120 kB
SwapCached:         9624 kB
Active:          2679372 kB
Inactive:        2602868 kB
Active(anon):    2318472 kB
Inactive(anon):  1117944 kB
Active(file):     360900 kB
Inactive(file):  1484924 kB
Unevictable:        6168 kB
Mlocked:            5728 kB
SwapTotal:       4718584 kB
SwapFree:        4521976 kB
Dirty:               184 kB
Writeback:             0 kB
AnonPages:       3412104 kB
Mapped:           910460 kB
Shmem:             21600 kB
KReclaimable:     304808 kB
Slab:             314992 kB
SReclaimable:      87752 kB
SUnreclaim:       227240 kB
KernelStack:       49200 kB
ShadowCallStack:   12320 kB
PageTables:        76608 kB
NFS_Unstable:          0 kB
Bounce:                0 kB
WritebackTmp:          0 kB
CommitLimit:     8677876 kB
Committed_AS:   73510836 kB
VmallocTotal:   263061440 kB
VmallocUsed:      132312 kB
VmallocChunk:          0 kB
Percpu:             2448 kB
CmaTotal:         405504 kB
CmaFree:               0 kB
MemTotal:        7918588 kB
MemFree:          165244 kB
MemAvailable:    1924796 kB
Buffers:            5964 kB
Cached:          1866140 kB
SwapCached:         9624 kB
Active:          2718616 kB
Inactive:        2602876 kB
Active(anon):    2357716 kB
Inactive(anon):  1117944 kB
Active(file):     360900 kB
Inactive(file):  1484932 kB
Unevictable:        6168 kB
Mlocked:            5728 kB
SwapTotal:       4718584 kB
SwapFree:        4521976 kB
Dirty:               252 kB
Writeback:             0 kB
AnonPages:       3451320 kB
Mapped:           910848 kB
Shmem:             21620 kB
KReclaimable:     303944 kB
Slab:             315048 kB
SReclaimable:      87752 kB
SUnreclaim:       227296 kB
KernelStack:       49168 kB
ShadowCallStack:   12328 kB
PageTables:        76752 kB
NFS_Unstable:          0 kB
Bounce:                0 kB
WritebackTmp:          0 kB
CommitLimit:     8677876 kB
Committed_AS:   73592776 kB
VmallocTotal:   263061440 kB
VmallocUsed:      132332 kB
VmallocChunk:          0 kB
Percpu:             2448 kB
CmaTotal:         405504 kB
CmaFree:              16 kB
MemTotal:        7918588 kB
MemFree:          164692 kB
MemAvailable:    1924264 kB
Buffers:            5964 kB
Cached:          1866152 kB
SwapCached:         9624 kB
Active:          2718872 kB
Inactive:        2602880 kB
Active(anon):    2357972 kB
Inactive(anon):  1117944 kB
Active(file):     360900 kB
Inactive(file):  1484936 kB
Unevictable:        6168 kB
Mlocked:            5728 kB
SwapTotal:       4718584 kB
SwapFree:        4521976 kB
Dirty:               256 kB
Writeback:             0 kB
AnonPages:       3451556 kB
Mapped:           911064 kB
Shmem:             21628 kB
KReclaimable:     303960 kB
Slab:             315152 kB
SReclaimable:      87768 kB
SUnreclaim:       227384 kB
KernelStack:       49168 kB
ShadowCallStack:   12316 kB
PageTables:        76696 kB
NFS_Unstable:          0 kB
Bounce:                0 kB
WritebackTmp:          0 kB
CommitLimit:     8677876 kB
Committed_AS:   73592788 kB
VmallocTotal:   263061440 kB
VmallocUsed:      132292 kB
VmallocChunk:          0 kB
Percpu:             2448 kB
CmaTotal:         405504 kB
CmaFree:               0 kB
MemTotal:        7918588 kB
MemFree:          159624 kB
MemAvailable:    1888592 kB
Buffers:            5964 kB
Cached:          1839992 kB
SwapCached:         9624 kB
Active:          2787060 kB
Inactive:        2545100 kB
Active(anon):    2417192 kB
Inactive(anon):  1095524 kB
Active(file):     369868 kB
Inactive(file):  1449576 kB
Unevictable:        6168 kB
Mlocked:            5728 kB
SwapTotal:       4718584 kB
SwapFree:        4521976 kB
Dirty:               264 kB
Writeback:             0 kB
AnonPages:       3488328 kB
Mapped:           895376 kB
Shmem:             21628 kB
KReclaimable:     299748 kB
Slab:             313560 kB
SReclaimable:      86212 kB
SUnreclaim:       227348 kB
KernelStack:       49184 kB
ShadowCallStack:   12308 kB
PageTables:        76908 kB
NFS_Unstable:          0 kB
Bounce:                0 kB
WritebackTmp:          0 kB
CommitLimit:     8677876 kB
Committed_AS:   73707476 kB
VmallocTotal:   263061440 kB
VmallocUsed:      132316 kB
VmallocChunk:          0 kB
Percpu:             2448 kB
CmaTotal:         405504 kB
CmaFree:               0 kB
MemTotal:        7918588 kB
MemFree:          159396 kB
MemAvailable:    1869508 kB
Buffers:            5988 kB
Cached:          1822640 kB
SwapCached:         9624 kB
Active:          2808556 kB
Inactive:        2525500 kB
Active(anon):    2436180 kB
Inactive(anon):  1095528 kB
Active(file):     372376 kB
Inactive(file):  1429972 kB
Unevictable:        6168 kB
Mlocked:            5728 kB
SwapTotal:       4718584 kB
SwapFree:        4521976 kB
Dirty:                92 kB
Writeback:             0 kB
AnonPages:       3507424 kB
Mapped:           885192 kB
Shmem:             21628 kB
KReclaimable:     297988 kB
Slab:             313424 kB
SReclaimable:      86132 kB
SUnreclaim:       227292 kB
KernelStack:       49152 kB
ShadowCallStack:   12328 kB
PageTables:        76824 kB
NFS_Unstable:          0 kB
Bounce:                0 kB
WritebackTmp:          0 kB
CommitLimit:     8677876 kB
Committed_AS:   73740240 kB
VmallocTotal:   263061440 kB
VmallocUsed:      132308 kB
VmallocChunk:          0 kB
Percpu:             2448 kB
CmaTotal:         405504 kB
CmaFree:               0 kB
MemTotal:        7918588 kB
MemFree:          158560 kB
MemAvailable:    1868684 kB
Buffers:            5988 kB
Cached:          1822652 kB
SwapCached:         9624 kB
Active:          2809776 kB
Inactive:        2525508 kB
Active(anon):    2437400 kB
Inactive(anon):  1095524 kB
Active(file):     372376 kB
Inactive(file):  1429984 kB
Unevictable:        6168 kB
Mlocked:            5728 kB
SwapTotal:       4718584 kB
SwapFree:        4521976 kB
Dirty:                92 kB
Writeback:             0 kB
AnonPages:       3508560 kB
Mapped:           885156 kB
Shmem:             21628 kB
KReclaimable:     297988 kB
Slab:             313452 kB
SReclaimable:      86132 kB
SUnreclaim:       227320 kB
KernelStack:       49168 kB
ShadowCallStack:   12304 kB
PageTables:        76984 kB
NFS_Unstable:          0 kB
Bounce:                0 kB
WritebackTmp:          0 kB
CommitLimit:     8677876 kB
Committed_AS:   73740240 kB
VmallocTotal:   263061440 kB
VmallocUsed:      132300 kB
VmallocChunk:          0 kB
Percpu:             2448 kB
CmaTotal:         405504 kB
CmaFree:               0 kB
MemTotal:        7918588 kB
MemFree:          159468 kB
MemAvailable:    1817576 kB
Buffers:            5988 kB
Cached:          1775444 kB
SwapCached:         9624 kB
Active:          2872860 kB
Inactive:        2465080 kB
Active(anon):    2487260 kB
Inactive(anon):  1095528 kB
Active(file):     385600 kB
Inactive(file):  1369552 kB
Unevictable:        6168 kB
Mlocked:            5728 kB
SwapTotal:       4718584 kB
SwapFree:        4521976 kB
Dirty:                96 kB
Writeback:             0 kB
AnonPages:       3558516 kB
Mapped:           857548 kB
Shmem:             21628 kB
KReclaimable:     293180 kB
Slab:             313532 kB
SReclaimable:      86132 kB
SUnreclaim:       227400 kB
KernelStack:       49184 kB
ShadowCallStack:   12328 kB
PageTables:        77188 kB
NFS_Unstable:          0 kB
Bounce:                0 kB
WritebackTmp:          0 kB
CommitLimit:     8677876 kB
Committed_AS:   73854928 kB
VmallocTotal:   263061440 kB
VmallocUsed:      132308 kB
VmallocChunk:          0 kB
Percpu:             2448 kB
CmaTotal:         405504 kB
CmaFree:               0 kB
MemTotal:        7918588 kB
MemFree:          162324 kB
MemAvailable:    1812108 kB
Buffers:            5988 kB
Cached:          1767744 kB
SwapCached:         9624 kB
Active:          2878600 kB
Inactive:        2456444 kB
Active(anon):    2492060 kB
Inactive(anon):  1095532 kB
Active(file):     386540 kB
Inactive(file):  1360912 kB
Unevictable:        6168 kB
Mlocked:            5728 kB
SwapTotal:       4718584 kB
SwapFree:        4521976 kB
Dirty:                96 kB
Writeback:             0 kB
AnonPages:       3563244 kB
Mapped:           854596 kB
Shmem:             21628 kB
KReclaimable:     292556 kB
Slab:             313572 kB
SReclaimable:      86132 kB
SUnreclaim:       227440 kB
KernelStack:       49184 kB
ShadowCallStack:   12324 kB
PageTables:        77136 kB
NFS_Unstable:          0 kB
Bounce:                0 kB
WritebackTmp:          0 kB
CommitLimit:     8677876 kB
Committed_AS:   73871312 kB
VmallocTotal:   263061440 kB
VmallocUsed:      132284 kB
VmallocChunk:          0 kB
Percpu:             2448 kB
CmaTotal:         405504 kB
CmaFree:               0 kB
MemTotal:        7918588 kB
MemFree:          159184 kB
MemAvailable:    1796412 kB
Buffers:            5988 kB
Cached:          1755900 kB
SwapCached:         9624 kB
Active:          2894736 kB
Inactive:        2443168 kB
Active(anon):    2506768 kB
Inactive(anon):  1095528 kB
Active(file):     387968 kB
Inactive(file):  1347640 kB
Unevictable:        6168 kB
Mlocked:            5728 kB
SwapTotal:       4718584 kB
SwapFree:        4521976 kB
Dirty:               120 kB
Writeback:             0 kB
AnonPages:       3577916 kB
Mapped:           851460 kB
Shmem:             21628 kB
KReclaimable:     291844 kB
Slab:             313620 kB
SReclaimable:      86132 kB
SUnreclaim:       227488 kB
KernelStack:       49184 kB
ShadowCallStack:   12320 kB
PageTables:        77340 kB
NFS_Unstable:          0 kB
Bounce:                0 kB
WritebackTmp:          0 kB
CommitLimit:     8677876 kB
Committed_AS:   73904080 kB
VmallocTotal:   263061440 kB
VmallocUsed:      132316 kB
VmallocChunk:          0 kB
Percpu:             2448 kB
CmaTotal:         405504 kB
CmaFree:               0 kB
MemTotal:        7918588 kB
MemFree:          160112 kB
MemAvailable:    1756040 kB
Buffers:            5988 kB
Cached:          1717748 kB
SwapCached:         9624 kB
Active:          2939808 kB
Inactive:        2399660 kB
Active(anon):    2546520 kB
Inactive(anon):  1095528 kB
Active(file):     393288 kB
Inactive(file):  1304132 kB
Unevictable:        6168 kB
Mlocked:            5728 kB
SwapTotal:       4718584 kB
SwapFree:        4522232 kB
Dirty:               120 kB
Writeback:             0 kB
AnonPages:       3617572 kB
Mapped:           833416 kB
Shmem:             21640 kB
KReclaimable:     288732 kB
Slab:             313616 kB
SReclaimable:      86132 kB
SUnreclaim:       227484 kB
KernelStack:       49136 kB
ShadowCallStack:   12324 kB
PageTables:        77480 kB
NFS_Unstable:          0 kB
Bounce:                0 kB
WritebackTmp:          0 kB
CommitLimit:     8677876 kB
Committed_AS:   74035164 kB
VmallocTotal:   263061440 kB
VmallocUsed:      132316 kB
VmallocChunk:          0 kB
Percpu:             2448 kB
CmaTotal:         405504 kB
CmaFree:               0 kB
MemTotal:        7918588 kB
MemFree:          158004 kB
MemAvailable:    1753752 kB
Buffers:            5996 kB
Cached:          1717664 kB
SwapCached:         9624 kB
Active:          2942348 kB
Inactive:        2399576 kB
Active(anon):    2549028 kB
Inactive(anon):  1095528 kB
Active(file):     393320 kB
Inactive(file):  1304048 kB
Unevictable:        6168 kB
Mlocked:            5728 kB
SwapTotal:       4718584 kB
SwapFree:        4522232 kB
Dirty:               172 kB
Writeback:             0 kB
AnonPages:       3620196 kB
Mapped:           833160 kB
Shmem:             21640 kB
KReclaimable:     288604 kB
Slab:             313536 kB
SReclaimable:      86132 kB
SUnreclaim:       227404 kB
KernelStack:       49168 kB
ShadowCallStack:   12324 kB
PageTables:        77536 kB
NFS_Unstable:          0 kB
Bounce:                0 kB
WritebackTmp:          0 kB
CommitLimit:     8677876 kB
Committed_AS:   74035164 kB
VmallocTotal:   263061440 kB
VmallocUsed:      132316 kB
VmallocChunk:          0 kB
Percpu:             2448 kB
CmaTotal:         405504 kB
CmaFree:               0 kB
MemTotal:        7918588 kB
MemFree:          160580 kB
MemAvailable:    1716876 kB
Buffers:            5996 kB
Cached:          1681856 kB
SwapCached:         9624 kB
Active:          2984680 kB
Inactive:        2356428 kB
Active(anon):    2584064 kB
Inactive(anon):  1095528 kB
Active(file):     400616 kB
Inactive(file):  1260900 kB
Unevictable:        6168 kB
Mlocked:            5728 kB
SwapTotal:       4718584 kB
SwapFree:        4522232 kB
Dirty:               188 kB
Writeback:             0 kB
AnonPages:       3655336 kB
Mapped:           825460 kB
Shmem:             21640 kB
KReclaimable:     285004 kB
Slab:             313576 kB
SReclaimable:      86132 kB
SUnreclaim:       227444 kB
KernelStack:       49168 kB
ShadowCallStack:   12324 kB
PageTables:        77388 kB
NFS_Unstable:          0 kB
Bounce:                0 kB
WritebackTmp:          0 kB
CommitLimit:     8677876 kB
Committed_AS:   74100704 kB
VmallocTotal:   263061440 kB
VmallocUsed:      132332 kB
VmallocChunk:          0 kB
Percpu:             2448 kB
CmaTotal:         405504 kB
CmaFree:               0 kB
MemTotal:        7918588 kB
MemFree:          161212 kB
MemAvailable:    1697292 kB
Buffers:            5996 kB
Cached:          1662992 kB
SwapCached:         9624 kB
Active:          3005328 kB
Inactive:        2337536 kB
Active(anon):    2604560 kB
Inactive(anon):  1095524 kB
Active(file):     400768 kB
Inactive(file):  1242012 kB
Unevictable:        6168 kB
Mlocked:            5728 kB
SwapTotal:       4718584 kB
SwapFree:        4522232 kB
Dirty:               208 kB
Writeback:             0 kB
AnonPages:       3675624 kB
Mapped:           823020 kB
Shmem:             21640 kB
KReclaimable:     283524 kB
Slab:             313604 kB
SReclaimable:      86132 kB
SUnreclaim:       227472 kB
KernelStack:       49216 kB
ShadowCallStack:   12316 kB
PageTables:        78008 kB
NFS_Unstable:          0 kB
Bounce:                0 kB
WritebackTmp:          0 kB
CommitLimit:     8677876 kB
Committed_AS:   74149852 kB
VmallocTotal:   263061440 kB
VmallocUsed:      132312 kB
VmallocChunk:          0 kB
Percpu:             2448 kB
CmaTotal:         405504 kB
CmaFree:               0 kB
MemTotal:        7918588 kB
MemFree:          159016 kB
MemAvailable:    1694928 kB
Buffers:            5996 kB
Cached:          1662908 kB
SwapCached:         9624 kB
Active:          3006312 kB
Inactive:        2337372 kB
Active(anon):    2605544 kB
Inactive(anon):  1095528 kB
Active(file):     400768 kB
Inactive(file):  1241844 kB
Unevictable:        6168 kB
Mlocked:            5728 kB
SwapTotal:       4718584 kB
SwapFree:        4522232 kB
Dirty:               216 kB
Writeback:             0 kB
AnonPages:       3676728 kB
Mapped:           822852 kB
Shmem:             21640 kB
KReclaimable:     283524 kB
Slab:             313716 kB
SReclaimable:      86132 kB
SUnreclaim:       227584 kB
KernelStack:       49184 kB
ShadowCallStack:   12324 kB
PageTables:        77604 kB
NFS_Unstable:          0 kB
Bounce:                0 kB
WritebackTmp:          0 kB
CommitLimit:     8677876 kB
Committed_AS:   74149852 kB
VmallocTotal:   263061440 kB
VmallocUsed:      132332 kB
VmallocChunk:          0 kB
Percpu:             2448 kB
CmaTotal:         405504 kB
CmaFree:             100 kB
MemTotal:        7918588 kB
MemFree:          159776 kB
MemAvailable:    1642620 kB
Buffers:            6020 kB
Cached:          1613808 kB
SwapCached:         9624 kB
Active:          3060276 kB
Inactive:        2286960 kB
Active(anon):    2658172 kB
Inactive(anon):  1095528 kB
Active(file):     402104 kB
Inactive(file):  1191432 kB
Unevictable:        6168 kB
Mlocked:            5728 kB
SwapTotal:       4718584 kB
SwapFree:        4522232 kB
Dirty:               216 kB
Writeback:             0 kB
AnonPages:       3729316 kB
Mapped:           808232 kB
Shmem:             21640 kB
KReclaimable:     279532 kB
Slab:             313580 kB
SReclaimable:      85988 kB
SUnreclaim:       227592 kB
KernelStack:       49184 kB
ShadowCallStack:   12320 kB
PageTables:        78028 kB
NFS_Unstable:          0 kB
Bounce:                0 kB
WritebackTmp:          0 kB
CommitLimit:     8677876 kB
Committed_AS:   74280924 kB
VmallocTotal:   263061440 kB
VmallocUsed:      132312 kB
VmallocChunk:          0 kB
Percpu:             2448 kB
CmaTotal:         405504 kB
CmaFree:               0 kB
MemTotal:        7918588 kB
MemFree:          160412 kB
MemAvailable:    1638840 kB
Buffers:            6020 kB
Cached:          1609456 kB
SwapCached:         9624 kB
Active:          3063044 kB
Inactive:        2282608 kB
Active(anon):    2660940 kB
Inactive(anon):  1095528 kB
Active(file):     402104 kB
Inactive(file):  1187080 kB
Unevictable:        6168 kB
Mlocked:            5728 kB
SwapTotal:       4718584 kB
SwapFree:        4522232 kB
Dirty:               216 kB
Writeback:             0 kB
AnonPages:       3732056 kB
Mapped:           808088 kB
Shmem:             21640 kB
KReclaimable:     279468 kB
Slab:             313572 kB
SReclaimable:      85988 kB
SUnreclaim:       227584 kB
KernelStack:       49168 kB
ShadowCallStack:   12344 kB
PageTables:        77856 kB
NFS_Unstable:          0 kB
Bounce:                0 kB
WritebackTmp:          0 kB
CommitLimit:     8677876 kB
Committed_AS:   74280948 kB
VmallocTotal:   263061440 kB
VmallocUsed:      132320 kB
VmallocChunk:          0 kB
Percpu:             2448 kB
CmaTotal:         405504 kB
CmaFree:               0 kB
MemTotal:        7918588 kB
MemFree:          157588 kB
MemAvailable:    1627024 kB
Buffers:            6020 kB
Cached:          1601200 kB
SwapCached:         9624 kB
Active:          3076088 kB
Inactive:        2273988 kB
Active(anon):    2673628 kB
Inactive(anon):  1095520 kB
Active(file):     402460 kB
Inactive(file):  1178468 kB
Unevictable:        6168 kB
Mlocked:            5728 kB
SwapTotal:       4718584 kB
SwapFree:        4522232 kB
Dirty:                96 kB
Writeback:             0 kB
AnonPages:       3744700 kB
Mapped:           806348 kB
Shmem:             21640 kB
KReclaimable:     278732 kB
Slab:             313388 kB
SReclaimable:      85812 kB
SUnreclaim:       227576 kB
KernelStack:       49232 kB
ShadowCallStack:   12328 kB
PageTables:        78128 kB
NFS_Unstable:          0 kB
Bounce:                0 kB
WritebackTmp:          0 kB
CommitLimit:     8677876 kB
Committed_AS:   74330124 kB
VmallocTotal:   263061440 kB
VmallocUsed:      132332 kB
VmallocChunk:          0 kB
Percpu:             2448 kB
CmaTotal:         405504 kB
CmaFree:               0 kB
MemTotal:        7918588 kB
MemFree:          157896 kB
MemAvailable:    1580580 kB
Buffers:            6028 kB
Cached:          1558328 kB
SwapCached:         9624 kB
Active:          3125416 kB
Inactive:        2226364 kB
Active(anon):    2718236 kB
Inactive(anon):  1095528 kB
Active(file):     407180 kB
Inactive(file):  1130836 kB
Unevictable:        6168 kB
Mlocked:            5728 kB
SwapTotal:       4718584 kB
SwapFree:        4522232 kB
Dirty:               120 kB
Writeback:             0 kB
AnonPages:       3789400 kB
Mapped:           782732 kB
Shmem:             21644 kB
KReclaimable:     274892 kB
Slab:             313352 kB
SReclaimable:      85812 kB
SUnreclaim:       227540 kB
KernelStack:       49184 kB
ShadowCallStack:   12316 kB
PageTables:        78244 kB
NFS_Unstable:          0 kB
Bounce:                0 kB
WritebackTmp:          0 kB
CommitLimit:     8677876 kB
Committed_AS:   74428384 kB
VmallocTotal:   263061440 kB
VmallocUsed:      132336 kB
VmallocChunk:          0 kB
Percpu:             2448 kB
CmaTotal:         405504 kB
CmaFree:               0 kB
MemTotal:        7918588 kB
MemFree:          157156 kB
MemAvailable:    1579856 kB
Buffers:            6028 kB
Cached:          1558300 kB
SwapCached:         9624 kB
Active:          3125776 kB
Inactive:        2226284 kB
Active(anon):    2718504 kB
Inactive(anon):  1095524 kB
Active(file):     407272 kB
Inactive(file):  1130760 kB
Unevictable:        6168 kB
Mlocked:            5728 kB
SwapTotal:       4718584 kB
SwapFree:        4522232 kB
Dirty:               184 kB
Writeback:             0 kB
AnonPages:       3789688 kB
Mapped:           782628 kB
Shmem:             21644 kB
KReclaimable:     274892 kB
Slab:             313444 kB
SReclaimable:      85812 kB
SUnreclaim:       227632 kB
KernelStack:       49216 kB
ShadowCallStack:   12336 kB
PageTables:        78192 kB
NFS_Unstable:          0 kB
Bounce:                0 kB
WritebackTmp:          0 kB
CommitLimit:     8677876 kB
Committed_AS:   74428384 kB
VmallocTotal:   263061440 kB
VmallocUsed:      132336 kB
VmallocChunk:          0 kB
Percpu:             2448 kB
CmaTotal:         405504 kB
CmaFree:               0 kB
MemTotal:        7918588 kB
MemFree:          159300 kB
MemAvailable:    1546996 kB
Buffers:            6028 kB
Cached:          1525416 kB
SwapCached:         9624 kB
Active:          3159632 kB
Inactive:        2191736 kB
Active(anon):    2750692 kB
Inactive(anon):  1095528 kB
Active(file):     408940 kB
Inactive(file):  1096208 kB
Unevictable:        6168 kB
Mlocked:            5728 kB
SwapTotal:       4718584 kB
SwapFree:        4522232 kB
Dirty:               276 kB
Writeback:             0 kB
AnonPages:       3821860 kB
Mapped:           767420 kB
Shmem:             21644 kB
KReclaimable:     272772 kB
Slab:             313512 kB
SReclaimable:      85812 kB
SUnreclaim:       227700 kB
KernelStack:       49184 kB
ShadowCallStack:   12328 kB
PageTables:        78432 kB
NFS_Unstable:          0 kB
Bounce:                0 kB
WritebackTmp:          0 kB
CommitLimit:     8677876 kB
Committed_AS:   74493920 kB
VmallocTotal:   263061440 kB
VmallocUsed:      132336 kB
VmallocChunk:          0 kB
Percpu:             2448 kB
CmaTotal:         405504 kB
CmaFree:               0 kB
MemTotal:        7918588 kB
MemFree:          159560 kB
MemAvailable:    1523536 kB
Buffers:            6036 kB
Cached:          1503560 kB
SwapCached:         9624 kB
Active:          3186824 kB
Inactive:        2166272 kB
Active(anon):    2774264 kB
Inactive(anon):  1095524 kB
Active(file):     412560 kB
Inactive(file):  1070748 kB
Unevictable:        6168 kB
Mlocked:            5728 kB
SwapTotal:       4718584 kB
SwapFree:        4522232 kB
Dirty:               328 kB
Writeback:             0 kB
AnonPages:       3845360 kB
Mapped:           749656 kB
Shmem:             21644 kB
KReclaimable:     270892 kB
Slab:             313460 kB
SReclaimable:      85812 kB
SUnreclaim:       227648 kB
KernelStack:       49168 kB
ShadowCallStack:   12316 kB
PageTables:        78480 kB
NFS_Unstable:          0 kB
Bounce:                0 kB
WritebackTmp:          0 kB
CommitLimit:     8677876 kB
Committed_AS:   74543072 kB
VmallocTotal:   263061440 kB
VmallocUsed:      132316 kB
VmallocChunk:          0 kB
Percpu:             2448 kB
CmaTotal:         405504 kB
CmaFree:               0 kB
MemTotal:        7918588 kB
MemFree:          158080 kB
MemAvailable:    1521968 kB
Buffers:            6036 kB
Cached:          1503480 kB
SwapCached:         9624 kB
Active:          3187860 kB
Inactive:        2166164 kB
Active(anon):    2775276 kB
Inactive(anon):  1095528 kB
Active(file):     412584 kB
Inactive(file):  1070636 kB
Unevictable:        6168 kB
Mlocked:            5728 kB
SwapTotal:       4718584 kB
SwapFree:        4522232 kB
Dirty:               336 kB
Writeback:             0 kB
AnonPages:       3846548 kB
