MemTotal:        7916540 kB
MemFree:         2801444 kB
MemAvailable:    4277572 kB
Buffers:            6236 kB
Cached:          1435148 kB
SwapCached:        11812 kB
Active:          1225860 kB
Inactive:         945068 kB
Active(anon):     614952 kB
Inactive(anon):   139400 kB
Active(file):     610908 kB
Inactive(file):   805668 kB
Unevictable:        6364 kB
Mlocked:            5924 kB
SwapTotal:       4718584 kB
SwapFree:        3792744 kB
Dirty:             17760 kB
Writeback:             0 kB
AnonPages:        731072 kB
Mapped:           557728 kB
Shmem:             20096 kB
KReclaimable:     759196 kB
Slab:             324536 kB
SReclaimable:      88804 kB
SUnreclaim:       235732 kB
KernelStack:       50592 kB
ShadowCallStack:   12660 kB
PageTables:        68052 kB
NFS_Unstable:          0 kB
Bounce:                0 kB
WritebackTmp:          0 kB
CommitLimit:     8676852 kB
Committed_AS:   71020300 kB
VmallocTotal:   263061440 kB
VmallocUsed:      132724 kB
VmallocChunk:          0 kB
Percpu:             2448 kB
CmaTotal:         405504 kB
CmaFree:          259220 kB
MemTotal:        7916540 kB
MemFree:         2738788 kB
MemAvailable:    4215980 kB
Buffers:            6292 kB
Cached:          1436092 kB
SwapCached:        11812 kB
Active:          1289068 kB
Inactive:         945148 kB
Active(anon):     677232 kB
Inactive(anon):   139408 kB
Active(file):     611836 kB
Inactive(file):   805740 kB
Unevictable:        6364 kB
Mlocked:            5924 kB
SwapTotal:       4718584 kB
SwapFree:        3792744 kB
Dirty:             17896 kB
Writeback:             0 kB
AnonPages:        793292 kB
Mapped:           567020 kB
Shmem:             20096 kB
KReclaimable:     759260 kB
Slab:             324836 kB
SReclaimable:      88804 kB
SUnreclaim:       236032 kB
KernelStack:       50592 kB
ShadowCallStack:   12680 kB
PageTables:        68448 kB
NFS_Unstable:          0 kB
Bounce:                0 kB
WritebackTmp:          0 kB
CommitLimit:     8676852 kB
Committed_AS:   71193340 kB
VmallocTotal:   263061440 kB
VmallocUsed:      132748 kB
VmallocChunk:          0 kB
Percpu:             2448 kB
CmaTotal:         405504 kB
CmaFree:          259184 kB
MemTotal:        7916540 kB
MemFree:         2584384 kB
MemAvailable:    3976160 kB
Buffers:            6292 kB
Cached:          1439332 kB
SwapCached:        11816 kB
Active:          1442124 kB
Inactive:         945176 kB
Active(anon):     827104 kB
Inactive(anon):   139408 kB
Active(file):     615020 kB
Inactive(file):   805768 kB
Unevictable:        6364 kB
Mlocked:            5924 kB
SwapTotal:       4718584 kB
SwapFree:        3792744 kB
Dirty:             17916 kB
Writeback:             0 kB
AnonPages:        943232 kB
Mapped:           634000 kB
Shmem:             20104 kB
KReclaimable:     670632 kB
Slab:             325392 kB
SReclaimable:      88804 kB
SUnreclaim:       236588 kB
KernelStack:       50592 kB
ShadowCallStack:   12684 kB
PageTables:        69020 kB
NFS_Unstable:          0 kB
Bounce:                0 kB
WritebackTmp:          0 kB
CommitLimit:     8676852 kB
Committed_AS:   71406584 kB
VmallocTotal:   263061440 kB
VmallocUsed:      132772 kB
VmallocChunk:          0 kB
Percpu:             2448 kB
CmaTotal:         405504 kB
CmaFree:          259184 kB
MemTotal:        7916540 kB
MemFree:         2466840 kB
MemAvailable:    3855096 kB
Buffers:            6292 kB
Cached:          1454680 kB
SwapCached:        11828 kB
Active:          1558700 kB
Inactive:         945252 kB
Active(anon):     928392 kB
Inactive(anon):   139408 kB
Active(file):     630308 kB
Inactive(file):   805844 kB
Unevictable:        6364 kB
Mlocked:            5924 kB
SwapTotal:       4718584 kB
SwapFree:        3792744 kB
Dirty:             17916 kB
Writeback:             0 kB
AnonPages:       1044504 kB
Mapped:           666784 kB
Shmem:             20108 kB
KReclaimable:     651748 kB
Slab:             325652 kB
SReclaimable:      88804 kB
SUnreclaim:       236848 kB
KernelStack:       50640 kB
ShadowCallStack:   12688 kB
PageTables:        69680 kB
NFS_Unstable:          0 kB
Bounce:                0 kB
WritebackTmp:          0 kB
CommitLimit:     8676852 kB
Committed_AS:   71633556 kB
VmallocTotal:   263061440 kB
VmallocUsed:      132808 kB
VmallocChunk:          0 kB
Percpu:             2448 kB
CmaTotal:         405504 kB
CmaFree:          259184 kB
MemTotal:        7916540 kB
MemFree:         2315600 kB
MemAvailable:    3702488 kB
Buffers:            6292 kB
Cached:          1454680 kB
SwapCached:        11828 kB
Active:          1710196 kB
Inactive:         945252 kB
Active(anon):    1079888 kB
Inactive(anon):   139408 kB
Active(file):     630308 kB
Inactive(file):   805844 kB
Unevictable:        6364 kB
Mlocked:            5924 kB
SwapTotal:       4718584 kB
SwapFree:        3792744 kB
Dirty:             17916 kB
Writeback:             0 kB
AnonPages:       1196180 kB
Mapped:           667988 kB
Shmem:             20108 kB
KReclaimable:     650380 kB
Slab:             325428 kB
SReclaimable:      88804 kB
SUnreclaim:       236624 kB
KernelStack:       50608 kB
ShadowCallStack:   12696 kB
PageTables:        70272 kB
NFS_Unstable:          0 kB
Bounce:                0 kB
WritebackTmp:          0 kB
CommitLimit:     8676852 kB
Committed_AS:   71961260 kB
VmallocTotal:   263061440 kB
VmallocUsed:      132812 kB
VmallocChunk:          0 kB
Percpu:             2448 kB
CmaTotal:         405504 kB
CmaFree:          259184 kB
MemTotal:        7916540 kB
MemFree:         2175236 kB
MemAvailable:    3552032 kB
Buffers:            6300 kB
Cached:          1454680 kB
SwapCached:        11828 kB
Active:          1849408 kB
Inactive:         945260 kB
Active(anon):    1219100 kB
Inactive(anon):   139408 kB
Active(file):     630308 kB
Inactive(file):   805852 kB
Unevictable:        6364 kB
Mlocked:            5924 kB
SwapTotal:       4718584 kB
SwapFree:        3792744 kB
Dirty:             18008 kB
Writeback:             0 kB
AnonPages:       1334992 kB
Mapped:           669204 kB
Shmem:             20108 kB
KReclaimable:     640280 kB
Slab:             325544 kB
SReclaimable:      88804 kB
SUnreclaim:       236740 kB
KernelStack:       50640 kB
ShadowCallStack:   12688 kB
PageTables:        70788 kB
NFS_Unstable:          0 kB
Bounce:                0 kB
WritebackTmp:          0 kB
CommitLimit:     8676852 kB
Committed_AS:   72256148 kB
VmallocTotal:   263061440 kB
VmallocUsed:      132824 kB
VmallocChunk:          0 kB
Percpu:             2448 kB
CmaTotal:         405504 kB
CmaFree:          259184 kB
MemTotal:        7916540 kB
MemFree:         2020188 kB
MemAvailable:    3395200 kB
Buffers:            6300 kB
Cached:          1454684 kB
SwapCached:        11828 kB
Active:          2003332 kB
Inactive:         945260 kB
Active(anon):    1373024 kB
Inactive(anon):   139408 kB
Active(file):     630308 kB
Inactive(file):   805852 kB
Unevictable:        6364 kB
Mlocked:            5924 kB
SwapTotal:       4718584 kB
SwapFree:        3792744 kB
Dirty:             18008 kB
Writeback:             0 kB
AnonPages:       1489140 kB
Mapped:           670328 kB
Shmem:             20112 kB
KReclaimable:     638496 kB
Slab:             325704 kB
SReclaimable:      88804 kB
SUnreclaim:       236900 kB
KernelStack:       50624 kB
ShadowCallStack:   12692 kB
PageTables:        71248 kB
NFS_Unstable:          0 kB
Bounce:                0 kB
WritebackTmp:          0 kB
CommitLimit:     8676852 kB
Committed_AS:   72534628 kB
VmallocTotal:   263061440 kB
VmallocUsed:      132816 kB
VmallocChunk:          0 kB
Percpu:             2448 kB
CmaTotal:         405504 kB
CmaFree:          259184 kB
MemTotal:        7916540 kB
MemFree:         1879136 kB
MemAvailable:    3252560 kB
Buffers:            6308 kB
Cached:          1454704 kB
SwapCached:        11828 kB
Active:          2144104 kB
Inactive:         945288 kB
Active(anon):    1513796 kB
Inactive(anon):   139408 kB
Active(file):     630308 kB
Inactive(file):   805880 kB
Unevictable:        6364 kB
Mlocked:            5924 kB
SwapTotal:       4718584 kB
SwapFree:        3792744 kB
Dirty:             18048 kB
Writeback:             0 kB
AnonPages:       1629864 kB
Mapped:           671512 kB
Shmem:             20112 kB
KReclaimable:     636880 kB
Slab:             325548 kB
SReclaimable:      88804 kB
SUnreclaim:       236744 kB
KernelStack:       50608 kB
ShadowCallStack:   12680 kB
PageTables:        71744 kB
NFS_Unstable:          0 kB
Bounce:                0 kB
WritebackTmp:          0 kB
CommitLimit:     8676852 kB
Committed_AS:   72796728 kB
VmallocTotal:   263061440 kB
VmallocUsed:      132860 kB
VmallocChunk:          0 kB
Percpu:             2448 kB
CmaTotal:         405504 kB
CmaFree:          259184 kB
MemTotal:        7916540 kB
MemFree:         1759544 kB
MemAvailable:    3131712 kB
Buffers:            6308 kB
Cached:          1454704 kB
SwapCached:        11828 kB
Active:          2263624 kB
Inactive:         945280 kB
Active(anon):    1633316 kB
Inactive(anon):   139400 kB
Active(file):     630308 kB
Inactive(file):   805880 kB
Unevictable:        6364 kB
Mlocked:            5924 kB
SwapTotal:       4718584 kB
SwapFree:        3792744 kB
Dirty:             18048 kB
Writeback:             0 kB
AnonPages:       1749276 kB
Mapped:           672368 kB
Shmem:             20112 kB
KReclaimable:     635624 kB
Slab:             325472 kB
SReclaimable:      88804 kB
SUnreclaim:       236668 kB
KernelStack:       50592 kB
ShadowCallStack:   12684 kB
PageTables:        72160 kB
NFS_Unstable:          0 kB
Bounce:                0 kB
WritebackTmp:          0 kB
CommitLimit:     8676852 kB
Committed_AS:   73047304 kB
VmallocTotal:   263061440 kB
VmallocUsed:      132832 kB
VmallocChunk:          0 kB
Percpu:             2448 kB
CmaTotal:         405504 kB
CmaFree:          259184 kB
MemTotal:        7916540 kB
MemFree:         1680016 kB
MemAvailable:    3051528 kB
Buffers:            6308 kB
Cached:          1454704 kB
SwapCached:        11828 kB
Active:          2343536 kB
Inactive:         945288 kB
Active(anon):    1713228 kB
Inactive(anon):   139408 kB
Active(file):     630308 kB
Inactive(file):   805880 kB
Unevictable:        6364 kB
Mlocked:            5924 kB
SwapTotal:       4718584 kB
SwapFree:        3792744 kB
Dirty:             18048 kB
Writeback:             0 kB
AnonPages:       1829280 kB
Mapped:           672696 kB
Shmem:             20112 kB
KReclaimable:     634968 kB
Slab:             325668 kB
SReclaimable:      88804 kB
SUnreclaim:       236864 kB
KernelStack:       50608 kB
ShadowCallStack:   12680 kB
PageTables:        72380 kB
NFS_Unstable:          0 kB
Bounce:                0 kB
WritebackTmp:          0 kB
CommitLimit:     8676852 kB
Committed_AS:   73178376 kB
VmallocTotal:   263061440 kB
VmallocUsed:      132856 kB
VmallocChunk:          0 kB
Percpu:             2448 kB
CmaTotal:         405504 kB
CmaFree:          259184 kB
MemTotal:        7916540 kB
MemFree:         1606888 kB
MemAvailable:    2978000 kB
Buffers:            6308 kB
Cached:          1454704 kB
SwapCached:        11832 kB
Active:          2416548 kB
Inactive:         945284 kB
Active(anon):    1786240 kB
Inactive(anon):   139404 kB
Active(file):     630308 kB
Inactive(file):   805880 kB
Unevictable:        6364 kB
Mlocked:            5924 kB
SwapTotal:       4718584 kB
SwapFree:        3792744 kB
Dirty:             17956 kB
Writeback:             0 kB
AnonPages:       1902488 kB
Mapped:           672916 kB
Shmem:             20112 kB
KReclaimable:     634568 kB
Slab:             325772 kB
SReclaimable:      88804 kB
SUnreclaim:       236968 kB
KernelStack:       50608 kB
ShadowCallStack:   12680 kB
PageTables:        72560 kB
NFS_Unstable:          0 kB
Bounce:                0 kB
WritebackTmp:          0 kB
CommitLimit:     8676852 kB
Committed_AS:   73243912 kB
VmallocTotal:   263061440 kB
VmallocUsed:      132832 kB
VmallocChunk:          0 kB
Percpu:             2448 kB
CmaTotal:         405504 kB
CmaFree:          259184 kB
MemTotal:        7916540 kB
MemFree:         1539028 kB
MemAvailable:    2909820 kB
Buffers:            6332 kB
Cached:          1454704 kB
SwapCached:        11832 kB
Active:          2483876 kB
Inactive:         945312 kB
Active(anon):    1853568 kB
Inactive(anon):   139408 kB
Active(file):     630308 kB
Inactive(file):   805904 kB
Unevictable:        6364 kB
Mlocked:            5924 kB
SwapTotal:       4718584 kB
SwapFree:        3792744 kB
Dirty:             17960 kB
Writeback:             0 kB
AnonPages:       1969636 kB
Mapped:           673140 kB
Shmem:             20112 kB
KReclaimable:     634224 kB
Slab:             325800 kB
SReclaimable:      88804 kB
SUnreclaim:       236996 kB
KernelStack:       50608 kB
ShadowCallStack:   12680 kB
PageTables:        72604 kB
NFS_Unstable:          0 kB
Bounce:                0 kB
WritebackTmp:          0 kB
CommitLimit:     8676852 kB
Committed_AS:   73342212 kB
VmallocTotal:   263061440 kB
VmallocUsed:      132784 kB
VmallocChunk:          0 kB
Percpu:             2448 kB
CmaTotal:         405504 kB
CmaFree:          259184 kB
MemTotal:        7916540 kB
MemFree:         1461632 kB
MemAvailable:    2832056 kB
Buffers:            6332 kB
Cached:          1454704 kB
SwapCached:        11832 kB
Active:          2562044 kB
Inactive:         945304 kB
Active(anon):    1931736 kB
Inactive(anon):   139400 kB
Active(file):     630308 kB
Inactive(file):   805904 kB
Unevictable:        6364 kB
Mlocked:            5924 kB
SwapTotal:       4718584 kB
SwapFree:        3792744 kB
Dirty:             17964 kB
Writeback:             0 kB
AnonPages:       2047852 kB
Mapped:           673636 kB
Shmem:             20112 kB
KReclaimable:     633856 kB
Slab:             325952 kB
SReclaimable:      88804 kB
SUnreclaim:       237148 kB
KernelStack:       50624 kB
ShadowCallStack:   12676 kB
PageTables:        72952 kB
NFS_Unstable:          0 kB
Bounce:                0 kB
WritebackTmp:          0 kB
CommitLimit:     8676852 kB
Committed_AS:   73440520 kB
VmallocTotal:   263061440 kB
VmallocUsed:      132780 kB
VmallocChunk:          0 kB
Percpu:             2448 kB
CmaTotal:         405504 kB
CmaFree:          259184 kB
MemTotal:        7916540 kB
MemFree:         1390640 kB
MemAvailable:    2760696 kB
Buffers:            6332 kB
Cached:          1454704 kB
SwapCached:        11832 kB
Active:          2631884 kB
Inactive:         945308 kB
Active(anon):    2001576 kB
Inactive(anon):   139404 kB
Active(file):     630308 kB
Inactive(file):   805904 kB
Unevictable:        6364 kB
Mlocked:            5924 kB
SwapTotal:       4718584 kB
SwapFree:        3792744 kB
Dirty:             17964 kB
Writeback:             0 kB
AnonPages:       2117576 kB
Mapped:           673760 kB
Shmem:             20112 kB
KReclaimable:     633488 kB
Slab:             325852 kB
SReclaimable:      88804 kB
SUnreclaim:       237048 kB
KernelStack:       50608 kB
ShadowCallStack:   12676 kB
PageTables:        72940 kB
NFS_Unstable:          0 kB
Bounce:                0 kB
WritebackTmp:          0 kB
CommitLimit:     8676852 kB
Committed_AS:   73538820 kB
VmallocTotal:   263061440 kB
VmallocUsed:      132784 kB
VmallocChunk:          0 kB
Percpu:             2448 kB
CmaTotal:         405504 kB
CmaFree:          259184 kB
MemTotal:        7916540 kB
MemFree:         1292344 kB
MemAvailable:    2561456 kB
Buffers:            6332 kB
Cached:          1454748 kB
SwapCached:        11832 kB
Active:          2731952 kB
Inactive:         945308 kB
Active(anon):    2101644 kB
Inactive(anon):   139404 kB
Active(file):     630308 kB
Inactive(file):   805904 kB
Unevictable:        6364 kB
Mlocked:            5924 kB
SwapTotal:       4718584 kB
SwapFree:        3792744 kB
Dirty:             17992 kB
Writeback:             0 kB
AnonPages:       2217648 kB
Mapped:           674704 kB
Shmem:             20156 kB
KReclaimable:     513144 kB
Slab:             326112 kB
SReclaimable:      88804 kB
SUnreclaim:       237308 kB
KernelStack:       50688 kB
ShadowCallStack:   12700 kB
PageTables:        73272 kB
NFS_Unstable:          0 kB
Bounce:                0 kB
WritebackTmp:          0 kB
CommitLimit:     8676852 kB
Committed_AS:   73655680 kB
VmallocTotal:   263061440 kB
VmallocUsed:      132884 kB
VmallocChunk:          0 kB
Percpu:             2448 kB
CmaTotal:         405504 kB
CmaFree:          255784 kB
MemTotal:        7916540 kB
MemFree:         1231560 kB
MemAvailable:    2495272 kB
Buffers:            6332 kB
Cached:          1454860 kB
SwapCached:        11832 kB
Active:          2791772 kB
Inactive:         945308 kB
Active(anon):    2161464 kB
Inactive(anon):   139404 kB
Active(file):     630308 kB
Inactive(file):   805904 kB
Unevictable:        6364 kB
Mlocked:            5924 kB
SwapTotal:       4718584 kB
SwapFree:        3792744 kB
Dirty:             17360 kB
Writeback:             0 kB
AnonPages:       2277412 kB
Mapped:           675112 kB
Shmem:             20268 kB
KReclaimable:     502344 kB
Slab:             326044 kB
SReclaimable:      88804 kB
SUnreclaim:       237240 kB
KernelStack:       50688 kB
ShadowCallStack:   12700 kB
PageTables:        73444 kB
NFS_Unstable:          0 kB
Bounce:                0 kB
WritebackTmp:          0 kB
CommitLimit:     8676852 kB
Committed_AS:   73721212 kB
VmallocTotal:   263061440 kB
VmallocUsed:      132888 kB
VmallocChunk:          0 kB
Percpu:             2448 kB
CmaTotal:         405504 kB
CmaFree:          196940 kB
MemTotal:        7916540 kB
MemFree:         1207240 kB
MemAvailable:    2575968 kB
Buffers:            6352 kB
Cached:          1454872 kB
SwapCached:        11832 kB
Active:          2814504 kB
Inactive:         945320 kB
Active(anon):    2184196 kB
Inactive(anon):   139392 kB
Active(file):     630308 kB
Inactive(file):   805928 kB
Unevictable:        6364 kB
Mlocked:            5924 kB
SwapTotal:       4718584 kB
SwapFree:        3792744 kB
Dirty:             17404 kB
Writeback:             0 kB
AnonPages:       2300104 kB
Mapped:           674652 kB
Shmem:             20276 kB
KReclaimable:     632136 kB
Slab:             326160 kB
SReclaimable:      88804 kB
SUnreclaim:       237356 kB
KernelStack:       50528 kB
ShadowCallStack:   12660 kB
PageTables:        73352 kB
NFS_Unstable:          0 kB
Bounce:                0 kB
WritebackTmp:          0 kB
CommitLimit:     8676852 kB
Committed_AS:   73802424 kB
VmallocTotal:   263061440 kB
VmallocUsed:      132660 kB
VmallocChunk:          0 kB
Percpu:             2448 kB
CmaTotal:         405504 kB
CmaFree:          152060 kB
MemTotal:        7916540 kB
MemFree:         1153360 kB
MemAvailable:    2521696 kB
Buffers:            6352 kB
Cached:          1454712 kB
SwapCached:        11832 kB
Active:          2869228 kB
Inactive:         945332 kB
Active(anon):    2238920 kB
Inactive(anon):   139404 kB
Active(file):     630308 kB
Inactive(file):   805928 kB
Unevictable:        6364 kB
Mlocked:            5924 kB
SwapTotal:       4718584 kB
SwapFree:        3792744 kB
Dirty:             17408 kB
Writeback:             0 kB
AnonPages:       2355008 kB
Mapped:           675016 kB
Shmem:             20116 kB
KReclaimable:     631744 kB
Slab:             326120 kB
SReclaimable:      88804 kB
SUnreclaim:       237316 kB
KernelStack:       50368 kB
ShadowCallStack:   12624 kB
PageTables:        73592 kB
NFS_Unstable:          0 kB
Bounce:                0 kB
WritebackTmp:          0 kB
CommitLimit:     8676852 kB
Committed_AS:   73866940 kB
VmallocTotal:   263061440 kB
VmallocUsed:      132520 kB
VmallocChunk:          0 kB
Percpu:             2448 kB
CmaTotal:         405504 kB
CmaFree:          118268 kB
MemTotal:        7916540 kB
MemFree:         1101808 kB
MemAvailable:    2469864 kB
Buffers:            6352 kB
Cached:          1454712 kB
SwapCached:        11832 kB
Active:          2919956 kB
Inactive:         945324 kB
Active(anon):    2289648 kB
Inactive(anon):   139396 kB
Active(file):     630308 kB
Inactive(file):   805928 kB
Unevictable:        6364 kB
Mlocked:            5924 kB
SwapTotal:       4718584 kB
SwapFree:        3792744 kB
Dirty:             17408 kB
Writeback:             0 kB
AnonPages:       2405804 kB
Mapped:           675300 kB
Shmem:             20116 kB
KReclaimable:     631464 kB
Slab:             326096 kB
SReclaimable:      88804 kB
SUnreclaim:       237292 kB
KernelStack:       50336 kB
ShadowCallStack:   12604 kB
PageTables:        73600 kB
NFS_Unstable:          0 kB
Bounce:                0 kB
WritebackTmp:          0 kB
CommitLimit:     8676852 kB
Committed_AS:   73948604 kB
VmallocTotal:   263061440 kB
VmallocUsed:      132400 kB
VmallocChunk:          0 kB
Percpu:             2448 kB
CmaTotal:         405504 kB
CmaFree:           67456 kB
MemTotal:        7916540 kB
MemFree:         1051292 kB
MemAvailable:    2419084 kB
Buffers:            6360 kB
Cached:          1454724 kB
SwapCached:        11832 kB
Active:          2970768 kB
Inactive:         945336 kB
Active(anon):    2340460 kB
Inactive(anon):   139400 kB
Active(file):     630308 kB
Inactive(file):   805936 kB
Unevictable:        6364 kB
Mlocked:            5924 kB
SwapTotal:       4718584 kB
SwapFree:        3792744 kB
Dirty:             17468 kB
Writeback:             0 kB
AnonPages:       2456552 kB
Mapped:           675324 kB
Shmem:             20128 kB
KReclaimable:     631192 kB
Slab:             325968 kB
SReclaimable:      88804 kB
SUnreclaim:       237164 kB
KernelStack:       50304 kB
ShadowCallStack:   12604 kB
PageTables:        73708 kB
NFS_Unstable:          0 kB
Bounce:                0 kB
WritebackTmp:          0 kB
CommitLimit:     8676852 kB
Committed_AS:   73997520 kB
VmallocTotal:   263061440 kB
VmallocUsed:      132420 kB
VmallocChunk:          0 kB
Percpu:             2448 kB
CmaTotal:         405504 kB
CmaFree:           17024 kB
MemTotal:        7916540 kB
MemFree:         1001412 kB
MemAvailable:    2369080 kB
Buffers:            6364 kB
Cached:          1454724 kB
SwapCached:        11832 kB
Active:          3021636 kB
Inactive:         945340 kB
Active(anon):    2391328 kB
Inactive(anon):   139400 kB
Active(file):     630308 kB
Inactive(file):   805940 kB
Unevictable:        6364 kB
Mlocked:            5924 kB
SwapTotal:       4718584 kB
SwapFree:        3792744 kB
Dirty:               224 kB
Writeback:           216 kB
AnonPages:       2507320 kB
Mapped:           675420 kB
Shmem:             20128 kB
KReclaimable:     631064 kB
Slab:             326016 kB
SReclaimable:      88804 kB
SUnreclaim:       237212 kB
KernelStack:       50336 kB
ShadowCallStack:   12608 kB
PageTables:        73960 kB
NFS_Unstable:          0 kB
Bounce:                0 kB
WritebackTmp:          0 kB
CommitLimit:     8676852 kB
Committed_AS:   74063056 kB
VmallocTotal:   263061440 kB
VmallocUsed:      132400 kB
VmallocChunk:          0 kB
Percpu:             2448 kB
CmaTotal:         405504 kB
CmaFree:               0 kB
MemTotal:        7916540 kB
MemFree:          953744 kB
MemAvailable:    2321356 kB
Buffers:            6396 kB
Cached:          1454732 kB
SwapCached:        11832 kB
Active:          3069848 kB
Inactive:         945380 kB
Active(anon):    2439540 kB
Inactive(anon):   139400 kB
Active(file):     630308 kB
Inactive(file):   805980 kB
Unevictable:        6364 kB
Mlocked:            5924 kB
SwapTotal:       4718584 kB
SwapFree:        3792744 kB
Dirty:               276 kB
Writeback:             0 kB
AnonPages:       2555516 kB
Mapped:           675508 kB
Shmem:             20128 kB
KReclaimable:     630968 kB
Slab:             325968 kB
SReclaimable:      88804 kB
SUnreclaim:       237164 kB
KernelStack:       50080 kB
ShadowCallStack:   12556 kB
PageTables:        73932 kB
NFS_Unstable:          0 kB
Bounce:                0 kB
WritebackTmp:          0 kB
CommitLimit:     8676852 kB
Committed_AS:   74127864 kB
VmallocTotal:   263061440 kB
VmallocUsed:      132156 kB
VmallocChunk:          0 kB
Percpu:             2448 kB
CmaTotal:         405504 kB
CmaFree:               0 kB
MemTotal:        7916540 kB
MemFree:          897708 kB
MemAvailable:    2264960 kB
Buffers:            6396 kB
Cached:          1454732 kB
SwapCached:        11832 kB
Active:          3125512 kB
Inactive:         945376 kB
Active(anon):    2495204 kB
Inactive(anon):   139396 kB
Active(file):     630308 kB
Inactive(file):   805980 kB
Unevictable:        6364 kB
Mlocked:            5924 kB
SwapTotal:       4718584 kB
SwapFree:        3792744 kB
Dirty:               276 kB
Writeback:             0 kB
AnonPages:       2611248 kB
Mapped:           675876 kB
Shmem:             20128 kB
KReclaimable:     630608 kB
Slab:             325952 kB
SReclaimable:      88804 kB
SUnreclaim:       237148 kB
KernelStack:       50064 kB
ShadowCallStack:   12532 kB
PageTables:        74064 kB
NFS_Unstable:          0 kB
Bounce:                0 kB
WritebackTmp:          0 kB
CommitLimit:     8676852 kB
Committed_AS:   74193404 kB
VmallocTotal:   263061440 kB
VmallocUsed:      132088 kB
VmallocChunk:          0 kB
Percpu:             2448 kB
CmaTotal:         405504 kB
CmaFree:               0 kB
MemTotal:        7916540 kB
MemFree:          850088 kB
MemAvailable:    2217532 kB
Buffers:            6396 kB
Cached:          1455260 kB
SwapCached:        11832 kB
Active:          3172608 kB
Inactive:         945384 kB
Active(anon):    2541772 kB
Inactive(anon):   139404 kB
Active(file):     630836 kB
Inactive(file):   805980 kB
Unevictable:        6364 kB
Mlocked:            5924 kB
SwapTotal:       4718584 kB
SwapFree:        3792744 kB
Dirty:               276 kB
Writeback:             0 kB
AnonPages:       2657820 kB
Mapped:           676596 kB
Shmem:             20128 kB
KReclaimable:     630272 kB
Slab:             325964 kB
SReclaimable:      88804 kB
SUnreclaim:       237160 kB
KernelStack:       50080 kB
ShadowCallStack:   12548 kB
PageTables:        74248 kB
NFS_Unstable:          0 kB
Bounce:                0 kB
WritebackTmp:          0 kB
CommitLimit:     8676852 kB
Committed_AS:   74258868 kB
VmallocTotal:   263061440 kB
VmallocUsed:      132124 kB
VmallocChunk:          0 kB
Percpu:             2448 kB
CmaTotal:         405504 kB
CmaFree:               0 kB
MemTotal:        7916540 kB
MemFree:          788136 kB
MemAvailable:    2155244 kB
Buffers:            6396 kB
Cached:          1455260 kB
SwapCached:        11832 kB
Active:          3234676 kB
Inactive:         945380 kB
Active(anon):    2603840 kB
Inactive(anon):   139400 kB
Active(file):     630836 kB
Inactive(file):   805980 kB
Unevictable:        6364 kB
Mlocked:            5924 kB
SwapTotal:       4718584 kB
SwapFree:        3792744 kB
Dirty:               276 kB
Writeback:             0 kB
AnonPages:       2719996 kB
Mapped:           676728 kB
Shmem:             20128 kB
KReclaimable:     629936 kB
Slab:             326000 kB
SReclaimable:      88804 kB
SUnreclaim:       237196 kB
KernelStack:       50064 kB
ShadowCallStack:   12552 kB
PageTables:        74384 kB
NFS_Unstable:          0 kB
Bounce:                0 kB
WritebackTmp:          0 kB
CommitLimit:     8676852 kB
Committed_AS:   74336436 kB
VmallocTotal:   263061440 kB
VmallocUsed:      132108 kB
VmallocChunk:          0 kB
Percpu:             2448 kB
CmaTotal:         405504 kB
CmaFree:               0 kB
MemTotal:        7916540 kB
MemFree:          746260 kB
MemAvailable:    2113000 kB
Buffers:            6404 kB
Cached:          1455264 kB
SwapCached:        11832 kB
Active:          3277380 kB
Inactive:         945388 kB
Active(anon):    2646544 kB
Inactive(anon):   139400 kB
Active(file):     630836 kB
Inactive(file):   805988 kB
Unevictable:        6364 kB
Mlocked:            5924 kB
SwapTotal:       4718584 kB
SwapFree:        3792744 kB
Dirty:               208 kB
Writeback:             0 kB
AnonPages:       2762568 kB
Mapped:           676968 kB
Shmem:             20132 kB
KReclaimable:     629560 kB
Slab:             326072 kB
SReclaimable:      88804 kB
SUnreclaim:       237268 kB
KernelStack:       50080 kB
ShadowCallStack:   12548 kB
PageTables:        74412 kB
NFS_Unstable:          0 kB
Bounce:                0 kB
WritebackTmp:          0 kB
CommitLimit:     8676852 kB
Committed_AS:   74385592 kB
VmallocTotal:   263061440 kB
VmallocUsed:      132124 kB
VmallocChunk:          0 kB
Percpu:             2448 kB
CmaTotal:         405504 kB
CmaFree:               0 kB
MemTotal:        7916540 kB
MemFree:          708316 kB
MemAvailable:    2074832 kB
Buffers:            6404 kB
Cached:          1455268 kB
SwapCached:        11832 kB
Active:          3315024 kB
Inactive:         945388 kB
Active(anon):    2684188 kB
Inactive(anon):   139400 kB
Active(file):     630836 kB
Inactive(file):   805988 kB
Unevictable:        6364 kB
Mlocked:            5924 kB
SwapTotal:       4718584 kB
SwapFree:        3792744 kB
Dirty:               208 kB
Writeback:             0 kB
AnonPages:       2800180 kB
Mapped:           677116 kB
Shmem:             20136 kB
KReclaimable:     629336 kB
Slab:             326144 kB
SReclaimable:      88804 kB
SUnreclaim:       237340 kB
KernelStack:       50048 kB
ShadowCallStack:   12556 kB
PageTables:        74536 kB
NFS_Unstable:          0 kB
Bounce:                0 kB
WritebackTmp:          0 kB
CommitLimit:     8676852 kB
Committed_AS:   74434668 kB
VmallocTotal:   263061440 kB
VmallocUsed:      132124 kB
VmallocChunk:          0 kB
Percpu:             2448 kB
CmaTotal:         405504 kB
CmaFree:               0 kB
MemTotal:        7916540 kB
MemFree:          669556 kB
MemAvailable:    2035904 kB
Buffers:            6412 kB
Cached:          1455268 kB
SwapCached:        11832 kB
Active:          3353868 kB
Inactive:         945404 kB
Active(anon):    2723032 kB
Inactive(anon):   139408 kB
Active(file):     630836 kB
Inactive(file):   805996 kB
Unevictable:        6364 kB
Mlocked:            5924 kB
SwapTotal:       4718584 kB
SwapFree:        3792744 kB
Dirty:               212 kB
Writeback:             0 kB
AnonPages:       2839004 kB
Mapped:           677260 kB
Shmem:             20136 kB
KReclaimable:     629160 kB
Slab:             326064 kB
SReclaimable:      88804 kB
SUnreclaim:       237260 kB
KernelStack:       50080 kB
ShadowCallStack:   12548 kB
PageTables:        74696 kB
NFS_Unstable:          0 kB
Bounce:                0 kB
WritebackTmp:          0 kB
CommitLimit:     8676852 kB
Committed_AS:   74467436 kB
VmallocTotal:   263061440 kB
VmallocUsed:      132100 kB
VmallocChunk:          0 kB
Percpu:             2448 kB
CmaTotal:         405504 kB
CmaFree:               0 kB
MemTotal:        7916540 kB
MemFree:          627664 kB
MemAvailable:    1993900 kB
Buffers:            6412 kB
Cached:          1455268 kB
SwapCached:        11832 kB
Active:          3393144 kB
Inactive:         945396 kB
Active(anon):    2762308 kB
Inactive(anon):   139400 kB
Active(file):     630836 kB
Inactive(file):   805996 kB
Unevictable:        6364 kB
Mlocked:            5924 kB
SwapTotal:       4718584 kB
SwapFree:        3792744 kB
Dirty:               212 kB
Writeback:             0 kB
AnonPages:       2878368 kB
Mapped:           677352 kB
Shmem:             20136 kB
KReclaimable:     629048 kB
Slab:             326204 kB
SReclaimable:      88804 kB
SUnreclaim:       237400 kB
KernelStack:       50096 kB
ShadowCallStack:   12560 kB
PageTables:        74808 kB
NFS_Unstable:          0 kB
Bounce:                0 kB
WritebackTmp:          0 kB
CommitLimit:     8676852 kB
Committed_AS:   74532972 kB
VmallocTotal:   263061440 kB
VmallocUsed:      132124 kB
VmallocChunk:          0 kB
Percpu:             2448 kB
CmaTotal:         405504 kB
CmaFree:               0 kB
MemTotal:        7916540 kB
MemFree:          587548 kB
MemAvailable:    1953640 kB
Buffers:            6412 kB
Cached:          1455268 kB
SwapCached:        11832 kB
Active:          3434104 kB
Inactive:         945396 kB
Active(anon):    2803268 kB
Inactive(anon):   139400 kB
Active(file):     630836 kB
Inactive(file):   805996 kB
Unevictable:        6364 kB
Mlocked:            5924 kB
SwapTotal:       4718584 kB
SwapFree:        3792744 kB
Dirty:               244 kB
Writeback:             0 kB
AnonPages:       2919264 kB
Mapped:           677496 kB
Shmem:             20136 kB
KReclaimable:     628904 kB
Slab:             326052 kB
SReclaimable:      88804 kB
SUnreclaim:       237248 kB
KernelStack:       50048 kB
ShadowCallStack:   12540 kB
PageTables:        74840 kB
NFS_Unstable:          0 kB
Bounce:                0 kB
WritebackTmp:          0 kB
CommitLimit:     8676852 kB
Committed_AS:   74565740 kB
VmallocTotal:   263061440 kB
VmallocUsed:      132140 kB
VmallocChunk:          0 kB
Percpu:             2448 kB
CmaTotal:         405504 kB
CmaFree:               0 kB
MemTotal:        7916540 kB
MemFree:          550384 kB
MemAvailable:    1916288 kB
Buffers:            6412 kB
Cached:          1455272 kB
SwapCached:        11832 kB
Active:          3472524 kB
Inactive:         945396 kB
Active(anon):    2841688 kB
Inactive(anon):   139396 kB
Active(file):     630836 kB
Inactive(file):   806000 kB
Unevictable:        6364 kB
Mlocked:            5924 kB
SwapTotal:       4718584 kB
SwapFree:        3792744 kB
Dirty:               212 kB
Writeback:             0 kB
AnonPages:       2957840 kB
Mapped:           677712 kB
Shmem:             20136 kB
KReclaimable:     628712 kB
Slab:             326232 kB
SReclaimable:      88804 kB
SUnreclaim:       237428 kB
KernelStack:       50080 kB
ShadowCallStack:   12540 kB
PageTables:        74876 kB
NFS_Unstable:          0 kB
Bounce:                0 kB
WritebackTmp:          0 kB
CommitLimit:     8676852 kB
Committed_AS:   74598168 kB
VmallocTotal:   263061440 kB
VmallocUsed:      132088 kB
VmallocChunk:          0 kB
Percpu:             2448 kB
CmaTotal:         405504 kB
CmaFree:               0 kB
MemTotal:        7916540 kB
MemFree:          518844 kB
MemAvailable:    1884612 kB
Buffers:            6436 kB
Cached:          1455272 kB
SwapCached:        11832 kB
Active:          3504976 kB
Inactive:         945428 kB
Active(anon):    2874140 kB
Inactive(anon):   139404 kB
Active(file):     630836 kB
Inactive(file):   806024 kB
Unevictable:        6364 kB
Mlocked:            5924 kB
SwapTotal:       4718584 kB
SwapFree:        3792744 kB
Dirty:               228 kB
Writeback:             0 kB
AnonPages:       2989988 kB
Mapped:           677584 kB
Shmem:             20136 kB
KReclaimable:     628552 kB
Slab:             326144 kB
SReclaimable:      88804 kB
SUnreclaim:       237340 kB
KernelStack:       50032 kB
ShadowCallStack:   12536 kB
PageTables:        74936 kB
NFS_Unstable:          0 kB
Bounce:                0 kB
WritebackTmp:          0 kB
CommitLimit:     8676852 kB
Committed_AS:   74647324 kB
VmallocTotal:   263061440 kB
VmallocUsed:      132088 kB
VmallocChunk:          0 kB
Percpu:             2448 kB
CmaTotal:         405504 kB
CmaFree:               0 kB
MemTotal:        7916540 kB
MemFree:          481004 kB
MemAvailable:    1846692 kB
Buffers:            6436 kB
Cached:          1455272 kB
SwapCached:        11832 kB
Active:          3540644 kB
Inactive:         945424 kB
Active(anon):    2909808 kB
Inactive(anon):   139400 kB
Active(file):     630836 kB
Inactive(file):   806024 kB
Unevictable:        6364 kB
Mlocked:            5924 kB
SwapTotal:       4718584 kB
SwapFree:        3792744 kB
Dirty:               228 kB
Writeback:             0 kB
AnonPages:       3025788 kB
Mapped:           677696 kB
Shmem:             20136 kB
KReclaimable:     628472 kB
Slab:             326208 kB
SReclaimable:      88804 kB
SUnreclaim:       237404 kB
KernelStack:       50016 kB
ShadowCallStack:   12536 kB
PageTables:        75124 kB
NFS_Unstable:          0 kB
Bounce:                0 kB
WritebackTmp:          0 kB
CommitLimit:     8676852 kB
Committed_AS:   74712808 kB
VmallocTotal:   263061440 kB
VmallocUsed:      132108 kB
VmallocChunk:          0 kB
Percpu:             2448 kB
CmaTotal:         405504 kB
CmaFree:               0 kB
MemTotal:        7916540 kB
MemFree:          449536 kB
MemAvailable:    1815160 kB
Buffers:            6436 kB
Cached:          1455272 kB
SwapCached:        11832 kB
Active:          3571836 kB
Inactive:         945424 kB
Active(anon):    2941000 kB
Inactive(anon):   139400 kB
Active(file):     630836 kB
Inactive(file):   806024 kB
Unevictable:        6364 kB
Mlocked:            5924 kB
SwapTotal:       4718584 kB
SwapFree:        3792744 kB
Dirty:               228 kB
Writeback:             0 kB
AnonPages:       3056964 kB
Mapped:           677728 kB
Shmem:             20136 kB
KReclaimable:     628408 kB
Slab:             326156 kB
SReclaimable:      88804 kB
SUnreclaim:       237352 kB
KernelStack:       50016 kB
ShadowCallStack:   12532 kB
PageTables:        75044 kB
NFS_Unstable:          0 kB
Bounce:                0 kB
WritebackTmp:          0 kB
CommitLimit:     8676852 kB
Committed_AS:   74745572 kB
VmallocTotal:   263061440 kB
VmallocUsed:      132032 kB
VmallocChunk:          0 kB
Percpu:             2448 kB
CmaTotal:         405504 kB
CmaFree:               0 kB
MemTotal:        7916540 kB
MemFree:          422276 kB
MemAvailable:    1787836 kB
Buffers:            6436 kB
Cached:          1455272 kB
SwapCached:        11832 kB
Active:          3600068 kB
Inactive:         945420 kB
Active(anon):    2969232 kB
Inactive(anon):   139396 kB
Active(file):     630836 kB
Inactive(file):   806024 kB
Unevictable:        6364 kB
Mlocked:            5924 kB
SwapTotal:       4718584 kB
SwapFree:        3792744 kB
Dirty:               228 kB
Writeback:             0 kB
AnonPages:       3085496 kB
Mapped:           677760 kB
Shmem:             20136 kB
KReclaimable:     628344 kB
Slab:             326232 kB
SReclaimable:      88804 kB
SUnreclaim:       237428 kB
KernelStack:       50032 kB
ShadowCallStack:   12532 kB
PageTables:        75264 kB
NFS_Unstable:          0 kB
Bounce:                0 kB
WritebackTmp:          0 kB
CommitLimit:     8676852 kB
Committed_AS:   74778344 kB
VmallocTotal:   263061440 kB
VmallocUsed:      132060 kB
VmallocChunk:          0 kB
Percpu:             2448 kB
CmaTotal:         405504 kB
CmaFree:               0 kB
MemTotal:        7916540 kB
MemFree:          392528 kB
MemAvailable:    1758032 kB
Buffers:            6444 kB
Cached:          1455272 kB
SwapCached:        11832 kB
Active:          3628676 kB
Inactive:         945440 kB
Active(anon):    2997840 kB
Inactive(anon):   139408 kB
Active(file):     630836 kB
Inactive(file):   806032 kB
Unevictable:        6364 kB
Mlocked:            5924 kB
SwapTotal:       4718584 kB
SwapFree:        3792744 kB
Dirty:               552 kB
Writeback:             0 kB
AnonPages:       3113840 kB
Mapped:           677856 kB
Shmem:             20136 kB
KReclaimable:     628280 kB
Slab:             326184 kB
SReclaimable:      88804 kB
SUnreclaim:       237380 kB
KernelStack:       50080 kB
ShadowCallStack:   12544 kB
PageTables:        75268 kB
NFS_Unstable:          0 kB
Bounce:                0 kB
WritebackTmp:          0 kB
CommitLimit:     8676852 kB
Committed_AS:   74811108 kB
VmallocTotal:   263061440 kB
VmallocUsed:      132100 kB
VmallocChunk:          0 kB
Percpu:             2448 kB
CmaTotal:         405504 kB
CmaFree:               0 kB
MemTotal:        7916540 kB
MemFree:          324300 kB
MemAvailable:    1590832 kB
Buffers:            6444 kB
Cached:          1455296 kB
SwapCached:        11832 kB
Active:          3698708 kB
Inactive:         945432 kB
Active(anon):    3067872 kB
Inactive(anon):   139400 kB
Active(file):     630836 kB
Inactive(file):   806032 kB
Unevictable:        6364 kB
Mlocked:            5924 kB
SwapTotal:       4718584 kB
SwapFree:        3793000 kB
Dirty:               552 kB
Writeback:             0 kB
AnonPages:       3183824 kB
Mapped:           678388 kB
Shmem:             20160 kB
KReclaimable:     506672 kB
Slab:             326216 kB
SReclaimable:      88804 kB
SUnreclaim:       237412 kB
KernelStack:       50144 kB
ShadowCallStack:   12556 kB
PageTables:        75216 kB
NFS_Unstable:          0 kB
Bounce:                0 kB
WritebackTmp:          0 kB
CommitLimit:     8676852 kB
Committed_AS:   74827888 kB
VmallocTotal:   263061440 kB
VmallocUsed:      132196 kB
VmallocChunk:          0 kB
Percpu:             2448 kB
CmaTotal:         405504 kB
CmaFree:               0 kB
MemTotal:        7916540 kB
MemFree:          332396 kB
MemAvailable:    1871800 kB
Buffers:            6436 kB
Cached:          1448696 kB
SwapCached:        11832 kB
Active:          3771568 kB
Inactive:         894228 kB
Active(anon):    3096272 kB
Inactive(anon):   139400 kB
Active(file):     675296 kB
Inactive(file):   754828 kB
Unevictable:        6364 kB
Mlocked:            5924 kB
SwapTotal:       4718584 kB
SwapFree:        3793000 kB
Dirty:               532 kB
Writeback:             0 kB
AnonPages:       3212068 kB
Mapped:           673576 kB
Shmem:             20296 kB
KReclaimable:     499492 kB
Slab:             324008 kB
SReclaimable:      86456 kB
SUnreclaim:       237552 kB
KernelStack:       50096 kB
ShadowCallStack:   12552 kB
PageTables:        75524 kB
NFS_Unstable:          0 kB
Bounce:                0 kB
WritebackTmp:          0 kB
CommitLimit:     8676852 kB
Committed_AS:   74860592 kB
VmallocTotal:   263061440 kB
VmallocUsed:      132144 kB
VmallocChunk:          0 kB
Percpu:             2448 kB
CmaTotal:         405504 kB
CmaFree:            4048 kB
MemTotal:        7916540 kB
MemFree:          338888 kB
MemAvailable:    1999788 kB
Buffers:            6436 kB
Cached:          1448540 kB
SwapCached:        11832 kB
Active:          3763012 kB
Inactive:         894220 kB
Active(anon):    3087716 kB
Inactive(anon):   139392 kB
Active(file):     675296 kB
Inactive(file):   754828 kB
Unevictable:        6364 kB
Mlocked:            5924 kB
SwapTotal:       4718584 kB
SwapFree:        3793000 kB
Dirty:               532 kB
Writeback:             0 kB
AnonPages:       3203568 kB
Mapped:           673004 kB
Shmem:             20140 kB
KReclaimable:     620988 kB
Slab:             324040 kB
SReclaimable:      86456 kB
SUnreclaim:       237584 kB
KernelStack:       50016 kB
ShadowCallStack:   12540 kB
PageTables:        75484 kB
NFS_Unstable:          0 kB
Bounce:                0 kB
WritebackTmp:          0 kB
CommitLimit:     8676852 kB
Committed_AS:   74909388 kB
VmallocTotal:   263061440 kB
VmallocUsed:      132064 kB
VmallocChunk:          0 kB
Percpu:             2448 kB
CmaTotal:         405504 kB
CmaFree:            4064 kB
MemTotal:        7916540 kB
MemFree:          312176 kB
MemAvailable:    1973012 kB
Buffers:            6436 kB
Cached:          1448540 kB
SwapCached:        11832 kB
Active:          3790144 kB
Inactive:         894228 kB
Active(anon):    3114848 kB
Inactive(anon):   139400 kB
Active(file):     675296 kB
Inactive(file):   754828 kB
Unevictable:        6364 kB
Mlocked:            5924 kB
SwapTotal:       4718584 kB
SwapFree:        3793000 kB
Dirty:               536 kB
Writeback:             0 kB
AnonPages:       3230804 kB
Mapped:           672968 kB
Shmem:             20140 kB
KReclaimable:     620924 kB
Slab:             323860 kB
SReclaimable:      86456 kB
SUnreclaim:       237404 kB
KernelStack:       50032 kB
ShadowCallStack:   12544 kB
PageTables:        75564 kB
NFS_Unstable:          0 kB
Bounce:                0 kB
WritebackTmp:          0 kB
CommitLimit:     8676852 kB
Committed_AS:   74925712 kB
VmallocTotal:   263061440 kB
VmallocUsed:      132048 kB
VmallocChunk:          0 kB
Percpu:             2448 kB
CmaTotal:         405504 kB
CmaFree:            4064 kB
MemTotal:        7916540 kB
MemFree:          279908 kB
MemAvailable:    1940648 kB
Buffers:            6436 kB
Cached:          1448540 kB
SwapCached:        11832 kB
Active:          3823104 kB
Inactive:         894228 kB
Active(anon):    3147808 kB
Inactive(anon):   139400 kB
Active(file):     675296 kB
Inactive(file):   754828 kB
Unevictable:        6364 kB
Mlocked:            5924 kB
SwapTotal:       4718584 kB
SwapFree:        3793000 kB
Dirty:               448 kB
Writeback:             0 kB
AnonPages:       3263784 kB
Mapped:           672960 kB
Shmem:             20140 kB
KReclaimable:     620828 kB
Slab:             323900 kB
SReclaimable:      86456 kB
SUnreclaim:       237444 kB
KernelStack:       50032 kB
ShadowCallStack:   12536 kB
PageTables:        75428 kB
NFS_Unstable:          0 kB
Bounce:                0 kB
WritebackTmp:          0 kB
CommitLimit:     8676852 kB
Committed_AS:   74974864 kB
VmallocTotal:   263061440 kB
VmallocUsed:      132036 kB
VmallocChunk:          0 kB
Percpu:             2448 kB
CmaTotal:         405504 kB
CmaFree:            4064 kB
MemTotal:        7916540 kB
MemFree:          260976 kB
MemAvailable:    1921656 kB
Buffers:            6444 kB
Cached:          1448540 kB
SwapCached:        11832 kB
Active:          3841792 kB
Inactive:         894236 kB
Active(anon):    3166496 kB
Inactive(anon):   139404 kB
Active(file):     675296 kB
Inactive(file):   754832 kB
Unevictable:        6364 kB
Mlocked:            5924 kB
SwapTotal:       4718584 kB
SwapFree:        3793000 kB
Dirty:               432 kB
Writeback:             0 kB
AnonPages:       3282480 kB
Mapped:           673104 kB
Shmem:             20140 kB
KReclaimable:     620764 kB
Slab:             323856 kB
SReclaimable:      86456 kB
SUnreclaim:       237400 kB
KernelStack:       49984 kB
ShadowCallStack:   12532 kB
PageTables:        75576 kB
NFS_Unstable:          0 kB
Bounce:                0 kB
WritebackTmp:          0 kB
CommitLimit:     8676852 kB
Committed_AS:   74991148 kB
VmallocTotal:   263061440 kB
VmallocUsed:      132036 kB
VmallocChunk:          0 kB
Percpu:             2448 kB
CmaTotal:         405504 kB
CmaFree:            4064 kB
MemTotal:        7916540 kB
MemFree:          233168 kB
MemAvailable:    1893836 kB
Buffers:            6460 kB
Cached:          1448540 kB
SwapCached:        11832 kB
Active:          3868108 kB
Inactive:         894252 kB
Active(anon):    3192812 kB
Inactive(anon):   139400 kB
Active(file):     675296 kB
Inactive(file):   754852 kB
Unevictable:        6364 kB
Mlocked:            5924 kB
SwapTotal:       4718584 kB
SwapFree:        3793000 kB
Dirty:               440 kB
Writeback:             0 kB
AnonPages:       3308744 kB
Mapped:           673076 kB
Shmem:             20140 kB
KReclaimable:     620732 kB
Slab:             323788 kB
SReclaimable:      86456 kB
SUnreclaim:       237332 kB
KernelStack:       49952 kB
ShadowCallStack:   12524 kB
PageTables:        75552 kB
NFS_Unstable:          0 kB
Bounce:                0 kB
WritebackTmp:          0 kB
CommitLimit:     8676852 kB
Committed_AS:   75007476 kB
VmallocTotal:   263061440 kB
VmallocUsed:      132004 kB
VmallocChunk:          0 kB
Percpu:             2448 kB
CmaTotal:         405504 kB
CmaFree:            4064 kB
MemTotal:        7916540 kB
MemFree:          206920 kB
MemAvailable:    1867444 kB
Buffers:            6460 kB
Cached:          1448540 kB
SwapCached:        11832 kB
Active:          3897748 kB
Inactive:         894256 kB
Active(anon):    3222452 kB
Inactive(anon):   139404 kB
Active(file):     675296 kB
Inactive(file):   754852 kB
Unevictable:        6364 kB
Mlocked:            5924 kB
SwapTotal:       4718584 kB
SwapFree:        3793000 kB
Dirty:               440 kB
Writeback:             0 kB
AnonPages:       3338368 kB
Mapped:           673208 kB
Shmem:             20140 kB
KReclaimable:     620588 kB
Slab:             323804 kB
SReclaimable:      86456 kB
SUnreclaim:       237348 kB
KernelStack:       49968 kB
ShadowCallStack:   12512 kB
PageTables:        75580 kB
NFS_Unstable:          0 kB
Bounce:                0 kB
WritebackTmp:          0 kB
CommitLimit:     8676852 kB
Committed_AS:   75040244 kB
VmallocTotal:   263061440 kB
VmallocUsed:      132008 kB
VmallocChunk:          0 kB
Percpu:             2448 kB
CmaTotal:         405504 kB
CmaFree:               0 kB
MemTotal:        7916540 kB
MemFree:          189324 kB
MemAvailable:    1849744 kB
Buffers:            6464 kB
Cached:          1448536 kB
SwapCached:        11832 kB
Active:          3915184 kB
Inactive:         894244 kB
Active(anon):    3239888 kB
Inactive(anon):   139392 kB
Active(file):     675296 kB
Inactive(file):   754852 kB
Unevictable:        6364 kB
Mlocked:            5924 kB
SwapTotal:       4718584 kB
SwapFree:        3793000 kB
Dirty:               464 kB
Writeback:             0 kB
AnonPages:       3355632 kB
Mapped:           673160 kB
Shmem:             20140 kB
KReclaimable:     620484 kB
Slab:             323776 kB
SReclaimable:      86456 kB
SUnreclaim:       237320 kB
KernelStack:       49952 kB
ShadowCallStack:   12512 kB
PageTables:        75560 kB
NFS_Unstable:          0 kB
Bounce:                0 kB
WritebackTmp:          0 kB
CommitLimit:     8676852 kB
Committed_AS:   75056632 kB
VmallocTotal:   263061440 kB
VmallocUsed:      132000 kB
VmallocChunk:          0 kB
Percpu:             2448 kB
CmaTotal:         405504 kB
CmaFree:               0 kB
MemTotal:        7916540 kB
MemFree:          174804 kB
MemAvailable:    1820228 kB
Buffers:            6464 kB
Cached:          1439040 kB
SwapCached:        11832 kB
Active:          3966852 kB
Inactive:         861324 kB
Active(anon):    3268252 kB
Inactive(anon):   139404 kB
Active(file):     698600 kB
Inactive(file):   721920 kB
Unevictable:        6364 kB
Mlocked:            5924 kB
SwapTotal:       4718584 kB
SwapFree:        3793256 kB
Dirty:               468 kB
Writeback:             0 kB
AnonPages:       3384116 kB
Mapped:           668628 kB
Shmem:             20140 kB
KReclaimable:     615116 kB
Slab:             323616 kB
SReclaimable:      86264 kB
SUnreclaim:       237352 kB
KernelStack:       49824 kB
ShadowCallStack:   12512 kB
PageTables:        75508 kB
NFS_Unstable:          0 kB
Bounce:                0 kB
WritebackTmp:          0 kB
CommitLimit:     8676852 kB
Committed_AS:   75088928 kB
VmallocTotal:   263061440 kB
VmallocUsed:      131852 kB
VmallocChunk:          0 kB
Percpu:             2448 kB
CmaTotal:         405504 kB
CmaFree:               0 kB
MemTotal:        7916540 kB
MemFree:          171800 kB
MemAvailable:    1796652 kB
Buffers:            6460 kB
Cached:          1423028 kB
SwapCached:        11832 kB
Active:          4002744 kB
Inactive:         833272 kB
Active(anon):    3292052 kB
Inactive(anon):   139400 kB
Active(file):     710692 kB
Inactive(file):   693872 kB
Unevictable:        6364 kB
Mlocked:            5924 kB
SwapTotal:       4718584 kB
SwapFree:        3793256 kB
Dirty:                28 kB
Writeback:             0 kB
AnonPages:       3408172 kB
Mapped:           660924 kB
Shmem:             20140 kB
KReclaimable:     610500 kB
Slab:             323588 kB
SReclaimable:      86248 kB
SUnreclaim:       237340 kB
KernelStack:       49840 kB
ShadowCallStack:   12492 kB
PageTables:        76032 kB
NFS_Unstable:          0 kB
Bounce:                0 kB
WritebackTmp:          0 kB
CommitLimit:     8676852 kB
Committed_AS:   75105208 kB
VmallocTotal:   263061440 kB
VmallocUsed:      131812 kB
VmallocChunk:          0 kB
Percpu:             2448 kB
CmaTotal:         405504 kB
CmaFree:               0 kB
MemTotal:        7916540 kB
MemFree:          172888 kB
MemAvailable:    1779672 kB
Buffers:            6464 kB
Cached:          1408036 kB
SwapCached:        11836 kB
Active:          4023356 kB
Inactive:         815500 kB
Active(anon):    3309808 kB
Inactive(anon):   139400 kB
Active(file):     713548 kB
Inactive(file):   676100 kB
Unevictable:        6364 kB
Mlocked:            5924 kB
SwapTotal:       4718584 kB
SwapFree:        3793256 kB
Dirty:                72 kB
Writeback:             0 kB
AnonPages:       3425760 kB
Mapped:           656532 kB
Shmem:             20140 kB
KReclaimable:     607348 kB
Slab:             323636 kB
SReclaimable:      86248 kB
SUnreclaim:       237388 kB
KernelStack:       49760 kB
ShadowCallStack:   12468 kB
PageTables:        75888 kB
NFS_Unstable:          0 kB
Bounce:                0 kB
WritebackTmp:          0 kB
CommitLimit:     8676852 kB
Committed_AS:   75104952 kB
VmallocTotal:   263061440 kB
VmallocUsed:      131720 kB
VmallocChunk:          0 kB
Percpu:             2448 kB
CmaTotal:         405504 kB
CmaFree:               0 kB
MemTotal:        7916540 kB
MemFree:          172004 kB
MemAvailable:    1759788 kB
Buffers:            6140 kB
Cached:          1393512 kB
SwapCached:        11836 kB
Active:          4050972 kB
Inactive:         792292 kB
Active(anon):    3329068 kB
Inactive(anon):   139404 kB
Active(file):     721904 kB
Inactive(file):   652888 kB
Unevictable:        6368 kB
Mlocked:            5928 kB
SwapTotal:       4718584 kB
SwapFree:        3793256 kB
Dirty:                72 kB
Writeback:             0 kB
AnonPages:       3444980 kB
Mapped:           651528 kB
Shmem:             20144 kB
KReclaimable:     603204 kB
Slab:             323696 kB
SReclaimable:      86248 kB
SUnreclaim:       237448 kB
KernelStack:       49776 kB
ShadowCallStack:   12460 kB
PageTables:        75820 kB
NFS_Unstable:          0 kB
Bounce:                0 kB
WritebackTmp:          0 kB
CommitLimit:     8676852 kB
Committed_AS:   75121340 kB
VmallocTotal:   263061440 kB
VmallocUsed:      131720 kB
VmallocChunk:          0 kB
Percpu:             2448 kB
CmaTotal:         405504 kB
CmaFree:               0 kB
MemTotal:        7916540 kB
MemFree:          172304 kB
MemAvailable:    1734348 kB
Buffers:            5292 kB
Cached:          1373820 kB
SwapCached:        11836 kB
Active:          4081700 kB
Inactive:         766636 kB
Active(anon):    3354708 kB
Inactive(anon):   139408 kB
Active(file):     726992 kB
Inactive(file):   627228 kB
Unevictable:        6368 kB
Mlocked:            5928 kB
SwapTotal:       4718584 kB
SwapFree:        3793256 kB
Dirty:               116 kB
Writeback:             0 kB
AnonPages:       3470736 kB
Mapped:           643084 kB
Shmem:             20144 kB
KReclaimable:     598036 kB
Slab:             323700 kB
SReclaimable:      86248 kB
SUnreclaim:       237452 kB
KernelStack:       49760 kB
ShadowCallStack:   12468 kB
PageTables:        75896 kB
NFS_Unstable:          0 kB
Bounce:                0 kB
WritebackTmp:          0 kB
CommitLimit:     8676852 kB
Committed_AS:   75154104 kB
VmallocTotal:   263061440 kB
VmallocUsed:      131784 kB
VmallocChunk:          0 kB
Percpu:             2448 kB
CmaTotal:         405504 kB
CmaFree:               0 kB
MemTotal:        7916540 kB
MemFree:          173156 kB
MemAvailable:    1718080 kB
Buffers:            3960 kB
Cached:          1360508 kB
SwapCached:        11836 kB
Active:          4098820 kB
Inactive:         749708 kB
Active(anon):    3369548 kB
Inactive(anon):   139400 kB
Active(file):     729272 kB
Inactive(file):   610308 kB
Unevictable:        6368 kB
Mlocked:            5928 kB
SwapTotal:       4718584 kB
SwapFree:        3793512 kB
Dirty:               132 kB
Writeback:             0 kB
AnonPages:       3485472 kB
Mapped:           641604 kB
Shmem:             20152 kB
KReclaimable:     595556 kB
Slab:             323756 kB
SReclaimable:      86248 kB
SUnreclaim:       237508 kB
KernelStack:       49744 kB
ShadowCallStack:   12464 kB
PageTables:        76264 kB
NFS_Unstable:          0 kB
Bounce:                0 kB
WritebackTmp:          0 kB
CommitLimit:     8676852 kB
Committed_AS:   75154064 kB
VmallocTotal:   263061440 kB
VmallocUsed:      131696 kB
VmallocChunk:          0 kB
Percpu:             2448 kB
CmaTotal:         405504 kB
CmaFree:               0 kB
MemTotal:        7916540 kB
MemFree:          172840 kB
MemAvailable:    1695112 kB
Buffers:            2240 kB
Cached:          1343272 kB
SwapCached:        11836 kB
Active:          4124524 kB
Inactive:         729652 kB
Active(anon):    3394132 kB
Inactive(anon):   139400 kB
Active(file):     730392 kB
Inactive(file):   590252 kB
Unevictable:        6368 kB
Mlocked:            5928 kB
SwapTotal:       4718584 kB
SwapFree:        3793512 kB
Dirty:               164 kB
Writeback:             0 kB
AnonPages:       3510024 kB
Mapped:           641592 kB
Shmem:             20152 kB
KReclaimable:     591840 kB
Slab:             323700 kB
SReclaimable:      86212 kB
SUnreclaim:       237488 kB
KernelStack:       49760 kB
ShadowCallStack:   12472 kB
PageTables:        75984 kB
NFS_Unstable:          0 kB
Bounce:                0 kB
WritebackTmp:          0 kB
CommitLimit:     8676852 kB
Committed_AS:   75186828 kB
VmallocTotal:   263061440 kB
VmallocUsed:      131696 kB
VmallocChunk:          0 kB
Percpu:             2448 kB
CmaTotal:         405504 kB
CmaFree:               0 kB
MemTotal:        7916540 kB
MemFree:          170920 kB
MemAvailable:    1678832 kB
Buffers:            2264 kB
Cached:          1330680 kB
SwapCached:        11836 kB
Active:          4140380 kB
Inactive:         717064 kB
Active(anon):    3409964 kB
Inactive(anon):   139404 kB
Active(file):     730416 kB
Inactive(file):   577660 kB
Unevictable:        6368 kB
Mlocked:            5928 kB
SwapTotal:       4718584 kB
SwapFree:        3793512 kB
Dirty:               172 kB
Writeback:             0 kB
AnonPages:       3525948 kB
Mapped:           641680 kB
Shmem:             20152 kB
KReclaimable:     590048 kB
Slab:             323628 kB
SReclaimable:      86068 kB
SUnreclaim:       237560 kB
KernelStack:       49744 kB
ShadowCallStack:   12464 kB
PageTables:        75948 kB
NFS_Unstable:          0 kB
Bounce:                0 kB
WritebackTmp:          0 kB
CommitLimit:     8676852 kB
Committed_AS:   75186828 kB
VmallocTotal:   263061440 kB
VmallocUsed:      131700 kB
VmallocChunk:          0 kB
Percpu:             2448 kB
CmaTotal:         405504 kB
CmaFree:               0 kB
MemTotal:        7916540 kB
MemFree:          173592 kB
MemAvailable:    1657788 kB
Buffers:            2264 kB
Cached:          1310208 kB
SwapCached:        11836 kB
Active:          4160816 kB
Inactive:         696592 kB
Active(anon):    3430400 kB
Inactive(anon):   139404 kB
Active(file):     730416 kB
Inactive(file):   557188 kB
Unevictable:        6368 kB
Mlocked:            5928 kB
SwapTotal:       4718584 kB
SwapFree:        3793512 kB
Dirty:               180 kB
Writeback:             0 kB
AnonPages:       3546376 kB
Mapped:           641624 kB
Shmem:             20152 kB
KReclaimable:     586804 kB
Slab:             323484 kB
SReclaimable:      85912 kB
SUnreclaim:       237572 kB
KernelStack:       49744 kB
ShadowCallStack:   12456 kB
PageTables:        75936 kB
NFS_Unstable:          0 kB
Bounce:                0 kB
WritebackTmp:          0 kB
CommitLimit:     8676852 kB
Committed_AS:   75227812 kB
VmallocTotal:   263061440 kB
VmallocUsed:      131716 kB
VmallocChunk:          0 kB
Percpu:             2448 kB
CmaTotal:         405504 kB
CmaFree:               0 kB
MemTotal:        7916540 kB
MemFree:          171920 kB
MemAvailable:    1649336 kB
Buffers:            2264 kB
Cached:          1305088 kB
SwapCached:        11836 kB
Active:          4169628 kB
Inactive:         691472 kB
Active(anon):    3439212 kB
Inactive(anon):   139404 kB
Active(file):     730416 kB
Inactive(file):   552068 kB
Unevictable:        6368 kB
Mlocked:            5928 kB
SwapTotal:       4718584 kB
SwapFree:        3793512 kB
Dirty:               108 kB
Writeback:             0 kB
AnonPages:       3555164 kB
Mapped:           641724 kB
Shmem:             20152 kB
KReclaimable:     585144 kB
Slab:             323448 kB
SReclaimable:      85852 kB
SUnreclaim:       237596 kB
KernelStack:       49744 kB
ShadowCallStack:   12464 kB
PageTables:        75996 kB
NFS_Unstable:          0 kB
Bounce:                0 kB
WritebackTmp:          0 kB
CommitLimit:     8676852 kB
Committed_AS:   75227808 kB
VmallocTotal:   263061440 kB
VmallocUsed:      131696 kB
VmallocChunk:          0 kB
Percpu:             2448 kB
CmaTotal:         405504 kB
CmaFree:               0 kB
MemTotal:        7916540 kB
MemFree:          169440 kB
MemAvailable:    1642476 kB
Buffers:            2264 kB
Cached:          1301256 kB
SwapCached:        11836 kB
Active:          4177460 kB
Inactive:         687640 kB
Active(anon):    3447044 kB
Inactive(anon):   139404 kB
Active(file):     730416 kB
Inactive(file):   548236 kB
Unevictable:        6368 kB
Mlocked:            5928 kB
SwapTotal:       4718584 kB
SwapFree:        3793512 kB
Dirty:               128 kB
Writeback:             0 kB
AnonPages:       3563000 kB
Mapped:           641684 kB
Shmem:             20152 kB
KReclaimable:     584596 kB
Slab:             323300 kB
SReclaimable:      85816 kB
SUnreclaim:       237484 kB
KernelStack:       49728 kB
ShadowCallStack:   12460 kB
PageTables:        76128 kB
NFS_Unstable:          0 kB
Bounce:                0 kB
WritebackTmp:          0 kB
CommitLimit:     8676852 kB
Committed_AS:   75227652 kB
VmallocTotal:   263061440 kB
VmallocUsed:      131624 kB
VmallocChunk:          0 kB
Percpu:             2448 kB
CmaTotal:         405504 kB
CmaFree:               0 kB
MemTotal:        7916540 kB
MemFree:          170812 kB
MemAvailable:    1625956 kB
Buffers:            2264 kB
Cached:          1285904 kB
SwapCached:        11836 kB
Active:          4193384 kB
Inactive:         672272 kB
Active(anon):    3462968 kB
Inactive(anon):   139396 kB
Active(file):     730416 kB
Inactive(file):   532876 kB
Unevictable:        6368 kB
Mlocked:            5928 kB
SwapTotal:       4718584 kB
SwapFree:        3793512 kB
Dirty:               128 kB
Writeback:             0 kB
AnonPages:       3579028 kB
Mapped:           641812 kB
Shmem:             20160 kB
KReclaimable:     582064 kB
Slab:             322992 kB
SReclaimable:      85420 kB
SUnreclaim:       237572 kB
KernelStack:       49696 kB
ShadowCallStack:   12452 kB
PageTables:        76096 kB
NFS_Unstable:          0 kB
Bounce:                0 kB
WritebackTmp:          0 kB
CommitLimit:     8676852 kB
Committed_AS:   75244044 kB
VmallocTotal:   263061440 kB
VmallocUsed:      131636 kB
VmallocChunk:          0 kB
Percpu:             2448 kB
CmaTotal:         405504 kB
CmaFree:               0 kB
MemTotal:        7916540 kB
MemFree:          170088 kB
MemAvailable:    1448040 kB
Buffers:            2108 kB
Cached:          1234912 kB
SwapCached:        11836 kB
Active:          4250516 kB
Inactive:         620436 kB
Active(anon):    3519480 kB
Inactive(anon):   139404 kB
Active(file):     731036 kB
Inactive(file):   481032 kB
Unevictable:        6368 kB
Mlocked:            5928 kB
SwapTotal:       4718584 kB
SwapFree:        3793512 kB
Dirty:               128 kB
Writeback:             0 kB
AnonPages:       3635512 kB
Mapped:           642472 kB
Shmem:             20236 kB
KReclaimable:     456096 kB
Slab:             321792 kB
SReclaimable:      84268 kB
SUnreclaim:       237524 kB
KernelStack:       49808 kB
ShadowCallStack:   12472 kB
PageTables:        76280 kB
NFS_Unstable:          0 kB
Bounce:                0 kB
WritebackTmp:          0 kB
CommitLimit:     8676852 kB
Committed_AS:   75260824 kB
VmallocTotal:   263061440 kB
VmallocUsed:      131704 kB
VmallocChunk:          0 kB
Percpu:             2448 kB
CmaTotal:         405504 kB
CmaFree:               0 kB
MemTotal:        7916540 kB
MemFree:          171472 kB
MemAvailable:    1428548 kB
Buffers:            2112 kB
Cached:          1224420 kB
SwapCached:        11836 kB
Active:          4262356 kB
Inactive:         609096 kB
Active(anon):    3530528 kB
Inactive(anon):   139404 kB
Active(file):     731828 kB
Inactive(file):   469692 kB
Unevictable:        6368 kB
Mlocked:            5928 kB
SwapTotal:       4718584 kB
SwapFree:        3793512 kB
Dirty:               228 kB
Writeback:             0 kB
AnonPages:       3646248 kB
Mapped:           642464 kB
Shmem:             20284 kB
KReclaimable:     445768 kB
Slab:             321544 kB
SReclaimable:      84044 kB
SUnreclaim:       237500 kB
KernelStack:       49776 kB
ShadowCallStack:   12476 kB
PageTables:        75708 kB
NFS_Unstable:          0 kB
Bounce:                0 kB
WritebackTmp:          0 kB
CommitLimit:     8676852 kB
Committed_AS:   75260824 kB
VmallocTotal:   263061440 kB
VmallocUsed:      131760 kB
VmallocChunk:          0 kB
Percpu:             2448 kB
CmaTotal:         405504 kB
CmaFree:               0 kB
MemTotal:        7916540 kB
MemFree:          199472 kB
MemAvailable:    1583700 kB
Buffers:            2120 kB
Cached:          1221640 kB
SwapCached:        11836 kB
Active:          4235664 kB
Inactive:         606448 kB
Active(anon):    3503828 kB
Inactive(anon):   139404 kB
Active(file):     731836 kB
Inactive(file):   467044 kB
Unevictable:        6368 kB
Mlocked:            5928 kB
SwapTotal:       4718584 kB
SwapFree:        3793512 kB
Dirty:               280 kB
Writeback:             0 kB
AnonPages:       3620204 kB
Mapped:           641796 kB
Shmem:             20164 kB
KReclaimable:     575560 kB
Slab:             321336 kB
SReclaimable:      83796 kB
SUnreclaim:       237540 kB
KernelStack:       49696 kB
ShadowCallStack:   12456 kB
PageTables:        76084 kB
NFS_Unstable:          0 kB
Bounce:                0 kB
WritebackTmp:          0 kB
CommitLimit:     8676852 kB
Committed_AS:   75260428 kB
VmallocTotal:   263061440 kB
VmallocUsed:      131656 kB
VmallocChunk:          0 kB
Percpu:             2448 kB
CmaTotal:         405504 kB
CmaFree:              68 kB
MemTotal:        7916540 kB
MemFree:          186712 kB
MemAvailable:    1570948 kB
Buffers:            2120 kB
Cached:          1221648 kB
SwapCached:        11836 kB
Active:          4247704 kB
Inactive:         606448 kB
Active(anon):    3515868 kB
Inactive(anon):   139396 kB
Active(file):     731836 kB
Inactive(file):   467052 kB
Unevictable:        6368 kB
Mlocked:            5928 kB
SwapTotal:       4718584 kB
SwapFree:        3793512 kB
Dirty:               240 kB
Writeback:             0 kB
AnonPages:       3632016 kB
Mapped:           641720 kB
Shmem:             20164 kB
KReclaimable:     575560 kB
Slab:             321364 kB
SReclaimable:      83796 kB
SUnreclaim:       237568 kB
KernelStack:       49664 kB
ShadowCallStack:   12432 kB
PageTables:        76300 kB
NFS_Unstable:          0 kB
Bounce:                0 kB
WritebackTmp:          0 kB
CommitLimit:     8676852 kB
Committed_AS:   75276812 kB
VmallocTotal:   263061440 kB
VmallocUsed:      131632 kB
VmallocChunk:          0 kB
Percpu:             2448 kB
CmaTotal:         405504 kB
CmaFree:              68 kB
MemTotal:        7916540 kB
MemFree:          176224 kB
MemAvailable:    1560448 kB
Buffers:            2120 kB
Cached:          1221672 kB
SwapCached:        11836 kB
Active:          4259792 kB
Inactive:         606456 kB
Active(anon):    3527956 kB
Inactive(anon):   139400 kB
Active(file):     731836 kB
Inactive(file):   467056 kB
Unevictable:        6368 kB
Mlocked:            5928 kB
SwapTotal:       4718584 kB
SwapFree:        3793512 kB
Dirty:               280 kB
Writeback:             0 kB
AnonPages:       3643884 kB
Mapped:           641796 kB
Shmem:             20184 kB
KReclaimable:     575544 kB
Slab:             321416 kB
SReclaimable:      83796 kB
SUnreclaim:       237620 kB
KernelStack:       49680 kB
ShadowCallStack:   12460 kB
PageTables:        76060 kB
NFS_Unstable:          0 kB
Bounce:                0 kB
WritebackTmp:          0 kB
CommitLimit:     8676852 kB
Committed_AS:   75293212 kB
VmallocTotal:   263061440 kB
VmallocUsed:      131624 kB
VmallocChunk:          0 kB
Percpu:             2448 kB
CmaTotal:         405504 kB
CmaFree:              68 kB
MemTotal:        7916540 kB
MemFree:          171760 kB
MemAvailable:    1552312 kB
Buffers:            2144 kB
Cached:          1219172 kB
SwapCached:        11840 kB
Active:          4271184 kB
Inactive:         601360 kB
Active(anon):    3536776 kB
Inactive(anon):   139400 kB
Active(file):     734408 kB
Inactive(file):   461960 kB
Unevictable:        6368 kB
Mlocked:            5928 kB
SwapTotal:       4718584 kB
SwapFree:        3794280 kB
Dirty:                 0 kB
Writeback:             0 kB
AnonPages:       3652548 kB
Mapped:           643400 kB
Shmem:             20232 kB
KReclaimable:     574396 kB
Slab:             321028 kB
SReclaimable:      83672 kB
SUnreclaim:       237356 kB
KernelStack:       49696 kB
ShadowCallStack:   12452 kB
PageTables:        76212 kB
NFS_Unstable:          0 kB
Bounce:                0 kB
WritebackTmp:          0 kB
CommitLimit:     8676852 kB
Committed_AS:   75293212 kB
VmallocTotal:   263061440 kB
VmallocUsed:      131652 kB
VmallocChunk:          0 kB
Percpu:             2448 kB
CmaTotal:         405504 kB
CmaFree:               0 kB
MemTotal:        7916540 kB
MemFree:          170716 kB
MemAvailable:    1541316 kB
Buffers:            2144 kB
Cached:          1210372 kB
SwapCached:        11840 kB
Active:          4281608 kB
Inactive:         592564 kB
Active(anon):    3547200 kB
Inactive(anon):   139404 kB
Active(file):     734408 kB
Inactive(file):   453160 kB
Unevictable:        6368 kB
Mlocked:            5928 kB
SwapTotal:       4718584 kB
SwapFree:        3794280 kB
Dirty:                 8 kB
Writeback:             0 kB
AnonPages:       3662956 kB
Mapped:           643420 kB
Shmem:             20232 kB
KReclaimable:     573244 kB
Slab:             320856 kB
SReclaimable:      83544 kB
SUnreclaim:       237312 kB
KernelStack:       49696 kB
ShadowCallStack:   12456 kB
PageTables:        76100 kB
NFS_Unstable:          0 kB
Bounce:                0 kB
WritebackTmp:          0 kB
CommitLimit:     8676852 kB
Committed_AS:   75293212 kB
VmallocTotal:   263061440 kB
VmallocUsed:      131636 kB
VmallocChunk:          0 kB
Percpu:             2448 kB
CmaTotal:         405504 kB
CmaFree:              16 kB
MemTotal:        7916540 kB
MemFree:          173964 kB
MemAvailable:    1530960 kB
Buffers:            2144 kB
Cached:          1198704 kB
SwapCached:        11840 kB
Active:          4291372 kB
Inactive:         580884 kB
Active(anon):    3556964 kB
Inactive(anon):   139396 kB
Active(file):     734408 kB
Inactive(file):   441488 kB
Unevictable:        6368 kB
Mlocked:            5928 kB
SwapTotal:       4718584 kB
SwapFree:        3794280 kB
Dirty:                88 kB
Writeback:             0 kB
AnonPages:       3672856 kB
Mapped:           643528 kB
Shmem:             20236 kB
KReclaimable:     571312 kB
Slab:             320580 kB
SReclaimable:      83172 kB
SUnreclaim:       237408 kB
KernelStack:       49712 kB
ShadowCallStack:   12452 kB
PageTables:        76232 kB
NFS_Unstable:          0 kB
Bounce:                0 kB
WritebackTmp:          0 kB
CommitLimit:     8676852 kB
Committed_AS:   75293140 kB
VmallocTotal:   263061440 kB
VmallocUsed:      131644 kB
VmallocChunk:          0 kB
Percpu:             2448 kB
CmaTotal:         405504 kB
CmaFree:              16 kB
MemTotal:        7916540 kB
MemFree:          170552 kB
MemAvailable:    1519016 kB
Buffers:            2136 kB
Cached:          1191748 kB
SwapCached:        11840 kB
Active:          4303284 kB
Inactive:         573504 kB
Active(anon):    3568500 kB
Inactive(anon):   139404 kB
Active(file):     734784 kB
Inactive(file):   434100 kB
Unevictable:        6368 kB
Mlocked:            5928 kB
SwapTotal:       4718584 kB
SwapFree:        3794280 kB
Dirty:               192 kB
Writeback:             0 kB
AnonPages:       3684468 kB
Mapped:           643032 kB
Shmem:             20236 kB
KReclaimable:     569792 kB
Slab:             320548 kB
SReclaimable:      83172 kB
SUnreclaim:       237376 kB
KernelStack:       49696 kB
ShadowCallStack:   12452 kB
PageTables:        76136 kB
NFS_Unstable:          0 kB
Bounce:                0 kB
WritebackTmp:          0 kB
CommitLimit:     8676852 kB
Committed_AS:   75309524 kB
VmallocTotal:   263061440 kB
VmallocUsed:      131664 kB
VmallocChunk:          0 kB
Percpu:             2448 kB
CmaTotal:         405504 kB
CmaFree:               0 kB
MemTotal:        7916540 kB
MemFree:          172688 kB
MemAvailable:    1511080 kB
Buffers:            2120 kB
Cached:          1184536 kB
SwapCached:        11840 kB
Active:          4322388 kB
Inactive:         555868 kB
Active(anon):    3577148 kB
Inactive(anon):   139404 kB
Active(file):     745240 kB
Inactive(file):   416464 kB
Unevictable:        6368 kB
Mlocked:            5928 kB
SwapTotal:       4718584 kB
SwapFree:        3794280 kB
Dirty:               196 kB
Writeback:             0 kB
AnonPages:       3693044 kB
Mapped:           637876 kB
Shmem:             20236 kB
KReclaimable:     566900 kB
Slab:             320224 kB
SReclaimable:      82888 kB
SUnreclaim:       237336 kB
KernelStack:       49696 kB
ShadowCallStack:   12448 kB
PageTables:        76096 kB
NFS_Unstable:          0 kB
Bounce:                0 kB
WritebackTmp:          0 kB
CommitLimit:     8676852 kB
Committed_AS:   75325908 kB
VmallocTotal:   263061440 kB
VmallocUsed:      131632 kB
VmallocChunk:          0 kB
Percpu:             2448 kB
CmaTotal:         405504 kB
CmaFree:               0 kB
MemTotal:        7916540 kB
MemFree:          173752 kB
MemAvailable:    1505136 kB
Buffers:            2120 kB
Cached:          1179108 kB
SwapCached:        11840 kB
Active:          4332052 kB
Inactive:         547188 kB
Active(anon):    3583560 kB
Inactive(anon):   139404 kB
Active(file):     748492 kB
Inactive(file):   407784 kB
Unevictable:        6368 kB
Mlocked:            5928 kB
SwapTotal:       4718584 kB
SwapFree:        3794536 kB
Dirty:               196 kB
Writeback:             0 kB
AnonPages:       3699412 kB
Mapped:           635212 kB
Shmem:             20236 kB
KReclaimable:     565320 kB
Slab:             320156 kB
SReclaimable:      82844 kB
SUnreclaim:       237312 kB
KernelStack:       49680 kB
ShadowCallStack:   12448 kB
PageTables:        76312 kB
NFS_Unstable:          0 kB
Bounce:                0 kB
WritebackTmp:          0 kB
CommitLimit:     8676852 kB
Committed_AS:   75325908 kB
VmallocTotal:   263061440 kB
VmallocUsed:      131612 kB
VmallocChunk:          0 kB
Percpu:             2448 kB
CmaTotal:         405504 kB
CmaFree:               0 kB
MemTotal:        7916540 kB
MemFree:          173296 kB
MemAvailable:    1495576 kB
Buffers:            2128 kB
Cached:          1171120 kB
SwapCached:        11840 kB
Active:          4341540 kB
Inactive:         538500 kB
Active(anon):    3592344 kB
Inactive(anon):   139400 kB
Active(file):     749196 kB
Inactive(file):   399100 kB
Unevictable:        6368 kB
Mlocked:            5928 kB
SwapTotal:       4718584 kB
SwapFree:        3794536 kB
Dirty:                92 kB
Writeback:             0 kB
AnonPages:       3708072 kB
Mapped:           633280 kB
Shmem:             20236 kB
KReclaimable:     564196 kB
Slab:             319956 kB
SReclaimable:      82744 kB
SUnreclaim:       237212 kB
KernelStack:       49664 kB
ShadowCallStack:   12444 kB
PageTables:        76320 kB
NFS_Unstable:          0 kB
Bounce:                0 kB
WritebackTmp:          0 kB
CommitLimit:     8676852 kB
Committed_AS:   75342296 kB
VmallocTotal:   263061440 kB
VmallocUsed:      131616 kB
VmallocChunk:          0 kB
Percpu:             2448 kB
CmaTotal:         405504 kB
CmaFree:               0 kB
MemTotal:        7916540 kB
MemFree:          170236 kB
MemAvailable:    1489156 kB
Buffers:            2092 kB
Cached:          1170528 kB
SwapCached:        11840 kB
Active:          4369084 kB
Inactive:         516464 kB
Active(anon):    3598624 kB
Inactive(anon):   139396 kB
Active(file):     770460 kB
Inactive(file):   377068 kB
Unevictable:        6368 kB
Mlocked:            5928 kB
SwapTotal:       4718584 kB
SwapFree:        3795048 kB
Dirty:               128 kB
Writeback:             0 kB
AnonPages:       3714476 kB
Mapped:           633272 kB
Shmem:             20204 kB
KReclaimable:     561604 kB
Slab:             319948 kB
SReclaimable:      82744 kB
SUnreclaim:       237204 kB
KernelStack:       49680 kB
ShadowCallStack:   12448 kB
PageTables:        76336 kB
NFS_Unstable:          0 kB
Bounce:                0 kB
WritebackTmp:          0 kB
CommitLimit:     8676852 kB
Committed_AS:   75358644 kB
VmallocTotal:   263061440 kB
VmallocUsed:      131636 kB
VmallocChunk:          0 kB
Percpu:             2448 kB
CmaTotal:         405504 kB
CmaFree:              20 kB
MemTotal:        7916540 kB
MemFree:          171812 kB
MemAvailable:    1483388 kB
Buffers:            2084 kB
Cached:          1165860 kB
SwapCached:        11840 kB
Active:          4384712 kB
Inactive:         502588 kB
Active(anon):    3604880 kB
Inactive(anon):   139396 kB
Active(file):     779832 kB
Inactive(file):   363192 kB
Unevictable:        6368 kB
Mlocked:            5928 kB
SwapTotal:       4718584 kB
SwapFree:        3795048 kB
Dirty:                36 kB
Writeback:             0 kB
AnonPages:       3720748 kB
Mapped:           631472 kB
Shmem:             20204 kB
KReclaimable:     558764 kB
Slab:             319892 kB
SReclaimable:      82720 kB
SUnreclaim:       237172 kB
KernelStack:       49680 kB
ShadowCallStack:   12456 kB
PageTables:        76352 kB
NFS_Unstable:          0 kB
Bounce:                0 kB
WritebackTmp:          0 kB
CommitLimit:     8676852 kB
Committed_AS:   75358644 kB
VmallocTotal:   263061440 kB
VmallocUsed:      131620 kB
VmallocChunk:          0 kB
Percpu:             2448 kB
CmaTotal:         405504 kB
CmaFree:               0 kB
MemTotal:        7916540 kB
MemFree:          169520 kB
MemAvailable:    1472460 kB
Buffers:            2084 kB
Cached:          1158396 kB
SwapCached:        11844 kB
Active:          4395340 kB
Inactive:         494904 kB
Active(anon):    3615284 kB
Inactive(anon):   139400 kB
Active(file):     780056 kB
Inactive(file):   355504 kB
Unevictable:        6368 kB
Mlocked:            5928 kB
SwapTotal:       4718584 kB
SwapFree:        3795048 kB
Dirty:                44 kB
Writeback:             0 kB
AnonPages:       3731200 kB
Mapped:           630732 kB
Shmem:             20204 kB
KReclaimable:     557592 kB
Slab:             319768 kB
SReclaimable:      82572 kB
SUnreclaim:       237196 kB
KernelStack:       49664 kB
ShadowCallStack:   12444 kB
PageTables:        76248 kB
NFS_Unstable:          0 kB
Bounce:                0 kB
WritebackTmp:          0 kB
CommitLimit:     8676852 kB
Committed_AS:   75375028 kB
VmallocTotal:   263061440 kB
VmallocUsed:      131604 kB
VmallocChunk:          0 kB
Percpu:             2448 kB
CmaTotal:         405504 kB
CmaFree:               0 kB
MemTotal:        7916540 kB
MemFree:          172688 kB
MemAvailable:    1462328 kB
Buffers:            2100 kB
Cached:          1147364 kB
SwapCached:        11844 kB
Active:          4406364 kB
Inactive:         483476 kB
Active(anon):    3625904 kB
Inactive(anon):   139392 kB
Active(file):     780460 kB
Inactive(file):   344084 kB
Unevictable:        6368 kB
Mlocked:            5928 kB
SwapTotal:       4718584 kB
SwapFree:        3795048 kB
Dirty:               156 kB
Writeback:             0 kB
AnonPages:       3741760 kB
Mapped:           628920 kB
Shmem:             20204 kB
KReclaimable:     555308 kB
Slab:             319568 kB
SReclaimable:      82368 kB
SUnreclaim:       237200 kB
KernelStack:       49696 kB
ShadowCallStack:   12448 kB
PageTables:        76440 kB
NFS_Unstable:          0 kB
Bounce:                0 kB
WritebackTmp:          0 kB
CommitLimit:     8676852 kB
Committed_AS:   75375036 kB
VmallocTotal:   263061440 kB
VmallocUsed:      131652 kB
VmallocChunk:          0 kB
Percpu:             2448 kB
CmaTotal:         405504 kB
CmaFree:               0 kB
MemTotal:        7916540 kB
MemFree:          170876 kB
MemAvailable:    1455700 kB
Buffers:            2100 kB
Cached:          1143192 kB
SwapCached:        11844 kB
Active:          4411668 kB
Inactive:         478292 kB
Active(anon):    3630200 kB
Inactive(anon):   139396 kB
Active(file):     781468 kB
Inactive(file):   338896 kB
Unevictable:        6368 kB
Mlocked:            5928 kB
SwapTotal:       4718584 kB
SwapFree:        3795048 kB
Dirty:               168 kB
Writeback:             0 kB
AnonPages:       3746120 kB
Mapped:           627068 kB
Shmem:             20212 kB
KReclaimable:     554672 kB
Slab:             319448 kB
SReclaimable:      82244 kB
SUnreclaim:       237204 kB
KernelStack:       49696 kB
ShadowCallStack:   12456 kB
PageTables:        76256 kB
NFS_Unstable:          0 kB
Bounce:                0 kB
WritebackTmp:          0 kB
CommitLimit:     8676852 kB
Committed_AS:   75375048 kB
VmallocTotal:   263061440 kB
VmallocUsed:      131620 kB
VmallocChunk:          0 kB
Percpu:             2448 kB
CmaTotal:         405504 kB
CmaFree:               0 kB
MemTotal:        7916540 kB
MemFree:          172440 kB
MemAvailable:    1448596 kB
Buffers:            2100 kB
Cached:          1136160 kB
SwapCached:        11844 kB
Active:          4422524 kB
Inactive:         469168 kB
Active(anon):    3638976 kB
Inactive(anon):   139392 kB
Active(file):     783548 kB
Inactive(file):   329776 kB
Unevictable:        6368 kB
Mlocked:            5928 kB
SwapTotal:       4718584 kB
SwapFree:        3795048 kB
Dirty:                28 kB
Writeback:             0 kB
AnonPages:       3754820 kB
Mapped:           624624 kB
Shmem:             20220 kB
KReclaimable:     553044 kB
Slab:             319376 kB
SReclaimable:      82152 kB
SUnreclaim:       237224 kB
KernelStack:       49680 kB
ShadowCallStack:   12448 kB
PageTables:        76412 kB
NFS_Unstable:          0 kB
Bounce:                0 kB
WritebackTmp:          0 kB
CommitLimit:     8676852 kB
Committed_AS:   75391432 kB
VmallocTotal:   263061440 kB
VmallocUsed:      131616 kB
VmallocChunk:          0 kB
Percpu:             2448 kB
CmaTotal:         405504 kB
CmaFree:               0 kB
MemTotal:        7916540 kB
MemFree:          171440 kB
MemAvailable:    1441476 kB
Buffers:            2100 kB
Cached:          1130920 kB
SwapCached:        11844 kB
Active:          4431580 kB
Inactive:         461348 kB
Active(anon):    3645756 kB
Inactive(anon):   139392 kB
Active(file):     785824 kB
Inactive(file):   321956 kB
Unevictable:        6368 kB
Mlocked:            5928 kB
SwapTotal:       4718584 kB
SwapFree:        3795048 kB
Dirty:                72 kB
Writeback:             0 kB
AnonPages:       3761808 kB
Mapped:           621884 kB
Shmem:             20220 kB
KReclaimable:     552468 kB
Slab:             319328 kB
SReclaimable:      82088 kB
SUnreclaim:       237240 kB
KernelStack:       49680 kB
ShadowCallStack:   12448 kB
PageTables:        76424 kB
NFS_Unstable:          0 kB
Bounce:                0 kB
WritebackTmp:          0 kB
CommitLimit:     8676852 kB
Committed_AS:   75391432 kB
VmallocTotal:   263061440 kB
VmallocUsed:      131616 kB
VmallocChunk:          0 kB
Percpu:             2448 kB
CmaTotal:         405504 kB
CmaFree:               0 kB
MemTotal:        7916540 kB
MemFree:          171020 kB
MemAvailable:    1433560 kB
Buffers:            2100 kB
Cached:          1124728 kB
SwapCached:        11844 kB
Active:          4440336 kB
Inactive:         453824 kB
Active(anon):    3652924 kB
Inactive(anon):   139384 kB
Active(file):     787412 kB
Inactive(file):   314440 kB
Unevictable:        6368 kB
Mlocked:            5928 kB
SwapTotal:       4718584 kB
SwapFree:        3795048 kB
Dirty:                72 kB
Writeback:             0 kB
AnonPages:       3768756 kB
Mapped:           618372 kB
Shmem:             20220 kB
KReclaimable:     550900 kB
Slab:             319400 kB
SReclaimable:      82088 kB
SUnreclaim:       237312 kB
KernelStack:       49680 kB
ShadowCallStack:   12456 kB
PageTables:        76508 kB
NFS_Unstable:          0 kB
Bounce:                0 kB
WritebackTmp:          0 kB
CommitLimit:     8676852 kB
Committed_AS:   75407816 kB
VmallocTotal:   263061440 kB
VmallocUsed:      131620 kB
VmallocChunk:          0 kB
Percpu:             2448 kB
CmaTotal:         405504 kB
CmaFree:               0 kB
MemTotal:        7916540 kB
MemFree:          170376 kB
MemAvailable:    1427792 kB
Buffers:            2100 kB
Cached:          1120628 kB
SwapCached:        11844 kB
Active:          4448508 kB
Inactive:         448464 kB
Active(anon):    3659792 kB
Inactive(anon):   139388 kB
Active(file):     788716 kB
Inactive(file):   309076 kB
Unevictable:        6368 kB
Mlocked:            5928 kB
SwapTotal:       4718584 kB
SwapFree:        3795048 kB
Dirty:                72 kB
Writeback:             0 kB
AnonPages:       3775668 kB
Mapped:           616252 kB
Shmem:             20220 kB
KReclaimable:     549836 kB
Slab:             319360 kB
SReclaimable:      82048 kB
SUnreclaim:       237312 kB
KernelStack:       49648 kB
ShadowCallStack:   12456 kB
PageTables:        76188 kB
NFS_Unstable:          0 kB
Bounce:                0 kB
WritebackTmp:          0 kB
CommitLimit:     8676852 kB
Committed_AS:   75407816 kB
VmallocTotal:   263061440 kB
VmallocUsed:      131624 kB
VmallocChunk:          0 kB
Percpu:             2448 kB
CmaTotal:         405504 kB
CmaFree:               0 kB
MemTotal:        7916540 kB
MemFree:          176372 kB
MemAvailable:    1263108 kB
Buffers:            2088 kB
Cached:          1074400 kB
SwapCached:        11844 kB
Active:          4506236 kB
Inactive:         388992 kB
Active(anon):    3704320 kB
Inactive(anon):   139388 kB
Active(file):     801916 kB
Inactive(file):   249604 kB
Unevictable:        6368 kB
Mlocked:            5928 kB
SwapTotal:       4718584 kB
SwapFree:        3795048 kB
Dirty:               124 kB
Writeback:             0 kB
AnonPages:       3820228 kB
Mapped:           602624 kB
Shmem:             20252 kB
KReclaimable:     425428 kB
Slab:             318940 kB
SReclaimable:      81544 kB
SUnreclaim:       237396 kB
KernelStack:       49760 kB
ShadowCallStack:   12472 kB
PageTables:        76428 kB
NFS_Unstable:          0 kB
Bounce:                0 kB
WritebackTmp:          0 kB
CommitLimit:     8676852 kB
Committed_AS:   75424600 kB
VmallocTotal:   263061440 kB
VmallocUsed:      131728 kB
VmallocChunk:          0 kB
Percpu:             2448 kB
CmaTotal:         405504 kB
CmaFree:               0 kB
MemTotal:        7916540 kB
MemFree:          171708 kB
MemAvailable:    1256908 kB
Buffers:            2088 kB
Cached:          1074476 kB
SwapCached:        11844 kB
Active:          4511460 kB
Inactive:         388988 kB
Active(anon):    3709544 kB
Inactive(anon):   139384 kB
Active(file):     801916 kB
Inactive(file):   249604 kB
Unevictable:        6368 kB
Mlocked:            5928 kB
SwapTotal:       4718584 kB
SwapFree:        3795048 kB
Dirty:               124 kB
Writeback:             0 kB
AnonPages:       3825192 kB
Mapped:           602620 kB
Shmem:             20328 kB
KReclaimable:     423892 kB
Slab:             318864 kB
SReclaimable:      81544 kB
SUnreclaim:       237320 kB
KernelStack:       49744 kB
ShadowCallStack:   12484 kB
PageTables:        76552 kB
NFS_Unstable:          0 kB
Bounce:                0 kB
WritebackTmp:          0 kB
CommitLimit:     8676852 kB
Committed_AS:   75424596 kB
VmallocTotal:   263061440 kB
VmallocUsed:      131732 kB
VmallocChunk:          0 kB
Percpu:             2448 kB
CmaTotal:         405504 kB
CmaFree:               0 kB
MemTotal:        7916540 kB
MemFree:          204772 kB
MemAvailable:    1402652 kB
Buffers:            2096 kB
Cached:          1066852 kB
SwapCached:        11844 kB
Active:          4485928 kB
Inactive:         381308 kB
Active(anon):    3684000 kB
Inactive(anon):   139384 kB
Active(file):     801928 kB
Inactive(file):   241924 kB
Unevictable:        6368 kB
Mlocked:            5928 kB
SwapTotal:       4718584 kB
SwapFree:        3795048 kB
Dirty:                96 kB
Writeback:             0 kB
AnonPages:       3799824 kB
Mapped:           602036 kB
Shmem:             20380 kB
KReclaimable:     544240 kB
Slab:             318880 kB
SReclaimable:      81496 kB
SUnreclaim:       237384 kB
KernelStack:       49664 kB
ShadowCallStack:   12452 kB
PageTables:        76324 kB
NFS_Unstable:          0 kB
Bounce:                0 kB
WritebackTmp:          0 kB
CommitLimit:     8676852 kB
Committed_AS:   75424116 kB
VmallocTotal:   263061440 kB
VmallocUsed:      131612 kB
VmallocChunk:          0 kB
Percpu:             2448 kB
CmaTotal:         405504 kB
CmaFree:               0 kB
MemTotal:        7916540 kB
MemFree:          203084 kB
MemAvailable:    1401112 kB
Buffers:            2096 kB
Cached:          1066700 kB
SwapCached:        11844 kB
Active:          4489740 kB
Inactive:         381304 kB
Active(anon):    3687812 kB
Inactive(anon):   139372 kB
Active(file):     801928 kB
Inactive(file):   241932 kB
Unevictable:        6368 kB
Mlocked:            5928 kB
SwapTotal:       4718584 kB
SwapFree:        3795048 kB
Dirty:               168 kB
Writeback:             0 kB
AnonPages:       3803608 kB
Mapped:           601932 kB
Shmem:             20220 kB
KReclaimable:     544380 kB
Slab:             318804 kB
SReclaimable:      81480 kB
SUnreclaim:       237324 kB
KernelStack:       49680 kB
ShadowCallStack:   12456 kB
PageTables:        76500 kB
NFS_Unstable:          0 kB
Bounce:                0 kB
WritebackTmp:          0 kB
CommitLimit:     8676852 kB
Committed_AS:   75440500 kB
VmallocTotal:   263061440 kB
VmallocUsed:      131620 kB
VmallocChunk:          0 kB
Percpu:             2448 kB
CmaTotal:         405504 kB
CmaFree:             120 kB
MemTotal:        7916540 kB
MemFree:          198532 kB
MemAvailable:    1396604 kB
Buffers:            2120 kB
Cached:          1066720 kB
SwapCached:        11844 kB
Active:          4493916 kB
Inactive:         381344 kB
Active(anon):    3691988 kB
Inactive(anon):   139368 kB
Active(file):     801928 kB
Inactive(file):   241976 kB
Unevictable:        6368 kB
Mlocked:            5928 kB
SwapTotal:       4718584 kB
SwapFree:        3795048 kB
Dirty:               168 kB
Writeback:             0 kB
AnonPages:       3808012 kB
Mapped:           602012 kB
Shmem:             20220 kB
KReclaimable:     544380 kB
Slab:             318804 kB
SReclaimable:      81480 kB
SUnreclaim:       237324 kB
KernelStack:       49680 kB
ShadowCallStack:   12448 kB
PageTables:        76424 kB
NFS_Unstable:          0 kB
Bounce:                0 kB
WritebackTmp:          0 kB
CommitLimit:     8676852 kB
Committed_AS:   75440500 kB
VmallocTotal:   263061440 kB
VmallocUsed:      131652 kB
VmallocChunk:          0 kB
Percpu:             2448 kB
CmaTotal:         405504 kB
CmaFree:             120 kB
MemTotal:        7916540 kB
MemFree:          188344 kB
MemAvailable:    1386396 kB
Buffers:            2120 kB
Cached:          1066700 kB
SwapCached:        11844 kB
Active:          4504484 kB
Inactive:         381328 kB
Active(anon):    3702556 kB
Inactive(anon):   139372 kB
Active(file):     801928 kB
Inactive(file):   241956 kB
Unevictable:        6368 kB
Mlocked:            5928 kB
SwapTotal:       4718584 kB
SwapFree:        3795048 kB
Dirty:               168 kB
Writeback:             0 kB
AnonPages:       3818372 kB
Mapped:           601932 kB
Shmem:             20220 kB
KReclaimable:     544380 kB
Slab:             318748 kB
SReclaimable:      81480 kB
SUnreclaim:       237268 kB
KernelStack:       49680 kB
ShadowCallStack:   12448 kB
PageTables:        76528 kB
NFS_Unstable:          0 kB
Bounce:                0 kB
WritebackTmp:          0 kB
CommitLimit:     8676852 kB
Committed_AS:   75456884 kB
VmallocTotal:   263061440 kB
VmallocUsed:      131616 kB
VmallocChunk:          0 kB
Percpu:             2448 kB
CmaTotal:         405504 kB
CmaFree:             120 kB
MemTotal:        7916540 kB
MemFree:          181380 kB
MemAvailable:    1379416 kB
Buffers:            2120 kB
Cached:          1066700 kB
SwapCached:        11844 kB
Active:          4510164 kB
Inactive:         381332 kB
Active(anon):    3708236 kB
Inactive(anon):   139376 kB
Active(file):     801928 kB
Inactive(file):   241956 kB
Unevictable:        6368 kB
Mlocked:            5928 kB
SwapTotal:       4718584 kB
SwapFree:        3795048 kB
Dirty:               168 kB
Writeback:             0 kB
AnonPages:       3824032 kB
Mapped:           601892 kB
Shmem:             20220 kB
KReclaimable:     544364 kB
Slab:             318740 kB
SReclaimable:      81480 kB
SUnreclaim:       237260 kB
KernelStack:       49696 kB
ShadowCallStack:   12452 kB
PageTables:        76524 kB
NFS_Unstable:          0 kB
Bounce:                0 kB
WritebackTmp:          0 kB
CommitLimit:     8676852 kB
Committed_AS:   75473268 kB
VmallocTotal:   263061440 kB
VmallocUsed:      131612 kB
VmallocChunk:          0 kB
Percpu:             2448 kB
CmaTotal:         405504 kB
CmaFree:             120 kB
MemTotal:        7916540 kB
MemFree:          177284 kB
MemAvailable:    1375320 kB
Buffers:            2120 kB
Cached:          1066700 kB
SwapCached:        11844 kB
Active:          4515796 kB
Inactive:         381320 kB
Active(anon):    3713868 kB
Inactive(anon):   139364 kB
Active(file):     801928 kB
Inactive(file):   241956 kB
Unevictable:        6368 kB
Mlocked:            5928 kB
SwapTotal:       4718584 kB
SwapFree:        3795048 kB
Dirty:                96 kB
Writeback:             0 kB
AnonPages:       3829724 kB
Mapped:           601828 kB
Shmem:             20220 kB
KReclaimable:     544364 kB
Slab:             318728 kB
SReclaimable:      81480 kB
SUnreclaim:       237248 kB
KernelStack:       49664 kB
ShadowCallStack:   12444 kB
PageTables:        76512 kB
NFS_Unstable:          0 kB
Bounce:                0 kB
WritebackTmp:          0 kB
CommitLimit:     8676852 kB
Committed_AS:   75473268 kB
VmallocTotal:   263061440 kB
VmallocUsed:      131620 kB
VmallocChunk:          0 kB
Percpu:             2448 kB
CmaTotal:         405504 kB
CmaFree:             120 kB
MemTotal:        7916540 kB
MemFree:          172592 kB
MemAvailable:    1370800 kB
Buffers:            2272 kB
Cached:          1066716 kB
SwapCached:        11844 kB
Active:          4520244 kB
Inactive:         381504 kB
Active(anon):    3718316 kB
Inactive(anon):   139376 kB
Active(file):     801928 kB
Inactive(file):   242128 kB
Unevictable:        6368 kB
Mlocked:            5928 kB
SwapTotal:       4718584 kB
SwapFree:        3796072 kB
Dirty:               120 kB
Writeback:             0 kB
AnonPages:       3834188 kB
Mapped:           602036 kB
Shmem:             20220 kB
KReclaimable:     544364 kB
Slab:             318736 kB
SReclaimable:      81480 kB
SUnreclaim:       237256 kB
KernelStack:       49680 kB
ShadowCallStack:   12448 kB
PageTables:        76496 kB
NFS_Unstable:          0 kB
Bounce:                0 kB
WritebackTmp:          0 kB
CommitLimit:     8676852 kB
Committed_AS:   75473268 kB
VmallocTotal:   263061440 kB
VmallocUsed:      131624 kB
VmallocChunk:          0 kB
Percpu:             2448 kB
CmaTotal:         405504 kB
CmaFree:             120 kB
MemTotal:        7916540 kB
MemFree:          173888 kB
MemAvailable:    1363372 kB
Buffers:            2272 kB
Cached:          1059372 kB
SwapCached:        11844 kB
Active:          4526344 kB
Inactive:         373824 kB
Active(anon):    3724084 kB
Inactive(anon):   139376 kB
Active(file):     802260 kB
Inactive(file):   234448 kB
Unevictable:        6368 kB
Mlocked:            5928 kB
SwapTotal:       4718584 kB
SwapFree:        3796072 kB
Dirty:               120 kB
Writeback:             0 kB
AnonPages:       3839972 kB
Mapped:           602044 kB
Shmem:             20220 kB
KReclaimable:     542988 kB
Slab:             318384 kB
SReclaimable:      81128 kB
SUnreclaim:       237256 kB
KernelStack:       49680 kB
ShadowCallStack:   12448 kB
PageTables:        76452 kB
NFS_Unstable:          0 kB
Bounce:                0 kB
WritebackTmp:          0 kB
CommitLimit:     8676852 kB
Committed_AS:   75473272 kB
VmallocTotal:   263061440 kB
VmallocUsed:      131620 kB
VmallocChunk:          0 kB
Percpu:             2448 kB
CmaTotal:         405504 kB
CmaFree:               0 kB
MemTotal:        7916540 kB
MemFree:          169980 kB
MemAvailable:    1354596 kB
Buffers:            2280 kB
Cached:          1055536 kB
SwapCached:        11844 kB
Active:          4536164 kB
Inactive:         369984 kB
Active(anon):    3733904 kB
Inactive(anon):   139364 kB
Active(file):     802260 kB
Inactive(file):   230620 kB
Unevictable:        6368 kB
Mlocked:            5928 kB
SwapTotal:       4718584 kB
SwapFree:        3796072 kB
Dirty:               124 kB
Writeback:             0 kB
AnonPages:       3849832 kB
Mapped:           602132 kB
Shmem:             20220 kB
KReclaimable:     541948 kB
Slab:             318336 kB
SReclaimable:      81128 kB
SUnreclaim:       237208 kB
KernelStack:       49648 kB
ShadowCallStack:   12448 kB
PageTables:        76376 kB
NFS_Unstable:          0 kB
Bounce:                0 kB
WritebackTmp:          0 kB
CommitLimit:     8676852 kB
Committed_AS:   75489652 kB
VmallocTotal:   263061440 kB
VmallocUsed:      131620 kB
VmallocChunk:          0 kB
Percpu:             2448 kB
CmaTotal:         405504 kB
CmaFree:               0 kB
MemTotal:        7916540 kB
MemFree:          172784 kB
MemAvailable:    1348648 kB
Buffers:            2280 kB
Cached:          1047932 kB
SwapCached:        11844 kB
Active:          4541200 kB
Inactive:         362388 kB
Active(anon):    3738940 kB
Inactive(anon):   139372 kB
Active(file):     802260 kB
Inactive(file):   223016 kB
Unevictable:        6368 kB
Mlocked:            5928 kB
SwapTotal:       4718584 kB
SwapFree:        3796072 kB
Dirty:               124 kB
Writeback:             0 kB
AnonPages:       3854752 kB
Mapped:           602008 kB
Shmem:             20220 kB
KReclaimable:     540800 kB
Slab:             318216 kB
SReclaimable:      81004 kB
SUnreclaim:       237212 kB
KernelStack:       49680 kB
ShadowCallStack:   12448 kB
PageTables:        76592 kB
NFS_Unstable:          0 kB
Bounce:                0 kB
WritebackTmp:          0 kB
CommitLimit:     8676852 kB
Committed_AS:   75506036 kB
VmallocTotal:   263061440 kB
VmallocUsed:      131620 kB
VmallocChunk:          0 kB
Percpu:             2448 kB
CmaTotal:         405504 kB
CmaFree:               0 kB
MemTotal:        7916540 kB
MemFree:          169916 kB
MemAvailable:    1345704 kB
Buffers:            2280 kB
Cached:          1047856 kB
SwapCached:        11844 kB
Active:          4544588 kB
Inactive:         362312 kB
Active(anon):    3742328 kB
Inactive(anon):   139372 kB
Active(file):     802260 kB
Inactive(file):   222940 kB
Unevictable:        6368 kB
Mlocked:            5928 kB
SwapTotal:       4718584 kB
SwapFree:        3796072 kB
Dirty:               152 kB
Writeback:             0 kB
AnonPages:       3858208 kB
Mapped:           602052 kB
Shmem:             20220 kB
KReclaimable:     540800 kB
Slab:             318156 kB
SReclaimable:      81004 kB
SUnreclaim:       237152 kB
KernelStack:       49664 kB
ShadowCallStack:   12448 kB
PageTables:        76528 kB
NFS_Unstable:          0 kB
Bounce:                0 kB
WritebackTmp:          0 kB
CommitLimit:     8676852 kB
Committed_AS:   75506036 kB
VmallocTotal:   263061440 kB
VmallocUsed:      131616 kB
VmallocChunk:          0 kB
Percpu:             2448 kB
CmaTotal:         405504 kB
CmaFree:               0 kB
MemTotal:        7916540 kB
MemFree:          172244 kB
MemAvailable:    1340120 kB
Buffers:            2280 kB
Cached:          1040404 kB
SwapCached:        11844 kB
Active:          4549804 kB
Inactive:         354856 kB
Active(anon):    3747544 kB
Inactive(anon):   139368 kB
Active(file):     802260 kB
Inactive(file):   215488 kB
Unevictable:        6368 kB
Mlocked:            5928 kB
SwapTotal:       4718584 kB
SwapFree:        3796072 kB
Dirty:               152 kB
Writeback:             0 kB
AnonPages:       3863384 kB
