MemTotal:        7918588 kB
MemFree:         2586584 kB
MemAvailable:    4328920 kB
Buffers:            6136 kB
Cached:          1653572 kB
SwapCached:        20620 kB
Active:          1829808 kB
Inactive:         671120 kB
Active(anon):     787728 kB
Inactive(anon):    78816 kB
Active(file):    1042080 kB
Inactive(file):   592304 kB
Unevictable:        6348 kB
Mlocked:            5908 kB
SwapTotal:       4718584 kB
SwapFree:        4001924 kB
Dirty:            157448 kB
Writeback:             0 kB
AnonPages:        840320 kB
Mapped:           715564 kB
Shmem:             20708 kB
KReclaimable:     498176 kB
Slab:             324572 kB
SReclaimable:      88440 kB
SUnreclaim:       236132 kB
KernelStack:       49472 kB
ShadowCallStack:   12400 kB
PageTables:        69432 kB
NFS_Unstable:          0 kB
Bounce:                0 kB
WritebackTmp:          0 kB
CommitLimit:     8677876 kB
Committed_AS:   72016064 kB
VmallocTotal:   263061440 kB
VmallocUsed:      133804 kB
VmallocChunk:          0 kB
Percpu:             2472 kB
CmaTotal:         405504 kB
CmaFree:          298924 kB
MemTotal:        7918588 kB
MemFree:         2587708 kB
MemAvailable:    4679000 kB
Buffers:            6172 kB
Cached:          1654040 kB
SwapCached:        20620 kB
Active:          1827384 kB
Inactive:         671296 kB
Active(anon):     785260 kB
Inactive(anon):    78816 kB
Active(file):    1042124 kB
Inactive(file):   592480 kB
Unevictable:        6348 kB
Mlocked:            5908 kB
SwapTotal:       4718584 kB
SwapFree:        4001924 kB
Dirty:            157448 kB
Writeback:             0 kB
AnonPages:        837628 kB
Mapped:           760616 kB
Shmem:             20984 kB
KReclaimable:     846912 kB
Slab:             324596 kB
SReclaimable:      88520 kB
SUnreclaim:       236076 kB
KernelStack:       49936 kB
ShadowCallStack:   12512 kB
PageTables:        69916 kB
NFS_Unstable:          0 kB
Bounce:                0 kB
WritebackTmp:          0 kB
CommitLimit:     8677876 kB
Committed_AS:   72107088 kB
VmallocTotal:   263061440 kB
VmallocUsed:      134332 kB
VmallocChunk:          0 kB
Percpu:             2472 kB
CmaTotal:         405504 kB
CmaFree:          298924 kB
MemTotal:        7918588 kB
MemFree:         2566800 kB
MemAvailable:    4518180 kB
Buffers:            6188 kB
Cached:          1654080 kB
SwapCached:        20620 kB
Active:          1847464 kB
Inactive:         671352 kB
Active(anon):     805340 kB
Inactive(anon):    78820 kB
Active(file):    1042124 kB
Inactive(file):   592532 kB
Unevictable:        6348 kB
Mlocked:            5908 kB
SwapTotal:       4718584 kB
SwapFree:        4001924 kB
Dirty:            157452 kB
Writeback:             0 kB
AnonPages:        857660 kB
Mapped:           768560 kB
Shmem:             20996 kB
KReclaimable:     706948 kB
Slab:             324892 kB
SReclaimable:      88552 kB
SUnreclaim:       236340 kB
KernelStack:       49904 kB
ShadowCallStack:   12508 kB
PageTables:        69896 kB
NFS_Unstable:          0 kB
Bounce:                0 kB
WritebackTmp:          0 kB
CommitLimit:     8677876 kB
Committed_AS:   72127820 kB
VmallocTotal:   263061440 kB
VmallocUsed:      134340 kB
VmallocChunk:          0 kB
Percpu:             2472 kB
CmaTotal:         405504 kB
CmaFree:          298924 kB
MemTotal:        7918588 kB
MemFree:         2561528 kB
MemAvailable:    4512164 kB
Buffers:            6196 kB
Cached:          1654080 kB
SwapCached:        20620 kB
Active:          1851336 kB
Inactive:         671360 kB
Active(anon):     809212 kB
Inactive(anon):    78820 kB
Active(file):    1042124 kB
Inactive(file):   592540 kB
Unevictable:        6348 kB
Mlocked:            5908 kB
SwapTotal:       4718584 kB
SwapFree:        4001924 kB
Dirty:            157452 kB
Writeback:             0 kB
AnonPages:        861528 kB
Mapped:           769192 kB
Shmem:             20996 kB
KReclaimable:     706196 kB
Slab:             325052 kB
SReclaimable:      88568 kB
SUnreclaim:       236484 kB
KernelStack:       49920 kB
ShadowCallStack:   12504 kB
PageTables:        69896 kB
NFS_Unstable:          0 kB
Bounce:                0 kB
WritebackTmp:          0 kB
CommitLimit:     8677876 kB
Committed_AS:   72127820 kB
VmallocTotal:   263061440 kB
VmallocUsed:      134340 kB
VmallocChunk:          0 kB
Percpu:             2472 kB
CmaTotal:         405504 kB
CmaFree:          298924 kB
MemTotal:        7918588 kB
MemFree:         2561304 kB
MemAvailable:    4511932 kB
Buffers:            6220 kB
Cached:          1654120 kB
SwapCached:        20620 kB
Active:          1852768 kB
Inactive:         671400 kB
Active(anon):     810644 kB
Inactive(anon):    78820 kB
Active(file):    1042124 kB
Inactive(file):   592580 kB
Unevictable:        6348 kB
Mlocked:            5908 kB
SwapTotal:       4718584 kB
SwapFree:        4001924 kB
Dirty:            157468 kB
Writeback:             0 kB
AnonPages:        862940 kB
Mapped:           769852 kB
Shmem:             21020 kB
KReclaimable:     706148 kB
Slab:             325004 kB
SReclaimable:      88568 kB
SUnreclaim:       236436 kB
KernelStack:       49872 kB
ShadowCallStack:   12500 kB
PageTables:        69760 kB
NFS_Unstable:          0 kB
Bounce:                0 kB
WritebackTmp:          0 kB
CommitLimit:     8677876 kB
Committed_AS:   72127784 kB
VmallocTotal:   263061440 kB
VmallocUsed:      134336 kB
VmallocChunk:          0 kB
Percpu:             2472 kB
CmaTotal:         405504 kB
CmaFree:          300164 kB
MemTotal:        7918588 kB
MemFree:         2565480 kB
MemAvailable:    4536312 kB
Buffers:            6220 kB
Cached:          1654120 kB
SwapCached:        20620 kB
Active:          1849920 kB
Inactive:         671400 kB
Active(anon):     807796 kB
Inactive(anon):    78820 kB
Active(file):    1042124 kB
Inactive(file):   592580 kB
Unevictable:        6348 kB
Mlocked:            5908 kB
SwapTotal:       4718584 kB
SwapFree:        4001924 kB
Dirty:            156968 kB
Writeback:             0 kB
AnonPages:        860060 kB
Mapped:           769912 kB
Shmem:             21020 kB
KReclaimable:     726352 kB
Slab:             325000 kB
SReclaimable:      88568 kB
SUnreclaim:       236432 kB
KernelStack:       49728 kB
ShadowCallStack:   12456 kB
PageTables:        69852 kB
NFS_Unstable:          0 kB
Bounce:                0 kB
WritebackTmp:          0 kB
CommitLimit:     8677876 kB
Committed_AS:   72127300 kB
VmallocTotal:   263061440 kB
VmallocUsed:      133836 kB
VmallocChunk:          0 kB
Percpu:             2472 kB
CmaTotal:         405504 kB
CmaFree:          300164 kB
MemTotal:        7918588 kB
MemFree:         2544792 kB
MemAvailable:    4515640 kB
Buffers:            6220 kB
Cached:          1654120 kB
SwapCached:        20620 kB
Active:          1871872 kB
Inactive:         671396 kB
Active(anon):     829748 kB
Inactive(anon):    78816 kB
Active(file):    1042124 kB
Inactive(file):   592580 kB
Unevictable:        6348 kB
Mlocked:            5908 kB
SwapTotal:       4718584 kB
SwapFree:        4001924 kB
Dirty:            156984 kB
Writeback:             0 kB
AnonPages:        882216 kB
Mapped:           771548 kB
Shmem:             21020 kB
KReclaimable:     726368 kB
Slab:             324980 kB
SReclaimable:      88584 kB
SUnreclaim:       236396 kB
KernelStack:       49712 kB
ShadowCallStack:   12460 kB
PageTables:        69992 kB
NFS_Unstable:          0 kB
Bounce:                0 kB
WritebackTmp:          0 kB
CommitLimit:     8677876 kB
Committed_AS:   72147632 kB
VmallocTotal:   263061440 kB
VmallocUsed:      133824 kB
VmallocChunk:          0 kB
Percpu:             2472 kB
CmaTotal:         405504 kB
CmaFree:          300164 kB
MemTotal:        7918588 kB
MemFree:         2394204 kB
MemAvailable:    4332172 kB
Buffers:            6224 kB
Cached:          1654120 kB
SwapCached:        20620 kB
Active:          2022564 kB
Inactive:         671400 kB
Active(anon):     980440 kB
Inactive(anon):    78816 kB
Active(file):    1042124 kB
Inactive(file):   592584 kB
Unevictable:        6348 kB
Mlocked:            5908 kB
SwapTotal:       4718584 kB
SwapFree:        4001924 kB
Dirty:            157000 kB
Writeback:             0 kB
AnonPages:       1032712 kB
Mapped:           817832 kB
Shmem:             21020 kB
KReclaimable:     693484 kB
Slab:             325320 kB
SReclaimable:      88600 kB
SUnreclaim:       236720 kB
KernelStack:       49728 kB
ShadowCallStack:   12456 kB
PageTables:        70440 kB
NFS_Unstable:          0 kB
Bounce:                0 kB
WritebackTmp:          0 kB
CommitLimit:     8677876 kB
Committed_AS:   72412812 kB
VmallocTotal:   263061440 kB
VmallocUsed:      133824 kB
VmallocChunk:          0 kB
Percpu:             2472 kB
CmaTotal:         405504 kB
CmaFree:          300164 kB
MemTotal:        7918588 kB
MemFree:         2333092 kB
MemAvailable:    4235880 kB
Buffers:            6224 kB
Cached:          1654140 kB
SwapCached:        20620 kB
Active:          2082536 kB
Inactive:         671428 kB
Active(anon):    1040412 kB
Inactive(anon):    78824 kB
Active(file):    1042124 kB
Inactive(file):   592604 kB
Unevictable:        6348 kB
Mlocked:            5908 kB
SwapTotal:       4718584 kB
SwapFree:        4001924 kB
Dirty:            157008 kB
Writeback:             0 kB
AnonPages:       1092564 kB
Mapped:           857128 kB
Shmem:             21020 kB
KReclaimable:     658284 kB
Slab:             325376 kB
SReclaimable:      88600 kB
SUnreclaim:       236776 kB
KernelStack:       49792 kB
ShadowCallStack:   12472 kB
PageTables:        70720 kB
NFS_Unstable:          0 kB
Bounce:                0 kB
WritebackTmp:          0 kB
CommitLimit:     8677876 kB
Committed_AS:   72513812 kB
VmallocTotal:   263061440 kB
VmallocUsed:      133868 kB
VmallocChunk:          0 kB
Percpu:             2472 kB
CmaTotal:         405504 kB
CmaFree:          300164 kB
MemTotal:        7918588 kB
MemFree:         2274828 kB
MemAvailable:    4128764 kB
Buffers:            6252 kB
Cached:          1654176 kB
SwapCached:        20620 kB
Active:          2139280 kB
Inactive:         671504 kB
Active(anon):    1097156 kB
Inactive(anon):    78836 kB
Active(file):    1042124 kB
Inactive(file):   592668 kB
Unevictable:        6348 kB
Mlocked:            5908 kB
SwapTotal:       4718584 kB
SwapFree:        4001924 kB
Dirty:            157036 kB
Writeback:             0 kB
AnonPages:       1149536 kB
Mapped:           880384 kB
Shmem:             21020 kB
KReclaimable:     609368 kB
Slab:             325580 kB
SReclaimable:      88600 kB
SUnreclaim:       236980 kB
KernelStack:       49840 kB
ShadowCallStack:   12468 kB
PageTables:        70816 kB
NFS_Unstable:          0 kB
Bounce:                0 kB
WritebackTmp:          0 kB
CommitLimit:     8677876 kB
Committed_AS:   72670624 kB
VmallocTotal:   263061440 kB
VmallocUsed:      133924 kB
VmallocChunk:          0 kB
Percpu:             2472 kB
CmaTotal:         405504 kB
CmaFree:          300160 kB
MemTotal:        7918588 kB
MemFree:         2171148 kB
MemAvailable:    4024012 kB
Buffers:            6400 kB
Cached:          1654336 kB
SwapCached:        20620 kB
Active:          2242568 kB
Inactive:         671704 kB
Active(anon):    1200444 kB
Inactive(anon):    78820 kB
Active(file):    1042124 kB
Inactive(file):   592884 kB
Unevictable:        6348 kB
Mlocked:            5908 kB
SwapTotal:       4718584 kB
SwapFree:        4002180 kB
Dirty:             17408 kB
Writeback:             0 kB
AnonPages:       1252664 kB
Mapped:           881864 kB
Shmem:             21112 kB
KReclaimable:     608080 kB
Slab:             325780 kB
SReclaimable:      88600 kB
SUnreclaim:       237180 kB
KernelStack:       49824 kB
ShadowCallStack:   12480 kB
PageTables:        71580 kB
NFS_Unstable:          0 kB
Bounce:                0 kB
WritebackTmp:          0 kB
CommitLimit:     8677876 kB
Committed_AS:   72916396 kB
VmallocTotal:   263061440 kB
VmallocUsed:      133944 kB
VmallocChunk:          0 kB
Percpu:             2472 kB
CmaTotal:         405504 kB
CmaFree:          300164 kB
MemTotal:        7918588 kB
MemFree:         2090956 kB
MemAvailable:    3942828 kB
Buffers:            6400 kB
Cached:          1654272 kB
SwapCached:        20620 kB
Active:          2321824 kB
Inactive:         671704 kB
Active(anon):    1279700 kB
Inactive(anon):    78820 kB
Active(file):    1042124 kB
Inactive(file):   592884 kB
Unevictable:        6348 kB
Mlocked:            5908 kB
SwapTotal:       4718584 kB
SwapFree:        4002180 kB
Dirty:             17412 kB
Writeback:             0 kB
AnonPages:       1332036 kB
Mapped:           882516 kB
Shmem:             21048 kB
KReclaimable:     607088 kB
Slab:             325856 kB
SReclaimable:      88600 kB
SUnreclaim:       237256 kB
KernelStack:       49808 kB
ShadowCallStack:   12476 kB
PageTables:        72028 kB
NFS_Unstable:          0 kB
Bounce:                0 kB
WritebackTmp:          0 kB
CommitLimit:     8677876 kB
Committed_AS:   73129328 kB
VmallocTotal:   263061440 kB
VmallocUsed:      133960 kB
VmallocChunk:          0 kB
Percpu:             2472 kB
CmaTotal:         405504 kB
CmaFree:          300164 kB
MemTotal:        7918588 kB
MemFree:         1999188 kB
MemAvailable:    3850196 kB
Buffers:            6540 kB
Cached:          1654288 kB
SwapCached:        20620 kB
Active:          2412632 kB
Inactive:         671844 kB
Active(anon):    1370508 kB
Inactive(anon):    78816 kB
Active(file):    1042124 kB
Inactive(file):   593028 kB
Unevictable:        6348 kB
Mlocked:            5908 kB
SwapTotal:       4718584 kB
SwapFree:        4002436 kB
Dirty:             17412 kB
Writeback:             0 kB
AnonPages:       1422804 kB
Mapped:           883108 kB
Shmem:             21060 kB
KReclaimable:     606080 kB
Slab:             325972 kB
SReclaimable:      88600 kB
SUnreclaim:       237372 kB
KernelStack:       49776 kB
ShadowCallStack:   12476 kB
PageTables:        72420 kB
NFS_Unstable:          0 kB
Bounce:                0 kB
WritebackTmp:          0 kB
CommitLimit:     8677876 kB
Committed_AS:   73358660 kB
VmallocTotal:   263061440 kB
VmallocUsed:      133936 kB
VmallocChunk:          0 kB
Percpu:             2472 kB
CmaTotal:         405504 kB
CmaFree:          300164 kB
MemTotal:        7918588 kB
MemFree:         1929116 kB
MemAvailable:    3779320 kB
Buffers:            6540 kB
Cached:          1654308 kB
SwapCached:        20620 kB
Active:          2482676 kB
Inactive:         671868 kB
Active(anon):    1440552 kB
Inactive(anon):    78820 kB
Active(file):    1042124 kB
Inactive(file):   593048 kB
Unevictable:        6348 kB
Mlocked:            5908 kB
SwapTotal:       4718584 kB
SwapFree:        4002436 kB
Dirty:             17432 kB
Writeback:             0 kB
AnonPages:       1493004 kB
Mapped:           883856 kB
Shmem:             21060 kB
KReclaimable:     605256 kB
Slab:             325784 kB
SReclaimable:      88632 kB
SUnreclaim:       237152 kB
KernelStack:       49792 kB
ShadowCallStack:   12472 kB
PageTables:        72824 kB
NFS_Unstable:          0 kB
Bounce:                0 kB
WritebackTmp:          0 kB
CommitLimit:     8677876 kB
Committed_AS:   73538840 kB
VmallocTotal:   263061440 kB
VmallocUsed:      133920 kB
VmallocChunk:          0 kB
Percpu:             2472 kB
CmaTotal:         405504 kB
CmaFree:          300164 kB
MemTotal:        7918588 kB
MemFree:         1843620 kB
MemAvailable:    3684420 kB
Buffers:            6564 kB
Cached:          1654324 kB
SwapCached:        20620 kB
Active:          2566476 kB
Inactive:         671900 kB
Active(anon):    1524352 kB
Inactive(anon):    78820 kB
Active(file):    1042124 kB
Inactive(file):   593080 kB
Unevictable:        6348 kB
Mlocked:            5908 kB
SwapTotal:       4718584 kB
SwapFree:        4002436 kB
Dirty:             17504 kB
Writeback:             0 kB
AnonPages:       1576764 kB
Mapped:           882116 kB
Shmem:             21068 kB
KReclaimable:     595820 kB
Slab:             325820 kB
SReclaimable:      88632 kB
SUnreclaim:       237188 kB
KernelStack:       49760 kB
ShadowCallStack:   12472 kB
PageTables:        73056 kB
NFS_Unstable:          0 kB
Bounce:                0 kB
WritebackTmp:          0 kB
CommitLimit:     8677876 kB
Committed_AS:   73719076 kB
VmallocTotal:   263061440 kB
VmallocUsed:      133916 kB
VmallocChunk:          0 kB
Percpu:             2472 kB
CmaTotal:         405504 kB
CmaFree:          305616 kB
MemTotal:        7918588 kB
MemFree:         1777092 kB
MemAvailable:    3616892 kB
Buffers:            6564 kB
Cached:          1654324 kB
SwapCached:        20620 kB
Active:          2633728 kB
Inactive:         671900 kB
Active(anon):    1591604 kB
Inactive(anon):    78820 kB
Active(file):    1042124 kB
Inactive(file):   593080 kB
Unevictable:        6348 kB
Mlocked:            5908 kB
SwapTotal:       4718584 kB
SwapFree:        4002436 kB
Dirty:             17504 kB
Writeback:             0 kB
AnonPages:       1643924 kB
Mapped:           882604 kB
Shmem:             21068 kB
KReclaimable:     594820 kB
Slab:             325764 kB
SReclaimable:      88632 kB
SUnreclaim:       237132 kB
KernelStack:       49792 kB
ShadowCallStack:   12472 kB
PageTables:        73460 kB
NFS_Unstable:          0 kB
Bounce:                0 kB
WritebackTmp:          0 kB
CommitLimit:     8677876 kB
Committed_AS:   73866528 kB
VmallocTotal:   263061440 kB
VmallocUsed:      133908 kB
VmallocChunk:          0 kB
Percpu:             2472 kB
CmaTotal:         405504 kB
CmaFree:          305616 kB
MemTotal:        7918588 kB
MemFree:         1771012 kB
MemAvailable:    3610732 kB
Buffers:            6564 kB
Cached:          1654328 kB
SwapCached:        20620 kB
Active:          2639316 kB
Inactive:         671900 kB
Active(anon):    1597192 kB
Inactive(anon):    78820 kB
Active(file):    1042124 kB
Inactive(file):   593080 kB
Unevictable:        6348 kB
Mlocked:            5908 kB
SwapTotal:       4718584 kB
SwapFree:        4002436 kB
Dirty:             17504 kB
Writeback:             0 kB
AnonPages:       1649464 kB
Mapped:           882800 kB
Shmem:             21072 kB
KReclaimable:     594740 kB
Slab:             325708 kB
SReclaimable:      88632 kB
SUnreclaim:       237076 kB
KernelStack:       49776 kB
ShadowCallStack:   12476 kB
PageTables:        73360 kB
NFS_Unstable:          0 kB
Bounce:                0 kB
WritebackTmp:          0 kB
CommitLimit:     8677876 kB
Committed_AS:   73866536 kB
VmallocTotal:   263061440 kB
VmallocUsed:      133920 kB
VmallocChunk:          0 kB
Percpu:             2472 kB
CmaTotal:         405504 kB
CmaFree:          305616 kB
MemTotal:        7918588 kB
MemFree:         1736220 kB
MemAvailable:    3575396 kB
Buffers:            6572 kB
Cached:          1654328 kB
SwapCached:        20620 kB
Active:          2674048 kB
Inactive:         671908 kB
Active(anon):    1631924 kB
Inactive(anon):    78820 kB
Active(file):    1042124 kB
Inactive(file):   593088 kB
Unevictable:        6348 kB
Mlocked:            5908 kB
SwapTotal:       4718584 kB
SwapFree:        4002436 kB
Dirty:             17504 kB
Writeback:             0 kB
AnonPages:       1684172 kB
Mapped:           883092 kB
Shmem:             21072 kB
KReclaimable:     594188 kB
Slab:             325828 kB
SReclaimable:      88632 kB
SUnreclaim:       237196 kB
KernelStack:       49792 kB
ShadowCallStack:   12472 kB
PageTables:        73632 kB
NFS_Unstable:          0 kB
Bounce:                0 kB
WritebackTmp:          0 kB
CommitLimit:     8677876 kB
Committed_AS:   73964836 kB
VmallocTotal:   263061440 kB
VmallocUsed:      133920 kB
VmallocChunk:          0 kB
Percpu:             2472 kB
CmaTotal:         405504 kB
CmaFree:          305616 kB
MemTotal:        7918588 kB
MemFree:         1676148 kB
MemAvailable:    3395036 kB
Buffers:            6572 kB
Cached:          1654364 kB
SwapCached:        20620 kB
Active:          2733180 kB
Inactive:         671904 kB
Active(anon):    1691056 kB
Inactive(anon):    78816 kB
Active(file):    1042124 kB
Inactive(file):   593088 kB
Unevictable:        6348 kB
Mlocked:            5908 kB
SwapTotal:       4718584 kB
SwapFree:        4002436 kB
Dirty:             17436 kB
Writeback:             0 kB
AnonPages:       1743472 kB
Mapped:           884184 kB
Shmem:             21108 kB
KReclaimable:     473900 kB
Slab:             326028 kB
SReclaimable:      88632 kB
SUnreclaim:       237396 kB
KernelStack:       49920 kB
ShadowCallStack:   12488 kB
PageTables:        73784 kB
NFS_Unstable:          0 kB
Bounce:                0 kB
WritebackTmp:          0 kB
CommitLimit:     8677876 kB
Committed_AS:   74014388 kB
VmallocTotal:   263061440 kB
VmallocUsed:      134076 kB
VmallocChunk:          0 kB
Percpu:             2472 kB
CmaTotal:         405504 kB
CmaFree:          305616 kB
MemTotal:        7918588 kB
MemFree:         1673400 kB
MemAvailable:    3390312 kB
Buffers:            6572 kB
Cached:          1654492 kB
SwapCached:        20620 kB
Active:          2735452 kB
Inactive:         671916 kB
Active(anon):    1693328 kB
Inactive(anon):    78820 kB
Active(file):    1042124 kB
Inactive(file):   593096 kB
Unevictable:        6348 kB
Mlocked:            5908 kB
SwapTotal:       4718584 kB
SwapFree:        4002436 kB
Dirty:             17444 kB
Writeback:             0 kB
AnonPages:       1745432 kB
Mapped:           884492 kB
Shmem:             21228 kB
KReclaimable:     471916 kB
Slab:             325896 kB
SReclaimable:      88632 kB
SUnreclaim:       237264 kB
KernelStack:       49904 kB
ShadowCallStack:   12500 kB
PageTables:        73880 kB
NFS_Unstable:          0 kB
Bounce:                0 kB
WritebackTmp:          0 kB
CommitLimit:     8677876 kB
Committed_AS:   74014384 kB
VmallocTotal:   263061440 kB
VmallocUsed:      134076 kB
VmallocChunk:          0 kB
Percpu:             2472 kB
CmaTotal:         405504 kB
CmaFree:          305616 kB
MemTotal:        7918588 kB
MemFree:         1657000 kB
MemAvailable:    3494696 kB
Buffers:            6580 kB
Cached:          1654336 kB
SwapCached:        20624 kB
Active:          2751492 kB
Inactive:         671924 kB
Active(anon):    1709368 kB
Inactive(anon):    78820 kB
Active(file):    1042124 kB
Inactive(file):   593104 kB
Unevictable:        6348 kB
Mlocked:            5908 kB
SwapTotal:       4718584 kB
SwapFree:        4002436 kB
Dirty:             17444 kB
Writeback:             0 kB
AnonPages:       1761600 kB
Mapped:           884356 kB
Shmem:             21072 kB
KReclaimable:     592692 kB
Slab:             325964 kB
SReclaimable:      88648 kB
SUnreclaim:       237316 kB
KernelStack:       49760 kB
ShadowCallStack:   12472 kB
PageTables:        73852 kB
NFS_Unstable:          0 kB
Bounce:                0 kB
WritebackTmp:          0 kB
CommitLimit:     8677876 kB
Committed_AS:   74145060 kB
VmallocTotal:   263061440 kB
VmallocUsed:      133904 kB
VmallocChunk:          0 kB
Percpu:             2472 kB
CmaTotal:         405504 kB
CmaFree:          305616 kB
MemTotal:        7918588 kB
MemFree:         1655852 kB
MemAvailable:    3493548 kB
Buffers:            6580 kB
Cached:          1654340 kB
SwapCached:        20624 kB
Active:          2752344 kB
Inactive:         671924 kB
Active(anon):    1710220 kB
Inactive(anon):    78820 kB
Active(file):    1042124 kB
Inactive(file):   593104 kB
Unevictable:        6348 kB
Mlocked:            5908 kB
SwapTotal:       4718584 kB
SwapFree:        4002436 kB
Dirty:             17444 kB
Writeback:             0 kB
AnonPages:       1762492 kB
Mapped:           884216 kB
Shmem:             21076 kB
KReclaimable:     592692 kB
Slab:             325996 kB
SReclaimable:      88648 kB
SUnreclaim:       237348 kB
KernelStack:       49792 kB
ShadowCallStack:   12472 kB
PageTables:        74012 kB
NFS_Unstable:          0 kB
Bounce:                0 kB
WritebackTmp:          0 kB
CommitLimit:     8677876 kB
Committed_AS:   74145064 kB
VmallocTotal:   263061440 kB
VmallocUsed:      133920 kB
VmallocChunk:          0 kB
Percpu:             2472 kB
CmaTotal:         405504 kB
CmaFree:          305616 kB
MemTotal:        7918588 kB
MemFree:         1639936 kB
MemAvailable:    3477440 kB
Buffers:            6580 kB
Cached:          1654340 kB
SwapCached:        20624 kB
Active:          2769320 kB
Inactive:         671924 kB
Active(anon):    1727196 kB
Inactive(anon):    78820 kB
Active(file):    1042124 kB
Inactive(file):   593104 kB
Unevictable:        6348 kB
Mlocked:            5908 kB
SwapTotal:       4718584 kB
SwapFree:        4002436 kB
Dirty:             17444 kB
Writeback:             0 kB
AnonPages:       1779516 kB
Mapped:           884400 kB
Shmem:             21076 kB
KReclaimable:     592500 kB
Slab:             325996 kB
SReclaimable:      88648 kB
SUnreclaim:       237348 kB
KernelStack:       49760 kB
ShadowCallStack:   12464 kB
PageTables:        74104 kB
NFS_Unstable:          0 kB
Bounce:                0 kB
WritebackTmp:          0 kB
CommitLimit:     8677876 kB
Committed_AS:   74194164 kB
VmallocTotal:   263061440 kB
VmallocUsed:      133892 kB
VmallocChunk:          0 kB
Percpu:             2472 kB
CmaTotal:         405504 kB
CmaFree:          305616 kB
MemTotal:        7918588 kB
MemFree:         1601600 kB
MemAvailable:    3438352 kB
Buffers:            6580 kB
Cached:          1654340 kB
SwapCached:        20624 kB
Active:          2807044 kB
Inactive:         671924 kB
Active(anon):    1764920 kB
Inactive(anon):    78820 kB
Active(file):    1042124 kB
Inactive(file):   593104 kB
Unevictable:        6348 kB
Mlocked:            5908 kB
SwapTotal:       4718584 kB
SwapFree:        4002436 kB
Dirty:             17444 kB
Writeback:             0 kB
AnonPages:       1817232 kB
Mapped:           884840 kB
Shmem:             21076 kB
KReclaimable:     591748 kB
Slab:             326040 kB
SReclaimable:      88664 kB
SUnreclaim:       237376 kB
KernelStack:       49792 kB
ShadowCallStack:   12480 kB
PageTables:        74336 kB
NFS_Unstable:          0 kB
Bounce:                0 kB
WritebackTmp:          0 kB
CommitLimit:     8677876 kB
Committed_AS:   74305500 kB
VmallocTotal:   263061440 kB
VmallocUsed:      133968 kB
VmallocChunk:          0 kB
Percpu:             2472 kB
CmaTotal:         405504 kB
CmaFree:          305616 kB
MemTotal:        7918588 kB
MemFree:         1598292 kB
MemAvailable:    3435060 kB
Buffers:            6604 kB
Cached:          1654340 kB
SwapCached:        20624 kB
Active:          2810204 kB
Inactive:         671944 kB
Active(anon):    1768080 kB
Inactive(anon):    78824 kB
Active(file):    1042124 kB
Inactive(file):   593120 kB
Unevictable:        6348 kB
Mlocked:            5908 kB
SwapTotal:       4718584 kB
SwapFree:        4002436 kB
Dirty:             17452 kB
Writeback:             0 kB
AnonPages:       1820224 kB
Mapped:           884916 kB
Shmem:             21084 kB
KReclaimable:     591748 kB
Slab:             325912 kB
SReclaimable:      88664 kB
SUnreclaim:       237248 kB
KernelStack:       49808 kB
ShadowCallStack:   12484 kB
PageTables:        74372 kB
NFS_Unstable:          0 kB
Bounce:                0 kB
WritebackTmp:          0 kB
CommitLimit:     8677876 kB
Committed_AS:   74305508 kB
VmallocTotal:   263061440 kB
VmallocUsed:      133960 kB
VmallocChunk:          0 kB
Percpu:             2472 kB
CmaTotal:         405504 kB
CmaFree:          305616 kB
MemTotal:        7918588 kB
MemFree:         1564004 kB
MemAvailable:    3400260 kB
Buffers:            6604 kB
Cached:          1654356 kB
SwapCached:        20624 kB
Active:          2843260 kB
Inactive:         671960 kB
Active(anon):    1801136 kB
Inactive(anon):    78824 kB
Active(file):    1042124 kB
Inactive(file):   593136 kB
Unevictable:        6348 kB
Mlocked:            5908 kB
SwapTotal:       4718584 kB
SwapFree:        4002436 kB
Dirty:             17452 kB
Writeback:             0 kB
AnonPages:       1853424 kB
Mapped:           885108 kB
Shmem:             21084 kB
KReclaimable:     591220 kB
Slab:             326104 kB
SReclaimable:      88664 kB
SUnreclaim:       237440 kB
KernelStack:       49824 kB
ShadowCallStack:   12480 kB
PageTables:        74584 kB
NFS_Unstable:          0 kB
Bounce:                0 kB
WritebackTmp:          0 kB
CommitLimit:     8677876 kB
Committed_AS:   74387428 kB
VmallocTotal:   263061440 kB
VmallocUsed:      133956 kB
VmallocChunk:          0 kB
Percpu:             2472 kB
CmaTotal:         405504 kB
CmaFree:          305616 kB
MemTotal:        7918588 kB
MemFree:         1541884 kB
MemAvailable:    3377676 kB
Buffers:            6604 kB
Cached:          1654356 kB
SwapCached:        20624 kB
Active:          2866984 kB
Inactive:         671964 kB
Active(anon):    1824860 kB
Inactive(anon):    78828 kB
Active(file):    1042124 kB
Inactive(file):   593136 kB
Unevictable:        6348 kB
Mlocked:            5908 kB
SwapTotal:       4718584 kB
SwapFree:        4002436 kB
Dirty:             17452 kB
Writeback:             0 kB
AnonPages:       1877044 kB
Mapped:           885376 kB
Shmem:             21084 kB
KReclaimable:     590756 kB
Slab:             326164 kB
SReclaimable:      88664 kB
SUnreclaim:       237500 kB
KernelStack:       49856 kB
ShadowCallStack:   12476 kB
PageTables:        74568 kB
NFS_Unstable:          0 kB
Bounce:                0 kB
WritebackTmp:          0 kB
CommitLimit:     8677876 kB
Committed_AS:   74436580 kB
VmallocTotal:   263061440 kB
VmallocUsed:      133952 kB
VmallocChunk:          0 kB
Percpu:             2472 kB
CmaTotal:         405504 kB
CmaFree:          305616 kB
MemTotal:        7918588 kB
MemFree:         1539576 kB
MemAvailable:    3375256 kB
Buffers:            6604 kB
Cached:          1654356 kB
SwapCached:        20624 kB
Active:          2868436 kB
Inactive:         671960 kB
Active(anon):    1826312 kB
Inactive(anon):    78824 kB
Active(file):    1042124 kB
Inactive(file):   593136 kB
Unevictable:        6348 kB
Mlocked:            5908 kB
SwapTotal:       4718584 kB
SwapFree:        4002436 kB
Dirty:             17452 kB
Writeback:             0 kB
AnonPages:       1878572 kB
Mapped:           885596 kB
Shmem:             21084 kB
KReclaimable:     590644 kB
Slab:             326188 kB
SReclaimable:      88664 kB
SUnreclaim:       237524 kB
KernelStack:       49824 kB
ShadowCallStack:   12480 kB
PageTables:        74672 kB
NFS_Unstable:          0 kB
Bounce:                0 kB
WritebackTmp:          0 kB
CommitLimit:     8677876 kB
Committed_AS:   74436580 kB
VmallocTotal:   263061440 kB
VmallocUsed:      133940 kB
VmallocChunk:          0 kB
Percpu:             2472 kB
CmaTotal:         405504 kB
CmaFree:          305616 kB
MemTotal:        7918588 kB
MemFree:         1481300 kB
MemAvailable:    3317092 kB
Buffers:            6660 kB
Cached:          1654432 kB
SwapCached:        20624 kB
Active:          2926620 kB
Inactive:         672016 kB
Active(anon):    1884432 kB
Inactive(anon):    78824 kB
Active(file):    1042188 kB
Inactive(file):   593192 kB
Unevictable:        6348 kB
Mlocked:            5908 kB
SwapTotal:       4718584 kB
SwapFree:        4002436 kB
Dirty:             17452 kB
Writeback:             0 kB
AnonPages:       1936712 kB
Mapped:           888164 kB
Shmem:             21096 kB
KReclaimable:     590636 kB
Slab:             326796 kB
SReclaimable:      89320 kB
SUnreclaim:       237476 kB
KernelStack:       49824 kB
ShadowCallStack:   12488 kB
PageTables:        75080 kB
NFS_Unstable:          0 kB
Bounce:                0 kB
WritebackTmp:          0 kB
CommitLimit:     8677876 kB
Committed_AS:   74556388 kB
VmallocTotal:   263061440 kB
VmallocUsed:      133956 kB
VmallocChunk:          0 kB
Percpu:             2472 kB
CmaTotal:         405504 kB
CmaFree:          305616 kB
MemTotal:        7918588 kB
MemFree:         1477608 kB
MemAvailable:    3313328 kB
Buffers:            6660 kB
Cached:          1654440 kB
SwapCached:        20624 kB
Active:          2929564 kB
Inactive:         672024 kB
Active(anon):    1887376 kB
Inactive(anon):    78824 kB
Active(file):    1042188 kB
Inactive(file):   593200 kB
Unevictable:        6348 kB
Mlocked:            5908 kB
SwapTotal:       4718584 kB
SwapFree:        4002436 kB
Dirty:             17460 kB
Writeback:             0 kB
AnonPages:       1939792 kB
Mapped:           888048 kB
Shmem:             21096 kB
KReclaimable:     590556 kB
Slab:             326720 kB
SReclaimable:      89320 kB
SUnreclaim:       237400 kB
KernelStack:       49808 kB
ShadowCallStack:   12476 kB
PageTables:        74908 kB
NFS_Unstable:          0 kB
Bounce:                0 kB
WritebackTmp:          0 kB
CommitLimit:     8677876 kB
Committed_AS:   74556392 kB
VmallocTotal:   263061440 kB
VmallocUsed:      133940 kB
VmallocChunk:          0 kB
Percpu:             2472 kB
CmaTotal:         405504 kB
CmaFree:          305616 kB
MemTotal:        7918588 kB
MemFree:         1463248 kB
MemAvailable:    3298848 kB
Buffers:            6660 kB
Cached:          1654440 kB
SwapCached:        20624 kB
Active:          2944492 kB
Inactive:         672024 kB
Active(anon):    1902304 kB
Inactive(anon):    78824 kB
Active(file):    1042188 kB
Inactive(file):   593200 kB
Unevictable:        6348 kB
Mlocked:            5908 kB
SwapTotal:       4718584 kB
SwapFree:        4002692 kB
Dirty:             17460 kB
Writeback:             0 kB
AnonPages:       1954560 kB
Mapped:           888252 kB
Shmem:             21096 kB
KReclaimable:     590436 kB
Slab:             326896 kB
SReclaimable:      89352 kB
SUnreclaim:       237544 kB
KernelStack:       49824 kB
ShadowCallStack:   12480 kB
PageTables:        74980 kB
NFS_Unstable:          0 kB
Bounce:                0 kB
WritebackTmp:          0 kB
CommitLimit:     8677876 kB
Committed_AS:   74605540 kB
VmallocTotal:   263061440 kB
VmallocUsed:      133952 kB
VmallocChunk:          0 kB
Percpu:             2472 kB
CmaTotal:         405504 kB
CmaFree:          305616 kB
MemTotal:        7918588 kB
MemFree:         1421672 kB
MemAvailable:    3256536 kB
Buffers:            6668 kB
Cached:          1654440 kB
SwapCached:        20624 kB
Active:          2986236 kB
Inactive:         672032 kB
Active(anon):    1944048 kB
Inactive(anon):    78824 kB
Active(file):    1042188 kB
Inactive(file):   593208 kB
Unevictable:        6348 kB
Mlocked:            5908 kB
SwapTotal:       4718584 kB
SwapFree:        4002692 kB
Dirty:               388 kB
Writeback:             0 kB
AnonPages:       1996248 kB
Mapped:           888756 kB
Shmem:             21096 kB
KReclaimable:     589692 kB
Slab:             326884 kB
SReclaimable:      89352 kB
SUnreclaim:       237532 kB
KernelStack:       49792 kB
ShadowCallStack:   12480 kB
PageTables:        75024 kB
NFS_Unstable:          0 kB
Bounce:                0 kB
WritebackTmp:          0 kB
CommitLimit:     8677876 kB
Committed_AS:   74703844 kB
VmallocTotal:   263061440 kB
VmallocUsed:      133960 kB
VmallocChunk:          0 kB
Percpu:             2472 kB
CmaTotal:         405504 kB
CmaFree:          305616 kB
MemTotal:        7918588 kB
MemFree:         1420204 kB
MemAvailable:    3255060 kB
Buffers:            6676 kB
Cached:          1654448 kB
SwapCached:        20624 kB
Active:          2986072 kB
Inactive:         672040 kB
Active(anon):    1943884 kB
Inactive(anon):    78824 kB
Active(file):    1042188 kB
Inactive(file):   593216 kB
Unevictable:        6348 kB
Mlocked:            5908 kB
SwapTotal:       4718584 kB
SwapFree:        4002692 kB
Dirty:               452 kB
Writeback:             0 kB
AnonPages:       1995992 kB
Mapped:           888664 kB
Shmem:             21104 kB
KReclaimable:     589676 kB
Slab:             326892 kB
SReclaimable:      89336 kB
SUnreclaim:       237556 kB
KernelStack:       49664 kB
ShadowCallStack:   12448 kB
PageTables:        75300 kB
NFS_Unstable:          0 kB
Bounce:                0 kB
WritebackTmp:          0 kB
CommitLimit:     8677876 kB
Committed_AS:   74703332 kB
VmallocTotal:   263061440 kB
VmallocUsed:      133760 kB
VmallocChunk:          0 kB
Percpu:             2472 kB
CmaTotal:         405504 kB
CmaFree:          305616 kB
MemTotal:        7918588 kB
MemFree:         1387164 kB
MemAvailable:    3221540 kB
Buffers:            6676 kB
Cached:          1654448 kB
SwapCached:        20624 kB
Active:          3020788 kB
Inactive:         672040 kB
Active(anon):    1978600 kB
Inactive(anon):    78824 kB
Active(file):    1042188 kB
Inactive(file):   593216 kB
Unevictable:        6348 kB
Mlocked:            5908 kB
SwapTotal:       4718584 kB
SwapFree:        4002692 kB
Dirty:               452 kB
Writeback:             0 kB
AnonPages:       2030884 kB
Mapped:           889080 kB
Shmem:             21104 kB
KReclaimable:     589196 kB
Slab:             326920 kB
SReclaimable:      89336 kB
SUnreclaim:       237584 kB
KernelStack:       49632 kB
ShadowCallStack:   12432 kB
PageTables:        75356 kB
NFS_Unstable:          0 kB
Bounce:                0 kB
WritebackTmp:          0 kB
CommitLimit:     8677876 kB
Committed_AS:   74801532 kB
VmallocTotal:   263061440 kB
VmallocUsed:      133720 kB
VmallocChunk:          0 kB
Percpu:             2472 kB
CmaTotal:         405504 kB
CmaFree:          305616 kB
MemTotal:        7918588 kB
MemFree:         1365480 kB
MemAvailable:    3199480 kB
Buffers:            6676 kB
Cached:          1654456 kB
SwapCached:        20624 kB
Active:          3042064 kB
Inactive:         672044 kB
Active(anon):    1999876 kB
Inactive(anon):    78820 kB
Active(file):    1042188 kB
Inactive(file):   593224 kB
Unevictable:        6348 kB
Mlocked:            5908 kB
SwapTotal:       4718584 kB
SwapFree:        4002692 kB
Dirty:               460 kB
Writeback:             0 kB
AnonPages:       2052132 kB
Mapped:           889132 kB
Shmem:             21104 kB
KReclaimable:     588812 kB
Slab:             326832 kB
SReclaimable:      89336 kB
SUnreclaim:       237496 kB
KernelStack:       49632 kB
ShadowCallStack:   12432 kB
PageTables:        75592 kB
NFS_Unstable:          0 kB
Bounce:                0 kB
WritebackTmp:          0 kB
CommitLimit:     8677876 kB
Committed_AS:   74834304 kB
VmallocTotal:   263061440 kB
VmallocUsed:      133712 kB
VmallocChunk:          0 kB
Percpu:             2472 kB
CmaTotal:         405504 kB
CmaFree:          305616 kB
MemTotal:        7918588 kB
MemFree:         1363688 kB
MemAvailable:    3197568 kB
Buffers:            6700 kB
Cached:          1654456 kB
SwapCached:        20624 kB
Active:          3043044 kB
Inactive:         672072 kB
Active(anon):    2000856 kB
Inactive(anon):    78824 kB
Active(file):    1042188 kB
Inactive(file):   593248 kB
Unevictable:        6348 kB
Mlocked:            5908 kB
SwapTotal:       4718584 kB
SwapFree:        4002692 kB
Dirty:               488 kB
Writeback:             0 kB
AnonPages:       2053120 kB
Mapped:           889424 kB
Shmem:             21104 kB
KReclaimable:     588668 kB
Slab:             326776 kB
SReclaimable:      89352 kB
SUnreclaim:       237424 kB
KernelStack:       49616 kB
ShadowCallStack:   12428 kB
PageTables:        75412 kB
NFS_Unstable:          0 kB
Bounce:                0 kB
WritebackTmp:          0 kB
CommitLimit:     8677876 kB
Committed_AS:   74834304 kB
VmallocTotal:   263061440 kB
VmallocUsed:      133720 kB
VmallocChunk:          0 kB
Percpu:             2472 kB
CmaTotal:         405504 kB
CmaFree:          305616 kB
MemTotal:        7918588 kB
MemFree:         1313272 kB
MemAvailable:    3146504 kB
Buffers:            6700 kB
Cached:          1654460 kB
SwapCached:        20624 kB
Active:          3094516 kB
Inactive:         672068 kB
Active(anon):    2052328 kB
Inactive(anon):    78820 kB
Active(file):    1042188 kB
Inactive(file):   593248 kB
Unevictable:        6348 kB
Mlocked:            5908 kB
SwapTotal:       4718584 kB
SwapFree:        4002692 kB
Dirty:               488 kB
Writeback:             0 kB
AnonPages:       2104520 kB
Mapped:           889800 kB
Shmem:             21108 kB
KReclaimable:     588020 kB
Slab:             326840 kB
SReclaimable:      89352 kB
SUnreclaim:       237488 kB
KernelStack:       49616 kB
ShadowCallStack:   12428 kB
PageTables:        75640 kB
NFS_Unstable:          0 kB
Bounce:                0 kB
WritebackTmp:          0 kB
CommitLimit:     8677876 kB
Committed_AS:   74965376 kB
VmallocTotal:   263061440 kB
VmallocUsed:      133720 kB
VmallocChunk:          0 kB
Percpu:             2472 kB
CmaTotal:         405504 kB
CmaFree:          300776 kB
MemTotal:        7918588 kB
MemFree:         1310524 kB
MemAvailable:    3143620 kB
Buffers:            6700 kB
Cached:          1654460 kB
SwapCached:        20624 kB
Active:          3097984 kB
Inactive:         672072 kB
Active(anon):    2055796 kB
Inactive(anon):    78824 kB
Active(file):    1042188 kB
Inactive(file):   593248 kB
Unevictable:        6348 kB
Mlocked:            5908 kB
SwapTotal:       4718584 kB
SwapFree:        4002692 kB
Dirty:               488 kB
Writeback:             0 kB
AnonPages:       2108040 kB
Mapped:           889904 kB
Shmem:             21108 kB
KReclaimable:     587884 kB
Slab:             326896 kB
SReclaimable:      89352 kB
SUnreclaim:       237544 kB
KernelStack:       49600 kB
ShadowCallStack:   12424 kB
PageTables:        75676 kB
NFS_Unstable:          0 kB
Bounce:                0 kB
WritebackTmp:          0 kB
CommitLimit:     8677876 kB
Committed_AS:   74965272 kB
VmallocTotal:   263061440 kB
VmallocUsed:      133664 kB
VmallocChunk:          0 kB
Percpu:             2472 kB
CmaTotal:         405504 kB
CmaFree:          297092 kB
MemTotal:        7918588 kB
MemFree:         1293380 kB
MemAvailable:    3126204 kB
Buffers:            6700 kB
Cached:          1654556 kB
SwapCached:        20624 kB
Active:          3114720 kB
Inactive:         672168 kB
Active(anon):    2072532 kB
Inactive(anon):    78824 kB
Active(file):    1042188 kB
Inactive(file):   593344 kB
Unevictable:        6348 kB
Mlocked:            5908 kB
SwapTotal:       4718584 kB
SwapFree:        4002692 kB
Dirty:               568 kB
Writeback:             0 kB
AnonPages:       2124788 kB
Mapped:           890032 kB
Shmem:             21108 kB
KReclaimable:     587516 kB
Slab:             326972 kB
SReclaimable:      89352 kB
SUnreclaim:       237620 kB
KernelStack:       49600 kB
ShadowCallStack:   12428 kB
PageTables:        75776 kB
NFS_Unstable:          0 kB
Bounce:                0 kB
WritebackTmp:          0 kB
CommitLimit:     8677876 kB
Committed_AS:   75014424 kB
VmallocTotal:   263061440 kB
VmallocUsed:      133680 kB
VmallocChunk:          0 kB
Percpu:             2472 kB
CmaTotal:         405504 kB
CmaFree:          279944 kB
MemTotal:        7918588 kB
MemFree:         1253508 kB
MemAvailable:    3085900 kB
Buffers:            6700 kB
Cached:          1654564 kB
SwapCached:        20624 kB
Active:          3153932 kB
Inactive:         672168 kB
Active(anon):    2111744 kB
Inactive(anon):    78816 kB
Active(file):    1042188 kB
Inactive(file):   593352 kB
Unevictable:        6348 kB
Mlocked:            5908 kB
SwapTotal:       4718584 kB
SwapFree:        4002692 kB
Dirty:               636 kB
Writeback:             0 kB
AnonPages:       2163796 kB
Mapped:           890240 kB
Shmem:             21108 kB
KReclaimable:     587076 kB
Slab:             326988 kB
SReclaimable:      89352 kB
SUnreclaim:       237636 kB
KernelStack:       49584 kB
ShadowCallStack:   12428 kB
PageTables:        75988 kB
NFS_Unstable:          0 kB
Bounce:                0 kB
WritebackTmp:          0 kB
CommitLimit:     8677876 kB
Committed_AS:   75096400 kB
VmallocTotal:   263061440 kB
VmallocUsed:      133668 kB
VmallocChunk:          0 kB
Percpu:             2472 kB
CmaTotal:         405504 kB
CmaFree:          240352 kB
MemTotal:        7918588 kB
MemFree:         1213828 kB
MemAvailable:    2924792 kB
Buffers:            6712 kB
Cached:          1654860 kB
SwapCached:        20624 kB
Active:          3193984 kB
Inactive:         672364 kB
Active(anon):    2151796 kB
Inactive(anon):    78816 kB
Active(file):    1042188 kB
Inactive(file):   593548 kB
Unevictable:        6348 kB
Mlocked:            5908 kB
SwapTotal:       4718584 kB
SwapFree:        4002692 kB
Dirty:               716 kB
Writeback:             0 kB
AnonPages:       2203880 kB
Mapped:           893380 kB
Shmem:             21220 kB
KReclaimable:     465452 kB
Slab:             326976 kB
SReclaimable:      89304 kB
SUnreclaim:       237672 kB
KernelStack:       49728 kB
ShadowCallStack:   12464 kB
PageTables:        76072 kB
NFS_Unstable:          0 kB
Bounce:                0 kB
WritebackTmp:          0 kB
CommitLimit:     8677876 kB
Committed_AS:   75096792 kB
VmallocTotal:   263061440 kB
VmallocUsed:      133856 kB
VmallocChunk:          0 kB
Percpu:             2472 kB
CmaTotal:         405504 kB
CmaFree:          200572 kB
MemTotal:        7918588 kB
MemFree:         1196600 kB
MemAvailable:    3006572 kB
Buffers:            6736 kB
Cached:          1655136 kB
SwapCached:        20624 kB
Active:          3206760 kB
Inactive:         672436 kB
Active(anon):    2164572 kB
Inactive(anon):    78816 kB
Active(file):    1042188 kB
Inactive(file):   593620 kB
Unevictable:        6348 kB
Mlocked:            5908 kB
SwapTotal:       4718584 kB
SwapFree:        4002948 kB
Dirty:               336 kB
Writeback:             0 kB
AnonPages:       2216568 kB
Mapped:           893036 kB
Shmem:             21448 kB
KReclaimable:     564388 kB
Slab:             326976 kB
SReclaimable:      89304 kB
SUnreclaim:       237672 kB
KernelStack:       49856 kB
ShadowCallStack:   12488 kB
PageTables:        76184 kB
NFS_Unstable:          0 kB
Bounce:                0 kB
WritebackTmp:          0 kB
CommitLimit:     8677876 kB
Committed_AS:   75195940 kB
VmallocTotal:   263061440 kB
VmallocUsed:      133964 kB
VmallocChunk:          0 kB
Percpu:             2472 kB
CmaTotal:         405504 kB
CmaFree:          185312 kB
MemTotal:        7918588 kB
MemFree:         2424760 kB
MemAvailable:    4390552 kB
Buffers:            7024 kB
Cached:          1656092 kB
SwapCached:        20624 kB
Active:          1988640 kB
Inactive:         673824 kB
Active(anon):     946452 kB
Inactive(anon):    78816 kB
Active(file):    1042188 kB
Inactive(file):   595008 kB
Unevictable:        6348 kB
Mlocked:            5908 kB
SwapTotal:       4718584 kB
SwapFree:        4003460 kB
Dirty:              1780 kB
Writeback:             0 kB
AnonPages:        998188 kB
Mapped:           689776 kB
Shmem:             21304 kB
KReclaimable:     718820 kB
Slab:             325516 kB
SReclaimable:      89304 kB
SUnreclaim:       236212 kB
KernelStack:       49328 kB
ShadowCallStack:   12364 kB
PageTables:        68604 kB
NFS_Unstable:          0 kB
Bounce:                0 kB
WritebackTmp:          0 kB
CommitLimit:     8677876 kB
Committed_AS:   70500600 kB
VmallocTotal:   263061440 kB
VmallocUsed:      133576 kB
VmallocChunk:          0 kB
Percpu:             2472 kB
CmaTotal:         405504 kB
CmaFree:          119836 kB
MemTotal:        7918588 kB
MemFree:         2412772 kB
MemAvailable:    4300328 kB
Buffers:            7092 kB
Cached:          1655108 kB
SwapCached:        20624 kB
Active:          1997668 kB
Inactive:         673060 kB
Active(anon):     955468 kB
Inactive(anon):    78816 kB
Active(file):    1042200 kB
Inactive(file):   594244 kB
Unevictable:        6348 kB
Mlocked:            5908 kB
SwapTotal:       4718584 kB
SwapFree:        4003460 kB
Dirty:               944 kB
Writeback:            12 kB
AnonPages:       1007780 kB
Mapped:           659552 kB
Shmem:             21140 kB
KReclaimable:     641336 kB
Slab:             325444 kB
SReclaimable:      89304 kB
SUnreclaim:       236140 kB
KernelStack:       49536 kB
ShadowCallStack:   12420 kB
PageTables:        69804 kB
NFS_Unstable:          0 kB
Bounce:                0 kB
WritebackTmp:          0 kB
CommitLimit:     8677876 kB
Committed_AS:   71827292 kB
VmallocTotal:   263061440 kB
VmallocUsed:      133868 kB
VmallocChunk:          0 kB
Percpu:             2472 kB
CmaTotal:         405504 kB
CmaFree:          126208 kB
MemTotal:        7918588 kB
MemFree:         2286332 kB
MemAvailable:    4036972 kB
Buffers:            7164 kB
Cached:          1655168 kB
SwapCached:        20624 kB
Active:          2099444 kB
Inactive:         673196 kB
Active(anon):    1057244 kB
Inactive(anon):    78812 kB
Active(file):    1042200 kB
Inactive(file):   594384 kB
Unevictable:        6348 kB
Mlocked:            5908 kB
SwapTotal:       4718584 kB
SwapFree:        4003716 kB
Dirty:              1052 kB
Writeback:             0 kB
AnonPages:       1109648 kB
Mapped:           862920 kB
Shmem:             21132 kB
KReclaimable:     504280 kB
Slab:             325828 kB
SReclaimable:      89304 kB
SUnreclaim:       236524 kB
KernelStack:       49536 kB
ShadowCallStack:   12420 kB
PageTables:        69884 kB
NFS_Unstable:          0 kB
Bounce:                0 kB
WritebackTmp:          0 kB
CommitLimit:     8677876 kB
Committed_AS:   71996848 kB
VmallocTotal:   263061440 kB
VmallocUsed:      133820 kB
VmallocChunk:          0 kB
Percpu:             2472 kB
CmaTotal:         405504 kB
CmaFree:          129300 kB
MemTotal:        7918588 kB
MemFree:         2383444 kB
MemAvailable:    4696624 kB
Buffers:            7204 kB
Cached:          1655472 kB
SwapCached:        20624 kB
Active:          1871384 kB
Inactive:         673304 kB
Active(anon):     829184 kB
Inactive(anon):    78812 kB
Active(file):    1042200 kB
Inactive(file):   594492 kB
Unevictable:        6348 kB
Mlocked:            5908 kB
SwapTotal:       4718584 kB
SwapFree:        4003716 kB
Dirty:              1120 kB
Writeback:             0 kB
AnonPages:        881136 kB
Mapped:           762700 kB
Shmem:             21368 kB
KReclaimable:    1066712 kB
Slab:             325532 kB
SReclaimable:      89272 kB
SUnreclaim:       236260 kB
KernelStack:       50128 kB
ShadowCallStack:   12564 kB
PageTables:        70176 kB
NFS_Unstable:          0 kB
Bounce:                0 kB
WritebackTmp:          0 kB
CommitLimit:     8677876 kB
Committed_AS:   72135592 kB
VmallocTotal:   263061440 kB
VmallocUsed:      134608 kB
VmallocChunk:          0 kB
Percpu:             2472 kB
CmaTotal:         405504 kB
CmaFree:          288896 kB
MemTotal:        7918588 kB
MemFree:         2358400 kB
MemAvailable:    4455356 kB
Buffers:            7236 kB
Cached:          1655668 kB
SwapCached:        20624 kB
Active:          1894920 kB
Inactive:         673492 kB
Active(anon):     852720 kB
Inactive(anon):    78812 kB
Active(file):    1042200 kB
Inactive(file):   594680 kB
Unevictable:        6348 kB
Mlocked:            5908 kB
SwapTotal:       4718584 kB
SwapFree:        4003972 kB
Dirty:              1196 kB
Writeback:             0 kB
AnonPages:        904608 kB
Mapped:           773964 kB
Shmem:             21408 kB
KReclaimable:     850300 kB
Slab:             325984 kB
SReclaimable:      89304 kB
SUnreclaim:       236680 kB
KernelStack:       50176 kB
ShadowCallStack:   12576 kB
PageTables:        70436 kB
NFS_Unstable:          0 kB
Bounce:                0 kB
WritebackTmp:          0 kB
CommitLimit:     8677876 kB
Committed_AS:   72164728 kB
VmallocTotal:   263061440 kB
VmallocUsed:      134696 kB
VmallocChunk:          0 kB
Percpu:             2472 kB
CmaTotal:         405504 kB
CmaFree:          289396 kB
MemTotal:        7918588 kB
MemFree:         2355448 kB
MemAvailable:    4451668 kB
Buffers:            7236 kB
Cached:          1655668 kB
SwapCached:        20624 kB
Active:          1898460 kB
Inactive:         673496 kB
Active(anon):     856260 kB
Inactive(anon):    78816 kB
Active(file):    1042200 kB
Inactive(file):   594680 kB
Unevictable:        6348 kB
Mlocked:            5908 kB
SwapTotal:       4718584 kB
SwapFree:        4004228 kB
Dirty:              1196 kB
Writeback:             0 kB
AnonPages:        908160 kB
Mapped:           774592 kB
Shmem:             21408 kB
KReclaimable:     849564 kB
Slab:             326176 kB
SReclaimable:      89336 kB
SUnreclaim:       236840 kB
KernelStack:       50192 kB
ShadowCallStack:   12572 kB
PageTables:        70604 kB
NFS_Unstable:          0 kB
Bounce:                0 kB
WritebackTmp:          0 kB
CommitLimit:     8677876 kB
Committed_AS:   72164684 kB
VmallocTotal:   263061440 kB
VmallocUsed:      134676 kB
VmallocChunk:          0 kB
Percpu:             2472 kB
CmaTotal:         405504 kB
CmaFree:          289624 kB
MemTotal:        7918588 kB
MemFree:         1188512 kB
MemAvailable:    3942092 kB
Buffers:           56500 kB
Cached:          2673176 kB
SwapCached:            0 kB
Active:          3239592 kB
Inactive:        1132336 kB
Active(anon):    1603468 kB
Inactive(anon):    66700 kB
Active(file):    1636124 kB
Inactive(file):  1065636 kB
Unevictable:        6160 kB
Mlocked:            5720 kB
SwapTotal:       4718584 kB
SwapFree:        4718584 kB
Dirty:            157412 kB
Writeback:             0 kB
AnonPages:       1648436 kB
Mapped:          1031876 kB
Shmem:             23264 kB
KReclaimable:     442044 kB
Slab:             316012 kB
SReclaimable:      92704 kB
SUnreclaim:       223308 kB
KernelStack:       48848 kB
ShadowCallStack:   12220 kB
PageTables:        67480 kB
NFS_Unstable:          0 kB
Bounce:                0 kB
WritebackTmp:          0 kB
CommitLimit:     8677876 kB
Committed_AS:   69004128 kB
VmallocTotal:   263061440 kB
VmallocUsed:      131836 kB
VmallocChunk:          0 kB
Percpu:             2448 kB
CmaTotal:         405504 kB
CmaFree:          160812 kB
MemTotal:        7918588 kB
MemFree:         1186700 kB
MemAvailable:    3940436 kB
Buffers:           56500 kB
Cached:          2673320 kB
SwapCached:            0 kB
Active:          3241088 kB
Inactive:        1132372 kB
Active(anon):    1604856 kB
Inactive(anon):    66704 kB
Active(file):    1636232 kB
Inactive(file):  1065668 kB
Unevictable:        6160 kB
Mlocked:            5720 kB
SwapTotal:       4718584 kB
SwapFree:        4718584 kB
Dirty:            157412 kB
Writeback:             0 kB
AnonPages:       1649876 kB
Mapped:          1031984 kB
Shmem:             23268 kB
KReclaimable:     442060 kB
Slab:             316048 kB
SReclaimable:      92720 kB
SUnreclaim:       223328 kB
KernelStack:       48832 kB
ShadowCallStack:   12232 kB
PageTables:        67528 kB
NFS_Unstable:          0 kB
Bounce:                0 kB
WritebackTmp:          0 kB
CommitLimit:     8677876 kB
Committed_AS:   69017164 kB
VmallocTotal:   263061440 kB
VmallocUsed:      131888 kB
VmallocChunk:          0 kB
Percpu:             2448 kB
CmaTotal:         405504 kB
CmaFree:          161148 kB
MemTotal:        7918588 kB
MemFree:         1160956 kB
MemAvailable:    3914708 kB
Buffers:           56500 kB
Cached:          2673320 kB
SwapCached:            0 kB
Active:          3267384 kB
Inactive:        1132384 kB
Active(anon):    1631152 kB
Inactive(anon):    66716 kB
Active(file):    1636232 kB
Inactive(file):  1065668 kB
Unevictable:        6160 kB
Mlocked:            5720 kB
SwapTotal:       4718584 kB
SwapFree:        4718584 kB
Dirty:            157420 kB
Writeback:             0 kB
AnonPages:       1676012 kB
Mapped:          1033720 kB
Shmem:             23268 kB
KReclaimable:     442076 kB
Slab:             316016 kB
SReclaimable:      92736 kB
SUnreclaim:       223280 kB
KernelStack:       48816 kB
ShadowCallStack:   12256 kB
PageTables:        67504 kB
NFS_Unstable:          0 kB
Bounce:                0 kB
WritebackTmp:          0 kB
CommitLimit:     8677876 kB
Committed_AS:   69037684 kB
VmallocTotal:   263061440 kB
VmallocUsed:      131896 kB
VmallocChunk:          0 kB
Percpu:             2448 kB
CmaTotal:         405504 kB
CmaFree:          161148 kB
MemTotal:        7918588 kB
MemFree:          969072 kB
MemAvailable:    3657280 kB
Buffers:           56500 kB
Cached:          2673320 kB
SwapCached:            0 kB
Active:          3457508 kB
Inactive:        1132380 kB
Active(anon):    1821276 kB
Inactive(anon):    66712 kB
Active(file):    1636232 kB
Inactive(file):  1065668 kB
Unevictable:        6160 kB
Mlocked:            5720 kB
SwapTotal:       4718584 kB
SwapFree:        4718584 kB
Dirty:            157420 kB
Writeback:             0 kB
AnonPages:       1866284 kB
Mapped:          1115832 kB
Shmem:             23268 kB
KReclaimable:     376532 kB
Slab:             316364 kB
SReclaimable:      92736 kB
SUnreclaim:       223628 kB
KernelStack:       48896 kB
ShadowCallStack:   12248 kB
PageTables:        68180 kB
NFS_Unstable:          0 kB
Bounce:                0 kB
WritebackTmp:          0 kB
CommitLimit:     8677876 kB
Committed_AS:   69360052 kB
VmallocTotal:   263061440 kB
VmallocUsed:      131888 kB
VmallocChunk:          0 kB
Percpu:             2448 kB
CmaTotal:         405504 kB
CmaFree:          161148 kB
MemTotal:        7918588 kB
MemFree:          953808 kB
MemAvailable:    3639940 kB
Buffers:           56508 kB
Cached:          2673268 kB
SwapCached:            0 kB
Active:          3472224 kB
Inactive:        1132332 kB
Active(anon):    1835992 kB
Inactive(anon):    66708 kB
Active(file):    1636232 kB
Inactive(file):  1065624 kB
Unevictable:        6160 kB
Mlocked:            5720 kB
SwapTotal:       4718584 kB
SwapFree:        4718584 kB
Dirty:            157448 kB
Writeback:             4 kB
AnonPages:       1880828 kB
Mapped:          1119600 kB
Shmem:             23268 kB
KReclaimable:     374500 kB
Slab:             316344 kB
SReclaimable:      92752 kB
SUnreclaim:       223592 kB
KernelStack:       48880 kB
ShadowCallStack:   12248 kB
PageTables:        68460 kB
NFS_Unstable:          0 kB
Bounce:                0 kB
WritebackTmp:          0 kB
CommitLimit:     8677876 kB
Committed_AS:   69399444 kB
VmallocTotal:   263061440 kB
VmallocUsed:      131940 kB
VmallocChunk:          0 kB
Percpu:             2448 kB
CmaTotal:         405504 kB
CmaFree:          161272 kB
MemTotal:        7918588 kB
MemFree:          899820 kB
MemAvailable:    3537232 kB
Buffers:           56524 kB
Cached:          2673276 kB
SwapCached:            0 kB
Active:          3528008 kB
Inactive:        1132356 kB
Active(anon):    1891776 kB
Inactive(anon):    66708 kB
Active(file):    1636232 kB
Inactive(file):  1065648 kB
Unevictable:        6160 kB
Mlocked:            5720 kB
SwapTotal:       4718584 kB
SwapFree:        4718584 kB
Dirty:            157544 kB
Writeback:             0 kB
AnonPages:       1936924 kB
Mapped:          1141348 kB
Shmem:             23268 kB
KReclaimable:     325756 kB
Slab:             316664 kB
SReclaimable:      92768 kB
SUnreclaim:       223896 kB
KernelStack:       48944 kB
ShadowCallStack:   12260 kB
PageTables:        68696 kB
NFS_Unstable:          0 kB
Bounce:                0 kB
WritebackTmp:          0 kB
CommitLimit:     8677876 kB
Committed_AS:   69556256 kB
VmallocTotal:   263061440 kB
VmallocUsed:      131996 kB
VmallocChunk:          0 kB
Percpu:             2448 kB
CmaTotal:         405504 kB
CmaFree:          111132 kB
MemTotal:        7918588 kB
MemFree:          799028 kB
MemAvailable:    3435128 kB
Buffers:           56524 kB
Cached:          2673280 kB
SwapCached:            0 kB
Active:          3626860 kB
Inactive:        1132348 kB
Active(anon):    1990628 kB
Inactive(anon):    66700 kB
Active(file):    1636232 kB
Inactive(file):  1065648 kB
Unevictable:        6160 kB
Mlocked:            5720 kB
SwapTotal:       4718584 kB
SwapFree:        4718584 kB
Dirty:             18684 kB
Writeback:           144 kB
AnonPages:       2035652 kB
Mapped:          1142860 kB
Shmem:             23272 kB
KReclaimable:     324444 kB
Slab:             316756 kB
SReclaimable:      92768 kB
SUnreclaim:       223988 kB
KernelStack:       48944 kB
ShadowCallStack:   12256 kB
PageTables:        69296 kB
NFS_Unstable:          0 kB
Bounce:                0 kB
WritebackTmp:          0 kB
CommitLimit:     8677876 kB
Committed_AS:   69834784 kB
VmallocTotal:   263061440 kB
VmallocUsed:      132052 kB
VmallocChunk:          0 kB
Percpu:             2448 kB
CmaTotal:         405504 kB
CmaFree:           12256 kB
MemTotal:        7918588 kB
MemFree:          723736 kB
MemAvailable:    3358876 kB
Buffers:           56524 kB
Cached:          2673280 kB
SwapCached:            0 kB
Active:          3703664 kB
Inactive:        1132352 kB
Active(anon):    2067432 kB
Inactive(anon):    66704 kB
Active(file):    1636232 kB
Inactive(file):  1065648 kB
Unevictable:        6160 kB
Mlocked:            5720 kB
SwapTotal:       4718584 kB
SwapFree:        4718584 kB
Dirty:             18472 kB
Writeback:             0 kB
AnonPages:       2112316 kB
Mapped:          1143368 kB
Shmem:             23272 kB
KReclaimable:     323484 kB
Slab:             316840 kB
SReclaimable:      92768 kB
SUnreclaim:       224072 kB
KernelStack:       48944 kB
ShadowCallStack:   12244 kB
PageTables:        69628 kB
NFS_Unstable:          0 kB
Bounce:                0 kB
WritebackTmp:          0 kB
CommitLimit:     8677876 kB
Committed_AS:   69998624 kB
VmallocTotal:   263061440 kB
VmallocUsed:      132020 kB
VmallocChunk:          0 kB
Percpu:             2448 kB
CmaTotal:         405504 kB
CmaFree:               0 kB
MemTotal:        7918588 kB
MemFree:          654452 kB
MemAvailable:    3288736 kB
Buffers:           56524 kB
Cached:          2673280 kB
SwapCached:            0 kB
Active:          3770840 kB
Inactive:        1132352 kB
Active(anon):    2134608 kB
Inactive(anon):    66704 kB
Active(file):    1636232 kB
Inactive(file):  1065648 kB
Unevictable:        6160 kB
Mlocked:            5720 kB
SwapTotal:       4718584 kB
SwapFree:        4718584 kB
Dirty:             18476 kB
Writeback:             0 kB
AnonPages:       2179512 kB
Mapped:          1144132 kB
Shmem:             23272 kB
KReclaimable:     322628 kB
Slab:             316712 kB
SReclaimable:      92768 kB
SUnreclaim:       223944 kB
KernelStack:       48912 kB
ShadowCallStack:   12272 kB
PageTables:        69732 kB
NFS_Unstable:          0 kB
Bounce:                0 kB
WritebackTmp:          0 kB
CommitLimit:     8677876 kB
Committed_AS:   70129644 kB
VmallocTotal:   263061440 kB
VmallocUsed:      132016 kB
VmallocChunk:          0 kB
Percpu:             2448 kB
CmaTotal:         405504 kB
CmaFree:              16 kB
MemTotal:        7918588 kB
MemFree:          655852 kB
MemAvailable:    3290156 kB
Buffers:           56524 kB
Cached:          2673304 kB
SwapCached:            0 kB
Active:          3770160 kB
Inactive:        1132384 kB
Active(anon):    2133928 kB
Inactive(anon):    66716 kB
Active(file):    1636232 kB
Inactive(file):  1065668 kB
Unevictable:        6160 kB
Mlocked:            5720 kB
SwapTotal:       4718584 kB
SwapFree:        4718584 kB
Dirty:             18496 kB
Writeback:             0 kB
AnonPages:       2178744 kB
Mapped:          1143880 kB
Shmem:             23276 kB
KReclaimable:     322628 kB
Slab:             316816 kB
SReclaimable:      92768 kB
SUnreclaim:       224048 kB
KernelStack:       48928 kB
ShadowCallStack:   12264 kB
PageTables:        70028 kB
NFS_Unstable:          0 kB
Bounce:                0 kB
WritebackTmp:          0 kB
CommitLimit:     8677876 kB
Committed_AS:   70129604 kB
VmallocTotal:   263061440 kB
VmallocUsed:      131964 kB
VmallocChunk:          0 kB
Percpu:             2448 kB
CmaTotal:         405504 kB
CmaFree:               4 kB
MemTotal:        7918588 kB
MemFree:          632248 kB
MemAvailable:    3266160 kB
Buffers:           56536 kB
Cached:          2673316 kB
SwapCached:            0 kB
Active:          3794688 kB
Inactive:        1132380 kB
Active(anon):    2158456 kB
Inactive(anon):    66704 kB
Active(file):    1636232 kB
Inactive(file):  1065676 kB
Unevictable:        6160 kB
Mlocked:            5720 kB
SwapTotal:       4718584 kB
SwapFree:        4718584 kB
Dirty:             18496 kB
Writeback:             0 kB
AnonPages:       2203240 kB
Mapped:          1144312 kB
Shmem:             23292 kB
KReclaimable:     322228 kB
Slab:             316760 kB
SReclaimable:      92768 kB
SUnreclaim:       223992 kB
KernelStack:       48912 kB
ShadowCallStack:   12280 kB
PageTables:        69640 kB
NFS_Unstable:          0 kB
Bounce:                0 kB
WritebackTmp:          0 kB
CommitLimit:     8677876 kB
Committed_AS:   70211544 kB
VmallocTotal:   263061440 kB
VmallocUsed:      131996 kB
VmallocChunk:          0 kB
Percpu:             2448 kB
CmaTotal:         405504 kB
CmaFree:              88 kB
MemTotal:        7918588 kB
MemFree:          617760 kB
MemAvailable:    3251412 kB
Buffers:           56536 kB
Cached:          2673320 kB
SwapCached:            0 kB
Active:          3807208 kB
Inactive:        1132392 kB
Active(anon):    2170976 kB
Inactive(anon):    66712 kB
Active(file):    1636232 kB
Inactive(file):  1065680 kB
Unevictable:        6160 kB
Mlocked:            5720 kB
SwapTotal:       4718584 kB
SwapFree:        4718584 kB
Dirty:             18076 kB
Writeback:             0 kB
AnonPages:       2215860 kB
Mapped:          1144460 kB
Shmem:             23292 kB
KReclaimable:     321964 kB
Slab:             317064 kB
SReclaimable:      92768 kB
SUnreclaim:       224296 kB
KernelStack:       48944 kB
ShadowCallStack:   12260 kB
PageTables:        69948 kB
NFS_Unstable:          0 kB
Bounce:                0 kB
WritebackTmp:          0 kB
CommitLimit:     8677876 kB
Committed_AS:   70227876 kB
VmallocTotal:   263061440 kB
VmallocUsed:      132000 kB
VmallocChunk:          0 kB
Percpu:             2448 kB
CmaTotal:         405504 kB
CmaFree:               0 kB
MemTotal:        7918588 kB
MemFree:          617996 kB
MemAvailable:    3251648 kB
Buffers:           56536 kB
Cached:          2673324 kB
SwapCached:            0 kB
Active:          3807620 kB
Inactive:        1132388 kB
Active(anon):    2171388 kB
Inactive(anon):    66708 kB
Active(file):    1636232 kB
Inactive(file):  1065680 kB
Unevictable:        6160 kB
Mlocked:            5720 kB
SwapTotal:       4718584 kB
SwapFree:        4718584 kB
Dirty:             18080 kB
Writeback:             0 kB
AnonPages:       2216476 kB
Mapped:          1144520 kB
Shmem:             23296 kB
KReclaimable:     321964 kB
Slab:             316988 kB
SReclaimable:      92768 kB
SUnreclaim:       224220 kB
KernelStack:       48896 kB
ShadowCallStack:   12244 kB
PageTables:        70036 kB
NFS_Unstable:          0 kB
Bounce:                0 kB
WritebackTmp:          0 kB
CommitLimit:     8677876 kB
Committed_AS:   70227880 kB
VmallocTotal:   263061440 kB
VmallocUsed:      131976 kB
VmallocChunk:          0 kB
Percpu:             2448 kB
CmaTotal:         405504 kB
CmaFree:               0 kB
MemTotal:        7918588 kB
MemFree:          574628 kB
MemAvailable:    3207720 kB
Buffers:           56536 kB
Cached:          2673328 kB
SwapCached:            0 kB
Active:          3850244 kB
Inactive:        1132388 kB
Active(anon):    2214012 kB
Inactive(anon):    66708 kB
Active(file):    1636232 kB
Inactive(file):  1065680 kB
Unevictable:        6160 kB
Mlocked:            5720 kB
SwapTotal:       4718584 kB
SwapFree:        4718584 kB
Dirty:             18088 kB
Writeback:             0 kB
AnonPages:       2258976 kB
Mapped:          1144744 kB
Shmem:             23300 kB
KReclaimable:     321404 kB
Slab:             316944 kB
SReclaimable:      92768 kB
SUnreclaim:       224176 kB
KernelStack:       48912 kB
ShadowCallStack:   12252 kB
PageTables:        70168 kB
NFS_Unstable:          0 kB
Bounce:                0 kB
WritebackTmp:          0 kB
CommitLimit:     8677876 kB
Committed_AS:   70326236 kB
VmallocTotal:   263061440 kB
VmallocUsed:      131992 kB
VmallocChunk:          0 kB
Percpu:             2448 kB
CmaTotal:         405504 kB
CmaFree:               4 kB
MemTotal:        7918588 kB
MemFree:          573524 kB
MemAvailable:    3206616 kB
Buffers:           56536 kB
Cached:          2673336 kB
SwapCached:            0 kB
Active:          3850328 kB
Inactive:        1132388 kB
Active(anon):    2214096 kB
Inactive(anon):    66708 kB
Active(file):    1636232 kB
Inactive(file):  1065680 kB
Unevictable:        6160 kB
Mlocked:            5720 kB
SwapTotal:       4718584 kB
SwapFree:        4718584 kB
Dirty:             18100 kB
Writeback:             0 kB
AnonPages:       2259164 kB
Mapped:          1144844 kB
Shmem:             23308 kB
KReclaimable:     321404 kB
Slab:             316984 kB
SReclaimable:      92768 kB
SUnreclaim:       224216 kB
KernelStack:       48912 kB
ShadowCallStack:   12256 kB
PageTables:        70140 kB
NFS_Unstable:          0 kB
Bounce:                0 kB
WritebackTmp:          0 kB
CommitLimit:     8677876 kB
Committed_AS:   70326196 kB
VmallocTotal:   263061440 kB
VmallocUsed:      131952 kB
VmallocChunk:          0 kB
Percpu:             2448 kB
CmaTotal:         405504 kB
CmaFree:               0 kB
MemTotal:        7918588 kB
MemFree:          564956 kB
MemAvailable:    3197992 kB
Buffers:           56536 kB
Cached:          2673344 kB
SwapCached:            0 kB
Active:          3861024 kB
Inactive:        1132388 kB
Active(anon):    2224792 kB
Inactive(anon):    66708 kB
Active(file):    1636232 kB
Inactive(file):  1065680 kB
Unevictable:        6160 kB
Mlocked:            5720 kB
SwapTotal:       4718584 kB
SwapFree:        4718584 kB
Dirty:             18100 kB
Writeback:             0 kB
AnonPages:       2269724 kB
Mapped:          1144824 kB
Shmem:             23316 kB
KReclaimable:     321348 kB
Slab:             317060 kB
SReclaimable:      92768 kB
SUnreclaim:       224292 kB
KernelStack:       48912 kB
ShadowCallStack:   12252 kB
PageTables:        70304 kB
NFS_Unstable:          0 kB
Bounce:                0 kB
WritebackTmp:          0 kB
CommitLimit:     8677876 kB
Committed_AS:   70375352 kB
VmallocTotal:   263061440 kB
VmallocUsed:      131956 kB
VmallocChunk:          0 kB
Percpu:             2448 kB
CmaTotal:         405504 kB
CmaFree:               0 kB
MemTotal:        7918588 kB
MemFree:          531948 kB
MemAvailable:    3164320 kB
Buffers:           56544 kB
Cached:          2673344 kB
SwapCached:            0 kB
Active:          3893368 kB
Inactive:        1132396 kB
Active(anon):    2257136 kB
Inactive(anon):    66708 kB
Active(file):    1636232 kB
Inactive(file):  1065688 kB
Unevictable:        6160 kB
Mlocked:            5720 kB
SwapTotal:       4718584 kB
SwapFree:        4718584 kB
Dirty:             17568 kB
Writeback:           168 kB
AnonPages:       2302172 kB
Mapped:          1145240 kB
Shmem:             23316 kB
KReclaimable:     320676 kB
Slab:             317084 kB
SReclaimable:      92768 kB
SUnreclaim:       224316 kB
KernelStack:       48896 kB
ShadowCallStack:   12260 kB
PageTables:        70372 kB
NFS_Unstable:          0 kB
Bounce:                0 kB
WritebackTmp:          0 kB
CommitLimit:     8677876 kB
Committed_AS:   70440888 kB
VmallocTotal:   263061440 kB
VmallocUsed:      131976 kB
VmallocChunk:          0 kB
Percpu:             2448 kB
CmaTotal:         405504 kB
CmaFree:               0 kB
MemTotal:        7918588 kB
MemFree:          530984 kB
MemAvailable:    3163356 kB
Buffers:           56544 kB
Cached:          2673352 kB
SwapCached:            0 kB
Active:          3894080 kB
Inactive:        1132396 kB
Active(anon):    2257848 kB
Inactive(anon):    66708 kB
Active(file):    1636232 kB
Inactive(file):  1065688 kB
Unevictable:        6160 kB
Mlocked:            5720 kB
SwapTotal:       4718584 kB
SwapFree:        4718584 kB
Dirty:             17520 kB
Writeback:             0 kB
AnonPages:       2302720 kB
Mapped:          1145336 kB
Shmem:             23324 kB
KReclaimable:     320676 kB
Slab:             317048 kB
SReclaimable:      92768 kB
SUnreclaim:       224280 kB
KernelStack:       48912 kB
ShadowCallStack:   12252 kB
PageTables:        70412 kB
NFS_Unstable:          0 kB
Bounce:                0 kB
WritebackTmp:          0 kB
CommitLimit:     8677876 kB
Committed_AS:   70440900 kB
VmallocTotal:   263061440 kB
VmallocUsed:      131976 kB
VmallocChunk:          0 kB
Percpu:             2448 kB
CmaTotal:         405504 kB
CmaFree:               0 kB
MemTotal:        7918588 kB
MemFree:          502772 kB
MemAvailable:    3134680 kB
Buffers:           56544 kB
Cached:          2673368 kB
SwapCached:            0 kB
Active:          3922864 kB
Inactive:        1132396 kB
Active(anon):    2286632 kB
Inactive(anon):    66708 kB
Active(file):    1636232 kB
Inactive(file):  1065688 kB
Unevictable:        6160 kB
Mlocked:            5720 kB
SwapTotal:       4718584 kB
SwapFree:        4718584 kB
Dirty:             17520 kB
Writeback:             0 kB
AnonPages:       2331580 kB
Mapped:          1145664 kB
Shmem:             23340 kB
KReclaimable:     320212 kB
Slab:             317144 kB
SReclaimable:      92768 kB
SUnreclaim:       224376 kB
KernelStack:       48896 kB
ShadowCallStack:   12244 kB
PageTables:        70488 kB
NFS_Unstable:          0 kB
Bounce:                0 kB
WritebackTmp:          0 kB
CommitLimit:     8677876 kB
Committed_AS:   70522780 kB
VmallocTotal:   263061440 kB
VmallocUsed:      131956 kB
VmallocChunk:          0 kB
Percpu:             2448 kB
CmaTotal:         405504 kB
CmaFree:               0 kB
MemTotal:        7918588 kB
MemFree:          487500 kB
MemAvailable:    3118992 kB
Buffers:           56544 kB
Cached:          2673368 kB
SwapCached:            0 kB
Active:          3937608 kB
Inactive:        1132396 kB
Active(anon):    2301376 kB
Inactive(anon):    66708 kB
Active(file):    1636232 kB
Inactive(file):  1065688 kB
Unevictable:        6160 kB
Mlocked:            5720 kB
SwapTotal:       4718584 kB
SwapFree:        4718584 kB
Dirty:             17544 kB
Writeback:             0 kB
AnonPages:       2346240 kB
Mapped:          1145916 kB
Shmem:             23340 kB
KReclaimable:     319796 kB
Slab:             317116 kB
SReclaimable:      92768 kB
SUnreclaim:       224348 kB
KernelStack:       48896 kB
ShadowCallStack:   12256 kB
PageTables:        70572 kB
NFS_Unstable:          0 kB
Bounce:                0 kB
WritebackTmp:          0 kB
CommitLimit:     8677876 kB
Committed_AS:   70539164 kB
VmallocTotal:   263061440 kB
VmallocUsed:      131940 kB
VmallocChunk:          0 kB
Percpu:             2448 kB
CmaTotal:         405504 kB
CmaFree:               8 kB
MemTotal:        7918588 kB
MemFree:          485956 kB
MemAvailable:    3117448 kB
Buffers:           56544 kB
Cached:          2673372 kB
SwapCached:            0 kB
Active:          3938468 kB
Inactive:        1132396 kB
Active(anon):    2302236 kB
Inactive(anon):    66708 kB
Active(file):    1636232 kB
Inactive(file):  1065688 kB
Unevictable:        6160 kB
Mlocked:            5720 kB
SwapTotal:       4718584 kB
SwapFree:        4718584 kB
Dirty:             17544 kB
Writeback:             0 kB
AnonPages:       2347108 kB
Mapped:          1145808 kB
Shmem:             23344 kB
KReclaimable:     319796 kB
Slab:             317100 kB
SReclaimable:      92768 kB
SUnreclaim:       224332 kB
KernelStack:       48880 kB
ShadowCallStack:   12244 kB
PageTables:        70616 kB
NFS_Unstable:          0 kB
Bounce:                0 kB
WritebackTmp:          0 kB
CommitLimit:     8677876 kB
Committed_AS:   70539168 kB
VmallocTotal:   263061440 kB
VmallocUsed:      131940 kB
VmallocChunk:          0 kB
Percpu:             2448 kB
CmaTotal:         405504 kB
CmaFree:               0 kB
MemTotal:        7918588 kB
MemFree:          449800 kB
MemAvailable:    3080788 kB
Buffers:           56544 kB
Cached:          2673372 kB
SwapCached:            0 kB
Active:          3974896 kB
Inactive:        1132396 kB
Active(anon):    2338664 kB
Inactive(anon):    66708 kB
Active(file):    1636232 kB
Inactive(file):  1065688 kB
Unevictable:        6160 kB
Mlocked:            5720 kB
SwapTotal:       4718584 kB
SwapFree:        4718584 kB
Dirty:             17452 kB
Writeback:             0 kB
AnonPages:       2383408 kB
Mapped:          1146380 kB
Shmem:             23344 kB
KReclaimable:     319292 kB
Slab:             317068 kB
SReclaimable:      92768 kB
SUnreclaim:       224300 kB
KernelStack:       48928 kB
ShadowCallStack:   12236 kB
PageTables:        70672 kB
NFS_Unstable:          0 kB
Bounce:                0 kB
WritebackTmp:          0 kB
CommitLimit:     8677876 kB
Committed_AS:   70637472 kB
VmallocTotal:   263061440 kB
VmallocUsed:      131936 kB
VmallocChunk:          0 kB
Percpu:             2448 kB
CmaTotal:         405504 kB
CmaFree:               0 kB
MemTotal:        7918588 kB
MemFree:          442224 kB
MemAvailable:    3073124 kB
Buffers:           56552 kB
Cached:          2673364 kB
SwapCached:            0 kB
Active:          3982116 kB
Inactive:        1132392 kB
Active(anon):    2345884 kB
Inactive(anon):    66704 kB
Active(file):    1636232 kB
Inactive(file):  1065688 kB
Unevictable:        6160 kB
Mlocked:            5720 kB
SwapTotal:       4718584 kB
SwapFree:        4718584 kB
Dirty:             17472 kB
Writeback:             0 kB
AnonPages:       2390908 kB
Mapped:          1146156 kB
Shmem:             23344 kB
KReclaimable:     319204 kB
Slab:             317096 kB
SReclaimable:      92768 kB
SUnreclaim:       224328 kB
KernelStack:       48896 kB
ShadowCallStack:   12264 kB
PageTables:        70748 kB
NFS_Unstable:          0 kB
Bounce:                0 kB
WritebackTmp:          0 kB
CommitLimit:     8677876 kB
Committed_AS:   70642616 kB
VmallocTotal:   263061440 kB
VmallocUsed:      131936 kB
VmallocChunk:          0 kB
Percpu:             2448 kB
CmaTotal:         405504 kB
CmaFree:               0 kB
MemTotal:        7918588 kB
MemFree:          431856 kB
MemAvailable:    3062628 kB
Buffers:           56552 kB
Cached:          2673396 kB
SwapCached:            0 kB
Active:          3993304 kB
Inactive:        1132404 kB
Active(anon):    2357072 kB
Inactive(anon):    66708 kB
Active(file):    1636232 kB
Inactive(file):  1065696 kB
Unevictable:        6160 kB
Mlocked:            5720 kB
SwapTotal:       4718584 kB
SwapFree:        4718584 kB
Dirty:             17480 kB
Writeback:             0 kB
AnonPages:       2401840 kB
Mapped:          1146404 kB
Shmem:             23368 kB
KReclaimable:     319068 kB
Slab:             317136 kB
SReclaimable:      92768 kB
SUnreclaim:       224368 kB
KernelStack:       48896 kB
ShadowCallStack:   12256 kB
PageTables:        70884 kB
NFS_Unstable:          0 kB
Bounce:                0 kB
WritebackTmp:          0 kB
CommitLimit:     8677876 kB
Committed_AS:   70675384 kB
VmallocTotal:   263061440 kB
VmallocUsed:      131956 kB
VmallocChunk:          0 kB
Percpu:             2448 kB
CmaTotal:         405504 kB
CmaFree:               0 kB
MemTotal:        7918588 kB
MemFree:          398560 kB
MemAvailable:    3028600 kB
Buffers:           56552 kB
Cached:          2673396 kB
SwapCached:            0 kB
Active:          4026176 kB
Inactive:        1132404 kB
Active(anon):    2389944 kB
Inactive(anon):    66708 kB
Active(file):    1636232 kB
Inactive(file):  1065696 kB
Unevictable:        6160 kB
Mlocked:            5720 kB
SwapTotal:       4718584 kB
SwapFree:        4718584 kB
Dirty:             17480 kB
Writeback:             0 kB
AnonPages:       2434672 kB
Mapped:          1146916 kB
Shmem:             23368 kB
KReclaimable:     318336 kB
Slab:             317148 kB
SReclaimable:      92768 kB
SUnreclaim:       224380 kB
KernelStack:       48864 kB
ShadowCallStack:   12268 kB
PageTables:        70992 kB
NFS_Unstable:          0 kB
Bounce:                0 kB
WritebackTmp:          0 kB
CommitLimit:     8677876 kB
Committed_AS:   70740920 kB
VmallocTotal:   263061440 kB
VmallocUsed:      131956 kB
VmallocChunk:          0 kB
Percpu:             2448 kB
CmaTotal:         405504 kB
CmaFree:               0 kB
MemTotal:        7918588 kB
MemFree:          397224 kB
MemAvailable:    3027288 kB
Buffers:           56556 kB
Cached:          2673392 kB
SwapCached:            0 kB
Active:          4026320 kB
Inactive:        1132404 kB
Active(anon):    2390088 kB
Inactive(anon):    66708 kB
Active(file):    1636232 kB
Inactive(file):  1065696 kB
Unevictable:        6160 kB
Mlocked:            5720 kB
SwapTotal:       4718584 kB
SwapFree:        4718584 kB
Dirty:             17480 kB
Writeback:             0 kB
AnonPages:       2435040 kB
Mapped:          1146932 kB
Shmem:             23368 kB
KReclaimable:     318360 kB
Slab:             317252 kB
SReclaimable:      92800 kB
SUnreclaim:       224452 kB
KernelStack:       48896 kB
ShadowCallStack:   12260 kB
PageTables:        70900 kB
NFS_Unstable:          0 kB
Bounce:                0 kB
WritebackTmp:          0 kB
CommitLimit:     8677876 kB
Committed_AS:   70740920 kB
VmallocTotal:   263061440 kB
VmallocUsed:      131952 kB
VmallocChunk:          0 kB
Percpu:             2448 kB
CmaTotal:         405504 kB
CmaFree:               0 kB
MemTotal:        7918588 kB
MemFree:          369460 kB
MemAvailable:    2999168 kB
Buffers:           56556 kB
Cached:          2673396 kB
SwapCached:            0 kB
Active:          4054844 kB
Inactive:        1132404 kB
Active(anon):    2418612 kB
Inactive(anon):    66704 kB
Active(file):    1636232 kB
Inactive(file):  1065700 kB
Unevictable:        6160 kB
Mlocked:            5720 kB
SwapTotal:       4718584 kB
SwapFree:        4718584 kB
Dirty:             17488 kB
Writeback:             0 kB
AnonPages:       2463360 kB
Mapped:          1147308 kB
Shmem:             23368 kB
KReclaimable:     318000 kB
Slab:             317304 kB
SReclaimable:      92800 kB
SUnreclaim:       224504 kB
KernelStack:       48928 kB
ShadowCallStack:   12236 kB
PageTables:        71168 kB
NFS_Unstable:          0 kB
Bounce:                0 kB
WritebackTmp:          0 kB
CommitLimit:     8677876 kB
Committed_AS:   70822840 kB
VmallocTotal:   263061440 kB
VmallocUsed:      131956 kB
VmallocChunk:          0 kB
Percpu:             2448 kB
CmaTotal:         405504 kB
CmaFree:               0 kB
MemTotal:        7918588 kB
MemFree:          354296 kB
MemAvailable:    2983968 kB
Buffers:           56564 kB
Cached:          2673472 kB
SwapCached:            0 kB
Active:          4069240 kB
Inactive:        1132484 kB
Active(anon):    2433008 kB
Inactive(anon):    66708 kB
Active(file):    1636232 kB
Inactive(file):  1065776 kB
Unevictable:        6160 kB
Mlocked:            5720 kB
SwapTotal:       4718584 kB
SwapFree:        4718584 kB
Dirty:               424 kB
Writeback:             0 kB
AnonPages:       2477896 kB
Mapped:          1147364 kB
Shmem:             23376 kB
KReclaimable:     317888 kB
Slab:             317304 kB
SReclaimable:      92816 kB
SUnreclaim:       224488 kB
KernelStack:       48896 kB
ShadowCallStack:   12248 kB
PageTables:        71172 kB
NFS_Unstable:          0 kB
Bounce:                0 kB
WritebackTmp:          0 kB
CommitLimit:     8677876 kB
Committed_AS:   70839232 kB
VmallocTotal:   263061440 kB
VmallocUsed:      131936 kB
VmallocChunk:          0 kB
Percpu:             2448 kB
CmaTotal:         405504 kB
CmaFree:               0 kB
MemTotal:        7918588 kB
MemFree:          353364 kB
MemAvailable:    2983036 kB
Buffers:           56564 kB
Cached:          2673472 kB
SwapCached:            0 kB
Active:          4069216 kB
Inactive:        1132484 kB
Active(anon):    2432984 kB
Inactive(anon):    66708 kB
Active(file):    1636232 kB
Inactive(file):  1065776 kB
Unevictable:        6160 kB
Mlocked:            5720 kB
SwapTotal:       4718584 kB
SwapFree:        4718584 kB
Dirty:               580 kB
Writeback:             0 kB
AnonPages:       2477888 kB
Mapped:          1147320 kB
Shmem:             23376 kB
KReclaimable:     317888 kB
Slab:             317288 kB
SReclaimable:      92816 kB
SUnreclaim:       224472 kB
KernelStack:       48912 kB
ShadowCallStack:   12252 kB
PageTables:        71220 kB
NFS_Unstable:          0 kB
Bounce:                0 kB
WritebackTmp:          0 kB
CommitLimit:     8677876 kB
Committed_AS:   70839232 kB
VmallocTotal:   263061440 kB
VmallocUsed:      131960 kB
VmallocChunk:          0 kB
Percpu:             2448 kB
CmaTotal:         405504 kB
CmaFree:               0 kB
MemTotal:        7918588 kB
MemFree:          310276 kB
MemAvailable:    2939356 kB
Buffers:           56564 kB
Cached:          2673472 kB
SwapCached:            0 kB
Active:          4112564 kB
Inactive:        1132484 kB
Active(anon):    2476332 kB
Inactive(anon):    66708 kB
Active(file):    1636232 kB
Inactive(file):  1065776 kB
Unevictable:        6160 kB
Mlocked:            5720 kB
SwapTotal:       4718584 kB
SwapFree:        4718584 kB
Dirty:               584 kB
Writeback:             0 kB
AnonPages:       2521284 kB
Mapped:          1147692 kB
Shmem:             23376 kB
KReclaimable:     317296 kB
Slab:             317280 kB
SReclaimable:      92816 kB
SUnreclaim:       224464 kB
KernelStack:       48880 kB
ShadowCallStack:   12264 kB
PageTables:        71368 kB
NFS_Unstable:          0 kB
Bounce:                0 kB
WritebackTmp:          0 kB
CommitLimit:     8677876 kB
Committed_AS:   70937536 kB
VmallocTotal:   263061440 kB
VmallocUsed:      131956 kB
VmallocChunk:          0 kB
Percpu:             2448 kB
CmaTotal:         405504 kB
CmaFree:               0 kB
MemTotal:        7918588 kB
MemFree:          309776 kB
MemAvailable:    2938856 kB
Buffers:           56564 kB
Cached:          2673472 kB
SwapCached:            0 kB
Active:          4112408 kB
Inactive:        1132484 kB
Active(anon):    2476176 kB
Inactive(anon):    66708 kB
Active(file):    1636232 kB
Inactive(file):  1065776 kB
Unevictable:        6160 kB
Mlocked:            5720 kB
SwapTotal:       4718584 kB
SwapFree:        4718584 kB
Dirty:               396 kB
Writeback:             0 kB
AnonPages:       2521024 kB
Mapped:          1147860 kB
Shmem:             23376 kB
KReclaimable:     317296 kB
Slab:             317372 kB
SReclaimable:      92816 kB
SUnreclaim:       224556 kB
KernelStack:       48896 kB
ShadowCallStack:   12248 kB
PageTables:        71336 kB
NFS_Unstable:          0 kB
Bounce:                0 kB
WritebackTmp:          0 kB
CommitLimit:     8677876 kB
Committed_AS:   70934484 kB
VmallocTotal:   263061440 kB
VmallocUsed:      131952 kB
VmallocChunk:          0 kB
Percpu:             2448 kB
CmaTotal:         405504 kB
CmaFree:               0 kB
MemTotal:        7918588 kB
MemFree:          289192 kB
MemAvailable:    2917904 kB
Buffers:           56564 kB
Cached:          2673472 kB
SwapCached:            0 kB
Active:          4133904 kB
Inactive:        1132484 kB
Active(anon):    2497672 kB
Inactive(anon):    66708 kB
Active(file):    1636232 kB
Inactive(file):  1065776 kB
Unevictable:        6160 kB
Mlocked:            5720 kB
SwapTotal:       4718584 kB
SwapFree:        4718584 kB
Dirty:               420 kB
Writeback:             0 kB
AnonPages:       2542664 kB
Mapped:          1148092 kB
Shmem:             23376 kB
KReclaimable:     316928 kB
Slab:             317396 kB
SReclaimable:      92816 kB
SUnreclaim:       224580 kB
KernelStack:       48848 kB
ShadowCallStack:   12240 kB
PageTables:        71528 kB
NFS_Unstable:          0 kB
Bounce:                0 kB
WritebackTmp:          0 kB
CommitLimit:     8677876 kB
Committed_AS:   70999860 kB
VmallocTotal:   263061440 kB
VmallocUsed:      131912 kB
VmallocChunk:          0 kB
Percpu:             2448 kB
CmaTotal:         405504 kB
CmaFree:               0 kB
MemTotal:        7918588 kB
MemFree:          268100 kB
MemAvailable:    2896436 kB
Buffers:           56572 kB
Cached:          2673472 kB
SwapCached:            0 kB
Active:          4154828 kB
Inactive:        1132488 kB
Active(anon):    2518596 kB
Inactive(anon):    66704 kB
Active(file):    1636232 kB
Inactive(file):  1065784 kB
Unevictable:        6160 kB
Mlocked:            5720 kB
SwapTotal:       4718584 kB
SwapFree:        4718584 kB
Dirty:               440 kB
Writeback:             0 kB
AnonPages:       2563444 kB
Mapped:          1148200 kB
Shmem:             23376 kB
KReclaimable:     316544 kB
Slab:             317380 kB
SReclaimable:      92816 kB
SUnreclaim:       224564 kB
KernelStack:       48864 kB
ShadowCallStack:   12240 kB
PageTables:        71536 kB
NFS_Unstable:          0 kB
Bounce:                0 kB
WritebackTmp:          0 kB
CommitLimit:     8677876 kB
Committed_AS:   71049012 kB
VmallocTotal:   263061440 kB
VmallocUsed:      131908 kB
VmallocChunk:          0 kB
Percpu:             2448 kB
CmaTotal:         405504 kB
CmaFree:               0 kB
MemTotal:        7918588 kB
MemFree:          266176 kB
MemAvailable:    2894516 kB
Buffers:           56576 kB
Cached:          2673472 kB
SwapCached:            0 kB
Active:          4154880 kB
Inactive:        1132500 kB
Active(anon):    2518648 kB
Inactive(anon):    66712 kB
Active(file):    1636232 kB
Inactive(file):  1065788 kB
Unevictable:        6160 kB
Mlocked:            5720 kB
SwapTotal:       4718584 kB
SwapFree:        4718584 kB
Dirty:               480 kB
Writeback:             0 kB
AnonPages:       2563448 kB
Mapped:          1148244 kB
Shmem:             23376 kB
KReclaimable:     316544 kB
Slab:             317444 kB
SReclaimable:      92816 kB
SUnreclaim:       224628 kB
KernelStack:       48896 kB
ShadowCallStack:   12236 kB
PageTables:        71628 kB
NFS_Unstable:          0 kB
Bounce:                0 kB
WritebackTmp:          0 kB
CommitLimit:     8677876 kB
Committed_AS:   71048968 kB
VmallocTotal:   263061440 kB
VmallocUsed:      131896 kB
VmallocChunk:          0 kB
Percpu:             2448 kB
CmaTotal:         405504 kB
CmaFree:               0 kB
MemTotal:        7918588 kB
MemFree:          243828 kB
MemAvailable:    2871900 kB
Buffers:           56576 kB
Cached:          2673476 kB
SwapCached:            0 kB
Active:          4180836 kB
Inactive:        1132496 kB
Active(anon):    2544604 kB
Inactive(anon):    66704 kB
Active(file):    1636232 kB
Inactive(file):  1065792 kB
Unevictable:        6160 kB
Mlocked:            5720 kB
SwapTotal:       4718584 kB
SwapFree:        4718584 kB
Dirty:               492 kB
Writeback:            12 kB
AnonPages:       2589564 kB
Mapped:          1148256 kB
Shmem:             23376 kB
KReclaimable:     316272 kB
Slab:             317400 kB
SReclaimable:      92816 kB
SUnreclaim:       224584 kB
KernelStack:       48864 kB
ShadowCallStack:   12236 kB
PageTables:        71436 kB
NFS_Unstable:          0 kB
Bounce:                0 kB
WritebackTmp:          0 kB
CommitLimit:     8677876 kB
Committed_AS:   71130932 kB
VmallocTotal:   263061440 kB
VmallocUsed:      131928 kB
VmallocChunk:          0 kB
Percpu:             2448 kB
CmaTotal:         405504 kB
CmaFree:              32 kB
MemTotal:        7918588 kB
MemFree:          229900 kB
MemAvailable:    2857824 kB
Buffers:           56576 kB
Cached:          2673472 kB
SwapCached:            0 kB
Active:          4194760 kB
Inactive:        1132492 kB
Active(anon):    2558528 kB
Inactive(anon):    66704 kB
Active(file):    1636232 kB
Inactive(file):  1065788 kB
Unevictable:        6160 kB
Mlocked:            5720 kB
SwapTotal:       4718584 kB
SwapFree:        4718584 kB
Dirty:               548 kB
Writeback:             0 kB
AnonPages:       2603348 kB
Mapped:          1148532 kB
Shmem:             23376 kB
KReclaimable:     316128 kB
Slab:             317436 kB
SReclaimable:      92816 kB
SUnreclaim:       224620 kB
KernelStack:       48848 kB
ShadowCallStack:   12236 kB
PageTables:        71752 kB
NFS_Unstable:          0 kB
Bounce:                0 kB
WritebackTmp:          0 kB
CommitLimit:     8677876 kB
Committed_AS:   71147272 kB
VmallocTotal:   263061440 kB
VmallocUsed:      131912 kB
VmallocChunk:          0 kB
Percpu:             2448 kB
CmaTotal:         405504 kB
CmaFree:               0 kB
MemTotal:        7918588 kB
MemFree:          227580 kB
MemAvailable:    2855504 kB
Buffers:           56576 kB
Cached:          2673472 kB
SwapCached:            0 kB
Active:          4195296 kB
Inactive:        1132496 kB
Active(anon):    2559064 kB
Inactive(anon):    66708 kB
Active(file):    1636232 kB
Inactive(file):  1065788 kB
Unevictable:        6160 kB
Mlocked:            5720 kB
SwapTotal:       4718584 kB
SwapFree:        4718584 kB
Dirty:               580 kB
Writeback:             0 kB
AnonPages:       2603968 kB
Mapped:          1148580 kB
Shmem:             23376 kB
KReclaimable:     316128 kB
Slab:             317424 kB
SReclaimable:      92816 kB
SUnreclaim:       224608 kB
KernelStack:       48848 kB
ShadowCallStack:   12236 kB
PageTables:        71804 kB
NFS_Unstable:          0 kB
Bounce:                0 kB
WritebackTmp:          0 kB
CommitLimit:     8677876 kB
Committed_AS:   71147272 kB
VmallocTotal:   263061440 kB
VmallocUsed:      131876 kB
VmallocChunk:          0 kB
Percpu:             2448 kB
CmaTotal:         405504 kB
CmaFree:               0 kB
MemTotal:        7918588 kB
MemFree:          187428 kB
MemAvailable:    2814696 kB
Buffers:           56584 kB
Cached:          2673472 kB
SwapCached:            0 kB
Active:          4235472 kB
Inactive:        1132504 kB
Active(anon):    2599240 kB
Inactive(anon):    66708 kB
Active(file):    1636232 kB
Inactive(file):  1065796 kB
Unevictable:        6160 kB
Mlocked:            5720 kB
SwapTotal:       4718584 kB
SwapFree:        4718584 kB
Dirty:               600 kB
Writeback:             0 kB
AnonPages:       2644112 kB
Mapped:          1149012 kB
Shmem:             23376 kB
KReclaimable:     315464 kB
Slab:             317532 kB
SReclaimable:      92816 kB
SUnreclaim:       224716 kB
KernelStack:       48832 kB
ShadowCallStack:   12232 kB
PageTables:        72004 kB
NFS_Unstable:          0 kB
Bounce:                0 kB
WritebackTmp:          0 kB
CommitLimit:     8677876 kB
Committed_AS:   71245576 kB
VmallocTotal:   263061440 kB
VmallocUsed:      131872 kB
VmallocChunk:          0 kB
Percpu:             2448 kB
CmaTotal:         405504 kB
CmaFree:               0 kB
MemTotal:        7918588 kB
MemFree:          184116 kB
MemAvailable:    2811372 kB
Buffers:           56584 kB
Cached:          2673476 kB
SwapCached:            0 kB
Active:          4237904 kB
Inactive:        1132504 kB
Active(anon):    2601672 kB
Inactive(anon):    66704 kB
Active(file):    1636232 kB
Inactive(file):  1065800 kB
Unevictable:        6160 kB
Mlocked:            5720 kB
SwapTotal:       4718584 kB
SwapFree:        4718584 kB
Dirty:               600 kB
Writeback:             0 kB
AnonPages:       2646440 kB
Mapped:          1148976 kB
Shmem:             23376 kB
KReclaimable:     315448 kB
Slab:             317580 kB
SReclaimable:      92816 kB
SUnreclaim:       224764 kB
KernelStack:       48832 kB
ShadowCallStack:   12228 kB
PageTables:        71976 kB
NFS_Unstable:          0 kB
Bounce:                0 kB
WritebackTmp:          0 kB
CommitLimit:     8677876 kB
Committed_AS:   71245576 kB
VmallocTotal:   263061440 kB
VmallocUsed:      131912 kB
VmallocChunk:          0 kB
Percpu:             2448 kB
CmaTotal:         405504 kB
CmaFree:              28 kB
MemTotal:        7918588 kB
MemFree:          174244 kB
MemAvailable:    2801260 kB
Buffers:           56584 kB
Cached:          2673476 kB
SwapCached:            0 kB
Active:          4250360 kB
Inactive:        1132504 kB
Active(anon):    2614128 kB
Inactive(anon):    66704 kB
Active(file):    1636232 kB
Inactive(file):  1065800 kB
Unevictable:        6160 kB
Mlocked:            5720 kB
SwapTotal:       4718584 kB
SwapFree:        4718584 kB
Dirty:               600 kB
Writeback:             0 kB
AnonPages:       2659012 kB
Mapped:          1149024 kB
Shmem:             23376 kB
KReclaimable:     315208 kB
Slab:             317560 kB
SReclaimable:      92816 kB
SUnreclaim:       224744 kB
KernelStack:       48848 kB
ShadowCallStack:   12236 kB
PageTables:        72120 kB
NFS_Unstable:          0 kB
Bounce:                0 kB
WritebackTmp:          0 kB
CommitLimit:     8677876 kB
Committed_AS:   71278344 kB
VmallocTotal:   263061440 kB
VmallocUsed:      131848 kB
VmallocChunk:          0 kB
Percpu:             2448 kB
CmaTotal:         405504 kB
CmaFree:               0 kB
MemTotal:        7918588 kB
MemFree:          153028 kB
MemAvailable:    2770040 kB
Buffers:           56588 kB
Cached:          2665652 kB
SwapCached:            0 kB
Active:          4292444 kB
Inactive:        1112728 kB
Active(anon):    2644252 kB
Inactive(anon):    66708 kB
Active(file):    1648192 kB
Inactive(file):  1046020 kB
Unevictable:        6160 kB
Mlocked:            5720 kB
SwapTotal:       4718584 kB
SwapFree:        4718584 kB
Dirty:               644 kB
Writeback:             0 kB
AnonPages:       2689192 kB
Mapped:          1147108 kB
Shmem:             23376 kB
KReclaimable:     313024 kB
Slab:             316840 kB
SReclaimable:      92128 kB
SUnreclaim:       224712 kB
KernelStack:       48816 kB
ShadowCallStack:   12244 kB
PageTables:        72136 kB
NFS_Unstable:          0 kB
Bounce:                0 kB
WritebackTmp:          0 kB
CommitLimit:     8677876 kB
Committed_AS:   71360224 kB
VmallocTotal:   263061440 kB
VmallocUsed:      131884 kB
VmallocChunk:          0 kB
Percpu:             2448 kB
CmaTotal:         405504 kB
CmaFree:              16 kB
MemTotal:        7918588 kB
MemFree:          152544 kB
MemAvailable:    2769412 kB
Buffers:           56588 kB
Cached:          2665652 kB
SwapCached:            0 kB
Active:          4293152 kB
Inactive:        1112728 kB
Active(anon):    2644960 kB
Inactive(anon):    66708 kB
Active(file):    1648192 kB
Inactive(file):  1046020 kB
Unevictable:        6160 kB
Mlocked:            5720 kB
SwapTotal:       4718584 kB
SwapFree:        4718584 kB
Dirty:               664 kB
Writeback:             0 kB
AnonPages:       2689816 kB
Mapped:          1147064 kB
Shmem:             23376 kB
KReclaimable:     312880 kB
Slab:             316688 kB
SReclaimable:      91984 kB
SUnreclaim:       224704 kB
KernelStack:       48816 kB
ShadowCallStack:   12228 kB
PageTables:        72356 kB
NFS_Unstable:          0 kB
Bounce:                0 kB
WritebackTmp:          0 kB
CommitLimit:     8677876 kB
Committed_AS:   71360220 kB
VmallocTotal:   263061440 kB
VmallocUsed:      131892 kB
VmallocChunk:          0 kB
Percpu:             2448 kB
CmaTotal:         405504 kB
CmaFree:              12 kB
MemTotal:        7918588 kB
MemFree:          150100 kB
MemAvailable:    2741676 kB
Buffers:           56504 kB
Cached:          2644600 kB
SwapCached:            0 kB
Active:          4335348 kB
Inactive:        1075240 kB
Active(anon):    2670800 kB
Inactive(anon):    66704 kB
Active(file):    1664548 kB
Inactive(file):  1008536 kB
Unevictable:        6160 kB
Mlocked:            5720 kB
SwapTotal:       4718584 kB
SwapFree:        4718584 kB
Dirty:               672 kB
Writeback:             0 kB
AnonPages:       2715668 kB
Mapped:          1142356 kB
Shmem:             23380 kB
KReclaimable:     308716 kB
Slab:             315228 kB
SReclaimable:      90576 kB
SUnreclaim:       224652 kB
KernelStack:       48720 kB
ShadowCallStack:   12200 kB
PageTables:        71948 kB
NFS_Unstable:          0 kB
Bounce:                0 kB
WritebackTmp:          0 kB
CommitLimit:     8677876 kB
Committed_AS:   71425500 kB
VmallocTotal:   263061440 kB
VmallocUsed:      131792 kB
VmallocChunk:          0 kB
Percpu:             2448 kB
CmaTotal:         405504 kB
CmaFree:               8 kB
MemTotal:        7918588 kB
MemFree:          150716 kB
MemAvailable:    2723908 kB
Buffers:           56452 kB
Cached:          2627720 kB
SwapCached:            0 kB
Active:          4353184 kB
Inactive:        1057652 kB
Active(anon):    2688000 kB
Inactive(anon):    66696 kB
Active(file):    1665184 kB
Inactive(file):   990956 kB
Unevictable:        6160 kB
Mlocked:            5720 kB
SwapTotal:       4718584 kB
SwapFree:        4718584 kB
Dirty:               700 kB
Writeback:             0 kB
AnonPages:       2732868 kB
