MemTotal:        7918588 kB
MemFree:         3272044 kB
MemAvailable:    4884840 kB
Buffers:            5072 kB
Cached:          1308316 kB
SwapCached:         8740 kB
Active:          1135680 kB
Inactive:         858644 kB
Active(anon):     492444 kB
Inactive(anon):   208696 kB
Active(file):     643236 kB
Inactive(file):   649948 kB
Unevictable:        6416 kB
Mlocked:            5976 kB
SwapTotal:       4718584 kB
SwapFree:        3910816 kB
Dirty:            144764 kB
Writeback:             0 kB
AnonPages:        682796 kB
Mapped:           500224 kB
Shmem:             15448 kB
KReclaimable:     922828 kB
Slab:             318780 kB
SReclaimable:      88248 kB
SUnreclaim:       230532 kB
KernelStack:       49536 kB
ShadowCallStack:   12416 kB
PageTables:        65448 kB
NFS_Unstable:          0 kB
Bounce:                0 kB
WritebackTmp:          0 kB
CommitLimit:     8677876 kB
Committed_AS:   67507276 kB
VmallocTotal:   263061440 kB
VmallocUsed:      133900 kB
VmallocChunk:          0 kB
Percpu:             2448 kB
CmaTotal:         405504 kB
CmaFree:          303888 kB
MemTotal:        7918588 kB
MemFree:         3237072 kB
MemAvailable:    4637284 kB
Buffers:            5108 kB
Cached:          1312472 kB
SwapCached:         8804 kB
Active:          1168260 kB
Inactive:         858928 kB
Active(anon):     521552 kB
Inactive(anon):   208676 kB
Active(file):     646708 kB
Inactive(file):   650252 kB
Unevictable:        6416 kB
Mlocked:            5976 kB
SwapTotal:       4718584 kB
SwapFree:        3911072 kB
Dirty:            144768 kB
Writeback:             0 kB
AnonPages:        711484 kB
Mapped:           515680 kB
Shmem:             15940 kB
KReclaimable:     706468 kB
Slab:             319228 kB
SReclaimable:      88296 kB
SUnreclaim:       230932 kB
KernelStack:       49952 kB
ShadowCallStack:   12508 kB
PageTables:        66300 kB
NFS_Unstable:          0 kB
Bounce:                0 kB
WritebackTmp:          0 kB
CommitLimit:     8677876 kB
Committed_AS:   67563652 kB
VmallocTotal:   263061440 kB
VmallocUsed:      134384 kB
VmallocChunk:          0 kB
Percpu:             2448 kB
CmaTotal:         405504 kB
CmaFree:          303884 kB
MemTotal:        7918588 kB
MemFree:         3234824 kB
MemAvailable:    4635136 kB
Buffers:            5124 kB
Cached:          1312560 kB
SwapCached:         8804 kB
Active:          1169884 kB
Inactive:         858988 kB
Active(anon):     523176 kB
Inactive(anon):   208668 kB
Active(file):     646708 kB
Inactive(file):   650320 kB
Unevictable:        6416 kB
Mlocked:            5976 kB
SwapTotal:       4718584 kB
SwapFree:        3911072 kB
Dirty:            144852 kB
Writeback:             0 kB
AnonPages:        713036 kB
Mapped:           516396 kB
Shmem:             15976 kB
KReclaimable:     706500 kB
Slab:             319512 kB
SReclaimable:      88328 kB
SUnreclaim:       231184 kB
KernelStack:       49952 kB
ShadowCallStack:   12520 kB
PageTables:        66444 kB
NFS_Unstable:          0 kB
Bounce:                0 kB
WritebackTmp:          0 kB
CommitLimit:     8677876 kB
Committed_AS:   67563660 kB
VmallocTotal:   263061440 kB
VmallocUsed:      134396 kB
VmallocChunk:          0 kB
Percpu:             2448 kB
CmaTotal:         405504 kB
CmaFree:          303884 kB
MemTotal:        7918588 kB
MemFree:         3233840 kB
MemAvailable:    4633376 kB
Buffers:            5124 kB
Cached:          1312580 kB
SwapCached:         8804 kB
Active:          1172852 kB
Inactive:         858992 kB
Active(anon):     526144 kB
Inactive(anon):   208656 kB
Active(file):     646708 kB
Inactive(file):   650336 kB
Unevictable:        6416 kB
Mlocked:            5976 kB
SwapTotal:       4718584 kB
SwapFree:        3911328 kB
Dirty:            144864 kB
Writeback:             0 kB
AnonPages:        716092 kB
Mapped:           517016 kB
Shmem:             15980 kB
KReclaimable:     705708 kB
Slab:             319608 kB
SReclaimable:      88296 kB
SUnreclaim:       231312 kB
KernelStack:       49968 kB
ShadowCallStack:   12516 kB
PageTables:        66360 kB
NFS_Unstable:          0 kB
Bounce:                0 kB
WritebackTmp:          0 kB
CommitLimit:     8677876 kB
Committed_AS:   67563660 kB
VmallocTotal:   263061440 kB
VmallocUsed:      134400 kB
VmallocChunk:          0 kB
Percpu:             2448 kB
CmaTotal:         405504 kB
CmaFree:          304908 kB
MemTotal:        7918588 kB
MemFree:         3243604 kB
MemAvailable:    4663292 kB
Buffers:            5124 kB
Cached:          1312672 kB
SwapCached:         8804 kB
Active:          1184468 kB
Inactive:         839056 kB
Active(anon):     537760 kB
Inactive(anon):   188720 kB
Active(file):     646708 kB
Inactive(file):   650336 kB
Unevictable:        6416 kB
Mlocked:            5976 kB
SwapTotal:       4718584 kB
SwapFree:        3914400 kB
Dirty:            144864 kB
Writeback:             0 kB
AnonPages:        707564 kB
Mapped:           517632 kB
Shmem:             16072 kB
KReclaimable:     725860 kB
Slab:             319616 kB
SReclaimable:      88296 kB
SUnreclaim:       231320 kB
KernelStack:       49808 kB
ShadowCallStack:   12464 kB
PageTables:        66092 kB
NFS_Unstable:          0 kB
Bounce:                0 kB
WritebackTmp:          0 kB
CommitLimit:     8677876 kB
Committed_AS:   67563136 kB
VmallocTotal:   263061440 kB
VmallocUsed:      133924 kB
VmallocChunk:          0 kB
Percpu:             2448 kB
CmaTotal:         405504 kB
CmaFree:          305036 kB
MemTotal:        7918588 kB
MemFree:         3243672 kB
MemAvailable:    4663364 kB
Buffers:            5124 kB
Cached:          1312672 kB
SwapCached:         8804 kB
Active:          1185252 kB
Inactive:         838976 kB
Active(anon):     538544 kB
Inactive(anon):   188640 kB
Active(file):     646708 kB
Inactive(file):   650336 kB
Unevictable:        6416 kB
Mlocked:            5976 kB
SwapTotal:       4718584 kB
SwapFree:        3914400 kB
Dirty:            144864 kB
Writeback:             0 kB
AnonPages:        708264 kB
Mapped:           517860 kB
Shmem:             16072 kB
KReclaimable:     725864 kB
Slab:             319548 kB
SReclaimable:      88296 kB
SUnreclaim:       231252 kB
KernelStack:       49808 kB
ShadowCallStack:   12460 kB
PageTables:        66000 kB
NFS_Unstable:          0 kB
Bounce:                0 kB
WritebackTmp:          0 kB
CommitLimit:     8677876 kB
Committed_AS:   67563352 kB
VmallocTotal:   263061440 kB
VmallocUsed:      133948 kB
VmallocChunk:          0 kB
Percpu:             2448 kB
CmaTotal:         405504 kB
CmaFree:          305036 kB
MemTotal:        7918588 kB
MemFree:         3174824 kB
MemAvailable:    4473156 kB
Buffers:            5124 kB
Cached:          1312852 kB
SwapCached:         8804 kB
Active:          1252556 kB
Inactive:         838952 kB
Active(anon):     605848 kB
Inactive(anon):   188560 kB
Active(file):     646708 kB
Inactive(file):   650392 kB
Unevictable:        6416 kB
Mlocked:            5976 kB
SwapTotal:       4718584 kB
SwapFree:        3914400 kB
Dirty:            100400 kB
Writeback:         28192 kB
AnonPages:        775460 kB
Mapped:           519996 kB
Shmem:             16196 kB
KReclaimable:     604448 kB
Slab:             319768 kB
SReclaimable:      88456 kB
SUnreclaim:       231312 kB
KernelStack:       49904 kB
ShadowCallStack:   12504 kB
PageTables:        66492 kB
NFS_Unstable:          0 kB
Bounce:                0 kB
WritebackTmp:          0 kB
CommitLimit:     8677876 kB
Committed_AS:   67587084 kB
VmallocTotal:   263061440 kB
VmallocUsed:      134032 kB
VmallocChunk:          0 kB
Percpu:             2448 kB
CmaTotal:         405504 kB
CmaFree:          305036 kB
MemTotal:        7918588 kB
MemFree:         3014216 kB
MemAvailable:    4368032 kB
Buffers:            5140 kB
Cached:          1314020 kB
SwapCached:         8816 kB
Active:          1412012 kB
Inactive:         839004 kB
Active(anon):     764208 kB
Inactive(anon):   188560 kB
Active(file):     647804 kB
Inactive(file):   650444 kB
Unevictable:        6416 kB
Mlocked:            5976 kB
SwapTotal:       4718584 kB
SwapFree:        3914400 kB
Dirty:             18188 kB
Writeback:             0 kB
AnonPages:        933772 kB
Mapped:           603028 kB
Shmem:             16232 kB
KReclaimable:     658784 kB
Slab:             320008 kB
SReclaimable:      88500 kB
SUnreclaim:       231508 kB
KernelStack:       49840 kB
ShadowCallStack:   12476 kB
PageTables:        67072 kB
NFS_Unstable:          0 kB
Bounce:                0 kB
WritebackTmp:          0 kB
CommitLimit:     8677876 kB
Committed_AS:   67945600 kB
VmallocTotal:   263061440 kB
VmallocUsed:      133908 kB
VmallocChunk:          0 kB
Percpu:             2448 kB
CmaTotal:         405504 kB
CmaFree:          305028 kB
MemTotal:        7918588 kB
MemFree:         2991660 kB
MemAvailable:    4324308 kB
Buffers:            5164 kB
Cached:          1323124 kB
SwapCached:         8820 kB
Active:          1435180 kB
Inactive:         839052 kB
Active(anon):     778276 kB
Inactive(anon):   188540 kB
Active(file):     656904 kB
Inactive(file):   650512 kB
Unevictable:        6416 kB
Mlocked:            5976 kB
SwapTotal:       4718584 kB
SwapFree:        3914400 kB
Dirty:             18204 kB
Writeback:             0 kB
AnonPages:        947832 kB
Mapped:           612984 kB
Shmem:             16076 kB
KReclaimable:     628448 kB
Slab:             320204 kB
SReclaimable:      88516 kB
SUnreclaim:       231688 kB
KernelStack:       49808 kB
ShadowCallStack:   12476 kB
PageTables:        67108 kB
NFS_Unstable:          0 kB
Bounce:                0 kB
WritebackTmp:          0 kB
CommitLimit:     8677876 kB
Committed_AS:   67973748 kB
VmallocTotal:   263061440 kB
VmallocUsed:      133964 kB
VmallocChunk:          0 kB
Percpu:             2448 kB
CmaTotal:         405504 kB
CmaFree:          305036 kB
MemTotal:        7918588 kB
MemFree:         2878396 kB
MemAvailable:    4202504 kB
Buffers:            5172 kB
Cached:          1333744 kB
SwapCached:         8828 kB
Active:          1548460 kB
Inactive:         839132 kB
Active(anon):     880892 kB
Inactive(anon):   188540 kB
Active(file):     667568 kB
Inactive(file):   650592 kB
Unevictable:        6416 kB
Mlocked:            5976 kB
SwapTotal:       4718584 kB
SwapFree:        3914912 kB
Dirty:             18236 kB
Writeback:             0 kB
AnonPages:       1050428 kB
Mapped:           641660 kB
Shmem:             16076 kB
KReclaimable:     609164 kB
Slab:             320300 kB
SReclaimable:      88516 kB
SUnreclaim:       231784 kB
KernelStack:       49840 kB
ShadowCallStack:   12492 kB
PageTables:        67592 kB
NFS_Unstable:          0 kB
Bounce:                0 kB
WritebackTmp:          0 kB
CommitLimit:     8677876 kB
Committed_AS:   68217112 kB
VmallocTotal:   263061440 kB
VmallocUsed:      133980 kB
VmallocChunk:          0 kB
Percpu:             2448 kB
CmaTotal:         405504 kB
CmaFree:          305036 kB
MemTotal:        7918588 kB
MemFree:         2762620 kB
MemAvailable:    4085388 kB
Buffers:            5172 kB
Cached:          1333944 kB
SwapCached:         8828 kB
Active:          1663112 kB
Inactive:         839132 kB
Active(anon):     995356 kB
Inactive(anon):   188532 kB
Active(file):     667756 kB
Inactive(file):   650600 kB
Unevictable:        6416 kB
Mlocked:            5976 kB
SwapTotal:       4718584 kB
SwapFree:        3914912 kB
Dirty:             18312 kB
Writeback:             0 kB
AnonPages:       1164932 kB
Mapped:           642892 kB
Shmem:             16080 kB
KReclaimable:     607628 kB
Slab:             320364 kB
SReclaimable:      88516 kB
SUnreclaim:       231848 kB
KernelStack:       49840 kB
ShadowCallStack:   12488 kB
PageTables:        68172 kB
NFS_Unstable:          0 kB
Bounce:                0 kB
WritebackTmp:          0 kB
CommitLimit:     8677876 kB
Committed_AS:   68495584 kB
VmallocTotal:   263061440 kB
VmallocUsed:      133980 kB
VmallocChunk:          0 kB
Percpu:             2448 kB
CmaTotal:         405504 kB
CmaFree:          305036 kB
MemTotal:        7918588 kB
MemFree:         2674984 kB
MemAvailable:    3987848 kB
Buffers:            5196 kB
Cached:          1333976 kB
SwapCached:         8828 kB
Active:          1753724 kB
Inactive:         838444 kB
Active(anon):    1085968 kB
Inactive(anon):   187792 kB
Active(file):     667756 kB
Inactive(file):   650652 kB
Unevictable:        6416 kB
Mlocked:            5976 kB
SwapTotal:       4718584 kB
SwapFree:        3919776 kB
Dirty:             18336 kB
Writeback:             0 kB
AnonPages:       1255032 kB
Mapped:           641308 kB
Shmem:             16084 kB
KReclaimable:     597672 kB
Slab:             320176 kB
SReclaimable:      88452 kB
SUnreclaim:       231724 kB
KernelStack:       49648 kB
ShadowCallStack:   12436 kB
PageTables:        68644 kB
NFS_Unstable:          0 kB
Bounce:                0 kB
WritebackTmp:          0 kB
CommitLimit:     8677876 kB
Committed_AS:   68707956 kB
VmallocTotal:   263061440 kB
VmallocUsed:      133736 kB
VmallocChunk:          0 kB
Percpu:             2448 kB
CmaTotal:         405504 kB
CmaFree:          305036 kB
MemTotal:        7918588 kB
MemFree:         2576796 kB
MemAvailable:    3888532 kB
Buffers:            5196 kB
Cached:          1333976 kB
SwapCached:         8828 kB
Active:          1851744 kB
Inactive:         838436 kB
Active(anon):    1183988 kB
Inactive(anon):   187784 kB
Active(file):     667756 kB
Inactive(file):   650652 kB
Unevictable:        6416 kB
Mlocked:            5976 kB
SwapTotal:       4718584 kB
SwapFree:        3919776 kB
Dirty:             18208 kB
Writeback:             0 kB
AnonPages:       1352780 kB
Mapped:           642156 kB
Shmem:             16084 kB
KReclaimable:     596544 kB
Slab:             320184 kB
SReclaimable:      88452 kB
SUnreclaim:       231732 kB
KernelStack:       49600 kB
ShadowCallStack:   12424 kB
PageTables:        68964 kB
NFS_Unstable:          0 kB
Bounce:                0 kB
WritebackTmp:          0 kB
CommitLimit:     8677876 kB
Committed_AS:   68953664 kB
VmallocTotal:   263061440 kB
VmallocUsed:      133720 kB
VmallocChunk:          0 kB
Percpu:             2448 kB
CmaTotal:         405504 kB
CmaFree:          305036 kB
MemTotal:        7918588 kB
MemFree:         2492860 kB
MemAvailable:    3742972 kB
Buffers:            5196 kB
Cached:          1334012 kB
SwapCached:         8828 kB
Active:          1934848 kB
Inactive:         838140 kB
Active(anon):    1267092 kB
Inactive(anon):   187456 kB
Active(file):     667756 kB
Inactive(file):   650684 kB
Unevictable:        6416 kB
Mlocked:            5976 kB
SwapTotal:       4718584 kB
SwapFree:        3920800 kB
Dirty:             18240 kB
Writeback:             0 kB
AnonPages:       1435504 kB
Mapped:           642984 kB
Shmem:             16088 kB
KReclaimable:     534888 kB
Slab:             320368 kB
SReclaimable:      88452 kB
SUnreclaim:       231916 kB
KernelStack:       49600 kB
ShadowCallStack:   12424 kB
PageTables:        69908 kB
NFS_Unstable:          0 kB
Bounce:                0 kB
WritebackTmp:          0 kB
CommitLimit:     8677876 kB
Committed_AS:   69150228 kB
VmallocTotal:   263061440 kB
VmallocUsed:      133700 kB
VmallocChunk:          0 kB
Percpu:             2448 kB
CmaTotal:         405504 kB
CmaFree:          305036 kB
MemTotal:        7918588 kB
MemFree:         2386404 kB
MemAvailable:    3635544 kB
Buffers:            5196 kB
Cached:          1334684 kB
SwapCached:         8828 kB
Active:          2041128 kB
Inactive:         838136 kB
Active(anon):    1372704 kB
Inactive(anon):   187452 kB
Active(file):     668424 kB
Inactive(file):   650684 kB
Unevictable:        6416 kB
Mlocked:            5976 kB
SwapTotal:       4718584 kB
SwapFree:        3920800 kB
Dirty:             18240 kB
Writeback:             0 kB
AnonPages:       1541192 kB
Mapped:           644336 kB
Shmem:             16092 kB
KReclaimable:     533248 kB
Slab:             320276 kB
SReclaimable:      88452 kB
SUnreclaim:       231824 kB
KernelStack:       49536 kB
ShadowCallStack:   12420 kB
PageTables:        70132 kB
NFS_Unstable:          0 kB
Bounce:                0 kB
WritebackTmp:          0 kB
CommitLimit:     8677876 kB
Committed_AS:   69412380 kB
VmallocTotal:   263061440 kB
VmallocUsed:      133584 kB
VmallocChunk:          0 kB
Percpu:             2448 kB
CmaTotal:         405504 kB
CmaFree:          305036 kB
MemTotal:        7918588 kB
MemFree:         2288472 kB
MemAvailable:    3536612 kB
Buffers:            5196 kB
Cached:          1334688 kB
SwapCached:         8828 kB
Active:          2137892 kB
Inactive:         838152 kB
Active(anon):    1469468 kB
Inactive(anon):   187468 kB
Active(file):     668424 kB
Inactive(file):   650684 kB
Unevictable:        6416 kB
Mlocked:            5976 kB
SwapTotal:       4718584 kB
SwapFree:        3920800 kB
Dirty:             18240 kB
Writeback:             0 kB
AnonPages:       1638048 kB
Mapped:           645176 kB
Shmem:             16096 kB
KReclaimable:     532248 kB
Slab:             320488 kB
SReclaimable:      88452 kB
SUnreclaim:       232036 kB
KernelStack:       49520 kB
ShadowCallStack:   12412 kB
PageTables:        70928 kB
NFS_Unstable:          0 kB
Bounce:                0 kB
WritebackTmp:          0 kB
CommitLimit:     8677876 kB
Committed_AS:   69641756 kB
VmallocTotal:   263061440 kB
VmallocUsed:      133600 kB
VmallocChunk:          0 kB
Percpu:             2448 kB
CmaTotal:         405504 kB
CmaFree:          305036 kB
MemTotal:        7918588 kB
MemFree:         2199796 kB
MemAvailable:    3446608 kB
Buffers:            5196 kB
Cached:          1334688 kB
SwapCached:         8828 kB
Active:          2226888 kB
Inactive:         838148 kB
Active(anon):    1558464 kB
Inactive(anon):   187464 kB
Active(file):     668424 kB
Inactive(file):   650684 kB
Unevictable:        6416 kB
Mlocked:            5976 kB
SwapTotal:       4718584 kB
SwapFree:        3920800 kB
Dirty:             18240 kB
Writeback:             0 kB
AnonPages:       1727040 kB
Mapped:           645832 kB
Shmem:             16096 kB
KReclaimable:     530920 kB
Slab:             320480 kB
SReclaimable:      88452 kB
SUnreclaim:       232028 kB
KernelStack:       49488 kB
ShadowCallStack:   12392 kB
PageTables:        71248 kB
NFS_Unstable:          0 kB
Bounce:                0 kB
WritebackTmp:          0 kB
CommitLimit:     8677876 kB
Committed_AS:   69887308 kB
VmallocTotal:   263061440 kB
VmallocUsed:      133512 kB
VmallocChunk:          0 kB
Percpu:             2448 kB
CmaTotal:         405504 kB
CmaFree:          305036 kB
MemTotal:        7918588 kB
MemFree:         2098944 kB
MemAvailable:    3343852 kB
Buffers:            5204 kB
Cached:          1334688 kB
SwapCached:         8828 kB
Active:          2326480 kB
Inactive:         838120 kB
Active(anon):    1658056 kB
Inactive(anon):   187428 kB
Active(file):     668424 kB
Inactive(file):   650692 kB
Unevictable:        6416 kB
Mlocked:            5976 kB
SwapTotal:       4718584 kB
SwapFree:        3921056 kB
Dirty:             17400 kB
Writeback:             0 kB
AnonPages:       1826384 kB
Mapped:           647056 kB
Shmem:             16096 kB
KReclaimable:     529008 kB
Slab:             320476 kB
SReclaimable:      88452 kB
SUnreclaim:       232024 kB
KernelStack:       49424 kB
ShadowCallStack:   12384 kB
PageTables:        71748 kB
NFS_Unstable:          0 kB
Bounce:                0 kB
WritebackTmp:          0 kB
CommitLimit:     8677876 kB
Committed_AS:   70133068 kB
VmallocTotal:   263061440 kB
VmallocUsed:      133516 kB
VmallocChunk:          0 kB
Percpu:             2448 kB
CmaTotal:         405504 kB
CmaFree:          305036 kB
MemTotal:        7918588 kB
MemFree:         2007588 kB
MemAvailable:    3251376 kB
Buffers:            5204 kB
Cached:          1334704 kB
SwapCached:         8828 kB
Active:          2417676 kB
Inactive:         838132 kB
Active(anon):    1749252 kB
Inactive(anon):   187424 kB
Active(file):     668424 kB
Inactive(file):   650708 kB
Unevictable:        6416 kB
Mlocked:            5976 kB
SwapTotal:       4718584 kB
SwapFree:        3921056 kB
Dirty:             17576 kB
Writeback:             0 kB
AnonPages:       1917720 kB
Mapped:           647704 kB
Shmem:             16096 kB
KReclaimable:     527872 kB
Slab:             320644 kB
SReclaimable:      88388 kB
SUnreclaim:       232256 kB
KernelStack:       49424 kB
ShadowCallStack:   12376 kB
PageTables:        72364 kB
NFS_Unstable:          0 kB
Bounce:                0 kB
WritebackTmp:          0 kB
CommitLimit:     8677876 kB
Committed_AS:   70378828 kB
VmallocTotal:   263061440 kB
VmallocUsed:      133428 kB
VmallocChunk:          0 kB
Percpu:             2448 kB
CmaTotal:         405504 kB
CmaFree:          305036 kB
MemTotal:        7918588 kB
MemFree:         1914112 kB
MemAvailable:    3156232 kB
Buffers:            5204 kB
Cached:          1334708 kB
SwapCached:         8828 kB
Active:          2510704 kB
Inactive:         838136 kB
Active(anon):    1842280 kB
Inactive(anon):   187432 kB
Active(file):     668424 kB
Inactive(file):   650704 kB
Unevictable:        6416 kB
Mlocked:            5976 kB
SwapTotal:       4718584 kB
SwapFree:        3921056 kB
Dirty:             17576 kB
Writeback:             0 kB
AnonPages:       2010752 kB
Mapped:           648844 kB
Shmem:             16104 kB
KReclaimable:     526208 kB
Slab:             320792 kB
SReclaimable:      88388 kB
SUnreclaim:       232404 kB
KernelStack:       49392 kB
ShadowCallStack:   12368 kB
PageTables:        72688 kB
NFS_Unstable:          0 kB
Bounce:                0 kB
WritebackTmp:          0 kB
CommitLimit:     8677876 kB
Committed_AS:   70575444 kB
VmallocTotal:   263061440 kB
VmallocUsed:      133424 kB
VmallocChunk:          0 kB
Percpu:             2448 kB
CmaTotal:         405504 kB
CmaFree:          305036 kB
MemTotal:        7918588 kB
MemFree:         1825532 kB
MemAvailable:    3066964 kB
Buffers:            5204 kB
Cached:          1334712 kB
SwapCached:         8828 kB
Active:          2598384 kB
Inactive:         838136 kB
Active(anon):    1929960 kB
Inactive(anon):   187432 kB
Active(file):     668424 kB
Inactive(file):   650704 kB
Unevictable:        6416 kB
Mlocked:            5976 kB
SwapTotal:       4718584 kB
SwapFree:        3921056 kB
Dirty:             17576 kB
Writeback:             0 kB
AnonPages:       2098456 kB
Mapped:           649572 kB
Shmem:             16108 kB
KReclaimable:     525520 kB
Slab:             320848 kB
SReclaimable:      88388 kB
SUnreclaim:       232460 kB
KernelStack:       49408 kB
ShadowCallStack:   12376 kB
PageTables:        73116 kB
NFS_Unstable:          0 kB
Bounce:                0 kB
WritebackTmp:          0 kB
CommitLimit:     8677876 kB
Committed_AS:   70788440 kB
VmallocTotal:   263061440 kB
VmallocUsed:      133440 kB
VmallocChunk:          0 kB
Percpu:             2448 kB
CmaTotal:         405504 kB
CmaFree:          305036 kB
MemTotal:        7918588 kB
MemFree:         1745484 kB
MemAvailable:    2986252 kB
Buffers:            5204 kB
Cached:          1334712 kB
SwapCached:         8828 kB
Active:          2678884 kB
Inactive:         838136 kB
Active(anon):    2010460 kB
Inactive(anon):   187432 kB
Active(file):     668424 kB
Inactive(file):   650704 kB
Unevictable:        6416 kB
Mlocked:            5976 kB
SwapTotal:       4718584 kB
SwapFree:        3921056 kB
Dirty:             17576 kB
Writeback:             0 kB
AnonPages:       2178968 kB
Mapped:           649980 kB
Shmem:             16108 kB
KReclaimable:     524856 kB
Slab:             320892 kB
SReclaimable:      88388 kB
SUnreclaim:       232504 kB
KernelStack:       49408 kB
ShadowCallStack:   12372 kB
PageTables:        73468 kB
NFS_Unstable:          0 kB
Bounce:                0 kB
WritebackTmp:          0 kB
CommitLimit:     8677876 kB
Committed_AS:   70985048 kB
VmallocTotal:   263061440 kB
VmallocUsed:      133420 kB
VmallocChunk:          0 kB
Percpu:             2448 kB
CmaTotal:         405504 kB
CmaFree:          275184 kB
MemTotal:        7918588 kB
MemFree:         1690236 kB
MemAvailable:    2932048 kB
Buffers:            5216 kB
Cached:          1335752 kB
SwapCached:         8828 kB
Active:          2733472 kB
Inactive:         838196 kB
Active(anon):    2064064 kB
Inactive(anon):   187424 kB
Active(file):     669408 kB
Inactive(file):   650772 kB
Unevictable:        6416 kB
Mlocked:            5976 kB
SwapTotal:       4718584 kB
SwapFree:        3921056 kB
Dirty:             17496 kB
Writeback:             0 kB
AnonPages:       2232524 kB
Mapped:           650472 kB
Shmem:             16108 kB
KReclaimable:     524848 kB
Slab:             321992 kB
SReclaimable:      89204 kB
SUnreclaim:       232788 kB
KernelStack:       49104 kB
ShadowCallStack:   12300 kB
PageTables:        73756 kB
NFS_Unstable:          0 kB
Bounce:                0 kB
WritebackTmp:          0 kB
CommitLimit:     8677876 kB
Committed_AS:   71116068 kB
VmallocTotal:   263061440 kB
VmallocUsed:      133080 kB
VmallocChunk:          0 kB
Percpu:             2448 kB
CmaTotal:         405504 kB
CmaFree:          221428 kB
MemTotal:        7918588 kB
MemFree:         1611716 kB
MemAvailable:    2852216 kB
Buffers:            5216 kB
Cached:          1335764 kB
SwapCached:         8828 kB
Active:          2811568 kB
Inactive:         838200 kB
Active(anon):    2142160 kB
Inactive(anon):   187428 kB
Active(file):     669408 kB
Inactive(file):   650772 kB
Unevictable:        6416 kB
Mlocked:            5976 kB
SwapTotal:       4718584 kB
SwapFree:        3921056 kB
Dirty:             17500 kB
Writeback:             0 kB
AnonPages:       2310664 kB
Mapped:           651312 kB
Shmem:             16120 kB
KReclaimable:     523536 kB
Slab:             321892 kB
SReclaimable:      89236 kB
SUnreclaim:       232656 kB
KernelStack:       49040 kB
ShadowCallStack:   12292 kB
PageTables:        74144 kB
NFS_Unstable:          0 kB
Bounce:                0 kB
WritebackTmp:          0 kB
CommitLimit:     8677876 kB
Committed_AS:   71296096 kB
VmallocTotal:   263061440 kB
VmallocUsed:      133000 kB
VmallocChunk:          0 kB
Percpu:             2448 kB
CmaTotal:         405504 kB
CmaFree:          143100 kB
MemTotal:        7918588 kB
MemFree:         1543644 kB
MemAvailable:    2783640 kB
Buffers:            5224 kB
Cached:          1335756 kB
SwapCached:         8828 kB
Active:          2879412 kB
Inactive:         838200 kB
Active(anon):    2210004 kB
Inactive(anon):   187428 kB
Active(file):     669408 kB
Inactive(file):   650772 kB
Unevictable:        6416 kB
Mlocked:            5976 kB
SwapTotal:       4718584 kB
SwapFree:        3921056 kB
Dirty:             17552 kB
Writeback:             0 kB
AnonPages:       2378488 kB
Mapped:           651760 kB
Shmem:             16120 kB
KReclaimable:     523032 kB
Slab:             322000 kB
SReclaimable:      89236 kB
SUnreclaim:       232764 kB
KernelStack:       49008 kB
ShadowCallStack:   12284 kB
PageTables:        74500 kB
NFS_Unstable:          0 kB
Bounce:                0 kB
WritebackTmp:          0 kB
CommitLimit:     8677876 kB
Committed_AS:   71459936 kB
VmallocTotal:   263061440 kB
VmallocUsed:      133000 kB
VmallocChunk:          0 kB
Percpu:             2448 kB
CmaTotal:         405504 kB
CmaFree:           75184 kB
MemTotal:        7918588 kB
MemFree:         1469116 kB
MemAvailable:    2708044 kB
Buffers:            5224 kB
Cached:          1335804 kB
SwapCached:         8828 kB
Active:          2955360 kB
Inactive:         837764 kB
Active(anon):    2285952 kB
Inactive(anon):   186980 kB
Active(file):     669408 kB
Inactive(file):   650784 kB
Unevictable:        6416 kB
Mlocked:            5976 kB
SwapTotal:       4718584 kB
SwapFree:        3921056 kB
Dirty:             17564 kB
Writeback:             0 kB
AnonPages:       2454164 kB
Mapped:           652296 kB
Shmem:             16156 kB
KReclaimable:     521952 kB
Slab:             322008 kB
SReclaimable:      89236 kB
SUnreclaim:       232772 kB
KernelStack:       48976 kB
ShadowCallStack:   12268 kB
PageTables:        74592 kB
NFS_Unstable:          0 kB
Bounce:                0 kB
WritebackTmp:          0 kB
CommitLimit:     8677876 kB
Committed_AS:   71640928 kB
VmallocTotal:   263061440 kB
VmallocUsed:      132900 kB
VmallocChunk:          0 kB
Percpu:             2448 kB
CmaTotal:         405504 kB
CmaFree:             120 kB
MemTotal:        7918588 kB
MemFree:         1407340 kB
MemAvailable:    2645668 kB
Buffers:            5224 kB
Cached:          1335804 kB
SwapCached:         8828 kB
Active:          3017552 kB
Inactive:         837764 kB
Active(anon):    2348144 kB
Inactive(anon):   186980 kB
Active(file):     669408 kB
Inactive(file):   650784 kB
Unevictable:        6416 kB
Mlocked:            5976 kB
SwapTotal:       4718584 kB
SwapFree:        3921056 kB
Dirty:             17564 kB
Writeback:             0 kB
AnonPages:       2516072 kB
Mapped:           652788 kB
Shmem:             16156 kB
KReclaimable:     521352 kB
Slab:             322200 kB
SReclaimable:      89236 kB
SUnreclaim:       232964 kB
KernelStack:       48976 kB
ShadowCallStack:   12260 kB
PageTables:        75004 kB
NFS_Unstable:          0 kB
Bounce:                0 kB
WritebackTmp:          0 kB
CommitLimit:     8677876 kB
Committed_AS:   71771996 kB
VmallocTotal:   263061440 kB
VmallocUsed:      132892 kB
VmallocChunk:          0 kB
Percpu:             2448 kB
CmaTotal:         405504 kB
CmaFree:               0 kB
MemTotal:        7918588 kB
MemFree:         1306180 kB
MemAvailable:    2450432 kB
Buffers:            5232 kB
Cached:          1335892 kB
SwapCached:         8828 kB
Active:          3118240 kB
Inactive:         837756 kB
Active(anon):    2448832 kB
Inactive(anon):   186956 kB
Active(file):     669408 kB
Inactive(file):   650800 kB
Unevictable:        6416 kB
Mlocked:            5976 kB
SwapTotal:       4718584 kB
SwapFree:        3921568 kB
Dirty:             17564 kB
Writeback:             0 kB
AnonPages:       2616996 kB
Mapped:           654128 kB
Shmem:             16236 kB
KReclaimable:     399008 kB
Slab:             322148 kB
SReclaimable:      89236 kB
SUnreclaim:       232912 kB
KernelStack:       49088 kB
ShadowCallStack:   12288 kB
PageTables:        75324 kB
NFS_Unstable:          0 kB
Bounce:                0 kB
WritebackTmp:          0 kB
CommitLimit:     8677876 kB
Committed_AS:   71903464 kB
VmallocTotal:   263061440 kB
VmallocUsed:      133040 kB
VmallocChunk:          0 kB
Percpu:             2448 kB
CmaTotal:         405504 kB
CmaFree:               0 kB
MemTotal:        7918588 kB
MemFree:         1277892 kB
MemAvailable:    2514644 kB
Buffers:            5232 kB
Cached:          1335812 kB
SwapCached:         8828 kB
Active:          3146140 kB
Inactive:         837756 kB
Active(anon):    2476732 kB
Inactive(anon):   186956 kB
Active(file):     669408 kB
Inactive(file):   650800 kB
Unevictable:        6416 kB
Mlocked:            5976 kB
SwapTotal:       4718584 kB
SwapFree:        3921568 kB
Dirty:             17564 kB
Writeback:             0 kB
AnonPages:       2644668 kB
Mapped:           654072 kB
Shmem:             16156 kB
KReclaimable:     519760 kB
Slab:             322172 kB
SReclaimable:      89252 kB
SUnreclaim:       232920 kB
KernelStack:       48976 kB
ShadowCallStack:   12268 kB
PageTables:        75636 kB
NFS_Unstable:          0 kB
Bounce:                0 kB
WritebackTmp:          0 kB
CommitLimit:     8677876 kB
Committed_AS:   72066908 kB
VmallocTotal:   263061440 kB
VmallocUsed:      132896 kB
VmallocChunk:          0 kB
Percpu:             2448 kB
CmaTotal:         405504 kB
CmaFree:               0 kB
MemTotal:        7918588 kB
MemFree:         1222132 kB
MemAvailable:    2458396 kB
Buffers:            5232 kB
Cached:          1335816 kB
SwapCached:         8828 kB
Active:          3201064 kB
Inactive:         837748 kB
Active(anon):    2531656 kB
Inactive(anon):   186948 kB
Active(file):     669408 kB
Inactive(file):   650800 kB
Unevictable:        6416 kB
Mlocked:            5976 kB
SwapTotal:       4718584 kB
SwapFree:        3921568 kB
Dirty:             17564 kB
Writeback:             0 kB
AnonPages:       2699552 kB
Mapped:           654320 kB
Shmem:             16160 kB
KReclaimable:     519272 kB
Slab:             322216 kB
SReclaimable:      89252 kB
SUnreclaim:       232964 kB
KernelStack:       48944 kB
ShadowCallStack:   12256 kB
PageTables:        75768 kB
NFS_Unstable:          0 kB
Bounce:                0 kB
WritebackTmp:          0 kB
CommitLimit:     8677876 kB
Committed_AS:   72181496 kB
VmallocTotal:   263061440 kB
VmallocUsed:      132860 kB
VmallocChunk:          0 kB
Percpu:             2448 kB
CmaTotal:         405504 kB
CmaFree:               0 kB
MemTotal:        7918588 kB
MemFree:         1168532 kB
MemAvailable:    2403980 kB
Buffers:            5232 kB
Cached:          1335816 kB
SwapCached:         8828 kB
Active:          3254820 kB
Inactive:         837752 kB
Active(anon):    2585412 kB
Inactive(anon):   186952 kB
Active(file):     669408 kB
Inactive(file):   650800 kB
Unevictable:        6416 kB
Mlocked:            5976 kB
SwapTotal:       4718584 kB
SwapFree:        3921568 kB
Dirty:             17500 kB
Writeback:             0 kB
AnonPages:       2753364 kB
Mapped:           654900 kB
Shmem:             16160 kB
KReclaimable:     518456 kB
Slab:             322304 kB
SReclaimable:      89268 kB
SUnreclaim:       233036 kB
KernelStack:       48864 kB
ShadowCallStack:   12248 kB
PageTables:        76112 kB
NFS_Unstable:          0 kB
Bounce:                0 kB
WritebackTmp:          0 kB
CommitLimit:     8677876 kB
Committed_AS:   72312360 kB
VmallocTotal:   263061440 kB
VmallocUsed:      132776 kB
VmallocChunk:          0 kB
Percpu:             2448 kB
CmaTotal:         405504 kB
CmaFree:               0 kB
MemTotal:        7918588 kB
MemFree:         1093720 kB
MemAvailable:    2328224 kB
Buffers:            5232 kB
Cached:          1335820 kB
SwapCached:         8828 kB
Active:          3329340 kB
Inactive:         837748 kB
Active(anon):    2659932 kB
Inactive(anon):   186948 kB
Active(file):     669408 kB
Inactive(file):   650800 kB
Unevictable:        6416 kB
Mlocked:            5976 kB
SwapTotal:       4718584 kB
SwapFree:        3921568 kB
Dirty:             17500 kB
Writeback:             0 kB
AnonPages:       2828036 kB
Mapped:           655456 kB
Shmem:             16164 kB
KReclaimable:     517512 kB
Slab:             322276 kB
SReclaimable:      89268 kB
SUnreclaim:       233008 kB
KernelStack:       48832 kB
ShadowCallStack:   12236 kB
PageTables:        76284 kB
NFS_Unstable:          0 kB
Bounce:                0 kB
WritebackTmp:          0 kB
CommitLimit:     8677876 kB
Committed_AS:   72476204 kB
VmallocTotal:   263061440 kB
VmallocUsed:      132748 kB
VmallocChunk:          0 kB
Percpu:             2448 kB
CmaTotal:         405504 kB
CmaFree:               0 kB
MemTotal:        7918588 kB
MemFree:         1031456 kB
MemAvailable:    2265468 kB
Buffers:            5240 kB
Cached:          1335836 kB
SwapCached:         8828 kB
Active:          3391480 kB
Inactive:         837772 kB
Active(anon):    2722072 kB
Inactive(anon):   186952 kB
Active(file):     669408 kB
Inactive(file):   650820 kB
Unevictable:        6416 kB
Mlocked:            5976 kB
SwapTotal:       4718584 kB
SwapFree:        3921568 kB
Dirty:               452 kB
Writeback:             0 kB
AnonPages:       2890076 kB
Mapped:           655784 kB
Shmem:             16168 kB
KReclaimable:     517000 kB
Slab:             322392 kB
SReclaimable:      89268 kB
SUnreclaim:       233124 kB
KernelStack:       48880 kB
ShadowCallStack:   12244 kB
PageTables:        76668 kB
NFS_Unstable:          0 kB
Bounce:                0 kB
WritebackTmp:          0 kB
CommitLimit:     8677876 kB
Committed_AS:   72623664 kB
VmallocTotal:   263061440 kB
VmallocUsed:      132796 kB
VmallocChunk:          0 kB
Percpu:             2448 kB
CmaTotal:         405504 kB
CmaFree:               0 kB
MemTotal:        7918588 kB
MemFree:          973740 kB
MemAvailable:    2206800 kB
Buffers:            5240 kB
Cached:          1335828 kB
SwapCached:         8828 kB
Active:          3450008 kB
Inactive:         837756 kB
Active(anon):    2780600 kB
Inactive(anon):   186944 kB
Active(file):     669408 kB
Inactive(file):   650812 kB
Unevictable:        6416 kB
Mlocked:            5976 kB
SwapTotal:       4718584 kB
SwapFree:        3921568 kB
Dirty:               448 kB
Writeback:             0 kB
AnonPages:       2948484 kB
Mapped:           656512 kB
Shmem:             16168 kB
KReclaimable:     516056 kB
Slab:             322448 kB
SReclaimable:      89268 kB
SUnreclaim:       233180 kB
KernelStack:       48864 kB
ShadowCallStack:   12224 kB
PageTables:        76788 kB
NFS_Unstable:          0 kB
Bounce:                0 kB
WritebackTmp:          0 kB
CommitLimit:     8677876 kB
Committed_AS:   72754740 kB
VmallocTotal:   263061440 kB
VmallocUsed:      132780 kB
VmallocChunk:          0 kB
Percpu:             2448 kB
CmaTotal:         405504 kB
CmaFree:              20 kB
MemTotal:        7918588 kB
MemFree:          917360 kB
MemAvailable:    2149812 kB
Buffers:            5240 kB
Cached:          1335840 kB
SwapCached:         8828 kB
Active:          3505140 kB
Inactive:         837772 kB
Active(anon):    2835732 kB
Inactive(anon):   186952 kB
Active(file):     669408 kB
Inactive(file):   650820 kB
Unevictable:        6416 kB
Mlocked:            5976 kB
SwapTotal:       4718584 kB
SwapFree:        3921568 kB
Dirty:               452 kB
Writeback:             0 kB
AnonPages:       3003708 kB
Mapped:           656812 kB
Shmem:             16172 kB
KReclaimable:     515440 kB
Slab:             322468 kB
SReclaimable:      89300 kB
SUnreclaim:       233168 kB
KernelStack:       48816 kB
ShadowCallStack:   12228 kB
PageTables:        77152 kB
NFS_Unstable:          0 kB
Bounce:                0 kB
WritebackTmp:          0 kB
CommitLimit:     8677876 kB
Committed_AS:   72885656 kB
VmallocTotal:   263061440 kB
VmallocUsed:      132720 kB
VmallocChunk:          0 kB
Percpu:             2448 kB
CmaTotal:         405504 kB
CmaFree:               0 kB
MemTotal:        7918588 kB
MemFree:          853600 kB
MemAvailable:    2085404 kB
Buffers:            5240 kB
Cached:          1335840 kB
SwapCached:         8828 kB
Active:          3568564 kB
Inactive:         837768 kB
Active(anon):    2899156 kB
Inactive(anon):   186948 kB
Active(file):     669408 kB
Inactive(file):   650820 kB
Unevictable:        6416 kB
Mlocked:            5976 kB
SwapTotal:       4718584 kB
SwapFree:        3921568 kB
Dirty:               452 kB
Writeback:             0 kB
AnonPages:       3067268 kB
Mapped:           657260 kB
Shmem:             16172 kB
KReclaimable:     514792 kB
Slab:             322608 kB
SReclaimable:      89300 kB
SUnreclaim:       233308 kB
KernelStack:       48848 kB
ShadowCallStack:   12232 kB
PageTables:        77528 kB
NFS_Unstable:          0 kB
Bounce:                0 kB
WritebackTmp:          0 kB
CommitLimit:     8677876 kB
Committed_AS:   73049496 kB
VmallocTotal:   263061440 kB
VmallocUsed:      132720 kB
VmallocChunk:          0 kB
Percpu:             2448 kB
CmaTotal:         405504 kB
CmaFree:               0 kB
MemTotal:        7918588 kB
MemFree:          799940 kB
MemAvailable:    2031064 kB
Buffers:            5240 kB
Cached:          1335840 kB
SwapCached:         8828 kB
Active:          3622956 kB
Inactive:         837768 kB
Active(anon):    2953548 kB
Inactive(anon):   186948 kB
Active(file):     669408 kB
Inactive(file):   650820 kB
Unevictable:        6416 kB
Mlocked:            5976 kB
SwapTotal:       4718584 kB
SwapFree:        3921568 kB
Dirty:               468 kB
Writeback:             0 kB
AnonPages:       3121488 kB
Mapped:           657708 kB
Shmem:             16172 kB
KReclaimable:     514112 kB
Slab:             322468 kB
SReclaimable:      89300 kB
SUnreclaim:       233168 kB
KernelStack:       48832 kB
ShadowCallStack:   12232 kB
PageTables:        77688 kB
NFS_Unstable:          0 kB
Bounce:                0 kB
WritebackTmp:          0 kB
CommitLimit:     8677876 kB
Committed_AS:   73164180 kB
VmallocTotal:   263061440 kB
VmallocUsed:      132736 kB
VmallocChunk:          0 kB
Percpu:             2448 kB
CmaTotal:         405504 kB
CmaFree:               0 kB
MemTotal:        7918588 kB
MemFree:          732208 kB
MemAvailable:    1962700 kB
Buffers:            5248 kB
Cached:          1335872 kB
SwapCached:         8828 kB
Active:          3690000 kB
Inactive:         837804 kB
Active(anon):    3020592 kB
Inactive(anon):   186952 kB
Active(file):     669408 kB
Inactive(file):   650852 kB
Unevictable:        6416 kB
Mlocked:            5976 kB
SwapTotal:       4718584 kB
SwapFree:        3921568 kB
Dirty:               512 kB
Writeback:             0 kB
AnonPages:       3188496 kB
Mapped:           658276 kB
Shmem:             16180 kB
KReclaimable:     513448 kB
Slab:             322480 kB
SReclaimable:      89316 kB
SUnreclaim:       233164 kB
KernelStack:       48816 kB
ShadowCallStack:   12236 kB
PageTables:        78020 kB
NFS_Unstable:          0 kB
Bounce:                0 kB
WritebackTmp:          0 kB
CommitLimit:     8677876 kB
Committed_AS:   73323932 kB
VmallocTotal:   263061440 kB
VmallocUsed:      132716 kB
VmallocChunk:          0 kB
Percpu:             2448 kB
CmaTotal:         405504 kB
CmaFree:               0 kB
MemTotal:        7918588 kB
MemFree:          671956 kB
MemAvailable:    1901528 kB
Buffers:            5248 kB
Cached:          1335884 kB
SwapCached:         8828 kB
Active:          3749796 kB
Inactive:         837808 kB
Active(anon):    3080388 kB
Inactive(anon):   186948 kB
Active(file):     669408 kB
Inactive(file):   650860 kB
Unevictable:        6416 kB
Mlocked:            5976 kB
SwapTotal:       4718584 kB
SwapFree:        3921568 kB
Dirty:               512 kB
Writeback:             0 kB
AnonPages:       3248152 kB
Mapped:           658820 kB
Shmem:             16184 kB
KReclaimable:     512520 kB
Slab:             322512 kB
SReclaimable:      89316 kB
SUnreclaim:       233196 kB
KernelStack:       48800 kB
ShadowCallStack:   12224 kB
PageTables:        78288 kB
NFS_Unstable:          0 kB
Bounce:                0 kB
WritebackTmp:          0 kB
CommitLimit:     8677876 kB
Committed_AS:   73455008 kB
VmallocTotal:   263061440 kB
VmallocUsed:      132684 kB
VmallocChunk:          0 kB
Percpu:             2448 kB
CmaTotal:         405504 kB
CmaFree:               0 kB
MemTotal:        7918588 kB
MemFree:          617100 kB
MemAvailable:    1846040 kB
Buffers:            5256 kB
Cached:          1335884 kB
SwapCached:         8828 kB
Active:          3804368 kB
Inactive:         837816 kB
Active(anon):    3134960 kB
Inactive(anon):   186948 kB
Active(file):     669408 kB
Inactive(file):   650868 kB
Unevictable:        6416 kB
Mlocked:            5976 kB
SwapTotal:       4718584 kB
SwapFree:        3921568 kB
Dirty:               672 kB
Writeback:             0 kB
AnonPages:       3302948 kB
Mapped:           659260 kB
Shmem:             16184 kB
KReclaimable:     511880 kB
Slab:             322528 kB
SReclaimable:      89316 kB
SUnreclaim:       233212 kB
KernelStack:       48784 kB
ShadowCallStack:   12216 kB
PageTables:        78384 kB
NFS_Unstable:          0 kB
Bounce:                0 kB
WritebackTmp:          0 kB
CommitLimit:     8677876 kB
Committed_AS:   73569592 kB
VmallocTotal:   263061440 kB
VmallocUsed:      132676 kB
VmallocChunk:          0 kB
Percpu:             2448 kB
CmaTotal:         405504 kB
CmaFree:               0 kB
MemTotal:        7918588 kB
MemFree:          558112 kB
MemAvailable:    1786404 kB
Buffers:            5256 kB
Cached:          1335884 kB
SwapCached:         8828 kB
Active:          3862712 kB
Inactive:         837812 kB
Active(anon):    3193304 kB
Inactive(anon):   186944 kB
Active(file):     669408 kB
Inactive(file):   650868 kB
Unevictable:        6416 kB
Mlocked:            5976 kB
SwapTotal:       4718584 kB
SwapFree:        3921568 kB
Dirty:               672 kB
Writeback:             0 kB
AnonPages:       3361272 kB
Mapped:           659732 kB
Shmem:             16184 kB
KReclaimable:     511232 kB
Slab:             322672 kB
SReclaimable:      89316 kB
SUnreclaim:       233356 kB
KernelStack:       48800 kB
ShadowCallStack:   12224 kB
PageTables:        78792 kB
NFS_Unstable:          0 kB
Bounce:                0 kB
WritebackTmp:          0 kB
CommitLimit:     8677876 kB
Committed_AS:   73700664 kB
VmallocTotal:   263061440 kB
VmallocUsed:      132676 kB
VmallocChunk:          0 kB
Percpu:             2448 kB
CmaTotal:         405504 kB
CmaFree:               0 kB
MemTotal:        7918588 kB
MemFree:          499340 kB
MemAvailable:    1726852 kB
Buffers:            5256 kB
Cached:          1336000 kB
SwapCached:         8828 kB
Active:          3920916 kB
Inactive:         837820 kB
Active(anon):    3251396 kB
Inactive(anon):   186948 kB
Active(file):     669520 kB
Inactive(file):   650872 kB
Unevictable:        6416 kB
Mlocked:            5976 kB
SwapTotal:       4718584 kB
SwapFree:        3921568 kB
Dirty:               676 kB
Writeback:             0 kB
AnonPages:       3419448 kB
Mapped:           660328 kB
Shmem:             16184 kB
KReclaimable:     510336 kB
Slab:             322648 kB
SReclaimable:      89332 kB
SUnreclaim:       233316 kB
KernelStack:       48784 kB
ShadowCallStack:   12216 kB
PageTables:        78864 kB
NFS_Unstable:          0 kB
Bounce:                0 kB
WritebackTmp:          0 kB
CommitLimit:     8677876 kB
Committed_AS:   73815352 kB
VmallocTotal:   263061440 kB
VmallocUsed:      132676 kB
VmallocChunk:          0 kB
Percpu:             2448 kB
CmaTotal:         405504 kB
CmaFree:               0 kB
MemTotal:        7918588 kB
MemFree:          441892 kB
MemAvailable:    1668932 kB
Buffers:            5264 kB
Cached:          1336004 kB
SwapCached:         8828 kB
Active:          3979432 kB
Inactive:         837824 kB
Active(anon):    3309912 kB
Inactive(anon):   186944 kB
Active(file):     669520 kB
Inactive(file):   650880 kB
Unevictable:        6416 kB
Mlocked:            5976 kB
SwapTotal:       4718584 kB
SwapFree:        3921568 kB
Dirty:               688 kB
Writeback:             0 kB
AnonPages:       3477776 kB
Mapped:           660640 kB
Shmem:             16188 kB
KReclaimable:     509856 kB
Slab:             322732 kB
SReclaimable:      89332 kB
SUnreclaim:       233400 kB
KernelStack:       48800 kB
ShadowCallStack:   12212 kB
PageTables:        79312 kB
NFS_Unstable:          0 kB
Bounce:                0 kB
WritebackTmp:          0 kB
CommitLimit:     8677876 kB
Committed_AS:   73962812 kB
VmallocTotal:   263061440 kB
VmallocUsed:      132692 kB
VmallocChunk:          0 kB
Percpu:             2448 kB
CmaTotal:         405504 kB
CmaFree:               0 kB
MemTotal:        7918588 kB
MemFree:          383668 kB
MemAvailable:    1610200 kB
Buffers:            5264 kB
Cached:          1336016 kB
SwapCached:         8828 kB
Active:          4037068 kB
Inactive:         837844 kB
Active(anon):    3367548 kB
Inactive(anon):   186952 kB
Active(file):     669520 kB
Inactive(file):   650892 kB
Unevictable:        6416 kB
Mlocked:            5976 kB
SwapTotal:       4718584 kB
SwapFree:        3921568 kB
Dirty:               700 kB
Writeback:             0 kB
AnonPages:       3535520 kB
Mapped:           660984 kB
Shmem:             16188 kB
KReclaimable:     509336 kB
Slab:             322676 kB
SReclaimable:      89332 kB
SUnreclaim:       233344 kB
KernelStack:       48800 kB
ShadowCallStack:   12224 kB
PageTables:        79548 kB
NFS_Unstable:          0 kB
Bounce:                0 kB
WritebackTmp:          0 kB
CommitLimit:     8677876 kB
Committed_AS:   74093840 kB
VmallocTotal:   263061440 kB
VmallocUsed:      132660 kB
VmallocChunk:          0 kB
Percpu:             2448 kB
CmaTotal:         405504 kB
CmaFree:               0 kB
MemTotal:        7918588 kB
MemFree:          336260 kB
MemAvailable:    1561976 kB
Buffers:            5264 kB
Cached:          1336016 kB
SwapCached:         8828 kB
Active:          4084052 kB
Inactive:         837840 kB
Active(anon):    3414532 kB
Inactive(anon):   186948 kB
Active(file):     669520 kB
Inactive(file):   650892 kB
Unevictable:        6416 kB
Mlocked:            5976 kB
SwapTotal:       4718584 kB
SwapFree:        3921568 kB
Dirty:               700 kB
Writeback:             0 kB
AnonPages:       3582580 kB
Mapped:           661484 kB
Shmem:             16188 kB
KReclaimable:     508520 kB
Slab:             322908 kB
SReclaimable:      89332 kB
SUnreclaim:       233576 kB
KernelStack:       48784 kB
ShadowCallStack:   12224 kB
PageTables:        79832 kB
NFS_Unstable:          0 kB
Bounce:                0 kB
WritebackTmp:          0 kB
CommitLimit:     8677876 kB
Committed_AS:   74192144 kB
VmallocTotal:   263061440 kB
VmallocUsed:      132660 kB
VmallocChunk:          0 kB
Percpu:             2448 kB
CmaTotal:         405504 kB
CmaFree:               0 kB
MemTotal:        7918588 kB
MemFree:          283940 kB
MemAvailable:    1714152 kB
Buffers:            5256 kB
Cached:          1335528 kB
SwapCached:         8828 kB
Active:          4157676 kB
Inactive:         823888 kB
Active(anon):    3474728 kB
Inactive(anon):   186948 kB
Active(file):     682948 kB
Inactive(file):   636940 kB
Unevictable:        6432 kB
Mlocked:            5992 kB
SwapTotal:       4718584 kB
SwapFree:        3921568 kB
Dirty:               700 kB
Writeback:             0 kB
AnonPages:       3642484 kB
Mapped:           661520 kB
Shmem:             16188 kB
KReclaimable:     500548 kB
Slab:             320944 kB
SReclaimable:      87476 kB
SUnreclaim:       233468 kB
KernelStack:       48768 kB
ShadowCallStack:   12220 kB
PageTables:        79964 kB
NFS_Unstable:          0 kB
Bounce:                0 kB
WritebackTmp:          0 kB
CommitLimit:     8677876 kB
Committed_AS:   74323216 kB
VmallocTotal:   263061440 kB
VmallocUsed:      132656 kB
VmallocChunk:          0 kB
Percpu:             2448 kB
CmaTotal:         405504 kB
CmaFree:               0 kB
MemTotal:        7918588 kB
MemFree:          225788 kB
MemAvailable:    1655036 kB
Buffers:            5256 kB
Cached:          1335528 kB
SwapCached:         8828 kB
Active:          4215812 kB
Inactive:         823884 kB
Active(anon):    3532864 kB
Inactive(anon):   186944 kB
Active(file):     682948 kB
Inactive(file):   636940 kB
Unevictable:        6444 kB
Mlocked:            6004 kB
SwapTotal:       4718584 kB
SwapFree:        3921568 kB
Dirty:               700 kB
Writeback:             0 kB
AnonPages:       3700752 kB
Mapped:           661988 kB
Shmem:             16188 kB
KReclaimable:     499584 kB
Slab:             321048 kB
SReclaimable:      87428 kB
SUnreclaim:       233620 kB
KernelStack:       48800 kB
ShadowCallStack:   12220 kB
PageTables:        80360 kB
NFS_Unstable:          0 kB
Bounce:                0 kB
WritebackTmp:          0 kB
CommitLimit:     8677876 kB
Committed_AS:   74454292 kB
VmallocTotal:   263061440 kB
VmallocUsed:      132664 kB
VmallocChunk:          0 kB
Percpu:             2448 kB
CmaTotal:         405504 kB
CmaFree:               0 kB
MemTotal:        7918588 kB
MemFree:          209728 kB
MemAvailable:    1625000 kB
Buffers:            5264 kB
Cached:          1325248 kB
SwapCached:         8828 kB
Active:          4267984 kB
Inactive:         807608 kB
Active(anon):    3579048 kB
Inactive(anon):   186952 kB
Active(file):     688936 kB
Inactive(file):   620656 kB
Unevictable:        6444 kB
Mlocked:            6004 kB
SwapTotal:       4718584 kB
SwapFree:        3921568 kB
Dirty:               704 kB
Writeback:             0 kB
AnonPages:       3746932 kB
Mapped:           662268 kB
Shmem:             16192 kB
KReclaimable:     495904 kB
Slab:             320932 kB
SReclaimable:      87428 kB
SUnreclaim:       233504 kB
KernelStack:       48800 kB
ShadowCallStack:   12200 kB
PageTables:        80524 kB
NFS_Unstable:          0 kB
Bounce:                0 kB
WritebackTmp:          0 kB
CommitLimit:     8677876 kB
Committed_AS:   74552596 kB
VmallocTotal:   263061440 kB
VmallocUsed:      132640 kB
VmallocChunk:          0 kB
Percpu:             2448 kB
CmaTotal:         405504 kB
CmaFree:             652 kB
MemTotal:        7918588 kB
MemFree:          201836 kB
MemAvailable:    1410128 kB
Buffers:            4520 kB
Cached:          1247032 kB
SwapCached:         8828 kB
Active:          4373956 kB
Inactive:         719352 kB
Active(anon):    3675764 kB
Inactive(anon):   186948 kB
Active(file):     698192 kB
Inactive(file):   532404 kB
Unevictable:        6444 kB
Mlocked:            6004 kB
SwapTotal:       4718584 kB
SwapFree:        3921568 kB
Dirty:               252 kB
Writeback:             0 kB
AnonPages:       3843656 kB
Mapped:           659324 kB
Shmem:             16224 kB
KReclaimable:     367920 kB
Slab:             320832 kB
SReclaimable:      87108 kB
SUnreclaim:       233724 kB
KernelStack:       48896 kB
ShadowCallStack:   12232 kB
PageTables:        81140 kB
NFS_Unstable:          0 kB
Bounce:                0 kB
WritebackTmp:          0 kB
CommitLimit:     8677876 kB
Committed_AS:   74684064 kB
VmallocTotal:   263061440 kB
VmallocUsed:      132812 kB
VmallocChunk:          0 kB
Percpu:             2448 kB
CmaTotal:         405504 kB
CmaFree:               0 kB
MemTotal:        7918588 kB
MemFree:          198104 kB
MemAvailable:    1359320 kB
Buffers:            4520 kB
Cached:          1206064 kB
SwapCached:         8828 kB
Active:          4422652 kB
Inactive:         678232 kB
Active(anon):    3724412 kB
Inactive(anon):   186948 kB
Active(file):     698240 kB
Inactive(file):   491284 kB
Unevictable:        6444 kB
Mlocked:            6004 kB
SwapTotal:       4718584 kB
SwapFree:        3921568 kB
Dirty:               224 kB
Writeback:             0 kB
AnonPages:       3892060 kB
Mapped:           659752 kB
Shmem:             16352 kB
KReclaimable:     361916 kB
Slab:             320148 kB
SReclaimable:      86304 kB
SUnreclaim:       233844 kB
KernelStack:       48880 kB
ShadowCallStack:   12244 kB
PageTables:        81184 kB
NFS_Unstable:          0 kB
Bounce:                0 kB
WritebackTmp:          0 kB
CommitLimit:     8677876 kB
Committed_AS:   74815136 kB
VmallocTotal:   263061440 kB
VmallocUsed:      132804 kB
VmallocChunk:          0 kB
Percpu:             2448 kB
CmaTotal:         405504 kB
CmaFree:               0 kB
MemTotal:        7918588 kB
MemFree:          195936 kB
MemAvailable:    1472320 kB
Buffers:            4520 kB
Cached:          1200784 kB
SwapCached:         8828 kB
Active:          4429604 kB
Inactive:         673116 kB
Active(anon):    3731364 kB
Inactive(anon):   186952 kB
Active(file):     698240 kB
Inactive(file):   486164 kB
Unevictable:        6444 kB
Mlocked:            6004 kB
SwapTotal:       4718584 kB
SwapFree:        3921568 kB
Dirty:               224 kB
Writeback:             0 kB
AnonPages:       3899064 kB
Mapped:           659364 kB
Shmem:             16192 kB
KReclaimable:     482204 kB
Slab:             319632 kB
SReclaimable:      86056 kB
SUnreclaim:       233576 kB
KernelStack:       48736 kB
ShadowCallStack:   12208 kB
PageTables:        80940 kB
NFS_Unstable:          0 kB
Bounce:                0 kB
WritebackTmp:          0 kB
CommitLimit:     8677876 kB
Committed_AS:   74896660 kB
VmallocTotal:   263061440 kB
VmallocUsed:      132660 kB
VmallocChunk:          0 kB
Percpu:             2448 kB
CmaTotal:         405504 kB
CmaFree:             224 kB
MemTotal:        7918588 kB
MemFree:          197528 kB
MemAvailable:    1399712 kB
Buffers:            4436 kB
Cached:          1142412 kB
SwapCached:         8828 kB
Active:          4548308 kB
Inactive:         568848 kB
Active(anon):    3804264 kB
Inactive(anon):   186948 kB
Active(file):     744044 kB
Inactive(file):   381900 kB
Unevictable:        6444 kB
Mlocked:            6004 kB
SwapTotal:       4718584 kB
SwapFree:        3921568 kB
Dirty:               224 kB
Writeback:             0 kB
AnonPages:       3972176 kB
Mapped:           646972 kB
Shmem:             16196 kB
KReclaimable:     466464 kB
Slab:             318796 kB
SReclaimable:      84996 kB
SUnreclaim:       233800 kB
KernelStack:       48768 kB
ShadowCallStack:   12212 kB
PageTables:        81844 kB
NFS_Unstable:          0 kB
Bounce:                0 kB
WritebackTmp:          0 kB
CommitLimit:     8677876 kB
Committed_AS:   75044068 kB
VmallocTotal:   263061440 kB
VmallocUsed:      132604 kB
VmallocChunk:          0 kB
Percpu:             2448 kB
CmaTotal:         405504 kB
CmaFree:               0 kB
MemTotal:        7918588 kB
MemFree:          196680 kB
MemAvailable:    1350540 kB
Buffers:            4444 kB
Cached:          1101760 kB
SwapCached:         8828 kB
Active:          4608460 kB
Inactive:         515544 kB
Active(anon):    3851796 kB
Inactive(anon):   186952 kB
Active(file):     756664 kB
Inactive(file):   328592 kB
Unevictable:        6444 kB
Mlocked:            6004 kB
SwapTotal:       4718584 kB
SwapFree:        3921568 kB
Dirty:               240 kB
Writeback:             0 kB
AnonPages:       4019608 kB
Mapped:           628544 kB
Shmem:             16196 kB
KReclaimable:     458828 kB
Slab:             318260 kB
SReclaimable:      84624 kB
SUnreclaim:       233636 kB
KernelStack:       48752 kB
ShadowCallStack:   12200 kB
PageTables:        81704 kB
NFS_Unstable:          0 kB
Bounce:                0 kB
WritebackTmp:          0 kB
CommitLimit:     8677876 kB
Committed_AS:   75142376 kB
VmallocTotal:   263061440 kB
VmallocUsed:      132620 kB
VmallocChunk:          0 kB
Percpu:             2448 kB
CmaTotal:         405504 kB
CmaFree:               0 kB
MemTotal:        7918588 kB
MemFree:          196644 kB
MemAvailable:    1300436 kB
Buffers:            4424 kB
Cached:          1058756 kB
SwapCached:         8828 kB
Active:          4667084 kB
Inactive:         462956 kB
Active(anon):    3901060 kB
Inactive(anon):   186948 kB
Active(file):     766024 kB
Inactive(file):   276008 kB
Unevictable:        6444 kB
Mlocked:            6004 kB
SwapTotal:       4718584 kB
SwapFree:        3921568 kB
Dirty:               272 kB
Writeback:             0 kB
AnonPages:       4069284 kB
Mapped:           620052 kB
Shmem:             16196 kB
KReclaimable:     451984 kB
Slab:             317752 kB
SReclaimable:      84068 kB
SUnreclaim:       233684 kB
KernelStack:       48704 kB
ShadowCallStack:   12216 kB
PageTables:        82044 kB
NFS_Unstable:          0 kB
Bounce:                0 kB
WritebackTmp:          0 kB
CommitLimit:     8677876 kB
Committed_AS:   75240676 kB
VmallocTotal:   263061440 kB
VmallocUsed:      132620 kB
VmallocChunk:          0 kB
Percpu:             2448 kB
CmaTotal:         405504 kB
CmaFree:               0 kB
MemTotal:        7918588 kB
MemFree:          196188 kB
MemAvailable:    1235468 kB
Buffers:            4404 kB
Cached:          1002804 kB
SwapCached:         8828 kB
Active:          4730660 kB
Inactive:         406500 kB
Active(anon):    3963912 kB
Inactive(anon):   186952 kB
Active(file):     766748 kB
Inactive(file):   219548 kB
Unevictable:        6444 kB
Mlocked:            6004 kB
SwapTotal:       4718584 kB
SwapFree:        3921568 kB
Dirty:               272 kB
Writeback:             0 kB
AnonPages:       4131792 kB
Mapped:           620236 kB
Shmem:             16200 kB
KReclaimable:     443208 kB
Slab:             316288 kB
SReclaimable:      82564 kB
SUnreclaim:       233724 kB
KernelStack:       48752 kB
ShadowCallStack:   12216 kB
PageTables:        81916 kB
NFS_Unstable:          0 kB
Bounce:                0 kB
WritebackTmp:          0 kB
CommitLimit:     8677876 kB
Committed_AS:   75388136 kB
VmallocTotal:   263061440 kB
VmallocUsed:      132616 kB
VmallocChunk:          0 kB
Percpu:             2448 kB
CmaTotal:         405504 kB
CmaFree:               0 kB
MemTotal:        7918588 kB
MemFree:          194008 kB
MemAvailable:    1185292 kB
Buffers:            4248 kB
Cached:           962856 kB
SwapCached:         8828 kB
Active:          4792696 kB
Inactive:         354996 kB
Active(anon):    4014552 kB
Inactive(anon):   186948 kB
Active(file):     778144 kB
Inactive(file):   168048 kB
Unevictable:        6444 kB
Mlocked:            6004 kB
SwapTotal:       4718584 kB
SwapFree:        3921824 kB
Dirty:               272 kB
Writeback:             0 kB
AnonPages:       4182320 kB
Mapped:           619388 kB
Shmem:             16204 kB
KReclaimable:     435316 kB
Slab:             315344 kB
SReclaimable:      81536 kB
SUnreclaim:       233808 kB
KernelStack:       48784 kB
ShadowCallStack:   12204 kB
PageTables:        82732 kB
NFS_Unstable:          0 kB
Bounce:                0 kB
WritebackTmp:          0 kB
CommitLimit:     8677876 kB
Committed_AS:   75502988 kB
VmallocTotal:   263061440 kB
VmallocUsed:      132664 kB
VmallocChunk:          0 kB
Percpu:             2448 kB
CmaTotal:         405504 kB
CmaFree:               0 kB
MemTotal:        7918588 kB
MemFree:          196752 kB
MemAvailable:    1130848 kB
Buffers:            4248 kB
Cached:           913176 kB
SwapCached:         8828 kB
Active:          4845068 kB
Inactive:         305144 kB
Active(anon):    4066924 kB
Inactive(anon):   186948 kB
Active(file):     778144 kB
Inactive(file):   118196 kB
Unevictable:        6444 kB
Mlocked:            6004 kB
SwapTotal:       4718584 kB
SwapFree:        3921824 kB
Dirty:               272 kB
Writeback:             0 kB
AnonPages:       4234660 kB
Mapped:           619772 kB
Shmem:             16204 kB
KReclaimable:     427980 kB
Slab:             314124 kB
SReclaimable:      80392 kB
SUnreclaim:       233732 kB
KernelStack:       48768 kB
ShadowCallStack:   12216 kB
PageTables:        82232 kB
NFS_Unstable:          0 kB
Bounce:                0 kB
WritebackTmp:          0 kB
CommitLimit:     8677876 kB
Committed_AS:   75617672 kB
VmallocTotal:   263061440 kB
VmallocUsed:      132660 kB
VmallocChunk:          0 kB
Percpu:             2448 kB
CmaTotal:         405504 kB
CmaFree:               8 kB
MemTotal:        7918588 kB
MemFree:          197364 kB
MemAvailable:    1058784 kB
Buffers:            3504 kB
Cached:           865064 kB
SwapCached:         8804 kB
Active:          5009808 kB
Inactive:         162960 kB
Active(anon):    4212724 kB
Inactive(anon):   112160 kB
Active(file):     797084 kB
Inactive(file):    50800 kB
Unevictable:        6444 kB
Mlocked:            6004 kB
SwapTotal:       4718584 kB
SwapFree:        3914912 kB
Dirty:               284 kB
Writeback:             0 kB
AnonPages:       4306024 kB
Mapped:           618504 kB
Shmem:             16032 kB
KReclaimable:     403760 kB
Slab:             312988 kB
SReclaimable:      79052 kB
SUnreclaim:       233936 kB
KernelStack:       48752 kB
ShadowCallStack:   12216 kB
PageTables:        82812 kB
NFS_Unstable:          0 kB
Bounce:                0 kB
WritebackTmp:          0 kB
CommitLimit:     8677876 kB
Committed_AS:   75797796 kB
VmallocTotal:   263061440 kB
VmallocUsed:      132640 kB
VmallocChunk:          0 kB
Percpu:             2448 kB
CmaTotal:         405504 kB
CmaFree:               0 kB
MemTotal:        7918588 kB
MemFree:          197624 kB
MemAvailable:    1024524 kB
Buffers:             420 kB
Cached:           842668 kB
SwapCached:         8796 kB
Active:          5078768 kB
Inactive:         101252 kB
Active(anon):    4276216 kB
Inactive(anon):    81392 kB
Active(file):     802552 kB
Inactive(file):    19860 kB
Unevictable:        6444 kB
Mlocked:            6004 kB
SwapTotal:       4718584 kB
SwapFree:        3914656 kB
Dirty:               160 kB
Writeback:             0 kB
AnonPages:       4339032 kB
Mapped:           609548 kB
Shmem:             15968 kB
KReclaimable:     394712 kB
Slab:             312500 kB
SReclaimable:      78684 kB
SUnreclaim:       233816 kB
KernelStack:       48704 kB
ShadowCallStack:   12200 kB
PageTables:        82836 kB
NFS_Unstable:          0 kB
Bounce:                0 kB
WritebackTmp:          0 kB
CommitLimit:     8677876 kB
Committed_AS:   75846788 kB
VmallocTotal:   263061440 kB
VmallocUsed:      132600 kB
VmallocChunk:          0 kB
Percpu:             2448 kB
CmaTotal:         405504 kB
CmaFree:              60 kB
MemTotal:        7918588 kB
MemFree:          200284 kB
MemAvailable:     972188 kB
Buffers:             380 kB
Cached:           813460 kB
SwapCached:         8784 kB
Active:           490628 kB
Inactive:        4706840 kB
Active(anon):     398060 kB
Inactive(anon):  4006124 kB
Active(file):      92568 kB
Inactive(file):   700716 kB
Unevictable:        6444 kB
Mlocked:            6004 kB
SwapTotal:       4718584 kB
SwapFree:        3900064 kB
Dirty:               164 kB
Writeback:             0 kB
AnonPages:       4385336 kB
Mapped:           594704 kB
Shmem:             15848 kB
KReclaimable:     368844 kB
Slab:             312512 kB
SReclaimable:      78640 kB
SUnreclaim:       233872 kB
KernelStack:       48672 kB
ShadowCallStack:   12192 kB
PageTables:        83268 kB
NFS_Unstable:          0 kB
Bounce:                0 kB
WritebackTmp:          0 kB
CommitLimit:     8677876 kB
Committed_AS:   75977760 kB
VmallocTotal:   263061440 kB
VmallocUsed:      132536 kB
VmallocChunk:          0 kB
Percpu:             2448 kB
CmaTotal:         405504 kB
CmaFree:               0 kB
MemTotal:        7918588 kB
MemFree:          197500 kB
MemAvailable:     898456 kB
Buffers:             368 kB
Cached:           760704 kB
SwapCached:         8784 kB
Active:           557892 kB
Inactive:        4651276 kB
Active(anon):     462920 kB
Inactive(anon):  4005824 kB
Active(file):      94972 kB
Inactive(file):   645452 kB
Unevictable:        6444 kB
Mlocked:            6004 kB
SwapTotal:       4718584 kB
SwapFree:        3900064 kB
Dirty:               164 kB
Writeback:             0 kB
AnonPages:       4450060 kB
Mapped:           567676 kB
Shmem:             15848 kB
KReclaimable:     358948 kB
Slab:             312444 kB
SReclaimable:      78640 kB
SUnreclaim:       233804 kB
KernelStack:       48576 kB
ShadowCallStack:   12172 kB
PageTables:        83080 kB
NFS_Unstable:          0 kB
Bounce:                0 kB
WritebackTmp:          0 kB
CommitLimit:     8677876 kB
Committed_AS:   76108572 kB
VmallocTotal:   263061440 kB
VmallocUsed:      132436 kB
VmallocChunk:          0 kB
Percpu:             2448 kB
CmaTotal:         405504 kB
CmaFree:               0 kB
MemTotal:        7918588 kB
MemFree:          197176 kB
MemAvailable:     868688 kB
Buffers:             368 kB
Cached:           733904 kB
SwapCached:         8784 kB
Active:           601664 kB
Inactive:        4620312 kB
Active(anon):     504496 kB
Inactive(anon):  4003760 kB
Active(file):      97168 kB
Inactive(file):   616552 kB
Unevictable:        6444 kB
Mlocked:            6004 kB
SwapTotal:       4718584 kB
SwapFree:        3900064 kB
Dirty:               168 kB
Writeback:             0 kB
AnonPages:       4489544 kB
Mapped:           552568 kB
Shmem:             15848 kB
KReclaimable:     348016 kB
Slab:             312536 kB
SReclaimable:      78636 kB
SUnreclaim:       233900 kB
KernelStack:       48592 kB
ShadowCallStack:   12176 kB
PageTables:        83552 kB
NFS_Unstable:          0 kB
Bounce:                0 kB
WritebackTmp:          0 kB
CommitLimit:     8677876 kB
Committed_AS:   76190492 kB
VmallocTotal:   263061440 kB
VmallocUsed:      132436 kB
VmallocChunk:          0 kB
Percpu:             2448 kB
CmaTotal:         405504 kB
CmaFree:               0 kB
MemTotal:        7918588 kB
MemFree:          200868 kB
MemAvailable:     804224 kB
Buffers:             368 kB
Cached:           685344 kB
SwapCached:         8784 kB
Active:           671908 kB
Inactive:        4563660 kB
Active(anon):     567668 kB
Inactive(anon):  4002744 kB
Active(file):     104240 kB
Inactive(file):   560916 kB
Unevictable:        6444 kB
Mlocked:            6004 kB
SwapTotal:       4718584 kB
SwapFree:        3900064 kB
Dirty:               200 kB
Writeback:             0 kB
AnonPages:       4551740 kB
Mapped:           529224 kB
Shmem:             15848 kB
KReclaimable:     328424 kB
Slab:             312644 kB
SReclaimable:      78636 kB
SUnreclaim:       234008 kB
KernelStack:       48512 kB
ShadowCallStack:   12160 kB
PageTables:        83808 kB
NFS_Unstable:          0 kB
Bounce:                0 kB
WritebackTmp:          0 kB
CommitLimit:     8677876 kB
Committed_AS:   76337740 kB
VmallocTotal:   263061440 kB
VmallocUsed:      132380 kB
VmallocChunk:          0 kB
Percpu:             2448 kB
CmaTotal:         405504 kB
CmaFree:               0 kB
MemTotal:        7918588 kB
MemFree:          194620 kB
MemAvailable:     731132 kB
Buffers:             368 kB
Cached:           633832 kB
SwapCached:         8784 kB
Active:           747752 kB
Inactive:        4509084 kB
Active(anon):     642040 kB
Inactive(anon):  4001300 kB
Active(file):     105712 kB
Inactive(file):   507784 kB
Unevictable:        6444 kB
Mlocked:            6004 kB
SwapTotal:       4718584 kB
SwapFree:        3900064 kB
Dirty:               200 kB
Writeback:             0 kB
AnonPages:       4624588 kB
Mapped:           513520 kB
Shmem:             15848 kB
KReclaimable:     313240 kB
Slab:             312784 kB
SReclaimable:      78636 kB
SUnreclaim:       234148 kB
KernelStack:       48496 kB
ShadowCallStack:   12148 kB
PageTables:        84012 kB
NFS_Unstable:          0 kB
Bounce:                0 kB
WritebackTmp:          0 kB
CommitLimit:     8677876 kB
Committed_AS:   76452324 kB
VmallocTotal:   263061440 kB
VmallocUsed:      132316 kB
VmallocChunk:          0 kB
Percpu:             2448 kB
CmaTotal:         405504 kB
CmaFree:               0 kB
MemTotal:        7918588 kB
MemFree:          195700 kB
MemAvailable:     691800 kB
Buffers:             368 kB
Cached:           602464 kB
SwapCached:         8784 kB
Active:           786476 kB
Inactive:        4477296 kB
Active(anon):     680316 kB
Inactive(anon):  4001188 kB
Active(file):     106160 kB
Inactive(file):   476108 kB
Unevictable:        6444 kB
Mlocked:            6004 kB
SwapTotal:       4718584 kB
SwapFree:        3900064 kB
Dirty:               204 kB
Writeback:             0 kB
AnonPages:       4662824 kB
Mapped:           508812 kB
Shmem:             15856 kB
KReclaimable:     304056 kB
Slab:             312852 kB
SReclaimable:      78636 kB
SUnreclaim:       234216 kB
KernelStack:       48512 kB
ShadowCallStack:   12152 kB
PageTables:        84348 kB
NFS_Unstable:          0 kB
Bounce:                0 kB
WritebackTmp:          0 kB
CommitLimit:     8677876 kB
Committed_AS:   76534248 kB
VmallocTotal:   263061440 kB
VmallocUsed:      132300 kB
VmallocChunk:          0 kB
Percpu:             2448 kB
CmaTotal:         405504 kB
CmaFree:               0 kB
MemTotal:        7918588 kB
MemFree:          197360 kB
MemAvailable:     640220 kB
Buffers:             364 kB
Cached:           560028 kB
SwapCached:         8784 kB
Active:           839928 kB
Inactive:        4432632 kB
Active(anon):     731712 kB
Inactive(anon):  4001020 kB
Active(file):     108216 kB
Inactive(file):   431612 kB
Unevictable:        6444 kB
Mlocked:            6004 kB
SwapTotal:       4718584 kB
SwapFree:        3900064 kB
Dirty:               204 kB
Writeback:             0 kB
AnonPages:       4714036 kB
Mapped:           508372 kB
Shmem:             15856 kB
KReclaimable:     293256 kB
Slab:             312824 kB
SReclaimable:      78636 kB
SUnreclaim:       234188 kB
KernelStack:       48480 kB
ShadowCallStack:   12144 kB
PageTables:        84476 kB
NFS_Unstable:          0 kB
Bounce:                0 kB
WritebackTmp:          0 kB
CommitLimit:     8677876 kB
Committed_AS:   76648832 kB
VmallocTotal:   263061440 kB
VmallocUsed:      132276 kB
VmallocChunk:          0 kB
Percpu:             2448 kB
CmaTotal:         405504 kB
CmaFree:               0 kB
MemTotal:        7918588 kB
MemFree:          198728 kB
MemAvailable:     573104 kB
Buffers:             364 kB
Cached:           504456 kB
SwapCached:         8784 kB
Active:           906464 kB
Inactive:        4377052 kB
Active(anon):     798248 kB
Inactive(anon):  4001012 kB
Active(file):     108216 kB
Inactive(file):   376040 kB
Unevictable:        6444 kB
Mlocked:            6004 kB
SwapTotal:       4718584 kB
SwapFree:        3900064 kB
Dirty:               204 kB
Writeback:             0 kB
AnonPages:       4780504 kB
Mapped:           508540 kB
Shmem:             15856 kB
KReclaimable:     280344 kB
Slab:             312888 kB
SReclaimable:      78636 kB
SUnreclaim:       234252 kB
KernelStack:       48496 kB
ShadowCallStack:   12148 kB
PageTables:        85120 kB
NFS_Unstable:          0 kB
Bounce:                0 kB
WritebackTmp:          0 kB
CommitLimit:     8677876 kB
Committed_AS:   76779904 kB
VmallocTotal:   263061440 kB
VmallocUsed:      132288 kB
VmallocChunk:          0 kB
Percpu:             2448 kB
CmaTotal:         405504 kB
CmaFree:               0 kB
MemTotal:        7918588 kB
MemFree:          195280 kB
MemAvailable:     520448 kB
Buffers:             372 kB
Cached:           464092 kB
SwapCached:         8784 kB
Active:           959000 kB
Inactive:        4334836 kB
Active(anon):     848976 kB
Inactive(anon):  4000964 kB
Active(file):     110024 kB
Inactive(file):   333872 kB
Unevictable:        6444 kB
Mlocked:            6004 kB
SwapTotal:       4718584 kB
SwapFree:        3900064 kB
Dirty:               216 kB
Writeback:             0 kB
AnonPages:       4831220 kB
Mapped:           503568 kB
Shmem:             15860 kB
KReclaimable:     271496 kB
Slab:             312872 kB
SReclaimable:      78636 kB
SUnreclaim:       234236 kB
KernelStack:       48496 kB
ShadowCallStack:   12148 kB
PageTables:        85128 kB
NFS_Unstable:          0 kB
Bounce:                0 kB
WritebackTmp:          0 kB
CommitLimit:     8677876 kB
Committed_AS:   76878740 kB
VmallocTotal:   263061440 kB
VmallocUsed:      132280 kB
VmallocChunk:          0 kB
Percpu:             2448 kB
CmaTotal:         405504 kB
CmaFree:               0 kB
MemTotal:        7918588 kB
MemFree:          207324 kB
MemAvailable:     457052 kB
Buffers:             368 kB
Cached:           408268 kB
SwapCached:         8784 kB
Active:          1019356 kB
Inactive:        4274452 kB
Active(anon):     904852 kB
Inactive(anon):  4000932 kB
Active(file):     114504 kB
Inactive(file):   273520 kB
Unevictable:        6444 kB
Mlocked:            6004 kB
SwapTotal:       4718584 kB
SwapFree:        3900064 kB
Dirty:               216 kB
Writeback:             0 kB
AnonPages:       4887084 kB
Mapped:           486708 kB
Shmem:             15868 kB
KReclaimable:     260120 kB
Slab:             313020 kB
SReclaimable:      78636 kB
SUnreclaim:       234384 kB
KernelStack:       48480 kB
ShadowCallStack:   12144 kB
PageTables:        85264 kB
NFS_Unstable:          0 kB
Bounce:                0 kB
WritebackTmp:          0 kB
CommitLimit:     8677876 kB
Committed_AS:   77009812 kB
VmallocTotal:   263061440 kB
VmallocUsed:      132300 kB
VmallocChunk:          0 kB
Percpu:             2448 kB
CmaTotal:         405504 kB
CmaFree:               0 kB
MemTotal:        7918588 kB
MemFree:          195240 kB
MemAvailable:     409900 kB
Buffers:             376 kB
Cached:           373672 kB
SwapCached:         8784 kB
Active:          1075136 kB
Inactive:        4237560 kB
Active(anon):     958316 kB
Inactive(anon):  4000928 kB
Active(file):     116820 kB
Inactive(file):   236632 kB
Unevictable:        6444 kB
Mlocked:            6004 kB
SwapTotal:       4718584 kB
SwapFree:        3900064 kB
Dirty:               216 kB
Writeback:             0 kB
AnonPages:       4940488 kB
Mapped:           478312 kB
Shmem:             15872 kB
KReclaimable:     251432 kB
Slab:             313112 kB
SReclaimable:      78636 kB
SUnreclaim:       234476 kB
KernelStack:       48480 kB
ShadowCallStack:   12156 kB
PageTables:        85320 kB
NFS_Unstable:          0 kB
Bounce:                0 kB
WritebackTmp:          0 kB
CommitLimit:     8677876 kB
Committed_AS:   77124504 kB
VmallocTotal:   263061440 kB
VmallocUsed:      132300 kB
VmallocChunk:          0 kB
Percpu:             2448 kB
CmaTotal:         405504 kB
CmaFree:               0 kB
MemTotal:        7918588 kB
MemFree:          196580 kB
MemAvailable:     235644 kB
Buffers:             376 kB
Cached:           236348 kB
SwapCached:         8784 kB
Active:          1216600 kB
Inactive:        4061084 kB
Active(anon):    1060752 kB
Inactive(anon):  4000908 kB
Active(file):     155848 kB
Inactive(file):    60176 kB
Unevictable:        6444 kB
Mlocked:            6004 kB
SwapTotal:       4718584 kB
SwapFree:        3900064 kB
Dirty:               152 kB
Writeback:             0 kB
AnonPages:       5042796 kB
Mapped:           379616 kB
Shmem:             15992 kB
KReclaimable:     157508 kB
Slab:             310844 kB
SReclaimable:      76216 kB
SUnreclaim:       234628 kB
KernelStack:       48704 kB
ShadowCallStack:   12200 kB
PageTables:        85820 kB
NFS_Unstable:          0 kB
Bounce:                0 kB
WritebackTmp:          0 kB
CommitLimit:     8677876 kB
Committed_AS:   77255972 kB
VmallocTotal:   263061440 kB
VmallocUsed:      132592 kB
VmallocChunk:          0 kB
Percpu:             2448 kB
CmaTotal:         405504 kB
CmaFree:               0 kB
MemTotal:        7918588 kB
MemFree:          158356 kB
MemAvailable:     297392 kB
Buffers:             344 kB
Cached:           295496 kB
SwapCached:         8596 kB
Active:          1381536 kB
Inactive:        3939452 kB
Active(anon):    1105676 kB
Inactive(anon):  3939452 kB
Active(file):     275860 kB
Inactive(file):        0 kB
Unevictable:        6444 kB
Mlocked:            6004 kB
SwapTotal:       4718584 kB
SwapFree:        3901088 kB
Dirty:               156 kB
Writeback:             4 kB
AnonPages:       5026976 kB
Mapped:           363352 kB
Shmem:             15264 kB
KReclaimable:     277976 kB
Slab:             308840 kB
SReclaimable:      75412 kB
SUnreclaim:       233428 kB
KernelStack:       47408 kB
ShadowCallStack:   11936 kB
PageTables:        83624 kB
NFS_Unstable:          0 kB
Bounce:                0 kB
WritebackTmp:          0 kB
CommitLimit:     8677876 kB
Committed_AS:   73338424 kB
VmallocTotal:   263061440 kB
VmallocUsed:      130980 kB
VmallocChunk:          0 kB
Percpu:             2448 kB
CmaTotal:         405504 kB
CmaFree:               4 kB
MemTotal:        7918588 kB
MemFree:          181332 kB
MemAvailable:     420388 kB
Buffers:             356 kB
Cached:           335620 kB
SwapCached:         8080 kB
Active:          1508976 kB
Inactive:        3802896 kB
Active(anon):    1191548 kB
Inactive(anon):  3802872 kB
Active(file):     317428 kB
Inactive(file):       24 kB
Unevictable:        6444 kB
Mlocked:            6004 kB
SwapTotal:       4718584 kB
SwapFree:        3872160 kB
Dirty:               176 kB
Writeback:             0 kB
AnonPages:       4978728 kB
Mapped:           375548 kB
Shmem:             13656 kB
KReclaimable:     352788 kB
Slab:             306548 kB
SReclaimable:      76084 kB
SUnreclaim:       230464 kB
KernelStack:       45088 kB
ShadowCallStack:   11296 kB
PageTables:        77464 kB
NFS_Unstable:          0 kB
Bounce:                0 kB
WritebackTmp:          0 kB
CommitLimit:     8677876 kB
Committed_AS:   64593804 kB
VmallocTotal:   263061440 kB
VmallocUsed:      127900 kB
VmallocChunk:          0 kB
Percpu:             2448 kB
CmaTotal:         405504 kB
CmaFree:               0 kB
MemTotal:        7918588 kB
MemFree:          201148 kB
MemAvailable:     423244 kB
Buffers:             804 kB
Cached:           368200 kB
SwapCached:         4968 kB
Active:          2365756 kB
Inactive:        3024704 kB
Active(anon):    2015112 kB
Inactive(anon):  3024568 kB
Active(file):     350644 kB
Inactive(file):      136 kB
Unevictable:        6444 kB
Mlocked:            6004 kB
SwapTotal:       4718584 kB
SwapFree:        3860896 kB
Dirty:               244 kB
Writeback:             8 kB
AnonPages:       5026080 kB
Mapped:           392328 kB
Shmem:             13612 kB
KReclaimable:     261540 kB
Slab:             306108 kB
SReclaimable:      75600 kB
SUnreclaim:       230508 kB
KernelStack:       45312 kB
ShadowCallStack:   11360 kB
PageTables:        77516 kB
NFS_Unstable:          0 kB
Bounce:                0 kB
WritebackTmp:          0 kB
CommitLimit:     8677876 kB
Committed_AS:   64191092 kB
VmallocTotal:   263061440 kB
VmallocUsed:      128256 kB
VmallocChunk:          0 kB
Percpu:             2448 kB
CmaTotal:         405504 kB
CmaFree:               0 kB
MemTotal:        7918588 kB
MemFree:          195684 kB
MemAvailable:     392232 kB
Buffers:             804 kB
Cached:           370044 kB
SwapCached:         4988 kB
Active:          2624476 kB
Inactive:        2804820 kB
Active(anon):    2271948 kB
Inactive(anon):  2804820 kB
Active(file):     352528 kB
Inactive(file):        0 kB
Unevictable:        6444 kB
Mlocked:            6004 kB
SwapTotal:       4718584 kB
SwapFree:        3859104 kB
Dirty:               296 kB
Writeback:             0 kB
AnonPages:       5063276 kB
Mapped:           393812 kB
Shmem:             13620 kB
KReclaimable:     225968 kB
Slab:             305980 kB
SReclaimable:      75500 kB
SUnreclaim:       230480 kB
KernelStack:       45328 kB
ShadowCallStack:   11348 kB
PageTables:        78004 kB
NFS_Unstable:          0 kB
Bounce:                0 kB
WritebackTmp:          0 kB
CommitLimit:     8677876 kB
Committed_AS:   64272960 kB
VmallocTotal:   263061440 kB
VmallocUsed:      128252 kB
VmallocChunk:          0 kB
Percpu:             2448 kB
CmaTotal:         405504 kB
CmaFree:               0 kB
MemTotal:        7918588 kB
MemFree:          198676 kB
MemAvailable:     367120 kB
Buffers:             804 kB
Cached:           374644 kB
SwapCached:         4988 kB
Active:          3326320 kB
Inactive:        2164400 kB
Active(anon):    3002652 kB
Inactive(anon):  2130820 kB
Active(file):     323668 kB
Inactive(file):    33580 kB
Unevictable:        6444 kB
Mlocked:            6004 kB
SwapTotal:       4718584 kB
SwapFree:        3858848 kB
Dirty:               296 kB
Writeback:             0 kB
AnonPages:       5119800 kB
Mapped:           395100 kB
Shmem:             13656 kB
KReclaimable:     160320 kB
Slab:             305804 kB
SReclaimable:      75316 kB
SUnreclaim:       230488 kB
KernelStack:       45296 kB
ShadowCallStack:   11364 kB
PageTables:        78212 kB
NFS_Unstable:          0 kB
Bounce:                0 kB
WritebackTmp:          0 kB
CommitLimit:     8677876 kB
Committed_AS:   64387652 kB
VmallocTotal:   263061440 kB
VmallocUsed:      128252 kB
VmallocChunk:          0 kB
Percpu:             2448 kB
CmaTotal:         405504 kB
CmaFree:               0 kB
MemTotal:        7918588 kB
MemFree:          199576 kB
MemAvailable:     364528 kB
Buffers:             804 kB
Cached:           376092 kB
SwapCached:         4992 kB
Active:          3590288 kB
Inactive:        1906360 kB
Active(anon):    3265328 kB
Inactive(anon):  1872780 kB
Active(file):     324960 kB
Inactive(file):    33580 kB
Unevictable:        6444 kB
Mlocked:            6004 kB
SwapTotal:       4718584 kB
SwapFree:        3799968 kB
Dirty:               296 kB
Writeback:             0 kB
AnonPages:       5124336 kB
Mapped:           395984 kB
Shmem:             13656 kB
KReclaimable:     150752 kB
Slab:             305784 kB
SReclaimable:      75268 kB
SUnreclaim:       230516 kB
KernelStack:       45312 kB
ShadowCallStack:   11364 kB
PageTables:        78716 kB
NFS_Unstable:          0 kB
Bounce:                0 kB
WritebackTmp:          0 kB
CommitLimit:     8677876 kB
Committed_AS:   64518724 kB
VmallocTotal:   263061440 kB
VmallocUsed:      128236 kB
VmallocChunk:          0 kB
Percpu:             2448 kB
CmaTotal:         405504 kB
CmaFree:               0 kB
MemTotal:        7918588 kB
MemFree:          195036 kB
MemAvailable:     364668 kB
Buffers:             804 kB
Cached:           381992 kB
SwapCached:         4996 kB
Active:          3646744 kB
Inactive:        1855112 kB
Active(anon):    3315916 kB
Inactive(anon):  1821480 kB
Active(file):     330828 kB
Inactive(file):    33632 kB
Unevictable:        6444 kB
Mlocked:            6004 kB
SwapTotal:       4718584 kB
SwapFree:        3755168 kB
Dirty:               348 kB
Writeback:             0 kB
AnonPages:       5123752 kB
Mapped:           397936 kB
Shmem:             13632 kB
KReclaimable:     148272 kB
Slab:             305788 kB
SReclaimable:      75268 kB
SUnreclaim:       230520 kB
KernelStack:       45344 kB
ShadowCallStack:   11356 kB
PageTables:        78572 kB
NFS_Unstable:          0 kB
Bounce:                0 kB
WritebackTmp:          0 kB
CommitLimit:     8677876 kB
Committed_AS:   64616996 kB
VmallocTotal:   263061440 kB
VmallocUsed:      128256 kB
VmallocChunk:          0 kB
Percpu:             2448 kB
CmaTotal:         405504 kB
CmaFree:               0 kB
MemTotal:        7918588 kB
MemFree:          195748 kB
MemAvailable:     383304 kB
Buffers:            1152 kB
Cached:           400220 kB
SwapCached:         5012 kB
Active:          3732804 kB
Inactive:        1763160 kB
Active(anon):    3384000 kB
Inactive(anon):  1728948 kB
Active(file):     348804 kB
Inactive(file):    34212 kB
Unevictable:        6444 kB
Mlocked:            6004 kB
SwapTotal:       4718584 kB
SwapFree:        3673504 kB
Dirty:               488 kB
Writeback:             0 kB
AnonPages:       5099308 kB
Mapped:           405048 kB
Shmem:             13648 kB
KReclaimable:     147004 kB
Slab:             305784 kB
SReclaimable:      75268 kB
SUnreclaim:       230516 kB
KernelStack:       45264 kB
ShadowCallStack:   11348 kB
PageTables:        78964 kB
NFS_Unstable:          0 kB
Bounce:                0 kB
WritebackTmp:          0 kB
CommitLimit:     8677876 kB
Committed_AS:   64731692 kB
VmallocTotal:   263061440 kB
VmallocUsed:      128212 kB
VmallocChunk:          0 kB
Percpu:             2448 kB
CmaTotal:         405504 kB
CmaFree:               0 kB
MemTotal:        7918588 kB
MemFree:          196952 kB
MemAvailable:     383164 kB
Buffers:            1160 kB
Cached:           399868 kB
SwapCached:         4812 kB
Active:          3805780 kB
Inactive:        1685204 kB
Active(anon):    3456976 kB
Inactive(anon):  1650964 kB
Active(file):     348804 kB
Inactive(file):    34240 kB
Unevictable:        6444 kB
Mlocked:            6004 kB
SwapTotal:       4718584 kB
SwapFree:        3611296 kB
Dirty:               488 kB
Writeback:             0 kB
AnonPages:       5094416 kB
Mapped:           405140 kB
Shmem:             13360 kB
KReclaimable:     144260 kB
Slab:             305808 kB
SReclaimable:      75268 kB
SUnreclaim:       230540 kB
KernelStack:       45280 kB
ShadowCallStack:   11324 kB
PageTables:        79156 kB
NFS_Unstable:          0 kB
Bounce:                0 kB
WritebackTmp:          0 kB
CommitLimit:     8677876 kB
Committed_AS:   64862764 kB
VmallocTotal:   263061440 kB
VmallocUsed:      128204 kB
VmallocChunk:          0 kB
Percpu:             2448 kB
CmaTotal:         405504 kB
CmaFree:               0 kB
MemTotal:        7918588 kB
MemFree:          208420 kB
MemAvailable:     383764 kB
Buffers:             872 kB
Cached:           399508 kB
SwapCached:         4576 kB
Active:          5181224 kB
Inactive:         305288 kB
Active(anon):    4832168 kB
Inactive(anon):   271536 kB
Active(file):     349056 kB
Inactive(file):    33752 kB
Unevictable:        6444 kB
Mlocked:            6004 kB
SwapTotal:       4718584 kB
SwapFree:        3567008 kB
Dirty:               488 kB
Writeback:             0 kB
AnonPages:       5090820 kB
Mapped:           405000 kB
Shmem:             12864 kB
KReclaimable:     131188 kB
Slab:             305788 kB
SReclaimable:      75236 kB
SUnreclaim:       230552 kB
KernelStack:       45296 kB
ShadowCallStack:   11348 kB
PageTables:        79432 kB
NFS_Unstable:          0 kB
Bounce:                0 kB
WritebackTmp:          0 kB
CommitLimit:     8677876 kB
Committed_AS:   64928300 kB
VmallocTotal:   263061440 kB
VmallocUsed:      128220 kB
VmallocChunk:          0 kB
Percpu:             2448 kB
CmaTotal:         405504 kB
CmaFree:               4 kB
MemTotal:        7918588 kB
MemFree:          309612 kB
MemAvailable:     488624 kB
Buffers:             868 kB
Cached:           402672 kB
SwapCached:         4448 kB
Active:          2674912 kB
Inactive:        2693060 kB
Active(anon):    2574816 kB
Inactive(anon):  2406312 kB
Active(file):     100096 kB
Inactive(file):   286748 kB
Unevictable:        6444 kB
Mlocked:            6004 kB
SwapTotal:       4718584 kB
SwapFree:        3384992 kB
Dirty:               488 kB
Writeback:             0 kB
AnonPages:       4969272 kB
Mapped:           405332 kB
Shmem:             11988 kB
KReclaimable:     130452 kB
Slab:             305804 kB
SReclaimable:      75236 kB
SUnreclaim:       230568 kB
KernelStack:       45296 kB
ShadowCallStack:   11348 kB
PageTables:        79568 kB
NFS_Unstable:          0 kB
Bounce:                0 kB
WritebackTmp:          0 kB
CommitLimit:     8677876 kB
Committed_AS:   65042988 kB
VmallocTotal:   263061440 kB
VmallocUsed:      128228 kB
VmallocChunk:          0 kB
Percpu:             2448 kB
CmaTotal:         405504 kB
CmaFree:           12064 kB
MemTotal:        7918588 kB
MemFree:          228392 kB
MemAvailable:     410376 kB
Buffers:             868 kB
Cached:           406016 kB
SwapCached:         5476 kB
Active:          2755796 kB
Inactive:        2692976 kB
Active(anon):    2652416 kB
Inactive(anon):  2406216 kB
Active(file):     103380 kB
Inactive(file):   286760 kB
Unevictable:        6444 kB
Mlocked:            6004 kB
SwapTotal:       4718584 kB
SwapFree:        3389088 kB
Dirty:               496 kB
Writeback:             0 kB
AnonPages:       5045916 kB
Mapped:           407492 kB
Shmem:             12024 kB
KReclaimable:     129804 kB
Slab:             305864 kB
SReclaimable:      75236 kB
SUnreclaim:       230628 kB
KernelStack:       45520 kB
ShadowCallStack:   11412 kB
PageTables:        80360 kB
NFS_Unstable:          0 kB
Bounce:                0 kB
WritebackTmp:          0 kB
CommitLimit:     8677876 kB
Committed_AS:   67021792 kB
VmallocTotal:   263061440 kB
VmallocUsed:      128496 kB
VmallocChunk:          0 kB
Percpu:             2448 kB
CmaTotal:         405504 kB
CmaFree:               4 kB
MemTotal:        7918588 kB
MemFree:          193148 kB
MemAvailable:     366940 kB
Buffers:             988 kB
Cached:           393956 kB
SwapCached:         5924 kB
Active:          3152456 kB
Inactive:        2330696 kB
Active(anon):    3031800 kB
Inactive(anon):  2073180 kB
Active(file):     120656 kB
Inactive(file):   257516 kB
Unevictable:        6444 kB
Mlocked:            6004 kB
SwapTotal:       4718584 kB
SwapFree:        3376032 kB
Dirty:               140 kB
Writeback:             0 kB
AnonPages:       5091800 kB
Mapped:           389916 kB
Shmem:             12024 kB
KReclaimable:     129168 kB
Slab:             305724 kB
SReclaimable:      75136 kB
SUnreclaim:       230588 kB
KernelStack:       45664 kB
ShadowCallStack:   11428 kB
PageTables:        80664 kB
NFS_Unstable:          0 kB
Bounce:                0 kB
WritebackTmp:          0 kB
CommitLimit:     8677876 kB
Committed_AS:   66615804 kB
VmallocTotal:   263061440 kB
VmallocUsed:      128656 kB
VmallocChunk:          0 kB
Percpu:             2448 kB
CmaTotal:         405504 kB
CmaFree:              92 kB
MemTotal:        7918588 kB
MemFree:          195184 kB
MemAvailable:     376136 kB
Buffers:            1000 kB
Cached:           405128 kB
SwapCached:         5196 kB
Active:          3566688 kB
Inactive:        1898596 kB
Active(anon):    3434636 kB
Inactive(anon):  1640944 kB
Active(file):     132052 kB
Inactive(file):   257652 kB
Unevictable:        6444 kB
Mlocked:            6004 kB
SwapTotal:       4718584 kB
SwapFree:        3293088 kB
Dirty:               408 kB
Writeback:             4 kB
AnonPages:       5063536 kB
Mapped:           393676 kB
Shmem:             11716 kB
KReclaimable:     128616 kB
Slab:             305784 kB
SReclaimable:      75080 kB
SUnreclaim:       230704 kB
KernelStack:       45760 kB
ShadowCallStack:   11432 kB
PageTables:        80944 kB
NFS_Unstable:          0 kB
Bounce:                0 kB
WritebackTmp:          0 kB
CommitLimit:     8677876 kB
Committed_AS:   66730496 kB
VmallocTotal:   263061440 kB
VmallocUsed:      128808 kB
VmallocChunk:          0 kB
Percpu:             2448 kB
CmaTotal:         405504 kB
CmaFree:             140 kB
MemTotal:        7918588 kB
MemFree:          202188 kB
MemAvailable:     386976 kB
Buffers:            1000 kB
Cached:           405160 kB
SwapCached:         5140 kB
Active:          3630196 kB
Inactive:        1815580 kB
Active(anon):    3498116 kB
Inactive(anon):  1557884 kB
Active(file):     132080 kB
Inactive(file):   257696 kB
Unevictable:        6444 kB
Mlocked:            6004 kB
SwapTotal:       4718584 kB
SwapFree:        3216800 kB
Dirty:               412 kB
Writeback:             4 kB
AnonPages:       5044088 kB
Mapped:           394196 kB
Shmem:             11676 kB
KReclaimable:     127952 kB
Slab:             305800 kB
SReclaimable:      75080 kB
SUnreclaim:       230720 kB
KernelStack:       45776 kB
ShadowCallStack:   11468 kB
PageTables:        81280 kB
NFS_Unstable:          0 kB
Bounce:                0 kB
WritebackTmp:          0 kB
CommitLimit:     8677876 kB
Committed_AS:   66828796 kB
VmallocTotal:   263061440 kB
VmallocUsed:      128864 kB
VmallocChunk:          0 kB
Percpu:             2448 kB
CmaTotal:         405504 kB
CmaFree:               0 kB
MemTotal:        7918588 kB
MemFree:          190112 kB
MemAvailable:     378664 kB
Buffers:            1008 kB
Cached:           409040 kB
SwapCached:         5120 kB
Active:          3689736 kB
Inactive:        1758560 kB
Active(anon):    3553624 kB
Inactive(anon):  1500844 kB
Active(file):     136112 kB
Inactive(file):   257716 kB
Unevictable:        6444 kB
Mlocked:            6004 kB
SwapTotal:       4718584 kB
SwapFree:        3167136 kB
Dirty:               412 kB
Writeback:             0 kB
AnonPages:       5042208 kB
Mapped:           394916 kB
Shmem:             11480 kB
KReclaimable:     127376 kB
Slab:             305816 kB
SReclaimable:      75080 kB
SUnreclaim:       230736 kB
KernelStack:       45808 kB
ShadowCallStack:   11484 kB
PageTables:        81680 kB
NFS_Unstable:          0 kB
Bounce:                0 kB
WritebackTmp:          0 kB
CommitLimit:     8677876 kB
Committed_AS:   66910716 kB
VmallocTotal:   263061440 kB
VmallocUsed:      128872 kB
VmallocChunk:          0 kB
Percpu:             2448 kB
CmaTotal:         405504 kB
CmaFree:               0 kB
MemTotal:        7918588 kB
MemFree:          195920 kB
MemAvailable:     395072 kB
Buffers:            1220 kB
Cached:           419736 kB
SwapCached:         5108 kB
Active:          3765920 kB
Inactive:        1662816 kB
Active(anon):    3619040 kB
Inactive(anon):  1405016 kB
Active(file):     146880 kB
Inactive(file):   257800 kB
Unevictable:        6444 kB
Mlocked:            6004 kB
SwapTotal:       4718584 kB
SwapFree:        3079072 kB
Dirty:               424 kB
Writeback:             0 kB
AnonPages:       5012040 kB
Mapped:           399388 kB
Shmem:             11400 kB
KReclaimable:     126872 kB
Slab:             305944 kB
SReclaimable:      75080 kB
SUnreclaim:       230864 kB
KernelStack:       45776 kB
ShadowCallStack:   11472 kB
PageTables:        81396 kB
NFS_Unstable:          0 kB
Bounce:                0 kB
WritebackTmp:          0 kB
CommitLimit:     8677876 kB
Committed_AS:   67025404 kB
VmallocTotal:   263061440 kB
VmallocUsed:      128844 kB
VmallocChunk:          0 kB
Percpu:             2448 kB
CmaTotal:         405504 kB
CmaFree:               0 kB
MemTotal:        7918588 kB
MemFree:          197096 kB
MemAvailable:     396876 kB
Buffers:            1228 kB
Cached:           420504 kB
SwapCached:         5108 kB
Active:          3826688 kB
Inactive:        1600800 kB
Active(anon):    3679044 kB
Inactive(anon):  1342848 kB
Active(file):     147644 kB
Inactive(file):   257952 kB
Unevictable:        6444 kB
Mlocked:            6004 kB
SwapTotal:       4718584 kB
SwapFree:        3022752 kB
Dirty:               448 kB
Writeback:             0 kB
AnonPages:       5009708 kB
Mapped:           400192 kB
Shmem:             11420 kB
KReclaimable:     126296 kB
Slab:             305992 kB
SReclaimable:      75080 kB
SUnreclaim:       230912 kB
KernelStack:       45744 kB
ShadowCallStack:   11460 kB
PageTables:        81708 kB
NFS_Unstable:          0 kB
Bounce:                0 kB
WritebackTmp:          0 kB
CommitLimit:     8677876 kB
Committed_AS:   67123628 kB
VmallocTotal:   263061440 kB
VmallocUsed:      128784 kB
VmallocChunk:          0 kB
Percpu:             2448 kB
CmaTotal:         405504 kB
CmaFree:             104 kB
MemTotal:        7918588 kB
MemFree:          193316 kB
MemAvailable:     393604 kB
Buffers:            1228 kB
Cached:           421340 kB
SwapCached:         5112 kB
Active:          3901708 kB
Inactive:        1524312 kB
Active(anon):    3753204 kB
Inactive(anon):  1266360 kB
Active(file):     148504 kB
Inactive(file):   257952 kB
Unevictable:        6444 kB
Mlocked:            6004 kB
SwapTotal:       4718584 kB
SwapFree:        2948768 kB
Dirty:               448 kB
Writeback:             0 kB
AnonPages:       5007344 kB
Mapped:           401024 kB
Shmem:             11420 kB
KReclaimable:     125592 kB
Slab:             306056 kB
SReclaimable:      75080 kB
SUnreclaim:       230976 kB
KernelStack:       45728 kB
ShadowCallStack:   11456 kB
PageTables:        81696 kB
NFS_Unstable:          0 kB
Bounce:                0 kB
WritebackTmp:          0 kB
CommitLimit:     8677876 kB
Committed_AS:   67254700 kB
VmallocTotal:   263061440 kB
VmallocUsed:      128772 kB
VmallocChunk:          0 kB
Percpu:             2448 kB
CmaTotal:         405504 kB
CmaFree:             108 kB
MemTotal:        7918588 kB
MemFree:          195268 kB
MemAvailable:     396596 kB
Buffers:            1228 kB
Cached:           422780 kB
SwapCached:         4716 kB
Active:          3992840 kB
Inactive:        1431612 kB
Active(anon):    3842928 kB
Inactive(anon):  1173660 kB
Active(file):     149912 kB
Inactive(file):   257952 kB
Unevictable:        6444 kB
Mlocked:            6004 kB
SwapTotal:       4718584 kB
SwapFree:        2863520 kB
Dirty:               448 kB
Writeback:             0 kB
AnonPages:       5004984 kB
Mapped:           402860 kB
Shmem:             11436 kB
KReclaimable:     124856 kB
Slab:             306140 kB
SReclaimable:      75080 kB
SUnreclaim:       231060 kB
KernelStack:       45616 kB
ShadowCallStack:   11428 kB
PageTables:        82308 kB
NFS_Unstable:          0 kB
Bounce:                0 kB
WritebackTmp:          0 kB
CommitLimit:     8677876 kB
Committed_AS:   67385776 kB
VmallocTotal:   263061440 kB
VmallocUsed:      128648 kB
VmallocChunk:          0 kB
Percpu:             2448 kB
CmaTotal:         405504 kB
CmaFree:             228 kB
MemTotal:        7918588 kB
MemFree:          301804 kB
MemAvailable:     420432 kB
Buffers:            1228 kB
Cached:           422836 kB
SwapCached:         4104 kB
Active:          1740196 kB
Inactive:        3458532 kB
Active(anon):    1633084 kB
Inactive(anon):  3157724 kB
Active(file):     107112 kB
Inactive(file):   300808 kB
Unevictable:        6444 kB
Mlocked:            6004 kB
SwapTotal:       4718584 kB
SwapFree:        2563744 kB
Dirty:               448 kB
Writeback:             0 kB
AnonPages:       4779432 kB
