MemTotal:        7918584 kB
MemFree:          360520 kB
MemAvailable:    4546008 kB
Buffers:           42876 kB
Cached:          4118344 kB
SwapCached:            0 kB
Active:          2485540 kB
Inactive:        2986040 kB
Active(anon):    1278640 kB
Inactive(anon):    55840 kB
Active(file):    1206900 kB
Inactive(file):  2930200 kB
Unevictable:        6292 kB
Mlocked:            5852 kB
SwapTotal:       4718584 kB
SwapFree:        4718584 kB
Dirty:             18828 kB
Writeback:             0 kB
AnonPages:       1317080 kB
Mapped:           949116 kB
Shmem:             19164 kB
KReclaimable:     438612 kB
Slab:             311628 kB
SReclaimable:      87312 kB
SUnreclaim:       224316 kB
KernelStack:       48560 kB
ShadowCallStack:   12172 kB
PageTables:        68880 kB
NFS_Unstable:          0 kB
Bounce:                0 kB
WritebackTmp:          0 kB
CommitLimit:     8677876 kB
Committed_AS:   75228324 kB
VmallocTotal:   263061440 kB
VmallocUsed:      131580 kB
VmallocChunk:          0 kB
Percpu:             2520 kB
CmaTotal:         405504 kB
CmaFree:           66232 kB
MemTotal:        7918584 kB
MemFree:          279636 kB
MemAvailable:    4489624 kB
Buffers:           43452 kB
Cached:          4137500 kB
SwapCached:            0 kB
Active:          2567400 kB
Inactive:        2986968 kB
Active(anon):    1341664 kB
Inactive(anon):    55844 kB
Active(file):    1225736 kB
Inactive(file):  2931124 kB
Unevictable:        6292 kB
Mlocked:            5852 kB
SwapTotal:       4718584 kB
SwapFree:        4718584 kB
Dirty:             18936 kB
Writeback:             0 kB
AnonPages:       1379764 kB
Mapped:           975488 kB
Shmem:             19248 kB
KReclaimable:     443352 kB
Slab:             312200 kB
SReclaimable:      87752 kB
SUnreclaim:       224448 kB
KernelStack:       49200 kB
ShadowCallStack:   12324 kB
PageTables:        69660 kB
NFS_Unstable:          0 kB
Bounce:                0 kB
WritebackTmp:          0 kB
CommitLimit:     8677876 kB
Committed_AS:   75415096 kB
VmallocTotal:   263061440 kB
VmallocUsed:      132296 kB
VmallocChunk:          0 kB
Percpu:             2520 kB
CmaTotal:         405504 kB
CmaFree:               0 kB
MemTotal:        7918584 kB
MemFree:          192840 kB
MemAvailable:    4221636 kB
Buffers:           43972 kB
Cached:          4178328 kB
SwapCached:            0 kB
Active:          2642056 kB
Inactive:        2990056 kB
Active(anon):    1378500 kB
Inactive(anon):    55840 kB
Active(file):    1263556 kB
Inactive(file):  2934216 kB
Unevictable:        6292 kB
Mlocked:            5852 kB
SwapTotal:       4718584 kB
SwapFree:        4718584 kB
Dirty:             19020 kB
Writeback:             0 kB
AnonPages:       1416172 kB
Mapped:          1015260 kB
Shmem:             19736 kB
KReclaimable:     199976 kB
Slab:             313160 kB
SReclaimable:      88144 kB
SUnreclaim:       225016 kB
KernelStack:       49824 kB
ShadowCallStack:   12472 kB
PageTables:        70440 kB
NFS_Unstable:          0 kB
Bounce:                0 kB
WritebackTmp:          0 kB
CommitLimit:     8677876 kB
Committed_AS:   75451548 kB
VmallocTotal:   263061440 kB
VmallocUsed:      133128 kB
VmallocChunk:          0 kB
Percpu:             2520 kB
CmaTotal:         405504 kB
CmaFree:               0 kB
MemTotal:        7918584 kB
MemFree:          222472 kB
MemAvailable:    4445756 kB
Buffers:           44244 kB
Cached:          4184380 kB
SwapCached:            0 kB
Active:          2612208 kB
Inactive:        2990724 kB
Active(anon):    1342832 kB
Inactive(anon):    55848 kB
Active(file):    1269376 kB
Inactive(file):  2934876 kB
Unevictable:        6292 kB
Mlocked:            5852 kB
SwapTotal:       4718584 kB
SwapFree:        4718584 kB
Dirty:             19328 kB
Writeback:             0 kB
AnonPages:       1380640 kB
Mapped:          1015308 kB
Shmem:             19588 kB
KReclaimable:     409256 kB
Slab:             313140 kB
SReclaimable:      88292 kB
SUnreclaim:       224848 kB
KernelStack:       49568 kB
ShadowCallStack:   12416 kB
PageTables:        69848 kB
NFS_Unstable:          0 kB
Bounce:                0 kB
WritebackTmp:          0 kB
CommitLimit:     8677876 kB
Committed_AS:   75450784 kB
VmallocTotal:   263061440 kB
VmallocUsed:      132812 kB
VmallocChunk:          0 kB
Percpu:             2520 kB
CmaTotal:         405504 kB
CmaFree:             408 kB
MemTotal:        7918584 kB
MemFree:          222492 kB
MemAvailable:    4445008 kB
Buffers:           44244 kB
Cached:          4184380 kB
SwapCached:            0 kB
Active:          2614644 kB
Inactive:        2990724 kB
Active(anon):    1345268 kB
Inactive(anon):    55848 kB
Active(file):    1269376 kB
Inactive(file):  2934876 kB
Unevictable:        6292 kB
Mlocked:            5852 kB
SwapTotal:       4718584 kB
SwapFree:        4718584 kB
Dirty:             19348 kB
Writeback:             0 kB
AnonPages:       1383040 kB
Mapped:          1016144 kB
Shmem:             19588 kB
KReclaimable:     408488 kB
Slab:             313120 kB
SReclaimable:      88292 kB
SUnreclaim:       224828 kB
KernelStack:       49472 kB
ShadowCallStack:   12388 kB
PageTables:        69988 kB
NFS_Unstable:          0 kB
Bounce:                0 kB
WritebackTmp:          0 kB
CommitLimit:     8677876 kB
Committed_AS:   75450716 kB
VmallocTotal:   263061440 kB
VmallocUsed:      132664 kB
VmallocChunk:          0 kB
Percpu:             2520 kB
CmaTotal:         405504 kB
CmaFree:               0 kB
MemTotal:        7918584 kB
MemFree:          220268 kB
MemAvailable:    4442784 kB
Buffers:           44244 kB
Cached:          4184404 kB
SwapCached:            0 kB
Active:          2616536 kB
Inactive:        2990728 kB
Active(anon):    1347160 kB
Inactive(anon):    55852 kB
Active(file):    1269376 kB
Inactive(file):  2934876 kB
Unevictable:        6292 kB
Mlocked:            5852 kB
SwapTotal:       4718584 kB
SwapFree:        4718584 kB
Dirty:             19348 kB
Writeback:             0 kB
AnonPages:       1384924 kB
Mapped:          1016696 kB
Shmem:             19612 kB
KReclaimable:     408488 kB
Slab:             313084 kB
SReclaimable:      88292 kB
SUnreclaim:       224792 kB
KernelStack:       49456 kB
ShadowCallStack:   12388 kB
PageTables:        69924 kB
NFS_Unstable:          0 kB
Bounce:                0 kB
WritebackTmp:          0 kB
CommitLimit:     8677876 kB
Committed_AS:   75450728 kB
VmallocTotal:   263061440 kB
VmallocUsed:      132660 kB
VmallocChunk:          0 kB
Percpu:             2520 kB
CmaTotal:         405504 kB
CmaFree:             132 kB
MemTotal:        7918584 kB
MemFree:          220448 kB
MemAvailable:    4442196 kB
Buffers:           44244 kB
Cached:          4184404 kB
SwapCached:            0 kB
Active:          2617112 kB
Inactive:        2990720 kB
Active(anon):    1347736 kB
Inactive(anon):    55844 kB
Active(file):    1269376 kB
Inactive(file):  2934876 kB
Unevictable:        6292 kB
Mlocked:            5852 kB
SwapTotal:       4718584 kB
SwapFree:        4718584 kB
Dirty:             19348 kB
Writeback:             0 kB
AnonPages:       1385304 kB
Mapped:          1016796 kB
Shmem:             19612 kB
KReclaimable:     407720 kB
Slab:             313096 kB
SReclaimable:      88292 kB
SUnreclaim:       224804 kB
KernelStack:       49440 kB
ShadowCallStack:   12380 kB
PageTables:        69904 kB
NFS_Unstable:          0 kB
Bounce:                0 kB
WritebackTmp:          0 kB
CommitLimit:     8677876 kB
Committed_AS:   75450728 kB
VmallocTotal:   263061440 kB
VmallocUsed:      132664 kB
VmallocChunk:          0 kB
Percpu:             2520 kB
CmaTotal:         405504 kB
CmaFree:             132 kB
MemTotal:        7918584 kB
MemFree:          193308 kB
MemAvailable:    4435300 kB
Buffers:           44268 kB
Cached:          4184404 kB
SwapCached:            0 kB
Active:          2645848 kB
Inactive:        2990744 kB
Active(anon):    1376472 kB
Inactive(anon):    55844 kB
Active(file):    1269376 kB
Inactive(file):  2934900 kB
Unevictable:        6292 kB
Mlocked:            5852 kB
SwapTotal:       4718584 kB
SwapFree:        4718584 kB
Dirty:             19396 kB
Writeback:             0 kB
AnonPages:       1414260 kB
Mapped:          1018456 kB
Shmem:             19612 kB
KReclaimable:     427940 kB
Slab:             313128 kB
SReclaimable:      88308 kB
SUnreclaim:       224820 kB
KernelStack:       49264 kB
ShadowCallStack:   12340 kB
PageTables:        69976 kB
NFS_Unstable:          0 kB
Bounce:                0 kB
WritebackTmp:          0 kB
CommitLimit:     8677876 kB
Committed_AS:   75474032 kB
VmallocTotal:   263061440 kB
VmallocUsed:      132180 kB
VmallocChunk:          0 kB
Percpu:             2520 kB
CmaTotal:         405504 kB
CmaFree:               0 kB
MemTotal:        7918584 kB
MemFree:          162376 kB
MemAvailable:    4169448 kB
Buffers:           44276 kB
Cached:          4012340 kB
SwapCached:            0 kB
Active:          2842420 kB
Inactive:        2818504 kB
Active(anon):    1572892 kB
Inactive(anon):    55848 kB
Active(file):    1269528 kB
Inactive(file):  2762656 kB
Unevictable:        6292 kB
Mlocked:            5852 kB
SwapTotal:       4718584 kB
SwapFree:        4718584 kB
Dirty:             19408 kB
Writeback:             0 kB
AnonPages:       1610740 kB
Mapped:          1101980 kB
Shmem:             19620 kB
KReclaimable:     365112 kB
Slab:             313160 kB
SReclaimable:      88036 kB
SUnreclaim:       225124 kB
KernelStack:       49264 kB
ShadowCallStack:   12348 kB
PageTables:        70464 kB
NFS_Unstable:          0 kB
Bounce:                0 kB
WritebackTmp:          0 kB
CommitLimit:     8677876 kB
Committed_AS:   75890304 kB
VmallocTotal:   263061440 kB
VmallocUsed:      132156 kB
VmallocChunk:          0 kB
Percpu:             2520 kB
CmaTotal:         405504 kB
CmaFree:               0 kB
MemTotal:        7918584 kB
MemFree:          163564 kB
MemAvailable:    3968776 kB
Buffers:           44484 kB
Cached:          3932048 kB
SwapCached:            0 kB
Active:          2900664 kB
Inactive:        2737940 kB
Active(anon):    1631064 kB
Inactive(anon):    55696 kB
Active(file):    1269600 kB
Inactive(file):  2682244 kB
Unevictable:        6292 kB
Mlocked:            5852 kB
SwapTotal:       4718584 kB
SwapFree:        4718584 kB
Dirty:             18196 kB
Writeback:             0 kB
AnonPages:       1668732 kB
Mapped:          1097108 kB
Shmem:             19648 kB
KReclaimable:     243592 kB
Slab:             313536 kB
SReclaimable:      88024 kB
SUnreclaim:       225512 kB
KernelStack:       49408 kB
ShadowCallStack:   12364 kB
PageTables:        70592 kB
NFS_Unstable:          0 kB
Bounce:                0 kB
WritebackTmp:          0 kB
CommitLimit:     8677876 kB
Committed_AS:   75901996 kB
VmallocTotal:   263061440 kB
VmallocUsed:      132376 kB
VmallocChunk:          0 kB
Percpu:             2520 kB
CmaTotal:         405504 kB
CmaFree:             104 kB
MemTotal:        7918584 kB
MemFree:          181044 kB
MemAvailable:    3875292 kB
Buffers:           44376 kB
Cached:          3825300 kB
SwapCached:            0 kB
Active:          2980040 kB
Inactive:        2629996 kB
Active(anon):    1709080 kB
Inactive(anon):    55848 kB
Active(file):    1270960 kB
Inactive(file):  2574148 kB
Unevictable:        6292 kB
Mlocked:            5852 kB
SwapTotal:       4718584 kB
SwapFree:        4718584 kB
Dirty:             18460 kB
Writeback:             0 kB
AnonPages:       1746704 kB
Mapped:          1111180 kB
Shmem:             19784 kB
KReclaimable:     236208 kB
Slab:             313556 kB
SReclaimable:      87880 kB
SUnreclaim:       225676 kB
KernelStack:       49392 kB
ShadowCallStack:   12376 kB
PageTables:        71376 kB
NFS_Unstable:          0 kB
Bounce:                0 kB
WritebackTmp:          0 kB
CommitLimit:     8677876 kB
Committed_AS:   76131332 kB
VmallocTotal:   263061440 kB
VmallocUsed:      132356 kB
VmallocChunk:          0 kB
Percpu:             2520 kB
CmaTotal:         405504 kB
CmaFree:               0 kB
MemTotal:        7918584 kB
MemFree:          185940 kB
MemAvailable:    3926984 kB
Buffers:           44292 kB
Cached:          3759548 kB
SwapCached:            0 kB
Active:          3036460 kB
Inactive:        2564184 kB
Active(anon):    1765360 kB
Inactive(anon):    55848 kB
Active(file):    1271100 kB
Inactive(file):  2508336 kB
Unevictable:        6292 kB
Mlocked:            5852 kB
SwapTotal:       4718584 kB
SwapFree:        4718584 kB
Dirty:             18460 kB
Writeback:             0 kB
AnonPages:       1803100 kB
Mapped:          1111364 kB
Shmem:             19628 kB
KReclaimable:     351832 kB
Slab:             313320 kB
SReclaimable:      87860 kB
SUnreclaim:       225460 kB
KernelStack:       49248 kB
ShadowCallStack:   12344 kB
PageTables:        71664 kB
NFS_Unstable:          0 kB
Bounce:                0 kB
WritebackTmp:          0 kB
CommitLimit:     8677876 kB
Committed_AS:   76376640 kB
VmallocTotal:   263061440 kB
VmallocUsed:      132132 kB
VmallocChunk:          0 kB
Percpu:             2520 kB
CmaTotal:         405504 kB
CmaFree:               0 kB
MemTotal:        7918584 kB
MemFree:          181836 kB
MemAvailable:    3851012 kB
Buffers:           44128 kB
Cached:          3693016 kB
SwapCached:            0 kB
Active:          3112152 kB
Inactive:        2497016 kB
Active(anon):    1840680 kB
Inactive(anon):    55848 kB
Active(file):    1271472 kB
Inactive(file):  2441168 kB
Unevictable:        6292 kB
Mlocked:            5852 kB
SwapTotal:       4718584 kB
SwapFree:        4718584 kB
Dirty:             18368 kB
Writeback:             0 kB
AnonPages:       1878448 kB
Mapped:          1112284 kB
Shmem:             19632 kB
KReclaimable:     346760 kB
Slab:             313300 kB
SReclaimable:      87844 kB
SUnreclaim:       225456 kB
KernelStack:       49232 kB
ShadowCallStack:   12332 kB
PageTables:        71716 kB
NFS_Unstable:          0 kB
Bounce:                0 kB
WritebackTmp:          0 kB
CommitLimit:     8677876 kB
Committed_AS:   76556868 kB
VmallocTotal:   263061440 kB
VmallocUsed:      132164 kB
VmallocChunk:          0 kB
Percpu:             2520 kB
CmaTotal:         405504 kB
CmaFree:               0 kB
MemTotal:        7918584 kB
MemFree:          185172 kB
MemAvailable:    3815168 kB
Buffers:           44112 kB
Cached:          3656796 kB
SwapCached:            0 kB
Active:          3147968 kB
Inactive:        2460728 kB
Active(anon):    1876380 kB
Inactive(anon):    55848 kB
Active(file):    1271588 kB
Inactive(file):  2404880 kB
Unevictable:        6292 kB
Mlocked:            5852 kB
SwapTotal:       4718584 kB
SwapFree:        4718584 kB
Dirty:             18388 kB
Writeback:             0 kB
AnonPages:       1914152 kB
Mapped:          1112660 kB
Shmem:             19632 kB
KReclaimable:     343752 kB
Slab:             313400 kB
SReclaimable:      87844 kB
SUnreclaim:       225556 kB
KernelStack:       49248 kB
ShadowCallStack:   12336 kB
PageTables:        72064 kB
NFS_Unstable:          0 kB
Bounce:                0 kB
WritebackTmp:          0 kB
CommitLimit:     8677876 kB
Committed_AS:   76622360 kB
VmallocTotal:   263061440 kB
VmallocUsed:      132144 kB
VmallocChunk:          0 kB
Percpu:             2520 kB
CmaTotal:         405504 kB
CmaFree:             104 kB
MemTotal:        7918584 kB
MemFree:          183680 kB
MemAvailable:    3813508 kB
Buffers:           44120 kB
Cached:          3656724 kB
SwapCached:            0 kB
Active:          3148668 kB
Inactive:        2460672 kB
Active(anon):    1877064 kB
Inactive(anon):    55848 kB
Active(file):    1271604 kB
Inactive(file):  2404824 kB
Unevictable:        6292 kB
Mlocked:            5852 kB
SwapTotal:       4718584 kB
SwapFree:        4718584 kB
Dirty:             18400 kB
Writeback:             0 kB
AnonPages:       1914856 kB
Mapped:          1112572 kB
Shmem:             19632 kB
KReclaimable:     343624 kB
Slab:             313420 kB
SReclaimable:      87844 kB
SUnreclaim:       225576 kB
KernelStack:       49200 kB
ShadowCallStack:   12324 kB
PageTables:        72184 kB
NFS_Unstable:          0 kB
Bounce:                0 kB
WritebackTmp:          0 kB
CommitLimit:     8677876 kB
Committed_AS:   76622256 kB
VmallocTotal:   263061440 kB
VmallocUsed:      132104 kB
VmallocChunk:          0 kB
Percpu:             2520 kB
CmaTotal:         405504 kB
CmaFree:             340 kB
MemTotal:        7918584 kB
MemFree:          182948 kB
MemAvailable:    3774152 kB
Buffers:           44112 kB
Cached:          3621092 kB
SwapCached:            0 kB
Active:          3188980 kB
Inactive:        2424524 kB
Active(anon):    1917040 kB
Inactive(anon):    55844 kB
Active(file):    1271940 kB
Inactive(file):  2368680 kB
Unevictable:        6292 kB
Mlocked:            5852 kB
SwapTotal:       4718584 kB
SwapFree:        4718584 kB
Dirty:             18400 kB
Writeback:             0 kB
AnonPages:       1954804 kB
Mapped:          1113068 kB
Shmem:             19632 kB
KReclaimable:     340808 kB
Slab:             313376 kB
SReclaimable:      87844 kB
SUnreclaim:       225532 kB
KernelStack:       49200 kB
ShadowCallStack:   12320 kB
PageTables:        72272 kB
NFS_Unstable:          0 kB
Bounce:                0 kB
WritebackTmp:          0 kB
CommitLimit:     8677876 kB
Committed_AS:   76704176 kB
VmallocTotal:   263061440 kB
VmallocUsed:      132084 kB
VmallocChunk:          0 kB
Percpu:             2520 kB
CmaTotal:         405504 kB
CmaFree:               0 kB
MemTotal:        7918584 kB
MemFree:          185392 kB
MemAvailable:    3772036 kB
Buffers:           44116 kB
Cached:          3616644 kB
SwapCached:            0 kB
Active:          3189652 kB
Inactive:        2420176 kB
Active(anon):    1917636 kB
Inactive(anon):    55848 kB
Active(file):    1272016 kB
Inactive(file):  2364328 kB
Unevictable:        6292 kB
Mlocked:            5852 kB
SwapTotal:       4718584 kB
SwapFree:        4718584 kB
Dirty:             18604 kB
Writeback:             0 kB
AnonPages:       1955540 kB
Mapped:          1113112 kB
Shmem:             19632 kB
KReclaimable:     340524 kB
Slab:             313372 kB
SReclaimable:      87816 kB
SUnreclaim:       225556 kB
KernelStack:       49216 kB
ShadowCallStack:   12328 kB
PageTables:        72228 kB
NFS_Unstable:          0 kB
Bounce:                0 kB
WritebackTmp:          0 kB
CommitLimit:     8677876 kB
Committed_AS:   76704176 kB
VmallocTotal:   263061440 kB
VmallocUsed:      132100 kB
VmallocChunk:          0 kB
Percpu:             2520 kB
CmaTotal:         405504 kB
CmaFree:               0 kB
MemTotal:        7918584 kB
MemFree:          185600 kB
MemAvailable:    3767388 kB
Buffers:           44140 kB
Cached:          3612176 kB
SwapCached:            0 kB
Active:          3196928 kB
Inactive:        2415836 kB
Active(anon):    1924912 kB
Inactive(anon):    55836 kB
Active(file):    1272016 kB
Inactive(file):  2360000 kB
Unevictable:        6292 kB
Mlocked:            5852 kB
SwapTotal:       4718584 kB
SwapFree:        4718584 kB
Dirty:             18500 kB
Writeback:             0 kB
AnonPages:       1962828 kB
Mapped:          1108216 kB
Shmem:             19516 kB
KReclaimable:     339996 kB
Slab:             312888 kB
SReclaimable:      87800 kB
SUnreclaim:       225088 kB
KernelStack:       48976 kB
ShadowCallStack:   12276 kB
PageTables:        71788 kB
NFS_Unstable:          0 kB
Bounce:                0 kB
WritebackTmp:          0 kB
CommitLimit:     8677876 kB
Committed_AS:   75417180 kB
VmallocTotal:   263061440 kB
VmallocUsed:      131812 kB
VmallocChunk:          0 kB
Percpu:             2520 kB
CmaTotal:         405504 kB
CmaFree:               0 kB
MemTotal:        7918584 kB
MemFree:          183876 kB
MemAvailable:    3737140 kB
Buffers:           44132 kB
Cached:          3585844 kB
SwapCached:            0 kB
Active:          3226648 kB
Inactive:        2389480 kB
Active(anon):    1954628 kB
Inactive(anon):    55848 kB
Active(file):    1272020 kB
Inactive(file):  2333632 kB
Unevictable:        6292 kB
Mlocked:            5852 kB
SwapTotal:       4718584 kB
SwapFree:        4718584 kB
Dirty:             18500 kB
Writeback:             0 kB
AnonPages:       1992436 kB
Mapped:          1108480 kB
Shmem:             19540 kB
KReclaimable:     337836 kB
Slab:             312624 kB
SReclaimable:      87688 kB
SUnreclaim:       224936 kB
KernelStack:       48976 kB
ShadowCallStack:   12276 kB
PageTables:        71832 kB
NFS_Unstable:          0 kB
Bounce:                0 kB
WritebackTmp:          0 kB
CommitLimit:     8677876 kB
Committed_AS:   75482736 kB
VmallocTotal:   263061440 kB
VmallocUsed:      131780 kB
VmallocChunk:          0 kB
Percpu:             2520 kB
CmaTotal:         405504 kB
CmaFree:             140 kB
MemTotal:        7918584 kB
MemFree:          182892 kB
MemAvailable:    3736236 kB
Buffers:           44132 kB
Cached:          3585952 kB
SwapCached:            0 kB
Active:          3226960 kB
Inactive:        2389560 kB
Active(anon):    1954940 kB
Inactive(anon):    55848 kB
Active(file):    1272020 kB
Inactive(file):  2333712 kB
Unevictable:        6292 kB
Mlocked:            5852 kB
SwapTotal:       4718584 kB
SwapFree:        4718584 kB
Dirty:             18588 kB
Writeback:             0 kB
AnonPages:       1992772 kB
Mapped:          1108488 kB
Shmem:             19568 kB
KReclaimable:     337836 kB
Slab:             312656 kB
SReclaimable:      87688 kB
SUnreclaim:       224968 kB
KernelStack:       49008 kB
ShadowCallStack:   12268 kB
PageTables:        71948 kB
NFS_Unstable:          0 kB
Bounce:                0 kB
WritebackTmp:          0 kB
CommitLimit:     8677876 kB
Committed_AS:   75482764 kB
VmallocTotal:   263061440 kB
VmallocUsed:      131776 kB
VmallocChunk:          0 kB
Percpu:             2520 kB
CmaTotal:         405504 kB
CmaFree:             140 kB
MemTotal:        7918584 kB
MemFree:          184872 kB
MemAvailable:    3706112 kB
Buffers:           44124 kB
Cached:          3555688 kB
SwapCached:            0 kB
Active:          3257444 kB
Inactive:        2359120 kB
Active(anon):    1985176 kB
Inactive(anon):    55840 kB
Active(file):    1272268 kB
Inactive(file):  2303280 kB
Unevictable:        6292 kB
Mlocked:            5852 kB
SwapTotal:       4718584 kB
SwapFree:        4718584 kB
Dirty:             18588 kB
Writeback:             0 kB
AnonPages:       2022932 kB
Mapped:          1108820 kB
Shmem:             19568 kB
KReclaimable:     335916 kB
Slab:             312624 kB
SReclaimable:      87688 kB
SUnreclaim:       224936 kB
KernelStack:       49008 kB
ShadowCallStack:   12260 kB
PageTables:        71904 kB
NFS_Unstable:          0 kB
Bounce:                0 kB
WritebackTmp:          0 kB
CommitLimit:     8677876 kB
Committed_AS:   75581068 kB
VmallocTotal:   263061440 kB
VmallocUsed:      131780 kB
VmallocChunk:          0 kB
Percpu:             2520 kB
CmaTotal:         405504 kB
CmaFree:               0 kB
MemTotal:        7918584 kB
MemFree:          183684 kB
MemAvailable:    3693264 kB
Buffers:           44116 kB
Cached:          3545276 kB
SwapCached:            0 kB
Active:          3269632 kB
Inactive:        2348620 kB
Active(anon):    1997364 kB
Inactive(anon):    55848 kB
Active(file):    1272268 kB
Inactive(file):  2292772 kB
Unevictable:        6292 kB
Mlocked:            5852 kB
SwapTotal:       4718584 kB
SwapFree:        4718584 kB
Dirty:             18648 kB
Writeback:             0 kB
AnonPages:       2035168 kB
Mapped:          1108856 kB
Shmem:             19568 kB
KReclaimable:     334764 kB
Slab:             312648 kB
SReclaimable:      87688 kB
SUnreclaim:       224960 kB
KernelStack:       48944 kB
ShadowCallStack:   12260 kB
PageTables:        72048 kB
NFS_Unstable:          0 kB
Bounce:                0 kB
WritebackTmp:          0 kB
CommitLimit:     8677876 kB
Committed_AS:   75581144 kB
VmallocTotal:   263061440 kB
VmallocUsed:      131772 kB
VmallocChunk:          0 kB
Percpu:             2520 kB
CmaTotal:         405504 kB
CmaFree:               0 kB
MemTotal:        7918584 kB
MemFree:          182944 kB
MemAvailable:    3692532 kB
Buffers:           44124 kB
Cached:          3545276 kB
SwapCached:            0 kB
Active:          3269840 kB
Inactive:        2348628 kB
Active(anon):    1997572 kB
Inactive(anon):    55848 kB
Active(file):    1272268 kB
Inactive(file):  2292780 kB
Unevictable:        6292 kB
Mlocked:            5852 kB
SwapTotal:       4718584 kB
SwapFree:        4718584 kB
Dirty:             18652 kB
Writeback:             0 kB
AnonPages:       2035484 kB
Mapped:          1108884 kB
Shmem:             19568 kB
KReclaimable:     334764 kB
Slab:             312644 kB
SReclaimable:      87688 kB
SUnreclaim:       224956 kB
KernelStack:       48960 kB
ShadowCallStack:   12264 kB
PageTables:        72028 kB
NFS_Unstable:          0 kB
Bounce:                0 kB
WritebackTmp:          0 kB
CommitLimit:     8677876 kB
Committed_AS:   75581144 kB
VmallocTotal:   263061440 kB
VmallocUsed:      131776 kB
VmallocChunk:          0 kB
Percpu:             2520 kB
CmaTotal:         405504 kB
CmaFree:             124 kB
MemTotal:        7918584 kB
MemFree:          183016 kB
MemAvailable:    3648596 kB
Buffers:           44084 kB
Cached:          3504748 kB
SwapCached:            0 kB
Active:          3318372 kB
Inactive:        2302876 kB
Active(anon):    2040904 kB
Inactive(anon):    55848 kB
Active(file):    1277468 kB
Inactive(file):  2247028 kB
Unevictable:        6292 kB
Mlocked:            5852 kB
SwapTotal:       4718584 kB
SwapFree:        4718584 kB
Dirty:             18660 kB
Writeback:             0 kB
AnonPages:       2078868 kB
Mapped:          1107644 kB
Shmem:             19568 kB
KReclaimable:     331308 kB
Slab:             312660 kB
SReclaimable:      87688 kB
SUnreclaim:       224972 kB
KernelStack:       48912 kB
ShadowCallStack:   12256 kB
PageTables:        71800 kB
NFS_Unstable:          0 kB
Bounce:                0 kB
WritebackTmp:          0 kB
CommitLimit:     8677876 kB
Committed_AS:   75679448 kB
VmallocTotal:   263061440 kB
VmallocUsed:      131772 kB
VmallocChunk:          0 kB
Percpu:             2520 kB
CmaTotal:         405504 kB
CmaFree:               0 kB
MemTotal:        7918584 kB
MemFree:          184712 kB
MemAvailable:    3648512 kB
Buffers:           44088 kB
Cached:          3503108 kB
SwapCached:            0 kB
Active:          3318816 kB
Inactive:        2301152 kB
Active(anon):    2041280 kB
Inactive(anon):    55844 kB
Active(file):    1277536 kB
Inactive(file):  2245308 kB
Unevictable:        6292 kB
Mlocked:            5852 kB
SwapTotal:       4718584 kB
SwapFree:        4718584 kB
Dirty:               400 kB
Writeback:            24 kB
AnonPages:       2079248 kB
Mapped:          1107528 kB
Shmem:             19568 kB
KReclaimable:     331180 kB
Slab:             312700 kB
SReclaimable:      87688 kB
SUnreclaim:       225012 kB
KernelStack:       48976 kB
ShadowCallStack:   12260 kB
PageTables:        72176 kB
NFS_Unstable:          0 kB
Bounce:                0 kB
WritebackTmp:          0 kB
CommitLimit:     8677876 kB
Committed_AS:   75679448 kB
VmallocTotal:   263061440 kB
VmallocUsed:      131772 kB
VmallocChunk:          0 kB
Percpu:             2520 kB
CmaTotal:         405504 kB
CmaFree:               0 kB
MemTotal:        7918584 kB
MemFree:          185448 kB
MemAvailable:    3635344 kB
Buffers:           44048 kB
Cached:          3490184 kB
SwapCached:            0 kB
Active:          3331836 kB
Inactive:        2288276 kB
Active(anon):    2054300 kB
Inactive(anon):    55848 kB
Active(file):    1277536 kB
Inactive(file):  2232428 kB
Unevictable:        6292 kB
Mlocked:            5852 kB
SwapTotal:       4718584 kB
SwapFree:        4718584 kB
Dirty:               388 kB
Writeback:             4 kB
AnonPages:       2092060 kB
Mapped:          1107816 kB
Shmem:             19568 kB
KReclaimable:     330156 kB
Slab:             312672 kB
SReclaimable:      87688 kB
SUnreclaim:       224984 kB
KernelStack:       48928 kB
ShadowCallStack:   12260 kB
PageTables:        72084 kB
NFS_Unstable:          0 kB
Bounce:                0 kB
WritebackTmp:          0 kB
CommitLimit:     8677876 kB
Committed_AS:   75712216 kB
VmallocTotal:   263061440 kB
VmallocUsed:      131756 kB
VmallocChunk:          0 kB
Percpu:             2520 kB
CmaTotal:         405504 kB
CmaFree:               0 kB
MemTotal:        7918584 kB
MemFree:          184592 kB
MemAvailable:    3604696 kB
Buffers:           43996 kB
Cached:          3462576 kB
SwapCached:            0 kB
Active:          3362364 kB
Inactive:        2260264 kB
Active(anon):    2084568 kB
Inactive(anon):    55840 kB
Active(file):    1277796 kB
Inactive(file):  2204424 kB
Unevictable:        6292 kB
Mlocked:            5852 kB
SwapTotal:       4718584 kB
SwapFree:        4718584 kB
Dirty:               388 kB
Writeback:             0 kB
AnonPages:       2122380 kB
Mapped:          1108200 kB
Shmem:             19568 kB
KReclaimable:     328108 kB
Slab:             312708 kB
SReclaimable:      87688 kB
SUnreclaim:       225020 kB
KernelStack:       48960 kB
ShadowCallStack:   12260 kB
PageTables:        72284 kB
NFS_Unstable:          0 kB
Bounce:                0 kB
WritebackTmp:          0 kB
CommitLimit:     8677876 kB
Committed_AS:   75777752 kB
VmallocTotal:   263061440 kB
VmallocUsed:      131780 kB
VmallocChunk:          0 kB
Percpu:             2520 kB
CmaTotal:         405504 kB
CmaFree:               0 kB
MemTotal:        7918584 kB
MemFree:          187876 kB
MemAvailable:    3603300 kB
Buffers:           44008 kB
Cached:          3458652 kB
SwapCached:            0 kB
Active:          3362808 kB
Inactive:        2256360 kB
Active(anon):    2085012 kB
Inactive(anon):    55848 kB
Active(file):    1277796 kB
Inactive(file):  2200512 kB
Unevictable:        6292 kB
Mlocked:            5852 kB
SwapTotal:       4718584 kB
SwapFree:        4718584 kB
Dirty:               416 kB
Writeback:             0 kB
AnonPages:       2122964 kB
Mapped:          1108164 kB
Shmem:             19568 kB
KReclaimable:     327340 kB
Slab:             312704 kB
SReclaimable:      87688 kB
SUnreclaim:       225016 kB
KernelStack:       48912 kB
ShadowCallStack:   12256 kB
PageTables:        72304 kB
NFS_Unstable:          0 kB
Bounce:                0 kB
WritebackTmp:          0 kB
CommitLimit:     8677876 kB
Committed_AS:   75777752 kB
VmallocTotal:   263061440 kB
VmallocUsed:      131740 kB
VmallocChunk:          0 kB
Percpu:             2520 kB
CmaTotal:         405504 kB
CmaFree:               0 kB
MemTotal:        7918584 kB
MemFree:          187636 kB
MemAvailable:    3576300 kB
Buffers:           43956 kB
Cached:          3433424 kB
SwapCached:            0 kB
Active:          3391088 kB
Inactive:        2231044 kB
Active(anon):    2113136 kB
Inactive(anon):    55844 kB
Active(file):    1277952 kB
Inactive(file):  2175200 kB
Unevictable:        6292 kB
Mlocked:            5852 kB
SwapTotal:       4718584 kB
SwapFree:        4718584 kB
Dirty:               524 kB
Writeback:             0 kB
AnonPages:       2150964 kB
Mapped:          1095736 kB
Shmem:             19444 kB
KReclaimable:     325736 kB
Slab:             312288 kB
SReclaimable:      87620 kB
SUnreclaim:       224668 kB
KernelStack:       48672 kB
ShadowCallStack:   12184 kB
PageTables:        71748 kB
NFS_Unstable:          0 kB
Bounce:                0 kB
WritebackTmp:          0 kB
CommitLimit:     8677876 kB
Committed_AS:   74534280 kB
VmallocTotal:   263061440 kB
VmallocUsed:      131368 kB
VmallocChunk:          0 kB
Percpu:             2520 kB
CmaTotal:         405504 kB
CmaFree:             268 kB
MemTotal:        7918584 kB
MemFree:          182120 kB
MemAvailable:    3570784 kB
Buffers:           43956 kB
Cached:          3433424 kB
SwapCached:            0 kB
Active:          3396428 kB
Inactive:        2231048 kB
Active(anon):    2118476 kB
Inactive(anon):    55848 kB
Active(file):    1277952 kB
Inactive(file):  2175200 kB
Unevictable:        6292 kB
Mlocked:            5852 kB
SwapTotal:       4718584 kB
SwapFree:        4718584 kB
Dirty:               552 kB
Writeback:             0 kB
AnonPages:       2156408 kB
Mapped:          1095636 kB
Shmem:             19444 kB
KReclaimable:     325736 kB
Slab:             312228 kB
SReclaimable:      87620 kB
SUnreclaim:       224608 kB
KernelStack:       48608 kB
ShadowCallStack:   12172 kB
PageTables:        71920 kB
NFS_Unstable:          0 kB
Bounce:                0 kB
WritebackTmp:          0 kB
CommitLimit:     8677876 kB
Committed_AS:   74534276 kB
VmallocTotal:   263061440 kB
VmallocUsed:      131348 kB
VmallocChunk:          0 kB
Percpu:             2520 kB
CmaTotal:         405504 kB
CmaFree:               0 kB
MemTotal:        7918584 kB
MemFree:          186880 kB
MemAvailable:    3439972 kB
Buffers:           43868 kB
Cached:          3399704 kB
SwapCached:            0 kB
Active:          3439876 kB
Inactive:        2183752 kB
Active(anon):    2148460 kB
Inactive(anon):    55852 kB
Active(file):    1291416 kB
Inactive(file):  2127900 kB
Unevictable:        6292 kB
Mlocked:            5852 kB
SwapTotal:       4718584 kB
SwapFree:        4718584 kB
Dirty:               560 kB
Writeback:             0 kB
AnonPages:       2186284 kB
Mapped:          1092216 kB
Shmem:             19472 kB
KReclaimable:     205480 kB
Slab:             312396 kB
SReclaimable:      87620 kB
SUnreclaim:       224776 kB
KernelStack:       48784 kB
ShadowCallStack:   12196 kB
PageTables:        71912 kB
NFS_Unstable:          0 kB
Bounce:                0 kB
WritebackTmp:          0 kB
CommitLimit:     8677876 kB
Committed_AS:   74534676 kB
VmallocTotal:   263061440 kB
VmallocUsed:      131520 kB
VmallocChunk:          0 kB
Percpu:             2520 kB
CmaTotal:         405504 kB
CmaFree:               0 kB
MemTotal:        7918584 kB
MemFree:          186072 kB
MemAvailable:    3382400 kB
Buffers:           43804 kB
Cached:          3347888 kB
SwapCached:            0 kB
Active:          3501308 kB
Inactive:        2121676 kB
Active(anon):    2199816 kB
Inactive(anon):    55848 kB
Active(file):    1301492 kB
Inactive(file):  2065828 kB
Unevictable:        6292 kB
Mlocked:            5852 kB
SwapTotal:       4718584 kB
SwapFree:        4718584 kB
Dirty:               572 kB
Writeback:             0 kB
AnonPages:       2237580 kB
Mapped:          1085392 kB
Shmem:             19588 kB
KReclaimable:     195944 kB
Slab:             312300 kB
SReclaimable:      87620 kB
SUnreclaim:       224680 kB
KernelStack:       48736 kB
ShadowCallStack:   12208 kB
PageTables:        72084 kB
NFS_Unstable:          0 kB
Bounce:                0 kB
WritebackTmp:          0 kB
CommitLimit:     8677876 kB
Committed_AS:   74649368 kB
VmallocTotal:   263061440 kB
VmallocUsed:      131520 kB
VmallocChunk:          0 kB
Percpu:             2520 kB
CmaTotal:         405504 kB
CmaFree:               0 kB
MemTotal:        7918584 kB
MemFree:          222584 kB
MemAvailable:    3525636 kB
Buffers:           43812 kB
Cached:          3347752 kB
SwapCached:            0 kB
Active:          3463716 kB
Inactive:        2121688 kB
Active(anon):    2162224 kB
Inactive(anon):    55852 kB
Active(file):    1301492 kB
Inactive(file):  2065836 kB
Unevictable:        6292 kB
Mlocked:            5852 kB
SwapTotal:       4718584 kB
SwapFree:        4718584 kB
Dirty:               576 kB
Writeback:             0 kB
AnonPages:       2200064 kB
Mapped:          1084780 kB
Shmem:             19452 kB
KReclaimable:     325948 kB
Slab:             312204 kB
SReclaimable:      87604 kB
SUnreclaim:       224600 kB
KernelStack:       48592 kB
ShadowCallStack:   12200 kB
PageTables:        71996 kB
NFS_Unstable:          0 kB
Bounce:                0 kB
WritebackTmp:          0 kB
CommitLimit:     8677876 kB
Committed_AS:   74648996 kB
VmallocTotal:   263061440 kB
VmallocUsed:      131380 kB
VmallocChunk:          0 kB
Percpu:             2520 kB
CmaTotal:         405504 kB
CmaFree:               8 kB
MemTotal:        7918584 kB
MemFree:          212692 kB
MemAvailable:    3515924 kB
Buffers:           43812 kB
Cached:          3347752 kB
SwapCached:            0 kB
Active:          3474332 kB
Inactive:        2121676 kB
Active(anon):    2172840 kB
Inactive(anon):    55840 kB
Active(file):    1301492 kB
Inactive(file):  2065836 kB
Unevictable:        6292 kB
Mlocked:            5852 kB
SwapTotal:       4718584 kB
SwapFree:        4718584 kB
Dirty:               576 kB
Writeback:             0 kB
AnonPages:       2210660 kB
Mapped:          1085052 kB
Shmem:             19452 kB
KReclaimable:     326128 kB
Slab:             312168 kB
SReclaimable:      87604 kB
SUnreclaim:       224564 kB
KernelStack:       48640 kB
ShadowCallStack:   12184 kB
PageTables:        71884 kB
NFS_Unstable:          0 kB
Bounce:                0 kB
WritebackTmp:          0 kB
CommitLimit:     8677876 kB
Committed_AS:   74681744 kB
VmallocTotal:   263061440 kB
VmallocUsed:      131368 kB
VmallocChunk:          0 kB
Percpu:             2520 kB
CmaTotal:         405504 kB
CmaFree:               0 kB
MemTotal:        7918584 kB
MemFree:          183668 kB
MemAvailable:    3482420 kB
Buffers:           43808 kB
Cached:          3343792 kB
SwapCached:            0 kB
Active:          3507264 kB
Inactive:        2117488 kB
Active(anon):    2205544 kB
Inactive(anon):    55848 kB
Active(file):    1301720 kB
Inactive(file):  2061640 kB
Unevictable:        6292 kB
Mlocked:            5852 kB
SwapTotal:       4718584 kB
SwapFree:        4718584 kB
Dirty:               584 kB
Writeback:             0 kB
AnonPages:       2243548 kB
Mapped:          1085072 kB
Shmem:             19456 kB
KReclaimable:     325616 kB
Slab:             312184 kB
SReclaimable:      87604 kB
SUnreclaim:       224580 kB
KernelStack:       48640 kB
ShadowCallStack:   12188 kB
PageTables:        72212 kB
NFS_Unstable:          0 kB
Bounce:                0 kB
WritebackTmp:          0 kB
CommitLimit:     8677876 kB
Committed_AS:   74747280 kB
VmallocTotal:   263061440 kB
VmallocUsed:      131364 kB
VmallocChunk:          0 kB
Percpu:             2520 kB
CmaTotal:         405504 kB
CmaFree:               0 kB
MemTotal:        7918584 kB
MemFree:          193304 kB
MemAvailable:    3492056 kB
Buffers:           43808 kB
Cached:          3343792 kB
SwapCached:            0 kB
Active:          3497564 kB
Inactive:        2117484 kB
Active(anon):    2195844 kB
Inactive(anon):    55844 kB
Active(file):    1301720 kB
Inactive(file):  2061640 kB
Unevictable:        6292 kB
Mlocked:            5852 kB
SwapTotal:       4718584 kB
SwapFree:        4718584 kB
Dirty:               584 kB
Writeback:             0 kB
AnonPages:       2233744 kB
Mapped:          1079508 kB
Shmem:             19456 kB
KReclaimable:     325616 kB
Slab:             312164 kB
SReclaimable:      87604 kB
SUnreclaim:       224560 kB
KernelStack:       48304 kB
ShadowCallStack:   12136 kB
PageTables:        71420 kB
NFS_Unstable:          0 kB
Bounce:                0 kB
WritebackTmp:          0 kB
CommitLimit:     8677876 kB
Committed_AS:   73414536 kB
VmallocTotal:   263061440 kB
VmallocUsed:      131000 kB
VmallocChunk:          0 kB
Percpu:             2520 kB
CmaTotal:         405504 kB
CmaFree:             252 kB
MemTotal:        7918584 kB
MemFree:          182636 kB
MemAvailable:    3461932 kB
Buffers:           43808 kB
Cached:          3325300 kB
SwapCached:            0 kB
Active:          3528264 kB
Inactive:        2099056 kB
Active(anon):    2226544 kB
Inactive(anon):    55848 kB
Active(file):    1301720 kB
Inactive(file):  2043208 kB
Unevictable:        6292 kB
Mlocked:            5852 kB
SwapTotal:       4718584 kB
SwapFree:        4718584 kB
Dirty:               584 kB
Writeback:             0 kB
AnonPages:       2264672 kB
Mapped:          1079796 kB
Shmem:             19396 kB
KReclaimable:     324592 kB
Slab:             311940 kB
SReclaimable:      87604 kB
SUnreclaim:       224336 kB
KernelStack:       48336 kB
ShadowCallStack:   12116 kB
PageTables:        71508 kB
NFS_Unstable:          0 kB
Bounce:                0 kB
WritebackTmp:          0 kB
CommitLimit:     8677876 kB
Committed_AS:   73512840 kB
VmallocTotal:   263061440 kB
VmallocUsed:      131012 kB
VmallocChunk:          0 kB
Percpu:             2520 kB
CmaTotal:         405504 kB
CmaFree:               0 kB
MemTotal:        7918584 kB
MemFree:          184532 kB
MemAvailable:    3450028 kB
Buffers:           43832 kB
Cached:          3312508 kB
SwapCached:            0 kB
Active:          3539980 kB
Inactive:        2086280 kB
Active(anon):    2238260 kB
Inactive(anon):    55848 kB
Active(file):    1301720 kB
Inactive(file):  2030432 kB
Unevictable:        6292 kB
Mlocked:            5852 kB
SwapTotal:       4718584 kB
SwapFree:        4718584 kB
Dirty:               584 kB
Writeback:            20 kB
AnonPages:       2276248 kB
Mapped:          1079828 kB
Shmem:             19396 kB
KReclaimable:     323568 kB
Slab:             311812 kB
SReclaimable:      87604 kB
SUnreclaim:       224208 kB
KernelStack:       48368 kB
ShadowCallStack:   12104 kB
PageTables:        71556 kB
NFS_Unstable:          0 kB
Bounce:                0 kB
WritebackTmp:          0 kB
CommitLimit:     8677876 kB
Committed_AS:   73525644 kB
VmallocTotal:   263061440 kB
VmallocUsed:      131024 kB
VmallocChunk:          0 kB
Percpu:             2520 kB
CmaTotal:         405504 kB
CmaFree:               0 kB
MemTotal:        7918584 kB
MemFree:          182860 kB
MemAvailable:    3448356 kB
Buffers:           43832 kB
Cached:          3312500 kB
SwapCached:            0 kB
Active:          3541096 kB
Inactive:        2086272 kB
Active(anon):    2239376 kB
Inactive(anon):    55840 kB
Active(file):    1301720 kB
Inactive(file):  2030432 kB
Unevictable:        6292 kB
Mlocked:            5852 kB
SwapTotal:       4718584 kB
SwapFree:        4718584 kB
Dirty:               592 kB
Writeback:             0 kB
AnonPages:       2277324 kB
Mapped:          1079916 kB
Shmem:             19396 kB
KReclaimable:     323568 kB
Slab:             311804 kB
SReclaimable:      87604 kB
SUnreclaim:       224200 kB
KernelStack:       48400 kB
ShadowCallStack:   12104 kB
PageTables:        71544 kB
NFS_Unstable:          0 kB
Bounce:                0 kB
WritebackTmp:          0 kB
CommitLimit:     8677876 kB
Committed_AS:   73525644 kB
VmallocTotal:   263061440 kB
VmallocUsed:      131024 kB
VmallocChunk:          0 kB
Percpu:             2520 kB
CmaTotal:         405504 kB
CmaFree:               0 kB
MemTotal:        7918584 kB
MemFree:          182872 kB
MemAvailable:    3406424 kB
Buffers:           43736 kB
Cached:          3273772 kB
SwapCached:            0 kB
Active:          3587616 kB
Inactive:        2043208 kB
Active(anon):    2281740 kB
Inactive(anon):    55848 kB
Active(file):    1305876 kB
Inactive(file):  1987360 kB
Unevictable:        6292 kB
Mlocked:            5852 kB
SwapTotal:       4718584 kB
SwapFree:        4718584 kB
Dirty:               608 kB
Writeback:             0 kB
AnonPages:       2319652 kB
Mapped:          1078516 kB
Shmem:             19404 kB
KReclaimable:     320540 kB
Slab:             311764 kB
SReclaimable:      87544 kB
SUnreclaim:       224220 kB
KernelStack:       48336 kB
ShadowCallStack:   12124 kB
PageTables:        71816 kB
NFS_Unstable:          0 kB
Bounce:                0 kB
WritebackTmp:          0 kB
CommitLimit:     8677876 kB
Committed_AS:   73623956 kB
VmallocTotal:   263061440 kB
VmallocUsed:      131020 kB
VmallocChunk:          0 kB
Percpu:             2520 kB
CmaTotal:         405504 kB
CmaFree:               0 kB
MemTotal:        7918584 kB
MemFree:          183948 kB
MemAvailable:    3405316 kB
Buffers:           43736 kB
Cached:          3272144 kB
SwapCached:            0 kB
Active:          3587516 kB
Inactive:        2041672 kB
Active(anon):    2281640 kB
Inactive(anon):    55856 kB
Active(file):    1305876 kB
Inactive(file):  1985816 kB
Unevictable:        6292 kB
Mlocked:            5852 kB
SwapTotal:       4718584 kB
SwapFree:        4718584 kB
Dirty:               628 kB
Writeback:             0 kB
AnonPages:       2319564 kB
Mapped:          1078640 kB
Shmem:             19404 kB
KReclaimable:     319900 kB
Slab:             311764 kB
SReclaimable:      87544 kB
SUnreclaim:       224220 kB
KernelStack:       48352 kB
ShadowCallStack:   12116 kB
PageTables:        71960 kB
NFS_Unstable:          0 kB
Bounce:                0 kB
WritebackTmp:          0 kB
CommitLimit:     8677876 kB
Committed_AS:   73623956 kB
VmallocTotal:   263061440 kB
VmallocUsed:      130988 kB
VmallocChunk:          0 kB
Percpu:             2520 kB
CmaTotal:         405504 kB
CmaFree:               0 kB
MemTotal:        7918584 kB
MemFree:          186112 kB
MemAvailable:    3389028 kB
Buffers:           43724 kB
Cached:          3254728 kB
SwapCached:            0 kB
Active:          3604340 kB
Inactive:        2024236 kB
Active(anon):    2298464 kB
Inactive(anon):    55848 kB
Active(file):    1305876 kB
Inactive(file):  1968388 kB
Unevictable:        6292 kB
Mlocked:            5852 kB
SwapTotal:       4718584 kB
SwapFree:        4718584 kB
Dirty:               616 kB
Writeback:             0 kB
AnonPages:       2336632 kB
Mapped:          1078740 kB
Shmem:             19404 kB
KReclaimable:     318876 kB
Slab:             311772 kB
SReclaimable:      87544 kB
SUnreclaim:       224228 kB
KernelStack:       48368 kB
ShadowCallStack:   12116 kB
PageTables:        71928 kB
NFS_Unstable:          0 kB
Bounce:                0 kB
WritebackTmp:          0 kB
CommitLimit:     8677876 kB
Committed_AS:   73656724 kB
VmallocTotal:   263061440 kB
VmallocUsed:      131020 kB
VmallocChunk:          0 kB
Percpu:             2520 kB
CmaTotal:         405504 kB
CmaFree:               0 kB
MemTotal:        7918584 kB
MemFree:          183844 kB
MemAvailable:    3362004 kB
Buffers:           43664 kB
Cached:          3231604 kB
SwapCached:            0 kB
Active:          3630200 kB
Inactive:        2000952 kB
Active(anon):    2324324 kB
Inactive(anon):    55848 kB
Active(file):    1305876 kB
Inactive(file):  1945104 kB
Unevictable:        6292 kB
Mlocked:            5852 kB
SwapTotal:       4718584 kB
SwapFree:        4718584 kB
Dirty:               616 kB
Writeback:             0 kB
AnonPages:       2362148 kB
Mapped:          1078916 kB
Shmem:             19404 kB
KReclaimable:     317404 kB
Slab:             311796 kB
SReclaimable:      87544 kB
SUnreclaim:       224252 kB
KernelStack:       48336 kB
ShadowCallStack:   12104 kB
PageTables:        71772 kB
NFS_Unstable:          0 kB
Bounce:                0 kB
WritebackTmp:          0 kB
CommitLimit:     8677876 kB
Committed_AS:   73705876 kB
VmallocTotal:   263061440 kB
VmallocUsed:      131016 kB
VmallocChunk:          0 kB
Percpu:             2520 kB
CmaTotal:         405504 kB
CmaFree:               0 kB
MemTotal:        7918584 kB
MemFree:          184344 kB
MemAvailable:    3361112 kB
Buffers:           43648 kB
Cached:          3230192 kB
SwapCached:            0 kB
Active:          3630948 kB
Inactive:        1999408 kB
Active(anon):    2324856 kB
Inactive(anon):    55848 kB
Active(file):    1306092 kB
Inactive(file):  1943560 kB
Unevictable:        6292 kB
Mlocked:            5852 kB
SwapTotal:       4718584 kB
SwapFree:        4718584 kB
Dirty:               636 kB
Writeback:             0 kB
AnonPages:       2362904 kB
Mapped:          1078960 kB
Shmem:             19404 kB
KReclaimable:     317340 kB
Slab:             311788 kB
SReclaimable:      87544 kB
SUnreclaim:       224244 kB
KernelStack:       48368 kB
ShadowCallStack:   12116 kB
PageTables:        72060 kB
NFS_Unstable:          0 kB
Bounce:                0 kB
WritebackTmp:          0 kB
CommitLimit:     8677876 kB
Committed_AS:   73705876 kB
VmallocTotal:   263061440 kB
VmallocUsed:      131012 kB
VmallocChunk:          0 kB
Percpu:             2520 kB
CmaTotal:         405504 kB
CmaFree:               0 kB
MemTotal:        7918584 kB
MemFree:          182140 kB
MemAvailable:    3322676 kB
Buffers:           43556 kB
Cached:          3197148 kB
SwapCached:            0 kB
Active:          3672808 kB
Inactive:        1963720 kB
Active(anon):    2364320 kB
Inactive(anon):    55844 kB
Active(file):    1308488 kB
Inactive(file):  1907876 kB
Unevictable:        6292 kB
Mlocked:            5852 kB
SwapTotal:       4718584 kB
SwapFree:        4718584 kB
Dirty:               644 kB
Writeback:             0 kB
AnonPages:       2402236 kB
Mapped:          1076812 kB
Shmem:             19404 kB
KReclaimable:     314396 kB
Slab:             311840 kB
SReclaimable:      87544 kB
SUnreclaim:       224296 kB
KernelStack:       48352 kB
ShadowCallStack:   12100 kB
PageTables:        72116 kB
NFS_Unstable:          0 kB
Bounce:                0 kB
WritebackTmp:          0 kB
CommitLimit:     8677876 kB
Committed_AS:   73804136 kB
VmallocTotal:   263061440 kB
VmallocUsed:      130992 kB
VmallocChunk:          0 kB
Percpu:             2520 kB
CmaTotal:         405504 kB
CmaFree:               0 kB
MemTotal:        7918584 kB
MemFree:          183264 kB
MemAvailable:    3319412 kB
Buffers:           43544 kB
Cached:          3192748 kB
SwapCached:            0 kB
Active:          3675664 kB
Inactive:        1959328 kB
Active(anon):    2367036 kB
Inactive(anon):    55852 kB
Active(file):    1308628 kB
Inactive(file):  1903476 kB
Unevictable:        6292 kB
Mlocked:            5852 kB
SwapTotal:       4718584 kB
SwapFree:        4718584 kB
Dirty:               724 kB
Writeback:             0 kB
AnonPages:       2405192 kB
Mapped:          1076972 kB
Shmem:             19404 kB
KReclaimable:     314268 kB
Slab:             311808 kB
SReclaimable:      87544 kB
SUnreclaim:       224264 kB
KernelStack:       48336 kB
ShadowCallStack:   12108 kB
PageTables:        72308 kB
NFS_Unstable:          0 kB
Bounce:                0 kB
WritebackTmp:          0 kB
CommitLimit:     8677876 kB
Committed_AS:   73804140 kB
VmallocTotal:   263061440 kB
VmallocUsed:      130996 kB
VmallocChunk:          0 kB
Percpu:             2520 kB
CmaTotal:         405504 kB
CmaFree:               4 kB
MemTotal:        7918584 kB
MemFree:          182968 kB
MemAvailable:    3319124 kB
Buffers:           43552 kB
Cached:          3192752 kB
SwapCached:            0 kB
Active:          3676452 kB
Inactive:        1959328 kB
Active(anon):    2367824 kB
Inactive(anon):    55844 kB
Active(file):    1308628 kB
Inactive(file):  1903484 kB
Unevictable:        6292 kB
Mlocked:            5852 kB
SwapTotal:       4718584 kB
SwapFree:        4718584 kB
Dirty:               724 kB
Writeback:             0 kB
AnonPages:       2405772 kB
Mapped:          1077132 kB
Shmem:             19408 kB
KReclaimable:     314268 kB
Slab:             311808 kB
SReclaimable:      87544 kB
SUnreclaim:       224264 kB
KernelStack:       48368 kB
ShadowCallStack:   12108 kB
PageTables:        72204 kB
NFS_Unstable:          0 kB
Bounce:                0 kB
WritebackTmp:          0 kB
CommitLimit:     8677876 kB
Committed_AS:   73804140 kB
VmallocTotal:   263061440 kB
VmallocUsed:      130996 kB
VmallocChunk:          0 kB
Percpu:             2520 kB
CmaTotal:         405504 kB
CmaFree:               0 kB
MemTotal:        7918584 kB
MemFree:          183944 kB
MemAvailable:    3275432 kB
Buffers:           43340 kB
Cached:          3151368 kB
SwapCached:            0 kB
Active:          3718760 kB
Inactive:        1917224 kB
Active(anon):    2409620 kB
Inactive(anon):    55848 kB
Active(file):    1309140 kB
Inactive(file):  1861376 kB
Unevictable:        6292 kB
Mlocked:            5852 kB
SwapTotal:       4718584 kB
SwapFree:        4718584 kB
Dirty:               736 kB
Writeback:             0 kB
AnonPages:       2447624 kB
Mapped:          1077152 kB
Shmem:             19408 kB
KReclaimable:     311196 kB
Slab:             311852 kB
SReclaimable:      87544 kB
SUnreclaim:       224308 kB
KernelStack:       48352 kB
ShadowCallStack:   12112 kB
PageTables:        72392 kB
NFS_Unstable:          0 kB
Bounce:                0 kB
WritebackTmp:          0 kB
CommitLimit:     8677876 kB
Committed_AS:   73902444 kB
VmallocTotal:   263061440 kB
VmallocUsed:      130988 kB
VmallocChunk:          0 kB
Percpu:             2520 kB
CmaTotal:         405504 kB
CmaFree:               0 kB
MemTotal:        7918584 kB
MemFree:          184444 kB
MemAvailable:    3275932 kB
Buffers:           43340 kB
Cached:          3151368 kB
SwapCached:            0 kB
Active:          3719024 kB
Inactive:        1917220 kB
Active(anon):    2409884 kB
Inactive(anon):    55844 kB
Active(file):    1309140 kB
Inactive(file):  1861376 kB
Unevictable:        6292 kB
Mlocked:            5852 kB
SwapTotal:       4718584 kB
SwapFree:        4718584 kB
Dirty:               472 kB
Writeback:             0 kB
AnonPages:       2447848 kB
Mapped:          1077044 kB
Shmem:             19408 kB
KReclaimable:     311196 kB
Slab:             311848 kB
SReclaimable:      87544 kB
SUnreclaim:       224304 kB
KernelStack:       48304 kB
ShadowCallStack:   12104 kB
PageTables:        72352 kB
NFS_Unstable:          0 kB
Bounce:                0 kB
WritebackTmp:          0 kB
CommitLimit:     8677876 kB
Committed_AS:   73902444 kB
VmallocTotal:   263061440 kB
VmallocUsed:      131000 kB
VmallocChunk:          0 kB
Percpu:             2520 kB
CmaTotal:         405504 kB
CmaFree:               0 kB
MemTotal:        7918584 kB
MemFree:          184260 kB
MemAvailable:    3260704 kB
Buffers:           43300 kB
Cached:          3137388 kB
SwapCached:            0 kB
Active:          3734172 kB
Inactive:        1903116 kB
Active(anon):    2424944 kB
Inactive(anon):    55848 kB
Active(file):    1309228 kB
Inactive(file):  1847268 kB
Unevictable:        6292 kB
Mlocked:            5852 kB
SwapTotal:       4718584 kB
SwapFree:        4718584 kB
Dirty:               484 kB
Writeback:             0 kB
AnonPages:       2462952 kB
Mapped:          1077464 kB
Shmem:             19408 kB
KReclaimable:     310172 kB
Slab:             311872 kB
SReclaimable:      87544 kB
SUnreclaim:       224328 kB
KernelStack:       48320 kB
ShadowCallStack:   12112 kB
PageTables:        72404 kB
NFS_Unstable:          0 kB
Bounce:                0 kB
WritebackTmp:          0 kB
CommitLimit:     8677876 kB
Committed_AS:   73951596 kB
VmallocTotal:   263061440 kB
VmallocUsed:      131000 kB
VmallocChunk:          0 kB
Percpu:             2520 kB
CmaTotal:         405504 kB
CmaFree:               0 kB
MemTotal:        7918584 kB
MemFree:          184452 kB
MemAvailable:    3232056 kB
Buffers:           43248 kB
Cached:          3110020 kB
SwapCached:            0 kB
Active:          3762484 kB
Inactive:        1875432 kB
Active(anon):    2453004 kB
Inactive(anon):    55848 kB
Active(file):    1309480 kB
Inactive(file):  1819584 kB
Unevictable:        6292 kB
Mlocked:            5852 kB
SwapTotal:       4718584 kB
SwapFree:        4718584 kB
Dirty:               192 kB
Writeback:             0 kB
AnonPages:       2491032 kB
Mapped:          1077588 kB
Shmem:             19420 kB
KReclaimable:     308764 kB
Slab:             311900 kB
SReclaimable:      87544 kB
SUnreclaim:       224356 kB
KernelStack:       48336 kB
ShadowCallStack:   12120 kB
PageTables:        72740 kB
NFS_Unstable:          0 kB
Bounce:                0 kB
WritebackTmp:          0 kB
CommitLimit:     8677876 kB
Committed_AS:   74000764 kB
VmallocTotal:   263061440 kB
VmallocUsed:      131000 kB
VmallocChunk:          0 kB
Percpu:             2520 kB
CmaTotal:         405504 kB
CmaFree:               0 kB
MemTotal:        7918584 kB
MemFree:          188376 kB
MemAvailable:    3235812 kB
Buffers:           43248 kB
Cached:          3109952 kB
SwapCached:            0 kB
Active:          3759364 kB
Inactive:        1875380 kB
Active(anon):    2449884 kB
Inactive(anon):    55848 kB
Active(file):    1309480 kB
Inactive(file):  1819532 kB
Unevictable:        6292 kB
Mlocked:            5852 kB
SwapTotal:       4718584 kB
SwapFree:        4718584 kB
Dirty:               340 kB
Writeback:             0 kB
AnonPages:       2487740 kB
Mapped:          1077520 kB
Shmem:             19404 kB
KReclaimable:     308648 kB
Slab:             311544 kB
SReclaimable:      87556 kB
SUnreclaim:       223988 kB
KernelStack:       48096 kB
ShadowCallStack:   12056 kB
PageTables:        71768 kB
NFS_Unstable:          0 kB
Bounce:                0 kB
WritebackTmp:          0 kB
CommitLimit:     8677876 kB
Committed_AS:   72676588 kB
VmallocTotal:   263061440 kB
VmallocUsed:      130676 kB
VmallocChunk:          0 kB
Percpu:             2520 kB
CmaTotal:         405504 kB
CmaFree:              20 kB
MemTotal:        7918584 kB
MemFree:          183320 kB
MemAvailable:    3068776 kB
Buffers:           42900 kB
Cached:          3038328 kB
SwapCached:            0 kB
Active:          3829460 kB
Inactive:        1803068 kB
Active(anon):    2519736 kB
Inactive(anon):    55848 kB
Active(file):    1309724 kB
Inactive(file):  1747220 kB
Unevictable:        6292 kB
Mlocked:            5852 kB
SwapTotal:       4718584 kB
SwapFree:        4718584 kB
Dirty:               344 kB
Writeback:             0 kB
AnonPages:       2557648 kB
Mapped:          1078420 kB
Shmem:             19500 kB
KReclaimable:     194952 kB
Slab:             311592 kB
SReclaimable:      87524 kB
SUnreclaim:       224068 kB
KernelStack:       48224 kB
ShadowCallStack:   12080 kB
PageTables:        72160 kB
NFS_Unstable:          0 kB
Bounce:                0 kB
WritebackTmp:          0 kB
CommitLimit:     8677876 kB
Committed_AS:   72758904 kB
VmallocTotal:   263061440 kB
VmallocUsed:      130848 kB
VmallocChunk:          0 kB
Percpu:             2520 kB
CmaTotal:         405504 kB
CmaFree:               0 kB
MemTotal:        7918584 kB
MemFree:          224172 kB
MemAvailable:    3192312 kB
Buffers:           42908 kB
Cached:          3025196 kB
SwapCached:            0 kB
Active:          3802376 kB
Inactive:        1790024 kB
Active(anon):    2492636 kB
Inactive(anon):    55848 kB
Active(file):    1309740 kB
Inactive(file):  1734176 kB
Unevictable:        6292 kB
Mlocked:            5852 kB
SwapTotal:       4718584 kB
SwapFree:        4718584 kB
Dirty:               400 kB
Writeback:             0 kB
AnonPages:       2530712 kB
Mapped:          1077952 kB
Shmem:             19404 kB
KReclaimable:     314448 kB
Slab:             311476 kB
SReclaimable:      87524 kB
SUnreclaim:       223952 kB
KernelStack:       48096 kB
ShadowCallStack:   12076 kB
PageTables:        72216 kB
NFS_Unstable:          0 kB
Bounce:                0 kB
WritebackTmp:          0 kB
CommitLimit:     8677876 kB
Committed_AS:   72774872 kB
VmallocTotal:   263061440 kB
VmallocUsed:      130684 kB
VmallocChunk:          0 kB
Percpu:             2520 kB
CmaTotal:         405504 kB
CmaFree:               0 kB
MemTotal:        7918584 kB
MemFree:          224368 kB
MemAvailable:    3192540 kB
Buffers:           42908 kB
Cached:          3025176 kB
SwapCached:            0 kB
Active:          3802508 kB
Inactive:        1790016 kB
Active(anon):    2492768 kB
Inactive(anon):    55840 kB
Active(file):    1309740 kB
Inactive(file):  1734176 kB
Unevictable:        6292 kB
Mlocked:            5852 kB
SwapTotal:       4718584 kB
SwapFree:        4718584 kB
Dirty:               324 kB
Writeback:             0 kB
AnonPages:       2530944 kB
Mapped:          1077948 kB
Shmem:             19384 kB
KReclaimable:     314480 kB
Slab:             311468 kB
SReclaimable:      87524 kB
SUnreclaim:       223944 kB
KernelStack:       48128 kB
ShadowCallStack:   12048 kB
PageTables:        72180 kB
NFS_Unstable:          0 kB
Bounce:                0 kB
WritebackTmp:          0 kB
CommitLimit:     8677876 kB
Committed_AS:   72774872 kB
VmallocTotal:   263061440 kB
VmallocUsed:      130688 kB
VmallocChunk:          0 kB
Percpu:             2520 kB
CmaTotal:         405504 kB
CmaFree:              24 kB
MemTotal:        7918584 kB
MemFree:          182256 kB
MemAvailable:    3150412 kB
Buffers:           42908 kB
Cached:          3025160 kB
SwapCached:            0 kB
Active:          3845156 kB
Inactive:        1790008 kB
Active(anon):    2535416 kB
Inactive(anon):    55848 kB
Active(file):    1309740 kB
Inactive(file):  1734160 kB
Unevictable:        6292 kB
Mlocked:            5852 kB
SwapTotal:       4718584 kB
SwapFree:        4718584 kB
Dirty:               344 kB
Writeback:             0 kB
AnonPages:       2573404 kB
Mapped:          1078368 kB
Shmem:             19384 kB
KReclaimable:     314480 kB
Slab:             311500 kB
SReclaimable:      87524 kB
SUnreclaim:       223976 kB
KernelStack:       48080 kB
ShadowCallStack:   12044 kB
PageTables:        72232 kB
NFS_Unstable:          0 kB
Bounce:                0 kB
WritebackTmp:          0 kB
CommitLimit:     8677876 kB
Committed_AS:   72889560 kB
VmallocTotal:   263061440 kB
VmallocUsed:      130684 kB
VmallocChunk:          0 kB
Percpu:             2520 kB
CmaTotal:         405504 kB
CmaFree:               4 kB
MemTotal:        7918584 kB
MemFree:          183972 kB
MemAvailable:    3147824 kB
Buffers:           42856 kB
Cached:          3020908 kB
SwapCached:            0 kB
Active:          3845024 kB
Inactive:        1785668 kB
Active(anon):    2535252 kB
Inactive(anon):    55844 kB
Active(file):    1309772 kB
Inactive(file):  1729824 kB
Unevictable:        6292 kB
Mlocked:            5852 kB
SwapTotal:       4718584 kB
SwapFree:        4718584 kB
Dirty:               132 kB
Writeback:             0 kB
AnonPages:       2573240 kB
Mapped:          1078512 kB
Shmem:             19384 kB
KReclaimable:     314480 kB
Slab:             311496 kB
SReclaimable:      87524 kB
SUnreclaim:       223972 kB
KernelStack:       48128 kB
ShadowCallStack:   12032 kB
PageTables:        72368 kB
NFS_Unstable:          0 kB
Bounce:                0 kB
WritebackTmp:          0 kB
CommitLimit:     8677876 kB
Committed_AS:   72889456 kB
VmallocTotal:   263061440 kB
VmallocUsed:      130652 kB
VmallocChunk:          0 kB
Percpu:             2520 kB
CmaTotal:         405504 kB
CmaFree:               4 kB
MemTotal:        7918584 kB
MemFree:          185752 kB
MemAvailable:    3135524 kB
Buffers:           42740 kB
Cached:          3007976 kB
SwapCached:            0 kB
Active:          3858260 kB
Inactive:        1772616 kB
Active(anon):    2548488 kB
Inactive(anon):    55848 kB
Active(file):    1309772 kB
Inactive(file):  1716768 kB
Unevictable:        6292 kB
Mlocked:            5852 kB
SwapTotal:       4718584 kB
SwapFree:        4718584 kB
Dirty:               220 kB
Writeback:             0 kB
AnonPages:       2586544 kB
Mapped:          1078664 kB
Shmem:             19392 kB
KReclaimable:     313456 kB
Slab:             311496 kB
SReclaimable:      87524 kB
SUnreclaim:       223972 kB
KernelStack:       48096 kB
ShadowCallStack:   12040 kB
PageTables:        72528 kB
NFS_Unstable:          0 kB
Bounce:                0 kB
WritebackTmp:          0 kB
CommitLimit:     8677876 kB
Committed_AS:   72922204 kB
VmallocTotal:   263061440 kB
VmallocUsed:      130632 kB
VmallocChunk:          0 kB
Percpu:             2520 kB
CmaTotal:         405504 kB
CmaFree:             120 kB
MemTotal:        7918584 kB
MemFree:          182456 kB
MemAvailable:    3109292 kB
Buffers:           42676 kB
Cached:          2986472 kB
SwapCached:            0 kB
Active:          3884524 kB
Inactive:        1750984 kB
Active(anon):    2574688 kB
Inactive(anon):    55848 kB
Active(file):    1309836 kB
Inactive(file):  1695136 kB
Unevictable:        6292 kB
Mlocked:            5852 kB
SwapTotal:       4718584 kB
SwapFree:        4718584 kB
Dirty:               268 kB
Writeback:             0 kB
AnonPages:       2612672 kB
Mapped:          1078696 kB
Shmem:             19392 kB
KReclaimable:     312088 kB
Slab:             311520 kB
SReclaimable:      87524 kB
SUnreclaim:       223996 kB
KernelStack:       48048 kB
ShadowCallStack:   12028 kB
PageTables:        72444 kB
NFS_Unstable:          0 kB
Bounce:                0 kB
WritebackTmp:          0 kB
CommitLimit:     8677876 kB
Committed_AS:   72987608 kB
VmallocTotal:   263061440 kB
VmallocUsed:      130604 kB
VmallocChunk:          0 kB
Percpu:             2520 kB
CmaTotal:         405504 kB
CmaFree:               0 kB
MemTotal:        7918584 kB
MemFree:          181996 kB
MemAvailable:    3108596 kB
Buffers:           42684 kB
Cached:          2986396 kB
SwapCached:            0 kB
Active:          3885344 kB
Inactive:        1750880 kB
Active(anon):    2575476 kB
Inactive(anon):    55844 kB
Active(file):    1309868 kB
Inactive(file):  1695036 kB
Unevictable:        6292 kB
Mlocked:            5852 kB
SwapTotal:       4718584 kB
SwapFree:        4718584 kB
Dirty:               360 kB
Writeback:             0 kB
AnonPages:       2613128 kB
Mapped:          1078868 kB
Shmem:             19392 kB
KReclaimable:     311920 kB
Slab:             311520 kB
SReclaimable:      87524 kB
SUnreclaim:       223996 kB
KernelStack:       47968 kB
ShadowCallStack:   12020 kB
PageTables:        72700 kB
NFS_Unstable:          0 kB
Bounce:                0 kB
WritebackTmp:          0 kB
CommitLimit:     8677876 kB
Committed_AS:   72987400 kB
VmallocTotal:   263061440 kB
VmallocUsed:      130492 kB
VmallocChunk:          0 kB
Percpu:             2520 kB
CmaTotal:         405504 kB
CmaFree:               0 kB
MemTotal:        7918584 kB
MemFree:          182032 kB
MemAvailable:    3074104 kB
Buffers:           42600 kB
Cached:          2954108 kB
SwapCached:            0 kB
Active:          3919988 kB
Inactive:        1718396 kB
Active(anon):    2610120 kB
Inactive(anon):    55848 kB
Active(file):    1309868 kB
Inactive(file):  1662548 kB
Unevictable:        6292 kB
Mlocked:            5852 kB
SwapTotal:       4718584 kB
SwapFree:        4718584 kB
Dirty:               368 kB
Writeback:             0 kB
AnonPages:       2648088 kB
Mapped:          1079124 kB
Shmem:             19392 kB
KReclaimable:     309880 kB
Slab:             311512 kB
SReclaimable:      87508 kB
SUnreclaim:       224004 kB
KernelStack:       47888 kB
ShadowCallStack:   12020 kB
PageTables:        72432 kB
NFS_Unstable:          0 kB
Bounce:                0 kB
WritebackTmp:          0 kB
CommitLimit:     8677876 kB
Committed_AS:   73069116 kB
VmallocTotal:   263061440 kB
VmallocUsed:      130452 kB
VmallocChunk:          0 kB
Percpu:             2520 kB
CmaTotal:         405504 kB
CmaFree:               0 kB
MemTotal:        7918584 kB
MemFree:          183980 kB
MemAvailable:    3066508 kB
Buffers:           42596 kB
Cached:          2945028 kB
SwapCached:            0 kB
Active:          3926508 kB
Inactive:        1709428 kB
Active(anon):    2616640 kB
Inactive(anon):    55848 kB
Active(file):    1309868 kB
Inactive(file):  1653580 kB
Unevictable:        6292 kB
Mlocked:            5852 kB
SwapTotal:       4718584 kB
SwapFree:        4718584 kB
Dirty:               372 kB
Writeback:             0 kB
AnonPages:       2654796 kB
Mapped:          1079100 kB
Shmem:             19392 kB
KReclaimable:     309304 kB
Slab:             311512 kB
SReclaimable:      87508 kB
SUnreclaim:       224004 kB
KernelStack:       47792 kB
ShadowCallStack:   11968 kB
PageTables:        72660 kB
NFS_Unstable:          0 kB
Bounce:                0 kB
WritebackTmp:          0 kB
CommitLimit:     8677876 kB
Committed_AS:   73068696 kB
VmallocTotal:   263061440 kB
VmallocUsed:      130292 kB
VmallocChunk:          0 kB
Percpu:             2520 kB
CmaTotal:         405504 kB
CmaFree:             124 kB
MemTotal:        7918584 kB
MemFree:          184576 kB
MemAvailable:    3067104 kB
Buffers:           42596 kB
Cached:          2945028 kB
SwapCached:            0 kB
Active:          3926868 kB
Inactive:        1709428 kB
Active(anon):    2617000 kB
Inactive(anon):    55848 kB
Active(file):    1309868 kB
Inactive(file):  1653580 kB
Unevictable:        6292 kB
Mlocked:            5852 kB
SwapTotal:       4718584 kB
SwapFree:        4718584 kB
Dirty:               384 kB
Writeback:             0 kB
AnonPages:       2655024 kB
Mapped:          1079208 kB
Shmem:             19392 kB
KReclaimable:     309304 kB
Slab:             311512 kB
SReclaimable:      87508 kB
SUnreclaim:       224004 kB
KernelStack:       47712 kB
ShadowCallStack:   11952 kB
PageTables:        72600 kB
NFS_Unstable:          0 kB
Bounce:                0 kB
WritebackTmp:          0 kB
CommitLimit:     8677876 kB
Committed_AS:   73068488 kB
VmallocTotal:   263061440 kB
VmallocUsed:      130208 kB
VmallocChunk:          0 kB
Percpu:             2520 kB
CmaTotal:         405504 kB
CmaFree:             128 kB
MemTotal:        7918584 kB
MemFree:          184768 kB
MemAvailable:    3022276 kB
Buffers:           42544 kB
Cached:          2904156 kB
SwapCached:            0 kB
Active:          3984404 kB
Inactive:        1653732 kB
Active(anon):    2659772 kB
Inactive(anon):    55840 kB
Active(file):    1324632 kB
Inactive(file):  1597892 kB
Unevictable:        6292 kB
Mlocked:            5852 kB
SwapTotal:       4718584 kB
SwapFree:        4718584 kB
Dirty:               388 kB
Writeback:             0 kB
AnonPages:       2697916 kB
Mapped:          1071544 kB
Shmem:             19392 kB
KReclaimable:     305208 kB
Slab:             311532 kB
SReclaimable:      87508 kB
SUnreclaim:       224024 kB
KernelStack:       47712 kB
ShadowCallStack:   11952 kB
PageTables:        73048 kB
NFS_Unstable:          0 kB
Bounce:                0 kB
WritebackTmp:          0 kB
CommitLimit:     8677876 kB
Committed_AS:   73183176 kB
VmallocTotal:   263061440 kB
VmallocUsed:      130188 kB
VmallocChunk:          0 kB
Percpu:             2520 kB
CmaTotal:         405504 kB
CmaFree:               8 kB
MemTotal:        7918584 kB
MemFree:          186260 kB
MemAvailable:    3023760 kB
Buffers:           42544 kB
Cached:          2904172 kB
SwapCached:            0 kB
Active:          3984592 kB
Inactive:        1653748 kB
Active(anon):    2659960 kB
Inactive(anon):    55848 kB
Active(file):    1324632 kB
Inactive(file):  1597900 kB
Unevictable:        6292 kB
Mlocked:            5852 kB
SwapTotal:       4718584 kB
SwapFree:        4718584 kB
Dirty:               396 kB
Writeback:             0 kB
AnonPages:       2697856 kB
Mapped:          1071536 kB
Shmem:             19400 kB
KReclaimable:     305192 kB
Slab:             311516 kB
SReclaimable:      87492 kB
SUnreclaim:       224024 kB
KernelStack:       47664 kB
ShadowCallStack:   11948 kB
PageTables:        72848 kB
NFS_Unstable:          0 kB
Bounce:                0 kB
WritebackTmp:          0 kB
CommitLimit:     8677876 kB
Committed_AS:   73183028 kB
VmallocTotal:   263061440 kB
VmallocUsed:      130132 kB
VmallocChunk:          0 kB
Percpu:             2520 kB
CmaTotal:         405504 kB
CmaFree:              88 kB
MemTotal:        7918584 kB
MemFree:          184520 kB
MemAvailable:    3008568 kB
Buffers:           42516 kB
Cached:          2891816 kB
SwapCached:            0 kB
Active:          3999444 kB
Inactive:        1639860 kB
Active(anon):    2673600 kB
Inactive(anon):    55856 kB
Active(file):    1325844 kB
Inactive(file):  1584004 kB
Unevictable:        6292 kB
Mlocked:            5852 kB
SwapTotal:       4718584 kB
SwapFree:        4718584 kB
Dirty:               396 kB
Writeback:             0 kB
AnonPages:       2711772 kB
Mapped:          1071292 kB
Shmem:             19400 kB
KReclaimable:     304424 kB
Slab:             311524 kB
SReclaimable:      87492 kB
SUnreclaim:       224032 kB
KernelStack:       47472 kB
ShadowCallStack:   11932 kB
PageTables:        72792 kB
NFS_Unstable:          0 kB
Bounce:                0 kB
WritebackTmp:          0 kB
CommitLimit:     8677876 kB
Committed_AS:   73215780 kB
VmallocTotal:   263061440 kB
VmallocUsed:      129896 kB
VmallocChunk:          0 kB
Percpu:             2520 kB
CmaTotal:         405504 kB
CmaFree:               0 kB
MemTotal:        7918584 kB
MemFree:          182780 kB
MemAvailable:    2980936 kB
Buffers:           42508 kB
Cached:          2867936 kB
SwapCached:            0 kB
Active:          4032372 kB
Inactive:        1611024 kB
Active(anon):    2701288 kB
Inactive(anon):    55848 kB
Active(file):    1331084 kB
Inactive(file):  1555176 kB
Unevictable:        6292 kB
Mlocked:            5852 kB
SwapTotal:       4718584 kB
SwapFree:        4718584 kB
Dirty:               396 kB
Writeback:             0 kB
AnonPages:       2739260 kB
Mapped:          1066112 kB
Shmem:             19400 kB
KReclaimable:     302120 kB
Slab:             311572 kB
SReclaimable:      87492 kB
SUnreclaim:       224080 kB
KernelStack:       47440 kB
ShadowCallStack:   11892 kB
PageTables:        73076 kB
NFS_Unstable:          0 kB
Bounce:                0 kB
WritebackTmp:          0 kB
CommitLimit:     8677876 kB
Committed_AS:   73264828 kB
VmallocTotal:   263061440 kB
VmallocUsed:      129852 kB
VmallocChunk:          0 kB
Percpu:             2520 kB
CmaTotal:         405504 kB
CmaFree:               0 kB
MemTotal:        7918584 kB
MemFree:          183120 kB
MemAvailable:    2981276 kB
Buffers:           42508 kB
Cached:          2867936 kB
SwapCached:            0 kB
Active:          4032512 kB
Inactive:        1611020 kB
Active(anon):    2701428 kB
Inactive(anon):    55844 kB
Active(file):    1331084 kB
Inactive(file):  1555176 kB
Unevictable:        6292 kB
Mlocked:            5852 kB
SwapTotal:       4718584 kB
SwapFree:        4718584 kB
Dirty:               412 kB
Writeback:             0 kB
AnonPages:       2739536 kB
Mapped:          1066280 kB
Shmem:             19400 kB
KReclaimable:     302120 kB
Slab:             311576 kB
SReclaimable:      87492 kB
SUnreclaim:       224084 kB
KernelStack:       47376 kB
ShadowCallStack:   11868 kB
PageTables:        73092 kB
NFS_Unstable:          0 kB
Bounce:                0 kB
WritebackTmp:          0 kB
CommitLimit:     8677876 kB
Committed_AS:   73264812 kB
VmallocTotal:   263061440 kB
VmallocUsed:      129816 kB
VmallocChunk:          0 kB
Percpu:             2520 kB
CmaTotal:         405504 kB
CmaFree:              88 kB
MemTotal:        7918584 kB
MemFree:          181848 kB
MemAvailable:    2947516 kB
Buffers:           42528 kB
Cached:          2837480 kB
SwapCached:            0 kB
Active:          4065860 kB
Inactive:        1580580 kB
Active(anon):    2734776 kB
Inactive(anon):    55844 kB
Active(file):    1331084 kB
Inactive(file):  1524736 kB
Unevictable:        6292 kB
Mlocked:            5852 kB
SwapTotal:       4718584 kB
SwapFree:        4718584 kB
Dirty:               412 kB
Writeback:             0 kB
AnonPages:       2772824 kB
Mapped:          1066684 kB
Shmem:             19404 kB
KReclaimable:     300072 kB
Slab:             311588 kB
SReclaimable:      87492 kB
SUnreclaim:       224096 kB
KernelStack:       47360 kB
ShadowCallStack:   11864 kB
PageTables:        73368 kB
NFS_Unstable:          0 kB
Bounce:                0 kB
WritebackTmp:          0 kB
CommitLimit:     8677876 kB
Committed_AS:   73362928 kB
VmallocTotal:   263061440 kB
VmallocUsed:      129772 kB
VmallocChunk:          0 kB
Percpu:             2520 kB
CmaTotal:         405504 kB
CmaFree:               0 kB
MemTotal:        7918584 kB
MemFree:          185008 kB
MemAvailable:    2937124 kB
Buffers:           42516 kB
Cached:          2824452 kB
SwapCached:            0 kB
Active:          4075460 kB
Inactive:        1567528 kB
Active(anon):    2744360 kB
Inactive(anon):    55848 kB
Active(file):    1331100 kB
Inactive(file):  1511680 kB
Unevictable:        6292 kB
Mlocked:            5852 kB
SwapTotal:       4718584 kB
SwapFree:        4718584 kB
Dirty:               416 kB
Writeback:             0 kB
AnonPages:       2782332 kB
Mapped:          1066656 kB
Shmem:             19404 kB
KReclaimable:     299560 kB
Slab:             311596 kB
SReclaimable:      87492 kB
SUnreclaim:       224104 kB
KernelStack:       47328 kB
ShadowCallStack:   11860 kB
PageTables:        73124 kB
NFS_Unstable:          0 kB
Bounce:                0 kB
WritebackTmp:          0 kB
CommitLimit:     8677876 kB
Committed_AS:   73362928 kB
VmallocTotal:   263061440 kB
VmallocUsed:      129768 kB
VmallocChunk:          0 kB
Percpu:             2520 kB
CmaTotal:         405504 kB
CmaFree:             128 kB
MemTotal:        7918584 kB
MemFree:          184268 kB
MemAvailable:    2936388 kB
Buffers:           42516 kB
Cached:          2824456 kB
SwapCached:            0 kB
Active:          4076144 kB
Inactive:        1567536 kB
Active(anon):    2745044 kB
Inactive(anon):    55852 kB
Active(file):    1331100 kB
Inactive(file):  1511684 kB
Unevictable:        6292 kB
Mlocked:            5852 kB
SwapTotal:       4718584 kB
SwapFree:        4718584 kB
Dirty:               420 kB
Writeback:             0 kB
AnonPages:       2783084 kB
Mapped:          1066600 kB
Shmem:             19404 kB
KReclaimable:     299560 kB
Slab:             311596 kB
SReclaimable:      87492 kB
SUnreclaim:       224104 kB
KernelStack:       47360 kB
ShadowCallStack:   11864 kB
PageTables:        73296 kB
NFS_Unstable:          0 kB
Bounce:                0 kB
WritebackTmp:          0 kB
CommitLimit:     8677876 kB
Committed_AS:   73362928 kB
VmallocTotal:   263061440 kB
VmallocUsed:      129768 kB
VmallocChunk:          0 kB
Percpu:             2520 kB
CmaTotal:         405504 kB
CmaFree:             128 kB
MemTotal:        7918584 kB
MemFree:          182920 kB
MemAvailable:    2907188 kB
Buffers:           42516 kB
Cached:          2798536 kB
SwapCached:            0 kB
Active:          4105564 kB
Inactive:        1541524 kB
Active(anon):    2774388 kB
Inactive(anon):    55848 kB
Active(file):    1331176 kB
Inactive(file):  1485676 kB
Unevictable:        6292 kB
Mlocked:            5852 kB
SwapTotal:       4718584 kB
SwapFree:        4718584 kB
Dirty:               260 kB
Writeback:             0 kB
AnonPages:       2812392 kB
Mapped:          1057780 kB
Shmem:             19416 kB
KReclaimable:     297640 kB
Slab:             311616 kB
SReclaimable:      87492 kB
SUnreclaim:       224124 kB
KernelStack:       47344 kB
ShadowCallStack:   11872 kB
PageTables:        73380 kB
NFS_Unstable:          0 kB
Bounce:                0 kB
WritebackTmp:          0 kB
CommitLimit:     8677876 kB
Committed_AS:   73445884 kB
VmallocTotal:   263061440 kB
VmallocUsed:      129756 kB
VmallocChunk:          0 kB
Percpu:             2520 kB
CmaTotal:         405504 kB
CmaFree:               0 kB
MemTotal:        7918584 kB
MemFree:          186592 kB
MemAvailable:    2906288 kB
Buffers:           42516 kB
Cached:          2794092 kB
SwapCached:            0 kB
Active:          4104464 kB
Inactive:        1537080 kB
Active(anon):    2773288 kB
Inactive(anon):    55848 kB
Active(file):    1331176 kB
Inactive(file):  1481232 kB
Unevictable:        6292 kB
Mlocked:            5852 kB
SwapTotal:       4718584 kB
SwapFree:        4718584 kB
Dirty:               392 kB
Writeback:             0 kB
AnonPages:       2811156 kB
Mapped:          1057712 kB
Shmem:             19416 kB
KReclaimable:     297512 kB
Slab:             311584 kB
SReclaimable:      87492 kB
SUnreclaim:       224092 kB
KernelStack:       47376 kB
ShadowCallStack:   11864 kB
PageTables:        73500 kB
NFS_Unstable:          0 kB
Bounce:                0 kB
WritebackTmp:          0 kB
CommitLimit:     8677876 kB
Committed_AS:   73445888 kB
VmallocTotal:   263061440 kB
VmallocUsed:      129764 kB
VmallocChunk:          0 kB
Percpu:             2520 kB
CmaTotal:         405504 kB
CmaFree:               0 kB
MemTotal:        7918584 kB
MemFree:          181644 kB
MemAvailable:    2760740 kB
Buffers:           42500 kB
Cached:          2736488 kB
SwapCached:            0 kB
Active:          4157648 kB
Inactive:        1479296 kB
Active(anon):    2826432 kB
Inactive(anon):    55848 kB
Active(file):    1331216 kB
Inactive(file):  1423448 kB
Unevictable:        6292 kB
Mlocked:            5852 kB
SwapTotal:       4718584 kB
SwapFree:        4718584 kB
Dirty:               392 kB
Writeback:             0 kB
AnonPages:       2864516 kB
Mapped:          1058824 kB
Shmem:             19452 kB
KReclaimable:     186792 kB
Slab:             311596 kB
SReclaimable:      87492 kB
SUnreclaim:       224104 kB
KernelStack:       47456 kB
ShadowCallStack:   11864 kB
PageTables:        73492 kB
NFS_Unstable:          0 kB
Bounce:                0 kB
WritebackTmp:          0 kB
CommitLimit:     8677876 kB
Committed_AS:   73495436 kB
VmallocTotal:   263061440 kB
VmallocUsed:      129960 kB
VmallocChunk:          0 kB
Percpu:             2520 kB
CmaTotal:         405504 kB
CmaFree:               0 kB
MemTotal:        7918584 kB
MemFree:          183064 kB
MemAvailable:    2727928 kB
Buffers:           42488 kB
Cached:          2707452 kB
SwapCached:            0 kB
Active:          4185720 kB
Inactive:        1450088 kB
Active(anon):    2854376 kB
Inactive(anon):    55848 kB
Active(file):    1331344 kB
Inactive(file):  1394240 kB
Unevictable:        6292 kB
Mlocked:            5852 kB
SwapTotal:       4718584 kB
SwapFree:        4718584 kB
Dirty:               444 kB
Writeback:             0 kB
AnonPages:       2892196 kB
Mapped:          1058972 kB
Shmem:             19536 kB
KReclaimable:     176488 kB
Slab:             311760 kB
SReclaimable:      87492 kB
SUnreclaim:       224268 kB
KernelStack:       47456 kB
ShadowCallStack:   11888 kB
PageTables:        73616 kB
NFS_Unstable:          0 kB
Bounce:                0 kB
WritebackTmp:          0 kB
CommitLimit:     8677876 kB
Committed_AS:   73544592 kB
VmallocTotal:   263061440 kB
VmallocUsed:      129968 kB
VmallocChunk:          0 kB
Percpu:             2520 kB
CmaTotal:         405504 kB
CmaFree:               0 kB
MemTotal:        7918584 kB
MemFree:          221072 kB
MemAvailable:    2862988 kB
Buffers:           42488 kB
Cached:          2707172 kB
SwapCached:            0 kB
Active:          4147800 kB
Inactive:        1449956 kB
Active(anon):    2816456 kB
Inactive(anon):    55848 kB
Active(file):    1331344 kB
Inactive(file):  1394108 kB
Unevictable:        6292 kB
Mlocked:            5852 kB
SwapTotal:       4718584 kB
SwapFree:        4718584 kB
Dirty:               476 kB
Writeback:             0 kB
AnonPages:       2854508 kB
Mapped:          1058276 kB
Shmem:             19424 kB
KReclaimable:     306688 kB
Slab:             311640 kB
SReclaimable:      87492 kB
SUnreclaim:       224148 kB
KernelStack:       47392 kB
ShadowCallStack:   11876 kB
PageTables:        73624 kB
NFS_Unstable:          0 kB
Bounce:                0 kB
WritebackTmp:          0 kB
CommitLimit:     8677876 kB
Committed_AS:   73544196 kB
VmallocTotal:   263061440 kB
VmallocUsed:      129772 kB
VmallocChunk:          0 kB
Percpu:             2520 kB
CmaTotal:         405504 kB
CmaFree:             220 kB
MemTotal:        7918584 kB
MemFree:          185824 kB
MemAvailable:    2827740 kB
Buffers:           42496 kB
Cached:          2707168 kB
SwapCached:            0 kB
Active:          4184628 kB
Inactive:        1449956 kB
Active(anon):    2853284 kB
Inactive(anon):    55848 kB
Active(file):    1331344 kB
Inactive(file):  1394108 kB
Unevictable:        6292 kB
Mlocked:            5852 kB
SwapTotal:       4718584 kB
SwapFree:        4718584 kB
Dirty:               476 kB
Writeback:             0 kB
AnonPages:       2891428 kB
Mapped:          1058568 kB
Shmem:             19428 kB
KReclaimable:     306688 kB
Slab:             311660 kB
SReclaimable:      87492 kB
SUnreclaim:       224168 kB
KernelStack:       47376 kB
ShadowCallStack:   11860 kB
PageTables:        73632 kB
NFS_Unstable:          0 kB
Bounce:                0 kB
WritebackTmp:          0 kB
CommitLimit:     8677876 kB
Committed_AS:   73642508 kB
VmallocTotal:   263061440 kB
VmallocUsed:      129772 kB
VmallocChunk:          0 kB
Percpu:             2520 kB
CmaTotal:         405504 kB
CmaFree:              96 kB
MemTotal:        7918584 kB
MemFree:          183852 kB
MemAvailable:    2820912 kB
Buffers:           42492 kB
Cached:          2702828 kB
SwapCached:            0 kB
Active:          4189908 kB
Inactive:        1445612 kB
Active(anon):    2858564 kB
Inactive(anon):    55848 kB
Active(file):    1331344 kB
Inactive(file):  1389764 kB
Unevictable:        6292 kB
Mlocked:            5852 kB
SwapTotal:       4718584 kB
SwapFree:        4718584 kB
Dirty:               184 kB
Writeback:             0 kB
AnonPages:       2896508 kB
Mapped:          1058668 kB
Shmem:             19428 kB
KReclaimable:     306176 kB
Slab:             311656 kB
SReclaimable:      87492 kB
SUnreclaim:       224164 kB
KernelStack:       47360 kB
ShadowCallStack:   11864 kB
PageTables:        73760 kB
NFS_Unstable:          0 kB
Bounce:                0 kB
WritebackTmp:          0 kB
CommitLimit:     8677876 kB
Committed_AS:   73658920 kB
VmallocTotal:   263061440 kB
VmallocUsed:      129752 kB
VmallocChunk:          0 kB
Percpu:             2520 kB
CmaTotal:         405504 kB
CmaFree:               0 kB
MemTotal:        7918584 kB
MemFree:          182656 kB
MemAvailable:    2819736 kB
Buffers:           42516 kB
Cached:          2702836 kB
SwapCached:            0 kB
Active:          4190916 kB
Inactive:        1445632 kB
Active(anon):    2859572 kB
Inactive(anon):    55848 kB
Active(file):    1331344 kB
Inactive(file):  1389784 kB
Unevictable:        6292 kB
Mlocked:            5852 kB
SwapTotal:       4718584 kB
SwapFree:        4718584 kB
Dirty:               232 kB
Writeback:             0 kB
AnonPages:       2897604 kB
Mapped:          1058584 kB
Shmem:             19440 kB
KReclaimable:     306176 kB
Slab:             311656 kB
SReclaimable:      87492 kB
SUnreclaim:       224164 kB
KernelStack:       47328 kB
ShadowCallStack:   11864 kB
PageTables:        73616 kB
NFS_Unstable:          0 kB
Bounce:                0 kB
WritebackTmp:          0 kB
CommitLimit:     8677876 kB
Committed_AS:   73658904 kB
VmallocTotal:   263061440 kB
VmallocUsed:      129732 kB
VmallocChunk:          0 kB
Percpu:             2520 kB
CmaTotal:         405504 kB
CmaFree:               0 kB
MemTotal:        7918584 kB
MemFree:          183804 kB
MemAvailable:    2776396 kB
Buffers:           42472 kB
Cached:          2660668 kB
SwapCached:            0 kB
Active:          4232572 kB
Inactive:        1403548 kB
Active(anon):    2901212 kB
Inactive(anon):    55840 kB
Active(file):    1331360 kB
Inactive(file):  1347708 kB
Unevictable:        6292 kB
Mlocked:            5852 kB
SwapTotal:       4718584 kB
SwapFree:        4718584 kB
Dirty:               156 kB
Writeback:             0 kB
AnonPages:       2939180 kB
Mapped:          1058816 kB
Shmem:             19440 kB
KReclaimable:     303748 kB
Slab:             311640 kB
SReclaimable:      87456 kB
SUnreclaim:       224184 kB
KernelStack:       47360 kB
ShadowCallStack:   11852 kB
PageTables:        73900 kB
NFS_Unstable:          0 kB
Bounce:                0 kB
WritebackTmp:          0 kB
CommitLimit:     8677876 kB
Committed_AS:   73740820 kB
VmallocTotal:   263061440 kB
VmallocUsed:      129768 kB
VmallocChunk:          0 kB
Percpu:             2520 kB
CmaTotal:         405504 kB
CmaFree:               0 kB
MemTotal:        7918584 kB
MemFree:          183804 kB
MemAvailable:    2776008 kB
Buffers:           42472 kB
Cached:          2660664 kB
SwapCached:            0 kB
Active:          4233132 kB
Inactive:        1403400 kB
Active(anon):    2901772 kB
Inactive(anon):    55848 kB
Active(file):    1331360 kB
Inactive(file):  1347552 kB
Unevictable:        6292 kB
Mlocked:            5852 kB
SwapTotal:       4718584 kB
SwapFree:        4718584 kB
Dirty:               180 kB
Writeback:             0 kB
AnonPages:       2939740 kB
Mapped:          1058964 kB
Shmem:             19440 kB
KReclaimable:     303516 kB
Slab:             311584 kB
SReclaimable:      87392 kB
SUnreclaim:       224192 kB
KernelStack:       47392 kB
ShadowCallStack:   11872 kB
PageTables:        73956 kB
NFS_Unstable:          0 kB
Bounce:                0 kB
WritebackTmp:          0 kB
CommitLimit:     8677876 kB
Committed_AS:   73740820 kB
VmallocTotal:   263061440 kB
VmallocUsed:      129776 kB
VmallocChunk:          0 kB
Percpu:             2520 kB
CmaTotal:         405504 kB
CmaFree:               0 kB
MemTotal:        7918584 kB
MemFree:          184492 kB
MemAvailable:    2762696 kB
Buffers:           42472 kB
Cached:          2647708 kB
SwapCached:            0 kB
Active:          4247272 kB
Inactive:        1390440 kB
Active(anon):    2915912 kB
Inactive(anon):    55840 kB
Active(file):    1331360 kB
Inactive(file):  1334600 kB
Unevictable:        6292 kB
Mlocked:            5852 kB
SwapTotal:       4718584 kB
SwapFree:        4718584 kB
Dirty:               180 kB
Writeback:             0 kB
AnonPages:       2954128 kB
Mapped:          1059032 kB
Shmem:             19440 kB
KReclaimable:     302468 kB
Slab:             311584 kB
SReclaimable:      87392 kB
SUnreclaim:       224192 kB
KernelStack:       47360 kB
ShadowCallStack:   11876 kB
PageTables:        74024 kB
NFS_Unstable:          0 kB
Bounce:                0 kB
WritebackTmp:          0 kB
CommitLimit:     8677876 kB
Committed_AS:   73789972 kB
VmallocTotal:   263061440 kB
VmallocUsed:      129776 kB
VmallocChunk:          0 kB
Percpu:             2520 kB
CmaTotal:         405504 kB
CmaFree:               0 kB
MemTotal:        7918584 kB
MemFree:          185172 kB
MemAvailable:    2733008 kB
Buffers:           42472 kB
Cached:          2618752 kB
SwapCached:            0 kB
Active:          4275628 kB
Inactive:        1361488 kB
Active(anon):    2944268 kB
Inactive(anon):    55848 kB
Active(file):    1331360 kB
Inactive(file):  1305640 kB
Unevictable:        6292 kB
Mlocked:            5852 kB
SwapTotal:       4718584 kB
SwapFree:        4718584 kB
Dirty:               180 kB
Writeback:             0 kB
AnonPages:       2982200 kB
Mapped:          1059368 kB
Shmem:             19440 kB
KReclaimable:     301060 kB
Slab:             311604 kB
SReclaimable:      87392 kB
SUnreclaim:       224212 kB
KernelStack:       47376 kB
ShadowCallStack:   11864 kB
PageTables:        73896 kB
NFS_Unstable:          0 kB
Bounce:                0 kB
WritebackTmp:          0 kB
CommitLimit:     8677876 kB
Committed_AS:   73855508 kB
VmallocTotal:   263061440 kB
VmallocUsed:      129776 kB
VmallocChunk:          0 kB
Percpu:             2520 kB
CmaTotal:         405504 kB
CmaFree:               0 kB
MemTotal:        7918584 kB
MemFree:          184828 kB
MemAvailable:    2732464 kB
Buffers:           42472 kB
Cached:          2618680 kB
SwapCached:            0 kB
Active:          4276336 kB
Inactive:        1361408 kB
Active(anon):    2944976 kB
Inactive(anon):    55840 kB
Active(file):    1331360 kB
Inactive(file):  1305568 kB
Unevictable:        6292 kB
Mlocked:            5852 kB
SwapTotal:       4718584 kB
SwapFree:        4718584 kB
Dirty:               228 kB
Writeback:             0 kB
AnonPages:       2983228 kB
Mapped:          1059416 kB
Shmem:             19440 kB
KReclaimable:     300932 kB
Slab:             311604 kB
SReclaimable:      87392 kB
SUnreclaim:       224212 kB
KernelStack:       47408 kB
ShadowCallStack:   11872 kB
PageTables:        74304 kB
NFS_Unstable:          0 kB
Bounce:                0 kB
WritebackTmp:          0 kB
CommitLimit:     8677876 kB
Committed_AS:   73855644 kB
VmallocTotal:   263061440 kB
VmallocUsed:      129784 kB
VmallocChunk:          0 kB
Percpu:             2520 kB
CmaTotal:         405504 kB
CmaFree:               0 kB
MemTotal:        7918584 kB
MemFree:          182552 kB
MemAvailable:    2697812 kB
Buffers:           42472 kB
Cached:          2588392 kB
SwapCached:            0 kB
Active:          4310152 kB
Inactive:        1331040 kB
Active(anon):    2978792 kB
Inactive(anon):    55848 kB
Active(file):    1331360 kB
Inactive(file):  1275192 kB
Unevictable:        6292 kB
Mlocked:            5852 kB
SwapTotal:       4718584 kB
SwapFree:        4718584 kB
Dirty:               148 kB
Writeback:             0 kB
AnonPages:       3016868 kB
Mapped:          1059776 kB
Shmem:             19444 kB
KReclaimable:     298932 kB
Slab:             311612 kB
SReclaimable:      87376 kB
SUnreclaim:       224236 kB
KernelStack:       47376 kB
ShadowCallStack:   11872 kB
PageTables:        74132 kB
NFS_Unstable:          0 kB
Bounce:                0 kB
WritebackTmp:          0 kB
CommitLimit:     8677876 kB
Committed_AS:   73937560 kB
VmallocTotal:   263061440 kB
VmallocUsed:      129796 kB
VmallocChunk:          0 kB
Percpu:             2520 kB
CmaTotal:         405504 kB
CmaFree:               0 kB
MemTotal:        7918584 kB
MemFree:          182824 kB
MemAvailable:    2688228 kB
Buffers:           42472 kB
Cached:          2579544 kB
SwapCached:            0 kB
Active:          4319656 kB
Inactive:        1322264 kB
Active(anon):    2988296 kB
Inactive(anon):    55840 kB
Active(file):    1331360 kB
Inactive(file):  1266424 kB
Unevictable:        6292 kB
Mlocked:            5852 kB
SwapTotal:       4718584 kB
SwapFree:        4718584 kB
Dirty:               148 kB
Writeback:             0 kB
AnonPages:       3026236 kB
Mapped:          1059828 kB
Shmem:             19448 kB
KReclaimable:     297844 kB
Slab:             311612 kB
SReclaimable:      87376 kB
SUnreclaim:       224236 kB
KernelStack:       47376 kB
ShadowCallStack:   11876 kB
PageTables:        74192 kB
NFS_Unstable:          0 kB
Bounce:                0 kB
WritebackTmp:          0 kB
CommitLimit:     8677876 kB
Committed_AS:   73953952 kB
VmallocTotal:   263061440 kB
VmallocUsed:      129792 kB
VmallocChunk:          0 kB
Percpu:             2520 kB
CmaTotal:         405504 kB
CmaFree:               0 kB
MemTotal:        7918584 kB
MemFree:          195396 kB
MemAvailable:    2700804 kB
Buffers:           42472 kB
Cached:          2579544 kB
SwapCached:            0 kB
Active:          4308168 kB
Inactive:        1322272 kB
Active(anon):    2976808 kB
Inactive(anon):    55848 kB
Active(file):    1331360 kB
Inactive(file):  1266424 kB
Unevictable:        6292 kB
Mlocked:            5852 kB
SwapTotal:       4718584 kB
SwapFree:        4718584 kB
Dirty:               176 kB
Writeback:             0 kB
AnonPages:       3014740 kB
Mapped:          1059852 kB
Shmem:             19448 kB
KReclaimable:     297848 kB
Slab:             311616 kB
SReclaimable:      87380 kB
SUnreclaim:       224236 kB
KernelStack:       47392 kB
ShadowCallStack:   11876 kB
PageTables:        74360 kB
NFS_Unstable:          0 kB
Bounce:                0 kB
WritebackTmp:          0 kB
CommitLimit:     8677876 kB
Committed_AS:   73953948 kB
VmallocTotal:   263061440 kB
VmallocUsed:      129772 kB
VmallocChunk:          0 kB
Percpu:             2520 kB
CmaTotal:         405504 kB
CmaFree:            1036 kB
MemTotal:        7918584 kB
MemFree:          182720 kB
MemAvailable:    2656276 kB
Buffers:           42472 kB
Cached:          2549252 kB
SwapCached:            0 kB
Active:          4350692 kB
Inactive:        1291892 kB
Active(anon):    3019332 kB
Inactive(anon):    55848 kB
Active(file):    1331360 kB
Inactive(file):  1236044 kB
Unevictable:        6292 kB
Mlocked:            5852 kB
SwapTotal:       4718584 kB
SwapFree:        4718584 kB
Dirty:               184 kB
Writeback:             0 kB
AnonPages:       3057156 kB
Mapped:          1060088 kB
Shmem:             19452 kB
KReclaimable:     296376 kB
Slab:             311636 kB
SReclaimable:      87380 kB
SUnreclaim:       224256 kB
KernelStack:       47376 kB
ShadowCallStack:   11872 kB
PageTables:        74300 kB
NFS_Unstable:          0 kB
Bounce:                0 kB
WritebackTmp:          0 kB
CommitLimit:     8677876 kB
Committed_AS:   74052256 kB
VmallocTotal:   263061440 kB
VmallocUsed:      129768 kB
VmallocChunk:          0 kB
Percpu:             2520 kB
CmaTotal:         405504 kB
CmaFree:               0 kB
MemTotal:        7918584 kB
MemFree:          184404 kB
MemAvailable:    2655788 kB
Buffers:           42496 kB
Cached:          2547556 kB
SwapCached:            0 kB
Active:          4351052 kB
Inactive:        1290288 kB
Active(anon):    3019692 kB
Inactive(anon):    55840 kB
Active(file):    1331360 kB
Inactive(file):  1234448 kB
Unevictable:        6292 kB
Mlocked:            5852 kB
SwapTotal:       4718584 kB
SwapFree:        4718584 kB
Dirty:               196 kB
Writeback:            24 kB
AnonPages:       3057764 kB
Mapped:          1059968 kB
Shmem:             19460 kB
KReclaimable:     295800 kB
Slab:             311640 kB
SReclaimable:      87380 kB
SUnreclaim:       224260 kB
KernelStack:       47376 kB
ShadowCallStack:   11864 kB
PageTables:        74480 kB
NFS_Unstable:          0 kB
Bounce:                0 kB
WritebackTmp:          0 kB
CommitLimit:     8677876 kB
Committed_AS:   74052268 kB
VmallocTotal:   263061440 kB
VmallocUsed:      129776 kB
VmallocChunk:          0 kB
Percpu:             2520 kB
CmaTotal:         405504 kB
CmaFree:             128 kB
MemTotal:        7918584 kB
MemFree:          181980 kB
MemAvailable:    2638788 kB
Buffers:           42500 kB
Cached:          2533664 kB
SwapCached:            0 kB
Active:          4367636 kB
Inactive:        1276236 kB
Active(anon):    3036276 kB
Inactive(anon):    55852 kB
Active(file):    1331360 kB
Inactive(file):  1220384 kB
Unevictable:        6292 kB
Mlocked:            5852 kB
SwapTotal:       4718584 kB
SwapFree:        4718584 kB
Dirty:               272 kB
Writeback:             0 kB
AnonPages:       3074184 kB
Mapped:          1060388 kB
Shmem:             19464 kB
KReclaimable:     295288 kB
Slab:             311640 kB
SReclaimable:      87380 kB
SUnreclaim:       224260 kB
KernelStack:       47392 kB
ShadowCallStack:   11860 kB
PageTables:        74408 kB
NFS_Unstable:          0 kB
Bounce:                0 kB
WritebackTmp:          0 kB
CommitLimit:     8677876 kB
Committed_AS:   74085036 kB
VmallocTotal:   263061440 kB
VmallocUsed:      129792 kB
VmallocChunk:          0 kB
Percpu:             2520 kB
CmaTotal:         405504 kB
CmaFree:               0 kB
MemTotal:        7918584 kB
MemFree:          184648 kB
MemAvailable:    2612784 kB
Buffers:           42404 kB
Cached:          2506964 kB
SwapCached:            0 kB
Active:          4393276 kB
Inactive:        1249608 kB
Active(anon):    3061916 kB
Inactive(anon):    55848 kB
Active(file):    1331360 kB
Inactive(file):  1193760 kB
Unevictable:        6292 kB
Mlocked:            5852 kB
SwapTotal:       4718584 kB
SwapFree:        4718584 kB
Dirty:               280 kB
Writeback:             0 kB
AnonPages:       3099884 kB
Mapped:          1060768 kB
Shmem:             19464 kB
KReclaimable:     293240 kB
Slab:             311664 kB
SReclaimable:      87380 kB
SUnreclaim:       224284 kB
KernelStack:       47424 kB
ShadowCallStack:   11872 kB
PageTables:        74736 kB
NFS_Unstable:          0 kB
Bounce:                0 kB
WritebackTmp:          0 kB
CommitLimit:     8677876 kB
Committed_AS:   74134188 kB
VmallocTotal:   263061440 kB
VmallocUsed:      129776 kB
VmallocChunk:          0 kB
Percpu:             2520 kB
CmaTotal:         405504 kB
CmaFree:               0 kB
MemTotal:        7918584 kB
MemFree:          183892 kB
MemAvailable:    2612028 kB
Buffers:           42404 kB
Cached:          2506964 kB
SwapCached:            0 kB
Active:          4393416 kB
Inactive:        1249608 kB
Active(anon):    3062056 kB
Inactive(anon):    55848 kB
Active(file):    1331360 kB
Inactive(file):  1193760 kB
Unevictable:        6292 kB
Mlocked:            5852 kB
SwapTotal:       4718584 kB
SwapFree:        4718584 kB
Dirty:               280 kB
Writeback:             0 kB
AnonPages:       3099944 kB
