MemTotal:        7918588 kB
MemFree:         3199424 kB
MemAvailable:    4750464 kB
Buffers:            4020 kB
Cached:          1376572 kB
SwapCached:         7968 kB
Active:          1362732 kB
Inactive:         695852 kB
Active(anon):     606232 kB
Inactive(anon):    89876 kB
Active(file):     756500 kB
Inactive(file):   605976 kB
Unevictable:        6612 kB
Mlocked:            6172 kB
SwapTotal:       4718584 kB
SwapFree:        3940928 kB
Dirty:            106444 kB
Writeback:            12 kB
AnonPages:        680568 kB
Mapped:           506804 kB
Shmem:             13156 kB
KReclaimable:     595172 kB
Slab:             320260 kB
SReclaimable:      91680 kB
SUnreclaim:       228580 kB
KernelStack:       48528 kB
ShadowCallStack:   12172 kB
PageTables:        63564 kB
NFS_Unstable:          0 kB
Bounce:                0 kB
WritebackTmp:          0 kB
CommitLimit:     8677876 kB
Committed_AS:   64916280 kB
VmallocTotal:   263061440 kB
VmallocUsed:      131760 kB
VmallocChunk:          0 kB
Percpu:             2448 kB
CmaTotal:         405504 kB
CmaFree:          273240 kB
MemTotal:        7918588 kB
MemFree:         3222552 kB
MemAvailable:    5055600 kB
Buffers:            4068 kB
Cached:          1389260 kB
SwapCached:         8064 kB
Active:          1338144 kB
Inactive:         696788 kB
Active(anon):     570392 kB
Inactive(anon):    89864 kB
Active(file):     767752 kB
Inactive(file):   606924 kB
Unevictable:        6612 kB
Mlocked:            6172 kB
SwapTotal:       4718584 kB
SwapFree:        3942208 kB
Dirty:            106328 kB
Writeback:             0 kB
AnonPages:        643908 kB
Mapped:           538772 kB
Shmem:             13764 kB
KReclaimable:     864980 kB
Slab:             320436 kB
SReclaimable:      91696 kB
SUnreclaim:       228740 kB
KernelStack:       48784 kB
ShadowCallStack:   12228 kB
PageTables:        63764 kB
NFS_Unstable:          0 kB
Bounce:                0 kB
WritebackTmp:          0 kB
CommitLimit:     8677876 kB
Committed_AS:   64961704 kB
VmallocTotal:   263061440 kB
VmallocUsed:      131980 kB
VmallocChunk:          0 kB
Percpu:             2448 kB
CmaTotal:         405504 kB
CmaFree:          274484 kB
MemTotal:        7918588 kB
MemFree:         3198528 kB
MemAvailable:    4887076 kB
Buffers:            4084 kB
Cached:          1389456 kB
SwapCached:         8072 kB
Active:          1360916 kB
Inactive:         696812 kB
Active(anon):     592984 kB
Inactive(anon):    89860 kB
Active(file):     767932 kB
Inactive(file):   606952 kB
Unevictable:        6612 kB
Mlocked:            6172 kB
SwapTotal:       4718584 kB
SwapFree:        3942208 kB
Dirty:            106372 kB
Writeback:             0 kB
AnonPages:        666496 kB
Mapped:           548528 kB
Shmem:             13768 kB
KReclaimable:     720272 kB
Slab:             320832 kB
SReclaimable:      91712 kB
SUnreclaim:       229120 kB
KernelStack:       48768 kB
ShadowCallStack:   12212 kB
PageTables:        64136 kB
NFS_Unstable:          0 kB
Bounce:                0 kB
WritebackTmp:          0 kB
CommitLimit:     8677876 kB
Committed_AS:   64984964 kB
VmallocTotal:   263061440 kB
VmallocUsed:      131972 kB
VmallocChunk:          0 kB
Percpu:             2448 kB
CmaTotal:         405504 kB
CmaFree:          274484 kB
MemTotal:        7918588 kB
MemFree:         3197532 kB
MemAvailable:    4885336 kB
Buffers:            4084 kB
Cached:          1389464 kB
SwapCached:         8072 kB
Active:          1361520 kB
Inactive:         696820 kB
Active(anon):     593588 kB
Inactive(anon):    89860 kB
Active(file):     767932 kB
Inactive(file):   606960 kB
Unevictable:        6612 kB
Mlocked:            6172 kB
SwapTotal:       4718584 kB
SwapFree:        3942208 kB
Dirty:            106432 kB
Writeback:             0 kB
AnonPages:        667092 kB
Mapped:           548960 kB
Shmem:             13768 kB
KReclaimable:     719520 kB
Slab:             320968 kB
SReclaimable:      91728 kB
SUnreclaim:       229240 kB
KernelStack:       48736 kB
ShadowCallStack:   12216 kB
PageTables:        64200 kB
NFS_Unstable:          0 kB
Bounce:                0 kB
WritebackTmp:          0 kB
CommitLimit:     8677876 kB
Committed_AS:   64984908 kB
VmallocTotal:   263061440 kB
VmallocUsed:      131968 kB
VmallocChunk:          0 kB
Percpu:             2448 kB
CmaTotal:         405504 kB
CmaFree:          274484 kB
MemTotal:        7918588 kB
MemFree:         3194392 kB
MemAvailable:    4882892 kB
Buffers:            4084 kB
Cached:          1390404 kB
SwapCached:         8080 kB
Active:          1370956 kB
Inactive:         696224 kB
Active(anon):     602256 kB
Inactive(anon):    89256 kB
Active(file):     768700 kB
Inactive(file):   606968 kB
Unevictable:        6612 kB
Mlocked:            6172 kB
SwapTotal:       4718584 kB
SwapFree:        3953728 kB
Dirty:            106440 kB
Writeback:             0 kB
AnonPages:        674984 kB
Mapped:           549512 kB
Shmem:             13932 kB
KReclaimable:     719440 kB
Slab:             320948 kB
SReclaimable:      91696 kB
SUnreclaim:       229252 kB
KernelStack:       48736 kB
ShadowCallStack:   12216 kB
PageTables:        64188 kB
NFS_Unstable:          0 kB
Bounce:                0 kB
WritebackTmp:          0 kB
CommitLimit:     8677876 kB
Committed_AS:   64984920 kB
VmallocTotal:   263061440 kB
VmallocUsed:      131964 kB
VmallocChunk:          0 kB
Percpu:             2448 kB
CmaTotal:         405504 kB
CmaFree:          275508 kB
MemTotal:        7918588 kB
MemFree:         3197644 kB
MemAvailable:    4906348 kB
Buffers:            4084 kB
Cached:          1390404 kB
SwapCached:         8080 kB
Active:          1369316 kB
Inactive:         696224 kB
Active(anon):     600616 kB
Inactive(anon):    89256 kB
Active(file):     768700 kB
Inactive(file):   606968 kB
Unevictable:        6612 kB
Mlocked:            6172 kB
SwapTotal:       4718584 kB
SwapFree:        3953728 kB
Dirty:            106440 kB
Writeback:             0 kB
AnonPages:        673256 kB
Mapped:           549648 kB
Shmem:             13932 kB
KReclaimable:     739644 kB
Slab:             320924 kB
SReclaimable:      91696 kB
SUnreclaim:       229228 kB
KernelStack:       48592 kB
ShadowCallStack:   12180 kB
PageTables:        64104 kB
NFS_Unstable:          0 kB
Bounce:                0 kB
WritebackTmp:          0 kB
CommitLimit:     8677876 kB
Committed_AS:   64984436 kB
VmallocTotal:   263061440 kB
VmallocUsed:      131480 kB
VmallocChunk:          0 kB
Percpu:             2448 kB
CmaTotal:         405504 kB
CmaFree:          275508 kB
MemTotal:        7918588 kB
MemFree:         3176940 kB
MemAvailable:    4886000 kB
Buffers:            4108 kB
Cached:          1390792 kB
SwapCached:         8080 kB
Active:          1390364 kB
Inactive:         696256 kB
Active(anon):     621340 kB
Inactive(anon):    89256 kB
Active(file):     769024 kB
Inactive(file):   607000 kB
Unevictable:        6612 kB
Mlocked:            6172 kB
SwapTotal:       4718584 kB
SwapFree:        3953728 kB
Dirty:             17288 kB
Writeback:             0 kB
AnonPages:        694100 kB
Mapped:           551420 kB
Shmem:             13952 kB
KReclaimable:     739644 kB
Slab:             320772 kB
SReclaimable:      91696 kB
SUnreclaim:       229076 kB
KernelStack:       48560 kB
ShadowCallStack:   12172 kB
PageTables:        64192 kB
NFS_Unstable:          0 kB
Bounce:                0 kB
WritebackTmp:          0 kB
CommitLimit:     8677876 kB
Committed_AS:   65004888 kB
VmallocTotal:   263061440 kB
VmallocUsed:      131460 kB
VmallocChunk:          0 kB
Percpu:             2448 kB
CmaTotal:         405504 kB
CmaFree:          275508 kB
MemTotal:        7918588 kB
MemFree:         3051348 kB
MemAvailable:    4728236 kB
Buffers:            4112 kB
Cached:          1391512 kB
SwapCached:         8080 kB
Active:          1514784 kB
Inactive:         696256 kB
Active(anon):     745040 kB
Inactive(anon):    89252 kB
Active(file):     769744 kB
Inactive(file):   607004 kB
Unevictable:        6612 kB
Mlocked:            6172 kB
SwapTotal:       4718584 kB
SwapFree:        3953728 kB
Dirty:             17288 kB
Writeback:             0 kB
AnonPages:        817568 kB
Mapped:           597200 kB
Shmem:             13952 kB
KReclaimable:     706748 kB
Slab:             320760 kB
SReclaimable:      91696 kB
SUnreclaim:       229064 kB
KernelStack:       48640 kB
ShadowCallStack:   12168 kB
PageTables:        64452 kB
NFS_Unstable:          0 kB
Bounce:                0 kB
WritebackTmp:          0 kB
CommitLimit:     8677876 kB
Committed_AS:   65228972 kB
VmallocTotal:   263061440 kB
VmallocUsed:      131508 kB
VmallocChunk:          0 kB
Percpu:             2448 kB
CmaTotal:         405504 kB
CmaFree:          275508 kB
MemTotal:        7918588 kB
MemFree:         2965052 kB
MemAvailable:    4607128 kB
Buffers:            4112 kB
Cached:          1391668 kB
SwapCached:         8080 kB
Active:          1600760 kB
Inactive:         696272 kB
Active(anon):     830836 kB
Inactive(anon):    89256 kB
Active(file):     769924 kB
Inactive(file):   607016 kB
Unevictable:        6612 kB
Mlocked:            6172 kB
SwapTotal:       4718584 kB
SwapFree:        3953728 kB
Dirty:             17316 kB
Writeback:             0 kB
AnonPages:        903604 kB
Mapped:           636700 kB
Shmem:             13952 kB
KReclaimable:     671744 kB
Slab:             321360 kB
SReclaimable:      91728 kB
SUnreclaim:       229632 kB
KernelStack:       48608 kB
ShadowCallStack:   12184 kB
PageTables:        64876 kB
NFS_Unstable:          0 kB
Bounce:                0 kB
WritebackTmp:          0 kB
CommitLimit:     8677876 kB
Committed_AS:   65366832 kB
VmallocTotal:   263061440 kB
VmallocUsed:      131536 kB
VmallocChunk:          0 kB
Percpu:             2448 kB
CmaTotal:         405504 kB
CmaFree:          275636 kB
MemTotal:        7918588 kB
MemFree:         2887496 kB
MemAvailable:    4498944 kB
Buffers:            4136 kB
Cached:          1410256 kB
SwapCached:         8096 kB
Active:          1677852 kB
Inactive:         696396 kB
Active(anon):     889456 kB
Inactive(anon):    89256 kB
Active(file):     788396 kB
Inactive(file):   607140 kB
Unevictable:        6612 kB
Mlocked:            6172 kB
SwapTotal:       4718584 kB
SwapFree:        3953984 kB
Dirty:             17424 kB
Writeback:             0 kB
AnonPages:        962060 kB
Mapped:           671876 kB
Shmem:             13968 kB
KReclaimable:     622520 kB
Slab:             321580 kB
SReclaimable:      91728 kB
SUnreclaim:       229852 kB
KernelStack:       48640 kB
ShadowCallStack:   12188 kB
PageTables:        65408 kB
NFS_Unstable:          0 kB
Bounce:                0 kB
WritebackTmp:          0 kB
CommitLimit:     8677876 kB
Committed_AS:   65490848 kB
VmallocTotal:   263061440 kB
VmallocUsed:      131592 kB
VmallocChunk:          0 kB
Percpu:             2448 kB
CmaTotal:         405504 kB
CmaFree:          275636 kB
MemTotal:        7918588 kB
MemFree:         2787248 kB
MemAvailable:    4396480 kB
Buffers:            4136 kB
Cached:          1410260 kB
SwapCached:         8096 kB
Active:          1777708 kB
Inactive:         696392 kB
Active(anon):     989312 kB
Inactive(anon):    89252 kB
Active(file):     788396 kB
Inactive(file):   607140 kB
Unevictable:        6612 kB
Mlocked:            6172 kB
SwapTotal:       4718584 kB
SwapFree:        3953984 kB
Dirty:             17504 kB
Writeback:             0 kB
AnonPages:       1062184 kB
Mapped:           673540 kB
Shmem:             13972 kB
KReclaimable:     620304 kB
Slab:             321548 kB
SReclaimable:      91728 kB
SUnreclaim:       229820 kB
KernelStack:       48688 kB
ShadowCallStack:   12196 kB
PageTables:        66004 kB
NFS_Unstable:          0 kB
Bounce:                0 kB
WritebackTmp:          0 kB
CommitLimit:     8677876 kB
Committed_AS:   65752996 kB
VmallocTotal:   263061440 kB
VmallocUsed:      131604 kB
VmallocChunk:          0 kB
Percpu:             2448 kB
CmaTotal:         405504 kB
CmaFree:          275636 kB
MemTotal:        7918588 kB
MemFree:         2699268 kB
MemAvailable:    4307448 kB
Buffers:            4144 kB
Cached:          1410256 kB
SwapCached:         8096 kB
Active:          1865940 kB
Inactive:         696400 kB
Active(anon):    1077544 kB
Inactive(anon):    89256 kB
Active(file):     788396 kB
Inactive(file):   607144 kB
Unevictable:        6612 kB
Mlocked:            6172 kB
SwapTotal:       4718584 kB
SwapFree:        3954496 kB
Dirty:             17432 kB
Writeback:            88 kB
AnonPages:       1150128 kB
Mapped:           674384 kB
Shmem:             13972 kB
KReclaimable:     619248 kB
Slab:             321520 kB
SReclaimable:      91744 kB
SUnreclaim:       229776 kB
KernelStack:       48608 kB
ShadowCallStack:   12180 kB
PageTables:        66320 kB
NFS_Unstable:          0 kB
Bounce:                0 kB
WritebackTmp:          0 kB
CommitLimit:     8677876 kB
Committed_AS:   65982320 kB
VmallocTotal:   263061440 kB
VmallocUsed:      131592 kB
VmallocChunk:          0 kB
Percpu:             2448 kB
CmaTotal:         405504 kB
CmaFree:          275636 kB
MemTotal:        7918588 kB
MemFree:         2568300 kB
MemAvailable:    4045092 kB
Buffers:            4148 kB
Cached:          1410352 kB
SwapCached:         8096 kB
Active:          1996412 kB
Inactive:         696412 kB
Active(anon):    1208000 kB
Inactive(anon):    89252 kB
Active(file):     788412 kB
Inactive(file):   607160 kB
Unevictable:        6612 kB
Mlocked:            6172 kB
SwapTotal:       4718584 kB
SwapFree:        3954496 kB
Dirty:             17620 kB
Writeback:             0 kB
AnonPages:       1280596 kB
Mapped:           675796 kB
Shmem:             14040 kB
KReclaimable:     487828 kB
Slab:             321584 kB
SReclaimable:      91760 kB
SUnreclaim:       229824 kB
KernelStack:       48752 kB
ShadowCallStack:   12228 kB
PageTables:        66872 kB
NFS_Unstable:          0 kB
Bounce:                0 kB
WritebackTmp:          0 kB
CommitLimit:     8677876 kB
Committed_AS:   66228480 kB
VmallocTotal:   263061440 kB
VmallocUsed:      131728 kB
VmallocChunk:          0 kB
Percpu:             2448 kB
CmaTotal:         405504 kB
CmaFree:          275644 kB
MemTotal:        7918588 kB
MemFree:         2483624 kB
MemAvailable:    3950864 kB
Buffers:            4148 kB
Cached:          1410468 kB
SwapCached:         8096 kB
Active:          2079712 kB
Inactive:         696428 kB
Active(anon):    1291300 kB
Inactive(anon):    89248 kB
Active(file):     788412 kB
Inactive(file):   607180 kB
Unevictable:        6612 kB
Mlocked:            6172 kB
SwapTotal:       4718584 kB
SwapFree:        3954496 kB
Dirty:             17640 kB
Writeback:             0 kB
AnonPages:       1363720 kB
Mapped:           676492 kB
Shmem:             14136 kB
KReclaimable:     478256 kB
Slab:             321584 kB
SReclaimable:      91760 kB
SUnreclaim:       229824 kB
KernelStack:       48704 kB
ShadowCallStack:   12212 kB
PageTables:        67364 kB
NFS_Unstable:          0 kB
Bounce:                0 kB
WritebackTmp:          0 kB
CommitLimit:     8677876 kB
Committed_AS:   66441384 kB
VmallocTotal:   263061440 kB
VmallocUsed:      131660 kB
VmallocChunk:          0 kB
Percpu:             2448 kB
CmaTotal:         405504 kB
CmaFree:          275644 kB
MemTotal:        7918588 kB
MemFree:         2420000 kB
MemAvailable:    4015948 kB
Buffers:            4156 kB
Cached:          1410316 kB
SwapCached:         8100 kB
Active:          2143672 kB
Inactive:         696444 kB
Active(anon):    1355260 kB
Inactive(anon):    89256 kB
Active(file):     788412 kB
Inactive(file):   607188 kB
Unevictable:        6612 kB
Mlocked:            6172 kB
SwapTotal:       4718584 kB
SwapFree:        3955264 kB
Dirty:             17664 kB
Writeback:             0 kB
AnonPages:       1428164 kB
Mapped:           676684 kB
Shmem:             13984 kB
KReclaimable:     606956 kB
Slab:             321532 kB
SReclaimable:      91728 kB
SUnreclaim:       229804 kB
KernelStack:       48640 kB
ShadowCallStack:   12188 kB
PageTables:        67712 kB
NFS_Unstable:          0 kB
Bounce:                0 kB
WritebackTmp:          0 kB
CommitLimit:     8677876 kB
Committed_AS:   66703176 kB
VmallocTotal:   263061440 kB
VmallocUsed:      131584 kB
VmallocChunk:          0 kB
Percpu:             2448 kB
CmaTotal:         405504 kB
CmaFree:          275644 kB
MemTotal:        7918588 kB
MemFree:         2320200 kB
MemAvailable:    3917012 kB
Buffers:            4240 kB
Cached:          1412568 kB
SwapCached:         8104 kB
Active:          2243368 kB
Inactive:         696616 kB
Active(anon):    1452796 kB
Inactive(anon):    89252 kB
Active(file):     790572 kB
Inactive(file):   607364 kB
Unevictable:        6612 kB
Mlocked:            6172 kB
SwapTotal:       4718584 kB
SwapFree:        3956800 kB
Dirty:             17704 kB
Writeback:             0 kB
AnonPages:       1525432 kB
Mapped:           680296 kB
Shmem:             13984 kB
KReclaimable:     605484 kB
Slab:             321596 kB
SReclaimable:      91696 kB
SUnreclaim:       229900 kB
KernelStack:       48624 kB
ShadowCallStack:   12188 kB
PageTables:        68160 kB
NFS_Unstable:          0 kB
Bounce:                0 kB
WritebackTmp:          0 kB
CommitLimit:     8677876 kB
Committed_AS:   66932552 kB
VmallocTotal:   263061440 kB
VmallocUsed:      131568 kB
VmallocChunk:          0 kB
Percpu:             2448 kB
CmaTotal:         405504 kB
CmaFree:          275644 kB
MemTotal:        7918588 kB
MemFree:         2217604 kB
MemAvailable:    3813448 kB
Buffers:            4240 kB
Cached:          1412580 kB
SwapCached:         8104 kB
Active:          2344748 kB
Inactive:         696632 kB
Active(anon):    1554176 kB
Inactive(anon):    89260 kB
Active(file):     790572 kB
Inactive(file):   607372 kB
Unevictable:        6612 kB
Mlocked:            6172 kB
SwapTotal:       4718584 kB
SwapFree:        3956800 kB
Dirty:             17712 kB
Writeback:             0 kB
AnonPages:       1626924 kB
Mapped:           681228 kB
Shmem:             13988 kB
KReclaimable:     604508 kB
Slab:             321544 kB
SReclaimable:      91696 kB
SUnreclaim:       229848 kB
KernelStack:       48608 kB
ShadowCallStack:   12184 kB
PageTables:        68860 kB
NFS_Unstable:          0 kB
Bounce:                0 kB
WritebackTmp:          0 kB
CommitLimit:     8677876 kB
Committed_AS:   67194700 kB
VmallocTotal:   263061440 kB
VmallocUsed:      131548 kB
VmallocChunk:          0 kB
Percpu:             2448 kB
CmaTotal:         405504 kB
CmaFree:          275644 kB
MemTotal:        7918588 kB
MemFree:         2128080 kB
MemAvailable:    3722248 kB
Buffers:            4264 kB
Cached:          1412796 kB
SwapCached:         8104 kB
Active:          2434096 kB
Inactive:         696636 kB
Active(anon):    1643312 kB
Inactive(anon):    89240 kB
Active(file):     790784 kB
Inactive(file):   607396 kB
Unevictable:        6612 kB
Mlocked:            6172 kB
SwapTotal:       4718584 kB
SwapFree:        3957056 kB
Dirty:             17720 kB
Writeback:             0 kB
AnonPages:       1715912 kB
Mapped:           682916 kB
Shmem:             13992 kB
KReclaimable:     602596 kB
Slab:             321620 kB
SReclaimable:      91696 kB
SUnreclaim:       229924 kB
KernelStack:       48576 kB
ShadowCallStack:   12188 kB
PageTables:        69024 kB
NFS_Unstable:          0 kB
Bounce:                0 kB
WritebackTmp:          0 kB
CommitLimit:     8677876 kB
Committed_AS:   67424080 kB
VmallocTotal:   263061440 kB
VmallocUsed:      131568 kB
VmallocChunk:          0 kB
Percpu:             2448 kB
CmaTotal:         405504 kB
CmaFree:          275644 kB
MemTotal:        7918588 kB
MemFree:         2042164 kB
MemAvailable:    3636424 kB
Buffers:            4264 kB
Cached:          1412928 kB
SwapCached:         8104 kB
Active:          2519280 kB
Inactive:         696656 kB
Active(anon):    1728372 kB
Inactive(anon):    89252 kB
Active(file):     790908 kB
Inactive(file):   607404 kB
Unevictable:        6612 kB
Mlocked:            6172 kB
SwapTotal:       4718584 kB
SwapFree:        3957056 kB
Dirty:             17764 kB
Writeback:             0 kB
AnonPages:       1800976 kB
Mapped:           683256 kB
Shmem:             13992 kB
KReclaimable:     602556 kB
Slab:             322548 kB
SReclaimable:      92592 kB
SUnreclaim:       229956 kB
KernelStack:       48608 kB
ShadowCallStack:   12180 kB
PageTables:        69600 kB
NFS_Unstable:          0 kB
Bounce:                0 kB
WritebackTmp:          0 kB
CommitLimit:     8677876 kB
Committed_AS:   67620688 kB
VmallocTotal:   263061440 kB
VmallocUsed:      131568 kB
VmallocChunk:          0 kB
Percpu:             2448 kB
CmaTotal:         405504 kB
CmaFree:          275772 kB
MemTotal:        7918588 kB
MemFree:         1958356 kB
MemAvailable:    3551928 kB
Buffers:            4264 kB
Cached:          1412936 kB
SwapCached:         8104 kB
Active:          2601780 kB
Inactive:         696660 kB
Active(anon):    1810872 kB
Inactive(anon):    89248 kB
Active(file):     790908 kB
Inactive(file):   607412 kB
Unevictable:        6612 kB
Mlocked:            6172 kB
SwapTotal:       4718584 kB
SwapFree:        3957056 kB
Dirty:             17796 kB
Writeback:             0 kB
AnonPages:       1883488 kB
Mapped:           683884 kB
Shmem:             13992 kB
KReclaimable:     601860 kB
Slab:             322636 kB
SReclaimable:      92624 kB
SUnreclaim:       230012 kB
KernelStack:       48624 kB
ShadowCallStack:   12192 kB
PageTables:        69840 kB
NFS_Unstable:          0 kB
Bounce:                0 kB
WritebackTmp:          0 kB
CommitLimit:     8677876 kB
Committed_AS:   67833684 kB
VmallocTotal:   263061440 kB
VmallocUsed:      131568 kB
VmallocChunk:          0 kB
Percpu:             2448 kB
CmaTotal:         405504 kB
CmaFree:          275772 kB
MemTotal:        7918588 kB
MemFree:         1853804 kB
MemAvailable:    3445580 kB
Buffers:            4264 kB
Cached:          1412956 kB
SwapCached:         8104 kB
Active:          2706124 kB
Inactive:         696676 kB
Active(anon):    1915216 kB
Inactive(anon):    89252 kB
Active(file):     790908 kB
Inactive(file):   607424 kB
Unevictable:        6612 kB
Mlocked:            6172 kB
SwapTotal:       4718584 kB
SwapFree:        3957056 kB
Dirty:             17808 kB
Writeback:             0 kB
AnonPages:       1987888 kB
Mapped:           685400 kB
Shmem:             14000 kB
KReclaimable:     600052 kB
Slab:             322808 kB
SReclaimable:      92656 kB
SUnreclaim:       230152 kB
KernelStack:       48624 kB
ShadowCallStack:   12188 kB
PageTables:        70480 kB
NFS_Unstable:          0 kB
Bounce:                0 kB
WritebackTmp:          0 kB
CommitLimit:     8677876 kB
Committed_AS:   68095832 kB
VmallocTotal:   263061440 kB
VmallocUsed:      131568 kB
VmallocChunk:          0 kB
Percpu:             2448 kB
CmaTotal:         405504 kB
CmaFree:          275772 kB
MemTotal:        7918588 kB
MemFree:         1771904 kB
MemAvailable:    3365180 kB
Buffers:            4264 kB
Cached:          1415064 kB
SwapCached:         8104 kB
Active:          2787876 kB
Inactive:         696672 kB
Active(anon):    1994868 kB
Inactive(anon):    89248 kB
Active(file):     793008 kB
Inactive(file):   607424 kB
Unevictable:        6612 kB
Mlocked:            6172 kB
SwapTotal:       4718584 kB
SwapFree:        3957312 kB
Dirty:             17808 kB
Writeback:             0 kB
AnonPages:       2067456 kB
Mapped:           686448 kB
Shmem:             14008 kB
KReclaimable:     599452 kB
Slab:             322780 kB
SReclaimable:      92656 kB
SUnreclaim:       230124 kB
KernelStack:       48576 kB
ShadowCallStack:   12180 kB
PageTables:        70760 kB
NFS_Unstable:          0 kB
Bounce:                0 kB
WritebackTmp:          0 kB
CommitLimit:     8677876 kB
Committed_AS:   68259620 kB
VmallocTotal:   263061440 kB
VmallocUsed:      131532 kB
VmallocChunk:          0 kB
Percpu:             2448 kB
CmaTotal:         405504 kB
CmaFree:          275772 kB
MemTotal:        7918588 kB
MemFree:         1699816 kB
MemAvailable:    3292348 kB
Buffers:            4272 kB
Cached:          1415076 kB
SwapCached:         8104 kB
Active:          2858840 kB
Inactive:         696688 kB
Active(anon):    2065832 kB
Inactive(anon):    89248 kB
Active(file):     793008 kB
Inactive(file):   607440 kB
Unevictable:        6612 kB
Mlocked:            6172 kB
SwapTotal:       4718584 kB
SwapFree:        3957312 kB
Dirty:             17816 kB
Writeback:             0 kB
AnonPages:       2138560 kB
Mapped:           686996 kB
Shmem:             14012 kB
KReclaimable:     598692 kB
Slab:             322916 kB
SReclaimable:      92656 kB
SUnreclaim:       230260 kB
KernelStack:       48640 kB
ShadowCallStack:   12184 kB
PageTables:        71104 kB
NFS_Unstable:          0 kB
Bounce:                0 kB
WritebackTmp:          0 kB
CommitLimit:     8677876 kB
Committed_AS:   68439852 kB
VmallocTotal:   263061440 kB
VmallocUsed:      131548 kB
VmallocChunk:          0 kB
Percpu:             2448 kB
CmaTotal:         405504 kB
CmaFree:          275772 kB
MemTotal:        7918588 kB
MemFree:         1616624 kB
MemAvailable:    3208156 kB
Buffers:            4272 kB
Cached:          1415076 kB
SwapCached:         8104 kB
Active:          2941880 kB
Inactive:         696696 kB
Active(anon):    2148872 kB
Inactive(anon):    89256 kB
Active(file):     793008 kB
Inactive(file):   607440 kB
Unevictable:        6612 kB
Mlocked:            6172 kB
SwapTotal:       4718584 kB
SwapFree:        3957312 kB
Dirty:             17824 kB
Writeback:             0 kB
AnonPages:       2221536 kB
Mapped:           687612 kB
Shmem:             14012 kB
KReclaimable:     597692 kB
Slab:             322892 kB
SReclaimable:      92656 kB
SUnreclaim:       230236 kB
KernelStack:       48592 kB
ShadowCallStack:   12168 kB
PageTables:        71612 kB
NFS_Unstable:          0 kB
Bounce:                0 kB
WritebackTmp:          0 kB
CommitLimit:     8677876 kB
Committed_AS:   68620072 kB
VmallocTotal:   263061440 kB
VmallocUsed:      131548 kB
VmallocChunk:          0 kB
Percpu:             2448 kB
CmaTotal:         405504 kB
CmaFree:          275772 kB
MemTotal:        7918588 kB
MemFree:         1527132 kB
MemAvailable:    3117724 kB
Buffers:            4404 kB
Cached:          1415128 kB
SwapCached:         8104 kB
Active:          3031256 kB
Inactive:         696832 kB
Active(anon):    2238212 kB
Inactive(anon):    89252 kB
Active(file):     793044 kB
Inactive(file):   607580 kB
Unevictable:        6612 kB
Mlocked:            6172 kB
SwapTotal:       4718584 kB
SwapFree:        3957568 kB
Dirty:             17824 kB
Writeback:             0 kB
AnonPages:       2310880 kB
Mapped:           688204 kB
Shmem:             14020 kB
KReclaimable:     596576 kB
Slab:             323100 kB
SReclaimable:      92660 kB
SUnreclaim:       230440 kB
KernelStack:       48608 kB
ShadowCallStack:   12192 kB
PageTables:        71848 kB
NFS_Unstable:          0 kB
Bounce:                0 kB
WritebackTmp:          0 kB
CommitLimit:     8677876 kB
Committed_AS:   68816688 kB
VmallocTotal:   263061440 kB
VmallocUsed:      131548 kB
VmallocChunk:          0 kB
Percpu:             2448 kB
CmaTotal:         405504 kB
CmaFree:          275772 kB
MemTotal:        7918588 kB
MemFree:         1446744 kB
MemAvailable:    3036192 kB
Buffers:            4404 kB
Cached:          1415128 kB
SwapCached:         8104 kB
Active:          3111148 kB
Inactive:         696832 kB
Active(anon):    2318104 kB
Inactive(anon):    89252 kB
Active(file):     793044 kB
Inactive(file):   607580 kB
Unevictable:        6612 kB
Mlocked:            6172 kB
SwapTotal:       4718584 kB
SwapFree:        3957568 kB
Dirty:             17824 kB
Writeback:             0 kB
AnonPages:       2390748 kB
Mapped:           688852 kB
Shmem:             14020 kB
KReclaimable:     595432 kB
Slab:             323092 kB
SReclaimable:      92660 kB
SUnreclaim:       230432 kB
KernelStack:       48592 kB
ShadowCallStack:   12184 kB
PageTables:        72224 kB
NFS_Unstable:          0 kB
Bounce:                0 kB
WritebackTmp:          0 kB
CommitLimit:     8677876 kB
Committed_AS:   68981552 kB
VmallocTotal:   263061440 kB
VmallocUsed:      131548 kB
VmallocChunk:          0 kB
Percpu:             2448 kB
CmaTotal:         405504 kB
CmaFree:          275772 kB
MemTotal:        7918588 kB
MemFree:         1399260 kB
MemAvailable:    2988168 kB
Buffers:            4412 kB
Cached:          1414948 kB
SwapCached:         8120 kB
Active:          3157940 kB
Inactive:         696808 kB
Active(anon):    2364860 kB
Inactive(anon):    89220 kB
Active(file):     793080 kB
Inactive(file):   607588 kB
Unevictable:        6612 kB
Mlocked:            6172 kB
SwapTotal:       4718584 kB
SwapFree:        3958080 kB
Dirty:             17824 kB
Writeback:             0 kB
AnonPages:       2437872 kB
Mapped:           689904 kB
Shmem:             13804 kB
KReclaimable:     594848 kB
Slab:             323312 kB
SReclaimable:      92644 kB
SUnreclaim:       230668 kB
KernelStack:       48592 kB
ShadowCallStack:   12188 kB
PageTables:        72496 kB
NFS_Unstable:          0 kB
Bounce:                0 kB
WritebackTmp:          0 kB
CommitLimit:     8677876 kB
Committed_AS:   69112404 kB
VmallocTotal:   263061440 kB
VmallocUsed:      131544 kB
VmallocChunk:          0 kB
Percpu:             2448 kB
CmaTotal:         405504 kB
CmaFree:          275780 kB
MemTotal:        7918588 kB
MemFree:         1337852 kB
MemAvailable:    2926216 kB
Buffers:            4444 kB
Cached:          1414960 kB
SwapCached:         8120 kB
Active:          3219068 kB
Inactive:         696860 kB
Active(anon):    2425988 kB
Inactive(anon):    89232 kB
Active(file):     793080 kB
Inactive(file):   607628 kB
Unevictable:        6612 kB
Mlocked:            6172 kB
SwapTotal:       4718584 kB
SwapFree:        3958080 kB
Dirty:             17836 kB
Writeback:             0 kB
AnonPages:       2498804 kB
Mapped:           690344 kB
Shmem:             13808 kB
KReclaimable:     594264 kB
Slab:             323260 kB
SReclaimable:      92644 kB
SUnreclaim:       230616 kB
KernelStack:       48592 kB
ShadowCallStack:   12188 kB
PageTables:        72636 kB
NFS_Unstable:          0 kB
Bounce:                0 kB
WritebackTmp:          0 kB
CommitLimit:     8677876 kB
Committed_AS:   69243472 kB
VmallocTotal:   263061440 kB
VmallocUsed:      131548 kB
VmallocChunk:          0 kB
Percpu:             2448 kB
CmaTotal:         405504 kB
CmaFree:          275772 kB
MemTotal:        7918588 kB
MemFree:         1269196 kB
MemAvailable:    2856528 kB
Buffers:            4444 kB
Cached:          1414960 kB
SwapCached:         8120 kB
Active:          3288184 kB
Inactive:         696852 kB
Active(anon):    2495104 kB
Inactive(anon):    89224 kB
Active(file):     793080 kB
Inactive(file):   607628 kB
Unevictable:        6612 kB
Mlocked:            6172 kB
SwapTotal:       4718584 kB
SwapFree:        3958080 kB
Dirty:             17836 kB
Writeback:             0 kB
AnonPages:       2567896 kB
Mapped:           690948 kB
Shmem:             13808 kB
KReclaimable:     593232 kB
Slab:             323336 kB
SReclaimable:      92644 kB
SUnreclaim:       230692 kB
KernelStack:       48624 kB
ShadowCallStack:   12184 kB
PageTables:        73088 kB
NFS_Unstable:          0 kB
Bounce:                0 kB
WritebackTmp:          0 kB
CommitLimit:     8677876 kB
Committed_AS:   69390928 kB
VmallocTotal:   263061440 kB
VmallocUsed:      131544 kB
VmallocChunk:          0 kB
Percpu:             2448 kB
CmaTotal:         405504 kB
CmaFree:          275764 kB
MemTotal:        7918588 kB
MemFree:         1206976 kB
MemAvailable:    2793820 kB
Buffers:            4444 kB
Cached:          1414960 kB
SwapCached:         8120 kB
Active:          3349160 kB
Inactive:         696860 kB
Active(anon):    2556080 kB
Inactive(anon):    89232 kB
Active(file):     793080 kB
Inactive(file):   607628 kB
Unevictable:        6612 kB
Mlocked:            6172 kB
SwapTotal:       4718584 kB
SwapFree:        3958080 kB
Dirty:             17836 kB
Writeback:             0 kB
AnonPages:       2629052 kB
Mapped:           691436 kB
Shmem:             13808 kB
KReclaimable:     592744 kB
Slab:             323332 kB
SReclaimable:      92692 kB
SUnreclaim:       230640 kB
KernelStack:       48608 kB
ShadowCallStack:   12184 kB
PageTables:        73304 kB
NFS_Unstable:          0 kB
Bounce:                0 kB
WritebackTmp:          0 kB
CommitLimit:     8677876 kB
Committed_AS:   69538388 kB
VmallocTotal:   263061440 kB
VmallocUsed:      131528 kB
VmallocChunk:          0 kB
Percpu:             2448 kB
CmaTotal:         405504 kB
CmaFree:          275772 kB
MemTotal:        7918588 kB
MemFree:         1129620 kB
MemAvailable:    2715504 kB
Buffers:            4444 kB
Cached:          1414960 kB
SwapCached:         8120 kB
Active:          3427136 kB
Inactive:         696860 kB
Active(anon):    2634056 kB
Inactive(anon):    89232 kB
Active(file):     793080 kB
Inactive(file):   607628 kB
Unevictable:        6612 kB
Mlocked:            6172 kB
SwapTotal:       4718584 kB
SwapFree:        3958080 kB
Dirty:             17836 kB
Writeback:             0 kB
AnonPages:       2706872 kB
Mapped:           692076 kB
Shmem:             13808 kB
KReclaimable:     591784 kB
Slab:             323316 kB
SReclaimable:      92692 kB
SUnreclaim:       230624 kB
KernelStack:       48592 kB
ShadowCallStack:   12192 kB
PageTables:        73576 kB
NFS_Unstable:          0 kB
Bounce:                0 kB
WritebackTmp:          0 kB
CommitLimit:     8677876 kB
Committed_AS:   69702228 kB
VmallocTotal:   263061440 kB
VmallocUsed:      131528 kB
VmallocChunk:          0 kB
Percpu:             2448 kB
CmaTotal:         405504 kB
CmaFree:          255200 kB
MemTotal:        7918588 kB
MemFree:         1083052 kB
MemAvailable:    2668728 kB
Buffers:            4444 kB
Cached:          1415328 kB
SwapCached:         8120 kB
Active:          3472848 kB
Inactive:         696868 kB
Active(anon):    2679408 kB
Inactive(anon):    89232 kB
Active(file):     793440 kB
Inactive(file):   607636 kB
Unevictable:        6612 kB
Mlocked:            6172 kB
SwapTotal:       4718584 kB
SwapFree:        3958080 kB
Dirty:             17844 kB
Writeback:             0 kB
AnonPages:       2752284 kB
Mapped:           692420 kB
Shmem:             13808 kB
KReclaimable:     591208 kB
Slab:             323200 kB
SReclaimable:      92676 kB
SUnreclaim:       230524 kB
KernelStack:       48464 kB
ShadowCallStack:   12148 kB
PageTables:        73844 kB
NFS_Unstable:          0 kB
Bounce:                0 kB
WritebackTmp:          0 kB
CommitLimit:     8677876 kB
Committed_AS:   69800068 kB
VmallocTotal:   263061440 kB
VmallocUsed:      131384 kB
VmallocChunk:          0 kB
Percpu:             2448 kB
CmaTotal:         405504 kB
CmaFree:          209004 kB
MemTotal:        7918588 kB
MemFree:         1028428 kB
MemAvailable:    2613452 kB
Buffers:            4456 kB
Cached:          1415356 kB
SwapCached:         8120 kB
Active:          3528224 kB
Inactive:         696884 kB
Active(anon):    2734776 kB
Inactive(anon):    89228 kB
Active(file):     793448 kB
Inactive(file):   607656 kB
Unevictable:        6612 kB
Mlocked:            6172 kB
SwapTotal:       4718584 kB
SwapFree:        3958592 kB
Dirty:               780 kB
Writeback:             0 kB
AnonPages:       2807740 kB
Mapped:           693076 kB
Shmem:             13820 kB
KReclaimable:     590528 kB
Slab:             323164 kB
SReclaimable:      92676 kB
SUnreclaim:       230488 kB
KernelStack:       48400 kB
ShadowCallStack:   12128 kB
PageTables:        73848 kB
NFS_Unstable:          0 kB
Bounce:                0 kB
WritebackTmp:          0 kB
CommitLimit:     8677876 kB
Committed_AS:   69930932 kB
VmallocTotal:   263061440 kB
VmallocUsed:      131288 kB
VmallocChunk:          0 kB
Percpu:             2448 kB
CmaTotal:         405504 kB
CmaFree:          153948 kB
MemTotal:        7918588 kB
MemFree:          932244 kB
MemAvailable:    2396516 kB
Buffers:            4456 kB
Cached:          1415372 kB
SwapCached:         8120 kB
Active:          3623852 kB
Inactive:         696888 kB
Active(anon):    2830404 kB
Inactive(anon):    89232 kB
Active(file):     793448 kB
Inactive(file):   607656 kB
Unevictable:        6612 kB
Mlocked:            6172 kB
SwapTotal:       4718584 kB
SwapFree:        3958592 kB
Dirty:               784 kB
Writeback:             0 kB
AnonPages:       2903228 kB
Mapped:           694284 kB
Shmem:             13836 kB
KReclaimable:     469776 kB
Slab:             323344 kB
SReclaimable:      92676 kB
SUnreclaim:       230668 kB
KernelStack:       48544 kB
ShadowCallStack:   12144 kB
PageTables:        74352 kB
NFS_Unstable:          0 kB
Bounce:                0 kB
WritebackTmp:          0 kB
CommitLimit:     8677876 kB
Committed_AS:   70062400 kB
VmallocTotal:   263061440 kB
VmallocUsed:      131444 kB
VmallocChunk:          0 kB
Percpu:             2448 kB
CmaTotal:         405504 kB
CmaFree:           58104 kB
MemTotal:        7918588 kB
MemFree:          858796 kB
MemAvailable:    2311756 kB
Buffers:            4456 kB
Cached:          1415472 kB
SwapCached:         8120 kB
Active:          3698316 kB
Inactive:         696888 kB
Active(anon):    2904868 kB
Inactive(anon):    89232 kB
Active(file):     793448 kB
Inactive(file):   607656 kB
Unevictable:        6612 kB
Mlocked:            6172 kB
SwapTotal:       4718584 kB
SwapFree:        3958592 kB
Dirty:               784 kB
Writeback:             0 kB
AnonPages:       2977552 kB
Mapped:           695104 kB
Shmem:             13936 kB
KReclaimable:     458464 kB
Slab:             323368 kB
SReclaimable:      92676 kB
SUnreclaim:       230692 kB
KernelStack:       48496 kB
ShadowCallStack:   12168 kB
PageTables:        74636 kB
NFS_Unstable:          0 kB
Bounce:                0 kB
WritebackTmp:          0 kB
CommitLimit:     8677876 kB
Committed_AS:   70209856 kB
VmallocTotal:   263061440 kB
VmallocUsed:      131460 kB
VmallocChunk:          0 kB
Percpu:             2448 kB
CmaTotal:         405504 kB
CmaFree:               0 kB
MemTotal:        7918588 kB
MemFree:          854404 kB
MemAvailable:    2437132 kB
Buffers:            4456 kB
Cached:          1415364 kB
SwapCached:         8120 kB
Active:          3701812 kB
Inactive:         696888 kB
Active(anon):    2908364 kB
Inactive(anon):    89232 kB
Active(file):     793448 kB
Inactive(file):   607656 kB
Unevictable:        6612 kB
Mlocked:            6172 kB
SwapTotal:       4718584 kB
SwapFree:        3958848 kB
Dirty:               784 kB
Writeback:             0 kB
AnonPages:       2981188 kB
Mapped:           694752 kB
Shmem:             13828 kB
KReclaimable:     588232 kB
Slab:             323328 kB
SReclaimable:      92676 kB
SUnreclaim:       230652 kB
KernelStack:       48400 kB
ShadowCallStack:   12132 kB
PageTables:        74808 kB
NFS_Unstable:          0 kB
Bounce:                0 kB
WritebackTmp:          0 kB
CommitLimit:     8677876 kB
Committed_AS:   70304876 kB
VmallocTotal:   263061440 kB
VmallocUsed:      131284 kB
VmallocChunk:          0 kB
Percpu:             2448 kB
CmaTotal:         405504 kB
CmaFree:           11448 kB
MemTotal:        7918588 kB
MemFree:          781980 kB
MemAvailable:    2363584 kB
Buffers:            4456 kB
Cached:          1415428 kB
SwapCached:         8120 kB
Active:          3774724 kB
Inactive:         696884 kB
Active(anon):    2981212 kB
Inactive(anon):    89232 kB
Active(file):     793512 kB
Inactive(file):   607652 kB
Unevictable:        6612 kB
Mlocked:            6172 kB
SwapTotal:       4718584 kB
SwapFree:        3958848 kB
Dirty:               788 kB
Writeback:             0 kB
AnonPages:       3054004 kB
Mapped:           695844 kB
Shmem:             13828 kB
KReclaimable:     587048 kB
Slab:             323336 kB
SReclaimable:      92676 kB
SUnreclaim:       230660 kB
KernelStack:       48304 kB
ShadowCallStack:   12116 kB
PageTables:        75056 kB
NFS_Unstable:          0 kB
Bounce:                0 kB
WritebackTmp:          0 kB
CommitLimit:     8677876 kB
Committed_AS:   70452124 kB
VmallocTotal:   263061440 kB
VmallocUsed:      131204 kB
VmallocChunk:          0 kB
Percpu:             2448 kB
CmaTotal:         405504 kB
CmaFree:               0 kB
MemTotal:        7918588 kB
MemFree:          733052 kB
MemAvailable:    2314252 kB
Buffers:            4488 kB
Cached:          1415440 kB
SwapCached:         8120 kB
Active:          3823980 kB
Inactive:         696924 kB
Active(anon):    3030468 kB
Inactive(anon):    89228 kB
Active(file):     793512 kB
Inactive(file):   607696 kB
Unevictable:        6612 kB
Mlocked:            6172 kB
SwapTotal:       4718584 kB
SwapFree:        3958848 kB
Dirty:               488 kB
Writeback:             0 kB
AnonPages:       3103316 kB
Mapped:           696344 kB
Shmem:             13832 kB
KReclaimable:     586600 kB
Slab:             323408 kB
SReclaimable:      92676 kB
SUnreclaim:       230732 kB
KernelStack:       48336 kB
ShadowCallStack:   12116 kB
PageTables:        75380 kB
NFS_Unstable:          0 kB
Bounce:                0 kB
WritebackTmp:          0 kB
CommitLimit:     8677876 kB
Committed_AS:   70566812 kB
VmallocTotal:   263061440 kB
VmallocUsed:      131208 kB
VmallocChunk:          0 kB
Percpu:             2448 kB
CmaTotal:         405504 kB
CmaFree:               0 kB
MemTotal:        7918588 kB
MemFree:          690920 kB
MemAvailable:    2271860 kB
Buffers:            4488 kB
Cached:          1415520 kB
SwapCached:         8120 kB
Active:          3864788 kB
Inactive:         696940 kB
Active(anon):    3071224 kB
Inactive(anon):    89228 kB
Active(file):     793564 kB
Inactive(file):   607712 kB
Unevictable:        6612 kB
Mlocked:            6172 kB
SwapTotal:       4718584 kB
SwapFree:        3959104 kB
Dirty:               492 kB
Writeback:             0 kB
AnonPages:       3143956 kB
Mapped:           696688 kB
Shmem:             13844 kB
KReclaimable:     586272 kB
Slab:             323456 kB
SReclaimable:      92676 kB
SUnreclaim:       230780 kB
KernelStack:       48432 kB
ShadowCallStack:   12140 kB
PageTables:        75504 kB
NFS_Unstable:          0 kB
Bounce:                0 kB
WritebackTmp:          0 kB
CommitLimit:     8677876 kB
Committed_AS:   70649052 kB
VmallocTotal:   263061440 kB
VmallocUsed:      131324 kB
VmallocChunk:          0 kB
Percpu:             2448 kB
CmaTotal:         405504 kB
CmaFree:               0 kB
MemTotal:        7918588 kB
MemFree:          623824 kB
MemAvailable:    2204028 kB
Buffers:            4488 kB
Cached:          1415520 kB
SwapCached:         8120 kB
Active:          3931872 kB
Inactive:         696936 kB
Active(anon):    3138308 kB
Inactive(anon):    89224 kB
Active(file):     793564 kB
Inactive(file):   607712 kB
Unevictable:        6612 kB
Mlocked:            6172 kB
SwapTotal:       4718584 kB
SwapFree:        3959104 kB
Dirty:               492 kB
Writeback:             0 kB
AnonPages:       3210924 kB
Mapped:           697216 kB
Shmem:             13844 kB
KReclaimable:     585536 kB
Slab:             323556 kB
SReclaimable:      92676 kB
SUnreclaim:       230880 kB
KernelStack:       48416 kB
ShadowCallStack:   12132 kB
PageTables:        75668 kB
NFS_Unstable:          0 kB
Bounce:                0 kB
WritebackTmp:          0 kB
CommitLimit:     8677876 kB
Committed_AS:   70780128 kB
VmallocTotal:   263061440 kB
VmallocUsed:      131332 kB
VmallocChunk:          0 kB
Percpu:             2448 kB
CmaTotal:         405504 kB
CmaFree:               0 kB
MemTotal:        7918588 kB
MemFree:          576736 kB
MemAvailable:    2156280 kB
Buffers:            4512 kB
Cached:          1415552 kB
SwapCached:         8120 kB
Active:          3979108 kB
Inactive:         697000 kB
Active(anon):    3185544 kB
Inactive(anon):    89236 kB
Active(file):     793564 kB
Inactive(file):   607764 kB
Unevictable:        6612 kB
Mlocked:            6172 kB
SwapTotal:       4718584 kB
SwapFree:        3959104 kB
Dirty:               580 kB
Writeback:             0 kB
AnonPages:       3258044 kB
Mapped:           697636 kB
Shmem:             13848 kB
KReclaimable:     584824 kB
Slab:             323580 kB
SReclaimable:      92676 kB
SUnreclaim:       230904 kB
KernelStack:       48432 kB
ShadowCallStack:   12148 kB
PageTables:        75948 kB
NFS_Unstable:          0 kB
Bounce:                0 kB
WritebackTmp:          0 kB
CommitLimit:     8677876 kB
Committed_AS:   70894816 kB
VmallocTotal:   263061440 kB
VmallocUsed:      131328 kB
VmallocChunk:          0 kB
Percpu:             2448 kB
CmaTotal:         405504 kB
CmaFree:               0 kB
MemTotal:        7918588 kB
MemFree:          521264 kB
MemAvailable:    2099816 kB
Buffers:            4512 kB
Cached:          1415556 kB
SwapCached:         8120 kB
Active:          4033476 kB
Inactive:         696996 kB
Active(anon):    3239912 kB
Inactive(anon):    89232 kB
Active(file):     793564 kB
Inactive(file):   607764 kB
Unevictable:        6612 kB
Mlocked:            6172 kB
SwapTotal:       4718584 kB
SwapFree:        3959104 kB
Dirty:               580 kB
Writeback:             0 kB
AnonPages:       3312724 kB
Mapped:           698240 kB
Shmem:             13852 kB
KReclaimable:     583832 kB
Slab:             323620 kB
SReclaimable:      92676 kB
SUnreclaim:       230944 kB
KernelStack:       48432 kB
ShadowCallStack:   12128 kB
PageTables:        76108 kB
NFS_Unstable:          0 kB
Bounce:                0 kB
WritebackTmp:          0 kB
CommitLimit:     8677876 kB
Committed_AS:   71009508 kB
VmallocTotal:   263061440 kB
VmallocUsed:      131328 kB
VmallocChunk:          0 kB
Percpu:             2448 kB
CmaTotal:         405504 kB
CmaFree:               0 kB
MemTotal:        7918588 kB
MemFree:          453328 kB
MemAvailable:    2031232 kB
Buffers:            4520 kB
Cached:          1415676 kB
SwapCached:         8120 kB
Active:          4101848 kB
Inactive:         697012 kB
Active(anon):    3308176 kB
Inactive(anon):    89228 kB
Active(file):     793672 kB
Inactive(file):   607784 kB
Unevictable:        6612 kB
Mlocked:            6172 kB
SwapTotal:       4718584 kB
SwapFree:        3959104 kB
Dirty:               332 kB
Writeback:            96 kB
AnonPages:       3380952 kB
Mapped:           698684 kB
Shmem:             13852 kB
KReclaimable:     583056 kB
Slab:             323740 kB
SReclaimable:      92676 kB
SUnreclaim:       231064 kB
KernelStack:       48448 kB
ShadowCallStack:   12128 kB
PageTables:        76600 kB
NFS_Unstable:          0 kB
Bounce:                0 kB
WritebackTmp:          0 kB
CommitLimit:     8677876 kB
Committed_AS:   71156912 kB
VmallocTotal:   263061440 kB
VmallocUsed:      131308 kB
VmallocChunk:          0 kB
Percpu:             2448 kB
CmaTotal:         405504 kB
CmaFree:               0 kB
MemTotal:        7918588 kB
MemFree:          420612 kB
MemAvailable:    1998204 kB
Buffers:            4520 kB
Cached:          1415676 kB
SwapCached:         8120 kB
Active:          4134104 kB
Inactive:         697016 kB
Active(anon):    3340432 kB
Inactive(anon):    89232 kB
Active(file):     793672 kB
Inactive(file):   607784 kB
Unevictable:        6612 kB
Mlocked:            6172 kB
SwapTotal:       4718584 kB
SwapFree:        3959104 kB
Dirty:               232 kB
Writeback:             0 kB
AnonPages:       3413168 kB
Mapped:           698960 kB
Shmem:             13852 kB
KReclaimable:     582744 kB
Slab:             323692 kB
SReclaimable:      92676 kB
SUnreclaim:       231016 kB
KernelStack:       48384 kB
ShadowCallStack:   12132 kB
PageTables:        76724 kB
NFS_Unstable:          0 kB
Bounce:                0 kB
WritebackTmp:          0 kB
CommitLimit:     8677876 kB
Committed_AS:   71238832 kB
VmallocTotal:   263061440 kB
VmallocUsed:      131308 kB
VmallocChunk:          0 kB
Percpu:             2448 kB
CmaTotal:         405504 kB
CmaFree:               0 kB
MemTotal:        7918588 kB
MemFree:          351652 kB
MemAvailable:    1928348 kB
Buffers:            4520 kB
Cached:          1415676 kB
SwapCached:         8120 kB
Active:          4204104 kB
Inactive:         697016 kB
Active(anon):    3410432 kB
Inactive(anon):    89232 kB
Active(file):     793672 kB
Inactive(file):   607784 kB
Unevictable:        6612 kB
Mlocked:            6172 kB
SwapTotal:       4718584 kB
SwapFree:        3959104 kB
Dirty:               168 kB
Writeback:             0 kB
AnonPages:       3483236 kB
Mapped:           699424 kB
Shmem:             13852 kB
KReclaimable:     581848 kB
Slab:             323736 kB
SReclaimable:      92644 kB
SUnreclaim:       231092 kB
KernelStack:       48368 kB
ShadowCallStack:   12132 kB
PageTables:        76880 kB
NFS_Unstable:          0 kB
Bounce:                0 kB
WritebackTmp:          0 kB
CommitLimit:     8677876 kB
Committed_AS:   71402632 kB
VmallocTotal:   263061440 kB
VmallocUsed:      131284 kB
VmallocChunk:          0 kB
Percpu:             2448 kB
CmaTotal:         405504 kB
CmaFree:               0 kB
MemTotal:        7918588 kB
MemFree:          310408 kB
MemAvailable:    1886456 kB
Buffers:            4528 kB
Cached:          1415668 kB
SwapCached:         8120 kB
Active:          4244148 kB
Inactive:         697016 kB
Active(anon):    3450476 kB
Inactive(anon):    89232 kB
Active(file):     793672 kB
Inactive(file):   607784 kB
Unevictable:        6612 kB
Mlocked:            6172 kB
SwapTotal:       4718584 kB
SwapFree:        3959104 kB
Dirty:               184 kB
Writeback:             0 kB
AnonPages:       3523268 kB
Mapped:           699748 kB
Shmem:             13852 kB
KReclaimable:     581200 kB
Slab:             323768 kB
SReclaimable:      92644 kB
SUnreclaim:       231124 kB
KernelStack:       48400 kB
ShadowCallStack:   12128 kB
PageTables:        77116 kB
NFS_Unstable:          0 kB
Bounce:                0 kB
WritebackTmp:          0 kB
CommitLimit:     8677876 kB
Committed_AS:   71468164 kB
VmallocTotal:   263061440 kB
VmallocUsed:      131276 kB
VmallocChunk:          0 kB
Percpu:             2448 kB
CmaTotal:         405504 kB
CmaFree:               0 kB
MemTotal:        7918588 kB
MemFree:          259796 kB
MemAvailable:    1835404 kB
Buffers:            4528 kB
Cached:          1415676 kB
SwapCached:         8120 kB
Active:          4293728 kB
Inactive:         697024 kB
Active(anon):    3500056 kB
Inactive(anon):    89232 kB
Active(file):     793672 kB
Inactive(file):   607792 kB
Unevictable:        6612 kB
Mlocked:            6172 kB
SwapTotal:       4718584 kB
SwapFree:        3959104 kB
Dirty:               188 kB
Writeback:             0 kB
AnonPages:       3572872 kB
Mapped:           700196 kB
Shmem:             13852 kB
KReclaimable:     580752 kB
Slab:             323832 kB
SReclaimable:      92644 kB
SUnreclaim:       231188 kB
KernelStack:       48368 kB
ShadowCallStack:   12132 kB
PageTables:        77392 kB
NFS_Unstable:          0 kB
Bounce:                0 kB
WritebackTmp:          0 kB
CommitLimit:     8677876 kB
Committed_AS:   71583012 kB
VmallocTotal:   263061440 kB
VmallocUsed:      131288 kB
VmallocChunk:          0 kB
Percpu:             2448 kB
CmaTotal:         405504 kB
CmaFree:               0 kB
MemTotal:        7918588 kB
MemFree:          198432 kB
MemAvailable:    1773272 kB
Buffers:            4552 kB
Cached:          1415684 kB
SwapCached:         8120 kB
Active:          4354884 kB
Inactive:         697056 kB
Active(anon):    3561212 kB
Inactive(anon):    89232 kB
Active(file):     793672 kB
Inactive(file):   607824 kB
Unevictable:        6612 kB
Mlocked:            6172 kB
SwapTotal:       4718584 kB
SwapFree:        3959104 kB
Dirty:               188 kB
Writeback:             0 kB
AnonPages:       3633976 kB
Mapped:           698288 kB
Shmem:             13852 kB
KReclaimable:     579952 kB
Slab:             323872 kB
SReclaimable:      92644 kB
SUnreclaim:       231228 kB
KernelStack:       48400 kB
ShadowCallStack:   12132 kB
PageTables:        77608 kB
NFS_Unstable:          0 kB
Bounce:                0 kB
WritebackTmp:          0 kB
CommitLimit:     8677876 kB
Committed_AS:   71730472 kB
VmallocTotal:   263061440 kB
VmallocUsed:      131288 kB
VmallocChunk:          0 kB
Percpu:             2448 kB
CmaTotal:         405504 kB
CmaFree:               0 kB
MemTotal:        7918588 kB
MemFree:          175888 kB
MemAvailable:    1750464 kB
Buffers:            4552 kB
Cached:          1415684 kB
SwapCached:         8120 kB
Active:          4377672 kB
Inactive:         697056 kB
Active(anon):    3584000 kB
Inactive(anon):    89232 kB
Active(file):     793672 kB
Inactive(file):   607824 kB
Unevictable:        6612 kB
Mlocked:            6172 kB
SwapTotal:       4718584 kB
SwapFree:        3959104 kB
Dirty:               188 kB
Writeback:             0 kB
AnonPages:       3656848 kB
Mapped:           698360 kB
Shmem:             13852 kB
KReclaimable:     579688 kB
Slab:             323888 kB
SReclaimable:      92644 kB
SUnreclaim:       231244 kB
KernelStack:       48368 kB
ShadowCallStack:   12136 kB
PageTables:        77760 kB
NFS_Unstable:          0 kB
Bounce:                0 kB
WritebackTmp:          0 kB
CommitLimit:     8677876 kB
Committed_AS:   71779628 kB
VmallocTotal:   263061440 kB
VmallocUsed:      131264 kB
VmallocChunk:          0 kB
Percpu:             2448 kB
CmaTotal:         405504 kB
CmaFree:               0 kB
MemTotal:        7918588 kB
MemFree:          180768 kB
MemAvailable:    1721248 kB
Buffers:            3564 kB
Cached:          1382236 kB
SwapCached:         8116 kB
Active:          4459432 kB
Inactive:         646284 kB
Active(anon):    3654724 kB
Inactive(anon):    83940 kB
Active(file):     804708 kB
Inactive(file):   562344 kB
Unevictable:        6612 kB
Mlocked:            6172 kB
SwapTotal:       4718584 kB
SwapFree:        3958848 kB
Dirty:               188 kB
Writeback:             0 kB
AnonPages:       3722144 kB
Mapped:           699100 kB
Shmem:             13860 kB
KReclaimable:     563652 kB
Slab:             321296 kB
SReclaimable:      90128 kB
SUnreclaim:       231168 kB
KernelStack:       48416 kB
ShadowCallStack:   12132 kB
PageTables:        78068 kB
NFS_Unstable:          0 kB
Bounce:                0 kB
WritebackTmp:          0 kB
CommitLimit:     8677876 kB
Committed_AS:   71927084 kB
VmallocTotal:   263061440 kB
VmallocUsed:      131288 kB
VmallocChunk:          0 kB
Percpu:             2448 kB
CmaTotal:         405504 kB
CmaFree:              80 kB
MemTotal:        7918588 kB
MemFree:          165316 kB
MemAvailable:    1664696 kB
Buffers:            3556 kB
Cached:          1347720 kB
SwapCached:         8116 kB
Active:          4513724 kB
Inactive:         611736 kB
Active(anon):    3708984 kB
Inactive(anon):    83948 kB
Active(file):     804740 kB
Inactive(file):   527788 kB
Unevictable:        6612 kB
Mlocked:            6172 kB
SwapTotal:       4718584 kB
SwapFree:        3958848 kB
Dirty:               192 kB
Writeback:             0 kB
AnonPages:       3776512 kB
Mapped:           699696 kB
Shmem:             13860 kB
KReclaimable:     557076 kB
Slab:             321212 kB
SReclaimable:      89960 kB
SUnreclaim:       231252 kB
KernelStack:       48384 kB
ShadowCallStack:   12136 kB
PageTables:        78264 kB
NFS_Unstable:          0 kB
Bounce:                0 kB
WritebackTmp:          0 kB
CommitLimit:     8677876 kB
Committed_AS:   72041772 kB
VmallocTotal:   263061440 kB
VmallocUsed:      131292 kB
VmallocChunk:          0 kB
Percpu:             2448 kB
CmaTotal:         405504 kB
CmaFree:               0 kB
MemTotal:        7918588 kB
MemFree:          167656 kB
MemAvailable:    1636032 kB
Buffers:            3536 kB
Cached:          1320880 kB
SwapCached:         8116 kB
Active:          4542316 kB
Inactive:         584872 kB
Active(anon):    3737576 kB
Inactive(anon):    83944 kB
Active(file):     804740 kB
Inactive(file):   500928 kB
Unevictable:        6612 kB
Mlocked:            6172 kB
SwapTotal:       4718584 kB
SwapFree:        3958848 kB
Dirty:               200 kB
Writeback:             0 kB
AnonPages:       3805196 kB
Mapped:           699752 kB
Shmem:             13860 kB
KReclaimable:     552932 kB
Slab:             321084 kB
SReclaimable:      89680 kB
SUnreclaim:       231404 kB
KernelStack:       48400 kB
ShadowCallStack:   12128 kB
PageTables:        78376 kB
NFS_Unstable:          0 kB
Bounce:                0 kB
WritebackTmp:          0 kB
CommitLimit:     8677876 kB
Committed_AS:   72107260 kB
VmallocTotal:   263061440 kB
VmallocUsed:      131264 kB
VmallocChunk:          0 kB
Percpu:             2448 kB
CmaTotal:         405504 kB
CmaFree:               0 kB
MemTotal:        7918588 kB
MemFree:          177064 kB
MemAvailable:    1565172 kB
Buffers:            3484 kB
Cached:          1257792 kB
SwapCached:         8116 kB
Active:          4656108 kB
Inactive:         477892 kB
Active(anon):    3807600 kB
Inactive(anon):    83948 kB
Active(file):     848508 kB
Inactive(file):   393944 kB
Unevictable:        6612 kB
Mlocked:            6172 kB
SwapTotal:       4718584 kB
SwapFree:        3958848 kB
Dirty:               220 kB
Writeback:             0 kB
AnonPages:       3875096 kB
Mapped:           689084 kB
Shmem:             13868 kB
KReclaimable:     535880 kB
Slab:             320604 kB
SReclaimable:      89220 kB
SUnreclaim:       231384 kB
KernelStack:       48400 kB
ShadowCallStack:   12132 kB
PageTables:        78464 kB
NFS_Unstable:          0 kB
Bounce:                0 kB
WritebackTmp:          0 kB
CommitLimit:     8677876 kB
Committed_AS:   72287652 kB
VmallocTotal:   263061440 kB
VmallocUsed:      131268 kB
VmallocChunk:          0 kB
Percpu:             2448 kB
CmaTotal:         405504 kB
CmaFree:               0 kB
MemTotal:        7918588 kB
MemFree:          168016 kB
MemAvailable:    1515812 kB
Buffers:            3484 kB
Cached:          1223616 kB
SwapCached:         8116 kB
Active:          4711892 kB
Inactive:         436804 kB
Active(anon):    3856368 kB
Inactive(anon):    83940 kB
Active(file):     855524 kB
Inactive(file):   352864 kB
Unevictable:        6612 kB
Mlocked:            6172 kB
SwapTotal:       4718584 kB
SwapFree:        3958848 kB
Dirty:               228 kB
Writeback:             0 kB
AnonPages:       3923768 kB
Mapped:           678672 kB
Shmem:             13868 kB
KReclaimable:     529632 kB
Slab:             320288 kB
SReclaimable:      88876 kB
SUnreclaim:       231412 kB
KernelStack:       48352 kB
ShadowCallStack:   12136 kB
PageTables:        79052 kB
NFS_Unstable:          0 kB
Bounce:                0 kB
WritebackTmp:          0 kB
CommitLimit:     8677876 kB
Committed_AS:   72369468 kB
VmallocTotal:   263061440 kB
VmallocUsed:      131212 kB
VmallocChunk:          0 kB
Percpu:             2448 kB
CmaTotal:         405504 kB
CmaFree:               0 kB
MemTotal:        7918588 kB
MemFree:          167896 kB
MemAvailable:    1475476 kB
Buffers:            3484 kB
Cached:          1190560 kB
SwapCached:         8116 kB
Active:          4763888 kB
Inactive:         391256 kB
Active(anon):    3895908 kB
Inactive(anon):    83948 kB
Active(file):     867980 kB
Inactive(file):   307308 kB
Unevictable:        6612 kB
Mlocked:            6172 kB
SwapTotal:       4718584 kB
SwapFree:        3958848 kB
Dirty:               228 kB
Writeback:             0 kB
AnonPages:       3963312 kB
Mapped:           666004 kB
Shmem:             13868 kB
KReclaimable:     522516 kB
Slab:             320104 kB
SReclaimable:      88680 kB
SUnreclaim:       231424 kB
KernelStack:       48352 kB
ShadowCallStack:   12120 kB
PageTables:        79032 kB
NFS_Unstable:          0 kB
Bounce:                0 kB
WritebackTmp:          0 kB
CommitLimit:     8677876 kB
Committed_AS:   72467772 kB
VmallocTotal:   263061440 kB
VmallocUsed:      131208 kB
VmallocChunk:          0 kB
Percpu:             2448 kB
CmaTotal:         405504 kB
CmaFree:               0 kB
MemTotal:        7918588 kB
MemFree:          169740 kB
MemAvailable:    1250896 kB
Buffers:            3420 kB
Cached:          1095660 kB
SwapCached:         8116 kB
Active:          4880904 kB
Inactive:         282028 kB
Active(anon):    3998720 kB
Inactive(anon):    83944 kB
Active(file):     882184 kB
Inactive(file):   198084 kB
Unevictable:        6612 kB
Mlocked:            6172 kB
SwapTotal:       4718584 kB
SwapFree:        3959104 kB
Dirty:               228 kB
Writeback:             0 kB
AnonPages:       4065996 kB
Mapped:           662544 kB
Shmem:             13936 kB
KReclaimable:     391112 kB
Slab:             318408 kB
SReclaimable:      86980 kB
SUnreclaim:       231428 kB
KernelStack:       48432 kB
ShadowCallStack:   12144 kB
PageTables:        79112 kB
NFS_Unstable:          0 kB
Bounce:                0 kB
WritebackTmp:          0 kB
CommitLimit:     8677876 kB
Committed_AS:   72599240 kB
VmallocTotal:   263061440 kB
VmallocUsed:      131404 kB
VmallocChunk:          0 kB
Percpu:             2448 kB
CmaTotal:         405504 kB
CmaFree:               0 kB
MemTotal:        7918588 kB
MemFree:          202200 kB
MemAvailable:    1369816 kB
Buffers:            3272 kB
Cached:          1064964 kB
SwapCached:         8116 kB
Active:          4882600 kB
Inactive:         251152 kB
Active(anon):    4000324 kB
Inactive(anon):    83948 kB
Active(file):     882276 kB
Inactive(file):   167204 kB
Unevictable:        6612 kB
Mlocked:            6172 kB
SwapTotal:       4718584 kB
SwapFree:        3959104 kB
Dirty:               240 kB
Writeback:             0 kB
AnonPages:       4067844 kB
Mapped:           662236 kB
Shmem:             13868 kB
KReclaimable:     508360 kB
Slab:             317752 kB
SReclaimable:      86252 kB
SUnreclaim:       231500 kB
KernelStack:       48320 kB
ShadowCallStack:   12120 kB
PageTables:        79456 kB
NFS_Unstable:          0 kB
Bounce:                0 kB
WritebackTmp:          0 kB
CommitLimit:     8677876 kB
Committed_AS:   72680712 kB
VmallocTotal:   263061440 kB
VmallocUsed:      131224 kB
VmallocChunk:          0 kB
Percpu:             2448 kB
CmaTotal:         405504 kB
CmaFree:             264 kB
MemTotal:        7918588 kB
MemFree:          165492 kB
MemAvailable:    1313856 kB
Buffers:            3304 kB
Cached:          1048420 kB
SwapCached:         8116 kB
Active:          4938816 kB
Inactive:         234724 kB
Active(anon):    4056536 kB
Inactive(anon):    83952 kB
Active(file):     882280 kB
Inactive(file):   150772 kB
Unevictable:        6612 kB
Mlocked:            6172 kB
SwapTotal:       4718584 kB
SwapFree:        3959104 kB
Dirty:               100 kB
Writeback:             8 kB
AnonPages:       4124000 kB
Mapped:           662624 kB
Shmem:             13868 kB
KReclaimable:     505536 kB
Slab:             317520 kB
SReclaimable:      86044 kB
SUnreclaim:       231476 kB
KernelStack:       48288 kB
ShadowCallStack:   12108 kB
PageTables:        79520 kB
NFS_Unstable:          0 kB
Bounce:                0 kB
WritebackTmp:          0 kB
CommitLimit:     8677876 kB
Committed_AS:   72795296 kB
VmallocTotal:   263061440 kB
VmallocUsed:      131168 kB
VmallocChunk:          0 kB
Percpu:             2448 kB
CmaTotal:         405504 kB
CmaFree:               0 kB
MemTotal:        7918588 kB
MemFree:          167348 kB
MemAvailable:    1253732 kB
Buffers:            3304 kB
Cached:           995876 kB
SwapCached:         8116 kB
Active:          4997564 kB
Inactive:         182076 kB
Active(anon):    4115276 kB
Inactive(anon):    83944 kB
Active(file):     882288 kB
Inactive(file):    98132 kB
Unevictable:        6612 kB
Mlocked:            6172 kB
SwapTotal:       4718584 kB
SwapFree:        3959104 kB
Dirty:                96 kB
Writeback:             0 kB
AnonPages:       4182812 kB
Mapped:           663112 kB
Shmem:             13872 kB
KReclaimable:     496188 kB
Slab:             316312 kB
SReclaimable:      84736 kB
SUnreclaim:       231576 kB
KernelStack:       48256 kB
ShadowCallStack:   12096 kB
PageTables:        80120 kB
NFS_Unstable:          0 kB
Bounce:                0 kB
WritebackTmp:          0 kB
CommitLimit:     8677876 kB
Committed_AS:   72942600 kB
VmallocTotal:   263061440 kB
VmallocUsed:      131108 kB
VmallocChunk:          0 kB
Percpu:             2448 kB
CmaTotal:         405504 kB
CmaFree:               4 kB
MemTotal:        7918588 kB
MemFree:          165848 kB
MemAvailable:    1225936 kB
Buffers:            1496 kB
Cached:           976824 kB
SwapCached:         8116 kB
Active:          5041192 kB
Inactive:         144792 kB
Active(anon):    4142368 kB
Inactive(anon):    83948 kB
Active(file):     898824 kB
Inactive(file):    60844 kB
Unevictable:        6612 kB
Mlocked:            6172 kB
SwapTotal:       4718584 kB
SwapFree:        3959104 kB
Dirty:                96 kB
Writeback:             0 kB
AnonPages:       4209792 kB
Mapped:           661064 kB
Shmem:             13872 kB
KReclaimable:     490644 kB
Slab:             315640 kB
SReclaimable:      84112 kB
SUnreclaim:       231528 kB
KernelStack:       48176 kB
ShadowCallStack:   12080 kB
PageTables:        79828 kB
NFS_Unstable:          0 kB
Bounce:                0 kB
WritebackTmp:          0 kB
CommitLimit:     8677876 kB
Committed_AS:   73007876 kB
VmallocTotal:   263061440 kB
VmallocUsed:      131008 kB
VmallocChunk:          0 kB
Percpu:             2448 kB
CmaTotal:         405504 kB
CmaFree:               0 kB
MemTotal:        7918588 kB
MemFree:          175548 kB
MemAvailable:    1150320 kB
Buffers:             436 kB
Cached:           935408 kB
SwapCached:         8096 kB
Active:           441912 kB
Inactive:        4765876 kB
Active(anon):     367948 kB
Inactive(anon):  3922748 kB
Active(file):      73964 kB
Inactive(file):   843128 kB
Unevictable:        6612 kB
Mlocked:            6172 kB
SwapTotal:       4718584 kB
SwapFree:        3953728 kB
Dirty:                96 kB
Writeback:             0 kB
AnonPages:       4274080 kB
Mapped:           649976 kB
Shmem:             13864 kB
KReclaimable:     456096 kB
Slab:             313208 kB
SReclaimable:      81628 kB
SUnreclaim:       231580 kB
KernelStack:       48160 kB
ShadowCallStack:   12072 kB
PageTables:        80348 kB
NFS_Unstable:          0 kB
Bounce:                0 kB
WritebackTmp:          0 kB
CommitLimit:     8677876 kB
Committed_AS:   73138948 kB
VmallocTotal:   263061440 kB
VmallocUsed:      131008 kB
VmallocChunk:          0 kB
Percpu:             2448 kB
CmaTotal:         405504 kB
CmaFree:               0 kB
MemTotal:        7918588 kB
MemFree:          174372 kB
MemAvailable:    1111704 kB
Buffers:             408 kB
Cached:           898880 kB
SwapCached:         8096 kB
Active:           517652 kB
Inactive:        4699880 kB
Active(anon):     422224 kB
Inactive(anon):  3914768 kB
Active(file):      95428 kB
Inactive(file):   785112 kB
Unevictable:        6612 kB
Mlocked:            6172 kB
SwapTotal:       4718584 kB
SwapFree:        3952448 kB
Dirty:               144 kB
Writeback:             0 kB
AnonPages:       4320476 kB
Mapped:           638048 kB
Shmem:             13860 kB
KReclaimable:     447016 kB
Slab:             313148 kB
SReclaimable:      81476 kB
SUnreclaim:       231672 kB
KernelStack:       48144 kB
ShadowCallStack:   12068 kB
PageTables:        80652 kB
NFS_Unstable:          0 kB
Bounce:                0 kB
WritebackTmp:          0 kB
CommitLimit:     8677876 kB
Committed_AS:   73237152 kB
VmallocTotal:   263061440 kB
VmallocUsed:      130984 kB
VmallocChunk:          0 kB
Percpu:             2448 kB
CmaTotal:         405504 kB
CmaFree:               0 kB
MemTotal:        7918588 kB
MemFree:          160772 kB
MemAvailable:    1034196 kB
Buffers:             416 kB
Cached:           884404 kB
SwapCached:         7932 kB
Active:           594260 kB
Inactive:        4638936 kB
Active(anon):     495556 kB
Inactive(anon):  3871412 kB
Active(file):      98704 kB
Inactive(file):   767524 kB
Unevictable:        6612 kB
Mlocked:            6172 kB
SwapTotal:       4718584 kB
SwapFree:        3934016 kB
Dirty:               200 kB
Writeback:             4 kB
AnonPages:       4350964 kB
Mapped:           631404 kB
Shmem:             13676 kB
KReclaimable:     438380 kB
Slab:             313264 kB
SReclaimable:      81464 kB
SUnreclaim:       231800 kB
KernelStack:       48080 kB
ShadowCallStack:   12052 kB
PageTables:        80728 kB
NFS_Unstable:          0 kB
Bounce:                0 kB
WritebackTmp:          0 kB
CommitLimit:     8677876 kB
Committed_AS:   73335248 kB
VmallocTotal:   263061440 kB
VmallocUsed:      130872 kB
VmallocChunk:          0 kB
Percpu:             2448 kB
CmaTotal:         405504 kB
CmaFree:               0 kB
MemTotal:        7918588 kB
MemFree:          170560 kB
MemAvailable:    1058624 kB
Buffers:             416 kB
Cached:           883992 kB
SwapCached:         2880 kB
Active:           810720 kB
Inactive:        4430404 kB
Active(anon):     712012 kB
Inactive(anon):  3662884 kB
Active(file):      98708 kB
Inactive(file):   767520 kB
Unevictable:        6612 kB
Mlocked:            6172 kB
SwapTotal:       4718584 kB
SwapFree:        3891008 kB
Dirty:               164 kB
Writeback:            36 kB
AnonPages:       4362748 kB
Mapped:           631416 kB
Shmem:             13284 kB
KReclaimable:     412060 kB
Slab:             313284 kB
SReclaimable:      81464 kB
SUnreclaim:       231820 kB
KernelStack:       48080 kB
ShadowCallStack:   12056 kB
PageTables:        80772 kB
NFS_Unstable:          0 kB
Bounce:                0 kB
WritebackTmp:          0 kB
CommitLimit:     8677876 kB
Committed_AS:   73466320 kB
VmallocTotal:   263061440 kB
VmallocUsed:      130892 kB
VmallocChunk:          0 kB
Percpu:             2448 kB
CmaTotal:         405504 kB
CmaFree:               0 kB
MemTotal:        7918588 kB
MemFree:          186948 kB
MemAvailable:    1004460 kB
Buffers:             416 kB
Cached:           883768 kB
SwapCached:         1928 kB
Active:          1000816 kB
Inactive:        4263768 kB
Active(anon):     901892 kB
Inactive(anon):  3496464 kB
Active(file):      98924 kB
Inactive(file):   767304 kB
Unevictable:        6612 kB
Mlocked:            6172 kB
SwapTotal:       4718584 kB
SwapFree:        3862336 kB
Dirty:                92 kB
Writeback:             0 kB
AnonPages:       4386988 kB
Mapped:           631660 kB
Shmem:             13068 kB
KReclaimable:     366084 kB
Slab:             313240 kB
SReclaimable:      81464 kB
SUnreclaim:       231776 kB
KernelStack:       48032 kB
ShadowCallStack:   12048 kB
PageTables:        81200 kB
NFS_Unstable:          0 kB
Bounce:                0 kB
WritebackTmp:          0 kB
CommitLimit:     8677876 kB
Committed_AS:   73564628 kB
VmallocTotal:   263061440 kB
VmallocUsed:      130884 kB
VmallocChunk:          0 kB
Percpu:             2448 kB
CmaTotal:         405504 kB
CmaFree:               0 kB
MemTotal:        7918588 kB
MemFree:          188452 kB
MemAvailable:     981532 kB
Buffers:             408 kB
Cached:           848352 kB
SwapCached:         1928 kB
Active:          1052640 kB
Inactive:        4222120 kB
Active(anon):     949976 kB
Inactive(anon):  3493980 kB
Active(file):     102664 kB
Inactive(file):   728140 kB
Unevictable:        6612 kB
Mlocked:            6172 kB
SwapTotal:       4718584 kB
SwapFree:        3862848 kB
Dirty:                92 kB
Writeback:             0 kB
AnonPages:       4432616 kB
Mapped:           615160 kB
Shmem:             13068 kB
KReclaimable:     352500 kB
Slab:             313252 kB
SReclaimable:      81464 kB
SUnreclaim:       231788 kB
KernelStack:       48080 kB
ShadowCallStack:   12060 kB
PageTables:        81424 kB
NFS_Unstable:          0 kB
Bounce:                0 kB
WritebackTmp:          0 kB
CommitLimit:     8677876 kB
Committed_AS:   73662932 kB
VmallocTotal:   263061440 kB
VmallocUsed:      130888 kB
VmallocChunk:          0 kB
Percpu:             2448 kB
CmaTotal:         405504 kB
CmaFree:               0 kB
MemTotal:        7918588 kB
MemFree:          171532 kB
MemAvailable:     923584 kB
Buffers:             412 kB
Cached:           820200 kB
SwapCached:         1928 kB
Active:          1125532 kB
Inactive:        4177980 kB
Active(anon):    1016036 kB
Inactive(anon):  3484916 kB
Active(file):     109496 kB
Inactive(file):   693064 kB
Unevictable:        6612 kB
Mlocked:            6172 kB
SwapTotal:       4718584 kB
SwapFree:        3863360 kB
Dirty:               128 kB
Writeback:             4 kB
AnonPages:       4489764 kB
Mapped:           602456 kB
Shmem:             13076 kB
KReclaimable:     339716 kB
Slab:             313224 kB
SReclaimable:      81464 kB
SUnreclaim:       231760 kB
KernelStack:       48064 kB
ShadowCallStack:   12044 kB
PageTables:        81568 kB
NFS_Unstable:          0 kB
Bounce:                0 kB
WritebackTmp:          0 kB
CommitLimit:     8677876 kB
Committed_AS:   73794008 kB
VmallocTotal:   263061440 kB
VmallocUsed:      130904 kB
VmallocChunk:          0 kB
Percpu:             2448 kB
CmaTotal:         405504 kB
CmaFree:               0 kB
MemTotal:        7918588 kB
MemFree:          162896 kB
MemAvailable:     882840 kB
Buffers:             436 kB
Cached:           820224 kB
SwapCached:         1928 kB
Active:          1297624 kB
Inactive:        4047176 kB
Active(anon):    1187984 kB
Inactive(anon):  3354124 kB
Active(file):     109640 kB
Inactive(file):   693052 kB
Unevictable:        6612 kB
Mlocked:            6172 kB
SwapTotal:       4718584 kB
SwapFree:        3863360 kB
Dirty:               192 kB
Writeback:             0 kB
AnonPages:       4530696 kB
Mapped:           602600 kB
Shmem:             13080 kB
KReclaimable:     307476 kB
Slab:             313304 kB
SReclaimable:      81464 kB
SUnreclaim:       231840 kB
KernelStack:       48080 kB
ShadowCallStack:   12052 kB
PageTables:        81824 kB
NFS_Unstable:          0 kB
Bounce:                0 kB
WritebackTmp:          0 kB
CommitLimit:     8677876 kB
Committed_AS:   73875928 kB
VmallocTotal:   263061440 kB
VmallocUsed:      130888 kB
VmallocChunk:          0 kB
Percpu:             2448 kB
CmaTotal:         405504 kB
CmaFree:               0 kB
MemTotal:        7918588 kB
MemFree:          174004 kB
MemAvailable:     821896 kB
Buffers:             436 kB
Cached:           820728 kB
SwapCached:         1916 kB
Active:          1880452 kB
Inactive:        3531240 kB
Active(anon):    1770272 kB
Inactive(anon):  2838220 kB
Active(file):     110180 kB
Inactive(file):   693020 kB
Unevictable:        6612 kB
Mlocked:            6172 kB
SwapTotal:       4718584 kB
SwapFree:        3860544 kB
Dirty:               192 kB
Writeback:             0 kB
AnonPages:       4597120 kB
Mapped:           603272 kB
Shmem:             13080 kB
KReclaimable:     227308 kB
Slab:             313332 kB
SReclaimable:      81464 kB
SUnreclaim:       231868 kB
KernelStack:       48080 kB
ShadowCallStack:   12052 kB
PageTables:        82004 kB
NFS_Unstable:          0 kB
Bounce:                0 kB
WritebackTmp:          0 kB
CommitLimit:     8677876 kB
Committed_AS:   74023812 kB
VmallocTotal:   263061440 kB
VmallocUsed:      130848 kB
VmallocChunk:          0 kB
Percpu:             2448 kB
CmaTotal:         405504 kB
CmaFree:               0 kB
MemTotal:        7918588 kB
MemFree:          170280 kB
MemAvailable:     799352 kB
Buffers:             436 kB
Cached:           820880 kB
SwapCached:         1912 kB
Active:          2418504 kB
Inactive:        3035540 kB
Active(anon):    2308188 kB
Inactive(anon):  2342520 kB
Active(file):     110316 kB
Inactive(file):   693020 kB
Unevictable:        6612 kB
Mlocked:            6172 kB
SwapTotal:       4718584 kB
SwapFree:        3859008 kB
Dirty:               192 kB
Writeback:             0 kB
AnonPages:       4639476 kB
Mapped:           603564 kB
Shmem:             13092 kB
KReclaimable:     189396 kB
Slab:             313272 kB
SReclaimable:      81464 kB
SUnreclaim:       231808 kB
KernelStack:       48048 kB
ShadowCallStack:   12052 kB
PageTables:        82296 kB
NFS_Unstable:          0 kB
Bounce:                0 kB
WritebackTmp:          0 kB
CommitLimit:     8677876 kB
Committed_AS:   74122116 kB
VmallocTotal:   263061440 kB
VmallocUsed:      130848 kB
VmallocChunk:          0 kB
Percpu:             2448 kB
CmaTotal:         405504 kB
CmaFree:               0 kB
MemTotal:        7918588 kB
MemFree:          220260 kB
MemAvailable:     839640 kB
Buffers:             436 kB
Cached:           821728 kB
SwapCached:         1904 kB
Active:          2956804 kB
Inactive:        2466440 kB
Active(anon):    2845632 kB
Inactive(anon):  1773420 kB
Active(file):     111172 kB
Inactive(file):   693020 kB
Unevictable:        6612 kB
Mlocked:            6172 kB
SwapTotal:       4718584 kB
SwapFree:        3777344 kB
Dirty:               192 kB
Writeback:             0 kB
AnonPages:       4607812 kB
Mapped:           603880 kB
Shmem:             13084 kB
KReclaimable:     168300 kB
Slab:             313260 kB
SReclaimable:      81464 kB
SUnreclaim:       231796 kB
KernelStack:       48016 kB
ShadowCallStack:   12048 kB
PageTables:        82516 kB
NFS_Unstable:          0 kB
Bounce:                0 kB
WritebackTmp:          0 kB
CommitLimit:     8677876 kB
Committed_AS:   74204036 kB
VmallocTotal:   263061440 kB
VmallocUsed:      130844 kB
VmallocChunk:          0 kB
Percpu:             2448 kB
CmaTotal:         405504 kB
CmaFree:              28 kB
MemTotal:        7918588 kB
MemFree:          171424 kB
MemAvailable:     791032 kB
Buffers:             448 kB
Cached:           822412 kB
SwapCached:         1904 kB
Active:          3019148 kB
Inactive:        2453388 kB
Active(anon):    2907460 kB
Inactive(anon):  1760192 kB
Active(file):     111688 kB
Inactive(file):   693196 kB
Unevictable:        6612 kB
Mlocked:            6172 kB
SwapTotal:       4718584 kB
SwapFree:        3768128 kB
Dirty:               208 kB
Writeback:             0 kB
AnonPages:       4656244 kB
Mapped:           604360 kB
Shmem:             13084 kB
KReclaimable:     167372 kB
Slab:             313340 kB
SReclaimable:      81464 kB
SUnreclaim:       231876 kB
KernelStack:       48032 kB
ShadowCallStack:   12040 kB
PageTables:        82724 kB
NFS_Unstable:          0 kB
Bounce:                0 kB
WritebackTmp:          0 kB
CommitLimit:     8677876 kB
Committed_AS:   74318724 kB
VmallocTotal:   263061440 kB
VmallocUsed:      130832 kB
VmallocChunk:          0 kB
Percpu:             2448 kB
CmaTotal:         405504 kB
CmaFree:               0 kB
MemTotal:        7918588 kB
MemFree:          167440 kB
MemAvailable:     786768 kB
Buffers:             456 kB
Cached:           822568 kB
SwapCached:         1904 kB
Active:          3071388 kB
Inactive:        2404320 kB
Active(anon):    2959668 kB
Inactive(anon):  1710988 kB
Active(file):     111720 kB
Inactive(file):   693332 kB
Unevictable:        6612 kB
Mlocked:            6172 kB
SwapTotal:       4718584 kB
SwapFree:        3720512 kB
Dirty:               336 kB
Writeback:             0 kB
AnonPages:       4659372 kB
Mapped:           604932 kB
Shmem:             13084 kB
KReclaimable:     166476 kB
Slab:             313444 kB
SReclaimable:      81400 kB
SUnreclaim:       232044 kB
KernelStack:       48048 kB
ShadowCallStack:   12044 kB
PageTables:        82916 kB
NFS_Unstable:          0 kB
Bounce:                0 kB
WritebackTmp:          0 kB
CommitLimit:     8677876 kB
Committed_AS:   74435984 kB
VmallocTotal:   263061440 kB
VmallocUsed:      130848 kB
VmallocChunk:          0 kB
Percpu:             2448 kB
CmaTotal:         405504 kB
CmaFree:               0 kB
MemTotal:        7918588 kB
MemFree:          165888 kB
MemAvailable:     789572 kB
Buffers:             472 kB
Cached:           828324 kB
SwapCached:         1904 kB
Active:          3137660 kB
Inactive:        2339748 kB
Active(anon):    3020208 kB
Inactive(anon):  1646380 kB
Active(file):     117452 kB
Inactive(file):   693368 kB
Unevictable:        6612 kB
Mlocked:            6172 kB
SwapTotal:       4718584 kB
SwapFree:        3659328 kB
Dirty:               340 kB
Writeback:             0 kB
AnonPages:       4655180 kB
Mapped:           606136 kB
Shmem:             13092 kB
KReclaimable:     163652 kB
Slab:             313452 kB
SReclaimable:      81400 kB
SUnreclaim:       232052 kB
KernelStack:       48048 kB
ShadowCallStack:   12040 kB
PageTables:        82872 kB
NFS_Unstable:          0 kB
Bounce:                0 kB
WritebackTmp:          0 kB
CommitLimit:     8677876 kB
Committed_AS:   74550676 kB
VmallocTotal:   263061440 kB
VmallocUsed:      130848 kB
VmallocChunk:          0 kB
Percpu:             2448 kB
CmaTotal:         405504 kB
CmaFree:               0 kB
MemTotal:        7918588 kB
MemFree:          170264 kB
MemAvailable:     793780 kB
Buffers:             472 kB
Cached:           828320 kB
SwapCached:         1904 kB
Active:          2957060 kB
Inactive:        2515980 kB
Active(anon):    2851328 kB
Inactive(anon):  1810892 kB
Active(file):     105732 kB
Inactive(file):   705088 kB
Unevictable:        6612 kB
Mlocked:            6172 kB
SwapTotal:       4718584 kB
SwapFree:        3604288 kB
Dirty:               340 kB
Writeback:             0 kB
AnonPages:       4650696 kB
Mapped:           606320 kB
Shmem:             13092 kB
KReclaimable:     163316 kB
Slab:             313608 kB
SReclaimable:      81400 kB
SUnreclaim:       232208 kB
KernelStack:       48048 kB
ShadowCallStack:   12040 kB
PageTables:        83528 kB
NFS_Unstable:          0 kB
Bounce:                0 kB
WritebackTmp:          0 kB
CommitLimit:     8677876 kB
Committed_AS:   74665364 kB
VmallocTotal:   263061440 kB
VmallocUsed:      130848 kB
VmallocChunk:          0 kB
Percpu:             2448 kB
CmaTotal:         405504 kB
CmaFree:               0 kB
MemTotal:        7918588 kB
MemFree:          168124 kB
MemAvailable:     791308 kB
Buffers:             472 kB
Cached:           828332 kB
SwapCached:         1884 kB
Active:          3001220 kB
Inactive:        2474300 kB
Active(anon):    2895488 kB
Inactive(anon):  1769208 kB
Active(file):     105732 kB
Inactive(file):   705092 kB
Unevictable:        6612 kB
Mlocked:            6172 kB
SwapTotal:       4718584 kB
SwapFree:        3565376 kB
Dirty:               344 kB
Writeback:             0 kB
AnonPages:       4653380 kB
Mapped:           606740 kB
Shmem:             13092 kB
KReclaimable:     162644 kB
Slab:             313616 kB
SReclaimable:      81400 kB
SUnreclaim:       232216 kB
KernelStack:       48048 kB
ShadowCallStack:   12044 kB
PageTables:        83584 kB
NFS_Unstable:          0 kB
Bounce:                0 kB
WritebackTmp:          0 kB
CommitLimit:     8677876 kB
Committed_AS:   74730904 kB
VmallocTotal:   263061440 kB
VmallocUsed:      130856 kB
VmallocChunk:          0 kB
Percpu:             2448 kB
CmaTotal:         405504 kB
CmaFree:               0 kB
MemTotal:        7918588 kB
MemFree:          268784 kB
MemAvailable:     834428 kB
Buffers:             472 kB
Cached:           829840 kB
SwapCached:         1888 kB
Active:          3128436 kB
Inactive:        2135076 kB
Active(anon):    3021312 kB
Inactive(anon):  1429924 kB
Active(file):     107124 kB
Inactive(file):   705152 kB
Unevictable:        6612 kB
Mlocked:            6172 kB
SwapTotal:       4718584 kB
SwapFree:        3245632 kB
Dirty:               208 kB
Writeback:            24 kB
AnonPages:       4440076 kB
Mapped:           607984 kB
Shmem:             13136 kB
KReclaimable:     151156 kB
Slab:             313824 kB
SReclaimable:      81400 kB
SUnreclaim:       232424 kB
KernelStack:       48288 kB
ShadowCallStack:   12064 kB
PageTables:        83976 kB
NFS_Unstable:          0 kB
Bounce:                0 kB
WritebackTmp:          0 kB
CommitLimit:     8677876 kB
Committed_AS:   74878760 kB
VmallocTotal:   263061440 kB
VmallocUsed:      131156 kB
VmallocChunk:          0 kB
Percpu:             2448 kB
CmaTotal:         405504 kB
CmaFree:               0 kB
MemTotal:        7918588 kB
MemFree:          254580 kB
MemAvailable:     820380 kB
Buffers:             508 kB
Cached:           830592 kB
SwapCached:         1888 kB
Active:          3172160 kB
Inactive:        2107412 kB
Active(anon):    3064440 kB
Inactive(anon):  1402188 kB
Active(file):     107720 kB
Inactive(file):   705224 kB
Unevictable:        6612 kB
Mlocked:            6172 kB
SwapTotal:       4718584 kB
SwapFree:        3220032 kB
Dirty:               224 kB
Writeback:             0 kB
AnonPages:       4455340 kB
Mapped:           608412 kB
Shmem:             13268 kB
KReclaimable:     150132 kB
Slab:             313740 kB
SReclaimable:      81400 kB
SUnreclaim:       232340 kB
KernelStack:       48272 kB
ShadowCallStack:   12100 kB
PageTables:        84124 kB
NFS_Unstable:          0 kB
Bounce:                0 kB
WritebackTmp:          0 kB
CommitLimit:     8677876 kB
Committed_AS:   74960728 kB
VmallocTotal:   263061440 kB
VmallocUsed:      131176 kB
VmallocChunk:          0 kB
Percpu:             2448 kB
CmaTotal:         405504 kB
CmaFree:               0 kB
MemTotal:        7918588 kB
MemFree:          233224 kB
MemAvailable:     859632 kB
Buffers:             508 kB
Cached:           830608 kB
SwapCached:         1916 kB
Active:          3193108 kB
Inactive:        2106168 kB
Active(anon):    3085388 kB
Inactive(anon):  1400772 kB
Active(file):     107720 kB
Inactive(file):   705396 kB
Unevictable:        6612 kB
Mlocked:            6172 kB
SwapTotal:       4718584 kB
SwapFree:        3221568 kB
Dirty:               268 kB
Writeback:             0 kB
AnonPages:       4474784 kB
Mapped:           608280 kB
Shmem:             13112 kB
KReclaimable:     271004 kB
Slab:             313712 kB
SReclaimable:      81432 kB
SUnreclaim:       232280 kB
KernelStack:       48112 kB
ShadowCallStack:   12056 kB
PageTables:        84100 kB
NFS_Unstable:          0 kB
Bounce:                0 kB
WritebackTmp:          0 kB
CommitLimit:     8677876 kB
Committed_AS:   75091360 kB
VmallocTotal:   263061440 kB
VmallocUsed:      130984 kB
VmallocChunk:          0 kB
Percpu:             2448 kB
CmaTotal:         405504 kB
CmaFree:             152 kB
MemTotal:        7918588 kB
MemFree:          184396 kB
MemAvailable:     878408 kB
Buffers:             508 kB
Cached:           831784 kB
SwapCached:         1916 kB
Active:          3245984 kB
Inactive:        2101996 kB
Active(anon):    3137204 kB
Inactive(anon):  1396488 kB
Active(file):     108780 kB
Inactive(file):   705508 kB
Unevictable:        6612 kB
Mlocked:            6172 kB
SwapTotal:       4718584 kB
SwapFree:        3217984 kB
Dirty:               304 kB
Writeback:             0 kB
AnonPages:       4522320 kB
Mapped:           608628 kB
Shmem:             13116 kB
KReclaimable:     269948 kB
Slab:             313696 kB
SReclaimable:      81448 kB
SUnreclaim:       232248 kB
KernelStack:       48128 kB
ShadowCallStack:   12072 kB
PageTables:        84292 kB
NFS_Unstable:          0 kB
Bounce:                0 kB
WritebackTmp:          0 kB
CommitLimit:     8677876 kB
Committed_AS:   75222432 kB
VmallocTotal:   263061440 kB
VmallocUsed:      130988 kB
VmallocChunk:          0 kB
Percpu:             2448 kB
CmaTotal:         405504 kB
CmaFree:             216 kB
MemTotal:        7918588 kB
MemFree:          135416 kB
MemAvailable:     828940 kB
Buffers:             508 kB
Cached:           831784 kB
SwapCached:         1916 kB
Active:          3296108 kB
Inactive:        2101992 kB
Active(anon):    3187328 kB
Inactive(anon):  1396484 kB
Active(file):     108780 kB
Inactive(file):   705508 kB
Unevictable:        6612 kB
Mlocked:            6172 kB
SwapTotal:       4718584 kB
SwapFree:        3217984 kB
Dirty:               304 kB
Writeback:             0 kB
AnonPages:       4572560 kB
Mapped:           609000 kB
Shmem:             13116 kB
KReclaimable:     269460 kB
Slab:             313752 kB
SReclaimable:      81448 kB
SUnreclaim:       232304 kB
KernelStack:       48128 kB
ShadowCallStack:   12064 kB
PageTables:        84716 kB
NFS_Unstable:          0 kB
Bounce:                0 kB
WritebackTmp:          0 kB
CommitLimit:     8677876 kB
Committed_AS:   75320736 kB
VmallocTotal:   263061440 kB
VmallocUsed:      130968 kB
VmallocChunk:          0 kB
Percpu:             2448 kB
CmaTotal:         405504 kB
CmaFree:             216 kB
MemTotal:        7918588 kB
MemFree:          133400 kB
MemAvailable:     823512 kB
Buffers:             512 kB
Cached:           831828 kB
SwapCached:         1916 kB
Active:          3369388 kB
Inactive:        2029508 kB
Active(anon):    3260608 kB
Inactive(anon):  1323988 kB
Active(file):     108780 kB
Inactive(file):   705520 kB
Unevictable:        6612 kB
Mlocked:            6172 kB
SwapTotal:       4718584 kB
SwapFree:        3152192 kB
Dirty:               116 kB
Writeback:             0 kB
AnonPages:       4573396 kB
Mapped:           609576 kB
Shmem:             13156 kB
KReclaimable:     266036 kB
Slab:             313692 kB
SReclaimable:      81448 kB
SUnreclaim:       232244 kB
KernelStack:       48160 kB
ShadowCallStack:   12080 kB
PageTables:        84968 kB
NFS_Unstable:          0 kB
Bounce:                0 kB
WritebackTmp:          0 kB
CommitLimit:     8677876 kB
Committed_AS:   75451832 kB
VmallocTotal:   263061440 kB
VmallocUsed:      130972 kB
VmallocChunk:          0 kB
Percpu:             2448 kB
CmaTotal:         405504 kB
CmaFree:             216 kB
MemTotal:        7918588 kB
MemFree:          131580 kB
MemAvailable:     819184 kB
Buffers:             512 kB
Cached:           832180 kB
SwapCached:         1916 kB
Active:          3422804 kB
Inactive:        1981696 kB
Active(anon):    3313676 kB
Inactive(anon):  1276172 kB
Active(file):     109128 kB
Inactive(file):   705524 kB
Unevictable:        6612 kB
Mlocked:            6172 kB
SwapTotal:       4718584 kB
SwapFree:        3108672 kB
Dirty:               116 kB
Writeback:             0 kB
AnonPages:       4578384 kB
Mapped:           609924 kB
Shmem:             13156 kB
KReclaimable:     263176 kB
Slab:             313696 kB
SReclaimable:      81448 kB
SUnreclaim:       232248 kB
KernelStack:       48112 kB
ShadowCallStack:   12064 kB
PageTables:        84948 kB
NFS_Unstable:          0 kB
Bounce:                0 kB
WritebackTmp:          0 kB
CommitLimit:     8677876 kB
Committed_AS:   75550136 kB
VmallocTotal:   263061440 kB
VmallocUsed:      130956 kB
VmallocChunk:          0 kB
Percpu:             2448 kB
CmaTotal:         405504 kB
CmaFree:             292 kB
MemTotal:        7918588 kB
MemFree:          129692 kB
MemAvailable:     813828 kB
Buffers:             520 kB
Cached:           831980 kB
SwapCached:         1732 kB
Active:          3510024 kB
Inactive:        1895100 kB
Active(anon):    3400896 kB
Inactive(anon):  1189560 kB
Active(file):     109128 kB
Inactive(file):   705540 kB
Unevictable:        6612 kB
Mlocked:            6172 kB
SwapTotal:       4718584 kB
SwapFree:        3068480 kB
Dirty:               196 kB
Writeback:             0 kB
AnonPages:       4579300 kB
Mapped:           610044 kB
Shmem:             12944 kB
KReclaimable:     259692 kB
Slab:             313748 kB
SReclaimable:      81448 kB
SUnreclaim:       232300 kB
KernelStack:       48144 kB
ShadowCallStack:   12076 kB
PageTables:        85360 kB
NFS_Unstable:          0 kB
Bounce:                0 kB
WritebackTmp:          0 kB
CommitLimit:     8677876 kB
Committed_AS:   75648408 kB
VmallocTotal:   263061440 kB
VmallocUsed:      130968 kB
VmallocChunk:          0 kB
Percpu:             2448 kB
CmaTotal:         405504 kB
CmaFree:             332 kB
MemTotal:        7918588 kB
MemFree:          340184 kB
MemAvailable:    1009928 kB
Buffers:             520 kB
Cached:           831948 kB
SwapCached:         1716 kB
Active:          3581304 kB
Inactive:        1618460 kB
Active(anon):    3472176 kB
Inactive(anon):   912920 kB
Active(file):     109128 kB
Inactive(file):   705540 kB
Unevictable:        6612 kB
Mlocked:            6172 kB
SwapTotal:       4718584 kB
SwapFree:        2804544 kB
Dirty:               196 kB
Writeback:             0 kB
AnonPages:       4373940 kB
Mapped:           610444 kB
Shmem:             12912 kB
KReclaimable:     245300 kB
Slab:             313920 kB
SReclaimable:      81608 kB
SUnreclaim:       232312 kB
KernelStack:       48112 kB
ShadowCallStack:   12068 kB
PageTables:        85472 kB
NFS_Unstable:          0 kB
Bounce:                0 kB
WritebackTmp:          0 kB
CommitLimit:     8677876 kB
Committed_AS:   75779480 kB
VmallocTotal:   263061440 kB
VmallocUsed:      130988 kB
VmallocChunk:          0 kB
Percpu:             2448 kB
CmaTotal:         405504 kB
CmaFree:          182876 kB
MemTotal:        7918588 kB
MemFree:          308456 kB
MemAvailable:     977840 kB
Buffers:             520 kB
Cached:           831948 kB
SwapCached:         1716 kB
Active:          3614704 kB
Inactive:        1617164 kB
Active(anon):    3505576 kB
Inactive(anon):   911624 kB
Active(file):     109128 kB
Inactive(file):   705540 kB
Unevictable:        6612 kB
Mlocked:            6172 kB
SwapTotal:       4718584 kB
SwapFree:        2803520 kB
Dirty:               196 kB
Writeback:             0 kB
AnonPages:       4406016 kB
Mapped:           610720 kB
Shmem:             12912 kB
KReclaimable:     244940 kB
Slab:             314060 kB
SReclaimable:      81608 kB
SUnreclaim:       232452 kB
KernelStack:       48192 kB
ShadowCallStack:   12072 kB
PageTables:        85604 kB
NFS_Unstable:          0 kB
Bounce:                0 kB
WritebackTmp:          0 kB
CommitLimit:     8677876 kB
Committed_AS:   75845020 kB
VmallocTotal:   263061440 kB
VmallocUsed:      130968 kB
VmallocChunk:          0 kB
Percpu:             2448 kB
CmaTotal:         405504 kB
CmaFree:          151248 kB
MemTotal:        7918588 kB
MemFree:          262544 kB
MemAvailable:     930436 kB
Buffers:             652 kB
Cached:           832164 kB
SwapCached:         1716 kB
Active:          3681600 kB
Inactive:        1597200 kB
Active(anon):    3572268 kB
Inactive(anon):   891516 kB
Active(file):     109332 kB
Inactive(file):   705684 kB
Unevictable:        6612 kB
Mlocked:            6172 kB
SwapTotal:       4718584 kB
SwapFree:        2784320 kB
Dirty:               208 kB
Writeback:             0 kB
AnonPages:       4452648 kB
Mapped:           611224 kB
Shmem:             12912 kB
KReclaimable:     243100 kB
Slab:             314128 kB
SReclaimable:      81640 kB
SUnreclaim:       232488 kB
KernelStack:       48160 kB
ShadowCallStack:   12072 kB
PageTables:        86032 kB
NFS_Unstable:          0 kB
Bounce:                0 kB
WritebackTmp:          0 kB
CommitLimit:     8677876 kB
Committed_AS:   75992472 kB
VmallocTotal:   263061440 kB
VmallocUsed:      130972 kB
VmallocChunk:          0 kB
Percpu:             2448 kB
CmaTotal:         405504 kB
CmaFree:          103164 kB
MemTotal:        7918588 kB
MemFree:          200260 kB
MemAvailable:     867572 kB
Buffers:             660 kB
Cached:           832164 kB
SwapCached:         1716 kB
Active:          3743300 kB
Inactive:        1597196 kB
Active(anon):    3633968 kB
Inactive(anon):   891504 kB
Active(file):     109332 kB
Inactive(file):   705692 kB
Unevictable:        6612 kB
Mlocked:            6172 kB
SwapTotal:       4718584 kB
SwapFree:        2784320 kB
Dirty:               212 kB
Writeback:             0 kB
AnonPages:       4514376 kB
Mapped:           611588 kB
Shmem:             12912 kB
KReclaimable:     242500 kB
Slab:             314140 kB
SReclaimable:      81656 kB
SUnreclaim:       232484 kB
KernelStack:       48160 kB
ShadowCallStack:   12076 kB
PageTables:        86032 kB
NFS_Unstable:          0 kB
Bounce:                0 kB
WritebackTmp:          0 kB
CommitLimit:     8677876 kB
Committed_AS:   76107108 kB
VmallocTotal:   263061440 kB
VmallocUsed:      130952 kB
VmallocChunk:          0 kB
Percpu:             2448 kB
CmaTotal:         405504 kB
CmaFree:           42092 kB
MemTotal:        7918588 kB
MemFree:          172888 kB
MemAvailable:     840024 kB
Buffers:             684 kB
Cached:           832164 kB
SwapCached:         1716 kB
Active:          3770020 kB
Inactive:        1597212 kB
Active(anon):    3660688 kB
Inactive(anon):   891496 kB
Active(file):     109332 kB
Inactive(file):   705716 kB
Unevictable:        6612 kB
Mlocked:            6172 kB
SwapTotal:       4718584 kB
SwapFree:        2784320 kB
Dirty:               216 kB
Writeback:             0 kB
AnonPages:       4541092 kB
Mapped:           611848 kB
Shmem:             12912 kB
KReclaimable:     242100 kB
Slab:             314192 kB
SReclaimable:      81656 kB
SUnreclaim:       232536 kB
KernelStack:       48128 kB
ShadowCallStack:   12064 kB
PageTables:        86348 kB
NFS_Unstable:          0 kB
Bounce:                0 kB
WritebackTmp:          0 kB
CommitLimit:     8677876 kB
Committed_AS:   76156260 kB
VmallocTotal:   263061440 kB
VmallocUsed:      130964 kB
VmallocChunk:          0 kB
Percpu:             2448 kB
CmaTotal:         405504 kB
CmaFree:           14696 kB
MemTotal:        7918588 kB
MemFree:          146228 kB
MemAvailable:     813500 kB
Buffers:             684 kB
Cached:           833220 kB
SwapCached:         1716 kB
Active:          3835956 kB
Inactive:        1560164 kB
Active(anon):    3725552 kB
Inactive(anon):   854448 kB
Active(file):     110404 kB
Inactive(file):   705716 kB
Unevictable:        6612 kB
Mlocked:            6172 kB
SwapTotal:       4718584 kB
SwapFree:        2748736 kB
Dirty:               216 kB
Writeback:             0 kB
AnonPages:       4568880 kB
Mapped:           612592 kB
Shmem:             12916 kB
KReclaimable:     240228 kB
Slab:             314184 kB
SReclaimable:      81720 kB
SUnreclaim:       232464 kB
KernelStack:       48144 kB
ShadowCallStack:   12064 kB
PageTables:        86364 kB
NFS_Unstable:          0 kB
Bounce:                0 kB
WritebackTmp:          0 kB
CommitLimit:     8677876 kB
Committed_AS:   76287332 kB
VmallocTotal:   263061440 kB
VmallocUsed:      130964 kB
VmallocChunk:          0 kB
Percpu:             2448 kB
CmaTotal:         405504 kB
CmaFree:               0 kB
MemTotal:        7918588 kB
MemFree:          131596 kB
MemAvailable:     803280 kB
Buffers:             684 kB
Cached:           838664 kB
SwapCached:         1784 kB
Active:          3907288 kB
Inactive:        1504100 kB
Active(anon):    3791508 kB
Inactive(anon):   798356 kB
Active(file):     115780 kB
Inactive(file):   705744 kB
Unevictable:        6612 kB
Mlocked:            6172 kB
SwapTotal:       4718584 kB
SwapFree:        2694976 kB
Dirty:               148 kB
Writeback:             0 kB
AnonPages:       4578464 kB
Mapped:           614704 kB
Shmem:             12948 kB
KReclaimable:     238244 kB
Slab:             314332 kB
SReclaimable:      81848 kB
SUnreclaim:       232484 kB
KernelStack:       48000 kB
ShadowCallStack:   12064 kB
PageTables:        86616 kB
NFS_Unstable:          0 kB
Bounce:                0 kB
WritebackTmp:          0 kB
CommitLimit:     8677876 kB
Committed_AS:   76402036 kB
VmallocTotal:   263061440 kB
VmallocUsed:      130772 kB
VmallocChunk:          0 kB
Percpu:             2448 kB
CmaTotal:         405504 kB
CmaFree:               0 kB
MemTotal:        7918588 kB
MemFree:          126904 kB
MemAvailable:     798316 kB
Buffers:             684 kB
Cached:           838948 kB
SwapCached:         1824 kB
Active:          3936040 kB
Inactive:        1481556 kB
Active(anon):    3820036 kB
Inactive(anon):   775796 kB
Active(file):     116004 kB
Inactive(file):   705760 kB
Unevictable:        6612 kB
Mlocked:            6172 kB
SwapTotal:       4718584 kB
SwapFree:        2674240 kB
Dirty:               156 kB
Writeback:             8 kB
AnonPages:       4584700 kB
