MemTotal:        7918588 kB
MemFree:         3656588 kB
MemAvailable:    4340584 kB
Buffers:            3900 kB
Cached:           708712 kB
SwapCached:        19068 kB
Active:          1301936 kB
Inactive:         290604 kB
Active(anon):     717264 kB
Inactive(anon):   185064 kB
Active(file):     584672 kB
Inactive(file):   105540 kB
Unevictable:        6440 kB
Mlocked:            6000 kB
SwapTotal:       4718584 kB
SwapFree:        3378580 kB
Dirty:               424 kB
Writeback:             0 kB
AnonPages:        876592 kB
Mapped:           389592 kB
Shmem:             17684 kB
KReclaimable:     400392 kB
Slab:             310140 kB
SReclaimable:      81260 kB
SUnreclaim:       228880 kB
KernelStack:       47712 kB
ShadowCallStack:   11976 kB
PageTables:        65124 kB
NFS_Unstable:          0 kB
Bounce:                0 kB
WritebackTmp:          0 kB
CommitLimit:     8677876 kB
Committed_AS:   66831004 kB
VmallocTotal:   263061440 kB
VmallocUsed:      130784 kB
VmallocChunk:          0 kB
Percpu:             2592 kB
CmaTotal:         405504 kB
CmaFree:          289536 kB
MemTotal:        7918588 kB
MemFree:         3641720 kB
MemAvailable:    4335284 kB
Buffers:            4036 kB
Cached:           719564 kB
SwapCached:        19372 kB
Active:          1318796 kB
Inactive:         290260 kB
Active(anon):     723408 kB
Inactive(anon):   184532 kB
Active(file):     595388 kB
Inactive(file):   105728 kB
Unevictable:        6440 kB
Mlocked:            6000 kB
SwapTotal:       4718584 kB
SwapFree:        3380116 kB
Dirty:               596 kB
Writeback:             0 kB
AnonPages:        882032 kB
Mapped:           399772 kB
Shmem:             17748 kB
KReclaimable:     399056 kB
Slab:             310388 kB
SReclaimable:      81260 kB
SUnreclaim:       229128 kB
KernelStack:       47808 kB
ShadowCallStack:   11984 kB
PageTables:        65516 kB
NFS_Unstable:          0 kB
Bounce:                0 kB
WritebackTmp:          0 kB
CommitLimit:     8677876 kB
Committed_AS:   66848420 kB
VmallocTotal:   263061440 kB
VmallocUsed:      130816 kB
VmallocChunk:          0 kB
Percpu:             2592 kB
CmaTotal:         405504 kB
CmaFree:          289536 kB
MemTotal:        7918588 kB
MemFree:         3750868 kB
MemAvailable:    4586560 kB
Buffers:            4088 kB
Cached:           785748 kB
SwapCached:        19980 kB
Active:          1207912 kB
Inactive:         290548 kB
Active(anon):     546608 kB
Inactive(anon):   184460 kB
Active(file):     661304 kB
Inactive(file):   106088 kB
Unevictable:        6440 kB
Mlocked:            6000 kB
SwapTotal:       4718584 kB
SwapFree:        3381908 kB
Dirty:               100 kB
Writeback:             0 kB
AnonPages:        704752 kB
Mapped:           449048 kB
Shmem:             17732 kB
KReclaimable:     474908 kB
Slab:             310456 kB
SReclaimable:      81100 kB
SUnreclaim:       229356 kB
KernelStack:       47840 kB
ShadowCallStack:   11992 kB
PageTables:        65500 kB
NFS_Unstable:          0 kB
Bounce:                0 kB
WritebackTmp:          0 kB
CommitLimit:     8677876 kB
Committed_AS:   67018016 kB
VmallocTotal:   263061440 kB
VmallocUsed:      130832 kB
VmallocChunk:          0 kB
Percpu:             2592 kB
CmaTotal:         405504 kB
CmaFree:          289536 kB
MemTotal:        7918588 kB
MemFree:         3608792 kB
MemAvailable:    4893244 kB
Buffers:            4096 kB
Cached:           897324 kB
SwapCached:        20444 kB
Active:          1345232 kB
Inactive:         296220 kB
Active(anon):     578164 kB
Inactive(anon):   184400 kB
Active(file):     767068 kB
Inactive(file):   111820 kB
Unevictable:        6440 kB
Mlocked:            6000 kB
SwapTotal:       4718584 kB
SwapFree:        3381908 kB
Dirty:               128 kB
Writeback:             0 kB
AnonPages:        736240 kB
Mapped:           507288 kB
Shmem:             17796 kB
KReclaimable:     812172 kB
Slab:             309984 kB
SReclaimable:      81108 kB
SUnreclaim:       228876 kB
KernelStack:       48128 kB
ShadowCallStack:   12044 kB
PageTables:        65848 kB
NFS_Unstable:          0 kB
Bounce:                0 kB
WritebackTmp:          0 kB
CommitLimit:     8677876 kB
Committed_AS:   67133216 kB
VmallocTotal:   263061440 kB
VmallocUsed:      131176 kB
VmallocChunk:          0 kB
Percpu:             2592 kB
CmaTotal:         405504 kB
CmaFree:          289536 kB
MemTotal:        7918588 kB
MemFree:         3544860 kB
MemAvailable:    4605548 kB
Buffers:            4132 kB
Cached:           917564 kB
SwapCached:        20620 kB
Active:          1402832 kB
Inactive:         298208 kB
Active(anon):     618036 kB
Inactive(anon):   184372 kB
Active(file):     784796 kB
Inactive(file):   113836 kB
Unevictable:        6440 kB
Mlocked:            6000 kB
SwapTotal:       4718584 kB
SwapFree:        3382676 kB
Dirty:               244 kB
Writeback:             8 kB
AnonPages:        775272 kB
Mapped:           539880 kB
Shmem:             18372 kB
KReclaimable:     568664 kB
Slab:             310460 kB
SReclaimable:      81080 kB
SUnreclaim:       229380 kB
KernelStack:       48592 kB
ShadowCallStack:   12212 kB
PageTables:        66684 kB
NFS_Unstable:          0 kB
Bounce:                0 kB
WritebackTmp:          0 kB
CommitLimit:     8677876 kB
Committed_AS:   67186204 kB
VmallocTotal:   263061440 kB
VmallocUsed:      131732 kB
VmallocChunk:          0 kB
Percpu:             2592 kB
CmaTotal:         405504 kB
CmaFree:          289536 kB
MemTotal:        7918588 kB
MemFree:         3539464 kB
MemAvailable:    4600192 kB
Buffers:            4140 kB
Cached:           917588 kB
SwapCached:        20620 kB
Active:          1407032 kB
Inactive:         298216 kB
Active(anon):     622236 kB
Inactive(anon):   184340 kB
Active(file):     784796 kB
Inactive(file):   113876 kB
Unevictable:        6440 kB
Mlocked:            6000 kB
SwapTotal:       4718584 kB
SwapFree:        3382676 kB
Dirty:               372 kB
Writeback:             0 kB
AnonPages:        779576 kB
Mapped:           540624 kB
Shmem:             18340 kB
KReclaimable:     568664 kB
Slab:             310712 kB
SReclaimable:      81080 kB
SUnreclaim:       229632 kB
KernelStack:       48592 kB
ShadowCallStack:   12180 kB
PageTables:        66684 kB
NFS_Unstable:          0 kB
Bounce:                0 kB
WritebackTmp:          0 kB
CommitLimit:     8677876 kB
Committed_AS:   67186200 kB
VmallocTotal:   263061440 kB
VmallocUsed:      131772 kB
VmallocChunk:          0 kB
Percpu:             2592 kB
CmaTotal:         405504 kB
CmaFree:          289536 kB
MemTotal:        7918588 kB
MemFree:         3539716 kB
MemAvailable:    4599708 kB
Buffers:            4140 kB
Cached:           917588 kB
SwapCached:        20620 kB
Active:          1409672 kB
Inactive:         298216 kB
Active(anon):     624876 kB
Inactive(anon):   184340 kB
Active(file):     784796 kB
Inactive(file):   113876 kB
Unevictable:        6440 kB
Mlocked:            6000 kB
SwapTotal:       4718584 kB
SwapFree:        3382676 kB
Dirty:               376 kB
Writeback:             0 kB
AnonPages:        782048 kB
Mapped:           541188 kB
Shmem:             18340 kB
KReclaimable:     567928 kB
Slab:             310632 kB
SReclaimable:      81112 kB
SUnreclaim:       229520 kB
KernelStack:       48592 kB
ShadowCallStack:   12180 kB
PageTables:        66764 kB
NFS_Unstable:          0 kB
Bounce:                0 kB
WritebackTmp:          0 kB
CommitLimit:     8677876 kB
Committed_AS:   67186200 kB
VmallocTotal:   263061440 kB
VmallocUsed:      131812 kB
VmallocChunk:          0 kB
Percpu:             2592 kB
CmaTotal:         405504 kB
CmaFree:          290716 kB
MemTotal:        7918588 kB
MemFree:         3540932 kB
MemAvailable:    4621076 kB
Buffers:            4140 kB
Cached:           917608 kB
SwapCached:        20624 kB
Active:          1408764 kB
Inactive:         298036 kB
Active(anon):     623968 kB
Inactive(anon):   184160 kB
Active(file):     784796 kB
Inactive(file):   113876 kB
Unevictable:        6440 kB
Mlocked:            6000 kB
SwapTotal:       4718584 kB
SwapFree:        3386516 kB
Dirty:               376 kB
Writeback:             0 kB
AnonPages:        780776 kB
Mapped:           541948 kB
Shmem:             18360 kB
KReclaimable:     588080 kB
Slab:             310768 kB
SReclaimable:      81112 kB
SUnreclaim:       229656 kB
KernelStack:       48448 kB
ShadowCallStack:   12132 kB
PageTables:        66836 kB
NFS_Unstable:          0 kB
Bounce:                0 kB
WritebackTmp:          0 kB
CommitLimit:     8677876 kB
Committed_AS:   67185784 kB
VmallocTotal:   263061440 kB
VmallocUsed:      131352 kB
VmallocChunk:          0 kB
Percpu:             2592 kB
CmaTotal:         405504 kB
CmaFree:          290676 kB
MemTotal:        7918588 kB
MemFree:         3540788 kB
MemAvailable:    4620944 kB
Buffers:            4164 kB
Cached:           917668 kB
SwapCached:        20624 kB
Active:          1409440 kB
Inactive:         297936 kB
Active(anon):     624644 kB
Inactive(anon):   184052 kB
Active(file):     784796 kB
Inactive(file):   113884 kB
Unevictable:        6440 kB
Mlocked:            6000 kB
SwapTotal:       4718584 kB
SwapFree:        3386516 kB
Dirty:               380 kB
Writeback:             0 kB
AnonPages:        781264 kB
Mapped:           541852 kB
Shmem:             18436 kB
KReclaimable:     588084 kB
Slab:             310564 kB
SReclaimable:      81112 kB
SUnreclaim:       229452 kB
KernelStack:       48432 kB
ShadowCallStack:   12144 kB
PageTables:        66672 kB
NFS_Unstable:          0 kB
Bounce:                0 kB
WritebackTmp:          0 kB
CommitLimit:     8677876 kB
Committed_AS:   67185784 kB
VmallocTotal:   263061440 kB
VmallocUsed:      131336 kB
VmallocChunk:          0 kB
Percpu:             2592 kB
CmaTotal:         405504 kB
CmaFree:          290716 kB
MemTotal:        7918588 kB
MemFree:         3507328 kB
MemAvailable:    4588776 kB
Buffers:            4164 kB
Cached:           918960 kB
SwapCached:        20624 kB
Active:          1443660 kB
Inactive:         297960 kB
Active(anon):     657600 kB
Inactive(anon):   184048 kB
Active(file):     786060 kB
Inactive(file):   113912 kB
Unevictable:        6440 kB
Mlocked:            6000 kB
SwapTotal:       4718584 kB
SwapFree:        3386516 kB
Dirty:               416 kB
Writeback:             0 kB
AnonPages:        814368 kB
Mapped:           544176 kB
Shmem:             18436 kB
KReclaimable:     588084 kB
Slab:             310664 kB
SReclaimable:      81112 kB
SUnreclaim:       229552 kB
KernelStack:       48432 kB
ShadowCallStack:   12148 kB
PageTables:        66704 kB
NFS_Unstable:          0 kB
Bounce:                0 kB
WritebackTmp:          0 kB
CommitLimit:     8677876 kB
Committed_AS:   67226076 kB
VmallocTotal:   263061440 kB
VmallocUsed:      131356 kB
VmallocChunk:          0 kB
Percpu:             2592 kB
CmaTotal:         405504 kB
CmaFree:          290716 kB
MemTotal:        7918588 kB
MemFree:         3295492 kB
MemAvailable:    4322636 kB
Buffers:            4172 kB
Cached:           932264 kB
SwapCached:        20624 kB
Active:          1652680 kB
Inactive:         298964 kB
Active(anon):     854328 kB
Inactive(anon):   184032 kB
Active(file):     798352 kB
Inactive(file):   114932 kB
Unevictable:        6440 kB
Mlocked:            6000 kB
SwapTotal:       4718584 kB
SwapFree:        3386516 kB
Dirty:               424 kB
Writeback:             0 kB
AnonPages:       1011096 kB
Mapped:           628912 kB
Shmem:             18436 kB
KReclaimable:     520468 kB
Slab:             311084 kB
SReclaimable:      81116 kB
SUnreclaim:       229968 kB
KernelStack:       48512 kB
ShadowCallStack:   12156 kB
PageTables:        67408 kB
NFS_Unstable:          0 kB
Bounce:                0 kB
WritebackTmp:          0 kB
CommitLimit:     8677876 kB
Committed_AS:   67568720 kB
VmallocTotal:   263061440 kB
VmallocUsed:      131396 kB
VmallocChunk:          0 kB
Percpu:             2592 kB
CmaTotal:         405504 kB
CmaFree:          290716 kB
MemTotal:        7918588 kB
MemFree:         3229792 kB
MemAvailable:    4251784 kB
Buffers:            4188 kB
Cached:           940296 kB
SwapCached:        20640 kB
Active:          1695688 kB
Inactive:         299000 kB
Active(anon):     889324 kB
Inactive(anon):   184032 kB
Active(file):     806364 kB
Inactive(file):   114968 kB
Unevictable:        6440 kB
Mlocked:            6000 kB
SwapTotal:       4718584 kB
SwapFree:        3386516 kB
Dirty:               428 kB
Writeback:             0 kB
AnonPages:       1046124 kB
Mapped:           640588 kB
Shmem:             18436 kB
KReclaimable:     507268 kB
Slab:             311096 kB
SReclaimable:      81120 kB
SUnreclaim:       229976 kB
KernelStack:       48736 kB
ShadowCallStack:   12208 kB
PageTables:        67716 kB
NFS_Unstable:          0 kB
Bounce:                0 kB
WritebackTmp:          0 kB
CommitLimit:     8677876 kB
Committed_AS:   67668228 kB
VmallocTotal:   263061440 kB
VmallocUsed:      131696 kB
VmallocChunk:          0 kB
Percpu:             2592 kB
CmaTotal:         405504 kB
CmaFree:          290716 kB
MemTotal:        7918588 kB
MemFree:         3060236 kB
MemAvailable:    4079224 kB
Buffers:            4188 kB
Cached:           940436 kB
SwapCached:        20668 kB
Active:          1864620 kB
Inactive:         299116 kB
Active(anon):    1058256 kB
Inactive(anon):   184012 kB
Active(file):     806364 kB
Inactive(file):   115104 kB
Unevictable:        6440 kB
Mlocked:            6000 kB
SwapTotal:       4718584 kB
SwapFree:        3386516 kB
Dirty:               648 kB
Writeback:             0 kB
AnonPages:       1215096 kB
Mapped:           642972 kB
Shmem:             18440 kB
KReclaimable:     504128 kB
Slab:             311184 kB
SReclaimable:      81120 kB
SUnreclaim:       230064 kB
KernelStack:       48752 kB
ShadowCallStack:   12220 kB
PageTables:        68260 kB
NFS_Unstable:          0 kB
Bounce:                0 kB
WritebackTmp:          0 kB
CommitLimit:     8677876 kB
Committed_AS:   67979528 kB
VmallocTotal:   263061440 kB
VmallocUsed:      131688 kB
VmallocChunk:          0 kB
Percpu:             2592 kB
CmaTotal:         405504 kB
CmaFree:          290716 kB
MemTotal:        7918588 kB
MemFree:         2936216 kB
MemAvailable:    3953420 kB
Buffers:            4188 kB
Cached:           940320 kB
SwapCached:        20932 kB
Active:          1981756 kB
Inactive:         298332 kB
Active(anon):    1175392 kB
Inactive(anon):   183224 kB
Active(file):     806364 kB
Inactive(file):   115108 kB
Unevictable:        6440 kB
Mlocked:            6000 kB
SwapTotal:       4718584 kB
SwapFree:        3386516 kB
Dirty:               216 kB
Writeback:             0 kB
AnonPages:       1330884 kB
Mapped:           644064 kB
Shmem:             18440 kB
KReclaimable:     502340 kB
Slab:             311476 kB
SReclaimable:      81120 kB
SUnreclaim:       230356 kB
KernelStack:       48752 kB
ShadowCallStack:   12216 kB
PageTables:        68800 kB
NFS_Unstable:          0 kB
Bounce:                0 kB
WritebackTmp:          0 kB
CommitLimit:     8677876 kB
Committed_AS:   68241672 kB
VmallocTotal:   263061440 kB
VmallocUsed:      131704 kB
VmallocChunk:          0 kB
Percpu:             2592 kB
CmaTotal:         405504 kB
CmaFree:          290600 kB
MemTotal:        7918588 kB
MemFree:         2827980 kB
MemAvailable:    3843616 kB
Buffers:            4188 kB
Cached:           940456 kB
SwapCached:        20932 kB
Active:          2089116 kB
Inactive:         298224 kB
Active(anon):    1282752 kB
Inactive(anon):   183108 kB
Active(file):     806364 kB
Inactive(file):   115116 kB
Unevictable:        6440 kB
Mlocked:            6000 kB
SwapTotal:       4718584 kB
SwapFree:        3386516 kB
Dirty:               292 kB
Writeback:             0 kB
AnonPages:       1438408 kB
Mapped:           645188 kB
Shmem:             18448 kB
KReclaimable:     500764 kB
Slab:             311432 kB
SReclaimable:      81120 kB
SUnreclaim:       230312 kB
KernelStack:       48752 kB
ShadowCallStack:   12220 kB
PageTables:        69332 kB
NFS_Unstable:          0 kB
Bounce:                0 kB
WritebackTmp:          0 kB
CommitLimit:     8677876 kB
Committed_AS:   68503824 kB
VmallocTotal:   263061440 kB
VmallocUsed:      131736 kB
VmallocChunk:          0 kB
Percpu:             2592 kB
CmaTotal:         405504 kB
CmaFree:          290716 kB
MemTotal:        7918588 kB
MemFree:         2738484 kB
MemAvailable:    3753208 kB
Buffers:            4220 kB
Cached:           940528 kB
SwapCached:        20932 kB
Active:          2177952 kB
Inactive:         298344 kB
Active(anon):    1371608 kB
Inactive(anon):   183104 kB
Active(file):     806344 kB
Inactive(file):   115240 kB
Unevictable:        6440 kB
Mlocked:            6000 kB
SwapTotal:       4718584 kB
SwapFree:        3386772 kB
Dirty:               436 kB
Writeback:             0 kB
AnonPages:       1527036 kB
Mapped:           645340 kB
Shmem:             18448 kB
KReclaimable:     499748 kB
Slab:             311616 kB
SReclaimable:      81120 kB
SUnreclaim:       230496 kB
KernelStack:       48736 kB
ShadowCallStack:   12216 kB
PageTables:        69868 kB
NFS_Unstable:          0 kB
Bounce:                0 kB
WritebackTmp:          0 kB
CommitLimit:     8677876 kB
Committed_AS:   68733160 kB
VmallocTotal:   263061440 kB
VmallocUsed:      131716 kB
VmallocChunk:          0 kB
Percpu:             2592 kB
CmaTotal:         405504 kB
CmaFree:          290716 kB
MemTotal:        7918588 kB
MemFree:         2638692 kB
MemAvailable:    3652504 kB
Buffers:            4224 kB
Cached:           940600 kB
SwapCached:        20940 kB
Active:          2276640 kB
Inactive:         298420 kB
Active(anon):    1470296 kB
Inactive(anon):   183108 kB
Active(file):     806344 kB
Inactive(file):   115312 kB
Unevictable:        6440 kB
Mlocked:            6000 kB
SwapTotal:       4718584 kB
SwapFree:        3386772 kB
Dirty:               504 kB
Writeback:             0 kB
AnonPages:       1625988 kB
Mapped:           646172 kB
Shmem:             18452 kB
KReclaimable:     498764 kB
Slab:             311656 kB
SReclaimable:      81120 kB
SUnreclaim:       230536 kB
KernelStack:       48736 kB
ShadowCallStack:   12216 kB
PageTables:        70256 kB
NFS_Unstable:          0 kB
Bounce:                0 kB
WritebackTmp:          0 kB
CommitLimit:     8677876 kB
Committed_AS:   68995304 kB
VmallocTotal:   263061440 kB
VmallocUsed:      131732 kB
VmallocChunk:          0 kB
Percpu:             2592 kB
CmaTotal:         405504 kB
CmaFree:          290716 kB
MemTotal:        7918588 kB
MemFree:         2497692 kB
MemAvailable:    3390136 kB
Buffers:            4232 kB
Cached:           940624 kB
SwapCached:        20940 kB
Active:          2417408 kB
Inactive:         298412 kB
Active(anon):    1611064 kB
Inactive(anon):   183092 kB
Active(file):     806344 kB
Inactive(file):   115320 kB
Unevictable:        6440 kB
Mlocked:            6000 kB
SwapTotal:       4718584 kB
SwapFree:        3386772 kB
Dirty:               504 kB
Writeback:             0 kB
AnonPages:       1766676 kB
Mapped:           647624 kB
Shmem:             18476 kB
KReclaimable:     377388 kB
Slab:             311748 kB
SReclaimable:      81136 kB
SUnreclaim:       230612 kB
KernelStack:       48832 kB
ShadowCallStack:   12232 kB
PageTables:        70812 kB
NFS_Unstable:          0 kB
Bounce:                0 kB
WritebackTmp:          0 kB
CommitLimit:     8677876 kB
Committed_AS:   69241460 kB
VmallocTotal:   263061440 kB
VmallocUsed:      131888 kB
VmallocChunk:          0 kB
Percpu:             2592 kB
CmaTotal:         405504 kB
CmaFree:          290716 kB
MemTotal:        7918588 kB
MemFree:         2403508 kB
MemAvailable:    3284332 kB
Buffers:            4256 kB
Cached:           940764 kB
SwapCached:        20940 kB
Active:          2510352 kB
Inactive:         298440 kB
Active(anon):    1704008 kB
Inactive(anon):   183084 kB
Active(file):     806344 kB
Inactive(file):   115356 kB
Unevictable:        6440 kB
Mlocked:            6000 kB
SwapTotal:       4718584 kB
SwapFree:        3386772 kB
Dirty:               616 kB
Writeback:             0 kB
AnonPages:       1859296 kB
Mapped:           648792 kB
Shmem:             18604 kB
KReclaimable:     365732 kB
Slab:             311940 kB
SReclaimable:      81136 kB
SUnreclaim:       230804 kB
KernelStack:       48848 kB
ShadowCallStack:   12244 kB
PageTables:        71332 kB
NFS_Unstable:          0 kB
Bounce:                0 kB
WritebackTmp:          0 kB
CommitLimit:     8677876 kB
Committed_AS:   69470840 kB
VmallocTotal:   263061440 kB
VmallocUsed:      131888 kB
VmallocChunk:          0 kB
Percpu:             2592 kB
CmaTotal:         405504 kB
CmaFree:          290716 kB
MemTotal:        7918588 kB
MemFree:         2331336 kB
MemAvailable:    3340880 kB
Buffers:            4256 kB
Cached:           940772 kB
SwapCached:        20940 kB
Active:          2581596 kB
Inactive:         298432 kB
Active(anon):    1775252 kB
Inactive(anon):   183076 kB
Active(file):     806344 kB
Inactive(file):   115356 kB
Unevictable:        6440 kB
Mlocked:            6000 kB
SwapTotal:       4718584 kB
SwapFree:        3386772 kB
Dirty:               616 kB
Writeback:             0 kB
AnonPages:       1930884 kB
Mapped:           649280 kB
Shmem:             18612 kB
KReclaimable:     494452 kB
Slab:             311940 kB
SReclaimable:      81072 kB
SUnreclaim:       230868 kB
KernelStack:       48752 kB
ShadowCallStack:   12216 kB
PageTables:        71908 kB
NFS_Unstable:          0 kB
Bounce:                0 kB
WritebackTmp:          0 kB
CommitLimit:     8677876 kB
Committed_AS:   69732584 kB
VmallocTotal:   263061440 kB
VmallocUsed:      131732 kB
VmallocChunk:          0 kB
Percpu:             2592 kB
CmaTotal:         405504 kB
CmaFree:          290716 kB
MemTotal:        7918588 kB
MemFree:         2229064 kB
MemAvailable:    3236792 kB
Buffers:            4256 kB
Cached:           940612 kB
SwapCached:        20940 kB
Active:          2683572 kB
Inactive:         298440 kB
Active(anon):    1877228 kB
Inactive(anon):   183084 kB
Active(file):     806344 kB
Inactive(file):   115356 kB
Unevictable:        6440 kB
Mlocked:            6000 kB
SwapTotal:       4718584 kB
SwapFree:        3386772 kB
Dirty:               704 kB
Writeback:             0 kB
AnonPages:       2032868 kB
Mapped:           649948 kB
Shmem:             18452 kB
KReclaimable:     492636 kB
Slab:             311896 kB
SReclaimable:      81072 kB
SUnreclaim:       230824 kB
KernelStack:       48736 kB
ShadowCallStack:   12220 kB
PageTables:        72308 kB
NFS_Unstable:          0 kB
Bounce:                0 kB
WritebackTmp:          0 kB
CommitLimit:     8677876 kB
Committed_AS:   69978344 kB
VmallocTotal:   263061440 kB
VmallocUsed:      131732 kB
VmallocChunk:          0 kB
Percpu:             2592 kB
CmaTotal:         405504 kB
CmaFree:          290716 kB
MemTotal:        7918588 kB
MemFree:         2130752 kB
MemAvailable:    3137288 kB
Buffers:            4264 kB
Cached:           940616 kB
SwapCached:        20940 kB
Active:          2782332 kB
Inactive:         298456 kB
Active(anon):    1975988 kB
Inactive(anon):   183092 kB
Active(file):     806344 kB
Inactive(file):   115364 kB
Unevictable:        6440 kB
Mlocked:            6000 kB
SwapTotal:       4718584 kB
SwapFree:        3386772 kB
Dirty:               752 kB
Writeback:             0 kB
AnonPages:       2131724 kB
Mapped:           650872 kB
Shmem:             18456 kB
KReclaimable:     491436 kB
Slab:             311896 kB
SReclaimable:      81072 kB
SUnreclaim:       230824 kB
KernelStack:       48736 kB
ShadowCallStack:   12216 kB
PageTables:        72716 kB
NFS_Unstable:          0 kB
Bounce:                0 kB
WritebackTmp:          0 kB
CommitLimit:     8677876 kB
Committed_AS:   70224108 kB
VmallocTotal:   263061440 kB
VmallocUsed:      131696 kB
VmallocChunk:          0 kB
Percpu:             2592 kB
CmaTotal:         405504 kB
CmaFree:          290716 kB
MemTotal:        7918588 kB
MemFree:         2034684 kB
MemAvailable:    3039668 kB
Buffers:            4264 kB
Cached:           940616 kB
SwapCached:        20940 kB
Active:          2877108 kB
Inactive:         298452 kB
Active(anon):    2070764 kB
Inactive(anon):   183088 kB
Active(file):     806344 kB
Inactive(file):   115364 kB
Unevictable:        6440 kB
Mlocked:            6000 kB
SwapTotal:       4718584 kB
SwapFree:        3386772 kB
Dirty:               752 kB
Writeback:             0 kB
AnonPages:       2226396 kB
Mapped:           652116 kB
Shmem:             18456 kB
KReclaimable:     489884 kB
Slab:             312140 kB
SReclaimable:      81072 kB
SUnreclaim:       231068 kB
KernelStack:       48720 kB
ShadowCallStack:   12212 kB
PageTables:        73188 kB
NFS_Unstable:          0 kB
Bounce:                0 kB
WritebackTmp:          0 kB
CommitLimit:     8677876 kB
Committed_AS:   70453484 kB
VmallocTotal:   263061440 kB
VmallocUsed:      131680 kB
VmallocChunk:          0 kB
Percpu:             2592 kB
CmaTotal:         405504 kB
CmaFree:          290716 kB
MemTotal:        7918588 kB
MemFree:         1954248 kB
MemAvailable:    2958472 kB
Buffers:            4272 kB
Cached:           940616 kB
SwapCached:        20940 kB
Active:          2957432 kB
Inactive:         298452 kB
Active(anon):    2151088 kB
Inactive(anon):   183080 kB
Active(file):     806344 kB
Inactive(file):   115372 kB
Unevictable:        6440 kB
Mlocked:            6000 kB
SwapTotal:       4718584 kB
SwapFree:        3386772 kB
Dirty:               400 kB
Writeback:             0 kB
AnonPages:       2306716 kB
Mapped:           652328 kB
Shmem:             18456 kB
KReclaimable:     489116 kB
Slab:             312104 kB
SReclaimable:      81088 kB
SUnreclaim:       231016 kB
KernelStack:       48736 kB
ShadowCallStack:   12224 kB
PageTables:        73588 kB
NFS_Unstable:          0 kB
Bounce:                0 kB
WritebackTmp:          0 kB
CommitLimit:     8677876 kB
Committed_AS:   70650092 kB
VmallocTotal:   263061440 kB
VmallocUsed:      131684 kB
VmallocChunk:          0 kB
Percpu:             2592 kB
CmaTotal:         405504 kB
CmaFree:          290716 kB
MemTotal:        7918588 kB
MemFree:         1888192 kB
MemAvailable:    2892524 kB
Buffers:            4272 kB
Cached:           941504 kB
SwapCached:        20956 kB
Active:          3023636 kB
Inactive:         298460 kB
Active(anon):    2216408 kB
Inactive(anon):   183088 kB
Active(file):     807228 kB
Inactive(file):   115372 kB
Unevictable:        6440 kB
Mlocked:            6000 kB
SwapTotal:       4718584 kB
SwapFree:        3387028 kB
Dirty:               440 kB
Writeback:             0 kB
AnonPages:       2372024 kB
Mapped:           653156 kB
Shmem:             18460 kB
KReclaimable:     488340 kB
Slab:             312180 kB
SReclaimable:      81104 kB
SUnreclaim:       231076 kB
KernelStack:       48720 kB
ShadowCallStack:   12212 kB
PageTables:        73852 kB
NFS_Unstable:          0 kB
Bounce:                0 kB
WritebackTmp:          0 kB
CommitLimit:     8677876 kB
Committed_AS:   70797552 kB
VmallocTotal:   263061440 kB
VmallocUsed:      131680 kB
VmallocChunk:          0 kB
Percpu:             2592 kB
CmaTotal:         405504 kB
CmaFree:          290716 kB
MemTotal:        7918588 kB
MemFree:         1813048 kB
MemAvailable:    2816904 kB
Buffers:            4272 kB
Cached:           942764 kB
SwapCached:        21052 kB
Active:          3098364 kB
Inactive:         298472 kB
Active(anon):    2289892 kB
Inactive(anon):   183088 kB
Active(file):     808472 kB
Inactive(file):   115384 kB
Unevictable:        6440 kB
Mlocked:            6000 kB
SwapTotal:       4718584 kB
SwapFree:        3388052 kB
Dirty:               508 kB
Writeback:             0 kB
AnonPages:       2445444 kB
Mapped:           654652 kB
Shmem:             18464 kB
KReclaimable:     486608 kB
Slab:             312296 kB
SReclaimable:      81104 kB
SUnreclaim:       231192 kB
KernelStack:       48720 kB
ShadowCallStack:   12220 kB
PageTables:        74232 kB
NFS_Unstable:          0 kB
Bounce:                0 kB
WritebackTmp:          0 kB
CommitLimit:     8677876 kB
Committed_AS:   70961392 kB
VmallocTotal:   263061440 kB
VmallocUsed:      131680 kB
VmallocChunk:          0 kB
Percpu:             2592 kB
CmaTotal:         405504 kB
CmaFree:          290716 kB
MemTotal:        7918588 kB
MemFree:         1727584 kB
MemAvailable:    2730440 kB
Buffers:            4276 kB
Cached:           942768 kB
SwapCached:        21052 kB
Active:          3183004 kB
Inactive:         298480 kB
Active(anon):    2374532 kB
Inactive(anon):   183088 kB
Active(file):     808472 kB
Inactive(file):   115392 kB
Unevictable:        6440 kB
Mlocked:            6000 kB
SwapTotal:       4718584 kB
SwapFree:        3388052 kB
Dirty:               512 kB
Writeback:             0 kB
AnonPages:       2530088 kB
Mapped:           655312 kB
Shmem:             18464 kB
KReclaimable:     485600 kB
Slab:             312148 kB
SReclaimable:      81104 kB
SUnreclaim:       231044 kB
KernelStack:       48720 kB
ShadowCallStack:   12220 kB
PageTables:        74600 kB
NFS_Unstable:          0 kB
Bounce:                0 kB
WritebackTmp:          0 kB
CommitLimit:     8677876 kB
Committed_AS:   71191792 kB
VmallocTotal:   263061440 kB
VmallocUsed:      131680 kB
VmallocChunk:          0 kB
Percpu:             2592 kB
CmaTotal:         405504 kB
CmaFree:          290716 kB
MemTotal:        7918588 kB
MemFree:         1661096 kB
MemAvailable:    2663472 kB
Buffers:            4276 kB
Cached:           942768 kB
SwapCached:        21052 kB
Active:          3250296 kB
Inactive:         298452 kB
Active(anon):    2441824 kB
Inactive(anon):   183060 kB
Active(file):     808472 kB
Inactive(file):   115392 kB
Unevictable:        6440 kB
Mlocked:            6000 kB
SwapTotal:       4718584 kB
SwapFree:        3388052 kB
Dirty:               512 kB
Writeback:             0 kB
AnonPages:       2597164 kB
Mapped:           655520 kB
Shmem:             18464 kB
KReclaimable:     485120 kB
Slab:             312264 kB
SReclaimable:      81104 kB
SUnreclaim:       231160 kB
KernelStack:       48736 kB
ShadowCallStack:   12208 kB
PageTables:        74852 kB
NFS_Unstable:          0 kB
Bounce:                0 kB
WritebackTmp:          0 kB
CommitLimit:     8677876 kB
Committed_AS:   71339148 kB
VmallocTotal:   263061440 kB
VmallocUsed:      131644 kB
VmallocChunk:          0 kB
Percpu:             2592 kB
CmaTotal:         405504 kB
CmaFree:          290716 kB
MemTotal:        7918588 kB
MemFree:         1585160 kB
MemAvailable:    2585776 kB
Buffers:            4300 kB
Cached:           942768 kB
SwapCached:        21052 kB
Active:          3325048 kB
Inactive:         298472 kB
Active(anon):    2516576 kB
Inactive(anon):   183056 kB
Active(file):     808472 kB
Inactive(file):   115416 kB
Unevictable:        6440 kB
Mlocked:            6000 kB
SwapTotal:       4718584 kB
SwapFree:        3388052 kB
Dirty:               612 kB
Writeback:             0 kB
AnonPages:       2672028 kB
Mapped:           656608 kB
Shmem:             18464 kB
KReclaimable:     483336 kB
Slab:             312304 kB
SReclaimable:      81104 kB
SUnreclaim:       231200 kB
KernelStack:       48656 kB
ShadowCallStack:   12204 kB
PageTables:        75196 kB
NFS_Unstable:          0 kB
Bounce:                0 kB
WritebackTmp:          0 kB
CommitLimit:     8677876 kB
Committed_AS:   71502984 kB
VmallocTotal:   263061440 kB
VmallocUsed:      131624 kB
VmallocChunk:          0 kB
Percpu:             2592 kB
CmaTotal:         405504 kB
CmaFree:          290716 kB
MemTotal:        7918588 kB
MemFree:         1518688 kB
MemAvailable:    2518688 kB
Buffers:            4300 kB
Cached:           942768 kB
SwapCached:        21432 kB
Active:          3394172 kB
Inactive:         296312 kB
Active(anon):    2585700 kB
Inactive(anon):   180896 kB
Active(file):     808472 kB
Inactive(file):   115416 kB
Unevictable:        6440 kB
Mlocked:            6000 kB
SwapTotal:       4718584 kB
SwapFree:        3389844 kB
Dirty:               612 kB
Writeback:             0 kB
AnonPages:       2738964 kB
Mapped:           655480 kB
Shmem:             18464 kB
KReclaimable:     482720 kB
Slab:             312292 kB
SReclaimable:      81104 kB
SUnreclaim:       231188 kB
KernelStack:       48688 kB
ShadowCallStack:   12204 kB
PageTables:        75600 kB
NFS_Unstable:          0 kB
Bounce:                0 kB
WritebackTmp:          0 kB
CommitLimit:     8677876 kB
Committed_AS:   71699592 kB
VmallocTotal:   263061440 kB
VmallocUsed:      131640 kB
VmallocChunk:          0 kB
Percpu:             2592 kB
CmaTotal:         405504 kB
CmaFree:          290716 kB
MemTotal:        7918588 kB
MemFree:         1441536 kB
MemAvailable:    2440488 kB
Buffers:            4300 kB
Cached:           942768 kB
SwapCached:        21432 kB
Active:          3471088 kB
Inactive:         296308 kB
Active(anon):    2662616 kB
Inactive(anon):   180892 kB
Active(file):     808472 kB
Inactive(file):   115416 kB
Unevictable:        6440 kB
Mlocked:            6000 kB
SwapTotal:       4718584 kB
SwapFree:        3389844 kB
Dirty:               612 kB
Writeback:             0 kB
AnonPages:       2815864 kB
Mapped:           655888 kB
Shmem:             18464 kB
KReclaimable:     481672 kB
Slab:             312444 kB
SReclaimable:      81104 kB
SUnreclaim:       231340 kB
KernelStack:       48688 kB
ShadowCallStack:   12204 kB
PageTables:        75972 kB
NFS_Unstable:          0 kB
Bounce:                0 kB
WritebackTmp:          0 kB
CommitLimit:     8677876 kB
Committed_AS:   71863432 kB
VmallocTotal:   263061440 kB
VmallocUsed:      131656 kB
VmallocChunk:          0 kB
Percpu:             2592 kB
CmaTotal:         405504 kB
CmaFree:          290716 kB
MemTotal:        7918588 kB
MemFree:         1375488 kB
MemAvailable:    2373892 kB
Buffers:            4300 kB
Cached:           943164 kB
SwapCached:        21460 kB
Active:          3535700 kB
Inactive:         296308 kB
Active(anon):    2726852 kB
Inactive(anon):   180892 kB
Active(file):     808848 kB
Inactive(file):   115416 kB
Unevictable:        6440 kB
Mlocked:            6000 kB
SwapTotal:       4718584 kB
SwapFree:        3390100 kB
Dirty:               228 kB
Writeback:             0 kB
AnonPages:       2880032 kB
Mapped:           657304 kB
Shmem:             18484 kB
KReclaimable:     480748 kB
Slab:             312640 kB
SReclaimable:      81104 kB
SUnreclaim:       231536 kB
KernelStack:       48688 kB
ShadowCallStack:   12204 kB
PageTables:        76216 kB
NFS_Unstable:          0 kB
Bounce:                0 kB
WritebackTmp:          0 kB
CommitLimit:     8677876 kB
Committed_AS:   72027292 kB
VmallocTotal:   263061440 kB
VmallocUsed:      131656 kB
VmallocChunk:          0 kB
Percpu:             2592 kB
CmaTotal:         405504 kB
CmaFree:          290716 kB
MemTotal:        7918588 kB
MemFree:         1316244 kB
MemAvailable:    2314128 kB
Buffers:            4300 kB
Cached:           943164 kB
SwapCached:        21460 kB
Active:          3595224 kB
Inactive:         296296 kB
Active(anon):    2786376 kB
Inactive(anon):   180880 kB
Active(file):     808848 kB
Inactive(file):   115416 kB
Unevictable:        6440 kB
Mlocked:            6000 kB
SwapTotal:       4718584 kB
SwapFree:        3390100 kB
Dirty:               232 kB
Writeback:             0 kB
AnonPages:       2939624 kB
Mapped:           657780 kB
Shmem:             18484 kB
KReclaimable:     480228 kB
Slab:             312596 kB
SReclaimable:      81104 kB
SUnreclaim:       231492 kB
KernelStack:       48672 kB
ShadowCallStack:   12196 kB
PageTables:        76500 kB
NFS_Unstable:          0 kB
Bounce:                0 kB
WritebackTmp:          0 kB
CommitLimit:     8677876 kB
Committed_AS:   72141980 kB
VmallocTotal:   263061440 kB
VmallocUsed:      131652 kB
VmallocChunk:          0 kB
Percpu:             2592 kB
CmaTotal:         405504 kB
CmaFree:          290716 kB
MemTotal:        7918588 kB
MemFree:         1250148 kB
MemAvailable:    2246808 kB
Buffers:            4308 kB
Cached:           943164 kB
SwapCached:        21460 kB
Active:          3660960 kB
Inactive:         296296 kB
Active(anon):    2852112 kB
Inactive(anon):   180872 kB
Active(file):     808848 kB
Inactive(file):   115424 kB
Unevictable:        6440 kB
Mlocked:            6000 kB
SwapTotal:       4718584 kB
SwapFree:        3390100 kB
Dirty:               268 kB
Writeback:             0 kB
AnonPages:       3005352 kB
Mapped:           658196 kB
Shmem:             18484 kB
KReclaimable:     478996 kB
Slab:             312640 kB
SReclaimable:      81104 kB
SUnreclaim:       231536 kB
KernelStack:       48688 kB
ShadowCallStack:   12204 kB
PageTables:        76840 kB
NFS_Unstable:          0 kB
Bounce:                0 kB
WritebackTmp:          0 kB
CommitLimit:     8677876 kB
Committed_AS:   72289436 kB
VmallocTotal:   263061440 kB
VmallocUsed:      131644 kB
VmallocChunk:          0 kB
Percpu:             2592 kB
CmaTotal:         405504 kB
CmaFree:          290716 kB
MemTotal:        7918588 kB
MemFree:         1189136 kB
MemAvailable:    2185052 kB
Buffers:            4308 kB
Cached:           943164 kB
SwapCached:        21460 kB
Active:          3723100 kB
Inactive:         296300 kB
Active(anon):    2914252 kB
Inactive(anon):   180876 kB
Active(file):     808848 kB
Inactive(file):   115424 kB
Unevictable:        6440 kB
Mlocked:            6000 kB
SwapTotal:       4718584 kB
SwapFree:        3390356 kB
Dirty:               296 kB
Writeback:             0 kB
AnonPages:       3067428 kB
Mapped:           658956 kB
Shmem:             18484 kB
KReclaimable:     478252 kB
Slab:             312624 kB
SReclaimable:      81104 kB
SUnreclaim:       231520 kB
KernelStack:       48704 kB
ShadowCallStack:   12208 kB
PageTables:        77056 kB
NFS_Unstable:          0 kB
Bounce:                0 kB
WritebackTmp:          0 kB
CommitLimit:     8677876 kB
Committed_AS:   72436896 kB
VmallocTotal:   263061440 kB
VmallocUsed:      131692 kB
VmallocChunk:          0 kB
Percpu:             2592 kB
CmaTotal:         405504 kB
CmaFree:          245792 kB
MemTotal:        7918588 kB
MemFree:         1121132 kB
MemAvailable:    2116544 kB
Buffers:            4308 kB
Cached:           943164 kB
SwapCached:        21460 kB
Active:          3790224 kB
Inactive:         296304 kB
Active(anon):    2981376 kB
Inactive(anon):   180880 kB
Active(file):     808848 kB
Inactive(file):   115424 kB
Unevictable:        6440 kB
Mlocked:            6000 kB
SwapTotal:       4718584 kB
SwapFree:        3390356 kB
Dirty:                28 kB
Writeback:             0 kB
AnonPages:       3134544 kB
Mapped:           659100 kB
Shmem:             18484 kB
KReclaimable:     477748 kB
Slab:             312668 kB
SReclaimable:      81104 kB
SUnreclaim:       231564 kB
KernelStack:       48720 kB
ShadowCallStack:   12216 kB
PageTables:        77356 kB
NFS_Unstable:          0 kB
Bounce:                0 kB
WritebackTmp:          0 kB
CommitLimit:     8677876 kB
Committed_AS:   72551580 kB
VmallocTotal:   263061440 kB
VmallocUsed:      131676 kB
VmallocChunk:          0 kB
Percpu:             2592 kB
CmaTotal:         405504 kB
CmaFree:          178288 kB
MemTotal:        7918588 kB
MemFree:         1056136 kB
MemAvailable:    2050612 kB
Buffers:            4308 kB
Cached:           943164 kB
SwapCached:        21460 kB
Active:          3855784 kB
Inactive:         296296 kB
Active(anon):    3046936 kB
Inactive(anon):   180872 kB
Active(file):     808848 kB
Inactive(file):   115424 kB
Unevictable:        6440 kB
Mlocked:            6000 kB
SwapTotal:       4718584 kB
SwapFree:        3390356 kB
Dirty:                28 kB
Writeback:             0 kB
AnonPages:       3200232 kB
Mapped:           659616 kB
Shmem:             18484 kB
KReclaimable:     476812 kB
Slab:             312764 kB
SReclaimable:      81072 kB
SUnreclaim:       231692 kB
KernelStack:       48688 kB
ShadowCallStack:   12212 kB
PageTables:        77668 kB
NFS_Unstable:          0 kB
Bounce:                0 kB
WritebackTmp:          0 kB
CommitLimit:     8677876 kB
Committed_AS:   72699040 kB
VmallocTotal:   263061440 kB
VmallocUsed:      131672 kB
VmallocChunk:          0 kB
Percpu:             2592 kB
CmaTotal:         405504 kB
CmaFree:          113088 kB
MemTotal:        7918588 kB
MemFree:          995380 kB
MemAvailable:    1989368 kB
Buffers:            4316 kB
Cached:           943164 kB
SwapCached:        21460 kB
Active:          3915340 kB
Inactive:         296308 kB
Active(anon):    3106492 kB
Inactive(anon):   180876 kB
Active(file):     808848 kB
Inactive(file):   115432 kB
Unevictable:        6440 kB
Mlocked:            6000 kB
SwapTotal:       4718584 kB
SwapFree:        3390356 kB
Dirty:               104 kB
Writeback:             0 kB
AnonPages:       3259708 kB
Mapped:           660092 kB
Shmem:             18484 kB
KReclaimable:     476316 kB
Slab:             312712 kB
SReclaimable:      81072 kB
SUnreclaim:       231640 kB
KernelStack:       48704 kB
ShadowCallStack:   12212 kB
PageTables:        77824 kB
NFS_Unstable:          0 kB
Bounce:                0 kB
WritebackTmp:          0 kB
CommitLimit:     8677876 kB
Committed_AS:   72830108 kB
VmallocTotal:   263061440 kB
VmallocUsed:      131680 kB
VmallocChunk:          0 kB
Percpu:             2592 kB
CmaTotal:         405504 kB
CmaFree:           53140 kB
MemTotal:        7918588 kB
MemFree:          931236 kB
MemAvailable:    1924504 kB
Buffers:            4348 kB
Cached:           943164 kB
SwapCached:        21460 kB
Active:          3980776 kB
Inactive:         296340 kB
Active(anon):    3171928 kB
Inactive(anon):   180876 kB
Active(file):     808848 kB
Inactive(file):   115464 kB
Unevictable:        6440 kB
Mlocked:            6000 kB
SwapTotal:       4718584 kB
SwapFree:        3390356 kB
Dirty:               184 kB
Writeback:             0 kB
AnonPages:       3325212 kB
Mapped:           660544 kB
Shmem:             18484 kB
KReclaimable:     475564 kB
Slab:             312788 kB
SReclaimable:      81072 kB
SUnreclaim:       231716 kB
KernelStack:       48704 kB
ShadowCallStack:   12208 kB
PageTables:        78108 kB
NFS_Unstable:          0 kB
Bounce:                0 kB
WritebackTmp:          0 kB
CommitLimit:     8677876 kB
Committed_AS:   72977564 kB
VmallocTotal:   263061440 kB
VmallocUsed:      131672 kB
VmallocChunk:          0 kB
Percpu:             2592 kB
CmaTotal:         405504 kB
CmaFree:               0 kB
MemTotal:        7918588 kB
MemFree:          833064 kB
MemAvailable:    1704940 kB
Buffers:            4348 kB
Cached:           944300 kB
SwapCached:        21460 kB
Active:          4077764 kB
Inactive:         296340 kB
Active(anon):    3267892 kB
Inactive(anon):   180876 kB
Active(file):     809872 kB
Inactive(file):   115464 kB
Unevictable:        6440 kB
Mlocked:            6000 kB
SwapTotal:       4718584 kB
SwapFree:        3390612 kB
Dirty:               216 kB
Writeback:             0 kB
AnonPages:       3421184 kB
Mapped:           661928 kB
Shmem:             18596 kB
KReclaimable:     353148 kB
Slab:             312948 kB
SReclaimable:      81072 kB
SUnreclaim:       231876 kB
KernelStack:       48784 kB
ShadowCallStack:   12236 kB
PageTables:        78456 kB
NFS_Unstable:          0 kB
Bounce:                0 kB
WritebackTmp:          0 kB
CommitLimit:     8677876 kB
Committed_AS:   73092648 kB
VmallocTotal:   263061440 kB
VmallocUsed:      131824 kB
VmallocChunk:          0 kB
Percpu:             2592 kB
CmaTotal:         405504 kB
CmaFree:               0 kB
MemTotal:        7918588 kB
MemFree:          812860 kB
MemAvailable:    1805856 kB
Buffers:            4348 kB
Cached:           944188 kB
SwapCached:        21460 kB
Active:          4097844 kB
Inactive:         296340 kB
Active(anon):    3287972 kB
Inactive(anon):   180876 kB
Active(file):     809872 kB
Inactive(file):   115464 kB
Unevictable:        6440 kB
Mlocked:            6000 kB
SwapTotal:       4718584 kB
SwapFree:        3390612 kB
Dirty:               112 kB
Writeback:             0 kB
AnonPages:       3441192 kB
Mapped:           661600 kB
Shmem:             18484 kB
KReclaimable:     474268 kB
Slab:             312944 kB
SReclaimable:      81056 kB
SUnreclaim:       231888 kB
KernelStack:       48720 kB
ShadowCallStack:   12208 kB
PageTables:        78632 kB
NFS_Unstable:          0 kB
Bounce:                0 kB
WritebackTmp:          0 kB
CommitLimit:     8677876 kB
Committed_AS:   73223324 kB
VmallocTotal:   263061440 kB
VmallocUsed:      131676 kB
VmallocChunk:          0 kB
Percpu:             2592 kB
CmaTotal:         405504 kB
CmaFree:               0 kB
MemTotal:        7918588 kB
MemFree:          739932 kB
MemAvailable:    1731872 kB
Buffers:            4348 kB
Cached:           944192 kB
SwapCached:        21460 kB
Active:          4170272 kB
Inactive:         296340 kB
Active(anon):    3360400 kB
Inactive(anon):   180876 kB
Active(file):     809872 kB
Inactive(file):   115464 kB
Unevictable:        6440 kB
Mlocked:            6000 kB
SwapTotal:       4718584 kB
SwapFree:        3390612 kB
Dirty:               112 kB
Writeback:             0 kB
AnonPages:       3513728 kB
Mapped:           662360 kB
Shmem:             18488 kB
KReclaimable:     473212 kB
Slab:             312960 kB
SReclaimable:      81056 kB
SUnreclaim:       231904 kB
KernelStack:       48704 kB
ShadowCallStack:   12208 kB
PageTables:        78936 kB
NFS_Unstable:          0 kB
Bounce:                0 kB
WritebackTmp:          0 kB
CommitLimit:     8677876 kB
Committed_AS:   73387168 kB
VmallocTotal:   263061440 kB
VmallocUsed:      131676 kB
VmallocChunk:          0 kB
Percpu:             2592 kB
CmaTotal:         405504 kB
CmaFree:               0 kB
MemTotal:        7918588 kB
MemFree:          669240 kB
MemAvailable:    1660380 kB
Buffers:            4348 kB
Cached:           944196 kB
SwapCached:        21460 kB
Active:          4240408 kB
Inactive:         296340 kB
Active(anon):    3430536 kB
Inactive(anon):   180876 kB
Active(file):     809872 kB
Inactive(file):   115464 kB
Unevictable:        6440 kB
Mlocked:            6000 kB
SwapTotal:       4718584 kB
SwapFree:        3390612 kB
Dirty:               124 kB
Writeback:             0 kB
AnonPages:       3583724 kB
Mapped:           662664 kB
Shmem:             18492 kB
KReclaimable:     472412 kB
Slab:             313152 kB
SReclaimable:      81056 kB
SUnreclaim:       232096 kB
KernelStack:       48704 kB
ShadowCallStack:   12208 kB
PageTables:        79188 kB
NFS_Unstable:          0 kB
Bounce:                0 kB
WritebackTmp:          0 kB
CommitLimit:     8677876 kB
Committed_AS:   73518244 kB
VmallocTotal:   263061440 kB
VmallocUsed:      131640 kB
VmallocChunk:          0 kB
Percpu:             2592 kB
CmaTotal:         405504 kB
CmaFree:               0 kB
MemTotal:        7918588 kB
MemFree:          606156 kB
MemAvailable:    1596796 kB
Buffers:            4348 kB
Cached:           944236 kB
SwapCached:        21464 kB
Active:          4305024 kB
Inactive:         296372 kB
Active(anon):    3495152 kB
Inactive(anon):   180872 kB
Active(file):     809872 kB
Inactive(file):   115500 kB
Unevictable:        6440 kB
Mlocked:            6000 kB
SwapTotal:       4718584 kB
SwapFree:        3390612 kB
Dirty:               140 kB
Writeback:             0 kB
AnonPages:       3648532 kB
Mapped:           663196 kB
Shmem:             18496 kB
KReclaimable:     471876 kB
Slab:             313176 kB
SReclaimable:      81056 kB
SUnreclaim:       232120 kB
KernelStack:       48736 kB
ShadowCallStack:   12212 kB
PageTables:        79508 kB
NFS_Unstable:          0 kB
Bounce:                0 kB
WritebackTmp:          0 kB
CommitLimit:     8677876 kB
Committed_AS:   73665708 kB
VmallocTotal:   263061440 kB
VmallocUsed:      131644 kB
VmallocChunk:          0 kB
Percpu:             2592 kB
CmaTotal:         405504 kB
CmaFree:               0 kB
MemTotal:        7918588 kB
MemFree:          535228 kB
MemAvailable:    1524812 kB
Buffers:            4356 kB
Cached:           944228 kB
SwapCached:        21464 kB
Active:          4374524 kB
Inactive:         296364 kB
Active(anon):    3564652 kB
Inactive(anon):   180864 kB
Active(file):     809872 kB
Inactive(file):   115500 kB
Unevictable:        6440 kB
Mlocked:            6000 kB
SwapTotal:       4718584 kB
SwapFree:        3390612 kB
Dirty:               144 kB
Writeback:             0 kB
AnonPages:       3717756 kB
Mapped:           663772 kB
Shmem:             18496 kB
KReclaimable:     470820 kB
Slab:             313036 kB
SReclaimable:      81072 kB
SUnreclaim:       231964 kB
KernelStack:       48688 kB
ShadowCallStack:   12204 kB
PageTables:        79664 kB
NFS_Unstable:          0 kB
Bounce:                0 kB
WritebackTmp:          0 kB
CommitLimit:     8677876 kB
Committed_AS:   73813164 kB
VmallocTotal:   263061440 kB
VmallocUsed:      131660 kB
VmallocChunk:          0 kB
Percpu:             2592 kB
CmaTotal:         405504 kB
CmaFree:               8 kB
MemTotal:        7918588 kB
MemFree:          472708 kB
MemAvailable:    1461668 kB
Buffers:            4356 kB
Cached:           944236 kB
SwapCached:        21464 kB
Active:          4436808 kB
Inactive:         296372 kB
Active(anon):    3626936 kB
Inactive(anon):   180864 kB
Active(file):     809872 kB
Inactive(file):   115508 kB
Unevictable:        6440 kB
Mlocked:            6000 kB
SwapTotal:       4718584 kB
SwapFree:        3390612 kB
Dirty:               144 kB
Writeback:             0 kB
AnonPages:       3780136 kB
Mapped:           664172 kB
Shmem:             18496 kB
KReclaimable:     470188 kB
Slab:             313272 kB
SReclaimable:      81072 kB
SUnreclaim:       232200 kB
KernelStack:       48720 kB
ShadowCallStack:   12220 kB
PageTables:        79940 kB
NFS_Unstable:          0 kB
Bounce:                0 kB
WritebackTmp:          0 kB
CommitLimit:     8677876 kB
Committed_AS:   73944236 kB
VmallocTotal:   263061440 kB
VmallocUsed:      131656 kB
VmallocChunk:          0 kB
Percpu:             2592 kB
CmaTotal:         405504 kB
CmaFree:               0 kB
MemTotal:        7918588 kB
MemFree:          420028 kB
MemAvailable:    1408332 kB
Buffers:            4364 kB
Cached:           944248 kB
SwapCached:        21696 kB
Active:          4492540 kB
Inactive:         295620 kB
Active(anon):    3682668 kB
Inactive(anon):   180104 kB
Active(file):     809872 kB
Inactive(file):   115516 kB
Unevictable:        6440 kB
Mlocked:            6000 kB
SwapTotal:       4718584 kB
SwapFree:        3392660 kB
Dirty:               164 kB
Writeback:             0 kB
AnonPages:       3834688 kB
Mapped:           664528 kB
Shmem:             18508 kB
KReclaimable:     469524 kB
Slab:             313216 kB
SReclaimable:      81072 kB
SUnreclaim:       232144 kB
KernelStack:       48688 kB
ShadowCallStack:   12212 kB
PageTables:        80188 kB
NFS_Unstable:          0 kB
Bounce:                0 kB
WritebackTmp:          0 kB
CommitLimit:     8677876 kB
Committed_AS:   74058876 kB
VmallocTotal:   263061440 kB
VmallocUsed:      131660 kB
VmallocChunk:          0 kB
Percpu:             2592 kB
CmaTotal:         405504 kB
CmaFree:               0 kB
MemTotal:        7918588 kB
MemFree:          354460 kB
MemAvailable:    1342052 kB
Buffers:            4364 kB
Cached:           944248 kB
SwapCached:        21696 kB
Active:          4557596 kB
Inactive:         295620 kB
Active(anon):    3747724 kB
Inactive(anon):   180104 kB
Active(file):     809872 kB
Inactive(file):   115516 kB
Unevictable:        6440 kB
Mlocked:            6000 kB
SwapTotal:       4718584 kB
SwapFree:        3392660 kB
Dirty:               164 kB
Writeback:             0 kB
AnonPages:       3900044 kB
Mapped:           665180 kB
Shmem:             18508 kB
KReclaimable:     468812 kB
Slab:             313284 kB
SReclaimable:      81072 kB
SUnreclaim:       232212 kB
KernelStack:       48736 kB
ShadowCallStack:   12208 kB
PageTables:        80440 kB
NFS_Unstable:          0 kB
Bounce:                0 kB
WritebackTmp:          0 kB
CommitLimit:     8677876 kB
Committed_AS:   74206336 kB
VmallocTotal:   263061440 kB
VmallocUsed:      131656 kB
VmallocChunk:          0 kB
Percpu:             2592 kB
CmaTotal:         405504 kB
CmaFree:               0 kB
MemTotal:        7918588 kB
MemFree:          305540 kB
MemAvailable:    1292620 kB
Buffers:            4364 kB
Cached:           944248 kB
SwapCached:        21696 kB
Active:          4605560 kB
Inactive:         295608 kB
Active(anon):    3795688 kB
Inactive(anon):   180092 kB
Active(file):     809872 kB
Inactive(file):   115516 kB
Unevictable:        6440 kB
Mlocked:            6000 kB
SwapTotal:       4718584 kB
SwapFree:        3392660 kB
Dirty:               176 kB
Writeback:             0 kB
AnonPages:       3948036 kB
Mapped:           665204 kB
Shmem:             18508 kB
KReclaimable:     468300 kB
Slab:             313192 kB
SReclaimable:      81072 kB
SUnreclaim:       232120 kB
KernelStack:       48688 kB
ShadowCallStack:   12212 kB
PageTables:        80732 kB
NFS_Unstable:          0 kB
Bounce:                0 kB
WritebackTmp:          0 kB
CommitLimit:     8677876 kB
Committed_AS:   74284976 kB
VmallocTotal:   263061440 kB
VmallocUsed:      131660 kB
VmallocChunk:          0 kB
Percpu:             2592 kB
CmaTotal:         405504 kB
CmaFree:               0 kB
MemTotal:        7918588 kB
MemFree:          261388 kB
MemAvailable:    1247892 kB
Buffers:            4388 kB
Cached:           944248 kB
SwapCached:        21696 kB
Active:          4649208 kB
Inactive:         295632 kB
Active(anon):    3839336 kB
Inactive(anon):   180092 kB
Active(file):     809872 kB
Inactive(file):   115540 kB
Unevictable:        6440 kB
Mlocked:            6000 kB
SwapTotal:       4718584 kB
SwapFree:        3392660 kB
Dirty:               176 kB
Writeback:             0 kB
AnonPages:       3991628 kB
Mapped:           665780 kB
Shmem:             18508 kB
KReclaimable:     467700 kB
Slab:             313216 kB
SReclaimable:      81072 kB
SUnreclaim:       232144 kB
KernelStack:       48704 kB
ShadowCallStack:   12208 kB
PageTables:        80932 kB
NFS_Unstable:          0 kB
Bounce:                0 kB
WritebackTmp:          0 kB
CommitLimit:     8677876 kB
Committed_AS:   74383280 kB
VmallocTotal:   263061440 kB
VmallocUsed:      131688 kB
VmallocChunk:          0 kB
Percpu:             2592 kB
CmaTotal:         405504 kB
CmaFree:               0 kB
MemTotal:        7918588 kB
MemFree:          213408 kB
MemAvailable:    1199376 kB
Buffers:            4388 kB
Cached:           944248 kB
SwapCached:        21696 kB
Active:          4696628 kB
Inactive:         295632 kB
Active(anon):    3886756 kB
Inactive(anon):   180092 kB
Active(file):     809872 kB
Inactive(file):   115540 kB
Unevictable:        6440 kB
Mlocked:            6000 kB
SwapTotal:       4718584 kB
SwapFree:        3392660 kB
Dirty:               204 kB
Writeback:             0 kB
AnonPages:       4039056 kB
Mapped:           666100 kB
Shmem:             18508 kB
KReclaimable:     467164 kB
Slab:             313248 kB
SReclaimable:      81072 kB
SUnreclaim:       232176 kB
KernelStack:       48688 kB
ShadowCallStack:   12204 kB
PageTables:        81072 kB
NFS_Unstable:          0 kB
Bounce:                0 kB
WritebackTmp:          0 kB
CommitLimit:     8677876 kB
Committed_AS:   74465200 kB
VmallocTotal:   263061440 kB
VmallocUsed:      131672 kB
VmallocChunk:          0 kB
Percpu:             2592 kB
CmaTotal:         405504 kB
CmaFree:               0 kB
MemTotal:        7918588 kB
MemFree:          172396 kB
MemAvailable:    1157884 kB
Buffers:            4388 kB
Cached:           944248 kB
SwapCached:        21696 kB
Active:          4739032 kB
Inactive:         295644 kB
Active(anon):    3929160 kB
Inactive(anon):   180104 kB
Active(file):     809872 kB
Inactive(file):   115540 kB
Unevictable:        6440 kB
Mlocked:            6000 kB
SwapTotal:       4718584 kB
SwapFree:        3392660 kB
Dirty:               484 kB
Writeback:             0 kB
AnonPages:       4081396 kB
Mapped:           666360 kB
Shmem:             18508 kB
KReclaimable:     466684 kB
Slab:             313300 kB
SReclaimable:      81072 kB
SUnreclaim:       232228 kB
KernelStack:       48688 kB
ShadowCallStack:   12224 kB
PageTables:        81264 kB
NFS_Unstable:          0 kB
Bounce:                0 kB
WritebackTmp:          0 kB
CommitLimit:     8677876 kB
Committed_AS:   74563504 kB
VmallocTotal:   263061440 kB
VmallocUsed:      131672 kB
VmallocChunk:          0 kB
Percpu:             2592 kB
CmaTotal:         405504 kB
CmaFree:               0 kB
MemTotal:        7918588 kB
MemFree:          153756 kB
MemAvailable:    1107264 kB
Buffers:             460 kB
Cached:           908620 kB
SwapCached:        21692 kB
Active:          4863868 kB
Inactive:         195844 kB
Active(anon):    4007668 kB
Inactive(anon):   166188 kB
Active(file):     856200 kB
Inactive(file):    29656 kB
Unevictable:        6440 kB
Mlocked:            6000 kB
SwapTotal:       4718584 kB
SwapFree:        3392404 kB
Dirty:               500 kB
Writeback:             0 kB
AnonPages:       4146148 kB
Mapped:           665848 kB
Shmem:             18508 kB
KReclaimable:     457876 kB
Slab:             311428 kB
SReclaimable:      79152 kB
SUnreclaim:       232276 kB
KernelStack:       48688 kB
ShadowCallStack:   12212 kB
PageTables:        81468 kB
NFS_Unstable:          0 kB
Bounce:                0 kB
WritebackTmp:          0 kB
CommitLimit:     8677876 kB
Committed_AS:   74694576 kB
VmallocTotal:   263061440 kB
VmallocUsed:      131676 kB
VmallocChunk:          0 kB
Percpu:             2592 kB
CmaTotal:         405504 kB
CmaFree:              20 kB
MemTotal:        7918588 kB
MemFree:          169168 kB
MemAvailable:    1111648 kB
Buffers:             460 kB
Cached:           908648 kB
SwapCached:        21664 kB
Active:          4888932 kB
Inactive:         180716 kB
Active(anon):    4074472 kB
Inactive(anon):   109276 kB
Active(file):     814460 kB
Inactive(file):    71440 kB
Unevictable:        6440 kB
Mlocked:            6000 kB
SwapTotal:       4718584 kB
SwapFree:        3376276 kB
Dirty:               512 kB
Writeback:             0 kB
AnonPages:       4155992 kB
Mapped:           665972 kB
Shmem:             18492 kB
KReclaimable:     446804 kB
Slab:             311448 kB
SReclaimable:      79152 kB
SUnreclaim:       232296 kB
KernelStack:       48704 kB
ShadowCallStack:   12208 kB
PageTables:        81620 kB
NFS_Unstable:          0 kB
Bounce:                0 kB
WritebackTmp:          0 kB
CommitLimit:     8677876 kB
Committed_AS:   74743732 kB
VmallocTotal:   263061440 kB
VmallocUsed:      131684 kB
VmallocChunk:          0 kB
Percpu:             2592 kB
CmaTotal:         405504 kB
CmaFree:               0 kB
MemTotal:        7918588 kB
MemFree:          163620 kB
MemAvailable:    1094628 kB
Buffers:             460 kB
Cached:           908612 kB
SwapCached:        21664 kB
Active:          4965212 kB
Inactive:         111828 kB
Active(anon):    4150752 kB
Inactive(anon):    40388 kB
Active(file):     814460 kB
Inactive(file):    71440 kB
Unevictable:        6440 kB
Mlocked:            6000 kB
SwapTotal:       4718584 kB
SwapFree:        3326612 kB
Dirty:                48 kB
Writeback:             0 kB
AnonPages:       4163392 kB
Mapped:           666256 kB
Shmem:             18456 kB
KReclaimable:     435332 kB
Slab:             311392 kB
SReclaimable:      79152 kB
SUnreclaim:       232240 kB
KernelStack:       48640 kB
ShadowCallStack:   12204 kB
PageTables:        81804 kB
NFS_Unstable:          0 kB
Bounce:                0 kB
WritebackTmp:          0 kB
CommitLimit:     8677876 kB
Committed_AS:   74874648 kB
VmallocTotal:   263061440 kB
VmallocUsed:      131620 kB
VmallocChunk:          0 kB
Percpu:             2592 kB
CmaTotal:         405504 kB
CmaFree:               0 kB
MemTotal:        7918588 kB
MemFree:          169184 kB
MemAvailable:    1048480 kB
Buffers:             448 kB
Cached:           886756 kB
SwapCached:        21644 kB
Active:           750620 kB
Inactive:        4347872 kB
Active(anon):     655076 kB
Inactive(anon):  3579404 kB
Active(file):      95544 kB
Inactive(file):   768468 kB
Unevictable:        6440 kB
Mlocked:            6000 kB
SwapTotal:       4718584 kB
SwapFree:        3313044 kB
Dirty:                48 kB
Writeback:             0 kB
AnonPages:       4206716 kB
Mapped:           646460 kB
Shmem:             18420 kB
KReclaimable:     405508 kB
Slab:             311396 kB
SReclaimable:      79120 kB
SUnreclaim:       232276 kB
KernelStack:       48608 kB
ShadowCallStack:   12216 kB
PageTables:        81724 kB
NFS_Unstable:          0 kB
Bounce:                0 kB
WritebackTmp:          0 kB
CommitLimit:     8677876 kB
Committed_AS:   74972956 kB
VmallocTotal:   263061440 kB
VmallocUsed:      131592 kB
VmallocChunk:          0 kB
Percpu:             2592 kB
CmaTotal:         405504 kB
CmaFree:             120 kB
MemTotal:        7918588 kB
MemFree:          163356 kB
MemAvailable:    1025088 kB
Buffers:             428 kB
Cached:           880140 kB
SwapCached:        20196 kB
Active:           842628 kB
Inactive:        4266524 kB
Active(anon):     718036 kB
Inactive(anon):  3532948 kB
Active(file):     124592 kB
Inactive(file):   733576 kB
Unevictable:        6440 kB
Mlocked:            6000 kB
SwapTotal:       4718584 kB
SwapFree:        3289492 kB
Dirty:                84 kB
Writeback:             0 kB
AnonPages:       4224700 kB
Mapped:           643240 kB
Shmem:             17684 kB
KReclaimable:     393788 kB
Slab:             311496 kB
SReclaimable:      79112 kB
SUnreclaim:       232384 kB
KernelStack:       48656 kB
ShadowCallStack:   12196 kB
PageTables:        82220 kB
NFS_Unstable:          0 kB
Bounce:                0 kB
WritebackTmp:          0 kB
CommitLimit:     8677876 kB
Committed_AS:   75038488 kB
VmallocTotal:   263061440 kB
VmallocUsed:      131616 kB
VmallocChunk:          0 kB
Percpu:             2592 kB
CmaTotal:         405504 kB
CmaFree:               0 kB
MemTotal:        7918588 kB
MemFree:          159356 kB
MemAvailable:    1009792 kB
Buffers:             428 kB
Cached:           879540 kB
SwapCached:         9496 kB
Active:           932260 kB
Inactive:        4183172 kB
Active(anon):     807592 kB
Inactive(anon):  3449552 kB
Active(file):     124668 kB
Inactive(file):   733620 kB
Unevictable:        6440 kB
Mlocked:            6000 kB
SwapTotal:       4718584 kB
SwapFree:        3263636 kB
Dirty:                96 kB
Writeback:             0 kB
AnonPages:       4240184 kB
Mapped:           643172 kB
Shmem:             16964 kB
KReclaimable:     382372 kB
Slab:             311340 kB
SReclaimable:      78968 kB
SUnreclaim:       232372 kB
KernelStack:       48656 kB
ShadowCallStack:   12196 kB
PageTables:        82396 kB
NFS_Unstable:          0 kB
Bounce:                0 kB
WritebackTmp:          0 kB
CommitLimit:     8677876 kB
Committed_AS:   75153180 kB
VmallocTotal:   263061440 kB
VmallocUsed:      131612 kB
VmallocChunk:          0 kB
Percpu:             2592 kB
CmaTotal:         405504 kB
CmaFree:               0 kB
MemTotal:        7918588 kB
MemFree:          162624 kB
MemAvailable:     999584 kB
Buffers:             428 kB
Cached:           879380 kB
SwapCached:         6716 kB
Active:          1014180 kB
Inactive:        4105780 kB
Active(anon):     889512 kB
Inactive(anon):  3372132 kB
Active(file):     124668 kB
Inactive(file):   733648 kB
Unevictable:        6440 kB
Mlocked:            6000 kB
SwapTotal:       4718584 kB
SwapFree:        3215508 kB
Dirty:               136 kB
Writeback:             0 kB
AnonPages:       4246256 kB
Mapped:           643216 kB
Shmem:             16776 kB
KReclaimable:     368868 kB
Slab:             311448 kB
SReclaimable:      78968 kB
SUnreclaim:       232480 kB
KernelStack:       48656 kB
ShadowCallStack:   12200 kB
PageTables:        82616 kB
NFS_Unstable:          0 kB
Bounce:                0 kB
WritebackTmp:          0 kB
CommitLimit:     8677876 kB
Committed_AS:   75267864 kB
VmallocTotal:   263061440 kB
VmallocUsed:      131616 kB
VmallocChunk:          0 kB
Percpu:             2592 kB
CmaTotal:         405504 kB
CmaFree:               0 kB
MemTotal:        7918588 kB
MemFree:          178172 kB
MemAvailable:    1006484 kB
Buffers:             452 kB
Cached:           879432 kB
SwapCached:         6200 kB
Active:          1069728 kB
Inactive:        4028828 kB
Active(anon):     945060 kB
Inactive(anon):  3295116 kB
Active(file):     124668 kB
Inactive(file):   733712 kB
Unevictable:        6440 kB
Mlocked:            6000 kB
SwapTotal:       4718584 kB
SwapFree:        3143828 kB
Dirty:               144 kB
Writeback:             0 kB
AnonPages:       4224928 kB
Mapped:           643664 kB
Shmem:             16788 kB
KReclaimable:     360156 kB
Slab:             311456 kB
SReclaimable:      78968 kB
SUnreclaim:       232488 kB
KernelStack:       48624 kB
ShadowCallStack:   12188 kB
PageTables:        82912 kB
NFS_Unstable:          0 kB
Bounce:                0 kB
WritebackTmp:          0 kB
CommitLimit:     8677876 kB
Committed_AS:   75382448 kB
VmallocTotal:   263061440 kB
VmallocUsed:      131584 kB
VmallocChunk:          0 kB
Percpu:             2592 kB
CmaTotal:         405504 kB
CmaFree:               0 kB
MemTotal:        7918588 kB
MemFree:          135524 kB
MemAvailable:     836384 kB
Buffers:             456 kB
Cached:           879928 kB
SwapCached:         5988 kB
Active:          1153172 kB
Inactive:        3972548 kB
Active(anon):    1027872 kB
Inactive(anon):  3238692 kB
Active(file):     125300 kB
Inactive(file):   733856 kB
Unevictable:        6440 kB
Mlocked:            6000 kB
SwapTotal:       4718584 kB
SwapFree:        3094676 kB
Dirty:               168 kB
Writeback:             4 kB
AnonPages:       4251924 kB
Mapped:           644420 kB
Shmem:             16508 kB
KReclaimable:     245908 kB
Slab:             311772 kB
SReclaimable:      78968 kB
SUnreclaim:       232804 kB
KernelStack:       48752 kB
ShadowCallStack:   12228 kB
PageTables:        83100 kB
NFS_Unstable:          0 kB
Bounce:                0 kB
WritebackTmp:          0 kB
CommitLimit:     8677876 kB
Committed_AS:   75448380 kB
VmallocTotal:   263061440 kB
VmallocUsed:      131752 kB
VmallocChunk:          0 kB
Percpu:             2592 kB
CmaTotal:         405504 kB
CmaFree:               0 kB
MemTotal:        7918588 kB
MemFree:          166128 kB
MemAvailable:     866204 kB
Buffers:             456 kB
Cached:           880024 kB
SwapCached:         5988 kB
Active:          1215708 kB
Inactive:        3893308 kB
Active(anon):    1090408 kB
Inactive(anon):  3159452 kB
Active(file):     125300 kB
Inactive(file):   733856 kB
Unevictable:        6440 kB
Mlocked:            6000 kB
SwapTotal:       4718584 kB
SwapFree:        3020436 kB
Dirty:               168 kB
Writeback:             0 kB
AnonPages:       4234828 kB
Mapped:           644844 kB
Shmem:             16608 kB
KReclaimable:     219764 kB
Slab:             311940 kB
SReclaimable:      78968 kB
SUnreclaim:       232972 kB
KernelStack:       48480 kB
ShadowCallStack:   12160 kB
PageTables:        83332 kB
NFS_Unstable:          0 kB
Bounce:                0 kB
WritebackTmp:          0 kB
CommitLimit:     8677876 kB
Committed_AS:   75595740 kB
VmallocTotal:   263061440 kB
VmallocUsed:      131444 kB
VmallocChunk:          0 kB
Percpu:             2592 kB
CmaTotal:         405504 kB
CmaFree:               0 kB
MemTotal:        7918588 kB
MemFree:          161496 kB
MemAvailable:     978696 kB
Buffers:             464 kB
Cached:           879864 kB
SwapCached:         5996 kB
Active:          1228356 kB
Inactive:        3884316 kB
Active(anon):    1103056 kB
Inactive(anon):  3150452 kB
Active(file):     125300 kB
Inactive(file):   733864 kB
Unevictable:        6440 kB
Mlocked:            6000 kB
SwapTotal:       4718584 kB
SwapFree:        3013268 kB
Dirty:               188 kB
Writeback:             0 kB
AnonPages:       4238624 kB
Mapped:           644424 kB
Shmem:             16448 kB
KReclaimable:     348260 kB
Slab:             311712 kB
SReclaimable:      78968 kB
SUnreclaim:       232744 kB
KernelStack:       48320 kB
ShadowCallStack:   12120 kB
PageTables:        83360 kB
NFS_Unstable:          0 kB
Bounce:                0 kB
WritebackTmp:          0 kB
CommitLimit:     8677876 kB
Committed_AS:   75677152 kB
VmallocTotal:   263061440 kB
VmallocUsed:      131232 kB
VmallocChunk:          0 kB
Percpu:             2592 kB
CmaTotal:         405504 kB
CmaFree:               0 kB
MemTotal:        7918588 kB
MemFree:          167072 kB
MemAvailable:     978340 kB
Buffers:             464 kB
Cached:           879920 kB
SwapCached:         5996 kB
Active:          1283468 kB
Inactive:        3826928 kB
Active(anon):    1158168 kB
Inactive(anon):  3093052 kB
Active(file):     125300 kB
Inactive(file):   733876 kB
Unevictable:        6440 kB
Mlocked:            6000 kB
SwapTotal:       4718584 kB
SwapFree:        2957972 kB
Dirty:               200 kB
Writeback:             0 kB
AnonPages:       4236192 kB
Mapped:           644884 kB
Shmem:             16492 kB
KReclaimable:     342316 kB
Slab:             311772 kB
SReclaimable:      78968 kB
SUnreclaim:       232804 kB
KernelStack:       48368 kB
ShadowCallStack:   12124 kB
PageTables:        83392 kB
NFS_Unstable:          0 kB
Bounce:                0 kB
WritebackTmp:          0 kB
CommitLimit:     8677876 kB
Committed_AS:   75775460 kB
VmallocTotal:   263061440 kB
VmallocUsed:      131216 kB
VmallocChunk:          0 kB
Percpu:             2592 kB
CmaTotal:         405504 kB
CmaFree:               0 kB
MemTotal:        7918588 kB
MemFree:          166996 kB
MemAvailable:     974436 kB
Buffers:             464 kB
Cached:           879940 kB
SwapCached:         5996 kB
Active:          1327480 kB
Inactive:        3788376 kB
Active(anon):    1202180 kB
Inactive(anon):  3054496 kB
Active(file):     125300 kB
Inactive(file):   733880 kB
Unevictable:        6440 kB
Mlocked:            6000 kB
SwapTotal:       4718584 kB
SwapFree:        2920340 kB
Dirty:               204 kB
Writeback:             0 kB
AnonPages:       4241760 kB
Mapped:           645088 kB
Shmem:             16508 kB
KReclaimable:     338484 kB
Slab:             311588 kB
SReclaimable:      78856 kB
SUnreclaim:       232732 kB
KernelStack:       48336 kB
ShadowCallStack:   12116 kB
PageTables:        83884 kB
NFS_Unstable:          0 kB
Bounce:                0 kB
WritebackTmp:          0 kB
CommitLimit:     8677876 kB
Committed_AS:   75873764 kB
VmallocTotal:   263061440 kB
VmallocUsed:      131220 kB
VmallocChunk:          0 kB
Percpu:             2592 kB
CmaTotal:         405504 kB
CmaFree:               0 kB
MemTotal:        7918588 kB
MemFree:          165060 kB
MemAvailable:     965192 kB
Buffers:             472 kB
Cached:           879992 kB
SwapCached:         5960 kB
Active:          1384628 kB
Inactive:        3731136 kB
Active(anon):    1259328 kB
Inactive(anon):  2997196 kB
Active(file):     125300 kB
Inactive(file):   733940 kB
Unevictable:        6440 kB
Mlocked:            6000 kB
SwapTotal:       4718584 kB
SwapFree:        2865556 kB
Dirty:               244 kB
Writeback:             0 kB
AnonPages:       4241664 kB
Mapped:           645360 kB
Shmem:             16508 kB
KReclaimable:     331116 kB
Slab:             311552 kB
SReclaimable:      78856 kB
SUnreclaim:       232696 kB
KernelStack:       48336 kB
ShadowCallStack:   12120 kB
PageTables:        84112 kB
NFS_Unstable:          0 kB
Bounce:                0 kB
WritebackTmp:          0 kB
CommitLimit:     8677876 kB
Committed_AS:   75972584 kB
VmallocTotal:   263061440 kB
VmallocUsed:      131200 kB
VmallocChunk:          0 kB
Percpu:             2592 kB
CmaTotal:         405504 kB
CmaFree:               0 kB
MemTotal:        7918588 kB
MemFree:          165620 kB
MemAvailable:     960096 kB
Buffers:             472 kB
Cached:           879996 kB
SwapCached:         5964 kB
Active:          1437068 kB
Inactive:        3675556 kB
Active(anon):    1311768 kB
Inactive(anon):  2941616 kB
Active(file):     125300 kB
Inactive(file):   733940 kB
Unevictable:        6440 kB
Mlocked:            6000 kB
SwapTotal:       4718584 kB
SwapFree:        2811028 kB
Dirty:               244 kB
Writeback:             4 kB
AnonPages:       4238532 kB
Mapped:           645672 kB
Shmem:             16512 kB
KReclaimable:     325460 kB
Slab:             311540 kB
SReclaimable:      78824 kB
SUnreclaim:       232716 kB
KernelStack:       48320 kB
ShadowCallStack:   12120 kB
PageTables:        84272 kB
NFS_Unstable:          0 kB
Bounce:                0 kB
WritebackTmp:          0 kB
CommitLimit:     8677876 kB
Committed_AS:   76070892 kB
VmallocTotal:   263061440 kB
VmallocUsed:      131200 kB
VmallocChunk:          0 kB
Percpu:             2592 kB
CmaTotal:         405504 kB
CmaFree:               0 kB
MemTotal:        7918588 kB
MemFree:          163188 kB
MemAvailable:     953112 kB
Buffers:             472 kB
Cached:           879996 kB
SwapCached:         5960 kB
Active:          1476244 kB
Inactive:        3641288 kB
Active(anon):    1350944 kB
Inactive(anon):  2907348 kB
Active(file):     125300 kB
Inactive(file):   733940 kB
Unevictable:        6440 kB
Mlocked:            6000 kB
SwapTotal:       4718584 kB
SwapFree:        2777748 kB
Dirty:               244 kB
Writeback:             0 kB
AnonPages:       4243228 kB
Mapped:           646248 kB
Shmem:             16512 kB
KReclaimable:     320908 kB
Slab:             311508 kB
SReclaimable:      78824 kB
SUnreclaim:       232684 kB
KernelStack:       48288 kB
ShadowCallStack:   12100 kB
PageTables:        84204 kB
NFS_Unstable:          0 kB
Bounce:                0 kB
WritebackTmp:          0 kB
CommitLimit:     8677876 kB
Committed_AS:   76152760 kB
VmallocTotal:   263061440 kB
VmallocUsed:      131180 kB
VmallocChunk:          0 kB
Percpu:             2592 kB
CmaTotal:         405504 kB
CmaFree:               0 kB
MemTotal:        7918588 kB
MemFree:          164536 kB
MemAvailable:     945868 kB
Buffers:             472 kB
Cached:           879988 kB
SwapCached:         5956 kB
Active:          1564012 kB
Inactive:        3556572 kB
Active(anon):    1438712 kB
Inactive(anon):  2822624 kB
Active(file):     125300 kB
Inactive(file):   733948 kB
Unevictable:        6440 kB
Mlocked:            6000 kB
SwapTotal:       4718584 kB
SwapFree:        2700692 kB
Dirty:               248 kB
Writeback:             0 kB
AnonPages:       4246336 kB
Mapped:           646692 kB
Shmem:             16516 kB
KReclaimable:     312308 kB
Slab:             311512 kB
SReclaimable:      78824 kB
SUnreclaim:       232688 kB
KernelStack:       48304 kB
ShadowCallStack:   12108 kB
PageTables:        84820 kB
NFS_Unstable:          0 kB
Bounce:                0 kB
WritebackTmp:          0 kB
CommitLimit:     8677876 kB
Committed_AS:   76300216 kB
VmallocTotal:   263061440 kB
VmallocUsed:      131192 kB
VmallocChunk:          0 kB
Percpu:             2592 kB
CmaTotal:         405504 kB
CmaFree:               0 kB
MemTotal:        7918588 kB
MemFree:          166868 kB
MemAvailable:     944692 kB
Buffers:             496 kB
Cached:           880012 kB
SwapCached:         5932 kB
Active:          1610632 kB
Inactive:        3509756 kB
Active(anon):    1485332 kB
Inactive(anon):  2775780 kB
Active(file):     125300 kB
Inactive(file):   733976 kB
Unevictable:        6440 kB
Mlocked:            6000 kB
SwapTotal:       4718584 kB
SwapFree:        2656148 kB
Dirty:               256 kB
Writeback:             0 kB
AnonPages:       4246276 kB
Mapped:           646952 kB
Shmem:             16516 kB
KReclaimable:     308772 kB
Slab:             311676 kB
SReclaimable:      78824 kB
SUnreclaim:       232852 kB
KernelStack:       48320 kB
ShadowCallStack:   12112 kB
PageTables:        84828 kB
NFS_Unstable:          0 kB
Bounce:                0 kB
WritebackTmp:          0 kB
CommitLimit:     8677876 kB
Committed_AS:   76382140 kB
VmallocTotal:   263061440 kB
VmallocUsed:      131192 kB
VmallocChunk:          0 kB
Percpu:             2592 kB
CmaTotal:         405504 kB
CmaFree:               0 kB
MemTotal:        7918588 kB
MemFree:          161124 kB
MemAvailable:     934772 kB
Buffers:             496 kB
Cached:           880012 kB
SwapCached:         5932 kB
Active:          1667028 kB
Inactive:        3463004 kB
Active(anon):    1541728 kB
Inactive(anon):  2729028 kB
Active(file):     125300 kB
Inactive(file):   733976 kB
Unevictable:        6440 kB
Mlocked:            6000 kB
SwapTotal:       4718584 kB
SwapFree:        2609812 kB
Dirty:               256 kB
Writeback:             0 kB
AnonPages:       4255896 kB
Mapped:           647376 kB
Shmem:             16516 kB
KReclaimable:     304596 kB
Slab:             311724 kB
SReclaimable:      78824 kB
SUnreclaim:       232900 kB
KernelStack:       48304 kB
ShadowCallStack:   12108 kB
PageTables:        85028 kB
NFS_Unstable:          0 kB
Bounce:                0 kB
WritebackTmp:          0 kB
CommitLimit:     8677876 kB
Committed_AS:   76496824 kB
VmallocTotal:   263061440 kB
VmallocUsed:      131192 kB
VmallocChunk:          0 kB
Percpu:             2592 kB
CmaTotal:         405504 kB
CmaFree:               0 kB
MemTotal:        7918588 kB
MemFree:          161368 kB
MemAvailable:     929868 kB
Buffers:             504 kB
Cached:           880120 kB
SwapCached:         5936 kB
Active:          1731752 kB
Inactive:        3402004 kB
Active(anon):    1606352 kB
Inactive(anon):  2668020 kB
Active(file):     125400 kB
Inactive(file):   733984 kB
Unevictable:        6440 kB
Mlocked:            6000 kB
SwapTotal:       4718584 kB
SwapFree:        2549396 kB
Dirty:               304 kB
Writeback:             0 kB
AnonPages:       4259680 kB
Mapped:           647772 kB
Shmem:             16528 kB
KReclaimable:     299340 kB
Slab:             311796 kB
SReclaimable:      78824 kB
SUnreclaim:       232972 kB
KernelStack:       48272 kB
ShadowCallStack:   12108 kB
PageTables:        85256 kB
NFS_Unstable:          0 kB
Bounce:                0 kB
WritebackTmp:          0 kB
CommitLimit:     8677876 kB
Committed_AS:   76644284 kB
VmallocTotal:   263061440 kB
VmallocUsed:      131168 kB
VmallocChunk:          0 kB
Percpu:             2592 kB
CmaTotal:         405504 kB
CmaFree:               0 kB
MemTotal:        7918588 kB
MemFree:          165420 kB
MemAvailable:     925128 kB
Buffers:             504 kB
Cached:           880160 kB
SwapCached:         5932 kB
Active:          1789800 kB
Inactive:        3348640 kB
Active(anon):    1664396 kB
Inactive(anon):  2614652 kB
Active(file):     125404 kB
Inactive(file):   733988 kB
Unevictable:        6440 kB
Mlocked:            6000 kB
SwapTotal:       4718584 kB
SwapFree:        2496148 kB
Dirty:               308 kB
Writeback:             0 kB
AnonPages:       4264064 kB
Mapped:           648124 kB
Shmem:             16556 kB
KReclaimable:     290540 kB
Slab:             311936 kB
SReclaimable:      78888 kB
SUnreclaim:       233048 kB
KernelStack:       48272 kB
ShadowCallStack:   12100 kB
PageTables:        85544 kB
NFS_Unstable:          0 kB
Bounce:                0 kB
WritebackTmp:          0 kB
CommitLimit:     8677876 kB
Committed_AS:   76726116 kB
VmallocTotal:   263061440 kB
VmallocUsed:      131136 kB
VmallocChunk:          0 kB
Percpu:             2592 kB
CmaTotal:         405504 kB
CmaFree:               0 kB
MemTotal:        7918588 kB
MemFree:          167340 kB
MemAvailable:     912080 kB
Buffers:             504 kB
Cached:           880192 kB
SwapCached:         5932 kB
Active:          1855460 kB
Inactive:        3292792 kB
Active(anon):    1730056 kB
Inactive(anon):  2558780 kB
Active(file):     125404 kB
Inactive(file):   734012 kB
Unevictable:        6440 kB
Mlocked:            6000 kB
SwapTotal:       4718584 kB
SwapFree:        2442388 kB
Dirty:               332 kB
Writeback:             0 kB
AnonPages:       4273944 kB
Mapped:           648580 kB
Shmem:             16564 kB
KReclaimable:     275548 kB
Slab:             312108 kB
SReclaimable:      79016 kB
SUnreclaim:       233092 kB
KernelStack:       48272 kB
ShadowCallStack:   12100 kB
PageTables:        85712 kB
NFS_Unstable:          0 kB
Bounce:                0 kB
WritebackTmp:          0 kB
CommitLimit:     8677876 kB
Committed_AS:   76840804 kB
VmallocTotal:   263061440 kB
VmallocUsed:      131120 kB
VmallocChunk:          0 kB
Percpu:             2592 kB
CmaTotal:         405504 kB
CmaFree:               0 kB
MemTotal:        7918588 kB
MemFree:          167668 kB
MemAvailable:     899700 kB
Buffers:             512 kB
Cached:           880248 kB
SwapCached:         5932 kB
Active:          1919888 kB
Inactive:        3239152 kB
Active(anon):    1794484 kB
Inactive(anon):  2505080 kB
Active(file):     125404 kB
Inactive(file):   734072 kB
Unevictable:        6440 kB
Mlocked:            6000 kB
SwapTotal:       4718584 kB
SwapFree:        2389140 kB
Dirty:               384 kB
Writeback:             0 kB
AnonPages:       4284588 kB
Mapped:           648960 kB
Shmem:             16568 kB
KReclaimable:     262780 kB
Slab:             312272 kB
SReclaimable:      79128 kB
SUnreclaim:       233144 kB
KernelStack:       48256 kB
ShadowCallStack:   12104 kB
PageTables:        85844 kB
NFS_Unstable:          0 kB
Bounce:                0 kB
WritebackTmp:          0 kB
CommitLimit:     8677876 kB
Committed_AS:   76971880 kB
VmallocTotal:   263061440 kB
VmallocUsed:      131132 kB
VmallocChunk:          0 kB
Percpu:             2592 kB
CmaTotal:         405504 kB
CmaFree:               0 kB
MemTotal:        7918588 kB
MemFree:          165388 kB
MemAvailable:     891012 kB
Buffers:             512 kB
Cached:           880248 kB
SwapCached:         5932 kB
Active:          1964088 kB
Inactive:        3203540 kB
Active(anon):    1838684 kB
Inactive(anon):  2469468 kB
Active(file):     125404 kB
Inactive(file):   734072 kB
Unevictable:        6440 kB
Mlocked:            6000 kB
SwapTotal:       4718584 kB
SwapFree:        2354068 kB
Dirty:               384 kB
Writeback:             0 kB
AnonPages:       4293036 kB
Mapped:           648992 kB
Shmem:             16568 kB
KReclaimable:     256372 kB
Slab:             312300 kB
SReclaimable:      79192 kB
SUnreclaim:       233108 kB
KernelStack:       48240 kB
ShadowCallStack:   12104 kB
PageTables:        85900 kB
NFS_Unstable:          0 kB
Bounce:                0 kB
WritebackTmp:          0 kB
CommitLimit:     8677876 kB
Committed_AS:   77037416 kB
VmallocTotal:   263061440 kB
VmallocUsed:      131152 kB
VmallocChunk:          0 kB
Percpu:             2592 kB
CmaTotal:         405504 kB
CmaFree:               0 kB
MemTotal:        7918588 kB
MemFree:          162360 kB
MemAvailable:     874524 kB
Buffers:             512 kB
Cached:           880252 kB
SwapCached:         5932 kB
Active:          2033868 kB
Inactive:        3149484 kB
Active(anon):    1908464 kB
Inactive(anon):  2415408 kB
Active(file):     125404 kB
Inactive(file):   734076 kB
Unevictable:        6440 kB
Mlocked:            6000 kB
SwapTotal:       4718584 kB
SwapFree:        2301332 kB
Dirty:               388 kB
Writeback:             0 kB
AnonPages:       4308944 kB
Mapped:           649628 kB
Shmem:             16568 kB
KReclaimable:     242908 kB
Slab:             312480 kB
SReclaimable:      79336 kB
SUnreclaim:       233144 kB
KernelStack:       48240 kB
ShadowCallStack:   12092 kB
PageTables:        86268 kB
NFS_Unstable:          0 kB
Bounce:                0 kB
WritebackTmp:          0 kB
CommitLimit:     8677876 kB
Committed_AS:   77184872 kB
VmallocTotal:   263061440 kB
VmallocUsed:      131136 kB
VmallocChunk:          0 kB
Percpu:             2592 kB
CmaTotal:         405504 kB
CmaFree:               0 kB
MemTotal:        7918588 kB
MemFree:          169912 kB
MemAvailable:     876516 kB
Buffers:             512 kB
Cached:           880256 kB
SwapCached:         5932 kB
Active:          2095312 kB
Inactive:        3089176 kB
Active(anon):    1969908 kB
Inactive(anon):  2355100 kB
Active(file):     125404 kB
Inactive(file):   734076 kB
Unevictable:        6440 kB
Mlocked:            6000 kB
SwapTotal:       4718584 kB
SwapFree:        2241428 kB
Dirty:               388 kB
Writeback:             0 kB
AnonPages:       4310052 kB
Mapped:           650152 kB
Shmem:             16572 kB
KReclaimable:     232172 kB
Slab:             312728 kB
SReclaimable:      79480 kB
SUnreclaim:       233248 kB
KernelStack:       48256 kB
ShadowCallStack:   12104 kB
PageTables:        86560 kB
NFS_Unstable:          0 kB
Bounce:                0 kB
WritebackTmp:          0 kB
CommitLimit:     8677876 kB
Committed_AS:   77283176 kB
VmallocTotal:   263061440 kB
VmallocUsed:      131132 kB
VmallocChunk:          0 kB
Percpu:             2592 kB
CmaTotal:         405504 kB
CmaFree:               0 kB
MemTotal:        7918588 kB
MemFree:          163920 kB
MemAvailable:     867228 kB
Buffers:             512 kB
Cached:           880268 kB
SwapCached:         5932 kB
Active:          2145616 kB
Inactive:        3049152 kB
Active(anon):    2020212 kB
Inactive(anon):  2315064 kB
Active(file):     125404 kB
Inactive(file):   734088 kB
Unevictable:        6440 kB
Mlocked:            6000 kB
SwapTotal:       4718584 kB
SwapFree:        2202004 kB
Dirty:               400 kB
Writeback:             0 kB
AnonPages:       4320356 kB
Mapped:           650248 kB
Shmem:             16572 kB
KReclaimable:     225556 kB
Slab:             312784 kB
SReclaimable:      79544 kB
SUnreclaim:       233240 kB
KernelStack:       48256 kB
ShadowCallStack:   12104 kB
PageTables:        86764 kB
NFS_Unstable:          0 kB
Bounce:                0 kB
WritebackTmp:          0 kB
CommitLimit:     8677876 kB
Committed_AS:   77365096 kB
VmallocTotal:   263061440 kB
VmallocUsed:      131136 kB
VmallocChunk:          0 kB
Percpu:             2592 kB
CmaTotal:         405504 kB
CmaFree:               0 kB
MemTotal:        7918588 kB
MemFree:          165692 kB
MemAvailable:     863672 kB
Buffers:             536 kB
Cached:           880272 kB
SwapCached:         5932 kB
Active:          2212560 kB
Inactive:        2991612 kB
Active(anon):    2087156 kB
Inactive(anon):  2257496 kB
Active(file):     125404 kB
Inactive(file):   734116 kB
Unevictable:        6440 kB
Mlocked:            6000 kB
SwapTotal:       4718584 kB
SwapFree:        2144916 kB
Dirty:               404 kB
Writeback:             0 kB
AnonPages:       4329688 kB
Mapped:           650812 kB
Shmem:             16572 kB
KReclaimable:     214844 kB
Slab:             313028 kB
SReclaimable:      79672 kB
SUnreclaim:       233356 kB
KernelStack:       48272 kB
ShadowCallStack:   12100 kB
PageTables:        86968 kB
NFS_Unstable:          0 kB
Bounce:                0 kB
WritebackTmp:          0 kB
CommitLimit:     8677876 kB
Committed_AS:   77496168 kB
VmallocTotal:   263061440 kB
VmallocUsed:      131152 kB
VmallocChunk:          0 kB
Percpu:             2592 kB
CmaTotal:         405504 kB
CmaFree:               0 kB
MemTotal:        7918588 kB
MemFree:          162580 kB
MemAvailable:     857420 kB
Buffers:             536 kB
Cached:           880372 kB
SwapCached:         5932 kB
Active:          2266332 kB
Inactive:        2945592 kB
Active(anon):    2140928 kB
Inactive(anon):  2211376 kB
Active(file):     125404 kB
Inactive(file):   734216 kB
Unevictable:        6440 kB
Mlocked:            6000 kB
SwapTotal:       4718584 kB
SwapFree:        2099348 kB
Dirty:                96 kB
Writeback:             0 kB
AnonPages:       4337492 kB
Mapped:           651100 kB
Shmem:             16572 kB
KReclaimable:     208364 kB
Slab:             313284 kB
SReclaimable:      79784 kB
SUnreclaim:       233500 kB
KernelStack:       48272 kB
ShadowCallStack:   12100 kB
PageTables:        87240 kB
NFS_Unstable:          0 kB
Bounce:                0 kB
WritebackTmp:          0 kB
CommitLimit:     8677876 kB
Committed_AS:   77578092 kB
VmallocTotal:   263061440 kB
VmallocUsed:      131132 kB
VmallocChunk:          0 kB
Percpu:             2592 kB
CmaTotal:         405504 kB
CmaFree:               0 kB
MemTotal:        7918588 kB
MemFree:          153732 kB
MemAvailable:     797228 kB
Buffers:             536 kB
Cached:           880392 kB
SwapCached:         5936 kB
Active:          2353640 kB
Inactive:        2829224 kB
Active(anon):    2228236 kB
Inactive(anon):  2095008 kB
Active(file):     125404 kB
Inactive(file):   734216 kB
Unevictable:        6440 kB
Mlocked:            6000 kB
SwapTotal:       4718584 kB
SwapFree:        1983380 kB
Dirty:                96 kB
Writeback:             0 kB
AnonPages:       4308640 kB
Mapped:           651852 kB
Shmem:             16596 kB
KReclaimable:     122060 kB
Slab:             313792 kB
SReclaimable:      80040 kB
SUnreclaim:       233752 kB
KernelStack:       48352 kB
ShadowCallStack:   12128 kB
PageTables:        87376 kB
NFS_Unstable:          0 kB
Bounce:                0 kB
WritebackTmp:          0 kB
CommitLimit:     8677876 kB
Committed_AS:   77676788 kB
VmallocTotal:   263061440 kB
VmallocUsed:      131308 kB
VmallocChunk:          0 kB
Percpu:             2592 kB
CmaTotal:         405504 kB
CmaFree:               0 kB
MemTotal:        7918588 kB
MemFree:          172044 kB
MemAvailable:     823608 kB
Buffers:             536 kB
Cached:           880508 kB
SwapCached:         5932 kB
Active:          2422016 kB
Inactive:        2742580 kB
Active(anon):    2296612 kB
Inactive(anon):  2008364 kB
Active(file):     125404 kB
Inactive(file):   734216 kB
Unevictable:        6440 kB
Mlocked:            6000 kB
SwapTotal:       4718584 kB
SwapFree:        1897108 kB
Dirty:                 0 kB
Writeback:             0 kB
AnonPages:       4289924 kB
Mapped:           652396 kB
Shmem:             16708 kB
KReclaimable:     121812 kB
Slab:             314124 kB
SReclaimable:      80296 kB
SUnreclaim:       233828 kB
KernelStack:       48384 kB
ShadowCallStack:   12136 kB
PageTables:        87616 kB
NFS_Unstable:          0 kB
Bounce:                0 kB
WritebackTmp:          0 kB
CommitLimit:     8677876 kB
Committed_AS:   77775092 kB
VmallocTotal:   263061440 kB
VmallocUsed:      131292 kB
VmallocChunk:          0 kB
Percpu:             2592 kB
CmaTotal:         405504 kB
CmaFree:               0 kB
MemTotal:        7918588 kB
MemFree:          171988 kB
MemAvailable:     884380 kB
Buffers:             536 kB
Cached:           880388 kB
SwapCached:         5932 kB
Active:          2438720 kB
Inactive:        2725176 kB
Active(anon):    2313316 kB
Inactive(anon):  1990944 kB
Active(file):     125404 kB
Inactive(file):   734232 kB
Unevictable:        6440 kB
Mlocked:            6000 kB
SwapTotal:       4718584 kB
SwapFree:        1880468 kB
Dirty:                32 kB
Writeback:             0 kB
AnonPages:       4289320 kB
Mapped:           652028 kB
Shmem:             16572 kB
KReclaimable:     242980 kB
Slab:             314220 kB
SReclaimable:      80360 kB
SUnreclaim:       233860 kB
KernelStack:       48256 kB
ShadowCallStack:   12096 kB
PageTables:        87732 kB
NFS_Unstable:          0 kB
Bounce:                0 kB
WritebackTmp:          0 kB
CommitLimit:     8677876 kB
Committed_AS:   77873000 kB
VmallocTotal:   263061440 kB
VmallocUsed:      131132 kB
VmallocChunk:          0 kB
Percpu:             2592 kB
CmaTotal:         405504 kB
CmaFree:               0 kB
MemTotal:        7918588 kB
MemFree:          164804 kB
MemAvailable:     875144 kB
Buffers:             536 kB
Cached:           880388 kB
SwapCached:         5932 kB
Active:          2504264 kB
Inactive:        2669100 kB
Active(anon):    2378860 kB
Inactive(anon):  1934868 kB
Active(file):     125404 kB
Inactive(file):   734232 kB
Unevictable:        6440 kB
Mlocked:            6000 kB
SwapTotal:       4718584 kB
SwapFree:        1825428 kB
Dirty:                32 kB
Writeback:             0 kB
AnonPages:       4298924 kB
Mapped:           652464 kB
Shmem:             16572 kB
KReclaimable:     239332 kB
Slab:             314444 kB
SReclaimable:      80472 kB
SUnreclaim:       233972 kB
KernelStack:       48272 kB
ShadowCallStack:   12100 kB
PageTables:        87964 kB
NFS_Unstable:          0 kB
Bounce:                0 kB
WritebackTmp:          0 kB
CommitLimit:     8677876 kB
Committed_AS:   77987688 kB
VmallocTotal:   263061440 kB
VmallocUsed:      131136 kB
VmallocChunk:          0 kB
Percpu:             2592 kB
CmaTotal:         405504 kB
CmaFree:               0 kB
MemTotal:        7918588 kB
MemFree:          164708 kB
MemAvailable:     873816 kB
Buffers:             544 kB
Cached:           880668 kB
SwapCached:         5936 kB
Active:          2567024 kB
Inactive:        2607492 kB
Active(anon):    2441620 kB
Inactive(anon):  1872976 kB
Active(file):     125404 kB
Inactive(file):   734516 kB
Unevictable:        6440 kB
Mlocked:            6000 kB
SwapTotal:       4718584 kB
SwapFree:        1765268 kB
Dirty:               188 kB
Writeback:             0 kB
AnonPages:       4299828 kB
Mapped:           652808 kB
Shmem:             16572 kB
KReclaimable:     236300 kB
Slab:             314532 kB
SReclaimable:      80600 kB
SUnreclaim:       233932 kB
KernelStack:       48272 kB
ShadowCallStack:   12100 kB
PageTables:        88264 kB
NFS_Unstable:          0 kB
Bounce:                0 kB
WritebackTmp:          0 kB
CommitLimit:     8677876 kB
Committed_AS:   78085992 kB
VmallocTotal:   263061440 kB
VmallocUsed:      131132 kB
VmallocChunk:          0 kB
Percpu:             2592 kB
CmaTotal:         405504 kB
CmaFree:               0 kB
MemTotal:        7918588 kB
MemFree:          165296 kB
MemAvailable:     873460 kB
Buffers:             552 kB
Cached:           880668 kB
SwapCached:         5932 kB
Active:          2602440 kB
Inactive:        2573436 kB
Active(anon):    2477036 kB
Inactive(anon):  1838908 kB
Active(file):     125404 kB
Inactive(file):   734528 kB
Unevictable:        6440 kB
Mlocked:            6000 kB
SwapTotal:       4718584 kB
SwapFree:        1731476 kB
Dirty:               260 kB
Writeback:             0 kB
AnonPages:       4300968 kB
Mapped:           653044 kB
Shmem:             16572 kB
KReclaimable:     234388 kB
Slab:             314692 kB
SReclaimable:      80680 kB
SUnreclaim:       234012 kB
KernelStack:       48272 kB
ShadowCallStack:   12108 kB
PageTables:        88332 kB
NFS_Unstable:          0 kB
Bounce:                0 kB
WritebackTmp:          0 kB
CommitLimit:     8677876 kB
Committed_AS:   78151528 kB
VmallocTotal:   263061440 kB
VmallocUsed:      131136 kB
VmallocChunk:          0 kB
Percpu:             2592 kB
CmaTotal:         405504 kB
CmaFree:               0 kB
MemTotal:        7918588 kB
MemFree:          167932 kB
MemAvailable:     874224 kB
Buffers:             552 kB
Cached:           880668 kB
SwapCached:         5928 kB
Active:          2672672 kB
Inactive:        2502292 kB
Active(anon):    2547268 kB
Inactive(anon):  1767764 kB
Active(file):     125404 kB
Inactive(file):   734528 kB
Unevictable:        6440 kB
Mlocked:            6000 kB
SwapTotal:       4718584 kB
SwapFree:        1660308 kB
Dirty:               260 kB
Writeback:             0 kB
AnonPages:       4300040 kB
Mapped:           653416 kB
Shmem:             16572 kB
KReclaimable:     230644 kB
Slab:             314544 kB
SReclaimable:      80760 kB
SUnreclaim:       233784 kB
KernelStack:       48256 kB
ShadowCallStack:   12116 kB
PageTables:        87984 kB
NFS_Unstable:          0 kB
Bounce:                0 kB
WritebackTmp:          0 kB
CommitLimit:     8677876 kB
Committed_AS:   78269496 kB
VmallocTotal:   263061440 kB
VmallocUsed:      131136 kB
VmallocChunk:          0 kB
Percpu:             2592 kB
CmaTotal:         405504 kB
CmaFree:               0 kB
MemTotal:        7918588 kB
MemFree:          163800 kB
MemAvailable:     868720 kB
Buffers:             552 kB
Cached:           880680 kB
SwapCached:         5836 kB
Active:          2731384 kB
Inactive:        2449452 kB
Active(anon):    2605980 kB
Inactive(anon):  1714912 kB
Active(file):     125404 kB
Inactive(file):   734540 kB
Unevictable:        6440 kB
Mlocked:            6000 kB
SwapTotal:       4718584 kB
SwapFree:        1608956 kB
Dirty:               272 kB
Writeback:             0 kB
AnonPages:       4306064 kB
Mapped:           653792 kB
Shmem:             16572 kB
KReclaimable:     227876 kB
Slab:             314924 kB
SReclaimable:      80936 kB
SUnreclaim:       233988 kB
KernelStack:       48256 kB
ShadowCallStack:   12104 kB
PageTables:        88808 kB
NFS_Unstable:          0 kB
Bounce:                0 kB
WritebackTmp:          0 kB
CommitLimit:     8677876 kB
Committed_AS:   78367800 kB
VmallocTotal:   263061440 kB
VmallocUsed:      131132 kB
VmallocChunk:          0 kB
Percpu:             2592 kB
CmaTotal:         405504 kB
CmaFree:               0 kB
MemTotal:        7918588 kB
MemFree:          163384 kB
MemAvailable:     867152 kB
Buffers:             576 kB
Cached:           880684 kB
SwapCached:         5836 kB
Active:          2778316 kB
Inactive:        2405212 kB
Active(anon):    2652912 kB
Inactive(anon):  1670648 kB
Active(file):     125404 kB
Inactive(file):   734564 kB
Unevictable:        6440 kB
Mlocked:            6000 kB
SwapTotal:       4718584 kB
SwapFree:        1565236 kB
Dirty:               276 kB
Writeback:             0 kB
AnonPages:       4308528 kB
Mapped:           654180 kB
Shmem:             16572 kB
KReclaimable:     225524 kB
Slab:             314968 kB
SReclaimable:      80968 kB
SUnreclaim:       234000 kB
KernelStack:       48240 kB
ShadowCallStack:   12100 kB
PageTables:        88816 kB
NFS_Unstable:          0 kB
Bounce:                0 kB
WritebackTmp:          0 kB
CommitLimit:     8677876 kB
Committed_AS:   78449716 kB
VmallocTotal:   263061440 kB
VmallocUsed:      131128 kB
VmallocChunk:          0 kB
Percpu:             2592 kB
CmaTotal:         405504 kB
CmaFree:               0 kB
MemTotal:        7918588 kB
MemFree:          163604 kB
MemAvailable:     865564 kB
Buffers:             576 kB
Cached:           880680 kB
SwapCached:         5836 kB
Active:          2848440 kB
Inactive:        2335164 kB
Active(anon):    2723036 kB
Inactive(anon):  1600600 kB
Active(file):     125404 kB
Inactive(file):   734564 kB
Unevictable:        6440 kB
Mlocked:            6000 kB
SwapTotal:       4718584 kB
SwapFree:        1496384 kB
Dirty:               276 kB
Writeback:             0 kB
AnonPages:       4308760 kB
Mapped:           654348 kB
Shmem:             16572 kB
KReclaimable:     221908 kB
Slab:             315048 kB
SReclaimable:      81032 kB
SUnreclaim:       234016 kB
KernelStack:       48272 kB
ShadowCallStack:   12100 kB
PageTables:        89100 kB
NFS_Unstable:          0 kB
Bounce:                0 kB
WritebackTmp:          0 kB
CommitLimit:     8677876 kB
Committed_AS:   78564404 kB
VmallocTotal:   263061440 kB
VmallocUsed:      131120 kB
VmallocChunk:          0 kB
Percpu:             2592 kB
CmaTotal:         405504 kB
CmaFree:               0 kB
MemTotal:        7918588 kB
MemFree:          164320 kB
MemAvailable:     864992 kB
Buffers:             576 kB
Cached:           880684 kB
SwapCached:         5836 kB
Active:          2902040 kB
Inactive:        2282120 kB
Active(anon):    2776636 kB
Inactive(anon):  1547552 kB
Active(file):     125404 kB
Inactive(file):   734568 kB
Unevictable:        6440 kB
Mlocked:            6000 kB
SwapTotal:       4718584 kB
SwapFree:        1444468 kB
Dirty:               212 kB
Writeback:             0 kB
AnonPages:       4309156 kB
