MemTotal:        5980404 kB
MemFree:         3061712 kB
MemAvailable:    3809828 kB
Buffers:            1436 kB
Cached:           755644 kB
SwapCached:         8144 kB
Active:           304328 kB
Inactive:        1098176 kB
Active(anon):     247160 kB
Inactive(anon):   416192 kB
Active(file):      57168 kB
Inactive(file):   681984 kB
Unevictable:        5904 kB
Mlocked:            5904 kB
SwapTotal:       3670008 kB
SwapFree:        3380196 kB
Dirty:               716 kB
Writeback:             0 kB
AnonPages:        647732 kB
Mapped:           396852 kB
Shmem:             12588 kB
KReclaimable:     571396 kB
Slab:             200036 kB
SReclaimable:      44112 kB
SUnreclaim:       155924 kB
KernelStack:       41200 kB
PageTables:        49452 kB
NFS_Unstable:          0 kB
Bounce:                0 kB
WritebackTmp:          0 kB
CommitLimit:     6660208 kB
Committed_AS:   55432964 kB
VmallocTotal:   263061440 kB
VmallocUsed:       81488 kB
VmallocChunk:          0 kB
Percpu:             7584 kB
CmaTotal:         315392 kB
CmaFree:             660 kB
MemTotal:        5980404 kB
MemFree:         2924740 kB
MemAvailable:    3735164 kB
Buffers:            1448 kB
Cached:           825172 kB
SwapCached:         8352 kB
Active:           375940 kB
Inactive:        1162648 kB
Active(anon):     313384 kB
Inactive(anon):   416272 kB
Active(file):      62556 kB
Inactive(file):   746376 kB
Unevictable:        5904 kB
Mlocked:            5904 kB
SwapTotal:       3670008 kB
SwapFree:        3380480 kB
Dirty:               764 kB
Writeback:             0 kB
AnonPages:        713816 kB
Mapped:           427296 kB
Shmem:             12724 kB
KReclaimable:     563924 kB
Slab:             199912 kB
SReclaimable:      44112 kB
SUnreclaim:       155800 kB
KernelStack:       41472 kB
PageTables:        49936 kB
NFS_Unstable:          0 kB
Bounce:                0 kB
WritebackTmp:          0 kB
CommitLimit:     6660208 kB
Committed_AS:   55566836 kB
VmallocTotal:   263061440 kB
VmallocUsed:       81792 kB
VmallocChunk:          0 kB
Percpu:             7584 kB
CmaTotal:         315392 kB
CmaFree:               0 kB
MemTotal:        5980404 kB
MemFree:         2851832 kB
MemAvailable:    3711016 kB
Buffers:            1452 kB
Cached:           873960 kB
SwapCached:         8508 kB
Active:           408264 kB
Inactive:        1200336 kB
Active(anon):     334156 kB
Inactive(anon):   416924 kB
Active(file):      74108 kB
Inactive(file):   783412 kB
Unevictable:        5904 kB
Mlocked:            5904 kB
SwapTotal:       3670008 kB
SwapFree:        3381228 kB
Dirty:               780 kB
Writeback:             0 kB
AnonPages:        734640 kB
Mapped:           467824 kB
Shmem:             13164 kB
KReclaimable:     564096 kB
Slab:             200048 kB
SReclaimable:      44128 kB
SUnreclaim:       155920 kB
KernelStack:       41888 kB
PageTables:        50252 kB
NFS_Unstable:          0 kB
Bounce:                0 kB
WritebackTmp:          0 kB
CommitLimit:     6660208 kB
Committed_AS:   55593616 kB
VmallocTotal:   263061440 kB
VmallocUsed:       82144 kB
VmallocChunk:          0 kB
Percpu:             7584 kB
CmaTotal:         315392 kB
CmaFree:             128 kB
MemTotal:        5980404 kB
MemFree:         2702768 kB
MemAvailable:    3262548 kB
Buffers:            1452 kB
Cached:           846280 kB
SwapCached:         8512 kB
Active:           456740 kB
Inactive:        1170892 kB
Active(anon):     380684 kB
Inactive(anon):   417756 kB
Active(file):      76056 kB
Inactive(file):   753136 kB
Unevictable:        5904 kB
Mlocked:            5904 kB
SwapTotal:       3670008 kB
SwapFree:        3381508 kB
Dirty:              2440 kB
Writeback:             0 kB
AnonPages:        781268 kB
Mapped:           480016 kB
Shmem:             13800 kB
KReclaimable:     512876 kB
Slab:             199988 kB
SReclaimable:      44068 kB
SUnreclaim:       155920 kB
KernelStack:       41856 kB
PageTables:        50664 kB
NFS_Unstable:          0 kB
Bounce:                0 kB
WritebackTmp:          0 kB
CommitLimit:     6660208 kB
Committed_AS:   55638020 kB
VmallocTotal:   263061440 kB
VmallocUsed:       82192 kB
VmallocChunk:          0 kB
Percpu:             7584 kB
CmaTotal:         315392 kB
CmaFree:               0 kB
MemTotal:        5980404 kB
MemFree:         2688928 kB
MemAvailable:    3256524 kB
Buffers:            1464 kB
Cached:           854276 kB
SwapCached:         8512 kB
Active:           460236 kB
Inactive:        1178320 kB
Active(anon):     384164 kB
Inactive(anon):   417416 kB
Active(file):      76072 kB
Inactive(file):   760904 kB
Unevictable:        5904 kB
Mlocked:            5904 kB
SwapTotal:       3670008 kB
SwapFree:        3381884 kB
Dirty:              2468 kB
Writeback:             0 kB
AnonPages:        784376 kB
Mapped:           483292 kB
Shmem:             13804 kB
KReclaimable:     512940 kB
Slab:             200072 kB
SReclaimable:      44132 kB
SUnreclaim:       155940 kB
KernelStack:       41852 kB
PageTables:        50552 kB
NFS_Unstable:          0 kB
Bounce:                0 kB
WritebackTmp:          0 kB
CommitLimit:     6660208 kB
Committed_AS:   55638612 kB
VmallocTotal:   263061440 kB
VmallocUsed:       82144 kB
VmallocChunk:          0 kB
Percpu:             7584 kB
CmaTotal:         315392 kB
CmaFree:              88 kB
MemTotal:        5980404 kB
MemFree:         2685400 kB
MemAvailable:    3253940 kB
Buffers:            1464 kB
Cached:           855368 kB
SwapCached:         8512 kB
Active:           463444 kB
Inactive:        1179648 kB
Active(anon):     387352 kB
Inactive(anon):   417452 kB
Active(file):      76092 kB
Inactive(file):   762196 kB
Unevictable:        5904 kB
Mlocked:            5904 kB
SwapTotal:       3670008 kB
SwapFree:        3381912 kB
Dirty:              2504 kB
Writeback:             0 kB
AnonPages:        787600 kB
Mapped:           484128 kB
Shmem:             13804 kB
KReclaimable:     512204 kB
Slab:             200092 kB
SReclaimable:      44164 kB
SUnreclaim:       155928 kB
KernelStack:       41744 kB
PageTables:        50676 kB
NFS_Unstable:          0 kB
Bounce:                0 kB
WritebackTmp:          0 kB
CommitLimit:     6660208 kB
Committed_AS:   55639880 kB
VmallocTotal:   263061440 kB
VmallocUsed:       82144 kB
VmallocChunk:          0 kB
Percpu:             7584 kB
CmaTotal:         315392 kB
CmaFree:               0 kB
MemTotal:        5980404 kB
MemFree:         2674188 kB
MemAvailable:    3247984 kB
Buffers:            1464 kB
Cached:           860664 kB
SwapCached:         8524 kB
Active:           468304 kB
Inactive:        1185076 kB
Active(anon):     392200 kB
Inactive(anon):   417612 kB
Active(file):      76104 kB
Inactive(file):   767464 kB
Unevictable:        5904 kB
Mlocked:            5904 kB
SwapTotal:       3670008 kB
SwapFree:        3382168 kB
Dirty:              2632 kB
Writeback:             4 kB
AnonPages:        792468 kB
Mapped:           488372 kB
Shmem:             13820 kB
KReclaimable:     512156 kB
Slab:             200092 kB
SReclaimable:      44164 kB
SUnreclaim:       155928 kB
KernelStack:       41776 kB
PageTables:        50692 kB
NFS_Unstable:          0 kB
Bounce:                0 kB
WritebackTmp:          0 kB
CommitLimit:     6660208 kB
Committed_AS:   55640440 kB
VmallocTotal:   263061440 kB
VmallocUsed:       82144 kB
VmallocChunk:          0 kB
Percpu:             7584 kB
CmaTotal:         315392 kB
CmaFree:               0 kB
MemTotal:        5980404 kB
MemFree:         2648096 kB
MemAvailable:    3226092 kB
Buffers:            1464 kB
Cached:           864820 kB
SwapCached:         8524 kB
Active:           490128 kB
Inactive:        1189272 kB
Active(anon):     414012 kB
Inactive(anon):   417652 kB
Active(file):      76116 kB
Inactive(file):   771620 kB
Unevictable:        5904 kB
Mlocked:            5904 kB
SwapTotal:       3670008 kB
SwapFree:        3382248 kB
Dirty:              2604 kB
Writeback:             0 kB
AnonPages:        814368 kB
Mapped:           491624 kB
Shmem:             13820 kB
KReclaimable:     512220 kB
Slab:             200156 kB
SReclaimable:      44228 kB
SUnreclaim:       155928 kB
KernelStack:       41760 kB
PageTables:        50712 kB
NFS_Unstable:          0 kB
Bounce:                0 kB
WritebackTmp:          0 kB
CommitLimit:     6660208 kB
Committed_AS:   55656308 kB
VmallocTotal:   263061440 kB
VmallocUsed:       82144 kB
VmallocChunk:          0 kB
Percpu:             7584 kB
CmaTotal:         315392 kB
CmaFree:               0 kB
MemTotal:        5980404 kB
MemFree:         2515576 kB
MemAvailable:    3086144 kB
Buffers:            1464 kB
Cached:           873828 kB
SwapCached:         8524 kB
Active:           613552 kB
Inactive:        1198340 kB
Active(anon):     537436 kB
Inactive(anon):   417704 kB
Active(file):      76116 kB
Inactive(file):   780636 kB
Unevictable:        5904 kB
Mlocked:            5904 kB
SwapTotal:       3670008 kB
SwapFree:        3382296 kB
Dirty:              2636 kB
Writeback:             0 kB
AnonPages:        937852 kB
Mapped:           538676 kB
Shmem:             13800 kB
KReclaimable:     479336 kB
Slab:             200172 kB
SReclaimable:      44244 kB
SUnreclaim:       155928 kB
KernelStack:       41680 kB
PageTables:        51164 kB
NFS_Unstable:          0 kB
Bounce:                0 kB
WritebackTmp:          0 kB
CommitLimit:     6660208 kB
Committed_AS:   55869080 kB
VmallocTotal:   263061440 kB
VmallocUsed:       82064 kB
VmallocChunk:          0 kB
Percpu:             7584 kB
CmaTotal:         315392 kB
CmaFree:               0 kB
MemTotal:        5980404 kB
MemFree:         2412040 kB
MemAvailable:    2976176 kB
Buffers:            1464 kB
Cached:           880292 kB
SwapCached:         8524 kB
Active:           698612 kB
Inactive:        1204352 kB
Active(anon):     622068 kB
Inactive(anon):   417684 kB
Active(file):      76544 kB
Inactive(file):   786668 kB
Unevictable:        5904 kB
Mlocked:            5904 kB
SwapTotal:       3670008 kB
SwapFree:        3382360 kB
Dirty:              2652 kB
Writeback:             0 kB
AnonPages:       1022652 kB
Mapped:           578872 kB
Shmem:             13804 kB
KReclaimable:     453552 kB
Slab:             200264 kB
SReclaimable:      44304 kB
SUnreclaim:       155960 kB
KernelStack:       41712 kB
PageTables:        51536 kB
NFS_Unstable:          0 kB
Bounce:                0 kB
WritebackTmp:          0 kB
CommitLimit:     6660208 kB
Committed_AS:   56009476 kB
VmallocTotal:   263061440 kB
VmallocUsed:       82064 kB
VmallocChunk:          0 kB
Percpu:             7584 kB
CmaTotal:         315392 kB
CmaFree:               8 kB
MemTotal:        5980404 kB
MemFree:         2296976 kB
MemAvailable:    2863112 kB
Buffers:            1464 kB
Cached:           882260 kB
SwapCached:         8532 kB
Active:           787268 kB
Inactive:        1206344 kB
Active(anon):     710720 kB
Inactive(anon):   417712 kB
Active(file):      76548 kB
Inactive(file):   788632 kB
Unevictable:        5904 kB
Mlocked:            5904 kB
SwapTotal:       3670008 kB
SwapFree:        3382392 kB
Dirty:              2652 kB
Writeback:             0 kB
AnonPages:       1110872 kB
Mapped:           602280 kB
Shmem:             13804 kB
KReclaimable:     453612 kB
Slab:             200292 kB
SReclaimable:      44320 kB
SUnreclaim:       155972 kB
KernelStack:       41744 kB
PageTables:        52176 kB
NFS_Unstable:          0 kB
Bounce:                0 kB
WritebackTmp:          0 kB
CommitLimit:     6660208 kB
Committed_AS:   56322604 kB
VmallocTotal:   263061440 kB
VmallocUsed:       82096 kB
VmallocChunk:          0 kB
Percpu:             7584 kB
CmaTotal:         315392 kB
CmaFree:              96 kB
MemTotal:        5980404 kB
MemFree:         2136640 kB
MemAvailable:    2704280 kB
Buffers:            1464 kB
Cached:           884008 kB
SwapCached:         8532 kB
Active:           946676 kB
Inactive:        1207468 kB
Active(anon):     869660 kB
Inactive(anon):   417788 kB
Active(file):      77016 kB
Inactive(file):   789680 kB
Unevictable:        5904 kB
Mlocked:            5904 kB
SwapTotal:       3670008 kB
SwapFree:        3382624 kB
Dirty:              2668 kB
Writeback:             0 kB
AnonPages:       1270500 kB
Mapped:           606236 kB
Shmem:             13812 kB
KReclaimable:     453588 kB
Slab:             200420 kB
SReclaimable:      44368 kB
SUnreclaim:       156052 kB
KernelStack:       41792 kB
PageTables:        52556 kB
NFS_Unstable:          0 kB
Bounce:                0 kB
WritebackTmp:          0 kB
CommitLimit:     6660208 kB
Committed_AS:   56599160 kB
VmallocTotal:   263061440 kB
VmallocUsed:       82112 kB
VmallocChunk:          0 kB
Percpu:             7584 kB
CmaTotal:         315392 kB
CmaFree:               0 kB
MemTotal:        5980404 kB
MemFree:         2040204 kB
MemAvailable:    2608328 kB
Buffers:            1464 kB
Cached:           884284 kB
SwapCached:         8532 kB
Active:          1032016 kB
Inactive:        1207856 kB
Active(anon):     954656 kB
Inactive(anon):   418048 kB
Active(file):      77360 kB
Inactive(file):   789808 kB
Unevictable:        5904 kB
Mlocked:            5904 kB
SwapTotal:       3670008 kB
SwapFree:        3382872 kB
Dirty:              2680 kB
Writeback:             0 kB
AnonPages:       1355508 kB
Mapped:           607224 kB
Shmem:             13840 kB
KReclaimable:     453612 kB
Slab:             200472 kB
SReclaimable:      44400 kB
SUnreclaim:       156072 kB
KernelStack:       41792 kB
PageTables:        52944 kB
NFS_Unstable:          0 kB
Bounce:                0 kB
WritebackTmp:          0 kB
CommitLimit:     6660208 kB
Committed_AS:   56763820 kB
VmallocTotal:   263061440 kB
VmallocUsed:       82096 kB
VmallocChunk:          0 kB
Percpu:             7584 kB
CmaTotal:         315392 kB
CmaFree:               0 kB
MemTotal:        5980404 kB
MemFree:         1939540 kB
MemAvailable:    2508196 kB
Buffers:            1464 kB
Cached:           884816 kB
SwapCached:         8532 kB
Active:          1129468 kB
Inactive:        1208384 kB
Active(anon):    1052100 kB
Inactive(anon):   418056 kB
Active(file):      77368 kB
Inactive(file):   790328 kB
Unevictable:        5904 kB
Mlocked:            5904 kB
SwapTotal:       3670008 kB
SwapFree:        3382872 kB
Dirty:              2684 kB
Writeback:             0 kB
AnonPages:       1453108 kB
Mapped:           608832 kB
Shmem:             13844 kB
KReclaimable:     453620 kB
Slab:             200576 kB
SReclaimable:      44408 kB
SUnreclaim:       156168 kB
KernelStack:       41760 kB
PageTables:        53416 kB
NFS_Unstable:          0 kB
Bounce:                0 kB
WritebackTmp:          0 kB
CommitLimit:     6660208 kB
Committed_AS:   56992768 kB
VmallocTotal:   263061440 kB
VmallocUsed:       82112 kB
VmallocChunk:          0 kB
Percpu:             7584 kB
CmaTotal:         315392 kB
CmaFree:               0 kB
MemTotal:        5980404 kB
MemFree:         1870808 kB
MemAvailable:    2440492 kB
Buffers:            1464 kB
Cached:           885840 kB
SwapCached:         8536 kB
Active:          1195852 kB
Inactive:        1209468 kB
Active(anon):    1118476 kB
Inactive(anon):   418120 kB
Active(file):      77376 kB
Inactive(file):   791348 kB
Unevictable:        5904 kB
Mlocked:            5904 kB
SwapTotal:       3670008 kB
SwapFree:        3383088 kB
Dirty:              2704 kB
Writeback:             0 kB
AnonPages:       1519272 kB
Mapped:           610260 kB
Shmem:             13848 kB
KReclaimable:     453624 kB
Slab:             200616 kB
SReclaimable:      44412 kB
SUnreclaim:       156204 kB
KernelStack:       41776 kB
PageTables:        53732 kB
NFS_Unstable:          0 kB
Bounce:                0 kB
WritebackTmp:          0 kB
CommitLimit:     6660208 kB
Committed_AS:   57188996 kB
VmallocTotal:   263061440 kB
VmallocUsed:       82112 kB
VmallocChunk:          0 kB
Percpu:             7584 kB
CmaTotal:         315392 kB
CmaFree:               0 kB
MemTotal:        5980404 kB
MemFree:         1811844 kB
MemAvailable:    2381736 kB
Buffers:            1464 kB
Cached:           886056 kB
SwapCached:         8536 kB
Active:          1253312 kB
Inactive:        1209672 kB
Active(anon):    1175924 kB
Inactive(anon):   418128 kB
Active(file):      77388 kB
Inactive(file):   791544 kB
Unevictable:        5904 kB
Mlocked:            5904 kB
SwapTotal:       3670008 kB
SwapFree:        3383092 kB
Dirty:              2744 kB
Writeback:             0 kB
AnonPages:       1576800 kB
Mapped:           610808 kB
Shmem:             13848 kB
KReclaimable:     453624 kB
Slab:             200668 kB
SReclaimable:      44412 kB
SUnreclaim:       156256 kB
KernelStack:       41744 kB
PageTables:        54076 kB
NFS_Unstable:          0 kB
Bounce:                0 kB
WritebackTmp:          0 kB
CommitLimit:     6660208 kB
Committed_AS:   57336104 kB
VmallocTotal:   263061440 kB
VmallocUsed:       82096 kB
VmallocChunk:          0 kB
Percpu:             7584 kB
CmaTotal:         315392 kB
CmaFree:               0 kB
MemTotal:        5980404 kB
MemFree:         1736480 kB
MemAvailable:    2326288 kB
Buffers:            1464 kB
Cached:           906180 kB
SwapCached:         8536 kB
Active:          1308800 kB
Inactive:        1229036 kB
Active(anon):    1230848 kB
Inactive(anon):   418148 kB
Active(file):      77952 kB
Inactive(file):   810888 kB
Unevictable:        5904 kB
Mlocked:            5904 kB
SwapTotal:       3670008 kB
SwapFree:        3383120 kB
Dirty:              2744 kB
Writeback:             0 kB
AnonPages:       1631856 kB
Mapped:           611264 kB
Shmem:             13848 kB
KReclaimable:     453640 kB
Slab:             200688 kB
SReclaimable:      44428 kB
SUnreclaim:       156260 kB
KernelStack:       41760 kB
PageTables:        54360 kB
NFS_Unstable:          0 kB
Bounce:                0 kB
WritebackTmp:          0 kB
CommitLimit:     6660208 kB
Committed_AS:   57483172 kB
VmallocTotal:   263061440 kB
VmallocUsed:       82096 kB
VmallocChunk:          0 kB
Percpu:             7584 kB
CmaTotal:         315392 kB
CmaFree:               0 kB
MemTotal:        5980404 kB
MemFree:         1629448 kB
MemAvailable:    2240672 kB
Buffers:            1464 kB
Cached:           927272 kB
SwapCached:         8536 kB
Active:          1393060 kB
Inactive:        1250844 kB
Active(anon):    1314584 kB
Inactive(anon):   419064 kB
Active(file):      78476 kB
Inactive(file):   831780 kB
Unevictable:        5904 kB
Mlocked:            5904 kB
SwapTotal:       3670008 kB
SwapFree:        3384144 kB
Dirty:              2788 kB
Writeback:             0 kB
AnonPages:       1716320 kB
Mapped:           614168 kB
Shmem:             13848 kB
KReclaimable:     453640 kB
Slab:             200720 kB
SReclaimable:      44428 kB
SUnreclaim:       156292 kB
KernelStack:       41744 kB
PageTables:        54760 kB
NFS_Unstable:          0 kB
Bounce:                0 kB
WritebackTmp:          0 kB
CommitLimit:     6660208 kB
Committed_AS:   57696128 kB
VmallocTotal:   263061440 kB
VmallocUsed:       82080 kB
VmallocChunk:          0 kB
Percpu:             7584 kB
CmaTotal:         315392 kB
CmaFree:               0 kB
MemTotal:        5980404 kB
MemFree:         1005192 kB
MemAvailable:    1665336 kB
Buffers:            1468 kB
Cached:           976308 kB
SwapCached:         8536 kB
Active:          1958832 kB
Inactive:        1298824 kB
Active(anon):    1879228 kB
Inactive(anon):   419252 kB
Active(file):      79604 kB
Inactive(file):   879572 kB
Unevictable:        5904 kB
Mlocked:            5904 kB
SwapTotal:       3670008 kB
SwapFree:        3384496 kB
Dirty:              2792 kB
Writeback:             0 kB
AnonPages:       2281464 kB
Mapped:           623504 kB
Shmem:             13860 kB
KReclaimable:     453640 kB
Slab:             201016 kB
SReclaimable:      44428 kB
SUnreclaim:       156588 kB
KernelStack:       41776 kB
PageTables:        57588 kB
NFS_Unstable:          0 kB
Bounce:                0 kB
WritebackTmp:          0 kB
CommitLimit:     6660208 kB
Committed_AS:   59039368 kB
VmallocTotal:   263061440 kB
VmallocUsed:       82128 kB
VmallocChunk:          0 kB
Percpu:             7584 kB
CmaTotal:         315392 kB
CmaFree:               0 kB
MemTotal:        5980404 kB
MemFree:          964156 kB
MemAvailable:    1624300 kB
Buffers:            1468 kB
Cached:           976308 kB
SwapCached:         8536 kB
Active:          1997680 kB
Inactive:        1298824 kB
Active(anon):    1918076 kB
Inactive(anon):   419252 kB
Active(file):      79604 kB
Inactive(file):   879572 kB
Unevictable:        5904 kB
Mlocked:            5904 kB
SwapTotal:       3670008 kB
SwapFree:        3384496 kB
Dirty:              2792 kB
Writeback:             0 kB
AnonPages:       2320412 kB
Mapped:           623600 kB
Shmem:             13860 kB
KReclaimable:     453640 kB
Slab:             201044 kB
SReclaimable:      44428 kB
SUnreclaim:       156616 kB
KernelStack:       41760 kB
PageTables:        57824 kB
NFS_Unstable:          0 kB
Bounce:                0 kB
WritebackTmp:          0 kB
CommitLimit:     6660208 kB
Committed_AS:   59137284 kB
VmallocTotal:   263061440 kB
VmallocUsed:       82128 kB
VmallocChunk:          0 kB
Percpu:             7584 kB
CmaTotal:         315392 kB
CmaFree:               0 kB
MemTotal:        5980404 kB
MemFree:          923516 kB
MemAvailable:    1583660 kB
Buffers:            1468 kB
Cached:           976308 kB
SwapCached:         8536 kB
Active:          2037452 kB
Inactive:        1298820 kB
Active(anon):    1957844 kB
Inactive(anon):   419252 kB
Active(file):      79608 kB
Inactive(file):   879568 kB
Unevictable:        5904 kB
Mlocked:            5904 kB
SwapTotal:       3670008 kB
SwapFree:        3384496 kB
Dirty:              2792 kB
Writeback:             0 kB
AnonPages:       2359816 kB
Mapped:           624056 kB
Shmem:             13860 kB
KReclaimable:     453640 kB
Slab:             201052 kB
SReclaimable:      44428 kB
SUnreclaim:       156624 kB
KernelStack:       41744 kB
PageTables:        57892 kB
NFS_Unstable:          0 kB
Bounce:                0 kB
WritebackTmp:          0 kB
CommitLimit:     6660208 kB
Committed_AS:   59218752 kB
VmallocTotal:   263061440 kB
VmallocUsed:       82128 kB
VmallocChunk:          0 kB
Percpu:             7584 kB
CmaTotal:         315392 kB
CmaFree:               0 kB
MemTotal:        5980404 kB
MemFree:          897052 kB
MemAvailable:    1557760 kB
Buffers:            1468 kB
Cached:           976872 kB
SwapCached:         8536 kB
Active:          2063696 kB
Inactive:        1299392 kB
Active(anon):    1984088 kB
Inactive(anon):   419260 kB
Active(file):      79608 kB
Inactive(file):   880132 kB
Unevictable:        5904 kB
Mlocked:            5904 kB
SwapTotal:       3670008 kB
SwapFree:        3384504 kB
Dirty:              2796 kB
Writeback:             0 kB
AnonPages:       2385904 kB
Mapped:           624480 kB
Shmem:             13860 kB
KReclaimable:     453640 kB
Slab:             201040 kB
SReclaimable:      44428 kB
SUnreclaim:       156612 kB
KernelStack:       41744 kB
PageTables:        57956 kB
NFS_Unstable:          0 kB
Bounce:                0 kB
WritebackTmp:          0 kB
CommitLimit:     6660208 kB
Committed_AS:   59267888 kB
VmallocTotal:   263061440 kB
VmallocUsed:       82128 kB
VmallocChunk:          0 kB
Percpu:             7584 kB
CmaTotal:         315392 kB
CmaFree:               0 kB
MemTotal:        5980404 kB
MemFree:          863460 kB
MemAvailable:    1524900 kB
Buffers:            1468 kB
Cached:           977640 kB
SwapCached:         8536 kB
Active:          2095996 kB
Inactive:        1300124 kB
Active(anon):    2016388 kB
Inactive(anon):   419264 kB
Active(file):      79608 kB
Inactive(file):   880860 kB
Unevictable:        5904 kB
Mlocked:            5904 kB
SwapTotal:       3670008 kB
SwapFree:        3384508 kB
Dirty:              2812 kB
Writeback:             0 kB
AnonPages:       2418368 kB
Mapped:           624964 kB
Shmem:             13864 kB
KReclaimable:     453648 kB
Slab:             201064 kB
SReclaimable:      44436 kB
SUnreclaim:       156628 kB
KernelStack:       41760 kB
PageTables:        58144 kB
NFS_Unstable:          0 kB
Bounce:                0 kB
WritebackTmp:          0 kB
CommitLimit:     6660208 kB
Committed_AS:   59365440 kB
VmallocTotal:   263061440 kB
VmallocUsed:       82128 kB
VmallocChunk:          0 kB
Percpu:             7584 kB
CmaTotal:         315392 kB
CmaFree:               0 kB
MemTotal:        5980404 kB
MemFree:          832260 kB
MemAvailable:    1493740 kB
Buffers:            1468 kB
Cached:           977664 kB
SwapCached:         8536 kB
Active:          2126400 kB
Inactive:        1300244 kB
Active(anon):    2046788 kB
Inactive(anon):   419348 kB
Active(file):      79612 kB
Inactive(file):   880896 kB
Unevictable:        5904 kB
Mlocked:            5904 kB
SwapTotal:       3670008 kB
SwapFree:        3384648 kB
Dirty:              2828 kB
Writeback:             0 kB
AnonPages:       2448808 kB
Mapped:           625488 kB
Shmem:             13884 kB
KReclaimable:     453648 kB
Slab:             201080 kB
SReclaimable:      44436 kB
SUnreclaim:       156644 kB
KernelStack:       41744 kB
PageTables:        58216 kB
NFS_Unstable:          0 kB
Bounce:                0 kB
WritebackTmp:          0 kB
CommitLimit:     6660208 kB
Committed_AS:   59414576 kB
VmallocTotal:   263061440 kB
VmallocUsed:       82128 kB
VmallocChunk:          0 kB
Percpu:             7584 kB
CmaTotal:         315392 kB
CmaFree:               0 kB
MemTotal:        5980404 kB
MemFree:          798716 kB
MemAvailable:    1460196 kB
Buffers:            1468 kB
Cached:           977664 kB
SwapCached:         8536 kB
Active:          2158980 kB
Inactive:        1300244 kB
Active(anon):    2079368 kB
Inactive(anon):   419348 kB
Active(file):      79612 kB
Inactive(file):   880896 kB
Unevictable:        5904 kB
Mlocked:            5904 kB
SwapTotal:       3670008 kB
SwapFree:        3384648 kB
Dirty:              2828 kB
Writeback:             0 kB
AnonPages:       2481320 kB
Mapped:           625840 kB
Shmem:             13884 kB
KReclaimable:     453648 kB
Slab:             201084 kB
SReclaimable:      44436 kB
SUnreclaim:       156648 kB
KernelStack:       41728 kB
PageTables:        58444 kB
NFS_Unstable:          0 kB
Bounce:                0 kB
WritebackTmp:          0 kB
CommitLimit:     6660208 kB
Committed_AS:   59495816 kB
VmallocTotal:   263061440 kB
VmallocUsed:       82128 kB
VmallocChunk:          0 kB
Percpu:             7584 kB
CmaTotal:         315392 kB
CmaFree:               0 kB
MemTotal:        5980404 kB
MemFree:          739220 kB
MemAvailable:    1402780 kB
Buffers:            1468 kB
Cached:           979756 kB
SwapCached:         8536 kB
Active:          2214356 kB
Inactive:        1302344 kB
Active(anon):    2134728 kB
Inactive(anon):   419384 kB
Active(file):      79628 kB
Inactive(file):   882960 kB
Unevictable:        5904 kB
Mlocked:            5904 kB
SwapTotal:       3670008 kB
SwapFree:        3384780 kB
Dirty:              2872 kB
Writeback:             0 kB
AnonPages:       2537040 kB
Mapped:           627608 kB
Shmem:             13896 kB
KReclaimable:     453648 kB
Slab:             201128 kB
SReclaimable:      44436 kB
SUnreclaim:       156692 kB
KernelStack:       41744 kB
PageTables:        58520 kB
NFS_Unstable:          0 kB
Bounce:                0 kB
WritebackTmp:          0 kB
CommitLimit:     6660208 kB
Committed_AS:   59642884 kB
VmallocTotal:   263061440 kB
VmallocUsed:       82128 kB
VmallocChunk:          0 kB
Percpu:             7584 kB
CmaTotal:         315392 kB
CmaFree:             128 kB
MemTotal:        5980404 kB
MemFree:          704832 kB
MemAvailable:    1368392 kB
Buffers:            1468 kB
Cached:           979756 kB
SwapCached:         8536 kB
Active:          2248040 kB
Inactive:        1302340 kB
Active(anon):    2168408 kB
Inactive(anon):   419384 kB
Active(file):      79632 kB
Inactive(file):   882956 kB
Unevictable:        5904 kB
Mlocked:            5904 kB
SwapTotal:       3670008 kB
SwapFree:        3384780 kB
Dirty:               364 kB
Writeback:             0 kB
AnonPages:       2570492 kB
Mapped:           628160 kB
Shmem:             13896 kB
KReclaimable:     453648 kB
Slab:             201152 kB
SReclaimable:      44436 kB
SUnreclaim:       156716 kB
KernelStack:       41744 kB
PageTables:        58844 kB
NFS_Unstable:          0 kB
Bounce:                0 kB
WritebackTmp:          0 kB
CommitLimit:     6660208 kB
Committed_AS:   59694560 kB
VmallocTotal:   263061440 kB
VmallocUsed:       82112 kB
VmallocChunk:          0 kB
Percpu:             7584 kB
CmaTotal:         315392 kB
CmaFree:               0 kB
MemTotal:        5980404 kB
MemFree:          685292 kB
MemAvailable:    1349084 kB
Buffers:            1468 kB
Cached:           980096 kB
SwapCached:         8544 kB
Active:          2267044 kB
Inactive:        1302816 kB
Active(anon):    2187404 kB
Inactive(anon):   419636 kB
Active(file):      79640 kB
Inactive(file):   883180 kB
Unevictable:        5904 kB
Mlocked:            5904 kB
SwapTotal:       3670008 kB
SwapFree:        3385632 kB
Dirty:               272 kB
Writeback:             0 kB
AnonPages:       2590028 kB
Mapped:           628512 kB
Shmem:             13896 kB
KReclaimable:     453648 kB
Slab:             201176 kB
SReclaimable:      44436 kB
SUnreclaim:       156740 kB
KernelStack:       41728 kB
PageTables:        58932 kB
NFS_Unstable:          0 kB
Bounce:                0 kB
WritebackTmp:          0 kB
CommitLimit:     6660208 kB
Committed_AS:   59761032 kB
VmallocTotal:   263061440 kB
VmallocUsed:       82128 kB
VmallocChunk:          0 kB
Percpu:             7584 kB
CmaTotal:         315392 kB
CmaFree:               0 kB
MemTotal:        5980404 kB
MemFree:          646768 kB
MemAvailable:    1311272 kB
Buffers:            1472 kB
Cached:           980696 kB
SwapCached:         8548 kB
Active:          2305768 kB
Inactive:        1303708 kB
Active(anon):    2226128 kB
Inactive(anon):   419816 kB
Active(file):      79640 kB
Inactive(file):   883892 kB
Unevictable:        5904 kB
Mlocked:            5904 kB
SwapTotal:       3670008 kB
SwapFree:        3385648 kB
Dirty:               272 kB
Writeback:             0 kB
AnonPages:       2628756 kB
Mapped:           629144 kB
Shmem:             13896 kB
KReclaimable:     453648 kB
Slab:             201176 kB
SReclaimable:      44436 kB
SUnreclaim:       156740 kB
KernelStack:       41760 kB
PageTables:        59136 kB
NFS_Unstable:          0 kB
Bounce:                0 kB
WritebackTmp:          0 kB
CommitLimit:     6660208 kB
Committed_AS:   59842216 kB
VmallocTotal:   263061440 kB
VmallocUsed:       82128 kB
VmallocChunk:          0 kB
Percpu:             7584 kB
CmaTotal:         315392 kB
CmaFree:               0 kB
MemTotal:        5980404 kB
MemFree:          604116 kB
MemAvailable:    1272596 kB
Buffers:            1472 kB
Cached:           984552 kB
SwapCached:         8548 kB
Active:          2344556 kB
Inactive:        1307556 kB
Active(anon):    2264780 kB
Inactive(anon):   419824 kB
Active(file):      79776 kB
Inactive(file):   887732 kB
Unevictable:        5904 kB
Mlocked:            5904 kB
SwapTotal:       3670008 kB
SwapFree:        3385652 kB
Dirty:               296 kB
Writeback:             0 kB
AnonPages:       2667376 kB
Mapped:           630740 kB
Shmem:             13900 kB
KReclaimable:     453648 kB
Slab:             201196 kB
SReclaimable:      44436 kB
SUnreclaim:       156760 kB
KernelStack:       41824 kB
PageTables:        59340 kB
NFS_Unstable:          0 kB
Bounce:                0 kB
WritebackTmp:          0 kB
CommitLimit:     6660208 kB
Committed_AS:   59923936 kB
VmallocTotal:   263061440 kB
VmallocUsed:       82144 kB
VmallocChunk:          0 kB
Percpu:             7584 kB
CmaTotal:         315392 kB
CmaFree:               0 kB
MemTotal:        5980404 kB
MemFree:          574308 kB
MemAvailable:    1242960 kB
Buffers:            1472 kB
Cached:           984852 kB
SwapCached:         8548 kB
Active:          2373072 kB
Inactive:        1307720 kB
Active(anon):    2293284 kB
Inactive(anon):   419828 kB
Active(file):      79788 kB
Inactive(file):   887892 kB
Unevictable:        5904 kB
Mlocked:            5904 kB
SwapTotal:       3670008 kB
SwapFree:        3385652 kB
Dirty:               316 kB
Writeback:             0 kB
AnonPages:       2695840 kB
Mapped:           631148 kB
Shmem:             13904 kB
KReclaimable:     453648 kB
Slab:             201180 kB
SReclaimable:      44436 kB
SUnreclaim:       156744 kB
KernelStack:       41760 kB
PageTables:        59324 kB
NFS_Unstable:          0 kB
Bounce:                0 kB
WritebackTmp:          0 kB
CommitLimit:     6660208 kB
Committed_AS:   60005264 kB
VmallocTotal:   263061440 kB
VmallocUsed:       82112 kB
VmallocChunk:          0 kB
Percpu:             7584 kB
CmaTotal:         315392 kB
CmaFree:               0 kB
MemTotal:        5980404 kB
MemFree:          546212 kB
MemAvailable:    1216660 kB
Buffers:            1472 kB
Cached:           986756 kB
SwapCached:         8548 kB
Active:          2399520 kB
Inactive:        1309516 kB
Active(anon):    2319732 kB
Inactive(anon):   419828 kB
Active(file):      79788 kB
Inactive(file):   889688 kB
Unevictable:        5904 kB
Mlocked:            5904 kB
SwapTotal:       3670008 kB
SwapFree:        3385652 kB
Dirty:               320 kB
Writeback:             0 kB
AnonPages:       2722064 kB
Mapped:           632060 kB
Shmem:             13904 kB
KReclaimable:     453648 kB
Slab:             201212 kB
SReclaimable:      44436 kB
SUnreclaim:       156776 kB
KernelStack:       41760 kB
PageTables:        59512 kB
NFS_Unstable:          0 kB
Bounce:                0 kB
WritebackTmp:          0 kB
CommitLimit:     6660208 kB
Committed_AS:   60086884 kB
VmallocTotal:   263061440 kB
VmallocUsed:       82112 kB
VmallocChunk:          0 kB
Percpu:             7584 kB
CmaTotal:         315392 kB
CmaFree:               0 kB
MemTotal:        5980404 kB
MemFree:          511908 kB
MemAvailable:    1182420 kB
Buffers:            1472 kB
Cached:           986712 kB
SwapCached:         8548 kB
Active:          2432676 kB
Inactive:        1309580 kB
Active(anon):    2352888 kB
Inactive(anon):   419828 kB
Active(file):      79788 kB
Inactive(file):   889752 kB
Unevictable:        5904 kB
Mlocked:            5904 kB
SwapTotal:       3670008 kB
SwapFree:        3385652 kB
Dirty:               324 kB
Writeback:             0 kB
AnonPages:       2755668 kB
Mapped:           632352 kB
Shmem:             13904 kB
KReclaimable:     453648 kB
Slab:             201216 kB
SReclaimable:      44436 kB
SUnreclaim:       156780 kB
KernelStack:       41760 kB
PageTables:        59708 kB
NFS_Unstable:          0 kB
Bounce:                0 kB
WritebackTmp:          0 kB
CommitLimit:     6660208 kB
Committed_AS:   60152068 kB
VmallocTotal:   263061440 kB
VmallocUsed:       82112 kB
VmallocChunk:          0 kB
Percpu:             7584 kB
CmaTotal:         315392 kB
CmaFree:               0 kB
MemTotal:        5980404 kB
MemFree:          487832 kB
MemAvailable:    1158352 kB
Buffers:            1472 kB
Cached:           986728 kB
SwapCached:         8548 kB
Active:          2456124 kB
Inactive:        1309600 kB
Active(anon):    2376328 kB
Inactive(anon):   419848 kB
Active(file):      79796 kB
Inactive(file):   889752 kB
Unevictable:        5904 kB
Mlocked:            5904 kB
SwapTotal:       3670008 kB
SwapFree:        3385664 kB
Dirty:               332 kB
Writeback:             0 kB
AnonPages:       2778928 kB
Mapped:           632632 kB
Shmem:             13912 kB
KReclaimable:     453648 kB
Slab:             201240 kB
SReclaimable:      44436 kB
SUnreclaim:       156804 kB
KernelStack:       41744 kB
PageTables:        59768 kB
NFS_Unstable:          0 kB
Bounce:                0 kB
WritebackTmp:          0 kB
CommitLimit:     6660208 kB
Committed_AS:   60200800 kB
VmallocTotal:   263061440 kB
VmallocUsed:       82112 kB
VmallocChunk:          0 kB
Percpu:             7584 kB
CmaTotal:         315392 kB
CmaFree:               0 kB
MemTotal:        5980404 kB
MemFree:          445876 kB
MemAvailable:    1116396 kB
Buffers:            1472 kB
Cached:           986728 kB
SwapCached:         8548 kB
Active:          2497848 kB
Inactive:        1309600 kB
Active(anon):    2418052 kB
Inactive(anon):   419848 kB
Active(file):      79796 kB
Inactive(file):   889752 kB
Unevictable:        5904 kB
Mlocked:            5904 kB
SwapTotal:       3670008 kB
SwapFree:        3385664 kB
Dirty:               332 kB
Writeback:             0 kB
AnonPages:       2820216 kB
Mapped:           632860 kB
Shmem:             13912 kB
KReclaimable:     453648 kB
Slab:             201244 kB
SReclaimable:      44436 kB
SUnreclaim:       156808 kB
KernelStack:       41760 kB
PageTables:        59980 kB
NFS_Unstable:          0 kB
Bounce:                0 kB
WritebackTmp:          0 kB
CommitLimit:     6660208 kB
Committed_AS:   60298664 kB
VmallocTotal:   263061440 kB
VmallocUsed:       82112 kB
VmallocChunk:          0 kB
Percpu:             7584 kB
CmaTotal:         315392 kB
CmaFree:               0 kB
MemTotal:        5980404 kB
MemFree:          415496 kB
MemAvailable:    1086016 kB
Buffers:            1472 kB
Cached:           986728 kB
SwapCached:         8548 kB
Active:          2527468 kB
Inactive:        1309600 kB
Active(anon):    2447672 kB
Inactive(anon):   419848 kB
Active(file):      79796 kB
Inactive(file):   889752 kB
Unevictable:        5904 kB
Mlocked:            5904 kB
SwapTotal:       3670008 kB
SwapFree:        3385664 kB
Dirty:               332 kB
Writeback:             0 kB
AnonPages:       2850316 kB
Mapped:           633076 kB
Shmem:             13912 kB
KReclaimable:     453648 kB
Slab:             201284 kB
SReclaimable:      44436 kB
SUnreclaim:       156848 kB
KernelStack:       41792 kB
PageTables:        60092 kB
NFS_Unstable:          0 kB
Bounce:                0 kB
WritebackTmp:          0 kB
CommitLimit:     6660208 kB
Committed_AS:   60363776 kB
VmallocTotal:   263061440 kB
VmallocUsed:       82112 kB
VmallocChunk:          0 kB
Percpu:             7584 kB
CmaTotal:         315392 kB
CmaFree:               0 kB
MemTotal:        5980404 kB
MemFree:          391540 kB
MemAvailable:    1062064 kB
Buffers:            1472 kB
Cached:           986736 kB
SwapCached:         8552 kB
Active:          2550372 kB
Inactive:        1309620 kB
Active(anon):    2470576 kB
Inactive(anon):   419864 kB
Active(file):      79796 kB
Inactive(file):   889756 kB
Unevictable:        5904 kB
Mlocked:            5904 kB
SwapTotal:       3670008 kB
SwapFree:        3385680 kB
Dirty:               340 kB
Writeback:             0 kB
AnonPages:       2873212 kB
Mapped:           633392 kB
Shmem:             13916 kB
KReclaimable:     453648 kB
Slab:             201304 kB
SReclaimable:      44436 kB
SUnreclaim:       156868 kB
KernelStack:       41760 kB
PageTables:        60244 kB
NFS_Unstable:          0 kB
Bounce:                0 kB
WritebackTmp:          0 kB
CommitLimit:     6660208 kB
Committed_AS:   60429252 kB
VmallocTotal:   263061440 kB
VmallocUsed:       82112 kB
VmallocChunk:          0 kB
Percpu:             7584 kB
CmaTotal:         315392 kB
CmaFree:               0 kB
MemTotal:        5980404 kB
MemFree:          345316 kB
MemAvailable:    1015900 kB
Buffers:            1500 kB
Cached:           987108 kB
SwapCached:         8552 kB
Active:          2596196 kB
Inactive:        1309768 kB
Active(anon):    2516388 kB
Inactive(anon):   419964 kB
Active(file):      79808 kB
Inactive(file):   889804 kB
Unevictable:        5904 kB
Mlocked:            5904 kB
SwapTotal:       3670008 kB
SwapFree:        3386392 kB
Dirty:               372 kB
Writeback:             0 kB
AnonPages:       2919200 kB
Mapped:           633852 kB
Shmem:             13916 kB
KReclaimable:     453648 kB
Slab:             201308 kB
SReclaimable:      44436 kB
SUnreclaim:       156872 kB
KernelStack:       41760 kB
PageTables:        60412 kB
NFS_Unstable:          0 kB
Bounce:                0 kB
WritebackTmp:          0 kB
CommitLimit:     6660208 kB
Committed_AS:   60510376 kB
VmallocTotal:   263061440 kB
VmallocUsed:       82112 kB
VmallocChunk:          0 kB
Percpu:             7584 kB
CmaTotal:         315392 kB
CmaFree:               0 kB
MemTotal:        5980404 kB
MemFree:          307316 kB
MemAvailable:     978284 kB
Buffers:            1500 kB
Cached:           987152 kB
SwapCached:         8552 kB
Active:          2632136 kB
Inactive:        1310396 kB
Active(anon):    2552312 kB
Inactive(anon):   420224 kB
Active(file):      79824 kB
Inactive(file):   890172 kB
Unevictable:        5904 kB
Mlocked:            5904 kB
SwapTotal:       3670008 kB
SwapFree:        3386392 kB
Dirty:               372 kB
Writeback:             0 kB
AnonPages:       2955224 kB
Mapped:           634484 kB
Shmem:             13916 kB
KReclaimable:     453648 kB
Slab:             201324 kB
SReclaimable:      44436 kB
SUnreclaim:       156888 kB
KernelStack:       41760 kB
PageTables:        60592 kB
NFS_Unstable:          0 kB
Bounce:                0 kB
WritebackTmp:          0 kB
CommitLimit:     6660208 kB
Committed_AS:   60591952 kB
VmallocTotal:   263061440 kB
VmallocUsed:       82112 kB
VmallocChunk:          0 kB
Percpu:             7584 kB
CmaTotal:         315392 kB
CmaFree:               8 kB
MemTotal:        5980404 kB
MemFree:          403768 kB
MemAvailable:    1146228 kB
Buffers:            1500 kB
Cached:           960248 kB
SwapCached:         8552 kB
Active:          2655196 kB
Inactive:        1288440 kB
Active(anon):    2577380 kB
Inactive(anon):   422960 kB
Active(file):      77816 kB
Inactive(file):   865480 kB
Unevictable:        5904 kB
Mlocked:            5904 kB
SwapTotal:       3670008 kB
SwapFree:        3386392 kB
Dirty:               372 kB
Writeback:             0 kB
AnonPages:       2982884 kB
Mapped:           634460 kB
Shmem:             13916 kB
KReclaimable:     361596 kB
Slab:             201128 kB
SReclaimable:      44216 kB
SUnreclaim:       156912 kB
KernelStack:       41760 kB
PageTables:        60724 kB
NFS_Unstable:          0 kB
Bounce:                0 kB
WritebackTmp:          0 kB
CommitLimit:     6660208 kB
Committed_AS:   60657080 kB
VmallocTotal:   263061440 kB
VmallocUsed:       82112 kB
VmallocChunk:          0 kB
Percpu:             7584 kB
CmaTotal:         315392 kB
CmaFree:               0 kB
MemTotal:        5980404 kB
MemFree:          371120 kB
MemAvailable:    1113288 kB
Buffers:            1500 kB
Cached:           960240 kB
SwapCached:         8552 kB
Active:          2688696 kB
Inactive:        1288120 kB
Active(anon):    2610896 kB
Inactive(anon):   422836 kB
Active(file):      77800 kB
Inactive(file):   865284 kB
Unevictable:        5904 kB
Mlocked:            5904 kB
SwapTotal:       3670008 kB
SwapFree:        3386392 kB
Dirty:               372 kB
Writeback:             0 kB
AnonPages:       3016136 kB
Mapped:           634756 kB
Shmem:             13916 kB
KReclaimable:     361516 kB
Slab:             201056 kB
SReclaimable:      44136 kB
SUnreclaim:       156920 kB
KernelStack:       41760 kB
PageTables:        60848 kB
NFS_Unstable:          0 kB
Bounce:                0 kB
WritebackTmp:          0 kB
CommitLimit:     6660208 kB
Committed_AS:   60738600 kB
VmallocTotal:   263061440 kB
VmallocUsed:       82128 kB
VmallocChunk:          0 kB
Percpu:             7584 kB
CmaTotal:         315392 kB
CmaFree:               0 kB
MemTotal:        5980404 kB
MemFree:          327344 kB
MemAvailable:    1069512 kB
Buffers:            1500 kB
Cached:           960240 kB
SwapCached:         8552 kB
Active:          2731776 kB
Inactive:        1288112 kB
Active(anon):    2653976 kB
Inactive(anon):   422828 kB
Active(file):      77800 kB
Inactive(file):   865284 kB
Unevictable:        5904 kB
Mlocked:            5904 kB
SwapTotal:       3670008 kB
SwapFree:        3386392 kB
Dirty:               372 kB
Writeback:             0 kB
AnonPages:       3058956 kB
Mapped:           635180 kB
Shmem:             13916 kB
KReclaimable:     361516 kB
Slab:             201084 kB
SReclaimable:      44136 kB
SUnreclaim:       156948 kB
KernelStack:       41792 kB
PageTables:        61108 kB
NFS_Unstable:          0 kB
Bounce:                0 kB
WritebackTmp:          0 kB
CommitLimit:     6660208 kB
Committed_AS:   60836968 kB
VmallocTotal:   263061440 kB
VmallocUsed:       82112 kB
VmallocChunk:          0 kB
Percpu:             7584 kB
CmaTotal:         315392 kB
CmaFree:               0 kB
MemTotal:        5980404 kB
MemFree:          308880 kB
MemAvailable:    1051076 kB
Buffers:            1504 kB
Cached:           960264 kB
SwapCached:         8552 kB
Active:          2750780 kB
Inactive:        1288140 kB
Active(anon):    2672980 kB
Inactive(anon):   422828 kB
Active(file):      77800 kB
Inactive(file):   865312 kB
Unevictable:        5904 kB
Mlocked:            5904 kB
SwapTotal:       3670008 kB
SwapFree:        3386392 kB
Dirty:               296 kB
Writeback:             0 kB
AnonPages:       3078440 kB
Mapped:           635284 kB
Shmem:             13916 kB
KReclaimable:     361516 kB
Slab:             201080 kB
SReclaimable:      44136 kB
SUnreclaim:       156944 kB
KernelStack:       41744 kB
PageTables:        61120 kB
NFS_Unstable:          0 kB
Bounce:                0 kB
WritebackTmp:          0 kB
CommitLimit:     6660208 kB
Committed_AS:   60869820 kB
VmallocTotal:   263061440 kB
VmallocUsed:       82064 kB
VmallocChunk:          0 kB
Percpu:             7584 kB
CmaTotal:         315392 kB
CmaFree:               0 kB
MemTotal:        5980404 kB
MemFree:          277776 kB
MemAvailable:    1019988 kB
Buffers:            1504 kB
Cached:           960296 kB
SwapCached:         8552 kB
Active:          2780316 kB
Inactive:        1288164 kB
Active(anon):    2702512 kB
Inactive(anon):   422824 kB
Active(file):      77804 kB
Inactive(file):   865340 kB
Unevictable:        5904 kB
Mlocked:            5904 kB
SwapTotal:       3670008 kB
SwapFree:        3386392 kB
Dirty:               304 kB
Writeback:             0 kB
AnonPages:       3108140 kB
Mapped:           635492 kB
Shmem:             13916 kB
KReclaimable:     361500 kB
Slab:             201092 kB
SReclaimable:      44120 kB
SUnreclaim:       156972 kB
KernelStack:       41760 kB
PageTables:        61320 kB
NFS_Unstable:          0 kB
Bounce:                0 kB
WritebackTmp:          0 kB
CommitLimit:     6660208 kB
Committed_AS:   60940496 kB
VmallocTotal:   263061440 kB
VmallocUsed:       82080 kB
VmallocChunk:          0 kB
Percpu:             7584 kB
CmaTotal:         315392 kB
CmaFree:               0 kB
MemTotal:        5980404 kB
MemFree:          232196 kB
MemAvailable:     974408 kB
Buffers:            1504 kB
Cached:           960296 kB
SwapCached:         8552 kB
Active:          2823996 kB
Inactive:        1288164 kB
Active(anon):    2746192 kB
Inactive(anon):   422824 kB
Active(file):      77804 kB
Inactive(file):   865340 kB
Unevictable:        5904 kB
Mlocked:            5904 kB
SwapTotal:       3670008 kB
SwapFree:        3386392 kB
Dirty:               304 kB
Writeback:             0 kB
AnonPages:       3151408 kB
Mapped:           635948 kB
Shmem:             13916 kB
KReclaimable:     361500 kB
Slab:             201100 kB
SReclaimable:      44120 kB
SUnreclaim:       156980 kB
KernelStack:       41776 kB
PageTables:        61460 kB
NFS_Unstable:          0 kB
Bounce:                0 kB
WritebackTmp:          0 kB
CommitLimit:     6660208 kB
Committed_AS:   61025136 kB
VmallocTotal:   263061440 kB
VmallocUsed:       82096 kB
VmallocChunk:          0 kB
Percpu:             7584 kB
CmaTotal:         315392 kB
CmaFree:               0 kB
MemTotal:        5980404 kB
MemFree:          200368 kB
MemAvailable:     942580 kB
Buffers:            1504 kB
Cached:           960296 kB
SwapCached:         8552 kB
Active:          2855772 kB
Inactive:        1288164 kB
Active(anon):    2777968 kB
Inactive(anon):   422824 kB
Active(file):      77804 kB
Inactive(file):   865340 kB
Unevictable:        5904 kB
Mlocked:            5904 kB
SwapTotal:       3670008 kB
SwapFree:        3386392 kB
Dirty:               304 kB
Writeback:             0 kB
AnonPages:       3183268 kB
Mapped:           635996 kB
Shmem:             13916 kB
KReclaimable:     361500 kB
Slab:             201140 kB
SReclaimable:      44120 kB
SUnreclaim:       157020 kB
KernelStack:       41744 kB
PageTables:        61624 kB
NFS_Unstable:          0 kB
Bounce:                0 kB
WritebackTmp:          0 kB
CommitLimit:     6660208 kB
Committed_AS:   61123544 kB
VmallocTotal:   263061440 kB
VmallocUsed:       82096 kB
VmallocChunk:          0 kB
Percpu:             7584 kB
CmaTotal:         315392 kB
CmaFree:               0 kB
MemTotal:        5980404 kB
MemFree:          172520 kB
MemAvailable:     914732 kB
Buffers:            1504 kB
Cached:           960296 kB
SwapCached:         8552 kB
Active:          2882308 kB
Inactive:        1288164 kB
Active(anon):    2804504 kB
Inactive(anon):   422824 kB
Active(file):      77804 kB
Inactive(file):   865340 kB
Unevictable:        5904 kB
Mlocked:            5904 kB
SwapTotal:       3670008 kB
SwapFree:        3386392 kB
Dirty:               304 kB
Writeback:             0 kB
AnonPages:       3209996 kB
Mapped:           636404 kB
Shmem:             13916 kB
KReclaimable:     361500 kB
Slab:             201144 kB
SReclaimable:      44120 kB
SUnreclaim:       157024 kB
KernelStack:       41744 kB
PageTables:        61716 kB
NFS_Unstable:          0 kB
Bounce:                0 kB
WritebackTmp:          0 kB
CommitLimit:     6660208 kB
Committed_AS:   61171328 kB
VmallocTotal:   263061440 kB
VmallocUsed:       82096 kB
VmallocChunk:          0 kB
Percpu:             7584 kB
CmaTotal:         315392 kB
CmaFree:               0 kB
MemTotal:        5980404 kB
MemFree:          242260 kB
MemAvailable:     905576 kB
Buffers:            1504 kB
Cached:           934388 kB
SwapCached:         8552 kB
Active:          2912236 kB
Inactive:        1265000 kB
Active(anon):    2834256 kB
Inactive(anon):   425744 kB
Active(file):      77980 kB
Inactive(file):   839256 kB
Unevictable:        5904 kB
Mlocked:            5904 kB
SwapTotal:       3670008 kB
SwapFree:        3386392 kB
Dirty:               304 kB
Writeback:             0 kB
AnonPages:       3242816 kB
Mapped:           636092 kB
Shmem:             13916 kB
KReclaimable:     289912 kB
Slab:             201000 kB
SReclaimable:      43956 kB
SUnreclaim:       157044 kB
KernelStack:       41760 kB
PageTables:        61768 kB
NFS_Unstable:          0 kB
Bounce:                0 kB
WritebackTmp:          0 kB
CommitLimit:     6660208 kB
Committed_AS:   61252232 kB
VmallocTotal:   263061440 kB
VmallocUsed:       82064 kB
VmallocChunk:          0 kB
Percpu:             7584 kB
CmaTotal:         315392 kB
CmaFree:               0 kB
MemTotal:        5980404 kB
MemFree:          202036 kB
MemAvailable:     865352 kB
Buffers:            1508 kB
Cached:           934384 kB
SwapCached:         8552 kB
Active:          2949792 kB
Inactive:        1265000 kB
Active(anon):    2871812 kB
Inactive(anon):   425744 kB
Active(file):      77980 kB
Inactive(file):   839256 kB
Unevictable:        5904 kB
Mlocked:            5904 kB
SwapTotal:       3670008 kB
SwapFree:        3386392 kB
Dirty:               304 kB
Writeback:             0 kB
AnonPages:       3280504 kB
Mapped:           636280 kB
Shmem:             13916 kB
KReclaimable:     289912 kB
Slab:             200992 kB
SReclaimable:      43956 kB
SUnreclaim:       157036 kB
KernelStack:       41744 kB
PageTables:        61984 kB
NFS_Unstable:          0 kB
Bounce:                0 kB
WritebackTmp:          0 kB
CommitLimit:     6660208 kB
Committed_AS:   61333804 kB
VmallocTotal:   263061440 kB
VmallocUsed:       82064 kB
VmallocChunk:          0 kB
Percpu:             7584 kB
CmaTotal:         315392 kB
CmaFree:               0 kB
MemTotal:        5980404 kB
MemFree:          286492 kB
MemAvailable:     875412 kB
Buffers:            1508 kB
Cached:           909260 kB
SwapCached:         8552 kB
Active:          2988236 kB
Inactive:        1242424 kB
Active(anon):    2909996 kB
Inactive(anon):   428552 kB
Active(file):      78240 kB
Inactive(file):   813872 kB
Unevictable:        5904 kB
Mlocked:            5904 kB
SwapTotal:       3670008 kB
SwapFree:        3386140 kB
Dirty:               304 kB
Writeback:             0 kB
AnonPages:       3321160 kB
Mapped:           636088 kB
Shmem:             13916 kB
KReclaimable:     191364 kB
Slab:             200980 kB
SReclaimable:      43904 kB
SUnreclaim:       157076 kB
KernelStack:       41760 kB
PageTables:        62272 kB
NFS_Unstable:          0 kB
Bounce:                0 kB
WritebackTmp:          0 kB
CommitLimit:     6660208 kB
Committed_AS:   61414688 kB
VmallocTotal:   263061440 kB
VmallocUsed:       82064 kB
VmallocChunk:          0 kB
Percpu:             7584 kB
CmaTotal:         315392 kB
CmaFree:               0 kB
MemTotal:        5980404 kB
MemFree:          247896 kB
MemAvailable:     836816 kB
Buffers:            1508 kB
Cached:           909260 kB
SwapCached:         8552 kB
Active:          3027228 kB
Inactive:        1242424 kB
Active(anon):    2948988 kB
Inactive(anon):   428552 kB
Active(file):      78240 kB
Inactive(file):   813872 kB
Unevictable:        5904 kB
Mlocked:            5904 kB
SwapTotal:       3670008 kB
SwapFree:        3386140 kB
Dirty:               304 kB
Writeback:             0 kB
AnonPages:       3360248 kB
Mapped:           636324 kB
Shmem:             13916 kB
KReclaimable:     191364 kB
Slab:             200984 kB
SReclaimable:      43904 kB
SUnreclaim:       157080 kB
KernelStack:       41760 kB
PageTables:        62512 kB
NFS_Unstable:          0 kB
Bounce:                0 kB
WritebackTmp:          0 kB
CommitLimit:     6660208 kB
Committed_AS:   61527644 kB
VmallocTotal:   263061440 kB
VmallocUsed:       82080 kB
VmallocChunk:          0 kB
Percpu:             7584 kB
CmaTotal:         315392 kB
CmaFree:               0 kB
MemTotal:        5980404 kB
MemFree:          237832 kB
MemAvailable:     813864 kB
Buffers:            1508 kB
Cached:           908692 kB
SwapCached:         8552 kB
Active:          3060408 kB
Inactive:        1242640 kB
Active(anon):    2982160 kB
Inactive(anon):   429344 kB
Active(file):      78248 kB
Inactive(file):   813296 kB
Unevictable:        5904 kB
Mlocked:            5904 kB
SwapTotal:       3670008 kB
SwapFree:        3386140 kB
Dirty:               304 kB
Writeback:             0 kB
AnonPages:       3394332 kB
Mapped:           636420 kB
Shmem:             13916 kB
KReclaimable:     166788 kB
Slab:             201000 kB
SReclaimable:      43904 kB
SUnreclaim:       157096 kB
KernelStack:       41776 kB
PageTables:        62612 kB
NFS_Unstable:          0 kB
Bounce:                0 kB
WritebackTmp:          0 kB
CommitLimit:     6660208 kB
Committed_AS:   61595264 kB
VmallocTotal:   263061440 kB
VmallocUsed:       82064 kB
VmallocChunk:          0 kB
Percpu:             7584 kB
CmaTotal:         315392 kB
CmaFree:               0 kB
MemTotal:        5980404 kB
MemFree:          243552 kB
MemAvailable:     793972 kB
Buffers:            1508 kB
Cached:           907632 kB
SwapCached:         8552 kB
Active:          3103176 kB
Inactive:        1243076 kB
Active(anon):    3024844 kB
Inactive(anon):   430924 kB
Active(file):      78332 kB
Inactive(file):   812152 kB
Unevictable:        5904 kB
Mlocked:            5904 kB
SwapTotal:       3670008 kB
SwapFree:        3386140 kB
Dirty:               304 kB
Writeback:             0 kB
AnonPages:       3438368 kB
Mapped:           636596 kB
Shmem:             13916 kB
KReclaimable:     117620 kB
Slab:             201008 kB
SReclaimable:      43888 kB
SUnreclaim:       157120 kB
KernelStack:       41792 kB
PageTables:        62788 kB
NFS_Unstable:          0 kB
Bounce:                0 kB
WritebackTmp:          0 kB
CommitLimit:     6660208 kB
Committed_AS:   61696616 kB
VmallocTotal:   263061440 kB
VmallocUsed:       82080 kB
VmallocChunk:          0 kB
Percpu:             7584 kB
CmaTotal:         315392 kB
CmaFree:               0 kB
MemTotal:        5980404 kB
MemFree:          243956 kB
MemAvailable:     777232 kB
Buffers:            1508 kB
Cached:           906872 kB
SwapCached:         8552 kB
Active:          3133264 kB
Inactive:        1243368 kB
Active(anon):    3054932 kB
Inactive(anon):   431976 kB
Active(file):      78332 kB
Inactive(file):   811392 kB
Unevictable:        5904 kB
Mlocked:            5904 kB
SwapTotal:       3670008 kB
SwapFree:        3386144 kB
Dirty:               320 kB
Writeback:             0 kB
AnonPages:       3469796 kB
Mapped:           636756 kB
Shmem:             13916 kB
KReclaimable:      84852 kB
Slab:             201016 kB
SReclaimable:      43888 kB
SUnreclaim:       157128 kB
KernelStack:       41760 kB
PageTables:        62928 kB
NFS_Unstable:          0 kB
Bounce:                0 kB
WritebackTmp:          0 kB
CommitLimit:     6660208 kB
Committed_AS:   61777152 kB
VmallocTotal:   263061440 kB
VmallocUsed:       82000 kB
VmallocChunk:          0 kB
Percpu:             7584 kB
CmaTotal:         315392 kB
CmaFree:               0 kB
MemTotal:        5980404 kB
MemFree:          244380 kB
MemAvailable:     758108 kB
Buffers:            1508 kB
Cached:           905876 kB
SwapCached:         8552 kB
Active:          3170480 kB
Inactive:        1243536 kB
Active(anon):    3091920 kB
Inactive(anon):   433488 kB
Active(file):      78560 kB
Inactive(file):   810048 kB
Unevictable:        5904 kB
Mlocked:            5904 kB
SwapTotal:       3670008 kB
SwapFree:        3386144 kB
Dirty:               320 kB
Writeback:             0 kB
AnonPages:       3508072 kB
Mapped:           636784 kB
Shmem:             13916 kB
KReclaimable:      47988 kB
Slab:             201036 kB
SReclaimable:      43888 kB
SUnreclaim:       157148 kB
KernelStack:       41744 kB
PageTables:        63084 kB
NFS_Unstable:          0 kB
Bounce:                0 kB
WritebackTmp:          0 kB
CommitLimit:     6660208 kB
Committed_AS:   61841000 kB
VmallocTotal:   263061440 kB
VmallocUsed:       82016 kB
VmallocChunk:          0 kB
Percpu:             7584 kB
CmaTotal:         315392 kB
CmaFree:               0 kB
MemTotal:        5980404 kB
MemFree:          239464 kB
MemAvailable:     709896 kB
Buffers:            1508 kB
Cached:           864524 kB
SwapCached:         8552 kB
Active:          3218168 kB
Inactive:        1205968 kB
Active(anon):    3126836 kB
Inactive(anon):   449924 kB
Active(file):      91332 kB
Inactive(file):   756044 kB
Unevictable:        5904 kB
Mlocked:            5904 kB
SwapTotal:       3670008 kB
SwapFree:        3385888 kB
Dirty:               324 kB
Writeback:             0 kB
AnonPages:       3559720 kB
Mapped:           614672 kB
Shmem:             13916 kB
KReclaimable:      43864 kB
Slab:             201028 kB
SReclaimable:      43860 kB
SUnreclaim:       157168 kB
KernelStack:       41760 kB
PageTables:        63180 kB
NFS_Unstable:          0 kB
Bounce:                0 kB
WritebackTmp:          0 kB
CommitLimit:     6660208 kB
Committed_AS:   61969016 kB
VmallocTotal:   263061440 kB
VmallocUsed:       82016 kB
VmallocChunk:          0 kB
Percpu:             7584 kB
CmaTotal:         315392 kB
CmaFree:              96 kB
MemTotal:        5980404 kB
MemFree:          239708 kB
MemAvailable:     688612 kB
Buffers:            1508 kB
Cached:           843004 kB
SwapCached:         8552 kB
Active:          3234908 kB
Inactive:        1188632 kB
Active(anon):    3134980 kB
Inactive(anon):   462704 kB
Active(file):      99928 kB
Inactive(file):   725928 kB
Unevictable:        5904 kB
Mlocked:            5904 kB
SwapTotal:       3670008 kB
SwapFree:        3384352 kB
Dirty:               324 kB
Writeback:             0 kB
AnonPages:       3580376 kB
Mapped:           603368 kB
Shmem:             13916 kB
KReclaimable:      43848 kB
Slab:             201028 kB
SReclaimable:      43844 kB
SUnreclaim:       157184 kB
KernelStack:       41664 kB
PageTables:        63372 kB
NFS_Unstable:          0 kB
Bounce:                0 kB
WritebackTmp:          0 kB
CommitLimit:     6660208 kB
Committed_AS:   62001412 kB
VmallocTotal:   263061440 kB
VmallocUsed:       82000 kB
VmallocChunk:          0 kB
Percpu:             7584 kB
CmaTotal:         315392 kB
CmaFree:              72 kB
MemTotal:        5980404 kB
MemFree:          235332 kB
MemAvailable:     650872 kB
Buffers:            1508 kB
Cached:           810188 kB
SwapCached:         8552 kB
Active:          3268376 kB
Inactive:        1161088 kB
Active(anon):    3155932 kB
Inactive(anon):   481032 kB
Active(file):     112444 kB
Inactive(file):   680056 kB
Unevictable:        5904 kB
Mlocked:            5904 kB
SwapTotal:       3670008 kB
SwapFree:        3382824 kB
Dirty:               328 kB
Writeback:             0 kB
AnonPages:       3620048 kB
Mapped:           586256 kB
Shmem:             13920 kB
KReclaimable:      43828 kB
Slab:             201004 kB
SReclaimable:      43824 kB
SUnreclaim:       157180 kB
KernelStack:       41696 kB
PageTables:        63560 kB
NFS_Unstable:          0 kB
Bounce:                0 kB
WritebackTmp:          0 kB
CommitLimit:     6660208 kB
Committed_AS:   62084440 kB
VmallocTotal:   263061440 kB
VmallocUsed:       81952 kB
VmallocChunk:          0 kB
Percpu:             7584 kB
CmaTotal:         315392 kB
CmaFree:             192 kB
MemTotal:        5980404 kB
MemFree:          228568 kB
MemAvailable:     617188 kB
Buffers:            1512 kB
Cached:           782756 kB
SwapCached:         8552 kB
Active:          3300008 kB
Inactive:        1139036 kB
Active(anon):    3178240 kB
Inactive(anon):   495196 kB
Active(file):     121768 kB
Inactive(file):   643840 kB
Unevictable:        5904 kB
Mlocked:            5904 kB
SwapTotal:       3670008 kB
SwapFree:        3382056 kB
Dirty:               316 kB
Writeback:             0 kB
AnonPages:       3656192 kB
Mapped:           572864 kB
Shmem:             13920 kB
KReclaimable:      43776 kB
Slab:             200972 kB
SReclaimable:      43772 kB
SUnreclaim:       157200 kB
KernelStack:       41664 kB
PageTables:        63676 kB
NFS_Unstable:          0 kB
Bounce:                0 kB
WritebackTmp:          0 kB
CommitLimit:     6660208 kB
Committed_AS:   62164860 kB
VmallocTotal:   263061440 kB
VmallocUsed:       81920 kB
VmallocChunk:          0 kB
Percpu:             7584 kB
CmaTotal:         315392 kB
CmaFree:               8 kB
MemTotal:        5980404 kB
MemFree:          236748 kB
MemAvailable:     572680 kB
Buffers:            1512 kB
Cached:           730160 kB
SwapCached:         8552 kB
Active:          3320876 kB
Inactive:        1108068 kB
Active(anon):    3191120 kB
Inactive(anon):   524856 kB
Active(file):     129756 kB
Inactive(file):   583212 kB
Unevictable:        5904 kB
Mlocked:            5904 kB
SwapTotal:       3670008 kB
SwapFree:        3378728 kB
Dirty:               324 kB
Writeback:             0 kB
AnonPages:       3698740 kB
Mapped:           549336 kB
Shmem:             13924 kB
KReclaimable:      43680 kB
Slab:             200924 kB
SReclaimable:      43676 kB
SUnreclaim:       157248 kB
KernelStack:       41680 kB
PageTables:        63912 kB
NFS_Unstable:          0 kB
Bounce:                0 kB
WritebackTmp:          0 kB
CommitLimit:     6660208 kB
Committed_AS:   62244716 kB
VmallocTotal:   263061440 kB
VmallocUsed:       81936 kB
VmallocChunk:          0 kB
Percpu:             7584 kB
CmaTotal:         315392 kB
CmaFree:             180 kB
MemTotal:        5980404 kB
MemFree:          241704 kB
MemAvailable:     538540 kB
Buffers:            1512 kB
Cached:           691364 kB
SwapCached:         8552 kB
Active:          3335148 kB
Inactive:        1088248 kB
Active(anon):    3197652 kB
Inactive(anon):   551844 kB
Active(file):     137496 kB
Inactive(file):   536404 kB
Unevictable:        5904 kB
Mlocked:            5904 kB
SwapTotal:       3670008 kB
SwapFree:        3376424 kB
Dirty:               344 kB
Writeback:             0 kB
AnonPages:       3732220 kB
Mapped:           535416 kB
Shmem:             13924 kB
KReclaimable:      43624 kB
Slab:             200840 kB
SReclaimable:      43620 kB
SUnreclaim:       157220 kB
KernelStack:       41632 kB
PageTables:        63880 kB
NFS_Unstable:          0 kB
Bounce:                0 kB
WritebackTmp:          0 kB
CommitLimit:     6660208 kB
Committed_AS:   62329360 kB
VmallocTotal:   263061440 kB
VmallocUsed:       81920 kB
VmallocChunk:          0 kB
Percpu:             7584 kB
CmaTotal:         315392 kB
CmaFree:             292 kB
MemTotal:        5980404 kB
MemFree:          212412 kB
MemAvailable:     508276 kB
Buffers:            1512 kB
Cached:           690120 kB
SwapCached:         8552 kB
Active:          3363436 kB
Inactive:        1088760 kB
Active(anon):    3225476 kB
Inactive(anon):   553752 kB
Active(file):     137960 kB
Inactive(file):   535008 kB
Unevictable:        5904 kB
Mlocked:            5904 kB
SwapTotal:       3670008 kB
SwapFree:        3376168 kB
Dirty:               360 kB
Writeback:             0 kB
AnonPages:       3762280 kB
Mapped:           535368 kB
Shmem:             13924 kB
KReclaimable:      43544 kB
Slab:             200808 kB
SReclaimable:      43540 kB
SUnreclaim:       157268 kB
KernelStack:       41616 kB
PageTables:        63984 kB
NFS_Unstable:          0 kB
Bounce:                0 kB
WritebackTmp:          0 kB
CommitLimit:     6660208 kB
Committed_AS:   62382360 kB
VmallocTotal:   263061440 kB
VmallocUsed:       81936 kB
VmallocChunk:          0 kB
Percpu:             7584 kB
CmaTotal:         315392 kB
CmaFree:               0 kB
MemTotal:        5980404 kB
MemFree:          230888 kB
MemAvailable:     479720 kB
Buffers:            1512 kB
Cached:           643152 kB
SwapCached:         8552 kB
Active:          3367768 kB
Inactive:        1067704 kB
Active(anon):    3225432 kB
Inactive(anon):   584048 kB
Active(file):     142336 kB
Inactive(file):   483656 kB
Unevictable:        5904 kB
Mlocked:            5904 kB
SwapTotal:       3670008 kB
SwapFree:        3374124 kB
Dirty:               224 kB
Writeback:             0 kB
AnonPages:       3792204 kB
Mapped:           516832 kB
Shmem:             13932 kB
KReclaimable:      43428 kB
Slab:             200716 kB
SReclaimable:      43424 kB
SUnreclaim:       157292 kB
KernelStack:       41648 kB
PageTables:        64424 kB
NFS_Unstable:          0 kB
Bounce:                0 kB
WritebackTmp:          0 kB
CommitLimit:     6660208 kB
Committed_AS:   62465296 kB
VmallocTotal:   263061440 kB
VmallocUsed:       81888 kB
VmallocChunk:          0 kB
Percpu:             7584 kB
CmaTotal:         315392 kB
CmaFree:               0 kB
MemTotal:        5980404 kB
MemFree:          233068 kB
MemAvailable:     438444 kB
Buffers:            1512 kB
Cached:           599872 kB
SwapCached:         8552 kB
Active:          3386004 kB
Inactive:        1048352 kB
Active(anon):    3238064 kB
Inactive(anon):   613736 kB
Active(file):     147940 kB
Inactive(file):   434616 kB
Unevictable:        5904 kB
Mlocked:            5904 kB
SwapTotal:       3670008 kB
SwapFree:        3371824 kB
Dirty:               224 kB
Writeback:             0 kB
AnonPages:       3834968 kB
Mapped:           501740 kB
Shmem:             13932 kB
KReclaimable:      43392 kB
Slab:             200712 kB
SReclaimable:      43388 kB
SUnreclaim:       157324 kB
KernelStack:       41648 kB
PageTables:        64572 kB
NFS_Unstable:          0 kB
Bounce:                0 kB
WritebackTmp:          0 kB
CommitLimit:     6660208 kB
Committed_AS:   62559904 kB
VmallocTotal:   263061440 kB
VmallocUsed:       81872 kB
VmallocChunk:          0 kB
Percpu:             7584 kB
CmaTotal:         315392 kB
CmaFree:              56 kB
MemTotal:        5980404 kB
MemFree:          259592 kB
MemAvailable:     412324 kB
Buffers:            1512 kB
Cached:           547728 kB
SwapCached:         8552 kB
Active:          3393508 kB
Inactive:        1014404 kB
Active(anon):    3232212 kB
Inactive(anon):   645780 kB
Active(file):     161296 kB
Inactive(file):   368624 kB
Unevictable:        5904 kB
Mlocked:            5904 kB
SwapTotal:       3670008 kB
SwapFree:        3366192 kB
Dirty:               224 kB
Writeback:             0 kB
AnonPages:       3860876 kB
Mapped:           482876 kB
Shmem:             13932 kB
KReclaimable:      43372 kB
Slab:             200668 kB
SReclaimable:      43368 kB
SUnreclaim:       157300 kB
KernelStack:       41632 kB
PageTables:        64532 kB
NFS_Unstable:          0 kB
Bounce:                0 kB
WritebackTmp:          0 kB
CommitLimit:     6660208 kB
Committed_AS:   62629500 kB
VmallocTotal:   263061440 kB
VmallocUsed:       81888 kB
VmallocChunk:          0 kB
Percpu:             7584 kB
CmaTotal:         315392 kB
CmaFree:               0 kB
MemTotal:        5980404 kB
MemFree:          222312 kB
MemAvailable:     375316 kB
Buffers:            1512 kB
Cached:           547380 kB
SwapCached:         8552 kB
Active:          3430900 kB
Inactive:        1014452 kB
Active(anon):    3269136 kB
Inactive(anon):   645996 kB
Active(file):     161764 kB
Inactive(file):   368456 kB
Unevictable:        5904 kB
Mlocked:            5904 kB
SwapTotal:       3670008 kB
SwapFree:        3366192 kB
Dirty:               224 kB
Writeback:             0 kB
AnonPages:       3897792 kB
Mapped:           483104 kB
Shmem:             13932 kB
KReclaimable:      43320 kB
Slab:             200632 kB
SReclaimable:      43316 kB
SUnreclaim:       157316 kB
KernelStack:       41616 kB
PageTables:        64688 kB
NFS_Unstable:          0 kB
Bounce:                0 kB
WritebackTmp:          0 kB
CommitLimit:     6660208 kB
Committed_AS:   62707140 kB
VmallocTotal:   263061440 kB
VmallocUsed:       81888 kB
VmallocChunk:          0 kB
Percpu:             7584 kB
CmaTotal:         315392 kB
CmaFree:             236 kB
MemTotal:        5980404 kB
MemFree:          229660 kB
MemAvailable:     333688 kB
Buffers:            1512 kB
Cached:           498524 kB
SwapCached:         8552 kB
Active:          3471080 kB
Inactive:         964948 kB
Active(anon):    3300148 kB
Inactive(anon):   654628 kB
Active(file):     170932 kB
Inactive(file):   310320 kB
Unevictable:        5904 kB
Mlocked:            5904 kB
SwapTotal:       3670008 kB
SwapFree:        3362096 kB
Dirty:               224 kB
Writeback:             0 kB
AnonPages:       3937324 kB
Mapped:           465440 kB
Shmem:             13932 kB
KReclaimable:      43300 kB
Slab:             200632 kB
SReclaimable:      43296 kB
SUnreclaim:       157336 kB
KernelStack:       41632 kB
PageTables:        64908 kB
NFS_Unstable:          0 kB
Bounce:                0 kB
WritebackTmp:          0 kB
CommitLimit:     6660208 kB
Committed_AS:   62792728 kB
VmallocTotal:   263061440 kB
VmallocUsed:       81936 kB
VmallocChunk:          0 kB
Percpu:             7584 kB
CmaTotal:         315392 kB
CmaFree:               0 kB
MemTotal:        5980404 kB
MemFree:          226492 kB
MemAvailable:     304400 kB
Buffers:            1512 kB
Cached:           472220 kB
SwapCached:         8556 kB
Active:          3488112 kB
Inactive:         948824 kB
Active(anon):    3318324 kB
Inactive(anon):   663488 kB
Active(file):     169788 kB
Inactive(file):   285336 kB
Unevictable:        5904 kB
Mlocked:            5904 kB
SwapTotal:       3670008 kB
SwapFree:        3357744 kB
Dirty:               216 kB
Writeback:            44 kB
AnonPages:       3964756 kB
Mapped:           453072 kB
Shmem:             13932 kB
KReclaimable:      43316 kB
Slab:             200652 kB
SReclaimable:      43312 kB
SUnreclaim:       157340 kB
KernelStack:       41680 kB
PageTables:        65168 kB
NFS_Unstable:          0 kB
Bounce:                0 kB
WritebackTmp:          0 kB
CommitLimit:     6660208 kB
Committed_AS:   62838324 kB
VmallocTotal:   263061440 kB
VmallocUsed:       81888 kB
VmallocChunk:          0 kB
Percpu:             7584 kB
CmaTotal:         315392 kB
CmaFree:               0 kB
MemTotal:        5980404 kB
MemFree:          228080 kB
MemAvailable:     280956 kB
Buffers:            1512 kB
Cached:           447256 kB
SwapCached:         8552 kB
Active:          3504416 kB
Inactive:         931936 kB
Active(anon):    3343368 kB
Inactive(anon):   662884 kB
Active(file):     161048 kB
Inactive(file):   269052 kB
Unevictable:        5904 kB
Mlocked:            5904 kB
SwapTotal:       3670008 kB
SwapFree:        3352880 kB
Dirty:               228 kB
Writeback:             0 kB
AnonPages:       3988728 kB
Mapped:           443456 kB
Shmem:             13928 kB
KReclaimable:      43304 kB
Slab:             200644 kB
SReclaimable:      43300 kB
SUnreclaim:       157344 kB
KernelStack:       41632 kB
PageTables:        65160 kB
NFS_Unstable:          0 kB
Bounce:                0 kB
WritebackTmp:          0 kB
CommitLimit:     6660208 kB
Committed_AS:   62907624 kB
VmallocTotal:   263061440 kB
VmallocUsed:       81904 kB
VmallocChunk:          0 kB
Percpu:             7584 kB
CmaTotal:         315392 kB
CmaFree:               0 kB
MemTotal:        5980404 kB
MemFree:          245260 kB
MemAvailable:     247384 kB
Buffers:            1512 kB
Cached:           396500 kB
SwapCached:         8552 kB
Active:          3530624 kB
Inactive:         887024 kB
Active(anon):    3366448 kB
Inactive(anon):   671840 kB
Active(file):     164176 kB
Inactive(file):   215184 kB
Unevictable:        5904 kB
Mlocked:            5904 kB
SwapTotal:       3670008 kB
SwapFree:        3342896 kB
Dirty:               228 kB
Writeback:             0 kB
AnonPages:       4021024 kB
Mapped:           431988 kB
Shmem:             13916 kB
KReclaimable:      43276 kB
Slab:             200672 kB
SReclaimable:      43272 kB
SUnreclaim:       157400 kB
KernelStack:       41664 kB
PageTables:        65604 kB
NFS_Unstable:          0 kB
Bounce:                0 kB
WritebackTmp:          0 kB
CommitLimit:     6660208 kB
Committed_AS:   62990744 kB
VmallocTotal:   263061440 kB
VmallocUsed:       81888 kB
VmallocChunk:          0 kB
Percpu:             7584 kB
CmaTotal:         315392 kB
CmaFree:             304 kB
MemTotal:        5980404 kB
MemFree:          243848 kB
MemAvailable:     199704 kB
Buffers:            1512 kB
Cached:           350108 kB
SwapCached:         8552 kB
Active:          3566908 kB
Inactive:         849124 kB
Active(anon):    3402452 kB
Inactive(anon):   680624 kB
Active(file):     164456 kB
Inactive(file):   168500 kB
Unevictable:        5904 kB
Mlocked:            5904 kB
SwapTotal:       3670008 kB
SwapFree:        3335984 kB
Dirty:               228 kB
Writeback:             0 kB
AnonPages:       4065984 kB
Mapped:           431476 kB
Shmem:             13916 kB
KReclaimable:      43552 kB
Slab:             201012 kB
SReclaimable:      43548 kB
SUnreclaim:       157464 kB
KernelStack:       41616 kB
PageTables:        65376 kB
NFS_Unstable:          0 kB
Bounce:                0 kB
WritebackTmp:          0 kB
CommitLimit:     6660208 kB
Committed_AS:   63070732 kB
VmallocTotal:   263061440 kB
VmallocUsed:       81920 kB
VmallocChunk:          0 kB
Percpu:             7584 kB
CmaTotal:         315392 kB
CmaFree:               0 kB
MemTotal:        5980404 kB
MemFree:          214512 kB
MemAvailable:     170232 kB
Buffers:            1512 kB
Cached:           350108 kB
SwapCached:         8552 kB
Active:          3595660 kB
Inactive:         849088 kB
Active(anon):    3431188 kB
Inactive(anon):   680596 kB
Active(file):     164472 kB
Inactive(file):   168492 kB
Unevictable:        5904 kB
Mlocked:            5904 kB
SwapTotal:       3670008 kB
SwapFree:        3335984 kB
Dirty:               228 kB
Writeback:             0 kB
AnonPages:       4094180 kB
Mapped:           431664 kB
Shmem:             13916 kB
KReclaimable:      43264 kB
Slab:             200744 kB
SReclaimable:      43260 kB
SUnreclaim:       157484 kB
KernelStack:       41632 kB
PageTables:        65668 kB
NFS_Unstable:          0 kB
Bounce:                0 kB
WritebackTmp:          0 kB
CommitLimit:     6660208 kB
Committed_AS:   63149572 kB
VmallocTotal:   263061440 kB
VmallocUsed:       81904 kB
VmallocChunk:          0 kB
Percpu:             7584 kB
CmaTotal:         315392 kB
CmaFree:               0 kB
MemTotal:        5980404 kB
MemFree:          259836 kB
MemAvailable:     178808 kB
Buffers:            1512 kB
Cached:           282364 kB
SwapCached:         8552 kB
Active:          3576896 kB
Inactive:         820128 kB
Active(anon):    3444160 kB
Inactive(anon):   687648 kB
Active(file):     132736 kB
Inactive(file):   132480 kB
Unevictable:        5904 kB
Mlocked:            5904 kB
SwapTotal:       3670008 kB
SwapFree:        3325488 kB
Dirty:               208 kB
Writeback:             8 kB
AnonPages:       4114668 kB
Mapped:           406012 kB
Shmem:             13920 kB
KReclaimable:      43364 kB
Slab:             200872 kB
SReclaimable:      43360 kB
SUnreclaim:       157512 kB
KernelStack:       41664 kB
PageTables:        65696 kB
NFS_Unstable:          0 kB
Bounce:                0 kB
WritebackTmp:          0 kB
CommitLimit:     6660208 kB
Committed_AS:   63200916 kB
VmallocTotal:   263061440 kB
VmallocUsed:       81952 kB
VmallocChunk:          0 kB
Percpu:             7584 kB
CmaTotal:         315392 kB
CmaFree:              48 kB
MemTotal:        5980404 kB
MemFree:          203324 kB
MemAvailable:     126980 kB
Buffers:            1516 kB
Cached:           292172 kB
SwapCached:         8552 kB
Active:          3624452 kB
Inactive:         825240 kB
Active(anon):    3487332 kB
Inactive(anon):   687728 kB
Active(file):     137120 kB
Inactive(file):   137512 kB
Unevictable:        5904 kB
Mlocked:            5904 kB
SwapTotal:       3670008 kB
SwapFree:        3325500 kB
Dirty:               256 kB
Writeback:             0 kB
AnonPages:       4157688 kB
Mapped:           408512 kB
Shmem:             13992 kB
KReclaimable:      43320 kB
Slab:             200788 kB
SReclaimable:      43316 kB
SUnreclaim:       157472 kB
KernelStack:       41584 kB
PageTables:        66084 kB
NFS_Unstable:          0 kB
Bounce:                0 kB
WritebackTmp:          0 kB
CommitLimit:     6660208 kB
Committed_AS:   63296664 kB
VmallocTotal:   263061440 kB
VmallocUsed:       81904 kB
VmallocChunk:          0 kB
Percpu:             7584 kB
CmaTotal:         315392 kB
CmaFree:               0 kB
MemTotal:        5980404 kB
MemFree:          236968 kB
MemAvailable:     130652 kB
Buffers:            1344 kB
Cached:           232080 kB
SwapCached:         8552 kB
Active:          3604932 kB
Inactive:         812604 kB
Active(anon):    3504920 kB
Inactive(anon):   697904 kB
Active(file):     100012 kB
Inactive(file):   114700 kB
Unevictable:        5904 kB
Mlocked:            5904 kB
SwapTotal:       3670008 kB
SwapFree:        3316796 kB
Dirty:               256 kB
Writeback:             0 kB
AnonPages:       4185540 kB
Mapped:           350904 kB
Shmem:             13972 kB
KReclaimable:      43296 kB
Slab:             200836 kB
SReclaimable:      43292 kB
SUnreclaim:       157544 kB
KernelStack:       41616 kB
PageTables:        66072 kB
NFS_Unstable:          0 kB
Bounce:                0 kB
WritebackTmp:          0 kB
CommitLimit:     6660208 kB
Committed_AS:   63365628 kB
VmallocTotal:   263061440 kB
VmallocUsed:       81936 kB
VmallocChunk:          0 kB
Percpu:             7584 kB
CmaTotal:         315392 kB
CmaFree:             252 kB
MemTotal:        5980404 kB
MemFree:          189660 kB
MemAvailable:      84912 kB
Buffers:            1344 kB
Cached:           235260 kB
SwapCached:         8552 kB
Active:          3646908 kB
Inactive:         815704 kB
Active(anon):    3546792 kB
Inactive(anon):   697928 kB
Active(file):     100116 kB
Inactive(file):   117776 kB
Unevictable:        5904 kB
Mlocked:            5904 kB
SwapTotal:       3670008 kB
SwapFree:        3316840 kB
Dirty:               256 kB
Writeback:             0 kB
AnonPages:       4227196 kB
Mapped:           352236 kB
Shmem:             13972 kB
KReclaimable:      43248 kB
Slab:             200768 kB
SReclaimable:      43244 kB
SUnreclaim:       157524 kB
KernelStack:       41644 kB
PageTables:        66220 kB
NFS_Unstable:          0 kB
Bounce:                0 kB
WritebackTmp:          0 kB
CommitLimit:     6660208 kB
Committed_AS:   63448840 kB
VmallocTotal:   263061440 kB
VmallocUsed:       81936 kB
VmallocChunk:          0 kB
Percpu:             7584 kB
CmaTotal:         315392 kB
CmaFree:               0 kB
MemTotal:        5980404 kB
MemFree:          247260 kB
MemAvailable:     101632 kB
Buffers:             308 kB
Cached:           154344 kB
SwapCached:         8552 kB
Active:          3681872 kB
Inactive:         709824 kB
Active(anon):    3623088 kB
Inactive(anon):   632664 kB
Active(file):      58784 kB
Inactive(file):    77160 kB
Unevictable:        5904 kB
Mlocked:            5904 kB
SwapTotal:       3670008 kB
SwapFree:        3288168 kB
Dirty:               256 kB
Writeback:             0 kB
AnonPages:       4238596 kB
Mapped:           285192 kB
Shmem:             13968 kB
KReclaimable:      43440 kB
Slab:             201132 kB
SReclaimable:      43436 kB
SUnreclaim:       157696 kB
KernelStack:       41648 kB
PageTables:        66384 kB
NFS_Unstable:          0 kB
Bounce:                0 kB
WritebackTmp:          0 kB
CommitLimit:     6660208 kB
Committed_AS:   63511668 kB
VmallocTotal:   263061440 kB
VmallocUsed:       81968 kB
VmallocChunk:          0 kB
Percpu:             7584 kB
CmaTotal:         315392 kB
CmaFree:             124 kB
MemTotal:        5980404 kB
MemFree:          200832 kB
MemAvailable:      94620 kB
Buffers:             432 kB
Cached:           232472 kB
SwapCached:         8552 kB
Active:          3682428 kB
Inactive:         757656 kB
Active(anon):    3607908 kB
Inactive(anon):   617704 kB
Active(file):      74520 kB
Inactive(file):   139952 kB
Unevictable:        5904 kB
Mlocked:            5904 kB
SwapTotal:       3670008 kB
SwapFree:        3301232 kB
Dirty:               220 kB
Writeback:             0 kB
AnonPages:       4208532 kB
Mapped:           304912 kB
Shmem:             13580 kB
KReclaimable:      43744 kB
Slab:             199232 kB
SReclaimable:      43740 kB
SUnreclaim:       155492 kB
KernelStack:       39024 kB
PageTables:        60920 kB
NFS_Unstable:          0 kB
Bounce:                0 kB
WritebackTmp:          0 kB
CommitLimit:     6660208 kB
Committed_AS:   54235544 kB
VmallocTotal:   263061440 kB
VmallocUsed:       79368 kB
VmallocChunk:          0 kB
Percpu:             7584 kB
CmaTotal:         315392 kB
CmaFree:            3748 kB
MemTotal:        5980404 kB
MemFree:          236736 kB
MemAvailable:     104376 kB
Buffers:             432 kB
Cached:           180384 kB
SwapCached:         8552 kB
Active:          3712344 kB
Inactive:         704352 kB
Active(anon):    3647948 kB
Inactive(anon):   606280 kB
Active(file):      64396 kB
Inactive(file):    98072 kB
Unevictable:        5904 kB
Mlocked:            5904 kB
SwapTotal:       3670008 kB
SwapFree:        3282544 kB
Dirty:               220 kB
Writeback:            12 kB
AnonPages:       4237428 kB
Mapped:           257028 kB
Shmem:             13568 kB
KReclaimable:      43444 kB
Slab:             198936 kB
SReclaimable:      43440 kB
SUnreclaim:       155496 kB
KernelStack:       39072 kB
PageTables:        61232 kB
NFS_Unstable:          0 kB
Bounce:                0 kB
WritebackTmp:          0 kB
CommitLimit:     6660208 kB
Committed_AS:   54350876 kB
VmallocTotal:   263061440 kB
VmallocUsed:       79320 kB
VmallocChunk:          0 kB
Percpu:             7584 kB
CmaTotal:         315392 kB
CmaFree:               0 kB
MemTotal:        5980404 kB
MemFree:          200308 kB
MemAvailable:      68276 kB
Buffers:             512 kB
Cached:           181044 kB
SwapCached:         8552 kB
Active:          3745552 kB
Inactive:         704668 kB
Active(anon):    3680820 kB
Inactive(anon):   606152 kB
Active(file):      64732 kB
Inactive(file):    98516 kB
Unevictable:        5904 kB
Mlocked:            5904 kB
SwapTotal:       3670008 kB
SwapFree:        3282544 kB
Dirty:               220 kB
Writeback:             0 kB
AnonPages:       4269592 kB
Mapped:           257320 kB
Shmem:             13568 kB
KReclaimable:      43324 kB
Slab:             198828 kB
SReclaimable:      43320 kB
SUnreclaim:       155508 kB
KernelStack:       39024 kB
PageTables:        61384 kB
NFS_Unstable:          0 kB
Bounce:                0 kB
WritebackTmp:          0 kB
CommitLimit:     6660208 kB
Committed_AS:   54415776 kB
VmallocTotal:   263061440 kB
VmallocUsed:       79320 kB
VmallocChunk:          0 kB
Percpu:             7584 kB
CmaTotal:         315392 kB
CmaFree:               0 kB
MemTotal:        5980404 kB
MemFree:          276876 kB
MemAvailable:     118948 kB
Buffers:             504 kB
Cached:           128608 kB
SwapCached:         8548 kB
Active:          3695376 kB
Inactive:         669668 kB
Active(anon):    3646664 kB
Inactive(anon):   607704 kB
Active(file):      48712 kB
Inactive(file):    61964 kB
Unevictable:        5904 kB
Mlocked:            5904 kB
SwapTotal:       3670008 kB
SwapFree:        3218824 kB
Dirty:               220 kB
Writeback:             4 kB
AnonPages:       4236836 kB
Mapped:           235548 kB
Shmem:             13564 kB
KReclaimable:      44100 kB
Slab:             199148 kB
SReclaimable:      44096 kB
SUnreclaim:       155052 kB
KernelStack:       38976 kB
PageTables:        61364 kB
NFS_Unstable:          0 kB
Bounce:                0 kB
WritebackTmp:          0 kB
CommitLimit:     6660208 kB
Committed_AS:   53144736 kB
VmallocTotal:   263061440 kB
VmallocUsed:       79104 kB
VmallocChunk:          0 kB
Percpu:             7584 kB
CmaTotal:         315392 kB
CmaFree:               0 kB
MemTotal:        5980404 kB
MemFree:          289784 kB
MemAvailable:     223992 kB
Buffers:             524 kB
Cached:           231152 kB
SwapCached:         8548 kB
Active:          3713700 kB
Inactive:         734044 kB
Active(anon):    3652896 kB
Inactive(anon):   581192 kB
Active(file):      60804 kB
Inactive(file):   152852 kB
Unevictable:        5920 kB
Mlocked:            5920 kB
SwapTotal:       3670008 kB
SwapFree:        3269444 kB
Dirty:               264 kB
Writeback:             0 kB
AnonPages:       4218228 kB
Mapped:           273172 kB
Shmem:             12952 kB
KReclaimable:     125396 kB
Slab:             197568 kB
SReclaimable:      43652 kB
SUnreclaim:       153916 kB
KernelStack:       37244 kB
PageTables:        58204 kB
NFS_Unstable:          0 kB
Bounce:                0 kB
WritebackTmp:          0 kB
CommitLimit:     6660208 kB
Committed_AS:   52131284 kB
VmallocTotal:   263061440 kB
VmallocUsed:       77416 kB
VmallocChunk:          0 kB
Percpu:             7584 kB
CmaTotal:         315392 kB
CmaFree:             344 kB
MemTotal:        5980404 kB
MemFree:          248704 kB
MemAvailable:     184468 kB
Buffers:             504 kB
Cached:           263132 kB
SwapCached:         8548 kB
Active:          3752380 kB
Inactive:         762308 kB
Active(anon):    3673972 kB
Inactive(anon):   595164 kB
Active(file):      78408 kB
Inactive(file):   167144 kB
Unevictable:        5928 kB
Mlocked:            5928 kB
SwapTotal:       3670008 kB
SwapFree:        3264108 kB
Dirty:               232 kB
Writeback:             0 kB
AnonPages:       4253028 kB
Mapped:           287656 kB
Shmem:             12896 kB
KReclaimable:      96612 kB
Slab:             197248 kB
SReclaimable:      43452 kB
SUnreclaim:       153796 kB
KernelStack:       37572 kB
PageTables:        59500 kB
NFS_Unstable:          0 kB
Bounce:                0 kB
WritebackTmp:          0 kB
CommitLimit:     6660208 kB
Committed_AS:   53002496 kB
VmallocTotal:   263061440 kB
VmallocUsed:       77872 kB
VmallocChunk:          0 kB
Percpu:             7584 kB
CmaTotal:         315392 kB
CmaFree:               0 kB
MemTotal:        5980404 kB
MemFree:          235976 kB
MemAvailable:     162528 kB
Buffers:             540 kB
Cached:           251996 kB
SwapCached:         8544 kB
Active:          3769304 kB
Inactive:         763012 kB
Active(anon):    3684100 kB
Inactive(anon):   613380 kB
Active(file):      85204 kB
Inactive(file):   149632 kB
Unevictable:        5928 kB
Mlocked:            5928 kB
SwapTotal:       3670008 kB
SwapFree:        3250296 kB
Dirty:               284 kB
Writeback:             0 kB
AnonPages:       4281588 kB
Mapped:           281104 kB
Shmem:             12856 kB
KReclaimable:      88900 kB
Slab:             197052 kB
SReclaimable:      43268 kB
SUnreclaim:       153784 kB
KernelStack:       37616 kB
PageTables:        59432 kB
NFS_Unstable:          0 kB
Bounce:                0 kB
WritebackTmp:          0 kB
CommitLimit:     6660208 kB
Committed_AS:   53065460 kB
VmallocTotal:   263061440 kB
VmallocUsed:       77824 kB
VmallocChunk:          0 kB
Percpu:             7584 kB
CmaTotal:         315392 kB
CmaFree:             152 kB
MemTotal:        5980404 kB
MemFree:          240856 kB
MemAvailable:     149808 kB
Buffers:             540 kB
Cached:           216424 kB
SwapCached:         7348 kB
Active:          3799456 kB
Inactive:         730900 kB
Active(anon):    3711776 kB
Inactive(anon):   618052 kB
Active(file):      87680 kB
Inactive(file):   112848 kB
Unevictable:        5928 kB
Mlocked:            5928 kB
SwapTotal:       3670008 kB
SwapFree:        3242108 kB
Dirty:               288 kB
Writeback:             0 kB
AnonPages:       4316364 kB
Mapped:           269112 kB
Shmem:             11328 kB
KReclaimable:      88516 kB
Slab:             196668 kB
SReclaimable:      42884 kB
SUnreclaim:       153784 kB
KernelStack:       37664 kB
PageTables:        59680 kB
NFS_Unstable:          0 kB
Bounce:                0 kB
WritebackTmp:          0 kB
CommitLimit:     6660208 kB
Committed_AS:   53147344 kB
VmallocTotal:   263061440 kB
VmallocUsed:       77840 kB
VmallocChunk:          0 kB
Percpu:             7584 kB
CmaTotal:         315392 kB
CmaFree:             472 kB
MemTotal:        5980404 kB
MemFree:          237836 kB
MemAvailable:     133812 kB
Buffers:             540 kB
Cached:           186504 kB
SwapCached:         7348 kB
Active:          3814168 kB
Inactive:         719840 kB
Active(anon):    3737236 kB
Inactive(anon):   622700 kB
Active(file):      76932 kB
Inactive(file):    97140 kB
Unevictable:        5932 kB
Mlocked:            5932 kB
SwapTotal:       3670008 kB
SwapFree:        3234716 kB
Dirty:               308 kB
Writeback:             0 kB
AnonPages:       4349700 kB
Mapped:           257632 kB
Shmem:              8180 kB
KReclaimable:      88520 kB
Slab:             196608 kB
SReclaimable:      42888 kB
SUnreclaim:       153720 kB
KernelStack:       37616 kB
PageTables:        59896 kB
NFS_Unstable:          0 kB
Bounce:                0 kB
WritebackTmp:          0 kB
CommitLimit:     6660208 kB
Committed_AS:   53214060 kB
VmallocTotal:   263061440 kB
VmallocUsed:       77824 kB
VmallocChunk:          0 kB
Percpu:             7584 kB
CmaTotal:         315392 kB
CmaFree:               0 kB
MemTotal:        5980404 kB
MemFree:          239996 kB
MemAvailable:     118608 kB
Buffers:             548 kB
Cached:           151780 kB
SwapCached:         7320 kB
Active:          3832392 kB
Inactive:         696364 kB
Active(anon):    3762704 kB
Inactive(anon):   626552 kB
Active(file):      69688 kB
Inactive(file):    69812 kB
Unevictable:        5936 kB
Mlocked:            5936 kB
SwapTotal:       3670008 kB
SwapFree:        3224312 kB
Dirty:               336 kB
Writeback:             0 kB
AnonPages:       4379060 kB
Mapped:           245084 kB
Shmem:              8088 kB
KReclaimable:      88360 kB
Slab:             196532 kB
SReclaimable:      42728 kB
SUnreclaim:       153804 kB
KernelStack:       37600 kB
PageTables:        59992 kB
NFS_Unstable:          0 kB
Bounce:                0 kB
WritebackTmp:          0 kB
CommitLimit:     6660208 kB
Committed_AS:   53292600 kB
VmallocTotal:   263061440 kB
VmallocUsed:       77792 kB
VmallocChunk:          0 kB
Percpu:             7584 kB
CmaTotal:         315392 kB
CmaFree:             128 kB
MemTotal:        5980404 kB
MemFree:          222192 kB
MemAvailable:      89180 kB
Buffers:             444 kB
Cached:           128928 kB
SwapCached:         6572 kB
Active:          3852216 kB
Inactive:         685500 kB
Active(anon):    3789908 kB
Inactive(anon):   631712 kB
Active(file):      62308 kB
Inactive(file):    53788 kB
Unevictable:        5936 kB
Mlocked:            5936 kB
SwapTotal:       3670008 kB
SwapFree:        3211340 kB
Dirty:               256 kB
Writeback:             4 kB
AnonPages:       4411272 kB
Mapped:           235792 kB
Shmem:              8192 kB
KReclaimable:      88516 kB
Slab:             196696 kB
SReclaimable:      42884 kB
SUnreclaim:       153812 kB
KernelStack:       37488 kB
PageTables:        60196 kB
NFS_Unstable:          0 kB
Bounce:                0 kB
WritebackTmp:          0 kB
CommitLimit:     6660208 kB
Committed_AS:   53396868 kB
VmallocTotal:   263061440 kB
VmallocUsed:       77744 kB
VmallocChunk:          0 kB
Percpu:             7584 kB
CmaTotal:         315392 kB
CmaFree:               0 kB
MemTotal:        5980404 kB
MemFree:          222712 kB
MemAvailable:      96596 kB
Buffers:             512 kB
Cached:           142600 kB
SwapCached:         5772 kB
Active:          3850216 kB
Inactive:         689364 kB
Active(anon):    3782152 kB
Inactive(anon):   627564 kB
Active(file):      68064 kB
Inactive(file):    61800 kB
Unevictable:        5936 kB
Mlocked:            5936 kB
SwapTotal:       3670008 kB
SwapFree:        3188772 kB
Dirty:               272 kB
Writeback:             0 kB
AnonPages:       4399744 kB
Mapped:           233744 kB
Shmem:              8032 kB
KReclaimable:      88540 kB
Slab:             195620 kB
SReclaimable:      42908 kB
SUnreclaim:       152712 kB
KernelStack:       36520 kB
PageTables:        57540 kB
NFS_Unstable:          0 kB
Bounce:                0 kB
WritebackTmp:          0 kB
CommitLimit:     6660208 kB
Committed_AS:   48171908 kB
VmallocTotal:   263061440 kB
VmallocUsed:       76720 kB
VmallocChunk:          0 kB
Percpu:             7584 kB
CmaTotal:         315392 kB
CmaFree:               0 kB
MemTotal:        5980404 kB
MemFree:          259360 kB
MemAvailable:     136272 kB
Buffers:             488 kB
Cached:           148656 kB
SwapCached:         5716 kB
Active:          3805920 kB
Inactive:         684104 kB
Active(anon):    3732492 kB
Inactive(anon):   621572 kB
Active(file):      73428 kB
Inactive(file):    62532 kB
Unevictable:        5936 kB
Mlocked:            5936 kB
SwapTotal:       3670008 kB
SwapFree:        3091596 kB
Dirty:               292 kB
Writeback:             8 kB
AnonPages:       4344072 kB
Mapped:           239860 kB
Shmem:              8036 kB
KReclaimable:      88504 kB
Slab:             195832 kB
SReclaimable:      42872 kB
SUnreclaim:       152960 kB
KernelStack:       36768 kB
PageTables:        58272 kB
NFS_Unstable:          0 kB
Bounce:                0 kB
WritebackTmp:          0 kB
CommitLimit:     6660208 kB
Committed_AS:   49543136 kB
VmallocTotal:   263061440 kB
VmallocUsed:       76920 kB
VmallocChunk:          0 kB
Percpu:             7584 kB
CmaTotal:         315392 kB
CmaFree:              36 kB
MemTotal:        5980404 kB
MemFree:          260832 kB
MemAvailable:     134264 kB
Buffers:             564 kB
Cached:           141532 kB
SwapCached:         5624 kB
Active:          3795572 kB
Inactive:         686148 kB
Active(anon):    3731724 kB
Inactive(anon):   621000 kB
Active(file):      63848 kB
Inactive(file):    65148 kB
Unevictable:        5936 kB
Mlocked:            5936 kB
SwapTotal:       3670008 kB
SwapFree:        3059644 kB
Dirty:               300 kB
Writeback:             8 kB
AnonPages:       4342748 kB
Mapped:           222408 kB
Shmem:              8028 kB
KReclaimable:      88500 kB
Slab:             195992 kB
SReclaimable:      42868 kB
SUnreclaim:       153124 kB
KernelStack:       36576 kB
PageTables:        57780 kB
NFS_Unstable:          0 kB
Bounce:                0 kB
WritebackTmp:          0 kB
CommitLimit:     6660208 kB
Committed_AS:   48286516 kB
VmallocTotal:   263061440 kB
VmallocUsed:       76768 kB
VmallocChunk:          0 kB
Percpu:             7584 kB
CmaTotal:         315392 kB
CmaFree:             164 kB
MemTotal:        5980404 kB
MemFree:          230512 kB
MemAvailable:     102220 kB
Buffers:             568 kB
Cached:           137048 kB
SwapCached:         5628 kB
Active:          3817100 kB
Inactive:         690392 kB
Active(anon):    3758592 kB
Inactive(anon):   624348 kB
Active(file):      58508 kB
Inactive(file):    66044 kB
Unevictable:        5936 kB
Mlocked:            5936 kB
SwapTotal:       3670008 kB
SwapFree:        3044084 kB
Dirty:               304 kB
Writeback:             0 kB
AnonPages:       4373060 kB
Mapped:           220780 kB
Shmem:              8024 kB
KReclaimable:      89500 kB
Slab:             197032 kB
SReclaimable:      43868 kB
SUnreclaim:       153164 kB
KernelStack:       36448 kB
PageTables:        57748 kB
NFS_Unstable:          0 kB
Bounce:                0 kB
WritebackTmp:          0 kB
CommitLimit:     6660208 kB
Committed_AS:   48384828 kB
VmallocTotal:   263061440 kB
VmallocUsed:       76704 kB
VmallocChunk:          0 kB
Percpu:             7584 kB
CmaTotal:         315392 kB
CmaFree:             268 kB
MemTotal:        5980404 kB
MemFree:          210184 kB
MemAvailable:     103408 kB
Buffers:             580 kB
Cached:           156888 kB
SwapCached:         5656 kB
Active:          3822728 kB
Inactive:         706844 kB
Active(anon):    3758856 kB
Inactive(anon):   626144 kB
Active(file):      63872 kB
Inactive(file):    80700 kB
Unevictable:        5936 kB
Mlocked:            5936 kB
SwapTotal:       3670008 kB
SwapFree:        3020796 kB
Dirty:               308 kB
Writeback:             4 kB
AnonPages:       4374836 kB
Mapped:           228688 kB
Shmem:              7980 kB
KReclaimable:     112508 kB
Slab:             196228 kB
SReclaimable:      43396 kB
SUnreclaim:       152832 kB
KernelStack:       35688 kB
PageTables:        57180 kB
NFS_Unstable:          0 kB
Bounce:                0 kB
WritebackTmp:          0 kB
CommitLimit:     6660208 kB
Committed_AS:   47076456 kB
VmallocTotal:   263061440 kB
VmallocUsed:       75928 kB
VmallocChunk:          0 kB
Percpu:             7584 kB
CmaTotal:         315392 kB
CmaFree:             148 kB
MemTotal:        5980404 kB
MemFree:          230272 kB
MemAvailable:     117868 kB
Buffers:             492 kB
Cached:           168092 kB
SwapCached:         5672 kB
Active:          3820436 kB
Inactive:         713612 kB
Active(anon):    3753360 kB
Inactive(anon):   625568 kB
Active(file):      67076 kB
Inactive(file):    88044 kB
Unevictable:        5936 kB
Mlocked:            5936 kB
SwapTotal:       3670008 kB
SwapFree:        2990536 kB
Dirty:               308 kB
Writeback:             0 kB
AnonPages:       4369200 kB
Mapped:           237520 kB
Shmem:              7996 kB
KReclaimable:      90708 kB
Slab:             197684 kB
SReclaimable:      45076 kB
SUnreclaim:       152608 kB
KernelStack:       35744 kB
PageTables:        57360 kB
NFS_Unstable:          0 kB
Bounce:                0 kB
WritebackTmp:          0 kB
CommitLimit:     6660208 kB
Committed_AS:   47110144 kB
VmallocTotal:   263061440 kB
VmallocUsed:       75912 kB
