MemTotal:        7918584 kB
MemFree:         3320336 kB
MemAvailable:    4879892 kB
Buffers:            6036 kB
Cached:          1397444 kB
SwapCached:        12532 kB
Active:          1287968 kB
Inactive:         734032 kB
Active(anon):     576104 kB
Inactive(anon):    66320 kB
Active(file):     711864 kB
Inactive(file):   667712 kB
Unevictable:        6544 kB
Mlocked:            6104 kB
SwapTotal:       4718584 kB
SwapFree:        2680244 kB
Dirty:             20408 kB
Writeback:             0 kB
AnonPages:        621028 kB
Mapped:           490776 kB
Shmem:             18952 kB
KReclaimable:     570204 kB
Slab:             318608 kB
SReclaimable:      90644 kB
SUnreclaim:       227964 kB
KernelStack:       46336 kB
ShadowCallStack:   11612 kB
PageTables:        63344 kB
NFS_Unstable:          0 kB
Bounce:                0 kB
WritebackTmp:          0 kB
CommitLimit:     8677876 kB
Committed_AS:   62458856 kB
VmallocTotal:   263061440 kB
VmallocUsed:      128648 kB
VmallocChunk:          0 kB
Percpu:             2520 kB
CmaTotal:         405504 kB
CmaFree:          291232 kB
MemTotal:        7918584 kB
MemFree:         3318784 kB
MemAvailable:    5225268 kB
Buffers:            6100 kB
Cached:          1415804 kB
SwapCached:        12672 kB
Active:          1290548 kB
Inactive:         734452 kB
Active(anon):     561144 kB
Inactive(anon):    66308 kB
Active(file):     729404 kB
Inactive(file):   668144 kB
Unevictable:        6544 kB
Mlocked:            6104 kB
SwapTotal:       4718584 kB
SwapFree:        2681268 kB
Dirty:             20420 kB
Writeback:             0 kB
AnonPages:        605460 kB
Mapped:           536764 kB
Shmem:             19548 kB
KReclaimable:     899160 kB
Slab:             318512 kB
SReclaimable:      90724 kB
SUnreclaim:       227788 kB
KernelStack:       46672 kB
ShadowCallStack:   11700 kB
PageTables:        63724 kB
NFS_Unstable:          0 kB
Bounce:                0 kB
WritebackTmp:          0 kB
CommitLimit:     8677876 kB
Committed_AS:   62541720 kB
VmallocTotal:   263061440 kB
VmallocUsed:      129008 kB
VmallocChunk:          0 kB
Percpu:             2520 kB
CmaTotal:         405504 kB
CmaFree:          291212 kB
MemTotal:        7918584 kB
MemFree:         3292208 kB
MemAvailable:    4982592 kB
Buffers:            6140 kB
Cached:          1416004 kB
SwapCached:        12708 kB
Active:          1315604 kB
Inactive:         734540 kB
Active(anon):     586052 kB
Inactive(anon):    66312 kB
Active(file):     729552 kB
Inactive(file):   668228 kB
Unevictable:        6544 kB
Mlocked:            6104 kB
SwapTotal:       4718584 kB
SwapFree:        2681780 kB
Dirty:             20128 kB
Writeback:             4 kB
AnonPages:        630380 kB
Mapped:           548200 kB
Shmem:             19556 kB
KReclaimable:     682828 kB
Slab:             318904 kB
SReclaimable:      90772 kB
SUnreclaim:       228132 kB
KernelStack:       46560 kB
ShadowCallStack:   11700 kB
PageTables:        64180 kB
NFS_Unstable:          0 kB
Bounce:                0 kB
WritebackTmp:          0 kB
CommitLimit:     8677876 kB
Committed_AS:   62570648 kB
VmallocTotal:   263061440 kB
VmallocUsed:      128984 kB
VmallocChunk:          0 kB
Percpu:             2520 kB
CmaTotal:         405504 kB
CmaFree:          291212 kB
MemTotal:        7918584 kB
MemFree:         3284632 kB
MemAvailable:    4975804 kB
Buffers:            6140 kB
Cached:          1417756 kB
SwapCached:        12720 kB
Active:          1324088 kB
Inactive:         734216 kB
Active(anon):     592980 kB
Inactive(anon):    65988 kB
Active(file):     731108 kB
Inactive(file):   668228 kB
Unevictable:        6544 kB
Mlocked:            6104 kB
SwapTotal:       4718584 kB
SwapFree:        2685620 kB
Dirty:             20128 kB
Writeback:             0 kB
AnonPages:        636684 kB
Mapped:           550540 kB
Shmem:             19752 kB
KReclaimable:     682060 kB
Slab:             319036 kB
SReclaimable:      90772 kB
SUnreclaim:       228264 kB
KernelStack:       46560 kB
ShadowCallStack:   11688 kB
PageTables:        64176 kB
NFS_Unstable:          0 kB
Bounce:                0 kB
WritebackTmp:          0 kB
CommitLimit:     8677876 kB
Committed_AS:   62570648 kB
VmallocTotal:   263061440 kB
VmallocUsed:      128960 kB
VmallocChunk:          0 kB
Percpu:             2520 kB
CmaTotal:         405504 kB
CmaFree:          291212 kB
MemTotal:        7918584 kB
MemFree:         3280512 kB
MemAvailable:    4972680 kB
Buffers:            6152 kB
Cached:          1418804 kB
SwapCached:        12724 kB
Active:          1329520 kB
Inactive:         734272 kB
Active(anon):     597476 kB
Inactive(anon):    65984 kB
Active(file):     732044 kB
Inactive(file):   668288 kB
Unevictable:        6544 kB
Mlocked:            6104 kB
SwapTotal:       4718584 kB
SwapFree:        2687412 kB
Dirty:             20048 kB
Writeback:             0 kB
AnonPages:        641128 kB
Mapped:           551548 kB
Shmem:             19816 kB
KReclaimable:     682060 kB
Slab:             319008 kB
SReclaimable:      90772 kB
SUnreclaim:       228236 kB
KernelStack:       46544 kB
ShadowCallStack:   11672 kB
PageTables:        64128 kB
NFS_Unstable:          0 kB
Bounce:                0 kB
WritebackTmp:          0 kB
CommitLimit:     8677876 kB
Committed_AS:   62570644 kB
VmallocTotal:   263061440 kB
VmallocUsed:      128984 kB
VmallocChunk:          0 kB
Percpu:             2520 kB
CmaTotal:         405504 kB
CmaFree:          292364 kB
MemTotal:        7918584 kB
MemFree:         3281052 kB
MemAvailable:    4996468 kB
Buffers:            6160 kB
Cached:          1421904 kB
SwapCached:        12724 kB
Active:          1329548 kB
Inactive:         734280 kB
Active(anon):     594420 kB
Inactive(anon):    65984 kB
Active(file):     735128 kB
Inactive(file):   668296 kB
Unevictable:        6544 kB
Mlocked:            6104 kB
SwapTotal:       4718584 kB
SwapFree:        2687924 kB
Dirty:             20168 kB
Writeback:             0 kB
AnonPages:        637888 kB
Mapped:           552812 kB
Shmem:             19832 kB
KReclaimable:     702216 kB
Slab:             318984 kB
SReclaimable:      90772 kB
SUnreclaim:       228212 kB
KernelStack:       46432 kB
ShadowCallStack:   11632 kB
PageTables:        64356 kB
NFS_Unstable:          0 kB
Bounce:                0 kB
WritebackTmp:          0 kB
CommitLimit:     8677876 kB
Committed_AS:   62570184 kB
VmallocTotal:   263061440 kB
VmallocUsed:      128504 kB
VmallocChunk:          0 kB
Percpu:             2520 kB
CmaTotal:         405504 kB
CmaFree:          292464 kB
MemTotal:        7918584 kB
MemFree:         3264436 kB
MemAvailable:    4979868 kB
Buffers:            6160 kB
Cached:          1421908 kB
SwapCached:        12724 kB
Active:          1346448 kB
Inactive:         734280 kB
Active(anon):     611320 kB
Inactive(anon):    65984 kB
Active(file):     735128 kB
Inactive(file):   668296 kB
Unevictable:        6544 kB
Mlocked:            6104 kB
SwapTotal:       4718584 kB
SwapFree:        2687924 kB
Dirty:             20168 kB
Writeback:             0 kB
AnonPages:        655236 kB
Mapped:           554132 kB
Shmem:             19836 kB
KReclaimable:     702232 kB
Slab:             318976 kB
SReclaimable:      90788 kB
SUnreclaim:       228188 kB
KernelStack:       46352 kB
ShadowCallStack:   11624 kB
PageTables:        64036 kB
NFS_Unstable:          0 kB
Bounce:                0 kB
WritebackTmp:          0 kB
CommitLimit:     8677876 kB
Committed_AS:   62590372 kB
VmallocTotal:   263061440 kB
VmallocUsed:      128488 kB
VmallocChunk:          0 kB
Percpu:             2520 kB
CmaTotal:         405504 kB
CmaFree:          292460 kB
MemTotal:        7918584 kB
MemFree:         3212560 kB
MemAvailable:    4929020 kB
Buffers:            6172 kB
Cached:          1422916 kB
SwapCached:        12724 kB
Active:          1399316 kB
Inactive:         734292 kB
Active(anon):     663204 kB
Inactive(anon):    65968 kB
Active(file):     736112 kB
Inactive(file):   668324 kB
Unevictable:        6544 kB
Mlocked:            6104 kB
SwapTotal:       4718584 kB
SwapFree:        2687924 kB
Dirty:             20200 kB
Writeback:             0 kB
AnonPages:        706804 kB
Mapped:           566296 kB
Shmem:             19836 kB
KReclaimable:     702248 kB
Slab:             318956 kB
SReclaimable:      90804 kB
SUnreclaim:       228152 kB
KernelStack:       46400 kB
ShadowCallStack:   11632 kB
PageTables:        64388 kB
NFS_Unstable:          0 kB
Bounce:                0 kB
WritebackTmp:          0 kB
CommitLimit:     8677876 kB
Committed_AS:   62716412 kB
VmallocTotal:   263061440 kB
VmallocUsed:      128488 kB
VmallocChunk:          0 kB
Percpu:             2520 kB
CmaTotal:         405504 kB
CmaFree:          292460 kB
MemTotal:        7918584 kB
MemFree:         3047764 kB
MemAvailable:    4697412 kB
Buffers:            6236 kB
Cached:          1424116 kB
SwapCached:        12724 kB
Active:          1563220 kB
Inactive:         734376 kB
Active(anon):     825920 kB
Inactive(anon):    65968 kB
Active(file):     737300 kB
Inactive(file):   668408 kB
Unevictable:        6544 kB
Mlocked:            6104 kB
SwapTotal:       4718584 kB
SwapFree:        2688180 kB
Dirty:             17944 kB
Writeback:             0 kB
AnonPages:        869788 kB
Mapped:           640180 kB
Shmem:             19836 kB
KReclaimable:     634164 kB
Slab:             319324 kB
SReclaimable:      90820 kB
SUnreclaim:       228504 kB
KernelStack:       46432 kB
ShadowCallStack:   11636 kB
PageTables:        64980 kB
NFS_Unstable:          0 kB
Bounce:                0 kB
WritebackTmp:          0 kB
CommitLimit:     8677876 kB
Committed_AS:   62952532 kB
VmallocTotal:   263061440 kB
VmallocUsed:      128492 kB
VmallocChunk:          0 kB
Percpu:             2520 kB
CmaTotal:         405504 kB
CmaFree:          292452 kB
MemTotal:        7918584 kB
MemFree:         2990464 kB
MemAvailable:    4592932 kB
Buffers:            6260 kB
Cached:          1424728 kB
SwapCached:        12736 kB
Active:          1618528 kB
Inactive:         734492 kB
Active(anon):     880708 kB
Inactive(anon):    65972 kB
Active(file):     737820 kB
Inactive(file):   668520 kB
Unevictable:        6544 kB
Mlocked:            6104 kB
SwapTotal:       4718584 kB
SwapFree:        2688436 kB
Dirty:             18072 kB
Writeback:             0 kB
AnonPages:        924424 kB
Mapped:           662364 kB
Shmem:             19840 kB
KReclaimable:     586352 kB
Slab:             319708 kB
SReclaimable:      90820 kB
SUnreclaim:       228888 kB
KernelStack:       46432 kB
ShadowCallStack:   11640 kB
PageTables:        65276 kB
NFS_Unstable:          0 kB
Bounce:                0 kB
WritebackTmp:          0 kB
CommitLimit:     8677876 kB
Committed_AS:   63092920 kB
VmallocTotal:   263061440 kB
VmallocUsed:      128564 kB
VmallocChunk:          0 kB
Percpu:             2520 kB
CmaTotal:         405504 kB
CmaFree:          292460 kB
MemTotal:        7918584 kB
MemFree:         2894484 kB
MemAvailable:    4494768 kB
Buffers:            6260 kB
Cached:          1424728 kB
SwapCached:        12736 kB
Active:          1714324 kB
Inactive:         734488 kB
Active(anon):     976504 kB
Inactive(anon):    65968 kB
Active(file):     737820 kB
Inactive(file):   668520 kB
Unevictable:        6544 kB
Mlocked:            6104 kB
SwapTotal:       4718584 kB
SwapFree:        2688436 kB
Dirty:             18160 kB
Writeback:             0 kB
AnonPages:       1020212 kB
Mapped:           664120 kB
Shmem:             19840 kB
KReclaimable:     584168 kB
Slab:             319572 kB
SReclaimable:      90820 kB
SUnreclaim:       228752 kB
KernelStack:       46448 kB
ShadowCallStack:   11644 kB
PageTables:        65812 kB
NFS_Unstable:          0 kB
Bounce:                0 kB
WritebackTmp:          0 kB
CommitLimit:     8677876 kB
Committed_AS:   63355064 kB
VmallocTotal:   263061440 kB
VmallocUsed:      128564 kB
VmallocChunk:          0 kB
Percpu:             2520 kB
CmaTotal:         405504 kB
CmaFree:          292460 kB
MemTotal:        7918584 kB
MemFree:         2803512 kB
MemAvailable:    4402876 kB
Buffers:            6308 kB
Cached:          1424776 kB
SwapCached:        12736 kB
Active:          1805668 kB
Inactive:         734584 kB
Active(anon):    1067848 kB
Inactive(anon):    65972 kB
Active(file):     737820 kB
Inactive(file):   668612 kB
Unevictable:        6544 kB
Mlocked:            6104 kB
SwapTotal:       4718584 kB
SwapFree:        2688692 kB
Dirty:             18312 kB
Writeback:             0 kB
AnonPages:       1111480 kB
Mapped:           664928 kB
Shmem:             19844 kB
KReclaimable:     583156 kB
Slab:             319632 kB
SReclaimable:      90820 kB
SUnreclaim:       228812 kB
KernelStack:       46432 kB
ShadowCallStack:   11648 kB
PageTables:        66300 kB
NFS_Unstable:          0 kB
Bounce:                0 kB
WritebackTmp:          0 kB
CommitLimit:     8677876 kB
Committed_AS:   63568060 kB
VmallocTotal:   263061440 kB
VmallocUsed:      128564 kB
VmallocChunk:          0 kB
Percpu:             2520 kB
CmaTotal:         405504 kB
CmaFree:          292460 kB
MemTotal:        7918584 kB
MemFree:         2704320 kB
MemAvailable:    4293568 kB
Buffers:            6308 kB
Cached:          1424776 kB
SwapCached:        12736 kB
Active:          1902824 kB
Inactive:         734588 kB
Active(anon):    1165004 kB
Inactive(anon):    65976 kB
Active(file):     737820 kB
Inactive(file):   668612 kB
Unevictable:        6544 kB
Mlocked:            6104 kB
SwapTotal:       4718584 kB
SwapFree:        2688692 kB
Dirty:             18312 kB
Writeback:             0 kB
AnonPages:       1208684 kB
Mapped:           665624 kB
Shmem:             19844 kB
KReclaimable:     573040 kB
Slab:             319716 kB
SReclaimable:      90820 kB
SUnreclaim:       228896 kB
KernelStack:       46432 kB
ShadowCallStack:   11644 kB
PageTables:        66708 kB
NFS_Unstable:          0 kB
Bounce:                0 kB
WritebackTmp:          0 kB
CommitLimit:     8677876 kB
Committed_AS:   63797436 kB
VmallocTotal:   263061440 kB
VmallocUsed:      128544 kB
VmallocChunk:          0 kB
Percpu:             2520 kB
CmaTotal:         405504 kB
CmaFree:          292452 kB
MemTotal:        7918584 kB
MemFree:         2609388 kB
MemAvailable:    4197856 kB
Buffers:            6308 kB
Cached:          1424796 kB
SwapCached:        12736 kB
Active:          1998744 kB
Inactive:         734608 kB
Active(anon):    1260924 kB
Inactive(anon):    65976 kB
Active(file):     737820 kB
Inactive(file):   668632 kB
Unevictable:        6544 kB
Mlocked:            6104 kB
SwapTotal:       4718584 kB
SwapFree:        2688692 kB
Dirty:             17584 kB
Writeback:             0 kB
AnonPages:       1304536 kB
Mapped:           666488 kB
Shmem:             19844 kB
KReclaimable:     572240 kB
Slab:             319776 kB
SReclaimable:      90820 kB
SUnreclaim:       228956 kB
KernelStack:       46400 kB
ShadowCallStack:   11648 kB
PageTables:        67180 kB
NFS_Unstable:          0 kB
Bounce:                0 kB
WritebackTmp:          0 kB
CommitLimit:     8677876 kB
Committed_AS:   64042996 kB
VmallocTotal:   263061440 kB
VmallocUsed:      128484 kB
VmallocChunk:          0 kB
Percpu:             2520 kB
CmaTotal:         405504 kB
CmaFree:          292460 kB
MemTotal:        7918584 kB
MemFree:         2524384 kB
MemAvailable:    4111776 kB
Buffers:            6308 kB
Cached:          1425072 kB
SwapCached:        14108 kB
Active:          2085408 kB
Inactive:         733580 kB
Active(anon):    1347040 kB
Inactive(anon):    64948 kB
Active(file):     738368 kB
Inactive(file):   668632 kB
Unevictable:        6544 kB
Mlocked:            6104 kB
SwapTotal:       4718584 kB
SwapFree:        2693556 kB
Dirty:             17584 kB
Writeback:             0 kB
AnonPages:       1389940 kB
Mapped:           665148 kB
Shmem:             19572 kB
KReclaimable:     570616 kB
Slab:             319812 kB
SReclaimable:      90820 kB
SUnreclaim:       228992 kB
KernelStack:       46368 kB
ShadowCallStack:   11624 kB
PageTables:        67728 kB
NFS_Unstable:          0 kB
Bounce:                0 kB
WritebackTmp:          0 kB
CommitLimit:     8677876 kB
Committed_AS:   64304860 kB
VmallocTotal:   263061440 kB
VmallocUsed:      128448 kB
VmallocChunk:          0 kB
Percpu:             2520 kB
CmaTotal:         405504 kB
CmaFree:          292540 kB
MemTotal:        7918584 kB
MemFree:         2423940 kB
MemAvailable:    4009892 kB
Buffers:            6308 kB
Cached:          1425072 kB
SwapCached:        14108 kB
Active:          2185108 kB
Inactive:         733588 kB
Active(anon):    1446740 kB
Inactive(anon):    64956 kB
Active(file):     738368 kB
Inactive(file):   668632 kB
Unevictable:        6544 kB
Mlocked:            6104 kB
SwapTotal:       4718584 kB
SwapFree:        2693556 kB
Dirty:             17612 kB
Writeback:             0 kB
AnonPages:       1489580 kB
Mapped:           666108 kB
Shmem:             19572 kB
KReclaimable:     569176 kB
Slab:             319708 kB
SReclaimable:      90820 kB
SUnreclaim:       228888 kB
KernelStack:       46384 kB
ShadowCallStack:   11620 kB
PageTables:        68056 kB
NFS_Unstable:          0 kB
Bounce:                0 kB
WritebackTmp:          0 kB
CommitLimit:     8677876 kB
Committed_AS:   64550620 kB
VmallocTotal:   263061440 kB
VmallocUsed:      128460 kB
VmallocChunk:          0 kB
Percpu:             2520 kB
CmaTotal:         405504 kB
CmaFree:          292588 kB
MemTotal:        7918584 kB
MemFree:         2338920 kB
MemAvailable:    3924100 kB
Buffers:            6316 kB
Cached:          1425084 kB
SwapCached:        14108 kB
Active:          2270012 kB
Inactive:         733608 kB
Active(anon):    1531644 kB
Inactive(anon):    64956 kB
Active(file):     738368 kB
Inactive(file):   668652 kB
Unevictable:        6544 kB
Mlocked:            6104 kB
SwapTotal:       4718584 kB
SwapFree:        2693556 kB
Dirty:             17712 kB
Writeback:             0 kB
AnonPages:       1574520 kB
Mapped:           666884 kB
Shmem:             19572 kB
KReclaimable:     568384 kB
Slab:             319880 kB
SReclaimable:      90820 kB
SUnreclaim:       229060 kB
KernelStack:       46384 kB
ShadowCallStack:   11624 kB
PageTables:        68568 kB
NFS_Unstable:          0 kB
Bounce:                0 kB
WritebackTmp:          0 kB
CommitLimit:     8677876 kB
Committed_AS:   64763560 kB
VmallocTotal:   263061440 kB
VmallocUsed:      128428 kB
VmallocChunk:          0 kB
Percpu:             2520 kB
CmaTotal:         405504 kB
CmaFree:          292588 kB
MemTotal:        7918584 kB
MemFree:         2236420 kB
MemAvailable:    3819920 kB
Buffers:            6316 kB
Cached:          1425084 kB
SwapCached:        14108 kB
Active:          2371640 kB
Inactive:         733600 kB
Active(anon):    1633272 kB
Inactive(anon):    64948 kB
Active(file):     738368 kB
Inactive(file):   668652 kB
Unevictable:        6544 kB
Mlocked:            6104 kB
SwapTotal:       4718584 kB
SwapFree:        2693556 kB
Dirty:             17712 kB
Writeback:             0 kB
AnonPages:       1676320 kB
Mapped:           667708 kB
Shmem:             19572 kB
KReclaimable:     566704 kB
Slab:             319924 kB
SReclaimable:      90820 kB
SUnreclaim:       229104 kB
KernelStack:       46336 kB
ShadowCallStack:   11616 kB
PageTables:        68892 kB
NFS_Unstable:          0 kB
Bounce:                0 kB
WritebackTmp:          0 kB
CommitLimit:     8677876 kB
Committed_AS:   64992940 kB
VmallocTotal:   263061440 kB
VmallocUsed:      128476 kB
VmallocChunk:          0 kB
Percpu:             2520 kB
CmaTotal:         405504 kB
CmaFree:          292588 kB
MemTotal:        7918584 kB
MemFree:         2143972 kB
MemAvailable:    3726664 kB
Buffers:            6316 kB
Cached:          1425120 kB
SwapCached:        14108 kB
Active:          2463988 kB
Inactive:         733640 kB
Active(anon):    1725620 kB
Inactive(anon):    64956 kB
Active(file):     738368 kB
Inactive(file):   668684 kB
Unevictable:        6544 kB
Mlocked:            6104 kB
SwapTotal:       4718584 kB
SwapFree:        2693556 kB
Dirty:             17712 kB
Writeback:             0 kB
AnonPages:       1768588 kB
Mapped:           668488 kB
Shmem:             19576 kB
KReclaimable:     565864 kB
Slab:             320008 kB
SReclaimable:      90820 kB
SUnreclaim:       229188 kB
KernelStack:       46304 kB
ShadowCallStack:   11612 kB
PageTables:        69504 kB
NFS_Unstable:          0 kB
Bounce:                0 kB
WritebackTmp:          0 kB
CommitLimit:     8677876 kB
Committed_AS:   65223364 kB
VmallocTotal:   263061440 kB
VmallocUsed:      128420 kB
VmallocChunk:          0 kB
Percpu:             2520 kB
CmaTotal:         405504 kB
CmaFree:          292588 kB
MemTotal:        7918584 kB
MemFree:         2069696 kB
MemAvailable:    3651668 kB
Buffers:            6316 kB
Cached:          1425124 kB
SwapCached:        14112 kB
Active:          2538328 kB
Inactive:         733632 kB
Active(anon):    1799960 kB
Inactive(anon):    64948 kB
Active(file):     738368 kB
Inactive(file):   668684 kB
Unevictable:        6544 kB
Mlocked:            6104 kB
SwapTotal:       4718584 kB
SwapFree:        2693556 kB
Dirty:             17712 kB
Writeback:             0 kB
AnonPages:       1842816 kB
Mapped:           668940 kB
Shmem:             19580 kB
KReclaimable:     565144 kB
Slab:             320100 kB
SReclaimable:      90820 kB
SUnreclaim:       229280 kB
KernelStack:       46352 kB
ShadowCallStack:   11624 kB
PageTables:        70012 kB
NFS_Unstable:          0 kB
Bounce:                0 kB
WritebackTmp:          0 kB
CommitLimit:     8677876 kB
Committed_AS:   65387212 kB
VmallocTotal:   263061440 kB
VmallocUsed:      128392 kB
VmallocChunk:          0 kB
Percpu:             2520 kB
CmaTotal:         405504 kB
CmaFree:          292588 kB
MemTotal:        7918584 kB
MemFree:         1985412 kB
MemAvailable:    3566096 kB
Buffers:            6336 kB
Cached:          1425124 kB
SwapCached:        14112 kB
Active:          2621284 kB
Inactive:         733652 kB
Active(anon):    1882916 kB
Inactive(anon):    64952 kB
Active(file):     738368 kB
Inactive(file):   668700 kB
Unevictable:        6544 kB
Mlocked:            6104 kB
SwapTotal:       4718584 kB
SwapFree:        2693556 kB
Dirty:             17716 kB
Writeback:             0 kB
AnonPages:       1925704 kB
Mapped:           669668 kB
Shmem:             19584 kB
KReclaimable:     563840 kB
Slab:             320024 kB
SReclaimable:      90820 kB
SUnreclaim:       229204 kB
KernelStack:       46304 kB
ShadowCallStack:   11612 kB
PageTables:        70244 kB
NFS_Unstable:          0 kB
Bounce:                0 kB
WritebackTmp:          0 kB
CommitLimit:     8677876 kB
Committed_AS:   65583820 kB
VmallocTotal:   263061440 kB
VmallocUsed:      128388 kB
VmallocChunk:          0 kB
Percpu:             2520 kB
CmaTotal:         405504 kB
CmaFree:          292588 kB
MemTotal:        7918584 kB
MemFree:         1884188 kB
MemAvailable:    3334212 kB
Buffers:            6360 kB
Cached:          1425344 kB
SwapCached:        14112 kB
Active:          2722380 kB
Inactive:         733776 kB
Active(anon):    1984012 kB
Inactive(anon):    64944 kB
Active(file):     738368 kB
Inactive(file):   668832 kB
Unevictable:        6544 kB
Mlocked:            6104 kB
SwapTotal:       4718584 kB
SwapFree:        2693556 kB
Dirty:             17744 kB
Writeback:             0 kB
AnonPages:       2026792 kB
Mapped:           670800 kB
Shmem:             19696 kB
KReclaimable:     433048 kB
Slab:             320144 kB
SReclaimable:      90820 kB
SUnreclaim:       229324 kB
KernelStack:       46432 kB
ShadowCallStack:   11640 kB
PageTables:        70528 kB
NFS_Unstable:          0 kB
Bounce:                0 kB
WritebackTmp:          0 kB
CommitLimit:     8677876 kB
Committed_AS:   65731672 kB
VmallocTotal:   263061440 kB
VmallocUsed:      128576 kB
VmallocChunk:          0 kB
Percpu:             2520 kB
CmaTotal:         405504 kB
CmaFree:          292588 kB
MemTotal:        7918584 kB
MemFree:         1849624 kB
MemAvailable:    3431436 kB
Buffers:            6380 kB
Cached:          1427640 kB
SwapCached:        14112 kB
Active:          2756956 kB
Inactive:         733820 kB
Active(anon):    2016196 kB
Inactive(anon):    64952 kB
Active(file):     740760 kB
Inactive(file):   668868 kB
Unevictable:        6544 kB
Mlocked:            6104 kB
SwapTotal:       4718584 kB
SwapFree:        2694580 kB
Dirty:             17744 kB
Writeback:             0 kB
AnonPages:       2059168 kB
Mapped:           672236 kB
Shmem:             19584 kB
KReclaimable:     562408 kB
Slab:             320072 kB
SReclaimable:      90820 kB
SUnreclaim:       229252 kB
KernelStack:       46320 kB
ShadowCallStack:   11612 kB
PageTables:        70896 kB
NFS_Unstable:          0 kB
Bounce:                0 kB
WritebackTmp:          0 kB
CommitLimit:     8677876 kB
Committed_AS:   65895112 kB
VmallocTotal:   263061440 kB
VmallocUsed:      128424 kB
VmallocChunk:          0 kB
Percpu:             2520 kB
CmaTotal:         405504 kB
CmaFree:          292588 kB
MemTotal:        7918584 kB
MemFree:         1800056 kB
MemAvailable:    3380732 kB
Buffers:            6380 kB
Cached:          1427640 kB
SwapCached:        14112 kB
Active:          2806092 kB
Inactive:         733820 kB
Active(anon):    2065332 kB
Inactive(anon):    64952 kB
Active(file):     740760 kB
Inactive(file):   668868 kB
Unevictable:        6544 kB
Mlocked:            6104 kB
SwapTotal:       4718584 kB
SwapFree:        2694580 kB
Dirty:             17744 kB
Writeback:             0 kB
AnonPages:       2108220 kB
Mapped:           673024 kB
Shmem:             19584 kB
KReclaimable:     561272 kB
Slab:             320088 kB
SReclaimable:      90820 kB
SUnreclaim:       229268 kB
KernelStack:       46272 kB
ShadowCallStack:   11608 kB
PageTables:        70912 kB
NFS_Unstable:          0 kB
Bounce:                0 kB
WritebackTmp:          0 kB
CommitLimit:     8677876 kB
Committed_AS:   65993412 kB
VmallocTotal:   263061440 kB
VmallocUsed:      128404 kB
VmallocChunk:          0 kB
Percpu:             2520 kB
CmaTotal:         405504 kB
CmaFree:          292588 kB
MemTotal:        7918584 kB
MemFree:         1737412 kB
MemAvailable:    3317456 kB
Buffers:            6384 kB
Cached:          1427644 kB
SwapCached:        14112 kB
Active:          2868076 kB
Inactive:         733828 kB
Active(anon):    2127316 kB
Inactive(anon):    64952 kB
Active(file):     740760 kB
Inactive(file):   668876 kB
Unevictable:        6544 kB
Mlocked:            6104 kB
SwapTotal:       4718584 kB
SwapFree:        2694836 kB
Dirty:             17744 kB
Writeback:             0 kB
AnonPages:       2170248 kB
Mapped:           673428 kB
Shmem:             19584 kB
KReclaimable:     560632 kB
Slab:             320200 kB
SReclaimable:      90852 kB
SUnreclaim:       229348 kB
KernelStack:       46320 kB
ShadowCallStack:   11620 kB
PageTables:        71356 kB
NFS_Unstable:          0 kB
Bounce:                0 kB
WritebackTmp:          0 kB
CommitLimit:     8677876 kB
Committed_AS:   66140868 kB
VmallocTotal:   263061440 kB
VmallocUsed:      128388 kB
VmallocChunk:          0 kB
Percpu:             2520 kB
CmaTotal:         405504 kB
CmaFree:          292588 kB
MemTotal:        7918584 kB
MemFree:         1663544 kB
MemAvailable:    3242444 kB
Buffers:            6384 kB
Cached:          1427644 kB
SwapCached:        14112 kB
Active:          2941812 kB
Inactive:         733828 kB
Active(anon):    2201052 kB
Inactive(anon):    64952 kB
Active(file):     740760 kB
Inactive(file):   668876 kB
Unevictable:        6544 kB
Mlocked:            6104 kB
SwapTotal:       4718584 kB
SwapFree:        2694836 kB
Dirty:             17744 kB
Writeback:             0 kB
AnonPages:       2243840 kB
Mapped:           674248 kB
Shmem:             19584 kB
KReclaimable:     559488 kB
Slab:             320256 kB
SReclaimable:      90852 kB
SUnreclaim:       229404 kB
KernelStack:       46336 kB
ShadowCallStack:   11620 kB
PageTables:        71684 kB
NFS_Unstable:          0 kB
Bounce:                0 kB
WritebackTmp:          0 kB
CommitLimit:     8677876 kB
Committed_AS:   66304712 kB
VmallocTotal:   263061440 kB
VmallocUsed:      128408 kB
VmallocChunk:          0 kB
Percpu:             2520 kB
CmaTotal:         405504 kB
CmaFree:          292588 kB
MemTotal:        7918584 kB
MemFree:         1606816 kB
MemAvailable:    3184956 kB
Buffers:            6392 kB
Cached:          1427644 kB
SwapCached:        14112 kB
Active:          2998988 kB
Inactive:         733836 kB
Active(anon):    2258228 kB
Inactive(anon):    64952 kB
Active(file):     740760 kB
Inactive(file):   668884 kB
Unevictable:        6544 kB
Mlocked:            6104 kB
SwapTotal:       4718584 kB
SwapFree:        2694836 kB
Dirty:             17756 kB
Writeback:             0 kB
AnonPages:       2301136 kB
Mapped:           674632 kB
Shmem:             19584 kB
KReclaimable:     558720 kB
Slab:             320260 kB
SReclaimable:      90852 kB
SUnreclaim:       229408 kB
KernelStack:       46288 kB
ShadowCallStack:   11604 kB
PageTables:        71932 kB
NFS_Unstable:          0 kB
Bounce:                0 kB
WritebackTmp:          0 kB
CommitLimit:     8677876 kB
Committed_AS:   66435728 kB
VmallocTotal:   263061440 kB
VmallocUsed:      128384 kB
VmallocChunk:          0 kB
Percpu:             2520 kB
CmaTotal:         405504 kB
CmaFree:          292588 kB
MemTotal:        7918584 kB
MemFree:         1548204 kB
MemAvailable:    3125972 kB
Buffers:            6392 kB
Cached:          1427660 kB
SwapCached:        14112 kB
Active:          3057212 kB
Inactive:         733848 kB
Active(anon):    2316452 kB
Inactive(anon):    64952 kB
Active(file):     740760 kB
Inactive(file):   668896 kB
Unevictable:        6544 kB
Mlocked:            6104 kB
SwapTotal:       4718584 kB
SwapFree:        2694836 kB
Dirty:             17756 kB
Writeback:             0 kB
AnonPages:       2359440 kB
Mapped:           674764 kB
Shmem:             19588 kB
KReclaimable:     558336 kB
Slab:             320288 kB
SReclaimable:      90868 kB
SUnreclaim:       229420 kB
KernelStack:       46288 kB
ShadowCallStack:   11608 kB
PageTables:        72084 kB
NFS_Unstable:          0 kB
Bounce:                0 kB
WritebackTmp:          0 kB
CommitLimit:     8677876 kB
Committed_AS:   66551444 kB
VmallocTotal:   263061440 kB
VmallocUsed:      128384 kB
VmallocChunk:          0 kB
Percpu:             2520 kB
CmaTotal:         405504 kB
CmaFree:          292588 kB
MemTotal:        7918584 kB
MemFree:         1492440 kB
MemAvailable:    3069240 kB
Buffers:            6392 kB
Cached:          1427660 kB
SwapCached:        14112 kB
Active:          3112208 kB
Inactive:         733848 kB
Active(anon):    2371448 kB
Inactive(anon):    64952 kB
Active(file):     740760 kB
Inactive(file):   668896 kB
Unevictable:        6544 kB
Mlocked:            6104 kB
SwapTotal:       4718584 kB
SwapFree:        2694836 kB
Dirty:               164 kB
Writeback:             0 kB
AnonPages:       2414412 kB
Mapped:           675508 kB
Shmem:             19588 kB
KReclaimable:     557368 kB
Slab:             320368 kB
SReclaimable:      90868 kB
SUnreclaim:       229500 kB
KernelStack:       46304 kB
ShadowCallStack:   11608 kB
PageTables:        72448 kB
NFS_Unstable:          0 kB
Bounce:                0 kB
WritebackTmp:          0 kB
CommitLimit:     8677876 kB
Committed_AS:   66698900 kB
VmallocTotal:   263061440 kB
VmallocUsed:      128376 kB
VmallocChunk:          0 kB
Percpu:             2520 kB
CmaTotal:         405504 kB
CmaFree:          292588 kB
MemTotal:        7918584 kB
MemFree:         1437236 kB
MemAvailable:    3013196 kB
Buffers:            6392 kB
Cached:          1427660 kB
SwapCached:        14112 kB
Active:          3167012 kB
Inactive:         733844 kB
Active(anon):    2426252 kB
Inactive(anon):    64948 kB
Active(file):     740760 kB
Inactive(file):   668896 kB
Unevictable:        6544 kB
Mlocked:            6104 kB
SwapTotal:       4718584 kB
SwapFree:        2694836 kB
Dirty:               164 kB
Writeback:             0 kB
AnonPages:       2469192 kB
Mapped:           675864 kB
Shmem:             19588 kB
KReclaimable:     556528 kB
Slab:             320312 kB
SReclaimable:      90868 kB
SUnreclaim:       229444 kB
KernelStack:       46288 kB
ShadowCallStack:   11608 kB
PageTables:        72692 kB
NFS_Unstable:          0 kB
Bounce:                0 kB
WritebackTmp:          0 kB
CommitLimit:     8677876 kB
Committed_AS:   66813588 kB
VmallocTotal:   263061440 kB
VmallocUsed:      128376 kB
VmallocChunk:          0 kB
Percpu:             2520 kB
CmaTotal:         405504 kB
CmaFree:          292588 kB
MemTotal:        7918584 kB
MemFree:         1388796 kB
MemAvailable:    2964284 kB
Buffers:            6392 kB
Cached:          1427660 kB
SwapCached:        14112 kB
Active:          3214708 kB
Inactive:         733840 kB
Active(anon):    2473948 kB
Inactive(anon):    64944 kB
Active(file):     740760 kB
Inactive(file):   668896 kB
Unevictable:        6544 kB
Mlocked:            6104 kB
SwapTotal:       4718584 kB
SwapFree:        2694836 kB
Dirty:               164 kB
Writeback:             0 kB
AnonPages:       2516848 kB
Mapped:           676408 kB
Shmem:             19588 kB
KReclaimable:     556056 kB
Slab:             320436 kB
SReclaimable:      90868 kB
SUnreclaim:       229568 kB
KernelStack:       46272 kB
ShadowCallStack:   11600 kB
PageTables:        73040 kB
NFS_Unstable:          0 kB
Bounce:                0 kB
WritebackTmp:          0 kB
CommitLimit:     8677876 kB
Committed_AS:   66911892 kB
VmallocTotal:   263061440 kB
VmallocUsed:      128348 kB
VmallocChunk:          0 kB
Percpu:             2520 kB
CmaTotal:         405504 kB
CmaFree:          251268 kB
MemTotal:        7918584 kB
MemFree:         1327264 kB
MemAvailable:    2901656 kB
Buffers:            6416 kB
Cached:          1427640 kB
SwapCached:        14112 kB
Active:          3276504 kB
Inactive:         733848 kB
Active(anon):    2535744 kB
Inactive(anon):    64952 kB
Active(file):     740760 kB
Inactive(file):   668896 kB
Unevictable:        6544 kB
Mlocked:            6104 kB
SwapTotal:       4718584 kB
SwapFree:        2695092 kB
Dirty:               164 kB
Writeback:             0 kB
AnonPages:       2578688 kB
Mapped:           677000 kB
Shmem:             19592 kB
KReclaimable:     554960 kB
Slab:             320380 kB
SReclaimable:      90868 kB
SUnreclaim:       229512 kB
KernelStack:       46256 kB
ShadowCallStack:   11600 kB
PageTables:        72984 kB
NFS_Unstable:          0 kB
Bounce:                0 kB
WritebackTmp:          0 kB
CommitLimit:     8677876 kB
Committed_AS:   67059352 kB
VmallocTotal:   263061440 kB
VmallocUsed:      128356 kB
VmallocChunk:          0 kB
Percpu:             2520 kB
CmaTotal:         405504 kB
CmaFree:          190132 kB
MemTotal:        7918584 kB
MemFree:         1285776 kB
MemAvailable:    2859844 kB
Buffers:            6416 kB
Cached:          1427616 kB
SwapCached:        14112 kB
Active:          3317612 kB
Inactive:         733872 kB
Active(anon):    2576852 kB
Inactive(anon):    64940 kB
Active(file):     740760 kB
Inactive(file):   668932 kB
Unevictable:        6544 kB
Mlocked:            6104 kB
SwapTotal:       4718584 kB
SwapFree:        2695092 kB
Dirty:               296 kB
Writeback:             0 kB
AnonPages:       2619756 kB
Mapped:           677140 kB
Shmem:             19532 kB
KReclaimable:     554600 kB
Slab:             320492 kB
SReclaimable:      90884 kB
SUnreclaim:       229608 kB
KernelStack:       46256 kB
ShadowCallStack:   11604 kB
PageTables:        73364 kB
NFS_Unstable:          0 kB
Bounce:                0 kB
WritebackTmp:          0 kB
CommitLimit:     8677876 kB
Committed_AS:   67154720 kB
VmallocTotal:   263061440 kB
VmallocUsed:      128348 kB
VmallocChunk:          0 kB
Percpu:             2520 kB
CmaTotal:         405504 kB
CmaFree:          148152 kB
MemTotal:        7918584 kB
MemFree:         1209328 kB
MemAvailable:    2782580 kB
Buffers:            6416 kB
Cached:          1427616 kB
SwapCached:        14112 kB
Active:          3393500 kB
Inactive:         733876 kB
Active(anon):    2652740 kB
Inactive(anon):    64944 kB
Active(file):     740760 kB
Inactive(file):   668932 kB
Unevictable:        6544 kB
Mlocked:            6104 kB
SwapTotal:       4718584 kB
SwapFree:        2695092 kB
Dirty:               300 kB
Writeback:             0 kB
AnonPages:       2695712 kB
Mapped:           677692 kB
Shmem:             19532 kB
KReclaimable:     553784 kB
Slab:             320460 kB
SReclaimable:      90868 kB
SUnreclaim:       229592 kB
KernelStack:       46160 kB
ShadowCallStack:   11580 kB
PageTables:        73752 kB
NFS_Unstable:          0 kB
Bounce:                0 kB
WritebackTmp:          0 kB
CommitLimit:     8677876 kB
Committed_AS:   67334588 kB
VmallocTotal:   263061440 kB
VmallocUsed:      128224 kB
VmallocChunk:          0 kB
Percpu:             2520 kB
CmaTotal:         405504 kB
CmaFree:           73196 kB
MemTotal:        7918584 kB
MemFree:         1170600 kB
MemAvailable:    2743052 kB
Buffers:            6416 kB
Cached:          1427616 kB
SwapCached:        14112 kB
Active:          3432888 kB
Inactive:         733880 kB
Active(anon):    2692128 kB
Inactive(anon):    64948 kB
Active(file):     740760 kB
Inactive(file):   668932 kB
Unevictable:        6544 kB
Mlocked:            6104 kB
SwapTotal:       4718584 kB
SwapFree:        2695092 kB
Dirty:               304 kB
Writeback:             0 kB
AnonPages:       2735108 kB
Mapped:           678144 kB
Shmem:             19532 kB
KReclaimable:     552984 kB
Slab:             320400 kB
SReclaimable:      90820 kB
SUnreclaim:       229580 kB
KernelStack:       46128 kB
ShadowCallStack:   11572 kB
PageTables:        73928 kB
NFS_Unstable:          0 kB
Bounce:                0 kB
WritebackTmp:          0 kB
CommitLimit:     8677876 kB
Committed_AS:   67449120 kB
VmallocTotal:   263061440 kB
VmallocUsed:      128164 kB
VmallocChunk:          0 kB
Percpu:             2520 kB
CmaTotal:         405504 kB
CmaFree:           33940 kB
MemTotal:        7918584 kB
MemFree:         1115544 kB
MemAvailable:    2687572 kB
Buffers:            6416 kB
Cached:          1427616 kB
SwapCached:        14112 kB
Active:          3488572 kB
Inactive:         733872 kB
Active(anon):    2747812 kB
Inactive(anon):    64940 kB
Active(file):     740760 kB
Inactive(file):   668932 kB
Unevictable:        6544 kB
Mlocked:            6104 kB
SwapTotal:       4718584 kB
SwapFree:        2695092 kB
Dirty:               304 kB
Writeback:             0 kB
AnonPages:       2790756 kB
Mapped:           678628 kB
Shmem:             19532 kB
KReclaimable:     552560 kB
Slab:             320424 kB
SReclaimable:      90820 kB
SUnreclaim:       229604 kB
KernelStack:       46096 kB
ShadowCallStack:   11556 kB
PageTables:        74096 kB
NFS_Unstable:          0 kB
Bounce:                0 kB
WritebackTmp:          0 kB
CommitLimit:     8677876 kB
Committed_AS:   67547424 kB
VmallocTotal:   263061440 kB
VmallocUsed:      128164 kB
VmallocChunk:          0 kB
Percpu:             2520 kB
CmaTotal:         405504 kB
CmaFree:               0 kB
MemTotal:        7918584 kB
MemFree:         1048456 kB
MemAvailable:    2619476 kB
Buffers:            6432 kB
Cached:          1427764 kB
SwapCached:        14112 kB
Active:          3555500 kB
Inactive:         733904 kB
Active(anon):    2814604 kB
Inactive(anon):    64948 kB
Active(file):     740896 kB
Inactive(file):   668956 kB
Unevictable:        6544 kB
Mlocked:            6104 kB
SwapTotal:       4718584 kB
SwapFree:        2695092 kB
Dirty:               268 kB
Writeback:             0 kB
AnonPages:       2857580 kB
Mapped:           680084 kB
Shmem:             19532 kB
KReclaimable:     551392 kB
Slab:             320576 kB
SReclaimable:      90820 kB
SUnreclaim:       229756 kB
KernelStack:       46128 kB
ShadowCallStack:   11564 kB
PageTables:        74464 kB
NFS_Unstable:          0 kB
Bounce:                0 kB
WritebackTmp:          0 kB
CommitLimit:     8677876 kB
Committed_AS:   67727648 kB
VmallocTotal:   263061440 kB
VmallocUsed:      128148 kB
VmallocChunk:          0 kB
Percpu:             2520 kB
CmaTotal:         405504 kB
CmaFree:               0 kB
MemTotal:        7918584 kB
MemFree:         1002292 kB
MemAvailable:    2573052 kB
Buffers:            6432 kB
Cached:          1427856 kB
SwapCached:        14112 kB
Active:          3600796 kB
Inactive:         733964 kB
Active(anon):    2859900 kB
Inactive(anon):    64940 kB
Active(file):     740896 kB
Inactive(file):   669024 kB
Unevictable:        6544 kB
Mlocked:            6104 kB
SwapTotal:       4718584 kB
SwapFree:        2695092 kB
Dirty:               332 kB
Writeback:             0 kB
AnonPages:       2902832 kB
Mapped:           680400 kB
Shmem:             19560 kB
KReclaimable:     551064 kB
Slab:             320552 kB
SReclaimable:      90820 kB
SUnreclaim:       229732 kB
KernelStack:       46112 kB
ShadowCallStack:   11560 kB
PageTables:        74580 kB
NFS_Unstable:          0 kB
Bounce:                0 kB
WritebackTmp:          0 kB
CommitLimit:     8677876 kB
Committed_AS:   67809584 kB
VmallocTotal:   263061440 kB
VmallocUsed:      128160 kB
VmallocChunk:          0 kB
Percpu:             2520 kB
CmaTotal:         405504 kB
CmaFree:               0 kB
MemTotal:        7918584 kB
MemFree:          937888 kB
MemAvailable:    2507960 kB
Buffers:            6432 kB
Cached:          1427856 kB
SwapCached:        14112 kB
Active:          3666440 kB
Inactive:         733968 kB
Active(anon):    2925544 kB
Inactive(anon):    64944 kB
Active(file):     740896 kB
Inactive(file):   669024 kB
Unevictable:        6544 kB
Mlocked:            6104 kB
SwapTotal:       4718584 kB
SwapFree:        2695092 kB
Dirty:               396 kB
Writeback:             0 kB
AnonPages:       2968544 kB
Mapped:           680668 kB
Shmem:             19560 kB
KReclaimable:     550376 kB
Slab:             320544 kB
SReclaimable:      90820 kB
SUnreclaim:       229724 kB
KernelStack:       46016 kB
ShadowCallStack:   11556 kB
PageTables:        74964 kB
NFS_Unstable:          0 kB
Bounce:                0 kB
WritebackTmp:          0 kB
CommitLimit:     8677876 kB
Committed_AS:   67973164 kB
VmallocTotal:   263061440 kB
VmallocUsed:      128068 kB
VmallocChunk:          0 kB
Percpu:             2520 kB
CmaTotal:         405504 kB
CmaFree:               0 kB
MemTotal:        7918584 kB
MemFree:          873656 kB
MemAvailable:    2442784 kB
Buffers:            6432 kB
Cached:          1427856 kB
SwapCached:        14112 kB
Active:          3730212 kB
Inactive:         733968 kB
Active(anon):    2989316 kB
Inactive(anon):    64944 kB
Active(file):     740896 kB
Inactive(file):   669024 kB
Unevictable:        6544 kB
Mlocked:            6104 kB
SwapTotal:       4718584 kB
SwapFree:        2695092 kB
Dirty:               396 kB
Writeback:             0 kB
AnonPages:       3032224 kB
Mapped:           681484 kB
Shmem:             19560 kB
KReclaimable:     549432 kB
Slab:             320628 kB
SReclaimable:      90820 kB
SUnreclaim:       229808 kB
KernelStack:       46016 kB
ShadowCallStack:   11528 kB
PageTables:        75220 kB
NFS_Unstable:          0 kB
Bounce:                0 kB
WritebackTmp:          0 kB
CommitLimit:     8677876 kB
Committed_AS:   68120516 kB
VmallocTotal:   263061440 kB
VmallocUsed:      128040 kB
VmallocChunk:          0 kB
Percpu:             2520 kB
CmaTotal:         405504 kB
CmaFree:               0 kB
MemTotal:        7918584 kB
MemFree:          828292 kB
MemAvailable:    2396956 kB
Buffers:            6432 kB
Cached:          1427856 kB
SwapCached:        14112 kB
Active:          3774888 kB
Inactive:         733964 kB
Active(anon):    3033992 kB
Inactive(anon):    64940 kB
Active(file):     740896 kB
Inactive(file):   669024 kB
Unevictable:        6544 kB
Mlocked:            6104 kB
SwapTotal:       4718584 kB
SwapFree:        2695092 kB
Dirty:               396 kB
Writeback:             0 kB
AnonPages:       3076860 kB
Mapped:           681572 kB
Shmem:             19560 kB
KReclaimable:     548968 kB
Slab:             320656 kB
SReclaimable:      90820 kB
SUnreclaim:       229836 kB
KernelStack:       46000 kB
ShadowCallStack:   11536 kB
PageTables:        75460 kB
NFS_Unstable:          0 kB
Bounce:                0 kB
WritebackTmp:          0 kB
CommitLimit:     8677876 kB
Committed_AS:   68218772 kB
VmallocTotal:   263061440 kB
VmallocUsed:      127988 kB
VmallocChunk:          0 kB
Percpu:             2520 kB
CmaTotal:         405504 kB
CmaFree:               0 kB
MemTotal:        7918584 kB
MemFree:          750248 kB
MemAvailable:    2317632 kB
Buffers:            6456 kB
Cached:          1427832 kB
SwapCached:        14112 kB
Active:          3852332 kB
Inactive:         733956 kB
Active(anon):    3111436 kB
Inactive(anon):    64932 kB
Active(file):     740896 kB
Inactive(file):   669024 kB
Unevictable:        6544 kB
Mlocked:            6104 kB
SwapTotal:       4718584 kB
SwapFree:        2695092 kB
Dirty:               236 kB
Writeback:             0 kB
AnonPages:       3154252 kB
Mapped:           682484 kB
Shmem:             19560 kB
KReclaimable:     547688 kB
Slab:             320668 kB
SReclaimable:      90820 kB
SUnreclaim:       229848 kB
KernelStack:       45936 kB
ShadowCallStack:   11520 kB
PageTables:        75832 kB
NFS_Unstable:          0 kB
Bounce:                0 kB
WritebackTmp:          0 kB
CommitLimit:     8677876 kB
Committed_AS:   68398992 kB
VmallocTotal:   263061440 kB
VmallocUsed:      127968 kB
VmallocChunk:          0 kB
Percpu:             2520 kB
CmaTotal:         405504 kB
CmaFree:               0 kB
MemTotal:        7918584 kB
MemFree:          662628 kB
MemAvailable:    2099156 kB
Buffers:            6456 kB
Cached:          1428056 kB
SwapCached:        14112 kB
Active:          3939980 kB
Inactive:         734008 kB
Active(anon):    3198972 kB
Inactive(anon):    64944 kB
Active(file):     741008 kB
Inactive(file):   669064 kB
Unevictable:        6544 kB
Mlocked:            6104 kB
SwapTotal:       4718584 kB
SwapFree:        2695348 kB
Dirty:               252 kB
Writeback:             0 kB
AnonPages:       3241832 kB
Mapped:           683488 kB
Shmem:             19632 kB
KReclaimable:     416680 kB
Slab:             320852 kB
SReclaimable:      90820 kB
SUnreclaim:       230032 kB
KernelStack:       46080 kB
ShadowCallStack:   11556 kB
PageTables:        76080 kB
NFS_Unstable:          0 kB
Bounce:                0 kB
WritebackTmp:          0 kB
CommitLimit:     8677876 kB
Committed_AS:   68497692 kB
VmallocTotal:   263061440 kB
VmallocUsed:      128136 kB
VmallocChunk:          0 kB
Percpu:             2520 kB
CmaTotal:         405504 kB
CmaFree:               0 kB
MemTotal:        7918584 kB
MemFree:          657904 kB
MemAvailable:    2224296 kB
Buffers:            6464 kB
Cached:          1427984 kB
SwapCached:        14112 kB
Active:          3943716 kB
Inactive:         734004 kB
Active(anon):    3202708 kB
Inactive(anon):    64932 kB
Active(file):     741008 kB
Inactive(file):   669072 kB
Unevictable:        6544 kB
Mlocked:            6104 kB
SwapTotal:       4718584 kB
SwapFree:        2695348 kB
Dirty:               292 kB
Writeback:             0 kB
AnonPages:       3245632 kB
Mapped:           683224 kB
Shmem:             19560 kB
KReclaimable:     546536 kB
Slab:             320904 kB
SReclaimable:      90820 kB
SUnreclaim:       230084 kB
KernelStack:       46000 kB
ShadowCallStack:   11528 kB
PageTables:        76096 kB
NFS_Unstable:          0 kB
Bounce:                0 kB
WritebackTmp:          0 kB
CommitLimit:     8677876 kB
Committed_AS:   68579216 kB
VmallocTotal:   263061440 kB
VmallocUsed:      127984 kB
VmallocChunk:          0 kB
Percpu:             2520 kB
CmaTotal:         405504 kB
CmaFree:               0 kB
MemTotal:        7918584 kB
MemFree:          584280 kB
MemAvailable:    2149568 kB
Buffers:            6464 kB
Cached:          1427984 kB
SwapCached:        14112 kB
Active:          4017348 kB
Inactive:         734016 kB
Active(anon):    3276340 kB
Inactive(anon):    64944 kB
Active(file):     741008 kB
Inactive(file):   669072 kB
Unevictable:        6544 kB
Mlocked:            6104 kB
SwapTotal:       4718584 kB
SwapFree:        2695348 kB
Dirty:               296 kB
Writeback:             0 kB
AnonPages:       3319264 kB
Mapped:           683928 kB
Shmem:             19560 kB
KReclaimable:     545432 kB
Slab:             320772 kB
SReclaimable:      90820 kB
SUnreclaim:       229952 kB
KernelStack:       45952 kB
ShadowCallStack:   11520 kB
PageTables:        76452 kB
NFS_Unstable:          0 kB
Bounce:                0 kB
WritebackTmp:          0 kB
CommitLimit:     8677876 kB
Committed_AS:   68743016 kB
VmallocTotal:   263061440 kB
VmallocUsed:      127960 kB
VmallocChunk:          0 kB
Percpu:             2520 kB
CmaTotal:         405504 kB
CmaFree:               0 kB
MemTotal:        7918584 kB
MemFree:          546096 kB
MemAvailable:    2111020 kB
Buffers:            6464 kB
Cached:          1427988 kB
SwapCached:        14112 kB
Active:          4055736 kB
Inactive:         734012 kB
Active(anon):    3314728 kB
Inactive(anon):    64936 kB
Active(file):     741008 kB
Inactive(file):   669076 kB
Unevictable:        6544 kB
Mlocked:            6104 kB
SwapTotal:       4718584 kB
SwapFree:        2695348 kB
Dirty:               300 kB
Writeback:             0 kB
AnonPages:       3357580 kB
Mapped:           683944 kB
Shmem:             19560 kB
KReclaimable:     545064 kB
Slab:             320796 kB
SReclaimable:      90820 kB
SUnreclaim:       229976 kB
KernelStack:       45968 kB
ShadowCallStack:   11508 kB
PageTables:        76652 kB
NFS_Unstable:          0 kB
Bounce:                0 kB
WritebackTmp:          0 kB
CommitLimit:     8677876 kB
Committed_AS:   68841316 kB
VmallocTotal:   263061440 kB
VmallocUsed:      127948 kB
VmallocChunk:          0 kB
Percpu:             2520 kB
CmaTotal:         405504 kB
CmaFree:               0 kB
MemTotal:        7918584 kB
MemFree:          484976 kB
MemAvailable:    2049464 kB
Buffers:            6464 kB
Cached:          1427984 kB
SwapCached:        14112 kB
Active:          4116672 kB
Inactive:         734020 kB
Active(anon):    3375664 kB
Inactive(anon):    64948 kB
Active(file):     741008 kB
Inactive(file):   669072 kB
Unevictable:        6544 kB
Mlocked:            6104 kB
SwapTotal:       4718584 kB
SwapFree:        2695348 kB
Dirty:               324 kB
Writeback:             0 kB
AnonPages:       3418600 kB
Mapped:           684552 kB
Shmem:             19560 kB
KReclaimable:     544632 kB
Slab:             320836 kB
SReclaimable:      90820 kB
SUnreclaim:       230016 kB
KernelStack:       46000 kB
ShadowCallStack:   11532 kB
PageTables:        77068 kB
NFS_Unstable:          0 kB
Bounce:                0 kB
WritebackTmp:          0 kB
CommitLimit:     8677876 kB
Committed_AS:   68972388 kB
VmallocTotal:   263061440 kB
VmallocUsed:      127964 kB
VmallocChunk:          0 kB
Percpu:             2520 kB
CmaTotal:         405504 kB
CmaFree:               0 kB
MemTotal:        7918584 kB
MemFree:          412376 kB
MemAvailable:    1975420 kB
Buffers:            6472 kB
Cached:          1427996 kB
SwapCached:        14112 kB
Active:          4188800 kB
Inactive:         734028 kB
Active(anon):    3447792 kB
Inactive(anon):    64936 kB
Active(file):     741008 kB
Inactive(file):   669092 kB
Unevictable:        6544 kB
Mlocked:            6104 kB
SwapTotal:       4718584 kB
SwapFree:        2695348 kB
Dirty:               348 kB
Writeback:             0 kB
AnonPages:       3490784 kB
Mapped:           685072 kB
Shmem:             19560 kB
KReclaimable:     543168 kB
Slab:             320988 kB
SReclaimable:      90804 kB
SUnreclaim:       230184 kB
KernelStack:       45968 kB
ShadowCallStack:   11532 kB
PageTables:        77224 kB
NFS_Unstable:          0 kB
Bounce:                0 kB
WritebackTmp:          0 kB
CommitLimit:     8677876 kB
Committed_AS:   69152612 kB
VmallocTotal:   263061440 kB
VmallocUsed:      127964 kB
VmallocChunk:          0 kB
Percpu:             2520 kB
CmaTotal:         405504 kB
CmaFree:               0 kB
MemTotal:        7918584 kB
MemFree:          380324 kB
MemAvailable:    1943120 kB
Buffers:            6472 kB
Cached:          1427996 kB
SwapCached:        14112 kB
Active:          4220208 kB
Inactive:         734032 kB
Active(anon):    3479200 kB
Inactive(anon):    64940 kB
Active(file):     741008 kB
Inactive(file):   669092 kB
Unevictable:        6544 kB
Mlocked:            6104 kB
SwapTotal:       4718584 kB
SwapFree:        2695348 kB
Dirty:               280 kB
Writeback:             0 kB
AnonPages:       3521968 kB
Mapped:           685324 kB
Shmem:             19560 kB
KReclaimable:     542920 kB
Slab:             320944 kB
SReclaimable:      90804 kB
SUnreclaim:       230140 kB
KernelStack:       45968 kB
ShadowCallStack:   11512 kB
PageTables:        77420 kB
NFS_Unstable:          0 kB
Bounce:                0 kB
WritebackTmp:          0 kB
CommitLimit:     8677876 kB
Committed_AS:   69218148 kB
VmallocTotal:   263061440 kB
VmallocUsed:      127976 kB
VmallocChunk:          0 kB
Percpu:             2520 kB
CmaTotal:         405504 kB
CmaFree:               0 kB
MemTotal:        7918584 kB
MemFree:          311992 kB
MemAvailable:    1874036 kB
Buffers:            6472 kB
Cached:          1427996 kB
SwapCached:        14112 kB
Active:          4289204 kB
Inactive:         734028 kB
Active(anon):    3548196 kB
Inactive(anon):    64936 kB
Active(file):     741008 kB
Inactive(file):   669092 kB
Unevictable:        6544 kB
Mlocked:            6104 kB
SwapTotal:       4718584 kB
SwapFree:        2695348 kB
Dirty:               280 kB
Writeback:             0 kB
AnonPages:       3591040 kB
Mapped:           685740 kB
Shmem:             19560 kB
KReclaimable:     542168 kB
Slab:             320984 kB
SReclaimable:      90804 kB
SUnreclaim:       230180 kB
KernelStack:       45984 kB
ShadowCallStack:   11524 kB
PageTables:        77728 kB
NFS_Unstable:          0 kB
Bounce:                0 kB
WritebackTmp:          0 kB
CommitLimit:     8677876 kB
Committed_AS:   69381988 kB
VmallocTotal:   263061440 kB
VmallocUsed:      127968 kB
VmallocChunk:          0 kB
Percpu:             2520 kB
CmaTotal:         405504 kB
CmaFree:               0 kB
MemTotal:        7918584 kB
MemFree:          263344 kB
MemAvailable:    1824524 kB
Buffers:            6472 kB
Cached:          1427996 kB
SwapCached:        14112 kB
Active:          4336732 kB
Inactive:         734036 kB
Active(anon):    3595724 kB
Inactive(anon):    64944 kB
Active(file):     741008 kB
Inactive(file):   669092 kB
Unevictable:        6544 kB
Mlocked:            6104 kB
SwapTotal:       4718584 kB
SwapFree:        2695348 kB
Dirty:               288 kB
Writeback:             0 kB
AnonPages:       3638540 kB
Mapped:           686364 kB
Shmem:             19560 kB
KReclaimable:     541304 kB
Slab:             320960 kB
SReclaimable:      90804 kB
SUnreclaim:       230156 kB
KernelStack:       45952 kB
ShadowCallStack:   11512 kB
PageTables:        77848 kB
NFS_Unstable:          0 kB
Bounce:                0 kB
WritebackTmp:          0 kB
CommitLimit:     8677876 kB
Committed_AS:   69480292 kB
VmallocTotal:   263061440 kB
VmallocUsed:      127980 kB
VmallocChunk:          0 kB
Percpu:             2520 kB
CmaTotal:         405504 kB
CmaFree:               0 kB
MemTotal:        7918584 kB
MemFree:          244712 kB
MemAvailable:    1805756 kB
Buffers:            6480 kB
Cached:          1427992 kB
SwapCached:        14112 kB
Active:          4354148 kB
Inactive:         734032 kB
Active(anon):    3613140 kB
Inactive(anon):    64940 kB
Active(file):     741008 kB
Inactive(file):   669092 kB
Unevictable:        6544 kB
Mlocked:            6104 kB
SwapTotal:       4718584 kB
SwapFree:        2695348 kB
Dirty:               288 kB
Writeback:             0 kB
AnonPages:       3656248 kB
Mapped:           686560 kB
Shmem:             19564 kB
KReclaimable:     541168 kB
Slab:             321076 kB
SReclaimable:      90804 kB
SUnreclaim:       230272 kB
KernelStack:       45984 kB
ShadowCallStack:   11524 kB
PageTables:        77900 kB
NFS_Unstable:          0 kB
Bounce:                0 kB
WritebackTmp:          0 kB
CommitLimit:     8677876 kB
Committed_AS:   69513068 kB
VmallocTotal:   263061440 kB
VmallocUsed:      127984 kB
VmallocChunk:          0 kB
Percpu:             2520 kB
CmaTotal:         405504 kB
CmaFree:               0 kB
MemTotal:        7918584 kB
MemFree:          167788 kB
MemAvailable:    1727608 kB
Buffers:            6512 kB
Cached:          1428016 kB
SwapCached:        14112 kB
Active:          4432084 kB
Inactive:         734084 kB
Active(anon):    3691076 kB
Inactive(anon):    64940 kB
Active(file):     741008 kB
Inactive(file):   669144 kB
Unevictable:        6544 kB
Mlocked:            6104 kB
SwapTotal:       4718584 kB
SwapFree:        2695348 kB
Dirty:               464 kB
Writeback:             0 kB
AnonPages:       3733992 kB
Mapped:           687452 kB
Shmem:             19568 kB
KReclaimable:     539892 kB
Slab:             321088 kB
SReclaimable:      90808 kB
SUnreclaim:       230280 kB
KernelStack:       45968 kB
ShadowCallStack:   11532 kB
PageTables:        78324 kB
NFS_Unstable:          0 kB
Bounce:                0 kB
WritebackTmp:          0 kB
CommitLimit:     8677876 kB
Committed_AS:   69676860 kB
VmallocTotal:   263061440 kB
VmallocUsed:      127952 kB
VmallocChunk:          0 kB
Percpu:             2520 kB
CmaTotal:         405504 kB
CmaFree:               0 kB
MemTotal:        7918584 kB
MemFree:          162492 kB
MemAvailable:    1701084 kB
Buffers:            5028 kB
Cached:          1417604 kB
SwapCached:        13868 kB
Active:          4474168 kB
Inactive:         703832 kB
Active(anon):    3726856 kB
Inactive(anon):    52960 kB
Active(file):     747312 kB
Inactive(file):   650872 kB
Unevictable:        6544 kB
Mlocked:            6104 kB
SwapTotal:       4718584 kB
SwapFree:        2695092 kB
Dirty:               464 kB
Writeback:             0 kB
AnonPages:       3758124 kB
Mapped:           683928 kB
Shmem:             19556 kB
KReclaimable:     530632 kB
Slab:             319948 kB
SReclaimable:      89608 kB
SUnreclaim:       230340 kB
KernelStack:       45920 kB
ShadowCallStack:   11524 kB
PageTables:        78252 kB
NFS_Unstable:          0 kB
Bounce:                0 kB
WritebackTmp:          0 kB
CommitLimit:     8677876 kB
Committed_AS:   69742392 kB
VmallocTotal:   263061440 kB
VmallocUsed:      127968 kB
VmallocChunk:          0 kB
Percpu:             2520 kB
CmaTotal:         405504 kB
CmaFree:               0 kB
MemTotal:        7918584 kB
MemFree:          161672 kB
MemAvailable:    1659404 kB
Buffers:            3984 kB
Cached:          1384084 kB
SwapCached:        13868 kB
Active:          4540408 kB
Inactive:         664988 kB
Active(anon):    3788752 kB
Inactive(anon):    52964 kB
Active(file):     751656 kB
Inactive(file):   612024 kB
Unevictable:        6544 kB
Mlocked:            6104 kB
SwapTotal:       4718584 kB
SwapFree:        2695092 kB
Dirty:                60 kB
Writeback:             4 kB
AnonPages:       3819768 kB
Mapped:           683720 kB
Shmem:             19560 kB
KReclaimable:     524276 kB
Slab:             319960 kB
SReclaimable:      89540 kB
SUnreclaim:       230420 kB
KernelStack:       45936 kB
ShadowCallStack:   11524 kB
PageTables:        78584 kB
NFS_Unstable:          0 kB
Bounce:                0 kB
WritebackTmp:          0 kB
CommitLimit:     8677876 kB
Committed_AS:   69873464 kB
VmallocTotal:   263061440 kB
VmallocUsed:      127948 kB
VmallocChunk:          0 kB
Percpu:             2520 kB
CmaTotal:         405504 kB
CmaFree:              16 kB
MemTotal:        7918584 kB
MemFree:          162564 kB
MemAvailable:    1614980 kB
Buffers:            3972 kB
Cached:          1345612 kB
SwapCached:        13868 kB
Active:          4583912 kB
Inactive:         626532 kB
Active(anon):    3832252 kB
Inactive(anon):    52964 kB
Active(file):     751660 kB
Inactive(file):   573568 kB
Unevictable:        6544 kB
Mlocked:            6104 kB
SwapTotal:       4718584 kB
SwapFree:        2695092 kB
Dirty:                68 kB
Writeback:             0 kB
AnonPages:       3863304 kB
Mapped:           684492 kB
Shmem:             19560 kB
KReclaimable:     517412 kB
Slab:             319748 kB
SReclaimable:      89356 kB
SUnreclaim:       230392 kB
KernelStack:       46000 kB
ShadowCallStack:   11512 kB
PageTables:        78868 kB
NFS_Unstable:          0 kB
Bounce:                0 kB
WritebackTmp:          0 kB
CommitLimit:     8677876 kB
Committed_AS:   69971768 kB
VmallocTotal:   263061440 kB
VmallocUsed:      127980 kB
VmallocChunk:          0 kB
Percpu:             2520 kB
CmaTotal:         405504 kB
CmaFree:               0 kB
MemTotal:        7918584 kB
MemFree:          165764 kB
MemAvailable:    1601396 kB
Buffers:            3936 kB
Cached:          1331544 kB
SwapCached:        13868 kB
Active:          4597292 kB
Inactive:         612408 kB
Active(anon):    3845624 kB
Inactive(anon):    52964 kB
Active(file):     751668 kB
Inactive(file):   559444 kB
Unevictable:        6544 kB
Mlocked:            6104 kB
SwapTotal:       4718584 kB
SwapFree:        2695092 kB
Dirty:                 0 kB
Writeback:             0 kB
AnonPages:       3876776 kB
Mapped:           684552 kB
Shmem:             19560 kB
KReclaimable:     514744 kB
Slab:             319464 kB
SReclaimable:      89024 kB
SUnreclaim:       230440 kB
KernelStack:       45968 kB
ShadowCallStack:   11524 kB
PageTables:        78988 kB
NFS_Unstable:          0 kB
Bounce:                0 kB
WritebackTmp:          0 kB
CommitLimit:     8677876 kB
Committed_AS:   70004536 kB
VmallocTotal:   263061440 kB
VmallocUsed:      127964 kB
VmallocChunk:          0 kB
Percpu:             2520 kB
CmaTotal:         405504 kB
CmaFree:               0 kB
MemTotal:        7918584 kB
MemFree:          163296 kB
MemAvailable:    1523696 kB
Buffers:            3624 kB
Cached:          1269140 kB
SwapCached:        13868 kB
Active:          4683448 kB
Inactive:         538668 kB
Active(anon):    3920944 kB
Inactive(anon):    52956 kB
Active(file):     762504 kB
Inactive(file):   485712 kB
Unevictable:        6544 kB
Mlocked:            6104 kB
SwapTotal:       4718584 kB
SwapFree:        2695092 kB
Dirty:                84 kB
Writeback:             0 kB
AnonPages:       3951964 kB
Mapped:           679336 kB
Shmem:             19564 kB
KReclaimable:     502408 kB
Slab:             318136 kB
SReclaimable:      87632 kB
SUnreclaim:       230504 kB
KernelStack:       45920 kB
ShadowCallStack:   11512 kB
PageTables:        79240 kB
NFS_Unstable:          0 kB
Bounce:                0 kB
WritebackTmp:          0 kB
CommitLimit:     8677876 kB
Committed_AS:   70168980 kB
VmallocTotal:   263061440 kB
VmallocUsed:      127940 kB
VmallocChunk:          0 kB
Percpu:             2520 kB
CmaTotal:         405504 kB
CmaFree:               0 kB
MemTotal:        7918584 kB
MemFree:          164440 kB
MemAvailable:    1500436 kB
Buffers:            3444 kB
Cached:          1252428 kB
SwapCached:        13868 kB
Active:          4741576 kB
Inactive:         487732 kB
Active(anon):    3944844 kB
Inactive(anon):    52964 kB
Active(file):     796732 kB
Inactive(file):   434768 kB
Unevictable:        6544 kB
Mlocked:            6104 kB
SwapTotal:       4718584 kB
SwapFree:        2695092 kB
Dirty:                84 kB
Writeback:             0 kB
AnonPages:       3975984 kB
Mapped:           673632 kB
Shmem:             19564 kB
KReclaimable:     494720 kB
Slab:             318080 kB
SReclaimable:      87584 kB
SUnreclaim:       230496 kB
KernelStack:       45904 kB
ShadowCallStack:   11516 kB
PageTables:        79240 kB
NFS_Unstable:          0 kB
Bounce:                0 kB
WritebackTmp:          0 kB
CommitLimit:     8677876 kB
Committed_AS:   70218024 kB
VmallocTotal:   263061440 kB
VmallocUsed:      127908 kB
VmallocChunk:          0 kB
Percpu:             2520 kB
CmaTotal:         405504 kB
CmaFree:               0 kB
MemTotal:        7918584 kB
MemFree:          165104 kB
MemAvailable:    1452008 kB
Buffers:            3444 kB
Cached:          1211276 kB
SwapCached:        13868 kB
Active:          4795616 kB
Inactive:         439196 kB
Active(anon):    3991496 kB
Inactive(anon):    52948 kB
Active(file):     804120 kB
Inactive(file):   386248 kB
Unevictable:        6544 kB
Mlocked:            6104 kB
SwapTotal:       4718584 kB
SwapFree:        2695092 kB
Dirty:                84 kB
Writeback:             0 kB
AnonPages:       4022636 kB
Mapped:           661020 kB
Shmem:             19564 kB
KReclaimable:     486760 kB
Slab:             317404 kB
SReclaimable:      86848 kB
SUnreclaim:       230556 kB
KernelStack:       45856 kB
ShadowCallStack:   11496 kB
PageTables:        79756 kB
NFS_Unstable:          0 kB
Bounce:                0 kB
WritebackTmp:          0 kB
CommitLimit:     8677876 kB
Committed_AS:   70332504 kB
VmallocTotal:   263061440 kB
VmallocUsed:      127824 kB
VmallocChunk:          0 kB
Percpu:             2520 kB
CmaTotal:         405504 kB
CmaFree:               0 kB
MemTotal:        7918584 kB
MemFree:          161616 kB
MemAvailable:    1391472 kB
Buffers:            3404 kB
Cached:          1164388 kB
SwapCached:        13868 kB
Active:          4869864 kB
Inactive:         377108 kB
Active(anon):    4050748 kB
Inactive(anon):    52944 kB
Active(file):     819116 kB
Inactive(file):   324164 kB
Unevictable:        6544 kB
Mlocked:            6104 kB
SwapTotal:       4718584 kB
SwapFree:        2695092 kB
Dirty:               132 kB
Writeback:             8 kB
AnonPages:       4082072 kB
Mapped:           644736 kB
Shmem:             19564 kB
KReclaimable:     476800 kB
Slab:             316916 kB
SReclaimable:      86360 kB
SUnreclaim:       230556 kB
KernelStack:       45840 kB
ShadowCallStack:   11492 kB
PageTables:        79792 kB
NFS_Unstable:          0 kB
Bounce:                0 kB
WritebackTmp:          0 kB
CommitLimit:     8677876 kB
Committed_AS:   70447196 kB
VmallocTotal:   263061440 kB
VmallocUsed:      127792 kB
VmallocChunk:          0 kB
Percpu:             2520 kB
CmaTotal:         405504 kB
CmaFree:               0 kB
MemTotal:        7918584 kB
MemFree:          164488 kB
MemAvailable:    1374976 kB
Buffers:            3404 kB
Cached:          1147660 kB
SwapCached:        13868 kB
Active:          4887484 kB
Inactive:         360324 kB
Active(anon):    4068168 kB
Inactive(anon):    52948 kB
Active(file):     819316 kB
Inactive(file):   307376 kB
Unevictable:        6544 kB
Mlocked:            6104 kB
SwapTotal:       4718584 kB
SwapFree:        2695092 kB
Dirty:               168 kB
Writeback:             0 kB
AnonPages:       4099268 kB
Mapped:           644384 kB
Shmem:             19564 kB
KReclaimable:     474020 kB
Slab:             316480 kB
SReclaimable:      85868 kB
SUnreclaim:       230612 kB
KernelStack:       45840 kB
ShadowCallStack:   11496 kB
PageTables:        80060 kB
NFS_Unstable:          0 kB
Bounce:                0 kB
WritebackTmp:          0 kB
CommitLimit:     8677876 kB
Committed_AS:   70496240 kB
VmallocTotal:   263061440 kB
VmallocUsed:      127816 kB
VmallocChunk:          0 kB
Percpu:             2520 kB
CmaTotal:         405504 kB
CmaFree:               0 kB
MemTotal:        7918584 kB
MemFree:          163352 kB
MemAvailable:    1299892 kB
Buffers:            3380 kB
Cached:          1086580 kB
SwapCached:        13868 kB
Active:          4971524 kB
Inactive:         287328 kB
Active(anon):    4140436 kB
Inactive(anon):    52944 kB
Active(file):     831088 kB
Inactive(file):   234384 kB
Unevictable:        6544 kB
Mlocked:            6104 kB
SwapTotal:       4718584 kB
SwapFree:        2695092 kB
Dirty:               204 kB
Writeback:             0 kB
AnonPages:       4171424 kB
Mapped:           643880 kB
Shmem:             19564 kB
KReclaimable:     461292 kB
Slab:             314980 kB
SReclaimable:      84332 kB
SUnreclaim:       230648 kB
KernelStack:       45792 kB
ShadowCallStack:   11476 kB
PageTables:        80396 kB
NFS_Unstable:          0 kB
Bounce:                0 kB
WritebackTmp:          0 kB
CommitLimit:     8677876 kB
Committed_AS:   70659976 kB
VmallocTotal:   263061440 kB
VmallocUsed:      127736 kB
VmallocChunk:          0 kB
Percpu:             2520 kB
CmaTotal:         405504 kB
CmaFree:               0 kB
MemTotal:        7918584 kB
MemFree:          164060 kB
MemAvailable:    1118692 kB
Buffers:            3380 kB
Cached:          1028072 kB
SwapCached:        13868 kB
Active:          5032176 kB
Inactive:         228292 kB
Active(anon):    4200972 kB
Inactive(anon):    52392 kB
Active(file):     831204 kB
Inactive(file):   175900 kB
Unevictable:        6544 kB
Mlocked:            6104 kB
SwapTotal:       4718584 kB
SwapFree:        2695860 kB
Dirty:               204 kB
Writeback:             0 kB
AnonPages:       4231512 kB
Mapped:           644620 kB
Shmem:             19540 kB
KReclaimable:     337752 kB
Slab:             313620 kB
SReclaimable:      82848 kB
SUnreclaim:       230772 kB
KernelStack:       45856 kB
ShadowCallStack:   11508 kB
PageTables:        80496 kB
NFS_Unstable:          0 kB
Bounce:                0 kB
WritebackTmp:          0 kB
CommitLimit:     8677876 kB
Committed_AS:   70709304 kB
VmallocTotal:   263061440 kB
VmallocUsed:      127840 kB
VmallocChunk:          0 kB
Percpu:             2520 kB
CmaTotal:         405504 kB
CmaFree:               0 kB
MemTotal:        7918584 kB
MemFree:          162884 kB
MemAvailable:    1065316 kB
Buffers:            3380 kB
Cached:           992092 kB
SwapCached:        13868 kB
Active:          5076056 kB
Inactive:         192200 kB
Active(anon):    4244852 kB
Inactive(anon):    52396 kB
Active(file):     831204 kB
Inactive(file):   139804 kB
Unevictable:        6544 kB
Mlocked:            6104 kB
SwapTotal:       4718584 kB
SwapFree:        2695860 kB
Dirty:               204 kB
Writeback:             0 kB
AnonPages:       4275288 kB
Mapped:           644796 kB
Shmem:             19656 kB
KReclaimable:     321648 kB
Slab:             312612 kB
SReclaimable:      81872 kB
SUnreclaim:       230740 kB
KernelStack:       45792 kB
ShadowCallStack:   11480 kB
PageTables:        80644 kB
NFS_Unstable:          0 kB
Bounce:                0 kB
WritebackTmp:          0 kB
CommitLimit:     8677876 kB
Committed_AS:   70823788 kB
VmallocTotal:   263061440 kB
VmallocUsed:      127776 kB
VmallocChunk:          0 kB
Percpu:             2520 kB
CmaTotal:         405504 kB
CmaFree:               0 kB
MemTotal:        7918584 kB
MemFree:          170068 kB
MemAvailable:    1178780 kB
Buffers:            3388 kB
Cached:           972060 kB
SwapCached:        13868 kB
Active:          5091712 kB
Inactive:         172328 kB
Active(anon):    4260508 kB
Inactive(anon):    52396 kB
Active(file):     831204 kB
Inactive(file):   119932 kB
Unevictable:        6544 kB
Mlocked:            6104 kB
SwapTotal:       4718584 kB
SwapFree:        2695860 kB
Dirty:               204 kB
Writeback:             0 kB
AnonPages:       4291276 kB
Mapped:           644712 kB
Shmem:             19504 kB
KReclaimable:     447800 kB
Slab:             312192 kB
SReclaimable:      81444 kB
SUnreclaim:       230748 kB
KernelStack:       45680 kB
ShadowCallStack:   11444 kB
PageTables:        80628 kB
NFS_Unstable:          0 kB
Bounce:                0 kB
WritebackTmp:          0 kB
CommitLimit:     8677876 kB
Committed_AS:   70938076 kB
VmallocTotal:   263061440 kB
VmallocUsed:      127604 kB
VmallocChunk:          0 kB
Percpu:             2520 kB
CmaTotal:         405504 kB
CmaFree:               0 kB
MemTotal:        7918584 kB
MemFree:          164288 kB
MemAvailable:    1162856 kB
Buffers:            3328 kB
Cached:           963380 kB
SwapCached:        13868 kB
Active:          5108444 kB
Inactive:         163576 kB
Active(anon):    4277240 kB
Inactive(anon):    52384 kB
Active(file):     831204 kB
Inactive(file):   111192 kB
Unevictable:        6544 kB
Mlocked:            6104 kB
SwapTotal:       4718584 kB
SwapFree:        2695860 kB
Dirty:               224 kB
Writeback:             0 kB
AnonPages:       4307916 kB
Mapped:           644884 kB
Shmem:             19504 kB
KReclaimable:     446396 kB
Slab:             312008 kB
SReclaimable:      81252 kB
SUnreclaim:       230756 kB
KernelStack:       45664 kB
ShadowCallStack:   11448 kB
PageTables:        80792 kB
NFS_Unstable:          0 kB
Bounce:                0 kB
WritebackTmp:          0 kB
CommitLimit:     8677876 kB
Committed_AS:   70973668 kB
VmallocTotal:   263061440 kB
VmallocUsed:      127604 kB
VmallocChunk:          0 kB
Percpu:             2520 kB
CmaTotal:         405504 kB
CmaFree:               0 kB
MemTotal:        7918584 kB
MemFree:          189652 kB
MemAvailable:    1103088 kB
Buffers:             972 kB
Cached:           914068 kB
SwapCached:        11696 kB
Active:          5159036 kB
Inactive:         108896 kB
Active(anon):    4328652 kB
Inactive(anon):    48516 kB
Active(file):     830384 kB
Inactive(file):    60380 kB
Unevictable:        6544 kB
Mlocked:            6104 kB
SwapTotal:       4718584 kB
SwapFree:        2689972 kB
Dirty:                64 kB
Writeback:             0 kB
AnonPages:       4357572 kB
Mapped:           625032 kB
Shmem:             19296 kB
KReclaimable:     421088 kB
Slab:             311760 kB
SReclaimable:      80960 kB
SUnreclaim:       230800 kB
KernelStack:       45664 kB
ShadowCallStack:   11436 kB
PageTables:        81108 kB
NFS_Unstable:          0 kB
Bounce:                0 kB
WritebackTmp:          0 kB
CommitLimit:     8677876 kB
Committed_AS:   71104744 kB
VmallocTotal:   263061440 kB
VmallocUsed:      127604 kB
VmallocChunk:          0 kB
Percpu:             2520 kB
CmaTotal:         405504 kB
CmaFree:             124 kB
MemTotal:        7918584 kB
MemFree:          197608 kB
MemAvailable:     656924 kB
Buffers:             748 kB
Cached:           655944 kB
SwapCached:         5312 kB
Active:          4712596 kB
Inactive:         730692 kB
Active(anon):    4586440 kB
Inactive(anon):   221948 kB
Active(file):     126156 kB
Inactive(file):   508744 kB
Unevictable:        6544 kB
Mlocked:            6104 kB
SwapTotal:       4718584 kB
SwapFree:        2223460 kB
Dirty:               144 kB
Writeback:             0 kB
AnonPages:       4793024 kB
Mapped:           523160 kB
Shmem:             17120 kB
KReclaimable:     186760 kB
Slab:             312596 kB
SReclaimable:      80940 kB
SUnreclaim:       231656 kB
KernelStack:       45648 kB
ShadowCallStack:   11456 kB
PageTables:        85020 kB
NFS_Unstable:          0 kB
Bounce:                0 kB
WritebackTmp:          0 kB
CommitLimit:     8677876 kB
Committed_AS:   73087116 kB
VmallocTotal:   263061440 kB
VmallocUsed:      127564 kB
VmallocChunk:          0 kB
Percpu:             2520 kB
CmaTotal:         405504 kB
CmaFree:            5348 kB
MemTotal:        7918584 kB
MemFree:          167532 kB
MemAvailable:     626964 kB
Buffers:             748 kB
Cached:           656384 kB
SwapCached:         5312 kB
Active:          4742380 kB
Inactive:         730612 kB
Active(anon):    4615820 kB
Inactive(anon):   221968 kB
Active(file):     126560 kB
Inactive(file):   508644 kB
Unevictable:        6544 kB
Mlocked:            6104 kB
SwapTotal:       4718584 kB
SwapFree:        2223716 kB
Dirty:               172 kB
Writeback:             0 kB
AnonPages:       4822336 kB
Mapped:           523296 kB
Shmem:             17120 kB
KReclaimable:     186384 kB
Slab:             312632 kB
SReclaimable:      80940 kB
SUnreclaim:       231692 kB
KernelStack:       45648 kB
ShadowCallStack:   11448 kB
PageTables:        85104 kB
NFS_Unstable:          0 kB
Bounce:                0 kB
WritebackTmp:          0 kB
CommitLimit:     8677876 kB
Committed_AS:   73152652 kB
VmallocTotal:   263061440 kB
VmallocUsed:      127568 kB
VmallocChunk:          0 kB
Percpu:             2520 kB
CmaTotal:         405504 kB
CmaFree:            5348 kB
MemTotal:        7918584 kB
MemFree:          157528 kB
MemAvailable:     569892 kB
Buffers:             688 kB
Cached:           610552 kB
SwapCached:         5312 kB
Active:          4801792 kB
Inactive:         681592 kB
Active(anon):    4672288 kB
Inactive(anon):   221944 kB
Active(file):     129504 kB
Inactive(file):   459648 kB
Unevictable:        6544 kB
Mlocked:            6104 kB
SwapTotal:       4718584 kB
SwapFree:        2223972 kB
Dirty:               172 kB
Writeback:             0 kB
AnonPages:       4878924 kB
Mapped:           517764 kB
Shmem:             17108 kB
KReclaimable:     184352 kB
Slab:             312552 kB
SReclaimable:      80940 kB
SUnreclaim:       231612 kB
KernelStack:       45680 kB
ShadowCallStack:   11436 kB
PageTables:        85196 kB
NFS_Unstable:          0 kB
Bounce:                0 kB
WritebackTmp:          0 kB
CommitLimit:     8677876 kB
Committed_AS:   73283724 kB
VmallocTotal:   263061440 kB
VmallocUsed:      127560 kB
VmallocChunk:          0 kB
Percpu:             2520 kB
CmaTotal:         405504 kB
CmaFree:            5348 kB
MemTotal:        7918584 kB
MemFree:          158092 kB
MemAvailable:     544616 kB
Buffers:             672 kB
Cached:           585468 kB
SwapCached:         5328 kB
Active:          4841404 kB
Inactive:         643132 kB
Active(anon):    4699132 kB
Inactive(anon):   221248 kB
Active(file):     142272 kB
Inactive(file):   421884 kB
Unevictable:        6544 kB
Mlocked:            6104 kB
SwapTotal:       4718584 kB
SwapFree:        2228324 kB
Dirty:               196 kB
Writeback:             0 kB
AnonPages:       4904940 kB
Mapped:           511636 kB
Shmem:             17176 kB
KReclaimable:     182664 kB
Slab:             312680 kB
SReclaimable:      80940 kB
SUnreclaim:       231740 kB
KernelStack:       45632 kB
ShadowCallStack:   11440 kB
PageTables:        85472 kB
NFS_Unstable:          0 kB
Bounce:                0 kB
WritebackTmp:          0 kB
CommitLimit:     8677876 kB
Committed_AS:   73332876 kB
VmallocTotal:   263061440 kB
VmallocUsed:      127564 kB
VmallocChunk:          0 kB
Percpu:             2520 kB
CmaTotal:         405504 kB
CmaFree:            5604 kB
MemTotal:        7918584 kB
MemFree:          162056 kB
MemAvailable:     495648 kB
Buffers:             628 kB
Cached:           533608 kB
SwapCached:         5352 kB
Active:          4902364 kB
Inactive:         580824 kB
Active(anon):    4749696 kB
Inactive(anon):   221248 kB
Active(file):     152668 kB
Inactive(file):   359576 kB
Unevictable:        6544 kB
Mlocked:            6104 kB
SwapTotal:       4718584 kB
SwapFree:        2228580 kB
Dirty:               196 kB
Writeback:             0 kB
AnonPages:       4955568 kB
Mapped:           501024 kB
Shmem:             17184 kB
KReclaimable:     180624 kB
Slab:             312792 kB
SReclaimable:      80940 kB
SUnreclaim:       231852 kB
KernelStack:       45632 kB
ShadowCallStack:   11440 kB
PageTables:        85692 kB
NFS_Unstable:          0 kB
Bounce:                0 kB
WritebackTmp:          0 kB
CommitLimit:     8677876 kB
Committed_AS:   73431180 kB
VmallocTotal:   263061440 kB
VmallocUsed:      127544 kB
VmallocChunk:          0 kB
Percpu:             2520 kB
CmaTotal:         405504 kB
CmaFree:            5604 kB
MemTotal:        7918584 kB
MemFree:          161236 kB
MemAvailable:     443748 kB
Buffers:             628 kB
Cached:           483464 kB
SwapCached:         5356 kB
Active:          4953200 kB
Inactive:         530480 kB
Active(anon):    4800500 kB
Inactive(anon):   221248 kB
Active(file):     152700 kB
Inactive(file):   309232 kB
Unevictable:        6544 kB
Mlocked:            6104 kB
SwapTotal:       4718584 kB
SwapFree:        2228836 kB
Dirty:               196 kB
Writeback:             0 kB
AnonPages:       5006204 kB
Mapped:           494448 kB
Shmem:             17184 kB
KReclaimable:     179088 kB
Slab:             312736 kB
SReclaimable:      80940 kB
SUnreclaim:       231796 kB
KernelStack:       45600 kB
ShadowCallStack:   11432 kB
PageTables:        86060 kB
NFS_Unstable:          0 kB
Bounce:                0 kB
WritebackTmp:          0 kB
CommitLimit:     8677876 kB
Committed_AS:   73545872 kB
VmallocTotal:   263061440 kB
VmallocUsed:      127560 kB
VmallocChunk:          0 kB
Percpu:             2520 kB
CmaTotal:         405504 kB
CmaFree:            5600 kB
MemTotal:        7918584 kB
MemFree:          162076 kB
MemAvailable:     431456 kB
Buffers:             628 kB
Cached:           470564 kB
SwapCached:         5356 kB
Active:          4966516 kB
Inactive:         517332 kB
Active(anon):    4813404 kB
Inactive(anon):   221244 kB
Active(file):     153112 kB
Inactive(file):   296088 kB
Unevictable:        6544 kB
Mlocked:            6104 kB
SwapTotal:       4718584 kB
SwapFree:        2228836 kB
Dirty:               196 kB
Writeback:             0 kB
AnonPages:       5019252 kB
Mapped:           493316 kB
Shmem:             17184 kB
KReclaimable:     178288 kB
Slab:             312716 kB
SReclaimable:      80940 kB
SUnreclaim:       231776 kB
KernelStack:       45632 kB
ShadowCallStack:   11440 kB
PageTables:        86040 kB
NFS_Unstable:          0 kB
Bounce:                0 kB
WritebackTmp:          0 kB
CommitLimit:     8677876 kB
Committed_AS:   73578636 kB
VmallocTotal:   263061440 kB
VmallocUsed:      127544 kB
VmallocChunk:          0 kB
Percpu:             2520 kB
CmaTotal:         405504 kB
CmaFree:            5604 kB
MemTotal:        7918584 kB
MemFree:          164292 kB
MemAvailable:     361652 kB
Buffers:             632 kB
Cached:           399664 kB
SwapCached:         5356 kB
Active:          5039808 kB
Inactive:         442296 kB
Active(anon):    4882444 kB
Inactive(anon):   221236 kB
Active(file):     157364 kB
Inactive(file):   221060 kB
Unevictable:        6544 kB
Mlocked:            6104 kB
SwapTotal:       4718584 kB
SwapFree:        2229092 kB
Dirty:               216 kB
Writeback:             0 kB
AnonPages:       5088432 kB
Mapped:           477596 kB
Shmem:             17184 kB
KReclaimable:     175800 kB
Slab:             312804 kB
SReclaimable:      80916 kB
SUnreclaim:       231888 kB
KernelStack:       45584 kB
ShadowCallStack:   11432 kB
PageTables:        86080 kB
NFS_Unstable:          0 kB
Bounce:                0 kB
WritebackTmp:          0 kB
CommitLimit:     8677876 kB
Committed_AS:   73726092 kB
VmallocTotal:   263061440 kB
VmallocUsed:      127540 kB
VmallocChunk:          0 kB
Percpu:             2520 kB
CmaTotal:         405504 kB
CmaFree:            4840 kB
MemTotal:        7918584 kB
MemFree:          161488 kB
MemAvailable:     330420 kB
Buffers:             632 kB
Cached:           372256 kB
SwapCached:         5356 kB
Active:          5074636 kB
Inactive:         412164 kB
Active(anon):    4914672 kB
Inactive(anon):   221244 kB
Active(file):     159964 kB
Inactive(file):   190920 kB
Unevictable:        6544 kB
Mlocked:            6104 kB
SwapTotal:       4718584 kB
SwapFree:        2229860 kB
Dirty:               228 kB
Writeback:             0 kB
AnonPages:       5120444 kB
Mapped:           471704 kB
Shmem:             17184 kB
KReclaimable:     174024 kB
Slab:             312800 kB
SReclaimable:      80916 kB
SUnreclaim:       231884 kB
KernelStack:       45616 kB
ShadowCallStack:   11432 kB
PageTables:        86380 kB
NFS_Unstable:          0 kB
Bounce:                0 kB
WritebackTmp:          0 kB
CommitLimit:     8677876 kB
Committed_AS:   73775252 kB
VmallocTotal:   263061440 kB
VmallocUsed:      127544 kB
VmallocChunk:          0 kB
Percpu:             2520 kB
CmaTotal:         405504 kB
CmaFree:            4344 kB
MemTotal:        7918584 kB
MemFree:          161840 kB
MemAvailable:     293536 kB
Buffers:             640 kB
Cached:           335536 kB
SwapCached:         5356 kB
Active:          5113716 kB
Inactive:         372172 kB
Active(anon):    4950564 kB
Inactive(anon):   221244 kB
Active(file):     163152 kB
Inactive(file):   150928 kB
Unevictable:        6544 kB
Mlocked:            6104 kB
SwapTotal:       4718584 kB
SwapFree:        2230116 kB
Dirty:               284 kB
Writeback:             0 kB
AnonPages:       5156316 kB
Mapped:           463560 kB
Shmem:             17184 kB
KReclaimable:     173160 kB
Slab:             312928 kB
SReclaimable:      80916 kB
SUnreclaim:       232012 kB
KernelStack:       45664 kB
ShadowCallStack:   11444 kB
PageTables:        86828 kB
NFS_Unstable:          0 kB
Bounce:                0 kB
WritebackTmp:          0 kB
CommitLimit:     8677876 kB
Committed_AS:   73873552 kB
VmallocTotal:   263061440 kB
VmallocUsed:      127528 kB
VmallocChunk:          0 kB
Percpu:             2520 kB
CmaTotal:         405504 kB
CmaFree:            3464 kB
MemTotal:        7918584 kB
MemFree:          161496 kB
MemAvailable:     236412 kB
Buffers:             592 kB
Cached:           281156 kB
SwapCached:         5356 kB
Active:          5187300 kB
Inactive:         303308 kB
Active(anon):    5009932 kB
Inactive(anon):   221240 kB
Active(file):     177368 kB
Inactive(file):    82068 kB
Unevictable:        6544 kB
Mlocked:            6104 kB
SwapTotal:       4718584 kB
SwapFree:        2230116 kB
Dirty:               288 kB
Writeback:             0 kB
AnonPages:       5215812 kB
Mapped:           412364 kB
Shmem:             17184 kB
KReclaimable:     168884 kB
Slab:             311456 kB
SReclaimable:      79464 kB
SUnreclaim:       231992 kB
KernelStack:       45600 kB
ShadowCallStack:   11432 kB
PageTables:        86488 kB
NFS_Unstable:          0 kB
Bounce:                0 kB
WritebackTmp:          0 kB
CommitLimit:     8677876 kB
Committed_AS:   73988240 kB
VmallocTotal:   263061440 kB
VmallocUsed:      127544 kB
VmallocChunk:          0 kB
Percpu:             2520 kB
CmaTotal:         405504 kB
CmaFree:            2580 kB
MemTotal:        7918584 kB
MemFree:          164460 kB
MemAvailable:     222272 kB
Buffers:             556 kB
Cached:           264848 kB
SwapCached:         5356 kB
Active:          5212340 kB
Inactive:         276232 kB
Active(anon):    5023924 kB
Inactive(anon):   221236 kB
Active(file):     188416 kB
Inactive(file):    54996 kB
Unevictable:        6544 kB
Mlocked:            6104 kB
SwapTotal:       4718584 kB
SwapFree:        2230372 kB
Dirty:               288 kB
Writeback:             0 kB
AnonPages:       5229904 kB
Mapped:           394352 kB
Shmem:             17184 kB
KReclaimable:     166728 kB
Slab:             310304 kB
SReclaimable:      78220 kB
SUnreclaim:       232084 kB
KernelStack:       45616 kB
ShadowCallStack:   11436 kB
PageTables:        86968 kB
NFS_Unstable:          0 kB
Bounce:                0 kB
WritebackTmp:          0 kB
CommitLimit:     8677876 kB
Committed_AS:   74021008 kB
VmallocTotal:   263061440 kB
VmallocUsed:      127540 kB
VmallocChunk:          0 kB
Percpu:             2520 kB
CmaTotal:         405504 kB
CmaFree:            2580 kB
MemTotal:        7918584 kB
MemFree:          164688 kB
MemAvailable:     204364 kB
Buffers:             316 kB
Cached:           234192 kB
SwapCached:         4980 kB
Active:          2610896 kB
Inactive:        2874540 kB
Active(anon):    2482540 kB
Inactive(anon):  2790164 kB
Active(file):     128356 kB
Inactive(file):    84376 kB
Unevictable:        6544 kB
Mlocked:            6104 kB
SwapTotal:       4718584 kB
SwapFree:        2202892 kB
Dirty:               240 kB
Writeback:             4 kB
AnonPages:       5257596 kB
Mapped:           364264 kB
Shmem:             17048 kB
KReclaimable:     162020 kB
Slab:             309568 kB
SReclaimable:      77560 kB
SUnreclaim:       232008 kB
KernelStack:       45600 kB
ShadowCallStack:   11432 kB
PageTables:        86836 kB
NFS_Unstable:          0 kB
Bounce:                0 kB
WritebackTmp:          0 kB
CommitLimit:     8677876 kB
Committed_AS:   74168464 kB
VmallocTotal:   263061440 kB
VmallocUsed:      127508 kB
VmallocChunk:          0 kB
Percpu:             2520 kB
CmaTotal:         405504 kB
CmaFree:             740 kB
MemTotal:        7918584 kB
MemFree:          168572 kB
MemAvailable:     232792 kB
Buffers:             272 kB
Cached:           276708 kB
SwapCached:         3180 kB
Active:          2848352 kB
Inactive:        2649708 kB
Active(anon):    2629372 kB
Inactive(anon):  2613140 kB
Active(file):     218980 kB
Inactive(file):    36568 kB
Unevictable:        6544 kB
Mlocked:            6104 kB
SwapTotal:       4718584 kB
SwapFree:        2179492 kB
Dirty:               304 kB
Writeback:             0 kB
AnonPages:       5227600 kB
Mapped:           352260 kB
Shmem:             16608 kB
KReclaimable:     155268 kB
Slab:             309360 kB
SReclaimable:      77464 kB
SUnreclaim:       231896 kB
KernelStack:       43440 kB
ShadowCallStack:   10892 kB
PageTables:        83124 kB
NFS_Unstable:          0 kB
Bounce:                0 kB
WritebackTmp:          0 kB
CommitLimit:     8677876 kB
Committed_AS:   67587616 kB
VmallocTotal:   263061440 kB
VmallocUsed:      124760 kB
VmallocChunk:          0 kB
Percpu:             2520 kB
CmaTotal:         405504 kB
CmaFree:               0 kB
MemTotal:        7918584 kB
MemFree:          164520 kB
MemAvailable:     221748 kB
Buffers:             300 kB
Cached:           269860 kB
SwapCached:         3180 kB
Active:          2864864 kB
Inactive:        2640304 kB
Active(anon):    2643280 kB
Inactive(anon):  2613140 kB
Active(file):     221584 kB
Inactive(file):    27164 kB
Unevictable:        6544 kB
Mlocked:            6104 kB
SwapTotal:       4718584 kB
SwapFree:        2179492 kB
Dirty:               288 kB
Writeback:             0 kB
AnonPages:       5241664 kB
Mapped:           348936 kB
Shmem:             16608 kB
KReclaimable:     154884 kB
Slab:             309356 kB
SReclaimable:      77464 kB
SUnreclaim:       231892 kB
KernelStack:       43408 kB
ShadowCallStack:   10888 kB
PageTables:        83156 kB
NFS_Unstable:          0 kB
Bounce:                0 kB
WritebackTmp:          0 kB
CommitLimit:     8677876 kB
Committed_AS:   67620384 kB
VmallocTotal:   263061440 kB
VmallocUsed:      124776 kB
VmallocChunk:          0 kB
Percpu:             2520 kB
CmaTotal:         405504 kB
CmaFree:               0 kB
MemTotal:        7918584 kB
MemFree:          160668 kB
MemAvailable:     205264 kB
Buffers:             304 kB
Cached:           256368 kB
SwapCached:         2008 kB
Active:          3140504 kB
Inactive:        2364416 kB
Active(anon):    2905032 kB
Inactive(anon):  2364416 kB
Active(file):     235472 kB
Inactive(file):        0 kB
Unevictable:        6544 kB
Mlocked:            6104 kB
SwapTotal:       4718584 kB
SwapFree:        2135952 kB
Dirty:                20 kB
Writeback:             8 kB
AnonPages:       5254876 kB
Mapped:           334776 kB
Shmem:             16340 kB
KReclaimable:     149124 kB
Slab:             309304 kB
SReclaimable:      77464 kB
SUnreclaim:       231840 kB
KernelStack:       43472 kB
ShadowCallStack:   10900 kB
PageTables:        83428 kB
NFS_Unstable:          0 kB
Bounce:                0 kB
WritebackTmp:          0 kB
CommitLimit:     8677876 kB
Committed_AS:   67751452 kB
VmallocTotal:   263061440 kB
VmallocUsed:      124816 kB
VmallocChunk:          0 kB
Percpu:             2520 kB
CmaTotal:         405504 kB
CmaFree:               0 kB
MemTotal:        7918584 kB
MemFree:          169396 kB
MemAvailable:     214948 kB
Buffers:             304 kB
Cached:           260320 kB
SwapCached:         1788 kB
Active:          3228312 kB
Inactive:        2264216 kB
Active(anon):    2988888 kB
Inactive(anon):  2264208 kB
Active(file):     239424 kB
Inactive(file):        8 kB
Unevictable:        6544 kB
Mlocked:            6104 kB
SwapTotal:       4718584 kB
SwapFree:        2081576 kB
Dirty:                20 kB
Writeback:             4 kB
AnonPages:       5238272 kB
Mapped:           335428 kB
Shmem:             16212 kB
KReclaimable:     147076 kB
Slab:             309328 kB
SReclaimable:      77464 kB
SUnreclaim:       231864 kB
KernelStack:       43440 kB
ShadowCallStack:   10892 kB
PageTables:        83160 kB
NFS_Unstable:          0 kB
Bounce:                0 kB
WritebackTmp:          0 kB
CommitLimit:     8677876 kB
Committed_AS:   67816988 kB
VmallocTotal:   263061440 kB
VmallocUsed:      124780 kB
VmallocChunk:          0 kB
Percpu:             2520 kB
CmaTotal:         405504 kB
CmaFree:               0 kB
MemTotal:        7918584 kB
MemFree:          148460 kB
MemAvailable:     174592 kB
Buffers:             468 kB
Cached:           270484 kB
SwapCached:         2316 kB
Active:          3387788 kB
Inactive:        2028220 kB
Active(anon):    3137708 kB
Inactive(anon):  2027916 kB
Active(file):     250080 kB
Inactive(file):      304 kB
Unevictable:        6544 kB
Mlocked:            6104 kB
SwapTotal:       4718584 kB
SwapFree:        1932184 kB
Dirty:                84 kB
Writeback:             8 kB
AnonPages:       5150728 kB
Mapped:           337148 kB
Shmem:             15704 kB
KReclaimable:      97284 kB
Slab:             309628 kB
SReclaimable:      77464 kB
SUnreclaim:       232164 kB
KernelStack:       43584 kB
ShadowCallStack:   10928 kB
PageTables:        83760 kB
NFS_Unstable:          0 kB
Bounce:                0 kB
WritebackTmp:          0 kB
CommitLimit:     8677876 kB
Committed_AS:   67882920 kB
VmallocTotal:   263061440 kB
VmallocUsed:      124984 kB
VmallocChunk:          0 kB
Percpu:             2520 kB
CmaTotal:         405504 kB
CmaFree:               8 kB
MemTotal:        7918584 kB
MemFree:          227216 kB
MemAvailable:     260916 kB
Buffers:             468 kB
Cached:           285824 kB
SwapCached:         2308 kB
Active:          3528228 kB
Inactive:        1805896 kB
Active(anon):    3263024 kB
Inactive(anon):  1805584 kB
Active(file):     265204 kB
Inactive(file):      312 kB
Unevictable:        6544 kB
Mlocked:            6104 kB
SwapTotal:       4718584 kB
SwapFree:        1784696 kB
Dirty:                84 kB
Writeback:             0 kB
AnonPages:       5053512 kB
Mapped:           343108 kB
Shmem:             15972 kB
KReclaimable:      97284 kB
Slab:             309724 kB
SReclaimable:      77464 kB
SUnreclaim:       232260 kB
KernelStack:       43552 kB
ShadowCallStack:   10944 kB
PageTables:        84020 kB
NFS_Unstable:          0 kB
Bounce:                0 kB
WritebackTmp:          0 kB
CommitLimit:     8677876 kB
Committed_AS:   68013996 kB
VmallocTotal:   263061440 kB
VmallocUsed:      124932 kB
VmallocChunk:          0 kB
Percpu:             2520 kB
CmaTotal:         405504 kB
CmaFree:               0 kB
MemTotal:        7918584 kB
MemFree:          232624 kB
MemAvailable:     340380 kB
Buffers:             476 kB
Cached:           287468 kB
SwapCached:         2272 kB
Active:          3529024 kB
Inactive:        1796576 kB
Active(anon):    3262056 kB
Inactive(anon):  1796256 kB
Active(file):     266968 kB
Inactive(file):      320 kB
Unevictable:        6544 kB
Mlocked:            6104 kB
SwapTotal:       4718584 kB
SwapFree:        1780020 kB
Dirty:               132 kB
Writeback:             0 kB
AnonPages:       5043508 kB
Mapped:           342988 kB
Shmem:             15848 kB
KReclaimable:     218860 kB
Slab:             309708 kB
SReclaimable:      77464 kB
SUnreclaim:       232244 kB
KernelStack:       43472 kB
ShadowCallStack:   10904 kB
PageTables:        84060 kB
NFS_Unstable:          0 kB
Bounce:                0 kB
WritebackTmp:          0 kB
CommitLimit:     8677876 kB
Committed_AS:   68062752 kB
VmallocTotal:   263061440 kB
VmallocUsed:      124828 kB
VmallocChunk:          0 kB
Percpu:             2520 kB
CmaTotal:         405504 kB
CmaFree:             280 kB
MemTotal:        7918584 kB
MemFree:          167720 kB
MemAvailable:     280144 kB
Buffers:             476 kB
Cached:           292120 kB
SwapCached:         2252 kB
Active:          3593064 kB
Inactive:        1796604 kB
Active(anon):    3321472 kB
Inactive(anon):  1796256 kB
Active(file):     271592 kB
Inactive(file):      348 kB
Unevictable:        6544 kB
Mlocked:            6104 kB
SwapTotal:       4718584 kB
SwapFree:        1780788 kB
Dirty:               144 kB
Writeback:             0 kB
AnonPages:       5102920 kB
Mapped:           344116 kB
Shmem:             15848 kB
KReclaimable:     218896 kB
Slab:             309772 kB
SReclaimable:      77500 kB
SUnreclaim:       232272 kB
KernelStack:       43440 kB
ShadowCallStack:   10900 kB
PageTables:        84036 kB
NFS_Unstable:          0 kB
Bounce:                0 kB
WritebackTmp:          0 kB
CommitLimit:     8677876 kB
Committed_AS:   68193824 kB
VmallocTotal:   263061440 kB
VmallocUsed:      124824 kB
VmallocChunk:          0 kB
Percpu:             2520 kB
CmaTotal:         405504 kB
CmaFree:             280 kB
MemTotal:        7918584 kB
MemFree:          143976 kB
MemAvailable:     258756 kB
Buffers:             476 kB
Cached:           294980 kB
SwapCached:         2244 kB
Active:          3644988 kB
Inactive:        1765344 kB
Active(anon):    3370552 kB
Inactive(anon):  1764980 kB
Active(file):     274436 kB
Inactive(file):      364 kB
Unevictable:        6544 kB
Mlocked:            6104 kB
SwapTotal:       4718584 kB
SwapFree:        1750236 kB
Dirty:               160 kB
Writeback:             4 kB
AnonPages:       5120748 kB
Mapped:           345376 kB
Shmem:             15848 kB
KReclaimable:     217888 kB
Slab:             309816 kB
SReclaimable:      77516 kB
SUnreclaim:       232300 kB
KernelStack:       43472 kB
ShadowCallStack:   10900 kB
PageTables:        84496 kB
NFS_Unstable:          0 kB
Bounce:                0 kB
WritebackTmp:          0 kB
CommitLimit:     8677876 kB
Committed_AS:   68292128 kB
VmallocTotal:   263061440 kB
VmallocUsed:      124780 kB
VmallocChunk:          0 kB
Percpu:             2520 kB
CmaTotal:         405504 kB
CmaFree:             280 kB
MemTotal:        7918584 kB
MemFree:          144344 kB
MemAvailable:     259308 kB
Buffers:             484 kB
Cached:           295656 kB
SwapCached:         2216 kB
Active:          3664832 kB
Inactive:        1746460 kB
Active(anon):    3389708 kB
Inactive(anon):  1746096 kB
Active(file):     275124 kB
Inactive(file):      364 kB
Unevictable:        6544 kB
Mlocked:            6104 kB
SwapTotal:       4718584 kB
SwapFree:        1736460 kB
Dirty:               160 kB
Writeback:             0 kB
AnonPages:       5120932 kB
Mapped:           345512 kB
Shmem:             15848 kB
KReclaimable:     216880 kB
Slab:             309840 kB
SReclaimable:      77532 kB
SUnreclaim:       232308 kB
KernelStack:       43424 kB
ShadowCallStack:   10892 kB
PageTables:        84280 kB
NFS_Unstable:          0 kB
Bounce:                0 kB
WritebackTmp:          0 kB
CommitLimit:     8677876 kB
Committed_AS:   68324900 kB
VmallocTotal:   263061440 kB
VmallocUsed:      124792 kB
VmallocChunk:          0 kB
Percpu:             2520 kB
CmaTotal:         405504 kB
CmaFree:             280 kB
MemTotal:        7918584 kB
MemFree:          144440 kB
MemAvailable:     262872 kB
Buffers:             484 kB
Cached:           300728 kB
SwapCached:         2260 kB
Active:          3746576 kB
Inactive:        1667128 kB
Active(anon):    3466500 kB
Inactive(anon):  1666692 kB
Active(file):     280076 kB
Inactive(file):      436 kB
Unevictable:        6544 kB
Mlocked:            6104 kB
SwapTotal:       4718584 kB
SwapFree:        1666804 kB
Dirty:               272 kB
Writeback:             0 kB
AnonPages:       5118360 kB
