MemTotal:        7918588 kB
MemFree:         3064788 kB
MemAvailable:    4373760 kB
Buffers:            5304 kB
Cached:          1251968 kB
SwapCached:         9688 kB
Active:          1307560 kB
Inactive:        1022080 kB
Active(anon):     635488 kB
Inactive(anon):   459796 kB
Active(file):     672072 kB
Inactive(file):   562284 kB
Unevictable:        6224 kB
Mlocked:            5784 kB
SwapTotal:       4718584 kB
SwapFree:        4147448 kB
Dirty:            157748 kB
Writeback:             0 kB
AnonPages:       1074568 kB
Mapped:           443596 kB
Shmem:             18264 kB
KReclaimable:     464840 kB
Slab:             315872 kB
SReclaimable:      88280 kB
SUnreclaim:       227592 kB
KernelStack:       49776 kB
ShadowCallStack:   12464 kB
PageTables:        66784 kB
NFS_Unstable:          0 kB
Bounce:                0 kB
WritebackTmp:          0 kB
CommitLimit:     8677876 kB
Committed_AS:   68931684 kB
VmallocTotal:   263061440 kB
VmallocUsed:      133020 kB
VmallocChunk:          0 kB
Percpu:             2448 kB
CmaTotal:         405504 kB
CmaFree:          192132 kB
MemTotal:        7918588 kB
MemFree:         3031256 kB
MemAvailable:    4561048 kB
Buffers:            5312 kB
Cached:          1257968 kB
SwapCached:         9688 kB
Active:          1338524 kB
Inactive:        1022512 kB
Active(anon):     661304 kB
Inactive(anon):   459800 kB
Active(file):     677220 kB
Inactive(file):   562712 kB
Unevictable:        6224 kB
Mlocked:            5784 kB
SwapTotal:       4718584 kB
SwapFree:        4147448 kB
Dirty:            157760 kB
Writeback:             8 kB
AnonPages:       1099800 kB
Mapped:           486532 kB
Shmem:             18696 kB
KReclaimable:     680084 kB
Slab:             315588 kB
SReclaimable:      88380 kB
SUnreclaim:       227208 kB
KernelStack:       50320 kB
ShadowCallStack:   12632 kB
PageTables:        67148 kB
NFS_Unstable:          0 kB
Bounce:                0 kB
WritebackTmp:          0 kB
CommitLimit:     8677876 kB
Committed_AS:   69006924 kB
VmallocTotal:   263061440 kB
VmallocUsed:      133708 kB
VmallocChunk:          0 kB
Percpu:             2448 kB
CmaTotal:         405504 kB
CmaFree:          192180 kB
MemTotal:        7918588 kB
MemFree:         3005700 kB
MemAvailable:    4319064 kB
Buffers:            5336 kB
Cached:          1258016 kB
SwapCached:         9688 kB
Active:          1362204 kB
Inactive:        1022568 kB
Active(anon):     684984 kB
Inactive(anon):   459792 kB
Active(file):     677220 kB
Inactive(file):   562776 kB
Unevictable:        6224 kB
Mlocked:            5784 kB
SwapTotal:       4718584 kB
SwapFree:        4147448 kB
Dirty:            157760 kB
Writeback:             0 kB
AnonPages:       1123544 kB
Mapped:           498112 kB
Shmem:             18704 kB
KReclaimable:     463592 kB
Slab:             315780 kB
SReclaimable:      88412 kB
SUnreclaim:       227368 kB
KernelStack:       50432 kB
ShadowCallStack:   12584 kB
PageTables:        67832 kB
NFS_Unstable:          0 kB
Bounce:                0 kB
WritebackTmp:          0 kB
CommitLimit:     8677876 kB
Committed_AS:   69036072 kB
VmallocTotal:   263061440 kB
VmallocUsed:      133792 kB
VmallocChunk:          0 kB
Percpu:             2448 kB
CmaTotal:         405504 kB
CmaFree:          192180 kB
MemTotal:        7918588 kB
MemFree:         3000180 kB
MemAvailable:    4314012 kB
Buffers:            5356 kB
Cached:          1259248 kB
SwapCached:         9688 kB
Active:          1367660 kB
Inactive:        1022592 kB
Active(anon):     689212 kB
Inactive(anon):   459800 kB
Active(file):     678448 kB
Inactive(file):   562792 kB
Unevictable:        6224 kB
Mlocked:            5784 kB
SwapTotal:       4718584 kB
SwapFree:        4147704 kB
Dirty:            156900 kB
Writeback:           184 kB
AnonPages:       1127548 kB
Mapped:           498920 kB
Shmem:             18712 kB
KReclaimable:     462816 kB
Slab:             315892 kB
SReclaimable:      88428 kB
SUnreclaim:       227464 kB
KernelStack:       50384 kB
ShadowCallStack:   12628 kB
PageTables:        67472 kB
NFS_Unstable:          0 kB
Bounce:                0 kB
WritebackTmp:          0 kB
CommitLimit:     8677876 kB
Committed_AS:   69036072 kB
VmallocTotal:   263061440 kB
VmallocUsed:      133808 kB
VmallocChunk:          0 kB
Percpu:             2448 kB
CmaTotal:         405504 kB
CmaFree:          192188 kB
MemTotal:        7918588 kB
MemFree:         2998376 kB
MemAvailable:    4313280 kB
Buffers:            5356 kB
Cached:          1260248 kB
SwapCached:         9688 kB
Active:          1370052 kB
Inactive:        1022616 kB
Active(anon):     690572 kB
Inactive(anon):   459800 kB
Active(file):     679480 kB
Inactive(file):   562816 kB
Unevictable:        6224 kB
Mlocked:            5784 kB
SwapTotal:       4718584 kB
SwapFree:        4147704 kB
Dirty:            156716 kB
Writeback:             0 kB
AnonPages:       1129048 kB
Mapped:           499744 kB
Shmem:             18656 kB
KReclaimable:     462832 kB
Slab:             315928 kB
SReclaimable:      88444 kB
SUnreclaim:       227484 kB
KernelStack:       50384 kB
ShadowCallStack:   12612 kB
PageTables:        67656 kB
NFS_Unstable:          0 kB
Bounce:                0 kB
WritebackTmp:          0 kB
CommitLimit:     8677876 kB
Committed_AS:   69035964 kB
VmallocTotal:   263061440 kB
VmallocUsed:      133792 kB
VmallocChunk:          0 kB
Percpu:             2448 kB
CmaTotal:         405504 kB
CmaFree:          193172 kB
MemTotal:        7918588 kB
MemFree:         2998752 kB
MemAvailable:    4313776 kB
Buffers:            5356 kB
Cached:          1260436 kB
SwapCached:         9688 kB
Active:          1369628 kB
Inactive:        1022596 kB
Active(anon):     689992 kB
Inactive(anon):   459768 kB
Active(file):     679636 kB
Inactive(file):   562828 kB
Unevictable:        6224 kB
Mlocked:            5784 kB
SwapTotal:       4718584 kB
SwapFree:        4147704 kB
Dirty:            156728 kB
Writeback:             0 kB
AnonPages:       1128324 kB
Mapped:           499920 kB
Shmem:             18676 kB
KReclaimable:     462784 kB
Slab:             315924 kB
SReclaimable:      88444 kB
SUnreclaim:       227480 kB
KernelStack:       50368 kB
ShadowCallStack:   12616 kB
PageTables:        67720 kB
NFS_Unstable:          0 kB
Bounce:                0 kB
WritebackTmp:          0 kB
CommitLimit:     8677876 kB
Committed_AS:   69035976 kB
VmallocTotal:   263061440 kB
VmallocUsed:      133756 kB
VmallocChunk:          0 kB
Percpu:             2448 kB
CmaTotal:         405504 kB
CmaFree:          193172 kB
MemTotal:        7918588 kB
MemFree:         2983112 kB
MemAvailable:    4298152 kB
Buffers:            5356 kB
Cached:          1260436 kB
SwapCached:         9688 kB
Active:          1385820 kB
Inactive:        1022596 kB
Active(anon):     706184 kB
Inactive(anon):   459768 kB
Active(file):     679636 kB
Inactive(file):   562828 kB
Unevictable:        6224 kB
Mlocked:            5784 kB
SwapTotal:       4718584 kB
SwapFree:        4147704 kB
Dirty:            156740 kB
Writeback:             0 kB
AnonPages:       1144512 kB
Mapped:           501348 kB
Shmem:             18676 kB
KReclaimable:     462800 kB
Slab:             315948 kB
SReclaimable:      88460 kB
SUnreclaim:       227488 kB
KernelStack:       50368 kB
ShadowCallStack:   12620 kB
PageTables:        67828 kB
NFS_Unstable:          0 kB
Bounce:                0 kB
WritebackTmp:          0 kB
CommitLimit:     8677876 kB
Committed_AS:   69056240 kB
VmallocTotal:   263061440 kB
VmallocUsed:      133792 kB
VmallocChunk:          0 kB
Percpu:             2448 kB
CmaTotal:         405504 kB
CmaFree:          193172 kB
MemTotal:        7918588 kB
MemFree:         2954384 kB
MemAvailable:    4269424 kB
Buffers:            5356 kB
Cached:          1260436 kB
SwapCached:         9688 kB
Active:          1415132 kB
Inactive:        1022596 kB
Active(anon):     735496 kB
Inactive(anon):   459768 kB
Active(file):     679636 kB
Inactive(file):   562828 kB
Unevictable:        6224 kB
Mlocked:            5784 kB
SwapTotal:       4718584 kB
SwapFree:        4147704 kB
Dirty:            156756 kB
Writeback:             0 kB
AnonPages:       1173892 kB
Mapped:           511888 kB
Shmem:             18676 kB
KReclaimable:     462800 kB
Slab:             315952 kB
SReclaimable:      88460 kB
SUnreclaim:       227492 kB
KernelStack:       50368 kB
ShadowCallStack:   12612 kB
PageTables:        67856 kB
NFS_Unstable:          0 kB
Bounce:                0 kB
WritebackTmp:          0 kB
CommitLimit:     8677876 kB
Committed_AS:   69153620 kB
VmallocTotal:   263061440 kB
VmallocUsed:      133788 kB
VmallocChunk:          0 kB
Percpu:             2448 kB
CmaTotal:         405504 kB
CmaFree:          193172 kB
MemTotal:        7918588 kB
MemFree:         2767756 kB
MemAvailable:    4014800 kB
Buffers:            5380 kB
Cached:          1260484 kB
SwapCached:         9688 kB
Active:          1600372 kB
Inactive:        1022672 kB
Active(anon):     920736 kB
Inactive(anon):   459772 kB
Active(file):     679636 kB
Inactive(file):   562900 kB
Unevictable:        6224 kB
Mlocked:            5784 kB
SwapTotal:       4718584 kB
SwapFree:        4147704 kB
Dirty:             17604 kB
Writeback:            52 kB
AnonPages:       1359256 kB
Mapped:           586628 kB
Shmem:             18676 kB
KReclaimable:     394732 kB
Slab:             316232 kB
SReclaimable:      88508 kB
SUnreclaim:       227724 kB
KernelStack:       50384 kB
ShadowCallStack:   12636 kB
PageTables:        68452 kB
NFS_Unstable:          0 kB
Bounce:                0 kB
WritebackTmp:          0 kB
CommitLimit:     8677876 kB
Committed_AS:   69418252 kB
VmallocTotal:   263061440 kB
VmallocUsed:      133800 kB
VmallocChunk:          0 kB
Percpu:             2448 kB
CmaTotal:         405504 kB
CmaFree:          193172 kB
MemTotal:        7918588 kB
MemFree:         2732688 kB
MemAvailable:    3934036 kB
Buffers:            5396 kB
Cached:          1262004 kB
SwapCached:         9688 kB
Active:          1634488 kB
Inactive:        1022736 kB
Active(anon):     953380 kB
Inactive(anon):   459772 kB
Active(file):     681108 kB
Inactive(file):   562964 kB
Unevictable:        6224 kB
Mlocked:            5784 kB
SwapTotal:       4718584 kB
SwapFree:        4147704 kB
Dirty:             17620 kB
Writeback:            32 kB
AnonPages:       1391628 kB
Mapped:           608948 kB
Shmem:             18676 kB
KReclaimable:     347500 kB
Slab:             316416 kB
SReclaimable:      88512 kB
SUnreclaim:       227904 kB
KernelStack:       50416 kB
ShadowCallStack:   12672 kB
PageTables:        68596 kB
NFS_Unstable:          0 kB
Bounce:                0 kB
WritebackTmp:          0 kB
CommitLimit:     8677876 kB
Committed_AS:   69525912 kB
VmallocTotal:   263061440 kB
VmallocUsed:      133860 kB
VmallocChunk:          0 kB
Percpu:             2448 kB
CmaTotal:         405504 kB
CmaFree:          193172 kB
MemTotal:        7918588 kB
MemFree:         2637124 kB
MemAvailable:    3836288 kB
Buffers:            5396 kB
Cached:          1262052 kB
SwapCached:         9688 kB
Active:          1731040 kB
Inactive:        1022756 kB
Active(anon):    1049904 kB
Inactive(anon):   459772 kB
Active(file):     681136 kB
Inactive(file):   562984 kB
Unevictable:        6224 kB
Mlocked:            5784 kB
SwapTotal:       4718584 kB
SwapFree:        4147704 kB
Dirty:             17756 kB
Writeback:             0 kB
AnonPages:       1488296 kB
Mapped:           610840 kB
Shmem:             18676 kB
KReclaimable:     345268 kB
Slab:             316440 kB
SReclaimable:      88512 kB
SUnreclaim:       227928 kB
KernelStack:       50448 kB
ShadowCallStack:   12636 kB
PageTables:        69192 kB
NFS_Unstable:          0 kB
Bounce:                0 kB
WritebackTmp:          0 kB
CommitLimit:     8677876 kB
Committed_AS:   69755288 kB
VmallocTotal:   263061440 kB
VmallocUsed:      133892 kB
VmallocChunk:          0 kB
Percpu:             2448 kB
CmaTotal:         405504 kB
CmaFree:          193240 kB
MemTotal:        7918588 kB
MemFree:         2540504 kB
MemAvailable:    3738412 kB
Buffers:            5396 kB
Cached:          1262056 kB
SwapCached:         9688 kB
Active:          1826864 kB
Inactive:        1022752 kB
Active(anon):    1145728 kB
Inactive(anon):   459768 kB
Active(file):     681136 kB
Inactive(file):   562984 kB
Unevictable:        6224 kB
Mlocked:            5784 kB
SwapTotal:       4718584 kB
SwapFree:        4147704 kB
Dirty:             17756 kB
Writeback:             0 kB
AnonPages:       1584056 kB
Mapped:           611620 kB
Shmem:             18680 kB
KReclaimable:     344012 kB
Slab:             316476 kB
SReclaimable:      88512 kB
SUnreclaim:       227964 kB
KernelStack:       50448 kB
ShadowCallStack:   12636 kB
PageTables:        69776 kB
NFS_Unstable:          0 kB
Bounce:                0 kB
WritebackTmp:          0 kB
CommitLimit:     8677876 kB
Committed_AS:   70001052 kB
VmallocTotal:   263061440 kB
VmallocUsed:      133888 kB
VmallocChunk:          0 kB
Percpu:             2448 kB
CmaTotal:         405504 kB
CmaFree:          193240 kB
MemTotal:        7918588 kB
MemFree:         2437388 kB
MemAvailable:    3625380 kB
Buffers:            5396 kB
Cached:          1262056 kB
SwapCached:         9688 kB
Active:          1928632 kB
Inactive:        1022748 kB
Active(anon):    1247496 kB
Inactive(anon):   459764 kB
Active(file):     681136 kB
Inactive(file):   562984 kB
Unevictable:        6224 kB
Mlocked:            5784 kB
SwapTotal:       4718584 kB
SwapFree:        4147704 kB
Dirty:             17756 kB
Writeback:             0 kB
AnonPages:       1685884 kB
Mapped:           612472 kB
Shmem:             18680 kB
KReclaimable:     334096 kB
Slab:             316708 kB
SReclaimable:      88528 kB
SUnreclaim:       228180 kB
KernelStack:       50448 kB
ShadowCallStack:   12644 kB
PageTables:        70028 kB
NFS_Unstable:          0 kB
Bounce:                0 kB
WritebackTmp:          0 kB
CommitLimit:     8677876 kB
Committed_AS:   70230376 kB
VmallocTotal:   263061440 kB
VmallocUsed:      133868 kB
VmallocChunk:          0 kB
Percpu:             2448 kB
CmaTotal:         405504 kB
CmaFree:          193240 kB
MemTotal:        7918588 kB
MemFree:         2352340 kB
MemAvailable:    3539400 kB
Buffers:            5396 kB
Cached:          1262084 kB
SwapCached:         9688 kB
Active:          2013132 kB
Inactive:        1022752 kB
Active(anon):    1331996 kB
Inactive(anon):   459748 kB
Active(file):     681136 kB
Inactive(file):   563004 kB
Unevictable:        6224 kB
Mlocked:            5784 kB
SwapTotal:       4718584 kB
SwapFree:        4147704 kB
Dirty:             17776 kB
Writeback:             0 kB
AnonPages:       1770316 kB
Mapped:           613052 kB
Shmem:             18688 kB
KReclaimable:     333144 kB
Slab:             316724 kB
SReclaimable:      88528 kB
SUnreclaim:       228196 kB
KernelStack:       50384 kB
ShadowCallStack:   12660 kB
PageTables:        70440 kB
NFS_Unstable:          0 kB
Bounce:                0 kB
WritebackTmp:          0 kB
CommitLimit:     8677876 kB
Committed_AS:   70459716 kB
VmallocTotal:   263061440 kB
VmallocUsed:      133840 kB
VmallocChunk:          0 kB
Percpu:             2448 kB
CmaTotal:         405504 kB
CmaFree:          193240 kB
MemTotal:        7918588 kB
MemFree:         2258532 kB
MemAvailable:    3444340 kB
Buffers:            5404 kB
Cached:          1262136 kB
SwapCached:         9688 kB
Active:          2107216 kB
Inactive:        1022308 kB
Active(anon):    1426020 kB
Inactive(anon):   459304 kB
Active(file):     681196 kB
Inactive(file):   563004 kB
Unevictable:        6224 kB
Mlocked:            5784 kB
SwapTotal:       4718584 kB
SwapFree:        4148728 kB
Dirty:             17776 kB
Writeback:             0 kB
AnonPages:       1864008 kB
Mapped:           614104 kB
Shmem:             18688 kB
KReclaimable:     331832 kB
Slab:             316708 kB
SReclaimable:      88528 kB
SUnreclaim:       228180 kB
KernelStack:       50400 kB
ShadowCallStack:   12624 kB
PageTables:        71008 kB
NFS_Unstable:          0 kB
Bounce:                0 kB
WritebackTmp:          0 kB
CommitLimit:     8677876 kB
Committed_AS:   70672756 kB
VmallocTotal:   263061440 kB
VmallocUsed:      133876 kB
VmallocChunk:          0 kB
Percpu:             2448 kB
CmaTotal:         405504 kB
CmaFree:          193368 kB
MemTotal:        7918588 kB
MemFree:         2158564 kB
MemAvailable:    3343244 kB
Buffers:            5412 kB
Cached:          1262148 kB
SwapCached:         9688 kB
Active:          2206692 kB
Inactive:        1022324 kB
Active(anon):    1525496 kB
Inactive(anon):   459304 kB
Active(file):     681196 kB
Inactive(file):   563020 kB
Unevictable:        6224 kB
Mlocked:            5784 kB
SwapTotal:       4718584 kB
SwapFree:        4148728 kB
Dirty:             17776 kB
Writeback:             0 kB
AnonPages:       1963280 kB
Mapped:           615072 kB
Shmem:             18692 kB
KReclaimable:     330688 kB
Slab:             316692 kB
SReclaimable:      88528 kB
SUnreclaim:       228164 kB
KernelStack:       50368 kB
ShadowCallStack:   12620 kB
PageTables:        71272 kB
NFS_Unstable:          0 kB
Bounce:                0 kB
WritebackTmp:          0 kB
CommitLimit:     8677876 kB
Committed_AS:   70918476 kB
VmallocTotal:   263061440 kB
VmallocUsed:      133856 kB
VmallocChunk:          0 kB
Percpu:             2448 kB
CmaTotal:         405504 kB
CmaFree:          193584 kB
MemTotal:        7918588 kB
MemFree:         2082256 kB
MemAvailable:    3266272 kB
Buffers:            5412 kB
Cached:          1262156 kB
SwapCached:         9688 kB
Active:          2282200 kB
Inactive:        1022332 kB
Active(anon):    1601004 kB
Inactive(anon):   459304 kB
Active(file):     681196 kB
Inactive(file):   563028 kB
Unevictable:        6224 kB
Mlocked:            5784 kB
SwapTotal:       4718584 kB
SwapFree:        4148728 kB
Dirty:             17804 kB
Writeback:             0 kB
AnonPages:       2038928 kB
Mapped:           615552 kB
Shmem:             18692 kB
KReclaimable:     330016 kB
Slab:             316888 kB
SReclaimable:      88528 kB
SUnreclaim:       228360 kB
KernelStack:       50416 kB
ShadowCallStack:   12628 kB
PageTables:        71888 kB
NFS_Unstable:          0 kB
Bounce:                0 kB
WritebackTmp:          0 kB
CommitLimit:     8677876 kB
Committed_AS:   71098696 kB
VmallocTotal:   263061440 kB
VmallocUsed:      133856 kB
VmallocChunk:          0 kB
Percpu:             2448 kB
CmaTotal:         405504 kB
CmaFree:          193584 kB
MemTotal:        7918588 kB
MemFree:         1981164 kB
MemAvailable:    3163708 kB
Buffers:            5412 kB
Cached:          1262156 kB
SwapCached:         9688 kB
Active:          2382020 kB
Inactive:        1022328 kB
Active(anon):    1700824 kB
Inactive(anon):   459300 kB
Active(file):     681196 kB
Inactive(file):   563028 kB
Unevictable:        6224 kB
Mlocked:            5784 kB
SwapTotal:       4718584 kB
SwapFree:        4148728 kB
Dirty:             17804 kB
Writeback:             0 kB
AnonPages:       2138784 kB
Mapped:           616380 kB
Shmem:             18692 kB
KReclaimable:     328544 kB
Slab:             316964 kB
SReclaimable:      88528 kB
SUnreclaim:       228436 kB
KernelStack:       50400 kB
ShadowCallStack:   12632 kB
PageTables:        72456 kB
NFS_Unstable:          0 kB
Bounce:                0 kB
WritebackTmp:          0 kB
CommitLimit:     8677876 kB
Committed_AS:   71344480 kB
VmallocTotal:   263061440 kB
VmallocUsed:      133840 kB
VmallocChunk:          0 kB
Percpu:             2448 kB
CmaTotal:         405504 kB
CmaFree:          193584 kB
MemTotal:        7918588 kB
MemFree:         1909980 kB
MemAvailable:    3093936 kB
Buffers:            5436 kB
Cached:          1264528 kB
SwapCached:         9688 kB
Active:          2453856 kB
Inactive:        1022356 kB
Active(anon):    1770296 kB
Inactive(anon):   459304 kB
Active(file):     683560 kB
Inactive(file):   563052 kB
Unevictable:        6224 kB
Mlocked:            5784 kB
SwapTotal:       4718584 kB
SwapFree:        4148728 kB
Dirty:             17804 kB
Writeback:             0 kB
AnonPages:       2208116 kB
Mapped:           617628 kB
Shmem:             18700 kB
KReclaimable:     327568 kB
Slab:             317124 kB
SReclaimable:      88528 kB
SUnreclaim:       228596 kB
KernelStack:       50400 kB
ShadowCallStack:   12624 kB
PageTables:        72532 kB
NFS_Unstable:          0 kB
Bounce:                0 kB
WritebackTmp:          0 kB
CommitLimit:     8677876 kB
Committed_AS:   71491920 kB
VmallocTotal:   263061440 kB
VmallocUsed:      133852 kB
VmallocChunk:          0 kB
Percpu:             2448 kB
CmaTotal:         405504 kB
CmaFree:          193584 kB
MemTotal:        7918588 kB
MemFree:         1860028 kB
MemAvailable:    3044352 kB
Buffers:            5436 kB
Cached:          1265500 kB
SwapCached:         9688 kB
Active:          2502912 kB
Inactive:        1022352 kB
Active(anon):    1818384 kB
Inactive(anon):   459300 kB
Active(file):     684528 kB
Inactive(file):   563052 kB
Unevictable:        6224 kB
Mlocked:            5784 kB
SwapTotal:       4718584 kB
SwapFree:        4148728 kB
Dirty:             17740 kB
Writeback:             0 kB
AnonPages:       2256140 kB
Mapped:           618028 kB
Shmem:             18704 kB
KReclaimable:     326968 kB
Slab:             317068 kB
SReclaimable:      88528 kB
SUnreclaim:       228540 kB
KernelStack:       50400 kB
ShadowCallStack:   12636 kB
PageTables:        72876 kB
NFS_Unstable:          0 kB
Bounce:                0 kB
WritebackTmp:          0 kB
CommitLimit:     8677876 kB
Committed_AS:   71590228 kB
VmallocTotal:   263061440 kB
VmallocUsed:      133852 kB
VmallocChunk:          0 kB
Percpu:             2448 kB
CmaTotal:         405504 kB
CmaFree:          193584 kB
MemTotal:        7918588 kB
MemFree:         1819188 kB
MemAvailable:    3003080 kB
Buffers:            5436 kB
Cached:          1265604 kB
SwapCached:         9688 kB
Active:          2542784 kB
Inactive:        1022356 kB
Active(anon):    1858156 kB
Inactive(anon):   459300 kB
Active(file):     684628 kB
Inactive(file):   563056 kB
Unevictable:        6224 kB
Mlocked:            5784 kB
SwapTotal:       4718584 kB
SwapFree:        4148984 kB
Dirty:             17744 kB
Writeback:             0 kB
AnonPages:       2296108 kB
Mapped:           618456 kB
Shmem:             18704 kB
KReclaimable:     326432 kB
Slab:             317288 kB
SReclaimable:      88528 kB
SUnreclaim:       228760 kB
KernelStack:       50448 kB
ShadowCallStack:   12624 kB
PageTables:        73024 kB
NFS_Unstable:          0 kB
Bounce:                0 kB
WritebackTmp:          0 kB
CommitLimit:     8677876 kB
Committed_AS:   71672200 kB
VmallocTotal:   263061440 kB
VmallocUsed:      133868 kB
VmallocChunk:          0 kB
Percpu:             2448 kB
CmaTotal:         405504 kB
CmaFree:          193584 kB
MemTotal:        7918588 kB
MemFree:         1778048 kB
MemAvailable:    2961264 kB
Buffers:            5436 kB
Cached:          1265608 kB
SwapCached:         9688 kB
Active:          2583396 kB
Inactive:        1022360 kB
Active(anon):    1898768 kB
Inactive(anon):   459300 kB
Active(file):     684628 kB
Inactive(file):   563060 kB
Unevictable:        6224 kB
Mlocked:            5784 kB
SwapTotal:       4718584 kB
SwapFree:        4148984 kB
Dirty:             17748 kB
Writeback:             0 kB
AnonPages:       2336756 kB
Mapped:           618920 kB
Shmem:             18704 kB
KReclaimable:     325752 kB
Slab:             317304 kB
SReclaimable:      88528 kB
SUnreclaim:       228776 kB
KernelStack:       50400 kB
ShadowCallStack:   12636 kB
PageTables:        73192 kB
NFS_Unstable:          0 kB
Bounce:                0 kB
WritebackTmp:          0 kB
CommitLimit:     8677876 kB
Committed_AS:   71754068 kB
VmallocTotal:   263061440 kB
VmallocUsed:      133840 kB
VmallocChunk:          0 kB
Percpu:             2448 kB
CmaTotal:         405504 kB
CmaFree:          193584 kB
MemTotal:        7918588 kB
MemFree:         1776540 kB
MemAvailable:    2959572 kB
Buffers:            5436 kB
Cached:          1265620 kB
SwapCached:         9688 kB
Active:          2585448 kB
Inactive:        1022344 kB
Active(anon):    1900812 kB
Inactive(anon):   459284 kB
Active(file):     684636 kB
Inactive(file):   563060 kB
Unevictable:        6224 kB
Mlocked:            5784 kB
SwapTotal:       4718584 kB
SwapFree:        4148984 kB
Dirty:             17748 kB
Writeback:             0 kB
AnonPages:       2338552 kB
Mapped:           618892 kB
Shmem:             18708 kB
KReclaimable:     325560 kB
Slab:             317356 kB
SReclaimable:      88528 kB
SUnreclaim:       228828 kB
KernelStack:       50384 kB
ShadowCallStack:   12628 kB
PageTables:        73180 kB
NFS_Unstable:          0 kB
Bounce:                0 kB
WritebackTmp:          0 kB
CommitLimit:     8677876 kB
Committed_AS:   71754020 kB
VmallocTotal:   263061440 kB
VmallocUsed:      133832 kB
VmallocChunk:          0 kB
Percpu:             2448 kB
CmaTotal:         405504 kB
CmaFree:          193584 kB
MemTotal:        7918588 kB
MemFree:         1728596 kB
MemAvailable:    2911028 kB
Buffers:            5444 kB
Cached:          1265612 kB
SwapCached:         9688 kB
Active:          2634476 kB
Inactive:        1022348 kB
Active(anon):    1949840 kB
Inactive(anon):   459288 kB
Active(file):     684636 kB
Inactive(file):   563060 kB
Unevictable:        6224 kB
Mlocked:            5784 kB
SwapTotal:       4718584 kB
SwapFree:        4148984 kB
Dirty:             17720 kB
Writeback:             0 kB
AnonPages:       2387620 kB
Mapped:           619316 kB
Shmem:             18708 kB
KReclaimable:     324960 kB
Slab:             317348 kB
SReclaimable:      88528 kB
SUnreclaim:       228820 kB
KernelStack:       50400 kB
ShadowCallStack:   12612 kB
PageTables:        73380 kB
NFS_Unstable:          0 kB
Bounce:                0 kB
WritebackTmp:          0 kB
CommitLimit:     8677876 kB
Committed_AS:   71885092 kB
VmallocTotal:   263061440 kB
VmallocUsed:      133836 kB
VmallocChunk:          0 kB
Percpu:             2448 kB
CmaTotal:         405504 kB
CmaFree:          193584 kB
MemTotal:        7918588 kB
MemFree:         1706804 kB
MemAvailable:    2888768 kB
Buffers:            5444 kB
Cached:          1265624 kB
SwapCached:         9688 kB
Active:          2655600 kB
Inactive:        1022356 kB
Active(anon):    1970964 kB
Inactive(anon):   459284 kB
Active(file):     684636 kB
Inactive(file):   563072 kB
Unevictable:        6224 kB
Mlocked:            5784 kB
SwapTotal:       4718584 kB
SwapFree:        4148984 kB
Dirty:             17724 kB
Writeback:             0 kB
AnonPages:       2408728 kB
Mapped:           619628 kB
Shmem:             18708 kB
KReclaimable:     324480 kB
Slab:             317324 kB
SReclaimable:      88528 kB
SUnreclaim:       228796 kB
KernelStack:       50384 kB
ShadowCallStack:   12604 kB
PageTables:        73536 kB
NFS_Unstable:          0 kB
Bounce:                0 kB
WritebackTmp:          0 kB
CommitLimit:     8677876 kB
Committed_AS:   71901484 kB
VmallocTotal:   263061440 kB
VmallocUsed:      133816 kB
VmallocChunk:          0 kB
Percpu:             2448 kB
CmaTotal:         405504 kB
CmaFree:          193588 kB
MemTotal:        7918588 kB
MemFree:         1696436 kB
MemAvailable:    2878172 kB
Buffers:            5444 kB
Cached:          1265636 kB
SwapCached:         9688 kB
Active:          2666360 kB
Inactive:        1022360 kB
Active(anon):    1981724 kB
Inactive(anon):   459284 kB
Active(file):     684636 kB
Inactive(file):   563076 kB
Unevictable:        6224 kB
Mlocked:            5784 kB
SwapTotal:       4718584 kB
SwapFree:        4148984 kB
Dirty:             17756 kB
Writeback:             0 kB
AnonPages:       2419612 kB
Mapped:           619772 kB
Shmem:             18716 kB
KReclaimable:     324248 kB
Slab:             317344 kB
SReclaimable:      88528 kB
SUnreclaim:       228816 kB
KernelStack:       50384 kB
ShadowCallStack:   12628 kB
PageTables:        73492 kB
NFS_Unstable:          0 kB
Bounce:                0 kB
WritebackTmp:          0 kB
CommitLimit:     8677876 kB
Committed_AS:   71950636 kB
VmallocTotal:   263061440 kB
VmallocUsed:      133816 kB
VmallocChunk:          0 kB
Percpu:             2448 kB
CmaTotal:         405504 kB
CmaFree:          193584 kB
MemTotal:        7918588 kB
MemFree:         1636736 kB
MemAvailable:    2817648 kB
Buffers:            5444 kB
Cached:          1265636 kB
SwapCached:         9688 kB
Active:          2725940 kB
Inactive:        1022360 kB
Active(anon):    2041304 kB
Inactive(anon):   459284 kB
Active(file):     684636 kB
Inactive(file):   563076 kB
Unevictable:        6224 kB
Mlocked:            5784 kB
SwapTotal:       4718584 kB
SwapFree:        4148984 kB
Dirty:             17756 kB
Writeback:             0 kB
AnonPages:       2479480 kB
Mapped:           620280 kB
Shmem:             18716 kB
KReclaimable:     323424 kB
Slab:             317356 kB
SReclaimable:      88528 kB
SUnreclaim:       228828 kB
KernelStack:       50400 kB
ShadowCallStack:   12628 kB
PageTables:        73856 kB
NFS_Unstable:          0 kB
Bounce:                0 kB
WritebackTmp:          0 kB
CommitLimit:     8677876 kB
Committed_AS:   72065324 kB
VmallocTotal:   263061440 kB
VmallocUsed:      133832 kB
VmallocChunk:          0 kB
Percpu:             2448 kB
CmaTotal:         405504 kB
CmaFree:          193584 kB
MemTotal:        7918588 kB
MemFree:         1635396 kB
MemAvailable:    2816308 kB
Buffers:            5444 kB
Cached:          1265636 kB
SwapCached:         9688 kB
Active:          2726492 kB
Inactive:        1022364 kB
Active(anon):    2041856 kB
Inactive(anon):   459288 kB
Active(file):     684636 kB
Inactive(file):   563076 kB
Unevictable:        6224 kB
Mlocked:            5784 kB
SwapTotal:       4718584 kB
SwapFree:        4148984 kB
Dirty:             17756 kB
Writeback:             0 kB
AnonPages:       2479644 kB
Mapped:           620380 kB
Shmem:             18716 kB
KReclaimable:     323424 kB
Slab:             317560 kB
SReclaimable:      88528 kB
SUnreclaim:       229032 kB
KernelStack:       50384 kB
ShadowCallStack:   12616 kB
PageTables:        73736 kB
NFS_Unstable:          0 kB
Bounce:                0 kB
WritebackTmp:          0 kB
CommitLimit:     8677876 kB
Committed_AS:   72065324 kB
VmallocTotal:   263061440 kB
VmallocUsed:      133820 kB
VmallocChunk:          0 kB
Percpu:             2448 kB
CmaTotal:         405504 kB
CmaFree:          193584 kB
MemTotal:        7918588 kB
MemFree:         1606472 kB
MemAvailable:    2786984 kB
Buffers:            5468 kB
Cached:          1265652 kB
SwapCached:         9688 kB
Active:          2755204 kB
Inactive:        1022172 kB
Active(anon):    2070568 kB
Inactive(anon):   459064 kB
Active(file):     684636 kB
Inactive(file):   563108 kB
Unevictable:        6224 kB
Mlocked:            5784 kB
SwapTotal:       4718584 kB
SwapFree:        4148984 kB
Dirty:             17760 kB
Writeback:             0 kB
AnonPages:       2508192 kB
Mapped:           620660 kB
Shmem:             18724 kB
KReclaimable:     322992 kB
Slab:             317532 kB
SReclaimable:      88528 kB
SUnreclaim:       229004 kB
KernelStack:       50400 kB
ShadowCallStack:   12624 kB
PageTables:        73932 kB
NFS_Unstable:          0 kB
Bounce:                0 kB
WritebackTmp:          0 kB
CommitLimit:     8677876 kB
Committed_AS:   72147252 kB
VmallocTotal:   263061440 kB
VmallocUsed:      133832 kB
VmallocChunk:          0 kB
Percpu:             2448 kB
CmaTotal:         405504 kB
CmaFree:          193584 kB
MemTotal:        7918588 kB
MemFree:         1563956 kB
MemAvailable:    2743740 kB
Buffers:            5476 kB
Cached:          1265644 kB
SwapCached:         9688 kB
Active:          2797528 kB
Inactive:        1022172 kB
Active(anon):    2112892 kB
Inactive(anon):   459064 kB
Active(file):     684636 kB
Inactive(file):   563108 kB
Unevictable:        6224 kB
Mlocked:            5784 kB
SwapTotal:       4718584 kB
SwapFree:        4148984 kB
Dirty:             17732 kB
Writeback:            20 kB
AnonPages:       2550480 kB
Mapped:           620980 kB
Shmem:             18724 kB
KReclaimable:     322264 kB
Slab:             317484 kB
SReclaimable:      88528 kB
SUnreclaim:       228956 kB
KernelStack:       50368 kB
ShadowCallStack:   12660 kB
PageTables:        74000 kB
NFS_Unstable:          0 kB
Bounce:                0 kB
WritebackTmp:          0 kB
CommitLimit:     8677876 kB
Committed_AS:   72229176 kB
VmallocTotal:   263061440 kB
VmallocUsed:      133816 kB
VmallocChunk:          0 kB
Percpu:             2448 kB
CmaTotal:         405504 kB
CmaFree:          193580 kB
MemTotal:        7918588 kB
MemFree:         1561280 kB
MemAvailable:    2740936 kB
Buffers:            5476 kB
Cached:          1265660 kB
SwapCached:         9688 kB
Active:          2799512 kB
Inactive:        1022188 kB
Active(anon):    2114876 kB
Inactive(anon):   459064 kB
Active(file):     684636 kB
Inactive(file):   563124 kB
Unevictable:        6224 kB
Mlocked:            5784 kB
SwapTotal:       4718584 kB
SwapFree:        4148984 kB
Dirty:             17812 kB
Writeback:             0 kB
AnonPages:       2552516 kB
Mapped:           621212 kB
Shmem:             18724 kB
KReclaimable:     322120 kB
Slab:             317492 kB
SReclaimable:      88528 kB
SUnreclaim:       228964 kB
KernelStack:       50336 kB
ShadowCallStack:   12628 kB
PageTables:        74040 kB
NFS_Unstable:          0 kB
Bounce:                0 kB
WritebackTmp:          0 kB
CommitLimit:     8677876 kB
Committed_AS:   72229172 kB
VmallocTotal:   263061440 kB
VmallocUsed:      133784 kB
VmallocChunk:          0 kB
Percpu:             2448 kB
CmaTotal:         405504 kB
CmaFree:          193584 kB
MemTotal:        7918588 kB
MemFree:         1513348 kB
MemAvailable:    2692380 kB
Buffers:            5476 kB
Cached:          1265664 kB
SwapCached:         9688 kB
Active:          2847432 kB
Inactive:        1022188 kB
Active(anon):    2162796 kB
Inactive(anon):   459064 kB
Active(file):     684636 kB
Inactive(file):   563124 kB
Unevictable:        6224 kB
Mlocked:            5784 kB
SwapTotal:       4718584 kB
SwapFree:        4148984 kB
Dirty:             17864 kB
Writeback:             0 kB
AnonPages:       2600416 kB
Mapped:           621492 kB
Shmem:             18728 kB
KReclaimable:     321496 kB
Slab:             317600 kB
SReclaimable:      88528 kB
SUnreclaim:       229072 kB
KernelStack:       50368 kB
ShadowCallStack:   12612 kB
PageTables:        74312 kB
NFS_Unstable:          0 kB
Bounce:                0 kB
WritebackTmp:          0 kB
CommitLimit:     8677876 kB
Committed_AS:   72343868 kB
VmallocTotal:   263061440 kB
VmallocUsed:      133836 kB
VmallocChunk:          0 kB
Percpu:             2448 kB
CmaTotal:         405504 kB
CmaFree:          191496 kB
MemTotal:        7918588 kB
MemFree:         1491456 kB
MemAvailable:    2670164 kB
Buffers:            5476 kB
Cached:          1265676 kB
SwapCached:         9688 kB
Active:          2869416 kB
Inactive:        1022184 kB
Active(anon):    2184780 kB
Inactive(anon):   459056 kB
Active(file):     684636 kB
Inactive(file):   563128 kB
Unevictable:        6224 kB
Mlocked:            5784 kB
SwapTotal:       4718584 kB
SwapFree:        4148984 kB
Dirty:             17876 kB
Writeback:             0 kB
AnonPages:       2622580 kB
Mapped:           622024 kB
Shmem:             18736 kB
KReclaimable:     321168 kB
Slab:             317652 kB
SReclaimable:      88528 kB
SUnreclaim:       229124 kB
KernelStack:       50368 kB
ShadowCallStack:   12612 kB
PageTables:        74432 kB
NFS_Unstable:          0 kB
Bounce:                0 kB
WritebackTmp:          0 kB
CommitLimit:     8677876 kB
Committed_AS:   72376488 kB
VmallocTotal:   263061440 kB
VmallocUsed:      133772 kB
VmallocChunk:          0 kB
Percpu:             2448 kB
CmaTotal:         405504 kB
CmaFree:          169520 kB
MemTotal:        7918588 kB
MemFree:         1482400 kB
MemAvailable:    2660876 kB
Buffers:            5484 kB
Cached:          1265676 kB
SwapCached:         9688 kB
Active:          2878316 kB
Inactive:        1022196 kB
Active(anon):    2193680 kB
Inactive(anon):   459060 kB
Active(file):     684636 kB
Inactive(file):   563136 kB
Unevictable:        6224 kB
Mlocked:            5784 kB
SwapTotal:       4718584 kB
SwapFree:        4148984 kB
Dirty:             17892 kB
Writeback:             0 kB
AnonPages:       2631316 kB
Mapped:           622048 kB
Shmem:             18736 kB
KReclaimable:     320928 kB
Slab:             317612 kB
SReclaimable:      88544 kB
SUnreclaim:       229068 kB
KernelStack:       50336 kB
ShadowCallStack:   12608 kB
PageTables:        74380 kB
NFS_Unstable:          0 kB
Bounce:                0 kB
WritebackTmp:          0 kB
CommitLimit:     8677876 kB
Committed_AS:   72409204 kB
VmallocTotal:   263061440 kB
VmallocUsed:      133752 kB
VmallocChunk:          0 kB
Percpu:             2448 kB
CmaTotal:         405504 kB
CmaFree:          160152 kB
MemTotal:        7918588 kB
MemFree:         1420196 kB
MemAvailable:    2597992 kB
Buffers:            5484 kB
Cached:          1265676 kB
SwapCached:         9688 kB
Active:          2940808 kB
Inactive:        1022200 kB
Active(anon):    2256172 kB
Inactive(anon):   459064 kB
Active(file):     684636 kB
Inactive(file):   563136 kB
Unevictable:        6224 kB
Mlocked:            5784 kB
SwapTotal:       4718584 kB
SwapFree:        4148984 kB
Dirty:               120 kB
Writeback:            56 kB
AnonPages:       2693856 kB
Mapped:           622624 kB
Shmem:             18736 kB
KReclaimable:     320248 kB
Slab:             317704 kB
SReclaimable:      88544 kB
SUnreclaim:       229160 kB
KernelStack:       50336 kB
ShadowCallStack:   12612 kB
PageTables:        74664 kB
NFS_Unstable:          0 kB
Bounce:                0 kB
WritebackTmp:          0 kB
CommitLimit:     8677876 kB
Committed_AS:   72540272 kB
VmallocTotal:   263061440 kB
VmallocUsed:      133736 kB
VmallocChunk:          0 kB
Percpu:             2448 kB
CmaTotal:         405504 kB
CmaFree:           98184 kB
MemTotal:        7918588 kB
MemFree:         1419244 kB
MemAvailable:    2597044 kB
Buffers:            5492 kB
Cached:          1265680 kB
SwapCached:         9688 kB
Active:          2940932 kB
Inactive:        1022216 kB
Active(anon):    2256296 kB
Inactive(anon):   459068 kB
Active(file):     684636 kB
Inactive(file):   563148 kB
Unevictable:        6224 kB
Mlocked:            5784 kB
SwapTotal:       4718584 kB
SwapFree:        4148984 kB
Dirty:               132 kB
Writeback:             0 kB
AnonPages:       2693860 kB
Mapped:           622652 kB
Shmem:             18736 kB
KReclaimable:     320240 kB
Slab:             317720 kB
SReclaimable:      88544 kB
SUnreclaim:       229176 kB
KernelStack:       50352 kB
ShadowCallStack:   12604 kB
PageTables:        74764 kB
NFS_Unstable:          0 kB
Bounce:                0 kB
WritebackTmp:          0 kB
CommitLimit:     8677876 kB
Committed_AS:   72537404 kB
VmallocTotal:   263061440 kB
VmallocUsed:      133772 kB
VmallocChunk:          0 kB
Percpu:             2448 kB
CmaTotal:         405504 kB
CmaFree:           97444 kB
MemTotal:        7918588 kB
MemFree:         1388972 kB
MemAvailable:    2566244 kB
Buffers:            5492 kB
Cached:          1265696 kB
SwapCached:         9688 kB
Active:          2973368 kB
Inactive:        1022232 kB
Active(anon):    2288732 kB
Inactive(anon):   459068 kB
Active(file):     684636 kB
Inactive(file):   563164 kB
Unevictable:        6224 kB
Mlocked:            5784 kB
SwapTotal:       4718584 kB
SwapFree:        4148984 kB
Dirty:               212 kB
Writeback:             0 kB
AnonPages:       2726448 kB
Mapped:           623072 kB
Shmem:             18736 kB
KReclaimable:     319696 kB
Slab:             317740 kB
SReclaimable:      88544 kB
SUnreclaim:       229196 kB
KernelStack:       50352 kB
ShadowCallStack:   12604 kB
PageTables:        74896 kB
NFS_Unstable:          0 kB
Bounce:                0 kB
WritebackTmp:          0 kB
CommitLimit:     8677876 kB
Committed_AS:   72635660 kB
VmallocTotal:   263061440 kB
VmallocUsed:      133740 kB
VmallocChunk:          0 kB
Percpu:             2448 kB
CmaTotal:         405504 kB
CmaFree:           66520 kB
MemTotal:        7918588 kB
MemFree:         1350868 kB
MemAvailable:    2527476 kB
Buffers:            5492 kB
Cached:          1265696 kB
SwapCached:         9688 kB
Active:          3010116 kB
Inactive:        1022228 kB
Active(anon):    2325480 kB
Inactive(anon):   459064 kB
Active(file):     684636 kB
Inactive(file):   563164 kB
Unevictable:        6224 kB
Mlocked:            5784 kB
SwapTotal:       4718584 kB
SwapFree:        4148984 kB
Dirty:               212 kB
Writeback:             0 kB
AnonPages:       2763144 kB
Mapped:           623496 kB
Shmem:             18736 kB
KReclaimable:     319032 kB
Slab:             317832 kB
SReclaimable:      88544 kB
SUnreclaim:       229288 kB
KernelStack:       50304 kB
ShadowCallStack:   12600 kB
PageTables:        75068 kB
NFS_Unstable:          0 kB
Bounce:                0 kB
WritebackTmp:          0 kB
CommitLimit:     8677876 kB
Committed_AS:   72718500 kB
VmallocTotal:   263061440 kB
VmallocUsed:      133700 kB
VmallocChunk:          0 kB
Percpu:             2448 kB
CmaTotal:         405504 kB
CmaFree:           28644 kB
MemTotal:        7918588 kB
MemFree:         1349096 kB
MemAvailable:    2525672 kB
Buffers:            5524 kB
Cached:          1265664 kB
SwapCached:         9688 kB
Active:          3011728 kB
Inactive:        1022228 kB
Active(anon):    2327092 kB
Inactive(anon):   459064 kB
Active(file):     684636 kB
Inactive(file):   563164 kB
Unevictable:        6224 kB
Mlocked:            5784 kB
SwapTotal:       4718584 kB
SwapFree:        4148984 kB
Dirty:               212 kB
Writeback:             0 kB
AnonPages:       2764804 kB
Mapped:           623496 kB
Shmem:             18736 kB
KReclaimable:     319000 kB
Slab:             317680 kB
SReclaimable:      88544 kB
SUnreclaim:       229136 kB
KernelStack:       50304 kB
ShadowCallStack:   12612 kB
PageTables:        74864 kB
NFS_Unstable:          0 kB
Bounce:                0 kB
WritebackTmp:          0 kB
CommitLimit:     8677876 kB
Committed_AS:   72718508 kB
VmallocTotal:   263061440 kB
VmallocUsed:      133696 kB
VmallocChunk:          0 kB
Percpu:             2448 kB
CmaTotal:         405504 kB
CmaFree:           27788 kB
MemTotal:        7918588 kB
MemFree:         1300988 kB
MemAvailable:    2476716 kB
Buffers:            5524 kB
Cached:          1265704 kB
SwapCached:         9688 kB
Active:          3060332 kB
Inactive:        1022260 kB
Active(anon):    2375696 kB
Inactive(anon):   459064 kB
Active(file):     684636 kB
Inactive(file):   563196 kB
Unevictable:        6224 kB
Mlocked:            5784 kB
SwapTotal:       4718584 kB
SwapFree:        4148984 kB
Dirty:               340 kB
Writeback:             0 kB
AnonPages:       2813296 kB
Mapped:           624068 kB
Shmem:             18744 kB
KReclaimable:     318120 kB
Slab:             317900 kB
SReclaimable:      88544 kB
SUnreclaim:       229356 kB
KernelStack:       50288 kB
ShadowCallStack:   12604 kB
PageTables:        75284 kB
NFS_Unstable:          0 kB
Bounce:                0 kB
WritebackTmp:          0 kB
CommitLimit:     8677876 kB
Committed_AS:   72833196 kB
VmallocTotal:   263061440 kB
VmallocUsed:      133712 kB
VmallocChunk:          0 kB
Percpu:             2448 kB
CmaTotal:         405504 kB
CmaFree:               0 kB
MemTotal:        7918588 kB
MemFree:         1280096 kB
MemAvailable:    2455624 kB
Buffers:            5524 kB
Cached:          1265712 kB
SwapCached:         9688 kB
Active:          3080640 kB
Inactive:        1022260 kB
Active(anon):    2396004 kB
Inactive(anon):   459056 kB
Active(file):     684636 kB
Inactive(file):   563204 kB
Unevictable:        6224 kB
Mlocked:            5784 kB
SwapTotal:       4718584 kB
SwapFree:        4148984 kB
Dirty:               356 kB
Writeback:             0 kB
AnonPages:       2833704 kB
Mapped:           624232 kB
Shmem:             18744 kB
KReclaimable:     317912 kB
Slab:             317944 kB
SReclaimable:      88560 kB
SUnreclaim:       229384 kB
KernelStack:       50320 kB
ShadowCallStack:   12608 kB
PageTables:        75468 kB
NFS_Unstable:          0 kB
Bounce:                0 kB
WritebackTmp:          0 kB
CommitLimit:     8677876 kB
Committed_AS:   72865964 kB
VmallocTotal:   263061440 kB
VmallocUsed:      133716 kB
VmallocChunk:          0 kB
Percpu:             2448 kB
CmaTotal:         405504 kB
CmaFree:               0 kB
MemTotal:        7918588 kB
MemFree:         1268076 kB
MemAvailable:    2443420 kB
Buffers:            5524 kB
Cached:          1265716 kB
SwapCached:         9688 kB
Active:          3093688 kB
Inactive:        1022268 kB
Active(anon):    2409052 kB
Inactive(anon):   459064 kB
Active(file):     684636 kB
Inactive(file):   563204 kB
Unevictable:        6224 kB
Mlocked:            5784 kB
SwapTotal:       4718584 kB
SwapFree:        4148984 kB
Dirty:               356 kB
Writeback:             0 kB
AnonPages:       2846696 kB
Mapped:           624280 kB
Shmem:             18748 kB
KReclaimable:     317728 kB
Slab:             317852 kB
SReclaimable:      88560 kB
SUnreclaim:       229292 kB
KernelStack:       50304 kB
ShadowCallStack:   12600 kB
PageTables:        75488 kB
NFS_Unstable:          0 kB
Bounce:                0 kB
WritebackTmp:          0 kB
CommitLimit:     8677876 kB
Committed_AS:   72915120 kB
VmallocTotal:   263061440 kB
VmallocUsed:      133696 kB
VmallocChunk:          0 kB
Percpu:             2448 kB
CmaTotal:         405504 kB
CmaFree:               0 kB
MemTotal:        7918588 kB
MemFree:         1209200 kB
MemAvailable:    2383668 kB
Buffers:            5524 kB
Cached:          1265732 kB
SwapCached:         9688 kB
Active:          3150980 kB
Inactive:        1022276 kB
Active(anon):    2466344 kB
Inactive(anon):   459068 kB
Active(file):     684636 kB
Inactive(file):   563208 kB
Unevictable:        6224 kB
Mlocked:            5784 kB
SwapTotal:       4718584 kB
SwapFree:        4148984 kB
Dirty:               356 kB
Writeback:             4 kB
AnonPages:       2903764 kB
Mapped:           625012 kB
Shmem:             18760 kB
KReclaimable:     316848 kB
Slab:             317820 kB
SReclaimable:      88560 kB
SUnreclaim:       229260 kB
KernelStack:       50288 kB
ShadowCallStack:   12604 kB
PageTables:        75676 kB
NFS_Unstable:          0 kB
Bounce:                0 kB
WritebackTmp:          0 kB
CommitLimit:     8677876 kB
Committed_AS:   73029820 kB
VmallocTotal:   263061440 kB
VmallocUsed:      133732 kB
VmallocChunk:          0 kB
Percpu:             2448 kB
CmaTotal:         405504 kB
CmaFree:               0 kB
MemTotal:        7918588 kB
MemFree:         1208132 kB
MemAvailable:    2382584 kB
Buffers:            5524 kB
Cached:          1265732 kB
SwapCached:         9688 kB
Active:          3151632 kB
Inactive:        1022264 kB
Active(anon):    2466996 kB
Inactive(anon):   459056 kB
Active(file):     684636 kB
Inactive(file):   563208 kB
Unevictable:        6224 kB
Mlocked:            5784 kB
SwapTotal:       4718584 kB
SwapFree:        4148984 kB
Dirty:               376 kB
Writeback:             0 kB
AnonPages:       2904548 kB
Mapped:           624948 kB
Shmem:             18760 kB
KReclaimable:     316832 kB
Slab:             317996 kB
SReclaimable:      88560 kB
SUnreclaim:       229436 kB
KernelStack:       50304 kB
ShadowCallStack:   12592 kB
PageTables:        75780 kB
NFS_Unstable:          0 kB
Bounce:                0 kB
WritebackTmp:          0 kB
CommitLimit:     8677876 kB
Committed_AS:   73029844 kB
VmallocTotal:   263061440 kB
VmallocUsed:      133716 kB
VmallocChunk:          0 kB
Percpu:             2448 kB
CmaTotal:         405504 kB
CmaFree:               0 kB
MemTotal:        7918588 kB
MemFree:         1175296 kB
MemAvailable:    2349080 kB
Buffers:            5532 kB
Cached:          1265728 kB
SwapCached:         9688 kB
Active:          3185296 kB
Inactive:        1022276 kB
Active(anon):    2500660 kB
Inactive(anon):   459064 kB
Active(file):     684636 kB
Inactive(file):   563212 kB
Unevictable:        6224 kB
Mlocked:            5784 kB
SwapTotal:       4718584 kB
SwapFree:        4148984 kB
Dirty:               312 kB
Writeback:            20 kB
AnonPages:       2938408 kB
Mapped:           625392 kB
Shmem:             18760 kB
KReclaimable:     316160 kB
Slab:             317988 kB
SReclaimable:      88560 kB
SUnreclaim:       229428 kB
KernelStack:       50272 kB
ShadowCallStack:   12612 kB
PageTables:        75892 kB
NFS_Unstable:          0 kB
Bounce:                0 kB
WritebackTmp:          0 kB
CommitLimit:     8677876 kB
Committed_AS:   73128080 kB
VmallocTotal:   263061440 kB
VmallocUsed:      133696 kB
VmallocChunk:          0 kB
Percpu:             2448 kB
CmaTotal:         405504 kB
CmaFree:               0 kB
MemTotal:        7918588 kB
MemFree:         1135388 kB
MemAvailable:    2308756 kB
Buffers:            5540 kB
Cached:          1265736 kB
SwapCached:         9688 kB
Active:          3223656 kB
Inactive:        1022296 kB
Active(anon):    2539020 kB
Inactive(anon):   459068 kB
Active(file):     684636 kB
Inactive(file):   563228 kB
Unevictable:        6224 kB
Mlocked:            5784 kB
SwapTotal:       4718584 kB
SwapFree:        4148984 kB
Dirty:               380 kB
Writeback:             0 kB
AnonPages:       2976732 kB
Mapped:           625708 kB
Shmem:             18760 kB
KReclaimable:     315728 kB
Slab:             318048 kB
SReclaimable:      88560 kB
SUnreclaim:       229488 kB
KernelStack:       50272 kB
ShadowCallStack:   12600 kB
PageTables:        76108 kB
NFS_Unstable:          0 kB
Bounce:                0 kB
WritebackTmp:          0 kB
CommitLimit:     8677876 kB
Committed_AS:   73210000 kB
VmallocTotal:   263061440 kB
VmallocUsed:      133664 kB
VmallocChunk:          0 kB
Percpu:             2448 kB
CmaTotal:         405504 kB
CmaFree:               0 kB
MemTotal:        7918588 kB
MemFree:         1132772 kB
MemAvailable:    2305968 kB
Buffers:            5540 kB
Cached:          1265744 kB
SwapCached:         9688 kB
Active:          3226764 kB
Inactive:        1022296 kB
Active(anon):    2542128 kB
Inactive(anon):   459064 kB
Active(file):     684636 kB
Inactive(file):   563232 kB
Unevictable:        6224 kB
Mlocked:            5784 kB
SwapTotal:       4718584 kB
SwapFree:        4148984 kB
Dirty:               384 kB
Writeback:             0 kB
AnonPages:       2979692 kB
Mapped:           625664 kB
Shmem:             18764 kB
KReclaimable:     315552 kB
Slab:             318004 kB
SReclaimable:      88560 kB
SUnreclaim:       229444 kB
KernelStack:       50336 kB
ShadowCallStack:   12640 kB
PageTables:        75972 kB
NFS_Unstable:          0 kB
Bounce:                0 kB
WritebackTmp:          0 kB
CommitLimit:     8677876 kB
Committed_AS:   73210264 kB
VmallocTotal:   263061440 kB
VmallocUsed:      133748 kB
VmallocChunk:          0 kB
Percpu:             2448 kB
CmaTotal:         405504 kB
CmaFree:               0 kB
MemTotal:        7918588 kB
MemFree:         1086356 kB
MemAvailable:    2258880 kB
Buffers:            5540 kB
Cached:          1265744 kB
SwapCached:         9688 kB
Active:          3273064 kB
Inactive:        1022296 kB
Active(anon):    2588428 kB
Inactive(anon):   459064 kB
Active(file):     684636 kB
Inactive(file):   563232 kB
Unevictable:        6224 kB
Mlocked:            5784 kB
SwapTotal:       4718584 kB
SwapFree:        4148984 kB
Dirty:               388 kB
Writeback:             0 kB
AnonPages:       3026140 kB
Mapped:           626104 kB
Shmem:             18764 kB
KReclaimable:     314880 kB
Slab:             317996 kB
SReclaimable:      88560 kB
SUnreclaim:       229436 kB
KernelStack:       50352 kB
ShadowCallStack:   12636 kB
PageTables:        76296 kB
NFS_Unstable:          0 kB
Bounce:                0 kB
WritebackTmp:          0 kB
CommitLimit:     8677876 kB
Committed_AS:   73324956 kB
VmallocTotal:   263061440 kB
VmallocUsed:      133796 kB
VmallocChunk:          0 kB
Percpu:             2448 kB
CmaTotal:         405504 kB
CmaFree:               0 kB
MemTotal:        7918588 kB
MemFree:         1061956 kB
MemAvailable:    2234284 kB
Buffers:            5564 kB
Cached:          1265748 kB
SwapCached:         9688 kB
Active:          3295772 kB
Inactive:        1022328 kB
Active(anon):    2611136 kB
Inactive(anon):   459068 kB
Active(file):     684636 kB
Inactive(file):   563260 kB
Unevictable:        6224 kB
Mlocked:            5784 kB
SwapTotal:       4718584 kB
SwapFree:        4148984 kB
Dirty:               400 kB
Writeback:             4 kB
AnonPages:       3048624 kB
Mapped:           626216 kB
Shmem:             18764 kB
KReclaimable:     314656 kB
Slab:             318052 kB
SReclaimable:      88560 kB
SUnreclaim:       229492 kB
KernelStack:       50352 kB
ShadowCallStack:   12612 kB
PageTables:        76152 kB
NFS_Unstable:          0 kB
Bounce:                0 kB
WritebackTmp:          0 kB
CommitLimit:     8677876 kB
Committed_AS:   73374108 kB
VmallocTotal:   263061440 kB
VmallocUsed:      133780 kB
VmallocChunk:          0 kB
Percpu:             2448 kB
CmaTotal:         405504 kB
CmaFree:               0 kB
MemTotal:        7918588 kB
MemFree:         1048992 kB
MemAvailable:    2221084 kB
Buffers:            5564 kB
Cached:          1265748 kB
SwapCached:         9688 kB
Active:          3310896 kB
Inactive:        1022320 kB
Active(anon):    2626260 kB
Inactive(anon):   459064 kB
Active(file):     684636 kB
Inactive(file):   563256 kB
Unevictable:        6224 kB
Mlocked:            5784 kB
SwapTotal:       4718584 kB
SwapFree:        4148984 kB
Dirty:               408 kB
Writeback:             0 kB
AnonPages:       3063860 kB
Mapped:           626452 kB
Shmem:             18768 kB
KReclaimable:     314424 kB
Slab:             318140 kB
SReclaimable:      88560 kB
SUnreclaim:       229580 kB
KernelStack:       50352 kB
ShadowCallStack:   12612 kB
PageTables:        76448 kB
NFS_Unstable:          0 kB
Bounce:                0 kB
WritebackTmp:          0 kB
CommitLimit:     8677876 kB
Committed_AS:   73406876 kB
VmallocTotal:   263061440 kB
VmallocUsed:      133792 kB
VmallocChunk:          0 kB
Percpu:             2448 kB
CmaTotal:         405504 kB
CmaFree:               0 kB
MemTotal:        7918588 kB
MemFree:          997736 kB
MemAvailable:    2168960 kB
Buffers:            5564 kB
Cached:          1265752 kB
SwapCached:         9688 kB
Active:          3362904 kB
Inactive:        1022324 kB
Active(anon):    2678268 kB
Inactive(anon):   459064 kB
Active(file):     684636 kB
Inactive(file):   563260 kB
Unevictable:        6224 kB
Mlocked:            5784 kB
SwapTotal:       4718584 kB
SwapFree:        4148984 kB
Dirty:               492 kB
Writeback:             0 kB
AnonPages:       3115968 kB
Mapped:           626884 kB
Shmem:             18768 kB
KReclaimable:     313552 kB
Slab:             318132 kB
SReclaimable:      88560 kB
SUnreclaim:       229572 kB
KernelStack:       50336 kB
ShadowCallStack:   12624 kB
PageTables:        76596 kB
NFS_Unstable:          0 kB
Bounce:                0 kB
WritebackTmp:          0 kB
CommitLimit:     8677876 kB
Committed_AS:   73537948 kB
VmallocTotal:   263061440 kB
VmallocUsed:      133796 kB
VmallocChunk:          0 kB
Percpu:             2448 kB
CmaTotal:         405504 kB
CmaFree:               0 kB
MemTotal:        7918588 kB
MemFree:          992284 kB
MemAvailable:    2163624 kB
Buffers:            5564 kB
Cached:          1265956 kB
SwapCached:         9688 kB
Active:          3367840 kB
Inactive:        1022328 kB
Active(anon):    2683004 kB
Inactive(anon):   459064 kB
Active(file):     684836 kB
Inactive(file):   563264 kB
Unevictable:        6224 kB
Mlocked:            5784 kB
SwapTotal:       4718584 kB
SwapFree:        4148984 kB
Dirty:               496 kB
Writeback:             0 kB
AnonPages:       3120612 kB
Mapped:           627080 kB
Shmem:             18768 kB
KReclaimable:     313464 kB
Slab:             318184 kB
SReclaimable:      88560 kB
SUnreclaim:       229624 kB
KernelStack:       50368 kB
ShadowCallStack:   12632 kB
PageTables:        76712 kB
NFS_Unstable:          0 kB
Bounce:                0 kB
WritebackTmp:          0 kB
CommitLimit:     8677876 kB
Committed_AS:   73537948 kB
VmallocTotal:   263061440 kB
VmallocUsed:      133780 kB
VmallocChunk:          0 kB
Percpu:             2448 kB
CmaTotal:         405504 kB
CmaFree:               0 kB
MemTotal:        7918588 kB
MemFree:          957036 kB
MemAvailable:    2127920 kB
Buffers:            5564 kB
Cached:          1265956 kB
SwapCached:         9688 kB
Active:          3402940 kB
Inactive:        1022328 kB
Active(anon):    2718104 kB
Inactive(anon):   459064 kB
Active(file):     684836 kB
Inactive(file):   563264 kB
Unevictable:        6224 kB
Mlocked:            5784 kB
SwapTotal:       4718584 kB
SwapFree:        4148984 kB
Dirty:               500 kB
Writeback:             0 kB
AnonPages:       3155680 kB
Mapped:           627388 kB
Shmem:             18768 kB
KReclaimable:     313008 kB
Slab:             318208 kB
SReclaimable:      88560 kB
SUnreclaim:       229648 kB
KernelStack:       50320 kB
ShadowCallStack:   12624 kB
PageTables:        76880 kB
NFS_Unstable:          0 kB
Bounce:                0 kB
WritebackTmp:          0 kB
CommitLimit:     8677876 kB
Committed_AS:   73652584 kB
VmallocTotal:   263061440 kB
VmallocUsed:      133756 kB
VmallocChunk:          0 kB
Percpu:             2448 kB
CmaTotal:         405504 kB
CmaFree:               0 kB
MemTotal:        7918588 kB
MemFree:          919912 kB
MemAvailable:    2090284 kB
Buffers:            5564 kB
Cached:          1265964 kB
SwapCached:         9688 kB
Active:          3439356 kB
Inactive:        1022328 kB
Active(anon):    2754520 kB
Inactive(anon):   459064 kB
Active(file):     684836 kB
Inactive(file):   563264 kB
Unevictable:        6224 kB
Mlocked:            5784 kB
SwapTotal:       4718584 kB
SwapFree:        4148984 kB
Dirty:               500 kB
Writeback:             0 kB
AnonPages:       3192180 kB
Mapped:           627640 kB
Shmem:             18776 kB
KReclaimable:     312496 kB
Slab:             318188 kB
SReclaimable:      88560 kB
SUnreclaim:       229628 kB
KernelStack:       50336 kB
ShadowCallStack:   12616 kB
PageTables:        77016 kB
NFS_Unstable:          0 kB
Bounce:                0 kB
WritebackTmp:          0 kB
CommitLimit:     8677876 kB
Committed_AS:   73701744 kB
VmallocTotal:   263061440 kB
VmallocUsed:      133772 kB
VmallocChunk:          0 kB
Percpu:             2448 kB
CmaTotal:         405504 kB
CmaFree:               0 kB
MemTotal:        7918588 kB
MemFree:          917820 kB
MemAvailable:    2088048 kB
Buffers:            5572 kB
Cached:          1265968 kB
SwapCached:         9688 kB
Active:          3441072 kB
Inactive:        1022336 kB
Active(anon):    2756236 kB
Inactive(anon):   459064 kB
Active(file):     684836 kB
Inactive(file):   563272 kB
Unevictable:        6224 kB
Mlocked:            5784 kB
SwapTotal:       4718584 kB
SwapFree:        4148984 kB
Dirty:               500 kB
Writeback:             0 kB
AnonPages:       3193820 kB
Mapped:           627772 kB
Shmem:             18780 kB
KReclaimable:     312344 kB
Slab:             318268 kB
SReclaimable:      88560 kB
SUnreclaim:       229708 kB
KernelStack:       50352 kB
ShadowCallStack:   12612 kB
PageTables:        77072 kB
NFS_Unstable:          0 kB
Bounce:                0 kB
WritebackTmp:          0 kB
CommitLimit:     8677876 kB
Committed_AS:   73718132 kB
VmallocTotal:   263061440 kB
VmallocUsed:      133760 kB
VmallocChunk:          0 kB
Percpu:             2448 kB
CmaTotal:         405504 kB
CmaFree:               0 kB
MemTotal:        7918588 kB
MemFree:          869320 kB
MemAvailable:    2038788 kB
Buffers:            5572 kB
Cached:          1265968 kB
SwapCached:         9688 kB
Active:          3490256 kB
Inactive:        1022336 kB
Active(anon):    2805420 kB
Inactive(anon):   459064 kB
Active(file):     684836 kB
Inactive(file):   563272 kB
Unevictable:        6224 kB
Mlocked:            5784 kB
SwapTotal:       4718584 kB
SwapFree:        4148984 kB
Dirty:               504 kB
Writeback:             0 kB
AnonPages:       3243152 kB
Mapped:           628328 kB
Shmem:             18780 kB
KReclaimable:     311584 kB
Slab:             318248 kB
SReclaimable:      88560 kB
SUnreclaim:       229688 kB
KernelStack:       50336 kB
ShadowCallStack:   12600 kB
PageTables:        77316 kB
NFS_Unstable:          0 kB
Bounce:                0 kB
WritebackTmp:          0 kB
CommitLimit:     8677876 kB
Committed_AS:   73865588 kB
VmallocTotal:   263061440 kB
VmallocUsed:      133772 kB
VmallocChunk:          0 kB
Percpu:             2448 kB
CmaTotal:         405504 kB
CmaFree:               0 kB
MemTotal:        7918588 kB
MemFree:          848840 kB
MemAvailable:    2018096 kB
Buffers:            5572 kB
Cached:          1265988 kB
SwapCached:         9688 kB
Active:          3510244 kB
Inactive:        1022352 kB
Active(anon):    2825408 kB
Inactive(anon):   459060 kB
Active(file):     684836 kB
Inactive(file):   563292 kB
Unevictable:        6224 kB
Mlocked:            5784 kB
SwapTotal:       4718584 kB
SwapFree:        4148984 kB
Dirty:               520 kB
Writeback:             0 kB
AnonPages:       3263124 kB
Mapped:           628448 kB
Shmem:             18780 kB
KReclaimable:     311352 kB
Slab:             318328 kB
SReclaimable:      88560 kB
SUnreclaim:       229768 kB
KernelStack:       50368 kB
ShadowCallStack:   12620 kB
PageTables:        77356 kB
NFS_Unstable:          0 kB
Bounce:                0 kB
WritebackTmp:          0 kB
CommitLimit:     8677876 kB
Committed_AS:   73901316 kB
VmallocTotal:   263061440 kB
VmallocUsed:      133780 kB
VmallocChunk:          0 kB
Percpu:             2448 kB
CmaTotal:         405504 kB
CmaFree:               0 kB
MemTotal:        7918588 kB
MemFree:          841476 kB
MemAvailable:    2010604 kB
Buffers:            5572 kB
Cached:          1265988 kB
SwapCached:         9688 kB
Active:          3518152 kB
Inactive:        1022356 kB
Active(anon):    2833316 kB
Inactive(anon):   459064 kB
Active(file):     684836 kB
Inactive(file):   563292 kB
Unevictable:        6224 kB
Mlocked:            5784 kB
SwapTotal:       4718584 kB
SwapFree:        4148984 kB
Dirty:               520 kB
Writeback:             0 kB
AnonPages:       3270908 kB
Mapped:           628488 kB
Shmem:             18780 kB
KReclaimable:     311224 kB
Slab:             318328 kB
SReclaimable:      88560 kB
SUnreclaim:       229768 kB
KernelStack:       50304 kB
ShadowCallStack:   12640 kB
PageTables:        77424 kB
NFS_Unstable:          0 kB
Bounce:                0 kB
WritebackTmp:          0 kB
CommitLimit:     8677876 kB
Committed_AS:   73933988 kB
VmallocTotal:   263061440 kB
VmallocUsed:      133752 kB
VmallocChunk:          0 kB
Percpu:             2448 kB
CmaTotal:         405504 kB
CmaFree:               4 kB
MemTotal:        7918588 kB
MemFree:          783492 kB
MemAvailable:    1951784 kB
Buffers:            5572 kB
Cached:          1265996 kB
SwapCached:         9688 kB
Active:          3575372 kB
Inactive:        1022360 kB
Active(anon):    2890536 kB
Inactive(anon):   459064 kB
Active(file):     684836 kB
Inactive(file):   563296 kB
Unevictable:        6224 kB
Mlocked:            5784 kB
SwapTotal:       4718584 kB
SwapFree:        4148984 kB
Dirty:               520 kB
Writeback:             0 kB
AnonPages:       3328184 kB
Mapped:           629128 kB
Shmem:             18784 kB
KReclaimable:     310384 kB
Slab:             318360 kB
SReclaimable:      88560 kB
SUnreclaim:       229800 kB
KernelStack:       50320 kB
ShadowCallStack:   12604 kB
PageTables:        77720 kB
NFS_Unstable:          0 kB
Bounce:                0 kB
WritebackTmp:          0 kB
CommitLimit:     8677876 kB
Committed_AS:   74065012 kB
VmallocTotal:   263061440 kB
VmallocUsed:      133732 kB
VmallocChunk:          0 kB
Percpu:             2448 kB
CmaTotal:         405504 kB
CmaFree:               0 kB
MemTotal:        7918588 kB
MemFree:          777312 kB
MemAvailable:    1945476 kB
Buffers:            5596 kB
Cached:          1265956 kB
SwapCached:         9688 kB
Active:          3580200 kB
Inactive:        1022320 kB
Active(anon):    2895364 kB
Inactive(anon):   459040 kB
Active(file):     684836 kB
Inactive(file):   563280 kB
Unevictable:        6224 kB
Mlocked:            5784 kB
SwapTotal:       4718584 kB
SwapFree:        4148984 kB
Dirty:                92 kB
Writeback:             0 kB
AnonPages:       3332972 kB
Mapped:           629088 kB
Shmem:             18784 kB
KReclaimable:     310272 kB
Slab:             318456 kB
SReclaimable:      88560 kB
SUnreclaim:       229896 kB
KernelStack:       50224 kB
ShadowCallStack:   12608 kB
PageTables:        77676 kB
NFS_Unstable:          0 kB
Bounce:                0 kB
WritebackTmp:          0 kB
CommitLimit:     8677876 kB
Committed_AS:   74064752 kB
VmallocTotal:   263061440 kB
VmallocUsed:      133652 kB
VmallocChunk:          0 kB
Percpu:             2448 kB
CmaTotal:         405504 kB
CmaFree:               4 kB
MemTotal:        7918588 kB
MemFree:          740352 kB
MemAvailable:    1907984 kB
Buffers:            5604 kB
Cached:          1265992 kB
SwapCached:         9688 kB
Active:          3617700 kB
Inactive:        1022372 kB
Active(anon):    2932864 kB
Inactive(anon):   459048 kB
Active(file):     684836 kB
Inactive(file):   563324 kB
Unevictable:        6224 kB
Mlocked:            5784 kB
SwapTotal:       4718584 kB
SwapFree:        4148984 kB
Dirty:                96 kB
Writeback:             0 kB
AnonPages:       3370488 kB
Mapped:           629380 kB
Shmem:             18784 kB
KReclaimable:     309696 kB
Slab:             318460 kB
SReclaimable:      88544 kB
SUnreclaim:       229916 kB
KernelStack:       50208 kB
ShadowCallStack:   12576 kB
PageTables:        77936 kB
NFS_Unstable:          0 kB
Bounce:                0 kB
WritebackTmp:          0 kB
CommitLimit:     8677876 kB
Committed_AS:   74162956 kB
VmallocTotal:   263061440 kB
VmallocUsed:      133592 kB
VmallocChunk:          0 kB
Percpu:             2448 kB
CmaTotal:         405504 kB
CmaFree:               0 kB
MemTotal:        7918588 kB
MemFree:          706012 kB
MemAvailable:    1873116 kB
Buffers:            5604 kB
Cached:          1266008 kB
SwapCached:         9688 kB
Active:          3650796 kB
Inactive:        1022388 kB
Active(anon):    2965960 kB
Inactive(anon):   459048 kB
Active(file):     684836 kB
Inactive(file):   563340 kB
Unevictable:        6224 kB
Mlocked:            5784 kB
SwapTotal:       4718584 kB
SwapFree:        4148984 kB
Dirty:               164 kB
Writeback:             0 kB
AnonPages:       3403532 kB
Mapped:           629816 kB
Shmem:             18784 kB
KReclaimable:     309152 kB
Slab:             318580 kB
SReclaimable:      88544 kB
SUnreclaim:       230036 kB
KernelStack:       50160 kB
ShadowCallStack:   12564 kB
PageTables:        78004 kB
NFS_Unstable:          0 kB
Bounce:                0 kB
WritebackTmp:          0 kB
CommitLimit:     8677876 kB
Committed_AS:   74212000 kB
VmallocTotal:   263061440 kB
VmallocUsed:      133548 kB
VmallocChunk:          0 kB
Percpu:             2448 kB
CmaTotal:         405504 kB
CmaFree:               0 kB
MemTotal:        7918588 kB
MemFree:          704672 kB
MemAvailable:    1871696 kB
Buffers:            5604 kB
Cached:          1266008 kB
SwapCached:         9688 kB
Active:          3653144 kB
Inactive:        1022380 kB
Active(anon):    2968308 kB
Inactive(anon):   459040 kB
Active(file):     684836 kB
Inactive(file):   563340 kB
Unevictable:        6224 kB
Mlocked:            5784 kB
SwapTotal:       4718584 kB
SwapFree:        4148984 kB
Dirty:               164 kB
Writeback:             0 kB
AnonPages:       3405752 kB
Mapped:           630012 kB
Shmem:             18784 kB
KReclaimable:     309072 kB
Slab:             318536 kB
SReclaimable:      88544 kB
SUnreclaim:       229992 kB
KernelStack:       50128 kB
ShadowCallStack:   12560 kB
PageTables:        78020 kB
NFS_Unstable:          0 kB
Bounce:                0 kB
WritebackTmp:          0 kB
CommitLimit:     8677876 kB
Committed_AS:   74211896 kB
VmallocTotal:   263061440 kB
VmallocUsed:      133484 kB
VmallocChunk:          0 kB
Percpu:             2448 kB
CmaTotal:         405504 kB
CmaFree:               0 kB
MemTotal:        7918588 kB
MemFree:          653224 kB
MemAvailable:    1819376 kB
Buffers:            5604 kB
Cached:          1266008 kB
SwapCached:         9688 kB
Active:          3703692 kB
Inactive:        1022388 kB
Active(anon):    3018856 kB
Inactive(anon):   459048 kB
Active(file):     684836 kB
Inactive(file):   563340 kB
Unevictable:        6224 kB
Mlocked:            5784 kB
SwapTotal:       4718584 kB
SwapFree:        4148984 kB
Dirty:               164 kB
Writeback:             0 kB
AnonPages:       3456552 kB
Mapped:           630424 kB
Shmem:             18784 kB
KReclaimable:     308200 kB
Slab:             318548 kB
SReclaimable:      88544 kB
SUnreclaim:       230004 kB
KernelStack:       50112 kB
ShadowCallStack:   12576 kB
PageTables:        78088 kB
NFS_Unstable:          0 kB
Bounce:                0 kB
WritebackTmp:          0 kB
CommitLimit:     8677876 kB
Committed_AS:   74359248 kB
VmallocTotal:   263061440 kB
VmallocUsed:      133476 kB
VmallocChunk:          0 kB
Percpu:             2448 kB
CmaTotal:         405504 kB
CmaFree:              20 kB
MemTotal:        7918588 kB
MemFree:          634928 kB
MemAvailable:    1800856 kB
Buffers:            5612 kB
Cached:          1266012 kB
SwapCached:         9688 kB
Active:          3721756 kB
Inactive:        1022380 kB
Active(anon):    3036920 kB
Inactive(anon):   459032 kB
Active(file):     684836 kB
Inactive(file):   563348 kB
Unevictable:        6224 kB
Mlocked:            5784 kB
SwapTotal:       4718584 kB
SwapFree:        4149240 kB
Dirty:               224 kB
Writeback:             0 kB
AnonPages:       3474404 kB
Mapped:           630572 kB
Shmem:             18788 kB
KReclaimable:     307968 kB
Slab:             318392 kB
SReclaimable:      88528 kB
SUnreclaim:       229864 kB
KernelStack:       50000 kB
ShadowCallStack:   12556 kB
PageTables:        78312 kB
NFS_Unstable:          0 kB
Bounce:                0 kB
WritebackTmp:          0 kB
CommitLimit:     8677876 kB
Committed_AS:   74391760 kB
VmallocTotal:   263061440 kB
VmallocUsed:      133368 kB
VmallocChunk:          0 kB
Percpu:             2448 kB
CmaTotal:         405504 kB
CmaFree:               4 kB
MemTotal:        7918588 kB
MemFree:          621156 kB
MemAvailable:    1786848 kB
Buffers:            5612 kB
Cached:          1266024 kB
SwapCached:         9688 kB
Active:          3735588 kB
Inactive:        1022408 kB
Active(anon):    3050752 kB
Inactive(anon):   459048 kB
Active(file):     684836 kB
Inactive(file):   563360 kB
Unevictable:        6224 kB
Mlocked:            5784 kB
SwapTotal:       4718584 kB
SwapFree:        4149240 kB
Dirty:                44 kB
Writeback:             0 kB
AnonPages:       3488468 kB
Mapped:           630800 kB
Shmem:             18788 kB
KReclaimable:     307720 kB
Slab:             318428 kB
SReclaimable:      88528 kB
SUnreclaim:       229900 kB
KernelStack:       50032 kB
ShadowCallStack:   12532 kB
PageTables:        78404 kB
NFS_Unstable:          0 kB
Bounce:                0 kB
WritebackTmp:          0 kB
CommitLimit:     8677876 kB
Committed_AS:   74424528 kB
VmallocTotal:   263061440 kB
VmallocUsed:      133372 kB
VmallocChunk:          0 kB
Percpu:             2448 kB
CmaTotal:         405504 kB
CmaFree:               0 kB
MemTotal:        7918588 kB
MemFree:          575148 kB
MemAvailable:    1740608 kB
Buffers:            5612 kB
Cached:          1266568 kB
SwapCached:         9688 kB
Active:          3783164 kB
Inactive:        1022408 kB
Active(anon):    3097784 kB
Inactive(anon):   459048 kB
Active(file):     685380 kB
Inactive(file):   563360 kB
Unevictable:        6224 kB
Mlocked:            5784 kB
SwapTotal:       4718584 kB
SwapFree:        4149240 kB
Dirty:                44 kB
Writeback:             0 kB
AnonPages:       3535376 kB
Mapped:           631256 kB
Shmem:             18788 kB
KReclaimable:     306944 kB
Slab:             318456 kB
SReclaimable:      88528 kB
SUnreclaim:       229928 kB
KernelStack:       50016 kB
ShadowCallStack:   12528 kB
PageTables:        78652 kB
NFS_Unstable:          0 kB
Bounce:                0 kB
WritebackTmp:          0 kB
CommitLimit:     8677876 kB
Committed_AS:   74539216 kB
VmallocTotal:   263061440 kB
VmallocUsed:      133376 kB
VmallocChunk:          0 kB
Percpu:             2448 kB
CmaTotal:         405504 kB
CmaFree:               0 kB
MemTotal:        7918588 kB
MemFree:          572560 kB
MemAvailable:    1737908 kB
Buffers:            5612 kB
Cached:          1266568 kB
SwapCached:         9688 kB
Active:          3784824 kB
Inactive:        1022408 kB
Active(anon):    3099444 kB
Inactive(anon):   459048 kB
Active(file):     685380 kB
Inactive(file):   563360 kB
Unevictable:        6224 kB
Mlocked:            5784 kB
SwapTotal:       4718584 kB
SwapFree:        4149240 kB
Dirty:                72 kB
Writeback:             0 kB
AnonPages:       3537056 kB
Mapped:           631592 kB
Shmem:             18788 kB
KReclaimable:     306832 kB
Slab:             318504 kB
SReclaimable:      88528 kB
SUnreclaim:       229976 kB
KernelStack:       50032 kB
ShadowCallStack:   12532 kB
PageTables:        78656 kB
NFS_Unstable:          0 kB
Bounce:                0 kB
WritebackTmp:          0 kB
CommitLimit:     8677876 kB
Committed_AS:   74539216 kB
VmallocTotal:   263061440 kB
VmallocUsed:      133372 kB
VmallocChunk:          0 kB
Percpu:             2448 kB
CmaTotal:         405504 kB
CmaFree:               0 kB
MemTotal:        7918588 kB
MemFree:          538504 kB
MemAvailable:    1703388 kB
Buffers:            5612 kB
Cached:          1266568 kB
SwapCached:         9688 kB
Active:          3819732 kB
Inactive:        1022420 kB
Active(anon):    3134352 kB
Inactive(anon):   459060 kB
Active(file):     685380 kB
Inactive(file):   563360 kB
Unevictable:        6224 kB
Mlocked:            5784 kB
SwapTotal:       4718584 kB
SwapFree:        4149240 kB
Dirty:                72 kB
Writeback:             0 kB
AnonPages:       3571976 kB
Mapped:           631920 kB
Shmem:             18788 kB
KReclaimable:     306368 kB
Slab:             318528 kB
SReclaimable:      88528 kB
SUnreclaim:       230000 kB
KernelStack:       50016 kB
ShadowCallStack:   12524 kB
PageTables:        78820 kB
NFS_Unstable:          0 kB
Bounce:                0 kB
WritebackTmp:          0 kB
CommitLimit:     8677876 kB
Committed_AS:   74621136 kB
VmallocTotal:   263061440 kB
VmallocUsed:      133392 kB
VmallocChunk:          0 kB
Percpu:             2448 kB
CmaTotal:         405504 kB
CmaFree:               0 kB
MemTotal:        7918588 kB
MemFree:          501148 kB
MemAvailable:    1665416 kB
Buffers:            5644 kB
Cached:          1266572 kB
SwapCached:         9688 kB
Active:          3856128 kB
Inactive:        1022436 kB
Active(anon):    3170748 kB
Inactive(anon):   459044 kB
Active(file):     685380 kB
Inactive(file):   563392 kB
Unevictable:        6224 kB
Mlocked:            5784 kB
SwapTotal:       4718584 kB
SwapFree:        4149240 kB
Dirty:               116 kB
Writeback:             0 kB
AnonPages:       3608308 kB
Mapped:           632132 kB
Shmem:             18792 kB
KReclaimable:     305720 kB
Slab:             318532 kB
SReclaimable:      88528 kB
SUnreclaim:       230004 kB
KernelStack:       50000 kB
ShadowCallStack:   12524 kB
PageTables:        78928 kB
NFS_Unstable:          0 kB
Bounce:                0 kB
WritebackTmp:          0 kB
CommitLimit:     8677876 kB
Committed_AS:   74702956 kB
VmallocTotal:   263061440 kB
VmallocUsed:      133336 kB
VmallocChunk:          0 kB
Percpu:             2448 kB
CmaTotal:         405504 kB
CmaFree:               0 kB
MemTotal:        7918588 kB
MemFree:          500356 kB
MemAvailable:    1664496 kB
Buffers:            5644 kB
Cached:          1266572 kB
SwapCached:         9688 kB
Active:          3857748 kB
Inactive:        1022436 kB
Active(anon):    3172368 kB
Inactive(anon):   459044 kB
Active(file):     685380 kB
Inactive(file):   563392 kB
Unevictable:        6224 kB
Mlocked:            5784 kB
SwapTotal:       4718584 kB
SwapFree:        4149240 kB
Dirty:                24 kB
Writeback:             0 kB
AnonPages:       3609760 kB
Mapped:           632352 kB
Shmem:             18792 kB
KReclaimable:     305592 kB
Slab:             318520 kB
SReclaimable:      88528 kB
SUnreclaim:       229992 kB
KernelStack:       49968 kB
ShadowCallStack:   12552 kB
PageTables:        78988 kB
NFS_Unstable:          0 kB
Bounce:                0 kB
WritebackTmp:          0 kB
CommitLimit:     8677876 kB
Committed_AS:   74702956 kB
VmallocTotal:   263061440 kB
VmallocUsed:      133336 kB
VmallocChunk:          0 kB
Percpu:             2448 kB
CmaTotal:         405504 kB
CmaFree:               0 kB
MemTotal:        7918588 kB
MemFree:          448408 kB
MemAvailable:    1611892 kB
Buffers:            5644 kB
Cached:          1266584 kB
SwapCached:         9688 kB
Active:          3908020 kB
Inactive:        1022444 kB
Active(anon):    3222640 kB
Inactive(anon):   459044 kB
Active(file):     685380 kB
Inactive(file):   563400 kB
Unevictable:        6224 kB
Mlocked:            5784 kB
SwapTotal:       4718584 kB
SwapFree:        4149240 kB
Dirty:                32 kB
Writeback:             0 kB
AnonPages:       3660436 kB
Mapped:           632756 kB
Shmem:             18796 kB
KReclaimable:     304928 kB
Slab:             318548 kB
SReclaimable:      88528 kB
SUnreclaim:       230020 kB
KernelStack:       49968 kB
ShadowCallStack:   12504 kB
PageTables:        79136 kB
NFS_Unstable:          0 kB
Bounce:                0 kB
WritebackTmp:          0 kB
CommitLimit:     8677876 kB
Committed_AS:   74834036 kB
VmallocTotal:   263061440 kB
VmallocUsed:      133336 kB
VmallocChunk:          0 kB
Percpu:             2448 kB
CmaTotal:         405504 kB
CmaFree:               0 kB
MemTotal:        7918588 kB
MemFree:          430712 kB
MemAvailable:    1593892 kB
Buffers:            5644 kB
Cached:          1266584 kB
SwapCached:         9688 kB
Active:          3926380 kB
Inactive:        1022444 kB
Active(anon):    3241000 kB
Inactive(anon):   459044 kB
Active(file):     685380 kB
Inactive(file):   563400 kB
Unevictable:        6224 kB
Mlocked:            5784 kB
SwapTotal:       4718584 kB
SwapFree:        4149240 kB
Dirty:                44 kB
Writeback:             0 kB
AnonPages:       3678608 kB
Mapped:           632936 kB
Shmem:             18796 kB
KReclaimable:     304624 kB
Slab:             318600 kB
SReclaimable:      88528 kB
SUnreclaim:       230072 kB
KernelStack:       50032 kB
ShadowCallStack:   12532 kB
PageTables:        79248 kB
NFS_Unstable:          0 kB
Bounce:                0 kB
WritebackTmp:          0 kB
CommitLimit:     8677876 kB
Committed_AS:   74866804 kB
VmallocTotal:   263061440 kB
VmallocUsed:      133312 kB
VmallocChunk:          0 kB
Percpu:             2448 kB
CmaTotal:         405504 kB
CmaFree:               0 kB
MemTotal:        7918588 kB
MemFree:          377720 kB
MemAvailable:    1540140 kB
Buffers:            5644 kB
Cached:          1266584 kB
SwapCached:         9688 kB
Active:          3978592 kB
Inactive:        1022444 kB
Active(anon):    3293212 kB
Inactive(anon):   459044 kB
Active(file):     685380 kB
Inactive(file):   563400 kB
Unevictable:        6224 kB
Mlocked:            5784 kB
SwapTotal:       4718584 kB
SwapFree:        4149240 kB
Dirty:                44 kB
Writeback:             0 kB
AnonPages:       3730712 kB
Mapped:           633408 kB
Shmem:             18796 kB
KReclaimable:     303864 kB
Slab:             318668 kB
SReclaimable:      88544 kB
SUnreclaim:       230124 kB
KernelStack:       50000 kB
ShadowCallStack:   12524 kB
PageTables:        79524 kB
NFS_Unstable:          0 kB
Bounce:                0 kB
WritebackTmp:          0 kB
CommitLimit:     8677876 kB
Committed_AS:   74997872 kB
VmallocTotal:   263061440 kB
VmallocUsed:      133328 kB
VmallocChunk:          0 kB
Percpu:             2448 kB
CmaTotal:         405504 kB
CmaFree:               0 kB
MemTotal:        7918588 kB
MemFree:          359120 kB
MemAvailable:    1521252 kB
Buffers:            5660 kB
Cached:          1266592 kB
SwapCached:         9688 kB
Active:          3997224 kB
Inactive:        1022472 kB
Active(anon):    3311844 kB
Inactive(anon):   459048 kB
Active(file):     685380 kB
Inactive(file):   563424 kB
Unevictable:        6224 kB
Mlocked:            5784 kB
SwapTotal:       4718584 kB
SwapFree:        4149240 kB
Dirty:               180 kB
Writeback:             0 kB
AnonPages:       3749388 kB
Mapped:           633424 kB
Shmem:             18796 kB
KReclaimable:     303552 kB
Slab:             318724 kB
SReclaimable:      88544 kB
SUnreclaim:       230180 kB
KernelStack:       50000 kB
ShadowCallStack:   12524 kB
PageTables:        79592 kB
NFS_Unstable:          0 kB
Bounce:                0 kB
WritebackTmp:          0 kB
CommitLimit:     8677876 kB
Committed_AS:   75030640 kB
VmallocTotal:   263061440 kB
VmallocUsed:      133336 kB
VmallocChunk:          0 kB
Percpu:             2448 kB
CmaTotal:         405504 kB
CmaFree:               0 kB
MemTotal:        7918588 kB
MemFree:          317508 kB
MemAvailable:    1479048 kB
Buffers:            5660 kB
Cached:          1266592 kB
SwapCached:         9688 kB
Active:          4038536 kB
Inactive:        1022476 kB
Active(anon):    3353156 kB
Inactive(anon):   459052 kB
Active(file):     685380 kB
Inactive(file):   563424 kB
Unevictable:        6224 kB
Mlocked:            5784 kB
SwapTotal:       4718584 kB
SwapFree:        4149240 kB
Dirty:                92 kB
Writeback:             0 kB
AnonPages:       3790660 kB
Mapped:           633928 kB
Shmem:             18796 kB
KReclaimable:     302960 kB
Slab:             318760 kB
SReclaimable:      88544 kB
SUnreclaim:       230216 kB
KernelStack:       50000 kB
ShadowCallStack:   12512 kB
PageTables:        79768 kB
NFS_Unstable:          0 kB
Bounce:                0 kB
WritebackTmp:          0 kB
CommitLimit:     8677876 kB
Committed_AS:   75128948 kB
VmallocTotal:   263061440 kB
VmallocUsed:      133328 kB
VmallocChunk:          0 kB
Percpu:             2448 kB
CmaTotal:         405504 kB
CmaFree:               0 kB
MemTotal:        7918588 kB
MemFree:          285220 kB
MemAvailable:    1446176 kB
Buffers:            5660 kB
Cached:          1266592 kB
SwapCached:         9688 kB
Active:          4070228 kB
Inactive:        1022472 kB
Active(anon):    3384848 kB
Inactive(anon):   459048 kB
Active(file):     685380 kB
Inactive(file):   563424 kB
Unevictable:        6224 kB
Mlocked:            5784 kB
SwapTotal:       4718584 kB
SwapFree:        4149240 kB
Dirty:               120 kB
Writeback:             0 kB
AnonPages:       3822392 kB
Mapped:           634168 kB
Shmem:             18796 kB
KReclaimable:     302376 kB
Slab:             318680 kB
SReclaimable:      88544 kB
SUnreclaim:       230136 kB
KernelStack:       50000 kB
ShadowCallStack:   12532 kB
PageTables:        79864 kB
NFS_Unstable:          0 kB
Bounce:                0 kB
WritebackTmp:          0 kB
CommitLimit:     8677876 kB
Committed_AS:   75161756 kB
VmallocTotal:   263061440 kB
VmallocUsed:      133356 kB
VmallocChunk:          0 kB
Percpu:             2448 kB
CmaTotal:         405504 kB
CmaFree:               0 kB
MemTotal:        7918588 kB
MemFree:          283812 kB
MemAvailable:    1444512 kB
Buffers:            5660 kB
Cached:          1266592 kB
SwapCached:         9688 kB
Active:          4072628 kB
Inactive:        1022472 kB
Active(anon):    3387248 kB
Inactive(anon):   459048 kB
Active(file):     685380 kB
Inactive(file):   563424 kB
Unevictable:        6224 kB
Mlocked:            5784 kB
SwapTotal:       4718584 kB
SwapFree:        4149240 kB
Dirty:               120 kB
Writeback:             0 kB
AnonPages:       3824808 kB
Mapped:           634480 kB
Shmem:             18796 kB
KReclaimable:     302120 kB
Slab:             318776 kB
SReclaimable:      88544 kB
SUnreclaim:       230232 kB
KernelStack:       49968 kB
ShadowCallStack:   12536 kB
PageTables:        79688 kB
NFS_Unstable:          0 kB
Bounce:                0 kB
WritebackTmp:          0 kB
CommitLimit:     8677876 kB
Committed_AS:   75161716 kB
VmallocTotal:   263061440 kB
VmallocUsed:      133336 kB
VmallocChunk:          0 kB
Percpu:             2448 kB
CmaTotal:         405504 kB
CmaFree:               0 kB
MemTotal:        7918588 kB
MemFree:          231880 kB
MemAvailable:    1392020 kB
Buffers:            5684 kB
Cached:          1266592 kB
SwapCached:         9688 kB
Active:          4123596 kB
Inactive:        1022496 kB
Active(anon):    3438216 kB
Inactive(anon):   459048 kB
Active(file):     685380 kB
Inactive(file):   563448 kB
Unevictable:        6224 kB
Mlocked:            5784 kB
SwapTotal:       4718584 kB
SwapFree:        4149240 kB
Dirty:               168 kB
Writeback:             0 kB
AnonPages:       3875708 kB
Mapped:           634740 kB
Shmem:             18796 kB
KReclaimable:     301536 kB
Slab:             318940 kB
SReclaimable:      88544 kB
SUnreclaim:       230396 kB
KernelStack:       49984 kB
ShadowCallStack:   12520 kB
PageTables:        80096 kB
NFS_Unstable:          0 kB
Bounce:                0 kB
WritebackTmp:          0 kB
CommitLimit:     8677876 kB
Committed_AS:   75309168 kB
VmallocTotal:   263061440 kB
VmallocUsed:      133332 kB
VmallocChunk:          0 kB
Percpu:             2448 kB
CmaTotal:         405504 kB
CmaFree:               0 kB
MemTotal:        7918588 kB
MemFree:          214660 kB
MemAvailable:    1374620 kB
Buffers:            5684 kB
Cached:          1266596 kB
SwapCached:         9688 kB
Active:          4141004 kB
Inactive:        1022500 kB
Active(anon):    3455624 kB
Inactive(anon):   459048 kB
Active(file):     685380 kB
Inactive(file):   563452 kB
Unevictable:        6224 kB
Mlocked:            5784 kB
SwapTotal:       4718584 kB
SwapFree:        4149240 kB
Dirty:               172 kB
Writeback:             0 kB
AnonPages:       3893156 kB
Mapped:           634612 kB
Shmem:             18796 kB
KReclaimable:     301352 kB
Slab:             318888 kB
SReclaimable:      88544 kB
SUnreclaim:       230344 kB
KernelStack:       50032 kB
ShadowCallStack:   12512 kB
PageTables:        80032 kB
NFS_Unstable:          0 kB
Bounce:                0 kB
WritebackTmp:          0 kB
CommitLimit:     8677876 kB
Committed_AS:   75325552 kB
VmallocTotal:   263061440 kB
VmallocUsed:      133304 kB
VmallocChunk:          0 kB
Percpu:             2448 kB
CmaTotal:         405504 kB
CmaFree:               4 kB
MemTotal:        7918588 kB
MemFree:          199508 kB
MemAvailable:    1359136 kB
Buffers:            5684 kB
Cached:          1266600 kB
SwapCached:         9688 kB
Active:          4156212 kB
Inactive:        1022500 kB
Active(anon):    3470832 kB
Inactive(anon):   459044 kB
Active(file):     685380 kB
Inactive(file):   563456 kB
Unevictable:        6224 kB
Mlocked:            5784 kB
SwapTotal:       4718584 kB
SwapFree:        4149240 kB
Dirty:               196 kB
Writeback:             0 kB
AnonPages:       3908452 kB
Mapped:           635208 kB
Shmem:             18796 kB
KReclaimable:     301016 kB
Slab:             318924 kB
SReclaimable:      88544 kB
SUnreclaim:       230380 kB
KernelStack:       49984 kB
ShadowCallStack:   12528 kB
PageTables:        80312 kB
NFS_Unstable:          0 kB
Bounce:                0 kB
WritebackTmp:          0 kB
CommitLimit:     8677876 kB
Committed_AS:   75391088 kB
VmallocTotal:   263061440 kB
VmallocUsed:      133304 kB
VmallocChunk:          0 kB
Percpu:             2448 kB
CmaTotal:         405504 kB
CmaFree:               0 kB
MemTotal:        7918588 kB
MemFree:          168764 kB
MemAvailable:    1324112 kB
Buffers:            5684 kB
Cached:          1266248 kB
SwapCached:         9688 kB
Active:          4223456 kB
Inactive:         983336 kB
Active(anon):    3538076 kB
Inactive(anon):   419880 kB
Active(file):     685380 kB
Inactive(file):   563456 kB
Unevictable:        6224 kB
Mlocked:            5784 kB
SwapTotal:       4718584 kB
SwapFree:        4122360 kB
Dirty:               200 kB
Writeback:             0 kB
AnonPages:       3936792 kB
Mapped:           635128 kB
Shmem:             18444 kB
KReclaimable:     296736 kB
Slab:             318104 kB
SReclaimable:      87680 kB
SUnreclaim:       230424 kB
KernelStack:       49984 kB
ShadowCallStack:   12536 kB
PageTables:        80436 kB
NFS_Unstable:          0 kB
Bounce:                0 kB
WritebackTmp:          0 kB
CommitLimit:     8677876 kB
Committed_AS:   75489392 kB
VmallocTotal:   263061440 kB
VmallocUsed:      133300 kB
VmallocChunk:          0 kB
Percpu:             2448 kB
CmaTotal:         405504 kB
CmaFree:              64 kB
MemTotal:        7918588 kB
MemFree:          168760 kB
MemAvailable:    1324108 kB
Buffers:            5684 kB
Cached:          1266248 kB
SwapCached:         9688 kB
Active:          4223200 kB
Inactive:         983336 kB
Active(anon):    3537820 kB
Inactive(anon):   419880 kB
Active(file):     685380 kB
Inactive(file):   563456 kB
Unevictable:        6224 kB
Mlocked:            5784 kB
SwapTotal:       4718584 kB
SwapFree:        4122360 kB
Dirty:                96 kB
Writeback:             0 kB
AnonPages:       3936464 kB
Mapped:           635208 kB
Shmem:             18444 kB
KReclaimable:     296736 kB
Slab:             318232 kB
SReclaimable:      87680 kB
SUnreclaim:       230552 kB
KernelStack:       50000 kB
ShadowCallStack:   12508 kB
PageTables:        80512 kB
NFS_Unstable:          0 kB
Bounce:                0 kB
WritebackTmp:          0 kB
CommitLimit:     8677876 kB
Committed_AS:   75489392 kB
VmallocTotal:   263061440 kB
VmallocUsed:      133300 kB
VmallocChunk:          0 kB
Percpu:             2448 kB
CmaTotal:         405504 kB
CmaFree:               0 kB
MemTotal:        7918588 kB
MemFree:          163888 kB
MemAvailable:    1316764 kB
Buffers:            5684 kB
Cached:          1266188 kB
SwapCached:         9692 kB
Active:          4262188 kB
Inactive:         948268 kB
Active(anon):    3576808 kB
Inactive(anon):   384820 kB
Active(file):     685380 kB
Inactive(file):   563448 kB
Unevictable:        6224 kB
Mlocked:            5784 kB
SwapTotal:       4718584 kB
SwapFree:        4089080 kB
Dirty:               100 kB
Writeback:             0 kB
AnonPages:       3940640 kB
Mapped:           635532 kB
Shmem:             18396 kB
KReclaimable:     294272 kB
Slab:             318236 kB
SReclaimable:      87760 kB
SUnreclaim:       230476 kB
KernelStack:       49984 kB
ShadowCallStack:   12528 kB
PageTables:        80960 kB
NFS_Unstable:          0 kB
Bounce:                0 kB
WritebackTmp:          0 kB
CommitLimit:     8677876 kB
Committed_AS:   75587696 kB
VmallocTotal:   263061440 kB
VmallocUsed:      133332 kB
VmallocChunk:          0 kB
Percpu:             2448 kB
CmaTotal:         405504 kB
CmaFree:               8 kB
MemTotal:        7918588 kB
MemFree:          171148 kB
MemAvailable:    1320608 kB
Buffers:            5692 kB
Cached:          1266140 kB
SwapCached:         9688 kB
Active:          4298360 kB
Inactive:         905488 kB
Active(anon):    3612980 kB
Inactive(anon):   342016 kB
Active(file):     685380 kB
Inactive(file):   563472 kB
Unevictable:        6224 kB
Mlocked:            5784 kB
SwapTotal:       4718584 kB
SwapFree:        4048632 kB
Dirty:               192 kB
Writeback:             0 kB
AnonPages:       3933860 kB
Mapped:           635588 kB
Shmem:             18332 kB
KReclaimable:     290832 kB
Slab:             318496 kB
SReclaimable:      87856 kB
SUnreclaim:       230640 kB
KernelStack:       49968 kB
ShadowCallStack:   12536 kB
PageTables:        80896 kB
NFS_Unstable:          0 kB
Bounce:                0 kB
WritebackTmp:          0 kB
CommitLimit:     8677876 kB
Committed_AS:   75669620 kB
VmallocTotal:   263061440 kB
VmallocUsed:      133328 kB
VmallocChunk:          0 kB
Percpu:             2448 kB
CmaTotal:         405504 kB
CmaFree:              64 kB
MemTotal:        7918588 kB
MemFree:          170416 kB
MemAvailable:    1319564 kB
Buffers:            5692 kB
Cached:          1266144 kB
SwapCached:         9688 kB
Active:          4300620 kB
Inactive:         905404 kB
Active(anon):    3615240 kB
Inactive(anon):   341932 kB
Active(file):     685380 kB
Inactive(file):   563472 kB
Unevictable:        6224 kB
Mlocked:            5784 kB
SwapTotal:       4718584 kB
SwapFree:        4048632 kB
Dirty:               208 kB
Writeback:             0 kB
AnonPages:       3936192 kB
Mapped:           635800 kB
Shmem:             18332 kB
KReclaimable:     290520 kB
Slab:             318480 kB
SReclaimable:      87872 kB
SUnreclaim:       230608 kB
KernelStack:       50000 kB
ShadowCallStack:   12512 kB
PageTables:        80928 kB
NFS_Unstable:          0 kB
Bounce:                0 kB
WritebackTmp:          0 kB
CommitLimit:     8677876 kB
Committed_AS:   75686648 kB
VmallocTotal:   263061440 kB
VmallocUsed:      133320 kB
VmallocChunk:          0 kB
Percpu:             2448 kB
CmaTotal:         405504 kB
CmaFree:               4 kB
MemTotal:        7918588 kB
MemFree:          167860 kB
MemAvailable:    1314008 kB
Buffers:            5692 kB
Cached:          1266124 kB
SwapCached:         9688 kB
Active:          4345272 kB
Inactive:         862192 kB
Active(anon):    3659892 kB
Inactive(anon):   298720 kB
Active(file):     685380 kB
Inactive(file):   563472 kB
Unevictable:        6224 kB
Mlocked:            5784 kB
SwapTotal:       4718584 kB
SwapFree:        4006392 kB
Dirty:               208 kB
Writeback:             0 kB
AnonPages:       3937632 kB
Mapped:           636084 kB
Shmem:             18312 kB
KReclaimable:     287520 kB
Slab:             318760 kB
SReclaimable:      87936 kB
SUnreclaim:       230824 kB
KernelStack:       50000 kB
ShadowCallStack:   12524 kB
PageTables:        81136 kB
NFS_Unstable:          0 kB
Bounce:                0 kB
WritebackTmp:          0 kB
CommitLimit:     8677876 kB
Committed_AS:   75801356 kB
VmallocTotal:   263061440 kB
VmallocUsed:      133336 kB
VmallocChunk:          0 kB
Percpu:             2448 kB
CmaTotal:         405504 kB
CmaFree:               4 kB
MemTotal:        7918588 kB
MemFree:          169032 kB
MemAvailable:    1312332 kB
Buffers:            5692 kB
Cached:          1266080 kB
SwapCached:         9688 kB
Active:          4377480 kB
Inactive:         826476 kB
Active(anon):    3692100 kB
Inactive(anon):   263004 kB
Active(file):     685380 kB
Inactive(file):   563472 kB
Unevictable:        6224 kB
Mlocked:            5784 kB
SwapTotal:       4718584 kB
SwapFree:        3976440 kB
Dirty:                92 kB
Writeback:             0 kB
AnonPages:       3934108 kB
Mapped:           636332 kB
Shmem:             18272 kB
KReclaimable:     284672 kB
Slab:             318944 kB
SReclaimable:      88016 kB
SUnreclaim:       230928 kB
KernelStack:       49984 kB
ShadowCallStack:   12540 kB
PageTables:        81240 kB
NFS_Unstable:          0 kB
Bounce:                0 kB
WritebackTmp:          0 kB
CommitLimit:     8677876 kB
Committed_AS:   75850512 kB
VmallocTotal:   263061440 kB
VmallocUsed:      133332 kB
VmallocChunk:          0 kB
Percpu:             2448 kB
CmaTotal:         405504 kB
CmaFree:               4 kB
MemTotal:        7918588 kB
MemFree:          166536 kB
MemAvailable:    1308584 kB
Buffers:            5716 kB
Cached:          1266060 kB
SwapCached:         9688 kB
Active:          4390936 kB
Inactive:         816604 kB
Active(anon):    3705556 kB
Inactive(anon):   253132 kB
Active(file):     685380 kB
Inactive(file):   563472 kB
Unevictable:        6224 kB
Mlocked:            5784 kB
SwapTotal:       4718584 kB
SwapFree:        3966968 kB
Dirty:               108 kB
Writeback:            20 kB
AnonPages:       3937672 kB
Mapped:           636408 kB
Shmem:             18272 kB
KReclaimable:     283420 kB
Slab:             318960 kB
SReclaimable:      88012 kB
SUnreclaim:       230948 kB
KernelStack:       49984 kB
ShadowCallStack:   12512 kB
PageTables:        81112 kB
NFS_Unstable:          0 kB
Bounce:                0 kB
WritebackTmp:          0 kB
CommitLimit:     8677876 kB
Committed_AS:   75883280 kB
VmallocTotal:   263061440 kB
VmallocUsed:      133308 kB
VmallocChunk:          0 kB
Percpu:             2448 kB
CmaTotal:         405504 kB
CmaFree:               0 kB
MemTotal:        7918588 kB
MemFree:          177984 kB
MemAvailable:    1312788 kB
Buffers:            5724 kB
Cached:          1265664 kB
SwapCached:         9688 kB
Active:          4463948 kB
Inactive:         728516 kB
Active(anon):    3778568 kB
Inactive(anon):   165008 kB
Active(file):     685380 kB
Inactive(file):   563508 kB
Unevictable:        6224 kB
Mlocked:            5784 kB
SwapTotal:       4718584 kB
SwapFree:        3893752 kB
Dirty:               284 kB
Writeback:             0 kB
AnonPages:       3922848 kB
Mapped:           636412 kB
Shmem:             17848 kB
KReclaimable:     276140 kB
Slab:             319336 kB
SReclaimable:      88188 kB
SUnreclaim:       231148 kB
KernelStack:       50000 kB
ShadowCallStack:   12540 kB
PageTables:        81308 kB
NFS_Unstable:          0 kB
Bounce:                0 kB
WritebackTmp:          0 kB
CommitLimit:     8677876 kB
Committed_AS:   76014352 kB
VmallocTotal:   263061440 kB
VmallocUsed:      133288 kB
VmallocChunk:          0 kB
Percpu:             2448 kB
CmaTotal:         405504 kB
CmaFree:           12296 kB
MemTotal:        7918588 kB
MemFree:          186588 kB
MemAvailable:    1320900 kB
Buffers:            5724 kB
Cached:          1265668 kB
SwapCached:         9688 kB
Active:          4465040 kB
Inactive:         719352 kB
Active(anon):    3779660 kB
Inactive(anon):   155840 kB
Active(file):     685380 kB
Inactive(file):   563512 kB
Unevictable:        6224 kB
Mlocked:            5784 kB
SwapTotal:       4718584 kB
SwapFree:        3885816 kB
Dirty:               328 kB
Writeback:             0 kB
AnonPages:       3914916 kB
Mapped:           636452 kB
Shmem:             17848 kB
KReclaimable:     275644 kB
Slab:             319472 kB
SReclaimable:      88204 kB
SUnreclaim:       231268 kB
KernelStack:       49984 kB
ShadowCallStack:   12520 kB
PageTables:        81572 kB
NFS_Unstable:          0 kB
Bounce:                0 kB
WritebackTmp:          0 kB
CommitLimit:     8677876 kB
Committed_AS:   76014352 kB
VmallocTotal:   263061440 kB
VmallocUsed:      133344 kB
VmallocChunk:          0 kB
Percpu:             2448 kB
CmaTotal:         405504 kB
CmaFree:           19792 kB
MemTotal:        7918588 kB
MemFree:          184632 kB
MemAvailable:    1316432 kB
Buffers:            5724 kB
Cached:          1265664 kB
SwapCached:         9692 kB
Active:          4503652 kB
Inactive:         682428 kB
Active(anon):    3818272 kB
Inactive(anon):   118916 kB
Active(file):     685380 kB
Inactive(file):   563512 kB
Unevictable:        6224 kB
Mlocked:            5784 kB
SwapTotal:       4718584 kB
SwapFree:        3850488 kB
Dirty:               328 kB
Writeback:             0 kB
AnonPages:       3916440 kB
