MemTotal:        7918584 kB
MemFree:         3542596 kB
MemAvailable:    4790952 kB
Buffers:            4208 kB
Cached:          1273784 kB
SwapCached:        17480 kB
Active:          1037296 kB
Inactive:         875776 kB
Active(anon):     541560 kB
Inactive(anon):   110860 kB
Active(file):     495736 kB
Inactive(file):   764916 kB
Unevictable:        6544 kB
Mlocked:            6104 kB
SwapTotal:       4718584 kB
SwapFree:        3951392 kB
Dirty:            180504 kB
Writeback:            12 kB
AnonPages:        636920 kB
Mapped:           446060 kB
Shmem:             12536 kB
KReclaimable:     541768 kB
Slab:             317712 kB
SReclaimable:      94244 kB
SUnreclaim:       223468 kB
KernelStack:       45680 kB
ShadowCallStack:   11484 kB
PageTables:        60592 kB
NFS_Unstable:          0 kB
Bounce:                0 kB
WritebackTmp:          0 kB
CommitLimit:     8677876 kB
Committed_AS:   60705120 kB
VmallocTotal:   263061440 kB
VmallocUsed:      127928 kB
VmallocChunk:          0 kB
Percpu:             2520 kB
CmaTotal:         405504 kB
CmaFree:          288024 kB
MemTotal:        7918584 kB
MemFree:         3556676 kB
MemAvailable:    5076652 kB
Buffers:            4244 kB
Cached:          1283684 kB
SwapCached:        17652 kB
Active:          1023904 kB
Inactive:         875760 kB
Active(anon):     519000 kB
Inactive(anon):   110692 kB
Active(file):     504904 kB
Inactive(file):   765068 kB
Unevictable:        6544 kB
Mlocked:            6104 kB
SwapTotal:       4718584 kB
SwapFree:        3952672 kB
Dirty:            180536 kB
Writeback:             0 kB
AnonPages:        613524 kB
Mapped:           483572 kB
Shmem:             12976 kB
KReclaimable:     804068 kB
Slab:             317564 kB
SReclaimable:      94228 kB
SUnreclaim:       223336 kB
KernelStack:       45936 kB
ShadowCallStack:   11492 kB
PageTables:        61048 kB
NFS_Unstable:          0 kB
Bounce:                0 kB
WritebackTmp:          0 kB
CommitLimit:     8677876 kB
Committed_AS:   60770596 kB
VmallocTotal:   263061440 kB
VmallocUsed:      128160 kB
VmallocChunk:          0 kB
Percpu:             2520 kB
CmaTotal:         405504 kB
CmaFree:          288236 kB
MemTotal:        7918584 kB
MemFree:         3539472 kB
MemAvailable:    4925700 kB
Buffers:            4260 kB
Cached:          1284408 kB
SwapCached:        17660 kB
Active:          1038956 kB
Inactive:         875784 kB
Active(anon):     533304 kB
Inactive(anon):   110684 kB
Active(file):     505652 kB
Inactive(file):   765100 kB
Unevictable:        6544 kB
Mlocked:            6104 kB
SwapTotal:       4718584 kB
SwapFree:        3952672 kB
Dirty:            180588 kB
Writeback:             4 kB
AnonPages:        627680 kB
Mapped:           489920 kB
Shmem:             13108 kB
KReclaimable:     669540 kB
Slab:             317960 kB
SReclaimable:      94260 kB
SUnreclaim:       223700 kB
KernelStack:       45856 kB
ShadowCallStack:   11496 kB
PageTables:        61124 kB
NFS_Unstable:          0 kB
Bounce:                0 kB
WritebackTmp:          0 kB
CommitLimit:     8677876 kB
Committed_AS:   60773864 kB
VmallocTotal:   263061440 kB
VmallocUsed:      128104 kB
VmallocChunk:          0 kB
Percpu:             2520 kB
CmaTotal:         405504 kB
CmaFree:          288236 kB
MemTotal:        7918584 kB
MemFree:         3535588 kB
MemAvailable:    4921080 kB
Buffers:            4268 kB
Cached:          1284436 kB
SwapCached:        17660 kB
Active:          1042252 kB
Inactive:         875820 kB
Active(anon):     536600 kB
Inactive(anon):   110688 kB
Active(file):     505652 kB
Inactive(file):   765132 kB
Unevictable:        6544 kB
Mlocked:            6104 kB
SwapTotal:       4718584 kB
SwapFree:        3952672 kB
Dirty:            180652 kB
Writeback:             0 kB
AnonPages:        631088 kB
Mapped:           490424 kB
Shmem:             13112 kB
KReclaimable:     668772 kB
Slab:             318216 kB
SReclaimable:      94260 kB
SUnreclaim:       223956 kB
KernelStack:       45920 kB
ShadowCallStack:   11512 kB
PageTables:        61040 kB
NFS_Unstable:          0 kB
Bounce:                0 kB
WritebackTmp:          0 kB
CommitLimit:     8677876 kB
Committed_AS:   60776944 kB
VmallocTotal:   263061440 kB
VmallocUsed:      128160 kB
VmallocChunk:          0 kB
Percpu:             2520 kB
CmaTotal:         405504 kB
CmaFree:          288236 kB
MemTotal:        7918584 kB
MemFree:         3535652 kB
MemAvailable:    4921104 kB
Buffers:            4268 kB
Cached:          1284520 kB
SwapCached:        17660 kB
Active:          1047592 kB
Inactive:         874088 kB
Active(anon):     541940 kB
Inactive(anon):   108948 kB
Active(file):     505652 kB
Inactive(file):   765140 kB
Unevictable:        6544 kB
Mlocked:            6104 kB
SwapTotal:       4718584 kB
SwapFree:        3953952 kB
Dirty:            180660 kB
Writeback:             0 kB
AnonPages:        634620 kB
Mapped:           491592 kB
Shmem:             13188 kB
KReclaimable:     668724 kB
Slab:             318128 kB
SReclaimable:      94260 kB
SUnreclaim:       223868 kB
KernelStack:       45904 kB
ShadowCallStack:   11508 kB
PageTables:        61056 kB
NFS_Unstable:          0 kB
Bounce:                0 kB
WritebackTmp:          0 kB
CommitLimit:     8677876 kB
Committed_AS:   60776904 kB
VmallocTotal:   263061440 kB
VmallocUsed:      128160 kB
VmallocChunk:          0 kB
Percpu:             2520 kB
CmaTotal:         405504 kB
CmaFree:          289516 kB
MemTotal:        7918584 kB
MemFree:         3538292 kB
MemAvailable:    4943948 kB
Buffers:            4268 kB
Cached:          1284524 kB
SwapCached:        17660 kB
Active:          1043984 kB
Inactive:         873416 kB
Active(anon):     538332 kB
Inactive(anon):   108276 kB
Active(file):     505652 kB
Inactive(file):   765140 kB
Unevictable:        6544 kB
Mlocked:            6104 kB
SwapTotal:       4718584 kB
SwapFree:        3953952 kB
Dirty:             18368 kB
Writeback:             0 kB
AnonPages:        630392 kB
Mapped:           491732 kB
Shmem:             13192 kB
KReclaimable:     688928 kB
Slab:             318132 kB
SReclaimable:      94260 kB
SUnreclaim:       223872 kB
KernelStack:       45728 kB
ShadowCallStack:   11452 kB
PageTables:        61004 kB
NFS_Unstable:          0 kB
Bounce:                0 kB
WritebackTmp:          0 kB
CommitLimit:     8677876 kB
Committed_AS:   60776316 kB
VmallocTotal:   263061440 kB
VmallocUsed:      127616 kB
VmallocChunk:          0 kB
Percpu:             2520 kB
CmaTotal:         405504 kB
CmaFree:          289516 kB
MemTotal:        7918584 kB
MemFree:         3484460 kB
MemAvailable:    4770304 kB
Buffers:            4296 kB
Cached:          1284532 kB
SwapCached:        17660 kB
Active:          1100068 kB
Inactive:         873432 kB
Active(anon):     594416 kB
Inactive(anon):   108272 kB
Active(file):     505652 kB
Inactive(file):   765160 kB
Unevictable:        6544 kB
Mlocked:            6104 kB
SwapTotal:       4718584 kB
SwapFree:        3953952 kB
Dirty:             18352 kB
Writeback:            20 kB
AnonPages:        686520 kB
Mapped:           493948 kB
Shmem:             13208 kB
KReclaimable:     569096 kB
Slab:             318112 kB
SReclaimable:      94260 kB
SUnreclaim:       223852 kB
KernelStack:       45712 kB
ShadowCallStack:   11460 kB
PageTables:        61056 kB
NFS_Unstable:          0 kB
Bounce:                0 kB
WritebackTmp:          0 kB
CommitLimit:     8677876 kB
Committed_AS:   60799812 kB
VmallocTotal:   263061440 kB
VmallocUsed:      127680 kB
VmallocChunk:          0 kB
Percpu:             2520 kB
CmaTotal:         405504 kB
CmaFree:          289516 kB
MemTotal:        7918584 kB
MemFree:         3283056 kB
MemAvailable:    4492372 kB
Buffers:            4300 kB
Cached:          1285296 kB
SwapCached:        17660 kB
Active:          1300760 kB
Inactive:         873444 kB
Active(anon):     794476 kB
Inactive(anon):   108272 kB
Active(file):     506284 kB
Inactive(file):   765172 kB
Unevictable:        6544 kB
Mlocked:            6104 kB
SwapTotal:       4718584 kB
SwapFree:        3954208 kB
Dirty:             18376 kB
Writeback:             0 kB
AnonPages:        886396 kB
Mapped:           575856 kB
Shmem:             13332 kB
KReclaimable:     491924 kB
Slab:             318456 kB
SReclaimable:      94308 kB
SUnreclaim:       224148 kB
KernelStack:       45792 kB
ShadowCallStack:   11476 kB
PageTables:        61784 kB
NFS_Unstable:          0 kB
Bounce:                0 kB
WritebackTmp:          0 kB
CommitLimit:     8677876 kB
Committed_AS:   61119476 kB
VmallocTotal:   263061440 kB
VmallocUsed:      127740 kB
VmallocChunk:          0 kB
Percpu:             2520 kB
CmaTotal:         405504 kB
CmaFree:          289644 kB
MemTotal:        7918584 kB
MemFree:         3305856 kB
MemAvailable:    4644660 kB
Buffers:            4300 kB
Cached:          1285184 kB
SwapCached:        17660 kB
Active:          1277716 kB
Inactive:         873460 kB
Active(anon):     771432 kB
Inactive(anon):   108264 kB
Active(file):     506284 kB
Inactive(file):   765196 kB
Unevictable:        6544 kB
Mlocked:            6104 kB
SwapTotal:       4718584 kB
SwapFree:        3954208 kB
Dirty:             18384 kB
Writeback:             0 kB
AnonPages:        863260 kB
Mapped:           578284 kB
Shmem:             13196 kB
KReclaimable:     621388 kB
Slab:             318488 kB
SReclaimable:      94308 kB
SUnreclaim:       224180 kB
KernelStack:       45712 kB
ShadowCallStack:   11444 kB
PageTables:        61792 kB
NFS_Unstable:          0 kB
Bounce:                0 kB
WritebackTmp:          0 kB
CommitLimit:     8677876 kB
Committed_AS:   61158596 kB
VmallocTotal:   263061440 kB
VmallocUsed:      127592 kB
VmallocChunk:          0 kB
Percpu:             2520 kB
CmaTotal:         405504 kB
CmaFree:          289644 kB
MemTotal:        7918584 kB
MemFree:         3194460 kB
MemAvailable:    4484868 kB
Buffers:            4328 kB
Cached:          1285724 kB
SwapCached:        17676 kB
Active:          1388700 kB
Inactive:         873588 kB
Active(anon):     881972 kB
Inactive(anon):   108268 kB
Active(file):     506728 kB
Inactive(file):   765320 kB
Unevictable:        6544 kB
Mlocked:            6104 kB
SwapTotal:       4718584 kB
SwapFree:        3954208 kB
Dirty:             18452 kB
Writeback:             0 kB
AnonPages:        974016 kB
Mapped:           602028 kB
Shmem:             13196 kB
KReclaimable:     572424 kB
Slab:             318624 kB
SReclaimable:      94308 kB
SUnreclaim:       224316 kB
KernelStack:       45696 kB
ShadowCallStack:   11460 kB
PageTables:        62488 kB
NFS_Unstable:          0 kB
Bounce:                0 kB
WritebackTmp:          0 kB
CommitLimit:     8677876 kB
Committed_AS:   61380744 kB
VmallocTotal:   263061440 kB
VmallocUsed:      127636 kB
VmallocChunk:          0 kB
Percpu:             2520 kB
CmaTotal:         405504 kB
CmaFree:          289644 kB
MemTotal:        7918584 kB
MemFree:         3072604 kB
MemAvailable:    4361656 kB
Buffers:            4336 kB
Cached:          1285720 kB
SwapCached:        17676 kB
Active:          1508972 kB
Inactive:         873596 kB
Active(anon):    1002244 kB
Inactive(anon):   108272 kB
Active(file):     506728 kB
Inactive(file):   765324 kB
Unevictable:        6544 kB
Mlocked:            6104 kB
SwapTotal:       4718584 kB
SwapFree:        3954208 kB
Dirty:             18528 kB
Writeback:             0 kB
AnonPages:       1094268 kB
Mapped:           603280 kB
Shmem:             13196 kB
KReclaimable:     571064 kB
Slab:             318636 kB
SReclaimable:      94308 kB
SUnreclaim:       224328 kB
KernelStack:       45664 kB
ShadowCallStack:   11452 kB
PageTables:        63008 kB
NFS_Unstable:          0 kB
Bounce:                0 kB
WritebackTmp:          0 kB
CommitLimit:     8677876 kB
Committed_AS:   61675632 kB
VmallocTotal:   263061440 kB
VmallocUsed:      127620 kB
VmallocChunk:          0 kB
Percpu:             2520 kB
CmaTotal:         405504 kB
CmaFree:          289644 kB
MemTotal:        7918584 kB
MemFree:         2993464 kB
MemAvailable:    4272780 kB
Buffers:            4336 kB
Cached:          1285728 kB
SwapCached:        17676 kB
Active:          1588108 kB
Inactive:         873252 kB
Active(anon):    1081380 kB
Inactive(anon):   107924 kB
Active(file):     506728 kB
Inactive(file):   765328 kB
Unevictable:        6544 kB
Mlocked:            6104 kB
SwapTotal:       4718584 kB
SwapFree:        3954208 kB
Dirty:             18528 kB
Writeback:             0 kB
AnonPages:       1172988 kB
Mapped:           603852 kB
Shmem:             13200 kB
KReclaimable:     561324 kB
Slab:             318848 kB
SReclaimable:      94308 kB
SUnreclaim:       224540 kB
KernelStack:       45696 kB
ShadowCallStack:   11452 kB
PageTables:        63128 kB
NFS_Unstable:          0 kB
Bounce:                0 kB
WritebackTmp:          0 kB
CommitLimit:     8677876 kB
Committed_AS:   61888628 kB
VmallocTotal:   263061440 kB
VmallocUsed:      127620 kB
VmallocChunk:          0 kB
Percpu:             2520 kB
CmaTotal:         405504 kB
CmaFree:          289640 kB
MemTotal:        7918584 kB
MemFree:         2899500 kB
MemAvailable:    4177792 kB
Buffers:            4360 kB
Cached:          1285752 kB
SwapCached:        17676 kB
Active:          1681712 kB
Inactive:         873180 kB
Active(anon):    1174984 kB
Inactive(anon):   107804 kB
Active(file):     506728 kB
Inactive(file):   765376 kB
Unevictable:        6544 kB
Mlocked:            6104 kB
SwapTotal:       4718584 kB
SwapFree:        3954208 kB
Dirty:             18544 kB
Writeback:             0 kB
AnonPages:       1266572 kB
Mapped:           604776 kB
Shmem:             13200 kB
KReclaimable:     560252 kB
Slab:             318932 kB
SReclaimable:      94308 kB
SUnreclaim:       224624 kB
KernelStack:       45680 kB
ShadowCallStack:   11448 kB
PageTables:        63848 kB
NFS_Unstable:          0 kB
Bounce:                0 kB
WritebackTmp:          0 kB
CommitLimit:     8677876 kB
Committed_AS:   62117952 kB
VmallocTotal:   263061440 kB
VmallocUsed:      127584 kB
VmallocChunk:          0 kB
Percpu:             2520 kB
CmaTotal:         405504 kB
CmaFree:          289644 kB
MemTotal:        7918584 kB
MemFree:         2801104 kB
MemAvailable:    4078072 kB
Buffers:            4360 kB
Cached:          1285780 kB
SwapCached:        17676 kB
Active:          1778528 kB
Inactive:         873204 kB
Active(anon):    1271800 kB
Inactive(anon):   107800 kB
Active(file):     506728 kB
Inactive(file):   765404 kB
Unevictable:        6544 kB
Mlocked:            6104 kB
SwapTotal:       4718584 kB
SwapFree:        3954208 kB
Dirty:             18572 kB
Writeback:             0 kB
AnonPages:       1363344 kB
Mapped:           602680 kB
Shmem:             13200 kB
KReclaimable:     558900 kB
Slab:             318804 kB
SReclaimable:      94308 kB
SUnreclaim:       224496 kB
KernelStack:       45664 kB
ShadowCallStack:   11448 kB
PageTables:        64400 kB
NFS_Unstable:          0 kB
Bounce:                0 kB
WritebackTmp:          0 kB
CommitLimit:     8677876 kB
Committed_AS:   62363668 kB
VmallocTotal:   263061440 kB
VmallocUsed:      127580 kB
VmallocChunk:          0 kB
Percpu:             2520 kB
CmaTotal:         405504 kB
CmaFree:          289644 kB
MemTotal:        7918584 kB
MemFree:         2696240 kB
MemAvailable:    3971528 kB
Buffers:            4360 kB
Cached:          1285788 kB
SwapCached:        17680 kB
Active:          1883908 kB
Inactive:         873208 kB
Active(anon):    1377180 kB
Inactive(anon):   107804 kB
Active(file):     506728 kB
Inactive(file):   765404 kB
Unevictable:        6544 kB
Mlocked:            6104 kB
SwapTotal:       4718584 kB
SwapFree:        3954208 kB
Dirty:             18572 kB
Writeback:             0 kB
AnonPages:       1468780 kB
Mapped:           603572 kB
Shmem:             13208 kB
KReclaimable:     557220 kB
Slab:             318836 kB
SReclaimable:      94276 kB
SUnreclaim:       224560 kB
KernelStack:       45664 kB
ShadowCallStack:   11452 kB
PageTables:        64836 kB
NFS_Unstable:          0 kB
Bounce:                0 kB
WritebackTmp:          0 kB
CommitLimit:     8677876 kB
Committed_AS:   62642204 kB
VmallocTotal:   263061440 kB
VmallocUsed:      127580 kB
VmallocChunk:          0 kB
Percpu:             2520 kB
CmaTotal:         405504 kB
CmaFree:          289644 kB
MemTotal:        7918584 kB
MemFree:         2593308 kB
MemAvailable:    3867348 kB
Buffers:            4360 kB
Cached:          1285788 kB
SwapCached:        17680 kB
Active:          1986340 kB
Inactive:         873200 kB
Active(anon):    1479612 kB
Inactive(anon):   107796 kB
Active(file):     506728 kB
Inactive(file):   765404 kB
Unevictable:        6544 kB
Mlocked:            6104 kB
SwapTotal:       4718584 kB
SwapFree:        3954208 kB
Dirty:             17872 kB
Writeback:             0 kB
AnonPages:       1571120 kB
Mapped:           604804 kB
Shmem:             13208 kB
KReclaimable:     555972 kB
Slab:             318800 kB
SReclaimable:      94276 kB
SUnreclaim:       224524 kB
KernelStack:       45648 kB
ShadowCallStack:   11436 kB
PageTables:        65208 kB
NFS_Unstable:          0 kB
Bounce:                0 kB
WritebackTmp:          0 kB
CommitLimit:     8677876 kB
Committed_AS:   62871580 kB
VmallocTotal:   263061440 kB
VmallocUsed:      127576 kB
VmallocChunk:          0 kB
Percpu:             2520 kB
CmaTotal:         405504 kB
CmaFree:          289772 kB
MemTotal:        7918584 kB
MemFree:         2508464 kB
MemAvailable:    3781752 kB
Buffers:            4384 kB
Cached:          1285792 kB
SwapCached:        17680 kB
Active:          2070148 kB
Inactive:         873228 kB
Active(anon):    1563420 kB
Inactive(anon):   107800 kB
Active(file):     506728 kB
Inactive(file):   765428 kB
Unevictable:        6544 kB
Mlocked:            6104 kB
SwapTotal:       4718584 kB
SwapFree:        3954208 kB
Dirty:             17876 kB
Writeback:             0 kB
AnonPages:       1654968 kB
Mapped:           605352 kB
Shmem:             13212 kB
KReclaimable:     555196 kB
Slab:             318900 kB
SReclaimable:      94276 kB
SUnreclaim:       224624 kB
KernelStack:       45648 kB
ShadowCallStack:   11448 kB
PageTables:        65744 kB
NFS_Unstable:          0 kB
Bounce:                0 kB
WritebackTmp:          0 kB
CommitLimit:     8677876 kB
Committed_AS:   63084576 kB
VmallocTotal:   263061440 kB
VmallocUsed:      127584 kB
VmallocChunk:          0 kB
Percpu:             2520 kB
CmaTotal:         405504 kB
CmaFree:          289772 kB
MemTotal:        7918584 kB
MemFree:         2408584 kB
MemAvailable:    3679728 kB
Buffers:            4384 kB
Cached:          1285792 kB
SwapCached:        17680 kB
Active:          2170708 kB
Inactive:         873224 kB
Active(anon):    1663980 kB
Inactive(anon):   107796 kB
Active(file):     506728 kB
Inactive(file):   765428 kB
Unevictable:        6544 kB
Mlocked:            6104 kB
SwapTotal:       4718584 kB
SwapFree:        3954208 kB
Dirty:             17876 kB
Writeback:             0 kB
AnonPages:       1755620 kB
Mapped:           606636 kB
Shmem:             13212 kB
KReclaimable:     553052 kB
Slab:             318956 kB
SReclaimable:      94276 kB
SUnreclaim:       224680 kB
KernelStack:       45680 kB
ShadowCallStack:   11428 kB
PageTables:        66220 kB
NFS_Unstable:          0 kB
Bounce:                0 kB
WritebackTmp:          0 kB
CommitLimit:     8677876 kB
Committed_AS:   63346720 kB
VmallocTotal:   263061440 kB
VmallocUsed:      127564 kB
VmallocChunk:          0 kB
Percpu:             2520 kB
CmaTotal:         405504 kB
CmaFree:          289772 kB
MemTotal:        7918584 kB
MemFree:         2327628 kB
MemAvailable:    3597568 kB
Buffers:            4396 kB
Cached:          1285840 kB
SwapCached:        17680 kB
Active:          2249916 kB
Inactive:         873292 kB
Active(anon):    1743188 kB
Inactive(anon):   107804 kB
Active(file):     506728 kB
Inactive(file):   765488 kB
Unevictable:        6544 kB
Mlocked:            6104 kB
SwapTotal:       4718584 kB
SwapFree:        3954208 kB
Dirty:             17836 kB
Writeback:             0 kB
AnonPages:       1834708 kB
Mapped:           607408 kB
Shmem:             13212 kB
KReclaimable:     551788 kB
Slab:             319028 kB
SReclaimable:      94276 kB
SUnreclaim:       224752 kB
KernelStack:       45664 kB
ShadowCallStack:   11452 kB
PageTables:        66632 kB
NFS_Unstable:          0 kB
Bounce:                0 kB
WritebackTmp:          0 kB
CommitLimit:     8677876 kB
Committed_AS:   63526944 kB
VmallocTotal:   263061440 kB
VmallocUsed:      127580 kB
VmallocChunk:          0 kB
Percpu:             2520 kB
CmaTotal:         405504 kB
CmaFree:          289772 kB
MemTotal:        7918584 kB
MemFree:         2240972 kB
MemAvailable:    3509944 kB
Buffers:            4396 kB
Cached:          1285832 kB
SwapCached:        17680 kB
Active:          2336776 kB
Inactive:         873272 kB
Active(anon):    1830048 kB
Inactive(anon):   107800 kB
Active(file):     506728 kB
Inactive(file):   765472 kB
Unevictable:        6544 kB
Mlocked:            6104 kB
SwapTotal:       4718584 kB
SwapFree:        3954208 kB
Dirty:             17828 kB
Writeback:             0 kB
AnonPages:       1921532 kB
Mapped:           607992 kB
Shmem:             13220 kB
KReclaimable:     550836 kB
Slab:             319096 kB
SReclaimable:      94276 kB
SUnreclaim:       224820 kB
KernelStack:       45680 kB
ShadowCallStack:   11436 kB
PageTables:        66788 kB
NFS_Unstable:          0 kB
Bounce:                0 kB
WritebackTmp:          0 kB
CommitLimit:     8677876 kB
Committed_AS:   63756328 kB
VmallocTotal:   263061440 kB
VmallocUsed:      127592 kB
VmallocChunk:          0 kB
Percpu:             2520 kB
CmaTotal:         405504 kB
CmaFree:          289772 kB
MemTotal:        7918584 kB
MemFree:         2149868 kB
MemAvailable:    3417432 kB
Buffers:            4396 kB
Cached:          1285852 kB
SwapCached:        17680 kB
Active:          2427036 kB
Inactive:         873296 kB
Active(anon):    1920308 kB
Inactive(anon):   107808 kB
Active(file):     506728 kB
Inactive(file):   765488 kB
Unevictable:        6544 kB
Mlocked:            6104 kB
SwapTotal:       4718584 kB
SwapFree:        3954208 kB
Dirty:             17892 kB
Writeback:             0 kB
AnonPages:       2011980 kB
Mapped:           609236 kB
Shmem:             13224 kB
KReclaimable:     549412 kB
Slab:             319104 kB
SReclaimable:      94276 kB
SUnreclaim:       224828 kB
KernelStack:       45664 kB
ShadowCallStack:   11452 kB
PageTables:        67504 kB
NFS_Unstable:          0 kB
Bounce:                0 kB
WritebackTmp:          0 kB
CommitLimit:     8677876 kB
Committed_AS:   63985708 kB
VmallocTotal:   263061440 kB
VmallocUsed:      127580 kB
VmallocChunk:          0 kB
Percpu:             2520 kB
CmaTotal:         405504 kB
CmaFree:          289772 kB
MemTotal:        7918584 kB
MemFree:         2071464 kB
MemAvailable:    3338156 kB
Buffers:            4396 kB
Cached:          1285852 kB
SwapCached:        17680 kB
Active:          2505256 kB
Inactive:         873280 kB
Active(anon):    1998528 kB
Inactive(anon):   107792 kB
Active(file):     506728 kB
Inactive(file):   765488 kB
Unevictable:        6544 kB
Mlocked:            6104 kB
SwapTotal:       4718584 kB
SwapFree:        3954208 kB
Dirty:             17892 kB
Writeback:             0 kB
AnonPages:       2090144 kB
Mapped:           609816 kB
Shmem:             13224 kB
KReclaimable:     548540 kB
Slab:             319172 kB
SReclaimable:      94276 kB
SUnreclaim:       224896 kB
KernelStack:       45632 kB
ShadowCallStack:   11444 kB
PageTables:        67716 kB
NFS_Unstable:          0 kB
Bounce:                0 kB
WritebackTmp:          0 kB
CommitLimit:     8677876 kB
Committed_AS:   64165932 kB
VmallocTotal:   263061440 kB
VmallocUsed:      127580 kB
VmallocChunk:          0 kB
Percpu:             2520 kB
CmaTotal:         405504 kB
CmaFree:          289772 kB
MemTotal:        7918584 kB
MemFree:         2003140 kB
MemAvailable:    3268608 kB
Buffers:            4396 kB
Cached:          1285852 kB
SwapCached:        17680 kB
Active:          2573332 kB
Inactive:         873292 kB
Active(anon):    2066604 kB
Inactive(anon):   107804 kB
Active(file):     506728 kB
Inactive(file):   765488 kB
Unevictable:        6544 kB
Mlocked:            6104 kB
SwapTotal:       4718584 kB
SwapFree:        3954208 kB
Dirty:             17896 kB
Writeback:             0 kB
AnonPages:       2158168 kB
Mapped:           610504 kB
Shmem:             13224 kB
KReclaimable:     547316 kB
Slab:             319244 kB
SReclaimable:      94276 kB
SUnreclaim:       224968 kB
KernelStack:       45648 kB
ShadowCallStack:   11444 kB
PageTables:        68116 kB
NFS_Unstable:          0 kB
Bounce:                0 kB
WritebackTmp:          0 kB
CommitLimit:     8677876 kB
Committed_AS:   64329720 kB
VmallocTotal:   263061440 kB
VmallocUsed:      127544 kB
VmallocChunk:          0 kB
Percpu:             2520 kB
CmaTotal:         405504 kB
CmaFree:          289772 kB
MemTotal:        7918584 kB
MemFree:         1930460 kB
MemAvailable:    3194868 kB
Buffers:            4396 kB
Cached:          1285868 kB
SwapCached:        17680 kB
Active:          2646020 kB
Inactive:         873292 kB
Active(anon):    2139292 kB
Inactive(anon):   107792 kB
Active(file):     506728 kB
Inactive(file):   765500 kB
Unevictable:        6544 kB
Mlocked:            6104 kB
SwapTotal:       4718584 kB
SwapFree:        3954208 kB
Dirty:             17932 kB
Writeback:             0 kB
AnonPages:       2230804 kB
Mapped:           611064 kB
Shmem:             13228 kB
KReclaimable:     546244 kB
Slab:             319268 kB
SReclaimable:      94276 kB
SUnreclaim:       224992 kB
KernelStack:       45616 kB
ShadowCallStack:   11432 kB
PageTables:        68348 kB
NFS_Unstable:          0 kB
Bounce:                0 kB
WritebackTmp:          0 kB
CommitLimit:     8677876 kB
Committed_AS:   64493568 kB
VmallocTotal:   263061440 kB
VmallocUsed:      127552 kB
VmallocChunk:          0 kB
Percpu:             2520 kB
CmaTotal:         405504 kB
CmaFree:          289772 kB
MemTotal:        7918584 kB
MemFree:         1843560 kB
MemAvailable:    3106976 kB
Buffers:            4404 kB
Cached:          1285868 kB
SwapCached:        17680 kB
Active:          2732544 kB
Inactive:         873304 kB
Active(anon):    2225816 kB
Inactive(anon):   107796 kB
Active(file):     506728 kB
Inactive(file):   765508 kB
Unevictable:        6544 kB
Mlocked:            6104 kB
SwapTotal:       4718584 kB
SwapFree:        3954208 kB
Dirty:             17940 kB
Writeback:             0 kB
AnonPages:       2317316 kB
Mapped:           611940 kB
Shmem:             13228 kB
KReclaimable:     545244 kB
Slab:             319380 kB
SReclaimable:      94276 kB
SUnreclaim:       225104 kB
KernelStack:       45648 kB
ShadowCallStack:   11448 kB
PageTables:        68936 kB
NFS_Unstable:          0 kB
Bounce:                0 kB
WritebackTmp:          0 kB
CommitLimit:     8677876 kB
Committed_AS:   64673788 kB
VmallocTotal:   263061440 kB
VmallocUsed:      127560 kB
VmallocChunk:          0 kB
Percpu:             2520 kB
CmaTotal:         405504 kB
CmaFree:          289772 kB
MemTotal:        7918584 kB
MemFree:         1797428 kB
MemAvailable:    3060276 kB
Buffers:            4412 kB
Cached:          1285868 kB
SwapCached:        17680 kB
Active:          2777548 kB
Inactive:         873312 kB
Active(anon):    2270820 kB
Inactive(anon):   107796 kB
Active(file):     506728 kB
Inactive(file):   765516 kB
Unevictable:        6544 kB
Mlocked:            6104 kB
SwapTotal:       4718584 kB
SwapFree:        3954208 kB
Dirty:             17280 kB
Writeback:             0 kB
AnonPages:       2362360 kB
Mapped:           612208 kB
Shmem:             13228 kB
KReclaimable:     544668 kB
Slab:             319544 kB
SReclaimable:      94276 kB
SUnreclaim:       225268 kB
KernelStack:       45680 kB
ShadowCallStack:   11448 kB
PageTables:        69092 kB
NFS_Unstable:          0 kB
Bounce:                0 kB
WritebackTmp:          0 kB
CommitLimit:     8677876 kB
Committed_AS:   64805884 kB
VmallocTotal:   263061440 kB
VmallocUsed:      127544 kB
VmallocChunk:          0 kB
Percpu:             2520 kB
CmaTotal:         405504 kB
CmaFree:          289772 kB
MemTotal:        7918584 kB
MemFree:         1717188 kB
MemAvailable:    2979108 kB
Buffers:            4412 kB
Cached:          1285868 kB
SwapCached:        17680 kB
Active:          2857788 kB
Inactive:         873312 kB
Active(anon):    2351060 kB
Inactive(anon):   107796 kB
Active(file):     506728 kB
Inactive(file):   765516 kB
Unevictable:        6544 kB
Mlocked:            6104 kB
SwapTotal:       4718584 kB
SwapFree:        3954208 kB
Dirty:             17280 kB
Writeback:             0 kB
AnonPages:       2442600 kB
Mapped:           612936 kB
Shmem:             13228 kB
KReclaimable:     543740 kB
Slab:             319480 kB
SReclaimable:      94276 kB
SUnreclaim:       225204 kB
KernelStack:       45616 kB
ShadowCallStack:   11432 kB
PageTables:        69436 kB
NFS_Unstable:          0 kB
Bounce:                0 kB
WritebackTmp:          0 kB
CommitLimit:     8677876 kB
Committed_AS:   64986104 kB
VmallocTotal:   263061440 kB
VmallocUsed:      127544 kB
VmallocChunk:          0 kB
Percpu:             2520 kB
CmaTotal:         405504 kB
CmaFree:          289772 kB
MemTotal:        7918584 kB
MemFree:         1649708 kB
MemAvailable:    2912044 kB
Buffers:            4436 kB
Cached:          1286972 kB
SwapCached:        17680 kB
Active:          2924588 kB
Inactive:         873340 kB
Active(anon):    2416764 kB
Inactive(anon):   107800 kB
Active(file):     507824 kB
Inactive(file):   765540 kB
Unevictable:        6544 kB
Mlocked:            6104 kB
SwapTotal:       4718584 kB
SwapFree:        3954720 kB
Dirty:             17324 kB
Writeback:             0 kB
AnonPages:       2508292 kB
Mapped:           613528 kB
Shmem:             13236 kB
KReclaimable:     543036 kB
Slab:             319736 kB
SReclaimable:      94276 kB
SUnreclaim:       225460 kB
KernelStack:       45632 kB
ShadowCallStack:   11444 kB
PageTables:        69736 kB
NFS_Unstable:          0 kB
Bounce:                0 kB
WritebackTmp:          0 kB
CommitLimit:     8677876 kB
Committed_AS:   65133564 kB
VmallocTotal:   263061440 kB
VmallocUsed:      127560 kB
VmallocChunk:          0 kB
Percpu:             2520 kB
CmaTotal:         405504 kB
CmaFree:          289772 kB
MemTotal:        7918584 kB
MemFree:         1552664 kB
MemAvailable:    2683840 kB
Buffers:            4436 kB
Cached:          1287076 kB
SwapCached:        17680 kB
Active:          3023656 kB
Inactive:         873348 kB
Active(anon):    2515832 kB
Inactive(anon):   107800 kB
Active(file):     507824 kB
Inactive(file):   765548 kB
Unevictable:        6544 kB
Mlocked:            6104 kB
SwapTotal:       4718584 kB
SwapFree:        3954976 kB
Dirty:             17348 kB
Writeback:             0 kB
AnonPages:       2607264 kB
Mapped:           614884 kB
Shmem:             13332 kB
KReclaimable:     411868 kB
Slab:             319740 kB
SReclaimable:      94276 kB
SUnreclaim:       225464 kB
KernelStack:       45760 kB
ShadowCallStack:   11468 kB
PageTables:        70100 kB
NFS_Unstable:          0 kB
Bounce:                0 kB
WritebackTmp:          0 kB
CommitLimit:     8677876 kB
Committed_AS:   65265028 kB
VmallocTotal:   263061440 kB
VmallocUsed:      127716 kB
VmallocChunk:          0 kB
Percpu:             2520 kB
CmaTotal:         405504 kB
CmaFree:          267892 kB
MemTotal:        7918584 kB
MemFree:         1537088 kB
MemAvailable:    2798128 kB
Buffers:            4436 kB
Cached:          1286980 kB
SwapCached:        17680 kB
Active:          3038200 kB
Inactive:         873344 kB
Active(anon):    2530376 kB
Inactive(anon):   107796 kB
Active(file):     507824 kB
Inactive(file):   765548 kB
Unevictable:        6544 kB
Mlocked:            6104 kB
SwapTotal:       4718584 kB
SwapFree:        3954976 kB
Dirty:             17348 kB
Writeback:             0 kB
AnonPages:       2621928 kB
Mapped:           614328 kB
Shmem:             13236 kB
KReclaimable:     541732 kB
Slab:             319820 kB
SReclaimable:      94276 kB
SUnreclaim:       225544 kB
KernelStack:       45648 kB
ShadowCallStack:   11440 kB
PageTables:        70372 kB
NFS_Unstable:          0 kB
Bounce:                0 kB
WritebackTmp:          0 kB
CommitLimit:     8677876 kB
Committed_AS:   65412092 kB
VmallocTotal:   263061440 kB
VmallocUsed:      127576 kB
VmallocChunk:          0 kB
Percpu:             2520 kB
CmaTotal:         405504 kB
CmaFree:          229484 kB
MemTotal:        7918584 kB
MemFree:         1460576 kB
MemAvailable:    2721336 kB
Buffers:            4436 kB
Cached:          1286916 kB
SwapCached:        17680 kB
Active:          3113596 kB
Inactive:         873288 kB
Active(anon):    2605772 kB
Inactive(anon):   107740 kB
Active(file):     507824 kB
Inactive(file):   765548 kB
Unevictable:        6544 kB
Mlocked:            6104 kB
SwapTotal:       4718584 kB
SwapFree:        3955232 kB
Dirty:               276 kB
Writeback:             0 kB
AnonPages:       2697220 kB
Mapped:           615076 kB
Shmem:             13172 kB
KReclaimable:     541452 kB
Slab:             319664 kB
SReclaimable:      94276 kB
SUnreclaim:       225388 kB
KernelStack:       45648 kB
ShadowCallStack:   11448 kB
PageTables:        70512 kB
NFS_Unstable:          0 kB
Bounce:                0 kB
WritebackTmp:          0 kB
CommitLimit:     8677876 kB
Committed_AS:   65592252 kB
VmallocTotal:   263061440 kB
VmallocUsed:      127560 kB
VmallocChunk:          0 kB
Percpu:             2520 kB
CmaTotal:         405504 kB
CmaFree:          175932 kB
MemTotal:        7918584 kB
MemFree:         1396752 kB
MemAvailable:    2656688 kB
Buffers:            4436 kB
Cached:          1286924 kB
SwapCached:        17680 kB
Active:          3177008 kB
Inactive:         873284 kB
Active(anon):    2669184 kB
Inactive(anon):   107736 kB
Active(file):     507824 kB
Inactive(file):   765548 kB
Unevictable:        6544 kB
Mlocked:            6104 kB
SwapTotal:       4718584 kB
SwapFree:        3955232 kB
Dirty:               276 kB
Writeback:             0 kB
AnonPages:       2760744 kB
Mapped:           615276 kB
Shmem:             13180 kB
KReclaimable:     540628 kB
Slab:             319720 kB
SReclaimable:      94276 kB
SUnreclaim:       225444 kB
KernelStack:       45632 kB
ShadowCallStack:   11428 kB
PageTables:        70940 kB
NFS_Unstable:          0 kB
Bounce:                0 kB
WritebackTmp:          0 kB
CommitLimit:     8677876 kB
Committed_AS:   65739664 kB
VmallocTotal:   263061440 kB
VmallocUsed:      127572 kB
VmallocChunk:          0 kB
Percpu:             2520 kB
CmaTotal:         405504 kB
CmaFree:          113064 kB
MemTotal:        7918584 kB
MemFree:         1324200 kB
MemAvailable:    2583480 kB
Buffers:            4444 kB
Cached:          1286924 kB
SwapCached:        17680 kB
Active:          3248248 kB
Inactive:         873292 kB
Active(anon):    2740424 kB
Inactive(anon):   107736 kB
Active(file):     507824 kB
Inactive(file):   765556 kB
Unevictable:        6544 kB
Mlocked:            6104 kB
SwapTotal:       4718584 kB
SwapFree:        3955232 kB
Dirty:               316 kB
Writeback:             0 kB
AnonPages:       2832104 kB
Mapped:           615872 kB
Shmem:             13180 kB
KReclaimable:     539964 kB
Slab:             319752 kB
SReclaimable:      94276 kB
SUnreclaim:       225476 kB
KernelStack:       45632 kB
ShadowCallStack:   11440 kB
PageTables:        71324 kB
NFS_Unstable:          0 kB
Bounce:                0 kB
WritebackTmp:          0 kB
CommitLimit:     8677876 kB
Committed_AS:   65903504 kB
VmallocTotal:   263061440 kB
VmallocUsed:      127524 kB
VmallocChunk:          0 kB
Percpu:             2520 kB
CmaTotal:         405504 kB
CmaFree:           41260 kB
MemTotal:        7918584 kB
MemFree:         1255608 kB
MemAvailable:    2513912 kB
Buffers:            4444 kB
Cached:          1286932 kB
SwapCached:        17680 kB
Active:          3319300 kB
Inactive:         873296 kB
Active(anon):    2811476 kB
Inactive(anon):   107732 kB
Active(file):     507824 kB
Inactive(file):   765564 kB
Unevictable:        6544 kB
Mlocked:            6104 kB
SwapTotal:       4718584 kB
SwapFree:        3955232 kB
Dirty:               324 kB
Writeback:             0 kB
AnonPages:       2902832 kB
Mapped:           616664 kB
Shmem:             13180 kB
KReclaimable:     538980 kB
Slab:             319820 kB
SReclaimable:      94276 kB
SUnreclaim:       225544 kB
KernelStack:       45632 kB
ShadowCallStack:   11428 kB
PageTables:        71580 kB
NFS_Unstable:          0 kB
Bounce:                0 kB
WritebackTmp:          0 kB
CommitLimit:     8677876 kB
Committed_AS:   66067348 kB
VmallocTotal:   263061440 kB
VmallocUsed:      127524 kB
VmallocChunk:          0 kB
Percpu:             2520 kB
CmaTotal:         405504 kB
CmaFree:               0 kB
MemTotal:        7918584 kB
MemFree:         1207092 kB
MemAvailable:    2464836 kB
Buffers:            4444 kB
Cached:          1286932 kB
SwapCached:        17680 kB
Active:          3368296 kB
Inactive:         873304 kB
Active(anon):    2860472 kB
Inactive(anon):   107740 kB
Active(file):     507824 kB
Inactive(file):   765564 kB
Unevictable:        6544 kB
Mlocked:            6104 kB
SwapTotal:       4718584 kB
SwapFree:        3955232 kB
Dirty:               324 kB
Writeback:             0 kB
AnonPages:       2951840 kB
Mapped:           616844 kB
Shmem:             13180 kB
KReclaimable:     538420 kB
Slab:             319860 kB
SReclaimable:      94276 kB
SUnreclaim:       225584 kB
KernelStack:       45632 kB
ShadowCallStack:   11440 kB
PageTables:        71660 kB
NFS_Unstable:          0 kB
Bounce:                0 kB
WritebackTmp:          0 kB
CommitLimit:     8677876 kB
Committed_AS:   66149264 kB
VmallocTotal:   263061440 kB
VmallocUsed:      127540 kB
VmallocChunk:          0 kB
Percpu:             2520 kB
CmaTotal:         405504 kB
CmaFree:               0 kB
MemTotal:        7918584 kB
MemFree:         1140044 kB
MemAvailable:    2396988 kB
Buffers:            4444 kB
Cached:          1286932 kB
SwapCached:        17680 kB
Active:          3434212 kB
Inactive:         873292 kB
Active(anon):    2926388 kB
Inactive(anon):   107728 kB
Active(file):     507824 kB
Inactive(file):   765564 kB
Unevictable:        6544 kB
Mlocked:            6104 kB
SwapTotal:       4718584 kB
SwapFree:        3955232 kB
Dirty:               324 kB
Writeback:             0 kB
AnonPages:       3017948 kB
Mapped:           617500 kB
Shmem:             13180 kB
KReclaimable:     537620 kB
Slab:             319892 kB
SReclaimable:      94276 kB
SUnreclaim:       225616 kB
KernelStack:       45632 kB
ShadowCallStack:   11440 kB
PageTables:        72064 kB
NFS_Unstable:          0 kB
Bounce:                0 kB
WritebackTmp:          0 kB
CommitLimit:     8677876 kB
Committed_AS:   66296720 kB
VmallocTotal:   263061440 kB
VmallocUsed:      127536 kB
VmallocChunk:          0 kB
Percpu:             2520 kB
CmaTotal:         405504 kB
CmaFree:               0 kB
MemTotal:        7918584 kB
MemFree:         1074964 kB
MemAvailable:    2331488 kB
Buffers:            4444 kB
Cached:          1287312 kB
SwapCached:        17680 kB
Active:          3499264 kB
Inactive:         873300 kB
Active(anon):    2991060 kB
Inactive(anon):   107736 kB
Active(file):     508204 kB
Inactive(file):   765564 kB
Unevictable:        6544 kB
Mlocked:            6104 kB
SwapTotal:       4718584 kB
SwapFree:        3955232 kB
Dirty:               344 kB
Writeback:             0 kB
AnonPages:       3082688 kB
Mapped:           617964 kB
Shmem:             13180 kB
KReclaimable:     536820 kB
Slab:             319880 kB
SReclaimable:      94276 kB
SUnreclaim:       225604 kB
KernelStack:       45584 kB
ShadowCallStack:   11440 kB
PageTables:        72396 kB
NFS_Unstable:          0 kB
Bounce:                0 kB
WritebackTmp:          0 kB
CommitLimit:     8677876 kB
Committed_AS:   66460564 kB
VmallocTotal:   263061440 kB
VmallocUsed:      127536 kB
VmallocChunk:          0 kB
Percpu:             2520 kB
CmaTotal:         405504 kB
CmaFree:               0 kB
MemTotal:        7918584 kB
MemFree:         1006632 kB
MemAvailable:    2262572 kB
Buffers:            4468 kB
Cached:          1287316 kB
SwapCached:        17680 kB
Active:          3566488 kB
Inactive:         873328 kB
Active(anon):    3058284 kB
Inactive(anon):   107740 kB
Active(file):     508204 kB
Inactive(file):   765588 kB
Unevictable:        6544 kB
Mlocked:            6104 kB
SwapTotal:       4718584 kB
SwapFree:        3955232 kB
Dirty:               368 kB
Writeback:             0 kB
AnonPages:       3149860 kB
Mapped:           618564 kB
Shmem:             13184 kB
KReclaimable:     536212 kB
Slab:             319948 kB
SReclaimable:      94276 kB
SUnreclaim:       225672 kB
KernelStack:       45600 kB
ShadowCallStack:   11436 kB
PageTables:        72632 kB
NFS_Unstable:          0 kB
Bounce:                0 kB
WritebackTmp:          0 kB
CommitLimit:     8677876 kB
Committed_AS:   66624404 kB
VmallocTotal:   263061440 kB
VmallocUsed:      127540 kB
VmallocChunk:          0 kB
Percpu:             2520 kB
CmaTotal:         405504 kB
CmaFree:               0 kB
MemTotal:        7918584 kB
MemFree:          936072 kB
MemAvailable:    2191116 kB
Buffers:            4468 kB
Cached:          1287324 kB
SwapCached:        17680 kB
Active:          3636912 kB
Inactive:         873332 kB
Active(anon):    3128708 kB
Inactive(anon):   107736 kB
Active(file):     508204 kB
Inactive(file):   765596 kB
Unevictable:        6544 kB
Mlocked:            6104 kB
SwapTotal:       4718584 kB
SwapFree:        3955232 kB
Dirty:               376 kB
Writeback:             0 kB
AnonPages:       3220184 kB
Mapped:           619068 kB
Shmem:             13184 kB
KReclaimable:     535308 kB
Slab:             319984 kB
SReclaimable:      94276 kB
SUnreclaim:       225708 kB
KernelStack:       45616 kB
ShadowCallStack:   11440 kB
PageTables:        72948 kB
NFS_Unstable:          0 kB
Bounce:                0 kB
WritebackTmp:          0 kB
CommitLimit:     8677876 kB
Committed_AS:   66771860 kB
VmallocTotal:   263061440 kB
VmallocUsed:      127540 kB
VmallocChunk:          0 kB
Percpu:             2520 kB
CmaTotal:         405504 kB
CmaFree:               0 kB
MemTotal:        7918584 kB
MemFree:          869988 kB
MemAvailable:    2124208 kB
Buffers:            4468 kB
Cached:          1287324 kB
SwapCached:        17680 kB
Active:          3703716 kB
Inactive:         873332 kB
Active(anon):    3195512 kB
Inactive(anon):   107736 kB
Active(file):     508204 kB
Inactive(file):   765596 kB
Unevictable:        6544 kB
Mlocked:            6104 kB
SwapTotal:       4718584 kB
SwapFree:        3955232 kB
Dirty:               376 kB
Writeback:             0 kB
AnonPages:       3287032 kB
Mapped:           619696 kB
Shmem:             13184 kB
KReclaimable:     534484 kB
Slab:             319964 kB
SReclaimable:      94276 kB
SUnreclaim:       225688 kB
KernelStack:       45632 kB
ShadowCallStack:   11436 kB
PageTables:        73124 kB
NFS_Unstable:          0 kB
Bounce:                0 kB
WritebackTmp:          0 kB
CommitLimit:     8677876 kB
Committed_AS:   66902932 kB
VmallocTotal:   263061440 kB
VmallocUsed:      127540 kB
VmallocChunk:          0 kB
Percpu:             2520 kB
CmaTotal:         405504 kB
CmaFree:               0 kB
MemTotal:        7918584 kB
MemFree:          814956 kB
MemAvailable:    2068636 kB
Buffers:            4476 kB
Cached:          1287328 kB
SwapCached:        17680 kB
Active:          3757276 kB
Inactive:         873340 kB
Active(anon):    3249072 kB
Inactive(anon):   107740 kB
Active(file):     508204 kB
Inactive(file):   765600 kB
Unevictable:        6544 kB
Mlocked:            6104 kB
SwapTotal:       4718584 kB
SwapFree:        3955232 kB
Dirty:               376 kB
Writeback:             0 kB
AnonPages:       3340592 kB
Mapped:           620028 kB
Shmem:             13192 kB
KReclaimable:     533940 kB
Slab:             319960 kB
SReclaimable:      94276 kB
SUnreclaim:       225684 kB
KernelStack:       45600 kB
ShadowCallStack:   11436 kB
PageTables:        73464 kB
NFS_Unstable:          0 kB
Bounce:                0 kB
WritebackTmp:          0 kB
CommitLimit:     8677876 kB
Committed_AS:   67017632 kB
VmallocTotal:   263061440 kB
VmallocUsed:      127536 kB
VmallocChunk:          0 kB
Percpu:             2520 kB
CmaTotal:         405504 kB
CmaFree:               4 kB
MemTotal:        7918584 kB
MemFree:          748152 kB
MemAvailable:    2000940 kB
Buffers:            4476 kB
Cached:          1287336 kB
SwapCached:        17680 kB
Active:          3824760 kB
Inactive:         873340 kB
Active(anon):    3316556 kB
Inactive(anon):   107736 kB
Active(file):     508204 kB
Inactive(file):   765604 kB
Unevictable:        6544 kB
Mlocked:            6104 kB
SwapTotal:       4718584 kB
SwapFree:        3955232 kB
Dirty:               376 kB
Writeback:             0 kB
AnonPages:       3408048 kB
Mapped:           620456 kB
Shmem:             13196 kB
KReclaimable:     533044 kB
Slab:             320084 kB
SReclaimable:      94276 kB
SUnreclaim:       225808 kB
KernelStack:       45632 kB
ShadowCallStack:   11444 kB
PageTables:        73792 kB
NFS_Unstable:          0 kB
Bounce:                0 kB
WritebackTmp:          0 kB
CommitLimit:     8677876 kB
Committed_AS:   67181472 kB
VmallocTotal:   263061440 kB
VmallocUsed:      127540 kB
VmallocChunk:          0 kB
Percpu:             2520 kB
CmaTotal:         405504 kB
CmaFree:               0 kB
MemTotal:        7918584 kB
MemFree:          673300 kB
MemAvailable:    1941160 kB
Buffers:            4492 kB
Cached:          1303108 kB
SwapCached:        17688 kB
Active:          3902664 kB
Inactive:         873412 kB
Active(anon):    3378808 kB
Inactive(anon):   107712 kB
Active(file):     523856 kB
Inactive(file):   765700 kB
Unevictable:        6544 kB
Mlocked:            6104 kB
SwapTotal:       4718584 kB
SwapFree:        3961120 kB
Dirty:               472 kB
Writeback:             0 kB
AnonPages:       3470268 kB
Mapped:           625244 kB
Shmem:             13236 kB
KReclaimable:     532368 kB
Slab:             320076 kB
SReclaimable:      94280 kB
SUnreclaim:       225796 kB
KernelStack:       45600 kB
ShadowCallStack:   11432 kB
PageTables:        73992 kB
NFS_Unstable:          0 kB
Bounce:                0 kB
WritebackTmp:          0 kB
CommitLimit:     8677876 kB
Committed_AS:   67279776 kB
VmallocTotal:   263061440 kB
VmallocUsed:      127520 kB
VmallocChunk:          0 kB
Percpu:             2520 kB
CmaTotal:         405504 kB
CmaFree:               0 kB
MemTotal:        7918584 kB
MemFree:          614008 kB
MemAvailable:    1881232 kB
Buffers:            4492 kB
Cached:          1303132 kB
SwapCached:        17688 kB
Active:          3961536 kB
Inactive:         873432 kB
Active(anon):    3437680 kB
Inactive(anon):   107712 kB
Active(file):     523856 kB
Inactive(file):   765720 kB
Unevictable:        6544 kB
Mlocked:            6104 kB
SwapTotal:       4718584 kB
SwapFree:        3961120 kB
Dirty:               480 kB
Writeback:             0 kB
AnonPages:       3528940 kB
Mapped:           625756 kB
Shmem:             13240 kB
KReclaimable:     531712 kB
Slab:             320076 kB
SReclaimable:      94280 kB
SUnreclaim:       225796 kB
KernelStack:       45616 kB
ShadowCallStack:   11436 kB
PageTables:        74424 kB
NFS_Unstable:          0 kB
Bounce:                0 kB
WritebackTmp:          0 kB
CommitLimit:     8677876 kB
Committed_AS:   67427236 kB
VmallocTotal:   263061440 kB
VmallocUsed:      127536 kB
VmallocChunk:          0 kB
Percpu:             2520 kB
CmaTotal:         405504 kB
CmaFree:               0 kB
MemTotal:        7918584 kB
MemFree:          545228 kB
MemAvailable:    1811556 kB
Buffers:            4492 kB
Cached:          1303132 kB
SwapCached:        17688 kB
Active:          4028824 kB
Inactive:         873432 kB
Active(anon):    3504968 kB
Inactive(anon):   107712 kB
Active(file):     523856 kB
Inactive(file):   765720 kB
Unevictable:        6544 kB
Mlocked:            6104 kB
SwapTotal:       4718584 kB
SwapFree:        3961120 kB
Dirty:               480 kB
Writeback:             0 kB
AnonPages:       3596376 kB
Mapped:           626336 kB
Shmem:             13240 kB
KReclaimable:     530816 kB
Slab:             320244 kB
SReclaimable:      94280 kB
SUnreclaim:       225964 kB
KernelStack:       45632 kB
ShadowCallStack:   11432 kB
PageTables:        74508 kB
NFS_Unstable:          0 kB
Bounce:                0 kB
WritebackTmp:          0 kB
CommitLimit:     8677876 kB
Committed_AS:   67558264 kB
VmallocTotal:   263061440 kB
VmallocUsed:      127520 kB
VmallocChunk:          0 kB
Percpu:             2520 kB
CmaTotal:         405504 kB
CmaFree:               0 kB
MemTotal:        7918584 kB
MemFree:          470320 kB
MemAvailable:    1736252 kB
Buffers:            4492 kB
Cached:          1303560 kB
SwapCached:        17688 kB
Active:          4103580 kB
Inactive:         873440 kB
Active(anon):    3579296 kB
Inactive(anon):   107720 kB
Active(file):     524284 kB
Inactive(file):   765720 kB
Unevictable:        6544 kB
Mlocked:            6104 kB
SwapTotal:       4718584 kB
SwapFree:        3961376 kB
Dirty:               480 kB
Writeback:             0 kB
AnonPages:       3670796 kB
Mapped:           626896 kB
Shmem:             13240 kB
KReclaimable:     529992 kB
Slab:             320192 kB
SReclaimable:      94280 kB
SUnreclaim:       225912 kB
KernelStack:       45632 kB
ShadowCallStack:   11424 kB
PageTables:        74884 kB
NFS_Unstable:          0 kB
Bounce:                0 kB
WritebackTmp:          0 kB
CommitLimit:     8677876 kB
Committed_AS:   67738488 kB
VmallocTotal:   263061440 kB
VmallocUsed:      127552 kB
VmallocChunk:          0 kB
Percpu:             2520 kB
CmaTotal:         405504 kB
CmaFree:               0 kB
MemTotal:        7918584 kB
MemFree:          398980 kB
MemAvailable:    1663944 kB
Buffers:            4492 kB
Cached:          1303568 kB
SwapCached:        17688 kB
Active:          4175348 kB
Inactive:         873428 kB
Active(anon):    3651056 kB
Inactive(anon):   107708 kB
Active(file):     524292 kB
Inactive(file):   765720 kB
Unevictable:        6544 kB
Mlocked:            6104 kB
SwapTotal:       4718584 kB
SwapFree:        3961376 kB
Dirty:               460 kB
Writeback:             0 kB
AnonPages:       3742464 kB
Mapped:           627404 kB
Shmem:             13240 kB
KReclaimable:     529016 kB
Slab:             320380 kB
SReclaimable:      94280 kB
SUnreclaim:       226100 kB
KernelStack:       45632 kB
ShadowCallStack:   11432 kB
PageTables:        75116 kB
NFS_Unstable:          0 kB
Bounce:                0 kB
WritebackTmp:          0 kB
CommitLimit:     8677876 kB
Committed_AS:   67902328 kB
VmallocTotal:   263061440 kB
VmallocUsed:      127520 kB
VmallocChunk:          0 kB
Percpu:             2520 kB
CmaTotal:         405504 kB
CmaFree:               0 kB
MemTotal:        7918584 kB
MemFree:          325116 kB
MemAvailable:    1589816 kB
Buffers:            4532 kB
Cached:          1303908 kB
SwapCached:        17688 kB
Active:          4247944 kB
Inactive:         873476 kB
Active(anon):    3723316 kB
Inactive(anon):   107716 kB
Active(file):     524628 kB
Inactive(file):   765760 kB
Unevictable:        6544 kB
Mlocked:            6104 kB
SwapTotal:       4718584 kB
SwapFree:        3961376 kB
Dirty:               484 kB
Writeback:             0 kB
AnonPages:       3814828 kB
Mapped:           628340 kB
Shmem:             13244 kB
KReclaimable:     528376 kB
Slab:             320364 kB
SReclaimable:      94280 kB
SUnreclaim:       226084 kB
KernelStack:       45616 kB
ShadowCallStack:   11440 kB
PageTables:        75508 kB
NFS_Unstable:          0 kB
Bounce:                0 kB
WritebackTmp:          0 kB
CommitLimit:     8677876 kB
Committed_AS:   68049788 kB
VmallocTotal:   263061440 kB
VmallocUsed:      127520 kB
VmallocChunk:          0 kB
Percpu:             2520 kB
CmaTotal:         405504 kB
CmaFree:               0 kB
MemTotal:        7918584 kB
MemFree:          289132 kB
MemAvailable:    1713332 kB
Buffers:            4492 kB
Cached:          1303520 kB
SwapCached:        16208 kB
Active:          4306368 kB
Inactive:         855096 kB
Active(anon):    3766436 kB
Inactive(anon):   105068 kB
Active(file):     539932 kB
Inactive(file):   750028 kB
Unevictable:        6544 kB
Mlocked:            6104 kB
SwapTotal:       4718584 kB
SwapFree:        3961376 kB
Dirty:               648 kB
Writeback:             0 kB
AnonPages:       3856368 kB
Mapped:           627644 kB
Shmem:             13244 kB
KReclaimable:     524464 kB
Slab:             319432 kB
SReclaimable:      93432 kB
SUnreclaim:       226000 kB
KernelStack:       45584 kB
ShadowCallStack:   11424 kB
PageTables:        75484 kB
NFS_Unstable:          0 kB
Bounce:                0 kB
WritebackTmp:          0 kB
CommitLimit:     8677876 kB
Committed_AS:   68115324 kB
VmallocTotal:   263061440 kB
VmallocUsed:      127528 kB
VmallocChunk:          0 kB
Percpu:             2520 kB
CmaTotal:         405504 kB
CmaFree:               0 kB
MemTotal:        7918584 kB
MemFree:          233676 kB
MemAvailable:    1474292 kB
Buffers:            2280 kB
Cached:          1254716 kB
SwapCached:        16208 kB
Active:          4451824 kB
Inactive:         774648 kB
Active(anon):    3882520 kB
Inactive(anon):   105068 kB
Active(file):     569304 kB
Inactive(file):   669580 kB
Unevictable:        6544 kB
Mlocked:            6104 kB
SwapTotal:       4718584 kB
SwapFree:        3961376 kB
Dirty:               648 kB
Writeback:             0 kB
AnonPages:       3972588 kB
Mapped:           619096 kB
Shmem:             13304 kB
KReclaimable:     391956 kB
Slab:             318348 kB
SReclaimable:      92048 kB
SUnreclaim:       226300 kB
KernelStack:       45712 kB
ShadowCallStack:   11464 kB
PageTables:        76052 kB
NFS_Unstable:          0 kB
Bounce:                0 kB
WritebackTmp:          0 kB
CommitLimit:     8677876 kB
Committed_AS:   68279560 kB
VmallocTotal:   263061440 kB
VmallocUsed:      127660 kB
VmallocChunk:          0 kB
Percpu:             2520 kB
CmaTotal:         405504 kB
CmaFree:               0 kB
MemTotal:        7918584 kB
MemFree:          231244 kB
MemAvailable:    1415436 kB
Buffers:            2280 kB
Cached:          1212772 kB
SwapCached:        16208 kB
Active:          4512668 kB
Inactive:         732468 kB
Active(anon):    3943364 kB
Inactive(anon):   105064 kB
Active(file):     569304 kB
Inactive(file):   627404 kB
Unevictable:        6544 kB
Mlocked:            6104 kB
SwapTotal:       4718584 kB
SwapFree:        3961376 kB
Dirty:               648 kB
Writeback:             0 kB
AnonPages:       4033308 kB
Mapped:           619516 kB
Shmem:             13392 kB
KReclaimable:     377708 kB
Slab:             317300 kB
SReclaimable:      90968 kB
SUnreclaim:       226332 kB
KernelStack:       45712 kB
ShadowCallStack:   11456 kB
PageTables:        76396 kB
NFS_Unstable:          0 kB
Bounce:                0 kB
WritebackTmp:          0 kB
CommitLimit:     8677876 kB
Committed_AS:   68410632 kB
VmallocTotal:   263061440 kB
VmallocUsed:      127708 kB
VmallocChunk:          0 kB
Percpu:             2520 kB
CmaTotal:         405504 kB
CmaFree:               0 kB
MemTotal:        7918584 kB
MemFree:          232352 kB
MemAvailable:    1537348 kB
Buffers:            2256 kB
Cached:          1204796 kB
SwapCached:        16208 kB
Active:          4520724 kB
Inactive:         724756 kB
Active(anon):    3951420 kB
Inactive(anon):   105064 kB
Active(file):     569304 kB
Inactive(file):   619692 kB
Unevictable:        6544 kB
Mlocked:            6104 kB
SwapTotal:       4718584 kB
SwapFree:        3961376 kB
Dirty:               348 kB
Writeback:             0 kB
AnonPages:       4041368 kB
Mapped:           619408 kB
Shmem:             13248 kB
KReclaimable:     506224 kB
Slab:             317032 kB
SReclaimable:      90860 kB
SUnreclaim:       226172 kB
KernelStack:       45600 kB
ShadowCallStack:   11428 kB
PageTables:        76516 kB
NFS_Unstable:          0 kB
Bounce:                0 kB
WritebackTmp:          0 kB
CommitLimit:     8677876 kB
Committed_AS:   68525520 kB
VmallocTotal:   263061440 kB
VmallocUsed:      127500 kB
VmallocChunk:          0 kB
Percpu:             2520 kB
CmaTotal:         405504 kB
CmaFree:               0 kB
MemTotal:        7918584 kB
MemFree:          235136 kB
MemAvailable:    1471928 kB
Buffers:            2264 kB
Cached:          1146528 kB
SwapCached:        16208 kB
Active:          4584468 kB
Inactive:         666408 kB
Active(anon):    4015076 kB
Inactive(anon):   105064 kB
Active(file):     569392 kB
Inactive(file):   561344 kB
Unevictable:        6544 kB
Mlocked:            6104 kB
SwapTotal:       4718584 kB
SwapFree:        3961376 kB
Dirty:               380 kB
Writeback:             0 kB
AnonPages:       4105068 kB
Mapped:           620056 kB
Shmem:             13248 kB
KReclaimable:     496280 kB
Slab:             316252 kB
SReclaimable:      89988 kB
SUnreclaim:       226264 kB
KernelStack:       45600 kB
ShadowCallStack:   11428 kB
PageTables:        76760 kB
NFS_Unstable:          0 kB
Bounce:                0 kB
WritebackTmp:          0 kB
CommitLimit:     8677876 kB
Committed_AS:   68640208 kB
VmallocTotal:   263061440 kB
VmallocUsed:      127500 kB
VmallocChunk:          0 kB
Percpu:             2520 kB
CmaTotal:         405504 kB
CmaFree:               0 kB
MemTotal:        7918584 kB
MemFree:          244948 kB
MemAvailable:    1399088 kB
Buffers:            2176 kB
Cached:          1081284 kB
SwapCached:        16208 kB
Active:          4705944 kB
Inactive:         552176 kB
Active(anon):    4087828 kB
Inactive(anon):   105064 kB
Active(file):     618116 kB
Inactive(file):   447112 kB
Unevictable:        6544 kB
Mlocked:            6104 kB
SwapTotal:       4718584 kB
SwapFree:        3962656 kB
Dirty:               392 kB
Writeback:             0 kB
AnonPages:       4177652 kB
Mapped:           610076 kB
Shmem:             13252 kB
KReclaimable:     479136 kB
Slab:             315076 kB
SReclaimable:      88836 kB
SUnreclaim:       226240 kB
KernelStack:       45568 kB
ShadowCallStack:   11420 kB
PageTables:        76668 kB
NFS_Unstable:          0 kB
Bounce:                0 kB
WritebackTmp:          0 kB
CommitLimit:     8677876 kB
Committed_AS:   68787664 kB
VmallocTotal:   263061440 kB
VmallocUsed:      127516 kB
VmallocChunk:          0 kB
Percpu:             2520 kB
CmaTotal:         405504 kB
CmaFree:               8 kB
MemTotal:        7918584 kB
MemFree:          231500 kB
MemAvailable:    1340012 kB
Buffers:            2176 kB
Cached:          1043024 kB
SwapCached:        16208 kB
Active:          4771864 kB
Inactive:         505936 kB
Active(anon):    4145588 kB
Inactive(anon):   105060 kB
Active(file):     626276 kB
Inactive(file):   400876 kB
Unevictable:        6544 kB
Mlocked:            6104 kB
SwapTotal:       4718584 kB
SwapFree:        3962656 kB
Dirty:               460 kB
Writeback:             0 kB
AnonPages:       4235840 kB
Mapped:           597196 kB
Shmem:             13252 kB
KReclaimable:     471584 kB
Slab:             314668 kB
SReclaimable:      88228 kB
SUnreclaim:       226440 kB
KernelStack:       45616 kB
ShadowCallStack:   11428 kB
PageTables:        77516 kB
NFS_Unstable:          0 kB
Bounce:                0 kB
WritebackTmp:          0 kB
CommitLimit:     8677876 kB
Committed_AS:   68918736 kB
VmallocTotal:   263061440 kB
VmallocUsed:      127500 kB
VmallocChunk:          0 kB
Percpu:             2520 kB
CmaTotal:         405504 kB
CmaFree:               0 kB
MemTotal:        7918584 kB
MemFree:          239568 kB
MemAvailable:    1287928 kB
Buffers:            2164 kB
Cached:           992420 kB
SwapCached:        16208 kB
Active:          4837440 kB
Inactive:         441132 kB
Active(anon):    4197184 kB
Inactive(anon):   105068 kB
Active(file):     640256 kB
Inactive(file):   336064 kB
Unevictable:        6544 kB
Mlocked:            6104 kB
SwapTotal:       4718584 kB
SwapFree:        3962656 kB
Dirty:               464 kB
Writeback:             0 kB
AnonPages:       4287212 kB
Mapped:           582160 kB
Shmem:             13256 kB
KReclaimable:     462264 kB
Slab:             314064 kB
SReclaimable:      87644 kB
SUnreclaim:       226420 kB
KernelStack:       45568 kB
ShadowCallStack:   11408 kB
PageTables:        77364 kB
NFS_Unstable:          0 kB
Bounce:                0 kB
WritebackTmp:          0 kB
CommitLimit:     8677876 kB
Committed_AS:   69033432 kB
VmallocTotal:   263061440 kB
VmallocUsed:      127500 kB
VmallocChunk:          0 kB
Percpu:             2520 kB
CmaTotal:         405504 kB
CmaFree:               0 kB
MemTotal:        7918584 kB
MemFree:          232752 kB
MemAvailable:    1223168 kB
Buffers:            2008 kB
Cached:           941948 kB
SwapCached:        16208 kB
Active:          4901604 kB
Inactive:         389596 kB
Active(anon):    4260248 kB
Inactive(anon):   105068 kB
Active(file):     641356 kB
Inactive(file):   284528 kB
Unevictable:        6544 kB
Mlocked:            6104 kB
SwapTotal:       4718584 kB
SwapFree:        3962656 kB
Dirty:               136 kB
Writeback:             0 kB
AnonPages:       4350276 kB
Mapped:           582904 kB
Shmem:             13264 kB
KReclaimable:     454756 kB
Slab:             312668 kB
SReclaimable:      86128 kB
SUnreclaim:       226540 kB
KernelStack:       45600 kB
ShadowCallStack:   11436 kB
PageTables:        77692 kB
NFS_Unstable:          0 kB
Bounce:                0 kB
WritebackTmp:          0 kB
CommitLimit:     8677876 kB
Committed_AS:   69180892 kB
VmallocTotal:   263061440 kB
VmallocUsed:      127500 kB
VmallocChunk:          0 kB
Percpu:             2520 kB
CmaTotal:         405504 kB
CmaFree:               0 kB
MemTotal:        7918584 kB
MemFree:          234876 kB
MemAvailable:    1148908 kB
Buffers:            1988 kB
Cached:           876624 kB
SwapCached:        16208 kB
Active:          4986780 kB
Inactive:         312140 kB
Active(anon):    4333480 kB
Inactive(anon):   105060 kB
Active(file):     653300 kB
Inactive(file):   207080 kB
Unevictable:        6544 kB
Mlocked:            6104 kB
SwapTotal:       4718584 kB
SwapFree:        3962656 kB
Dirty:               128 kB
Writeback:            20 kB
AnonPages:       4423480 kB
Mapped:           582048 kB
Shmem:             13268 kB
KReclaimable:     443876 kB
Slab:             311328 kB
SReclaimable:      84696 kB
SUnreclaim:       226632 kB
KernelStack:       45600 kB
ShadowCallStack:   11428 kB
PageTables:        78172 kB
NFS_Unstable:          0 kB
Bounce:                0 kB
WritebackTmp:          0 kB
CommitLimit:     8677876 kB
Committed_AS:   69328248 kB
VmallocTotal:   263061440 kB
VmallocUsed:      127456 kB
VmallocChunk:          0 kB
Percpu:             2520 kB
CmaTotal:         405504 kB
CmaFree:               0 kB
MemTotal:        7918584 kB
MemFree:          233872 kB
MemAvailable:    1115672 kB
Buffers:            1988 kB
Cached:           848836 kB
SwapCached:        16208 kB
Active:          5019384 kB
Inactive:         284516 kB
Active(anon):    4366084 kB
Inactive(anon):   105068 kB
Active(file):     653300 kB
Inactive(file):   179448 kB
Unevictable:        6544 kB
Mlocked:            6104 kB
SwapTotal:       4718584 kB
SwapFree:        3962656 kB
Dirty:               216 kB
Writeback:             0 kB
AnonPages:       4456196 kB
Mapped:           582248 kB
Shmem:             13268 kB
KReclaimable:     439528 kB
Slab:             310420 kB
SReclaimable:      83828 kB
SUnreclaim:       226592 kB
KernelStack:       45552 kB
ShadowCallStack:   11416 kB
PageTables:        78168 kB
NFS_Unstable:          0 kB
Bounce:                0 kB
WritebackTmp:          0 kB
CommitLimit:     8677876 kB
Committed_AS:   69410116 kB
VmallocTotal:   263061440 kB
VmallocUsed:      127436 kB
VmallocChunk:          0 kB
Percpu:             2520 kB
CmaTotal:         405504 kB
CmaFree:               0 kB
MemTotal:        7918584 kB
MemFree:          229216 kB
MemAvailable:    1043236 kB
Buffers:             628 kB
Cached:           793244 kB
SwapCached:        16208 kB
Active:          5132456 kB
Inactive:         185696 kB
Active(anon):    4449092 kB
Inactive(anon):    93432 kB
Active(file):     683364 kB
Inactive(file):    92264 kB
Unevictable:        6544 kB
Mlocked:            6104 kB
SwapTotal:       4718584 kB
SwapFree:        3962656 kB
Dirty:               216 kB
Writeback:             0 kB
AnonPages:       4527268 kB
Mapped:           581000 kB
Shmem:             13268 kB
KReclaimable:     428616 kB
Slab:             309148 kB
SReclaimable:      82476 kB
SUnreclaim:       226672 kB
KernelStack:       45488 kB
ShadowCallStack:   11412 kB
PageTables:        78196 kB
NFS_Unstable:          0 kB
Bounce:                0 kB
WritebackTmp:          0 kB
CommitLimit:     8677876 kB
Committed_AS:   69557416 kB
VmallocTotal:   263061440 kB
VmallocUsed:      127376 kB
VmallocChunk:          0 kB
Percpu:             2520 kB
CmaTotal:         405504 kB
CmaFree:             252 kB
MemTotal:        7918584 kB
MemFree:          237896 kB
MemAvailable:     991420 kB
Buffers:             560 kB
Cached:           759764 kB
SwapCached:        14932 kB
Active:          5298572 kB
Inactive:          34584 kB
Active(anon):    4579500 kB
Inactive(anon):    11368 kB
Active(file):     719072 kB
Inactive(file):    23216 kB
Unevictable:        6544 kB
Mlocked:            6104 kB
SwapTotal:       4718584 kB
SwapFree:        3945504 kB
Dirty:               216 kB
Writeback:             0 kB
AnonPages:       4577088 kB
Mapped:           564736 kB
Shmem:             13228 kB
KReclaimable:     401460 kB
Slab:             309036 kB
SReclaimable:      82424 kB
SUnreclaim:       226612 kB
KernelStack:       45488 kB
ShadowCallStack:   11408 kB
PageTables:        78692 kB
NFS_Unstable:          0 kB
Bounce:                0 kB
WritebackTmp:          0 kB
CommitLimit:     8677876 kB
Committed_AS:   69672052 kB
VmallocTotal:   263061440 kB
VmallocUsed:      127376 kB
VmallocChunk:          0 kB
Percpu:             2520 kB
CmaTotal:         405504 kB
CmaFree:               0 kB
MemTotal:        7918584 kB
MemFree:          228360 kB
MemAvailable:     960012 kB
Buffers:             424 kB
Cached:           742432 kB
SwapCached:        14924 kB
Active:          5337540 kB
Inactive:          10232 kB
Active(anon):    4617048 kB
Inactive(anon):     5904 kB
Active(file):     720492 kB
Inactive(file):     4328 kB
Unevictable:        6544 kB
Mlocked:            6104 kB
SwapTotal:       4718584 kB
SwapFree:        3945504 kB
Dirty:               220 kB
Writeback:             0 kB
AnonPages:       4609136 kB
Mapped:           557464 kB
Shmem:             13228 kB
KReclaimable:     397056 kB
Slab:             309108 kB
SReclaimable:      82420 kB
SUnreclaim:       226688 kB
KernelStack:       45088 kB
ShadowCallStack:   11292 kB
PageTables:        79148 kB
NFS_Unstable:          0 kB
Bounce:                0 kB
WritebackTmp:          0 kB
CommitLimit:     8677876 kB
Committed_AS:   69753868 kB
VmallocTotal:   263061440 kB
VmallocUsed:      126816 kB
VmallocChunk:          0 kB
Percpu:             2520 kB
CmaTotal:         405504 kB
CmaFree:               4 kB
MemTotal:        7918584 kB
MemFree:          236744 kB
MemAvailable:     943952 kB
Buffers:             424 kB
Cached:           737272 kB
SwapCached:        10132 kB
Active:           626188 kB
Inactive:        4717868 kB
Active(anon):     548800 kB
Inactive(anon):  4074300 kB
Active(file):      77388 kB
Inactive(file):   643568 kB
Unevictable:        6544 kB
Mlocked:            6104 kB
SwapTotal:       4718584 kB
SwapFree:        3887648 kB
Dirty:               220 kB
Writeback:             0 kB
AnonPages:       4611796 kB
Mapped:           555060 kB
Shmem:             11932 kB
KReclaimable:     376476 kB
Slab:             309052 kB
SReclaimable:      82416 kB
SUnreclaim:       226636 kB
KernelStack:       44992 kB
ShadowCallStack:   11284 kB
PageTables:        79148 kB
NFS_Unstable:          0 kB
Bounce:                0 kB
WritebackTmp:          0 kB
CommitLimit:     8677876 kB
Committed_AS:   69868404 kB
VmallocTotal:   263061440 kB
VmallocUsed:      126760 kB
VmallocChunk:          0 kB
Percpu:             2520 kB
CmaTotal:         405504 kB
CmaFree:               0 kB
MemTotal:        7918584 kB
MemFree:          237404 kB
MemAvailable:     920860 kB
Buffers:             436 kB
Cached:           736956 kB
SwapCached:         8084 kB
Active:           858600 kB
Inactive:        4497908 kB
Active(anon):     780984 kB
Inactive(anon):  3854552 kB
Active(file):      77616 kB
Inactive(file):   643356 kB
Unevictable:        6544 kB
Mlocked:            6104 kB
SwapTotal:       4718584 kB
SwapFree:        3841312 kB
Dirty:               232 kB
Writeback:             0 kB
AnonPages:       4625428 kB
Mapped:           555316 kB
Shmem:             11552 kB
KReclaimable:     352708 kB
Slab:             308972 kB
SReclaimable:      82416 kB
SUnreclaim:       226556 kB
KernelStack:       44896 kB
ShadowCallStack:   11264 kB
PageTables:        79248 kB
NFS_Unstable:          0 kB
Bounce:                0 kB
WritebackTmp:          0 kB
CommitLimit:     8677876 kB
Committed_AS:   69982884 kB
VmallocTotal:   263061440 kB
VmallocUsed:      126680 kB
VmallocChunk:          0 kB
Percpu:             2520 kB
CmaTotal:         405504 kB
CmaFree:               0 kB
MemTotal:        7918584 kB
MemFree:          235688 kB
MemAvailable:     887012 kB
Buffers:             428 kB
Cached:           731228 kB
SwapCached:         8080 kB
Active:          1118056 kB
Inactive:        4267004 kB
Active(anon):    1029812 kB
Inactive(anon):  3640104 kB
Active(file):      88244 kB
Inactive(file):   626900 kB
Unevictable:        6544 kB
Mlocked:            6104 kB
SwapTotal:       4718584 kB
SwapFree:        3841568 kB
Dirty:               252 kB
Writeback:             0 kB
AnonPages:       4660052 kB
Mapped:           550568 kB
Shmem:             11672 kB
KReclaimable:     326404 kB
Slab:             309048 kB
SReclaimable:      82392 kB
SUnreclaim:       226656 kB
KernelStack:       44976 kB
ShadowCallStack:   11264 kB
PageTables:        79468 kB
NFS_Unstable:          0 kB
Bounce:                0 kB
WritebackTmp:          0 kB
CommitLimit:     8677876 kB
Committed_AS:   70064804 kB
VmallocTotal:   263061440 kB
VmallocUsed:      126696 kB
VmallocChunk:          0 kB
Percpu:             2520 kB
CmaTotal:         405504 kB
CmaFree:            1548 kB
MemTotal:        7918584 kB
MemFree:          233040 kB
MemAvailable:     815924 kB
Buffers:             456 kB
Cached:           678100 kB
SwapCached:         8080 kB
Active:          1190820 kB
Inactive:        4211316 kB
Active(anon):    1100188 kB
Inactive(anon):  3640084 kB
Active(file):      90632 kB
Inactive(file):   571232 kB
Unevictable:        6544 kB
Mlocked:            6104 kB
SwapTotal:       4718584 kB
SwapFree:        3841568 kB
Dirty:               252 kB
Writeback:             0 kB
AnonPages:       4730348 kB
Mapped:           528652 kB
Shmem:             11672 kB
KReclaimable:     311244 kB
Slab:             309092 kB
SReclaimable:      82392 kB
SUnreclaim:       226700 kB
KernelStack:       44944 kB
ShadowCallStack:   11272 kB
PageTables:        79844 kB
NFS_Unstable:          0 kB
Bounce:                0 kB
WritebackTmp:          0 kB
CommitLimit:     8677876 kB
Committed_AS:   70195876 kB
VmallocTotal:   263061440 kB
VmallocUsed:      126700 kB
VmallocChunk:          0 kB
Percpu:             2520 kB
CmaTotal:         405504 kB
CmaFree:               0 kB
MemTotal:        7918584 kB
MemFree:          234020 kB
MemAvailable:     746652 kB
Buffers:             444 kB
Cached:           624772 kB
SwapCached:         8080 kB
Active:          1269492 kB
Inactive:        4148276 kB
Active(anon):    1169332 kB
Inactive(anon):  3639676 kB
Active(file):     100160 kB
Inactive(file):   508600 kB
Unevictable:        6544 kB
Mlocked:            6104 kB
SwapTotal:       4718584 kB
SwapFree:        3843872 kB
Dirty:               252 kB
Writeback:             0 kB
AnonPages:       4799160 kB
Mapped:           498220 kB
Shmem:             11676 kB
KReclaimable:     294096 kB
Slab:             309212 kB
SReclaimable:      82380 kB
SUnreclaim:       226832 kB
KernelStack:       44912 kB
ShadowCallStack:   11268 kB
PageTables:        80016 kB
NFS_Unstable:          0 kB
Bounce:                0 kB
WritebackTmp:          0 kB
CommitLimit:     8677876 kB
Committed_AS:   70326952 kB
VmallocTotal:   263061440 kB
VmallocUsed:      126664 kB
VmallocChunk:          0 kB
Percpu:             2520 kB
CmaTotal:         405504 kB
CmaFree:               0 kB
MemTotal:        7918584 kB
MemFree:          232148 kB
MemAvailable:     701752 kB
Buffers:             548 kB
Cached:           591080 kB
SwapCached:         8084 kB
Active:          1317516 kB
Inactive:        4110456 kB
Active(anon):    1213476 kB
Inactive(anon):  3639676 kB
Active(file):     104040 kB
Inactive(file):   470780 kB
Unevictable:        6544 kB
Mlocked:            6104 kB
SwapTotal:       4718584 kB
SwapFree:        3845152 kB
Dirty:               108 kB
Writeback:             0 kB
AnonPages:       4843172 kB
Mapped:           489476 kB
Shmem:             11704 kB
KReclaimable:     285008 kB
Slab:             309156 kB
SReclaimable:      82380 kB
SUnreclaim:       226776 kB
KernelStack:       44912 kB
ShadowCallStack:   11260 kB
PageTables:        80292 kB
NFS_Unstable:          0 kB
Bounce:                0 kB
WritebackTmp:          0 kB
CommitLimit:     8677876 kB
Committed_AS:   70408768 kB
VmallocTotal:   263061440 kB
VmallocUsed:      126640 kB
VmallocChunk:          0 kB
Percpu:             2520 kB
CmaTotal:         405504 kB
CmaFree:               0 kB
MemTotal:        7918584 kB
MemFree:          234328 kB
MemAvailable:     626100 kB
Buffers:             548 kB
Cached:           528048 kB
SwapCached:         8084 kB
Active:          1394968 kB
Inactive:        4045168 kB
Active(anon):    1288400 kB
Inactive(anon):  3639676 kB
Active(file):     106568 kB
Inactive(file):   405492 kB
Unevictable:        6544 kB
Mlocked:            6104 kB
SwapTotal:       4718584 kB
SwapFree:        3845920 kB
Dirty:               184 kB
Writeback:             0 kB
AnonPages:       4918092 kB
Mapped:           485012 kB
Shmem:             11728 kB
KReclaimable:     269936 kB
Slab:             309180 kB
SReclaimable:      82380 kB
SUnreclaim:       226800 kB
KernelStack:       45008 kB
ShadowCallStack:   11280 kB
PageTables:        80484 kB
NFS_Unstable:          0 kB
Bounce:                0 kB
WritebackTmp:          0 kB
CommitLimit:     8677876 kB
Committed_AS:   70556404 kB
VmallocTotal:   263061440 kB
VmallocUsed:      126724 kB
VmallocChunk:          0 kB
Percpu:             2520 kB
CmaTotal:         405504 kB
CmaFree:               4 kB
MemTotal:        7918584 kB
MemFree:          232160 kB
MemAvailable:     567340 kB
Buffers:             544 kB
Cached:           480396 kB
SwapCached:         8084 kB
Active:          1452644 kB
Inactive:        3997340 kB
Active(anon):    1346016 kB
Inactive(anon):  3639652 kB
Active(file):     106628 kB
Inactive(file):   357688 kB
Unevictable:        6544 kB
Mlocked:            6104 kB
SwapTotal:       4718584 kB
SwapFree:        3845920 kB
Dirty:               280 kB
Writeback:             0 kB
AnonPages:       4975704 kB
Mapped:           478580 kB
Shmem:             11728 kB
KReclaimable:     261088 kB
Slab:             309268 kB
SReclaimable:      82380 kB
SUnreclaim:       226888 kB
KernelStack:       44928 kB
ShadowCallStack:   11264 kB
PageTables:        80992 kB
NFS_Unstable:          0 kB
Bounce:                0 kB
WritebackTmp:          0 kB
CommitLimit:     8677876 kB
Committed_AS:   70687304 kB
VmallocTotal:   263061440 kB
VmallocUsed:      126644 kB
VmallocChunk:          0 kB
Percpu:             2520 kB
CmaTotal:         405504 kB
CmaFree:               0 kB
MemTotal:        7918584 kB
MemFree:          232740 kB
MemAvailable:     527364 kB
Buffers:             552 kB
Cached:           446396 kB
SwapCached:         8084 kB
Active:          1494692 kB
Inactive:        3962044 kB
Active(anon):    1386704 kB
Inactive(anon):  3639632 kB
Active(file):     107988 kB
Inactive(file):   322412 kB
Unevictable:        6544 kB
Mlocked:            6104 kB
SwapTotal:       4718584 kB
SwapFree:        3846432 kB
Dirty:               492 kB
Writeback:             0 kB
AnonPages:       5016376 kB
Mapped:           478924 kB
Shmem:             11736 kB
KReclaimable:     254448 kB
Slab:             309208 kB
SReclaimable:      82364 kB
SUnreclaim:       226844 kB
KernelStack:       44992 kB
ShadowCallStack:   11276 kB
PageTables:        80800 kB
NFS_Unstable:          0 kB
Bounce:                0 kB
WritebackTmp:          0 kB
CommitLimit:     8677876 kB
Committed_AS:   70752968 kB
VmallocTotal:   263061440 kB
VmallocUsed:      126700 kB
VmallocChunk:          0 kB
Percpu:             2520 kB
CmaTotal:         405504 kB
CmaFree:               0 kB
MemTotal:        7918584 kB
MemFree:          234056 kB
MemAvailable:     331736 kB
Buffers:             520 kB
Cached:           302152 kB
SwapCached:         8088 kB
Active:          1625544 kB
Inactive:        3798604 kB
Active(anon):    1498616 kB
Inactive(anon):  3639588 kB
Active(file):     126928 kB
Inactive(file):   159016 kB
Unevictable:        6544 kB
Mlocked:            6104 kB
SwapTotal:       4718584 kB
SwapFree:        3848736 kB
Dirty:               492 kB
Writeback:             0 kB
AnonPages:       5128020 kB
Mapped:           429360 kB
Shmem:             11920 kB
KReclaimable:     161396 kB
Slab:             309288 kB
SReclaimable:      82208 kB
SUnreclaim:       227080 kB
KernelStack:       45056 kB
ShadowCallStack:   11292 kB
PageTables:        81112 kB
NFS_Unstable:          0 kB
Bounce:                0 kB
WritebackTmp:          0 kB
CommitLimit:     8677876 kB
Committed_AS:   70900692 kB
VmallocTotal:   263061440 kB
VmallocUsed:      126852 kB
VmallocChunk:          0 kB
Percpu:             2520 kB
CmaTotal:         405504 kB
CmaFree:               0 kB
MemTotal:        7918584 kB
MemFree:          234388 kB
MemAvailable:     384232 kB
Buffers:             520 kB
Cached:           276596 kB
SwapCached:         8088 kB
Active:          1657292 kB
Inactive:        3770228 kB
Active(anon):    1527340 kB
Inactive(anon):  3639588 kB
Active(file):     129952 kB
Inactive(file):   130640 kB
Unevictable:        6544 kB
Mlocked:            6104 kB
SwapTotal:       4718584 kB
SwapFree:        3848736 kB
Dirty:               320 kB
Writeback:             0 kB
AnonPages:       5156960 kB
Mapped:           403444 kB
Shmem:             11792 kB
KReclaimable:     279476 kB
Slab:             308456 kB
SReclaimable:      81452 kB
SUnreclaim:       227004 kB
KernelStack:       44928 kB
ShadowCallStack:   11268 kB
PageTables:        81340 kB
NFS_Unstable:          0 kB
Bounce:                0 kB
WritebackTmp:          0 kB
CommitLimit:     8677876 kB
Committed_AS:   71031368 kB
VmallocTotal:   263061440 kB
VmallocUsed:      126676 kB
VmallocChunk:          0 kB
Percpu:             2520 kB
CmaTotal:         405504 kB
CmaFree:               0 kB
MemTotal:        7918584 kB
MemFree:          232112 kB
MemAvailable:     344320 kB
Buffers:             520 kB
Cached:           231748 kB
SwapCached:         8088 kB
Active:          1722924 kB
Inactive:        3711092 kB
Active(anon):    1578760 kB
Inactive(anon):  3639588 kB
Active(file):     144164 kB
Inactive(file):    71504 kB
Unevictable:        6544 kB
Mlocked:            6104 kB
SwapTotal:       4718584 kB
SwapFree:        3848736 kB
Dirty:               256 kB
Writeback:             0 kB
AnonPages:       5208372 kB
Mapped:           359820 kB
Shmem:             11792 kB
KReclaimable:     273336 kB
Slab:             306004 kB
SReclaimable:      78948 kB
SUnreclaim:       227056 kB
KernelStack:       44944 kB
ShadowCallStack:   11264 kB
PageTables:        81548 kB
NFS_Unstable:          0 kB
Bounce:                0 kB
WritebackTmp:          0 kB
CommitLimit:     8677876 kB
Committed_AS:   71113284 kB
VmallocTotal:   263061440 kB
VmallocUsed:      126676 kB
VmallocChunk:          0 kB
Percpu:             2520 kB
CmaTotal:         405504 kB
CmaFree:               0 kB
MemTotal:        7918584 kB
MemFree:          229436 kB
MemAvailable:     303200 kB
Buffers:             392 kB
Cached:           185596 kB
SwapCached:         8080 kB
Active:          1988548 kB
Inactive:        3461120 kB
Active(anon):    1819396 kB
Inactive(anon):  3460916 kB
Active(file):     169152 kB
Inactive(file):      204 kB
Unevictable:        6544 kB
Mlocked:            6104 kB
SwapTotal:       4718584 kB
SwapFree:        3848224 kB
Dirty:               256 kB
Writeback:             0 kB
AnonPages:       5270392 kB
Mapped:           326536 kB
Shmem:             11792 kB
KReclaimable:     258048 kB
Slab:             306060 kB
SReclaimable:      78932 kB
SUnreclaim:       227128 kB
KernelStack:       44976 kB
ShadowCallStack:   11264 kB
PageTables:        81912 kB
NFS_Unstable:          0 kB
Bounce:                0 kB
WritebackTmp:          0 kB
CommitLimit:     8677876 kB
Committed_AS:   71244356 kB
VmallocTotal:   263061440 kB
VmallocUsed:      126700 kB
VmallocChunk:          0 kB
Percpu:             2520 kB
CmaTotal:         405504 kB
CmaFree:              76 kB
MemTotal:        7918584 kB
MemFree:          232508 kB
MemAvailable:     278848 kB
Buffers:             392 kB
Cached:           186104 kB
SwapCached:         8080 kB
Active:          2612688 kB
Inactive:        2873472 kB
Active(anon):    2442792 kB
Inactive(anon):  2873472 kB
Active(file):     169896 kB
Inactive(file):        0 kB
Unevictable:        6544 kB
Mlocked:            6104 kB
SwapTotal:       4718584 kB
SwapFree:        3839264 kB
Dirty:               256 kB
Writeback:             0 kB
AnonPages:       5306316 kB
Mapped:           326684 kB
Shmem:             11792 kB
KReclaimable:     218192 kB
Slab:             306068 kB
SReclaimable:      78932 kB
SUnreclaim:       227136 kB
KernelStack:       44992 kB
ShadowCallStack:   11284 kB
PageTables:        81920 kB
NFS_Unstable:          0 kB
Bounce:                0 kB
WritebackTmp:          0 kB
CommitLimit:     8677876 kB
Committed_AS:   71326276 kB
VmallocTotal:   263061440 kB
VmallocUsed:      126740 kB
VmallocChunk:          0 kB
Percpu:             2520 kB
CmaTotal:         405504 kB
CmaFree:               0 kB
MemTotal:        7918584 kB
MemFree:          231080 kB
MemAvailable:     258812 kB
Buffers:             460 kB
Cached:           195124 kB
SwapCached:         8084 kB
Active:          3048788 kB
Inactive:        2482784 kB
Active(anon):    2869796 kB
Inactive(anon):  2482784 kB
Active(file):     178992 kB
Inactive(file):        0 kB
Unevictable:        6544 kB
Mlocked:            6104 kB
SwapTotal:       4718584 kB
SwapFree:        3816736 kB
Dirty:               200 kB
Writeback:             0 kB
AnonPages:       5342616 kB
Mapped:           328464 kB
Shmem:             11788 kB
KReclaimable:     171880 kB
Slab:             305888 kB
SReclaimable:      78908 kB
SUnreclaim:       226980 kB
KernelStack:       44976 kB
ShadowCallStack:   11280 kB
PageTables:        82012 kB
NFS_Unstable:          0 kB
Bounce:                0 kB
WritebackTmp:          0 kB
CommitLimit:     8677876 kB
Committed_AS:   71424580 kB
VmallocTotal:   263061440 kB
VmallocUsed:      126740 kB
VmallocChunk:          0 kB
Percpu:             2520 kB
CmaTotal:         405504 kB
CmaFree:               0 kB
MemTotal:        7918584 kB
MemFree:          230988 kB
MemAvailable:     255972 kB
Buffers:             484 kB
Cached:           196540 kB
SwapCached:         8084 kB
Active:          3132264 kB
Inactive:        2405536 kB
Active(anon):    2951916 kB
Inactive(anon):  2405464 kB
Active(file):     180348 kB
Inactive(file):       72 kB
Unevictable:        6544 kB
Mlocked:            6104 kB
SwapTotal:       4718584 kB
SwapFree:        3741216 kB
Dirty:               208 kB
Writeback:             0 kB
AnonPages:       5347316 kB
Mapped:           329352 kB
Shmem:             11792 kB
KReclaimable:     164952 kB
Slab:             306044 kB
SReclaimable:      78908 kB
SUnreclaim:       227136 kB
KernelStack:       45024 kB
ShadowCallStack:   11284 kB
PageTables:        82564 kB
NFS_Unstable:          0 kB
Bounce:                0 kB
WritebackTmp:          0 kB
CommitLimit:     8677876 kB
Committed_AS:   71572060 kB
VmallocTotal:   263061440 kB
VmallocUsed:      126776 kB
VmallocChunk:          0 kB
Percpu:             2520 kB
CmaTotal:         405504 kB
CmaFree:               0 kB
MemTotal:        7918584 kB
MemFree:          231808 kB
MemAvailable:     260360 kB
Buffers:             484 kB
Cached:           210352 kB
SwapCached:         8084 kB
Active:          3197900 kB
Inactive:        2345656 kB
Active(anon):    3003668 kB
Inactive(anon):  2345656 kB
Active(file):     194232 kB
Inactive(file):        0 kB
Unevictable:        6544 kB
Mlocked:            6104 kB
SwapTotal:       4718584 kB
SwapFree:        3683872 kB
Dirty:               224 kB
Writeback:             0 kB
AnonPages:       5339332 kB
Mapped:           332224 kB
Shmem:             11800 kB
KReclaimable:     158280 kB
Slab:             306012 kB
SReclaimable:      78908 kB
SUnreclaim:       227104 kB
KernelStack:       45040 kB
ShadowCallStack:   11296 kB
PageTables:        82400 kB
NFS_Unstable:          0 kB
Bounce:                0 kB
WritebackTmp:          0 kB
CommitLimit:     8677876 kB
Committed_AS:   71653964 kB
VmallocTotal:   263061440 kB
VmallocUsed:      126844 kB
VmallocChunk:          0 kB
Percpu:             2520 kB
CmaTotal:         405504 kB
CmaFree:               0 kB
MemTotal:        7918584 kB
MemFree:          231004 kB
MemAvailable:     260048 kB
Buffers:             484 kB
Cached:           216044 kB
SwapCached:         8084 kB
Active:          2942960 kB
Inactive:        2604192 kB
Active(anon):    2782656 kB
Inactive(anon):  2564576 kB
Active(file):     160304 kB
Inactive(file):    39616 kB
Unevictable:        6544 kB
Mlocked:            6104 kB
SwapTotal:       4718584 kB
SwapFree:        3612960 kB
Dirty:               244 kB
Writeback:             0 kB
AnonPages:       5337136 kB
Mapped:           334552 kB
Shmem:             11804 kB
KReclaimable:     153576 kB
Slab:             306120 kB
SReclaimable:      78908 kB
SUnreclaim:       227212 kB
KernelStack:       45040 kB
ShadowCallStack:   11296 kB
PageTables:        82660 kB
NFS_Unstable:          0 kB
Bounce:                0 kB
WritebackTmp:          0 kB
CommitLimit:     8677876 kB
Committed_AS:   71768656 kB
VmallocTotal:   263061440 kB
VmallocUsed:      126824 kB
VmallocChunk:          0 kB
Percpu:             2520 kB
CmaTotal:         405504 kB
CmaFree:               0 kB
MemTotal:        7918584 kB
MemFree:          230440 kB
MemAvailable:     262468 kB
Buffers:             484 kB
Cached:           226700 kB
SwapCached:         8100 kB
Active:          3019456 kB
Inactive:        2531124 kB
Active(anon):    2848504 kB
Inactive(anon):  2491508 kB
Active(file):     170952 kB
Inactive(file):    39616 kB
Unevictable:        6544 kB
Mlocked:            6104 kB
SwapTotal:       4718584 kB
SwapFree:        3543072 kB
Dirty:               264 kB
Writeback:             8 kB
AnonPages:       5330072 kB
Mapped:           336944 kB
Shmem:             11804 kB
KReclaimable:     148896 kB
Slab:             306128 kB
SReclaimable:      78908 kB
SUnreclaim:       227220 kB
KernelStack:       45104 kB
ShadowCallStack:   11296 kB
PageTables:        83300 kB
NFS_Unstable:          0 kB
Bounce:                0 kB
WritebackTmp:          0 kB
CommitLimit:     8677876 kB
Committed_AS:   71883348 kB
VmallocTotal:   263061440 kB
VmallocUsed:      126840 kB
VmallocChunk:          0 kB
Percpu:             2520 kB
CmaTotal:         405504 kB
CmaFree:               0 kB
MemTotal:        7918584 kB
MemFree:          234260 kB
MemAvailable:     264924 kB
Buffers:             484 kB
Cached:           226700 kB
SwapCached:         8096 kB
Active:          3079936 kB
Inactive:        2469936 kB
Active(anon):    2908984 kB
Inactive(anon):  2430320 kB
Active(file):     170952 kB
Inactive(file):    39616 kB
Unevictable:        6544 kB
Mlocked:            6104 kB
SwapTotal:       4718584 kB
SwapFree:        3483936 kB
Dirty:               264 kB
Writeback:             0 kB
AnonPages:       5329268 kB
Mapped:           337428 kB
Shmem:             11808 kB
KReclaimable:     146168 kB
Slab:             306008 kB
SReclaimable:      78908 kB
SUnreclaim:       227100 kB
KernelStack:       45072 kB
ShadowCallStack:   11296 kB
PageTables:        83256 kB
NFS_Unstable:          0 kB
Bounce:                0 kB
WritebackTmp:          0 kB
CommitLimit:     8677876 kB
Committed_AS:   71998040 kB
VmallocTotal:   263061440 kB
VmallocUsed:      126840 kB
VmallocChunk:          0 kB
Percpu:             2520 kB
CmaTotal:         405504 kB
CmaFree:               0 kB
MemTotal:        7918584 kB
MemFree:          232316 kB
MemAvailable:     264324 kB
Buffers:             492 kB
Cached:           234028 kB
SwapCached:         8096 kB
Active:          3150348 kB
Inactive:        2405020 kB
Active(anon):    2972064 kB
Inactive(anon):  2365396 kB
Active(file):     178284 kB
Inactive(file):    39624 kB
Unevictable:        6544 kB
Mlocked:            6104 kB
SwapTotal:       4718584 kB
SwapFree:        3420448 kB
Dirty:               268 kB
Writeback:             0 kB
AnonPages:       5327068 kB
Mapped:           338400 kB
Shmem:             11808 kB
KReclaimable:     141512 kB
Slab:             306080 kB
SReclaimable:      78908 kB
SUnreclaim:       227172 kB
KernelStack:       45056 kB
ShadowCallStack:   11304 kB
PageTables:        83552 kB
NFS_Unstable:          0 kB
Bounce:                0 kB
WritebackTmp:          0 kB
CommitLimit:     8677876 kB
Committed_AS:   72079960 kB
VmallocTotal:   263061440 kB
VmallocUsed:      126840 kB
VmallocChunk:          0 kB
Percpu:             2520 kB
CmaTotal:         405504 kB
CmaFree:               0 kB
MemTotal:        7918584 kB
MemFree:          234900 kB
MemAvailable:     273264 kB
Buffers:             500 kB
Cached:           251280 kB
SwapCached:         8096 kB
Active:          3218956 kB
Inactive:        2335648 kB
Active(anon):    3023440 kB
Inactive(anon):  2296016 kB
Active(file):     195516 kB
Inactive(file):    39632 kB
Unevictable:        6544 kB
Mlocked:            6104 kB
SwapTotal:       4718584 kB
SwapFree:        3353888 kB
Dirty:               104 kB
Writeback:             0 kB
AnonPages:       5309368 kB
Mapped:           343608 kB
Shmem:             11824 kB
KReclaimable:     136984 kB
Slab:             306084 kB
SReclaimable:      78908 kB
SUnreclaim:       227176 kB
KernelStack:       45104 kB
ShadowCallStack:   11320 kB
PageTables:        83636 kB
NFS_Unstable:          0 kB
Bounce:                0 kB
WritebackTmp:          0 kB
CommitLimit:     8677876 kB
Committed_AS:   72161888 kB
VmallocTotal:   263061440 kB
VmallocUsed:      126904 kB
VmallocChunk:          0 kB
Percpu:             2520 kB
CmaTotal:         405504 kB
CmaFree:               0 kB
MemTotal:        7918584 kB
MemFree:          233084 kB
MemAvailable:     270032 kB
Buffers:             500 kB
Cached:           251280 kB
SwapCached:         8096 kB
Active:          3296520 kB
Inactive:        2260308 kB
Active(anon):    3101004 kB
Inactive(anon):  2220668 kB
Active(file):     195516 kB
Inactive(file):    39640 kB
Unevictable:        6544 kB
Mlocked:            6104 kB
SwapTotal:       4718584 kB
SwapFree:        3280160 kB
Dirty:               136 kB
Writeback:             0 kB
AnonPages:       5311388 kB
Mapped:           343988 kB
Shmem:             11824 kB
KReclaimable:     134144 kB
Slab:             306036 kB
SReclaimable:      78924 kB
SUnreclaim:       227112 kB
KernelStack:       45136 kB
ShadowCallStack:   11300 kB
PageTables:        83632 kB
NFS_Unstable:          0 kB
Bounce:                0 kB
WritebackTmp:          0 kB
CommitLimit:     8677876 kB
Committed_AS:   72309344 kB
VmallocTotal:   263061440 kB
VmallocUsed:      126916 kB
VmallocChunk:          0 kB
Percpu:             2520 kB
CmaTotal:         405504 kB
CmaFree:               0 kB
MemTotal:        7918584 kB
MemFree:          234320 kB
MemAvailable:     270712 kB
Buffers:             500 kB
Cached:           252648 kB
SwapCached:         7848 kB
Active:          3359784 kB
Inactive:        2198664 kB
Active(anon):    3162916 kB
Inactive(anon):  2159024 kB
Active(file):     196868 kB
Inactive(file):    39640 kB
Unevictable:        6544 kB
Mlocked:            6104 kB
SwapTotal:       4718584 kB
SwapFree:        3224608 kB
Dirty:               136 kB
Writeback:             0 kB
AnonPages:       5311732 kB
Mapped:           344792 kB
Shmem:             11824 kB
KReclaimable:     131680 kB
Slab:             306204 kB
SReclaimable:      78924 kB
SUnreclaim:       227280 kB
KernelStack:       45296 kB
ShadowCallStack:   11348 kB
PageTables:        84352 kB
NFS_Unstable:          0 kB
Bounce:                0 kB
WritebackTmp:          0 kB
CommitLimit:     8677876 kB
Committed_AS:   72391264 kB
VmallocTotal:   263061440 kB
VmallocUsed:      127100 kB
VmallocChunk:          0 kB
Percpu:             2520 kB
CmaTotal:         405504 kB
CmaFree:               0 kB
MemTotal:        7918584 kB
MemFree:          234864 kB
MemAvailable:     269928 kB
Buffers:             500 kB
Cached:           252632 kB
SwapCached:         7848 kB
Active:          3429976 kB
Inactive:        2127284 kB
Active(anon):    3233108 kB
Inactive(anon):  2087644 kB
Active(file):     196868 kB
Inactive(file):    39640 kB
Unevictable:        6544 kB
Mlocked:            6104 kB
SwapTotal:       4718584 kB
SwapFree:        3156768 kB
Dirty:               136 kB
Writeback:             0 kB
AnonPages:       5310680 kB
Mapped:           345140 kB
Shmem:             11824 kB
KReclaimable:     129024 kB
Slab:             306136 kB
SReclaimable:      78924 kB
SUnreclaim:       227212 kB
KernelStack:       45280 kB
ShadowCallStack:   11348 kB
PageTables:        84156 kB
NFS_Unstable:          0 kB
Bounce:                0 kB
WritebackTmp:          0 kB
CommitLimit:     8677876 kB
Committed_AS:   72489568 kB
VmallocTotal:   263061440 kB
VmallocUsed:      127084 kB
VmallocChunk:          0 kB
Percpu:             2520 kB
CmaTotal:         405504 kB
CmaFree:               0 kB
MemTotal:        7918584 kB
MemFree:          231568 kB
MemAvailable:     266624 kB
Buffers:             500 kB
Cached:           255320 kB
SwapCached:         7852 kB
Active:          3501240 kB
Inactive:        2061780 kB
Active(anon):    3301732 kB
Inactive(anon):  2022120 kB
Active(file):     199508 kB
Inactive(file):    39660 kB
Unevictable:        6544 kB
Mlocked:            6104 kB
SwapTotal:       4718584 kB
SwapFree:        3094048 kB
Dirty:               140 kB
Writeback:            12 kB
AnonPages:       5313732 kB
Mapped:           345668 kB
Shmem:             11836 kB
KReclaimable:     126352 kB
Slab:             306248 kB
SReclaimable:      78972 kB
SUnreclaim:       227276 kB
KernelStack:       45264 kB
ShadowCallStack:   11336 kB
PageTables:        84532 kB
NFS_Unstable:          0 kB
Bounce:                0 kB
WritebackTmp:          0 kB
CommitLimit:     8677876 kB
Committed_AS:   72604256 kB
VmallocTotal:   263061440 kB
VmallocUsed:      127096 kB
VmallocChunk:          0 kB
Percpu:             2520 kB
CmaTotal:         405504 kB
CmaFree:               0 kB
MemTotal:        7918584 kB
MemFree:          234120 kB
MemAvailable:     270604 kB
Buffers:             524 kB
Cached:           259640 kB
SwapCached:         7852 kB
Active:          3564480 kB
Inactive:        1994516 kB
Active(anon):    3360692 kB
Inactive(anon):  1954792 kB
Active(file):     203788 kB
Inactive(file):    39724 kB
Unevictable:        6544 kB
Mlocked:            6104 kB
SwapTotal:       4718584 kB
SwapFree:        3030304 kB
Dirty:               208 kB
Writeback:             0 kB
AnonPages:       5305260 kB
Mapped:           346412 kB
Shmem:             11840 kB
KReclaimable:     123872 kB
Slab:             306264 kB
SReclaimable:      78988 kB
SUnreclaim:       227276 kB
KernelStack:       45248 kB
ShadowCallStack:   11344 kB
PageTables:        84312 kB
NFS_Unstable:          0 kB
Bounce:                0 kB
WritebackTmp:          0 kB
CommitLimit:     8677876 kB
Committed_AS:   72686176 kB
VmallocTotal:   263061440 kB
VmallocUsed:      127100 kB
VmallocChunk:          0 kB
Percpu:             2520 kB
CmaTotal:         405504 kB
CmaFree:               0 kB
MemTotal:        7918584 kB
MemFree:          232324 kB
MemAvailable:     267404 kB
Buffers:             524 kB
Cached:           259648 kB
SwapCached:         7852 kB
Active:          3638600 kB
Inactive:        1924296 kB
Active(anon):    3434812 kB
Inactive(anon):  1884568 kB
Active(file):     203788 kB
Inactive(file):    39728 kB
Unevictable:        6544 kB
Mlocked:            6104 kB
SwapTotal:       4718584 kB
SwapFree:        2963744 kB
Dirty:               208 kB
Writeback:             8 kB
AnonPages:       5309060 kB
Mapped:           346944 kB
Shmem:             11840 kB
KReclaimable:     121056 kB
Slab:             306456 kB
SReclaimable:      78988 kB
SUnreclaim:       227468 kB
KernelStack:       45296 kB
ShadowCallStack:   11348 kB
PageTables:        85108 kB
NFS_Unstable:          0 kB
Bounce:                0 kB
WritebackTmp:          0 kB
CommitLimit:     8677876 kB
Committed_AS:   72800864 kB
VmallocTotal:   263061440 kB
VmallocUsed:      127068 kB
VmallocChunk:          0 kB
Percpu:             2520 kB
CmaTotal:         405504 kB
CmaFree:               0 kB
MemTotal:        7918584 kB
MemFree:          232992 kB
MemAvailable:     268884 kB
Buffers:             524 kB
Cached:           260676 kB
SwapCached:         7852 kB
Active:          3697900 kB
Inactive:        1862944 kB
Active(anon):    3493076 kB
Inactive(anon):  1823216 kB
Active(file):     204824 kB
Inactive(file):    39728 kB
Unevictable:        6544 kB
Mlocked:            6104 kB
SwapTotal:       4718584 kB
SwapFree:        2907168 kB
Dirty:               208 kB
Writeback:             0 kB
AnonPages:       5305924 kB
Mapped:           347348 kB
Shmem:             11844 kB
KReclaimable:     120608 kB
Slab:             306484 kB
SReclaimable:      78988 kB
SUnreclaim:       227496 kB
KernelStack:       45280 kB
ShadowCallStack:   11360 kB
PageTables:        85008 kB
NFS_Unstable:          0 kB
Bounce:                0 kB
WritebackTmp:          0 kB
CommitLimit:     8677876 kB
Committed_AS:   72882784 kB
VmallocTotal:   263061440 kB
VmallocUsed:      127116 kB
VmallocChunk:          0 kB
Percpu:             2520 kB
CmaTotal:         405504 kB
CmaFree:               0 kB
MemTotal:        7918584 kB
MemFree:          232376 kB
MemAvailable:     267168 kB
Buffers:             524 kB
Cached:           260792 kB
SwapCached:         7852 kB
Active:          3763232 kB
Inactive:        1800448 kB
Active(anon):    3558300 kB
Inactive(anon):  1760720 kB
Active(file):     204932 kB
Inactive(file):    39728 kB
Unevictable:        6544 kB
Mlocked:            6104 kB
SwapTotal:       4718584 kB
SwapFree:        2848800 kB
Dirty:               208 kB
Writeback:             0 kB
AnonPages:       5308776 kB
