MemTotal:       12113136 kB
MemFree:         6032756 kB
MemAvailable:    8348868 kB
Buffers:            5164 kB
Cached:          2376188 kB
SwapCached:            0 kB
Active:          1931592 kB
Inactive:        1802656 kB
Active(anon):    1359600 kB
Inactive(anon):    23044 kB
Active(file):     571992 kB
Inactive(file):  1779612 kB
Unevictable:        5656 kB
Mlocked:            5656 kB
SwapTotal:       3145724 kB
SwapFree:        3145724 kB
Dirty:            162788 kB
Writeback:           212 kB
AnonPages:       1358600 kB
Mapped:           938876 kB
Shmem:             25152 kB
KReclaimable:     833212 kB
Slab:             218384 kB
SReclaimable:      70944 kB
SUnreclaim:       147440 kB
KernelStack:       51604 kB
PageTables:        64276 kB
NFS_Unstable:          0 kB
Bounce:                0 kB
WritebackTmp:          0 kB
CommitLimit:     9202292 kB
Committed_AS:   75253100 kB
VmallocTotal:   263061440 kB
VmallocUsed:      108264 kB
VmallocChunk:          0 kB
Percpu:             2464 kB
CmaTotal:         294912 kB
CmaFree:              16 kB
MemTotal:       12113136 kB
MemFree:         6041000 kB
MemAvailable:    8491892 kB
Buffers:            5164 kB
Cached:          2376572 kB
SwapCached:            0 kB
Active:          1922244 kB
Inactive:        1802980 kB
Active(anon):    1350116 kB
Inactive(anon):    23504 kB
Active(file):     572128 kB
Inactive(file):  1779476 kB
Unevictable:        5656 kB
Mlocked:            5656 kB
SwapTotal:       3145724 kB
SwapFree:        3145724 kB
Dirty:            162824 kB
Writeback:             0 kB
AnonPages:       1349080 kB
Mapped:           959908 kB
Shmem:             25536 kB
KReclaimable:     967992 kB
Slab:             218300 kB
SReclaimable:      70944 kB
SUnreclaim:       147356 kB
KernelStack:       52000 kB
PageTables:        64492 kB
NFS_Unstable:          0 kB
Bounce:                0 kB
WritebackTmp:          0 kB
CommitLimit:     9202292 kB
Committed_AS:   75284904 kB
VmallocTotal:   263061440 kB
VmallocUsed:      108520 kB
VmallocChunk:          0 kB
Percpu:             2464 kB
CmaTotal:         294912 kB
CmaFree:               0 kB
MemTotal:       12113136 kB
MemFree:         6015740 kB
MemAvailable:    8283084 kB
Buffers:            5164 kB
Cached:          2377124 kB
SwapCached:            0 kB
Active:          1946396 kB
Inactive:        1803448 kB
Active(anon):    1374264 kB
Inactive(anon):    23452 kB
Active(file):     572132 kB
Inactive(file):  1779996 kB
Unevictable:        5656 kB
Mlocked:            5656 kB
SwapTotal:       3145724 kB
SwapFree:        3145724 kB
Dirty:             78500 kB
Writeback:         75520 kB
AnonPages:       1372972 kB
Mapped:           968856 kB
Shmem:             25564 kB
KReclaimable:     783920 kB
Slab:             218604 kB
SReclaimable:      70964 kB
SUnreclaim:       147640 kB
KernelStack:       51984 kB
PageTables:        64904 kB
NFS_Unstable:          0 kB
Bounce:                0 kB
WritebackTmp:          0 kB
CommitLimit:     9202292 kB
Committed_AS:   75310312 kB
VmallocTotal:   263061440 kB
VmallocUsed:      108536 kB
VmallocChunk:          0 kB
Percpu:             2464 kB
CmaTotal:         294912 kB
CmaFree:               0 kB
MemTotal:       12113136 kB
MemFree:         6011784 kB
MemAvailable:    8279280 kB
Buffers:            5164 kB
Cached:          2377276 kB
SwapCached:            0 kB
Active:          1949656 kB
Inactive:        1803600 kB
Active(anon):    1377524 kB
Inactive(anon):    23452 kB
Active(file):     572132 kB
Inactive(file):  1780148 kB
Unevictable:        5656 kB
Mlocked:            5656 kB
SwapTotal:       3145724 kB
SwapFree:        3145724 kB
Dirty:              2512 kB
Writeback:             0 kB
AnonPages:       1376596 kB
Mapped:           969004 kB
Shmem:             25564 kB
KReclaimable:     783920 kB
Slab:             218364 kB
SReclaimable:      70964 kB
SUnreclaim:       147400 kB
KernelStack:       51984 kB
PageTables:        64904 kB
NFS_Unstable:          0 kB
Bounce:                0 kB
WritebackTmp:          0 kB
CommitLimit:     9202292 kB
Committed_AS:   75305204 kB
VmallocTotal:   263061440 kB
VmallocUsed:      108488 kB
VmallocChunk:          0 kB
Percpu:             2464 kB
CmaTotal:         294912 kB
CmaFree:               0 kB
MemTotal:       12113136 kB
MemFree:         6011268 kB
MemAvailable:    8278000 kB
Buffers:            5164 kB
Cached:          2377284 kB
SwapCached:            0 kB
Active:          1951496 kB
Inactive:        1803608 kB
Active(anon):    1379364 kB
Inactive(anon):    23456 kB
Active(file):     572132 kB
Inactive(file):  1780152 kB
Unevictable:        5656 kB
Mlocked:            5656 kB
SwapTotal:       3145724 kB
SwapFree:        3145724 kB
Dirty:              2564 kB
Writeback:             0 kB
AnonPages:       1378336 kB
Mapped:           969464 kB
Shmem:             25568 kB
KReclaimable:     783152 kB
Slab:             218356 kB
SReclaimable:      70964 kB
SUnreclaim:       147392 kB
KernelStack:       51984 kB
PageTables:        64928 kB
NFS_Unstable:          0 kB
Bounce:                0 kB
WritebackTmp:          0 kB
CommitLimit:     9202292 kB
Committed_AS:   75310212 kB
VmallocTotal:   263061440 kB
VmallocUsed:      108488 kB
VmallocChunk:          0 kB
Percpu:             2464 kB
CmaTotal:         294912 kB
CmaFree:               0 kB
MemTotal:       12113136 kB
MemFree:         6010196 kB
MemAvailable:    8295912 kB
Buffers:            5164 kB
Cached:          2377304 kB
SwapCached:            0 kB
Active:          1951940 kB
Inactive:        1803628 kB
Active(anon):    1379808 kB
Inactive(anon):    23476 kB
Active(file):     572132 kB
Inactive(file):  1780152 kB
Unevictable:        5656 kB
Mlocked:            5656 kB
SwapTotal:       3145724 kB
SwapFree:        3145724 kB
Dirty:              2584 kB
Writeback:             0 kB
AnonPages:       1378764 kB
Mapped:           969988 kB
Shmem:             25588 kB
KReclaimable:     802136 kB
Slab:             218348 kB
SReclaimable:      70964 kB
SUnreclaim:       147384 kB
KernelStack:       51776 kB
PageTables:        64868 kB
NFS_Unstable:          0 kB
Bounce:                0 kB
WritebackTmp:          0 kB
CommitLimit:     9202292 kB
Committed_AS:   75315144 kB
VmallocTotal:   263061440 kB
VmallocUsed:      108296 kB
VmallocChunk:          0 kB
Percpu:             2464 kB
CmaTotal:         294912 kB
CmaFree:               0 kB
MemTotal:       12113136 kB
MemFree:         5993020 kB
MemAvailable:    8278776 kB
Buffers:            5172 kB
Cached:          2377336 kB
SwapCached:            0 kB
Active:          1970720 kB
Inactive:        1803660 kB
Active(anon):    1398580 kB
Inactive(anon):    23476 kB
Active(file):     572140 kB
Inactive(file):  1780184 kB
Unevictable:        5656 kB
Mlocked:            5656 kB
SwapTotal:       3145724 kB
SwapFree:        3145724 kB
Dirty:              1340 kB
Writeback:             0 kB
AnonPages:       1397576 kB
Mapped:           972216 kB
Shmem:             25588 kB
KReclaimable:     802136 kB
Slab:             218348 kB
SReclaimable:      70964 kB
SUnreclaim:       147384 kB
KernelStack:       51776 kB
PageTables:        64880 kB
NFS_Unstable:          0 kB
Bounce:                0 kB
WritebackTmp:          0 kB
CommitLimit:     9202292 kB
Committed_AS:   75331132 kB
VmallocTotal:   263061440 kB
VmallocUsed:      108296 kB
VmallocChunk:          0 kB
Percpu:             2464 kB
CmaTotal:         294912 kB
CmaFree:               0 kB
MemTotal:       12113136 kB
MemFree:         5977636 kB
MemAvailable:    8263396 kB
Buffers:            5172 kB
Cached:          2377348 kB
SwapCached:            0 kB
Active:          1984812 kB
Inactive:        1803668 kB
Active(anon):    1412668 kB
Inactive(anon):    23484 kB
Active(file):     572144 kB
Inactive(file):  1780184 kB
Unevictable:        5656 kB
Mlocked:            5656 kB
SwapTotal:       3145724 kB
SwapFree:        3145724 kB
Dirty:              1360 kB
Writeback:             0 kB
AnonPages:       1411640 kB
Mapped:           976024 kB
Shmem:             25596 kB
KReclaimable:     802136 kB
Slab:             218340 kB
SReclaimable:      70964 kB
SUnreclaim:       147376 kB
KernelStack:       51760 kB
PageTables:        64920 kB
NFS_Unstable:          0 kB
Bounce:                0 kB
WritebackTmp:          0 kB
CommitLimit:     9202292 kB
Committed_AS:   75413304 kB
VmallocTotal:   263061440 kB
VmallocUsed:      108296 kB
VmallocChunk:          0 kB
Percpu:             2464 kB
CmaTotal:         294912 kB
CmaFree:               0 kB
MemTotal:       12113136 kB
MemFree:         5794412 kB
MemAvailable:    8013080 kB
Buffers:            5172 kB
Cached:          2377348 kB
SwapCached:            0 kB
Active:          2168288 kB
Inactive:        1803664 kB
Active(anon):    1596140 kB
Inactive(anon):    23484 kB
Active(file):     572148 kB
Inactive(file):  1780180 kB
Unevictable:        5656 kB
Mlocked:            5656 kB
SwapTotal:       3145724 kB
SwapFree:        3145724 kB
Dirty:              1396 kB
Writeback:             0 kB
AnonPages:       1594948 kB
Mapped:          1055600 kB
Shmem:             25596 kB
KReclaimable:     735044 kB
Slab:             218372 kB
SReclaimable:      70964 kB
SUnreclaim:       147408 kB
KernelStack:       51728 kB
PageTables:        65568 kB
NFS_Unstable:          0 kB
Bounce:                0 kB
WritebackTmp:          0 kB
CommitLimit:     9202292 kB
Committed_AS:   75652316 kB
VmallocTotal:   263061440 kB
VmallocUsed:      108232 kB
VmallocChunk:          0 kB
Percpu:             2464 kB
CmaTotal:         294912 kB
CmaFree:               0 kB
MemTotal:       12113136 kB
MemFree:         5753104 kB
MemAvailable:    7968200 kB
Buffers:            5172 kB
Cached:          2377368 kB
SwapCached:            0 kB
Active:          2208340 kB
Inactive:        1803652 kB
Active(anon):    1636160 kB
Inactive(anon):    23496 kB
Active(file):     572180 kB
Inactive(file):  1780156 kB
Unevictable:        5656 kB
Mlocked:            5656 kB
SwapTotal:       3145724 kB
SwapFree:        3145724 kB
Dirty:              1572 kB
Writeback:             0 kB
AnonPages:       1635272 kB
Mapped:          1059236 kB
Shmem:             25608 kB
KReclaimable:     731464 kB
Slab:             218440 kB
SReclaimable:      70964 kB
SUnreclaim:       147476 kB
KernelStack:       51776 kB
PageTables:        65840 kB
NFS_Unstable:          0 kB
Bounce:                0 kB
WritebackTmp:          0 kB
CommitLimit:     9202292 kB
Committed_AS:   75764000 kB
VmallocTotal:   263061440 kB
VmallocUsed:      108232 kB
VmallocChunk:          0 kB
Percpu:             2464 kB
CmaTotal:         294912 kB
CmaFree:               0 kB
MemTotal:       12113136 kB
MemFree:         5653712 kB
MemAvailable:    7847844 kB
Buffers:            5172 kB
Cached:          2377388 kB
SwapCached:            0 kB
Active:          2307624 kB
Inactive:        1803596 kB
Active(anon):    1735368 kB
Inactive(anon):    23516 kB
Active(file):     572256 kB
Inactive(file):  1780080 kB
Unevictable:        5656 kB
Mlocked:            5656 kB
SwapTotal:       3145724 kB
SwapFree:        3145724 kB
Dirty:              1716 kB
Writeback:             0 kB
AnonPages:       1734604 kB
Mapped:          1080540 kB
Shmem:             25628 kB
KReclaimable:     710500 kB
Slab:             218452 kB
SReclaimable:      70964 kB
SUnreclaim:       147488 kB
KernelStack:       51728 kB
PageTables:        66388 kB
NFS_Unstable:          0 kB
Bounce:                0 kB
WritebackTmp:          0 kB
CommitLimit:     9202292 kB
Committed_AS:   76074400 kB
VmallocTotal:   263061440 kB
VmallocUsed:      108312 kB
VmallocChunk:          0 kB
Percpu:             2464 kB
CmaTotal:         294912 kB
CmaFree:              16 kB
MemTotal:       12113136 kB
MemFree:         5589808 kB
MemAvailable:    7783452 kB
Buffers:            5172 kB
Cached:          2377404 kB
SwapCached:            0 kB
Active:          2370960 kB
Inactive:        1803608 kB
Active(anon):    1798700 kB
Inactive(anon):    23528 kB
Active(file):     572260 kB
Inactive(file):  1780080 kB
Unevictable:        5656 kB
Mlocked:            5656 kB
SwapTotal:       3145724 kB
SwapFree:        3145724 kB
Dirty:              1312 kB
Writeback:             0 kB
AnonPages:       1797456 kB
Mapped:          1081104 kB
Shmem:             25640 kB
KReclaimable:     710008 kB
Slab:             218492 kB
SReclaimable:      70968 kB
SUnreclaim:       147524 kB
KernelStack:       51760 kB
PageTables:        66580 kB
NFS_Unstable:          0 kB
Bounce:                0 kB
WritebackTmp:          0 kB
CommitLimit:     9202292 kB
Committed_AS:   76173192 kB
VmallocTotal:   263061440 kB
VmallocUsed:      108328 kB
VmallocChunk:          0 kB
Percpu:             2464 kB
CmaTotal:         294912 kB
CmaFree:               0 kB
MemTotal:       12113136 kB
MemFree:         5501236 kB
MemAvailable:    7692944 kB
Buffers:            5172 kB
Cached:          2377408 kB
SwapCached:            0 kB
Active:          2459700 kB
Inactive:        1803612 kB
Active(anon):    1887440 kB
Inactive(anon):    23532 kB
Active(file):     572260 kB
Inactive(file):  1780080 kB
Unevictable:        5656 kB
Mlocked:            5656 kB
SwapTotal:       3145724 kB
SwapFree:        3145724 kB
Dirty:              1380 kB
Writeback:             0 kB
AnonPages:       1886448 kB
Mapped:          1082348 kB
Shmem:             25644 kB
KReclaimable:     708072 kB
Slab:             218496 kB
SReclaimable:      70968 kB
SUnreclaim:       147528 kB
KernelStack:       51792 kB
PageTables:        66968 kB
NFS_Unstable:          0 kB
Bounce:                0 kB
WritebackTmp:          0 kB
CommitLimit:     9202292 kB
Committed_AS:   76386140 kB
VmallocTotal:   263061440 kB
VmallocUsed:      108312 kB
VmallocChunk:          0 kB
Percpu:             2464 kB
CmaTotal:         294912 kB
CmaFree:               0 kB
MemTotal:       12113136 kB
MemFree:         5389096 kB
MemAvailable:    7579372 kB
Buffers:            5172 kB
Cached:          2377416 kB
SwapCached:            0 kB
Active:          2571616 kB
Inactive:        1803620 kB
Active(anon):    1999356 kB
Inactive(anon):    23540 kB
Active(file):     572260 kB
Inactive(file):  1780080 kB
Unevictable:        5656 kB
Mlocked:            5656 kB
SwapTotal:       3145724 kB
SwapFree:        3145724 kB
Dirty:              1384 kB
Writeback:             0 kB
AnonPages:       1998392 kB
Mapped:          1083472 kB
Shmem:             25652 kB
KReclaimable:     706640 kB
Slab:             218572 kB
SReclaimable:      70968 kB
SUnreclaim:       147604 kB
KernelStack:       51744 kB
PageTables:        67508 kB
NFS_Unstable:          0 kB
Bounce:                0 kB
WritebackTmp:          0 kB
CommitLimit:     9202292 kB
Committed_AS:   76664464 kB
VmallocTotal:   263061440 kB
VmallocUsed:      108264 kB
VmallocChunk:          0 kB
Percpu:             2464 kB
CmaTotal:         294912 kB
CmaFree:               0 kB
MemTotal:       12113136 kB
MemFree:         5306320 kB
MemAvailable:    7495372 kB
Buffers:            5172 kB
Cached:          2377456 kB
SwapCached:            0 kB
Active:          2654884 kB
Inactive:        1803656 kB
Active(anon):    2082620 kB
Inactive(anon):    23556 kB
Active(file):     572264 kB
Inactive(file):  1780100 kB
Unevictable:        5656 kB
Mlocked:            5656 kB
SwapTotal:       3145724 kB
SwapFree:        3145724 kB
Dirty:              1448 kB
Writeback:             0 kB
AnonPages:       2081700 kB
Mapped:          1083608 kB
Shmem:             25668 kB
KReclaimable:     705392 kB
Slab:             218608 kB
SReclaimable:      70968 kB
SUnreclaim:       147640 kB
KernelStack:       51712 kB
PageTables:        67936 kB
NFS_Unstable:          0 kB
Bounce:                0 kB
WritebackTmp:          0 kB
CommitLimit:     9202292 kB
Committed_AS:   76860796 kB
VmallocTotal:   263061440 kB
VmallocUsed:      108216 kB
VmallocChunk:          0 kB
Percpu:             2464 kB
CmaTotal:         294912 kB
CmaFree:               0 kB
MemTotal:       12113136 kB
MemFree:         5234864 kB
MemAvailable:    7414700 kB
Buffers:            5172 kB
Cached:          2377208 kB
SwapCached:            0 kB
Active:          2724832 kB
Inactive:        1803408 kB
Active(anon):    2152568 kB
Inactive(anon):    23296 kB
Active(file):     572264 kB
Inactive(file):  1780112 kB
Unevictable:        5656 kB
Mlocked:            5656 kB
SwapTotal:       3145724 kB
SwapFree:        3145724 kB
Dirty:              1472 kB
Writeback:             0 kB
AnonPages:       2151588 kB
Mapped:          1084116 kB
Shmem:             25408 kB
KReclaimable:     696164 kB
Slab:             218636 kB
SReclaimable:      70968 kB
SUnreclaim:       147668 kB
KernelStack:       51696 kB
PageTables:        68236 kB
NFS_Unstable:          0 kB
Bounce:                0 kB
WritebackTmp:          0 kB
CommitLimit:     9202292 kB
Committed_AS:   77040908 kB
VmallocTotal:   263061440 kB
VmallocUsed:      108232 kB
VmallocChunk:          0 kB
Percpu:             2464 kB
CmaTotal:         294912 kB
CmaFree:               0 kB
MemTotal:       12113136 kB
MemFree:         5168516 kB
MemAvailable:    7347536 kB
Buffers:            5172 kB
Cached:          2377052 kB
SwapCached:            0 kB
Active:          2792532 kB
Inactive:        1803252 kB
Active(anon):    2220268 kB
Inactive(anon):    23140 kB
Active(file):     572264 kB
Inactive(file):  1780112 kB
Unevictable:        5656 kB
Mlocked:            5656 kB
SwapTotal:       3145724 kB
SwapFree:        3145724 kB
Dirty:              1472 kB
Writeback:             0 kB
AnonPages:       2219272 kB
Mapped:          1084856 kB
Shmem:             25252 kB
KReclaimable:     695348 kB
Slab:             218672 kB
SReclaimable:      70968 kB
SUnreclaim:       147704 kB
KernelStack:       51680 kB
PageTables:        68640 kB
NFS_Unstable:          0 kB
Bounce:                0 kB
WritebackTmp:          0 kB
CommitLimit:     9202292 kB
Committed_AS:   77220716 kB
VmallocTotal:   263061440 kB
VmallocUsed:      108200 kB
VmallocChunk:          0 kB
Percpu:             2464 kB
CmaTotal:         294912 kB
CmaFree:               0 kB
MemTotal:       12113136 kB
MemFree:         5110148 kB
MemAvailable:    7288520 kB
Buffers:            5172 kB
Cached:          2377060 kB
SwapCached:            0 kB
Active:          2850348 kB
Inactive:        1803260 kB
Active(anon):    2278084 kB
Inactive(anon):    23148 kB
Active(file):     572264 kB
Inactive(file):  1780112 kB
Unevictable:        5656 kB
Mlocked:            5656 kB
SwapTotal:       3145724 kB
SwapFree:        3145724 kB
Dirty:              1472 kB
Writeback:             0 kB
AnonPages:       2277044 kB
Mapped:          1085292 kB
Shmem:             25260 kB
KReclaimable:     694700 kB
Slab:             218692 kB
SReclaimable:      70968 kB
SUnreclaim:       147724 kB
KernelStack:       51680 kB
PageTables:        68884 kB
NFS_Unstable:          0 kB
Bounce:                0 kB
WritebackTmp:          0 kB
CommitLimit:     9202292 kB
Committed_AS:   77351564 kB
VmallocTotal:   263061440 kB
VmallocUsed:      108232 kB
VmallocChunk:          0 kB
Percpu:             2464 kB
CmaTotal:         294912 kB
CmaFree:               0 kB
MemTotal:       12113136 kB
MemFree:         5046824 kB
MemAvailable:    7224188 kB
Buffers:            5172 kB
Cached:          2377064 kB
SwapCached:            0 kB
Active:          2911148 kB
Inactive:        1803264 kB
Active(anon):    2338884 kB
Inactive(anon):    23152 kB
Active(file):     572264 kB
Inactive(file):  1780112 kB
Unevictable:        5656 kB
Mlocked:            5656 kB
SwapTotal:       3145724 kB
SwapFree:        3145724 kB
Dirty:              1472 kB
Writeback:             0 kB
AnonPages:       2338004 kB
Mapped:          1085924 kB
Shmem:             25264 kB
KReclaimable:     693692 kB
Slab:             218728 kB
SReclaimable:      70968 kB
SUnreclaim:       147760 kB
KernelStack:       51664 kB
PageTables:        69136 kB
NFS_Unstable:          0 kB
Bounce:                0 kB
WritebackTmp:          0 kB
CommitLimit:     9202292 kB
Committed_AS:   77499164 kB
VmallocTotal:   263061440 kB
VmallocUsed:      108216 kB
VmallocChunk:          0 kB
Percpu:             2464 kB
CmaTotal:         294912 kB
CmaFree:               0 kB
MemTotal:       12113136 kB
MemFree:         4990848 kB
MemAvailable:    7167692 kB
Buffers:            5172 kB
Cached:          2377064 kB
SwapCached:            0 kB
Active:          2968436 kB
Inactive:        1803264 kB
Active(anon):    2396172 kB
Inactive(anon):    23152 kB
Active(file):     572264 kB
Inactive(file):  1780112 kB
Unevictable:        5656 kB
Mlocked:            5656 kB
SwapTotal:       3145724 kB
SwapFree:        3145724 kB
Dirty:              1472 kB
Writeback:             0 kB
AnonPages:       2395204 kB
Mapped:          1086328 kB
Shmem:             25264 kB
KReclaimable:     693172 kB
Slab:             218768 kB
SReclaimable:      70968 kB
SUnreclaim:       147800 kB
KernelStack:       51600 kB
PageTables:        69436 kB
NFS_Unstable:          0 kB
Bounce:                0 kB
WritebackTmp:          0 kB
CommitLimit:     9202292 kB
Committed_AS:   77630024 kB
VmallocTotal:   263061440 kB
VmallocUsed:      108184 kB
VmallocChunk:          0 kB
Percpu:             2464 kB
CmaTotal:         294912 kB
CmaFree:               0 kB
MemTotal:       12113136 kB
MemFree:         4931544 kB
MemAvailable:    7107532 kB
Buffers:            5172 kB
Cached:          2377072 kB
SwapCached:            0 kB
Active:          3027348 kB
Inactive:        1803272 kB
Active(anon):    2455084 kB
Inactive(anon):    23160 kB
Active(file):     572264 kB
Inactive(file):  1780112 kB
Unevictable:        5656 kB
Mlocked:            5656 kB
SwapTotal:       3145724 kB
SwapFree:        3145724 kB
Dirty:              1472 kB
Writeback:             0 kB
AnonPages:       2454136 kB
Mapped:          1086964 kB
Shmem:             25272 kB
KReclaimable:     692316 kB
Slab:             218772 kB
SReclaimable:      70968 kB
SUnreclaim:       147804 kB
KernelStack:       51600 kB
PageTables:        69668 kB
NFS_Unstable:          0 kB
Bounce:                0 kB
WritebackTmp:          0 kB
CommitLimit:     9202292 kB
Committed_AS:   77745256 kB
VmallocTotal:   263061440 kB
VmallocUsed:      108152 kB
VmallocChunk:          0 kB
Percpu:             2464 kB
CmaTotal:         294912 kB
CmaFree:               0 kB
MemTotal:       12113136 kB
MemFree:         4874076 kB
MemAvailable:    7049352 kB
Buffers:            5176 kB
Cached:          2377112 kB
SwapCached:            0 kB
Active:          3084452 kB
Inactive:        1803304 kB
Active(anon):    2512176 kB
Inactive(anon):    23168 kB
Active(file):     572276 kB
Inactive(file):  1780136 kB
Unevictable:        5656 kB
Mlocked:            5656 kB
SwapTotal:       3145724 kB
SwapFree:        3145724 kB
Dirty:              1444 kB
Writeback:             0 kB
AnonPages:       2511304 kB
Mapped:          1087532 kB
Shmem:             25280 kB
KReclaimable:     691568 kB
Slab:             218840 kB
SReclaimable:      70972 kB
SUnreclaim:       147868 kB
KernelStack:       51616 kB
PageTables:        69872 kB
NFS_Unstable:          0 kB
Bounce:                0 kB
WritebackTmp:          0 kB
CommitLimit:     9202292 kB
Committed_AS:   77876408 kB
VmallocTotal:   263061440 kB
VmallocUsed:      108136 kB
VmallocChunk:          0 kB
Percpu:             2464 kB
CmaTotal:         294912 kB
CmaFree:               0 kB
MemTotal:       12113136 kB
MemFree:         4844860 kB
MemAvailable:    7019784 kB
Buffers:            5176 kB
Cached:          2377124 kB
SwapCached:            0 kB
Active:          3113620 kB
Inactive:        1803316 kB
Active(anon):    2541344 kB
Inactive(anon):    23180 kB
Active(file):     572276 kB
Inactive(file):  1780136 kB
Unevictable:        5656 kB
Mlocked:            5656 kB
SwapTotal:       3145724 kB
SwapFree:        3145724 kB
Dirty:              1444 kB
Writeback:             0 kB
AnonPages:       2540532 kB
Mapped:          1087828 kB
Shmem:             25292 kB
KReclaimable:     691216 kB
Slab:             218828 kB
SReclaimable:      70972 kB
SUnreclaim:       147856 kB
KernelStack:       51520 kB
PageTables:        70048 kB
NFS_Unstable:          0 kB
Bounce:                0 kB
WritebackTmp:          0 kB
CommitLimit:     9202292 kB
Committed_AS:   77958160 kB
VmallocTotal:   263061440 kB
VmallocUsed:      108088 kB
VmallocChunk:          0 kB
Percpu:             2464 kB
CmaTotal:         294912 kB
CmaFree:               0 kB
MemTotal:       12113136 kB
MemFree:         4803304 kB
MemAvailable:    6977556 kB
Buffers:            5176 kB
Cached:          2377124 kB
SwapCached:            0 kB
Active:          3155944 kB
Inactive:        1803316 kB
Active(anon):    2583668 kB
Inactive(anon):    23180 kB
Active(file):     572276 kB
Inactive(file):  1780136 kB
Unevictable:        5656 kB
Mlocked:            5656 kB
SwapTotal:       3145724 kB
SwapFree:        3145724 kB
Dirty:              1444 kB
Writeback:             0 kB
AnonPages:       2582632 kB
Mapped:          1088300 kB
Shmem:             25292 kB
KReclaimable:     690544 kB
Slab:             218852 kB
SReclaimable:      70972 kB
SUnreclaim:       147880 kB
KernelStack:       51504 kB
PageTables:        70232 kB
NFS_Unstable:          0 kB
Bounce:                0 kB
WritebackTmp:          0 kB
CommitLimit:     9202292 kB
Committed_AS:   78034780 kB
VmallocTotal:   263061440 kB
VmallocUsed:      108072 kB
VmallocChunk:          0 kB
Percpu:             2464 kB
CmaTotal:         294912 kB
CmaFree:               0 kB
MemTotal:       12113136 kB
MemFree:         4765232 kB
MemAvailable:    6939148 kB
Buffers:            5176 kB
Cached:          2377132 kB
SwapCached:            0 kB
Active:          3193328 kB
Inactive:        1803324 kB
Active(anon):    2621052 kB
Inactive(anon):    23188 kB
Active(file):     572276 kB
Inactive(file):  1780136 kB
Unevictable:        5656 kB
Mlocked:            5656 kB
SwapTotal:       3145724 kB
SwapFree:        3145724 kB
Dirty:              1444 kB
Writeback:             0 kB
AnonPages:       2619820 kB
Mapped:          1088768 kB
Shmem:             25300 kB
KReclaimable:     690208 kB
Slab:             218880 kB
SReclaimable:      70972 kB
SUnreclaim:       147908 kB
KernelStack:       51520 kB
PageTables:        70416 kB
NFS_Unstable:          0 kB
Bounce:                0 kB
WritebackTmp:          0 kB
CommitLimit:     9202292 kB
Committed_AS:   78149432 kB
VmallocTotal:   263061440 kB
VmallocUsed:      108056 kB
VmallocChunk:          0 kB
Percpu:             2464 kB
CmaTotal:         294912 kB
CmaFree:               0 kB
MemTotal:       12113136 kB
MemFree:         4720652 kB
MemAvailable:    6894040 kB
Buffers:            5176 kB
Cached:          2377132 kB
SwapCached:            0 kB
Active:          3237712 kB
Inactive:        1803324 kB
Active(anon):    2665436 kB
Inactive(anon):    23188 kB
Active(file):     572276 kB
Inactive(file):  1780136 kB
Unevictable:        5656 kB
Mlocked:            5656 kB
SwapTotal:       3145724 kB
SwapFree:        3145724 kB
Dirty:              1444 kB
Writeback:             0 kB
AnonPages:       2664364 kB
Mapped:          1089176 kB
Shmem:             25300 kB
KReclaimable:     689680 kB
Slab:             218884 kB
SReclaimable:      70972 kB
SUnreclaim:       147912 kB
KernelStack:       51472 kB
PageTables:        70600 kB
NFS_Unstable:          0 kB
Bounce:                0 kB
WritebackTmp:          0 kB
CommitLimit:     9202292 kB
Committed_AS:   78231132 kB
VmallocTotal:   263061440 kB
VmallocUsed:      108008 kB
VmallocChunk:          0 kB
Percpu:             2464 kB
CmaTotal:         294912 kB
CmaFree:               0 kB
MemTotal:       12113136 kB
MemFree:         4695612 kB
MemAvailable:    6868724 kB
Buffers:            5176 kB
Cached:          2377224 kB
SwapCached:            0 kB
Active:          3261436 kB
Inactive:        1803416 kB
Active(anon):    2689160 kB
Inactive(anon):    23196 kB
Active(file):     572276 kB
Inactive(file):  1780220 kB
Unevictable:        5656 kB
Mlocked:            5656 kB
SwapTotal:       3145724 kB
SwapFree:        3145724 kB
Dirty:              1440 kB
Writeback:             0 kB
AnonPages:       2688168 kB
Mapped:          1089412 kB
Shmem:             25308 kB
KReclaimable:     689320 kB
Slab:             218888 kB
SReclaimable:      70972 kB
SUnreclaim:       147916 kB
KernelStack:       51376 kB
PageTables:        70692 kB
NFS_Unstable:          0 kB
Bounce:                0 kB
WritebackTmp:          0 kB
CommitLimit:     9202292 kB
Committed_AS:   78296664 kB
VmallocTotal:   263061440 kB
VmallocUsed:      107944 kB
VmallocChunk:          0 kB
Percpu:             2464 kB
CmaTotal:         294912 kB
CmaFree:              44 kB
MemTotal:       12113136 kB
MemFree:         4666144 kB
MemAvailable:    6838784 kB
Buffers:            5176 kB
Cached:          2377228 kB
SwapCached:            0 kB
Active:          3291244 kB
Inactive:        1803420 kB
Active(anon):    2718968 kB
Inactive(anon):    23200 kB
Active(file):     572276 kB
Inactive(file):  1780220 kB
Unevictable:        5656 kB
Mlocked:            5656 kB
SwapTotal:       3145724 kB
SwapFree:        3145724 kB
Dirty:              1440 kB
Writeback:             0 kB
AnonPages:       2717868 kB
Mapped:          1089824 kB
Shmem:             25312 kB
KReclaimable:     688848 kB
Slab:             218904 kB
SReclaimable:      70972 kB
SUnreclaim:       147932 kB
KernelStack:       51360 kB
PageTables:        70872 kB
NFS_Unstable:          0 kB
Bounce:                0 kB
WritebackTmp:          0 kB
CommitLimit:     9202292 kB
Committed_AS:   78362072 kB
VmallocTotal:   263061440 kB
VmallocUsed:      107912 kB
VmallocChunk:          0 kB
Percpu:             2464 kB
CmaTotal:         294912 kB
CmaFree:               0 kB
MemTotal:       12113136 kB
MemFree:         4618168 kB
MemAvailable:    6790184 kB
Buffers:            5176 kB
Cached:          2377228 kB
SwapCached:            0 kB
Active:          3337808 kB
Inactive:        1803420 kB
Active(anon):    2765532 kB
Inactive(anon):    23200 kB
Active(file):     572276 kB
Inactive(file):  1780220 kB
Unevictable:        5656 kB
Mlocked:            5656 kB
SwapTotal:       3145724 kB
SwapFree:        3145724 kB
Dirty:               568 kB
Writeback:             0 kB
AnonPages:       2764644 kB
Mapped:          1090096 kB
Shmem:             25312 kB
KReclaimable:     688224 kB
Slab:             218976 kB
SReclaimable:      70972 kB
SUnreclaim:       148004 kB
KernelStack:       51328 kB
PageTables:        71032 kB
NFS_Unstable:          0 kB
Bounce:                0 kB
WritebackTmp:          0 kB
CommitLimit:     9202292 kB
Committed_AS:   78476724 kB
VmallocTotal:   263061440 kB
VmallocUsed:      107896 kB
VmallocChunk:          0 kB
Percpu:             2464 kB
CmaTotal:         294912 kB
CmaFree:               0 kB
MemTotal:       12113136 kB
MemFree:         4586400 kB
MemAvailable:    6757904 kB
Buffers:            5176 kB
Cached:          2377244 kB
SwapCached:            0 kB
Active:          3369500 kB
Inactive:        1803436 kB
Active(anon):    2797224 kB
Inactive(anon):    23216 kB
Active(file):     572276 kB
Inactive(file):  1780220 kB
Unevictable:        5656 kB
Mlocked:            5656 kB
SwapTotal:       3145724 kB
SwapFree:        3145724 kB
Dirty:               604 kB
Writeback:             0 kB
AnonPages:       2796212 kB
Mapped:          1090624 kB
Shmem:             25328 kB
KReclaimable:     687712 kB
Slab:             219012 kB
SReclaimable:      70972 kB
SUnreclaim:       148040 kB
KernelStack:       51280 kB
PageTables:        71196 kB
NFS_Unstable:          0 kB
Bounce:                0 kB
WritebackTmp:          0 kB
CommitLimit:     9202292 kB
Committed_AS:   78558532 kB
VmallocTotal:   263061440 kB
VmallocUsed:      107880 kB
VmallocChunk:          0 kB
Percpu:             2464 kB
CmaTotal:         294912 kB
CmaFree:               0 kB
MemTotal:       12113136 kB
MemFree:         4558404 kB
MemAvailable:    6729620 kB
Buffers:            5176 kB
Cached:          2377244 kB
SwapCached:            0 kB
Active:          3397692 kB
Inactive:        1803436 kB
Active(anon):    2825416 kB
Inactive(anon):    23216 kB
Active(file):     572276 kB
Inactive(file):  1780220 kB
Unevictable:        5656 kB
Mlocked:            5656 kB
SwapTotal:       3145724 kB
SwapFree:        3145724 kB
Dirty:               648 kB
Writeback:             0 kB
AnonPages:       2824404 kB
Mapped:          1090864 kB
Shmem:             25328 kB
KReclaimable:     687424 kB
Slab:             219008 kB
SReclaimable:      70972 kB
SUnreclaim:       148036 kB
KernelStack:       51296 kB
PageTables:        71316 kB
NFS_Unstable:          0 kB
Bounce:                0 kB
WritebackTmp:          0 kB
CommitLimit:     9202292 kB
Committed_AS:   78624160 kB
VmallocTotal:   263061440 kB
VmallocUsed:      107800 kB
VmallocChunk:          0 kB
Percpu:             2464 kB
CmaTotal:         294912 kB
CmaFree:               0 kB
MemTotal:       12113136 kB
MemFree:         4514172 kB
MemAvailable:    6684748 kB
Buffers:            5176 kB
Cached:          2377240 kB
SwapCached:            0 kB
Active:          3441144 kB
Inactive:        1803436 kB
Active(anon):    2868872 kB
Inactive(anon):    23220 kB
Active(file):     572272 kB
Inactive(file):  1780216 kB
Unevictable:        5656 kB
Mlocked:            5656 kB
SwapTotal:       3145724 kB
SwapFree:        3145724 kB
Dirty:               684 kB
Writeback:             0 kB
AnonPages:       2867892 kB
Mapped:          1091296 kB
Shmem:             25332 kB
KReclaimable:     686792 kB
Slab:             218940 kB
SReclaimable:      70972 kB
SUnreclaim:       147968 kB
KernelStack:       51184 kB
PageTables:        71472 kB
NFS_Unstable:          0 kB
Bounce:                0 kB
WritebackTmp:          0 kB
CommitLimit:     9202292 kB
Committed_AS:   78705948 kB
VmallocTotal:   263061440 kB
VmallocUsed:      107768 kB
VmallocChunk:          0 kB
Percpu:             2464 kB
CmaTotal:         294912 kB
CmaFree:               0 kB
MemTotal:       12113136 kB
MemFree:         4483200 kB
MemAvailable:    6653504 kB
Buffers:            5184 kB
Cached:          2377288 kB
SwapCached:            0 kB
Active:          3472676 kB
Inactive:        1803480 kB
Active(anon):    2900392 kB
Inactive(anon):    23228 kB
Active(file):     572284 kB
Inactive(file):  1780252 kB
Unevictable:        5656 kB
Mlocked:            5656 kB
SwapTotal:       3145724 kB
SwapFree:        3145724 kB
Dirty:               504 kB
Writeback:             0 kB
AnonPages:       2899412 kB
Mapped:          1091484 kB
Shmem:             25340 kB
KReclaimable:     686472 kB
Slab:             218964 kB
SReclaimable:      70980 kB
SUnreclaim:       147984 kB
KernelStack:       51120 kB
PageTables:        71556 kB
NFS_Unstable:          0 kB
Bounce:                0 kB
WritebackTmp:          0 kB
CommitLimit:     9202292 kB
Committed_AS:   78771360 kB
VmallocTotal:   263061440 kB
VmallocUsed:      107704 kB
VmallocChunk:          0 kB
Percpu:             2464 kB
CmaTotal:         294912 kB
CmaFree:               0 kB
MemTotal:       12113136 kB
MemFree:         4452960 kB
MemAvailable:    6622824 kB
Buffers:            5184 kB
Cached:          2377312 kB
SwapCached:            0 kB
Active:          3503444 kB
Inactive:        1803504 kB
Active(anon):    2931160 kB
Inactive(anon):    23252 kB
Active(file):     572284 kB
Inactive(file):  1780252 kB
Unevictable:        5656 kB
Mlocked:            5656 kB
SwapTotal:       3145724 kB
SwapFree:        3145724 kB
Dirty:               304 kB
Writeback:             0 kB
AnonPages:       2930124 kB
Mapped:          1091840 kB
Shmem:             25364 kB
KReclaimable:     686032 kB
Slab:             218972 kB
SReclaimable:      70980 kB
SUnreclaim:       147992 kB
KernelStack:       51024 kB
PageTables:        71680 kB
NFS_Unstable:          0 kB
Bounce:                0 kB
WritebackTmp:          0 kB
CommitLimit:     9202292 kB
Committed_AS:   78820392 kB
VmallocTotal:   263061440 kB
VmallocUsed:      107640 kB
VmallocChunk:          0 kB
Percpu:             2464 kB
CmaTotal:         294912 kB
CmaFree:               0 kB
MemTotal:       12113136 kB
MemFree:         4414412 kB
MemAvailable:    6583828 kB
Buffers:            5184 kB
Cached:          2377324 kB
SwapCached:            0 kB
Active:          3542256 kB
Inactive:        1803516 kB
Active(anon):    2969972 kB
Inactive(anon):    23264 kB
Active(file):     572284 kB
Inactive(file):  1780252 kB
Unevictable:        5656 kB
Mlocked:            5656 kB
SwapTotal:       3145724 kB
SwapFree:        3145724 kB
Dirty:               336 kB
Writeback:             0 kB
AnonPages:       2968932 kB
Mapped:          1092156 kB
Shmem:             25376 kB
KReclaimable:     685584 kB
Slab:             218980 kB
SReclaimable:      70980 kB
SUnreclaim:       148000 kB
KernelStack:       50976 kB
PageTables:        71832 kB
NFS_Unstable:          0 kB
Bounce:                0 kB
WritebackTmp:          0 kB
CommitLimit:     9202292 kB
Committed_AS:   78935020 kB
VmallocTotal:   263061440 kB
VmallocUsed:      107560 kB
VmallocChunk:          0 kB
Percpu:             2464 kB
CmaTotal:         294912 kB
CmaFree:               0 kB
MemTotal:       12113136 kB
MemFree:         4386396 kB
MemAvailable:    6555348 kB
Buffers:            5184 kB
Cached:          2377324 kB
SwapCached:            0 kB
Active:          3569876 kB
Inactive:        1803516 kB
Active(anon):    2997592 kB
Inactive(anon):    23264 kB
Active(file):     572284 kB
Inactive(file):  1780252 kB
Unevictable:        5656 kB
Mlocked:            5656 kB
SwapTotal:       3145724 kB
SwapFree:        3145724 kB
Dirty:               356 kB
Writeback:             0 kB
AnonPages:       2996620 kB
Mapped:          1092472 kB
Shmem:             25376 kB
KReclaimable:     685120 kB
Slab:             219008 kB
SReclaimable:      70980 kB
SUnreclaim:       148028 kB
KernelStack:       50976 kB
PageTables:        71976 kB
NFS_Unstable:          0 kB
Bounce:                0 kB
WritebackTmp:          0 kB
CommitLimit:     9202292 kB
Committed_AS:   78984412 kB
VmallocTotal:   263061440 kB
VmallocUsed:      107544 kB
VmallocChunk:          0 kB
Percpu:             2464 kB
CmaTotal:         294912 kB
CmaFree:               0 kB
MemTotal:       12113136 kB
MemFree:         4359612 kB
MemAvailable:    6528232 kB
Buffers:            5184 kB
Cached:          2377332 kB
SwapCached:            0 kB
Active:          3596176 kB
Inactive:        1803524 kB
Active(anon):    3023892 kB
Inactive(anon):    23268 kB
Active(file):     572284 kB
Inactive(file):  1780256 kB
Unevictable:        5656 kB
Mlocked:            5656 kB
SwapTotal:       3145724 kB
SwapFree:        3145724 kB
Dirty:               384 kB
Writeback:             0 kB
AnonPages:       3022864 kB
Mapped:          1092724 kB
Shmem:             25380 kB
KReclaimable:     684784 kB
Slab:             219036 kB
SReclaimable:      70980 kB
SUnreclaim:       148056 kB
KernelStack:       50976 kB
PageTables:        72084 kB
NFS_Unstable:          0 kB
Bounce:                0 kB
WritebackTmp:          0 kB
CommitLimit:     9202292 kB
Committed_AS:   79049672 kB
VmallocTotal:   263061440 kB
VmallocUsed:      107512 kB
VmallocChunk:          0 kB
Percpu:             2464 kB
CmaTotal:         294912 kB
CmaFree:               0 kB
MemTotal:       12113136 kB
MemFree:         4320128 kB
MemAvailable:    6488172 kB
Buffers:            5184 kB
Cached:          2377336 kB
SwapCached:            0 kB
Active:          3636132 kB
Inactive:        1803528 kB
Active(anon):    3063848 kB
Inactive(anon):    23272 kB
Active(file):     572284 kB
Inactive(file):  1780256 kB
Unevictable:        5656 kB
Mlocked:            5656 kB
SwapTotal:       3145724 kB
SwapFree:        3145724 kB
Dirty:               400 kB
Writeback:             0 kB
AnonPages:       3062908 kB
Mapped:          1093116 kB
Shmem:             25384 kB
KReclaimable:     684208 kB
Slab:             219036 kB
SReclaimable:      70980 kB
SUnreclaim:       148056 kB
KernelStack:       50976 kB
PageTables:        72268 kB
NFS_Unstable:          0 kB
Bounce:                0 kB
WritebackTmp:          0 kB
CommitLimit:     9202292 kB
Committed_AS:   79131424 kB
VmallocTotal:   263061440 kB
VmallocUsed:      107512 kB
VmallocChunk:          0 kB
Percpu:             2464 kB
CmaTotal:         294912 kB
CmaFree:               0 kB
MemTotal:       12113136 kB
MemFree:         4287564 kB
MemAvailable:    6455208 kB
Buffers:            5184 kB
Cached:          2377340 kB
SwapCached:            0 kB
Active:          3667368 kB
Inactive:        1803532 kB
Active(anon):    3095084 kB
Inactive(anon):    23276 kB
Active(file):     572284 kB
Inactive(file):  1780256 kB
Unevictable:        5656 kB
Mlocked:            5656 kB
SwapTotal:       3145724 kB
SwapFree:        3145724 kB
Dirty:               404 kB
Writeback:             0 kB
AnonPages:       3094032 kB
Mapped:          1093376 kB
Shmem:             25388 kB
KReclaimable:     683808 kB
Slab:             219072 kB
SReclaimable:      70980 kB
SUnreclaim:       148092 kB
KernelStack:       50976 kB
PageTables:        72408 kB
NFS_Unstable:          0 kB
Bounce:                0 kB
WritebackTmp:          0 kB
CommitLimit:     9202292 kB
Committed_AS:   79196796 kB
VmallocTotal:   263061440 kB
VmallocUsed:      107512 kB
VmallocChunk:          0 kB
Percpu:             2464 kB
CmaTotal:         294912 kB
CmaFree:               0 kB
MemTotal:       12113136 kB
MemFree:         4259324 kB
MemAvailable:    6426648 kB
Buffers:            5184 kB
Cached:          2377344 kB
SwapCached:            0 kB
Active:          3696292 kB
Inactive:        1803536 kB
Active(anon):    3124008 kB
Inactive(anon):    23280 kB
Active(file):     572284 kB
Inactive(file):  1780256 kB
Unevictable:        5656 kB
Mlocked:            5656 kB
SwapTotal:       3145724 kB
SwapFree:        3145724 kB
Dirty:               412 kB
Writeback:             0 kB
AnonPages:       3123132 kB
Mapped:          1093600 kB
Shmem:             25392 kB
KReclaimable:     683488 kB
Slab:             219112 kB
SReclaimable:      70980 kB
SUnreclaim:       148132 kB
KernelStack:       50976 kB
PageTables:        72524 kB
NFS_Unstable:          0 kB
Bounce:                0 kB
WritebackTmp:          0 kB
CommitLimit:     9202292 kB
Committed_AS:   79262156 kB
VmallocTotal:   263061440 kB
VmallocUsed:      107496 kB
VmallocChunk:          0 kB
Percpu:             2464 kB
CmaTotal:         294912 kB
CmaFree:               0 kB
MemTotal:       12113136 kB
MemFree:         4237132 kB
MemAvailable:    6404216 kB
Buffers:            5184 kB
Cached:          2377344 kB
SwapCached:            0 kB
Active:          3717532 kB
Inactive:        1803536 kB
Active(anon):    3145248 kB
Inactive(anon):    23280 kB
Active(file):     572284 kB
Inactive(file):  1780256 kB
Unevictable:        5656 kB
Mlocked:            5656 kB
SwapTotal:       3145724 kB
SwapFree:        3145724 kB
Dirty:               444 kB
Writeback:             0 kB
AnonPages:       3144312 kB
Mapped:          1093776 kB
Shmem:             25392 kB
KReclaimable:     683248 kB
Slab:             219112 kB
SReclaimable:      70980 kB
SUnreclaim:       148132 kB
KernelStack:       50976 kB
PageTables:        72660 kB
NFS_Unstable:          0 kB
Bounce:                0 kB
WritebackTmp:          0 kB
CommitLimit:     9202292 kB
Committed_AS:   79327436 kB
VmallocTotal:   263061440 kB
VmallocUsed:      107480 kB
VmallocChunk:          0 kB
Percpu:             2464 kB
CmaTotal:         294912 kB
CmaFree:               0 kB
MemTotal:       12113136 kB
MemFree:         4201608 kB
MemAvailable:    6368124 kB
Buffers:            5184 kB
Cached:          2377352 kB
SwapCached:            0 kB
Active:          3753584 kB
Inactive:        1803544 kB
Active(anon):    3181300 kB
Inactive(anon):    23288 kB
Active(file):     572284 kB
Inactive(file):  1780256 kB
Unevictable:        5656 kB
Mlocked:            5656 kB
SwapTotal:       3145724 kB
SwapFree:        3145724 kB
Dirty:               448 kB
Writeback:             0 kB
AnonPages:       3180620 kB
Mapped:          1094216 kB
Shmem:             25400 kB
KReclaimable:     682680 kB
Slab:             219120 kB
SReclaimable:      70980 kB
SUnreclaim:       148140 kB
KernelStack:       50944 kB
PageTables:        72780 kB
NFS_Unstable:          0 kB
Bounce:                0 kB
WritebackTmp:          0 kB
CommitLimit:     9202292 kB
Committed_AS:   79409576 kB
VmallocTotal:   263061440 kB
VmallocUsed:      107480 kB
VmallocChunk:          0 kB
Percpu:             2464 kB
CmaTotal:         294912 kB
CmaFree:               0 kB
MemTotal:       12113136 kB
MemFree:         4177004 kB
MemAvailable:    6343248 kB
Buffers:            5184 kB
Cached:          2377356 kB
SwapCached:            0 kB
Active:          3777608 kB
Inactive:        1803544 kB
Active(anon):    3205320 kB
Inactive(anon):    23288 kB
Active(file):     572288 kB
Inactive(file):  1780256 kB
Unevictable:        5656 kB
Mlocked:            5656 kB
SwapTotal:       3145724 kB
SwapFree:        3145724 kB
Dirty:               416 kB
Writeback:             0 kB
AnonPages:       3204216 kB
Mapped:          1094392 kB
Shmem:             25400 kB
KReclaimable:     682404 kB
Slab:             219128 kB
SReclaimable:      70984 kB
SUnreclaim:       148144 kB
KernelStack:       50944 kB
PageTables:        72908 kB
NFS_Unstable:          0 kB
Bounce:                0 kB
WritebackTmp:          0 kB
CommitLimit:     9202292 kB
Committed_AS:   79475940 kB
VmallocTotal:   263061440 kB
VmallocUsed:      107480 kB
VmallocChunk:          0 kB
Percpu:             2464 kB
CmaTotal:         294912 kB
CmaFree:               0 kB
MemTotal:       12113136 kB
MemFree:         4143080 kB
MemAvailable:    6309168 kB
Buffers:            5184 kB
Cached:          2377304 kB
SwapCached:            0 kB
Active:          3810960 kB
Inactive:        1803516 kB
Active(anon):    3238672 kB
Inactive(anon):    23260 kB
Active(file):     572288 kB
Inactive(file):  1780256 kB
Unevictable:        5656 kB
Mlocked:            5656 kB
SwapTotal:       3145724 kB
SwapFree:        3145724 kB
Dirty:               436 kB
Writeback:             0 kB
AnonPages:       3237584 kB
Mapped:          1094876 kB
Shmem:             25348 kB
KReclaimable:     682248 kB
Slab:             219124 kB
SReclaimable:      70984 kB
SUnreclaim:       148140 kB
KernelStack:       50944 kB
PageTables:        73000 kB
NFS_Unstable:          0 kB
Bounce:                0 kB
WritebackTmp:          0 kB
CommitLimit:     9202292 kB
Committed_AS:   79541804 kB
VmallocTotal:   263061440 kB
VmallocUsed:      107464 kB
VmallocChunk:          0 kB
Percpu:             2464 kB
CmaTotal:         294912 kB
CmaFree:               0 kB
MemTotal:       12113136 kB
MemFree:         4126176 kB
MemAvailable:    6291824 kB
Buffers:            5184 kB
Cached:          2377320 kB
SwapCached:            0 kB
Active:          3828160 kB
Inactive:        1803532 kB
Active(anon):    3255872 kB
Inactive(anon):    23276 kB
Active(file):     572288 kB
Inactive(file):  1780256 kB
Unevictable:        5656 kB
Mlocked:            5656 kB
SwapTotal:       3145724 kB
SwapFree:        3145724 kB
Dirty:               464 kB
Writeback:             0 kB
AnonPages:       3254880 kB
Mapped:          1094816 kB
Shmem:             25364 kB
KReclaimable:     681808 kB
Slab:             219152 kB
SReclaimable:      70984 kB
SUnreclaim:       148168 kB
KernelStack:       50928 kB
PageTables:        73152 kB
NFS_Unstable:          0 kB
Bounce:                0 kB
WritebackTmp:          0 kB
CommitLimit:     9202292 kB
Committed_AS:   79590652 kB
VmallocTotal:   263061440 kB
VmallocUsed:      107480 kB
VmallocChunk:          0 kB
Percpu:             2464 kB
CmaTotal:         294912 kB
CmaFree:               0 kB
MemTotal:       12113136 kB
MemFree:         4089596 kB
MemAvailable:    6254648 kB
Buffers:            5184 kB
Cached:          2377328 kB
SwapCached:            0 kB
Active:          3865016 kB
Inactive:        1803536 kB
Active(anon):    3292728 kB
Inactive(anon):    23284 kB
Active(file):     572288 kB
Inactive(file):  1780252 kB
Unevictable:        5656 kB
Mlocked:            5656 kB
SwapTotal:       3145724 kB
SwapFree:        3145724 kB
Dirty:               476 kB
Writeback:             0 kB
AnonPages:       3291772 kB
Mapped:          1095228 kB
Shmem:             25372 kB
KReclaimable:     681216 kB
Slab:             219176 kB
SReclaimable:      70984 kB
SUnreclaim:       148192 kB
KernelStack:       50928 kB
PageTables:        73320 kB
NFS_Unstable:          0 kB
Bounce:                0 kB
WritebackTmp:          0 kB
CommitLimit:     9202292 kB
Committed_AS:   79671936 kB
VmallocTotal:   263061440 kB
VmallocUsed:      107480 kB
VmallocChunk:          0 kB
Percpu:             2464 kB
CmaTotal:         294912 kB
CmaFree:               0 kB
MemTotal:       12113136 kB
MemFree:         4062876 kB
MemAvailable:    6227612 kB
Buffers:            5184 kB
Cached:          2377352 kB
SwapCached:            0 kB
Active:          3891264 kB
Inactive:        1803564 kB
Active(anon):    3318976 kB
Inactive(anon):    23292 kB
Active(file):     572288 kB
Inactive(file):  1780272 kB
Unevictable:        5656 kB
Mlocked:            5656 kB
SwapTotal:       3145724 kB
SwapFree:        3145724 kB
Dirty:               520 kB
Writeback:             0 kB
AnonPages:       3317960 kB
Mapped:          1095480 kB
Shmem:             25380 kB
KReclaimable:     680880 kB
Slab:             219200 kB
SReclaimable:      70984 kB
SUnreclaim:       148216 kB
KernelStack:       50928 kB
PageTables:        73448 kB
NFS_Unstable:          0 kB
Bounce:                0 kB
WritebackTmp:          0 kB
CommitLimit:     9202292 kB
Committed_AS:   79721596 kB
VmallocTotal:   263061440 kB
VmallocUsed:      107464 kB
VmallocChunk:          0 kB
Percpu:             2464 kB
CmaTotal:         294912 kB
CmaFree:               0 kB
MemTotal:       12113136 kB
MemFree:         4030872 kB
MemAvailable:    6195392 kB
Buffers:            5184 kB
Cached:          2377356 kB
SwapCached:            0 kB
Active:          3923192 kB
Inactive:        1803568 kB
Active(anon):    3350904 kB
Inactive(anon):    23296 kB
Active(file):     572288 kB
Inactive(file):  1780272 kB
Unevictable:        5656 kB
Mlocked:            5656 kB
SwapTotal:       3145724 kB
SwapFree:        3145724 kB
Dirty:               540 kB
Writeback:             0 kB
AnonPages:       3350416 kB
Mapped:          1095664 kB
Shmem:             25384 kB
KReclaimable:     680664 kB
Slab:             219204 kB
SReclaimable:      70984 kB
SUnreclaim:       148220 kB
KernelStack:       50928 kB
PageTables:        73560 kB
NFS_Unstable:          0 kB
Bounce:                0 kB
WritebackTmp:          0 kB
CommitLimit:     9202292 kB
Committed_AS:   79819268 kB
VmallocTotal:   263061440 kB
VmallocUsed:      107432 kB
VmallocChunk:          0 kB
Percpu:             2464 kB
CmaTotal:         294912 kB
CmaFree:               0 kB
MemTotal:       12113136 kB
MemFree:         3994064 kB
MemAvailable:    6157936 kB
Buffers:            5184 kB
Cached:          2377356 kB
SwapCached:            0 kB
Active:          3959964 kB
Inactive:        1803568 kB
Active(anon):    3387676 kB
Inactive(anon):    23296 kB
Active(file):     572288 kB
Inactive(file):  1780272 kB
Unevictable:        5656 kB
Mlocked:            5656 kB
SwapTotal:       3145724 kB
SwapFree:        3145724 kB
Dirty:               180 kB
Writeback:             0 kB
AnonPages:       3386716 kB
Mapped:          1096076 kB
Shmem:             25384 kB
KReclaimable:     680016 kB
Slab:             219232 kB
SReclaimable:      70984 kB
SUnreclaim:       148248 kB
KernelStack:       50928 kB
PageTables:        73772 kB
NFS_Unstable:          0 kB
Bounce:                0 kB
WritebackTmp:          0 kB
CommitLimit:     9202292 kB
Committed_AS:   79901012 kB
VmallocTotal:   263061440 kB
VmallocUsed:      107432 kB
VmallocChunk:          0 kB
Percpu:             2464 kB
CmaTotal:         294912 kB
CmaFree:               0 kB
MemTotal:       12113136 kB
MemFree:         3972132 kB
MemAvailable:    6135772 kB
Buffers:            5184 kB
Cached:          2377360 kB
SwapCached:            0 kB
Active:          3981008 kB
Inactive:        1803572 kB
Active(anon):    3408720 kB
Inactive(anon):    23300 kB
Active(file):     572288 kB
Inactive(file):  1780272 kB
Unevictable:        5656 kB
Mlocked:            5656 kB
SwapTotal:       3145724 kB
SwapFree:        3145724 kB
Dirty:               192 kB
Writeback:             0 kB
AnonPages:       3407936 kB
Mapped:          1096276 kB
Shmem:             25388 kB
KReclaimable:     679784 kB
Slab:             219248 kB
SReclaimable:      70984 kB
SUnreclaim:       148264 kB
KernelStack:       50928 kB
PageTables:        73852 kB
NFS_Unstable:          0 kB
Bounce:                0 kB
WritebackTmp:          0 kB
CommitLimit:     9202292 kB
Committed_AS:   79934688 kB
VmallocTotal:   263061440 kB
VmallocUsed:      107448 kB
VmallocChunk:          0 kB
Percpu:             2464 kB
CmaTotal:         294912 kB
CmaFree:               0 kB
MemTotal:       12113136 kB
MemFree:         3942420 kB
MemAvailable:    6105628 kB
Buffers:            5184 kB
Cached:          2377364 kB
SwapCached:            0 kB
Active:          4011056 kB
Inactive:        1803576 kB
Active(anon):    3438768 kB
Inactive(anon):    23304 kB
Active(file):     572288 kB
Inactive(file):  1780272 kB
Unevictable:        5656 kB
Mlocked:            5656 kB
SwapTotal:       3145724 kB
SwapFree:        3145724 kB
Dirty:               216 kB
Writeback:             0 kB
AnonPages:       3437780 kB
Mapped:          1096564 kB
Shmem:             25392 kB
KReclaimable:     679352 kB
Slab:             219272 kB
SReclaimable:      70984 kB
SUnreclaim:       148288 kB
KernelStack:       50896 kB
PageTables:        73996 kB
NFS_Unstable:          0 kB
Bounce:                0 kB
WritebackTmp:          0 kB
CommitLimit:     9202292 kB
Committed_AS:   80016424 kB
VmallocTotal:   263061440 kB
VmallocUsed:      107416 kB
VmallocChunk:          0 kB
Percpu:             2464 kB
CmaTotal:         294912 kB
CmaFree:               0 kB
MemTotal:       12113136 kB
MemFree:         3905368 kB
MemAvailable:    6068208 kB
Buffers:            5192 kB
Cached:          2377360 kB
SwapCached:            0 kB
Active:          4047452 kB
Inactive:        1803580 kB
Active(anon):    3475164 kB
Inactive(anon):    23308 kB
Active(file):     572288 kB
Inactive(file):  1780272 kB
Unevictable:        5656 kB
Mlocked:            5656 kB
SwapTotal:       3145724 kB
SwapFree:        3145724 kB
Dirty:               228 kB
Writeback:             0 kB
AnonPages:       3474364 kB
Mapped:          1096820 kB
Shmem:             25396 kB
KReclaimable:     678984 kB
Slab:             219272 kB
SReclaimable:      70984 kB
SUnreclaim:       148288 kB
KernelStack:       50896 kB
PageTables:        74156 kB
NFS_Unstable:          0 kB
Bounce:                0 kB
WritebackTmp:          0 kB
CommitLimit:     9202292 kB
Committed_AS:   80114552 kB
VmallocTotal:   263061440 kB
VmallocUsed:      107416 kB
VmallocChunk:          0 kB
Percpu:             2464 kB
CmaTotal:         294912 kB
CmaFree:               0 kB
MemTotal:       12113136 kB
MemFree:         3881152 kB
MemAvailable:    6043720 kB
Buffers:            5192 kB
Cached:          2377392 kB
SwapCached:            0 kB
Active:          4071608 kB
Inactive:        1803600 kB
Active(anon):    3499308 kB
Inactive(anon):    23308 kB
Active(file):     572300 kB
Inactive(file):  1780292 kB
Unevictable:        5656 kB
Mlocked:            5656 kB
SwapTotal:       3145724 kB
SwapFree:        3145724 kB
Dirty:               240 kB
Writeback:             0 kB
AnonPages:       3498412 kB
Mapped:          1097052 kB
Shmem:             25396 kB
KReclaimable:     678680 kB
Slab:             219300 kB
SReclaimable:      70984 kB
SUnreclaim:       148316 kB
KernelStack:       50896 kB
PageTables:        74268 kB
NFS_Unstable:          0 kB
Bounce:                0 kB
WritebackTmp:          0 kB
CommitLimit:     9202292 kB
Committed_AS:   80146940 kB
VmallocTotal:   263061440 kB
VmallocUsed:      107416 kB
VmallocChunk:          0 kB
Percpu:             2464 kB
CmaTotal:         294912 kB
CmaFree:               0 kB
MemTotal:       12113136 kB
MemFree:         3843376 kB
MemAvailable:    6005504 kB
Buffers:            5192 kB
Cached:          2377392 kB
SwapCached:            0 kB
Active:          4109892 kB
Inactive:        1803600 kB
Active(anon):    3537592 kB
Inactive(anon):    23308 kB
Active(file):     572300 kB
Inactive(file):  1780292 kB
Unevictable:        5656 kB
Mlocked:            5656 kB
SwapTotal:       3145724 kB
SwapFree:        3145724 kB
Dirty:               172 kB
Writeback:             0 kB
AnonPages:       3536500 kB
Mapped:          1097352 kB
Shmem:             25396 kB
KReclaimable:     678240 kB
Slab:             219304 kB
SReclaimable:      70984 kB
SUnreclaim:       148320 kB
KernelStack:       50896 kB
PageTables:        74424 kB
NFS_Unstable:          0 kB
Bounce:                0 kB
WritebackTmp:          0 kB
CommitLimit:     9202292 kB
Committed_AS:   80234612 kB
VmallocTotal:   263061440 kB
VmallocUsed:      107400 kB
VmallocChunk:          0 kB
Percpu:             2464 kB
CmaTotal:         294912 kB
CmaFree:               0 kB
MemTotal:       12113136 kB
MemFree:         3804088 kB
MemAvailable:    5965864 kB
Buffers:            5192 kB
Cached:          2377396 kB
SwapCached:            0 kB
Active:          4148528 kB
Inactive:        1803604 kB
Active(anon):    3576228 kB
Inactive(anon):    23312 kB
Active(file):     572300 kB
Inactive(file):  1780292 kB
Unevictable:        5656 kB
Mlocked:            5656 kB
SwapTotal:       3145724 kB
SwapFree:        3145724 kB
Dirty:               192 kB
Writeback:             0 kB
AnonPages:       3575276 kB
Mapped:          1097856 kB
Shmem:             25400 kB
KReclaimable:     677888 kB
Slab:             219280 kB
SReclaimable:      70984 kB
SUnreclaim:       148296 kB
KernelStack:       50896 kB
PageTables:        74560 kB
NFS_Unstable:          0 kB
Bounce:                0 kB
WritebackTmp:          0 kB
CommitLimit:     9202292 kB
Committed_AS:   80329248 kB
VmallocTotal:   263061440 kB
VmallocUsed:      107448 kB
VmallocChunk:          0 kB
Percpu:             2464 kB
CmaTotal:         294912 kB
CmaFree:               0 kB
MemTotal:       12113136 kB
MemFree:         3771084 kB
MemAvailable:    5932452 kB
Buffers:            5192 kB
Cached:          2377396 kB
SwapCached:            0 kB
Active:          4181896 kB
Inactive:        1803604 kB
Active(anon):    3609596 kB
Inactive(anon):    23312 kB
Active(file):     572300 kB
Inactive(file):  1780292 kB
Unevictable:        5656 kB
Mlocked:            5656 kB
SwapTotal:       3145724 kB
SwapFree:        3145724 kB
Dirty:               208 kB
Writeback:             0 kB
AnonPages:       3608688 kB
Mapped:          1097892 kB
Shmem:             25400 kB
KReclaimable:     677480 kB
Slab:             219328 kB
SReclaimable:      70984 kB
SUnreclaim:       148344 kB
KernelStack:       50896 kB
PageTables:        74756 kB
NFS_Unstable:          0 kB
Bounce:                0 kB
WritebackTmp:          0 kB
CommitLimit:     9202292 kB
Committed_AS:   80410904 kB
VmallocTotal:   263061440 kB
VmallocUsed:      107432 kB
VmallocChunk:          0 kB
Percpu:             2464 kB
CmaTotal:         294912 kB
CmaFree:               0 kB
MemTotal:       12113136 kB
MemFree:         3732700 kB
MemAvailable:    5893660 kB
Buffers:            5192 kB
Cached:          2377408 kB
SwapCached:            0 kB
Active:          4218928 kB
Inactive:        1803616 kB
Active(anon):    3646628 kB
Inactive(anon):    23324 kB
Active(file):     572300 kB
Inactive(file):  1780292 kB
Unevictable:        5656 kB
Mlocked:            5656 kB
SwapTotal:       3145724 kB
SwapFree:        3145724 kB
Dirty:               264 kB
Writeback:             0 kB
AnonPages:       3645668 kB
Mapped:          1098208 kB
Shmem:             25412 kB
KReclaimable:     677072 kB
Slab:             219376 kB
SReclaimable:      70984 kB
SUnreclaim:       148392 kB
KernelStack:       50880 kB
PageTables:        74956 kB
NFS_Unstable:          0 kB
Bounce:                0 kB
WritebackTmp:          0 kB
CommitLimit:     9202292 kB
Committed_AS:   80492876 kB
VmallocTotal:   263061440 kB
VmallocUsed:      107432 kB
VmallocChunk:          0 kB
Percpu:             2464 kB
CmaTotal:         294912 kB
CmaFree:               0 kB
MemTotal:       12113136 kB
MemFree:         3700216 kB
MemAvailable:    5860840 kB
Buffers:            5192 kB
Cached:          2377408 kB
SwapCached:            0 kB
Active:          4249976 kB
Inactive:        1803616 kB
Active(anon):    3677676 kB
Inactive(anon):    23324 kB
Active(file):     572300 kB
Inactive(file):  1780292 kB
Unevictable:        5656 kB
Mlocked:            5656 kB
SwapTotal:       3145724 kB
SwapFree:        3145724 kB
Dirty:               284 kB
Writeback:             0 kB
AnonPages:       3676764 kB
Mapped:          1098460 kB
Shmem:             25412 kB
KReclaimable:     676736 kB
Slab:             219364 kB
SReclaimable:      70984 kB
SUnreclaim:       148380 kB
KernelStack:       50848 kB
PageTables:        75084 kB
NFS_Unstable:          0 kB
Bounce:                0 kB
WritebackTmp:          0 kB
CommitLimit:     9202292 kB
Committed_AS:   80558324 kB
VmallocTotal:   263061440 kB
VmallocUsed:      107384 kB
VmallocChunk:          0 kB
Percpu:             2464 kB
CmaTotal:         294912 kB
CmaFree:               0 kB
MemTotal:       12113136 kB
MemFree:         3680788 kB
MemAvailable:    5841124 kB
Buffers:            5192 kB
Cached:          2377412 kB
SwapCached:            0 kB
Active:          4269684 kB
Inactive:        1803620 kB
Active(anon):    3697384 kB
Inactive(anon):    23328 kB
Active(file):     572300 kB
Inactive(file):  1780292 kB
Unevictable:        5656 kB
Mlocked:            5656 kB
SwapTotal:       3145724 kB
SwapFree:        3145724 kB
Dirty:               104 kB
Writeback:             0 kB
AnonPages:       3696488 kB
Mapped:          1098652 kB
Shmem:             25416 kB
KReclaimable:     676448 kB
Slab:             219388 kB
SReclaimable:      70984 kB
SUnreclaim:       148404 kB
KernelStack:       50816 kB
PageTables:        75184 kB
NFS_Unstable:          0 kB
Bounce:                0 kB
WritebackTmp:          0 kB
CommitLimit:     9202292 kB
Committed_AS:   80623688 kB
VmallocTotal:   263061440 kB
VmallocUsed:      107352 kB
VmallocChunk:          0 kB
Percpu:             2464 kB
CmaTotal:         294912 kB
CmaFree:               0 kB
MemTotal:       12113136 kB
MemFree:         3641060 kB
MemAvailable:    5801028 kB
Buffers:            5192 kB
Cached:          2377416 kB
SwapCached:            0 kB
Active:          4309600 kB
Inactive:        1803624 kB
Active(anon):    3737300 kB
Inactive(anon):    23332 kB
Active(file):     572300 kB
Inactive(file):  1780292 kB
Unevictable:        5656 kB
Mlocked:            5656 kB
SwapTotal:       3145724 kB
SwapFree:        3145724 kB
Dirty:               152 kB
Writeback:             0 kB
AnonPages:       3736288 kB
Mapped:          1098880 kB
Shmem:             25420 kB
KReclaimable:     676080 kB
Slab:             219400 kB
SReclaimable:      70984 kB
SUnreclaim:       148416 kB
KernelStack:       50736 kB
PageTables:        75344 kB
NFS_Unstable:          0 kB
Bounce:                0 kB
WritebackTmp:          0 kB
CommitLimit:     9202292 kB
Committed_AS:   80722000 kB
VmallocTotal:   263061440 kB
VmallocUsed:      107288 kB
VmallocChunk:          0 kB
Percpu:             2464 kB
CmaTotal:         294912 kB
CmaFree:               0 kB
MemTotal:       12113136 kB
MemFree:         3616600 kB
MemAvailable:    5776248 kB
Buffers:            5192 kB
Cached:          2377416 kB
SwapCached:            0 kB
Active:          4334080 kB
Inactive:        1803624 kB
Active(anon):    3761780 kB
Inactive(anon):    23332 kB
Active(file):     572300 kB
Inactive(file):  1780292 kB
Unevictable:        5656 kB
Mlocked:            5656 kB
SwapTotal:       3145724 kB
SwapFree:        3145724 kB
Dirty:               172 kB
Writeback:             0 kB
AnonPages:       3760892 kB
Mapped:          1099072 kB
Shmem:             25420 kB
KReclaimable:     675760 kB
Slab:             219404 kB
SReclaimable:      70984 kB
SUnreclaim:       148420 kB
KernelStack:       50704 kB
PageTables:        75456 kB
NFS_Unstable:          0 kB
Bounce:                0 kB
WritebackTmp:          0 kB
CommitLimit:     9202292 kB
Committed_AS:   80754592 kB
VmallocTotal:   263061440 kB
VmallocUsed:      107272 kB
VmallocChunk:          0 kB
Percpu:             2464 kB
CmaTotal:         294912 kB
CmaFree:               0 kB
MemTotal:       12113136 kB
MemFree:         3587004 kB
MemAvailable:    5746256 kB
Buffers:            5192 kB
Cached:          2377436 kB
SwapCached:            0 kB
Active:          4364544 kB
Inactive:        1803644 kB
Active(anon):    3792244 kB
Inactive(anon):    23340 kB
Active(file):     572300 kB
Inactive(file):  1780304 kB
Unevictable:        5656 kB
Mlocked:            5656 kB
SwapTotal:       3145724 kB
SwapFree:        3145724 kB
Dirty:               224 kB
Writeback:             0 kB
AnonPages:       3791332 kB
Mapped:          1099344 kB
Shmem:             25428 kB
KReclaimable:     675352 kB
Slab:             219424 kB
SReclaimable:      70984 kB
SUnreclaim:       148440 kB
KernelStack:       50672 kB
PageTables:        75596 kB
NFS_Unstable:          0 kB
Bounce:                0 kB
WritebackTmp:          0 kB
CommitLimit:     9202292 kB
Committed_AS:   80836352 kB
VmallocTotal:   263061440 kB
VmallocUsed:      107240 kB
VmallocChunk:          0 kB
Percpu:             2464 kB
CmaTotal:         294912 kB
CmaFree:               0 kB
MemTotal:       12113136 kB
MemFree:         3549236 kB
MemAvailable:    5708120 kB
Buffers:            5192 kB
Cached:          2377444 kB
SwapCached:            0 kB
Active:          4401792 kB
Inactive:        1803652 kB
Active(anon):    3829492 kB
Inactive(anon):    23348 kB
Active(file):     572300 kB
Inactive(file):  1780304 kB
Unevictable:        5656 kB
Mlocked:            5656 kB
SwapTotal:       3145724 kB
SwapFree:        3145724 kB
Dirty:               292 kB
Writeback:             0 kB
AnonPages:       3828540 kB
Mapped:          1099588 kB
Shmem:             25436 kB
KReclaimable:     674984 kB
Slab:             219432 kB
SReclaimable:      70984 kB
SUnreclaim:       148448 kB
KernelStack:       50640 kB
PageTables:        75772 kB
NFS_Unstable:          0 kB
Bounce:                0 kB
WritebackTmp:          0 kB
CommitLimit:     9202292 kB
Committed_AS:   80918252 kB
VmallocTotal:   263061440 kB
VmallocUsed:      107192 kB
VmallocChunk:          0 kB
Percpu:             2464 kB
CmaTotal:         294912 kB
CmaFree:               0 kB
MemTotal:       12113136 kB
MemFree:         3514564 kB
MemAvailable:    5673068 kB
Buffers:            5192 kB
Cached:          2377452 kB
SwapCached:            0 kB
Active:          4436176 kB
Inactive:        1803660 kB
Active(anon):    3863876 kB
Inactive(anon):    23352 kB
Active(file):     572300 kB
Inactive(file):  1780308 kB
Unevictable:        5656 kB
Mlocked:            5656 kB
SwapTotal:       3145724 kB
SwapFree:        3145724 kB
Dirty:               116 kB
Writeback:             0 kB
AnonPages:       3862672 kB
Mapped:          1099860 kB
Shmem:             25440 kB
KReclaimable:     674600 kB
Slab:             219392 kB
SReclaimable:      70984 kB
SUnreclaim:       148408 kB
KernelStack:       50608 kB
PageTables:        75896 kB
NFS_Unstable:          0 kB
Bounce:                0 kB
WritebackTmp:          0 kB
CommitLimit:     9202292 kB
Committed_AS:   81000088 kB
VmallocTotal:   263061440 kB
VmallocUsed:      107208 kB
VmallocChunk:          0 kB
Percpu:             2464 kB
CmaTotal:         294912 kB
CmaFree:               0 kB
MemTotal:       12113136 kB
MemFree:         3480096 kB
MemAvailable:    5638184 kB
Buffers:            5192 kB
Cached:          2377452 kB
SwapCached:            0 kB
Active:          4471400 kB
Inactive:        1803660 kB
Active(anon):    3899100 kB
Inactive(anon):    23352 kB
Active(file):     572300 kB
Inactive(file):  1780308 kB
Unevictable:        5656 kB
Mlocked:            5656 kB
SwapTotal:       3145724 kB
SwapFree:        3145724 kB
Dirty:               164 kB
Writeback:             0 kB
AnonPages:       3898164 kB
Mapped:          1100104 kB
Shmem:             25440 kB
KReclaimable:     674184 kB
Slab:             219428 kB
SReclaimable:      70984 kB
SUnreclaim:       148444 kB
KernelStack:       50576 kB
PageTables:        76044 kB
NFS_Unstable:          0 kB
Bounce:                0 kB
WritebackTmp:          0 kB
CommitLimit:     9202292 kB
Committed_AS:   81081832 kB
VmallocTotal:   263061440 kB
VmallocUsed:      107160 kB
VmallocChunk:          0 kB
Percpu:             2464 kB
CmaTotal:         294912 kB
CmaFree:               0 kB
MemTotal:       12113136 kB
MemFree:         3453364 kB
MemAvailable:    5611164 kB
Buffers:            5192 kB
Cached:          2377456 kB
SwapCached:            0 kB
Active:          4497916 kB
Inactive:        1803664 kB
Active(anon):    3925616 kB
Inactive(anon):    23356 kB
Active(file):     572300 kB
Inactive(file):  1780308 kB
Unevictable:        5656 kB
Mlocked:            5656 kB
SwapTotal:       3145724 kB
SwapFree:        3145724 kB
Dirty:               196 kB
Writeback:             0 kB
AnonPages:       3924616 kB
Mapped:          1100280 kB
Shmem:             25444 kB
KReclaimable:     673896 kB
Slab:             219432 kB
SReclaimable:      70984 kB
SUnreclaim:       148448 kB
KernelStack:       50464 kB
PageTables:        76208 kB
NFS_Unstable:          0 kB
Bounce:                0 kB
WritebackTmp:          0 kB
CommitLimit:     9202292 kB
Committed_AS:   81180052 kB
VmallocTotal:   263061440 kB
VmallocUsed:      107000 kB
VmallocChunk:          0 kB
Percpu:             2464 kB
CmaTotal:         294912 kB
CmaFree:               0 kB
MemTotal:       12113136 kB
MemFree:         3418328 kB
MemAvailable:    5575728 kB
Buffers:            5192 kB
Cached:          2377456 kB
SwapCached:            0 kB
Active:          4532684 kB
Inactive:        1803664 kB
Active(anon):    3960384 kB
Inactive(anon):    23356 kB
Active(file):     572300 kB
Inactive(file):  1780308 kB
Unevictable:        5656 kB
Mlocked:            5656 kB
SwapTotal:       3145724 kB
SwapFree:        3145724 kB
Dirty:               176 kB
Writeback:             0 kB
AnonPages:       3959116 kB
Mapped:          1100540 kB
Shmem:             25444 kB
KReclaimable:     673496 kB
Slab:             219440 kB
SReclaimable:      70984 kB
SUnreclaim:       148456 kB
KernelStack:       50464 kB
PageTables:        76372 kB
NFS_Unstable:          0 kB
Bounce:                0 kB
WritebackTmp:          0 kB
CommitLimit:     9202292 kB
Committed_AS:   81245456 kB
VmallocTotal:   263061440 kB
VmallocUsed:      107000 kB
VmallocChunk:          0 kB
Percpu:             2464 kB
CmaTotal:         294912 kB
CmaFree:               0 kB
MemTotal:       12113136 kB
MemFree:         3390812 kB
MemAvailable:    5547868 kB
Buffers:            5196 kB
Cached:          2377480 kB
SwapCached:            0 kB
Active:          4559512 kB
Inactive:        1803688 kB
Active(anon):    3987208 kB
Inactive(anon):    23360 kB
Active(file):     572304 kB
Inactive(file):  1780328 kB
Unevictable:        5656 kB
Mlocked:            5656 kB
SwapTotal:       3145724 kB
SwapFree:        3145724 kB
Dirty:               212 kB
Writeback:             0 kB
AnonPages:       3986332 kB
Mapped:          1100764 kB
Shmem:             25448 kB
KReclaimable:     673128 kB
Slab:             219460 kB
SReclaimable:      70984 kB
SUnreclaim:       148476 kB
KernelStack:       50464 kB
PageTables:        76472 kB
NFS_Unstable:          0 kB
Bounce:                0 kB
WritebackTmp:          0 kB
CommitLimit:     9202292 kB
Committed_AS:   81298424 kB
VmallocTotal:   263061440 kB
VmallocUsed:      107000 kB
VmallocChunk:          0 kB
Percpu:             2464 kB
CmaTotal:         294912 kB
CmaFree:               0 kB
MemTotal:       12113136 kB
MemFree:         3360612 kB
MemAvailable:    5517384 kB
Buffers:            5196 kB
Cached:          2377488 kB
SwapCached:            0 kB
Active:          4589600 kB
Inactive:        1803696 kB
Active(anon):    4017296 kB
Inactive(anon):    23364 kB
Active(file):     572304 kB
Inactive(file):  1780332 kB
Unevictable:        5656 kB
Mlocked:            5656 kB
SwapTotal:       3145724 kB
SwapFree:        3145724 kB
Dirty:               240 kB
Writeback:             0 kB
AnonPages:       4016252 kB
Mapped:          1100948 kB
Shmem:             25452 kB
KReclaimable:     672840 kB
Slab:             219468 kB
SReclaimable:      70984 kB
SUnreclaim:       148484 kB
KernelStack:       50464 kB
PageTables:        76636 kB
NFS_Unstable:          0 kB
Bounce:                0 kB
WritebackTmp:          0 kB
CommitLimit:     9202292 kB
Committed_AS:   81380260 kB
VmallocTotal:   263061440 kB
VmallocUsed:      107000 kB
VmallocChunk:          0 kB
Percpu:             2464 kB
CmaTotal:         294912 kB
CmaFree:               0 kB
MemTotal:       12113136 kB
MemFree:         3321780 kB
MemAvailable:    5478096 kB
Buffers:            5196 kB
Cached:          2377488 kB
SwapCached:            0 kB
Active:          4628500 kB
Inactive:        1803692 kB
Active(anon):    4056192 kB
Inactive(anon):    23364 kB
Active(file):     572308 kB
Inactive(file):  1780328 kB
Unevictable:        5656 kB
Mlocked:            5656 kB
SwapTotal:       3145724 kB
SwapFree:        3145724 kB
Dirty:               156 kB
Writeback:             0 kB
AnonPages:       4055220 kB
Mapped:          1101232 kB
Shmem:             25452 kB
KReclaimable:     672384 kB
Slab:             219512 kB
SReclaimable:      70984 kB
SUnreclaim:       148528 kB
KernelStack:       50464 kB
PageTables:        76792 kB
NFS_Unstable:          0 kB
Bounce:                0 kB
WritebackTmp:          0 kB
CommitLimit:     9202292 kB
Committed_AS:   81462092 kB
VmallocTotal:   263061440 kB
VmallocUsed:      106984 kB
VmallocChunk:          0 kB
Percpu:             2464 kB
CmaTotal:         294912 kB
CmaFree:               0 kB
MemTotal:       12113136 kB
MemFree:         3289004 kB
MemAvailable:    5445000 kB
Buffers:            5196 kB
Cached:          2377492 kB
SwapCached:            0 kB
Active:          4660784 kB
Inactive:        1803696 kB
Active(anon):    4088476 kB
Inactive(anon):    23368 kB
Active(file):     572308 kB
Inactive(file):  1780328 kB
Unevictable:        5656 kB
Mlocked:            5656 kB
SwapTotal:       3145724 kB
SwapFree:        3145724 kB
Dirty:               176 kB
Writeback:             0 kB
AnonPages:       4087236 kB
Mapped:          1101436 kB
Shmem:             25456 kB
KReclaimable:     672064 kB
Slab:             219524 kB
SReclaimable:      70984 kB
SUnreclaim:       148540 kB
KernelStack:       50464 kB
PageTables:        76928 kB
NFS_Unstable:          0 kB
Bounce:                0 kB
WritebackTmp:          0 kB
CommitLimit:     9202292 kB
Committed_AS:   81527408 kB
VmallocTotal:   263061440 kB
VmallocUsed:      107000 kB
VmallocChunk:          0 kB
Percpu:             2464 kB
CmaTotal:         294912 kB
CmaFree:               0 kB
MemTotal:       12113136 kB
MemFree:         3248820 kB
MemAvailable:    5404288 kB
Buffers:            5196 kB
Cached:          2377496 kB
SwapCached:            0 kB
Active:          4699276 kB
Inactive:        1803700 kB
Active(anon):    4126968 kB
Inactive(anon):    23372 kB
Active(file):     572308 kB
Inactive(file):  1780328 kB
Unevictable:        5656 kB
Mlocked:            5656 kB
SwapTotal:       3145724 kB
SwapFree:        3145724 kB
Dirty:               196 kB
Writeback:             0 kB
AnonPages:       4126320 kB
Mapped:          1101784 kB
Shmem:             25460 kB
KReclaimable:     671536 kB
Slab:             219556 kB
SReclaimable:      70984 kB
SUnreclaim:       148572 kB
KernelStack:       50464 kB
PageTables:        77100 kB
NFS_Unstable:          0 kB
Bounce:                0 kB
WritebackTmp:          0 kB
CommitLimit:     9202292 kB
Committed_AS:   81626016 kB
VmallocTotal:   263061440 kB
VmallocUsed:      107016 kB
VmallocChunk:          0 kB
Percpu:             2464 kB
CmaTotal:         294912 kB
CmaFree:               0 kB
MemTotal:       12113136 kB
MemFree:         3213072 kB
MemAvailable:    5368148 kB
Buffers:            5196 kB
Cached:          2377500 kB
SwapCached:            0 kB
Active:          4734596 kB
Inactive:        1803704 kB
Active(anon):    4162288 kB
Inactive(anon):    23376 kB
Active(file):     572308 kB
Inactive(file):  1780328 kB
Unevictable:        5656 kB
Mlocked:            5656 kB
SwapTotal:       3145724 kB
SwapFree:        3145724 kB
Dirty:               284 kB
Writeback:             0 kB
AnonPages:       4161440 kB
Mapped:          1102012 kB
Shmem:             25464 kB
KReclaimable:     671144 kB
Slab:             219564 kB
SReclaimable:      70984 kB
SUnreclaim:       148580 kB
KernelStack:       50480 kB
PageTables:        77212 kB
NFS_Unstable:          0 kB
Bounce:                0 kB
WritebackTmp:          0 kB
CommitLimit:     9202292 kB
Committed_AS:   81676136 kB
VmallocTotal:   263061440 kB
VmallocUsed:      107032 kB
VmallocChunk:          0 kB
Percpu:             2464 kB
CmaTotal:         294912 kB
CmaFree:               0 kB
MemTotal:       12113136 kB
MemFree:         3183576 kB
MemAvailable:    5338476 kB
Buffers:            5196 kB
Cached:          2377504 kB
SwapCached:            0 kB
Active:          4764760 kB
Inactive:        1803704 kB
Active(anon):    4192448 kB
Inactive(anon):    23380 kB
Active(file):     572312 kB
Inactive(file):  1780324 kB
Unevictable:        5656 kB
Mlocked:            5656 kB
SwapTotal:       3145724 kB
SwapFree:        3145724 kB
Dirty:               204 kB
Writeback:             0 kB
AnonPages:       4191172 kB
Mapped:          1102128 kB
Shmem:             25468 kB
KReclaimable:     670968 kB
Slab:             219544 kB
SReclaimable:      70984 kB
SUnreclaim:       148560 kB
KernelStack:       50480 kB
PageTables:        77312 kB
NFS_Unstable:          0 kB
Bounce:                0 kB
WritebackTmp:          0 kB
CommitLimit:     9202292 kB
Committed_AS:   81741408 kB
VmallocTotal:   263061440 kB
VmallocUsed:      106952 kB
VmallocChunk:          0 kB
Percpu:             2464 kB
CmaTotal:         294912 kB
CmaFree:               0 kB
MemTotal:       12113136 kB
MemFree:         3139384 kB
MemAvailable:    5293812 kB
Buffers:            5196 kB
Cached:          2377504 kB
SwapCached:            0 kB
Active:          4811220 kB
Inactive:        1803704 kB
Active(anon):    4238908 kB
Inactive(anon):    23380 kB
Active(file):     572312 kB
Inactive(file):  1780324 kB
Unevictable:        5656 kB
Mlocked:            5656 kB
SwapTotal:       3145724 kB
SwapFree:        3145724 kB
Dirty:               304 kB
Writeback:             0 kB
AnonPages:       4238032 kB
Mapped:          1101696 kB
Shmem:             25468 kB
KReclaimable:     670496 kB
Slab:             219556 kB
SReclaimable:      70984 kB
SUnreclaim:       148572 kB
KernelStack:       50464 kB
PageTables:        77512 kB
NFS_Unstable:          0 kB
Bounce:                0 kB
WritebackTmp:          0 kB
CommitLimit:     9202292 kB
Committed_AS:   81823124 kB
VmallocTotal:   263061440 kB
VmallocUsed:      106968 kB
VmallocChunk:          0 kB
Percpu:             2464 kB
CmaTotal:         294912 kB
CmaFree:               0 kB
MemTotal:       12113136 kB
MemFree:         3100788 kB
MemAvailable:    5255216 kB
Buffers:            5196 kB
Cached:          2377508 kB
SwapCached:            0 kB
Active:          4845064 kB
Inactive:        1803708 kB
Active(anon):    4272752 kB
Inactive(anon):    23384 kB
Active(file):     572312 kB
Inactive(file):  1780324 kB
Unevictable:        5656 kB
Mlocked:            5656 kB
SwapTotal:       3145724 kB
SwapFree:        3145724 kB
Dirty:               444 kB
Writeback:             0 kB
AnonPages:       4271816 kB
Mapped:          1101952 kB
Shmem:             25472 kB
KReclaimable:     670496 kB
Slab:             219556 kB
SReclaimable:      70984 kB
SUnreclaim:       148572 kB
KernelStack:       50464 kB
PageTables:        77676 kB
NFS_Unstable:          0 kB
Bounce:                0 kB
WritebackTmp:          0 kB
CommitLimit:     9202292 kB
Committed_AS:   81905000 kB
VmallocTotal:   263061440 kB
VmallocUsed:      106984 kB
VmallocChunk:          0 kB
Percpu:             2464 kB
CmaTotal:         294912 kB
CmaFree:               0 kB
MemTotal:       12113136 kB
MemFree:         3094236 kB
MemAvailable:    5248676 kB
Buffers:            5196 kB
Cached:          2377524 kB
SwapCached:            0 kB
Active:          4852084 kB
Inactive:        1803712 kB
Active(anon):    4279760 kB
Inactive(anon):    23388 kB
Active(file):     572324 kB
Inactive(file):  1780324 kB
Unevictable:        5656 kB
Mlocked:            5656 kB
SwapTotal:       3145724 kB
SwapFree:        3145724 kB
Dirty:               588 kB
Writeback:             0 kB
AnonPages:       4278740 kB
Mapped:          1088516 kB
Shmem:             25476 kB
KReclaimable:     670496 kB
Slab:             219580 kB
SReclaimable:      70984 kB
SUnreclaim:       148596 kB
KernelStack:       50496 kB
PageTables:        77744 kB
NFS_Unstable:          0 kB
Bounce:                0 kB
WritebackTmp:          0 kB
CommitLimit:     9202292 kB
Committed_AS:   81937548 kB
VmallocTotal:   263061440 kB
VmallocUsed:      106952 kB
VmallocChunk:          0 kB
Percpu:             2464 kB
CmaTotal:         294912 kB
CmaFree:             132 kB
MemTotal:       12113136 kB
MemFree:         3052924 kB
MemAvailable:    5207364 kB
Buffers:            5196 kB
Cached:          2377524 kB
SwapCached:            0 kB
Active:          4894828 kB
Inactive:        1803712 kB
Active(anon):    4322504 kB
Inactive(anon):    23388 kB
Active(file):     572324 kB
Inactive(file):  1780324 kB
Unevictable:        5656 kB
Mlocked:            5656 kB
SwapTotal:       3145724 kB
SwapFree:        3145724 kB
Dirty:               688 kB
Writeback:             0 kB
AnonPages:       4321456 kB
Mapped:          1088552 kB
Shmem:             25476 kB
KReclaimable:     670496 kB
Slab:             219580 kB
SReclaimable:      70984 kB
SUnreclaim:       148596 kB
KernelStack:       50464 kB
PageTables:        77892 kB
NFS_Unstable:          0 kB
Bounce:                0 kB
WritebackTmp:          0 kB
CommitLimit:     9202292 kB
Committed_AS:   82035812 kB
VmallocTotal:   263061440 kB
VmallocUsed:      106968 kB
VmallocChunk:          0 kB
Percpu:             2464 kB
CmaTotal:         294912 kB
CmaFree:               0 kB
MemTotal:       12113136 kB
MemFree:         3022616 kB
MemAvailable:    5177056 kB
Buffers:            5196 kB
Cached:          2377528 kB
SwapCached:            0 kB
Active:          4925020 kB
Inactive:        1803716 kB
Active(anon):    4352696 kB
Inactive(anon):    23392 kB
Active(file):     572324 kB
Inactive(file):  1780324 kB
Unevictable:        5656 kB
Mlocked:            5656 kB
SwapTotal:       3145724 kB
SwapFree:        3145724 kB
Dirty:               172 kB
Writeback:             0 kB
AnonPages:       4351856 kB
Mapped:          1088656 kB
Shmem:             25480 kB
KReclaimable:     670496 kB
Slab:             219636 kB
SReclaimable:      70984 kB
SUnreclaim:       148652 kB
KernelStack:       50464 kB
PageTables:        78028 kB
NFS_Unstable:          0 kB
Bounce:                0 kB
WritebackTmp:          0 kB
CommitLimit:     9202292 kB
Committed_AS:   82116336 kB
VmallocTotal:   263061440 kB
VmallocUsed:      106984 kB
VmallocChunk:          0 kB
Percpu:             2464 kB
CmaTotal:         294912 kB
CmaFree:               0 kB
MemTotal:       12113136 kB
MemFree:         2987340 kB
MemAvailable:    5141780 kB
Buffers:            5196 kB
Cached:          2377544 kB
SwapCached:            0 kB
Active:          4959448 kB
Inactive:        1803732 kB
Active(anon):    4387124 kB
Inactive(anon):    23408 kB
Active(file):     572324 kB
Inactive(file):  1780324 kB
Unevictable:        5656 kB
Mlocked:            5656 kB
SwapTotal:       3145724 kB
SwapFree:        3145724 kB
Dirty:               168 kB
Writeback:             0 kB
AnonPages:       4386160 kB
Mapped:          1089184 kB
Shmem:             25496 kB
KReclaimable:     670496 kB
Slab:             219632 kB
SReclaimable:      70984 kB
SUnreclaim:       148648 kB
KernelStack:       50448 kB
PageTables:        78148 kB
NFS_Unstable:          0 kB
Bounce:                0 kB
WritebackTmp:          0 kB
CommitLimit:     9202292 kB
Committed_AS:   82182644 kB
VmallocTotal:   263061440 kB
VmallocUsed:      107016 kB
VmallocChunk:          0 kB
Percpu:             2464 kB
CmaTotal:         294912 kB
CmaFree:               0 kB
MemTotal:       12113136 kB
MemFree:         2950856 kB
MemAvailable:    5105296 kB
Buffers:            5196 kB
Cached:          2377548 kB
SwapCached:            0 kB
Active:          4995464 kB
Inactive:        1803736 kB
Active(anon):    4423140 kB
Inactive(anon):    23412 kB
Active(file):     572324 kB
Inactive(file):  1780324 kB
Unevictable:        5656 kB
Mlocked:            5656 kB
SwapTotal:       3145724 kB
SwapFree:        3145724 kB
Dirty:               188 kB
Writeback:             0 kB
AnonPages:       4422304 kB
Mapped:          1089332 kB
Shmem:             25500 kB
KReclaimable:     670496 kB
Slab:             219648 kB
SReclaimable:      70984 kB
SUnreclaim:       148664 kB
KernelStack:       50464 kB
PageTables:        78292 kB
NFS_Unstable:          0 kB
Bounce:                0 kB
WritebackTmp:          0 kB
CommitLimit:     9202292 kB
Committed_AS:   82248424 kB
VmallocTotal:   263061440 kB
VmallocUsed:      107000 kB
VmallocChunk:          0 kB
Percpu:             2464 kB
CmaTotal:         294912 kB
CmaFree:               0 kB
MemTotal:       12113136 kB
MemFree:         2914604 kB
MemAvailable:    5069048 kB
Buffers:            5200 kB
Cached:          2377560 kB
SwapCached:            0 kB
Active:          5031760 kB
Inactive:        1803744 kB
Active(anon):    4459432 kB
Inactive(anon):    23420 kB
Active(file):     572328 kB
Inactive(file):  1780324 kB
Unevictable:        5656 kB
Mlocked:            5656 kB
SwapTotal:       3145724 kB
SwapFree:        3145724 kB
Dirty:               216 kB
Writeback:             0 kB
AnonPages:       4458468 kB
Mapped:          1089480 kB
Shmem:             25508 kB
KReclaimable:     670496 kB
Slab:             219664 kB
SReclaimable:      70984 kB
SUnreclaim:       148680 kB
KernelStack:       50448 kB
PageTables:        78428 kB
NFS_Unstable:          0 kB
Bounce:                0 kB
WritebackTmp:          0 kB
CommitLimit:     9202292 kB
Committed_AS:   82313916 kB
VmallocTotal:   263061440 kB
VmallocUsed:      107032 kB
VmallocChunk:          0 kB
Percpu:             2464 kB
CmaTotal:         294912 kB
CmaFree:               0 kB
MemTotal:       12113136 kB
MemFree:         2884996 kB
MemAvailable:    5039460 kB
Buffers:            5200 kB
Cached:          2377580 kB
SwapCached:            0 kB
Active:          5060408 kB
Inactive:        1803764 kB
Active(anon):    4488076 kB
Inactive(anon):    23424 kB
Active(file):     572332 kB
Inactive(file):  1780340 kB
Unevictable:        5656 kB
Mlocked:            5656 kB
SwapTotal:       3145724 kB
SwapFree:        3145724 kB
Dirty:               224 kB
Writeback:             0 kB
AnonPages:       4487168 kB
Mapped:          1089632 kB
Shmem:             25512 kB
KReclaimable:     670496 kB
Slab:             219676 kB
SReclaimable:      70984 kB
SUnreclaim:       148692 kB
KernelStack:       50448 kB
PageTables:        78532 kB
NFS_Unstable:          0 kB
Bounce:                0 kB
WritebackTmp:          0 kB
CommitLimit:     9202292 kB
Committed_AS:   82379676 kB
VmallocTotal:   263061440 kB
VmallocUsed:      107016 kB
VmallocChunk:          0 kB
Percpu:             2464 kB
CmaTotal:         294912 kB
CmaFree:               0 kB
MemTotal:       12113136 kB
MemFree:         2860908 kB
MemAvailable:    5015372 kB
Buffers:            5200 kB
Cached:          2377580 kB
SwapCached:            0 kB
Active:          5083084 kB
Inactive:        1803764 kB
Active(anon):    4510752 kB
Inactive(anon):    23424 kB
Active(file):     572332 kB
Inactive(file):  1780340 kB
Unevictable:        5656 kB
Mlocked:            5656 kB
SwapTotal:       3145724 kB
SwapFree:        3145724 kB
Dirty:               240 kB
Writeback:             0 kB
AnonPages:       4509772 kB
Mapped:          1089944 kB
Shmem:             25512 kB
KReclaimable:     670496 kB
Slab:             219692 kB
SReclaimable:      70984 kB
SUnreclaim:       148708 kB
KernelStack:       50448 kB
PageTables:        78676 kB
NFS_Unstable:          0 kB
Bounce:                0 kB
WritebackTmp:          0 kB
CommitLimit:     9202292 kB
Committed_AS:   82445304 kB
VmallocTotal:   263061440 kB
VmallocUsed:      107032 kB
VmallocChunk:          0 kB
Percpu:             2464 kB
CmaTotal:         294912 kB
CmaFree:               0 kB
MemTotal:       12113136 kB
MemFree:         2838120 kB
MemAvailable:    4992592 kB
Buffers:            5200 kB
Cached:          2377584 kB
SwapCached:            0 kB
Active:          5105568 kB
Inactive:        1803768 kB
Active(anon):    4533236 kB
Inactive(anon):    23424 kB
Active(file):     572332 kB
Inactive(file):  1780344 kB
Unevictable:        5656 kB
Mlocked:            5656 kB
SwapTotal:       3145724 kB
SwapFree:        3145724 kB
Dirty:               100 kB
Writeback:             0 kB
AnonPages:       4532312 kB
Mapped:          1090072 kB
Shmem:             25512 kB
KReclaimable:     670500 kB
Slab:             219696 kB
SReclaimable:      70988 kB
SUnreclaim:       148708 kB
KernelStack:       50448 kB
PageTables:        78760 kB
NFS_Unstable:          0 kB
Bounce:                0 kB
WritebackTmp:          0 kB
CommitLimit:     9202292 kB
Committed_AS:   82494672 kB
VmallocTotal:   263061440 kB
VmallocUsed:      107032 kB
VmallocChunk:          0 kB
Percpu:             2464 kB
CmaTotal:         294912 kB
CmaFree:               0 kB
MemTotal:       12113136 kB
MemFree:         2797388 kB
MemAvailable:    4951860 kB
Buffers:            5200 kB
Cached:          2377620 kB
SwapCached:            0 kB
Active:          5146752 kB
Inactive:        1803804 kB
Active(anon):    4574420 kB
Inactive(anon):    23460 kB
Active(file):     572332 kB
Inactive(file):  1780344 kB
Unevictable:        5656 kB
Mlocked:            5656 kB
SwapTotal:       3145724 kB
SwapFree:        3145724 kB
Dirty:               120 kB
Writeback:             0 kB
AnonPages:       4573556 kB
Mapped:          1090376 kB
Shmem:             25548 kB
KReclaimable:     670500 kB
Slab:             219712 kB
SReclaimable:      70988 kB
SUnreclaim:       148724 kB
KernelStack:       50448 kB
PageTables:        78932 kB
NFS_Unstable:          0 kB
Bounce:                0 kB
WritebackTmp:          0 kB
CommitLimit:     9202292 kB
Committed_AS:   82576440 kB
VmallocTotal:   263061440 kB
VmallocUsed:      107000 kB
VmallocChunk:          0 kB
Percpu:             2464 kB
CmaTotal:         294912 kB
CmaFree:               0 kB
MemTotal:       12113136 kB
MemFree:         2763104 kB
MemAvailable:    4917576 kB
Buffers:            5200 kB
Cached:          2377624 kB
SwapCached:            0 kB
Active:          5181528 kB
Inactive:        1803808 kB
Active(anon):    4609196 kB
Inactive(anon):    23464 kB
Active(file):     572332 kB
Inactive(file):  1780344 kB
Unevictable:        5656 kB
Mlocked:            5656 kB
SwapTotal:       3145724 kB
SwapFree:        3145724 kB
Dirty:               156 kB
Writeback:             0 kB
AnonPages:       4608244 kB
Mapped:          1090604 kB
Shmem:             25552 kB
KReclaimable:     670500 kB
Slab:             219724 kB
SReclaimable:      70988 kB
SUnreclaim:       148736 kB
KernelStack:       50464 kB
PageTables:        79064 kB
NFS_Unstable:          0 kB
Bounce:                0 kB
WritebackTmp:          0 kB
CommitLimit:     9202292 kB
Committed_AS:   82641848 kB
VmallocTotal:   263061440 kB
VmallocUsed:      107032 kB
VmallocChunk:          0 kB
Percpu:             2464 kB
CmaTotal:         294912 kB
CmaFree:               0 kB
MemTotal:       12113136 kB
MemFree:         2736560 kB
MemAvailable:    4891032 kB
Buffers:            5200 kB
Cached:          2377624 kB
SwapCached:            0 kB
Active:          5207260 kB
Inactive:        1803808 kB
Active(anon):    4634928 kB
Inactive(anon):    23464 kB
Active(file):     572332 kB
Inactive(file):  1780344 kB
Unevictable:        5656 kB
Mlocked:            5656 kB
SwapTotal:       3145724 kB
SwapFree:        3145724 kB
Dirty:               184 kB
Writeback:             0 kB
AnonPages:       4633996 kB
Mapped:          1090708 kB
Shmem:             25552 kB
KReclaimable:     670500 kB
Slab:             219736 kB
SReclaimable:      70988 kB
SUnreclaim:       148748 kB
KernelStack:       50448 kB
PageTables:        79144 kB
NFS_Unstable:          0 kB
Bounce:                0 kB
WritebackTmp:          0 kB
CommitLimit:     9202292 kB
Committed_AS:   82707264 kB
VmallocTotal:   263061440 kB
VmallocUsed:      107000 kB
VmallocChunk:          0 kB
Percpu:             2464 kB
CmaTotal:         294912 kB
CmaFree:               0 kB
MemTotal:       12113136 kB
MemFree:         2691532 kB
MemAvailable:    4846004 kB
Buffers:            5200 kB
Cached:          2377632 kB
SwapCached:            0 kB
Active:          5251248 kB
Inactive:        1803816 kB
Active(anon):    4678916 kB
Inactive(anon):    23472 kB
Active(file):     572332 kB
Inactive(file):  1780344 kB
Unevictable:        5656 kB
Mlocked:            5656 kB
SwapTotal:       3145724 kB
SwapFree:        3145724 kB
Dirty:               204 kB
Writeback:             0 kB
AnonPages:       4677852 kB
Mapped:          1091140 kB
Shmem:             25560 kB
KReclaimable:     670500 kB
Slab:             219760 kB
SReclaimable:      70988 kB
SUnreclaim:       148772 kB
KernelStack:       50448 kB
PageTables:        79344 kB
NFS_Unstable:          0 kB
Bounce:                0 kB
WritebackTmp:          0 kB
CommitLimit:     9202292 kB
Committed_AS:   82789020 kB
VmallocTotal:   263061440 kB
VmallocUsed:      107000 kB
VmallocChunk:          0 kB
Percpu:             2464 kB
CmaTotal:         294912 kB
CmaFree:               0 kB
MemTotal:       12113136 kB
MemFree:         2668244 kB
MemAvailable:    4822716 kB
Buffers:            5200 kB
Cached:          2377632 kB
SwapCached:            0 kB
Active:          5274808 kB
Inactive:        1803816 kB
Active(anon):    4702476 kB
Inactive(anon):    23472 kB
Active(file):     572332 kB
Inactive(file):  1780344 kB
Unevictable:        5656 kB
Mlocked:            5656 kB
SwapTotal:       3145724 kB
SwapFree:        3145724 kB
Dirty:               224 kB
Writeback:             0 kB
AnonPages:       4701524 kB
Mapped:          1091252 kB
Shmem:             25560 kB
KReclaimable:     670500 kB
Slab:             219760 kB
SReclaimable:      70988 kB
SUnreclaim:       148772 kB
KernelStack:       50448 kB
PageTables:        79444 kB
NFS_Unstable:          0 kB
Bounce:                0 kB
WritebackTmp:          0 kB
CommitLimit:     9202292 kB
Committed_AS:   82838216 kB
VmallocTotal:   263061440 kB
VmallocUsed:      107000 kB
VmallocChunk:          0 kB
Percpu:             2464 kB
CmaTotal:         294912 kB
CmaFree:               0 kB
MemTotal:       12113136 kB
MemFree:         2651272 kB
MemAvailable:    4805744 kB
Buffers:            5200 kB
Cached:          2377636 kB
SwapCached:            0 kB
Active:          5292064 kB
Inactive:        1803820 kB
Active(anon):    4719732 kB
Inactive(anon):    23476 kB
Active(file):     572332 kB
Inactive(file):  1780344 kB
Unevictable:        5656 kB
Mlocked:            5656 kB
SwapTotal:       3145724 kB
SwapFree:        3145724 kB
Dirty:               244 kB
Writeback:             0 kB
AnonPages:       4718736 kB
Mapped:          1090700 kB
Shmem:             25564 kB
KReclaimable:     670500 kB
Slab:             219764 kB
SReclaimable:      70988 kB
SUnreclaim:       148776 kB
KernelStack:       50400 kB
PageTables:        79524 kB
NFS_Unstable:          0 kB
Bounce:                0 kB
WritebackTmp:          0 kB
CommitLimit:     9202292 kB
Committed_AS:   82903292 kB
VmallocTotal:   263061440 kB
VmallocUsed:      106952 kB
VmallocChunk:          0 kB
Percpu:             2464 kB
CmaTotal:         294912 kB
CmaFree:               0 kB
MemTotal:       12113136 kB
MemFree:         2607340 kB
MemAvailable:    4761824 kB
Buffers:            5200 kB
Cached:          2377648 kB
SwapCached:            0 kB
Active:          5335196 kB
Inactive:        1803832 kB
Active(anon):    4762864 kB
Inactive(anon):    23476 kB
Active(file):     572332 kB
Inactive(file):  1780356 kB
Unevictable:        5656 kB
Mlocked:            5656 kB
SwapTotal:       3145724 kB
SwapFree:        3145724 kB
Dirty:               284 kB
Writeback:             0 kB
AnonPages:       4761920 kB
Mapped:          1090984 kB
Shmem:             25564 kB
KReclaimable:     670500 kB
Slab:             219780 kB
SReclaimable:      70988 kB
SUnreclaim:       148792 kB
KernelStack:       50336 kB
PageTables:        79716 kB
NFS_Unstable:          0 kB
Bounce:                0 kB
WritebackTmp:          0 kB
CommitLimit:     9202292 kB
Committed_AS:   83001472 kB
VmallocTotal:   263061440 kB
VmallocUsed:      106888 kB
VmallocChunk:          0 kB
Percpu:             2464 kB
CmaTotal:         294912 kB
CmaFree:               0 kB
MemTotal:       12113136 kB
MemFree:         2590216 kB
MemAvailable:    4744700 kB
Buffers:            5200 kB
Cached:          2377648 kB
SwapCached:            0 kB
Active:          5350732 kB
Inactive:        1803832 kB
Active(anon):    4778400 kB
Inactive(anon):    23476 kB
Active(file):     572332 kB
Inactive(file):  1780356 kB
Unevictable:        5656 kB
Mlocked:            5656 kB
SwapTotal:       3145724 kB
SwapFree:        3145724 kB
Dirty:               304 kB
Writeback:             0 kB
AnonPages:       4777624 kB
Mapped:          1091164 kB
Shmem:             25564 kB
KReclaimable:     670500 kB
Slab:             219820 kB
SReclaimable:      70988 kB
SUnreclaim:       148832 kB
KernelStack:       50352 kB
PageTables:        79892 kB
NFS_Unstable:          0 kB
Bounce:                0 kB
WritebackTmp:          0 kB
CommitLimit:     9202292 kB
Committed_AS:   83029336 kB
VmallocTotal:   263061440 kB
VmallocUsed:      106888 kB
VmallocChunk:          0 kB
Percpu:             2464 kB
CmaTotal:         294912 kB
CmaFree:               0 kB
MemTotal:       12113136 kB
MemFree:         2550276 kB
MemAvailable:    4704760 kB
Buffers:            5200 kB
Cached:          2377692 kB
SwapCached:            0 kB
Active:          5390036 kB
Inactive:        1803876 kB
Active(anon):    4817704 kB
Inactive(anon):    23520 kB
Active(file):     572332 kB
Inactive(file):  1780356 kB
Unevictable:        5656 kB
Mlocked:            5656 kB
SwapTotal:       3145724 kB
SwapFree:        3145724 kB
Dirty:               320 kB
Writeback:             0 kB
AnonPages:       4816848 kB
Mapped:          1091508 kB
Shmem:             25608 kB
KReclaimable:     670500 kB
Slab:             219808 kB
SReclaimable:      70988 kB
SUnreclaim:       148820 kB
KernelStack:       50336 kB
PageTables:        79928 kB
NFS_Unstable:          0 kB
Bounce:                0 kB
WritebackTmp:          0 kB
CommitLimit:     9202292 kB
Committed_AS:   83094836 kB
VmallocTotal:   263061440 kB
VmallocUsed:      106888 kB
