MemTotal:        7918588 kB
MemFree:         3215572 kB
MemAvailable:    4609412 kB
Buffers:            4820 kB
Cached:          1339816 kB
SwapCached:         7812 kB
Active:          1424988 kB
Inactive:         678368 kB
Active(anon):     777456 kB
Inactive(anon):     1388 kB
Active(file):     647532 kB
Inactive(file):   676980 kB
Unevictable:        6164 kB
Mlocked:            5724 kB
SwapTotal:       4718584 kB
SwapFree:        4022264 kB
Dirty:            145360 kB
Writeback:            12 kB
AnonPages:        760648 kB
Mapped:           455276 kB
Shmem:             15536 kB
KReclaimable:     459552 kB
Slab:             321904 kB
SReclaimable:      90224 kB
SUnreclaim:       231680 kB
KernelStack:       50944 kB
ShadowCallStack:   12756 kB
PageTables:        69536 kB
NFS_Unstable:          0 kB
Bounce:                0 kB
WritebackTmp:          0 kB
CommitLimit:     8677876 kB
Committed_AS:   74065692 kB
VmallocTotal:   263061440 kB
VmallocUsed:      135660 kB
VmallocChunk:          0 kB
Percpu:             2448 kB
CmaTotal:         405504 kB
CmaFree:          306624 kB
MemTotal:        7918588 kB
MemFree:         3227776 kB
MemAvailable:    5043884 kB
Buffers:            4860 kB
Cached:          1343748 kB
SwapCached:         7824 kB
Active:          1412592 kB
Inactive:         678484 kB
Active(anon):     761476 kB
Inactive(anon):     1388 kB
Active(file):     651116 kB
Inactive(file):   677096 kB
Unevictable:        6164 kB
Mlocked:            5724 kB
SwapTotal:       4718584 kB
SwapFree:        4022264 kB
Dirty:            145372 kB
Writeback:             0 kB
AnonPages:        744220 kB
Mapped:           494732 kB
Shmem:             15808 kB
KReclaimable:     878120 kB
Slab:             321340 kB
SReclaimable:      90112 kB
SUnreclaim:       231228 kB
KernelStack:       51280 kB
ShadowCallStack:   12860 kB
PageTables:        69280 kB
NFS_Unstable:          0 kB
Bounce:                0 kB
WritebackTmp:          0 kB
CommitLimit:     8677876 kB
Committed_AS:   74148556 kB
VmallocTotal:   263061440 kB
VmallocUsed:      136060 kB
VmallocChunk:          0 kB
Percpu:             2448 kB
CmaTotal:         405504 kB
CmaFree:          306612 kB
MemTotal:        7918588 kB
MemFree:         3199684 kB
MemAvailable:    4799580 kB
Buffers:            4916 kB
Cached:          1343824 kB
SwapCached:         7828 kB
Active:          1439692 kB
Inactive:         678576 kB
Active(anon):     788552 kB
Inactive(anon):     1388 kB
Active(file):     651140 kB
Inactive(file):   677188 kB
Unevictable:        6164 kB
Mlocked:            5724 kB
SwapTotal:       4718584 kB
SwapFree:        4022520 kB
Dirty:            144436 kB
Writeback:             8 kB
AnonPages:        771192 kB
Mapped:           505712 kB
Shmem:             15824 kB
KReclaimable:     661792 kB
Slab:             321784 kB
SReclaimable:      90144 kB
SUnreclaim:       231640 kB
KernelStack:       51360 kB
ShadowCallStack:   12852 kB
PageTables:        70024 kB
NFS_Unstable:          0 kB
Bounce:                0 kB
WritebackTmp:          0 kB
CommitLimit:     8677876 kB
Committed_AS:   74179452 kB
VmallocTotal:   263061440 kB
VmallocUsed:      136132 kB
VmallocChunk:          0 kB
Percpu:             2448 kB
CmaTotal:         405504 kB
CmaFree:          306752 kB
MemTotal:        7918588 kB
MemFree:         3195036 kB
MemAvailable:    4794228 kB
Buffers:            4924 kB
Cached:          1343872 kB
SwapCached:         7828 kB
Active:          1443540 kB
Inactive:         678624 kB
Active(anon):     792400 kB
Inactive(anon):     1388 kB
Active(file):     651140 kB
Inactive(file):   677236 kB
Unevictable:        6164 kB
Mlocked:            5724 kB
SwapTotal:       4718584 kB
SwapFree:        4022520 kB
Dirty:            144524 kB
Writeback:             0 kB
AnonPages:        775040 kB
Mapped:           506432 kB
Shmem:             15832 kB
KReclaimable:     661040 kB
Slab:             321756 kB
SReclaimable:      90160 kB
SUnreclaim:       231596 kB
KernelStack:       51360 kB
ShadowCallStack:   12864 kB
PageTables:        70028 kB
NFS_Unstable:          0 kB
Bounce:                0 kB
WritebackTmp:          0 kB
CommitLimit:     8677876 kB
Committed_AS:   74179460 kB
VmallocTotal:   263061440 kB
VmallocUsed:      136196 kB
VmallocChunk:          0 kB
Percpu:             2448 kB
CmaTotal:         405504 kB
CmaFree:          306752 kB
MemTotal:        7918588 kB
MemFree:         3197432 kB
MemAvailable:    4799504 kB
Buffers:            4924 kB
Cached:          1346768 kB
SwapCached:         7828 kB
Active:          1442280 kB
Inactive:         678620 kB
Active(anon):     788264 kB
Inactive(anon):     1384 kB
Active(file):     654016 kB
Inactive(file):   677236 kB
Unevictable:        6164 kB
Mlocked:            5724 kB
SwapTotal:       4718584 kB
SwapFree:        4022776 kB
Dirty:            144536 kB
Writeback:             0 kB
AnonPages:        770752 kB
Mapped:           507300 kB
Shmem:             15852 kB
KReclaimable:     661044 kB
Slab:             321756 kB
SReclaimable:      90164 kB
SUnreclaim:       231592 kB
KernelStack:       51328 kB
ShadowCallStack:   12852 kB
PageTables:        69772 kB
NFS_Unstable:          0 kB
Bounce:                0 kB
WritebackTmp:          0 kB
CommitLimit:     8677876 kB
Committed_AS:   74179420 kB
VmallocTotal:   263061440 kB
VmallocUsed:      136160 kB
VmallocChunk:          0 kB
Percpu:             2448 kB
CmaTotal:         405504 kB
CmaFree:          307660 kB
MemTotal:        7918588 kB
MemFree:         3198088 kB
MemAvailable:    4822144 kB
Buffers:            4924 kB
Cached:          1348608 kB
SwapCached:         7828 kB
Active:          1441640 kB
Inactive:         678620 kB
Active(anon):     785796 kB
Inactive(anon):     1384 kB
Active(file):     655844 kB
Inactive(file):   677236 kB
Unevictable:        6164 kB
Mlocked:            5724 kB
SwapTotal:       4718584 kB
SwapFree:        4022776 kB
Dirty:            144536 kB
Writeback:             0 kB
AnonPages:        768320 kB
Mapped:           507308 kB
Shmem:             15864 kB
KReclaimable:     681200 kB
Slab:             321784 kB
SReclaimable:      90164 kB
SUnreclaim:       231620 kB
KernelStack:       51136 kB
ShadowCallStack:   12804 kB
PageTables:        69692 kB
NFS_Unstable:          0 kB
Bounce:                0 kB
WritebackTmp:          0 kB
CommitLimit:     8677876 kB
Committed_AS:   74178952 kB
VmallocTotal:   263061440 kB
VmallocUsed:      135660 kB
VmallocChunk:          0 kB
Percpu:             2448 kB
CmaTotal:         405504 kB
CmaFree:          307704 kB
MemTotal:        7918588 kB
MemFree:         3178608 kB
MemAvailable:    4802700 kB
Buffers:            4924 kB
Cached:          1348628 kB
SwapCached:         7828 kB
Active:          1461160 kB
Inactive:         678644 kB
Active(anon):     805316 kB
Inactive(anon):     1388 kB
Active(file):     655844 kB
Inactive(file):   677256 kB
Unevictable:        6164 kB
Mlocked:            5724 kB
SwapTotal:       4718584 kB
SwapFree:        4022776 kB
Dirty:            144564 kB
Writeback:             0 kB
AnonPages:        787940 kB
Mapped:           508892 kB
Shmem:             15864 kB
KReclaimable:     681216 kB
Slab:             321892 kB
SReclaimable:      90180 kB
SUnreclaim:       231712 kB
KernelStack:       51184 kB
ShadowCallStack:   12820 kB
PageTables:        70108 kB
NFS_Unstable:          0 kB
Bounce:                0 kB
WritebackTmp:          0 kB
CommitLimit:     8677876 kB
Committed_AS:   74197796 kB
VmallocTotal:   263061440 kB
VmallocUsed:      135664 kB
VmallocChunk:          0 kB
Percpu:             2448 kB
CmaTotal:         405504 kB
CmaFree:          307704 kB
MemTotal:        7918588 kB
MemFree:         3053988 kB
MemAvailable:    4645324 kB
Buffers:            4924 kB
Cached:          1348628 kB
SwapCached:         7828 kB
Active:          1585348 kB
Inactive:         678640 kB
Active(anon):     929504 kB
Inactive(anon):     1384 kB
Active(file):     655844 kB
Inactive(file):   677256 kB
Unevictable:        6164 kB
Mlocked:            5724 kB
SwapTotal:       4718584 kB
SwapFree:        4022776 kB
Dirty:             17528 kB
Writeback:             0 kB
AnonPages:        912032 kB
Mapped:           554516 kB
Shmem:             15864 kB
KReclaimable:     648460 kB
Slab:             322004 kB
SReclaimable:      90196 kB
SUnreclaim:       231808 kB
KernelStack:       51168 kB
ShadowCallStack:   12820 kB
PageTables:        70396 kB
NFS_Unstable:          0 kB
Bounce:                0 kB
WritebackTmp:          0 kB
CommitLimit:     8677876 kB
Committed_AS:   74417960 kB
VmallocTotal:   263061440 kB
VmallocUsed:      135680 kB
VmallocChunk:          0 kB
Percpu:             2448 kB
CmaTotal:         405504 kB
CmaFree:          307704 kB
MemTotal:        7918588 kB
MemFree:         2968560 kB
MemAvailable:    4524584 kB
Buffers:            4936 kB
Cached:          1348628 kB
SwapCached:         7828 kB
Active:          1671364 kB
Inactive:         678652 kB
Active(anon):    1015516 kB
Inactive(anon):     1388 kB
Active(file):     655848 kB
Inactive(file):   677264 kB
Unevictable:        6164 kB
Mlocked:            5724 kB
SwapTotal:       4718584 kB
SwapFree:        4022776 kB
Dirty:             17536 kB
Writeback:             0 kB
AnonPages:        998044 kB
Mapped:           594544 kB
Shmem:             15864 kB
KReclaimable:     613136 kB
Slab:             322060 kB
SReclaimable:      90196 kB
SUnreclaim:       231864 kB
KernelStack:       51184 kB
ShadowCallStack:   12828 kB
PageTables:        70632 kB
NFS_Unstable:          0 kB
Bounce:                0 kB
WritebackTmp:          0 kB
CommitLimit:     8677876 kB
Committed_AS:   74559788 kB
VmallocTotal:   263061440 kB
VmallocUsed:      135724 kB
VmallocChunk:          0 kB
Percpu:             2448 kB
CmaTotal:         405504 kB
CmaFree:          307700 kB
MemTotal:        7918588 kB
MemFree:         2906784 kB
MemAvailable:    4413896 kB
Buffers:            4956 kB
Cached:          1348652 kB
SwapCached:         7828 kB
Active:          1732908 kB
Inactive:         678692 kB
Active(anon):    1077060 kB
Inactive(anon):     1388 kB
Active(file):     655848 kB
Inactive(file):   677304 kB
Unevictable:        6164 kB
Mlocked:            5724 kB
SwapTotal:       4718584 kB
SwapFree:        4023032 kB
Dirty:             17524 kB
Writeback:             0 kB
AnonPages:       1059608 kB
Mapped:           618180 kB
Shmem:             15868 kB
KReclaimable:     564184 kB
Slab:             322240 kB
SReclaimable:      90196 kB
SUnreclaim:       232044 kB
KernelStack:       51232 kB
ShadowCallStack:   12832 kB
PageTables:        71232 kB
NFS_Unstable:          0 kB
Bounce:                0 kB
WritebackTmp:          0 kB
CommitLimit:     8677876 kB
Committed_AS:   74716604 kB
VmallocTotal:   263061440 kB
VmallocUsed:      135748 kB
VmallocChunk:          0 kB
Percpu:             2448 kB
CmaTotal:         405504 kB
CmaFree:          307704 kB
MemTotal:        7918588 kB
MemFree:         2780624 kB
MemAvailable:    4156336 kB
Buffers:            4956 kB
Cached:          1348720 kB
SwapCached:         7828 kB
Active:          1857764 kB
Inactive:         678692 kB
Active(anon):    1201916 kB
Inactive(anon):     1388 kB
Active(file):     655848 kB
Inactive(file):   677304 kB
Unevictable:        6164 kB
Mlocked:            5724 kB
SwapTotal:       4718584 kB
SwapFree:        4023032 kB
Dirty:             17708 kB
Writeback:             0 kB
AnonPages:       1184240 kB
Mapped:           620184 kB
Shmem:             15936 kB
KReclaimable:     432784 kB
Slab:             322336 kB
SReclaimable:      90212 kB
SUnreclaim:       232124 kB
KernelStack:       51312 kB
ShadowCallStack:   12856 kB
PageTables:        71916 kB
NFS_Unstable:          0 kB
Bounce:                0 kB
WritebackTmp:          0 kB
CommitLimit:     8677876 kB
Committed_AS:   74979152 kB
VmallocTotal:   263061440 kB
VmallocUsed:      135948 kB
VmallocChunk:          0 kB
Percpu:             2448 kB
CmaTotal:         405504 kB
CmaFree:          307704 kB
MemTotal:        7918588 kB
MemFree:         2731108 kB
MemAvailable:    4235856 kB
Buffers:            4956 kB
Cached:          1348728 kB
SwapCached:         7828 kB
Active:          1906500 kB
Inactive:         678700 kB
Active(anon):    1250600 kB
Inactive(anon):     1388 kB
Active(file):     655900 kB
Inactive(file):   677312 kB
Unevictable:        6164 kB
Mlocked:            5724 kB
SwapTotal:       4718584 kB
SwapFree:        4023032 kB
Dirty:             17776 kB
Writeback:             0 kB
AnonPages:       1233316 kB
Mapped:           620532 kB
Shmem:             15884 kB
KReclaimable:     561760 kB
Slab:             322548 kB
SReclaimable:      90212 kB
SUnreclaim:       232336 kB
KernelStack:       51280 kB
ShadowCallStack:   12844 kB
PageTables:        72136 kB
NFS_Unstable:          0 kB
Bounce:                0 kB
WritebackTmp:          0 kB
CommitLimit:     8677876 kB
Committed_AS:   75208136 kB
VmallocTotal:   263061440 kB
VmallocUsed:      135780 kB
VmallocChunk:          0 kB
Percpu:             2448 kB
CmaTotal:         405504 kB
CmaFree:          307948 kB
MemTotal:        7918588 kB
MemFree:         2631544 kB
MemAvailable:    4126252 kB
Buffers:            4980 kB
Cached:          1348712 kB
SwapCached:         7828 kB
Active:          2004868 kB
Inactive:         678704 kB
Active(anon):    1348968 kB
Inactive(anon):     1388 kB
Active(file):     655900 kB
Inactive(file):   677316 kB
Unevictable:        6164 kB
Mlocked:            5724 kB
SwapTotal:       4718584 kB
SwapFree:        4023032 kB
Dirty:             17768 kB
Writeback:            20 kB
AnonPages:       1331600 kB
Mapped:           621620 kB
Shmem:             15888 kB
KReclaimable:     551716 kB
Slab:             322596 kB
SReclaimable:      90212 kB
SUnreclaim:       232384 kB
KernelStack:       51216 kB
ShadowCallStack:   12828 kB
PageTables:        72476 kB
NFS_Unstable:          0 kB
Bounce:                0 kB
WritebackTmp:          0 kB
CommitLimit:     8677876 kB
Committed_AS:   75437492 kB
VmallocTotal:   263061440 kB
VmallocUsed:      135752 kB
VmallocChunk:          0 kB
Percpu:             2448 kB
CmaTotal:         405504 kB
CmaFree:          307944 kB
MemTotal:        7918588 kB
MemFree:         2542776 kB
MemAvailable:    4046644 kB
Buffers:            5084 kB
Cached:          1358544 kB
SwapCached:         7828 kB
Active:          2092984 kB
Inactive:         678956 kB
Active(anon):    1427448 kB
Inactive(anon):     1380 kB
Active(file):     665536 kB
Inactive(file):   677576 kB
Unevictable:        6164 kB
Mlocked:            5724 kB
SwapTotal:       4718584 kB
SwapFree:        4023288 kB
Dirty:             17900 kB
Writeback:             0 kB
AnonPages:       1409920 kB
Mapped:           623408 kB
Shmem:             15928 kB
KReclaimable:     550980 kB
Slab:             322680 kB
SReclaimable:      90212 kB
SUnreclaim:       232468 kB
KernelStack:       51200 kB
ShadowCallStack:   12832 kB
PageTables:        73172 kB
NFS_Unstable:          0 kB
Bounce:                0 kB
WritebackTmp:          0 kB
CommitLimit:     8677876 kB
Committed_AS:   75634028 kB
VmallocTotal:   263061440 kB
VmallocUsed:      135740 kB
VmallocChunk:          0 kB
Percpu:             2448 kB
CmaTotal:         405504 kB
CmaFree:          307944 kB
MemTotal:        7918588 kB
MemFree:         2435616 kB
MemAvailable:    3940848 kB
Buffers:            5092 kB
Cached:          1361340 kB
SwapCached:         7828 kB
Active:          2199656 kB
Inactive:         678972 kB
Active(anon):    1531332 kB
Inactive(anon):     1388 kB
Active(file):     668324 kB
Inactive(file):   677584 kB
Unevictable:        6164 kB
Mlocked:            5724 kB
SwapTotal:       4718584 kB
SwapFree:        4023800 kB
Dirty:             17972 kB
Writeback:             0 kB
AnonPages:       1513880 kB
Mapped:           621700 kB
Shmem:             15936 kB
KReclaimable:     549548 kB
Slab:             322568 kB
SReclaimable:      90212 kB
SUnreclaim:       232356 kB
KernelStack:       51200 kB
ShadowCallStack:   12828 kB
PageTables:        73584 kB
NFS_Unstable:          0 kB
Bounce:                0 kB
WritebackTmp:          0 kB
CommitLimit:     8677876 kB
Committed_AS:   75912564 kB
VmallocTotal:   263061440 kB
VmallocUsed:      135736 kB
VmallocChunk:          0 kB
Percpu:             2448 kB
CmaTotal:         405504 kB
CmaFree:          313964 kB
MemTotal:        7918588 kB
MemFree:         2340664 kB
MemAvailable:    3844904 kB
Buffers:            5092 kB
Cached:          1361340 kB
SwapCached:         7828 kB
Active:          2293012 kB
Inactive:         678972 kB
Active(anon):    1624688 kB
Inactive(anon):     1388 kB
Active(file):     668324 kB
Inactive(file):   677584 kB
Unevictable:        6164 kB
Mlocked:            5724 kB
SwapTotal:       4718584 kB
SwapFree:        4023800 kB
Dirty:             17972 kB
Writeback:             0 kB
AnonPages:       1607316 kB
Mapped:           622568 kB
Shmem:             15936 kB
KReclaimable:     548556 kB
Slab:             322584 kB
SReclaimable:      90212 kB
SUnreclaim:       232372 kB
KernelStack:       51248 kB
ShadowCallStack:   12824 kB
PageTables:        73772 kB
NFS_Unstable:          0 kB
Bounce:                0 kB
WritebackTmp:          0 kB
CommitLimit:     8677876 kB
Committed_AS:   76141940 kB
VmallocTotal:   263061440 kB
VmallocUsed:      135740 kB
VmallocChunk:          0 kB
Percpu:             2448 kB
CmaTotal:         405504 kB
CmaFree:          313964 kB
MemTotal:        7918588 kB
MemFree:         2257640 kB
MemAvailable:    3760984 kB
Buffers:            5092 kB
Cached:          1361376 kB
SwapCached:         7828 kB
Active:          2375908 kB
Inactive:         679000 kB
Active(anon):    1707584 kB
Inactive(anon):     1384 kB
Active(file):     668324 kB
Inactive(file):   677616 kB
Unevictable:        6164 kB
Mlocked:            5724 kB
SwapTotal:       4718584 kB
SwapFree:        4023800 kB
Dirty:             17804 kB
Writeback:             0 kB
AnonPages:       1690084 kB
Mapped:           623240 kB
Shmem:             15940 kB
KReclaimable:     547628 kB
Slab:             322832 kB
SReclaimable:      90212 kB
SUnreclaim:       232620 kB
KernelStack:       51216 kB
ShadowCallStack:   12828 kB
PageTables:        74484 kB
NFS_Unstable:          0 kB
Bounce:                0 kB
WritebackTmp:          0 kB
CommitLimit:     8677876 kB
Committed_AS:   76360056 kB
VmallocTotal:   263061440 kB
VmallocUsed:      135736 kB
VmallocChunk:          0 kB
Percpu:             2448 kB
CmaTotal:         405504 kB
CmaFree:          313964 kB
MemTotal:        7918588 kB
MemFree:         2162808 kB
MemAvailable:    3664832 kB
Buffers:            5092 kB
Cached:          1361376 kB
SwapCached:         7828 kB
Active:          2469860 kB
Inactive:         678996 kB
Active(anon):    1801536 kB
Inactive(anon):     1380 kB
Active(file):     668324 kB
Inactive(file):   677616 kB
Unevictable:        6164 kB
Mlocked:            5724 kB
SwapTotal:       4718584 kB
SwapFree:        4023800 kB
Dirty:             17804 kB
Writeback:             0 kB
AnonPages:       1784004 kB
Mapped:           624004 kB
Shmem:             15940 kB
KReclaimable:     546308 kB
Slab:             322920 kB
SReclaimable:      90212 kB
SUnreclaim:       232708 kB
KernelStack:       51200 kB
ShadowCallStack:   12820 kB
PageTables:        74660 kB
NFS_Unstable:          0 kB
Bounce:                0 kB
WritebackTmp:          0 kB
CommitLimit:     8677876 kB
Committed_AS:   76556664 kB
VmallocTotal:   263061440 kB
VmallocUsed:      135740 kB
VmallocChunk:          0 kB
Percpu:             2448 kB
CmaTotal:         405504 kB
CmaFree:          313964 kB
MemTotal:        7918588 kB
MemFree:         2093192 kB
MemAvailable:    3594104 kB
Buffers:            5100 kB
Cached:          1361380 kB
SwapCached:         7828 kB
Active:          2539188 kB
Inactive:         679012 kB
Active(anon):    1870864 kB
Inactive(anon):     1388 kB
Active(file):     668324 kB
Inactive(file):   677624 kB
Unevictable:        6164 kB
Mlocked:            5724 kB
SwapTotal:       4718584 kB
SwapFree:        4023800 kB
Dirty:             17840 kB
Writeback:             0 kB
AnonPages:       1853384 kB
Mapped:           624764 kB
Shmem:             15944 kB
KReclaimable:     545188 kB
Slab:             322908 kB
SReclaimable:      90212 kB
SUnreclaim:       232696 kB
KernelStack:       51216 kB
ShadowCallStack:   12832 kB
PageTables:        75120 kB
NFS_Unstable:          0 kB
Bounce:                0 kB
WritebackTmp:          0 kB
CommitLimit:     8677876 kB
Committed_AS:   76704124 kB
VmallocTotal:   263061440 kB
VmallocUsed:      135736 kB
VmallocChunk:          0 kB
Percpu:             2448 kB
CmaTotal:         405504 kB
CmaFree:          313964 kB
MemTotal:        7918588 kB
MemFree:         2046656 kB
MemAvailable:    3549200 kB
Buffers:            5100 kB
Cached:          1363304 kB
SwapCached:         7828 kB
Active:          2586152 kB
Inactive:         679008 kB
Active(anon):    1915908 kB
Inactive(anon):     1384 kB
Active(file):     670244 kB
Inactive(file):   677624 kB
Unevictable:        6164 kB
Mlocked:            5724 kB
SwapTotal:       4718584 kB
SwapFree:        4023800 kB
Dirty:             17840 kB
Writeback:             0 kB
AnonPages:       1898184 kB
Mapped:           625040 kB
Shmem:             15948 kB
KReclaimable:     544900 kB
Slab:             322892 kB
SReclaimable:      90212 kB
SUnreclaim:       232680 kB
KernelStack:       51216 kB
ShadowCallStack:   12828 kB
PageTables:        75144 kB
NFS_Unstable:          0 kB
Bounce:                0 kB
WritebackTmp:          0 kB
CommitLimit:     8677876 kB
Committed_AS:   76786052 kB
VmallocTotal:   263061440 kB
VmallocUsed:      135720 kB
VmallocChunk:          0 kB
Percpu:             2448 kB
CmaTotal:         405504 kB
CmaFree:          313964 kB
MemTotal:        7918588 kB
MemFree:         1998180 kB
MemAvailable:    3499916 kB
Buffers:            5100 kB
Cached:          1363308 kB
SwapCached:         7828 kB
Active:          2633764 kB
Inactive:         679012 kB
Active(anon):    1963520 kB
Inactive(anon):     1388 kB
Active(file):     670244 kB
Inactive(file):   677624 kB
Unevictable:        6164 kB
Mlocked:            5724 kB
SwapTotal:       4718584 kB
SwapFree:        4023800 kB
Dirty:             17840 kB
Writeback:             0 kB
AnonPages:       1945996 kB
Mapped:           625560 kB
Shmem:             15952 kB
KReclaimable:     544092 kB
Slab:             323064 kB
SReclaimable:      90212 kB
SUnreclaim:       232852 kB
KernelStack:       51200 kB
ShadowCallStack:   12824 kB
PageTables:        75516 kB
NFS_Unstable:          0 kB
Bounce:                0 kB
WritebackTmp:          0 kB
CommitLimit:     8677876 kB
Committed_AS:   76900740 kB
VmallocTotal:   263061440 kB
VmallocUsed:      135740 kB
VmallocChunk:          0 kB
Percpu:             2448 kB
CmaTotal:         405504 kB
CmaFree:          313964 kB
MemTotal:        7918588 kB
MemFree:         1969176 kB
MemAvailable:    3471764 kB
Buffers:            5288 kB
Cached:          1364524 kB
SwapCached:         7828 kB
Active:          2663088 kB
Inactive:         679320 kB
Active(anon):    1991752 kB
Inactive(anon):     1388 kB
Active(file):     671336 kB
Inactive(file):   677932 kB
Unevictable:        6164 kB
Mlocked:            5724 kB
SwapTotal:       4718584 kB
SwapFree:        4023800 kB
Dirty:             17896 kB
Writeback:             0 kB
AnonPages:       1974264 kB
Mapped:           626520 kB
Shmem:             15956 kB
KReclaimable:     543544 kB
Slab:             323148 kB
SReclaimable:      90216 kB
SUnreclaim:       232932 kB
KernelStack:       51216 kB
ShadowCallStack:   12836 kB
PageTables:        75576 kB
NFS_Unstable:          0 kB
Bounce:                0 kB
WritebackTmp:          0 kB
CommitLimit:     8677876 kB
Committed_AS:   76949896 kB
VmallocTotal:   263061440 kB
VmallocUsed:      135740 kB
VmallocChunk:          0 kB
Percpu:             2448 kB
CmaTotal:         405504 kB
CmaFree:          313964 kB
MemTotal:        7918588 kB
MemFree:         1961568 kB
MemAvailable:    3464020 kB
Buffers:            5296 kB
Cached:          1364524 kB
SwapCached:         7828 kB
Active:          2669832 kB
Inactive:         679320 kB
Active(anon):    1998496 kB
Inactive(anon):     1380 kB
Active(file):     671336 kB
Inactive(file):   677940 kB
Unevictable:        6164 kB
Mlocked:            5724 kB
SwapTotal:       4718584 kB
SwapFree:        4023800 kB
Dirty:             17916 kB
Writeback:             0 kB
AnonPages:       1980964 kB
Mapped:           626628 kB
Shmem:             15956 kB
KReclaimable:     543400 kB
Slab:             323160 kB
SReclaimable:      90232 kB
SUnreclaim:       232928 kB
KernelStack:       51184 kB
ShadowCallStack:   12820 kB
PageTables:        75588 kB
NFS_Unstable:          0 kB
Bounce:                0 kB
WritebackTmp:          0 kB
CommitLimit:     8677876 kB
Committed_AS:   76966228 kB
VmallocTotal:   263061440 kB
VmallocUsed:      135700 kB
VmallocChunk:          0 kB
Percpu:             2448 kB
CmaTotal:         405504 kB
CmaFree:          313964 kB
MemTotal:        7918588 kB
MemFree:         1903444 kB
MemAvailable:    3405832 kB
Buffers:            5320 kB
Cached:          1364532 kB
SwapCached:         7828 kB
Active:          2725828 kB
Inactive:         679352 kB
Active(anon):    2054492 kB
Inactive(anon):     1388 kB
Active(file):     671336 kB
Inactive(file):   677964 kB
Unevictable:        6164 kB
Mlocked:            5724 kB
SwapTotal:       4718584 kB
SwapFree:        4023800 kB
Dirty:             17924 kB
Writeback:             0 kB
AnonPages:       2036976 kB
Mapped:           627096 kB
Shmem:             15964 kB
KReclaimable:     543312 kB
Slab:             323960 kB
SReclaimable:      91096 kB
SUnreclaim:       232864 kB
KernelStack:       51184 kB
ShadowCallStack:   12820 kB
PageTables:        75904 kB
NFS_Unstable:          0 kB
Bounce:                0 kB
WritebackTmp:          0 kB
CommitLimit:     8677876 kB
Committed_AS:   77113692 kB
VmallocTotal:   263061440 kB
VmallocUsed:      135720 kB
VmallocChunk:          0 kB
Percpu:             2448 kB
CmaTotal:         405504 kB
CmaFree:          313964 kB
MemTotal:        7918588 kB
MemFree:         1897276 kB
MemAvailable:    3399932 kB
Buffers:            5320 kB
Cached:          1365212 kB
SwapCached:         7828 kB
Active:          2732216 kB
Inactive:         680028 kB
Active(anon):    2060880 kB
Inactive(anon):     1388 kB
Active(file):     671336 kB
Inactive(file):   678640 kB
Unevictable:        6164 kB
Mlocked:            5724 kB
SwapTotal:       4718584 kB
SwapFree:        4023800 kB
Dirty:             17960 kB
Writeback:             0 kB
AnonPages:       2043284 kB
Mapped:           627416 kB
Shmem:             15968 kB
KReclaimable:     542904 kB
Slab:             324040 kB
SReclaimable:      91080 kB
SUnreclaim:       232960 kB
KernelStack:       51200 kB
ShadowCallStack:   12824 kB
PageTables:        75920 kB
NFS_Unstable:          0 kB
Bounce:                0 kB
WritebackTmp:          0 kB
CommitLimit:     8677876 kB
Committed_AS:   77113696 kB
VmallocTotal:   263061440 kB
VmallocUsed:      135704 kB
VmallocChunk:          0 kB
Percpu:             2448 kB
CmaTotal:         405504 kB
CmaFree:          314212 kB
MemTotal:        7918588 kB
MemFree:         1869312 kB
MemAvailable:    3371632 kB
Buffers:            5320 kB
Cached:          1365212 kB
SwapCached:         7828 kB
Active:          2761320 kB
Inactive:         680020 kB
Active(anon):    2089984 kB
Inactive(anon):     1380 kB
Active(file):     671336 kB
Inactive(file):   678640 kB
Unevictable:        6164 kB
Mlocked:            5724 kB
SwapTotal:       4718584 kB
SwapFree:        4023800 kB
Dirty:             17960 kB
Writeback:             0 kB
AnonPages:       2072200 kB
Mapped:           627592 kB
Shmem:             15968 kB
KReclaimable:     542568 kB
Slab:             324004 kB
SReclaimable:      91080 kB
SUnreclaim:       232924 kB
KernelStack:       51152 kB
ShadowCallStack:   12804 kB
PageTables:        76048 kB
NFS_Unstable:          0 kB
Bounce:                0 kB
WritebackTmp:          0 kB
CommitLimit:     8677876 kB
Committed_AS:   77179080 kB
VmallocTotal:   263061440 kB
VmallocUsed:      135640 kB
VmallocChunk:          0 kB
Percpu:             2448 kB
CmaTotal:         405504 kB
CmaFree:          314212 kB
MemTotal:        7918588 kB
MemFree:         1824772 kB
MemAvailable:    3326320 kB
Buffers:            5320 kB
Cached:          1365224 kB
SwapCached:         7828 kB
Active:          2803264 kB
Inactive:         680040 kB
Active(anon):    2131928 kB
Inactive(anon):     1388 kB
Active(file):     671336 kB
Inactive(file):   678652 kB
Unevictable:        6164 kB
Mlocked:            5724 kB
SwapTotal:       4718584 kB
SwapFree:        4023800 kB
Dirty:             18000 kB
Writeback:             0 kB
AnonPages:       2114372 kB
Mapped:           628096 kB
Shmem:             15968 kB
KReclaimable:     541784 kB
Slab:             324012 kB
SReclaimable:      91080 kB
SUnreclaim:       232932 kB
KernelStack:       51152 kB
ShadowCallStack:   12812 kB
PageTables:        76204 kB
NFS_Unstable:          0 kB
Bounce:                0 kB
WritebackTmp:          0 kB
CommitLimit:     8677876 kB
Committed_AS:   77293764 kB
VmallocTotal:   263061440 kB
VmallocUsed:      135640 kB
VmallocChunk:          0 kB
Percpu:             2448 kB
CmaTotal:         405504 kB
CmaFree:          314212 kB
MemTotal:        7918588 kB
MemFree:         1825016 kB
MemAvailable:    3326420 kB
Buffers:            5320 kB
Cached:          1365224 kB
SwapCached:         7828 kB
Active:          2804608 kB
Inactive:         680040 kB
Active(anon):    2133272 kB
Inactive(anon):     1388 kB
Active(file):     671336 kB
Inactive(file):   678652 kB
Unevictable:        6164 kB
Mlocked:            5724 kB
SwapTotal:       4718584 kB
SwapFree:        4023800 kB
Dirty:             18000 kB
Writeback:             0 kB
AnonPages:       2115780 kB
Mapped:           628356 kB
Shmem:             15968 kB
KReclaimable:     541640 kB
Slab:             324004 kB
SReclaimable:      91080 kB
SUnreclaim:       232924 kB
KernelStack:       51168 kB
ShadowCallStack:   12804 kB
PageTables:        76364 kB
NFS_Unstable:          0 kB
Bounce:                0 kB
WritebackTmp:          0 kB
CommitLimit:     8677876 kB
Committed_AS:   77293764 kB
VmallocTotal:   263061440 kB
VmallocUsed:      135660 kB
VmallocChunk:          0 kB
Percpu:             2448 kB
CmaTotal:         405504 kB
CmaFree:          314212 kB
MemTotal:        7918588 kB
MemFree:         1778528 kB
MemAvailable:    3279484 kB
Buffers:            5328 kB
Cached:          1365216 kB
SwapCached:         7828 kB
Active:          2851340 kB
Inactive:         680040 kB
Active(anon):    2180004 kB
Inactive(anon):     1388 kB
Active(file):     671336 kB
Inactive(file):   678652 kB
Unevictable:        6164 kB
Mlocked:            5724 kB
SwapTotal:       4718584 kB
SwapFree:        4024056 kB
Dirty:             18004 kB
Writeback:             0 kB
AnonPages:       2162456 kB
Mapped:           628664 kB
Shmem:             15968 kB
KReclaimable:     541192 kB
Slab:             324068 kB
SReclaimable:      91080 kB
SUnreclaim:       232988 kB
KernelStack:       51136 kB
ShadowCallStack:   12812 kB
PageTables:        76348 kB
NFS_Unstable:          0 kB
Bounce:                0 kB
WritebackTmp:          0 kB
CommitLimit:     8677876 kB
Committed_AS:   77392068 kB
VmallocTotal:   263061440 kB
VmallocUsed:      135656 kB
VmallocChunk:          0 kB
Percpu:             2448 kB
CmaTotal:         405504 kB
CmaFree:          314212 kB
MemTotal:        7918588 kB
MemFree:         1754616 kB
MemAvailable:    3255148 kB
Buffers:            5328 kB
Cached:          1365232 kB
SwapCached:         7828 kB
Active:          2874220 kB
Inactive:         680048 kB
Active(anon):    2202884 kB
Inactive(anon):     1380 kB
Active(file):     671336 kB
Inactive(file):   678668 kB
Unevictable:        6164 kB
Mlocked:            5724 kB
SwapTotal:       4718584 kB
SwapFree:        4024056 kB
Dirty:             18004 kB
Writeback:             0 kB
AnonPages:       2185244 kB
Mapped:           628824 kB
Shmem:             15968 kB
KReclaimable:     540752 kB
Slab:             324092 kB
SReclaimable:      91080 kB
SUnreclaim:       233012 kB
KernelStack:       51152 kB
ShadowCallStack:   12812 kB
PageTables:        76512 kB
NFS_Unstable:          0 kB
Bounce:                0 kB
WritebackTmp:          0 kB
CommitLimit:     8677876 kB
Committed_AS:   77441220 kB
VmallocTotal:   263061440 kB
VmallocUsed:      135644 kB
VmallocChunk:          0 kB
Percpu:             2448 kB
CmaTotal:         405504 kB
CmaFree:          314212 kB
MemTotal:        7918588 kB
MemFree:         1746824 kB
MemAvailable:    3247196 kB
Buffers:            5328 kB
Cached:          1365232 kB
SwapCached:         7828 kB
Active:          2883664 kB
Inactive:         680056 kB
Active(anon):    2212328 kB
Inactive(anon):     1388 kB
Active(file):     671336 kB
Inactive(file):   678668 kB
Unevictable:        6164 kB
Mlocked:            5724 kB
SwapTotal:       4718584 kB
SwapFree:        4024056 kB
Dirty:             18004 kB
Writeback:             0 kB
AnonPages:       2194864 kB
Mapped:           629104 kB
Shmem:             15968 kB
KReclaimable:     540592 kB
Slab:             324132 kB
SReclaimable:      91080 kB
SUnreclaim:       233052 kB
KernelStack:       51136 kB
ShadowCallStack:   12796 kB
PageTables:        76588 kB
NFS_Unstable:          0 kB
Bounce:                0 kB
WritebackTmp:          0 kB
CommitLimit:     8677876 kB
Committed_AS:   77473884 kB
VmallocTotal:   263061440 kB
VmallocUsed:      135568 kB
VmallocChunk:          0 kB
Percpu:             2448 kB
CmaTotal:         405504 kB
CmaFree:          312116 kB
MemTotal:        7918588 kB
MemFree:         1646832 kB
MemAvailable:    3025468 kB
Buffers:            5328 kB
Cached:          1365308 kB
SwapCached:         7828 kB
Active:          2982084 kB
Inactive:         680072 kB
Active(anon):    2310748 kB
Inactive(anon):     1388 kB
Active(file):     671336 kB
Inactive(file):   678684 kB
Unevictable:        6164 kB
Mlocked:            5724 kB
SwapTotal:       4718584 kB
SwapFree:        4024056 kB
Dirty:             18016 kB
Writeback:             0 kB
AnonPages:       2293024 kB
Mapped:           630436 kB
Shmem:             16028 kB
KReclaimable:     418840 kB
Slab:             324368 kB
SReclaimable:      91080 kB
SUnreclaim:       233288 kB
KernelStack:       51280 kB
ShadowCallStack:   12828 kB
PageTables:        77056 kB
NFS_Unstable:          0 kB
Bounce:                0 kB
WritebackTmp:          0 kB
CommitLimit:     8677876 kB
Committed_AS:   77588980 kB
VmallocTotal:   263061440 kB
VmallocUsed:      135788 kB
VmallocChunk:          0 kB
Percpu:             2448 kB
CmaTotal:         405504 kB
CmaFree:          212700 kB
MemTotal:        7918588 kB
MemFree:         1646796 kB
MemAvailable:    3016032 kB
Buffers:            5336 kB
Cached:          1365420 kB
SwapCached:         7828 kB
Active:          2982580 kB
Inactive:         680080 kB
Active(anon):    2311244 kB
Inactive(anon):     1388 kB
Active(file):     671336 kB
Inactive(file):   678692 kB
Unevictable:        6164 kB
Mlocked:            5724 kB
SwapTotal:       4718584 kB
SwapFree:        4024056 kB
Dirty:             18076 kB
Writeback:             0 kB
AnonPages:       2293520 kB
Mapped:           630424 kB
Shmem:             16140 kB
KReclaimable:     409432 kB
Slab:             324412 kB
SReclaimable:      91080 kB
SUnreclaim:       233332 kB
KernelStack:       51216 kB
ShadowCallStack:   12832 kB
PageTables:        76988 kB
NFS_Unstable:          0 kB
Bounce:                0 kB
WritebackTmp:          0 kB
CommitLimit:     8677876 kB
Committed_AS:   77588928 kB
VmallocTotal:   263061440 kB
VmallocUsed:      135772 kB
VmallocChunk:          0 kB
Percpu:             2448 kB
CmaTotal:         405504 kB
CmaFree:          213172 kB
MemTotal:        7918588 kB
MemFree:         1657600 kB
MemAvailable:    3156652 kB
Buffers:            5360 kB
Cached:          1365260 kB
SwapCached:         7828 kB
Active:          2975536 kB
Inactive:         680104 kB
Active(anon):    2304200 kB
Inactive(anon):     1388 kB
Active(file):     671336 kB
Inactive(file):   678716 kB
Unevictable:        6164 kB
Mlocked:            5724 kB
SwapTotal:       4718584 kB
SwapFree:        4026872 kB
Dirty:               244 kB
Writeback:             0 kB
AnonPages:       2286640 kB
Mapped:           630044 kB
Shmem:             15980 kB
KReclaimable:     539224 kB
Slab:             324232 kB
SReclaimable:      91080 kB
SUnreclaim:       233152 kB
KernelStack:       51024 kB
ShadowCallStack:   12780 kB
PageTables:        77044 kB
NFS_Unstable:          0 kB
Bounce:                0 kB
WritebackTmp:          0 kB
CommitLimit:     8677876 kB
Committed_AS:   77653756 kB
VmallocTotal:   263061440 kB
VmallocUsed:      135448 kB
VmallocChunk:          0 kB
Percpu:             2448 kB
CmaTotal:         405504 kB
CmaFree:          222616 kB
MemTotal:        7918588 kB
MemFree:         1619664 kB
MemAvailable:    3118204 kB
Buffers:            5360 kB
Cached:          1365264 kB
SwapCached:         7828 kB
Active:          3010972 kB
Inactive:         680104 kB
Active(anon):    2339636 kB
Inactive(anon):     1388 kB
Active(file):     671336 kB
Inactive(file):   678716 kB
Unevictable:        6164 kB
Mlocked:            5724 kB
SwapTotal:       4718584 kB
SwapFree:        4027896 kB
Dirty:               244 kB
Writeback:             0 kB
AnonPages:       2321864 kB
Mapped:           630340 kB
Shmem:             15984 kB
KReclaimable:     538712 kB
Slab:             324216 kB
SReclaimable:      91080 kB
SUnreclaim:       233136 kB
KernelStack:       50960 kB
ShadowCallStack:   12768 kB
PageTables:        77116 kB
NFS_Unstable:          0 kB
Bounce:                0 kB
WritebackTmp:          0 kB
CommitLimit:     8677876 kB
Committed_AS:   77735684 kB
VmallocTotal:   263061440 kB
VmallocUsed:      135480 kB
VmallocChunk:          0 kB
Percpu:             2448 kB
CmaTotal:         405504 kB
CmaFree:          184764 kB
MemTotal:        7918588 kB
MemFree:         1618364 kB
MemAvailable:    3116712 kB
Buffers:            5360 kB
Cached:          1365264 kB
SwapCached:         7828 kB
Active:          3012572 kB
Inactive:         680100 kB
Active(anon):    2341236 kB
Inactive(anon):     1384 kB
Active(file):     671336 kB
Inactive(file):   678716 kB
Unevictable:        6164 kB
Mlocked:            5724 kB
SwapTotal:       4718584 kB
SwapFree:        4027896 kB
Dirty:               244 kB
Writeback:             0 kB
AnonPages:       2323648 kB
Mapped:           630420 kB
Shmem:             15984 kB
KReclaimable:     538520 kB
Slab:             324280 kB
SReclaimable:      91080 kB
SUnreclaim:       233200 kB
KernelStack:       51008 kB
ShadowCallStack:   12776 kB
PageTables:        77128 kB
NFS_Unstable:          0 kB
Bounce:                0 kB
WritebackTmp:          0 kB
CommitLimit:     8677876 kB
Committed_AS:   77752068 kB
VmallocTotal:   263061440 kB
VmallocUsed:      135480 kB
VmallocChunk:          0 kB
Percpu:             2448 kB
CmaTotal:         405504 kB
CmaFree:          182664 kB
MemTotal:        7918588 kB
MemFree:         1574872 kB
MemAvailable:    3072648 kB
Buffers:            5368 kB
Cached:          1365316 kB
SwapCached:         7828 kB
Active:          3055648 kB
Inactive:         680160 kB
Active(anon):    2384312 kB
Inactive(anon):     1384 kB
Active(file):     671336 kB
Inactive(file):   678776 kB
Unevictable:        6164 kB
Mlocked:            5724 kB
SwapTotal:       4718584 kB
SwapFree:        4027896 kB
Dirty:               192 kB
Writeback:             0 kB
AnonPages:       2366716 kB
Mapped:           631060 kB
Shmem:             15984 kB
KReclaimable:     537888 kB
Slab:             324272 kB
SReclaimable:      91080 kB
SUnreclaim:       233192 kB
KernelStack:       51008 kB
ShadowCallStack:   12764 kB
PageTables:        77536 kB
NFS_Unstable:          0 kB
Bounce:                0 kB
WritebackTmp:          0 kB
CommitLimit:     8677876 kB
Committed_AS:   77867776 kB
VmallocTotal:   263061440 kB
VmallocUsed:      135480 kB
VmallocChunk:          0 kB
Percpu:             2448 kB
CmaTotal:         405504 kB
CmaFree:          140184 kB
MemTotal:        7918588 kB
MemFree:         1546608 kB
MemAvailable:    3044040 kB
Buffers:            5368 kB
Cached:          1365316 kB
SwapCached:         7828 kB
Active:          3083760 kB
Inactive:         680168 kB
Active(anon):    2412424 kB
Inactive(anon):     1392 kB
Active(file):     671336 kB
Inactive(file):   678776 kB
Unevictable:        6164 kB
Mlocked:            5724 kB
SwapTotal:       4718584 kB
SwapFree:        4027896 kB
Dirty:               196 kB
Writeback:             0 kB
AnonPages:       2394756 kB
Mapped:           631100 kB
Shmem:             15984 kB
KReclaimable:     537544 kB
Slab:             324280 kB
SReclaimable:      91080 kB
SUnreclaim:       233200 kB
KernelStack:       51008 kB
ShadowCallStack:   12764 kB
PageTables:        77580 kB
NFS_Unstable:          0 kB
Bounce:                0 kB
WritebackTmp:          0 kB
CommitLimit:     8677876 kB
Committed_AS:   77916928 kB
VmallocTotal:   263061440 kB
VmallocUsed:      135464 kB
VmallocChunk:          0 kB
Percpu:             2448 kB
CmaTotal:         405504 kB
CmaFree:          111524 kB
MemTotal:        7918588 kB
MemFree:         1540732 kB
MemAvailable:    3038052 kB
Buffers:            5376 kB
Cached:          1365316 kB
SwapCached:         7828 kB
Active:          3090884 kB
Inactive:         680160 kB
Active(anon):    2419548 kB
Inactive(anon):     1376 kB
Active(file):     671336 kB
Inactive(file):   678784 kB
Unevictable:        6164 kB
Mlocked:            5724 kB
SwapTotal:       4718584 kB
SwapFree:        4027896 kB
Dirty:               400 kB
Writeback:             0 kB
AnonPages:       2401928 kB
Mapped:           631132 kB
Shmem:             15984 kB
KReclaimable:     537424 kB
Slab:             324284 kB
SReclaimable:      91080 kB
SUnreclaim:       233204 kB
KernelStack:       50944 kB
ShadowCallStack:   12760 kB
PageTables:        77468 kB
NFS_Unstable:          0 kB
Bounce:                0 kB
WritebackTmp:          0 kB
CommitLimit:     8677876 kB
Committed_AS:   77949488 kB
VmallocTotal:   263061440 kB
VmallocUsed:      135396 kB
VmallocChunk:          0 kB
Percpu:             2448 kB
CmaTotal:         405504 kB
CmaFree:          105312 kB
MemTotal:        7918588 kB
MemFree:         1478176 kB
MemAvailable:    2974456 kB
Buffers:            5376 kB
Cached:          1365316 kB
SwapCached:         7828 kB
Active:          3153092 kB
Inactive:         680172 kB
Active(anon):    2481756 kB
Inactive(anon):     1388 kB
Active(file):     671336 kB
Inactive(file):   678784 kB
Unevictable:        6164 kB
Mlocked:            5724 kB
SwapTotal:       4718584 kB
SwapFree:        4027896 kB
Dirty:               404 kB
Writeback:             0 kB
AnonPages:       2464364 kB
Mapped:           631820 kB
Shmem:             15984 kB
KReclaimable:     536384 kB
Slab:             324288 kB
SReclaimable:      91080 kB
SUnreclaim:       233208 kB
KernelStack:       50912 kB
ShadowCallStack:   12752 kB
PageTables:        77772 kB
NFS_Unstable:          0 kB
Bounce:                0 kB
WritebackTmp:          0 kB
CommitLimit:     8677876 kB
Committed_AS:   78080560 kB
VmallocTotal:   263061440 kB
VmallocUsed:      135384 kB
VmallocChunk:          0 kB
Percpu:             2448 kB
CmaTotal:         405504 kB
CmaFree:           43612 kB
MemTotal:        7918588 kB
MemFree:         1477388 kB
MemAvailable:    2973668 kB
Buffers:            5376 kB
Cached:          1365316 kB
SwapCached:         7828 kB
Active:          3153276 kB
Inactive:         680164 kB
Active(anon):    2481940 kB
Inactive(anon):     1380 kB
Active(file):     671336 kB
Inactive(file):   678784 kB
Unevictable:        6164 kB
Mlocked:            5724 kB
SwapTotal:       4718584 kB
SwapFree:        4027896 kB
Dirty:               404 kB
Writeback:             0 kB
AnonPages:       2464220 kB
Mapped:           631872 kB
Shmem:             15984 kB
KReclaimable:     536384 kB
Slab:             324368 kB
SReclaimable:      91080 kB
SUnreclaim:       233288 kB
KernelStack:       50944 kB
ShadowCallStack:   12760 kB
PageTables:        77808 kB
NFS_Unstable:          0 kB
Bounce:                0 kB
WritebackTmp:          0 kB
CommitLimit:     8677876 kB
Committed_AS:   78080560 kB
VmallocTotal:   263061440 kB
VmallocUsed:      135396 kB
VmallocChunk:          0 kB
Percpu:             2448 kB
CmaTotal:         405504 kB
CmaFree:           43076 kB
MemTotal:        7918588 kB
MemFree:         1449364 kB
MemAvailable:    2945344 kB
Buffers:            5376 kB
Cached:          1365332 kB
SwapCached:         7828 kB
Active:          3181428 kB
Inactive:         680184 kB
Active(anon):    2510092 kB
Inactive(anon):     1388 kB
Active(file):     671336 kB
Inactive(file):   678796 kB
Unevictable:        6164 kB
Mlocked:            5724 kB
SwapTotal:       4718584 kB
SwapFree:        4027896 kB
Dirty:               416 kB
Writeback:             0 kB
AnonPages:       2492580 kB
Mapped:           631948 kB
Shmem:             15988 kB
KReclaimable:     536072 kB
Slab:             324336 kB
SReclaimable:      91080 kB
SUnreclaim:       233256 kB
KernelStack:       50976 kB
ShadowCallStack:   12748 kB
PageTables:        77940 kB
NFS_Unstable:          0 kB
Bounce:                0 kB
WritebackTmp:          0 kB
CommitLimit:     8677876 kB
Committed_AS:   78146100 kB
VmallocTotal:   263061440 kB
VmallocUsed:      135400 kB
VmallocChunk:          0 kB
Percpu:             2448 kB
CmaTotal:         405504 kB
CmaFree:           15092 kB
MemTotal:        7918588 kB
MemFree:         1405992 kB
MemAvailable:    2901224 kB
Buffers:            5376 kB
Cached:          1365336 kB
SwapCached:         7828 kB
Active:          3224644 kB
Inactive:         680176 kB
Active(anon):    2553308 kB
Inactive(anon):     1376 kB
Active(file):     671336 kB
Inactive(file):   678800 kB
Unevictable:        6164 kB
Mlocked:            5724 kB
SwapTotal:       4718584 kB
SwapFree:        4027896 kB
Dirty:               424 kB
Writeback:             0 kB
AnonPages:       2535736 kB
Mapped:           632728 kB
Shmem:             15988 kB
KReclaimable:     535320 kB
Slab:             324412 kB
SReclaimable:      91080 kB
SUnreclaim:       233332 kB
KernelStack:       50928 kB
ShadowCallStack:   12756 kB
PageTables:        78028 kB
NFS_Unstable:          0 kB
Bounce:                0 kB
WritebackTmp:          0 kB
CommitLimit:     8677876 kB
Committed_AS:   78228020 kB
VmallocTotal:   263061440 kB
VmallocUsed:      135412 kB
VmallocChunk:          0 kB
Percpu:             2448 kB
CmaTotal:         405504 kB
CmaFree:               0 kB
MemTotal:        7918588 kB
MemFree:         1403460 kB
MemAvailable:    2898560 kB
Buffers:            5408 kB
Cached:          1365344 kB
SwapCached:         7828 kB
Active:          3226788 kB
Inactive:         680216 kB
Active(anon):    2555452 kB
Inactive(anon):     1384 kB
Active(file):     671336 kB
Inactive(file):   678832 kB
Unevictable:        6164 kB
Mlocked:            5724 kB
SwapTotal:       4718584 kB
SwapFree:        4027896 kB
Dirty:               384 kB
Writeback:             0 kB
AnonPages:       2537888 kB
Mapped:           632732 kB
Shmem:             15996 kB
KReclaimable:     535156 kB
Slab:             324380 kB
SReclaimable:      91084 kB
SUnreclaim:       233296 kB
KernelStack:       50944 kB
ShadowCallStack:   12756 kB
PageTables:        77924 kB
NFS_Unstable:          0 kB
Bounce:                0 kB
WritebackTmp:          0 kB
CommitLimit:     8677876 kB
Committed_AS:   78228028 kB
VmallocTotal:   263061440 kB
VmallocUsed:      135396 kB
VmallocChunk:          0 kB
Percpu:             2448 kB
CmaTotal:         405504 kB
CmaFree:               0 kB
MemTotal:        7918588 kB
MemFree:         1360828 kB
MemAvailable:    2855352 kB
Buffers:            5408 kB
Cached:          1365344 kB
SwapCached:         7828 kB
Active:          3269708 kB
Inactive:         680212 kB
Active(anon):    2598372 kB
Inactive(anon):     1380 kB
Active(file):     671336 kB
Inactive(file):   678832 kB
Unevictable:        6164 kB
Mlocked:            5724 kB
SwapTotal:       4718584 kB
SwapFree:        4027896 kB
Dirty:               384 kB
Writeback:             0 kB
AnonPages:       2581016 kB
Mapped:           633132 kB
Shmem:             15996 kB
KReclaimable:     534580 kB
Slab:             324504 kB
SReclaimable:      91084 kB
SUnreclaim:       233420 kB
KernelStack:       50928 kB
ShadowCallStack:   12756 kB
PageTables:        78372 kB
NFS_Unstable:          0 kB
Bounce:                0 kB
WritebackTmp:          0 kB
CommitLimit:     8677876 kB
Committed_AS:   78375440 kB
VmallocTotal:   263061440 kB
VmallocUsed:      135376 kB
VmallocChunk:          0 kB
Percpu:             2448 kB
CmaTotal:         405504 kB
CmaFree:               0 kB
MemTotal:        7918588 kB
MemFree:         1331772 kB
MemAvailable:    2827056 kB
Buffers:            5408 kB
Cached:          1366428 kB
SwapCached:         7828 kB
Active:          3298420 kB
Inactive:         680216 kB
Active(anon):    2626000 kB
Inactive(anon):     1384 kB
Active(file):     672420 kB
Inactive(file):   678832 kB
Unevictable:        6164 kB
Mlocked:            5724 kB
SwapTotal:       4718584 kB
SwapFree:        4027896 kB
Dirty:               384 kB
Writeback:             0 kB
AnonPages:       2608432 kB
Mapped:           633764 kB
Shmem:             15996 kB
KReclaimable:     534256 kB
Slab:             324472 kB
SReclaimable:      91088 kB
SUnreclaim:       233384 kB
KernelStack:       50992 kB
ShadowCallStack:   12776 kB
PageTables:        78412 kB
NFS_Unstable:          0 kB
Bounce:                0 kB
WritebackTmp:          0 kB
CommitLimit:     8677876 kB
Committed_AS:   78424904 kB
VmallocTotal:   263061440 kB
VmallocUsed:      135452 kB
VmallocChunk:          0 kB
Percpu:             2448 kB
CmaTotal:         405504 kB
CmaFree:               0 kB
MemTotal:        7918588 kB
MemFree:         1316412 kB
MemAvailable:    2816912 kB
Buffers:            5408 kB
Cached:          1371940 kB
SwapCached:         7828 kB
Active:          3313524 kB
Inactive:         680248 kB
Active(anon):    2635628 kB
Inactive(anon):     1388 kB
Active(file):     677896 kB
Inactive(file):   678860 kB
Unevictable:        6164 kB
Mlocked:            5724 kB
SwapTotal:       4718584 kB
SwapFree:        4027896 kB
Dirty:               424 kB
Writeback:             0 kB
AnonPages:       2618068 kB
Mapped:           635304 kB
Shmem:             16004 kB
KReclaimable:     533968 kB
Slab:             324684 kB
SReclaimable:      91088 kB
SUnreclaim:       233596 kB
KernelStack:       51040 kB
ShadowCallStack:   12780 kB
PageTables:        78520 kB
NFS_Unstable:          0 kB
Bounce:                0 kB
WritebackTmp:          0 kB
CommitLimit:     8677876 kB
Committed_AS:   78424908 kB
VmallocTotal:   263061440 kB
VmallocUsed:      135516 kB
VmallocChunk:          0 kB
Percpu:             2448 kB
CmaTotal:         405504 kB
CmaFree:               0 kB
MemTotal:        7918588 kB
MemFree:         1260112 kB
MemAvailable:    2759920 kB
Buffers:            5416 kB
Cached:          1371936 kB
SwapCached:         7828 kB
Active:          3370700 kB
Inactive:         680248 kB
Active(anon):    2692804 kB
Inactive(anon):     1384 kB
Active(file):     677896 kB
Inactive(file):   678864 kB
Unevictable:        6164 kB
Mlocked:            5724 kB
SwapTotal:       4718584 kB
SwapFree:        4027896 kB
Dirty:               428 kB
Writeback:             0 kB
AnonPages:       2675172 kB
Mapped:           635572 kB
Shmem:             16004 kB
KReclaimable:     533272 kB
Slab:             324696 kB
SReclaimable:      91088 kB
SUnreclaim:       233608 kB
KernelStack:       51040 kB
ShadowCallStack:   12768 kB
PageTables:        78612 kB
NFS_Unstable:          0 kB
Bounce:                0 kB
WritebackTmp:          0 kB
CommitLimit:     8677876 kB
Committed_AS:   78572364 kB
VmallocTotal:   263061440 kB
VmallocUsed:      135500 kB
VmallocChunk:          0 kB
Percpu:             2448 kB
CmaTotal:         405504 kB
CmaFree:               0 kB
MemTotal:        7918588 kB
MemFree:         1252780 kB
MemAvailable:    2752400 kB
Buffers:            5424 kB
Cached:          1371960 kB
SwapCached:         7828 kB
Active:          3375548 kB
Inactive:         680252 kB
Active(anon):    2697652 kB
Inactive(anon):     1376 kB
Active(file):     677896 kB
Inactive(file):   678876 kB
Unevictable:        6164 kB
Mlocked:            5724 kB
SwapTotal:       4718584 kB
SwapFree:        4027896 kB
Dirty:               440 kB
Writeback:             0 kB
AnonPages:       2680068 kB
Mapped:           635656 kB
Shmem:             16024 kB
KReclaimable:     533072 kB
Slab:             324688 kB
SReclaimable:      91072 kB
SUnreclaim:       233616 kB
KernelStack:       51040 kB
ShadowCallStack:   12780 kB
PageTables:        78800 kB
NFS_Unstable:          0 kB
Bounce:                0 kB
WritebackTmp:          0 kB
CommitLimit:     8677876 kB
Committed_AS:   78572384 kB
VmallocTotal:   263061440 kB
VmallocUsed:      135500 kB
VmallocChunk:          0 kB
Percpu:             2448 kB
CmaTotal:         405504 kB
CmaFree:               0 kB
MemTotal:        7918588 kB
MemFree:         1225336 kB
MemAvailable:    2724428 kB
Buffers:            5424 kB
Cached:          1371960 kB
SwapCached:         7828 kB
Active:          3404204 kB
Inactive:         680268 kB
Active(anon):    2726308 kB
Inactive(anon):     1392 kB
Active(file):     677896 kB
Inactive(file):   678876 kB
Unevictable:        6164 kB
Mlocked:            5724 kB
SwapTotal:       4718584 kB
SwapFree:        4027896 kB
Dirty:               440 kB
Writeback:             0 kB
AnonPages:       2708612 kB
Mapped:           636116 kB
Shmem:             16024 kB
KReclaimable:     532544 kB
Slab:             324640 kB
SReclaimable:      91072 kB
SUnreclaim:       233568 kB
KernelStack:       51056 kB
ShadowCallStack:   12768 kB
PageTables:        79036 kB
NFS_Unstable:          0 kB
Bounce:                0 kB
WritebackTmp:          0 kB
CommitLimit:     8677876 kB
Committed_AS:   78637920 kB
VmallocTotal:   263061440 kB
VmallocUsed:      135492 kB
VmallocChunk:          0 kB
Percpu:             2448 kB
CmaTotal:         405504 kB
CmaFree:               0 kB
MemTotal:        7918588 kB
MemFree:         1183428 kB
MemAvailable:    2681952 kB
Buffers:            5424 kB
Cached:          1371960 kB
SwapCached:         7828 kB
Active:          3445928 kB
Inactive:         680264 kB
Active(anon):    2768032 kB
Inactive(anon):     1388 kB
Active(file):     677896 kB
Inactive(file):   678876 kB
Unevictable:        6164 kB
Mlocked:            5724 kB
SwapTotal:       4718584 kB
SwapFree:        4027896 kB
Dirty:               440 kB
Writeback:             0 kB
AnonPages:       2750480 kB
Mapped:           636436 kB
Shmem:             16024 kB
KReclaimable:     531976 kB
Slab:             324676 kB
SReclaimable:      91072 kB
SUnreclaim:       233604 kB
KernelStack:       51024 kB
ShadowCallStack:   12788 kB
PageTables:        79132 kB
NFS_Unstable:          0 kB
Bounce:                0 kB
WritebackTmp:          0 kB
CommitLimit:     8677876 kB
Committed_AS:   78736228 kB
VmallocTotal:   263061440 kB
VmallocUsed:      135488 kB
VmallocChunk:          0 kB
Percpu:             2448 kB
CmaTotal:         405504 kB
CmaFree:               0 kB
MemTotal:        7918588 kB
MemFree:         1181412 kB
MemAvailable:    2679804 kB
Buffers:            5424 kB
Cached:          1371976 kB
SwapCached:         7828 kB
Active:          3447084 kB
Inactive:         680272 kB
Active(anon):    2769188 kB
Inactive(anon):     1384 kB
Active(file):     677896 kB
Inactive(file):   678888 kB
Unevictable:        6164 kB
Mlocked:            5724 kB
SwapTotal:       4718584 kB
SwapFree:        4027896 kB
Dirty:               452 kB
Writeback:             0 kB
AnonPages:       2751600 kB
Mapped:           636464 kB
Shmem:             16028 kB
KReclaimable:     531832 kB
Slab:             324688 kB
SReclaimable:      91072 kB
SUnreclaim:       233616 kB
KernelStack:       51024 kB
ShadowCallStack:   12780 kB
PageTables:        79156 kB
NFS_Unstable:          0 kB
Bounce:                0 kB
WritebackTmp:          0 kB
CommitLimit:     8677876 kB
Committed_AS:   78736228 kB
VmallocTotal:   263061440 kB
VmallocUsed:      135500 kB
VmallocChunk:          0 kB
Percpu:             2448 kB
CmaTotal:         405504 kB
CmaFree:               0 kB
MemTotal:        7918588 kB
MemFree:         1137040 kB
MemAvailable:    2634928 kB
Buffers:            5424 kB
Cached:          1371980 kB
SwapCached:         7828 kB
Active:          3492196 kB
Inactive:         680276 kB
Active(anon):    2814300 kB
Inactive(anon):     1388 kB
Active(file):     677896 kB
Inactive(file):   678888 kB
Unevictable:        6164 kB
Mlocked:            5724 kB
SwapTotal:       4718584 kB
SwapFree:        4027896 kB
Dirty:               452 kB
Writeback:             0 kB
AnonPages:       2796652 kB
Mapped:           636880 kB
Shmem:             16032 kB
KReclaimable:     531328 kB
Slab:             324672 kB
SReclaimable:      91072 kB
SUnreclaim:       233600 kB
KernelStack:       51024 kB
ShadowCallStack:   12772 kB
PageTables:        79188 kB
NFS_Unstable:          0 kB
Bounce:                0 kB
WritebackTmp:          0 kB
CommitLimit:     8677876 kB
Committed_AS:   78867340 kB
VmallocTotal:   263061440 kB
VmallocUsed:      135516 kB
VmallocChunk:          0 kB
Percpu:             2448 kB
CmaTotal:         405504 kB
CmaFree:               0 kB
MemTotal:        7918588 kB
MemFree:         1073316 kB
MemAvailable:    2440652 kB
Buffers:            5448 kB
Cached:          1372092 kB
SwapCached:         7828 kB
Active:          3555072 kB
Inactive:         680296 kB
Active(anon):    2877176 kB
Inactive(anon):     1384 kB
Active(file):     677896 kB
Inactive(file):   678912 kB
Unevictable:        6164 kB
Mlocked:            5724 kB
SwapTotal:       4718584 kB
SwapFree:        4027896 kB
Dirty:               384 kB
Writeback:             0 kB
AnonPages:       2859412 kB
Mapped:           637740 kB
Shmem:             16144 kB
KReclaimable:     400752 kB
Slab:             325032 kB
SReclaimable:      91072 kB
SUnreclaim:       233960 kB
KernelStack:       51104 kB
ShadowCallStack:   12804 kB
PageTables:        79508 kB
NFS_Unstable:          0 kB
Bounce:                0 kB
WritebackTmp:          0 kB
CommitLimit:     8677876 kB
Committed_AS:   78916804 kB
VmallocTotal:   263061440 kB
VmallocUsed:      135636 kB
VmallocChunk:          0 kB
Percpu:             2448 kB
CmaTotal:         405504 kB
CmaFree:               0 kB
MemTotal:        7918588 kB
MemFree:         1105728 kB
MemAvailable:    2603072 kB
Buffers:            5448 kB
Cached:          1371980 kB
SwapCached:         7828 kB
Active:          3523304 kB
Inactive:         680300 kB
Active(anon):    2845408 kB
Inactive(anon):     1388 kB
Active(file):     677896 kB
Inactive(file):   678912 kB
Unevictable:        6164 kB
Mlocked:            5724 kB
SwapTotal:       4718584 kB
SwapFree:        4027896 kB
Dirty:               384 kB
Writeback:             0 kB
AnonPages:       2827836 kB
Mapped:           637304 kB
Shmem:             16032 kB
KReclaimable:     530760 kB
Slab:             324776 kB
SReclaimable:      91072 kB
SUnreclaim:       233704 kB
KernelStack:       51008 kB
ShadowCallStack:   12776 kB
PageTables:        79528 kB
NFS_Unstable:          0 kB
Bounce:                0 kB
WritebackTmp:          0 kB
CommitLimit:     8677876 kB
Committed_AS:   78932788 kB
VmallocTotal:   263061440 kB
VmallocUsed:      135492 kB
VmallocChunk:          0 kB
Percpu:             2448 kB
CmaTotal:         405504 kB
CmaFree:               0 kB
MemTotal:        7918588 kB
MemFree:         1046720 kB
MemAvailable:    2543320 kB
Buffers:            5448 kB
Cached:          1371980 kB
SwapCached:         7828 kB
Active:          3581704 kB
Inactive:         680300 kB
Active(anon):    2903808 kB
Inactive(anon):     1388 kB
Active(file):     677896 kB
Inactive(file):   678912 kB
Unevictable:        6164 kB
Mlocked:            5724 kB
SwapTotal:       4718584 kB
SwapFree:        4027896 kB
Dirty:               384 kB
Writeback:             0 kB
AnonPages:       2886224 kB
Mapped:           637660 kB
Shmem:             16032 kB
KReclaimable:     530016 kB
Slab:             324800 kB
SReclaimable:      91072 kB
SUnreclaim:       233728 kB
KernelStack:       50960 kB
ShadowCallStack:   12760 kB
PageTables:        79796 kB
NFS_Unstable:          0 kB
Bounce:                0 kB
WritebackTmp:          0 kB
CommitLimit:     8677876 kB
Committed_AS:   79080092 kB
VmallocTotal:   263061440 kB
VmallocUsed:      135424 kB
VmallocChunk:          0 kB
Percpu:             2448 kB
CmaTotal:         405504 kB
CmaFree:               0 kB
MemTotal:        7918588 kB
MemFree:         1038940 kB
MemAvailable:    2535356 kB
Buffers:            5448 kB
Cached:          1371988 kB
SwapCached:         7828 kB
Active:          3588220 kB
Inactive:         680308 kB
Active(anon):    2910324 kB
Inactive(anon):     1388 kB
Active(file):     677896 kB
Inactive(file):   678920 kB
Unevictable:        6164 kB
Mlocked:            5724 kB
SwapTotal:       4718584 kB
SwapFree:        4027896 kB
Dirty:               408 kB
Writeback:             0 kB
AnonPages:       2892704 kB
Mapped:           637672 kB
Shmem:             16032 kB
KReclaimable:     529824 kB
Slab:             324784 kB
SReclaimable:      91072 kB
SUnreclaim:       233712 kB
KernelStack:       50912 kB
ShadowCallStack:   12748 kB
PageTables:        79772 kB
NFS_Unstable:          0 kB
Bounce:                0 kB
WritebackTmp:          0 kB
CommitLimit:     8677876 kB
Committed_AS:   79080088 kB
VmallocTotal:   263061440 kB
VmallocUsed:      135420 kB
VmallocChunk:          0 kB
Percpu:             2448 kB
CmaTotal:         405504 kB
CmaFree:               0 kB
MemTotal:        7918588 kB
MemFree:         1014368 kB
MemAvailable:    2510240 kB
Buffers:            5448 kB
Cached:          1371992 kB
SwapCached:         7828 kB
Active:          3612468 kB
Inactive:         680308 kB
Active(anon):    2934572 kB
Inactive(anon):     1388 kB
Active(file):     677896 kB
Inactive(file):   678920 kB
Unevictable:        6164 kB
Mlocked:            5724 kB
SwapTotal:       4718584 kB
SwapFree:        4027896 kB
Dirty:               408 kB
Writeback:             0 kB
AnonPages:       2916840 kB
Mapped:           638016 kB
Shmem:             16036 kB
KReclaimable:     529280 kB
Slab:             324872 kB
SReclaimable:      91072 kB
SUnreclaim:       233800 kB
KernelStack:       50928 kB
ShadowCallStack:   12764 kB
PageTables:        79928 kB
NFS_Unstable:          0 kB
Bounce:                0 kB
WritebackTmp:          0 kB
CommitLimit:     8677876 kB
Committed_AS:   79145524 kB
VmallocTotal:   263061440 kB
VmallocUsed:      135368 kB
VmallocChunk:          0 kB
Percpu:             2448 kB
CmaTotal:         405504 kB
CmaFree:               0 kB
MemTotal:        7918588 kB
MemFree:          968236 kB
MemAvailable:    2463540 kB
Buffers:            5456 kB
Cached:          1371984 kB
SwapCached:         7828 kB
Active:          3659336 kB
Inactive:         680308 kB
Active(anon):    2981440 kB
Inactive(anon):     1388 kB
Active(file):     677896 kB
Inactive(file):   678920 kB
Unevictable:        6164 kB
Mlocked:            5724 kB
SwapTotal:       4718584 kB
SwapFree:        4027896 kB
Dirty:                28 kB
Writeback:             0 kB
AnonPages:       2963868 kB
Mapped:           638428 kB
Shmem:             16036 kB
KReclaimable:     528712 kB
Slab:             324880 kB
SReclaimable:      91072 kB
SUnreclaim:       233808 kB
KernelStack:       50896 kB
ShadowCallStack:   12744 kB
PageTables:        80032 kB
NFS_Unstable:          0 kB
Bounce:                0 kB
WritebackTmp:          0 kB
CommitLimit:     8677876 kB
Committed_AS:   79243828 kB
VmallocTotal:   263061440 kB
VmallocUsed:      135380 kB
VmallocChunk:          0 kB
Percpu:             2448 kB
CmaTotal:         405504 kB
CmaFree:               0 kB
MemTotal:        7918588 kB
MemFree:          966472 kB
MemAvailable:    2461576 kB
Buffers:            5456 kB
Cached:          1371992 kB
SwapCached:         7828 kB
Active:          3660768 kB
Inactive:         680316 kB
Active(anon):    2982872 kB
Inactive(anon):     1388 kB
Active(file):     677896 kB
Inactive(file):   678928 kB
Unevictable:        6164 kB
Mlocked:            5724 kB
SwapTotal:       4718584 kB
SwapFree:        4027896 kB
Dirty:                80 kB
Writeback:             0 kB
AnonPages:       2965252 kB
Mapped:           638528 kB
Shmem:             16036 kB
KReclaimable:     528504 kB
Slab:             324888 kB
SReclaimable:      91072 kB
SUnreclaim:       233816 kB
KernelStack:       50832 kB
ShadowCallStack:   12728 kB
PageTables:        80044 kB
NFS_Unstable:          0 kB
Bounce:                0 kB
WritebackTmp:          0 kB
CommitLimit:     8677876 kB
Committed_AS:   79243516 kB
VmallocTotal:   263061440 kB
VmallocUsed:      135260 kB
VmallocChunk:          0 kB
Percpu:             2448 kB
CmaTotal:         405504 kB
CmaFree:              12 kB
MemTotal:        7918588 kB
MemFree:          921552 kB
MemAvailable:    2416152 kB
Buffers:            5456 kB
Cached:          1371992 kB
SwapCached:         7828 kB
Active:          3705164 kB
Inactive:         680316 kB
Active(anon):    3027268 kB
Inactive(anon):     1388 kB
Active(file):     677896 kB
Inactive(file):   678928 kB
Unevictable:        6164 kB
Mlocked:            5724 kB
SwapTotal:       4718584 kB
SwapFree:        4027896 kB
Dirty:                80 kB
Writeback:             0 kB
AnonPages:       3009744 kB
Mapped:           638764 kB
Shmem:             16036 kB
KReclaimable:     528000 kB
Slab:             324940 kB
SReclaimable:      91072 kB
SUnreclaim:       233868 kB
KernelStack:       50784 kB
ShadowCallStack:   12712 kB
PageTables:        80252 kB
NFS_Unstable:          0 kB
Bounce:                0 kB
WritebackTmp:          0 kB
CommitLimit:     8677876 kB
Committed_AS:   79358104 kB
VmallocTotal:   263061440 kB
VmallocUsed:      135216 kB
VmallocChunk:          0 kB
Percpu:             2448 kB
CmaTotal:         405504 kB
CmaFree:               4 kB
MemTotal:        7918588 kB
MemFree:          896812 kB
MemAvailable:    2391076 kB
Buffers:            5456 kB
Cached:          1372060 kB
SwapCached:         7828 kB
Active:          3729972 kB
Inactive:         680316 kB
Active(anon):    3052012 kB
Inactive(anon):     1388 kB
Active(file):     677960 kB
Inactive(file):   678928 kB
Unevictable:        6164 kB
Mlocked:            5724 kB
SwapTotal:       4718584 kB
SwapFree:        4027896 kB
Dirty:               116 kB
Writeback:             0 kB
AnonPages:       3034372 kB
Mapped:           639324 kB
Shmem:             16040 kB
KReclaimable:     527600 kB
Slab:             324936 kB
SReclaimable:      91072 kB
SUnreclaim:       233864 kB
KernelStack:       50784 kB
ShadowCallStack:   12712 kB
PageTables:        80420 kB
NFS_Unstable:          0 kB
Bounce:                0 kB
WritebackTmp:          0 kB
CommitLimit:     8677876 kB
Committed_AS:   79407152 kB
VmallocTotal:   263061440 kB
VmallocUsed:      135180 kB
VmallocChunk:          0 kB
Percpu:             2448 kB
CmaTotal:         405504 kB
CmaFree:               0 kB
MemTotal:        7918588 kB
MemFree:          883428 kB
MemAvailable:    2377484 kB
Buffers:            5464 kB
Cached:          1372060 kB
SwapCached:         7828 kB
Active:          3743084 kB
Inactive:         680320 kB
Active(anon):    3065124 kB
Inactive(anon):     1384 kB
Active(file):     677960 kB
Inactive(file):   678936 kB
Unevictable:        6164 kB
Mlocked:            5724 kB
SwapTotal:       4718584 kB
SwapFree:        4027896 kB
Dirty:               180 kB
Writeback:             0 kB
AnonPages:       3047580 kB
Mapped:           639372 kB
Shmem:             16040 kB
KReclaimable:     527384 kB
Slab:             324992 kB
SReclaimable:      91072 kB
SUnreclaim:       233920 kB
KernelStack:       50720 kB
ShadowCallStack:   12704 kB
PageTables:        80440 kB
NFS_Unstable:          0 kB
Bounce:                0 kB
WritebackTmp:          0 kB
CommitLimit:     8677876 kB
Committed_AS:   79456200 kB
VmallocTotal:   263061440 kB
VmallocUsed:      135136 kB
VmallocChunk:          0 kB
Percpu:             2448 kB
CmaTotal:         405504 kB
CmaFree:               0 kB
MemTotal:        7918588 kB
MemFree:          826436 kB
MemAvailable:    2319592 kB
Buffers:            5492 kB
Cached:          1372072 kB
SwapCached:         7828 kB
Active:          3800772 kB
Inactive:         680360 kB
Active(anon):    3122812 kB
Inactive(anon):     1388 kB
Active(file):     677960 kB
Inactive(file):   678972 kB
Unevictable:        6164 kB
Mlocked:            5724 kB
SwapTotal:       4718584 kB
SwapFree:        4027896 kB
Dirty:                 0 kB
Writeback:             0 kB
AnonPages:       3105172 kB
Mapped:           639996 kB
Shmem:             16044 kB
KReclaimable:     526448 kB
Slab:             325028 kB
SReclaimable:      91072 kB
SUnreclaim:       233956 kB
KernelStack:       50672 kB
ShadowCallStack:   12692 kB
PageTables:        80708 kB
NFS_Unstable:          0 kB
Bounce:                0 kB
WritebackTmp:          0 kB
CommitLimit:     8677876 kB
Committed_AS:   79570736 kB
VmallocTotal:   263061440 kB
VmallocUsed:      135060 kB
VmallocChunk:          0 kB
Percpu:             2448 kB
CmaTotal:         405504 kB
CmaFree:               0 kB
MemTotal:        7918588 kB
MemFree:          823688 kB
MemAvailable:    2316796 kB
Buffers:            5492 kB
Cached:          1372072 kB
SwapCached:         7828 kB
Active:          3800828 kB
Inactive:         680360 kB
Active(anon):    3122868 kB
Inactive(anon):     1388 kB
Active(file):     677960 kB
Inactive(file):   678972 kB
Unevictable:        6164 kB
Mlocked:            5724 kB
SwapTotal:       4718584 kB
SwapFree:        4027896 kB
Dirty:                 4 kB
Writeback:             0 kB
AnonPages:       3105212 kB
Mapped:           639928 kB
Shmem:             16044 kB
KReclaimable:     526400 kB
Slab:             325000 kB
SReclaimable:      91072 kB
SUnreclaim:       233928 kB
KernelStack:       50592 kB
ShadowCallStack:   12684 kB
PageTables:        80728 kB
NFS_Unstable:          0 kB
Bounce:                0 kB
WritebackTmp:          0 kB
CommitLimit:     8677876 kB
Committed_AS:   79570528 kB
VmallocTotal:   263061440 kB
VmallocUsed:      134980 kB
VmallocChunk:          0 kB
Percpu:             2448 kB
CmaTotal:         405504 kB
CmaFree:               0 kB
MemTotal:        7918588 kB
MemFree:          794612 kB
MemAvailable:    2287780 kB
Buffers:            5492 kB
Cached:          1372604 kB
SwapCached:         7828 kB
Active:          3831460 kB
Inactive:         680356 kB
Active(anon):    3152968 kB
Inactive(anon):     1384 kB
Active(file):     678492 kB
Inactive(file):   678972 kB
Unevictable:        6164 kB
Mlocked:            5724 kB
SwapTotal:       4718584 kB
SwapFree:        4027896 kB
Dirty:                 4 kB
Writeback:             0 kB
AnonPages:       3135312 kB
Mapped:           640324 kB
Shmem:             16044 kB
KReclaimable:     525928 kB
Slab:             325004 kB
SReclaimable:      91072 kB
SUnreclaim:       233932 kB
KernelStack:       50608 kB
ShadowCallStack:   12668 kB
PageTables:        80852 kB
NFS_Unstable:          0 kB
Bounce:                0 kB
WritebackTmp:          0 kB
CommitLimit:     8677876 kB
Committed_AS:   79636064 kB
VmallocTotal:   263061440 kB
VmallocUsed:      134976 kB
VmallocChunk:          0 kB
Percpu:             2448 kB
CmaTotal:         405504 kB
CmaFree:               8 kB
MemTotal:        7918588 kB
MemFree:          757580 kB
MemAvailable:    2250148 kB
Buffers:            5492 kB
Cached:          1372608 kB
SwapCached:         7828 kB
Active:          3869536 kB
Inactive:         680360 kB
Active(anon):    3191044 kB
Inactive(anon):     1388 kB
Active(file):     678492 kB
Inactive(file):   678972 kB
Unevictable:        6164 kB
Mlocked:            5724 kB
SwapTotal:       4718584 kB
SwapFree:        4027896 kB
Dirty:                36 kB
Writeback:             0 kB
AnonPages:       3173444 kB
Mapped:           640612 kB
Shmem:             16048 kB
KReclaimable:     525328 kB
Slab:             325020 kB
SReclaimable:      91072 kB
SUnreclaim:       233948 kB
KernelStack:       50608 kB
ShadowCallStack:   12676 kB
PageTables:        81008 kB
NFS_Unstable:          0 kB
Bounce:                0 kB
WritebackTmp:          0 kB
CommitLimit:     8677876 kB
Committed_AS:   79717988 kB
VmallocTotal:   263061440 kB
VmallocUsed:      134960 kB
VmallocChunk:          0 kB
Percpu:             2448 kB
CmaTotal:         405504 kB
CmaFree:               0 kB
MemTotal:        7918588 kB
MemFree:          754608 kB
MemAvailable:    2247032 kB
Buffers:            5492 kB
Cached:          1372608 kB
SwapCached:         7828 kB
Active:          3870788 kB
Inactive:         680348 kB
Active(anon):    3192296 kB
Inactive(anon):     1376 kB
Active(file):     678492 kB
Inactive(file):   678972 kB
Unevictable:        6164 kB
Mlocked:            5724 kB
SwapTotal:       4718584 kB
SwapFree:        4027896 kB
Dirty:                36 kB
Writeback:             0 kB
AnonPages:       3174652 kB
Mapped:           640756 kB
Shmem:             16048 kB
KReclaimable:     525184 kB
Slab:             324992 kB
SReclaimable:      91072 kB
SUnreclaim:       233920 kB
KernelStack:       50560 kB
ShadowCallStack:   12668 kB
PageTables:        80884 kB
NFS_Unstable:          0 kB
Bounce:                0 kB
WritebackTmp:          0 kB
CommitLimit:     8677876 kB
Committed_AS:   79717992 kB
VmallocTotal:   263061440 kB
VmallocUsed:      134976 kB
VmallocChunk:          0 kB
Percpu:             2448 kB
CmaTotal:         405504 kB
CmaFree:               0 kB
MemTotal:        7918588 kB
MemFree:          709268 kB
MemAvailable:    2201188 kB
Buffers:            5508 kB
Cached:          1372616 kB
SwapCached:         7828 kB
Active:          3915748 kB
Inactive:         680376 kB
Active(anon):    3237256 kB
Inactive(anon):     1388 kB
Active(file):     678492 kB
Inactive(file):   678988 kB
Unevictable:        6164 kB
Mlocked:            5724 kB
SwapTotal:       4718584 kB
SwapFree:        4027896 kB
Dirty:               112 kB
Writeback:             0 kB
AnonPages:       3219692 kB
Mapped:           641116 kB
Shmem:             16056 kB
KReclaimable:     524664 kB
Slab:             325108 kB
SReclaimable:      91072 kB
SUnreclaim:       234036 kB
KernelStack:       50576 kB
ShadowCallStack:   12668 kB
PageTables:        81224 kB
NFS_Unstable:          0 kB
Bounce:                0 kB
WritebackTmp:          0 kB
CommitLimit:     8677876 kB
Committed_AS:   79832580 kB
VmallocTotal:   263061440 kB
VmallocUsed:      134932 kB
VmallocChunk:          0 kB
Percpu:             2448 kB
CmaTotal:         405504 kB
CmaFree:               0 kB
MemTotal:        7918588 kB
MemFree:          684824 kB
MemAvailable:    2176120 kB
Buffers:            5508 kB
Cached:          1372616 kB
SwapCached:         7828 kB
Active:          3941188 kB
Inactive:         680376 kB
Active(anon):    3262696 kB
Inactive(anon):     1388 kB
Active(file):     678492 kB
Inactive(file):   678988 kB
Unevictable:        6164 kB
Mlocked:            5724 kB
SwapTotal:       4718584 kB
SwapFree:        4027896 kB
Dirty:                16 kB
Writeback:             0 kB
AnonPages:       3245056 kB
Mapped:           641528 kB
Shmem:             16056 kB
KReclaimable:     524040 kB
Slab:             324896 kB
SReclaimable:      90928 kB
SUnreclaim:       233968 kB
KernelStack:       50544 kB
ShadowCallStack:   12664 kB
PageTables:        81276 kB
NFS_Unstable:          0 kB
Bounce:                0 kB
WritebackTmp:          0 kB
CommitLimit:     8677876 kB
Committed_AS:   79881732 kB
VmallocTotal:   263061440 kB
VmallocUsed:      134956 kB
VmallocChunk:          0 kB
Percpu:             2448 kB
CmaTotal:         405504 kB
CmaFree:               0 kB
MemTotal:        7918588 kB
MemFree:          676696 kB
MemAvailable:    2167832 kB
Buffers:            5508 kB
Cached:          1372616 kB
SwapCached:         7828 kB
Active:          3949256 kB
Inactive:         680368 kB
Active(anon):    3270764 kB
Inactive(anon):     1380 kB
Active(file):     678492 kB
Inactive(file):   678988 kB
Unevictable:        6164 kB
Mlocked:            5724 kB
SwapTotal:       4718584 kB
SwapFree:        4027896 kB
Dirty:                32 kB
Writeback:             0 kB
AnonPages:       3253168 kB
Mapped:           641564 kB
Shmem:             16056 kB
KReclaimable:     523880 kB
Slab:             324960 kB
SReclaimable:      90928 kB
SUnreclaim:       234032 kB
KernelStack:       50624 kB
ShadowCallStack:   12680 kB
PageTables:        81336 kB
NFS_Unstable:          0 kB
Bounce:                0 kB
WritebackTmp:          0 kB
CommitLimit:     8677876 kB
Committed_AS:   79898116 kB
VmallocTotal:   263061440 kB
VmallocUsed:      134960 kB
VmallocChunk:          0 kB
Percpu:             2448 kB
CmaTotal:         405504 kB
CmaFree:               0 kB
MemTotal:        7918588 kB
MemFree:          619288 kB
MemAvailable:    2109672 kB
Buffers:            5508 kB
Cached:          1372616 kB
SwapCached:         7828 kB
Active:          4005972 kB
Inactive:         680376 kB
Active(anon):    3327480 kB
Inactive(anon):     1388 kB
Active(file):     678492 kB
Inactive(file):   678988 kB
Unevictable:        6164 kB
Mlocked:            5724 kB
SwapTotal:       4718584 kB
SwapFree:        4027896 kB
Dirty:                64 kB
Writeback:             0 kB
AnonPages:       3309876 kB
Mapped:           641924 kB
Shmem:             16056 kB
KReclaimable:     523128 kB
Slab:             325012 kB
SReclaimable:      90928 kB
SUnreclaim:       234084 kB
KernelStack:       50560 kB
ShadowCallStack:   12672 kB
PageTables:        81600 kB
NFS_Unstable:          0 kB
Bounce:                0 kB
WritebackTmp:          0 kB
CommitLimit:     8677876 kB
Committed_AS:   80029192 kB
VmallocTotal:   263061440 kB
VmallocUsed:      134944 kB
VmallocChunk:          0 kB
Percpu:             2448 kB
CmaTotal:         405504 kB
CmaFree:               0 kB
MemTotal:        7918588 kB
MemFree:          611980 kB
MemAvailable:    2103084 kB
Buffers:            5508 kB
Cached:          1373496 kB
SwapCached:         7828 kB
Active:          4012780 kB
Inactive:         680388 kB
Active(anon):    3333436 kB
Inactive(anon):     1384 kB
Active(file):     679344 kB
Inactive(file):   679004 kB
Unevictable:        6164 kB
Mlocked:            5724 kB
SwapTotal:       4718584 kB
SwapFree:        4028152 kB
Dirty:               108 kB
Writeback:             0 kB
AnonPages:       3315800 kB
Mapped:           642156 kB
Shmem:             16068 kB
KReclaimable:     522980 kB
Slab:             325060 kB
SReclaimable:      90932 kB
SUnreclaim:       234128 kB
KernelStack:       50608 kB
ShadowCallStack:   12672 kB
PageTables:        81708 kB
NFS_Unstable:          0 kB
Bounce:                0 kB
WritebackTmp:          0 kB
CommitLimit:     8677876 kB
Committed_AS:   80029196 kB
VmallocTotal:   263061440 kB
VmallocUsed:      134956 kB
VmallocChunk:          0 kB
Percpu:             2448 kB
CmaTotal:         405504 kB
CmaFree:               0 kB
MemTotal:        7918588 kB
MemFree:          580376 kB
MemAvailable:    2071012 kB
Buffers:            5532 kB
Cached:          1373456 kB
SwapCached:         7828 kB
Active:          4044532 kB
Inactive:         680368 kB
Active(anon):    3365188 kB
Inactive(anon):     1384 kB
Active(file):     679344 kB
Inactive(file):   678984 kB
Unevictable:        6164 kB
Mlocked:            5724 kB
SwapTotal:       4718584 kB
SwapFree:        4028152 kB
Dirty:               108 kB
Writeback:             0 kB
AnonPages:       3347528 kB
Mapped:           642484 kB
Shmem:             16072 kB
KReclaimable:     522532 kB
Slab:             325040 kB
SReclaimable:      90932 kB
SUnreclaim:       234108 kB
KernelStack:       50592 kB
ShadowCallStack:   12664 kB
PageTables:        81680 kB
NFS_Unstable:          0 kB
Bounce:                0 kB
WritebackTmp:          0 kB
CommitLimit:     8677876 kB
Committed_AS:   80127500 kB
VmallocTotal:   263061440 kB
VmallocUsed:      134960 kB
VmallocChunk:          0 kB
Percpu:             2448 kB
CmaTotal:         405504 kB
CmaFree:               0 kB
MemTotal:        7918588 kB
MemFree:          503908 kB
MemAvailable:    1872420 kB
Buffers:            5532 kB
Cached:          1373580 kB
SwapCached:         7828 kB
Active:          4120680 kB
Inactive:         680412 kB
Active(anon):    3441336 kB
Inactive(anon):     1384 kB
Active(file):     679344 kB
Inactive(file):   679028 kB
Unevictable:        6164 kB
Mlocked:            5724 kB
SwapTotal:       4718584 kB
SwapFree:        4028152 kB
Dirty:                44 kB
Writeback:             0 kB
AnonPages:       3423676 kB
Mapped:           643340 kB
Shmem:             16152 kB
KReclaimable:     400364 kB
Slab:             325360 kB
SReclaimable:      90932 kB
SUnreclaim:       234428 kB
KernelStack:       50720 kB
ShadowCallStack:   12700 kB
PageTables:        82048 kB
NFS_Unstable:          0 kB
Bounce:                0 kB
WritebackTmp:          0 kB
CommitLimit:     8677876 kB
Committed_AS:   80209816 kB
VmallocTotal:   263061440 kB
VmallocUsed:      135112 kB
VmallocChunk:          0 kB
Percpu:             2448 kB
CmaTotal:         405504 kB
CmaFree:               0 kB
MemTotal:        7918588 kB
MemFree:          534908 kB
MemAvailable:    2024784 kB
Buffers:            5532 kB
Cached:          1373500 kB
SwapCached:         7828 kB
Active:          4089836 kB
Inactive:         680416 kB
Active(anon):    3410492 kB
Inactive(anon):     1388 kB
Active(file):     679344 kB
Inactive(file):   679028 kB
Unevictable:        6164 kB
Mlocked:            5724 kB
SwapTotal:       4718584 kB
SwapFree:        4028152 kB
Dirty:                48 kB
Writeback:             0 kB
AnonPages:       3392976 kB
Mapped:           642944 kB
Shmem:             16072 kB
KReclaimable:     521728 kB
Slab:             325136 kB
SReclaimable:      90932 kB
SUnreclaim:       234204 kB
KernelStack:       50544 kB
ShadowCallStack:   12684 kB
PageTables:        81940 kB
NFS_Unstable:          0 kB
Bounce:                0 kB
WritebackTmp:          0 kB
CommitLimit:     8677876 kB
Committed_AS:   80209420 kB
VmallocTotal:   263061440 kB
VmallocUsed:      134956 kB
VmallocChunk:          0 kB
Percpu:             2448 kB
CmaTotal:         405504 kB
CmaFree:               0 kB
MemTotal:        7918588 kB
MemFree:          467552 kB
MemAvailable:    1956544 kB
Buffers:            5540 kB
Cached:          1373500 kB
SwapCached:         7828 kB
Active:          4156212 kB
Inactive:         680420 kB
Active(anon):    3476868 kB
Inactive(anon):     1384 kB
Active(file):     679344 kB
Inactive(file):   679036 kB
Unevictable:        6164 kB
Mlocked:            5724 kB
SwapTotal:       4718584 kB
SwapFree:        4028152 kB
Dirty:               204 kB
Writeback:             0 kB
AnonPages:       3459224 kB
Mapped:           643432 kB
Shmem:             16072 kB
KReclaimable:     520836 kB
Slab:             325228 kB
SReclaimable:      90932 kB
SUnreclaim:       234296 kB
KernelStack:       50592 kB
ShadowCallStack:   12672 kB
PageTables:        82260 kB
NFS_Unstable:          0 kB
Bounce:                0 kB
WritebackTmp:          0 kB
CommitLimit:     8677876 kB
Committed_AS:   80373260 kB
VmallocTotal:   263061440 kB
VmallocUsed:      134960 kB
VmallocChunk:          0 kB
Percpu:             2448 kB
CmaTotal:         405504 kB
CmaFree:               0 kB
MemTotal:        7918588 kB
MemFree:          397772 kB
MemAvailable:    1885596 kB
Buffers:            5548 kB
Cached:          1373500 kB
SwapCached:         7828 kB
Active:          4226536 kB
Inactive:         680432 kB
Active(anon):    3547192 kB
Inactive(anon):     1388 kB
Active(file):     679344 kB
Inactive(file):   679044 kB
Unevictable:        6164 kB
Mlocked:            5724 kB
SwapTotal:       4718584 kB
SwapFree:        4028152 kB
Dirty:               316 kB
Writeback:             0 kB
AnonPages:       3529628 kB
Mapped:           644148 kB
Shmem:             16072 kB
KReclaimable:     519660 kB
Slab:             325228 kB
SReclaimable:      90932 kB
SUnreclaim:       234296 kB
KernelStack:       50544 kB
ShadowCallStack:   12664 kB
PageTables:        82636 kB
NFS_Unstable:          0 kB
Bounce:                0 kB
WritebackTmp:          0 kB
CommitLimit:     8677876 kB
Committed_AS:   80520716 kB
VmallocTotal:   263061440 kB
VmallocUsed:      134936 kB
VmallocChunk:          0 kB
Percpu:             2448 kB
CmaTotal:         405504 kB
CmaFree:               0 kB
MemTotal:        7918588 kB
MemFree:          335608 kB
MemAvailable:    1822320 kB
Buffers:            5548 kB
Cached:          1373276 kB
SwapCached:         7828 kB
Active:          4289276 kB
Inactive:         680428 kB
Active(anon):    3609932 kB
Inactive(anon):     1384 kB
Active(file):     679344 kB
Inactive(file):   679044 kB
Unevictable:        6164 kB
Mlocked:            5724 kB
SwapTotal:       4718584 kB
SwapFree:        4028152 kB
Dirty:               160 kB
Writeback:             0 kB
AnonPages:       3592508 kB
Mapped:           644968 kB
Shmem:             15848 kB
KReclaimable:     518548 kB
Slab:             325392 kB
SReclaimable:      90932 kB
SUnreclaim:       234460 kB
KernelStack:       50592 kB
ShadowCallStack:   12672 kB
PageTables:        82960 kB
NFS_Unstable:          0 kB
Bounce:                0 kB
WritebackTmp:          0 kB
CommitLimit:     8677876 kB
Committed_AS:   80700716 kB
VmallocTotal:   263061440 kB
VmallocUsed:      134960 kB
VmallocChunk:          0 kB
Percpu:             2448 kB
CmaTotal:         405504 kB
CmaFree:               0 kB
MemTotal:        7918588 kB
MemFree:          280940 kB
MemAvailable:    1766888 kB
Buffers:            5572 kB
Cached:          1373284 kB
SwapCached:         7828 kB
Active:          4342848 kB
Inactive:         680456 kB
Active(anon):    3663504 kB
Inactive(anon):     1384 kB
Active(file):     679344 kB
Inactive(file):   679072 kB
Unevictable:        6164 kB
Mlocked:            5724 kB
SwapTotal:       4718584 kB
SwapFree:        4028152 kB
Dirty:               276 kB
Writeback:             0 kB
AnonPages:       3646096 kB
Mapped:           645344 kB
Shmem:             15852 kB
KReclaimable:     517756 kB
Slab:             325304 kB
SReclaimable:      90932 kB
SUnreclaim:       234372 kB
KernelStack:       50624 kB
ShadowCallStack:   12664 kB
PageTables:        83288 kB
NFS_Unstable:          0 kB
Bounce:                0 kB
WritebackTmp:          0 kB
CommitLimit:     8677876 kB
Committed_AS:   80848176 kB
VmallocTotal:   263061440 kB
VmallocUsed:      134956 kB
VmallocChunk:          0 kB
Percpu:             2448 kB
CmaTotal:         405504 kB
CmaFree:               0 kB
MemTotal:        7918588 kB
MemFree:          266064 kB
MemAvailable:    1751796 kB
Buffers:            5572 kB
Cached:          1373284 kB
SwapCached:         7828 kB
Active:          4356772 kB
Inactive:         680460 kB
Active(anon):    3677428 kB
Inactive(anon):     1388 kB
Active(file):     679344 kB
Inactive(file):   679072 kB
Unevictable:        6164 kB
Mlocked:            5724 kB
SwapTotal:       4718584 kB
SwapFree:        4028152 kB
Dirty:               276 kB
Writeback:             0 kB
AnonPages:       3659928 kB
Mapped:           645520 kB
Shmem:             15852 kB
KReclaimable:     517540 kB
Slab:             325372 kB
SReclaimable:      90932 kB
SUnreclaim:       234440 kB
KernelStack:       50576 kB
ShadowCallStack:   12680 kB
PageTables:        83224 kB
NFS_Unstable:          0 kB
Bounce:                0 kB
WritebackTmp:          0 kB
CommitLimit:     8677876 kB
Committed_AS:   80864560 kB
VmallocTotal:   263061440 kB
VmallocUsed:      134944 kB
VmallocChunk:          0 kB
Percpu:             2448 kB
CmaTotal:         405504 kB
CmaFree:               0 kB
MemTotal:        7918588 kB
MemFree:          257704 kB
MemAvailable:    1743060 kB
Buffers:            5572 kB
Cached:          1373284 kB
SwapCached:         7828 kB
Active:          4365532 kB
Inactive:         680460 kB
Active(anon):    3686188 kB
Inactive(anon):     1388 kB
Active(file):     679344 kB
Inactive(file):   679072 kB
Unevictable:        6164 kB
Mlocked:            5724 kB
SwapTotal:       4718584 kB
SwapFree:        4028152 kB
Dirty:               128 kB
Writeback:             0 kB
AnonPages:       3668736 kB
Mapped:           645808 kB
Shmem:             15852 kB
KReclaimable:     517164 kB
Slab:             325352 kB
SReclaimable:      90932 kB
SUnreclaim:       234420 kB
KernelStack:       50592 kB
ShadowCallStack:   12672 kB
PageTables:        83316 kB
NFS_Unstable:          0 kB
Bounce:                0 kB
WritebackTmp:          0 kB
CommitLimit:     8677876 kB
Committed_AS:   80897328 kB
VmallocTotal:   263061440 kB
VmallocUsed:      134952 kB
VmallocChunk:          0 kB
Percpu:             2448 kB
CmaTotal:         405504 kB
CmaFree:               0 kB
MemTotal:        7918588 kB
MemFree:          205256 kB
MemAvailable:    1689980 kB
Buffers:            5572 kB
Cached:          1373288 kB
SwapCached:         7828 kB
Active:          4417672 kB
Inactive:         680460 kB
Active(anon):    3738328 kB
Inactive(anon):     1388 kB
Active(file):     679344 kB
Inactive(file):   679072 kB
Unevictable:        6164 kB
Mlocked:            5724 kB
SwapTotal:       4718584 kB
SwapFree:        4028152 kB
Dirty:               140 kB
Writeback:             0 kB
AnonPages:       3720956 kB
Mapped:           646176 kB
Shmem:             15856 kB
KReclaimable:     516532 kB
Slab:             325356 kB
SReclaimable:      90932 kB
SUnreclaim:       234424 kB
KernelStack:       50608 kB
ShadowCallStack:   12676 kB
PageTables:        83512 kB
NFS_Unstable:          0 kB
Bounce:                0 kB
WritebackTmp:          0 kB
CommitLimit:     8677876 kB
Committed_AS:   81029052 kB
VmallocTotal:   263061440 kB
VmallocUsed:      134976 kB
VmallocChunk:          0 kB
Percpu:             2448 kB
CmaTotal:         405504 kB
CmaFree:               0 kB
MemTotal:        7918588 kB
MemFree:          192340 kB
MemAvailable:    1676868 kB
Buffers:            5572 kB
Cached:          1373292 kB
SwapCached:         7828 kB
Active:          4429340 kB
Inactive:         680460 kB
Active(anon):    3749996 kB
Inactive(anon):     1384 kB
Active(file):     679344 kB
Inactive(file):   679076 kB
Unevictable:        6164 kB
Mlocked:            5724 kB
SwapTotal:       4718584 kB
SwapFree:        4028152 kB
Dirty:               164 kB
Writeback:             0 kB
AnonPages:       3732584 kB
Mapped:           646492 kB
Shmem:             15856 kB
KReclaimable:     516332 kB
Slab:             325548 kB
SReclaimable:      90932 kB
SUnreclaim:       234616 kB
KernelStack:       50608 kB
ShadowCallStack:   12668 kB
PageTables:        83672 kB
NFS_Unstable:          0 kB
Bounce:                0 kB
WritebackTmp:          0 kB
CommitLimit:     8677876 kB
Committed_AS:   81045436 kB
VmallocTotal:   263061440 kB
VmallocUsed:      134956 kB
VmallocChunk:          0 kB
Percpu:             2448 kB
CmaTotal:         405504 kB
CmaFree:               0 kB
MemTotal:        7918588 kB
MemFree:          164092 kB
MemAvailable:    1648212 kB
Buffers:            5580 kB
Cached:          1373284 kB
SwapCached:         7828 kB
Active:          4459568 kB
Inactive:         680464 kB
Active(anon):    3780224 kB
Inactive(anon):     1388 kB
Active(file):     679344 kB
Inactive(file):   679076 kB
Unevictable:        6164 kB
Mlocked:            5724 kB
SwapTotal:       4718584 kB
SwapFree:        4028152 kB
Dirty:               164 kB
Writeback:             0 kB
AnonPages:       3762712 kB
Mapped:           646804 kB
Shmem:             15856 kB
KReclaimable:     515924 kB
Slab:             325364 kB
SReclaimable:      90932 kB
SUnreclaim:       234432 kB
KernelStack:       50560 kB
ShadowCallStack:   12668 kB
PageTables:        83672 kB
NFS_Unstable:          0 kB
Bounce:                0 kB
WritebackTmp:          0 kB
CommitLimit:     8677876 kB
Committed_AS:   81110972 kB
VmallocTotal:   263061440 kB
VmallocUsed:      134924 kB
VmallocChunk:          0 kB
Percpu:             2448 kB
CmaTotal:         405504 kB
CmaFree:               0 kB
MemTotal:        7918588 kB
MemFree:          163556 kB
MemAvailable:    1606204 kB
Buffers:            3412 kB
Cached:          1344408 kB
SwapCached:         7828 kB
Active:          4500172 kB
Inactive:         648864 kB
Active(anon):    3820276 kB
Inactive(anon):     1388 kB
Active(file):     679896 kB
Inactive(file):   647476 kB
Unevictable:        6164 kB
Mlocked:            5724 kB
SwapTotal:       4718584 kB
SwapFree:        4028152 kB
Dirty:               220 kB
Writeback:             0 kB
AnonPages:       3802808 kB
Mapped:           646708 kB
Shmem:             15860 kB
KReclaimable:     505500 kB
Slab:             323340 kB
SReclaimable:      88756 kB
SUnreclaim:       234584 kB
KernelStack:       50592 kB
ShadowCallStack:   12672 kB
PageTables:        83936 kB
NFS_Unstable:          0 kB
Bounce:                0 kB
WritebackTmp:          0 kB
CommitLimit:     8677876 kB
Committed_AS:   81192896 kB
VmallocTotal:   263061440 kB
VmallocUsed:      134972 kB
VmallocChunk:          0 kB
Percpu:             2448 kB
CmaTotal:         405504 kB
CmaFree:               0 kB
MemTotal:        7918588 kB
MemFree:          163084 kB
MemAvailable:    1605684 kB
Buffers:            3412 kB
Cached:          1344428 kB
SwapCached:         7828 kB
Active:          4500812 kB
Inactive:         648872 kB
Active(anon):    3820916 kB
Inactive(anon):     1380 kB
Active(file):     679896 kB
Inactive(file):   647492 kB
Unevictable:        6164 kB
Mlocked:            5724 kB
SwapTotal:       4718584 kB
SwapFree:        4028152 kB
Dirty:                92 kB
Writeback:             0 kB
AnonPages:       3803364 kB
Mapped:           646656 kB
Shmem:             15864 kB
KReclaimable:     505436 kB
Slab:             323336 kB
SReclaimable:      88756 kB
SUnreclaim:       234580 kB
KernelStack:       50560 kB
ShadowCallStack:   12680 kB
PageTables:        83916 kB
NFS_Unstable:          0 kB
Bounce:                0 kB
WritebackTmp:          0 kB
CommitLimit:     8677876 kB
Committed_AS:   81209284 kB
VmallocTotal:   263061440 kB
VmallocUsed:      134956 kB
VmallocChunk:          0 kB
Percpu:             2448 kB
CmaTotal:         405504 kB
CmaFree:             188 kB
MemTotal:        7918588 kB
MemFree:          165064 kB
MemAvailable:    1556372 kB
Buffers:            3016 kB
Cached:          1302488 kB
SwapCached:         7828 kB
Active:          4548440 kB
Inactive:         606508 kB
Active(anon):    3868508 kB
Inactive(anon):     1388 kB
Active(file):     679932 kB
Inactive(file):   605120 kB
Unevictable:        6164 kB
Mlocked:            5724 kB
SwapTotal:       4718584 kB
SwapFree:        4028152 kB
Dirty:               132 kB
Writeback:             0 kB
AnonPages:       3851124 kB
Mapped:           647316 kB
Shmem:             15864 kB
KReclaimable:     496480 kB
Slab:             323264 kB
SReclaimable:      88704 kB
SUnreclaim:       234560 kB
KernelStack:       50592 kB
ShadowCallStack:   12668 kB
PageTables:        83804 kB
NFS_Unstable:          0 kB
Bounce:                0 kB
WritebackTmp:          0 kB
CommitLimit:     8677876 kB
Committed_AS:   81343428 kB
VmallocTotal:   263061440 kB
VmallocUsed:      134960 kB
VmallocChunk:          0 kB
Percpu:             2448 kB
CmaTotal:         405504 kB
CmaFree:               0 kB
MemTotal:        7918588 kB
MemFree:          163364 kB
MemAvailable:    1533256 kB
Buffers:            3016 kB
Cached:          1284444 kB
SwapCached:         7828 kB
Active:          4571620 kB
Inactive:         588456 kB
Active(anon):    3891688 kB
Inactive(anon):     1380 kB
Active(file):     679932 kB
Inactive(file):   587076 kB
Unevictable:        6164 kB
Mlocked:            5724 kB
SwapTotal:       4718584 kB
SwapFree:        4028152 kB
Dirty:               140 kB
Writeback:             0 kB
AnonPages:       3874268 kB
Mapped:           647456 kB
Shmem:             15864 kB
KReclaimable:     493108 kB
Slab:             322884 kB
SReclaimable:      88268 kB
SUnreclaim:       234616 kB
KernelStack:       50560 kB
ShadowCallStack:   12660 kB
PageTables:        84368 kB
NFS_Unstable:          0 kB
Bounce:                0 kB
WritebackTmp:          0 kB
CommitLimit:     8677876 kB
Committed_AS:   81392476 kB
VmallocTotal:   263061440 kB
VmallocUsed:      134904 kB
VmallocChunk:          0 kB
Percpu:             2448 kB
CmaTotal:         405504 kB
CmaFree:               0 kB
MemTotal:        7918588 kB
MemFree:          165200 kB
MemAvailable:    1525832 kB
Buffers:            3040 kB
Cached:          1276776 kB
SwapCached:         7828 kB
Active:          4577824 kB
Inactive:         580820 kB
Active(anon):    3897892 kB
Inactive(anon):     1388 kB
Active(file):     679932 kB
Inactive(file):   579432 kB
Unevictable:        6164 kB
Mlocked:            5724 kB
SwapTotal:       4718584 kB
SwapFree:        4028152 kB
Dirty:               184 kB
Writeback:             0 kB
AnonPages:       3880472 kB
Mapped:           647676 kB
Shmem:             15864 kB
KReclaimable:     491492 kB
Slab:             322584 kB
SReclaimable:      87900 kB
SUnreclaim:       234684 kB
KernelStack:       50528 kB
ShadowCallStack:   12656 kB
PageTables:        84336 kB
NFS_Unstable:          0 kB
Bounce:                0 kB
WritebackTmp:          0 kB
CommitLimit:     8677876 kB
Committed_AS:   81408808 kB
VmallocTotal:   263061440 kB
VmallocUsed:      134896 kB
VmallocChunk:          0 kB
Percpu:             2448 kB
CmaTotal:         405504 kB
CmaFree:              32 kB
MemTotal:        7918588 kB
MemFree:          161944 kB
MemAvailable:    1310192 kB
Buffers:            2972 kB
Cached:          1198392 kB
SwapCached:         7828 kB
Active:          4726688 kB
Inactive:         450016 kB
Active(anon):    3994452 kB
Inactive(anon):     1384 kB
Active(file):     732236 kB
Inactive(file):   448632 kB
Unevictable:        6164 kB
Mlocked:            5724 kB
SwapTotal:       4718584 kB
SwapFree:        4028152 kB
Dirty:               184 kB
Writeback:             0 kB
AnonPages:       3977004 kB
Mapped:           626240 kB
Shmem:             15908 kB
KReclaimable:     357604 kB
Slab:             321756 kB
SReclaimable:      86924 kB
SUnreclaim:       234832 kB
KernelStack:       50512 kB
ShadowCallStack:   12688 kB
PageTables:        84824 kB
NFS_Unstable:          0 kB
Bounce:                0 kB
WritebackTmp:          0 kB
CommitLimit:     8677876 kB
Committed_AS:   81540332 kB
VmallocTotal:   263061440 kB
VmallocUsed:      134928 kB
VmallocChunk:          0 kB
Percpu:             2448 kB
CmaTotal:         405504 kB
CmaFree:               0 kB
MemTotal:        7918588 kB
MemFree:          164104 kB
MemAvailable:    1290784 kB
Buffers:            2972 kB
Cached:          1188324 kB
SwapCached:         7828 kB
Active:          4736872 kB
Inactive:         436848 kB
Active(anon):    4001648 kB
Inactive(anon):     1384 kB
Active(file):     735224 kB
Inactive(file):   435464 kB
Unevictable:        6164 kB
Mlocked:            5724 kB
SwapTotal:       4718584 kB
SwapFree:        4028152 kB
Dirty:               236 kB
Writeback:             0 kB
AnonPages:       3984068 kB
