MemTotal:        7918588 kB
MemFree:         3055736 kB
MemAvailable:    4570564 kB
Buffers:            4284 kB
Cached:          1380372 kB
SwapCached:         7772 kB
Active:          1124524 kB
Inactive:         959244 kB
Active(anon):     617012 kB
Inactive(anon):    99752 kB
Active(file):     507512 kB
Inactive(file):   859492 kB
Unevictable:        6604 kB
Mlocked:            6164 kB
SwapTotal:       4718584 kB
SwapFree:        3984760 kB
Dirty:            157256 kB
Writeback:            12 kB
AnonPages:        701968 kB
Mapped:           527688 kB
Shmem:             12732 kB
KReclaimable:     666368 kB
Slab:             318632 kB
SReclaimable:      89820 kB
SUnreclaim:       228812 kB
KernelStack:       48800 kB
ShadowCallStack:   12208 kB
PageTables:        64636 kB
NFS_Unstable:          0 kB
Bounce:                0 kB
WritebackTmp:          0 kB
CommitLimit:     8677876 kB
Committed_AS:   66230140 kB
VmallocTotal:   263061440 kB
VmallocUsed:      132048 kB
VmallocChunk:          0 kB
Percpu:             2448 kB
CmaTotal:         405504 kB
CmaFree:          241940 kB
MemTotal:        7918588 kB
MemFree:         3062512 kB
MemAvailable:    4852236 kB
Buffers:            4320 kB
Cached:          1393504 kB
SwapCached:         7932 kB
Active:          1118408 kB
Inactive:         959808 kB
Active(anon):     598892 kB
Inactive(anon):    99756 kB
Active(file):     519516 kB
Inactive(file):   860052 kB
Unevictable:        6604 kB
Mlocked:            6164 kB
SwapTotal:       4718584 kB
SwapFree:        3986040 kB
Dirty:            156952 kB
Writeback:             0 kB
AnonPages:        683092 kB
Mapped:           560056 kB
Shmem:             13376 kB
KReclaimable:     928700 kB
Slab:             318688 kB
SReclaimable:      89916 kB
SUnreclaim:       228772 kB
KernelStack:       49152 kB
ShadowCallStack:   12316 kB
PageTables:        64960 kB
NFS_Unstable:          0 kB
Bounce:                0 kB
WritebackTmp:          0 kB
CommitLimit:     8677876 kB
Committed_AS:   66269436 kB
VmallocTotal:   263061440 kB
VmallocUsed:      132460 kB
VmallocChunk:          0 kB
Percpu:             2448 kB
CmaTotal:         405504 kB
CmaFree:          241880 kB
MemTotal:        7918588 kB
MemFree:         3061632 kB
MemAvailable:    4713460 kB
Buffers:            4344 kB
Cached:          1394036 kB
SwapCached:         7940 kB
Active:          1117404 kB
Inactive:         959864 kB
Active(anon):     597336 kB
Inactive(anon):    99760 kB
Active(file):     520068 kB
Inactive(file):   860104 kB
Unevictable:        6604 kB
Mlocked:            6164 kB
SwapTotal:       4718584 kB
SwapFree:        3986040 kB
Dirty:            157032 kB
Writeback:             0 kB
AnonPages:        681292 kB
Mapped:           565904 kB
Shmem:             13328 kB
KReclaimable:     790200 kB
Slab:             318892 kB
SReclaimable:      89868 kB
SUnreclaim:       229024 kB
KernelStack:       48992 kB
ShadowCallStack:   12288 kB
PageTables:        64992 kB
NFS_Unstable:          0 kB
Bounce:                0 kB
WritebackTmp:          0 kB
CommitLimit:     8677876 kB
Committed_AS:   66290344 kB
VmallocTotal:   263061440 kB
VmallocUsed:      132328 kB
VmallocChunk:          0 kB
Percpu:             2448 kB
CmaTotal:         405504 kB
CmaFree:          241924 kB
MemTotal:        7918588 kB
MemFree:         3020936 kB
MemAvailable:    4541820 kB
Buffers:            4344 kB
Cached:          1394148 kB
SwapCached:         7940 kB
Active:          1158324 kB
Inactive:         959860 kB
Active(anon):     638248 kB
Inactive(anon):    99756 kB
Active(file):     520076 kB
Inactive(file):   860104 kB
Unevictable:        6604 kB
Mlocked:            6164 kB
SwapTotal:       4718584 kB
SwapFree:        3986040 kB
Dirty:            157052 kB
Writeback:             0 kB
AnonPages:        722128 kB
Mapped:           567344 kB
Shmem:             13432 kB
KReclaimable:     659248 kB
Slab:             319252 kB
SReclaimable:      89884 kB
SUnreclaim:       229368 kB
KernelStack:       49120 kB
ShadowCallStack:   12308 kB
PageTables:        65272 kB
NFS_Unstable:          0 kB
Bounce:                0 kB
WritebackTmp:          0 kB
CommitLimit:     8677876 kB
Committed_AS:   66290736 kB
VmallocTotal:   263061440 kB
VmallocUsed:      132452 kB
VmallocChunk:          0 kB
Percpu:             2448 kB
CmaTotal:         405504 kB
CmaFree:          241924 kB
MemTotal:        7918588 kB
MemFree:         3052440 kB
MemAvailable:    4703420 kB
Buffers:            4344 kB
Cached:          1394212 kB
SwapCached:         7952 kB
Active:          1133180 kB
Inactive:         957632 kB
Active(anon):     613104 kB
Inactive(anon):    97520 kB
Active(file):     520076 kB
Inactive(file):   860112 kB
Unevictable:        6604 kB
Mlocked:            6164 kB
SwapTotal:       4718584 kB
SwapFree:        3997560 kB
Dirty:            157060 kB
Writeback:             0 kB
AnonPages:        694792 kB
Mapped:           567796 kB
Shmem:             13500 kB
KReclaimable:     789336 kB
Slab:             319272 kB
SReclaimable:      89884 kB
SUnreclaim:       229388 kB
KernelStack:       48992 kB
ShadowCallStack:   12300 kB
PageTables:        65116 kB
NFS_Unstable:          0 kB
Bounce:                0 kB
WritebackTmp:          0 kB
CommitLimit:     8677876 kB
Committed_AS:   66290296 kB
VmallocTotal:   263061440 kB
VmallocUsed:      132324 kB
VmallocChunk:          0 kB
Percpu:             2448 kB
CmaTotal:         405504 kB
CmaFree:          243340 kB
MemTotal:        7918588 kB
MemFree:         3060012 kB
MemAvailable:    4731244 kB
Buffers:            4344 kB
Cached:          1394228 kB
SwapCached:         7952 kB
Active:          1127560 kB
Inactive:         956864 kB
Active(anon):     607476 kB
Inactive(anon):    96744 kB
Active(file):     520084 kB
Inactive(file):   860120 kB
Unevictable:        6604 kB
Mlocked:            6164 kB
SwapTotal:       4718584 kB
SwapFree:        3997816 kB
Dirty:            157084 kB
Writeback:             0 kB
AnonPages:        688280 kB
Mapped:           567016 kB
Shmem:             13488 kB
KReclaimable:     809572 kB
Slab:             319052 kB
SReclaimable:      89852 kB
SUnreclaim:       229200 kB
KernelStack:       48832 kB
ShadowCallStack:   12236 kB
PageTables:        65140 kB
NFS_Unstable:          0 kB
Bounce:                0 kB
WritebackTmp:          0 kB
CommitLimit:     8677876 kB
Committed_AS:   66289816 kB
VmallocTotal:   263061440 kB
VmallocUsed:      131832 kB
VmallocChunk:          0 kB
Percpu:             2448 kB
CmaTotal:         405504 kB
CmaFree:          243404 kB
MemTotal:        7918588 kB
MemFree:         3038304 kB
MemAvailable:    4709536 kB
Buffers:            4344 kB
Cached:          1394228 kB
SwapCached:         7952 kB
Active:          1149984 kB
Inactive:         956864 kB
Active(anon):     629900 kB
Inactive(anon):    96744 kB
Active(file):     520084 kB
Inactive(file):   860120 kB
Unevictable:        6604 kB
Mlocked:            6164 kB
SwapTotal:       4718584 kB
SwapFree:        3997816 kB
Dirty:            110244 kB
Writeback:         30456 kB
AnonPages:        710760 kB
Mapped:           568784 kB
Shmem:             13488 kB
KReclaimable:     809572 kB
Slab:             318940 kB
SReclaimable:      89852 kB
SUnreclaim:       229088 kB
KernelStack:       48832 kB
ShadowCallStack:   12236 kB
PageTables:        65180 kB
NFS_Unstable:          0 kB
Bounce:                0 kB
WritebackTmp:          0 kB
CommitLimit:     8677876 kB
Committed_AS:   66310384 kB
VmallocTotal:   263061440 kB
VmallocUsed:      131812 kB
VmallocChunk:          0 kB
Percpu:             2448 kB
CmaTotal:         405504 kB
CmaFree:          243404 kB
MemTotal:        7918588 kB
MemFree:         2870024 kB
MemAvailable:    4508812 kB
Buffers:            4372 kB
Cached:          1394908 kB
SwapCached:         7952 kB
Active:          1317852 kB
Inactive:         956864 kB
Active(anon):     797060 kB
Inactive(anon):    96744 kB
Active(file):     520792 kB
Inactive(file):   860120 kB
Unevictable:        6604 kB
Mlocked:            6164 kB
SwapTotal:       4718584 kB
SwapFree:        3997816 kB
Dirty:             18000 kB
Writeback:             0 kB
AnonPages:        877912 kB
Mapped:           615000 kB
Shmem:             13488 kB
KReclaimable:     776672 kB
Slab:             319116 kB
SReclaimable:      89852 kB
SUnreclaim:       229264 kB
KernelStack:       48816 kB
ShadowCallStack:   12228 kB
PageTables:        65296 kB
NFS_Unstable:          0 kB
Bounce:                0 kB
WritebackTmp:          0 kB
CommitLimit:     8677876 kB
Committed_AS:   66590260 kB
VmallocTotal:   263061440 kB
VmallocUsed:      131812 kB
VmallocChunk:          0 kB
Percpu:             2448 kB
CmaTotal:         405504 kB
CmaFree:          243404 kB
MemTotal:        7918588 kB
MemFree:         2827888 kB
MemAvailable:    4431896 kB
Buffers:            4372 kB
Cached:          1394956 kB
SwapCached:         7952 kB
Active:          1358840 kB
Inactive:         956916 kB
Active(anon):     838048 kB
Inactive(anon):    96748 kB
Active(file):     520792 kB
Inactive(file):   860168 kB
Unevictable:        6604 kB
Mlocked:            6164 kB
SwapTotal:       4718584 kB
SwapFree:        3997816 kB
Dirty:             18016 kB
Writeback:             0 kB
AnonPages:        918960 kB
Mapped:           654756 kB
Shmem:             13488 kB
KReclaimable:     741592 kB
Slab:             319392 kB
SReclaimable:      89852 kB
SUnreclaim:       229540 kB
KernelStack:       48880 kB
ShadowCallStack:   12256 kB
PageTables:        66008 kB
NFS_Unstable:          0 kB
Bounce:                0 kB
WritebackTmp:          0 kB
CommitLimit:     8677876 kB
Committed_AS:   66668644 kB
VmallocTotal:   263061440 kB
VmallocUsed:      131876 kB
VmallocChunk:          0 kB
Percpu:             2448 kB
CmaTotal:         405504 kB
CmaFree:          243404 kB
MemTotal:        7918588 kB
MemFree:         2741560 kB
MemAvailable:    4316484 kB
Buffers:            4400 kB
Cached:          1413492 kB
SwapCached:         7968 kB
Active:          1444800 kB
Inactive:         957040 kB
Active(anon):     905576 kB
Inactive(anon):    96752 kB
Active(file):     539224 kB
Inactive(file):   860288 kB
Unevictable:        6604 kB
Mlocked:            6164 kB
SwapTotal:       4718584 kB
SwapFree:        3997816 kB
Dirty:             18048 kB
Writeback:             0 kB
AnonPages:        986628 kB
Mapped:           690196 kB
Shmem:             13500 kB
KReclaimable:     693956 kB
Slab:             319572 kB
SReclaimable:      89860 kB
SUnreclaim:       229712 kB
KernelStack:       48912 kB
ShadowCallStack:   12260 kB
PageTables:        66136 kB
NFS_Unstable:          0 kB
Bounce:                0 kB
WritebackTmp:          0 kB
CommitLimit:     8677876 kB
Committed_AS:   66825424 kB
VmallocTotal:   263061440 kB
VmallocUsed:      131896 kB
VmallocChunk:          0 kB
Percpu:             2448 kB
CmaTotal:         405504 kB
CmaFree:          243404 kB
MemTotal:        7918588 kB
MemFree:         2643940 kB
MemAvailable:    4216648 kB
Buffers:            4400 kB
Cached:          1413492 kB
SwapCached:         7968 kB
Active:          1542584 kB
Inactive:         957024 kB
Active(anon):    1003360 kB
Inactive(anon):    96736 kB
Active(file):     539224 kB
Inactive(file):   860288 kB
Unevictable:        6604 kB
Mlocked:            6164 kB
SwapTotal:       4718584 kB
SwapFree:        3997816 kB
Dirty:             18124 kB
Writeback:             0 kB
AnonPages:       1084172 kB
Mapped:           691620 kB
Shmem:             13500 kB
KReclaimable:     691740 kB
Slab:             319700 kB
SReclaimable:      89860 kB
SUnreclaim:       229840 kB
KernelStack:       48880 kB
ShadowCallStack:   12248 kB
PageTables:        66804 kB
NFS_Unstable:          0 kB
Bounce:                0 kB
WritebackTmp:          0 kB
CommitLimit:     8677876 kB
Committed_AS:   67087568 kB
VmallocTotal:   263061440 kB
VmallocUsed:      131908 kB
VmallocChunk:          0 kB
Percpu:             2448 kB
CmaTotal:         405504 kB
CmaFree:          243404 kB
MemTotal:        7918588 kB
MemFree:         2564328 kB
MemAvailable:    4135940 kB
Buffers:            4400 kB
Cached:          1413496 kB
SwapCached:         7968 kB
Active:          1620612 kB
Inactive:         957040 kB
Active(anon):    1081388 kB
Inactive(anon):    96752 kB
Active(file):     539224 kB
Inactive(file):   860288 kB
Unevictable:        6604 kB
Mlocked:            6164 kB
SwapTotal:       4718584 kB
SwapFree:        3998328 kB
Dirty:             18124 kB
Writeback:             0 kB
AnonPages:       1162312 kB
Mapped:           692532 kB
Shmem:             13504 kB
KReclaimable:     690644 kB
Slab:             319672 kB
SReclaimable:      89860 kB
SUnreclaim:       229812 kB
KernelStack:       48880 kB
ShadowCallStack:   12236 kB
PageTables:        67204 kB
NFS_Unstable:          0 kB
Bounce:                0 kB
WritebackTmp:          0 kB
CommitLimit:     8677876 kB
Committed_AS:   67300576 kB
VmallocTotal:   263061440 kB
VmallocUsed:      131876 kB
VmallocChunk:          0 kB
Percpu:             2448 kB
CmaTotal:         405504 kB
CmaFree:          243404 kB
MemTotal:        7918588 kB
MemFree:         2459368 kB
MemAvailable:    4021156 kB
Buffers:            4544 kB
Cached:          1413532 kB
SwapCached:         7968 kB
Active:          1726524 kB
Inactive:         957196 kB
Active(anon):    1187300 kB
Inactive(anon):    96736 kB
Active(file):     539224 kB
Inactive(file):   860460 kB
Unevictable:        6604 kB
Mlocked:            6164 kB
SwapTotal:       4718584 kB
SwapFree:        3998328 kB
Dirty:             18136 kB
Writeback:             0 kB
AnonPages:       1268072 kB
Mapped:           693516 kB
Shmem:             13512 kB
KReclaimable:     680648 kB
Slab:             319856 kB
SReclaimable:      89860 kB
SUnreclaim:       229996 kB
KernelStack:       48848 kB
ShadowCallStack:   12244 kB
PageTables:        67784 kB
NFS_Unstable:          0 kB
Bounce:                0 kB
WritebackTmp:          0 kB
CommitLimit:     8677876 kB
Committed_AS:   67579048 kB
VmallocTotal:   263061440 kB
VmallocUsed:      131868 kB
VmallocChunk:          0 kB
Percpu:             2448 kB
CmaTotal:         405504 kB
CmaFree:          243404 kB
MemTotal:        7918588 kB
MemFree:         2368048 kB
MemAvailable:    3928824 kB
Buffers:            4552 kB
Cached:          1413544 kB
SwapCached:         7968 kB
Active:          1815620 kB
Inactive:         957228 kB
Active(anon):    1276396 kB
Inactive(anon):    96748 kB
Active(file):     539224 kB
Inactive(file):   860480 kB
Unevictable:        6604 kB
Mlocked:            6164 kB
SwapTotal:       4718584 kB
SwapFree:        3998328 kB
Dirty:             18156 kB
Writeback:             0 kB
AnonPages:       1357224 kB
Mapped:           694232 kB
Shmem:             13512 kB
KReclaimable:     679616 kB
Slab:             319712 kB
SReclaimable:      89860 kB
SUnreclaim:       229852 kB
KernelStack:       48816 kB
ShadowCallStack:   12236 kB
PageTables:        68088 kB
NFS_Unstable:          0 kB
Bounce:                0 kB
WritebackTmp:          0 kB
CommitLimit:     8677876 kB
Committed_AS:   67791996 kB
VmallocTotal:   263061440 kB
VmallocUsed:      131848 kB
VmallocChunk:          0 kB
Percpu:             2448 kB
CmaTotal:         405504 kB
CmaFree:          243404 kB
MemTotal:        7918588 kB
MemFree:         2274788 kB
MemAvailable:    3834260 kB
Buffers:            4552 kB
Cached:          1413568 kB
SwapCached:         7968 kB
Active:          1908100 kB
Inactive:         957232 kB
Active(anon):    1368876 kB
Inactive(anon):    96736 kB
Active(file):     539224 kB
Inactive(file):   860496 kB
Unevictable:        6604 kB
Mlocked:            6164 kB
SwapTotal:       4718584 kB
SwapFree:        3999352 kB
Dirty:             18228 kB
Writeback:             0 kB
AnonPages:       1449680 kB
Mapped:           695136 kB
Shmem:             13520 kB
KReclaimable:     678296 kB
Slab:             319752 kB
SReclaimable:      89844 kB
SUnreclaim:       229908 kB
KernelStack:       48848 kB
ShadowCallStack:   12240 kB
PageTables:        68728 kB
NFS_Unstable:          0 kB
Bounce:                0 kB
WritebackTmp:          0 kB
CommitLimit:     8677876 kB
Committed_AS:   68025440 kB
VmallocTotal:   263061440 kB
VmallocUsed:      131848 kB
VmallocChunk:          0 kB
Percpu:             2448 kB
CmaTotal:         405504 kB
CmaFree:          243404 kB
MemTotal:        7918588 kB
MemFree:         2178856 kB
MemAvailable:    3736968 kB
Buffers:            4552 kB
Cached:          1413576 kB
SwapCached:         7968 kB
Active:          2005004 kB
Inactive:         957236 kB
Active(anon):    1465780 kB
Inactive(anon):    96740 kB
Active(file):     539224 kB
Inactive(file):   860496 kB
Unevictable:        6604 kB
Mlocked:            6164 kB
SwapTotal:       4718584 kB
SwapFree:        3999352 kB
Dirty:             18228 kB
Writeback:             0 kB
AnonPages:       1546404 kB
Mapped:           695984 kB
Shmem:             13528 kB
KReclaimable:     676936 kB
Slab:             319588 kB
SReclaimable:      89844 kB
SUnreclaim:       229744 kB
KernelStack:       48816 kB
ShadowCallStack:   12248 kB
PageTables:        68984 kB
NFS_Unstable:          0 kB
Bounce:                0 kB
WritebackTmp:          0 kB
CommitLimit:     8677876 kB
Committed_AS:   68256100 kB
VmallocTotal:   263061440 kB
VmallocUsed:      131832 kB
VmallocChunk:          0 kB
Percpu:             2448 kB
CmaTotal:         405504 kB
CmaFree:          243404 kB
MemTotal:        7918588 kB
MemFree:         2087484 kB
MemAvailable:    3644524 kB
Buffers:            4552 kB
Cached:          1413516 kB
SwapCached:         7968 kB
Active:          2096020 kB
Inactive:         956868 kB
Active(anon):    1556796 kB
Inactive(anon):    96372 kB
Active(file):     539224 kB
Inactive(file):   860496 kB
Unevictable:        6604 kB
Mlocked:            6164 kB
SwapTotal:       4718584 kB
SwapFree:        3999352 kB
Dirty:             18228 kB
Writeback:             0 kB
AnonPages:       1637356 kB
Mapped:           696868 kB
Shmem:             13468 kB
KReclaimable:     675864 kB
Slab:             319620 kB
SReclaimable:      89844 kB
SUnreclaim:       229776 kB
KernelStack:       48880 kB
ShadowCallStack:   12236 kB
PageTables:        69684 kB
NFS_Unstable:          0 kB
Bounce:                0 kB
WritebackTmp:          0 kB
CommitLimit:     8677876 kB
Committed_AS:   68485412 kB
VmallocTotal:   263061440 kB
VmallocUsed:      131836 kB
VmallocChunk:          0 kB
Percpu:             2448 kB
CmaTotal:         405504 kB
CmaFree:          243404 kB
MemTotal:        7918588 kB
MemFree:         1995380 kB
MemAvailable:    3551140 kB
Buffers:            4584 kB
Cached:          1413492 kB
SwapCached:         7968 kB
Active:          2188296 kB
Inactive:         956868 kB
Active(anon):    1649072 kB
Inactive(anon):    96372 kB
Active(file):     539224 kB
Inactive(file):   860496 kB
Unevictable:        6604 kB
Mlocked:            6164 kB
SwapTotal:       4718584 kB
SwapFree:        3999352 kB
Dirty:             18228 kB
Writeback:            20 kB
AnonPages:       1729632 kB
Mapped:           697708 kB
Shmem:             13476 kB
KReclaimable:     674584 kB
Slab:             319588 kB
SReclaimable:      89844 kB
SUnreclaim:       229744 kB
KernelStack:       48800 kB
ShadowCallStack:   12232 kB
PageTables:        69944 kB
NFS_Unstable:          0 kB
Bounce:                0 kB
WritebackTmp:          0 kB
CommitLimit:     8677876 kB
Committed_AS:   68714796 kB
VmallocTotal:   263061440 kB
VmallocUsed:      131848 kB
VmallocChunk:          0 kB
Percpu:             2448 kB
CmaTotal:         405504 kB
CmaFree:          243404 kB
MemTotal:        7918588 kB
MemFree:         1904612 kB
MemAvailable:    3459268 kB
Buffers:            4584 kB
Cached:          1413524 kB
SwapCached:         7968 kB
Active:          2278332 kB
Inactive:         956900 kB
Active(anon):    1739108 kB
Inactive(anon):    96372 kB
Active(file):     539224 kB
Inactive(file):   860528 kB
Unevictable:        6604 kB
Mlocked:            6164 kB
SwapTotal:       4718584 kB
SwapFree:        3999352 kB
Dirty:             18228 kB
Writeback:             0 kB
AnonPages:       1819668 kB
Mapped:           698448 kB
Shmem:             13476 kB
KReclaimable:     673448 kB
Slab:             319840 kB
SReclaimable:      89844 kB
SUnreclaim:       229996 kB
KernelStack:       48880 kB
ShadowCallStack:   12244 kB
PageTables:        70492 kB
NFS_Unstable:          0 kB
Bounce:                0 kB
WritebackTmp:          0 kB
CommitLimit:     8677876 kB
Committed_AS:   68927788 kB
VmallocTotal:   263061440 kB
VmallocUsed:      131852 kB
VmallocChunk:          0 kB
Percpu:             2448 kB
CmaTotal:         405504 kB
CmaFree:          243404 kB
MemTotal:        7918588 kB
MemFree:         1825016 kB
MemAvailable:    3378920 kB
Buffers:            4584 kB
Cached:          1413524 kB
SwapCached:         7968 kB
Active:          2357540 kB
Inactive:         956896 kB
Active(anon):    1818316 kB
Inactive(anon):    96368 kB
Active(file):     539224 kB
Inactive(file):   860528 kB
Unevictable:        6604 kB
Mlocked:            6164 kB
SwapTotal:       4718584 kB
SwapFree:        3999352 kB
Dirty:             18228 kB
Writeback:             0 kB
AnonPages:       1898808 kB
Mapped:           699000 kB
Shmem:             13476 kB
KReclaimable:     672696 kB
Slab:             319800 kB
SReclaimable:      89844 kB
SUnreclaim:       229956 kB
KernelStack:       48848 kB
ShadowCallStack:   12244 kB
PageTables:        70768 kB
NFS_Unstable:          0 kB
Bounce:                0 kB
WritebackTmp:          0 kB
CommitLimit:     8677876 kB
Committed_AS:   69124396 kB
VmallocTotal:   263061440 kB
VmallocUsed:      131852 kB
VmallocChunk:          0 kB
Percpu:             2448 kB
CmaTotal:         405504 kB
CmaFree:          243404 kB
MemTotal:        7918588 kB
MemFree:         1725900 kB
MemAvailable:    3278252 kB
Buffers:            4584 kB
Cached:          1413540 kB
SwapCached:         7968 kB
Active:          2455548 kB
Inactive:         956900 kB
Active(anon):    1916324 kB
Inactive(anon):    96364 kB
Active(file):     539224 kB
Inactive(file):   860536 kB
Unevictable:        6604 kB
Mlocked:            6164 kB
SwapTotal:       4718584 kB
SwapFree:        3999352 kB
Dirty:             18236 kB
Writeback:             0 kB
AnonPages:       1996652 kB
Mapped:           699880 kB
Shmem:             13484 kB
KReclaimable:     671136 kB
Slab:             319904 kB
SReclaimable:      89844 kB
SUnreclaim:       230060 kB
KernelStack:       48832 kB
ShadowCallStack:   12232 kB
PageTables:        71420 kB
NFS_Unstable:          0 kB
Bounce:                0 kB
WritebackTmp:          0 kB
CommitLimit:     8677876 kB
Committed_AS:   69370164 kB
VmallocTotal:   263061440 kB
VmallocUsed:      131844 kB
VmallocChunk:          0 kB
Percpu:             2448 kB
CmaTotal:         405504 kB
CmaFree:          243404 kB
MemTotal:        7918588 kB
MemFree:         1661404 kB
MemAvailable:    3213212 kB
Buffers:            4584 kB
Cached:          1413552 kB
SwapCached:         7968 kB
Active:          2519908 kB
Inactive:         956904 kB
Active(anon):    1980684 kB
Inactive(anon):    96360 kB
Active(file):     539224 kB
Inactive(file):   860544 kB
Unevictable:        6604 kB
Mlocked:            6164 kB
SwapTotal:       4718584 kB
SwapFree:        3999352 kB
Dirty:             18248 kB
Writeback:             0 kB
AnonPages:       2061172 kB
Mapped:           700520 kB
Shmem:             13488 kB
KReclaimable:     670584 kB
Slab:             319904 kB
SReclaimable:      89844 kB
SUnreclaim:       230060 kB
KernelStack:       48864 kB
ShadowCallStack:   12240 kB
PageTables:        71704 kB
NFS_Unstable:          0 kB
Bounce:                0 kB
WritebackTmp:          0 kB
CommitLimit:     8677876 kB
Committed_AS:   69517624 kB
VmallocTotal:   263061440 kB
VmallocUsed:      131848 kB
VmallocChunk:          0 kB
Percpu:             2448 kB
CmaTotal:         405504 kB
CmaFree:          243360 kB
MemTotal:        7918588 kB
MemFree:         1592216 kB
MemAvailable:    3143240 kB
Buffers:            4584 kB
Cached:          1413552 kB
SwapCached:         7968 kB
Active:          2588616 kB
Inactive:         956896 kB
Active(anon):    2049392 kB
Inactive(anon):    96352 kB
Active(file):     539224 kB
Inactive(file):   860544 kB
Unevictable:        6604 kB
Mlocked:            6164 kB
SwapTotal:       4718584 kB
SwapFree:        3999352 kB
Dirty:             18248 kB
Writeback:             8 kB
AnonPages:       2129888 kB
Mapped:           701216 kB
Shmem:             13488 kB
KReclaimable:     669800 kB
Slab:             319856 kB
SReclaimable:      89844 kB
SUnreclaim:       230012 kB
KernelStack:       48832 kB
ShadowCallStack:   12224 kB
PageTables:        71928 kB
NFS_Unstable:          0 kB
Bounce:                0 kB
WritebackTmp:          0 kB
CommitLimit:     8677876 kB
Committed_AS:   69697796 kB
VmallocTotal:   263061440 kB
VmallocUsed:      131828 kB
VmallocChunk:          0 kB
Percpu:             2448 kB
CmaTotal:         405504 kB
CmaFree:          243404 kB
MemTotal:        7918588 kB
MemFree:         1504480 kB
MemAvailable:    3054080 kB
Buffers:            4592 kB
Cached:          1413552 kB
SwapCached:         7968 kB
Active:          2676952 kB
Inactive:         956900 kB
Active(anon):    2137728 kB
Inactive(anon):    96348 kB
Active(file):     539224 kB
Inactive(file):   860552 kB
Unevictable:        6604 kB
Mlocked:            6164 kB
SwapTotal:       4718584 kB
SwapFree:        3999352 kB
Dirty:             18248 kB
Writeback:             0 kB
AnonPages:       2218212 kB
Mapped:           701948 kB
Shmem:             13488 kB
KReclaimable:     668368 kB
Slab:             320140 kB
SReclaimable:      89844 kB
SUnreclaim:       230296 kB
KernelStack:       48832 kB
ShadowCallStack:   12236 kB
PageTables:        72480 kB
NFS_Unstable:          0 kB
Bounce:                0 kB
WritebackTmp:          0 kB
CommitLimit:     8677876 kB
Committed_AS:   69927172 kB
VmallocTotal:   263061440 kB
VmallocUsed:      131812 kB
VmallocChunk:          0 kB
Percpu:             2448 kB
CmaTotal:         405504 kB
CmaFree:          243404 kB
MemTotal:        7918588 kB
MemFree:         1401616 kB
MemAvailable:    2828824 kB
Buffers:            4592 kB
Cached:          1413604 kB
SwapCached:         7968 kB
Active:          2779008 kB
Inactive:         956904 kB
Active(anon):    2239784 kB
Inactive(anon):    96352 kB
Active(file):     539224 kB
Inactive(file):   860552 kB
Unevictable:        6604 kB
Mlocked:            6164 kB
SwapTotal:       4718584 kB
SwapFree:        3999608 kB
Dirty:             18248 kB
Writeback:             0 kB
AnonPages:       2320116 kB
Mapped:           703028 kB
Shmem:             13540 kB
KReclaimable:     545976 kB
Slab:             319996 kB
SReclaimable:      89844 kB
SUnreclaim:       230152 kB
KernelStack:       48912 kB
ShadowCallStack:   12236 kB
PageTables:        72652 kB
NFS_Unstable:          0 kB
Bounce:                0 kB
WritebackTmp:          0 kB
CommitLimit:     8677876 kB
Committed_AS:   70058652 kB
VmallocTotal:   263061440 kB
VmallocUsed:      131972 kB
VmallocChunk:          0 kB
Percpu:             2448 kB
CmaTotal:         405504 kB
CmaFree:          243404 kB
MemTotal:        7918588 kB
MemFree:         1319424 kB
MemAvailable:    2736736 kB
Buffers:            4592 kB
Cached:          1413740 kB
SwapCached:         7968 kB
Active:          2858860 kB
Inactive:         956904 kB
Active(anon):    2319636 kB
Inactive(anon):    96344 kB
Active(file):     539224 kB
Inactive(file):   860560 kB
Unevictable:        6604 kB
Mlocked:            6164 kB
SwapTotal:       4718584 kB
SwapFree:        3999608 kB
Dirty:             18256 kB
Writeback:             0 kB
AnonPages:       2399896 kB
Mapped:           704052 kB
Shmem:             13668 kB
KReclaimable:     536072 kB
Slab:             320516 kB
SReclaimable:      89844 kB
SUnreclaim:       230672 kB
KernelStack:       48944 kB
ShadowCallStack:   12264 kB
PageTables:        73068 kB
NFS_Unstable:          0 kB
Bounce:                0 kB
WritebackTmp:          0 kB
CommitLimit:     8677876 kB
Committed_AS:   70255220 kB
VmallocTotal:   263061440 kB
VmallocUsed:      132004 kB
VmallocChunk:          0 kB
Percpu:             2448 kB
CmaTotal:         405504 kB
CmaFree:          243404 kB
MemTotal:        7918588 kB
MemFree:         1315868 kB
MemAvailable:    2862996 kB
Buffers:            4592 kB
Cached:          1413584 kB
SwapCached:         7968 kB
Active:          2864204 kB
Inactive:         956912 kB
Active(anon):    2324980 kB
Inactive(anon):    96352 kB
Active(file):     539224 kB
Inactive(file):   860560 kB
Unevictable:        6604 kB
Mlocked:            6164 kB
SwapTotal:       4718584 kB
SwapFree:        3999608 kB
Dirty:             18256 kB
Writeback:             0 kB
AnonPages:       2405396 kB
Mapped:           703644 kB
Shmem:             13512 kB
KReclaimable:     665888 kB
Slab:             320244 kB
SReclaimable:      89844 kB
SUnreclaim:       230400 kB
KernelStack:       48816 kB
ShadowCallStack:   12228 kB
PageTables:        73080 kB
NFS_Unstable:          0 kB
Bounce:                0 kB
WritebackTmp:          0 kB
CommitLimit:     8677876 kB
Committed_AS:   70337816 kB
VmallocTotal:   263061440 kB
VmallocUsed:      131796 kB
VmallocChunk:          0 kB
Percpu:             2448 kB
CmaTotal:         405504 kB
CmaFree:          243404 kB
MemTotal:        7918588 kB
MemFree:         1266436 kB
MemAvailable:    2813240 kB
Buffers:            4616 kB
Cached:          1413592 kB
SwapCached:         7968 kB
Active:          2913548 kB
Inactive:         956928 kB
Active(anon):    2374324 kB
Inactive(anon):    96340 kB
Active(file):     539224 kB
Inactive(file):   860588 kB
Unevictable:        6604 kB
Mlocked:            6164 kB
SwapTotal:       4718584 kB
SwapFree:        3999608 kB
Dirty:             17368 kB
Writeback:             4 kB
AnonPages:       2454804 kB
Mapped:           703784 kB
Shmem:             13516 kB
KReclaimable:     665536 kB
Slab:             320424 kB
SReclaimable:      89844 kB
SUnreclaim:       230580 kB
KernelStack:       48784 kB
ShadowCallStack:   12236 kB
PageTables:        73184 kB
NFS_Unstable:          0 kB
Bounce:                0 kB
WritebackTmp:          0 kB
CommitLimit:     8677876 kB
Committed_AS:   70468892 kB
VmallocTotal:   263061440 kB
VmallocUsed:      131812 kB
VmallocChunk:          0 kB
Percpu:             2448 kB
CmaTotal:         405504 kB
CmaFree:          243404 kB
MemTotal:        7918588 kB
MemFree:         1198072 kB
MemAvailable:    2743880 kB
Buffers:            4624 kB
Cached:          1413588 kB
SwapCached:         7968 kB
Active:          2981096 kB
Inactive:         956944 kB
Active(anon):    2441872 kB
Inactive(anon):    96352 kB
Active(file):     539224 kB
Inactive(file):   860592 kB
Unevictable:        6604 kB
Mlocked:            6164 kB
SwapTotal:       4718584 kB
SwapFree:        3999608 kB
Dirty:             17316 kB
Writeback:             0 kB
AnonPages:       2522304 kB
Mapped:           704468 kB
Shmem:             13516 kB
KReclaimable:     664536 kB
Slab:             320508 kB
SReclaimable:      89844 kB
SUnreclaim:       230664 kB
KernelStack:       48832 kB
ShadowCallStack:   12236 kB
PageTables:        73784 kB
NFS_Unstable:          0 kB
Bounce:                0 kB
WritebackTmp:          0 kB
CommitLimit:     8677876 kB
Committed_AS:   70616344 kB
VmallocTotal:   263061440 kB
VmallocUsed:      131812 kB
VmallocChunk:          0 kB
Percpu:             2448 kB
CmaTotal:         405504 kB
CmaFree:          243404 kB
MemTotal:        7918588 kB
MemFree:         1152468 kB
MemAvailable:    2697684 kB
Buffers:            4624 kB
Cached:          1413596 kB
SwapCached:         7968 kB
Active:          3026364 kB
Inactive:         956952 kB
Active(anon):    2487140 kB
Inactive(anon):    96352 kB
Active(file):     539224 kB
Inactive(file):   860600 kB
Unevictable:        6604 kB
Mlocked:            6164 kB
SwapTotal:       4718584 kB
SwapFree:        3999608 kB
Dirty:             17324 kB
Writeback:             0 kB
AnonPages:       2567628 kB
Mapped:           704916 kB
Shmem:             13516 kB
KReclaimable:     663936 kB
Slab:             320412 kB
SReclaimable:      89844 kB
SUnreclaim:       230568 kB
KernelStack:       48816 kB
ShadowCallStack:   12240 kB
PageTables:        73840 kB
NFS_Unstable:          0 kB
Bounce:                0 kB
WritebackTmp:          0 kB
CommitLimit:     8677876 kB
Committed_AS:   70714648 kB
VmallocTotal:   263061440 kB
VmallocUsed:      131828 kB
VmallocChunk:          0 kB
Percpu:             2448 kB
CmaTotal:         405504 kB
CmaFree:          243404 kB
MemTotal:        7918588 kB
MemFree:         1093264 kB
MemAvailable:    2637792 kB
Buffers:            4624 kB
Cached:          1413596 kB
SwapCached:         7968 kB
Active:          3086404 kB
Inactive:         956940 kB
Active(anon):    2547180 kB
Inactive(anon):    96340 kB
Active(file):     539224 kB
Inactive(file):   860600 kB
Unevictable:        6604 kB
Mlocked:            6164 kB
SwapTotal:       4718584 kB
SwapFree:        3999608 kB
Dirty:             17324 kB
Writeback:             0 kB
AnonPages:       2627740 kB
Mapped:           705512 kB
Shmem:             13516 kB
KReclaimable:     663248 kB
Slab:             320536 kB
SReclaimable:      89844 kB
SUnreclaim:       230692 kB
KernelStack:       48688 kB
ShadowCallStack:   12220 kB
PageTables:        74132 kB
NFS_Unstable:          0 kB
Bounce:                0 kB
WritebackTmp:          0 kB
CommitLimit:     8677876 kB
Committed_AS:   70861688 kB
VmallocTotal:   263061440 kB
VmallocUsed:      131668 kB
VmallocChunk:          0 kB
Percpu:             2448 kB
CmaTotal:         405504 kB
CmaFree:          233208 kB
MemTotal:        7918588 kB
MemFree:         1035892 kB
MemAvailable:    2579340 kB
Buffers:            4624 kB
Cached:          1413600 kB
SwapCached:         7968 kB
Active:          3143164 kB
Inactive:         956948 kB
Active(anon):    2603940 kB
Inactive(anon):    96348 kB
Active(file):     539224 kB
Inactive(file):   860600 kB
Unevictable:        6604 kB
Mlocked:            6164 kB
SwapTotal:       4718584 kB
SwapFree:        3999608 kB
Dirty:             17340 kB
Writeback:             0 kB
AnonPages:       2684340 kB
Mapped:           705928 kB
Shmem:             13520 kB
KReclaimable:     662168 kB
Slab:             320568 kB
SReclaimable:      89860 kB
SUnreclaim:       230708 kB
KernelStack:       48640 kB
ShadowCallStack:   12184 kB
PageTables:        74592 kB
NFS_Unstable:          0 kB
Bounce:                0 kB
WritebackTmp:          0 kB
CommitLimit:     8677876 kB
Committed_AS:   70992512 kB
VmallocTotal:   263061440 kB
VmallocUsed:      131572 kB
VmallocChunk:          0 kB
Percpu:             2448 kB
CmaTotal:         405504 kB
CmaFree:          176644 kB
MemTotal:        7918588 kB
MemFree:         1010672 kB
MemAvailable:    2553940 kB
Buffers:            4628 kB
Cached:          1413608 kB
SwapCached:         7968 kB
Active:          3169452 kB
Inactive:         956968 kB
Active(anon):    2630228 kB
Inactive(anon):    96356 kB
Active(file):     539224 kB
Inactive(file):   860612 kB
Unevictable:        6604 kB
Mlocked:            6164 kB
SwapTotal:       4718584 kB
SwapFree:        3999608 kB
Dirty:               196 kB
Writeback:             0 kB
AnonPages:       2710556 kB
Mapped:           706124 kB
Shmem:             13520 kB
KReclaimable:     661976 kB
Slab:             320508 kB
SReclaimable:      89860 kB
SUnreclaim:       230648 kB
KernelStack:       48608 kB
ShadowCallStack:   12176 kB
PageTables:        74764 kB
NFS_Unstable:          0 kB
Bounce:                0 kB
WritebackTmp:          0 kB
CommitLimit:     8677876 kB
Committed_AS:   71025232 kB
VmallocTotal:   263061440 kB
VmallocUsed:      131548 kB
VmallocChunk:          0 kB
Percpu:             2448 kB
CmaTotal:         405504 kB
CmaFree:          151032 kB
MemTotal:        7918588 kB
MemFree:          923664 kB
MemAvailable:    2465676 kB
Buffers:            4636 kB
Cached:          1413604 kB
SwapCached:         7968 kB
Active:          3255296 kB
Inactive:         956956 kB
Active(anon):    2716072 kB
Inactive(anon):    96344 kB
Active(file):     539224 kB
Inactive(file):   860612 kB
Unevictable:        6604 kB
Mlocked:            6164 kB
SwapTotal:       4718584 kB
SwapFree:        3999608 kB
Dirty:               232 kB
Writeback:             0 kB
AnonPages:       2796632 kB
Mapped:           706796 kB
Shmem:             13524 kB
KReclaimable:     660720 kB
Slab:             320568 kB
SReclaimable:      89860 kB
SUnreclaim:       230708 kB
KernelStack:       48640 kB
ShadowCallStack:   12192 kB
PageTables:        74828 kB
NFS_Unstable:          0 kB
Bounce:                0 kB
WritebackTmp:          0 kB
CommitLimit:     8677876 kB
Committed_AS:   71221840 kB
VmallocTotal:   263061440 kB
VmallocUsed:      131568 kB
VmallocChunk:          0 kB
Percpu:             2448 kB
CmaTotal:         405504 kB
CmaFree:           64820 kB
MemTotal:        7918588 kB
MemFree:          877036 kB
MemAvailable:    2418536 kB
Buffers:            4636 kB
Cached:          1413624 kB
SwapCached:         7968 kB
Active:          3301192 kB
Inactive:         956976 kB
Active(anon):    2761968 kB
Inactive(anon):    96348 kB
Active(file):     539224 kB
Inactive(file):   860628 kB
Unevictable:        6604 kB
Mlocked:            6164 kB
SwapTotal:       4718584 kB
SwapFree:        3999608 kB
Dirty:               252 kB
Writeback:             0 kB
AnonPages:       2842408 kB
Mapped:           707332 kB
Shmem:             13528 kB
KReclaimable:     660192 kB
Slab:             320600 kB
SReclaimable:      89860 kB
SUnreclaim:       230740 kB
KernelStack:       48592 kB
ShadowCallStack:   12184 kB
PageTables:        75188 kB
NFS_Unstable:          0 kB
Bounce:                0 kB
WritebackTmp:          0 kB
CommitLimit:     8677876 kB
Committed_AS:   71320148 kB
VmallocTotal:   263061440 kB
VmallocUsed:      131552 kB
VmallocChunk:          0 kB
Percpu:             2448 kB
CmaTotal:         405504 kB
CmaFree:           18392 kB
MemTotal:        7918588 kB
MemFree:          834440 kB
MemAvailable:    2375628 kB
Buffers:            4636 kB
Cached:          1413624 kB
SwapCached:         7968 kB
Active:          3344784 kB
Inactive:         956944 kB
Active(anon):    2805560 kB
Inactive(anon):    96316 kB
Active(file):     539224 kB
Inactive(file):   860628 kB
Unevictable:        6604 kB
Mlocked:            6164 kB
SwapTotal:       4718584 kB
SwapFree:        3999608 kB
Dirty:               272 kB
Writeback:             0 kB
AnonPages:       2886056 kB
Mapped:           707700 kB
Shmem:             13528 kB
KReclaimable:     659880 kB
Slab:             320556 kB
SReclaimable:      89860 kB
SUnreclaim:       230696 kB
KernelStack:       48496 kB
ShadowCallStack:   12148 kB
PageTables:        75412 kB
NFS_Unstable:          0 kB
Bounce:                0 kB
WritebackTmp:          0 kB
CommitLimit:     8677876 kB
Committed_AS:   71434576 kB
VmallocTotal:   263061440 kB
VmallocUsed:      131452 kB
VmallocChunk:          0 kB
Percpu:             2448 kB
CmaTotal:         405504 kB
CmaFree:               0 kB
MemTotal:        7918588 kB
MemFree:          771384 kB
MemAvailable:    2311564 kB
Buffers:            4636 kB
Cached:          1413624 kB
SwapCached:         7968 kB
Active:          3407960 kB
Inactive:         956956 kB
Active(anon):    2868736 kB
Inactive(anon):    96328 kB
Active(file):     539224 kB
Inactive(file):   860628 kB
Unevictable:        6604 kB
Mlocked:            6164 kB
SwapTotal:       4718584 kB
SwapFree:        3999608 kB
Dirty:               276 kB
Writeback:             0 kB
AnonPages:       2949008 kB
Mapped:           708356 kB
Shmem:             13528 kB
KReclaimable:     658872 kB
Slab:             320564 kB
SReclaimable:      89860 kB
SUnreclaim:       230704 kB
KernelStack:       48496 kB
ShadowCallStack:   12152 kB
PageTables:        75652 kB
NFS_Unstable:          0 kB
Bounce:                0 kB
WritebackTmp:          0 kB
CommitLimit:     8677876 kB
Committed_AS:   71581928 kB
VmallocTotal:   263061440 kB
VmallocUsed:      131408 kB
VmallocChunk:          0 kB
Percpu:             2448 kB
CmaTotal:         405504 kB
CmaFree:               0 kB
MemTotal:        7918588 kB
MemFree:          728564 kB
MemAvailable:    2268256 kB
Buffers:            4660 kB
Cached:          1413632 kB
SwapCached:         7968 kB
Active:          3449300 kB
Inactive:         956976 kB
Active(anon):    2910076 kB
Inactive(anon):    96324 kB
Active(file):     539224 kB
Inactive(file):   860652 kB
Unevictable:        6604 kB
Mlocked:            6164 kB
SwapTotal:       4718584 kB
SwapFree:        3999608 kB
Dirty:               368 kB
Writeback:             0 kB
AnonPages:       2990340 kB
Mapped:           708732 kB
Shmem:             13536 kB
KReclaimable:     658360 kB
Slab:             320684 kB
SReclaimable:      89860 kB
SUnreclaim:       230824 kB
KernelStack:       48512 kB
ShadowCallStack:   12160 kB
PageTables:        75764 kB
NFS_Unstable:          0 kB
Bounce:                0 kB
WritebackTmp:          0 kB
CommitLimit:     8677876 kB
Committed_AS:   71680244 kB
VmallocTotal:   263061440 kB
VmallocUsed:      131412 kB
VmallocChunk:          0 kB
Percpu:             2448 kB
CmaTotal:         405504 kB
CmaFree:               0 kB
MemTotal:        7918588 kB
MemFree:          679124 kB
MemAvailable:    2218296 kB
Buffers:            4660 kB
Cached:          1413636 kB
SwapCached:         7968 kB
Active:          3499488 kB
Inactive:         956980 kB
Active(anon):    2960264 kB
Inactive(anon):    96328 kB
Active(file):     539224 kB
Inactive(file):   860652 kB
Unevictable:        6604 kB
Mlocked:            6164 kB
SwapTotal:       4718584 kB
SwapFree:        3999608 kB
Dirty:               372 kB
Writeback:             0 kB
AnonPages:       3040448 kB
Mapped:           709060 kB
Shmem:             13540 kB
KReclaimable:     657840 kB
Slab:             320688 kB
SReclaimable:      89860 kB
SUnreclaim:       230828 kB
KernelStack:       48448 kB
ShadowCallStack:   12160 kB
PageTables:        76020 kB
NFS_Unstable:          0 kB
Bounce:                0 kB
WritebackTmp:          0 kB
CommitLimit:     8677876 kB
Committed_AS:   71778492 kB
VmallocTotal:   263061440 kB
VmallocUsed:      131400 kB
VmallocChunk:          0 kB
Percpu:             2448 kB
CmaTotal:         405504 kB
CmaFree:               0 kB
MemTotal:        7918588 kB
MemFree:          631720 kB
MemAvailable:    2169960 kB
Buffers:            4660 kB
Cached:          1413640 kB
SwapCached:         7968 kB
Active:          3546968 kB
Inactive:         956980 kB
Active(anon):    3007744 kB
Inactive(anon):    96324 kB
Active(file):     539224 kB
Inactive(file):   860656 kB
Unevictable:        6604 kB
Mlocked:            6164 kB
SwapTotal:       4718584 kB
SwapFree:        3999608 kB
Dirty:               376 kB
Writeback:             0 kB
AnonPages:       3088220 kB
Mapped:           709508 kB
Shmem:             13540 kB
KReclaimable:     656904 kB
Slab:             320712 kB
SReclaimable:      89860 kB
SUnreclaim:       230852 kB
KernelStack:       48448 kB
ShadowCallStack:   12136 kB
PageTables:        76148 kB
NFS_Unstable:          0 kB
Bounce:                0 kB
WritebackTmp:          0 kB
CommitLimit:     8677876 kB
Committed_AS:   71893180 kB
VmallocTotal:   263061440 kB
VmallocUsed:      131392 kB
VmallocChunk:          0 kB
Percpu:             2448 kB
CmaTotal:         405504 kB
CmaFree:               0 kB
MemTotal:        7918588 kB
MemFree:          598712 kB
MemAvailable:    2136852 kB
Buffers:            4660 kB
Cached:          1413644 kB
SwapCached:         7968 kB
Active:          3579556 kB
Inactive:         956992 kB
Active(anon):    3040332 kB
Inactive(anon):    96332 kB
Active(file):     539224 kB
Inactive(file):   860660 kB
Unevictable:        6604 kB
Mlocked:            6164 kB
SwapTotal:       4718584 kB
SwapFree:        3999608 kB
Dirty:               380 kB
Writeback:             0 kB
AnonPages:       3120764 kB
Mapped:           709724 kB
Shmem:             13540 kB
KReclaimable:     656800 kB
Slab:             320720 kB
SReclaimable:      89860 kB
SUnreclaim:       230860 kB
KernelStack:       48512 kB
ShadowCallStack:   12148 kB
PageTables:        76452 kB
NFS_Unstable:          0 kB
Bounce:                0 kB
WritebackTmp:          0 kB
CommitLimit:     8677876 kB
Committed_AS:   71958716 kB
VmallocTotal:   263061440 kB
VmallocUsed:      131384 kB
VmallocChunk:          0 kB
Percpu:             2448 kB
CmaTotal:         405504 kB
CmaFree:               0 kB
MemTotal:        7918588 kB
MemFree:          532372 kB
MemAvailable:    2068916 kB
Buffers:            4660 kB
Cached:          1413648 kB
SwapCached:         7968 kB
Active:          3646224 kB
Inactive:         956980 kB
Active(anon):    3107000 kB
Inactive(anon):    96320 kB
Active(file):     539224 kB
Inactive(file):   860660 kB
Unevictable:        6604 kB
Mlocked:            6164 kB
SwapTotal:       4718584 kB
SwapFree:        3999608 kB
Dirty:               380 kB
Writeback:             0 kB
AnonPages:       3187376 kB
Mapped:           710504 kB
Shmem:             13544 kB
KReclaimable:     655456 kB
Slab:             320792 kB
SReclaimable:      89860 kB
SUnreclaim:       230932 kB
KernelStack:       48416 kB
ShadowCallStack:   12140 kB
PageTables:        76584 kB
NFS_Unstable:          0 kB
Bounce:                0 kB
WritebackTmp:          0 kB
CommitLimit:     8677876 kB
Committed_AS:   72106020 kB
VmallocTotal:   263061440 kB
VmallocUsed:      131336 kB
VmallocChunk:          0 kB
Percpu:             2448 kB
CmaTotal:         405504 kB
CmaFree:               0 kB
MemTotal:        7918588 kB
MemFree:          488188 kB
MemAvailable:    2024720 kB
Buffers:            4660 kB
Cached:          1413760 kB
SwapCached:         7968 kB
Active:          3691472 kB
Inactive:         956952 kB
Active(anon):    3152140 kB
Inactive(anon):    96288 kB
Active(file):     539332 kB
Inactive(file):   860664 kB
Unevictable:        6604 kB
Mlocked:            6164 kB
SwapTotal:       4718584 kB
SwapFree:        3999608 kB
Dirty:               380 kB
Writeback:             0 kB
AnonPages:       3232488 kB
Mapped:           710780 kB
Shmem:             13544 kB
KReclaimable:     655080 kB
Slab:             320816 kB
SReclaimable:      89844 kB
SUnreclaim:       230972 kB
KernelStack:       48416 kB
ShadowCallStack:   12132 kB
PageTables:        76952 kB
NFS_Unstable:          0 kB
Bounce:                0 kB
WritebackTmp:          0 kB
CommitLimit:     8677876 kB
Committed_AS:   72204328 kB
VmallocTotal:   263061440 kB
VmallocUsed:      131312 kB
VmallocChunk:          0 kB
Percpu:             2448 kB
CmaTotal:         405504 kB
CmaFree:               0 kB
MemTotal:        7918588 kB
MemFree:          453188 kB
MemAvailable:    1989432 kB
Buffers:            4676 kB
Cached:          1413744 kB
SwapCached:         7968 kB
Active:          3725996 kB
Inactive:         956956 kB
Active(anon):    3186664 kB
Inactive(anon):    96292 kB
Active(file):     539332 kB
Inactive(file):   860664 kB
Unevictable:        6604 kB
Mlocked:            6164 kB
SwapTotal:       4718584 kB
SwapFree:        3999608 kB
Dirty:               380 kB
Writeback:             0 kB
AnonPages:       3266892 kB
Mapped:           711004 kB
Shmem:             13544 kB
KReclaimable:     654792 kB
Slab:             320772 kB
SReclaimable:      89844 kB
SUnreclaim:       230928 kB
KernelStack:       48384 kB
ShadowCallStack:   12128 kB
PageTables:        77024 kB
NFS_Unstable:          0 kB
Bounce:                0 kB
WritebackTmp:          0 kB
CommitLimit:     8677876 kB
Committed_AS:   72286244 kB
VmallocTotal:   263061440 kB
VmallocUsed:      131328 kB
VmallocChunk:          0 kB
Percpu:             2448 kB
CmaTotal:         405504 kB
CmaFree:               0 kB
MemTotal:        7918588 kB
MemFree:          385640 kB
MemAvailable:    1920844 kB
Buffers:            4688 kB
Cached:          1413820 kB
SwapCached:         7968 kB
Active:          3792852 kB
Inactive:         957044 kB
Active(anon):    3253520 kB
Inactive(anon):    96292 kB
Active(file):     539332 kB
Inactive(file):   860752 kB
Unevictable:        6604 kB
Mlocked:            6164 kB
SwapTotal:       4718584 kB
SwapFree:        3999608 kB
Dirty:               376 kB
Writeback:             0 kB
AnonPages:       3334004 kB
Mapped:           711612 kB
Shmem:             13544 kB
KReclaimable:     653664 kB
Slab:             320880 kB
SReclaimable:      89844 kB
SUnreclaim:       231036 kB
KernelStack:       48416 kB
ShadowCallStack:   12132 kB
PageTables:        77292 kB
NFS_Unstable:          0 kB
Bounce:                0 kB
WritebackTmp:          0 kB
CommitLimit:     8677876 kB
Committed_AS:   72433656 kB
VmallocTotal:   263061440 kB
VmallocUsed:      131296 kB
VmallocChunk:          0 kB
Percpu:             2448 kB
CmaTotal:         405504 kB
CmaFree:               0 kB
MemTotal:        7918588 kB
MemFree:          327128 kB
MemAvailable:    1742356 kB
Buffers:            4688 kB
Cached:          1413844 kB
SwapCached:         7968 kB
Active:          3850336 kB
Inactive:         957044 kB
Active(anon):    3311004 kB
Inactive(anon):    96292 kB
Active(file):     539332 kB
Inactive(file):   860752 kB
Unevictable:        6604 kB
Mlocked:            6164 kB
SwapTotal:       4718584 kB
SwapFree:        3999608 kB
Dirty:               376 kB
Writeback:             0 kB
AnonPages:       3391452 kB
Mapped:           712144 kB
Shmem:             13568 kB
KReclaimable:     533688 kB
Slab:             320972 kB
SReclaimable:      89844 kB
SUnreclaim:       231128 kB
KernelStack:       48560 kB
ShadowCallStack:   12152 kB
PageTables:        77624 kB
NFS_Unstable:          0 kB
Bounce:                0 kB
WritebackTmp:          0 kB
CommitLimit:     8677876 kB
Committed_AS:   72499588 kB
VmallocTotal:   263061440 kB
VmallocUsed:      131460 kB
VmallocChunk:          0 kB
Percpu:             2448 kB
CmaTotal:         405504 kB
CmaFree:               0 kB
MemTotal:        7918588 kB
MemFree:          257764 kB
MemAvailable:    1661760 kB
Buffers:            4688 kB
Cached:          1413932 kB
SwapCached:         7968 kB
Active:          3919640 kB
Inactive:         957040 kB
Active(anon):    3380308 kB
Inactive(anon):    96288 kB
Active(file):     539332 kB
Inactive(file):   860752 kB
Unevictable:        6604 kB
Mlocked:            6164 kB
SwapTotal:       4718584 kB
SwapFree:        3999608 kB
Dirty:               376 kB
Writeback:             0 kB
AnonPages:       3460688 kB
Mapped:           712964 kB
Shmem:             13656 kB
KReclaimable:     522456 kB
Slab:             320988 kB
SReclaimable:      89844 kB
SUnreclaim:       231144 kB
KernelStack:       48544 kB
ShadowCallStack:   12172 kB
PageTables:        77844 kB
NFS_Unstable:          0 kB
Bounce:                0 kB
WritebackTmp:          0 kB
CommitLimit:     8677876 kB
Committed_AS:   72614276 kB
VmallocTotal:   263061440 kB
VmallocUsed:      131500 kB
VmallocChunk:          0 kB
Percpu:             2448 kB
CmaTotal:         405504 kB
CmaFree:               0 kB
MemTotal:        7918588 kB
MemFree:          262032 kB
MemAvailable:    1910100 kB
Buffers:            4684 kB
Cached:          1402948 kB
SwapCached:         7932 kB
Active:          3930028 kB
Inactive:         942984 kB
Active(anon):    3389620 kB
Inactive(anon):    94180 kB
Active(file):     540408 kB
Inactive(file):   848804 kB
Unevictable:        6604 kB
Mlocked:            6164 kB
SwapTotal:       4718584 kB
SwapFree:        3999352 kB
Dirty:               312 kB
Writeback:             0 kB
AnonPages:       3467904 kB
Mapped:           708448 kB
Shmem:             13540 kB
KReclaimable:     649080 kB
Slab:             320728 kB
SReclaimable:      89636 kB
SUnreclaim:       231092 kB
KernelStack:       48384 kB
ShadowCallStack:   12124 kB
PageTables:        77720 kB
NFS_Unstable:          0 kB
Bounce:                0 kB
WritebackTmp:          0 kB
CommitLimit:     8677876 kB
Committed_AS:   72712188 kB
VmallocTotal:   263061440 kB
VmallocUsed:      131312 kB
VmallocChunk:          0 kB
Percpu:             2448 kB
CmaTotal:         405504 kB
CmaFree:               0 kB
MemTotal:        7918588 kB
MemFree:          222280 kB
MemAvailable:    1869988 kB
Buffers:            4708 kB
Cached:          1402956 kB
SwapCached:         7932 kB
Active:          3970816 kB
Inactive:         943016 kB
Active(anon):    3430408 kB
Inactive(anon):    94180 kB
Active(file):     540408 kB
Inactive(file):   848836 kB
Unevictable:        6604 kB
Mlocked:            6164 kB
SwapTotal:       4718584 kB
SwapFree:        3999352 kB
Dirty:               308 kB
Writeback:             0 kB
AnonPages:       3508660 kB
Mapped:           708632 kB
Shmem:             13540 kB
KReclaimable:     648688 kB
Slab:             320816 kB
SReclaimable:      89636 kB
SUnreclaim:       231180 kB
KernelStack:       48400 kB
ShadowCallStack:   12132 kB
PageTables:        77964 kB
NFS_Unstable:          0 kB
Bounce:                0 kB
WritebackTmp:          0 kB
CommitLimit:     8677876 kB
Committed_AS:   72810492 kB
VmallocTotal:   263061440 kB
VmallocUsed:      131296 kB
VmallocChunk:          0 kB
Percpu:             2448 kB
CmaTotal:         405504 kB
CmaFree:               0 kB
MemTotal:        7918588 kB
MemFree:          208300 kB
MemAvailable:    1820736 kB
Buffers:            4584 kB
Cached:          1376888 kB
SwapCached:         7932 kB
Active:          4064664 kB
Inactive:         896588 kB
Active(anon):    3504112 kB
Inactive(anon):    94176 kB
Active(file):     560552 kB
Inactive(file):   802412 kB
Unevictable:        6604 kB
Mlocked:            6164 kB
SwapTotal:       4718584 kB
SwapFree:        3999352 kB
Dirty:               344 kB
Writeback:             0 kB
AnonPages:       3582488 kB
Mapped:           695928 kB
Shmem:             13544 kB
KReclaimable:     639696 kB
Slab:             319724 kB
SReclaimable:      88468 kB
SUnreclaim:       231256 kB
KernelStack:       48432 kB
ShadowCallStack:   12136 kB
PageTables:        78360 kB
NFS_Unstable:          0 kB
Bounce:                0 kB
WritebackTmp:          0 kB
CommitLimit:     8677876 kB
Committed_AS:   72957976 kB
VmallocTotal:   263061440 kB
VmallocUsed:      131332 kB
VmallocChunk:          0 kB
Percpu:             2448 kB
CmaTotal:         405504 kB
CmaFree:            7996 kB
MemTotal:        7918588 kB
MemFree:          193088 kB
MemAvailable:    1799192 kB
Buffers:            4516 kB
Cached:          1373428 kB
SwapCached:         7932 kB
Active:          4088648 kB
Inactive:         890980 kB
Active(anon):    3525932 kB
Inactive(anon):    94176 kB
Active(file):     562716 kB
Inactive(file):   796804 kB
Unevictable:        6604 kB
Mlocked:            6164 kB
SwapTotal:       4718584 kB
SwapFree:        3999352 kB
Dirty:               344 kB
Writeback:             0 kB
AnonPages:       3604128 kB
Mapped:           694388 kB
Shmem:             13544 kB
KReclaimable:     636808 kB
Slab:             319664 kB
SReclaimable:      88468 kB
SUnreclaim:       231196 kB
KernelStack:       48416 kB
ShadowCallStack:   12132 kB
PageTables:        78548 kB
NFS_Unstable:          0 kB
Bounce:                0 kB
WritebackTmp:          0 kB
CommitLimit:     8677876 kB
Committed_AS:   73007104 kB
VmallocTotal:   263061440 kB
VmallocUsed:      131328 kB
VmallocChunk:          0 kB
Percpu:             2448 kB
CmaTotal:         405504 kB
CmaFree:            2844 kB
MemTotal:        7918588 kB
MemFree:          184848 kB
MemAvailable:    1738320 kB
Buffers:            3304 kB
Cached:          1333984 kB
SwapCached:         7932 kB
Active:          4184448 kB
Inactive:         815336 kB
Active(anon):    3586920 kB
Inactive(anon):    94176 kB
Active(file):     597528 kB
Inactive(file):   721160 kB
Unevictable:        6608 kB
Mlocked:            6168 kB
SwapTotal:       4718584 kB
SwapFree:        3999352 kB
Dirty:               344 kB
Writeback:             0 kB
AnonPages:       3665080 kB
Mapped:           677784 kB
Shmem:             13548 kB
KReclaimable:     625008 kB
Slab:             319640 kB
SReclaimable:      88468 kB
SUnreclaim:       231172 kB
KernelStack:       48384 kB
ShadowCallStack:   12132 kB
PageTables:        78348 kB
NFS_Unstable:          0 kB
Bounce:                0 kB
WritebackTmp:          0 kB
CommitLimit:     8677876 kB
Committed_AS:   73154516 kB
VmallocTotal:   263061440 kB
VmallocUsed:      131284 kB
VmallocChunk:          0 kB
Percpu:             2448 kB
CmaTotal:         405504 kB
CmaFree:               8 kB
MemTotal:        7918588 kB
MemFree:          181712 kB
MemAvailable:    1689164 kB
Buffers:            2868 kB
Cached:          1296360 kB
SwapCached:         7932 kB
Active:          4237644 kB
Inactive:         772000 kB
Active(anon):    3634692 kB
Inactive(anon):    94160 kB
Active(file):     602952 kB
Inactive(file):   677840 kB
Unevictable:        6608 kB
Mlocked:            6168 kB
SwapTotal:       4718584 kB
SwapFree:        3999352 kB
Dirty:               344 kB
Writeback:             0 kB
AnonPages:       3712856 kB
Mapped:           676148 kB
Shmem:             13552 kB
KReclaimable:     616884 kB
Slab:             319624 kB
SReclaimable:      88384 kB
SUnreclaim:       231240 kB
KernelStack:       48368 kB
ShadowCallStack:   12120 kB
PageTables:        79016 kB
NFS_Unstable:          0 kB
Bounce:                0 kB
WritebackTmp:          0 kB
CommitLimit:     8677876 kB
Committed_AS:   73252664 kB
VmallocTotal:   263061440 kB
VmallocUsed:      131248 kB
VmallocChunk:          0 kB
Percpu:             2448 kB
CmaTotal:         405504 kB
CmaFree:               0 kB
MemTotal:        7918588 kB
MemFree:          186320 kB
MemAvailable:    1650296 kB
Buffers:            3024 kB
Cached:          1259276 kB
SwapCached:         7932 kB
Active:          4277188 kB
Inactive:         735176 kB
Active(anon):    3674236 kB
Inactive(anon):    94168 kB
Active(file):     602952 kB
Inactive(file):   641008 kB
Unevictable:        6608 kB
Mlocked:            6168 kB
SwapTotal:       4718584 kB
SwapFree:        3999352 kB
Dirty:               344 kB
Writeback:             0 kB
AnonPages:       3752500 kB
Mapped:           676560 kB
Shmem:             13552 kB
KReclaimable:     610240 kB
Slab:             319352 kB
SReclaimable:      88132 kB
SUnreclaim:       231220 kB
KernelStack:       48320 kB
ShadowCallStack:   12116 kB
PageTables:        78988 kB
NFS_Unstable:          0 kB
Bounce:                0 kB
WritebackTmp:          0 kB
CommitLimit:     8677876 kB
Committed_AS:   73334584 kB
VmallocTotal:   263061440 kB
VmallocUsed:      131228 kB
VmallocChunk:          0 kB
Percpu:             2448 kB
CmaTotal:         405504 kB
CmaFree:               0 kB
MemTotal:        7918588 kB
MemFree:          184884 kB
MemAvailable:    1593196 kB
Buffers:            2992 kB
Cached:          1213452 kB
SwapCached:         7932 kB
Active:          4333160 kB
Inactive:         688980 kB
Active(anon):    3729968 kB
Inactive(anon):    94164 kB
Active(file):     603192 kB
Inactive(file):   594816 kB
Unevictable:        6608 kB
Mlocked:            6168 kB
SwapTotal:       4718584 kB
SwapFree:        3999352 kB
Dirty:               352 kB
Writeback:             0 kB
AnonPages:       3808212 kB
Mapped:           677044 kB
Shmem:             13552 kB
KReclaimable:     600528 kB
Slab:             318268 kB
SReclaimable:      86948 kB
SUnreclaim:       231320 kB
KernelStack:       48352 kB
ShadowCallStack:   12116 kB
PageTables:        79432 kB
NFS_Unstable:          0 kB
Bounce:                0 kB
WritebackTmp:          0 kB
CommitLimit:     8677876 kB
Committed_AS:   73465656 kB
VmallocTotal:   263061440 kB
VmallocUsed:      131248 kB
VmallocChunk:          0 kB
Percpu:             2448 kB
CmaTotal:         405504 kB
CmaFree:               0 kB
MemTotal:        7918588 kB
MemFree:          185164 kB
MemAvailable:    1552836 kB
Buffers:            2956 kB
Cached:          1181072 kB
SwapCached:         7932 kB
Active:          4380332 kB
Inactive:         649168 kB
Active(anon):    3769860 kB
Inactive(anon):    94172 kB
Active(file):     610472 kB
Inactive(file):   554996 kB
Unevictable:        6608 kB
Mlocked:            6168 kB
SwapTotal:       4718584 kB
SwapFree:        3999352 kB
Dirty:               352 kB
Writeback:             0 kB
AnonPages:       3848168 kB
Mapped:           674776 kB
Shmem:             13552 kB
KReclaimable:     592428 kB
Slab:             317416 kB
SReclaimable:      86096 kB
SUnreclaim:       231320 kB
KernelStack:       48368 kB
ShadowCallStack:   12108 kB
PageTables:        79280 kB
NFS_Unstable:          0 kB
Bounce:                0 kB
WritebackTmp:          0 kB
CommitLimit:     8677876 kB
Committed_AS:   73547576 kB
VmallocTotal:   263061440 kB
VmallocUsed:      131240 kB
VmallocChunk:          0 kB
Percpu:             2448 kB
CmaTotal:         405504 kB
CmaFree:               0 kB
MemTotal:        7918588 kB
MemFree:          183460 kB
MemAvailable:    1515820 kB
Buffers:            2912 kB
Cached:          1156612 kB
SwapCached:         7932 kB
Active:          4456084 kB
Inactive:         586116 kB
Active(anon):    3807024 kB
Inactive(anon):    94168 kB
Active(file):     649060 kB
Inactive(file):   491948 kB
Unevictable:        6608 kB
Mlocked:            6168 kB
SwapTotal:       4718584 kB
SwapFree:        3999352 kB
Dirty:               352 kB
Writeback:             0 kB
AnonPages:       3885304 kB
Mapped:           664772 kB
Shmem:             13560 kB
KReclaimable:     581576 kB
Slab:             317216 kB
SReclaimable:      85916 kB
SUnreclaim:       231300 kB
KernelStack:       48336 kB
ShadowCallStack:   12108 kB
PageTables:        79624 kB
NFS_Unstable:          0 kB
Bounce:                0 kB
WritebackTmp:          0 kB
CommitLimit:     8677876 kB
Committed_AS:   73629504 kB
VmallocTotal:   263061440 kB
VmallocUsed:      131228 kB
VmallocChunk:          0 kB
Percpu:             2448 kB
CmaTotal:         405504 kB
CmaFree:               0 kB
MemTotal:        7918588 kB
MemFree:          184140 kB
MemAvailable:    1451808 kB
Buffers:            2912 kB
Cached:          1103716 kB
SwapCached:         7932 kB
Active:          4531344 kB
Inactive:         521140 kB
Active(anon):    3870132 kB
Inactive(anon):    94168 kB
Active(file):     661212 kB
Inactive(file):   426972 kB
Unevictable:        6608 kB
Mlocked:            6168 kB
SwapTotal:       4718584 kB
SwapFree:        3999352 kB
Dirty:               352 kB
Writeback:             0 kB
AnonPages:       3948360 kB
Mapped:           645152 kB
Shmem:             13560 kB
KReclaimable:     569708 kB
Slab:             316640 kB
SReclaimable:      85264 kB
SUnreclaim:       231376 kB
KernelStack:       48288 kB
ShadowCallStack:   12100 kB
PageTables:        79936 kB
NFS_Unstable:          0 kB
Bounce:                0 kB
WritebackTmp:          0 kB
CommitLimit:     8677876 kB
Committed_AS:   73760368 kB
VmallocTotal:   263061440 kB
VmallocUsed:      131128 kB
VmallocChunk:          0 kB
Percpu:             2448 kB
CmaTotal:         405504 kB
CmaFree:               0 kB
MemTotal:        7918588 kB
MemFree:          185788 kB
MemAvailable:    1419012 kB
Buffers:            2884 kB
Cached:          1075732 kB
SwapCached:         7932 kB
Active:          4572408 kB
Inactive:         483668 kB
Active(anon):    3901748 kB
Inactive(anon):    94164 kB
Active(file):     670660 kB
Inactive(file):   389504 kB
Unevictable:        6608 kB
Mlocked:            6168 kB
SwapTotal:       4718584 kB
SwapFree:        3999352 kB
Dirty:               144 kB
Writeback:             0 kB
AnonPages:       3979968 kB
Mapped:           637540 kB
Shmem:             13568 kB
KReclaimable:     563284 kB
Slab:             316256 kB
SReclaimable:      84832 kB
SUnreclaim:       231424 kB
KernelStack:       48240 kB
ShadowCallStack:   12092 kB
PageTables:        80132 kB
NFS_Unstable:          0 kB
Bounce:                0 kB
WritebackTmp:          0 kB
CommitLimit:     8677876 kB
Committed_AS:   73825804 kB
VmallocTotal:   263061440 kB
VmallocUsed:      131108 kB
VmallocChunk:          0 kB
Percpu:             2448 kB
CmaTotal:         405504 kB
CmaFree:               0 kB
MemTotal:        7918588 kB
MemFree:          182556 kB
MemAvailable:    1371104 kB
Buffers:            2884 kB
Cached:          1037808 kB
SwapCached:         7932 kB
Active:          4620760 kB
Inactive:         445176 kB
Active(anon):    3949584 kB
Inactive(anon):    94128 kB
Active(file):     671176 kB
Inactive(file):   351048 kB
Unevictable:        6608 kB
Mlocked:            6168 kB
SwapTotal:       4718584 kB
SwapFree:        3999352 kB
Dirty:               152 kB
Writeback:             0 kB
AnonPages:       4027796 kB
Mapped:           636684 kB
Shmem:             13568 kB
KReclaimable:     556548 kB
Slab:             315736 kB
SReclaimable:      84208 kB
SUnreclaim:       231528 kB
KernelStack:       48208 kB
ShadowCallStack:   12096 kB
PageTables:        80336 kB
NFS_Unstable:          0 kB
Bounce:                0 kB
WritebackTmp:          0 kB
CommitLimit:     8677876 kB
Committed_AS:   73940984 kB
VmallocTotal:   263061440 kB
VmallocUsed:      131052 kB
VmallocChunk:          0 kB
Percpu:             2448 kB
CmaTotal:         405504 kB
CmaFree:               0 kB
MemTotal:        7918588 kB
MemFree:          186200 kB
MemAvailable:    1313448 kB
Buffers:            2836 kB
Cached:           987800 kB
SwapCached:         7932 kB
Active:          4689376 kB
Inactive:         383284 kB
Active(anon):    4006488 kB
Inactive(anon):    94124 kB
Active(file):     682888 kB
Inactive(file):   289160 kB
Unevictable:        6608 kB
Mlocked:            6168 kB
SwapTotal:       4718584 kB
SwapFree:        3999352 kB
Dirty:               156 kB
Writeback:             0 kB
AnonPages:       4084660 kB
Mapped:           636168 kB
Shmem:             13572 kB
KReclaimable:     545424 kB
Slab:             314336 kB
SReclaimable:      82828 kB
SUnreclaim:       231508 kB
KernelStack:       48160 kB
ShadowCallStack:   12060 kB
PageTables:        80468 kB
NFS_Unstable:          0 kB
Bounce:                0 kB
WritebackTmp:          0 kB
CommitLimit:     8677876 kB
Committed_AS:   74071960 kB
VmallocTotal:   263061440 kB
VmallocUsed:      130992 kB
VmallocChunk:          0 kB
Percpu:             2448 kB
CmaTotal:         405504 kB
CmaFree:               0 kB
MemTotal:        7918588 kB
MemFree:          183200 kB
MemAvailable:    1278516 kB
Buffers:            2836 kB
Cached:           960864 kB
SwapCached:         7932 kB
Active:          4721376 kB
Inactive:         356408 kB
Active(anon):    4038412 kB
Inactive(anon):    94132 kB
Active(file):     682964 kB
Inactive(file):   262276 kB
Unevictable:        6608 kB
Mlocked:            6168 kB
SwapTotal:       4718584 kB
SwapFree:        3999608 kB
Dirty:               184 kB
Writeback:             0 kB
AnonPages:       4116644 kB
Mapped:           636336 kB
Shmem:             13576 kB
KReclaimable:     540300 kB
Slab:             313648 kB
SReclaimable:      82144 kB
SUnreclaim:       231504 kB
KernelStack:       48144 kB
ShadowCallStack:   12064 kB
PageTables:        80636 kB
NFS_Unstable:          0 kB
Bounce:                0 kB
WritebackTmp:          0 kB
CommitLimit:     8677876 kB
Committed_AS:   74153828 kB
VmallocTotal:   263061440 kB
VmallocUsed:      130968 kB
VmallocChunk:          0 kB
Percpu:             2448 kB
CmaTotal:         405504 kB
CmaFree:               0 kB
MemTotal:        7918588 kB
MemFree:          185476 kB
MemAvailable:    1221540 kB
Buffers:            2836 kB
Cached:           911040 kB
SwapCached:         7932 kB
Active:          4778468 kB
Inactive:         306564 kB
Active(anon):    4095504 kB
Inactive(anon):    94120 kB
Active(file):     682964 kB
Inactive(file):   212444 kB
Unevictable:        6608 kB
Mlocked:            6168 kB
SwapTotal:       4718584 kB
SwapFree:        3999608 kB
Dirty:               184 kB
Writeback:             0 kB
AnonPages:       4173548 kB
Mapped:           636948 kB
Shmem:             13576 kB
KReclaimable:     530880 kB
Slab:             312492 kB
SReclaimable:      80884 kB
SUnreclaim:       231608 kB
KernelStack:       48080 kB
ShadowCallStack:   12048 kB
PageTables:        81008 kB
NFS_Unstable:          0 kB
Bounce:                0 kB
WritebackTmp:          0 kB
CommitLimit:     8677876 kB
Committed_AS:   74268308 kB
VmallocTotal:   263061440 kB
VmallocUsed:      130892 kB
VmallocChunk:          0 kB
Percpu:             2448 kB
CmaTotal:         405504 kB
CmaFree:               0 kB
MemTotal:        7918588 kB
MemFree:          184440 kB
MemAvailable:    1176804 kB
Buffers:            2844 kB
Cached:           873996 kB
SwapCached:         7932 kB
Active:          4820988 kB
Inactive:         269456 kB
Active(anon):    4138024 kB
Inactive(anon):    94128 kB
Active(file):     682964 kB
Inactive(file):   175328 kB
Unevictable:        6608 kB
Mlocked:            6168 kB
SwapTotal:       4718584 kB
SwapFree:        3999608 kB
Dirty:                92 kB
Writeback:             0 kB
AnonPages:       4216188 kB
Mapped:           637308 kB
Shmem:             13576 kB
KReclaimable:     524296 kB
Slab:             311504 kB
SReclaimable:      79940 kB
SUnreclaim:       231564 kB
KernelStack:       48016 kB
ShadowCallStack:   12020 kB
PageTables:        80860 kB
NFS_Unstable:          0 kB
Bounce:                0 kB
WritebackTmp:          0 kB
CommitLimit:     8677876 kB
Committed_AS:   74350128 kB
VmallocTotal:   263061440 kB
VmallocUsed:      130844 kB
VmallocChunk:          0 kB
Percpu:             2448 kB
CmaTotal:         405504 kB
CmaFree:               0 kB
MemTotal:        7918588 kB
MemFree:          183028 kB
MemAvailable:    1130868 kB
Buffers:             856 kB
Cached:           857616 kB
SwapCached:         7820 kB
Active:          4950912 kB
Inactive:         163708 kB
Active(anon):    4251488 kB
Inactive(anon):    22948 kB
Active(file):     699424 kB
Inactive(file):   140760 kB
Unevictable:        6608 kB
Mlocked:            6168 kB
SwapTotal:       4718584 kB
SwapFree:        3991672 kB
Dirty:               160 kB
Writeback:             0 kB
AnonPages:       4258600 kB
Mapped:           629236 kB
Shmem:             13404 kB
KReclaimable:     497880 kB
Slab:             311312 kB
SReclaimable:      79636 kB
SUnreclaim:       231676 kB
KernelStack:       48032 kB
ShadowCallStack:   12044 kB
PageTables:        81224 kB
NFS_Unstable:          0 kB
Bounce:                0 kB
WritebackTmp:          0 kB
CommitLimit:     8677876 kB
Committed_AS:   74464816 kB
VmallocTotal:   263061440 kB
VmallocUsed:      130836 kB
VmallocChunk:          0 kB
Percpu:             2448 kB
CmaTotal:         405504 kB
CmaFree:               8 kB
MemTotal:        7918588 kB
MemFree:          183216 kB
MemAvailable:    1071240 kB
Buffers:             740 kB
Cached:           809304 kB
SwapCached:         7820 kB
Active:          5019764 kB
Inactive:         106040 kB
Active(anon):    4311184 kB
Inactive(anon):    23100 kB
Active(file):     708580 kB
Inactive(file):    82940 kB
Unevictable:        6608 kB
Mlocked:            6168 kB
SwapTotal:       4718584 kB
SwapFree:        3991672 kB
Dirty:               188 kB
Writeback:             0 kB
AnonPages:       4318308 kB
Mapped:           607836 kB
Shmem:             13560 kB
KReclaimable:     486728 kB
Slab:             311376 kB
SReclaimable:      79636 kB
SUnreclaim:       231740 kB
KernelStack:       48000 kB
ShadowCallStack:   12032 kB
PageTables:        81304 kB
NFS_Unstable:          0 kB
Bounce:                0 kB
WritebackTmp:          0 kB
CommitLimit:     8677876 kB
Committed_AS:   74595788 kB
VmallocTotal:   263061440 kB
VmallocUsed:      130796 kB
VmallocChunk:          0 kB
Percpu:             2448 kB
CmaTotal:         405504 kB
CmaFree:               0 kB
MemTotal:        7918588 kB
MemFree:          185068 kB
MemAvailable:    1025152 kB
Buffers:             552 kB
Cached:           768752 kB
SwapCached:         7820 kB
Active:          5065880 kB
Inactive:          62864 kB
Active(anon):    4354780 kB
Inactive(anon):    23104 kB
Active(file):     711100 kB
Inactive(file):    39760 kB
Unevictable:        6608 kB
Mlocked:            6168 kB
SwapTotal:       4718584 kB
SwapFree:        3991672 kB
Dirty:               188 kB
Writeback:             0 kB
AnonPages:       4361984 kB
Mapped:           591300 kB
Shmem:             13560 kB
KReclaimable:     479448 kB
Slab:             311196 kB
SReclaimable:      79500 kB
SUnreclaim:       231696 kB
KernelStack:       48016 kB
ShadowCallStack:   12032 kB
PageTables:        81728 kB
NFS_Unstable:          0 kB
Bounce:                0 kB
WritebackTmp:          0 kB
CommitLimit:     8677876 kB
Committed_AS:   74677704 kB
VmallocTotal:   263061440 kB
VmallocUsed:      130820 kB
VmallocChunk:          0 kB
Percpu:             2448 kB
CmaTotal:         405504 kB
CmaFree:             896 kB
MemTotal:        7918588 kB
MemFree:          180868 kB
MemAvailable:     829096 kB
Buffers:             460 kB
Cached:           707840 kB
SwapCached:         7812 kB
Active:           700396 kB
Inactive:        4441684 kB
Active(anon):     586848 kB
Inactive(anon):  3865500 kB
Active(file):     113548 kB
Inactive(file):   576184 kB
Unevictable:        6608 kB
Mlocked:            6168 kB
SwapTotal:       4718584 kB
SwapFree:        3988088 kB
Dirty:               188 kB
Writeback:             0 kB
AnonPages:       4436384 kB
Mapped:           569268 kB
Shmem:             13612 kB
KReclaimable:     348720 kB
Slab:             311236 kB
SReclaimable:      79500 kB
SUnreclaim:       231736 kB
KernelStack:       48128 kB
ShadowCallStack:   12056 kB
PageTables:        81760 kB
NFS_Unstable:          0 kB
Bounce:                0 kB
WritebackTmp:          0 kB
CommitLimit:     8677876 kB
Committed_AS:   74776404 kB
VmallocTotal:   263061440 kB
VmallocUsed:      130948 kB
VmallocChunk:          0 kB
Percpu:             2448 kB
CmaTotal:         405504 kB
CmaFree:             324 kB
MemTotal:        7918588 kB
MemFree:          216628 kB
MemAvailable:     935484 kB
Buffers:             480 kB
Cached:           670284 kB
SwapCached:         7812 kB
Active:           718736 kB
Inactive:        4399576 kB
Active(anon):     600776 kB
Inactive(anon):  3865404 kB
Active(file):     117960 kB
Inactive(file):   534172 kB
Unevictable:        6608 kB
Mlocked:            6168 kB
SwapTotal:       4718584 kB
SwapFree:        3988344 kB
Dirty:               192 kB
Writeback:             0 kB
AnonPages:       4450304 kB
Mapped:           555520 kB
Shmem:             13708 kB
KReclaimable:     456948 kB
Slab:             311220 kB
SReclaimable:      79460 kB
SUnreclaim:       231760 kB
KernelStack:       48000 kB
ShadowCallStack:   12044 kB
PageTables:        82080 kB
NFS_Unstable:          0 kB
Bounce:                0 kB
WritebackTmp:          0 kB
CommitLimit:     8677876 kB
Committed_AS:   74890704 kB
VmallocTotal:   263061440 kB
VmallocUsed:      130812 kB
VmallocChunk:          0 kB
Percpu:             2448 kB
CmaTotal:         405504 kB
CmaFree:            1068 kB
MemTotal:        7918588 kB
MemFree:          185308 kB
MemAvailable:     878404 kB
Buffers:             608 kB
Cached:           647200 kB
SwapCached:         7812 kB
Active:           777156 kB
Inactive:        4375520 kB
Active(anon):     658100 kB
Inactive(anon):  3865336 kB
Active(file):     119056 kB
Inactive(file):   510184 kB
Unevictable:        6608 kB
Mlocked:            6168 kB
SwapTotal:       4718584 kB
SwapFree:        3988344 kB
Dirty:               108 kB
Writeback:             0 kB
AnonPages:       4507540 kB
Mapped:           550904 kB
Shmem:             13556 kB
KReclaimable:     454080 kB
Slab:             311372 kB
SReclaimable:      79460 kB
SUnreclaim:       231912 kB
KernelStack:       48016 kB
ShadowCallStack:   12020 kB
PageTables:        82004 kB
NFS_Unstable:          0 kB
Bounce:                0 kB
WritebackTmp:          0 kB
CommitLimit:     8677876 kB
Committed_AS:   75005392 kB
VmallocTotal:   263061440 kB
VmallocUsed:      130844 kB
VmallocChunk:          0 kB
Percpu:             2448 kB
CmaTotal:         405504 kB
CmaFree:               0 kB
MemTotal:        7918588 kB
MemFree:          184880 kB
MemAvailable:     833080 kB
Buffers:             608 kB
Cached:           607264 kB
SwapCached:         7812 kB
Active:           822384 kB
Inactive:        4333992 kB
Active(anon):     701572 kB
Inactive(anon):  3865332 kB
Active(file):     120812 kB
Inactive(file):   468660 kB
Unevictable:        6608 kB
Mlocked:            6168 kB
SwapTotal:       4718584 kB
SwapFree:        3988344 kB
Dirty:               128 kB
Writeback:             0 kB
AnonPages:       4551152 kB
Mapped:           543068 kB
Shmem:             13560 kB
KReclaimable:     448952 kB
Slab:             311316 kB
SReclaimable:      79460 kB
SUnreclaim:       231856 kB
KernelStack:       47984 kB
ShadowCallStack:   12024 kB
PageTables:        82272 kB
NFS_Unstable:          0 kB
Bounce:                0 kB
WritebackTmp:          0 kB
CommitLimit:     8677876 kB
Committed_AS:   75103700 kB
VmallocTotal:   263061440 kB
VmallocUsed:      130808 kB
VmallocChunk:          0 kB
Percpu:             2448 kB
CmaTotal:         405504 kB
CmaFree:               0 kB
MemTotal:        7918588 kB
MemFree:          181684 kB
MemAvailable:     792512 kB
Buffers:             608 kB
Cached:           574520 kB
SwapCached:         7812 kB
Active:           863276 kB
Inactive:        4300512 kB
Active(anon):     741980 kB
Inactive(anon):  3865124 kB
Active(file):     121296 kB
Inactive(file):   435388 kB
Unevictable:        6608 kB
Mlocked:            6168 kB
SwapTotal:       4718584 kB
SwapFree:        3988344 kB
Dirty:               128 kB
Writeback:             0 kB
AnonPages:       4591304 kB
Mapped:           535296 kB
Shmem:             13560 kB
KReclaimable:     444368 kB
Slab:             311360 kB
SReclaimable:      79460 kB
SUnreclaim:       231900 kB
KernelStack:       48016 kB
ShadowCallStack:   12024 kB
PageTables:        82680 kB
NFS_Unstable:          0 kB
Bounce:                0 kB
WritebackTmp:          0 kB
CommitLimit:     8677876 kB
Committed_AS:   75185620 kB
VmallocTotal:   263061440 kB
VmallocUsed:      130808 kB
VmallocChunk:          0 kB
Percpu:             2448 kB
CmaTotal:         405504 kB
CmaFree:               0 kB
MemTotal:        7918588 kB
MemFree:          184104 kB
MemAvailable:     747448 kB
Buffers:             604 kB
Cached:           532048 kB
SwapCached:         7812 kB
Active:           908780 kB
Inactive:        4257584 kB
Active(anon):     786804 kB
Inactive(anon):  3865116 kB
Active(file):     121976 kB
Inactive(file):   392468 kB
Unevictable:        6608 kB
Mlocked:            6168 kB
SwapTotal:       4718584 kB
SwapFree:        3988344 kB
Dirty:               128 kB
Writeback:             0 kB
AnonPages:       4636036 kB
Mapped:           528740 kB
Shmem:             13560 kB
KReclaimable:     439124 kB
Slab:             311200 kB
SReclaimable:      79312 kB
SUnreclaim:       231888 kB
KernelStack:       47984 kB
ShadowCallStack:   12024 kB
PageTables:        82768 kB
NFS_Unstable:          0 kB
Bounce:                0 kB
WritebackTmp:          0 kB
CommitLimit:     8677876 kB
Committed_AS:   75283928 kB
VmallocTotal:   263061440 kB
VmallocUsed:      130796 kB
VmallocChunk:          0 kB
Percpu:             2448 kB
CmaTotal:         405504 kB
CmaFree:               0 kB
MemTotal:        7918588 kB
MemFree:          185332 kB
MemAvailable:     691904 kB
Buffers:             612 kB
Cached:           482164 kB
SwapCached:         7812 kB
Active:           963136 kB
Inactive:        4206812 kB
Active(anon):     840516 kB
Inactive(anon):  3865100 kB
Active(file):     122620 kB
Inactive(file):   341712 kB
Unevictable:        6608 kB
Mlocked:            6168 kB
SwapTotal:       4718584 kB
SwapFree:        3988344 kB
Dirty:               176 kB
Writeback:             0 kB
AnonPages:       4689724 kB
Mapped:           523924 kB
Shmem:             13560 kB
KReclaimable:     432464 kB
Slab:             311352 kB
SReclaimable:      79308 kB
SUnreclaim:       232044 kB
KernelStack:       48016 kB
ShadowCallStack:   12032 kB
PageTables:        83168 kB
NFS_Unstable:          0 kB
Bounce:                0 kB
WritebackTmp:          0 kB
CommitLimit:     8677876 kB
Committed_AS:   75414996 kB
VmallocTotal:   263061440 kB
VmallocUsed:      130776 kB
VmallocChunk:          0 kB
Percpu:             2448 kB
CmaTotal:         405504 kB
CmaFree:               0 kB
MemTotal:        7918588 kB
MemFree:          184712 kB
MemAvailable:     637420 kB
Buffers:             612 kB
Cached:           433952 kB
SwapCached:         7812 kB
Active:          1017964 kB
Inactive:        4156984 kB
Active(anon):     893816 kB
Inactive(anon):  3865096 kB
Active(file):     124148 kB
Inactive(file):   291888 kB
Unevictable:        6608 kB
Mlocked:            6168 kB
SwapTotal:       4718584 kB
SwapFree:        3988344 kB
Dirty:               152 kB
Writeback:             0 kB
AnonPages:       4743092 kB
Mapped:           517552 kB
Shmem:             13560 kB
KReclaimable:     426896 kB
Slab:             311368 kB
SReclaimable:      79308 kB
SUnreclaim:       232060 kB
KernelStack:       48048 kB
ShadowCallStack:   12032 kB
PageTables:        83656 kB
NFS_Unstable:          0 kB
Bounce:                0 kB
WritebackTmp:          0 kB
CommitLimit:     8677876 kB
Committed_AS:   75529684 kB
VmallocTotal:   263061440 kB
VmallocUsed:      130808 kB
VmallocChunk:          0 kB
Percpu:             2448 kB
CmaTotal:         405504 kB
CmaFree:               0 kB
MemTotal:        7918588 kB
MemFree:          183520 kB
MemAvailable:     614236 kB
Buffers:             612 kB
Cached:           414388 kB
SwapCached:         7812 kB
Active:          1042960 kB
Inactive:        4136492 kB
Active(anon):     917844 kB
Inactive(anon):  3865052 kB
Active(file):     125116 kB
Inactive(file):   271440 kB
Unevictable:        6608 kB
Mlocked:            6168 kB
SwapTotal:       4718584 kB
SwapFree:        3988344 kB
Dirty:               284 kB
Writeback:             0 kB
AnonPages:       4767056 kB
Mapped:           517852 kB
Shmem:             13560 kB
KReclaimable:     424384 kB
Slab:             311300 kB
SReclaimable:      79308 kB
SUnreclaim:       231992 kB
KernelStack:       48016 kB
ShadowCallStack:   12032 kB
PageTables:        83588 kB
NFS_Unstable:          0 kB
Bounce:                0 kB
WritebackTmp:          0 kB
CommitLimit:     8677876 kB
Committed_AS:   75595220 kB
VmallocTotal:   263061440 kB
VmallocUsed:      130808 kB
VmallocChunk:          0 kB
Percpu:             2448 kB
CmaTotal:         405504 kB
CmaFree:               0 kB
MemTotal:        7918588 kB
MemFree:          184896 kB
MemAvailable:     566432 kB
Buffers:             616 kB
Cached:           370240 kB
SwapCached:         7812 kB
Active:          1093088 kB
Inactive:        4089056 kB
Active(anon):     965984 kB
Inactive(anon):  3863728 kB
Active(file):     127104 kB
Inactive(file):   225328 kB
Unevictable:        6608 kB
Mlocked:            6168 kB
SwapTotal:       4718584 kB
SwapFree:        3988856 kB
Dirty:               284 kB
Writeback:             0 kB
AnonPages:       4813804 kB
Mapped:           509144 kB
Shmem:             13540 kB
KReclaimable:     419328 kB
Slab:             311284 kB
SReclaimable:      79276 kB
SUnreclaim:       232008 kB
KernelStack:       47984 kB
ShadowCallStack:   12024 kB
PageTables:        83660 kB
NFS_Unstable:          0 kB
Bounce:                0 kB
WritebackTmp:          0 kB
CommitLimit:     8677876 kB
Committed_AS:   75693504 kB
VmallocTotal:   263061440 kB
VmallocUsed:      130812 kB
VmallocChunk:          0 kB
Percpu:             2448 kB
CmaTotal:         405504 kB
CmaFree:               0 kB
MemTotal:        7918588 kB
MemFree:          190712 kB
MemAvailable:     516648 kB
Buffers:             616 kB
Cached:           322296 kB
SwapCached:         7812 kB
Active:          1151408 kB
Inactive:        4031652 kB
Active(anon):    1014796 kB
Inactive(anon):  3863728 kB
Active(file):     136612 kB
Inactive(file):   167924 kB
Unevictable:        6608 kB
Mlocked:            6168 kB
SwapTotal:       4718584 kB
SwapFree:        3988856 kB
Dirty:               284 kB
Writeback:             0 kB
AnonPages:       4862636 kB
Mapped:           486988 kB
Shmem:             13544 kB
KReclaimable:     411624 kB
Slab:             311264 kB
SReclaimable:      79276 kB
SUnreclaim:       231988 kB
KernelStack:       48000 kB
ShadowCallStack:   12020 kB
PageTables:        83908 kB
NFS_Unstable:          0 kB
Bounce:                0 kB
WritebackTmp:          0 kB
CommitLimit:     8677876 kB
Committed_AS:   75824580 kB
VmallocTotal:   263061440 kB
VmallocUsed:      130808 kB
VmallocChunk:          0 kB
Percpu:             2448 kB
CmaTotal:         405504 kB
CmaFree:               0 kB
MemTotal:        7918588 kB
MemFree:          182048 kB
MemAvailable:     470476 kB
Buffers:             640 kB
Cached:           289760 kB
SwapCached:         7812 kB
Active:          1207524 kB
Inactive:        3987932 kB
Active(anon):    1059772 kB
Inactive(anon):  3863716 kB
Active(file):     147752 kB
Inactive(file):   124216 kB
Unevictable:        6608 kB
Mlocked:            6168 kB
SwapTotal:       4718584 kB
SwapFree:        3988856 kB
Dirty:               328 kB
Writeback:             0 kB
AnonPages:       4907772 kB
Mapped:           451928 kB
Shmem:             13548 kB
KReclaimable:     406684 kB
Slab:             310492 kB
SReclaimable:      78520 kB
SUnreclaim:       231972 kB
KernelStack:       48000 kB
ShadowCallStack:   12028 kB
PageTables:        84220 kB
NFS_Unstable:          0 kB
Bounce:                0 kB
WritebackTmp:          0 kB
CommitLimit:     8677876 kB
Committed_AS:   75922888 kB
VmallocTotal:   263061440 kB
VmallocUsed:      130808 kB
VmallocChunk:          0 kB
Percpu:             2448 kB
CmaTotal:         405504 kB
CmaFree:               0 kB
MemTotal:        7918588 kB
MemFree:          186704 kB
MemAvailable:     427120 kB
Buffers:             776 kB
Cached:           252044 kB
SwapCached:         7812 kB
Active:          1272180 kB
Inactive:        3933404 kB
Active(anon):    1107480 kB
Inactive(anon):  3863636 kB
Active(file):     164700 kB
Inactive(file):    69768 kB
Unevictable:        6608 kB
Mlocked:            6168 kB
SwapTotal:       4718584 kB
SwapFree:        3989368 kB
Dirty:               176 kB
Writeback:             0 kB
AnonPages:       4955300 kB
Mapped:           413232 kB
Shmem:             13552 kB
KReclaimable:     392144 kB
Slab:             308592 kB
SReclaimable:      76740 kB
SUnreclaim:       231852 kB
KernelStack:       48000 kB
ShadowCallStack:   12032 kB
PageTables:        84176 kB
NFS_Unstable:          0 kB
Bounce:                0 kB
WritebackTmp:          0 kB
CommitLimit:     8677876 kB
Committed_AS:   76021192 kB
VmallocTotal:   263061440 kB
VmallocUsed:      130804 kB
VmallocChunk:          0 kB
Percpu:             2448 kB
CmaTotal:         405504 kB
CmaFree:               0 kB
MemTotal:        7918588 kB
MemFree:          182348 kB
MemAvailable:     395028 kB
Buffers:             728 kB
Cached:           227332 kB
SwapCached:         7812 kB
Active:          1325556 kB
Inactive:        3898772 kB
Active(anon):    1150916 kB
Inactive(anon):  3863624 kB
Active(file):     174640 kB
Inactive(file):    35148 kB
Unevictable:        6608 kB
Mlocked:            6168 kB
SwapTotal:       4718584 kB
SwapFree:        3989368 kB
Dirty:               116 kB
Writeback:             0 kB
AnonPages:       4998584 kB
Mapped:           386144 kB
Shmem:             13552 kB
KReclaimable:     376748 kB
Slab:             308276 kB
SReclaimable:      76272 kB
SUnreclaim:       232004 kB
KernelStack:       48016 kB
ShadowCallStack:   12036 kB
PageTables:        84600 kB
NFS_Unstable:          0 kB
Bounce:                0 kB
WritebackTmp:          0 kB
CommitLimit:     8677876 kB
Committed_AS:   76103112 kB
VmallocTotal:   263061440 kB
VmallocUsed:      130824 kB
VmallocChunk:          0 kB
Percpu:             2448 kB
CmaTotal:         405504 kB
CmaFree:               0 kB
MemTotal:        7918588 kB
MemFree:          146164 kB
MemAvailable:     314320 kB
Buffers:             480 kB
Cached:           324788 kB
SwapCached:         3640 kB
Active:          1591900 kB
Inactive:        3713996 kB
Active(anon):    1284592 kB
Inactive(anon):  3713956 kB
Active(file):     307308 kB
Inactive(file):       40 kB
Unevictable:        6612 kB
Mlocked:            6172 kB
SwapTotal:       4718584 kB
SwapFree:        3940472 kB
Dirty:               212 kB
Writeback:             4 kB
AnonPages:       4986192 kB
Mapped:           389152 kB
Shmem:             13020 kB
KReclaimable:     324364 kB
Slab:             308148 kB
SReclaimable:      76260 kB
SUnreclaim:       231888 kB
KernelStack:       47216 kB
ShadowCallStack:   11832 kB
PageTables:        82464 kB
NFS_Unstable:          0 kB
Bounce:                0 kB
WritebackTmp:          0 kB
CommitLimit:     8677876 kB
Committed_AS:   72236692 kB
VmallocTotal:   263061440 kB
VmallocUsed:      129876 kB
VmallocChunk:          0 kB
Percpu:             2448 kB
CmaTotal:         405504 kB
CmaFree:               8 kB
MemTotal:        7918588 kB
MemFree:          191552 kB
MemAvailable:     446272 kB
Buffers:             484 kB
Cached:           343776 kB
SwapCached:         2200 kB
Active:          1806916 kB
Inactive:        3520228 kB
Active(anon):    1480472 kB
Inactive(anon):  3520148 kB
Active(file):     326444 kB
Inactive(file):       80 kB
Unevictable:        6612 kB
Mlocked:            6172 kB
SwapTotal:       4718584 kB
SwapFree:        3929720 kB
Dirty:               220 kB
Writeback:             0 kB
AnonPages:       4989420 kB
Mapped:           394380 kB
Shmem:             12848 kB
KReclaimable:     318420 kB
Slab:             308056 kB
SReclaimable:      76612 kB
SUnreclaim:       231444 kB
KernelStack:       46688 kB
ShadowCallStack:   11700 kB
PageTables:        80756 kB
NFS_Unstable:          0 kB
Bounce:                0 kB
WritebackTmp:          0 kB
CommitLimit:     8677876 kB
Committed_AS:   69646872 kB
VmallocTotal:   263061440 kB
VmallocUsed:      129152 kB
VmallocChunk:          0 kB
Percpu:             2448 kB
CmaTotal:         405504 kB
CmaFree:               0 kB
MemTotal:        7918588 kB
MemFree:          170612 kB
MemAvailable:     384228 kB
Buffers:             488 kB
Cached:           346256 kB
SwapCached:         2184 kB
Active:          2023816 kB
Inactive:        3360124 kB
Active(anon):    1694796 kB
Inactive(anon):  3360124 kB
Active(file):     329020 kB
Inactive(file):        0 kB
Unevictable:        6612 kB
Mlocked:            6172 kB
SwapTotal:       4718584 kB
SwapFree:        3929208 kB
Dirty:               224 kB
Writeback:             0 kB
AnonPages:       5043604 kB
Mapped:           395184 kB
Shmem:             12852 kB
KReclaimable:     283012 kB
Slab:             307820 kB
SReclaimable:      76452 kB
SUnreclaim:       231368 kB
KernelStack:       46688 kB
ShadowCallStack:   11700 kB
PageTables:        81092 kB
NFS_Unstable:          0 kB
Bounce:                0 kB
WritebackTmp:          0 kB
CommitLimit:     8677876 kB
Committed_AS:   69761556 kB
VmallocTotal:   263061440 kB
VmallocUsed:      129144 kB
VmallocChunk:          0 kB
Percpu:             2448 kB
CmaTotal:         405504 kB
CmaFree:               0 kB
MemTotal:        7918588 kB
MemFree:          160640 kB
MemAvailable:     343372 kB
Buffers:             496 kB
Cached:           350876 kB
SwapCached:         2180 kB
Active:          2372420 kB
Inactive:        3065552 kB
Active(anon):    2038924 kB
Inactive(anon):  3065416 kB
Active(file):     333496 kB
Inactive(file):      136 kB
Unevictable:        6612 kB
Mlocked:            6172 kB
SwapTotal:       4718584 kB
SwapFree:        3929464 kB
Dirty:                68 kB
Writeback:             0 kB
AnonPages:       5092992 kB
Mapped:           396320 kB
Shmem:             12852 kB
KReclaimable:     236124 kB
Slab:             307804 kB
SReclaimable:      76452 kB
SUnreclaim:       231352 kB
KernelStack:       46736 kB
ShadowCallStack:   11724 kB
PageTables:        81288 kB
NFS_Unstable:          0 kB
Bounce:                0 kB
WritebackTmp:          0 kB
CommitLimit:     8677876 kB
Committed_AS:   69843476 kB
VmallocTotal:   263061440 kB
VmallocUsed:      129172 kB
VmallocChunk:          0 kB
Percpu:             2448 kB
CmaTotal:         405504 kB
CmaFree:               0 kB
MemTotal:        7918588 kB
MemFree:          154096 kB
MemAvailable:     312404 kB
Buffers:             496 kB
Cached:           351132 kB
SwapCached:         2180 kB
Active:          3049228 kB
Inactive:        2441772 kB
Active(anon):    2715484 kB
Inactive(anon):  2441628 kB
Active(file):     333744 kB
Inactive(file):      144 kB
Unevictable:        6612 kB
Mlocked:            6172 kB
SwapTotal:       4718584 kB
SwapFree:        3925880 kB
Dirty:                96 kB
Writeback:             0 kB
AnonPages:       5145828 kB
Mapped:           396976 kB
Shmem:             12852 kB
KReclaimable:     186764 kB
Slab:             307808 kB
SReclaimable:      76452 kB
SUnreclaim:       231356 kB
KernelStack:       46768 kB
ShadowCallStack:   11712 kB
PageTables:        81700 kB
NFS_Unstable:          0 kB
Bounce:                0 kB
WritebackTmp:          0 kB
CommitLimit:     8677876 kB
Committed_AS:   69958164 kB
VmallocTotal:   263061440 kB
VmallocUsed:      129172 kB
VmallocChunk:          0 kB
Percpu:             2448 kB
CmaTotal:         405504 kB
CmaFree:               0 kB
MemTotal:        7918588 kB
MemFree:          178996 kB
MemAvailable:     324420 kB
Buffers:             496 kB
Cached:           352844 kB
SwapCached:         2128 kB
Active:          3929072 kB
Inactive:        1565108 kB
Active(anon):    3637224 kB
Inactive(anon):  1521348 kB
Active(file):     291848 kB
Inactive(file):    43760 kB
Unevictable:        6612 kB
Mlocked:            6172 kB
SwapTotal:       4718584 kB
SwapFree:        3874936 kB
Dirty:               116 kB
Writeback:             0 kB
AnonPages:       5147204 kB
Mapped:           397948 kB
Shmem:             12844 kB
KReclaimable:     157556 kB
Slab:             307900 kB
SReclaimable:      76452 kB
SUnreclaim:       231448 kB
KernelStack:       46704 kB
ShadowCallStack:   11720 kB
PageTables:        81620 kB
NFS_Unstable:          0 kB
Bounce:                0 kB
WritebackTmp:          0 kB
CommitLimit:     8677876 kB
Committed_AS:   70072852 kB
VmallocTotal:   263061440 kB
VmallocUsed:      129172 kB
VmallocChunk:          0 kB
Percpu:             2448 kB
CmaTotal:         405504 kB
CmaFree:               0 kB
MemTotal:        7918588 kB
MemFree:          163568 kB
MemAvailable:     312800 kB
Buffers:             496 kB
Cached:           356920 kB
SwapCached:         2132 kB
Active:          3970380 kB
Inactive:        1539132 kB
Active(anon):    3674468 kB
Inactive(anon):  1495372 kB
Active(file):     295912 kB
Inactive(file):    43760 kB
Unevictable:        6612 kB
Mlocked:            6172 kB
SwapTotal:       4718584 kB
SwapFree:        3851128 kB
Dirty:               128 kB
Writeback:             0 kB
AnonPages:       5158516 kB
Mapped:           399656 kB
Shmem:             12860 kB
KReclaimable:     157044 kB
Slab:             307856 kB
SReclaimable:      76452 kB
SUnreclaim:       231404 kB
KernelStack:       46736 kB
ShadowCallStack:   11716 kB
PageTables:        81616 kB
NFS_Unstable:          0 kB
Bounce:                0 kB
WritebackTmp:          0 kB
CommitLimit:     8677876 kB
Committed_AS:   70138408 kB
VmallocTotal:   263061440 kB
VmallocUsed:      129172 kB
VmallocChunk:          0 kB
Percpu:             2448 kB
CmaTotal:         405504 kB
CmaFree:               0 kB
MemTotal:        7918588 kB
MemFree:          227640 kB
MemAvailable:     327812 kB
Buffers:             532 kB
Cached:           363304 kB
SwapCached:         2136 kB
Active:          4084568 kB
Inactive:        1247272 kB
Active(anon):    3782404 kB
Inactive(anon):  1203396 kB
Active(file):     302164 kB
Inactive(file):    43876 kB
Unevictable:        6612 kB
Mlocked:            6172 kB
SwapTotal:       4718584 kB
SwapFree:        3583352 kB
Dirty:               116 kB
Writeback:             4 kB
AnonPages:       4974592 kB
Mapped:           403656 kB
Shmem:             12908 kB
KReclaimable:     149708 kB
Slab:             307912 kB
SReclaimable:      76452 kB
SUnreclaim:       231460 kB
KernelStack:       46864 kB
ShadowCallStack:   11732 kB
PageTables:        82224 kB
NFS_Unstable:          0 kB
Bounce:                0 kB
WritebackTmp:          0 kB
CommitLimit:     8677876 kB
Committed_AS:   70237108 kB
VmallocTotal:   263061440 kB
VmallocUsed:      129360 kB
VmallocChunk:          0 kB
Percpu:             2448 kB
CmaTotal:         405504 kB
CmaFree:               0 kB
MemTotal:        7918588 kB
MemFree:          197212 kB
MemAvailable:     298112 kB
Buffers:             532 kB
Cached:           365268 kB
SwapCached:         1704 kB
Active:          4152900 kB
Inactive:        1195716 kB
Active(anon):    3848712 kB
Inactive(anon):  1151800 kB
Active(file):     304188 kB
Inactive(file):    43916 kB
Unevictable:        6612 kB
Mlocked:            6172 kB
SwapTotal:       4718584 kB
SwapFree:        3545976 kB
Dirty:               136 kB
Writeback:             0 kB
AnonPages:       4989296 kB
Mapped:           404924 kB
Shmem:             12808 kB
KReclaimable:     149100 kB
Slab:             308048 kB
SReclaimable:      76452 kB
SUnreclaim:       231596 kB
KernelStack:       46832 kB
ShadowCallStack:   11736 kB
PageTables:        82216 kB
NFS_Unstable:          0 kB
Bounce:                0 kB
WritebackTmp:          0 kB
CommitLimit:     8677876 kB
Committed_AS:   70335408 kB
VmallocTotal:   263061440 kB
VmallocUsed:      129328 kB
VmallocChunk:          0 kB
Percpu:             2448 kB
CmaTotal:         405504 kB
CmaFree:               0 kB
MemTotal:        7918588 kB
MemFree:          209352 kB
MemAvailable:     437376 kB
Buffers:             440 kB
Cached:           364836 kB
SwapCached:         1672 kB
Active:          4935620 kB
Inactive:         406272 kB
Active(anon):    4631416 kB
Inactive(anon):   362672 kB
Active(file):     304204 kB
Inactive(file):    43600 kB
Unevictable:        6612 kB
Mlocked:            6172 kB
SwapTotal:       4718584 kB
SwapFree:        3534456 kB
Dirty:               140 kB
Writeback:             0 kB
AnonPages:       4983100 kB
Mapped:           404500 kB
Shmem:             12584 kB
KReclaimable:     270444 kB
Slab:             307824 kB
SReclaimable:      76308 kB
SUnreclaim:       231516 kB
KernelStack:       46736 kB
ShadowCallStack:   11696 kB
PageTables:        82260 kB
NFS_Unstable:          0 kB
Bounce:                0 kB
WritebackTmp:          0 kB
CommitLimit:     8677876 kB
Committed_AS:   70416932 kB
VmallocTotal:   263061440 kB
VmallocUsed:      129156 kB
VmallocChunk:          0 kB
Percpu:             2448 kB
CmaTotal:         405504 kB
CmaFree:            1732 kB
MemTotal:        7918588 kB
MemFree:          151808 kB
MemAvailable:     391064 kB
Buffers:             444 kB
Cached:           376832 kB
SwapCached:         1712 kB
Active:          4994576 kB
Inactive:         406232 kB
Active(anon):    4678476 kB
Inactive(anon):   362624 kB
Active(file):     316100 kB
Inactive(file):    43608 kB
Unevictable:        6612 kB
Mlocked:            6172 kB
SwapTotal:       4718584 kB
SwapFree:        3540600 kB
Dirty:                56 kB
Writeback:             0 kB
AnonPages:       5029996 kB
