MemTotal:        7918588 kB
MemFree:         3340880 kB
MemAvailable:    4833476 kB
Buffers:            3152 kB
Cached:          1281404 kB
SwapCached:         7744 kB
Active:          1254524 kB
Inactive:         646788 kB
Active(anon):     614808 kB
Inactive(anon):    22840 kB
Active(file):     639716 kB
Inactive(file):   623948 kB
Unevictable:        6364 kB
Mlocked:            5924 kB
SwapTotal:       4718584 kB
SwapFree:        3457692 kB
Dirty:            145680 kB
Writeback:             0 kB
AnonPages:        618928 kB
Mapped:           439580 kB
Shmem:             16252 kB
KReclaimable:     619156 kB
Slab:             319512 kB
SReclaimable:      92920 kB
SUnreclaim:       226592 kB
KernelStack:       47840 kB
ShadowCallStack:   11984 kB
PageTables:        62876 kB
NFS_Unstable:          0 kB
Bounce:                0 kB
WritebackTmp:          0 kB
CommitLimit:     8677876 kB
Committed_AS:   62525916 kB
VmallocTotal:   263061440 kB
VmallocUsed:      130820 kB
VmallocChunk:          0 kB
Percpu:             2520 kB
CmaTotal:         405504 kB
CmaFree:          282076 kB
MemTotal:        7918588 kB
MemFree:         3351376 kB
MemAvailable:    5124532 kB
Buffers:            3320 kB
Cached:          1292132 kB
SwapCached:         7844 kB
Active:          1243772 kB
Inactive:         647332 kB
Active(anon):     594156 kB
Inactive(anon):    22840 kB
Active(file):     649616 kB
Inactive(file):   624492 kB
Unevictable:        6364 kB
Mlocked:            5924 kB
SwapTotal:       4718584 kB
SwapFree:        3459740 kB
Dirty:            145680 kB
Writeback:             0 kB
AnonPages:        597512 kB
Mapped:           471852 kB
Shmem:             16704 kB
KReclaimable:     889272 kB
Slab:             319268 kB
SReclaimable:      93004 kB
SUnreclaim:       226264 kB
KernelStack:       48208 kB
ShadowCallStack:   12076 kB
PageTables:        63380 kB
NFS_Unstable:          0 kB
Bounce:                0 kB
WritebackTmp:          0 kB
CommitLimit:     8677876 kB
Committed_AS:   62566008 kB
VmallocTotal:   263061440 kB
VmallocUsed:      131224 kB
VmallocChunk:          0 kB
Percpu:             2520 kB
CmaTotal:         405504 kB
CmaFree:          282076 kB
MemTotal:        7918588 kB
MemFree:         3327948 kB
MemAvailable:    4927724 kB
Buffers:            3328 kB
Cached:          1292168 kB
SwapCached:         7852 kB
Active:          1265436 kB
Inactive:         647368 kB
Active(anon):     615820 kB
Inactive(anon):    22840 kB
Active(file):     649616 kB
Inactive(file):   624528 kB
Unevictable:        6364 kB
Mlocked:            5924 kB
SwapTotal:       4718584 kB
SwapFree:        3460252 kB
Dirty:            145680 kB
Writeback:             4 kB
AnonPages:        619056 kB
Mapped:           492068 kB
Shmem:             16712 kB
KReclaimable:     715856 kB
Slab:             319760 kB
SReclaimable:      93036 kB
SUnreclaim:       226724 kB
KernelStack:       48144 kB
ShadowCallStack:   12092 kB
PageTables:        63520 kB
NFS_Unstable:          0 kB
Bounce:                0 kB
WritebackTmp:          0 kB
CommitLimit:     8677876 kB
Committed_AS:   62586988 kB
VmallocTotal:   263061440 kB
VmallocUsed:      131260 kB
VmallocChunk:          0 kB
Percpu:             2520 kB
CmaTotal:         405504 kB
CmaFree:          282076 kB
MemTotal:        7918588 kB
MemFree:         3323336 kB
MemAvailable:    4922448 kB
Buffers:            3344 kB
Cached:          1292192 kB
SwapCached:         7852 kB
Active:          1269352 kB
Inactive:         647388 kB
Active(anon):     619736 kB
Inactive(anon):    22820 kB
Active(file):     649616 kB
Inactive(file):   624568 kB
Unevictable:        6364 kB
Mlocked:            5924 kB
SwapTotal:       4718584 kB
SwapFree:        3460252 kB
Dirty:            145752 kB
Writeback:             0 kB
AnonPages:        623036 kB
Mapped:           492716 kB
Shmem:             16712 kB
KReclaimable:     715152 kB
Slab:             320008 kB
SReclaimable:      93036 kB
SUnreclaim:       226972 kB
KernelStack:       48192 kB
ShadowCallStack:   12072 kB
PageTables:        63532 kB
NFS_Unstable:          0 kB
Bounce:                0 kB
WritebackTmp:          0 kB
CommitLimit:     8677876 kB
Committed_AS:   62586992 kB
VmallocTotal:   263061440 kB
VmallocUsed:      131264 kB
VmallocChunk:          0 kB
Percpu:             2520 kB
CmaTotal:         405504 kB
CmaFree:          282076 kB
MemTotal:        7918588 kB
MemFree:         3320344 kB
MemAvailable:    4919408 kB
Buffers:            3352 kB
Cached:          1292204 kB
SwapCached:         7852 kB
Active:          1274648 kB
Inactive:         647388 kB
Active(anon):     625032 kB
Inactive(anon):    22820 kB
Active(file):     649616 kB
Inactive(file):   624568 kB
Unevictable:        6364 kB
Mlocked:            5924 kB
SwapTotal:       4718584 kB
SwapFree:        3463324 kB
Dirty:            145752 kB
Writeback:             0 kB
AnonPages:        628268 kB
Mapped:           493300 kB
Shmem:             16732 kB
KReclaimable:     715104 kB
Slab:             320096 kB
SReclaimable:      93036 kB
SUnreclaim:       227060 kB
KernelStack:       48176 kB
ShadowCallStack:   12080 kB
PageTables:        63564 kB
NFS_Unstable:          0 kB
Bounce:                0 kB
WritebackTmp:          0 kB
CommitLimit:     8677876 kB
Committed_AS:   62587204 kB
VmallocTotal:   263061440 kB
VmallocUsed:      131244 kB
VmallocChunk:          0 kB
Percpu:             2520 kB
CmaTotal:         405504 kB
CmaFree:          283292 kB
MemTotal:        7918588 kB
MemFree:         3323456 kB
MemAvailable:    4942692 kB
Buffers:            3376 kB
Cached:          1292380 kB
SwapCached:         7852 kB
Active:          1271584 kB
Inactive:         647412 kB
Active(anon):     621888 kB
Inactive(anon):    22796 kB
Active(file):     649696 kB
Inactive(file):   624616 kB
Unevictable:        6364 kB
Mlocked:            5924 kB
SwapTotal:       4718584 kB
SwapFree:        3463324 kB
Dirty:            145828 kB
Writeback:             0 kB
AnonPages:        625104 kB
Mapped:           493664 kB
Shmem:             16804 kB
KReclaimable:     735148 kB
Slab:             320020 kB
SReclaimable:      93036 kB
SUnreclaim:       226984 kB
KernelStack:       48032 kB
ShadowCallStack:   12024 kB
PageTables:        63492 kB
NFS_Unstable:          0 kB
Bounce:                0 kB
WritebackTmp:          0 kB
CommitLimit:     8677876 kB
Committed_AS:   62586720 kB
VmallocTotal:   263061440 kB
VmallocUsed:      130760 kB
VmallocChunk:          0 kB
Percpu:             2520 kB
CmaTotal:         405504 kB
CmaFree:          283296 kB
MemTotal:        7918588 kB
MemFree:         3304800 kB
MemAvailable:    4924212 kB
Buffers:            3376 kB
Cached:          1292380 kB
SwapCached:         7852 kB
Active:          1291456 kB
Inactive:         647412 kB
Active(anon):     641760 kB
Inactive(anon):    22796 kB
Active(file):     649696 kB
Inactive(file):   624616 kB
Unevictable:        6364 kB
Mlocked:            5924 kB
SwapTotal:       4718584 kB
SwapFree:        3463324 kB
Dirty:             18328 kB
Writeback:            56 kB
AnonPages:        644776 kB
Mapped:           495120 kB
Shmem:             16804 kB
KReclaimable:     735324 kB
Slab:             319904 kB
SReclaimable:      93052 kB
SUnreclaim:       226852 kB
KernelStack:       48000 kB
ShadowCallStack:   12032 kB
PageTables:        63444 kB
NFS_Unstable:          0 kB
Bounce:                0 kB
WritebackTmp:          0 kB
CommitLimit:     8677876 kB
Committed_AS:   62607484 kB
VmallocTotal:   263061440 kB
VmallocUsed:      130748 kB
VmallocChunk:          0 kB
Percpu:             2520 kB
CmaTotal:         405504 kB
CmaFree:          283288 kB
MemTotal:        7918588 kB
MemFree:         3111084 kB
MemAvailable:    4665868 kB
Buffers:            3384 kB
Cached:          1293400 kB
SwapCached:         7852 kB
Active:          1484600 kB
Inactive:         647428 kB
Active(anon):     833892 kB
Inactive(anon):    22796 kB
Active(file):     650708 kB
Inactive(file):   624632 kB
Unevictable:        6364 kB
Mlocked:            5924 kB
SwapTotal:       4718584 kB
SwapFree:        3463324 kB
Dirty:             18176 kB
Writeback:             0 kB
AnonPages:        837152 kB
Mapped:           573760 kB
Shmem:             16804 kB
KReclaimable:     669668 kB
Slab:             320204 kB
SReclaimable:      93068 kB
SUnreclaim:       227136 kB
KernelStack:       48000 kB
ShadowCallStack:   12032 kB
PageTables:        64024 kB
NFS_Unstable:          0 kB
Bounce:                0 kB
WritebackTmp:          0 kB
CommitLimit:     8677876 kB
Committed_AS:   62913488 kB
VmallocTotal:   263061440 kB
VmallocUsed:      130768 kB
VmallocChunk:          0 kB
Percpu:             2520 kB
CmaTotal:         405504 kB
CmaFree:          283292 kB
MemTotal:        7918588 kB
MemFree:         3093804 kB
MemAvailable:    4646688 kB
Buffers:            3384 kB
Cached:          1293420 kB
SwapCached:         7856 kB
Active:          1501276 kB
Inactive:         647448 kB
Active(anon):     850568 kB
Inactive(anon):    22796 kB
Active(file):     650708 kB
Inactive(file):   624652 kB
Unevictable:        6364 kB
Mlocked:            5924 kB
SwapTotal:       4718584 kB
SwapFree:        3463324 kB
Dirty:             18184 kB
Writeback:             0 kB
AnonPages:        853704 kB
Mapped:           579636 kB
Shmem:             16804 kB
KReclaimable:     667748 kB
Slab:             320248 kB
SReclaimable:      93084 kB
SUnreclaim:       227164 kB
KernelStack:       48032 kB
ShadowCallStack:   12032 kB
PageTables:        64272 kB
NFS_Unstable:          0 kB
Bounce:                0 kB
WritebackTmp:          0 kB
CommitLimit:     8677876 kB
Committed_AS:   62969424 kB
VmallocTotal:   263061440 kB
VmallocUsed:      130756 kB
VmallocChunk:          0 kB
Percpu:             2520 kB
CmaTotal:         405504 kB
CmaFree:          283292 kB
MemTotal:        7918588 kB
MemFree:         3023152 kB
MemAvailable:    4538292 kB
Buffers:            3404 kB
Cached:          1293608 kB
SwapCached:         7860 kB
Active:          1570768 kB
Inactive:         647584 kB
Active(anon):     919988 kB
Inactive(anon):    22796 kB
Active(file):     650780 kB
Inactive(file):   624788 kB
Unevictable:        6364 kB
Mlocked:            5924 kB
SwapTotal:       4718584 kB
SwapFree:        3463324 kB
Dirty:             18188 kB
Writeback:             0 kB
AnonPages:        923168 kB
Mapped:           591840 kB
Shmem:             16804 kB
KReclaimable:     630048 kB
Slab:             320556 kB
SReclaimable:      93084 kB
SUnreclaim:       227472 kB
KernelStack:       48096 kB
ShadowCallStack:   12016 kB
PageTables:        64824 kB
NFS_Unstable:          0 kB
Bounce:                0 kB
WritebackTmp:          0 kB
CommitLimit:     8677876 kB
Committed_AS:   63142620 kB
VmallocTotal:   263061440 kB
VmallocUsed:      130864 kB
VmallocChunk:          0 kB
Percpu:             2520 kB
CmaTotal:         405504 kB
CmaFree:          283292 kB
MemTotal:        7918588 kB
MemFree:         2918480 kB
MemAvailable:    4432700 kB
Buffers:            3404 kB
Cached:          1293584 kB
SwapCached:         7860 kB
Active:          1674920 kB
Inactive:         647556 kB
Active(anon):    1024140 kB
Inactive(anon):    22796 kB
Active(file):     650780 kB
Inactive(file):   624760 kB
Unevictable:        6364 kB
Mlocked:            5924 kB
SwapTotal:       4718584 kB
SwapFree:        3463324 kB
Dirty:             18192 kB
Writeback:             0 kB
AnonPages:       1027184 kB
Mapped:           592952 kB
Shmem:             16808 kB
KReclaimable:     628904 kB
Slab:             320600 kB
SReclaimable:      93084 kB
SUnreclaim:       227516 kB
KernelStack:       48080 kB
ShadowCallStack:   12044 kB
PageTables:        65260 kB
NFS_Unstable:          0 kB
Bounce:                0 kB
WritebackTmp:          0 kB
CommitLimit:     8677876 kB
Committed_AS:   63421152 kB
VmallocTotal:   263061440 kB
VmallocUsed:      130856 kB
VmallocChunk:          0 kB
Percpu:             2520 kB
CmaTotal:         405504 kB
CmaFree:          283292 kB
MemTotal:        7918588 kB
MemFree:         2846992 kB
MemAvailable:    4360140 kB
Buffers:            3404 kB
Cached:          1293584 kB
SwapCached:         7860 kB
Active:          1746336 kB
Inactive:         647556 kB
Active(anon):    1095556 kB
Inactive(anon):    22796 kB
Active(file):     650780 kB
Inactive(file):   624760 kB
Unevictable:        6364 kB
Mlocked:            5924 kB
SwapTotal:       4718584 kB
SwapFree:        3463836 kB
Dirty:             17164 kB
Writeback:             0 kB
AnonPages:       1098760 kB
Mapped:           593776 kB
Shmem:             16808 kB
KReclaimable:     627832 kB
Slab:             320460 kB
SReclaimable:      93084 kB
SUnreclaim:       227376 kB
KernelStack:       47936 kB
ShadowCallStack:   12008 kB
PageTables:        65576 kB
NFS_Unstable:          0 kB
Bounce:                0 kB
WritebackTmp:          0 kB
CommitLimit:     8677876 kB
Committed_AS:   63601064 kB
VmallocTotal:   263061440 kB
VmallocUsed:      130744 kB
VmallocChunk:          0 kB
Percpu:             2520 kB
CmaTotal:         405504 kB
CmaFree:          283292 kB
MemTotal:        7918588 kB
MemFree:         2734964 kB
MemAvailable:    4238400 kB
Buffers:            3412 kB
Cached:          1293596 kB
SwapCached:         7860 kB
Active:          1858096 kB
Inactive:         647576 kB
Active(anon):    1207316 kB
Inactive(anon):    22796 kB
Active(file):     650780 kB
Inactive(file):   624780 kB
Unevictable:        6364 kB
Mlocked:            5924 kB
SwapTotal:       4718584 kB
SwapFree:        3463836 kB
Dirty:             17148 kB
Writeback:             0 kB
AnonPages:       1210616 kB
Mapped:           594556 kB
Shmem:             16808 kB
KReclaimable:     618100 kB
Slab:             320648 kB
SReclaimable:      93084 kB
SUnreclaim:       227564 kB
KernelStack:       47904 kB
ShadowCallStack:   12000 kB
PageTables:        66196 kB
NFS_Unstable:          0 kB
Bounce:                0 kB
WritebackTmp:          0 kB
CommitLimit:     8677876 kB
Committed_AS:   63879332 kB
VmallocTotal:   263061440 kB
VmallocUsed:      130640 kB
VmallocChunk:          0 kB
Percpu:             2520 kB
CmaTotal:         405504 kB
CmaFree:          283292 kB
MemTotal:        7918588 kB
MemFree:         2609468 kB
MemAvailable:    3990508 kB
Buffers:            3412 kB
Cached:          1293832 kB
SwapCached:         7860 kB
Active:          1983160 kB
Inactive:         647600 kB
Active(anon):    1332224 kB
Inactive(anon):    22796 kB
Active(file):     650936 kB
Inactive(file):   624804 kB
Unevictable:        6364 kB
Mlocked:            5924 kB
SwapTotal:       4718584 kB
SwapFree:        3463836 kB
Dirty:             17196 kB
Writeback:             0 kB
AnonPages:       1335476 kB
Mapped:           596064 kB
Shmem:             16864 kB
KReclaimable:     495524 kB
Slab:             320912 kB
SReclaimable:      93084 kB
SUnreclaim:       227828 kB
KernelStack:       47984 kB
ShadowCallStack:   12016 kB
PageTables:        66640 kB
NFS_Unstable:          0 kB
Bounce:                0 kB
WritebackTmp:          0 kB
CommitLimit:     8677876 kB
Committed_AS:   64109060 kB
VmallocTotal:   263061440 kB
VmallocUsed:      130748 kB
VmallocChunk:          0 kB
Percpu:             2520 kB
CmaTotal:         405504 kB
CmaFree:          283292 kB
MemTotal:        7918588 kB
MemFree:         2513192 kB
MemAvailable:    3892836 kB
Buffers:            3412 kB
Cached:          1293940 kB
SwapCached:         7860 kB
Active:          2080136 kB
Inactive:         647572 kB
Active(anon):    1429200 kB
Inactive(anon):    22772 kB
Active(file):     650936 kB
Inactive(file):   624800 kB
Unevictable:        6364 kB
Mlocked:            5924 kB
SwapTotal:       4718584 kB
SwapFree:        3468700 kB
Dirty:             17220 kB
Writeback:             0 kB
AnonPages:       1432188 kB
Mapped:           596920 kB
Shmem:             16976 kB
KReclaimable:     494132 kB
Slab:             320744 kB
SReclaimable:      93020 kB
SUnreclaim:       227724 kB
KernelStack:       48000 kB
ShadowCallStack:   12024 kB
PageTables:        67176 kB
NFS_Unstable:          0 kB
Bounce:                0 kB
WritebackTmp:          0 kB
CommitLimit:     8677876 kB
Committed_AS:   64338444 kB
VmallocTotal:   263061440 kB
VmallocUsed:      130792 kB
VmallocChunk:          0 kB
Percpu:             2520 kB
CmaTotal:         405504 kB
CmaFree:          283292 kB
MemTotal:        7918588 kB
MemFree:         2458224 kB
MemAvailable:    3958100 kB
Buffers:            3444 kB
Cached:          1293780 kB
SwapCached:         7860 kB
Active:          2134984 kB
Inactive:         647604 kB
Active(anon):    1484048 kB
Inactive(anon):    22772 kB
Active(file):     650936 kB
Inactive(file):   624832 kB
Unevictable:        6364 kB
Mlocked:            5924 kB
SwapTotal:       4718584 kB
SwapFree:        3468700 kB
Dirty:             17328 kB
Writeback:             0 kB
AnonPages:       1487188 kB
Mapped:           597184 kB
Shmem:             16816 kB
KReclaimable:     614332 kB
Slab:             320748 kB
SReclaimable:      93020 kB
SUnreclaim:       227728 kB
KernelStack:       47888 kB
ShadowCallStack:   11996 kB
PageTables:        67680 kB
NFS_Unstable:          0 kB
Bounce:                0 kB
WritebackTmp:          0 kB
CommitLimit:     8677876 kB
Committed_AS:   64567424 kB
VmallocTotal:   263061440 kB
VmallocUsed:      130620 kB
VmallocChunk:          0 kB
Percpu:             2520 kB
CmaTotal:         405504 kB
CmaFree:          283292 kB
MemTotal:        7918588 kB
MemFree:         2375096 kB
MemAvailable:    3874204 kB
Buffers:            3444 kB
Cached:          1293776 kB
SwapCached:         7864 kB
Active:          2217740 kB
Inactive:         647604 kB
Active(anon):    1566804 kB
Inactive(anon):    22772 kB
Active(file):     650936 kB
Inactive(file):   624832 kB
Unevictable:        6364 kB
Mlocked:            5924 kB
SwapTotal:       4718584 kB
SwapFree:        3468700 kB
Dirty:             17328 kB
Writeback:             0 kB
AnonPages:       1569980 kB
Mapped:           597748 kB
Shmem:             16816 kB
KReclaimable:     613564 kB
Slab:             320648 kB
SReclaimable:      93020 kB
SUnreclaim:       227628 kB
KernelStack:       47712 kB
ShadowCallStack:   12000 kB
PageTables:        68076 kB
NFS_Unstable:          0 kB
Bounce:                0 kB
WritebackTmp:          0 kB
CommitLimit:     8677876 kB
Committed_AS:   64796176 kB
VmallocTotal:   263061440 kB
VmallocUsed:      130412 kB
VmallocChunk:          0 kB
Percpu:             2520 kB
CmaTotal:         405504 kB
CmaFree:          283292 kB
MemTotal:        7918588 kB
MemFree:         2284488 kB
MemAvailable:    3782088 kB
Buffers:            3444 kB
Cached:          1293804 kB
SwapCached:         7864 kB
Active:          2309028 kB
Inactive:         647624 kB
Active(anon):    1658092 kB
Inactive(anon):    22772 kB
Active(file):     650936 kB
Inactive(file):   624852 kB
Unevictable:        6364 kB
Mlocked:            5924 kB
SwapTotal:       4718584 kB
SwapFree:        3468700 kB
Dirty:             17356 kB
Writeback:             0 kB
AnonPages:       1661232 kB
Mapped:           598652 kB
Shmem:             16820 kB
KReclaimable:     612036 kB
Slab:             320760 kB
SReclaimable:      93020 kB
SUnreclaim:       227740 kB
KernelStack:       47664 kB
ShadowCallStack:   11940 kB
PageTables:        68348 kB
NFS_Unstable:          0 kB
Bounce:                0 kB
WritebackTmp:          0 kB
CommitLimit:     8677876 kB
Committed_AS:   65009072 kB
VmallocTotal:   263061440 kB
VmallocUsed:      130332 kB
VmallocChunk:          0 kB
Percpu:             2520 kB
CmaTotal:         405504 kB
CmaFree:          283292 kB
MemTotal:        7918588 kB
MemFree:         2224208 kB
MemAvailable:    3721400 kB
Buffers:            3444 kB
Cached:          1293804 kB
SwapCached:         7864 kB
Active:          2368304 kB
Inactive:         647624 kB
Active(anon):    1717368 kB
Inactive(anon):    22772 kB
Active(file):     650936 kB
Inactive(file):   624852 kB
Unevictable:        6364 kB
Mlocked:            5924 kB
SwapTotal:       4718584 kB
SwapFree:        3468700 kB
Dirty:             17356 kB
Writeback:             0 kB
AnonPages:       1720672 kB
Mapped:           598788 kB
Shmem:             16820 kB
KReclaimable:     611628 kB
Slab:             320688 kB
SReclaimable:      93020 kB
SUnreclaim:       227668 kB
KernelStack:       47632 kB
ShadowCallStack:   11952 kB
PageTables:        68600 kB
NFS_Unstable:          0 kB
Bounce:                0 kB
WritebackTmp:          0 kB
CommitLimit:     8677876 kB
Committed_AS:   65156524 kB
VmallocTotal:   263061440 kB
VmallocUsed:      130328 kB
VmallocChunk:          0 kB
Percpu:             2520 kB
CmaTotal:         405504 kB
CmaFree:          283292 kB
MemTotal:        7918588 kB
MemFree:         2147104 kB
MemAvailable:    3643528 kB
Buffers:            3452 kB
Cached:          1293804 kB
SwapCached:         7864 kB
Active:          2444604 kB
Inactive:         647632 kB
Active(anon):    1793668 kB
Inactive(anon):    22772 kB
Active(file):     650936 kB
Inactive(file):   624860 kB
Unevictable:        6364 kB
Mlocked:            5924 kB
SwapTotal:       4718584 kB
SwapFree:        3468700 kB
Dirty:             17424 kB
Writeback:             0 kB
AnonPages:       1796848 kB
Mapped:           599404 kB
Shmem:             16820 kB
KReclaimable:     610852 kB
Slab:             320956 kB
SReclaimable:      93020 kB
SUnreclaim:       227936 kB
KernelStack:       47648 kB
ShadowCallStack:   11936 kB
PageTables:        68824 kB
NFS_Unstable:          0 kB
Bounce:                0 kB
WritebackTmp:          0 kB
CommitLimit:     8677876 kB
Committed_AS:   65320368 kB
VmallocTotal:   263061440 kB
VmallocUsed:      130328 kB
VmallocChunk:          0 kB
Percpu:             2520 kB
CmaTotal:         405504 kB
CmaFree:          283292 kB
MemTotal:        7918588 kB
MemFree:         2077664 kB
MemAvailable:    3572992 kB
Buffers:            3452 kB
Cached:          1293804 kB
SwapCached:         7864 kB
Active:          2514120 kB
Inactive:         647632 kB
Active(anon):    1863184 kB
Inactive(anon):    22772 kB
Active(file):     650936 kB
Inactive(file):   624860 kB
Unevictable:        6364 kB
Mlocked:            5924 kB
SwapTotal:       4718584 kB
SwapFree:        3468700 kB
Dirty:             17424 kB
Writeback:             0 kB
AnonPages:       1866360 kB
Mapped:           600128 kB
Shmem:             16820 kB
KReclaimable:     609756 kB
Slab:             320860 kB
SReclaimable:      93020 kB
SUnreclaim:       227840 kB
KernelStack:       47632 kB
ShadowCallStack:   11944 kB
PageTables:        69268 kB
NFS_Unstable:          0 kB
Bounce:                0 kB
WritebackTmp:          0 kB
CommitLimit:     8677876 kB
Committed_AS:   65500588 kB
VmallocTotal:   263061440 kB
VmallocUsed:      130344 kB
VmallocChunk:          0 kB
Percpu:             2520 kB
CmaTotal:         405504 kB
CmaFree:          283292 kB
MemTotal:        7918588 kB
MemFree:         2009748 kB
MemAvailable:    3504608 kB
Buffers:            3460 kB
Cached:          1293816 kB
SwapCached:         7864 kB
Active:          2581320 kB
Inactive:         647652 kB
Active(anon):    1930384 kB
Inactive(anon):    22772 kB
Active(file):     650936 kB
Inactive(file):   624880 kB
Unevictable:        6364 kB
Mlocked:            5924 kB
SwapTotal:       4718584 kB
SwapFree:        3468700 kB
Dirty:             17452 kB
Writeback:             0 kB
AnonPages:       1933544 kB
Mapped:           600532 kB
Shmem:             16820 kB
KReclaimable:     609268 kB
Slab:             321008 kB
SReclaimable:      93020 kB
SUnreclaim:       227988 kB
KernelStack:       47648 kB
ShadowCallStack:   11936 kB
PageTables:        69624 kB
NFS_Unstable:          0 kB
Bounce:                0 kB
WritebackTmp:          0 kB
CommitLimit:     8677876 kB
Committed_AS:   65664432 kB
VmallocTotal:   263061440 kB
VmallocUsed:      130344 kB
VmallocChunk:          0 kB
Percpu:             2520 kB
CmaTotal:         405504 kB
CmaFree:          283292 kB
MemTotal:        7918588 kB
MemFree:         1940044 kB
MemAvailable:    3433920 kB
Buffers:            3460 kB
Cached:          1293824 kB
SwapCached:         7864 kB
Active:          2650684 kB
Inactive:         647660 kB
Active(anon):    1999748 kB
Inactive(anon):    22772 kB
Active(file):     650936 kB
Inactive(file):   624888 kB
Unevictable:        6364 kB
Mlocked:            5924 kB
SwapTotal:       4718584 kB
SwapFree:        3469724 kB
Dirty:             17460 kB
Writeback:             0 kB
AnonPages:       2003068 kB
Mapped:           598588 kB
Shmem:             16820 kB
KReclaimable:     608276 kB
Slab:             320968 kB
SReclaimable:      93004 kB
SUnreclaim:       227964 kB
KernelStack:       47648 kB
ShadowCallStack:   11924 kB
PageTables:        70024 kB
NFS_Unstable:          0 kB
Bounce:                0 kB
WritebackTmp:          0 kB
CommitLimit:     8677876 kB
Committed_AS:   65828216 kB
VmallocTotal:   263061440 kB
VmallocUsed:      130324 kB
VmallocChunk:          0 kB
Percpu:             2520 kB
CmaTotal:         405504 kB
CmaFree:          283292 kB
MemTotal:        7918588 kB
MemFree:         1873888 kB
MemAvailable:    3366968 kB
Buffers:            3460 kB
Cached:          1293832 kB
SwapCached:         7864 kB
Active:          2715696 kB
Inactive:         647664 kB
Active(anon):    2064760 kB
Inactive(anon):    22772 kB
Active(file):     650936 kB
Inactive(file):   624892 kB
Unevictable:        6364 kB
Mlocked:            5924 kB
SwapTotal:       4718584 kB
SwapFree:        3469724 kB
Dirty:             17464 kB
Writeback:             0 kB
AnonPages:       2067912 kB
Mapped:           599112 kB
Shmem:             16824 kB
KReclaimable:     607476 kB
Slab:             320984 kB
SReclaimable:      93020 kB
SUnreclaim:       227964 kB
KernelStack:       47600 kB
ShadowCallStack:   11920 kB
PageTables:        70044 kB
NFS_Unstable:          0 kB
Bounce:                0 kB
WritebackTmp:          0 kB
CommitLimit:     8677876 kB
Committed_AS:   65992060 kB
VmallocTotal:   263061440 kB
VmallocUsed:      130320 kB
VmallocChunk:          0 kB
Percpu:             2520 kB
CmaTotal:         405504 kB
CmaFree:          283292 kB
MemTotal:        7918588 kB
MemFree:         1827772 kB
MemAvailable:    3320280 kB
Buffers:            3476 kB
Cached:          1293844 kB
SwapCached:         7864 kB
Active:          2762976 kB
Inactive:         647640 kB
Active(anon):    2112040 kB
Inactive(anon):    22728 kB
Active(file):     650936 kB
Inactive(file):   624912 kB
Unevictable:        6364 kB
Mlocked:            5924 kB
SwapTotal:       4718584 kB
SwapFree:        3471004 kB
Dirty:             17468 kB
Writeback:             0 kB
AnonPages:       2115168 kB
Mapped:           599620 kB
Shmem:             16832 kB
KReclaimable:     606884 kB
Slab:             321168 kB
SReclaimable:      93004 kB
SUnreclaim:       228164 kB
KernelStack:       47648 kB
ShadowCallStack:   11936 kB
PageTables:        70480 kB
NFS_Unstable:          0 kB
Bounce:                0 kB
WritebackTmp:          0 kB
CommitLimit:     8677876 kB
Committed_AS:   66090376 kB
VmallocTotal:   263061440 kB
VmallocUsed:      130320 kB
VmallocChunk:          0 kB
Percpu:             2520 kB
CmaTotal:         405504 kB
CmaFree:          283420 kB
MemTotal:        7918588 kB
MemFree:         1743396 kB
MemAvailable:    3237944 kB
Buffers:            3476 kB
Cached:          1297304 kB
SwapCached:         7864 kB
Active:          2848596 kB
Inactive:         647568 kB
Active(anon):    2194236 kB
Inactive(anon):    22656 kB
Active(file):     654360 kB
Inactive(file):   624912 kB
Unevictable:        6364 kB
Mlocked:            5924 kB
SwapTotal:       4718584 kB
SwapFree:        3475868 kB
Dirty:             17468 kB
Writeback:             0 kB
AnonPages:       2197088 kB
Mapped:           602516 kB
Shmem:             16868 kB
KReclaimable:     605500 kB
Slab:             321196 kB
SReclaimable:      93004 kB
SUnreclaim:       228192 kB
KernelStack:       47616 kB
ShadowCallStack:   11944 kB
PageTables:        70936 kB
NFS_Unstable:          0 kB
Bounce:                0 kB
WritebackTmp:          0 kB
CommitLimit:     8677876 kB
Committed_AS:   66270596 kB
VmallocTotal:   263061440 kB
VmallocUsed:      130324 kB
VmallocChunk:          0 kB
Percpu:             2520 kB
CmaTotal:         405504 kB
CmaFree:          283420 kB
MemTotal:        7918588 kB
MemFree:         1700984 kB
MemAvailable:    3195220 kB
Buffers:            3508 kB
Cached:          1297304 kB
SwapCached:         7864 kB
Active:          2890300 kB
Inactive:         647600 kB
Active(anon):    2235940 kB
Inactive(anon):    22656 kB
Active(file):     654360 kB
Inactive(file):   624944 kB
Unevictable:        6364 kB
Mlocked:            5924 kB
SwapTotal:       4718584 kB
SwapFree:        3475868 kB
Dirty:             17472 kB
Writeback:             0 kB
AnonPages:       2239140 kB
Mapped:           602776 kB
Shmem:             16868 kB
KReclaimable:     605156 kB
Slab:             321404 kB
SReclaimable:      92956 kB
SUnreclaim:       228448 kB
KernelStack:       47632 kB
ShadowCallStack:   11932 kB
PageTables:        71124 kB
NFS_Unstable:          0 kB
Bounce:                0 kB
WritebackTmp:          0 kB
CommitLimit:     8677876 kB
Committed_AS:   66368852 kB
VmallocTotal:   263061440 kB
VmallocUsed:      130304 kB
VmallocChunk:          0 kB
Percpu:             2520 kB
CmaTotal:         405504 kB
CmaFree:          283420 kB
MemTotal:        7918588 kB
MemFree:         1656104 kB
MemAvailable:    3149716 kB
Buffers:            3508 kB
Cached:          1297304 kB
SwapCached:         7864 kB
Active:          2934304 kB
Inactive:         647600 kB
Active(anon):    2279944 kB
Inactive(anon):    22656 kB
Active(file):     654360 kB
Inactive(file):   624944 kB
Unevictable:        6364 kB
Mlocked:            5924 kB
SwapTotal:       4718584 kB
SwapFree:        3475868 kB
Dirty:             17472 kB
Writeback:             0 kB
AnonPages:       2283164 kB
Mapped:           603140 kB
Shmem:             16868 kB
KReclaimable:     604532 kB
Slab:             321052 kB
SReclaimable:      92956 kB
SUnreclaim:       228096 kB
KernelStack:       47568 kB
ShadowCallStack:   11916 kB
PageTables:        71252 kB
NFS_Unstable:          0 kB
Bounce:                0 kB
WritebackTmp:          0 kB
CommitLimit:     8677876 kB
Committed_AS:   66483380 kB
VmallocTotal:   263061440 kB
VmallocUsed:      130244 kB
VmallocChunk:          0 kB
Percpu:             2520 kB
CmaTotal:         405504 kB
CmaFree:          283420 kB
MemTotal:        7918588 kB
MemFree:         1609404 kB
MemAvailable:    3102260 kB
Buffers:            3508 kB
Cached:          1297308 kB
SwapCached:         7864 kB
Active:          2981068 kB
Inactive:         647604 kB
Active(anon):    2326708 kB
Inactive(anon):    22656 kB
Active(file):     654360 kB
Inactive(file):   624948 kB
Unevictable:        6364 kB
Mlocked:            5924 kB
SwapTotal:       4718584 kB
SwapFree:        3475868 kB
Dirty:             17476 kB
Writeback:             8 kB
AnonPages:       2329720 kB
Mapped:           603632 kB
Shmem:             16868 kB
KReclaimable:     603772 kB
Slab:             321124 kB
SReclaimable:      92956 kB
SUnreclaim:       228168 kB
KernelStack:       47568 kB
ShadowCallStack:   11940 kB
PageTables:        71304 kB
NFS_Unstable:          0 kB
Bounce:                0 kB
WritebackTmp:          0 kB
CommitLimit:     8677876 kB
Committed_AS:   66565248 kB
VmallocTotal:   263061440 kB
VmallocUsed:      130220 kB
VmallocChunk:          0 kB
Percpu:             2520 kB
CmaTotal:         405504 kB
CmaFree:          283420 kB
MemTotal:        7918588 kB
MemFree:         1589600 kB
MemAvailable:    3082192 kB
Buffers:            3508 kB
Cached:          1297316 kB
SwapCached:         7864 kB
Active:          3001108 kB
Inactive:         647612 kB
Active(anon):    2346748 kB
Inactive(anon):    22656 kB
Active(file):     654360 kB
Inactive(file):   624956 kB
Unevictable:        6364 kB
Mlocked:            5924 kB
SwapTotal:       4718584 kB
SwapFree:        3475868 kB
Dirty:             17488 kB
Writeback:             0 kB
AnonPages:       2349952 kB
Mapped:           603636 kB
Shmem:             16868 kB
KReclaimable:     603500 kB
Slab:             321152 kB
SReclaimable:      92924 kB
SUnreclaim:       228228 kB
KernelStack:       47552 kB
ShadowCallStack:   11912 kB
PageTables:        71560 kB
NFS_Unstable:          0 kB
Bounce:                0 kB
WritebackTmp:          0 kB
CommitLimit:     8677876 kB
Committed_AS:   66631808 kB
VmallocTotal:   263061440 kB
VmallocUsed:      130224 kB
VmallocChunk:          0 kB
Percpu:             2520 kB
CmaTotal:         405504 kB
CmaFree:          283420 kB
MemTotal:        7918588 kB
MemFree:         1518968 kB
MemAvailable:    3010296 kB
Buffers:            3508 kB
Cached:          1297316 kB
SwapCached:         7864 kB
Active:          3070436 kB
Inactive:         647612 kB
Active(anon):    2416076 kB
Inactive(anon):    22656 kB
Active(file):     654360 kB
Inactive(file):   624956 kB
Unevictable:        6364 kB
Mlocked:            5924 kB
SwapTotal:       4718584 kB
SwapFree:        3476124 kB
Dirty:             17488 kB
Writeback:             0 kB
AnonPages:       2419056 kB
Mapped:           604856 kB
Shmem:             16868 kB
KReclaimable:     602236 kB
Slab:             321232 kB
SReclaimable:      92924 kB
SUnreclaim:       228308 kB
KernelStack:       47568 kB
ShadowCallStack:   11924 kB
PageTables:        71828 kB
NFS_Unstable:          0 kB
Bounce:                0 kB
WritebackTmp:          0 kB
CommitLimit:     8677876 kB
Committed_AS:   66762880 kB
VmallocTotal:   263061440 kB
VmallocUsed:      130224 kB
VmallocChunk:          0 kB
Percpu:             2520 kB
CmaTotal:         405504 kB
CmaFree:          283420 kB
MemTotal:        7918588 kB
MemFree:         1503588 kB
MemAvailable:    2995732 kB
Buffers:            3508 kB
Cached:          1298324 kB
SwapCached:         7872 kB
Active:          3086808 kB
Inactive:         647568 kB
Active(anon):    2431448 kB
Inactive(anon):    22612 kB
Active(file):     655360 kB
Inactive(file):   624956 kB
Unevictable:        6364 kB
Mlocked:            5924 kB
SwapTotal:       4718584 kB
SwapFree:        3477916 kB
Dirty:             17488 kB
Writeback:             0 kB
AnonPages:       2434360 kB
Mapped:           605200 kB
Shmem:             16876 kB
KReclaimable:     602052 kB
Slab:             321100 kB
SReclaimable:      92924 kB
SUnreclaim:       228176 kB
KernelStack:       47488 kB
ShadowCallStack:   11928 kB
PageTables:        71984 kB
NFS_Unstable:          0 kB
Bounce:                0 kB
WritebackTmp:          0 kB
CommitLimit:     8677876 kB
Committed_AS:   66795656 kB
VmallocTotal:   263061440 kB
VmallocUsed:      130144 kB
VmallocChunk:          0 kB
Percpu:             2520 kB
CmaTotal:         405504 kB
CmaFree:          283548 kB
MemTotal:        7918588 kB
MemFree:         1459568 kB
MemAvailable:    2951264 kB
Buffers:            3520 kB
Cached:          1298344 kB
SwapCached:         7872 kB
Active:          3130916 kB
Inactive:         647600 kB
Active(anon):    2475556 kB
Inactive(anon):    22612 kB
Active(file):     655360 kB
Inactive(file):   624988 kB
Unevictable:        6364 kB
Mlocked:            5924 kB
SwapTotal:       4718584 kB
SwapFree:        3477916 kB
Dirty:               412 kB
Writeback:           100 kB
AnonPages:       2478444 kB
Mapped:           605436 kB
Shmem:             16876 kB
KReclaimable:     601572 kB
Slab:             321088 kB
SReclaimable:      92860 kB
SUnreclaim:       228228 kB
KernelStack:       47440 kB
ShadowCallStack:   11904 kB
PageTables:        71944 kB
NFS_Unstable:          0 kB
Bounce:                0 kB
WritebackTmp:          0 kB
CommitLimit:     8677876 kB
Committed_AS:   66893860 kB
VmallocTotal:   263061440 kB
VmallocUsed:      130084 kB
VmallocChunk:          0 kB
Percpu:             2520 kB
CmaTotal:         405504 kB
CmaFree:          283548 kB
MemTotal:        7918588 kB
MemFree:         1417428 kB
MemAvailable:    2908384 kB
Buffers:            3520 kB
Cached:          1298360 kB
SwapCached:         7872 kB
Active:          3173236 kB
Inactive:         647612 kB
Active(anon):    2517876 kB
Inactive(anon):    22612 kB
Active(file):     655360 kB
Inactive(file):   625000 kB
Unevictable:        6364 kB
Mlocked:            5924 kB
SwapTotal:       4718584 kB
SwapFree:        3477916 kB
Dirty:               368 kB
Writeback:             0 kB
AnonPages:       2520804 kB
Mapped:           605980 kB
Shmem:             16880 kB
KReclaimable:     600820 kB
Slab:             321296 kB
SReclaimable:      92860 kB
SUnreclaim:       228436 kB
KernelStack:       47472 kB
ShadowCallStack:   11892 kB
PageTables:        72260 kB
NFS_Unstable:          0 kB
Bounce:                0 kB
WritebackTmp:          0 kB
CommitLimit:     8677876 kB
Committed_AS:   66992168 kB
VmallocTotal:   263061440 kB
VmallocUsed:      130088 kB
VmallocChunk:          0 kB
Percpu:             2520 kB
CmaTotal:         405504 kB
CmaFree:          283548 kB
MemTotal:        7918588 kB
MemFree:         1358988 kB
MemAvailable:    2729920 kB
Buffers:            3528 kB
Cached:          1298372 kB
SwapCached:         7872 kB
Active:          3231604 kB
Inactive:         647620 kB
Active(anon):    2576244 kB
Inactive(anon):    22612 kB
Active(file):     655360 kB
Inactive(file):   625008 kB
Unevictable:        6364 kB
Mlocked:            5924 kB
SwapTotal:       4718584 kB
SwapFree:        3477916 kB
Dirty:               476 kB
Writeback:             0 kB
AnonPages:       2579252 kB
Mapped:           606432 kB
Shmem:             16892 kB
KReclaimable:     480788 kB
Slab:             321212 kB
SReclaimable:      92860 kB
SUnreclaim:       228352 kB
KernelStack:       47568 kB
ShadowCallStack:   11896 kB
PageTables:        72392 kB
NFS_Unstable:          0 kB
Bounce:                0 kB
WritebackTmp:          0 kB
CommitLimit:     8677876 kB
Committed_AS:   67074480 kB
VmallocTotal:   263061440 kB
VmallocUsed:      130236 kB
VmallocChunk:          0 kB
Percpu:             2520 kB
CmaTotal:         405504 kB
CmaFree:          283548 kB
MemTotal:        7918588 kB
MemFree:         1298768 kB
MemAvailable:    2658428 kB
Buffers:            3528 kB
Cached:          1298436 kB
SwapCached:         7872 kB
Active:          3291348 kB
Inactive:         647620 kB
Active(anon):    2635988 kB
Inactive(anon):    22612 kB
Active(file):     655360 kB
Inactive(file):   625008 kB
Unevictable:        6364 kB
Mlocked:            5924 kB
SwapTotal:       4718584 kB
SwapFree:        3477916 kB
Dirty:               492 kB
Writeback:             0 kB
AnonPages:       2638728 kB
Mapped:           607208 kB
Shmem:             16956 kB
KReclaimable:     469516 kB
Slab:             321272 kB
SReclaimable:      92860 kB
SUnreclaim:       228412 kB
KernelStack:       47552 kB
ShadowCallStack:   11936 kB
PageTables:        72652 kB
NFS_Unstable:          0 kB
Bounce:                0 kB
WritebackTmp:          0 kB
CommitLimit:     8677876 kB
Committed_AS:   67189168 kB
VmallocTotal:   263061440 kB
VmallocUsed:      130244 kB
VmallocChunk:          0 kB
Percpu:             2520 kB
CmaTotal:         405504 kB
CmaFree:          283548 kB
MemTotal:        7918588 kB
MemFree:         1324348 kB
MemAvailable:    2813888 kB
Buffers:            3552 kB
Cached:          1298360 kB
SwapCached:         7872 kB
Active:          3265012 kB
Inactive:         647644 kB
Active(anon):    2609652 kB
Inactive(anon):    22612 kB
Active(file):     655360 kB
Inactive(file):   625032 kB
Unevictable:        6364 kB
Mlocked:            5924 kB
SwapTotal:       4718584 kB
SwapFree:        3477916 kB
Dirty:               532 kB
Writeback:             0 kB
AnonPages:       2612664 kB
Mapped:           606840 kB
Shmem:             16880 kB
KReclaimable:     599372 kB
Slab:             321272 kB
SReclaimable:      92860 kB
SUnreclaim:       228412 kB
KernelStack:       47472 kB
ShadowCallStack:   11896 kB
PageTables:        72684 kB
NFS_Unstable:          0 kB
Bounce:                0 kB
WritebackTmp:          0 kB
CommitLimit:     8677876 kB
Committed_AS:   67205156 kB
VmallocTotal:   263061440 kB
VmallocUsed:      130088 kB
VmallocChunk:          0 kB
Percpu:             2520 kB
CmaTotal:         405504 kB
CmaFree:          283548 kB
MemTotal:        7918588 kB
MemFree:         1270444 kB
MemAvailable:    2759348 kB
Buffers:            3552 kB
Cached:          1298372 kB
SwapCached:         7872 kB
Active:          3319532 kB
Inactive:         647656 kB
Active(anon):    2664172 kB
Inactive(anon):    22612 kB
Active(file):     655360 kB
Inactive(file):   625044 kB
Unevictable:        6364 kB
Mlocked:            5924 kB
SwapTotal:       4718584 kB
SwapFree:        3477916 kB
Dirty:               544 kB
Writeback:             0 kB
AnonPages:       2667156 kB
Mapped:           607312 kB
Shmem:             16880 kB
KReclaimable:     598724 kB
Slab:             321332 kB
SReclaimable:      92860 kB
SUnreclaim:       228472 kB
KernelStack:       47472 kB
ShadowCallStack:   11892 kB
PageTables:        72956 kB
NFS_Unstable:          0 kB
Bounce:                0 kB
WritebackTmp:          0 kB
CommitLimit:     8677876 kB
Committed_AS:   67368996 kB
VmallocTotal:   263061440 kB
VmallocUsed:      130108 kB
VmallocChunk:          0 kB
Percpu:             2520 kB
CmaTotal:         405504 kB
CmaFree:          283548 kB
MemTotal:        7918588 kB
MemFree:         1234660 kB
MemAvailable:    2722604 kB
Buffers:            3552 kB
Cached:          1298372 kB
SwapCached:         7872 kB
Active:          3356780 kB
Inactive:         647656 kB
Active(anon):    2701420 kB
Inactive(anon):    22612 kB
Active(file):     655360 kB
Inactive(file):   625044 kB
Unevictable:        6364 kB
Mlocked:            5924 kB
SwapTotal:       4718584 kB
SwapFree:        3477916 kB
Dirty:               544 kB
Writeback:             0 kB
AnonPages:       2704360 kB
Mapped:           607728 kB
Shmem:             16880 kB
KReclaimable:     597764 kB
Slab:             321384 kB
SReclaimable:      92860 kB
SUnreclaim:       228524 kB
KernelStack:       47440 kB
ShadowCallStack:   11892 kB
PageTables:        73068 kB
NFS_Unstable:          0 kB
Bounce:                0 kB
WritebackTmp:          0 kB
CommitLimit:     8677876 kB
Committed_AS:   67431156 kB
VmallocTotal:   263061440 kB
VmallocUsed:      130100 kB
VmallocChunk:          0 kB
Percpu:             2520 kB
CmaTotal:         405504 kB
CmaFree:          269948 kB
MemTotal:        7918588 kB
MemFree:         1207696 kB
MemAvailable:    2695472 kB
Buffers:            3552 kB
Cached:          1298380 kB
SwapCached:         7872 kB
Active:          3382760 kB
Inactive:         647656 kB
Active(anon):    2727400 kB
Inactive(anon):    22612 kB
Active(file):     655360 kB
Inactive(file):   625044 kB
Unevictable:        6364 kB
Mlocked:            5924 kB
SwapTotal:       4718584 kB
SwapFree:        3477916 kB
Dirty:               544 kB
Writeback:             0 kB
AnonPages:       2730308 kB
Mapped:           607828 kB
Shmem:             16888 kB
KReclaimable:     597596 kB
Slab:             321292 kB
SReclaimable:      92860 kB
SUnreclaim:       228432 kB
KernelStack:       47472 kB
ShadowCallStack:   11892 kB
PageTables:        73280 kB
NFS_Unstable:          0 kB
Bounce:                0 kB
WritebackTmp:          0 kB
CommitLimit:     8677876 kB
Committed_AS:   67496700 kB
VmallocTotal:   263061440 kB
VmallocUsed:      130108 kB
VmallocChunk:          0 kB
Percpu:             2520 kB
CmaTotal:         405504 kB
CmaFree:          243884 kB
MemTotal:        7918588 kB
MemFree:         1165816 kB
MemAvailable:    2653104 kB
Buffers:            3552 kB
Cached:          1298388 kB
SwapCached:         7872 kB
Active:          3424504 kB
Inactive:         647664 kB
Active(anon):    2769144 kB
Inactive(anon):    22612 kB
Active(file):     655360 kB
Inactive(file):   625052 kB
Unevictable:        6364 kB
Mlocked:            5924 kB
SwapTotal:       4718584 kB
SwapFree:        3477916 kB
Dirty:               648 kB
Writeback:             0 kB
AnonPages:       2772048 kB
Mapped:           608224 kB
Shmem:             16888 kB
KReclaimable:     597100 kB
Slab:             321260 kB
SReclaimable:      92860 kB
SUnreclaim:       228400 kB
KernelStack:       47456 kB
ShadowCallStack:   11896 kB
PageTables:        73312 kB
NFS_Unstable:          0 kB
Bounce:                0 kB
WritebackTmp:          0 kB
CommitLimit:     8677876 kB
Committed_AS:   67595008 kB
VmallocTotal:   263061440 kB
VmallocUsed:      130104 kB
VmallocChunk:          0 kB
Percpu:             2520 kB
CmaTotal:         405504 kB
CmaFree:          202092 kB
MemTotal:        7918588 kB
MemFree:         1137324 kB
MemAvailable:    2624180 kB
Buffers:            3560 kB
Cached:          1298388 kB
SwapCached:         7872 kB
Active:          3452184 kB
Inactive:         647664 kB
Active(anon):    2796824 kB
Inactive(anon):    22604 kB
Active(file):     655360 kB
Inactive(file):   625060 kB
Unevictable:        6364 kB
Mlocked:            5924 kB
SwapTotal:       4718584 kB
SwapFree:        3477916 kB
Dirty:               648 kB
Writeback:             0 kB
AnonPages:       2799716 kB
Mapped:           608592 kB
Shmem:             16888 kB
KReclaimable:     596660 kB
Slab:             321284 kB
SReclaimable:      92860 kB
SUnreclaim:       228424 kB
KernelStack:       47440 kB
ShadowCallStack:   11892 kB
PageTables:        73472 kB
NFS_Unstable:          0 kB
Bounce:                0 kB
WritebackTmp:          0 kB
CommitLimit:     8677876 kB
Committed_AS:   67627772 kB
VmallocTotal:   263061440 kB
VmallocUsed:      130104 kB
VmallocChunk:          0 kB
Percpu:             2520 kB
CmaTotal:         405504 kB
CmaFree:          174080 kB
MemTotal:        7918588 kB
MemFree:         1090196 kB
MemAvailable:    2576560 kB
Buffers:            3560 kB
Cached:          1298392 kB
SwapCached:         7872 kB
Active:          3499208 kB
Inactive:         647668 kB
Active(anon):    2843848 kB
Inactive(anon):    22604 kB
Active(file):     655360 kB
Inactive(file):   625064 kB
Unevictable:        6364 kB
Mlocked:            5924 kB
SwapTotal:       4718584 kB
SwapFree:        3477916 kB
Dirty:               488 kB
Writeback:             0 kB
AnonPages:       2846920 kB
Mapped:           608916 kB
Shmem:             16888 kB
KReclaimable:     596164 kB
Slab:             321300 kB
SReclaimable:      92860 kB
SUnreclaim:       228440 kB
KernelStack:       47424 kB
ShadowCallStack:   11880 kB
PageTables:        73704 kB
NFS_Unstable:          0 kB
Bounce:                0 kB
WritebackTmp:          0 kB
CommitLimit:     8677876 kB
Committed_AS:   67758792 kB
VmallocTotal:   263061440 kB
VmallocUsed:      130076 kB
VmallocChunk:          0 kB
Percpu:             2520 kB
CmaTotal:         405504 kB
CmaFree:          127824 kB
MemTotal:        7918588 kB
MemFree:         1050576 kB
MemAvailable:    2536020 kB
Buffers:            3560 kB
Cached:          1298400 kB
SwapCached:         7872 kB
Active:          3538108 kB
Inactive:         647676 kB
Active(anon):    2882748 kB
Inactive(anon):    22604 kB
Active(file):     655360 kB
Inactive(file):   625072 kB
Unevictable:        6364 kB
Mlocked:            5924 kB
SwapTotal:       4718584 kB
SwapFree:        3477916 kB
Dirty:               392 kB
Writeback:             4 kB
AnonPages:       2885592 kB
Mapped:           609540 kB
Shmem:             16888 kB
KReclaimable:     595236 kB
Slab:             321368 kB
SReclaimable:      92860 kB
SUnreclaim:       228508 kB
KernelStack:       47440 kB
ShadowCallStack:   11868 kB
PageTables:        73796 kB
NFS_Unstable:          0 kB
Bounce:                0 kB
WritebackTmp:          0 kB
CommitLimit:     8677876 kB
Committed_AS:   67824328 kB
VmallocTotal:   263061440 kB
VmallocUsed:      130084 kB
VmallocChunk:          0 kB
Percpu:             2520 kB
CmaTotal:         405504 kB
CmaFree:           88804 kB
MemTotal:        7918588 kB
MemFree:         1035484 kB
MemAvailable:    2520840 kB
Buffers:            3560 kB
Cached:          1298408 kB
SwapCached:         7872 kB
Active:          3552760 kB
Inactive:         647684 kB
Active(anon):    2897400 kB
Inactive(anon):    22604 kB
Active(file):     655360 kB
Inactive(file):   625080 kB
Unevictable:        6364 kB
Mlocked:            5924 kB
SwapTotal:       4718584 kB
SwapFree:        3477916 kB
Dirty:               408 kB
Writeback:             0 kB
AnonPages:       2900304 kB
Mapped:           609684 kB
Shmem:             16888 kB
KReclaimable:     595140 kB
Slab:             321604 kB
SReclaimable:      92860 kB
SUnreclaim:       228744 kB
KernelStack:       47440 kB
ShadowCallStack:   11876 kB
PageTables:        73920 kB
NFS_Unstable:          0 kB
Bounce:                0 kB
WritebackTmp:          0 kB
CommitLimit:     8677876 kB
Committed_AS:   67873436 kB
VmallocTotal:   263061440 kB
VmallocUsed:      130064 kB
VmallocChunk:          0 kB
Percpu:             2520 kB
CmaTotal:         405504 kB
CmaFree:           73872 kB
MemTotal:        7918588 kB
MemFree:          977428 kB
MemAvailable:    2462008 kB
Buffers:            3560 kB
Cached:          1298472 kB
SwapCached:         7872 kB
Active:          3609276 kB
Inactive:         647748 kB
Active(anon):    2953916 kB
Inactive(anon):    22604 kB
Active(file):     655360 kB
Inactive(file):   625144 kB
Unevictable:        6364 kB
Mlocked:            5924 kB
SwapTotal:       4718584 kB
SwapFree:        3477916 kB
Dirty:               472 kB
Writeback:             0 kB
AnonPages:       2956796 kB
Mapped:           610008 kB
Shmem:             16888 kB
KReclaimable:     594300 kB
Slab:             321588 kB
SReclaimable:      92860 kB
SUnreclaim:       228728 kB
KernelStack:       47440 kB
ShadowCallStack:   11892 kB
PageTables:        74268 kB
NFS_Unstable:          0 kB
Bounce:                0 kB
WritebackTmp:          0 kB
CommitLimit:     8677876 kB
Committed_AS:   68004508 kB
VmallocTotal:   263061440 kB
VmallocUsed:      130064 kB
VmallocChunk:          0 kB
Percpu:             2520 kB
CmaTotal:         405504 kB
CmaFree:           16532 kB
MemTotal:        7918588 kB
MemFree:          954396 kB
MemAvailable:    2438524 kB
Buffers:            3584 kB
Cached:          1298460 kB
SwapCached:         7872 kB
Active:          3633584 kB
Inactive:         647760 kB
Active(anon):    2978224 kB
Inactive(anon):    22604 kB
Active(file):     655360 kB
Inactive(file):   625156 kB
Unevictable:        6364 kB
Mlocked:            5924 kB
SwapTotal:       4718584 kB
SwapFree:        3477916 kB
Dirty:               488 kB
Writeback:            20 kB
AnonPages:       2981160 kB
Mapped:           610280 kB
Shmem:             16888 kB
KReclaimable:     593836 kB
Slab:             321572 kB
SReclaimable:      92860 kB
SUnreclaim:       228712 kB
KernelStack:       47424 kB
ShadowCallStack:   11888 kB
PageTables:        74168 kB
NFS_Unstable:          0 kB
Bounce:                0 kB
WritebackTmp:          0 kB
CommitLimit:     8677876 kB
Committed_AS:   68037304 kB
VmallocTotal:   263061440 kB
VmallocUsed:      130064 kB
VmallocChunk:          0 kB
Percpu:             2520 kB
CmaTotal:         405504 kB
CmaFree:              20 kB
MemTotal:        7918588 kB
MemFree:          909500 kB
MemAvailable:    2393204 kB
Buffers:            3584 kB
Cached:          1298492 kB
SwapCached:         7872 kB
Active:          3678756 kB
Inactive:         647788 kB
Active(anon):    3023396 kB
Inactive(anon):    22600 kB
Active(file):     655360 kB
Inactive(file):   625188 kB
Unevictable:        6364 kB
Mlocked:            5924 kB
SwapTotal:       4718584 kB
SwapFree:        3477916 kB
Dirty:               232 kB
Writeback:             0 kB
AnonPages:       3026308 kB
Mapped:           610632 kB
Shmem:             16888 kB
KReclaimable:     593380 kB
Slab:             321544 kB
SReclaimable:      92860 kB
SUnreclaim:       228684 kB
KernelStack:       47440 kB
ShadowCallStack:   11892 kB
PageTables:        74540 kB
NFS_Unstable:          0 kB
Bounce:                0 kB
WritebackTmp:          0 kB
CommitLimit:     8677876 kB
Committed_AS:   68151964 kB
VmallocTotal:   263061440 kB
VmallocUsed:      130064 kB
VmallocChunk:          0 kB
Percpu:             2520 kB
CmaTotal:         405504 kB
CmaFree:               0 kB
MemTotal:        7918588 kB
MemFree:          872624 kB
MemAvailable:    2355624 kB
Buffers:            3584 kB
Cached:          1298492 kB
SwapCached:         7872 kB
Active:          3716172 kB
Inactive:         647788 kB
Active(anon):    3060812 kB
Inactive(anon):    22600 kB
Active(file):     655360 kB
Inactive(file):   625188 kB
Unevictable:        6364 kB
Mlocked:            5924 kB
SwapTotal:       4718584 kB
SwapFree:        3477916 kB
Dirty:               232 kB
Writeback:             0 kB
AnonPages:       3063652 kB
Mapped:           610900 kB
Shmem:             16888 kB
KReclaimable:     592676 kB
Slab:             321508 kB
SReclaimable:      92860 kB
SUnreclaim:       228648 kB
KernelStack:       47440 kB
ShadowCallStack:   11896 kB
PageTables:        74648 kB
NFS_Unstable:          0 kB
Bounce:                0 kB
WritebackTmp:          0 kB
CommitLimit:     8677876 kB
Committed_AS:   68233884 kB
VmallocTotal:   263061440 kB
VmallocUsed:      130064 kB
VmallocChunk:          0 kB
Percpu:             2520 kB
CmaTotal:         405504 kB
CmaFree:               0 kB
MemTotal:        7918588 kB
MemFree:          861072 kB
MemAvailable:    2344000 kB
Buffers:            3592 kB
Cached:          1298496 kB
SwapCached:         7872 kB
Active:          3726628 kB
Inactive:         647796 kB
Active(anon):    3071268 kB
Inactive(anon):    22600 kB
Active(file):     655360 kB
Inactive(file):   625196 kB
Unevictable:        6364 kB
Mlocked:            5924 kB
SwapTotal:       4718584 kB
SwapFree:        3477916 kB
Dirty:               232 kB
Writeback:             0 kB
AnonPages:       3074232 kB
Mapped:           611072 kB
Shmem:             16892 kB
KReclaimable:     592596 kB
Slab:             321548 kB
SReclaimable:      92860 kB
SUnreclaim:       228688 kB
KernelStack:       47408 kB
ShadowCallStack:   11884 kB
PageTables:        74664 kB
NFS_Unstable:          0 kB
Bounce:                0 kB
WritebackTmp:          0 kB
CommitLimit:     8677876 kB
Committed_AS:   68233888 kB
VmallocTotal:   263061440 kB
VmallocUsed:      130064 kB
VmallocChunk:          0 kB
Percpu:             2520 kB
CmaTotal:         405504 kB
CmaFree:               0 kB
MemTotal:        7918588 kB
MemFree:          803040 kB
MemAvailable:    2285200 kB
Buffers:            3592 kB
Cached:          1298496 kB
SwapCached:         7872 kB
Active:          3785332 kB
Inactive:         647796 kB
Active(anon):    3129972 kB
Inactive(anon):    22600 kB
Active(file):     655360 kB
Inactive(file):   625196 kB
Unevictable:        6364 kB
Mlocked:            5924 kB
SwapTotal:       4718584 kB
SwapFree:        3477916 kB
Dirty:               232 kB
Writeback:             0 kB
AnonPages:       3132744 kB
Mapped:           611604 kB
Shmem:             16892 kB
KReclaimable:     591828 kB
Slab:             321508 kB
SReclaimable:      92860 kB
SUnreclaim:       228648 kB
KernelStack:       47392 kB
ShadowCallStack:   11876 kB
PageTables:        75060 kB
NFS_Unstable:          0 kB
Bounce:                0 kB
WritebackTmp:          0 kB
CommitLimit:     8677876 kB
Committed_AS:   68381344 kB
VmallocTotal:   263061440 kB
VmallocUsed:      130056 kB
VmallocChunk:          0 kB
Percpu:             2520 kB
CmaTotal:         405504 kB
CmaFree:               0 kB
MemTotal:        7918588 kB
MemFree:          774304 kB
MemAvailable:    2256176 kB
Buffers:            3592 kB
Cached:          1298432 kB
SwapCached:         7872 kB
Active:          3811488 kB
Inactive:         647796 kB
Active(anon):    3156128 kB
Inactive(anon):    22600 kB
Active(file):     655360 kB
Inactive(file):   625196 kB
Unevictable:        6364 kB
Mlocked:            5924 kB
SwapTotal:       4718584 kB
SwapFree:        3477916 kB
Dirty:               232 kB
Writeback:             0 kB
AnonPages:       3159136 kB
Mapped:           611900 kB
Shmem:             16828 kB
KReclaimable:     591540 kB
Slab:             321680 kB
SReclaimable:      92860 kB
SUnreclaim:       228820 kB
KernelStack:       47456 kB
ShadowCallStack:   11884 kB
PageTables:        75128 kB
NFS_Unstable:          0 kB
Bounce:                0 kB
WritebackTmp:          0 kB
CommitLimit:     8677876 kB
Committed_AS:   68430432 kB
VmallocTotal:   263061440 kB
VmallocUsed:      130064 kB
VmallocChunk:          0 kB
Percpu:             2520 kB
CmaTotal:         405504 kB
CmaFree:               0 kB
MemTotal:        7918588 kB
MemFree:          758120 kB
MemAvailable:    2239952 kB
Buffers:            3600 kB
Cached:          1298444 kB
SwapCached:         7872 kB
Active:          3828428 kB
Inactive:         647816 kB
Active(anon):    3173068 kB
Inactive(anon):    22600 kB
Active(file):     655360 kB
Inactive(file):   625216 kB
Unevictable:        6364 kB
Mlocked:            5924 kB
SwapTotal:       4718584 kB
SwapFree:        3477916 kB
Dirty:               304 kB
Writeback:             0 kB
AnonPages:       3175940 kB
Mapped:           611988 kB
Shmem:             16828 kB
KReclaimable:     591480 kB
Slab:             321612 kB
SReclaimable:      92860 kB
SUnreclaim:       228752 kB
KernelStack:       47392 kB
ShadowCallStack:   11892 kB
PageTables:        75220 kB
NFS_Unstable:          0 kB
Bounce:                0 kB
WritebackTmp:          0 kB
CommitLimit:     8677876 kB
Committed_AS:   68479480 kB
VmallocTotal:   263061440 kB
VmallocUsed:      130032 kB
VmallocChunk:          0 kB
Percpu:             2520 kB
CmaTotal:         405504 kB
CmaFree:               0 kB
MemTotal:        7918588 kB
MemFree:          706444 kB
MemAvailable:    2187508 kB
Buffers:            3600 kB
Cached:          1298444 kB
SwapCached:         7872 kB
Active:          3878512 kB
Inactive:         647816 kB
Active(anon):    3223152 kB
Inactive(anon):    22600 kB
Active(file):     655360 kB
Inactive(file):   625216 kB
Unevictable:        6364 kB
Mlocked:            5924 kB
SwapTotal:       4718584 kB
SwapFree:        3477916 kB
Dirty:               308 kB
Writeback:             0 kB
AnonPages:       3226096 kB
Mapped:           612364 kB
Shmem:             16828 kB
KReclaimable:     590712 kB
Slab:             321648 kB
SReclaimable:      92860 kB
SUnreclaim:       228788 kB
KernelStack:       47376 kB
ShadowCallStack:   11876 kB
PageTables:        75392 kB
NFS_Unstable:          0 kB
Bounce:                0 kB
WritebackTmp:          0 kB
CommitLimit:     8677876 kB
Committed_AS:   68610500 kB
VmallocTotal:   263061440 kB
VmallocUsed:      129988 kB
VmallocChunk:          0 kB
Percpu:             2520 kB
CmaTotal:         405504 kB
CmaFree:               0 kB
MemTotal:        7918588 kB
MemFree:          685756 kB
MemAvailable:    2166492 kB
Buffers:            3600 kB
Cached:          1298444 kB
SwapCached:         7872 kB
Active:          3899868 kB
Inactive:         647816 kB
Active(anon):    3244508 kB
Inactive(anon):    22600 kB
Active(file):     655360 kB
Inactive(file):   625216 kB
Unevictable:        6364 kB
Mlocked:            5924 kB
SwapTotal:       4718584 kB
SwapFree:        3477916 kB
Dirty:               308 kB
Writeback:             0 kB
AnonPages:       3247512 kB
Mapped:           612564 kB
Shmem:             16828 kB
KReclaimable:     590384 kB
Slab:             321804 kB
SReclaimable:      92860 kB
SUnreclaim:       228944 kB
KernelStack:       47376 kB
ShadowCallStack:   11868 kB
PageTables:        75476 kB
NFS_Unstable:          0 kB
Bounce:                0 kB
WritebackTmp:          0 kB
CommitLimit:     8677876 kB
Committed_AS:   68626884 kB
VmallocTotal:   263061440 kB
VmallocUsed:      130000 kB
VmallocChunk:          0 kB
Percpu:             2520 kB
CmaTotal:         405504 kB
CmaFree:               0 kB
MemTotal:        7918588 kB
MemFree:          639108 kB
MemAvailable:    2119284 kB
Buffers:            3600 kB
Cached:          1298448 kB
SwapCached:         7872 kB
Active:          3945960 kB
Inactive:         647816 kB
Active(anon):    3290600 kB
Inactive(anon):    22600 kB
Active(file):     655360 kB
Inactive(file):   625216 kB
Unevictable:        6364 kB
Mlocked:            5924 kB
SwapTotal:       4718584 kB
SwapFree:        3477916 kB
Dirty:               308 kB
Writeback:             0 kB
AnonPages:       3293440 kB
Mapped:           612936 kB
Shmem:             16832 kB
KReclaimable:     589824 kB
Slab:             321876 kB
SReclaimable:      92860 kB
SUnreclaim:       229016 kB
KernelStack:       47376 kB
ShadowCallStack:   11868 kB
PageTables:        75608 kB
NFS_Unstable:          0 kB
Bounce:                0 kB
WritebackTmp:          0 kB
CommitLimit:     8677876 kB
Committed_AS:   68741768 kB
VmallocTotal:   263061440 kB
VmallocUsed:      130000 kB
VmallocChunk:          0 kB
Percpu:             2520 kB
CmaTotal:         405504 kB
CmaFree:               0 kB
MemTotal:        7918588 kB
MemFree:          560768 kB
MemAvailable:    1918996 kB
Buffers:            3624 kB
Cached:          1298448 kB
SwapCached:         7872 kB
Active:          4023108 kB
Inactive:         647836 kB
Active(anon):    3367748 kB
Inactive(anon):    22600 kB
Active(file):     655360 kB
Inactive(file):   625236 kB
Unevictable:        6364 kB
Mlocked:            5924 kB
SwapTotal:       4718584 kB
SwapFree:        3477916 kB
Dirty:               308 kB
Writeback:            20 kB
AnonPages:       3370776 kB
Mapped:           613828 kB
Shmem:             16836 kB
KReclaimable:     467856 kB
Slab:             321844 kB
SReclaimable:      92860 kB
SUnreclaim:       228984 kB
KernelStack:       47472 kB
ShadowCallStack:   11912 kB
PageTables:        75760 kB
NFS_Unstable:          0 kB
Bounce:                0 kB
WritebackTmp:          0 kB
CommitLimit:     8677876 kB
Committed_AS:   68824088 kB
VmallocTotal:   263061440 kB
VmallocUsed:      130160 kB
VmallocChunk:          0 kB
Percpu:             2520 kB
CmaTotal:         405504 kB
CmaFree:               0 kB
MemTotal:        7918588 kB
MemFree:          591004 kB
MemAvailable:    2070244 kB
Buffers:            3624 kB
Cached:          1298460 kB
SwapCached:         7872 kB
Active:          3994196 kB
Inactive:         647840 kB
Active(anon):    3338836 kB
Inactive(anon):    22592 kB
Active(file):     655360 kB
Inactive(file):   625248 kB
Unevictable:        6364 kB
Mlocked:            5924 kB
SwapTotal:       4718584 kB
SwapFree:        3477916 kB
Dirty:               420 kB
Writeback:             0 kB
AnonPages:       3341824 kB
Mapped:           613440 kB
Shmem:             16836 kB
KReclaimable:     588856 kB
Slab:             321832 kB
SReclaimable:      92860 kB
SUnreclaim:       228972 kB
KernelStack:       47360 kB
ShadowCallStack:   11868 kB
PageTables:        75980 kB
NFS_Unstable:          0 kB
Bounce:                0 kB
WritebackTmp:          0 kB
CommitLimit:     8677876 kB
Committed_AS:   68839920 kB
VmallocTotal:   263061440 kB
VmallocUsed:      129960 kB
VmallocChunk:          0 kB
Percpu:             2520 kB
CmaTotal:         405504 kB
CmaFree:               0 kB
MemTotal:        7918588 kB
MemFree:          532724 kB
MemAvailable:    2011244 kB
Buffers:            3624 kB
Cached:          1298460 kB
SwapCached:         7872 kB
Active:          4052464 kB
Inactive:         647840 kB
Active(anon):    3397104 kB
Inactive(anon):    22592 kB
Active(file):     655360 kB
Inactive(file):   625248 kB
Unevictable:        6364 kB
Mlocked:            5924 kB
SwapTotal:       4718584 kB
SwapFree:        3477916 kB
Dirty:               420 kB
Writeback:             0 kB
AnonPages:       3400200 kB
Mapped:           613872 kB
Shmem:             16836 kB
KReclaimable:     588136 kB
Slab:             321772 kB
SReclaimable:      92860 kB
SUnreclaim:       228912 kB
KernelStack:       47264 kB
ShadowCallStack:   11872 kB
PageTables:        76080 kB
NFS_Unstable:          0 kB
Bounce:                0 kB
WritebackTmp:          0 kB
CommitLimit:     8677876 kB
Committed_AS:   68987324 kB
VmallocTotal:   263061440 kB
VmallocUsed:      129924 kB
VmallocChunk:          0 kB
Percpu:             2520 kB
CmaTotal:         405504 kB
CmaFree:               0 kB
MemTotal:        7918588 kB
MemFree:          508228 kB
MemAvailable:    1986024 kB
Buffers:            3624 kB
Cached:          1298464 kB
SwapCached:         7872 kB
Active:          4075968 kB
Inactive:         647844 kB
Active(anon):    3420608 kB
Inactive(anon):    22592 kB
Active(file):     655360 kB
Inactive(file):   625252 kB
Unevictable:        6364 kB
Mlocked:            5924 kB
SwapTotal:       4718584 kB
SwapFree:        3477916 kB
Dirty:               424 kB
Writeback:             0 kB
AnonPages:       3423580 kB
Mapped:           614360 kB
Shmem:             16836 kB
KReclaimable:     587408 kB
Slab:             321892 kB
SReclaimable:      92860 kB
SUnreclaim:       229032 kB
KernelStack:       47264 kB
ShadowCallStack:   11840 kB
PageTables:        76276 kB
NFS_Unstable:          0 kB
Bounce:                0 kB
WritebackTmp:          0 kB
CommitLimit:     8677876 kB
Committed_AS:   69019884 kB
VmallocTotal:   263061440 kB
VmallocUsed:      129836 kB
VmallocChunk:          0 kB
Percpu:             2520 kB
CmaTotal:         405504 kB
CmaFree:               0 kB
MemTotal:        7918588 kB
MemFree:          482036 kB
MemAvailable:    1959688 kB
Buffers:            3624 kB
Cached:          1298464 kB
SwapCached:         7872 kB
Active:          4102344 kB
Inactive:         647844 kB
Active(anon):    3446984 kB
Inactive(anon):    22592 kB
Active(file):     655360 kB
Inactive(file):   625252 kB
Unevictable:        6364 kB
Mlocked:            5924 kB
SwapTotal:       4718584 kB
SwapFree:        3477916 kB
Dirty:               424 kB
Writeback:             0 kB
AnonPages:       3450044 kB
Mapped:           614396 kB
Shmem:             16836 kB
KReclaimable:     587264 kB
Slab:             321900 kB
SReclaimable:      92860 kB
SUnreclaim:       229040 kB
KernelStack:       47264 kB
ShadowCallStack:   11844 kB
PageTables:        76348 kB
NFS_Unstable:          0 kB
Bounce:                0 kB
WritebackTmp:          0 kB
CommitLimit:     8677876 kB
Committed_AS:   69085424 kB
VmallocTotal:   263061440 kB
VmallocUsed:      129844 kB
VmallocChunk:          0 kB
Percpu:             2520 kB
CmaTotal:         405504 kB
CmaFree:               0 kB
MemTotal:        7918588 kB
MemFree:          428556 kB
MemAvailable:    1905168 kB
Buffers:            3632 kB
Cached:          1298468 kB
SwapCached:         7872 kB
Active:          4155416 kB
Inactive:         647852 kB
Active(anon):    3500056 kB
Inactive(anon):    22592 kB
Active(file):     655360 kB
Inactive(file):   625260 kB
Unevictable:        6364 kB
Mlocked:            5924 kB
SwapTotal:       4718584 kB
SwapFree:        3477916 kB
Dirty:               424 kB
Writeback:             0 kB
AnonPages:       3502980 kB
Mapped:           614932 kB
Shmem:             16840 kB
KReclaimable:     586216 kB
Slab:             322040 kB
SReclaimable:      92860 kB
SUnreclaim:       229180 kB
KernelStack:       47216 kB
ShadowCallStack:   11828 kB
PageTables:        76640 kB
NFS_Unstable:          0 kB
Bounce:                0 kB
WritebackTmp:          0 kB
CommitLimit:     8677876 kB
Committed_AS:   69200008 kB
VmallocTotal:   263061440 kB
VmallocUsed:      129804 kB
VmallocChunk:          0 kB
Percpu:             2520 kB
CmaTotal:         405504 kB
CmaFree:               0 kB
MemTotal:        7918588 kB
MemFree:          421916 kB
MemAvailable:    1898424 kB
Buffers:            3632 kB
Cached:          1298472 kB
SwapCached:         7872 kB
Active:          4163504 kB
Inactive:         647852 kB
Active(anon):    3508144 kB
Inactive(anon):    22592 kB
Active(file):     655360 kB
Inactive(file):   625260 kB
Unevictable:        6364 kB
Mlocked:            5924 kB
SwapTotal:       4718584 kB
SwapFree:        3477916 kB
Dirty:                84 kB
Writeback:             0 kB
AnonPages:       3511116 kB
Mapped:           615036 kB
Shmem:             16844 kB
KReclaimable:     586112 kB
Slab:             322012 kB
SReclaimable:      92860 kB
SUnreclaim:       229152 kB
KernelStack:       47168 kB
ShadowCallStack:   11840 kB
PageTables:        76512 kB
NFS_Unstable:          0 kB
Bounce:                0 kB
WritebackTmp:          0 kB
CommitLimit:     8677876 kB
Committed_AS:   69199856 kB
VmallocTotal:   263061440 kB
VmallocUsed:      129744 kB
VmallocChunk:          0 kB
Percpu:             2520 kB
CmaTotal:         405504 kB
CmaFree:               0 kB
MemTotal:        7918588 kB
MemFree:          374664 kB
MemAvailable:    1850708 kB
Buffers:            3632 kB
Cached:          1298516 kB
SwapCached:         7872 kB
Active:          4210908 kB
Inactive:         647892 kB
Active(anon):    3555548 kB
Inactive(anon):    22592 kB
Active(file):     655360 kB
Inactive(file):   625300 kB
Unevictable:        6364 kB
Mlocked:            5924 kB
SwapTotal:       4718584 kB
SwapFree:        3477916 kB
Dirty:                96 kB
Writeback:             0 kB
AnonPages:       3558484 kB
Mapped:           615432 kB
Shmem:             16848 kB
KReclaimable:     585608 kB
Slab:             322048 kB
SReclaimable:      92860 kB
SUnreclaim:       229188 kB
KernelStack:       47152 kB
ShadowCallStack:   11812 kB
PageTables:        76836 kB
NFS_Unstable:          0 kB
Bounce:                0 kB
WritebackTmp:          0 kB
CommitLimit:     8677876 kB
Committed_AS:   69330832 kB
VmallocTotal:   263061440 kB
VmallocUsed:      129684 kB
VmallocChunk:          0 kB
Percpu:             2520 kB
CmaTotal:         405504 kB
CmaFree:               0 kB
MemTotal:        7918588 kB
MemFree:          338164 kB
MemAvailable:    1813736 kB
Buffers:            3640 kB
Cached:          1298508 kB
SwapCached:         7872 kB
Active:          4247128 kB
Inactive:         647892 kB
Active(anon):    3591768 kB
Inactive(anon):    22592 kB
Active(file):     655360 kB
Inactive(file):   625300 kB
Unevictable:        6364 kB
Mlocked:            5924 kB
SwapTotal:       4718584 kB
SwapFree:        3477916 kB
Dirty:                96 kB
Writeback:             0 kB
AnonPages:       3594616 kB
Mapped:           615804 kB
Shmem:             16848 kB
KReclaimable:     585136 kB
Slab:             321992 kB
SReclaimable:      92860 kB
SUnreclaim:       229132 kB
KernelStack:       47120 kB
ShadowCallStack:   11796 kB
PageTables:        77004 kB
NFS_Unstable:          0 kB
Bounce:                0 kB
WritebackTmp:          0 kB
CommitLimit:     8677876 kB
Committed_AS:   69412644 kB
VmallocTotal:   263061440 kB
VmallocUsed:      129648 kB
VmallocChunk:          0 kB
Percpu:             2520 kB
CmaTotal:         405504 kB
CmaFree:               0 kB
MemTotal:        7918588 kB
MemFree:          328804 kB
MemAvailable:    1804304 kB
Buffers:            3640 kB
Cached:          1298516 kB
SwapCached:         7872 kB
Active:          4255916 kB
Inactive:         647900 kB
Active(anon):    3600556 kB
Inactive(anon):    22592 kB
Active(file):     655360 kB
Inactive(file):   625308 kB
Unevictable:        6364 kB
Mlocked:            5924 kB
SwapTotal:       4718584 kB
SwapFree:        3477916 kB
Dirty:                28 kB
Writeback:             0 kB
AnonPages:       3603496 kB
Mapped:           615764 kB
Shmem:             16848 kB
KReclaimable:     585056 kB
Slab:             322044 kB
SReclaimable:      92860 kB
SUnreclaim:       229184 kB
KernelStack:       47120 kB
ShadowCallStack:   11804 kB
PageTables:        77028 kB
NFS_Unstable:          0 kB
Bounce:                0 kB
WritebackTmp:          0 kB
CommitLimit:     8677876 kB
Committed_AS:   69412644 kB
VmallocTotal:   263061440 kB
VmallocUsed:      129628 kB
VmallocChunk:          0 kB
Percpu:             2520 kB
CmaTotal:         405504 kB
CmaFree:               0 kB
MemTotal:        7918588 kB
MemFree:          271460 kB
MemAvailable:    1746120 kB
Buffers:            3672 kB
Cached:          1298504 kB
SwapCached:         7872 kB
Active:          4313548 kB
Inactive:         647916 kB
Active(anon):    3658188 kB
Inactive(anon):    22592 kB
Active(file):     655360 kB
Inactive(file):   625324 kB
Unevictable:        6364 kB
Mlocked:            5924 kB
SwapTotal:       4718584 kB
SwapFree:        3478172 kB
Dirty:                28 kB
Writeback:             4 kB
AnonPages:       3661280 kB
Mapped:           616324 kB
Shmem:             16852 kB
KReclaimable:     584200 kB
Slab:             322020 kB
SReclaimable:      92860 kB
SUnreclaim:       229160 kB
KernelStack:       47088 kB
ShadowCallStack:   11812 kB
PageTables:        77260 kB
NFS_Unstable:          0 kB
Bounce:                0 kB
WritebackTmp:          0 kB
CommitLimit:     8677876 kB
Committed_AS:   69560104 kB
VmallocTotal:   263061440 kB
VmallocUsed:      129664 kB
VmallocChunk:          0 kB
Percpu:             2520 kB
CmaTotal:         405504 kB
CmaFree:               0 kB
MemTotal:        7918588 kB
MemFree:          243512 kB
MemAvailable:    1717760 kB
Buffers:            3672 kB
Cached:          1298540 kB
SwapCached:         7872 kB
Active:          4340132 kB
Inactive:         647952 kB
Active(anon):    3684772 kB
Inactive(anon):    22592 kB
Active(file):     655360 kB
Inactive(file):   625360 kB
Unevictable:        6364 kB
Mlocked:            5924 kB
SwapTotal:       4718584 kB
SwapFree:        3478172 kB
Dirty:               108 kB
Writeback:             0 kB
AnonPages:       3687728 kB
Mapped:           616480 kB
Shmem:             16852 kB
KReclaimable:     583752 kB
Slab:             322060 kB
SReclaimable:      92860 kB
SUnreclaim:       229200 kB
KernelStack:       47088 kB
ShadowCallStack:   11800 kB
PageTables:        77444 kB
NFS_Unstable:          0 kB
Bounce:                0 kB
WritebackTmp:          0 kB
CommitLimit:     8677876 kB
Committed_AS:   69609256 kB
VmallocTotal:   263061440 kB
VmallocUsed:      129664 kB
VmallocChunk:          0 kB
Percpu:             2520 kB
CmaTotal:         405504 kB
CmaFree:               0 kB
MemTotal:        7918588 kB
MemFree:          214952 kB
MemAvailable:    1688912 kB
Buffers:            3672 kB
Cached:          1298544 kB
SwapCached:         7872 kB
Active:          4369976 kB
Inactive:         647952 kB
Active(anon):    3714616 kB
Inactive(anon):    22592 kB
Active(file):     655360 kB
Inactive(file):   625360 kB
Unevictable:        6364 kB
Mlocked:            5924 kB
SwapTotal:       4718584 kB
SwapFree:        3478172 kB
Dirty:               108 kB
Writeback:             0 kB
AnonPages:       3717548 kB
Mapped:           616720 kB
Shmem:             16856 kB
KReclaimable:     583464 kB
Slab:             321984 kB
SReclaimable:      92860 kB
SUnreclaim:       229124 kB
KernelStack:       47072 kB
ShadowCallStack:   11816 kB
PageTables:        77440 kB
NFS_Unstable:          0 kB
Bounce:                0 kB
WritebackTmp:          0 kB
CommitLimit:     8677876 kB
Committed_AS:   69674696 kB
VmallocTotal:   263061440 kB
VmallocUsed:      129640 kB
VmallocChunk:          0 kB
Percpu:             2520 kB
CmaTotal:         405504 kB
CmaFree:               0 kB
MemTotal:        7918588 kB
MemFree:          188348 kB
MemAvailable:    1652948 kB
Buffers:            3672 kB
Cached:          1298540 kB
SwapCached:         7868 kB
Active:          4262840 kB
Inactive:         809108 kB
Active(anon):    3752036 kB
Inactive(anon):    39192 kB
Active(file):     510804 kB
Inactive(file):   769916 kB
Unevictable:        6364 kB
Mlocked:            5924 kB
SwapTotal:       4718584 kB
SwapFree:        3475612 kB
Dirty:               120 kB
Writeback:             0 kB
AnonPages:       3771540 kB
Mapped:           617380 kB
Shmem:             16852 kB
KReclaimable:     574104 kB
Slab:             320148 kB
SReclaimable:      90892 kB
SUnreclaim:       229256 kB
KernelStack:       47104 kB
ShadowCallStack:   11800 kB
PageTables:        77752 kB
NFS_Unstable:          0 kB
Bounce:                0 kB
WritebackTmp:          0 kB
CommitLimit:     8677876 kB
Committed_AS:   69805764 kB
VmallocTotal:   263061440 kB
VmallocUsed:      129624 kB
VmallocChunk:          0 kB
Percpu:             2520 kB
CmaTotal:         405504 kB
CmaFree:             256 kB
MemTotal:        7918588 kB
MemFree:          185552 kB
MemAvailable:    1650128 kB
Buffers:            3672 kB
Cached:          1298540 kB
SwapCached:         7868 kB
Active:          4266056 kB
Inactive:         809108 kB
Active(anon):    3755252 kB
Inactive(anon):    39192 kB
Active(file):     510804 kB
Inactive(file):   769916 kB
Unevictable:        6364 kB
Mlocked:            5924 kB
SwapTotal:       4718584 kB
SwapFree:        3475612 kB
Dirty:               120 kB
Writeback:             0 kB
AnonPages:       3774896 kB
Mapped:           617416 kB
Shmem:             16852 kB
KReclaimable:     574080 kB
Slab:             320180 kB
SReclaimable:      90892 kB
SUnreclaim:       229288 kB
KernelStack:       47056 kB
ShadowCallStack:   11800 kB
PageTables:        77720 kB
NFS_Unstable:          0 kB
Bounce:                0 kB
WritebackTmp:          0 kB
CommitLimit:     8677876 kB
Committed_AS:   69805764 kB
VmallocTotal:   263061440 kB
VmallocUsed:      129616 kB
VmallocChunk:          0 kB
Percpu:             2520 kB
CmaTotal:         405504 kB
CmaFree:             140 kB
MemTotal:        7918588 kB
MemFree:          166768 kB
MemAvailable:    1596168 kB
Buffers:            2936 kB
Cached:          1278120 kB
SwapCached:         7864 kB
Active:          4346456 kB
Inactive:         761504 kB
Active(anon):    3814648 kB
Inactive(anon):    33760 kB
Active(file):     531808 kB
Inactive(file):   727744 kB
Unevictable:        6364 kB
Mlocked:            5924 kB
SwapTotal:       4718584 kB
SwapFree:        3475100 kB
Dirty:               128 kB
Writeback:             0 kB
AnonPages:       3828780 kB
Mapped:           611500 kB
Shmem:             16864 kB
KReclaimable:     560072 kB
Slab:             320124 kB
SReclaimable:      90748 kB
SUnreclaim:       229376 kB
KernelStack:       47072 kB
ShadowCallStack:   11792 kB
PageTables:        78196 kB
NFS_Unstable:          0 kB
Bounce:                0 kB
WritebackTmp:          0 kB
CommitLimit:     8677876 kB
Committed_AS:   69953240 kB
VmallocTotal:   263061440 kB
VmallocUsed:      129624 kB
VmallocChunk:          0 kB
Percpu:             2520 kB
CmaTotal:         405504 kB
CmaFree:               0 kB
MemTotal:        7918588 kB
MemFree:          166832 kB
MemAvailable:    1563428 kB
Buffers:            2288 kB
Cached:          1251296 kB
SwapCached:         7864 kB
Active:          4379148 kB
Inactive:         733336 kB
Active(anon):    3846604 kB
Inactive(anon):    33760 kB
Active(file):     532544 kB
Inactive(file):   699576 kB
Unevictable:        6364 kB
Mlocked:            5924 kB
SwapTotal:       4718584 kB
SwapFree:        3475100 kB
Dirty:               156 kB
Writeback:             0 kB
AnonPages:       3860832 kB
Mapped:           611860 kB
Shmem:             16864 kB
KReclaimable:     554700 kB
Slab:             320148 kB
SReclaimable:      90600 kB
SUnreclaim:       229548 kB
KernelStack:       47056 kB
ShadowCallStack:   11800 kB
PageTables:        78164 kB
NFS_Unstable:          0 kB
Bounce:                0 kB
WritebackTmp:          0 kB
CommitLimit:     8677876 kB
Committed_AS:   70018776 kB
VmallocTotal:   263061440 kB
VmallocUsed:      129620 kB
VmallocChunk:          0 kB
Percpu:             2520 kB
CmaTotal:         405504 kB
CmaFree:               0 kB
MemTotal:        7918588 kB
MemFree:          168796 kB
MemAvailable:    1542980 kB
Buffers:            2432 kB
Cached:          1232120 kB
SwapCached:         7864 kB
Active:          4398900 kB
Inactive:         714260 kB
Active(anon):    3866356 kB
Inactive(anon):    33756 kB
Active(file):     532544 kB
Inactive(file):   680504 kB
Unevictable:        6364 kB
Mlocked:            5924 kB
SwapTotal:       4718584 kB
SwapFree:        3475100 kB
Dirty:               184 kB
Writeback:             0 kB
AnonPages:       3880424 kB
Mapped:           611872 kB
Shmem:             16864 kB
KReclaimable:     551360 kB
Slab:             320060 kB
SReclaimable:      90564 kB
SUnreclaim:       229496 kB
KernelStack:       47088 kB
ShadowCallStack:   11796 kB
PageTables:        78416 kB
NFS_Unstable:          0 kB
Bounce:                0 kB
WritebackTmp:          0 kB
CommitLimit:     8677876 kB
Committed_AS:   70067928 kB
VmallocTotal:   263061440 kB
VmallocUsed:      129620 kB
VmallocChunk:          0 kB
Percpu:             2520 kB
CmaTotal:         405504 kB
CmaFree:               0 kB
MemTotal:        7918588 kB
MemFree:          166520 kB
MemAvailable:    1478828 kB
Buffers:            2400 kB
Cached:          1179808 kB
SwapCached:         7864 kB
Active:          4462476 kB
Inactive:         661920 kB
Active(anon):    3929932 kB
Inactive(anon):    33760 kB
Active(file):     532544 kB
Inactive(file):   628160 kB
Unevictable:        6364 kB
Mlocked:            5924 kB
SwapTotal:       4718584 kB
SwapFree:        3475100 kB
Dirty:               184 kB
Writeback:             0 kB
AnonPages:       3944136 kB
Mapped:           612568 kB
Shmem:             16864 kB
KReclaimable:     541828 kB
Slab:             319512 kB
SReclaimable:      90208 kB
SUnreclaim:       229304 kB
KernelStack:       47072 kB
ShadowCallStack:   11816 kB
PageTables:        77864 kB
NFS_Unstable:          0 kB
Bounce:                0 kB
WritebackTmp:          0 kB
CommitLimit:     8677876 kB
Committed_AS:   70198996 kB
VmallocTotal:   263061440 kB
VmallocUsed:      129620 kB
VmallocChunk:          0 kB
Percpu:             2520 kB
CmaTotal:         405504 kB
CmaFree:               0 kB
MemTotal:        7918588 kB
MemFree:          168108 kB
MemAvailable:    1474096 kB
Buffers:            2400 kB
Cached:          1174552 kB
SwapCached:         7864 kB
Active:          4466452 kB
Inactive:         656660 kB
Active(anon):    3933908 kB
Inactive(anon):    33756 kB
Active(file):     532544 kB
Inactive(file):   622904 kB
Unevictable:        6364 kB
Mlocked:            5924 kB
SwapTotal:       4718584 kB
SwapFree:        3475100 kB
Dirty:               184 kB
Writeback:             0 kB
AnonPages:       3947980 kB
Mapped:           612588 kB
Shmem:             16864 kB
KReclaimable:     540764 kB
Slab:             319356 kB
SReclaimable:      89808 kB
SUnreclaim:       229548 kB
KernelStack:       47088 kB
ShadowCallStack:   11796 kB
PageTables:        78676 kB
NFS_Unstable:          0 kB
Bounce:                0 kB
WritebackTmp:          0 kB
CommitLimit:     8677876 kB
Committed_AS:   70199268 kB
VmallocTotal:   263061440 kB
VmallocUsed:      129608 kB
VmallocChunk:          0 kB
Percpu:             2520 kB
CmaTotal:         405504 kB
CmaFree:               0 kB
MemTotal:        7918588 kB
MemFree:          168712 kB
MemAvailable:    1433896 kB
Buffers:            2400 kB
Cached:          1140324 kB
SwapCached:         7864 kB
Active:          4506580 kB
Inactive:         622256 kB
Active(anon):    3974036 kB
Inactive(anon):    33752 kB
Active(file):     532544 kB
Inactive(file):   588504 kB
Unevictable:        6364 kB
Mlocked:            5924 kB
SwapTotal:       4718584 kB
SwapFree:        3475100 kB
Dirty:               184 kB
Writeback:             0 kB
AnonPages:       3988036 kB
Mapped:           612972 kB
Shmem:             16864 kB
KReclaimable:     534360 kB
Slab:             318388 kB
SReclaimable:      88948 kB
SUnreclaim:       229440 kB
KernelStack:       47072 kB
ShadowCallStack:   11800 kB
PageTables:        78460 kB
NFS_Unstable:          0 kB
Bounce:                0 kB
WritebackTmp:          0 kB
CommitLimit:     8677876 kB
Committed_AS:   70297568 kB
VmallocTotal:   263061440 kB
VmallocUsed:      129624 kB
VmallocChunk:          0 kB
Percpu:             2520 kB
CmaTotal:         405504 kB
CmaFree:               0 kB
MemTotal:        7918588 kB
MemFree:          169328 kB
MemAvailable:    1223752 kB
Buffers:            2484 kB
Cached:          1064700 kB
SwapCached:         7864 kB
Active:          4639372 kB
Inactive:         500548 kB
Active(anon):    4060528 kB
Inactive(anon):    33760 kB
Active(file):     578844 kB
Inactive(file):   466788 kB
Unevictable:        6364 kB
Mlocked:            5924 kB
SwapTotal:       4718584 kB
SwapFree:        3475100 kB
Dirty:                96 kB
Writeback:             0 kB
AnonPages:       4074580 kB
Mapped:           598204 kB
Shmem:             16912 kB
KReclaimable:     399016 kB
Slab:             317200 kB
SReclaimable:      87564 kB
SUnreclaim:       229636 kB
KernelStack:       47184 kB
ShadowCallStack:   11820 kB
PageTables:        79044 kB
NFS_Unstable:          0 kB
Bounce:                0 kB
WritebackTmp:          0 kB
CommitLimit:     8677876 kB
Committed_AS:   70396268 kB
VmallocTotal:   263061440 kB
VmallocUsed:      129780 kB
VmallocChunk:          0 kB
Percpu:             2520 kB
CmaTotal:         405504 kB
CmaFree:               0 kB
MemTotal:        7918588 kB
MemFree:          165428 kB
MemAvailable:    1219300 kB
Buffers:            2484 kB
Cached:          1064768 kB
SwapCached:         7864 kB
Active:          4643732 kB
Inactive:         500548 kB
Active(anon):    4064888 kB
Inactive(anon):    33760 kB
Active(file):     578844 kB
Inactive(file):   466788 kB
Unevictable:        6364 kB
Mlocked:            5924 kB
SwapTotal:       4718584 kB
SwapFree:        3475100 kB
Dirty:               104 kB
Writeback:             0 kB
AnonPages:       4078828 kB
Mapped:           598276 kB
Shmem:             16980 kB
KReclaimable:     398464 kB
Slab:             317096 kB
SReclaimable:      87564 kB
SUnreclaim:       229532 kB
KernelStack:       47152 kB
ShadowCallStack:   11832 kB
PageTables:        79028 kB
NFS_Unstable:          0 kB
Bounce:                0 kB
WritebackTmp:          0 kB
CommitLimit:     8677876 kB
Committed_AS:   70396216 kB
VmallocTotal:   263061440 kB
VmallocUsed:      129776 kB
VmallocChunk:          0 kB
Percpu:             2520 kB
CmaTotal:         405504 kB
CmaFree:               0 kB
MemTotal:        7918588 kB
MemFree:          168348 kB
MemAvailable:    1327404 kB
Buffers:            2492 kB
Cached:          1051776 kB
SwapCached:         7864 kB
Active:          4662180 kB
Inactive:         482188 kB
Active(anon):    4078012 kB
Inactive(anon):    33752 kB
Active(file):     584168 kB
Inactive(file):   448436 kB
Unevictable:        6364 kB
Mlocked:            5924 kB
SwapTotal:       4718584 kB
SwapFree:        3475100 kB
Dirty:               188 kB
Writeback:             0 kB
AnonPages:       4092112 kB
Mapped:           592844 kB
Shmem:             17024 kB
KReclaimable:     516676 kB
Slab:             317044 kB
SReclaimable:      87412 kB
SUnreclaim:       229632 kB
KernelStack:       47056 kB
ShadowCallStack:   11780 kB
PageTables:        79292 kB
NFS_Unstable:          0 kB
Bounce:                0 kB
WritebackTmp:          0 kB
CommitLimit:     8677876 kB
Committed_AS:   70526844 kB
VmallocTotal:   263061440 kB
VmallocUsed:      129580 kB
VmallocChunk:          0 kB
Percpu:             2520 kB
CmaTotal:         405504 kB
CmaFree:               0 kB
MemTotal:        7918588 kB
MemFree:          165612 kB
MemAvailable:    1292528 kB
Buffers:            2496 kB
Cached:          1024524 kB
SwapCached:         7864 kB
Active:          4706452 kB
Inactive:         445184 kB
Active(anon):    4112552 kB
Inactive(anon):    33768 kB
Active(file):     593900 kB
Inactive(file):   411416 kB
Unevictable:        6364 kB
Mlocked:            5924 kB
SwapTotal:       4718584 kB
SwapFree:        3475100 kB
Dirty:               188 kB
Writeback:             0 kB
AnonPages:       4126776 kB
Mapped:           579892 kB
Shmem:             16864 kB
KReclaimable:     511824 kB
Slab:             316980 kB
SReclaimable:      87380 kB
SUnreclaim:       229600 kB
KernelStack:       47040 kB
ShadowCallStack:   11800 kB
PageTables:        79236 kB
NFS_Unstable:          0 kB
Bounce:                0 kB
WritebackTmp:          0 kB
CommitLimit:     8677876 kB
Committed_AS:   70592376 kB
VmallocTotal:   263061440 kB
VmallocUsed:      129584 kB
VmallocChunk:          0 kB
Percpu:             2520 kB
CmaTotal:         405504 kB
CmaFree:               0 kB
MemTotal:        7918588 kB
MemFree:          167996 kB
MemAvailable:    1271372 kB
Buffers:            2476 kB
Cached:          1005088 kB
SwapCached:         7864 kB
Active:          4733824 kB
Inactive:         420144 kB
Active(anon):    4134152 kB
Inactive(anon):    33760 kB
Active(file):     599672 kB
Inactive(file):   386384 kB
Unevictable:        6364 kB
Mlocked:            5924 kB
SwapTotal:       4718584 kB
SwapFree:        3475100 kB
Dirty:               128 kB
Writeback:             0 kB
AnonPages:       4148256 kB
Mapped:           574964 kB
Shmem:             16868 kB
KReclaimable:     507544 kB
Slab:             316520 kB
SReclaimable:      86836 kB
SUnreclaim:       229684 kB
KernelStack:       47040 kB
ShadowCallStack:   11784 kB
PageTables:        79504 kB
NFS_Unstable:          0 kB
Bounce:                0 kB
WritebackTmp:          0 kB
CommitLimit:     8677876 kB
Committed_AS:   70657864 kB
VmallocTotal:   263061440 kB
VmallocUsed:      129564 kB
VmallocChunk:          0 kB
Percpu:             2520 kB
CmaTotal:         405504 kB
CmaFree:               0 kB
MemTotal:        7918588 kB
MemFree:          167068 kB
MemAvailable:    1207448 kB
Buffers:            2484 kB
Cached:           951844 kB
SwapCached:         7864 kB
Active:          4797532 kB
Inactive:         366180 kB
Active(anon):    4197132 kB
Inactive(anon):    33760 kB
Active(file):     600400 kB
Inactive(file):   332420 kB
Unevictable:        6364 kB
Mlocked:            5924 kB
SwapTotal:       4718584 kB
SwapFree:        3475100 kB
Dirty:                88 kB
Writeback:             0 kB
AnonPages:       4211340 kB
Mapped:           573440 kB
Shmem:             16868 kB
KReclaimable:     497784 kB
Slab:             315356 kB
SReclaimable:      85684 kB
SUnreclaim:       229672 kB
KernelStack:       47008 kB
ShadowCallStack:   11784 kB
PageTables:        79784 kB
NFS_Unstable:          0 kB
Bounce:                0 kB
WritebackTmp:          0 kB
CommitLimit:     8677876 kB
Committed_AS:   70805840 kB
VmallocTotal:   263061440 kB
VmallocUsed:      129540 kB
VmallocChunk:          0 kB
Percpu:             2520 kB
CmaTotal:         405504 kB
CmaFree:               0 kB
MemTotal:        7918588 kB
MemFree:          165684 kB
MemAvailable:    1201488 kB
Buffers:            2484 kB
Cached:           948004 kB
SwapCached:         7864 kB
Active:          4803548 kB
Inactive:         362336 kB
Active(anon):    4203148 kB
Inactive(anon):    33756 kB
Active(file):     600400 kB
Inactive(file):   328580 kB
Unevictable:        6364 kB
Mlocked:            5924 kB
SwapTotal:       4718584 kB
SwapFree:        3475100 kB
Dirty:               100 kB
Writeback:             0 kB
AnonPages:       4217052 kB
Mapped:           573560 kB
Shmem:             16868 kB
KReclaimable:     497048 kB
Slab:             315244 kB
SReclaimable:      85556 kB
SUnreclaim:       229688 kB
KernelStack:       47008 kB
ShadowCallStack:   11792 kB
PageTables:        79756 kB
NFS_Unstable:          0 kB
Bounce:                0 kB
WritebackTmp:          0 kB
CommitLimit:     8677876 kB
Committed_AS:   70805840 kB
VmallocTotal:   263061440 kB
VmallocUsed:      129540 kB
VmallocChunk:          0 kB
Percpu:             2520 kB
CmaTotal:         405504 kB
CmaFree:               0 kB
MemTotal:        7918588 kB
MemFree:          166900 kB
MemAvailable:    1158016 kB
Buffers:            2484 kB
Cached:           910676 kB
SwapCached:         7864 kB
Active:          4856796 kB
Inactive:         313348 kB
Active(anon):    4244604 kB
Inactive(anon):    33760 kB
Active(file):     612192 kB
Inactive(file):   279588 kB
Unevictable:        6364 kB
Mlocked:            5924 kB
SwapTotal:       4718584 kB
SwapFree:        3475100 kB
Dirty:               100 kB
Writeback:             0 kB
AnonPages:       4258848 kB
Mapped:           572644 kB
Shmem:             16868 kB
KReclaimable:     489560 kB
Slab:             314436 kB
SReclaimable:      84804 kB
SUnreclaim:       229632 kB
KernelStack:       47040 kB
ShadowCallStack:   11796 kB
PageTables:        79820 kB
NFS_Unstable:          0 kB
Bounce:                0 kB
WritebackTmp:          0 kB
CommitLimit:     8677876 kB
Committed_AS:   70887760 kB
VmallocTotal:   263061440 kB
VmallocUsed:      129548 kB
VmallocChunk:          0 kB
Percpu:             2520 kB
CmaTotal:         405504 kB
CmaFree:               0 kB
MemTotal:        7918588 kB
MemFree:          166196 kB
MemAvailable:    1114276 kB
Buffers:            2484 kB
Cached:           874820 kB
SwapCached:         7864 kB
Active:          4899988 kB
Inactive:         277348 kB
Active(anon):    4287780 kB
Inactive(anon):    33760 kB
Active(file):     612208 kB
Inactive(file):   243588 kB
Unevictable:        6364 kB
Mlocked:            5924 kB
SwapTotal:       4718584 kB
SwapFree:        3475100 kB
Dirty:               116 kB
Writeback:             0 kB
AnonPages:       4301896 kB
Mapped:           573028 kB
Shmem:             16868 kB
KReclaimable:     482508 kB
Slab:             313532 kB
SReclaimable:      83760 kB
SUnreclaim:       229772 kB
KernelStack:       47040 kB
ShadowCallStack:   11784 kB
PageTables:        80136 kB
NFS_Unstable:          0 kB
Bounce:                0 kB
WritebackTmp:          0 kB
CommitLimit:     8677876 kB
Committed_AS:   71002448 kB
VmallocTotal:   263061440 kB
VmallocUsed:      129532 kB
VmallocChunk:          0 kB
Percpu:             2520 kB
CmaTotal:         405504 kB
CmaFree:               0 kB
MemTotal:        7918588 kB
MemFree:          168472 kB
MemAvailable:    1112388 kB
Buffers:            2492 kB
Cached:           871032 kB
SwapCached:         7864 kB
Active:          4902600 kB
Inactive:         273564 kB
Active(anon):    4290392 kB
Inactive(anon):    33756 kB
Active(file):     612208 kB
Inactive(file):   239808 kB
Unevictable:        6364 kB
Mlocked:            5924 kB
SwapTotal:       4718584 kB
SwapFree:        3475100 kB
Dirty:               116 kB
Writeback:             0 kB
AnonPages:       4304476 kB
Mapped:           573096 kB
Shmem:             16868 kB
KReclaimable:     482124 kB
Slab:             313484 kB
SReclaimable:      83760 kB
SUnreclaim:       229724 kB
KernelStack:       47040 kB
ShadowCallStack:   11796 kB
PageTables:        80212 kB
NFS_Unstable:          0 kB
Bounce:                0 kB
WritebackTmp:          0 kB
CommitLimit:     8677876 kB
Committed_AS:   71002448 kB
VmallocTotal:   263061440 kB
VmallocUsed:      129544 kB
VmallocChunk:          0 kB
Percpu:             2520 kB
CmaTotal:         405504 kB
CmaFree:             244 kB
MemTotal:        7918588 kB
MemFree:          166092 kB
MemAvailable:    1043116 kB
Buffers:            2516 kB
Cached:           814672 kB
SwapCached:         7864 kB
Active:          4970172 kB
Inactive:         217228 kB
Active(anon):    4357964 kB
Inactive(anon):    33756 kB
Active(file):     612208 kB
Inactive(file):   183472 kB
Unevictable:        6364 kB
Mlocked:            5924 kB
SwapTotal:       4718584 kB
SwapFree:        3475100 kB
Dirty:               152 kB
Writeback:             0 kB
AnonPages:       4371996 kB
Mapped:           573580 kB
Shmem:             16868 kB
KReclaimable:     471568 kB
Slab:             311724 kB
SReclaimable:      81860 kB
SUnreclaim:       229864 kB
KernelStack:       47040 kB
ShadowCallStack:   11784 kB
PageTables:        80568 kB
NFS_Unstable:          0 kB
Bounce:                0 kB
WritebackTmp:          0 kB
CommitLimit:     8677876 kB
Committed_AS:   71149904 kB
VmallocTotal:   263061440 kB
VmallocUsed:      129540 kB
VmallocChunk:          0 kB
Percpu:             2520 kB
CmaTotal:         405504 kB
CmaFree:               0 kB
MemTotal:        7918588 kB
MemFree:          167620 kB
MemAvailable:    1026912 kB
Buffers:            2516 kB
Cached:           799260 kB
SwapCached:         7864 kB
Active:          4986828 kB
Inactive:         200908 kB
Active(anon):    4373708 kB
Inactive(anon):    33760 kB
Active(file):     613120 kB
Inactive(file):   167148 kB
Unevictable:        6364 kB
Mlocked:            5924 kB
SwapTotal:       4718584 kB
SwapFree:        3475100 kB
Dirty:               152 kB
Writeback:             0 kB
AnonPages:       4387800 kB
Mapped:           573584 kB
Shmem:             16868 kB
KReclaimable:     469248 kB
Slab:             311256 kB
SReclaimable:      81372 kB
SUnreclaim:       229884 kB
KernelStack:       47024 kB
ShadowCallStack:   11788 kB
PageTables:        80416 kB
NFS_Unstable:          0 kB
Bounce:                0 kB
WritebackTmp:          0 kB
CommitLimit:     8677876 kB
Committed_AS:   71182672 kB
VmallocTotal:   263061440 kB
VmallocUsed:      129544 kB
VmallocChunk:          0 kB
Percpu:             2520 kB
CmaTotal:         405504 kB
CmaFree:               0 kB
MemTotal:        7918588 kB
MemFree:          172268 kB
MemAvailable:     997312 kB
Buffers:             616 kB
Cached:           777016 kB
SwapCached:         7864 kB
Active:          1073992 kB
Inactive:        4117304 kB
Active(anon):     839140 kB
Inactive(anon):  3595996 kB
Active(file):     234852 kB
Inactive(file):   521308 kB
Unevictable:        6364 kB
Mlocked:            5924 kB
SwapTotal:       4718584 kB
SwapFree:        3475100 kB
Dirty:               180 kB
Writeback:             0 kB
AnonPages:       4415360 kB
Mapped:           561584 kB
Shmem:             16868 kB
KReclaimable:     459108 kB
Slab:             311112 kB
SReclaimable:      81248 kB
SUnreclaim:       229864 kB
KernelStack:       47008 kB
ShadowCallStack:   11764 kB
PageTables:        80400 kB
NFS_Unstable:          0 kB
Bounce:                0 kB
WritebackTmp:          0 kB
CommitLimit:     8677876 kB
Committed_AS:   71248208 kB
VmallocTotal:   263061440 kB
VmallocUsed:      129564 kB
VmallocChunk:          0 kB
Percpu:             2520 kB
CmaTotal:         405504 kB
CmaFree:               4 kB
MemTotal:        7918588 kB
MemFree:          167700 kB
MemAvailable:     936676 kB
Buffers:             612 kB
Cached:           729208 kB
SwapCached:         7864 kB
Active:          1140192 kB
Inactive:        4063116 kB
Active(anon):     899096 kB
Inactive(anon):  3595992 kB
Active(file):     241096 kB
Inactive(file):   467124 kB
Unevictable:        6364 kB
Mlocked:            5924 kB
SwapTotal:       4718584 kB
SwapFree:        3475100 kB
Dirty:               180 kB
Writeback:             0 kB
AnonPages:       4475428 kB
Mapped:           544480 kB
Shmem:             16868 kB
KReclaimable:     450980 kB
Slab:             311188 kB
SReclaimable:      81224 kB
SUnreclaim:       229964 kB
KernelStack:       47008 kB
ShadowCallStack:   11796 kB
PageTables:        80592 kB
NFS_Unstable:          0 kB
Bounce:                0 kB
WritebackTmp:          0 kB
CommitLimit:     8677876 kB
Committed_AS:   71379284 kB
VmallocTotal:   263061440 kB
VmallocUsed:      129572 kB
VmallocChunk:          0 kB
Percpu:             2520 kB
CmaTotal:         405504 kB
CmaFree:               8 kB
MemTotal:        7918588 kB
MemFree:          167036 kB
MemAvailable:     933268 kB
Buffers:             612 kB
Cached:           726716 kB
SwapCached:         7864 kB
Active:          1143872 kB
Inactive:        4060688 kB
Active(anon):     902756 kB
Inactive(anon):  3595984 kB
Active(file):     241116 kB
Inactive(file):   464704 kB
Unevictable:        6364 kB
Mlocked:            5924 kB
SwapTotal:       4718584 kB
SwapFree:        3475100 kB
Dirty:               132 kB
Writeback:            28 kB
AnonPages:       4479036 kB
