MemTotal:        7918588 kB
MemFree:         3133308 kB
MemAvailable:    4613384 kB
Buffers:            4544 kB
Cached:          1413320 kB
SwapCached:         7836 kB
Active:          1231616 kB
Inactive:         852432 kB
Active(anon):     558376 kB
Inactive(anon):   128848 kB
Active(file):     673240 kB
Inactive(file):   723584 kB
Unevictable:        6364 kB
Mlocked:            5924 kB
SwapTotal:       4718584 kB
SwapFree:        3497324 kB
Dirty:            180348 kB
Writeback:             0 kB
AnonPages:        669028 kB
Mapped:           486380 kB
Shmem:             16400 kB
KReclaimable:     653700 kB
Slab:             319324 kB
SReclaimable:      93012 kB
SUnreclaim:       226312 kB
KernelStack:       46416 kB
ShadowCallStack:   11628 kB
PageTables:        62636 kB
NFS_Unstable:          0 kB
Bounce:                0 kB
WritebackTmp:          0 kB
CommitLimit:     8677876 kB
Committed_AS:   62520896 kB
VmallocTotal:   263061440 kB
VmallocUsed:      129044 kB
VmallocChunk:          0 kB
Percpu:             2520 kB
CmaTotal:         405504 kB
CmaFree:          265532 kB
MemTotal:        7918588 kB
MemFree:         3145340 kB
MemAvailable:    4858704 kB
Buffers:            4576 kB
Cached:          1421360 kB
SwapCached:         7968 kB
Active:          1219376 kB
Inactive:         852496 kB
Active(anon):     538664 kB
Inactive(anon):   128684 kB
Active(file):     680712 kB
Inactive(file):   723812 kB
Unevictable:        6364 kB
Mlocked:            5924 kB
SwapTotal:       4718584 kB
SwapFree:        3498604 kB
Dirty:            179900 kB
Writeback:             0 kB
AnonPages:        648256 kB
Mapped:           533304 kB
Shmem:             16772 kB
KReclaimable:     879288 kB
Slab:             319140 kB
SReclaimable:      93092 kB
SUnreclaim:       226048 kB
KernelStack:       46816 kB
ShadowCallStack:   11736 kB
PageTables:        63136 kB
NFS_Unstable:          0 kB
Bounce:                0 kB
WritebackTmp:          0 kB
CommitLimit:     8677876 kB
Committed_AS:   62577364 kB
VmallocTotal:   263061440 kB
VmallocUsed:      129464 kB
VmallocChunk:          0 kB
Percpu:             2520 kB
CmaTotal:         405504 kB
CmaFree:          279388 kB
MemTotal:        7918588 kB
MemFree:         3123380 kB
MemAvailable:    4709664 kB
Buffers:            4600 kB
Cached:          1421444 kB
SwapCached:         7976 kB
Active:          1239592 kB
Inactive:         852536 kB
Active(anon):     558824 kB
Inactive(anon):   128680 kB
Active(file):     680768 kB
Inactive(file):   723856 kB
Unevictable:        6364 kB
Mlocked:            5924 kB
SwapTotal:       4718584 kB
SwapFree:        3498604 kB
Dirty:            180012 kB
Writeback:             4 kB
AnonPages:        668384 kB
Mapped:           540532 kB
Shmem:             16780 kB
KReclaimable:     752108 kB
Slab:             319564 kB
SReclaimable:      93108 kB
SUnreclaim:       226456 kB
KernelStack:       46624 kB
ShadowCallStack:   11672 kB
PageTables:        63252 kB
NFS_Unstable:          0 kB
Bounce:                0 kB
WritebackTmp:          0 kB
CommitLimit:     8677876 kB
Committed_AS:   62581548 kB
VmallocTotal:   263061440 kB
VmallocUsed:      129340 kB
VmallocChunk:          0 kB
Percpu:             2520 kB
CmaTotal:         405504 kB
CmaFree:          279388 kB
MemTotal:        7918588 kB
MemFree:         3118736 kB
MemAvailable:    4704264 kB
Buffers:            4600 kB
Cached:          1421456 kB
SwapCached:         7976 kB
Active:          1243292 kB
Inactive:         852548 kB
Active(anon):     562524 kB
Inactive(anon):   128680 kB
Active(file):     680768 kB
Inactive(file):   723868 kB
Unevictable:        6364 kB
Mlocked:            5924 kB
SwapTotal:       4718584 kB
SwapFree:        3498604 kB
Dirty:            180024 kB
Writeback:             0 kB
AnonPages:        671904 kB
Mapped:           541156 kB
Shmem:             16780 kB
KReclaimable:     751340 kB
Slab:             319744 kB
SReclaimable:      93108 kB
SUnreclaim:       226636 kB
KernelStack:       46640 kB
ShadowCallStack:   11684 kB
PageTables:        63244 kB
NFS_Unstable:          0 kB
Bounce:                0 kB
WritebackTmp:          0 kB
CommitLimit:     8677876 kB
Committed_AS:   62581548 kB
VmallocTotal:   263061440 kB
VmallocUsed:      129328 kB
VmallocChunk:          0 kB
Percpu:             2520 kB
CmaTotal:         405504 kB
CmaFree:          279388 kB
MemTotal:        7918588 kB
MemFree:         3121928 kB
MemAvailable:    4707424 kB
Buffers:            4600 kB
Cached:          1421492 kB
SwapCached:         7976 kB
Active:          1244956 kB
Inactive:         850760 kB
Active(anon):     564172 kB
Inactive(anon):   126892 kB
Active(file):     680784 kB
Inactive(file):   723868 kB
Unevictable:        6364 kB
Mlocked:            5924 kB
SwapTotal:       4718584 kB
SwapFree:        3499372 kB
Dirty:            180024 kB
Writeback:             0 kB
AnonPages:        671908 kB
Mapped:           541916 kB
Shmem:             16800 kB
KReclaimable:     751292 kB
Slab:             319768 kB
SReclaimable:      93108 kB
SUnreclaim:       226660 kB
KernelStack:       46608 kB
ShadowCallStack:   11680 kB
PageTables:        63208 kB
NFS_Unstable:          0 kB
Bounce:                0 kB
WritebackTmp:          0 kB
CommitLimit:     8677876 kB
Committed_AS:   62581508 kB
VmallocTotal:   263061440 kB
VmallocUsed:      129304 kB
VmallocChunk:          0 kB
Percpu:             2520 kB
CmaTotal:         405504 kB
CmaFree:          280412 kB
MemTotal:        7918588 kB
MemFree:         3127188 kB
MemAvailable:    4732888 kB
Buffers:            4600 kB
Cached:          1421496 kB
SwapCached:         7976 kB
Active:          1240624 kB
Inactive:         850088 kB
Active(anon):     559840 kB
Inactive(anon):   126220 kB
Active(file):     680784 kB
Inactive(file):   723868 kB
Unevictable:        6364 kB
Mlocked:            5924 kB
SwapTotal:       4718584 kB
SwapFree:        3499628 kB
Dirty:            180028 kB
Writeback:             0 kB
AnonPages:        666916 kB
Mapped:           542000 kB
Shmem:             16804 kB
KReclaimable:     771496 kB
Slab:             319828 kB
SReclaimable:      93108 kB
SUnreclaim:       226720 kB
KernelStack:       46464 kB
ShadowCallStack:   11636 kB
PageTables:        63284 kB
NFS_Unstable:          0 kB
Bounce:                0 kB
WritebackTmp:          0 kB
CommitLimit:     8677876 kB
Committed_AS:   62580976 kB
VmallocTotal:   263061440 kB
VmallocUsed:      128804 kB
VmallocChunk:          0 kB
Percpu:             2520 kB
CmaTotal:         405504 kB
CmaFree:          280412 kB
MemTotal:        7918588 kB
MemFree:         3105056 kB
MemAvailable:    4710760 kB
Buffers:            4600 kB
Cached:          1421500 kB
SwapCached:         7976 kB
Active:          1264516 kB
Inactive:         850092 kB
Active(anon):     583732 kB
Inactive(anon):   126220 kB
Active(file):     680784 kB
Inactive(file):   723872 kB
Unevictable:        6364 kB
Mlocked:            5924 kB
SwapTotal:       4718584 kB
SwapFree:        3499628 kB
Dirty:            140360 kB
Writeback:         31544 kB
AnonPages:        690716 kB
Mapped:           543572 kB
Shmem:             16804 kB
KReclaimable:     771496 kB
Slab:             319720 kB
SReclaimable:      93108 kB
SUnreclaim:       226612 kB
KernelStack:       46400 kB
ShadowCallStack:   11600 kB
PageTables:        63192 kB
NFS_Unstable:          0 kB
Bounce:                0 kB
WritebackTmp:          0 kB
CommitLimit:     8677876 kB
Committed_AS:   62604224 kB
VmallocTotal:   263061440 kB
VmallocUsed:      128780 kB
VmallocChunk:          0 kB
Percpu:             2520 kB
CmaTotal:         405504 kB
CmaFree:          280412 kB
MemTotal:        7918588 kB
MemFree:         2911940 kB
MemAvailable:    4452096 kB
Buffers:            4616 kB
Cached:          1422912 kB
SwapCached:         7976 kB
Active:          1456852 kB
Inactive:         850112 kB
Active(anon):     774660 kB
Inactive(anon):   126220 kB
Active(file):     682192 kB
Inactive(file):   723892 kB
Unevictable:        6364 kB
Mlocked:            5924 kB
SwapTotal:       4718584 kB
SwapFree:        3499628 kB
Dirty:             17720 kB
Writeback:             0 kB
AnonPages:        881772 kB
Mapped:           626220 kB
Shmem:             16804 kB
KReclaimable:     704520 kB
Slab:             320080 kB
SReclaimable:      93108 kB
SUnreclaim:       226972 kB
KernelStack:       46464 kB
ShadowCallStack:   11632 kB
PageTables:        63768 kB
NFS_Unstable:          0 kB
Bounce:                0 kB
WritebackTmp:          0 kB
CommitLimit:     8677876 kB
Committed_AS:   62923848 kB
VmallocTotal:   263061440 kB
VmallocUsed:      128760 kB
VmallocChunk:          0 kB
Percpu:             2520 kB
CmaTotal:         405504 kB
CmaFree:          280412 kB
MemTotal:        7918588 kB
MemFree:         2896580 kB
MemAvailable:    4436136 kB
Buffers:            4616 kB
Cached:          1422944 kB
SwapCached:         7976 kB
Active:          1470796 kB
Inactive:         850144 kB
Active(anon):     788604 kB
Inactive(anon):   126220 kB
Active(file):     682192 kB
Inactive(file):   723924 kB
Unevictable:        6364 kB
Mlocked:            5924 kB
SwapTotal:       4718584 kB
SwapFree:        3499628 kB
Dirty:             17764 kB
Writeback:             0 kB
AnonPages:        895680 kB
Mapped:           629208 kB
Shmem:             16804 kB
KReclaimable:     703888 kB
Slab:             320200 kB
SReclaimable:      93108 kB
SUnreclaim:       227092 kB
KernelStack:       46416 kB
ShadowCallStack:   11628 kB
PageTables:        63996 kB
NFS_Unstable:          0 kB
Bounce:                0 kB
WritebackTmp:          0 kB
CommitLimit:     8677876 kB
Committed_AS:   62963128 kB
VmallocTotal:   263061440 kB
VmallocUsed:      128752 kB
VmallocChunk:          0 kB
Percpu:             2520 kB
CmaTotal:         405504 kB
CmaFree:          280412 kB
MemTotal:        7918588 kB
MemFree:         2778752 kB
MemAvailable:    4319088 kB
Buffers:            4808 kB
Cached:          1427444 kB
SwapCached:         7988 kB
Active:          1553196 kB
Inactive:         850596 kB
Active(anon):     866764 kB
Inactive(anon):   126220 kB
Active(file):     686432 kB
Inactive(file):   724376 kB
Unevictable:        6364 kB
Mlocked:            5924 kB
SwapTotal:       4718584 kB
SwapFree:        3500652 kB
Dirty:             17924 kB
Writeback:             0 kB
AnonPages:        973860 kB
Mapped:           641812 kB
Shmem:             16804 kB
KReclaimable:     699976 kB
Slab:             320180 kB
SReclaimable:      93108 kB
SUnreclaim:       227072 kB
KernelStack:       46416 kB
ShadowCallStack:   11628 kB
PageTables:        64484 kB
NFS_Unstable:          0 kB
Bounce:                0 kB
WritebackTmp:          0 kB
CommitLimit:     8677876 kB
Committed_AS:   63152612 kB
VmallocTotal:   263061440 kB
VmallocUsed:      128784 kB
VmallocChunk:          0 kB
Percpu:             2520 kB
CmaTotal:         405504 kB
CmaFree:          280412 kB
MemTotal:        7918588 kB
MemFree:         2635976 kB
MemAvailable:    4185120 kB
Buffers:            5272 kB
Cached:          1437196 kB
SwapCached:         8224 kB
Active:          1693372 kB
Inactive:         851640 kB
Active(anon):     997880 kB
Inactive(anon):   126220 kB
Active(file):     695492 kB
Inactive(file):   725420 kB
Unevictable:        6364 kB
Mlocked:            5924 kB
SwapTotal:       4718584 kB
SwapFree:        3501420 kB
Dirty:             18208 kB
Writeback:             0 kB
AnonPages:       1104768 kB
Mapped:           650112 kB
Shmem:             16916 kB
KReclaimable:     698680 kB
Slab:             320940 kB
SReclaimable:      93156 kB
SUnreclaim:       227784 kB
KernelStack:       46912 kB
ShadowCallStack:   11756 kB
PageTables:        65932 kB
NFS_Unstable:          0 kB
Bounce:                0 kB
WritebackTmp:          0 kB
CommitLimit:     8677876 kB
Committed_AS:   64795768 kB
VmallocTotal:   263061440 kB
VmallocUsed:      129360 kB
VmallocChunk:          0 kB
Percpu:             2592 kB
CmaTotal:         405504 kB
CmaFree:          280412 kB
MemTotal:        7918588 kB
MemFree:         2494224 kB
MemAvailable:    3920160 kB
Buffers:            5280 kB
Cached:          1437352 kB
SwapCached:         8224 kB
Active:          1824684 kB
Inactive:         851240 kB
Active(anon):    1129192 kB
Inactive(anon):   125760 kB
Active(file):     695492 kB
Inactive(file):   725480 kB
Unevictable:        6364 kB
Mlocked:            5924 kB
SwapTotal:       4718584 kB
SwapFree:        3501420 kB
Dirty:             18208 kB
Writeback:             0 kB
AnonPages:       1235704 kB
Mapped:           651700 kB
Shmem:             17020 kB
KReclaimable:     575412 kB
Slab:             321076 kB
SReclaimable:      93172 kB
SUnreclaim:       227904 kB
KernelStack:       46944 kB
ShadowCallStack:   11776 kB
PageTables:        66396 kB
NFS_Unstable:          0 kB
Bounce:                0 kB
WritebackTmp:          0 kB
CommitLimit:     8677876 kB
Committed_AS:   65041536 kB
VmallocTotal:   263061440 kB
VmallocUsed:      129484 kB
VmallocChunk:          0 kB
Percpu:             2592 kB
CmaTotal:         405504 kB
CmaFree:          280412 kB
MemTotal:        7918588 kB
MemFree:         2436516 kB
MemAvailable:    3982564 kB
Buffers:            5280 kB
Cached:          1437256 kB
SwapCached:         8224 kB
Active:          1881512 kB
Inactive:         851240 kB
Active(anon):    1186020 kB
Inactive(anon):   125760 kB
Active(file):     695492 kB
Inactive(file):   725480 kB
Unevictable:        6364 kB
Mlocked:            5924 kB
SwapTotal:       4718584 kB
SwapFree:        3501420 kB
Dirty:             18208 kB
Writeback:             0 kB
AnonPages:       1292660 kB
Mapped:           651992 kB
Shmem:             16924 kB
KReclaimable:     695524 kB
Slab:             321180 kB
SReclaimable:      93172 kB
SUnreclaim:       228008 kB
KernelStack:       46784 kB
ShadowCallStack:   11720 kB
PageTables:        66768 kB
NFS_Unstable:          0 kB
Bounce:                0 kB
WritebackTmp:          0 kB
CommitLimit:     8677876 kB
Committed_AS:   65286852 kB
VmallocTotal:   263061440 kB
VmallocUsed:      129288 kB
VmallocChunk:          0 kB
Percpu:             2592 kB
CmaTotal:         405504 kB
CmaFree:          280412 kB
MemTotal:        7918588 kB
MemFree:         2357892 kB
MemAvailable:    3903120 kB
Buffers:            5280 kB
Cached:          1437300 kB
SwapCached:         8224 kB
Active:          1961648 kB
Inactive:         851284 kB
Active(anon):    1266156 kB
Inactive(anon):   125760 kB
Active(file):     695492 kB
Inactive(file):   725524 kB
Unevictable:        6364 kB
Mlocked:            5924 kB
SwapTotal:       4718584 kB
SwapFree:        3501420 kB
Dirty:             18260 kB
Writeback:             0 kB
AnonPages:       1372524 kB
Mapped:           652068 kB
Shmem:             16924 kB
KReclaimable:     694660 kB
Slab:             321160 kB
SReclaimable:      93172 kB
SUnreclaim:       227988 kB
KernelStack:       46768 kB
ShadowCallStack:   11712 kB
PageTables:        67104 kB
NFS_Unstable:          0 kB
Bounce:                0 kB
WritebackTmp:          0 kB
CommitLimit:     8677876 kB
Committed_AS:   65499692 kB
VmallocTotal:   263061440 kB
VmallocUsed:      129208 kB
VmallocChunk:          0 kB
Percpu:             2592 kB
CmaTotal:         405504 kB
CmaFree:          280412 kB
MemTotal:        7918588 kB
MemFree:         2248472 kB
MemAvailable:    3791996 kB
Buffers:            5280 kB
Cached:          1437304 kB
SwapCached:         8224 kB
Active:          2069620 kB
Inactive:         851284 kB
Active(anon):    1374128 kB
Inactive(anon):   125760 kB
Active(file):     695492 kB
Inactive(file):   725524 kB
Unevictable:        6364 kB
Mlocked:            5924 kB
SwapTotal:       4718584 kB
SwapFree:        3501676 kB
Dirty:             18260 kB
Writeback:             0 kB
AnonPages:       1480652 kB
Mapped:           650376 kB
Shmem:             16928 kB
KReclaimable:     692956 kB
Slab:             321244 kB
SReclaimable:      93172 kB
SUnreclaim:       228072 kB
KernelStack:       46688 kB
ShadowCallStack:   11684 kB
PageTables:        67604 kB
NFS_Unstable:          0 kB
Bounce:                0 kB
WritebackTmp:          0 kB
CommitLimit:     8677876 kB
Committed_AS:   65761736 kB
VmallocTotal:   263061440 kB
VmallocUsed:      129156 kB
VmallocChunk:          0 kB
Percpu:             2592 kB
CmaTotal:         405504 kB
CmaFree:          280412 kB
MemTotal:        7918588 kB
MemFree:         2141476 kB
MemAvailable:    3687180 kB
Buffers:            5532 kB
Cached:          1440336 kB
SwapCached:         8224 kB
Active:          2174724 kB
Inactive:         853508 kB
Active(anon):    1478636 kB
Inactive(anon):   125344 kB
Active(file):     696088 kB
Inactive(file):   728164 kB
Unevictable:        6364 kB
Mlocked:            5924 kB
SwapTotal:       4718584 kB
SwapFree:        3505516 kB
Dirty:             18388 kB
Writeback:             0 kB
AnonPages:       1584664 kB
Mapped:           654152 kB
Shmem:             16976 kB
KReclaimable:     691900 kB
Slab:             321552 kB
SReclaimable:      93172 kB
SUnreclaim:       228380 kB
KernelStack:       46672 kB
ShadowCallStack:   11692 kB
PageTables:        68232 kB
NFS_Unstable:          0 kB
Bounce:                0 kB
WritebackTmp:          0 kB
CommitLimit:     8677876 kB
Committed_AS:   66023828 kB
VmallocTotal:   263061440 kB
VmallocUsed:      129112 kB
VmallocChunk:          0 kB
Percpu:             2592 kB
CmaTotal:         405504 kB
CmaFree:          280412 kB
MemTotal:        7918588 kB
MemFree:         2050696 kB
MemAvailable:    3595656 kB
Buffers:            5544 kB
Cached:          1440340 kB
SwapCached:         8224 kB
Active:          2264240 kB
Inactive:         853516 kB
Active(anon):    1568152 kB
Inactive(anon):   125336 kB
Active(file):     696088 kB
Inactive(file):   728180 kB
Unevictable:        6364 kB
Mlocked:            5924 kB
SwapTotal:       4718584 kB
SwapFree:        3505516 kB
Dirty:             18388 kB
Writeback:             0 kB
AnonPages:       1674236 kB
Mapped:           654604 kB
Shmem:             16976 kB
KReclaimable:     691140 kB
Slab:             321356 kB
SReclaimable:      93172 kB
SUnreclaim:       228184 kB
KernelStack:       46656 kB
ShadowCallStack:   11684 kB
PageTables:        68544 kB
NFS_Unstable:          0 kB
Bounce:                0 kB
WritebackTmp:          0 kB
CommitLimit:     8677876 kB
Committed_AS:   66236816 kB
VmallocTotal:   263061440 kB
VmallocUsed:      129112 kB
VmallocChunk:          0 kB
Percpu:             2592 kB
CmaTotal:         405504 kB
CmaFree:          280412 kB
MemTotal:        7918588 kB
MemFree:         1965692 kB
MemAvailable:    3509380 kB
Buffers:            5544 kB
Cached:          1440340 kB
SwapCached:         8224 kB
Active:          2348852 kB
Inactive:         853516 kB
Active(anon):    1652764 kB
Inactive(anon):   125336 kB
Active(file):     696088 kB
Inactive(file):   728180 kB
Unevictable:        6364 kB
Mlocked:            5924 kB
SwapTotal:       4718584 kB
SwapFree:        3505516 kB
Dirty:             18388 kB
Writeback:             0 kB
AnonPages:       1758768 kB
Mapped:           655484 kB
Shmem:             16976 kB
KReclaimable:     689868 kB
Slab:             321504 kB
SReclaimable:      93172 kB
SUnreclaim:       228332 kB
KernelStack:       46656 kB
ShadowCallStack:   11696 kB
PageTables:        68964 kB
NFS_Unstable:          0 kB
Bounce:                0 kB
WritebackTmp:          0 kB
CommitLimit:     8677876 kB
Committed_AS:   66449812 kB
VmallocTotal:   263061440 kB
VmallocUsed:      129112 kB
VmallocChunk:          0 kB
Percpu:             2592 kB
CmaTotal:         405504 kB
CmaFree:          280412 kB
MemTotal:        7918588 kB
MemFree:         1878444 kB
MemAvailable:    3421320 kB
Buffers:            5544 kB
Cached:          1440352 kB
SwapCached:         8224 kB
Active:          2436184 kB
Inactive:         853528 kB
Active(anon):    1740096 kB
Inactive(anon):   125336 kB
Active(file):     696088 kB
Inactive(file):   728192 kB
Unevictable:        6364 kB
Mlocked:            5924 kB
SwapTotal:       4718584 kB
SwapFree:        3505516 kB
Dirty:             18400 kB
Writeback:             0 kB
AnonPages:       1846300 kB
Mapped:           656052 kB
Shmem:             16976 kB
KReclaimable:     689044 kB
Slab:             321592 kB
SReclaimable:      93172 kB
SUnreclaim:       228420 kB
KernelStack:       46656 kB
ShadowCallStack:   11688 kB
PageTables:        69580 kB
NFS_Unstable:          0 kB
Bounce:                0 kB
WritebackTmp:          0 kB
CommitLimit:     8677876 kB
Committed_AS:   66679188 kB
VmallocTotal:   263061440 kB
VmallocUsed:      129096 kB
VmallocChunk:          0 kB
Percpu:             2592 kB
CmaTotal:         405504 kB
CmaFree:          280412 kB
MemTotal:        7918588 kB
MemFree:         1800484 kB
MemAvailable:    3342360 kB
Buffers:            5544 kB
Cached:          1440352 kB
SwapCached:         8224 kB
Active:          2513148 kB
Inactive:         853528 kB
Active(anon):    1817060 kB
Inactive(anon):   125336 kB
Active(file):     696088 kB
Inactive(file):   728192 kB
Unevictable:        6364 kB
Mlocked:            5924 kB
SwapTotal:       4718584 kB
SwapFree:        3505516 kB
Dirty:             18400 kB
Writeback:             0 kB
AnonPages:       1923176 kB
Mapped:           656836 kB
Shmem:             16976 kB
KReclaimable:     688044 kB
Slab:             321628 kB
SReclaimable:      93172 kB
SUnreclaim:       228456 kB
KernelStack:       46656 kB
ShadowCallStack:   11684 kB
PageTables:        70076 kB
NFS_Unstable:          0 kB
Bounce:                0 kB
WritebackTmp:          0 kB
CommitLimit:     8677876 kB
Committed_AS:   66875792 kB
VmallocTotal:   263061440 kB
VmallocUsed:      129108 kB
VmallocChunk:          0 kB
Percpu:             2592 kB
CmaTotal:         405504 kB
CmaFree:          280412 kB
MemTotal:        7918588 kB
MemFree:         1738008 kB
MemAvailable:    3279092 kB
Buffers:            5552 kB
Cached:          1440356 kB
SwapCached:         8224 kB
Active:          2575680 kB
Inactive:         853536 kB
Active(anon):    1879592 kB
Inactive(anon):   125336 kB
Active(file):     696088 kB
Inactive(file):   728200 kB
Unevictable:        6364 kB
Mlocked:            5924 kB
SwapTotal:       4718584 kB
SwapFree:        3505516 kB
Dirty:             18400 kB
Writeback:             0 kB
AnonPages:       1985612 kB
Mapped:           657192 kB
Shmem:             16980 kB
KReclaimable:     687244 kB
Slab:             321648 kB
SReclaimable:      93172 kB
SUnreclaim:       228476 kB
KernelStack:       46704 kB
ShadowCallStack:   11692 kB
PageTables:        70260 kB
NFS_Unstable:          0 kB
Bounce:                0 kB
WritebackTmp:          0 kB
CommitLimit:     8677876 kB
Committed_AS:   67007024 kB
VmallocTotal:   263061440 kB
VmallocUsed:      129172 kB
VmallocChunk:          0 kB
Percpu:             2592 kB
CmaTotal:         405504 kB
CmaFree:          280412 kB
MemTotal:        7918588 kB
MemFree:         1663132 kB
MemAvailable:    3203208 kB
Buffers:            5552 kB
Cached:          1440356 kB
SwapCached:         8224 kB
Active:          2650916 kB
Inactive:         853536 kB
Active(anon):    1954828 kB
Inactive(anon):   125336 kB
Active(file):     696088 kB
Inactive(file):   728200 kB
Unevictable:        6364 kB
Mlocked:            5924 kB
SwapTotal:       4718584 kB
SwapFree:        3505516 kB
Dirty:             18400 kB
Writeback:             0 kB
AnonPages:       2060736 kB
Mapped:           657784 kB
Shmem:             16980 kB
KReclaimable:     686236 kB
Slab:             321740 kB
SReclaimable:      93172 kB
SUnreclaim:       228568 kB
KernelStack:       46736 kB
ShadowCallStack:   11712 kB
PageTables:        70452 kB
NFS_Unstable:          0 kB
Bounce:                0 kB
WritebackTmp:          0 kB
CommitLimit:     8677876 kB
Committed_AS:   67170868 kB
VmallocTotal:   263061440 kB
VmallocUsed:      129172 kB
VmallocChunk:          0 kB
Percpu:             2592 kB
CmaTotal:         405504 kB
CmaFree:          280412 kB
MemTotal:        7918588 kB
MemFree:         1586396 kB
MemAvailable:    3125344 kB
Buffers:            5552 kB
Cached:          1440360 kB
SwapCached:         8224 kB
Active:          2726304 kB
Inactive:         853536 kB
Active(anon):    2030216 kB
Inactive(anon):   125336 kB
Active(file):     696088 kB
Inactive(file):   728200 kB
Unevictable:        6364 kB
Mlocked:            5924 kB
SwapTotal:       4718584 kB
SwapFree:        3505516 kB
Dirty:             18400 kB
Writeback:             0 kB
AnonPages:       2136276 kB
Mapped:           658816 kB
Shmem:             16984 kB
KReclaimable:     685108 kB
Slab:             321924 kB
SReclaimable:      93172 kB
SUnreclaim:       228752 kB
KernelStack:       46704 kB
ShadowCallStack:   11716 kB
PageTables:        70876 kB
NFS_Unstable:          0 kB
Bounce:                0 kB
WritebackTmp:          0 kB
CommitLimit:     8677876 kB
Committed_AS:   67351040 kB
VmallocTotal:   263061440 kB
VmallocUsed:      129172 kB
VmallocChunk:          0 kB
Percpu:             2592 kB
CmaTotal:         405504 kB
CmaFree:          280412 kB
MemTotal:        7918588 kB
MemFree:         1528012 kB
MemAvailable:    3066272 kB
Buffers:            5552 kB
Cached:          1440368 kB
SwapCached:         8224 kB
Active:          2784168 kB
Inactive:         853544 kB
Active(anon):    2088080 kB
Inactive(anon):   125336 kB
Active(file):     696088 kB
Inactive(file):   728208 kB
Unevictable:        6364 kB
Mlocked:            5924 kB
SwapTotal:       4718584 kB
SwapFree:        3505516 kB
Dirty:             18412 kB
Writeback:             0 kB
AnonPages:       2194140 kB
Mapped:           659072 kB
Shmem:             16984 kB
KReclaimable:     684412 kB
Slab:             321712 kB
SReclaimable:      93172 kB
SUnreclaim:       228540 kB
KernelStack:       46720 kB
ShadowCallStack:   11704 kB
PageTables:        71332 kB
NFS_Unstable:          0 kB
Bounce:                0 kB
WritebackTmp:          0 kB
CommitLimit:     8677876 kB
Committed_AS:   67482112 kB
VmallocTotal:   263061440 kB
VmallocUsed:      129164 kB
VmallocChunk:          0 kB
Percpu:             2592 kB
CmaTotal:         405504 kB
CmaFree:          280412 kB
MemTotal:        7918588 kB
MemFree:         1469948 kB
MemAvailable:    3007480 kB
Buffers:            5552 kB
Cached:          1440368 kB
SwapCached:         8224 kB
Active:          2842200 kB
Inactive:         853544 kB
Active(anon):    2146112 kB
Inactive(anon):   125336 kB
Active(file):     696088 kB
Inactive(file):   728208 kB
Unevictable:        6364 kB
Mlocked:            5924 kB
SwapTotal:       4718584 kB
SwapFree:        3505516 kB
Dirty:             18412 kB
Writeback:             0 kB
AnonPages:       2252088 kB
Mapped:           659528 kB
Shmem:             16984 kB
KReclaimable:     683684 kB
Slab:             321744 kB
SReclaimable:      93172 kB
SUnreclaim:       228572 kB
KernelStack:       46688 kB
ShadowCallStack:   11692 kB
PageTables:        71388 kB
NFS_Unstable:          0 kB
Bounce:                0 kB
WritebackTmp:          0 kB
CommitLimit:     8677876 kB
Committed_AS:   67596800 kB
VmallocTotal:   263061440 kB
VmallocUsed:      129172 kB
VmallocChunk:          0 kB
Percpu:             2592 kB
CmaTotal:         405504 kB
CmaFree:          280412 kB
MemTotal:        7918588 kB
MemFree:         1404504 kB
MemAvailable:    2941552 kB
Buffers:            5588 kB
Cached:          1440672 kB
SwapCached:         8224 kB
Active:          2907144 kB
Inactive:         853800 kB
Active(anon):    2211056 kB
Inactive(anon):   125268 kB
Active(file):     696088 kB
Inactive(file):   728532 kB
Unevictable:        6364 kB
Mlocked:            5924 kB
SwapTotal:       4718584 kB
SwapFree:        3505516 kB
Dirty:             18444 kB
Writeback:             0 kB
AnonPages:       2316980 kB
Mapped:           660188 kB
Shmem:             17000 kB
KReclaimable:     682876 kB
Slab:             321840 kB
SReclaimable:      93172 kB
SUnreclaim:       228668 kB
KernelStack:       46720 kB
ShadowCallStack:   11704 kB
PageTables:        71692 kB
NFS_Unstable:          0 kB
Bounce:                0 kB
WritebackTmp:          0 kB
CommitLimit:     8677876 kB
Committed_AS:   67727888 kB
VmallocTotal:   263061440 kB
VmallocUsed:      129164 kB
VmallocChunk:          0 kB
Percpu:             2592 kB
CmaTotal:         405504 kB
CmaFree:          280412 kB
MemTotal:        7918588 kB
MemFree:         1356356 kB
MemAvailable:    2892860 kB
Buffers:            5596 kB
Cached:          1440672 kB
SwapCached:         8224 kB
Active:          2955176 kB
Inactive:         853784 kB
Active(anon):    2259088 kB
Inactive(anon):   125244 kB
Active(file):     696088 kB
Inactive(file):   728540 kB
Unevictable:        6364 kB
Mlocked:            5924 kB
SwapTotal:       4718584 kB
SwapFree:        3505772 kB
Dirty:             18444 kB
Writeback:             0 kB
AnonPages:       2364960 kB
Mapped:           660416 kB
Shmem:             17000 kB
KReclaimable:     682324 kB
Slab:             321856 kB
SReclaimable:      93172 kB
SUnreclaim:       228684 kB
KernelStack:       46720 kB
ShadowCallStack:   11712 kB
PageTables:        71944 kB
NFS_Unstable:          0 kB
Bounce:                0 kB
WritebackTmp:          0 kB
CommitLimit:     8677876 kB
Committed_AS:   67875348 kB
VmallocTotal:   263061440 kB
VmallocUsed:      129156 kB
VmallocChunk:          0 kB
Percpu:             2592 kB
CmaTotal:         405504 kB
CmaFree:          278228 kB
MemTotal:        7918588 kB
MemFree:         1284752 kB
MemAvailable:    2820280 kB
Buffers:            5596 kB
Cached:          1440676 kB
SwapCached:         8224 kB
Active:          3027172 kB
Inactive:         853784 kB
Active(anon):    2331084 kB
Inactive(anon):   125244 kB
Active(file):     696088 kB
Inactive(file):   728540 kB
Unevictable:        6364 kB
Mlocked:            5924 kB
SwapTotal:       4718584 kB
SwapFree:        3505772 kB
Dirty:             17944 kB
Writeback:             4 kB
AnonPages:       2437160 kB
Mapped:           661144 kB
Shmem:             17004 kB
KReclaimable:     681348 kB
Slab:             321764 kB
SReclaimable:      93172 kB
SUnreclaim:       228592 kB
KernelStack:       46704 kB
ShadowCallStack:   11688 kB
PageTables:        72080 kB
NFS_Unstable:          0 kB
Bounce:                0 kB
WritebackTmp:          0 kB
CommitLimit:     8677876 kB
Committed_AS:   68023828 kB
VmallocTotal:   263061440 kB
VmallocUsed:      129140 kB
VmallocChunk:          0 kB
Percpu:             2592 kB
CmaTotal:         405504 kB
CmaFree:          206148 kB
MemTotal:        7918588 kB
MemFree:         1215184 kB
MemAvailable:    2749704 kB
Buffers:            5596 kB
Cached:          1440676 kB
SwapCached:         8224 kB
Active:          3095352 kB
Inactive:         853784 kB
Active(anon):    2399264 kB
Inactive(anon):   125244 kB
Active(file):     696088 kB
Inactive(file):   728540 kB
Unevictable:        6364 kB
Mlocked:            5924 kB
SwapTotal:       4718584 kB
SwapFree:        3505772 kB
Dirty:             17864 kB
Writeback:             0 kB
AnonPages:       2505184 kB
Mapped:           661748 kB
Shmem:             17004 kB
KReclaimable:     680340 kB
Slab:             321964 kB
SReclaimable:      93172 kB
SUnreclaim:       228792 kB
KernelStack:       46720 kB
ShadowCallStack:   11696 kB
PageTables:        72496 kB
NFS_Unstable:          0 kB
Bounce:                0 kB
WritebackTmp:          0 kB
CommitLimit:     8677876 kB
Committed_AS:   68171284 kB
VmallocTotal:   263061440 kB
VmallocUsed:      129140 kB
VmallocChunk:          0 kB
Percpu:             2592 kB
CmaTotal:         405504 kB
CmaFree:          137664 kB
MemTotal:        7918588 kB
MemFree:         1171580 kB
MemAvailable:    2705732 kB
Buffers:            5596 kB
Cached:          1440676 kB
SwapCached:         8224 kB
Active:          3139712 kB
Inactive:         853784 kB
Active(anon):    2443624 kB
Inactive(anon):   125244 kB
Active(file):     696088 kB
Inactive(file):   728540 kB
Unevictable:        6364 kB
Mlocked:            5924 kB
SwapTotal:       4718584 kB
SwapFree:        3505772 kB
Dirty:             17876 kB
Writeback:             0 kB
AnonPages:       2549548 kB
Mapped:           661856 kB
Shmem:             17004 kB
KReclaimable:     679972 kB
Slab:             321996 kB
SReclaimable:      93172 kB
SUnreclaim:       228824 kB
KernelStack:       46752 kB
ShadowCallStack:   11704 kB
PageTables:        72724 kB
NFS_Unstable:          0 kB
Bounce:                0 kB
WritebackTmp:          0 kB
CommitLimit:     8677876 kB
Committed_AS:   68253204 kB
VmallocTotal:   263061440 kB
VmallocUsed:      129172 kB
VmallocChunk:          0 kB
Percpu:             2592 kB
CmaTotal:         405504 kB
CmaFree:           94116 kB
MemTotal:        7918588 kB
MemFree:         1111828 kB
MemAvailable:    2644988 kB
Buffers:            5604 kB
Cached:          1440668 kB
SwapCached:         8224 kB
Active:          3199532 kB
Inactive:         853720 kB
Active(anon):    2503444 kB
Inactive(anon):   125180 kB
Active(file):     696088 kB
Inactive(file):   728540 kB
Unevictable:        6364 kB
Mlocked:            5924 kB
SwapTotal:       4718584 kB
SwapFree:        3505772 kB
Dirty:             17892 kB
Writeback:             0 kB
AnonPages:       2609260 kB
Mapped:           662476 kB
Shmem:             17004 kB
KReclaimable:     678980 kB
Slab:             321912 kB
SReclaimable:      93172 kB
SUnreclaim:       228740 kB
KernelStack:       46736 kB
ShadowCallStack:   11696 kB
PageTables:        72944 kB
NFS_Unstable:          0 kB
Bounce:                0 kB
WritebackTmp:          0 kB
CommitLimit:     8677876 kB
Committed_AS:   68400660 kB
VmallocTotal:   263061440 kB
VmallocUsed:      129172 kB
VmallocChunk:          0 kB
Percpu:             2592 kB
CmaTotal:         405504 kB
CmaFree:           34416 kB
MemTotal:        7918588 kB
MemFree:         1064648 kB
MemAvailable:    2597104 kB
Buffers:            5604 kB
Cached:          1440684 kB
SwapCached:         8224 kB
Active:          3247532 kB
Inactive:         853724 kB
Active(anon):    2551444 kB
Inactive(anon):   125176 kB
Active(file):     696088 kB
Inactive(file):   728548 kB
Unevictable:        6364 kB
Mlocked:            5924 kB
SwapTotal:       4718584 kB
SwapFree:        3505772 kB
Dirty:             17908 kB
Writeback:             0 kB
AnonPages:       2657232 kB
Mapped:           663044 kB
Shmem:             17012 kB
KReclaimable:     678268 kB
Slab:             322192 kB
SReclaimable:      93172 kB
SUnreclaim:       229020 kB
KernelStack:       46736 kB
ShadowCallStack:   11704 kB
PageTables:        73232 kB
NFS_Unstable:          0 kB
Bounce:                0 kB
WritebackTmp:          0 kB
CommitLimit:     8677876 kB
Committed_AS:   68515356 kB
VmallocTotal:   263061440 kB
VmallocUsed:      129172 kB
VmallocChunk:          0 kB
Percpu:             2592 kB
CmaTotal:         405504 kB
CmaFree:               0 kB
MemTotal:        7918588 kB
MemFree:          975680 kB
MemAvailable:    2386260 kB
Buffers:            5608 kB
Cached:          1440772 kB
SwapCached:         8224 kB
Active:          3335808 kB
Inactive:         853736 kB
Active(anon):    2639720 kB
Inactive(anon):   125176 kB
Active(file):     696088 kB
Inactive(file):   728560 kB
Unevictable:        6364 kB
Mlocked:            5924 kB
SwapTotal:       4718584 kB
SwapFree:        3505772 kB
Dirty:               420 kB
Writeback:             0 kB
AnonPages:       2745488 kB
Mapped:           663888 kB
Shmem:             17092 kB
KReclaimable:     556380 kB
Slab:             322196 kB
SReclaimable:      93172 kB
SUnreclaim:       229024 kB
KernelStack:       46832 kB
ShadowCallStack:   11740 kB
PageTables:        73560 kB
NFS_Unstable:          0 kB
Bounce:                0 kB
WritebackTmp:          0 kB
CommitLimit:     8677876 kB
Committed_AS:   68630444 kB
VmallocTotal:   263061440 kB
VmallocUsed:      129328 kB
VmallocChunk:          0 kB
Percpu:             2592 kB
CmaTotal:         405504 kB
CmaFree:               0 kB
MemTotal:        7918588 kB
MemFree:          943368 kB
MemAvailable:    2474468 kB
Buffers:            5608 kB
Cached:          1440844 kB
SwapCached:         8224 kB
Active:          3367120 kB
Inactive:         853736 kB
Active(anon):    2671032 kB
Inactive(anon):   125176 kB
Active(file):     696088 kB
Inactive(file):   728560 kB
Unevictable:        6364 kB
Mlocked:            5924 kB
SwapTotal:       4718584 kB
SwapFree:        3505772 kB
Dirty:               420 kB
Writeback:             0 kB
AnonPages:       2776884 kB
Mapped:           663860 kB
Shmem:             17164 kB
KReclaimable:     676900 kB
Slab:             322172 kB
SReclaimable:      93172 kB
SUnreclaim:       229000 kB
KernelStack:       46736 kB
ShadowCallStack:   11724 kB
PageTables:        73732 kB
NFS_Unstable:          0 kB
Bounce:                0 kB
WritebackTmp:          0 kB
CommitLimit:     8677876 kB
Committed_AS:   68793888 kB
VmallocTotal:   263061440 kB
VmallocUsed:      129188 kB
VmallocChunk:          0 kB
Percpu:             2592 kB
CmaTotal:         405504 kB
CmaFree:               0 kB
MemTotal:        7918588 kB
MemFree:          896632 kB
MemAvailable:    2427156 kB
Buffers:            5608 kB
Cached:          1440692 kB
SwapCached:         8224 kB
Active:          3415332 kB
Inactive:         853736 kB
Active(anon):    2719244 kB
Inactive(anon):   125176 kB
Active(file):     696088 kB
Inactive(file):   728560 kB
Unevictable:        6364 kB
Mlocked:            5924 kB
SwapTotal:       4718584 kB
SwapFree:        3505772 kB
Dirty:               460 kB
Writeback:             0 kB
AnonPages:       2825072 kB
Mapped:           664356 kB
Shmem:             17012 kB
KReclaimable:     676324 kB
Slab:             322268 kB
SReclaimable:      93172 kB
SUnreclaim:       229096 kB
KernelStack:       46720 kB
ShadowCallStack:   11704 kB
PageTables:        73964 kB
NFS_Unstable:          0 kB
Bounce:                0 kB
WritebackTmp:          0 kB
CommitLimit:     8677876 kB
Committed_AS:   68908576 kB
VmallocTotal:   263061440 kB
VmallocUsed:      129156 kB
VmallocChunk:          0 kB
Percpu:             2592 kB
CmaTotal:         405504 kB
CmaFree:               0 kB
MemTotal:        7918588 kB
MemFree:          844196 kB
MemAvailable:    2374240 kB
Buffers:            5608 kB
Cached:          1440692 kB
SwapCached:         8224 kB
Active:          3467200 kB
Inactive:         853736 kB
Active(anon):    2771112 kB
Inactive(anon):   125176 kB
Active(file):     696088 kB
Inactive(file):   728560 kB
Unevictable:        6364 kB
Mlocked:            5924 kB
SwapTotal:       4718584 kB
SwapFree:        3506028 kB
Dirty:               460 kB
Writeback:             0 kB
AnonPages:       2876784 kB
Mapped:           664588 kB
Shmem:             17012 kB
KReclaimable:     675844 kB
Slab:             322256 kB
SReclaimable:      93172 kB
SUnreclaim:       229084 kB
KernelStack:       46704 kB
ShadowCallStack:   11712 kB
PageTables:        74040 kB
NFS_Unstable:          0 kB
Bounce:                0 kB
WritebackTmp:          0 kB
CommitLimit:     8677876 kB
Committed_AS:   69023264 kB
VmallocTotal:   263061440 kB
VmallocUsed:      129156 kB
VmallocChunk:          0 kB
Percpu:             2592 kB
CmaTotal:         405504 kB
CmaFree:               0 kB
MemTotal:        7918588 kB
MemFree:          786136 kB
MemAvailable:    2315052 kB
Buffers:            5608 kB
Cached:          1440692 kB
SwapCached:         8224 kB
Active:          3524856 kB
Inactive:         853736 kB
Active(anon):    2828768 kB
Inactive(anon):   125176 kB
Active(file):     696088 kB
Inactive(file):   728560 kB
Unevictable:        6364 kB
Mlocked:            5924 kB
SwapTotal:       4718584 kB
SwapFree:        3506028 kB
Dirty:               472 kB
Writeback:             0 kB
AnonPages:       2934572 kB
Mapped:           665176 kB
Shmem:             17012 kB
KReclaimable:     674716 kB
Slab:             322264 kB
SReclaimable:      93188 kB
SUnreclaim:       229076 kB
KernelStack:       46704 kB
ShadowCallStack:   11708 kB
PageTables:        74444 kB
NFS_Unstable:          0 kB
Bounce:                0 kB
WritebackTmp:          0 kB
CommitLimit:     8677876 kB
Committed_AS:   69154332 kB
VmallocTotal:   263061440 kB
VmallocUsed:      129172 kB
VmallocChunk:          0 kB
Percpu:             2592 kB
CmaTotal:         405504 kB
CmaFree:               0 kB
MemTotal:        7918588 kB
MemFree:          735332 kB
MemAvailable:    2263876 kB
Buffers:            5616 kB
Cached:          1440688 kB
SwapCached:         8224 kB
Active:          3575556 kB
Inactive:         853740 kB
Active(anon):    2879468 kB
Inactive(anon):   125176 kB
Active(file):     696088 kB
Inactive(file):   728564 kB
Unevictable:        6364 kB
Mlocked:            5924 kB
SwapTotal:       4718584 kB
SwapFree:        3506028 kB
Dirty:               472 kB
Writeback:             0 kB
AnonPages:       2985296 kB
Mapped:           665532 kB
Shmem:             17012 kB
KReclaimable:     674340 kB
Slab:             322248 kB
SReclaimable:      93172 kB
SUnreclaim:       229076 kB
KernelStack:       46704 kB
ShadowCallStack:   11688 kB
PageTables:        74652 kB
NFS_Unstable:          0 kB
Bounce:                0 kB
WritebackTmp:          0 kB
CommitLimit:     8677876 kB
Committed_AS:   69269020 kB
VmallocTotal:   263061440 kB
VmallocUsed:      129168 kB
VmallocChunk:          0 kB
Percpu:             2592 kB
CmaTotal:         405504 kB
CmaFree:               0 kB
MemTotal:        7918588 kB
MemFree:          666748 kB
MemAvailable:    2194424 kB
Buffers:            5616 kB
Cached:          1440692 kB
SwapCached:         8224 kB
Active:          3643552 kB
Inactive:         853744 kB
Active(anon):    2947464 kB
Inactive(anon):   125176 kB
Active(file):     696088 kB
Inactive(file):   728568 kB
Unevictable:        6364 kB
Mlocked:            5924 kB
SwapTotal:       4718584 kB
SwapFree:        3506028 kB
Dirty:               532 kB
Writeback:             0 kB
AnonPages:       3053364 kB
Mapped:           666136 kB
Shmem:             17012 kB
KReclaimable:     673468 kB
Slab:             322328 kB
SReclaimable:      93172 kB
SUnreclaim:       229156 kB
KernelStack:       46704 kB
ShadowCallStack:   11700 kB
PageTables:        74892 kB
NFS_Unstable:          0 kB
Bounce:                0 kB
WritebackTmp:          0 kB
CommitLimit:     8677876 kB
Committed_AS:   69416476 kB
VmallocTotal:   263061440 kB
VmallocUsed:      129184 kB
VmallocChunk:          0 kB
Percpu:             2592 kB
CmaTotal:         405504 kB
CmaFree:               0 kB
MemTotal:        7918588 kB
MemFree:          614332 kB
MemAvailable:    2141096 kB
Buffers:            5616 kB
Cached:          1440700 kB
SwapCached:         8224 kB
Active:          3694980 kB
Inactive:         853744 kB
Active(anon):    2998892 kB
Inactive(anon):   125176 kB
Active(file):     696088 kB
Inactive(file):   728568 kB
Unevictable:        6364 kB
Mlocked:            5924 kB
SwapTotal:       4718584 kB
SwapFree:        3506028 kB
Dirty:               548 kB
Writeback:             0 kB
AnonPages:       3104940 kB
Mapped:           666612 kB
Shmem:             17020 kB
KReclaimable:     672556 kB
Slab:             322424 kB
SReclaimable:      93172 kB
SUnreclaim:       229252 kB
KernelStack:       46720 kB
ShadowCallStack:   11704 kB
PageTables:        74888 kB
NFS_Unstable:          0 kB
Bounce:                0 kB
WritebackTmp:          0 kB
CommitLimit:     8677876 kB
Committed_AS:   69531172 kB
VmallocTotal:   263061440 kB
VmallocUsed:      129172 kB
VmallocChunk:          0 kB
Percpu:             2592 kB
CmaTotal:         405504 kB
CmaFree:               0 kB
MemTotal:        7918588 kB
MemFree:          584764 kB
MemAvailable:    2111280 kB
Buffers:            5616 kB
Cached:          1440700 kB
SwapCached:         8224 kB
Active:          3725932 kB
Inactive:         853744 kB
Active(anon):    3029844 kB
Inactive(anon):   125176 kB
Active(file):     696088 kB
Inactive(file):   728568 kB
Unevictable:        6364 kB
Mlocked:            5924 kB
SwapTotal:       4718584 kB
SwapFree:        3506028 kB
Dirty:               552 kB
Writeback:             0 kB
AnonPages:       3135664 kB
Mapped:           666880 kB
Shmem:             17020 kB
KReclaimable:     672308 kB
Slab:             322444 kB
SReclaimable:      93172 kB
SUnreclaim:       229272 kB
KernelStack:       46720 kB
ShadowCallStack:   11708 kB
PageTables:        75360 kB
NFS_Unstable:          0 kB
Bounce:                0 kB
WritebackTmp:          0 kB
CommitLimit:     8677876 kB
Committed_AS:   69613120 kB
VmallocTotal:   263061440 kB
VmallocUsed:      129176 kB
VmallocChunk:          0 kB
Percpu:             2592 kB
CmaTotal:         405504 kB
CmaFree:               0 kB
MemTotal:        7918588 kB
MemFree:          507588 kB
MemAvailable:    2032504 kB
Buffers:            5624 kB
Cached:          1440692 kB
SwapCached:         8224 kB
Active:          3802888 kB
Inactive:         853744 kB
Active(anon):    3106800 kB
Inactive(anon):   125176 kB
Active(file):     696088 kB
Inactive(file):   728568 kB
Unevictable:        6364 kB
Mlocked:            5924 kB
SwapTotal:       4718584 kB
SwapFree:        3506028 kB
Dirty:               572 kB
Writeback:             0 kB
AnonPages:       3212608 kB
Mapped:           667792 kB
Shmem:             17020 kB
KReclaimable:     670708 kB
Slab:             322452 kB
SReclaimable:      93172 kB
SUnreclaim:       229280 kB
KernelStack:       46688 kB
ShadowCallStack:   11696 kB
PageTables:        75644 kB
NFS_Unstable:          0 kB
Bounce:                0 kB
WritebackTmp:          0 kB
CommitLimit:     8677876 kB
Committed_AS:   69776932 kB
VmallocTotal:   263061440 kB
VmallocUsed:      129172 kB
VmallocChunk:          0 kB
Percpu:             2592 kB
CmaTotal:         405504 kB
CmaFree:               0 kB
MemTotal:        7918588 kB
MemFree:          478392 kB
MemAvailable:    2003232 kB
Buffers:            5624 kB
Cached:          1440820 kB
SwapCached:         8224 kB
Active:          3831164 kB
Inactive:         853756 kB
Active(anon):    3134964 kB
Inactive(anon):   125176 kB
Active(file):     696200 kB
Inactive(file):   728580 kB
Unevictable:        6364 kB
Mlocked:            5924 kB
SwapTotal:       4718584 kB
SwapFree:        3506028 kB
Dirty:               652 kB
Writeback:             0 kB
AnonPages:       3240852 kB
Mapped:           667840 kB
Shmem:             17024 kB
KReclaimable:     670508 kB
Slab:             322572 kB
SReclaimable:      93172 kB
SUnreclaim:       229400 kB
KernelStack:       46720 kB
ShadowCallStack:   11704 kB
PageTables:        75824 kB
NFS_Unstable:          0 kB
Bounce:                0 kB
WritebackTmp:          0 kB
CommitLimit:     8677876 kB
Committed_AS:   69858856 kB
VmallocTotal:   263061440 kB
VmallocUsed:      129180 kB
VmallocChunk:          0 kB
Percpu:             2592 kB
CmaTotal:         405504 kB
CmaFree:               0 kB
MemTotal:        7918588 kB
MemFree:          421124 kB
MemAvailable:    1945524 kB
Buffers:            5632 kB
Cached:          1440820 kB
SwapCached:         8224 kB
Active:          3887612 kB
Inactive:         853764 kB
Active(anon):    3191412 kB
Inactive(anon):   125176 kB
Active(file):     696200 kB
Inactive(file):   728588 kB
Unevictable:        6364 kB
Mlocked:            5924 kB
SwapTotal:       4718584 kB
SwapFree:        3506028 kB
Dirty:               256 kB
Writeback:             0 kB
AnonPages:       3297272 kB
Mapped:           668380 kB
Shmem:             17024 kB
KReclaimable:     670060 kB
Slab:             322612 kB
SReclaimable:      93172 kB
SUnreclaim:       229440 kB
KernelStack:       46736 kB
ShadowCallStack:   11704 kB
PageTables:        76044 kB
NFS_Unstable:          0 kB
Bounce:                0 kB
WritebackTmp:          0 kB
CommitLimit:     8677876 kB
Committed_AS:   69989928 kB
VmallocTotal:   263061440 kB
VmallocUsed:      129180 kB
VmallocChunk:          0 kB
Percpu:             2592 kB
CmaTotal:         405504 kB
CmaFree:               0 kB
MemTotal:        7918588 kB
MemFree:          358344 kB
MemAvailable:    1881784 kB
Buffers:            5632 kB
Cached:          1440820 kB
SwapCached:         8224 kB
Active:          3951048 kB
Inactive:         853764 kB
Active(anon):    3254848 kB
Inactive(anon):   125176 kB
Active(file):     696200 kB
Inactive(file):   728588 kB
Unevictable:        6364 kB
Mlocked:            5924 kB
SwapTotal:       4718584 kB
SwapFree:        3506028 kB
Dirty:               256 kB
Writeback:             0 kB
AnonPages:       3360672 kB
Mapped:           668892 kB
Shmem:             17024 kB
KReclaimable:     669100 kB
Slab:             322612 kB
SReclaimable:      93172 kB
SUnreclaim:       229440 kB
KernelStack:       46672 kB
ShadowCallStack:   11700 kB
PageTables:        76420 kB
NFS_Unstable:          0 kB
Bounce:                0 kB
WritebackTmp:          0 kB
CommitLimit:     8677876 kB
Committed_AS:   70137340 kB
VmallocTotal:   263061440 kB
VmallocUsed:      129148 kB
VmallocChunk:          0 kB
Percpu:             2592 kB
CmaTotal:         405504 kB
CmaFree:               0 kB
MemTotal:        7918588 kB
MemFree:          305920 kB
MemAvailable:    1828936 kB
Buffers:            5632 kB
Cached:          1440820 kB
SwapCached:         8224 kB
Active:          4002288 kB
Inactive:         853764 kB
Active(anon):    3306088 kB
Inactive(anon):   125176 kB
Active(file):     696200 kB
Inactive(file):   728588 kB
Unevictable:        6364 kB
Mlocked:            5924 kB
SwapTotal:       4718584 kB
SwapFree:        3506028 kB
Dirty:               256 kB
Writeback:             0 kB
AnonPages:       3411920 kB
Mapped:           669208 kB
Shmem:             17024 kB
KReclaimable:     668676 kB
Slab:             322776 kB
SReclaimable:      93172 kB
SUnreclaim:       229604 kB
KernelStack:       46736 kB
ShadowCallStack:   11700 kB
PageTables:        76528 kB
NFS_Unstable:          0 kB
Bounce:                0 kB
WritebackTmp:          0 kB
CommitLimit:     8677876 kB
Committed_AS:   70235644 kB
VmallocTotal:   263061440 kB
VmallocUsed:      129168 kB
VmallocChunk:          0 kB
Percpu:             2592 kB
CmaTotal:         405504 kB
CmaFree:               0 kB
MemTotal:        7918588 kB
MemFree:          235612 kB
MemAvailable:    1757064 kB
Buffers:            5632 kB
Cached:          1440820 kB
SwapCached:         8224 kB
Active:          4135640 kB
Inactive:         791404 kB
Active(anon):    3402756 kB
Inactive(anon):    99488 kB
Active(file):     732884 kB
Inactive(file):   691916 kB
Unevictable:        6364 kB
Mlocked:            5924 kB
SwapTotal:       4718584 kB
SwapFree:        3505772 kB
Dirty:               256 kB
Writeback:             0 kB
AnonPages:       3482980 kB
Mapped:           669912 kB
Shmem:             17024 kB
KReclaimable:     667100 kB
Slab:             322788 kB
SReclaimable:      93172 kB
SUnreclaim:       229616 kB
KernelStack:       46704 kB
ShadowCallStack:   11708 kB
PageTables:        76912 kB
NFS_Unstable:          0 kB
Bounce:                0 kB
WritebackTmp:          0 kB
CommitLimit:     8677876 kB
Committed_AS:   70415868 kB
VmallocTotal:   263061440 kB
VmallocUsed:      129152 kB
VmallocChunk:          0 kB
Percpu:             2592 kB
CmaTotal:         405504 kB
CmaFree:               0 kB
MemTotal:        7918588 kB
MemFree:          192820 kB
MemAvailable:    1890348 kB
Buffers:            5632 kB
Cached:          1440816 kB
SwapCached:         8224 kB
Active:          4175948 kB
Inactive:         807860 kB
Active(anon):    3454224 kB
Inactive(anon):   104796 kB
Active(file):     721724 kB
Inactive(file):   703064 kB
Unevictable:        6364 kB
Mlocked:            5924 kB
SwapTotal:       4718584 kB
SwapFree:        3505772 kB
Dirty:               256 kB
Writeback:             0 kB
AnonPages:       3539624 kB
Mapped:           670480 kB
Shmem:             17020 kB
KReclaimable:     662964 kB
Slab:             322736 kB
SReclaimable:      92980 kB
SUnreclaim:       229756 kB
KernelStack:       46704 kB
ShadowCallStack:   11696 kB
PageTables:        77160 kB
NFS_Unstable:          0 kB
Bounce:                0 kB
WritebackTmp:          0 kB
CommitLimit:     8677876 kB
Committed_AS:   70546940 kB
VmallocTotal:   263061440 kB
VmallocUsed:      129120 kB
VmallocChunk:          0 kB
Percpu:             2592 kB
CmaTotal:         405504 kB
CmaFree:             784 kB
MemTotal:        7918588 kB
MemFree:          161452 kB
MemAvailable:    1858620 kB
Buffers:            5640 kB
Cached:          1440808 kB
SwapCached:         8224 kB
Active:          4207108 kB
Inactive:         807864 kB
Active(anon):    3485384 kB
Inactive(anon):   104800 kB
Active(file):     721724 kB
Inactive(file):   703064 kB
Unevictable:        6364 kB
Mlocked:            5924 kB
SwapTotal:       4718584 kB
SwapFree:        3505772 kB
Dirty:               248 kB
Writeback:             0 kB
AnonPages:       3570836 kB
Mapped:           670436 kB
Shmem:             17020 kB
KReclaimable:     662604 kB
Slab:             322556 kB
SReclaimable:      92836 kB
SUnreclaim:       229720 kB
KernelStack:       46704 kB
ShadowCallStack:   11692 kB
PageTables:        77196 kB
NFS_Unstable:          0 kB
Bounce:                0 kB
WritebackTmp:          0 kB
CommitLimit:     8677876 kB
Committed_AS:   70596092 kB
VmallocTotal:   263061440 kB
VmallocUsed:      129148 kB
VmallocChunk:          0 kB
Percpu:             2592 kB
CmaTotal:         405504 kB
CmaFree:             784 kB
MemTotal:        7918588 kB
MemFree:          154472 kB
MemAvailable:    1796904 kB
Buffers:            5580 kB
Cached:          1426336 kB
SwapCached:         5512 kB
Active:          4368840 kB
Inactive:         689036 kB
Active(anon):    3625020 kB
Inactive(anon):    22636 kB
Active(file):     743820 kB
Inactive(file):   666400 kB
Unevictable:        6364 kB
Mlocked:            5924 kB
SwapTotal:       4718584 kB
SwapFree:        3491948 kB
Dirty:               260 kB
Writeback:             0 kB
AnonPages:       3631032 kB
Mapped:           662420 kB
Shmem:             16972 kB
KReclaimable:     622436 kB
Slab:             321088 kB
SReclaimable:      91476 kB
SUnreclaim:       229612 kB
KernelStack:       46688 kB
ShadowCallStack:   11700 kB
PageTables:        77408 kB
NFS_Unstable:          0 kB
Bounce:                0 kB
WritebackTmp:          0 kB
CommitLimit:     8677876 kB
Committed_AS:   70776320 kB
VmallocTotal:   263061440 kB
VmallocUsed:      129152 kB
VmallocChunk:          0 kB
Percpu:             2592 kB
CmaTotal:         405504 kB
CmaFree:               0 kB
MemTotal:        7918588 kB
MemFree:          158012 kB
MemAvailable:    1767736 kB
Buffers:            4980 kB
Cached:          1400532 kB
SwapCached:         5512 kB
Active:          4400676 kB
Inactive:         661256 kB
Active(anon):    3655380 kB
Inactive(anon):    22624 kB
Active(file):     745296 kB
Inactive(file):   638632 kB
Unevictable:        6364 kB
Mlocked:            5924 kB
SwapTotal:       4718584 kB
SwapFree:        3491948 kB
Dirty:               284 kB
Writeback:             0 kB
AnonPages:       3661328 kB
Mapped:           655048 kB
Shmem:             16972 kB
KReclaimable:     616020 kB
Slab:             321352 kB
SReclaimable:      91476 kB
SUnreclaim:       229876 kB
KernelStack:       46672 kB
ShadowCallStack:   11700 kB
PageTables:        77708 kB
NFS_Unstable:          0 kB
Bounce:                0 kB
WritebackTmp:          0 kB
CommitLimit:     8677876 kB
Committed_AS:   70841852 kB
VmallocTotal:   263061440 kB
VmallocUsed:      129148 kB
VmallocChunk:          0 kB
Percpu:             2592 kB
CmaTotal:         405504 kB
CmaFree:               4 kB
MemTotal:        7918588 kB
MemFree:          159628 kB
MemAvailable:    1722716 kB
Buffers:            3128 kB
Cached:          1364192 kB
SwapCached:         5512 kB
Active:          4445420 kB
Inactive:         621788 kB
Active(anon):    3698908 kB
Inactive(anon):    22636 kB
Active(file):     746512 kB
Inactive(file):   599152 kB
Unevictable:        6364 kB
Mlocked:            5924 kB
SwapTotal:       4718584 kB
SwapFree:        3491948 kB
Dirty:               312 kB
Writeback:             0 kB
AnonPages:       3704944 kB
Mapped:           646236 kB
Shmem:             16972 kB
KReclaimable:     607648 kB
Slab:             320892 kB
SReclaimable:      91376 kB
SUnreclaim:       229516 kB
KernelStack:       46656 kB
ShadowCallStack:   11696 kB
PageTables:        77592 kB
NFS_Unstable:          0 kB
Bounce:                0 kB
WritebackTmp:          0 kB
CommitLimit:     8677876 kB
Committed_AS:   70940104 kB
VmallocTotal:   263061440 kB
VmallocUsed:      129132 kB
VmallocChunk:          0 kB
Percpu:             2592 kB
CmaTotal:         405504 kB
CmaFree:               0 kB
MemTotal:        7918588 kB
MemFree:          155972 kB
MemAvailable:    1663752 kB
Buffers:            3128 kB
Cached:          1318044 kB
SwapCached:         5512 kB
Active:          4502992 kB
Inactive:         575604 kB
Active(anon):    3756424 kB
Inactive(anon):    22580 kB
Active(file):     746568 kB
Inactive(file):   553024 kB
Unevictable:        6364 kB
Mlocked:            5924 kB
SwapTotal:       4718584 kB
SwapFree:        3491948 kB
Dirty:               316 kB
Writeback:             0 kB
AnonPages:       3762380 kB
Mapped:           646836 kB
Shmem:             16940 kB
KReclaimable:     598412 kB
Slab:             320980 kB
SReclaimable:      91188 kB
SUnreclaim:       229792 kB
KernelStack:       46704 kB
ShadowCallStack:   11696 kB
PageTables:        78500 kB
NFS_Unstable:          0 kB
Bounce:                0 kB
WritebackTmp:          0 kB
CommitLimit:     8677876 kB
Committed_AS:   71071144 kB
VmallocTotal:   263061440 kB
VmallocUsed:      129140 kB
VmallocChunk:          0 kB
Percpu:             2592 kB
CmaTotal:         405504 kB
CmaFree:               4 kB
MemTotal:        7918588 kB
MemFree:          155484 kB
MemAvailable:    1487220 kB
Buffers:            3136 kB
Cached:          1267364 kB
SwapCached:         5512 kB
Active:          4560656 kB
Inactive:         524480 kB
Active(anon):    3813664 kB
Inactive(anon):    22588 kB
Active(file):     746992 kB
Inactive(file):   501892 kB
Unevictable:        6364 kB
Mlocked:            5924 kB
SwapTotal:       4718584 kB
SwapFree:        3491948 kB
Dirty:               336 kB
Writeback:             0 kB
AnonPages:       3819676 kB
Mapped:           647312 kB
Shmem:             16960 kB
KReclaimable:     473076 kB
Slab:             320368 kB
SReclaimable:      90748 kB
SUnreclaim:       229620 kB
KernelStack:       46768 kB
ShadowCallStack:   11716 kB
PageTables:        78096 kB
NFS_Unstable:          0 kB
Bounce:                0 kB
WritebackTmp:          0 kB
CommitLimit:     8677876 kB
Committed_AS:   71104308 kB
VmallocTotal:   263061440 kB
VmallocUsed:      129288 kB
VmallocChunk:          0 kB
Percpu:             2592 kB
CmaTotal:         405504 kB
CmaFree:               0 kB
MemTotal:        7918588 kB
MemFree:          153356 kB
MemAvailable:    1398652 kB
Buffers:            3068 kB
Cached:          1196668 kB
SwapCached:         5512 kB
Active:          4656928 kB
Inactive:         441380 kB
Active(anon):    3897736 kB
Inactive(anon):    22580 kB
Active(file):     759192 kB
Inactive(file):   418800 kB
Unevictable:        6364 kB
Mlocked:            5924 kB
SwapTotal:       4718584 kB
SwapFree:        3491948 kB
Dirty:               344 kB
Writeback:             0 kB
AnonPages:       3903576 kB
Mapped:           640760 kB
Shmem:             17104 kB
KReclaimable:     457528 kB
Slab:             318580 kB
SReclaimable:      88736 kB
SUnreclaim:       229844 kB
KernelStack:       46832 kB
ShadowCallStack:   11724 kB
PageTables:        79152 kB
NFS_Unstable:          0 kB
Bounce:                0 kB
WritebackTmp:          0 kB
CommitLimit:     8677876 kB
Committed_AS:   71300920 kB
VmallocTotal:   263061440 kB
VmallocUsed:      129300 kB
VmallocChunk:          0 kB
Percpu:             2592 kB
CmaTotal:         405504 kB
CmaFree:               8 kB
MemTotal:        7918588 kB
MemFree:          175540 kB
MemAvailable:    1533652 kB
Buffers:            3064 kB
Cached:          1189712 kB
SwapCached:         5512 kB
Active:          4645832 kB
Inactive:         432440 kB
Active(anon):    3884492 kB
Inactive(anon):    22588 kB
Active(file):     761340 kB
Inactive(file):   409852 kB
Unevictable:        6364 kB
Mlocked:            5924 kB
SwapTotal:       4718584 kB
SwapFree:        3491948 kB
Dirty:               408 kB
Writeback:             0 kB
AnonPages:       3890492 kB
Mapped:           638872 kB
Shmem:             16944 kB
KReclaimable:     577144 kB
Slab:             318400 kB
SReclaimable:      88672 kB
SUnreclaim:       229728 kB
KernelStack:       46688 kB
ShadowCallStack:   11704 kB
PageTables:        78772 kB
NFS_Unstable:          0 kB
Bounce:                0 kB
WritebackTmp:          0 kB
CommitLimit:     8677876 kB
Committed_AS:   71349680 kB
VmallocTotal:   263061440 kB
VmallocUsed:      129132 kB
VmallocChunk:          0 kB
Percpu:             2592 kB
CmaTotal:         405504 kB
CmaFree:               8 kB
MemTotal:        7918588 kB
MemFree:          155376 kB
MemAvailable:    1494996 kB
Buffers:            2912 kB
Cached:          1178560 kB
SwapCached:         5512 kB
Active:          4714360 kB
Inactive:         389924 kB
Active(anon):    3921732 kB
Inactive(anon):    22580 kB
Active(file):     792628 kB
Inactive(file):   367344 kB
Unevictable:        6364 kB
Mlocked:            5924 kB
SwapTotal:       4718584 kB
SwapFree:        3491948 kB
Dirty:               456 kB
Writeback:             0 kB
AnonPages:       3927736 kB
Mapped:           635708 kB
Shmem:             16944 kB
KReclaimable:     569872 kB
Slab:             318380 kB
SReclaimable:      88464 kB
SUnreclaim:       229916 kB
KernelStack:       46704 kB
ShadowCallStack:   11696 kB
PageTables:        79148 kB
NFS_Unstable:          0 kB
Bounce:                0 kB
WritebackTmp:          0 kB
CommitLimit:     8677876 kB
Committed_AS:   71431600 kB
VmallocTotal:   263061440 kB
VmallocUsed:      129128 kB
VmallocChunk:          0 kB
Percpu:             2592 kB
CmaTotal:         405504 kB
CmaFree:               8 kB
MemTotal:        7918588 kB
MemFree:          153724 kB
MemAvailable:    1434200 kB
Buffers:            2912 kB
Cached:          1130392 kB
SwapCached:         5512 kB
Active:          4784816 kB
Inactive:         331160 kB
Active(anon):    3981668 kB
Inactive(anon):    22588 kB
Active(file):     803148 kB
Inactive(file):   308572 kB
Unevictable:        6364 kB
Mlocked:            5924 kB
SwapTotal:       4718584 kB
SwapFree:        3491948 kB
Dirty:               456 kB
Writeback:             0 kB
AnonPages:       3987760 kB
Mapped:           618212 kB
Shmem:             16944 kB
KReclaimable:     558980 kB
Slab:             317736 kB
SReclaimable:      87916 kB
SUnreclaim:       229820 kB
KernelStack:       46624 kB
ShadowCallStack:   11688 kB
PageTables:        79036 kB
NFS_Unstable:          0 kB
Bounce:                0 kB
WritebackTmp:          0 kB
CommitLimit:     8677876 kB
Committed_AS:   71546828 kB
VmallocTotal:   263061440 kB
VmallocUsed:      129076 kB
VmallocChunk:          0 kB
Percpu:             2592 kB
CmaTotal:         405504 kB
CmaFree:               0 kB
MemTotal:        7918588 kB
MemFree:          158272 kB
MemAvailable:    1414548 kB
Buffers:            2920 kB
Cached:          1111616 kB
SwapCached:         5512 kB
Active:          4813928 kB
Inactive:         302844 kB
Active(anon):    4001240 kB
Inactive(anon):    22580 kB
Active(file):     812688 kB
Inactive(file):   280264 kB
Unevictable:        6364 kB
Mlocked:            5924 kB
SwapTotal:       4718584 kB
SwapFree:        3491948 kB
Dirty:                96 kB
Writeback:             0 kB
AnonPages:       4007200 kB
Mapped:           610636 kB
Shmem:             16944 kB
KReclaimable:     553548 kB
Slab:             317544 kB
SReclaimable:      87756 kB
SUnreclaim:       229788 kB
KernelStack:       46640 kB
ShadowCallStack:   11676 kB
PageTables:        78964 kB
NFS_Unstable:          0 kB
Bounce:                0 kB
WritebackTmp:          0 kB
CommitLimit:     8677876 kB
Committed_AS:   71579544 kB
VmallocTotal:   263061440 kB
VmallocUsed:      129052 kB
VmallocChunk:          0 kB
Percpu:             2592 kB
CmaTotal:         405504 kB
CmaFree:               0 kB
MemTotal:        7918588 kB
MemFree:          154568 kB
MemAvailable:    1346300 kB
Buffers:            2900 kB
Cached:          1057796 kB
SwapCached:         5512 kB
Active:          4884044 kB
Inactive:         246032 kB
Active(anon):    4068376 kB
Inactive(anon):    22588 kB
Active(file):     815668 kB
Inactive(file):   223444 kB
Unevictable:        6364 kB
Mlocked:            5924 kB
SwapTotal:       4718584 kB
SwapFree:        3491948 kB
Dirty:               148 kB
Writeback:             0 kB
AnonPages:       4074368 kB
Mapped:           607756 kB
Shmem:             16944 kB
KReclaimable:     542844 kB
Slab:             316268 kB
SReclaimable:      86444 kB
SUnreclaim:       229824 kB
KernelStack:       46576 kB
ShadowCallStack:   11676 kB
PageTables:        79500 kB
NFS_Unstable:          0 kB
Bounce:                0 kB
WritebackTmp:          0 kB
CommitLimit:     8677876 kB
Committed_AS:   71743180 kB
VmallocTotal:   263061440 kB
VmallocUsed:      128992 kB
VmallocChunk:          0 kB
Percpu:             2592 kB
CmaTotal:         405504 kB
CmaFree:               0 kB
MemTotal:        7918588 kB
MemFree:          155772 kB
MemAvailable:    1318108 kB
Buffers:            2880 kB
Cached:          1033552 kB
SwapCached:         5512 kB
Active:          4911400 kB
Inactive:         221764 kB
Active(anon):    4095732 kB
Inactive(anon):    22584 kB
Active(file):     815668 kB
Inactive(file):   199180 kB
Unevictable:        6364 kB
Mlocked:            5924 kB
SwapTotal:       4718584 kB
SwapFree:        3491948 kB
Dirty:               148 kB
Writeback:             0 kB
AnonPages:       4101744 kB
Mapped:           608088 kB
Shmem:             16944 kB
KReclaimable:     537712 kB
Slab:             315676 kB
SReclaimable:      85816 kB
SUnreclaim:       229860 kB
KernelStack:       46512 kB
ShadowCallStack:   11668 kB
PageTables:        79676 kB
NFS_Unstable:          0 kB
Bounce:                0 kB
WritebackTmp:          0 kB
CommitLimit:     8677876 kB
Committed_AS:   71808612 kB
VmallocTotal:   263061440 kB
VmallocUsed:      128932 kB
VmallocChunk:          0 kB
Percpu:             2592 kB
CmaTotal:         405504 kB
CmaFree:               0 kB
MemTotal:        7918588 kB
MemFree:          155676 kB
MemAvailable:    1272184 kB
Buffers:            2856 kB
Cached:          1003076 kB
SwapCached:         5512 kB
Active:          4961028 kB
Inactive:         179420 kB
Active(anon):    4133520 kB
Inactive(anon):    22588 kB
Active(file):     827508 kB
Inactive(file):   156832 kB
Unevictable:        6364 kB
Mlocked:            5924 kB
SwapTotal:       4718584 kB
SwapFree:        3491948 kB
Dirty:               292 kB
Writeback:             0 kB
AnonPages:       4139564 kB
Mapped:           606740 kB
Shmem:             16944 kB
KReclaimable:     530584 kB
Slab:             315068 kB
SReclaimable:      85224 kB
SUnreclaim:       229844 kB
KernelStack:       46512 kB
ShadowCallStack:   11668 kB
PageTables:        79892 kB
NFS_Unstable:          0 kB
Bounce:                0 kB
WritebackTmp:          0 kB
CommitLimit:     8677876 kB
Committed_AS:   71890528 kB
VmallocTotal:   263061440 kB
VmallocUsed:      128952 kB
VmallocChunk:          0 kB
Percpu:             2592 kB
CmaTotal:         405504 kB
CmaFree:               0 kB
MemTotal:        7918588 kB
MemFree:          155592 kB
MemAvailable:    1216708 kB
Buffers:            2856 kB
Cached:           950560 kB
SwapCached:         5512 kB
Active:          5023408 kB
Inactive:         126900 kB
Active(anon):    4195896 kB
Inactive(anon):    22580 kB
Active(file):     827512 kB
Inactive(file):   104320 kB
Unevictable:        6364 kB
Mlocked:            5924 kB
SwapTotal:       4718584 kB
SwapFree:        3491948 kB
Dirty:               292 kB
Writeback:             0 kB
AnonPages:       4201936 kB
Mapped:           607668 kB
Shmem:             16944 kB
KReclaimable:     519508 kB
Slab:             313732 kB
SReclaimable:      83740 kB
SUnreclaim:       229992 kB
KernelStack:       46496 kB
ShadowCallStack:   11640 kB
PageTables:        80420 kB
NFS_Unstable:          0 kB
Bounce:                0 kB
WritebackTmp:          0 kB
CommitLimit:     8677876 kB
Committed_AS:   72037776 kB
VmallocTotal:   263061440 kB
VmallocUsed:      128856 kB
VmallocChunk:          0 kB
Percpu:             2592 kB
CmaTotal:         405504 kB
CmaFree:               0 kB
MemTotal:        7918588 kB
MemFree:          154744 kB
MemAvailable:    1200716 kB
Buffers:            2864 kB
Cached:           938020 kB
SwapCached:         5512 kB
Active:          5039264 kB
Inactive:         114140 kB
Active(anon):    4211512 kB
Inactive(anon):    22592 kB
Active(file):     827752 kB
Inactive(file):    91548 kB
Unevictable:        6364 kB
Mlocked:            5924 kB
SwapTotal:       4718584 kB
SwapFree:        3491948 kB
Dirty:               156 kB
Writeback:             0 kB
AnonPages:       4217392 kB
Mapped:           607868 kB
Shmem:             16944 kB
KReclaimable:     516896 kB
Slab:             313380 kB
SReclaimable:      83376 kB
SUnreclaim:       230004 kB
KernelStack:       46464 kB
ShadowCallStack:   11632 kB
PageTables:        80172 kB
NFS_Unstable:          0 kB
Bounce:                0 kB
WritebackTmp:          0 kB
CommitLimit:     8677876 kB
Committed_AS:   72054012 kB
VmallocTotal:   263061440 kB
VmallocUsed:      128796 kB
VmallocChunk:          0 kB
Percpu:             2592 kB
CmaTotal:         405504 kB
CmaFree:               0 kB
MemTotal:        7918588 kB
MemFree:          156420 kB
MemAvailable:    1139464 kB
Buffers:            1624 kB
Cached:           893640 kB
SwapCached:         5512 kB
Active:          5114040 kB
Inactive:          53020 kB
Active(anon):    4270812 kB
Inactive(anon):    22584 kB
Active(file):     843228 kB
Inactive(file):    30436 kB
Unevictable:        6364 kB
Mlocked:            5924 kB
SwapTotal:       4718584 kB
SwapFree:        3491948 kB
Dirty:               156 kB
Writeback:             0 kB
AnonPages:       4276772 kB
Mapped:           607100 kB
Shmem:             16952 kB
KReclaimable:     499604 kB
Slab:             312336 kB
SReclaimable:      82348 kB
SUnreclaim:       229988 kB
KernelStack:       46432 kB
ShadowCallStack:   11648 kB
PageTables:        80568 kB
NFS_Unstable:          0 kB
Bounce:                0 kB
WritebackTmp:          0 kB
CommitLimit:     8677876 kB
Committed_AS:   72217852 kB
VmallocTotal:   263061440 kB
VmallocUsed:      128812 kB
VmallocChunk:          0 kB
Percpu:             2592 kB
CmaTotal:         405504 kB
CmaFree:               0 kB
MemTotal:        7918588 kB
MemFree:          155656 kB
MemAvailable:    1102404 kB
Buffers:             552 kB
Cached:           895128 kB
SwapCached:         5512 kB
Active:          1517080 kB
Inactive:        3692096 kB
Active(anon):    1273876 kB
Inactive(anon):  3061436 kB
Active(file):     243204 kB
Inactive(file):   630660 kB
Unevictable:        6364 kB
Mlocked:            5924 kB
SwapTotal:       4718584 kB
SwapFree:        3495020 kB
Dirty:               172 kB
Writeback:             0 kB
AnonPages:       4318560 kB
Mapped:           605088 kB
Shmem:             16972 kB
KReclaimable:     463108 kB
Slab:             312088 kB
SReclaimable:      81916 kB
SUnreclaim:       230172 kB
KernelStack:       46416 kB
ShadowCallStack:   11616 kB
PageTables:        80276 kB
NFS_Unstable:          0 kB
Bounce:                0 kB
WritebackTmp:          0 kB
CommitLimit:     8677876 kB
Committed_AS:   72299772 kB
VmallocTotal:   263061440 kB
VmallocUsed:      128796 kB
VmallocChunk:          0 kB
Percpu:             2592 kB
CmaTotal:         405504 kB
CmaFree:               0 kB
MemTotal:        7918588 kB
MemFree:          151044 kB
MemAvailable:    1044000 kB
Buffers:             484 kB
Cached:           891200 kB
SwapCached:         5188 kB
Active:          1558560 kB
Inactive:        3666132 kB
Active(anon):    1312120 kB
Inactive(anon):  3042568 kB
Active(file):     246440 kB
Inactive(file):   623564 kB
Unevictable:        6364 kB
Mlocked:            5924 kB
SwapTotal:       4718584 kB
SwapFree:        3486060 kB
Dirty:               296 kB
Writeback:             8 kB
AnonPages:       4338540 kB
Mapped:           604664 kB
Shmem:             16952 kB
KReclaimable:     445944 kB
Slab:             312080 kB
SReclaimable:      81912 kB
SUnreclaim:       230168 kB
KernelStack:       46464 kB
ShadowCallStack:   11624 kB
PageTables:        80920 kB
NFS_Unstable:          0 kB
Bounce:                0 kB
WritebackTmp:          0 kB
CommitLimit:     8677876 kB
Committed_AS:   72365308 kB
VmallocTotal:   263061440 kB
VmallocUsed:      128812 kB
VmallocChunk:          0 kB
Percpu:             2592 kB
CmaTotal:         405504 kB
CmaFree:               0 kB
MemTotal:        7918588 kB
MemFree:          165532 kB
MemAvailable:    1030392 kB
Buffers:             484 kB
Cached:           890652 kB
SwapCached:         3260 kB
Active:          1627500 kB
Inactive:        3612356 kB
Active(anon):    1380944 kB
Inactive(anon):  2988936 kB
Active(file):     246556 kB
Inactive(file):   623420 kB
Unevictable:        6364 kB
Mlocked:            5924 kB
SwapTotal:       4718584 kB
SwapFree:        3450476 kB
Dirty:               300 kB
Writeback:             4 kB
AnonPages:       4355160 kB
Mapped:           603928 kB
Shmem:             16520 kB
KReclaimable:     409684 kB
Slab:             312060 kB
SReclaimable:      81908 kB
SUnreclaim:       230152 kB
KernelStack:       46416 kB
ShadowCallStack:   11636 kB
PageTables:        80988 kB
NFS_Unstable:          0 kB
Bounce:                0 kB
WritebackTmp:          0 kB
CommitLimit:     8677876 kB
Committed_AS:   72479996 kB
VmallocTotal:   263061440 kB
VmallocUsed:      128828 kB
VmallocChunk:          0 kB
Percpu:             2592 kB
CmaTotal:         405504 kB
CmaFree:               0 kB
MemTotal:        7918588 kB
MemFree:          157236 kB
MemAvailable:    1035948 kB
Buffers:             508 kB
Cached:           890640 kB
SwapCached:         3196 kB
Active:          1658616 kB
Inactive:        3597800 kB
Active(anon):    1412060 kB
Inactive(anon):  2974208 kB
Active(file):     246556 kB
Inactive(file):   623592 kB
Unevictable:        6364 kB
Mlocked:            5924 kB
SwapTotal:       4718584 kB
SwapFree:        3440748 kB
Dirty:               324 kB
Writeback:             0 kB
AnonPages:       4371596 kB
Mapped:           604156 kB
Shmem:             16328 kB
KReclaimable:     398788 kB
Slab:             312184 kB
SReclaimable:      81908 kB
SUnreclaim:       230276 kB
KernelStack:       46464 kB
ShadowCallStack:   11632 kB
PageTables:        81160 kB
NFS_Unstable:          0 kB
Bounce:                0 kB
WritebackTmp:          0 kB
CommitLimit:     8677876 kB
Committed_AS:   72545440 kB
VmallocTotal:   263061440 kB
VmallocUsed:      128772 kB
VmallocChunk:          0 kB
Percpu:             2592 kB
CmaTotal:         405504 kB
CmaFree:               0 kB
MemTotal:        7918588 kB
MemFree:          158976 kB
MemAvailable:     997200 kB
Buffers:             508 kB
Cached:           890540 kB
SwapCached:         3008 kB
Active:          1803248 kB
Inactive:        3488612 kB
Active(anon):    1556692 kB
Inactive(anon):  2864972 kB
Active(file):     246556 kB
Inactive(file):   623640 kB
Unevictable:        6364 kB
Mlocked:            5924 kB
SwapTotal:       4718584 kB
SwapFree:        3428716 kB
Dirty:               332 kB
Writeback:             0 kB
AnonPages:       4407136 kB
Mapped:           604296 kB
Shmem:             16212 kB
KReclaimable:     358252 kB
Slab:             312112 kB
SReclaimable:      81908 kB
SUnreclaim:       230204 kB
KernelStack:       46352 kB
ShadowCallStack:   11620 kB
PageTables:        81044 kB
NFS_Unstable:          0 kB
Bounce:                0 kB
WritebackTmp:          0 kB
CommitLimit:     8677876 kB
Committed_AS:   72660128 kB
VmallocTotal:   263061440 kB
VmallocUsed:      128768 kB
VmallocChunk:          0 kB
Percpu:             2592 kB
CmaTotal:         405504 kB
CmaFree:               0 kB
MemTotal:        7918588 kB
MemFree:          156984 kB
MemAvailable:     947784 kB
Buffers:             508 kB
Cached:           890516 kB
SwapCached:         2932 kB
Active:          2002744 kB
Inactive:        3337476 kB
Active(anon):    1756164 kB
Inactive(anon):  2713836 kB
Active(file):     246580 kB
Inactive(file):   623640 kB
Unevictable:        6364 kB
Mlocked:            5924 kB
SwapTotal:       4718584 kB
SwapFree:        3425132 kB
Dirty:               332 kB
Writeback:             0 kB
AnonPages:       4455452 kB
Mapped:           604696 kB
Shmem:             16164 kB
KReclaimable:     310804 kB
Slab:             312272 kB
SReclaimable:      81908 kB
SUnreclaim:       230364 kB
KernelStack:       46400 kB
ShadowCallStack:   11624 kB
PageTables:        81600 kB
NFS_Unstable:          0 kB
Bounce:                0 kB
WritebackTmp:          0 kB
CommitLimit:     8677876 kB
Committed_AS:   72791148 kB
VmallocTotal:   263061440 kB
VmallocUsed:      128744 kB
VmallocChunk:          0 kB
Percpu:             2592 kB
CmaTotal:         405504 kB
CmaFree:               0 kB
MemTotal:        7918588 kB
MemFree:          156652 kB
MemAvailable:     918044 kB
Buffers:             516 kB
Cached:           890532 kB
SwapCached:         2932 kB
Active:          2110080 kB
Inactive:        3251512 kB
Active(anon):    1863500 kB
Inactive(anon):  2627864 kB
Active(file):     246580 kB
Inactive(file):   623648 kB
Unevictable:        6364 kB
Mlocked:            5924 kB
SwapTotal:       4718584 kB
SwapFree:        3425132 kB
Dirty:               336 kB
Writeback:             0 kB
AnonPages:       4477092 kB
Mapped:           604976 kB
Shmem:             16180 kB
KReclaimable:     289580 kB
Slab:             312208 kB
SReclaimable:      81908 kB
SUnreclaim:       230300 kB
KernelStack:       46384 kB
ShadowCallStack:   11620 kB
PageTables:        81716 kB
NFS_Unstable:          0 kB
Bounce:                0 kB
WritebackTmp:          0 kB
CommitLimit:     8677876 kB
Committed_AS:   72840316 kB
VmallocTotal:   263061440 kB
VmallocUsed:      128748 kB
VmallocChunk:          0 kB
Percpu:             2592 kB
CmaTotal:         405504 kB
CmaFree:               0 kB
MemTotal:        7918588 kB
MemFree:          158364 kB
MemAvailable:     880080 kB
Buffers:             516 kB
Cached:           891048 kB
SwapCached:         2692 kB
Active:          2387040 kB
Inactive:        3020516 kB
Active(anon):    2139924 kB
Inactive(anon):  2396864 kB
Active(file):     247116 kB
Inactive(file):   623652 kB
Unevictable:        6364 kB
Mlocked:            5924 kB
SwapTotal:       4718584 kB
SwapFree:        3420012 kB
Dirty:               340 kB
Writeback:             0 kB
AnonPages:       4522276 kB
Mapped:           605208 kB
Shmem:             16096 kB
KReclaimable:     239820 kB
Slab:             312160 kB
SReclaimable:      81908 kB
SUnreclaim:       230252 kB
KernelStack:       46352 kB
ShadowCallStack:   11608 kB
PageTables:        81896 kB
NFS_Unstable:          0 kB
Bounce:                0 kB
WritebackTmp:          0 kB
CommitLimit:     8677876 kB
Committed_AS:   72971388 kB
VmallocTotal:   263061440 kB
VmallocUsed:      128736 kB
VmallocChunk:          0 kB
Percpu:             2592 kB
CmaTotal:         405504 kB
CmaFree:               0 kB
MemTotal:        7918588 kB
MemFree:          162432 kB
MemAvailable:     863096 kB
Buffers:             524 kB
Cached:           890964 kB
SwapCached:         2692 kB
Active:          2757820 kB
Inactive:        2684232 kB
Active(anon):    2510704 kB
Inactive(anon):  2060576 kB
Active(file):     247116 kB
Inactive(file):   623656 kB
Unevictable:        6364 kB
Mlocked:            5924 kB
SwapTotal:       4718584 kB
SwapFree:        3413356 kB
Dirty:               344 kB
Writeback:             4 kB
AnonPages:       4556644 kB
Mapped:           606148 kB
Shmem:             16072 kB
KReclaimable:     197708 kB
Slab:             312180 kB
SReclaimable:      81916 kB
SUnreclaim:       230264 kB
KernelStack:       46352 kB
ShadowCallStack:   11624 kB
PageTables:        81992 kB
NFS_Unstable:          0 kB
Bounce:                0 kB
WritebackTmp:          0 kB
CommitLimit:     8677876 kB
Committed_AS:   73036928 kB
VmallocTotal:   263061440 kB
VmallocUsed:      128736 kB
VmallocChunk:          0 kB
Percpu:             2592 kB
CmaTotal:         405504 kB
CmaFree:             100 kB
MemTotal:        7918588 kB
MemFree:          170248 kB
MemAvailable:     843504 kB
Buffers:             524 kB
Cached:           890964 kB
SwapCached:         2692 kB
Active:          3388800 kB
Inactive:        2082136 kB
Active(anon):    3141684 kB
Inactive(anon):  1458464 kB
Active(file):     247116 kB
Inactive(file):   623672 kB
Unevictable:        6364 kB
Mlocked:            5924 kB
SwapTotal:       4718584 kB
SwapFree:        3397484 kB
Dirty:               152 kB
Writeback:             4 kB
AnonPages:       4585956 kB
Mapped:           606596 kB
Shmem:             16060 kB
KReclaimable:     159244 kB
Slab:             312256 kB
SReclaimable:      81916 kB
SUnreclaim:       230340 kB
KernelStack:       46368 kB
ShadowCallStack:   11624 kB
PageTables:        82204 kB
NFS_Unstable:          0 kB
Bounce:                0 kB
WritebackTmp:          0 kB
CommitLimit:     8677876 kB
Committed_AS:   73135228 kB
VmallocTotal:   263061440 kB
VmallocUsed:      128776 kB
VmallocChunk:          0 kB
Percpu:             2592 kB
CmaTotal:         405504 kB
CmaFree:               0 kB
MemTotal:        7918588 kB
MemFree:          173984 kB
MemAvailable:     840328 kB
Buffers:             524 kB
Cached:           891108 kB
SwapCached:         2692 kB
Active:          3490472 kB
Inactive:        1890636 kB
Active(anon):    3243352 kB
Inactive(anon):  1266896 kB
Active(file):     247120 kB
Inactive(file):   623740 kB
Unevictable:        6364 kB
Mlocked:            5924 kB
SwapTotal:       4718584 kB
SwapFree:        3222124 kB
Dirty:               152 kB
Writeback:             0 kB
AnonPages:       4496088 kB
Mapped:           607000 kB
Shmem:             16132 kB
KReclaimable:     128892 kB
Slab:             312412 kB
SReclaimable:      81964 kB
SUnreclaim:       230448 kB
KernelStack:       46336 kB
ShadowCallStack:   11604 kB
PageTables:        82616 kB
NFS_Unstable:          0 kB
Bounce:                0 kB
WritebackTmp:          0 kB
CommitLimit:     8677876 kB
Committed_AS:   73249844 kB
VmallocTotal:   263061440 kB
VmallocUsed:      128744 kB
VmallocChunk:          0 kB
Percpu:             2592 kB
CmaTotal:         405504 kB
CmaFree:               0 kB
MemTotal:        7918588 kB
MemFree:          192008 kB
MemAvailable:     922716 kB
Buffers:             524 kB
Cached:           891040 kB
SwapCached:         2692 kB
Active:          3472480 kB
Inactive:        1890640 kB
Active(anon):    3225360 kB
Inactive(anon):  1266896 kB
Active(file):     247120 kB
Inactive(file):   623744 kB
Unevictable:        6364 kB
Mlocked:            5924 kB
SwapTotal:       4718584 kB
SwapFree:        3222636 kB
Dirty:               168 kB
Writeback:             0 kB
AnonPages:       4477944 kB
Mapped:           606544 kB
Shmem:             16060 kB
KReclaimable:     250068 kB
Slab:             312412 kB
SReclaimable:      81964 kB
SUnreclaim:       230448 kB
KernelStack:       46240 kB
ShadowCallStack:   11600 kB
PageTables:        82488 kB
NFS_Unstable:          0 kB
Bounce:                0 kB
WritebackTmp:          0 kB
CommitLimit:     8677876 kB
Committed_AS:   73265836 kB
VmallocTotal:   263061440 kB
VmallocUsed:      128600 kB
VmallocChunk:          0 kB
Percpu:             2592 kB
CmaTotal:         405504 kB
CmaFree:             132 kB
MemTotal:        7918588 kB
MemFree:          136296 kB
MemAvailable:     866216 kB
Buffers:             760 kB
Cached:           891092 kB
SwapCached:         2692 kB
Active:          3530844 kB
Inactive:        1886600 kB
Active(anon):    3283724 kB
Inactive(anon):  1262572 kB
Active(file):     247120 kB
Inactive(file):   624028 kB
Unevictable:        6364 kB
Mlocked:            5924 kB
SwapTotal:       4718584 kB
SwapFree:        3219308 kB
Dirty:               360 kB
Writeback:             0 kB
AnonPages:       4531976 kB
Mapped:           606936 kB
Shmem:             16064 kB
KReclaimable:     248996 kB
Slab:             312468 kB
SReclaimable:      81980 kB
SUnreclaim:       230488 kB
KernelStack:       46240 kB
ShadowCallStack:   11592 kB
PageTables:        82732 kB
NFS_Unstable:          0 kB
Bounce:                0 kB
WritebackTmp:          0 kB
CommitLimit:     8677876 kB
Committed_AS:   73396908 kB
VmallocTotal:   263061440 kB
VmallocUsed:      128572 kB
VmallocChunk:          0 kB
Percpu:             2592 kB
CmaTotal:         405504 kB
CmaFree:             196 kB
MemTotal:        7918588 kB
MemFree:          137860 kB
MemAvailable:     865044 kB
Buffers:             760 kB
Cached:           891088 kB
SwapCached:         2692 kB
Active:          3576108 kB
Inactive:        1840796 kB
Active(anon):    3328988 kB
Inactive(anon):  1216768 kB
Active(file):     247120 kB
Inactive(file):   624028 kB
Unevictable:        6364 kB
Mlocked:            5924 kB
SwapTotal:       4718584 kB
SwapFree:        3175276 kB
Dirty:               360 kB
Writeback:             0 kB
AnonPages:       4531188 kB
Mapped:           607448 kB
Shmem:             16064 kB
KReclaimable:     246260 kB
Slab:             312440 kB
SReclaimable:      81996 kB
SUnreclaim:       230444 kB
KernelStack:       46208 kB
ShadowCallStack:   11572 kB
PageTables:        82788 kB
NFS_Unstable:          0 kB
Bounce:                0 kB
WritebackTmp:          0 kB
CommitLimit:     8677876 kB
Committed_AS:   73478780 kB
VmallocTotal:   263061440 kB
VmallocUsed:      128536 kB
VmallocChunk:          0 kB
Percpu:             2592 kB
CmaTotal:         405504 kB
CmaFree:             196 kB
MemTotal:        7918588 kB
MemFree:          136760 kB
MemAvailable:     862564 kB
Buffers:             760 kB
Cached:           891096 kB
SwapCached:         2692 kB
Active:          3603172 kB
Inactive:        1815620 kB
Active(anon):    3356052 kB
Inactive(anon):  1191580 kB
Active(file):     247120 kB
Inactive(file):   624040 kB
Unevictable:        6364 kB
Mlocked:            5924 kB
SwapTotal:       4718584 kB
SwapFree:        3151212 kB
Dirty:               392 kB
Writeback:             0 kB
AnonPages:       4533344 kB
Mapped:           607552 kB
Shmem:             16056 kB
KReclaimable:     244868 kB
Slab:             312532 kB
SReclaimable:      82012 kB
SUnreclaim:       230520 kB
KernelStack:       46208 kB
ShadowCallStack:   11584 kB
PageTables:        83092 kB
NFS_Unstable:          0 kB
Bounce:                0 kB
WritebackTmp:          0 kB
CommitLimit:     8677876 kB
Committed_AS:   73544312 kB
VmallocTotal:   263061440 kB
VmallocUsed:      128552 kB
VmallocChunk:          0 kB
Percpu:             2592 kB
CmaTotal:         405504 kB
CmaFree:             196 kB
MemTotal:        7918588 kB
MemFree:          140052 kB
MemAvailable:     862652 kB
Buffers:             760 kB
Cached:           891096 kB
SwapCached:         2692 kB
Active:          3667584 kB
Inactive:        1750460 kB
Active(anon):    3420468 kB
Inactive(anon):  1126416 kB
Active(file):     247116 kB
Inactive(file):   624044 kB
Unevictable:        6364 kB
Mlocked:            5924 kB
SwapTotal:       4718584 kB
SwapFree:        3088492 kB
Dirty:                76 kB
Writeback:             0 kB
AnonPages:       4532592 kB
Mapped:           608044 kB
Shmem:             16056 kB
KReclaimable:     240804 kB
Slab:             312552 kB
SReclaimable:      82012 kB
SUnreclaim:       230540 kB
KernelStack:       46272 kB
ShadowCallStack:   11580 kB
PageTables:        83720 kB
NFS_Unstable:          0 kB
Bounce:                0 kB
WritebackTmp:          0 kB
CommitLimit:     8677876 kB
Committed_AS:   73675384 kB
VmallocTotal:   263061440 kB
VmallocUsed:      128552 kB
VmallocChunk:          0 kB
Percpu:             2592 kB
CmaTotal:         405504 kB
CmaFree:             196 kB
MemTotal:        7918588 kB
MemFree:          147180 kB
MemAvailable:     868476 kB
Buffers:             760 kB
Cached:           891000 kB
SwapCached:         2196 kB
Active:          3701484 kB
Inactive:        1705072 kB
Active(anon):    3454368 kB
Inactive(anon):  1081024 kB
Active(file):     247116 kB
Inactive(file):   624048 kB
Unevictable:        6364 kB
Mlocked:            5924 kB
SwapTotal:       4718584 kB
SwapFree:        3052396 kB
Dirty:               108 kB
Writeback:             0 kB
AnonPages:       4521232 kB
Mapped:           608352 kB
Shmem:             15956 kB
KReclaimable:     238188 kB
Slab:             312472 kB
SReclaimable:      81996 kB
SUnreclaim:       230476 kB
KernelStack:       46160 kB
ShadowCallStack:   11572 kB
PageTables:        83208 kB
NFS_Unstable:          0 kB
Bounce:                0 kB
WritebackTmp:          0 kB
CommitLimit:     8677876 kB
Committed_AS:   73708100 kB
VmallocTotal:   263061440 kB
VmallocUsed:      128524 kB
VmallocChunk:          0 kB
Percpu:             2592 kB
CmaTotal:         405504 kB
CmaFree:             196 kB
MemTotal:        7918588 kB
MemFree:          339812 kB
MemAvailable:    1057048 kB
Buffers:             760 kB
Cached:           890400 kB
SwapCached:         1704 kB
Active:          3764092 kB
Inactive:        1446096 kB
Active(anon):    3516976 kB
Inactive(anon):   822032 kB
Active(file):     247116 kB
Inactive(file):   624064 kB
Unevictable:        6364 kB
Mlocked:            5924 kB
SwapTotal:       4718584 kB
SwapFree:        2809196 kB
Dirty:               108 kB
Writeback:             4 kB
AnonPages:       4325588 kB
Mapped:           608012 kB
Shmem:             15336 kB
KReclaimable:     230036 kB
Slab:             312568 kB
SReclaimable:      81996 kB
SUnreclaim:       230572 kB
KernelStack:       46208 kB
ShadowCallStack:   11584 kB
PageTables:        83792 kB
NFS_Unstable:          0 kB
Bounce:                0 kB
WritebackTmp:          0 kB
CommitLimit:     8677876 kB
Committed_AS:   73839172 kB
VmallocTotal:   263061440 kB
VmallocUsed:      128532 kB
VmallocChunk:          0 kB
Percpu:             2592 kB
CmaTotal:         405504 kB
CmaFree:          204044 kB
MemTotal:        7918588 kB
MemFree:          352516 kB
MemAvailable:    1064984 kB
Buffers:             768 kB
Cached:           890368 kB
SwapCached:         1700 kB
Active:          3815584 kB
Inactive:        1391396 kB
Active(anon):    3568468 kB
Inactive(anon):   767328 kB
Active(file):     247116 kB
Inactive(file):   624068 kB
Unevictable:        6364 kB
Mlocked:            5924 kB
SwapTotal:       4718584 kB
SwapFree:        2756204 kB
Dirty:               156 kB
Writeback:             0 kB
AnonPages:       4322276 kB
Mapped:           608484 kB
Shmem:             15312 kB
KReclaimable:     220492 kB
Slab:             312528 kB
SReclaimable:      81996 kB
SUnreclaim:       230532 kB
KernelStack:       46160 kB
ShadowCallStack:   11580 kB
PageTables:        83868 kB
NFS_Unstable:          0 kB
Bounce:                0 kB
WritebackTmp:          0 kB
CommitLimit:     8677876 kB
Committed_AS:   73937476 kB
VmallocTotal:   263061440 kB
VmallocUsed:      128516 kB
VmallocChunk:          0 kB
Percpu:             2592 kB
CmaTotal:         405504 kB
CmaFree:          195216 kB
MemTotal:        7918588 kB
MemFree:          340160 kB
MemAvailable:    1052564 kB
Buffers:             768 kB
Cached:           890380 kB
SwapCached:         1700 kB
Active:          3827612 kB
Inactive:        1391408 kB
Active(anon):    3580496 kB
Inactive(anon):   767328 kB
Active(file):     247116 kB
Inactive(file):   624080 kB
Unevictable:        6364 kB
Mlocked:            5924 kB
SwapTotal:       4718584 kB
SwapFree:        2756460 kB
Dirty:               188 kB
Writeback:             0 kB
AnonPages:       4334248 kB
Mapped:           608664 kB
Shmem:             15312 kB
KReclaimable:     220340 kB
Slab:             312572 kB
SReclaimable:      81996 kB
SUnreclaim:       230576 kB
KernelStack:       46176 kB
ShadowCallStack:   11580 kB
PageTables:        83940 kB
NFS_Unstable:          0 kB
Bounce:                0 kB
WritebackTmp:          0 kB
CommitLimit:     8677876 kB
Committed_AS:   73970244 kB
VmallocTotal:   263061440 kB
VmallocUsed:      128532 kB
VmallocChunk:          0 kB
Percpu:             2592 kB
CmaTotal:         405504 kB
CmaFree:          183432 kB
MemTotal:        7918588 kB
MemFree:          269108 kB
MemAvailable:     981092 kB
Buffers:             768 kB
Cached:           890380 kB
SwapCached:         1700 kB
Active:          3899116 kB
Inactive:        1391408 kB
Active(anon):    3652000 kB
Inactive(anon):   767328 kB
Active(file):     247116 kB
Inactive(file):   624080 kB
Unevictable:        6364 kB
Mlocked:            5924 kB
SwapTotal:       4718584 kB
SwapFree:        2756716 kB
Dirty:               188 kB
Writeback:             0 kB
AnonPages:       4405788 kB
Mapped:           609108 kB
Shmem:             15312 kB
KReclaimable:     219500 kB
Slab:             312688 kB
SReclaimable:      81996 kB
SUnreclaim:       230692 kB
KernelStack:       46160 kB
ShadowCallStack:   11564 kB
PageTables:        84136 kB
NFS_Unstable:          0 kB
Bounce:                0 kB
WritebackTmp:          0 kB
CommitLimit:     8677876 kB
Committed_AS:   74133928 kB
VmallocTotal:   263061440 kB
VmallocUsed:      128468 kB
VmallocChunk:          0 kB
Percpu:             2592 kB
CmaTotal:         405504 kB
CmaFree:          112716 kB
MemTotal:        7918588 kB
MemFree:          236376 kB
MemAvailable:     947976 kB
Buffers:             768 kB
Cached:           890380 kB
SwapCached:         1700 kB
Active:          3930400 kB
Inactive:        1391408 kB
Active(anon):    3683284 kB
Inactive(anon):   767328 kB
Active(file):     247116 kB
Inactive(file):   624080 kB
Unevictable:        6364 kB
Mlocked:            5924 kB
SwapTotal:       4718584 kB
SwapFree:        2758764 kB
Dirty:                80 kB
Writeback:             0 kB
AnonPages:       4437064 kB
Mapped:           609660 kB
Shmem:             15312 kB
KReclaimable:     218732 kB
Slab:             312672 kB
SReclaimable:      81996 kB
SUnreclaim:       230676 kB
KernelStack:       46128 kB
ShadowCallStack:   11560 kB
PageTables:        84392 kB
NFS_Unstable:          0 kB
Bounce:                0 kB
WritebackTmp:          0 kB
CommitLimit:     8677876 kB
Committed_AS:   74183132 kB
VmallocTotal:   263061440 kB
VmallocUsed:      128472 kB
VmallocChunk:          0 kB
Percpu:             2592 kB
CmaTotal:         405504 kB
CmaFree:           80496 kB
MemTotal:        7918588 kB
MemFree:          205500 kB
MemAvailable:     917844 kB
Buffers:             776 kB
Cached:           891260 kB
SwapCached:         1700 kB
Active:          3961012 kB
Inactive:        1391412 kB
Active(anon):    3713032 kB
Inactive(anon):   767312 kB
Active(file):     247980 kB
Inactive(file):   624100 kB
Unevictable:        6364 kB
Mlocked:            5924 kB
SwapTotal:       4718584 kB
SwapFree:        2759020 kB
Dirty:               164 kB
Writeback:             0 kB
AnonPages:       4466840 kB
Mapped:           609888 kB
Shmem:             15316 kB
KReclaimable:     218452 kB
Slab:             312624 kB
SReclaimable:      81996 kB
SUnreclaim:       230628 kB
KernelStack:       46160 kB
ShadowCallStack:   11564 kB
PageTables:        84452 kB
NFS_Unstable:          0 kB
Bounce:                0 kB
WritebackTmp:          0 kB
CommitLimit:     8677876 kB
Committed_AS:   74248620 kB
VmallocTotal:   263061440 kB
VmallocUsed:      128472 kB
VmallocChunk:          0 kB
Percpu:             2592 kB
CmaTotal:         405504 kB
CmaFree:           49428 kB
MemTotal:        7918588 kB
MemFree:          154424 kB
MemAvailable:     866168 kB
Buffers:             784 kB
Cached:           891264 kB
SwapCached:         1700 kB
Active:          4021120 kB
Inactive:        1384168 kB
Active(anon):    3773140 kB
Inactive(anon):   760060 kB
Active(file):     247980 kB
Inactive(file):   624108 kB
Unevictable:        6364 kB
Mlocked:            5924 kB
SwapTotal:       4718584 kB
SwapFree:        2751852 kB
Dirty:               168 kB
Writeback:             4 kB
AnonPages:       4519172 kB
Mapped:           610176 kB
Shmem:             15316 kB
KReclaimable:     217236 kB
Slab:             312664 kB
SReclaimable:      81996 kB
SUnreclaim:       230668 kB
KernelStack:       46160 kB
ShadowCallStack:   11560 kB
PageTables:        84716 kB
NFS_Unstable:          0 kB
Bounce:                0 kB
WritebackTmp:          0 kB
CommitLimit:     8677876 kB
Committed_AS:   74396076 kB
VmallocTotal:   263061440 kB
VmallocUsed:      128468 kB
VmallocChunk:          0 kB
Percpu:             2592 kB
CmaTotal:         405504 kB
CmaFree:               0 kB
MemTotal:        7918588 kB
MemFree:          149540 kB
MemAvailable:     860736 kB
Buffers:             784 kB
Cached:           891260 kB
SwapCached:         1700 kB
Active:          4042304 kB
Inactive:        1369088 kB
Active(anon):    3794324 kB
Inactive(anon):   744980 kB
Active(file):     247980 kB
Inactive(file):   624108 kB
Unevictable:        6364 kB
Mlocked:            5924 kB
SwapTotal:       4718584 kB
SwapFree:        2738028 kB
Dirty:               200 kB
Writeback:             0 kB
AnonPages:       4525808 kB
Mapped:           610520 kB
Shmem:             15316 kB
KReclaimable:     216140 kB
Slab:             312748 kB
SReclaimable:      81996 kB
SUnreclaim:       230752 kB
KernelStack:       46128 kB
ShadowCallStack:   11564 kB
PageTables:        84876 kB
NFS_Unstable:          0 kB
Bounce:                0 kB
WritebackTmp:          0 kB
CommitLimit:     8677876 kB
Committed_AS:   74428848 kB
VmallocTotal:   263061440 kB
VmallocUsed:      128472 kB
VmallocChunk:          0 kB
Percpu:             2592 kB
CmaTotal:         405504 kB
CmaFree:               0 kB
MemTotal:        7918588 kB
MemFree:          137156 kB
MemAvailable:     847564 kB
Buffers:             784 kB
Cached:           891260 kB
SwapCached:         1700 kB
Active:          2869404 kB
Inactive:        2554744 kB
Active(anon):    2787764 kB
Inactive(anon):  1764296 kB
Active(file):      81640 kB
Inactive(file):   790448 kB
Unevictable:        6364 kB
Mlocked:            5924 kB
SwapTotal:       4718584 kB
SwapFree:        2696044 kB
Dirty:               200 kB
Writeback:             0 kB
AnonPages:       4538336 kB
Mapped:           610868 kB
Shmem:             15316 kB
KReclaimable:     214564 kB
Slab:             312796 kB
SReclaimable:      81996 kB
SUnreclaim:       230800 kB
KernelStack:       46160 kB
ShadowCallStack:   11564 kB
PageTables:        85000 kB
NFS_Unstable:          0 kB
Bounce:                0 kB
WritebackTmp:          0 kB
CommitLimit:     8677876 kB
Committed_AS:   74559916 kB
VmallocTotal:   263061440 kB
VmallocUsed:      128440 kB
VmallocChunk:          0 kB
Percpu:             2592 kB
CmaTotal:         405504 kB
CmaFree:               0 kB
MemTotal:        7918588 kB
MemFree:          120060 kB
MemAvailable:     830244 kB
Buffers:             784 kB
Cached:           892016 kB
SwapCached:         1716 kB
Active:          2919368 kB
Inactive:        2520524 kB
Active(anon):    2836964 kB
Inactive(anon):  1730076 kB
Active(file):      82404 kB
Inactive(file):   790448 kB
Unevictable:        6364 kB
Mlocked:            5924 kB
SwapTotal:       4718584 kB
SwapFree:        2662508 kB
Dirty:               200 kB
Writeback:             0 kB
AnonPages:       4553396 kB
