MemTotal:        7918588 kB
MemFree:         3304096 kB
MemAvailable:    4662128 kB
Buffers:            3852 kB
Cached:          1361192 kB
SwapCached:        25756 kB
Active:           813540 kB
Inactive:        1256344 kB
Active(anon):     642100 kB
Inactive(anon):    81168 kB
Active(file):     171440 kB
Inactive(file):  1175176 kB
Unevictable:        6348 kB
Mlocked:            5908 kB
SwapTotal:       4718584 kB
SwapFree:        3940496 kB
Dirty:            179500 kB
Writeback:             0 kB
AnonPages:        707036 kB
Mapped:           460836 kB
Shmem:             13780 kB
KReclaimable:     557288 kB
Slab:             323852 kB
SReclaimable:      94688 kB
SUnreclaim:       229164 kB
KernelStack:       48688 kB
ShadowCallStack:   12216 kB
PageTables:        63228 kB
NFS_Unstable:          0 kB
Bounce:                0 kB
WritebackTmp:          0 kB
CommitLimit:     8677876 kB
Committed_AS:   66189072 kB
VmallocTotal:   263061440 kB
VmallocUsed:      131668 kB
VmallocChunk:          0 kB
Percpu:             2448 kB
CmaTotal:         405504 kB
CmaFree:          305156 kB
MemTotal:        7918588 kB
MemFree:         3318292 kB
MemAvailable:    4913012 kB
Buffers:            3888 kB
Cached:          1364760 kB
SwapCached:        25884 kB
Active:           798316 kB
Inactive:        1256548 kB
Active(anon):     623992 kB
Inactive(anon):    81168 kB
Active(file):     174324 kB
Inactive(file):  1175380 kB
Unevictable:        6348 kB
Mlocked:            5908 kB
SwapTotal:       4718584 kB
SwapFree:        3941008 kB
Dirty:            179724 kB
Writeback:             0 kB
AnonPages:        688308 kB
Mapped:           503624 kB
Shmem:             14328 kB
KReclaimable:     790888 kB
Slab:             323816 kB
SReclaimable:      94752 kB
SUnreclaim:       229064 kB
KernelStack:       49024 kB
ShadowCallStack:   12312 kB
PageTables:        63872 kB
NFS_Unstable:          0 kB
Bounce:                0 kB
WritebackTmp:          0 kB
CommitLimit:     8677876 kB
Committed_AS:   66247564 kB
VmallocTotal:   263061440 kB
VmallocUsed:      132036 kB
VmallocChunk:          0 kB
Percpu:             2448 kB
CmaTotal:         405504 kB
CmaFree:          305156 kB
MemTotal:        7918588 kB
MemFree:         3302216 kB
MemAvailable:    4769348 kB
Buffers:            3912 kB
Cached:          1364784 kB
SwapCached:        25896 kB
Active:           813948 kB
Inactive:        1253312 kB
Active(anon):     639616 kB
Inactive(anon):    77888 kB
Active(file):     174332 kB
Inactive(file):  1175424 kB
Unevictable:        6348 kB
Mlocked:            5908 kB
SwapTotal:       4718584 kB
SwapFree:        3941008 kB
Dirty:            179820 kB
Writeback:             0 kB
AnonPages:        700548 kB
Mapped:           509676 kB
Shmem:             14336 kB
KReclaimable:     663248 kB
Slab:             324448 kB
SReclaimable:      94784 kB
SUnreclaim:       229664 kB
KernelStack:       49008 kB
ShadowCallStack:   12296 kB
PageTables:        64084 kB
NFS_Unstable:          0 kB
Bounce:                0 kB
WritebackTmp:          0 kB
CommitLimit:     8677876 kB
Committed_AS:   66249636 kB
VmallocTotal:   263061440 kB
VmallocUsed:      132080 kB
VmallocChunk:          0 kB
Percpu:             2448 kB
CmaTotal:         405504 kB
CmaFree:          297476 kB
MemTotal:        7918588 kB
MemFree:         3298852 kB
MemAvailable:    4765272 kB
Buffers:            3920 kB
Cached:          1364852 kB
SwapCached:        25896 kB
Active:           817616 kB
Inactive:        1253192 kB
Active(anon):     643236 kB
Inactive(anon):    77760 kB
Active(file):     174380 kB
Inactive(file):  1175432 kB
Unevictable:        6348 kB
Mlocked:            5908 kB
SwapTotal:       4718584 kB
SwapFree:        3941008 kB
Dirty:            179896 kB
Writeback:             0 kB
AnonPages:        704276 kB
Mapped:           510464 kB
Shmem:             14344 kB
KReclaimable:     662480 kB
Slab:             324332 kB
SReclaimable:      94784 kB
SUnreclaim:       229548 kB
KernelStack:       49008 kB
ShadowCallStack:   12292 kB
PageTables:        64020 kB
NFS_Unstable:          0 kB
Bounce:                0 kB
WritebackTmp:          0 kB
CommitLimit:     8677876 kB
Committed_AS:   66249588 kB
VmallocTotal:   263061440 kB
VmallocUsed:      132060 kB
VmallocChunk:          0 kB
Percpu:             2448 kB
CmaTotal:         405504 kB
CmaFree:          297372 kB
MemTotal:        7918588 kB
MemFree:         3302932 kB
MemAvailable:    4770428 kB
Buffers:            3920 kB
Cached:          1365956 kB
SwapCached:        25912 kB
Active:           817000 kB
Inactive:        1253192 kB
Active(anon):     641504 kB
Inactive(anon):    77752 kB
Active(file):     175496 kB
Inactive(file):  1175440 kB
Unevictable:        6348 kB
Mlocked:            5908 kB
SwapTotal:       4718584 kB
SwapFree:        3942544 kB
Dirty:            179904 kB
Writeback:             0 kB
AnonPages:        702408 kB
Mapped:           511112 kB
Shmem:             14324 kB
KReclaimable:     662432 kB
Slab:             324320 kB
SReclaimable:      94784 kB
SUnreclaim:       229536 kB
KernelStack:       48992 kB
ShadowCallStack:   12288 kB
PageTables:        63916 kB
NFS_Unstable:          0 kB
Bounce:                0 kB
WritebackTmp:          0 kB
CommitLimit:     8677876 kB
Committed_AS:   66249556 kB
VmallocTotal:   263061440 kB
VmallocUsed:      132044 kB
VmallocChunk:          0 kB
Percpu:             2448 kB
CmaTotal:         405504 kB
CmaFree:          298344 kB
MemTotal:        7918588 kB
MemFree:         3306672 kB
MemAvailable:    4794204 kB
Buffers:            3920 kB
Cached:          1365956 kB
SwapCached:        25912 kB
Active:           811852 kB
Inactive:        1253192 kB
Active(anon):     636356 kB
Inactive(anon):    77752 kB
Active(file):     175496 kB
Inactive(file):  1175440 kB
Unevictable:        6348 kB
Mlocked:            5908 kB
SwapTotal:       4718584 kB
SwapFree:        3942544 kB
Dirty:            179908 kB
Writeback:             0 kB
AnonPages:        697292 kB
Mapped:           510876 kB
Shmem:             14324 kB
KReclaimable:     682468 kB
Slab:             324416 kB
SReclaimable:      94784 kB
SUnreclaim:       229632 kB
KernelStack:       48784 kB
ShadowCallStack:   12236 kB
PageTables:        63816 kB
NFS_Unstable:          0 kB
Bounce:                0 kB
WritebackTmp:          0 kB
CommitLimit:     8677876 kB
Committed_AS:   66249072 kB
VmallocTotal:   263061440 kB
VmallocUsed:      131548 kB
VmallocChunk:          0 kB
Percpu:             2448 kB
CmaTotal:         405504 kB
CmaFree:          298360 kB
MemTotal:        7918588 kB
MemFree:         3279940 kB
MemAvailable:    4767640 kB
Buffers:            3920 kB
Cached:          1365956 kB
SwapCached:        25912 kB
Active:           839700 kB
Inactive:        1253192 kB
Active(anon):     664204 kB
Inactive(anon):    77752 kB
Active(file):     175496 kB
Inactive(file):  1175440 kB
Unevictable:        6348 kB
Mlocked:            5908 kB
SwapTotal:       4718584 kB
SwapFree:        3942544 kB
Dirty:             17764 kB
Writeback:            68 kB
AnonPages:        725004 kB
Mapped:           512572 kB
Shmem:             14324 kB
KReclaimable:     682636 kB
Slab:             324260 kB
SReclaimable:      94784 kB
SUnreclaim:       229476 kB
KernelStack:       48880 kB
ShadowCallStack:   12252 kB
PageTables:        64092 kB
NFS_Unstable:          0 kB
Bounce:                0 kB
WritebackTmp:          0 kB
CommitLimit:     8677876 kB
Committed_AS:   66272412 kB
VmallocTotal:   263061440 kB
VmallocUsed:      131584 kB
VmallocChunk:          0 kB
Percpu:             2448 kB
CmaTotal:         405504 kB
CmaFree:          298344 kB
MemTotal:        7918588 kB
MemFree:         3089280 kB
MemAvailable:    4510140 kB
Buffers:            3920 kB
Cached:          1365968 kB
SwapCached:        25928 kB
Active:          1029320 kB
Inactive:        1253204 kB
Active(anon):     853824 kB
Inactive(anon):    77752 kB
Active(file):     175496 kB
Inactive(file):  1175452 kB
Unevictable:        6348 kB
Mlocked:            5908 kB
SwapTotal:       4718584 kB
SwapFree:        3942544 kB
Dirty:             17524 kB
Writeback:             0 kB
AnonPages:        914688 kB
Mapped:           595916 kB
Shmem:             14324 kB
KReclaimable:     615784 kB
Slab:             324780 kB
SReclaimable:      94912 kB
SUnreclaim:       229868 kB
KernelStack:       48896 kB
ShadowCallStack:   12264 kB
PageTables:        64688 kB
NFS_Unstable:          0 kB
Bounce:                0 kB
WritebackTmp:          0 kB
CommitLimit:     8677876 kB
Committed_AS:   66591828 kB
VmallocTotal:   263061440 kB
VmallocUsed:      131644 kB
VmallocChunk:          0 kB
Percpu:             2448 kB
CmaTotal:         405504 kB
CmaFree:          298344 kB
MemTotal:        7918588 kB
MemFree:         3074384 kB
MemAvailable:    4509692 kB
Buffers:            3920 kB
Cached:          1365964 kB
SwapCached:        25932 kB
Active:          1043372 kB
Inactive:        1253204 kB
Active(anon):     867876 kB
Inactive(anon):    77752 kB
Active(file):     175496 kB
Inactive(file):  1175452 kB
Unevictable:        6348 kB
Mlocked:            5908 kB
SwapTotal:       4718584 kB
SwapFree:        3942544 kB
Dirty:             17524 kB
Writeback:             0 kB
AnonPages:        928808 kB
Mapped:           585708 kB
Shmem:             14324 kB
KReclaimable:     630232 kB
Slab:             324868 kB
SReclaimable:      94928 kB
SUnreclaim:       229940 kB
KernelStack:       48912 kB
ShadowCallStack:   12268 kB
PageTables:        64632 kB
NFS_Unstable:          0 kB
Bounce:                0 kB
WritebackTmp:          0 kB
CommitLimit:     8677876 kB
Committed_AS:   66631216 kB
VmallocTotal:   263061440 kB
VmallocUsed:      131684 kB
VmallocChunk:          0 kB
Percpu:             2448 kB
CmaTotal:         405504 kB
CmaFree:          298344 kB
MemTotal:        7918588 kB
MemFree:         1538808 kB
MemAvailable:    2970456 kB
Buffers:            3956 kB
Cached:          1365936 kB
SwapCached:        25932 kB
Active:          2575588 kB
Inactive:        1253208 kB
Active(anon):    2400092 kB
Inactive(anon):    77752 kB
Active(file):     175496 kB
Inactive(file):  1175456 kB
Unevictable:        6348 kB
Mlocked:            5908 kB
SwapTotal:       4718584 kB
SwapFree:        3942544 kB
Dirty:             17608 kB
Writeback:            20 kB
AnonPages:       2460940 kB
Mapped:           587452 kB
Shmem:             14324 kB
KReclaimable:     626568 kB
Slab:             324948 kB
SReclaimable:      94944 kB
SUnreclaim:       230004 kB
KernelStack:       48928 kB
ShadowCallStack:   12320 kB
PageTables:        67920 kB
NFS_Unstable:          0 kB
Bounce:                0 kB
WritebackTmp:          0 kB
CommitLimit:     8677876 kB
Committed_AS:   68648844 kB
VmallocTotal:   263061440 kB
VmallocUsed:      131712 kB
VmallocChunk:          0 kB
Percpu:             2448 kB
CmaTotal:         405504 kB
CmaFree:          298344 kB
MemTotal:        7918588 kB
MemFree:         2802336 kB
MemAvailable:    4208460 kB
Buffers:            3956 kB
Cached:          1366000 kB
SwapCached:        25932 kB
Active:          1314028 kB
Inactive:        1253268 kB
Active(anon):    1138532 kB
Inactive(anon):    77752 kB
Active(file):     175496 kB
Inactive(file):  1175516 kB
Unevictable:        6348 kB
Mlocked:            5908 kB
SwapTotal:       4718584 kB
SwapFree:        3942544 kB
Dirty:             17744 kB
Writeback:             0 kB
AnonPages:       1199380 kB
Mapped:           587400 kB
Shmem:             14328 kB
KReclaimable:     600984 kB
Slab:             324732 kB
SReclaimable:      94960 kB
SUnreclaim:       229772 kB
KernelStack:       48928 kB
ShadowCallStack:   12268 kB
PageTables:        65376 kB
NFS_Unstable:          0 kB
Bounce:                0 kB
WritebackTmp:          0 kB
CommitLimit:     8677876 kB
Committed_AS:   67215048 kB
VmallocTotal:   263061440 kB
VmallocUsed:      131688 kB
VmallocChunk:          0 kB
Percpu:             2448 kB
CmaTotal:         405504 kB
CmaFree:          298344 kB
MemTotal:        7918588 kB
MemFree:         2361872 kB
MemAvailable:    3637852 kB
Buffers:            3956 kB
Cached:          1366100 kB
SwapCached:        25932 kB
Active:          1754048 kB
Inactive:        1253256 kB
Active(anon):    1578552 kB
Inactive(anon):    77732 kB
Active(file):     175496 kB
Inactive(file):  1175524 kB
Unevictable:        6348 kB
Mlocked:            5908 kB
SwapTotal:       4718584 kB
SwapFree:        3942800 kB
Dirty:             17752 kB
Writeback:             0 kB
AnonPages:       1639188 kB
Mapped:           588044 kB
Shmem:             14420 kB
KReclaimable:     470832 kB
Slab:             324980 kB
SReclaimable:      94960 kB
SUnreclaim:       230020 kB
KernelStack:       49024 kB
ShadowCallStack:   12296 kB
PageTables:        66296 kB
NFS_Unstable:          0 kB
Bounce:                0 kB
WritebackTmp:          0 kB
CommitLimit:     8677876 kB
Committed_AS:   67493944 kB
VmallocTotal:   263061440 kB
VmallocUsed:      131840 kB
VmallocChunk:          0 kB
Percpu:             2448 kB
CmaTotal:         405504 kB
CmaFree:          298344 kB
MemTotal:        7918588 kB
MemFree:         1965820 kB
MemAvailable:    3371920 kB
Buffers:            3956 kB
Cached:          1366008 kB
SwapCached:        25932 kB
Active:          2151128 kB
Inactive:        1253252 kB
Active(anon):    1975632 kB
Inactive(anon):    77728 kB
Active(file):     175496 kB
Inactive(file):  1175524 kB
Unevictable:        6348 kB
Mlocked:            5908 kB
SwapTotal:       4718584 kB
SwapFree:        3947664 kB
Dirty:             17752 kB
Writeback:             0 kB
AnonPages:       2036420 kB
Mapped:           587300 kB
Shmem:             14328 kB
KReclaimable:     600952 kB
Slab:             324972 kB
SReclaimable:      94992 kB
SUnreclaim:       229980 kB
KernelStack:       48880 kB
ShadowCallStack:   12260 kB
PageTables:        67000 kB
NFS_Unstable:          0 kB
Bounce:                0 kB
WritebackTmp:          0 kB
CommitLimit:     8677876 kB
Committed_AS:   68230876 kB
VmallocTotal:   263061440 kB
VmallocUsed:      131684 kB
VmallocChunk:          0 kB
Percpu:             2448 kB
CmaTotal:         405504 kB
CmaFree:          298344 kB
MemTotal:        7918588 kB
MemFree:         1922136 kB
MemAvailable:    3323872 kB
Buffers:            3956 kB
Cached:          1366052 kB
SwapCached:        25944 kB
Active:          2194804 kB
Inactive:        1253292 kB
Active(anon):    2019308 kB
Inactive(anon):    77728 kB
Active(file):     175496 kB
Inactive(file):  1175564 kB
Unevictable:        6348 kB
Mlocked:            5908 kB
SwapTotal:       4718584 kB
SwapFree:        3947664 kB
Dirty:             17752 kB
Writeback:             0 kB
AnonPages:       2080088 kB
Mapped:           605836 kB
Shmem:             14332 kB
KReclaimable:     596548 kB
Slab:             324948 kB
SReclaimable:      94992 kB
SUnreclaim:       229956 kB
KernelStack:       48912 kB
ShadowCallStack:   12280 kB
PageTables:        67300 kB
NFS_Unstable:          0 kB
Bounce:                0 kB
WritebackTmp:          0 kB
CommitLimit:     8677876 kB
Committed_AS:   68254528 kB
VmallocTotal:   263061440 kB
VmallocUsed:      131708 kB
VmallocChunk:          0 kB
Percpu:             2448 kB
CmaTotal:         405504 kB
CmaFree:          298344 kB
MemTotal:        7918588 kB
MemFree:         2310376 kB
MemAvailable:    3703836 kB
Buffers:            3964 kB
Cached:          1366056 kB
SwapCached:        25980 kB
Active:          1803992 kB
Inactive:        1253300 kB
Active(anon):    1628496 kB
Inactive(anon):    77728 kB
Active(file):     175496 kB
Inactive(file):  1175572 kB
Unevictable:        6348 kB
Mlocked:            5908 kB
SwapTotal:       4718584 kB
SwapFree:        3947664 kB
Dirty:             17756 kB
Writeback:             0 kB
AnonPages:       1688472 kB
Mapped:           614352 kB
Shmem:             14336 kB
KReclaimable:     588264 kB
Slab:             324928 kB
SReclaimable:      94992 kB
SUnreclaim:       229936 kB
KernelStack:       48944 kB
ShadowCallStack:   12268 kB
PageTables:        67336 kB
NFS_Unstable:          0 kB
Bounce:                0 kB
WritebackTmp:          0 kB
CommitLimit:     8677876 kB
Committed_AS:   68352840 kB
VmallocTotal:   263061440 kB
VmallocUsed:      131684 kB
VmallocChunk:          0 kB
Percpu:             2448 kB
CmaTotal:         405504 kB
CmaFree:          298352 kB
MemTotal:        7918588 kB
MemFree:         2661988 kB
MemAvailable:    4051248 kB
Buffers:            3964 kB
Cached:          1366060 kB
SwapCached:        25980 kB
Active:          1457112 kB
Inactive:        1253096 kB
Active(anon):    1281616 kB
Inactive(anon):    77524 kB
Active(file):     175496 kB
Inactive(file):  1175572 kB
Unevictable:        6348 kB
Mlocked:            5908 kB
SwapTotal:       4718584 kB
SwapFree:        3947664 kB
Dirty:             17756 kB
Writeback:             0 kB
AnonPages:       1342260 kB
Mapped:           618600 kB
Shmem:             14340 kB
KReclaimable:     584064 kB
Slab:             325032 kB
SReclaimable:      94944 kB
SUnreclaim:       230088 kB
KernelStack:       48928 kB
ShadowCallStack:   12272 kB
PageTables:        65984 kB
NFS_Unstable:          0 kB
Bounce:                0 kB
WritebackTmp:          0 kB
CommitLimit:     8677876 kB
Committed_AS:   67336960 kB
VmallocTotal:   263061440 kB
VmallocUsed:      131704 kB
VmallocChunk:          0 kB
Percpu:             2448 kB
CmaTotal:         405504 kB
CmaFree:          298348 kB
MemTotal:        7918588 kB
MemFree:         2159400 kB
MemAvailable:    3544344 kB
Buffers:            3976 kB
Cached:          1366088 kB
SwapCached:        25980 kB
Active:          1959016 kB
Inactive:        1253132 kB
Active(anon):    1783520 kB
Inactive(anon):    77524 kB
Active(file):     175496 kB
Inactive(file):  1175608 kB
Unevictable:        6348 kB
Mlocked:            5908 kB
SwapTotal:       4718584 kB
SwapFree:        3947664 kB
Dirty:             17752 kB
Writeback:             0 kB
AnonPages:       1844036 kB
Mapped:           622508 kB
Shmem:             14344 kB
KReclaimable:     579964 kB
Slab:             324960 kB
SReclaimable:      94944 kB
SUnreclaim:       230016 kB
KernelStack:       48912 kB
ShadowCallStack:   12260 kB
PageTables:        66992 kB
NFS_Unstable:          0 kB
Bounce:                0 kB
WritebackTmp:          0 kB
CommitLimit:     8677876 kB
Committed_AS:   67926836 kB
VmallocTotal:   263061440 kB
VmallocUsed:      131708 kB
VmallocChunk:          0 kB
Percpu:             2448 kB
CmaTotal:         405504 kB
CmaFree:          298348 kB
MemTotal:        7918588 kB
MemFree:         1686552 kB
MemAvailable:    3071816 kB
Buffers:            3984 kB
Cached:          1366132 kB
SwapCached:        25980 kB
Active:          2430644 kB
Inactive:        1253184 kB
Active(anon):    2255148 kB
Inactive(anon):    77524 kB
Active(file):     175496 kB
Inactive(file):  1175660 kB
Unevictable:        6348 kB
Mlocked:            5908 kB
SwapTotal:       4718584 kB
SwapFree:        3947664 kB
Dirty:             17768 kB
Writeback:             0 kB
AnonPages:       2315704 kB
Mapped:           622848 kB
Shmem:             14344 kB
KReclaimable:     579980 kB
Slab:             324972 kB
SReclaimable:      94960 kB
SUnreclaim:       230012 kB
KernelStack:       48880 kB
ShadowCallStack:   12300 kB
PageTables:        67672 kB
NFS_Unstable:          0 kB
Bounce:                0 kB
WritebackTmp:          0 kB
CommitLimit:     8677876 kB
Committed_AS:   68320032 kB
VmallocTotal:   263061440 kB
VmallocUsed:      131684 kB
VmallocChunk:          0 kB
Percpu:             2448 kB
CmaTotal:         405504 kB
CmaFree:          298344 kB
MemTotal:        7918588 kB
MemFree:         2924084 kB
MemAvailable:    4309272 kB
Buffers:            3984 kB
Cached:          1366172 kB
SwapCached:        25980 kB
Active:          1194340 kB
Inactive:        1253224 kB
Active(anon):    1018844 kB
Inactive(anon):    77524 kB
Active(file):     175496 kB
Inactive(file):  1175700 kB
Unevictable:        6348 kB
Mlocked:            5908 kB
SwapTotal:       4718584 kB
SwapFree:        3947664 kB
Dirty:             17768 kB
Writeback:             0 kB
AnonPages:       1079660 kB
Mapped:           622792 kB
Shmem:             14344 kB
KReclaimable:     579864 kB
Slab:             325168 kB
SReclaimable:      95024 kB
SUnreclaim:       230144 kB
KernelStack:       48928 kB
ShadowCallStack:   12272 kB
PageTables:        65488 kB
NFS_Unstable:          0 kB
Bounce:                0 kB
WritebackTmp:          0 kB
CommitLimit:     8677876 kB
Committed_AS:   67369688 kB
VmallocTotal:   263061440 kB
VmallocUsed:      131676 kB
VmallocChunk:          0 kB
Percpu:             2448 kB
CmaTotal:         405504 kB
CmaFree:          298344 kB
MemTotal:        7918588 kB
MemFree:         2503128 kB
MemAvailable:    3888244 kB
Buffers:            3984 kB
Cached:          1366172 kB
SwapCached:        25980 kB
Active:          1615400 kB
Inactive:        1253224 kB
Active(anon):    1439904 kB
Inactive(anon):    77524 kB
Active(file):     175496 kB
Inactive(file):  1175700 kB
Unevictable:        6348 kB
Mlocked:            5908 kB
SwapTotal:       4718584 kB
SwapFree:        3947664 kB
Dirty:             17768 kB
Writeback:             0 kB
AnonPages:       1500476 kB
Mapped:           622824 kB
Shmem:             14344 kB
KReclaimable:     579792 kB
Slab:             325100 kB
SReclaimable:      95024 kB
SUnreclaim:       230076 kB
KernelStack:       48912 kB
ShadowCallStack:   12276 kB
PageTables:        66184 kB
NFS_Unstable:          0 kB
Bounce:                0 kB
WritebackTmp:          0 kB
CommitLimit:     8677876 kB
Committed_AS:   67631856 kB
VmallocTotal:   263061440 kB
VmallocUsed:      131684 kB
VmallocChunk:          0 kB
Percpu:             2448 kB
CmaTotal:         405504 kB
CmaFree:          298344 kB
MemTotal:        7918588 kB
MemFree:         2023132 kB
MemAvailable:    3409008 kB
Buffers:            3984 kB
Cached:          1366900 kB
SwapCached:        27276 kB
Active:          2094256 kB
Inactive:        1253136 kB
Active(anon):    1917928 kB
Inactive(anon):    77436 kB
Active(file):     176328 kB
Inactive(file):  1175700 kB
Unevictable:        6348 kB
Mlocked:            5908 kB
SwapTotal:       4718584 kB
SwapFree:        3950480 kB
Dirty:             17768 kB
Writeback:             0 kB
AnonPages:       1978388 kB
Mapped:           623564 kB
Shmem:             14380 kB
KReclaimable:     579720 kB
Slab:             324932 kB
SReclaimable:      95024 kB
SUnreclaim:       229908 kB
KernelStack:       48912 kB
ShadowCallStack:   12252 kB
PageTables:        67140 kB
NFS_Unstable:          0 kB
Bounce:                0 kB
WritebackTmp:          0 kB
CommitLimit:     8677876 kB
Committed_AS:   67975944 kB
VmallocTotal:   263061440 kB
VmallocUsed:      131684 kB
VmallocChunk:          0 kB
Percpu:             2448 kB
CmaTotal:         405504 kB
CmaFree:          298420 kB
MemTotal:        7918588 kB
MemFree:         1542244 kB
MemAvailable:    2927984 kB
Buffers:            3984 kB
Cached:          1367040 kB
SwapCached:        27276 kB
Active:          2574580 kB
Inactive:        1253136 kB
Active(anon):    2398252 kB
Inactive(anon):    77436 kB
Active(file):     176328 kB
Inactive(file):  1175700 kB
Unevictable:        6348 kB
Mlocked:            5908 kB
SwapTotal:       4718584 kB
SwapFree:        3950480 kB
Dirty:             17768 kB
Writeback:             0 kB
AnonPages:       2458864 kB
Mapped:           623828 kB
Shmem:             14380 kB
KReclaimable:     579584 kB
Slab:             324924 kB
SReclaimable:      94960 kB
SUnreclaim:       229964 kB
KernelStack:       48912 kB
ShadowCallStack:   12284 kB
PageTables:        68268 kB
NFS_Unstable:          0 kB
Bounce:                0 kB
WritebackTmp:          0 kB
CommitLimit:     8677876 kB
Committed_AS:   68369132 kB
VmallocTotal:   263061440 kB
VmallocUsed:      131648 kB
VmallocChunk:          0 kB
Percpu:             2448 kB
CmaTotal:         405504 kB
CmaFree:          298392 kB
MemTotal:        7918588 kB
MemFree:         2700468 kB
MemAvailable:    4086012 kB
Buffers:            3992 kB
Cached:          1367052 kB
SwapCached:        27276 kB
Active:          1418136 kB
Inactive:        1253156 kB
Active(anon):    1241808 kB
Inactive(anon):    77436 kB
Active(file):     176328 kB
Inactive(file):  1175720 kB
Unevictable:        6348 kB
Mlocked:            5908 kB
SwapTotal:       4718584 kB
SwapFree:        3950480 kB
Dirty:             17820 kB
Writeback:             0 kB
AnonPages:       1302268 kB
Mapped:           624088 kB
Shmem:             14380 kB
KReclaimable:     579368 kB
Slab:             324884 kB
SReclaimable:      94896 kB
SUnreclaim:       229988 kB
KernelStack:       48896 kB
ShadowCallStack:   12272 kB
PageTables:        66272 kB
NFS_Unstable:          0 kB
Bounce:                0 kB
WritebackTmp:          0 kB
CommitLimit:     8677876 kB
Committed_AS:   67353260 kB
VmallocTotal:   263061440 kB
VmallocUsed:      131648 kB
VmallocChunk:          0 kB
Percpu:             2448 kB
CmaTotal:         405504 kB
CmaFree:          298388 kB
MemTotal:        7918588 kB
MemFree:         2204784 kB
MemAvailable:    3590296 kB
Buffers:            3992 kB
Cached:          1367056 kB
SwapCached:        27276 kB
Active:          1913852 kB
Inactive:        1253156 kB
Active(anon):    1737524 kB
Inactive(anon):    77436 kB
Active(file):     176328 kB
Inactive(file):  1175720 kB
Unevictable:        6348 kB
Mlocked:            5908 kB
SwapTotal:       4718584 kB
SwapFree:        3950480 kB
Dirty:             17820 kB
Writeback:             0 kB
AnonPages:       1797836 kB
Mapped:           624120 kB
Shmem:             14384 kB
KReclaimable:     579336 kB
Slab:             324964 kB
SReclaimable:      94896 kB
SUnreclaim:       230068 kB
KernelStack:       48896 kB
ShadowCallStack:   12264 kB
PageTables:        66924 kB
NFS_Unstable:          0 kB
Bounce:                0 kB
WritebackTmp:          0 kB
CommitLimit:     8677876 kB
Committed_AS:   68008752 kB
VmallocTotal:   263061440 kB
VmallocUsed:      131652 kB
VmallocChunk:          0 kB
Percpu:             2448 kB
CmaTotal:         405504 kB
CmaFree:          298388 kB
MemTotal:        7918588 kB
MemFree:         1726488 kB
MemAvailable:    3112360 kB
Buffers:            3992 kB
Cached:          1367464 kB
SwapCached:        27276 kB
Active:          2390792 kB
Inactive:        1253156 kB
Active(anon):    2214064 kB
Inactive(anon):    77436 kB
Active(file):     176728 kB
Inactive(file):  1175720 kB
Unevictable:        6348 kB
Mlocked:            5908 kB
SwapTotal:       4718584 kB
SwapFree:        3950480 kB
Dirty:             17820 kB
Writeback:             0 kB
AnonPages:       2274632 kB
Mapped:           624436 kB
Shmem:             14392 kB
KReclaimable:     579296 kB
Slab:             324980 kB
SReclaimable:      94912 kB
SUnreclaim:       230068 kB
KernelStack:       48896 kB
ShadowCallStack:   12268 kB
PageTables:        67732 kB
NFS_Unstable:          0 kB
Bounce:                0 kB
WritebackTmp:          0 kB
CommitLimit:     8677876 kB
Committed_AS:   68402000 kB
VmallocTotal:   263061440 kB
VmallocUsed:      131668 kB
VmallocChunk:          0 kB
Percpu:             2448 kB
CmaTotal:         405504 kB
CmaFree:          298388 kB
MemTotal:        7918588 kB
MemFree:         2807008 kB
MemAvailable:    4192768 kB
Buffers:            3992 kB
Cached:          1367464 kB
SwapCached:        27276 kB
Active:          1312524 kB
Inactive:        1253156 kB
Active(anon):    1135796 kB
Inactive(anon):    77436 kB
Active(file):     176728 kB
Inactive(file):  1175720 kB
Unevictable:        6348 kB
Mlocked:            5908 kB
SwapTotal:       4718584 kB
SwapFree:        3950480 kB
Dirty:             17820 kB
Writeback:             0 kB
AnonPages:       1196336 kB
Mapped:           624800 kB
Shmem:             14392 kB
KReclaimable:     579184 kB
Slab:             325084 kB
SReclaimable:      94928 kB
SUnreclaim:       230156 kB
KernelStack:       48912 kB
ShadowCallStack:   12296 kB
PageTables:        66140 kB
NFS_Unstable:          0 kB
Bounce:                0 kB
WritebackTmp:          0 kB
CommitLimit:     8677876 kB
Committed_AS:   67386044 kB
VmallocTotal:   263061440 kB
VmallocUsed:      131636 kB
VmallocChunk:          0 kB
Percpu:             2448 kB
CmaTotal:         405504 kB
CmaFree:          298388 kB
MemTotal:        7918588 kB
MemFree:         2300260 kB
MemAvailable:    3686044 kB
Buffers:            3992 kB
Cached:          1367472 kB
SwapCached:        27276 kB
Active:          1818124 kB
Inactive:        1253164 kB
Active(anon):    1641396 kB
Inactive(anon):    77436 kB
Active(file):     176728 kB
Inactive(file):  1175728 kB
Unevictable:        6348 kB
Mlocked:            5908 kB
SwapTotal:       4718584 kB
SwapFree:        3950480 kB
Dirty:             17828 kB
Writeback:             0 kB
AnonPages:       1701860 kB
Mapped:           624596 kB
Shmem:             14392 kB
KReclaimable:     579200 kB
Slab:             325040 kB
SReclaimable:      94944 kB
SUnreclaim:       230096 kB
KernelStack:       48880 kB
ShadowCallStack:   12260 kB
PageTables:        66584 kB
NFS_Unstable:          0 kB
Bounce:                0 kB
WritebackTmp:          0 kB
CommitLimit:     8677876 kB
Committed_AS:   67713824 kB
VmallocTotal:   263061440 kB
VmallocUsed:      131664 kB
VmallocChunk:          0 kB
Percpu:             2448 kB
CmaTotal:         405504 kB
CmaFree:          298388 kB
MemTotal:        7918588 kB
MemFree:         1803260 kB
MemAvailable:    3189036 kB
Buffers:            3992 kB
Cached:          1367472 kB
SwapCached:        27276 kB
Active:          2315000 kB
Inactive:        1253164 kB
Active(anon):    2138272 kB
Inactive(anon):    77436 kB
Active(file):     176728 kB
Inactive(file):  1175728 kB
Unevictable:        6348 kB
Mlocked:            5908 kB
SwapTotal:       4718584 kB
SwapFree:        3950480 kB
Dirty:             17828 kB
Writeback:             0 kB
AnonPages:       2198792 kB
Mapped:           624528 kB
Shmem:             14392 kB
KReclaimable:     579192 kB
Slab:             324940 kB
SReclaimable:      94960 kB
SUnreclaim:       229980 kB
KernelStack:       48896 kB
ShadowCallStack:   12264 kB
PageTables:        67448 kB
NFS_Unstable:          0 kB
Bounce:                0 kB
WritebackTmp:          0 kB
CommitLimit:     8677876 kB
Committed_AS:   68442980 kB
VmallocTotal:   263061440 kB
VmallocUsed:      131664 kB
VmallocChunk:          0 kB
Percpu:             2448 kB
CmaTotal:         405504 kB
CmaFree:          298388 kB
MemTotal:        7918588 kB
MemFree:         2864716 kB
MemAvailable:    4250460 kB
Buffers:            3992 kB
Cached:          1367472 kB
SwapCached:        27276 kB
Active:          1253384 kB
Inactive:        1253164 kB
Active(anon):    1076656 kB
Inactive(anon):    77436 kB
Active(file):     176728 kB
Inactive(file):  1175728 kB
Unevictable:        6348 kB
Mlocked:            5908 kB
SwapTotal:       4718584 kB
SwapFree:        3950480 kB
Dirty:             17828 kB
Writeback:             0 kB
AnonPages:       1137116 kB
Mapped:           624800 kB
Shmem:             14392 kB
KReclaimable:     579160 kB
Slab:             324884 kB
SReclaimable:      94960 kB
SUnreclaim:       229924 kB
KernelStack:       48912 kB
ShadowCallStack:   12252 kB
PageTables:        66232 kB
NFS_Unstable:          0 kB
Bounce:                0 kB
WritebackTmp:          0 kB
CommitLimit:     8677876 kB
Committed_AS:   67418808 kB
VmallocTotal:   263061440 kB
VmallocUsed:      131652 kB
VmallocChunk:          0 kB
Percpu:             2448 kB
CmaTotal:         405504 kB
CmaFree:          298388 kB
MemTotal:        7918588 kB
MemFree:         2319884 kB
MemAvailable:    3705436 kB
Buffers:            3992 kB
Cached:          1367476 kB
SwapCached:        27276 kB
Active:          1798108 kB
Inactive:        1253164 kB
Active(anon):    1621380 kB
Inactive(anon):    77436 kB
Active(file):     176728 kB
Inactive(file):  1175728 kB
Unevictable:        6348 kB
Mlocked:            5908 kB
SwapTotal:       4718584 kB
SwapFree:        3950480 kB
Dirty:             17828 kB
Writeback:             0 kB
AnonPages:       1681864 kB
Mapped:           624896 kB
Shmem:             14396 kB
KReclaimable:     578968 kB
Slab:             325012 kB
SReclaimable:      94976 kB
SUnreclaim:       230036 kB
KernelStack:       48880 kB
ShadowCallStack:   12268 kB
PageTables:        66844 kB
NFS_Unstable:          0 kB
Bounce:                0 kB
WritebackTmp:          0 kB
CommitLimit:     8677876 kB
Committed_AS:   67754808 kB
VmallocTotal:   263061440 kB
VmallocUsed:      131648 kB
VmallocChunk:          0 kB
Percpu:             2448 kB
CmaTotal:         405504 kB
CmaFree:          298388 kB
MemTotal:        7918588 kB
MemFree:         1814016 kB
MemAvailable:    3199552 kB
Buffers:            3992 kB
Cached:          1367476 kB
SwapCached:        27276 kB
Active:          2303076 kB
Inactive:        1253164 kB
Active(anon):    2126348 kB
Inactive(anon):    77436 kB
Active(file):     176728 kB
Inactive(file):  1175728 kB
Unevictable:        6348 kB
Mlocked:            5908 kB
SwapTotal:       4718584 kB
SwapFree:        3950480 kB
Dirty:             17828 kB
Writeback:             0 kB
AnonPages:       2186744 kB
Mapped:           624892 kB
Shmem:             14396 kB
KReclaimable:     578952 kB
Slab:             325040 kB
SReclaimable:      94976 kB
SUnreclaim:       230064 kB
KernelStack:       48832 kB
ShadowCallStack:   12260 kB
PageTables:        67556 kB
NFS_Unstable:          0 kB
Bounce:                0 kB
WritebackTmp:          0 kB
CommitLimit:     8677876 kB
Committed_AS:   68483768 kB
VmallocTotal:   263061440 kB
VmallocUsed:      131584 kB
VmallocChunk:          0 kB
Percpu:             2448 kB
CmaTotal:         405504 kB
CmaFree:          298388 kB
MemTotal:        7918588 kB
MemFree:         2802948 kB
MemAvailable:    4188500 kB
Buffers:            4000 kB
Cached:          1367484 kB
SwapCached:        27276 kB
Active:          1316668 kB
Inactive:        1253180 kB
Active(anon):    1139940 kB
Inactive(anon):    77436 kB
Active(file):     176728 kB
Inactive(file):  1175744 kB
Unevictable:        6348 kB
Mlocked:            5908 kB
SwapTotal:       4718584 kB
SwapFree:        3950480 kB
Dirty:               688 kB
Writeback:          8496 kB
AnonPages:       1200348 kB
Mapped:           624836 kB
Shmem:             14396 kB
KReclaimable:     578952 kB
Slab:             324992 kB
SReclaimable:      94976 kB
SUnreclaim:       230016 kB
KernelStack:       48704 kB
ShadowCallStack:   12216 kB
PageTables:        66236 kB
NFS_Unstable:          0 kB
Bounce:                0 kB
WritebackTmp:          0 kB
CommitLimit:     8677876 kB
Committed_AS:   67467340 kB
VmallocTotal:   263061440 kB
VmallocUsed:      131392 kB
VmallocChunk:          0 kB
Percpu:             2448 kB
CmaTotal:         405504 kB
CmaFree:          298388 kB
MemTotal:        7918588 kB
MemFree:         2216888 kB
MemAvailable:    3420816 kB
Buffers:            4008 kB
Cached:          1367540 kB
SwapCached:        27276 kB
Active:          1902024 kB
Inactive:        1253184 kB
Active(anon):    1725296 kB
Inactive(anon):    77432 kB
Active(file):     176728 kB
Inactive(file):  1175752 kB
Unevictable:        6348 kB
Mlocked:            5908 kB
SwapTotal:       4718584 kB
SwapFree:        3950736 kB
Dirty:               316 kB
Writeback:             0 kB
AnonPages:       1785844 kB
Mapped:           625416 kB
Shmem:             14452 kB
KReclaimable:     396472 kB
Slab:             325040 kB
SReclaimable:      94976 kB
SUnreclaim:       230064 kB
KernelStack:       48784 kB
ShadowCallStack:   12240 kB
PageTables:        67456 kB
NFS_Unstable:          0 kB
Bounce:                0 kB
WritebackTmp:          0 kB
CommitLimit:     8677876 kB
Committed_AS:   67779140 kB
VmallocTotal:   263061440 kB
VmallocUsed:      131576 kB
VmallocChunk:          0 kB
Percpu:             2448 kB
CmaTotal:         405504 kB
CmaFree:          298388 kB
MemTotal:        7918588 kB
MemFree:         1706336 kB
MemAvailable:    2905912 kB
Buffers:            4008 kB
Cached:          1367648 kB
SwapCached:        27276 kB
Active:          2409848 kB
Inactive:        1253184 kB
Active(anon):    2233120 kB
Inactive(anon):    77432 kB
Active(file):     176728 kB
Inactive(file):  1175752 kB
Unevictable:        6348 kB
Mlocked:            5908 kB
SwapTotal:       4718584 kB
SwapFree:        3950736 kB
Dirty:               316 kB
Writeback:             0 kB
AnonPages:       2293380 kB
Mapped:           625760 kB
Shmem:             14560 kB
KReclaimable:     387768 kB
Slab:             325132 kB
SReclaimable:      94976 kB
SUnreclaim:       230156 kB
KernelStack:       48816 kB
ShadowCallStack:   12252 kB
PageTables:        68324 kB
NFS_Unstable:          0 kB
Bounce:                0 kB
WritebackTmp:          0 kB
CommitLimit:     8677876 kB
Committed_AS:   68524684 kB
VmallocTotal:   263061440 kB
VmallocUsed:      131596 kB
VmallocChunk:          0 kB
Percpu:             2448 kB
CmaTotal:         405504 kB
CmaFree:          298388 kB
MemTotal:        7918588 kB
MemFree:         2702756 kB
MemAvailable:    4027276 kB
Buffers:            4008 kB
Cached:          1367488 kB
SwapCached:        27276 kB
Active:          1415340 kB
Inactive:        1253184 kB
Active(anon):    1238612 kB
Inactive(anon):    77432 kB
Active(file):     176728 kB
Inactive(file):  1175752 kB
Unevictable:        6348 kB
Mlocked:            5908 kB
SwapTotal:       4718584 kB
SwapFree:        3950736 kB
Dirty:               316 kB
Writeback:             0 kB
AnonPages:       1298956 kB
Mapped:           625180 kB
Shmem:             14400 kB
KReclaimable:     517912 kB
Slab:             325040 kB
SReclaimable:      94960 kB
SUnreclaim:       230080 kB
KernelStack:       48704 kB
ShadowCallStack:   12204 kB
PageTables:        66816 kB
NFS_Unstable:          0 kB
Bounce:                0 kB
WritebackTmp:          0 kB
CommitLimit:     8677876 kB
Committed_AS:   67500112 kB
VmallocTotal:   263061440 kB
VmallocUsed:      131408 kB
VmallocChunk:          0 kB
Percpu:             2448 kB
CmaTotal:         405504 kB
CmaFree:          298436 kB
MemTotal:        7918588 kB
MemFree:         2186324 kB
MemAvailable:    3513512 kB
Buffers:            4088 kB
Cached:          1371120 kB
SwapCached:        27276 kB
Active:          1931576 kB
Inactive:        1253288 kB
Active(anon):    1751484 kB
Inactive(anon):    77432 kB
Active(file):     180092 kB
Inactive(file):  1175856 kB
Unevictable:        6348 kB
Mlocked:            5908 kB
SwapTotal:       4718584 kB
SwapFree:        3950992 kB
Dirty:               392 kB
Writeback:            64 kB
AnonPages:       1812016 kB
Mapped:           611608 kB
Shmem:             14472 kB
KReclaimable:     517112 kB
Slab:             324952 kB
SReclaimable:      94960 kB
SUnreclaim:       229992 kB
KernelStack:       48688 kB
ShadowCallStack:   12224 kB
PageTables:        67200 kB
NFS_Unstable:          0 kB
Bounce:                0 kB
WritebackTmp:          0 kB
CommitLimit:     8677876 kB
Committed_AS:   67819732 kB
VmallocTotal:   263061440 kB
VmallocUsed:      131408 kB
VmallocChunk:          0 kB
Percpu:             2448 kB
CmaTotal:         405504 kB
CmaFree:          298412 kB
MemTotal:        7918588 kB
MemFree:         1665944 kB
MemAvailable:    2993716 kB
Buffers:            4088 kB
Cached:          1371620 kB
SwapCached:        27276 kB
Active:          2451868 kB
Inactive:        1253368 kB
Active(anon):    2271184 kB
Inactive(anon):    77432 kB
Active(file):     180684 kB
Inactive(file):  1175936 kB
Unevictable:        6348 kB
Mlocked:            5908 kB
SwapTotal:       4718584 kB
SwapFree:        3950992 kB
Dirty:               412 kB
Writeback:             0 kB
AnonPages:       2331504 kB
Mapped:           611720 kB
Shmem:             14472 kB
KReclaimable:     517024 kB
Slab:             324860 kB
SReclaimable:      94928 kB
SUnreclaim:       229932 kB
KernelStack:       48640 kB
ShadowCallStack:   12212 kB
PageTables:        68316 kB
NFS_Unstable:          0 kB
Bounce:                0 kB
WritebackTmp:          0 kB
CommitLimit:     8677876 kB
Committed_AS:   68540476 kB
VmallocTotal:   263061440 kB
VmallocUsed:      131304 kB
VmallocChunk:          0 kB
Percpu:             2448 kB
CmaTotal:         405504 kB
CmaFree:          298388 kB
MemTotal:        7918588 kB
MemFree:         2578316 kB
MemAvailable:    3907828 kB
Buffers:            4088 kB
Cached:          1372596 kB
SwapCached:        27276 kB
Active:          1539884 kB
Inactive:        1253368 kB
Active(anon):    1358228 kB
Inactive(anon):    77432 kB
Active(file):     181656 kB
Inactive(file):  1175936 kB
Unevictable:        6348 kB
Mlocked:            5908 kB
SwapTotal:       4718584 kB
SwapFree:        3950992 kB
Dirty:               344 kB
Writeback:             0 kB
AnonPages:       1418604 kB
Mapped:           611988 kB
Shmem:             14476 kB
KReclaimable:     517792 kB
Slab:             325732 kB
SReclaimable:      95792 kB
SUnreclaim:       229940 kB
KernelStack:       48608 kB
ShadowCallStack:   12200 kB
PageTables:        66436 kB
NFS_Unstable:          0 kB
Bounce:                0 kB
WritebackTmp:          0 kB
CommitLimit:     8677876 kB
Committed_AS:   67532684 kB
VmallocTotal:   263061440 kB
VmallocUsed:      131304 kB
VmallocChunk:          0 kB
Percpu:             2448 kB
CmaTotal:         405504 kB
CmaFree:          298388 kB
MemTotal:        7918588 kB
MemFree:         2014860 kB
MemAvailable:    3344392 kB
Buffers:            4088 kB
Cached:          1372600 kB
SwapCached:        27276 kB
Active:          2101744 kB
Inactive:        1253372 kB
Active(anon):    1920088 kB
Inactive(anon):    77432 kB
Active(file):     181656 kB
Inactive(file):  1175940 kB
Unevictable:        6348 kB
Mlocked:            5908 kB
SwapTotal:       4718584 kB
SwapFree:        3950992 kB
Dirty:               412 kB
Writeback:             0 kB
AnonPages:       1980468 kB
Mapped:           612072 kB
Shmem:             14476 kB
KReclaimable:     517808 kB
Slab:             325828 kB
SReclaimable:      95824 kB
SUnreclaim:       230004 kB
KernelStack:       48656 kB
ShadowCallStack:   12200 kB
PageTables:        67808 kB
NFS_Unstable:          0 kB
Bounce:                0 kB
WritebackTmp:          0 kB
CommitLimit:     8677876 kB
Committed_AS:   68180000 kB
VmallocTotal:   263061440 kB
VmallocUsed:      131360 kB
VmallocChunk:          0 kB
Percpu:             2448 kB
CmaTotal:         405504 kB
CmaFree:          298388 kB
MemTotal:        7918588 kB
MemFree:         2243576 kB
MemAvailable:    3573140 kB
Buffers:            4088 kB
Cached:          1372600 kB
SwapCached:        27276 kB
Active:          1870316 kB
Inactive:        1253372 kB
Active(anon):    1688660 kB
Inactive(anon):    77432 kB
Active(file):     181656 kB
Inactive(file):  1175940 kB
Unevictable:        6348 kB
Mlocked:            5908 kB
SwapTotal:       4718584 kB
SwapFree:        3950992 kB
Dirty:               416 kB
Writeback:             0 kB
AnonPages:       1723564 kB
Mapped:           612004 kB
Shmem:             14476 kB
KReclaimable:     517840 kB
Slab:             325768 kB
SReclaimable:      95856 kB
SUnreclaim:       229912 kB
KernelStack:       48640 kB
ShadowCallStack:   12208 kB
PageTables:        67908 kB
NFS_Unstable:          0 kB
Bounce:                0 kB
WritebackTmp:          0 kB
CommitLimit:     8677876 kB
Committed_AS:   68245536 kB
VmallocTotal:   263061440 kB
VmallocUsed:      131328 kB
VmallocChunk:          0 kB
Percpu:             2448 kB
CmaTotal:         405504 kB
CmaFree:          298388 kB
MemTotal:        7918588 kB
MemFree:         2301416 kB
MemAvailable:    3630980 kB
Buffers:            4088 kB
Cached:          1372612 kB
SwapCached:        27276 kB
Active:          1816620 kB
Inactive:        1253372 kB
Active(anon):    1634964 kB
Inactive(anon):    77432 kB
Active(file):     181656 kB
Inactive(file):  1175940 kB
Unevictable:        6348 kB
Mlocked:            5908 kB
SwapTotal:       4718584 kB
SwapFree:        3950992 kB
Dirty:               416 kB
Writeback:             0 kB
AnonPages:       1695468 kB
Mapped:           612072 kB
Shmem:             14488 kB
KReclaimable:     517840 kB
Slab:             325740 kB
SReclaimable:      95856 kB
SUnreclaim:       229884 kB
KernelStack:       48624 kB
ShadowCallStack:   12200 kB
PageTables:        67060 kB
NFS_Unstable:          0 kB
Bounce:                0 kB
WritebackTmp:          0 kB
CommitLimit:     8677876 kB
Committed_AS:   67852304 kB
VmallocTotal:   263061440 kB
VmallocUsed:      131308 kB
VmallocChunk:          0 kB
Percpu:             2448 kB
CmaTotal:         405504 kB
CmaFree:          298388 kB
MemTotal:        7918588 kB
MemFree:         1753536 kB
MemAvailable:    3083116 kB
Buffers:            4096 kB
Cached:          1372624 kB
SwapCached:        27276 kB
Active:          2363152 kB
Inactive:        1253388 kB
Active(anon):    2181496 kB
Inactive(anon):    77432 kB
Active(file):     181656 kB
Inactive(file):  1175956 kB
Unevictable:        6348 kB
Mlocked:            5908 kB
SwapTotal:       4718584 kB
SwapFree:        3950992 kB
Dirty:               464 kB
Writeback:             0 kB
AnonPages:       2241820 kB
Mapped:           611992 kB
Shmem:             14492 kB
KReclaimable:     517840 kB
Slab:             325896 kB
SReclaimable:      95856 kB
SUnreclaim:       230040 kB
KernelStack:       48624 kB
ShadowCallStack:   12196 kB
PageTables:        68296 kB
NFS_Unstable:          0 kB
Bounce:                0 kB
WritebackTmp:          0 kB
CommitLimit:     8677876 kB
Committed_AS:   68180012 kB
VmallocTotal:   263061440 kB
VmallocUsed:      131344 kB
VmallocChunk:          0 kB
Percpu:             2448 kB
CmaTotal:         405504 kB
CmaFree:          298388 kB
MemTotal:        7918588 kB
MemFree:         2554800 kB
MemAvailable:    3884784 kB
Buffers:            4096 kB
Cached:          1373052 kB
SwapCached:        27276 kB
Active:          1562652 kB
Inactive:        1253392 kB
Active(anon):    1380580 kB
Inactive(anon):    77432 kB
Active(file):     182072 kB
Inactive(file):  1175960 kB
Unevictable:        6348 kB
Mlocked:            5908 kB
SwapTotal:       4718584 kB
SwapFree:        3951248 kB
Dirty:               468 kB
Writeback:             0 kB
AnonPages:       1440880 kB
Mapped:           612236 kB
Shmem:             14500 kB
KReclaimable:     517824 kB
Slab:             325916 kB
SReclaimable:      95872 kB
SUnreclaim:       230044 kB
KernelStack:       48608 kB
ShadowCallStack:   12192 kB
PageTables:        66628 kB
NFS_Unstable:          0 kB
Bounce:                0 kB
WritebackTmp:          0 kB
CommitLimit:     8677876 kB
Committed_AS:   67581748 kB
VmallocTotal:   263061440 kB
VmallocUsed:      131304 kB
VmallocChunk:          0 kB
Percpu:             2448 kB
CmaTotal:         405504 kB
CmaFree:          298388 kB
MemTotal:        7918588 kB
MemFree:         1946112 kB
MemAvailable:    3276096 kB
Buffers:            4096 kB
Cached:          1373052 kB
SwapCached:        27276 kB
Active:          2170276 kB
Inactive:        1253392 kB
Active(anon):    1988204 kB
Inactive(anon):    77432 kB
Active(file):     182072 kB
Inactive(file):  1175960 kB
Unevictable:        6348 kB
Mlocked:            5908 kB
SwapTotal:       4718584 kB
SwapFree:        3951248 kB
Dirty:               468 kB
Writeback:             0 kB
AnonPages:       2048532 kB
Mapped:           612204 kB
Shmem:             14500 kB
KReclaimable:     517824 kB
Slab:             325796 kB
SReclaimable:      95872 kB
SUnreclaim:       229924 kB
KernelStack:       48592 kB
ShadowCallStack:   12188 kB
PageTables:        67760 kB
NFS_Unstable:          0 kB
Bounce:                0 kB
WritebackTmp:          0 kB
CommitLimit:     8677876 kB
Committed_AS:   68220848 kB
VmallocTotal:   263061440 kB
VmallocUsed:      131304 kB
VmallocChunk:          0 kB
Percpu:             2448 kB
CmaTotal:         405504 kB
CmaFree:          298388 kB
MemTotal:        7918588 kB
MemFree:         2689244 kB
MemAvailable:    4018996 kB
Buffers:            4096 kB
Cached:          1373052 kB
SwapCached:        27276 kB
Active:          1428996 kB
Inactive:        1253392 kB
Active(anon):    1246924 kB
Inactive(anon):    77432 kB
Active(file):     182072 kB
Inactive(file):  1175960 kB
Unevictable:        6348 kB
Mlocked:            5908 kB
SwapTotal:       4718584 kB
SwapFree:        3951248 kB
Dirty:               468 kB
Writeback:             0 kB
AnonPages:       1307264 kB
Mapped:           612452 kB
Shmem:             14500 kB
KReclaimable:     517592 kB
Slab:             325780 kB
SReclaimable:      95808 kB
SUnreclaim:       229972 kB
KernelStack:       48240 kB
ShadowCallStack:   12108 kB
PageTables:        66656 kB
NFS_Unstable:          0 kB
Bounce:                0 kB
WritebackTmp:          0 kB
CommitLimit:     8677876 kB
Committed_AS:   67581704 kB
VmallocTotal:   263061440 kB
VmallocUsed:      130860 kB
VmallocChunk:          0 kB
Percpu:             2448 kB
CmaTotal:         405504 kB
CmaFree:          298388 kB
MemTotal:        7918588 kB
MemFree:         2093280 kB
MemAvailable:    3423016 kB
Buffers:            4096 kB
Cached:          1373052 kB
SwapCached:        27276 kB
Active:          2023424 kB
Inactive:        1253392 kB
Active(anon):    1841352 kB
Inactive(anon):    77432 kB
Active(file):     182072 kB
Inactive(file):  1175960 kB
Unevictable:        6348 kB
Mlocked:            5908 kB
SwapTotal:       4718584 kB
SwapFree:        3951248 kB
Dirty:               468 kB
Writeback:             0 kB
AnonPages:       1901896 kB
Mapped:           612524 kB
Shmem:             14500 kB
KReclaimable:     517576 kB
Slab:             325808 kB
SReclaimable:      95808 kB
SUnreclaim:       230000 kB
KernelStack:       48224 kB
ShadowCallStack:   12084 kB
PageTables:        67448 kB
NFS_Unstable:          0 kB
Bounce:                0 kB
WritebackTmp:          0 kB
CommitLimit:     8677876 kB
Committed_AS:   67909484 kB
VmallocTotal:   263061440 kB
VmallocUsed:      130844 kB
VmallocChunk:          0 kB
Percpu:             2448 kB
CmaTotal:         405504 kB
CmaFree:          298388 kB
MemTotal:        7918588 kB
MemFree:         2192648 kB
MemAvailable:    3522564 kB
Buffers:            4104 kB
Cached:          1373056 kB
SwapCached:        27276 kB
Active:          1922604 kB
Inactive:        1253400 kB
Active(anon):    1740532 kB
Inactive(anon):    77432 kB
Active(file):     182072 kB
Inactive(file):  1175968 kB
Unevictable:        6348 kB
Mlocked:            5908 kB
SwapTotal:       4718584 kB
SwapFree:        3951248 kB
Dirty:               468 kB
Writeback:             0 kB
AnonPages:       1784492 kB
Mapped:           612568 kB
Shmem:             14504 kB
KReclaimable:     517576 kB
Slab:             325816 kB
SReclaimable:      95808 kB
SUnreclaim:       230008 kB
KernelStack:       48208 kB
ShadowCallStack:   12116 kB
PageTables:        68116 kB
NFS_Unstable:          0 kB
Bounce:                0 kB
WritebackTmp:          0 kB
CommitLimit:     8677876 kB
Committed_AS:   68327324 kB
VmallocTotal:   263061440 kB
VmallocUsed:      130828 kB
VmallocChunk:          0 kB
Percpu:             2448 kB
CmaTotal:         405504 kB
CmaFree:          298388 kB
MemTotal:        7918588 kB
MemFree:         2200976 kB
MemAvailable:    3530736 kB
Buffers:            4112 kB
Cached:          1373064 kB
SwapCached:        27276 kB
Active:          1916716 kB
Inactive:        1253416 kB
Active(anon):    1734644 kB
Inactive(anon):    77432 kB
Active(file):     182072 kB
Inactive(file):  1175984 kB
Unevictable:        6348 kB
Mlocked:            5908 kB
SwapTotal:       4718584 kB
SwapFree:        3951248 kB
Dirty:               544 kB
Writeback:             0 kB
AnonPages:       1794948 kB
Mapped:           612468 kB
Shmem:             14504 kB
KReclaimable:     517576 kB
Slab:             325796 kB
SReclaimable:      95808 kB
SUnreclaim:       229988 kB
KernelStack:       48240 kB
ShadowCallStack:   12096 kB
PageTables:        67252 kB
NFS_Unstable:          0 kB
Bounce:                0 kB
WritebackTmp:          0 kB
CommitLimit:     8677876 kB
Committed_AS:   67934084 kB
VmallocTotal:   263061440 kB
VmallocUsed:      130848 kB
VmallocChunk:          0 kB
Percpu:             2448 kB
CmaTotal:         405504 kB
CmaFree:          298648 kB
MemTotal:        7918588 kB
MemFree:         1576712 kB
MemAvailable:    2906472 kB
Buffers:            4112 kB
Cached:          1373068 kB
SwapCached:        27304 kB
Active:          2541276 kB
Inactive:        1252732 kB
Active(anon):    2359204 kB
Inactive(anon):    76748 kB
Active(file):     182072 kB
Inactive(file):  1175984 kB
Unevictable:        6348 kB
Mlocked:            5908 kB
SwapTotal:       4718584 kB
SwapFree:        3952784 kB
Dirty:               552 kB
Writeback:             0 kB
AnonPages:       2418848 kB
Mapped:           612412 kB
Shmem:             14512 kB
KReclaimable:     517576 kB
Slab:             325844 kB
SReclaimable:      95808 kB
SUnreclaim:       230036 kB
KernelStack:       48256 kB
ShadowCallStack:   12104 kB
PageTables:        68644 kB
NFS_Unstable:          0 kB
Bounce:                0 kB
WritebackTmp:          0 kB
CommitLimit:     8677876 kB
Committed_AS:   68655028 kB
VmallocTotal:   263061440 kB
VmallocUsed:      130844 kB
VmallocChunk:          0 kB
Percpu:             2448 kB
CmaTotal:         405504 kB
CmaFree:          298900 kB
MemTotal:        7918588 kB
MemFree:         2279056 kB
MemAvailable:    3608816 kB
Buffers:            4112 kB
Cached:          1373072 kB
SwapCached:        27304 kB
Active:          1840208 kB
Inactive:        1252732 kB
Active(anon):    1658136 kB
Inactive(anon):    76748 kB
Active(file):     182072 kB
Inactive(file):  1175984 kB
Unevictable:        6348 kB
Mlocked:            5908 kB
SwapTotal:       4718584 kB
SwapFree:        3952784 kB
Dirty:               552 kB
Writeback:             0 kB
AnonPages:       1717764 kB
Mapped:           612452 kB
Shmem:             14512 kB
KReclaimable:     517576 kB
Slab:             325800 kB
SReclaimable:      95808 kB
SUnreclaim:       229992 kB
KernelStack:       48176 kB
ShadowCallStack:   12112 kB
PageTables:        66884 kB
NFS_Unstable:          0 kB
Bounce:                0 kB
WritebackTmp:          0 kB
CommitLimit:     8677876 kB
Committed_AS:   67704684 kB
VmallocTotal:   263061440 kB
VmallocUsed:      130828 kB
VmallocChunk:          0 kB
Percpu:             2448 kB
CmaTotal:         405504 kB
CmaFree:          298868 kB
MemTotal:        7918588 kB
MemFree:         1626708 kB
MemAvailable:    2956428 kB
Buffers:            4112 kB
Cached:          1373072 kB
SwapCached:        27304 kB
Active:          2491236 kB
Inactive:        1252732 kB
Active(anon):    2309164 kB
Inactive(anon):    76748 kB
Active(file):     182072 kB
Inactive(file):  1175984 kB
Unevictable:        6348 kB
Mlocked:            5908 kB
SwapTotal:       4718584 kB
SwapFree:        3952784 kB
Dirty:               552 kB
Writeback:             0 kB
AnonPages:       2368796 kB
Mapped:           612524 kB
Shmem:             14512 kB
KReclaimable:     517536 kB
Slab:             325736 kB
SReclaimable:      95792 kB
SUnreclaim:       229944 kB
KernelStack:       48224 kB
ShadowCallStack:   12104 kB
PageTables:        68552 kB
NFS_Unstable:          0 kB
Bounce:                0 kB
WritebackTmp:          0 kB
CommitLimit:     8677876 kB
Committed_AS:   68687800 kB
VmallocTotal:   263061440 kB
VmallocUsed:      130844 kB
VmallocChunk:          0 kB
Percpu:             2448 kB
CmaTotal:         405504 kB
CmaFree:          298900 kB
MemTotal:        7918588 kB
MemFree:         2276696 kB
MemAvailable:    3606320 kB
Buffers:            4120 kB
Cached:          1373080 kB
SwapCached:        27304 kB
Active:          1843068 kB
Inactive:        1252748 kB
Active(anon):    1660996 kB
Inactive(anon):    76748 kB
Active(file):     182072 kB
Inactive(file):  1176000 kB
Unevictable:        6348 kB
Mlocked:            5908 kB
SwapTotal:       4718584 kB
SwapFree:        3952784 kB
Dirty:               572 kB
Writeback:             0 kB
AnonPages:       1720612 kB
Mapped:           612684 kB
Shmem:             14512 kB
KReclaimable:     517424 kB
Slab:             325764 kB
SReclaimable:      95776 kB
SUnreclaim:       229988 kB
KernelStack:       48224 kB
ShadowCallStack:   12092 kB
PageTables:        66988 kB
NFS_Unstable:          0 kB
Bounce:                0 kB
WritebackTmp:          0 kB
CommitLimit:     8677876 kB
Committed_AS:   67721016 kB
VmallocTotal:   263061440 kB
VmallocUsed:      130824 kB
VmallocChunk:          0 kB
Percpu:             2448 kB
CmaTotal:         405504 kB
CmaFree:          298900 kB
MemTotal:        7918588 kB
MemFree:         1603856 kB
MemAvailable:    2933432 kB
Buffers:            4120 kB
Cached:          1373080 kB
SwapCached:        27304 kB
Active:          2513028 kB
Inactive:        1252748 kB
Active(anon):    2330956 kB
Inactive(anon):    76748 kB
Active(file):     182072 kB
Inactive(file):  1176000 kB
Unevictable:        6348 kB
Mlocked:            5908 kB
SwapTotal:       4718584 kB
SwapFree:        3952784 kB
Dirty:               572 kB
Writeback:             0 kB
AnonPages:       2390608 kB
Mapped:           612856 kB
Shmem:             14512 kB
KReclaimable:     517376 kB
Slab:             325732 kB
SReclaimable:      95776 kB
SUnreclaim:       229956 kB
KernelStack:       48288 kB
ShadowCallStack:   12112 kB
PageTables:        68640 kB
NFS_Unstable:          0 kB
Bounce:                0 kB
WritebackTmp:          0 kB
CommitLimit:     8677876 kB
Committed_AS:   68704304 kB
VmallocTotal:   263061440 kB
VmallocUsed:      130876 kB
VmallocChunk:          0 kB
Percpu:             2448 kB
CmaTotal:         405504 kB
CmaFree:          298900 kB
MemTotal:        7918588 kB
MemFree:         2173248 kB
MemAvailable:    3384280 kB
Buffers:            4124 kB
Cached:          1374052 kB
SwapCached:        27304 kB
Active:          1945640 kB
Inactive:        1252756 kB
Active(anon):    1762612 kB
Inactive(anon):    76748 kB
Active(file):     183028 kB
Inactive(file):  1176008 kB
Unevictable:        6348 kB
Mlocked:            5908 kB
SwapTotal:       4718584 kB
SwapFree:        3952784 kB
Dirty:               588 kB
Writeback:             0 kB
AnonPages:       1822372 kB
Mapped:           613320 kB
Shmem:             14524 kB
KReclaimable:     397568 kB
Slab:             325792 kB
SReclaimable:      95808 kB
SUnreclaim:       229984 kB
KernelStack:       48288 kB
ShadowCallStack:   12112 kB
PageTables:        67500 kB
NFS_Unstable:          0 kB
Bounce:                0 kB
WritebackTmp:          0 kB
CommitLimit:     8677876 kB
Committed_AS:   67991660 kB
VmallocTotal:   263061440 kB
VmallocUsed:      130944 kB
VmallocChunk:          0 kB
Percpu:             2448 kB
CmaTotal:         405504 kB
CmaFree:          298900 kB
MemTotal:        7918588 kB
MemFree:         1629316 kB
MemAvailable:    2839540 kB
Buffers:            4124 kB
Cached:          1374104 kB
SwapCached:        27304 kB
Active:          2487676 kB
Inactive:        1252756 kB
Active(anon):    2304644 kB
Inactive(anon):    76748 kB
Active(file):     183032 kB
Inactive(file):  1176008 kB
Unevictable:        6348 kB
Mlocked:            5908 kB
SwapTotal:       4718584 kB
SwapFree:        3952784 kB
Dirty:               676 kB
Writeback:             0 kB
AnonPages:       2332476 kB
Mapped:           613664 kB
Shmem:             14572 kB
KReclaimable:     395944 kB
Slab:             325820 kB
SReclaimable:      95824 kB
SUnreclaim:       229996 kB
KernelStack:       48288 kB
ShadowCallStack:   12100 kB
PageTables:        68536 kB
NFS_Unstable:          0 kB
Bounce:                0 kB
WritebackTmp:          0 kB
CommitLimit:     8677876 kB
Committed_AS:   68737200 kB
VmallocTotal:   263061440 kB
VmallocUsed:      130924 kB
VmallocChunk:          0 kB
Percpu:             2448 kB
CmaTotal:         405504 kB
CmaFree:          298904 kB
MemTotal:        7918588 kB
MemFree:         2158640 kB
MemAvailable:    3488996 kB
Buffers:            4124 kB
Cached:          1374204 kB
SwapCached:        27304 kB
Active:          1961040 kB
Inactive:        1252756 kB
Active(anon):    1778008 kB
Inactive(anon):    76748 kB
Active(file):     183032 kB
Inactive(file):  1176008 kB
Unevictable:        6348 kB
Mlocked:            5908 kB
SwapTotal:       4718584 kB
SwapFree:        3952784 kB
Dirty:               676 kB
Writeback:             0 kB
AnonPages:       1837744 kB
Mapped:           613016 kB
Shmem:             14672 kB
KReclaimable:     517188 kB
Slab:             325964 kB
SReclaimable:      95808 kB
SUnreclaim:       230156 kB
KernelStack:       48192 kB
ShadowCallStack:   12104 kB
PageTables:        67264 kB
NFS_Unstable:          0 kB
Bounce:                0 kB
WritebackTmp:          0 kB
CommitLimit:     8677876 kB
Committed_AS:   68024032 kB
VmallocTotal:   263061440 kB
VmallocUsed:      130788 kB
VmallocChunk:          0 kB
Percpu:             2448 kB
CmaTotal:         405504 kB
CmaFree:          298900 kB
MemTotal:        7918588 kB
MemFree:         1940732 kB
MemAvailable:    3272948 kB
Buffers:            4132 kB
Cached:          1374052 kB
SwapCached:        27304 kB
Active:          2174168 kB
Inactive:        1252772 kB
Active(anon):    1991136 kB
Inactive(anon):    76748 kB
Active(file):     183032 kB
Inactive(file):  1176024 kB
Unevictable:        6348 kB
Mlocked:            5908 kB
SwapTotal:       4718584 kB
SwapFree:        3952784 kB
Dirty:               688 kB
Writeback:             0 kB
AnonPages:       2049700 kB
Mapped:           612984 kB
Shmem:             14512 kB
KReclaimable:     517312 kB
Slab:             325944 kB
SReclaimable:      95776 kB
SUnreclaim:       230168 kB
KernelStack:       48160 kB
ShadowCallStack:   12080 kB
PageTables:        68724 kB
NFS_Unstable:          0 kB
Bounce:                0 kB
WritebackTmp:          0 kB
CommitLimit:     8677876 kB
Committed_AS:   68761256 kB
VmallocTotal:   263061440 kB
VmallocUsed:      130728 kB
VmallocChunk:          0 kB
Percpu:             2448 kB
CmaTotal:         405504 kB
CmaFree:          298900 kB
MemTotal:        7918588 kB
MemFree:         2070576 kB
MemAvailable:    3401780 kB
Buffers:            4132 kB
Cached:          1374868 kB
SwapCached:        27304 kB
Active:          2048548 kB
Inactive:        1252788 kB
Active(anon):    1864728 kB
Inactive(anon):    76748 kB
Active(file):     183820 kB
Inactive(file):  1176040 kB
Unevictable:        6348 kB
Mlocked:            5908 kB
SwapTotal:       4718584 kB
SwapFree:        3953296 kB
Dirty:               116 kB
Writeback:           132 kB
AnonPages:       1924308 kB
Mapped:           613584 kB
Shmem:             14524 kB
KReclaimable:     517216 kB
Slab:             325724 kB
SReclaimable:      95776 kB
SUnreclaim:       229948 kB
KernelStack:       48224 kB
ShadowCallStack:   12088 kB
PageTables:        67672 kB
NFS_Unstable:          0 kB
Bounce:                0 kB
WritebackTmp:          0 kB
CommitLimit:     8677876 kB
Committed_AS:   68040520 kB
VmallocTotal:   263061440 kB
VmallocUsed:      130840 kB
VmallocChunk:          0 kB
Percpu:             2448 kB
CmaTotal:         405504 kB
CmaFree:          298900 kB
MemTotal:        7918588 kB
MemFree:         2616128 kB
MemAvailable:    3947236 kB
Buffers:            4132 kB
Cached:          1374868 kB
SwapCached:        27304 kB
Active:          1502328 kB
Inactive:        1252788 kB
Active(anon):    1318508 kB
Inactive(anon):    76748 kB
Active(file):     183820 kB
Inactive(file):  1176040 kB
Unevictable:        6348 kB
Mlocked:            5908 kB
SwapTotal:       4718584 kB
SwapFree:        3953296 kB
Dirty:               112 kB
Writeback:             0 kB
AnonPages:       1378244 kB
Mapped:           613596 kB
Shmem:             14524 kB
KReclaimable:     517120 kB
Slab:             325772 kB
SReclaimable:      95776 kB
SUnreclaim:       229996 kB
KernelStack:       48192 kB
ShadowCallStack:   12100 kB
PageTables:        66572 kB
NFS_Unstable:          0 kB
Bounce:                0 kB
WritebackTmp:          0 kB
CommitLimit:     8677876 kB
Committed_AS:   67745452 kB
VmallocTotal:   263061440 kB
VmallocUsed:      130804 kB
VmallocChunk:          0 kB
Percpu:             2448 kB
CmaTotal:         405504 kB
CmaFree:          298900 kB
MemTotal:        7918588 kB
MemFree:         1933544 kB
MemAvailable:    3264636 kB
Buffers:            4132 kB
Cached:          1374872 kB
SwapCached:        27304 kB
Active:          2184192 kB
Inactive:        1252784 kB
Active(anon):    2000372 kB
Inactive(anon):    76744 kB
Active(file):     183820 kB
Inactive(file):  1176040 kB
Unevictable:        6348 kB
Mlocked:            5908 kB
SwapTotal:       4718584 kB
SwapFree:        3953296 kB
Dirty:               128 kB
Writeback:             0 kB
AnonPages:       2060224 kB
Mapped:           613728 kB
Shmem:             14528 kB
KReclaimable:     517104 kB
Slab:             325696 kB
SReclaimable:      95776 kB
SUnreclaim:       229920 kB
KernelStack:       48176 kB
ShadowCallStack:   12072 kB
PageTables:        67892 kB
NFS_Unstable:          0 kB
Bounce:                0 kB
WritebackTmp:          0 kB
CommitLimit:     8677876 kB
Committed_AS:   68073032 kB
VmallocTotal:   263061440 kB
VmallocUsed:      130716 kB
VmallocChunk:          0 kB
Percpu:             2448 kB
CmaTotal:         405504 kB
CmaFree:          298900 kB
MemTotal:        7918588 kB
MemFree:         2436224 kB
MemAvailable:    3767316 kB
Buffers:            4132 kB
Cached:          1374872 kB
SwapCached:        27304 kB
Active:          1682960 kB
Inactive:        1252784 kB
Active(anon):    1499140 kB
Inactive(anon):    76744 kB
Active(file):     183820 kB
Inactive(file):  1176040 kB
Unevictable:        6348 kB
Mlocked:            5908 kB
SwapTotal:       4718584 kB
SwapFree:        3953296 kB
Dirty:               128 kB
Writeback:             0 kB
AnonPages:       1558744 kB
Mapped:           613772 kB
Shmem:             14528 kB
KReclaimable:     517104 kB
Slab:             325716 kB
SReclaimable:      95776 kB
SUnreclaim:       229940 kB
KernelStack:       48080 kB
ShadowCallStack:   12064 kB
PageTables:        67080 kB
NFS_Unstable:          0 kB
Bounce:                0 kB
WritebackTmp:          0 kB
CommitLimit:     8677876 kB
Committed_AS:   67761528 kB
VmallocTotal:   263061440 kB
VmallocUsed:      130680 kB
VmallocChunk:          0 kB
Percpu:             2448 kB
CmaTotal:         405504 kB
CmaFree:          298900 kB
MemTotal:        7918588 kB
MemFree:         1763096 kB
MemAvailable:    3094180 kB
Buffers:            4140 kB
Cached:          1374872 kB
SwapCached:        27304 kB
Active:          2355612 kB
Inactive:        1252792 kB
Active(anon):    2171792 kB
Inactive(anon):    76744 kB
Active(file):     183820 kB
Inactive(file):  1176048 kB
Unevictable:        6348 kB
Mlocked:            5908 kB
SwapTotal:       4718584 kB
SwapFree:        3953296 kB
Dirty:               132 kB
Writeback:             0 kB
AnonPages:       2231460 kB
Mapped:           613708 kB
Shmem:             14528 kB
KReclaimable:     517088 kB
Slab:             325784 kB
SReclaimable:      95760 kB
SUnreclaim:       230024 kB
KernelStack:       48064 kB
ShadowCallStack:   12076 kB
PageTables:        68064 kB
NFS_Unstable:          0 kB
Bounce:                0 kB
WritebackTmp:          0 kB
CommitLimit:     8677876 kB
Committed_AS:   68433296 kB
VmallocTotal:   263061440 kB
VmallocUsed:      130628 kB
VmallocChunk:          0 kB
Percpu:             2448 kB
CmaTotal:         405504 kB
CmaFree:          298900 kB
MemTotal:        7918588 kB
MemFree:         2252056 kB
MemAvailable:    3583108 kB
Buffers:            4148 kB
Cached:          1374864 kB
SwapCached:        27304 kB
Active:          1867600 kB
Inactive:        1252792 kB
Active(anon):    1683780 kB
Inactive(anon):    76744 kB
Active(file):     183820 kB
Inactive(file):  1176048 kB
Unevictable:        6348 kB
Mlocked:            5908 kB
SwapTotal:       4718584 kB
SwapFree:        3953296 kB
Dirty:               156 kB
Writeback:             0 kB
AnonPages:       1743536 kB
Mapped:           613856 kB
Shmem:             14528 kB
KReclaimable:     517056 kB
Slab:             325748 kB
SReclaimable:      95760 kB
SUnreclaim:       229988 kB
KernelStack:       48000 kB
ShadowCallStack:   12036 kB
PageTables:        67252 kB
NFS_Unstable:          0 kB
Bounce:                0 kB
WritebackTmp:          0 kB
CommitLimit:     8677876 kB
Committed_AS:   67851536 kB
VmallocTotal:   263061440 kB
VmallocUsed:      130568 kB
VmallocChunk:          0 kB
Percpu:             2448 kB
CmaTotal:         405504 kB
CmaFree:          298900 kB
MemTotal:        7918588 kB
MemFree:         1683540 kB
MemAvailable:    3014676 kB
Buffers:            4148 kB
Cached:          1374872 kB
SwapCached:        27304 kB
Active:          2433544 kB
Inactive:        1252800 kB
Active(anon):    2249724 kB
Inactive(anon):    76744 kB
Active(file):     183820 kB
Inactive(file):  1176056 kB
Unevictable:        6348 kB
Mlocked:            5908 kB
SwapTotal:       4718584 kB
SwapFree:        3953296 kB
Dirty:               156 kB
Writeback:             0 kB
AnonPages:       2303136 kB
Mapped:           613936 kB
Shmem:             14528 kB
KReclaimable:     516960 kB
Slab:             325784 kB
SReclaimable:      95760 kB
SUnreclaim:       230024 kB
KernelStack:       48000 kB
ShadowCallStack:   12052 kB
PageTables:        68528 kB
NFS_Unstable:          0 kB
Bounce:                0 kB
WritebackTmp:          0 kB
CommitLimit:     8677876 kB
Committed_AS:   68449420 kB
VmallocTotal:   263061440 kB
VmallocUsed:      130528 kB
VmallocChunk:          0 kB
Percpu:             2448 kB
CmaTotal:         405504 kB
CmaFree:          298900 kB
MemTotal:        7918588 kB
MemFree:         2004232 kB
MemAvailable:    3335196 kB
Buffers:            4148 kB
Cached:          1374876 kB
SwapCached:        27308 kB
Active:          2113764 kB
Inactive:        1252792 kB
Active(anon):    1929944 kB
Inactive(anon):    76736 kB
Active(file):     183820 kB
Inactive(file):  1176056 kB
Unevictable:        6348 kB
Mlocked:            5908 kB
SwapTotal:       4718584 kB
SwapFree:        3953296 kB
Dirty:                96 kB
Writeback:             0 kB
AnonPages:       1989476 kB
Mapped:           613804 kB
Shmem:             14532 kB
KReclaimable:     516960 kB
Slab:             325860 kB
SReclaimable:      95760 kB
SUnreclaim:       230100 kB
KernelStack:       48000 kB
ShadowCallStack:   12044 kB
PageTables:        67780 kB
NFS_Unstable:          0 kB
Bounce:                0 kB
WritebackTmp:          0 kB
CommitLimit:     8677876 kB
Committed_AS:   68129932 kB
VmallocTotal:   263061440 kB
VmallocUsed:      130544 kB
VmallocChunk:          0 kB
Percpu:             2448 kB
CmaTotal:         405504 kB
CmaFree:          298900 kB
MemTotal:        7918588 kB
MemFree:         2410204 kB
MemAvailable:    3746320 kB
Buffers:            4148 kB
Cached:          1380340 kB
SwapCached:        27312 kB
Active:          1709168 kB
Inactive:        1252792 kB
Active(anon):    1519880 kB
Inactive(anon):    76736 kB
Active(file):     189288 kB
Inactive(file):  1176056 kB
Unevictable:        6348 kB
Mlocked:            5908 kB
SwapTotal:       4718584 kB
SwapFree:        3953296 kB
Dirty:                96 kB
Writeback:             0 kB
AnonPages:       1579592 kB
Mapped:           615384 kB
Shmem:             14532 kB
KReclaimable:     516896 kB
Slab:             325840 kB
SReclaimable:      95760 kB
SUnreclaim:       230080 kB
KernelStack:       47984 kB
ShadowCallStack:   12044 kB
PageTables:        67204 kB
NFS_Unstable:          0 kB
Bounce:                0 kB
WritebackTmp:          0 kB
CommitLimit:     8677876 kB
Committed_AS:   67777552 kB
VmallocTotal:   263061440 kB
VmallocUsed:      130540 kB
VmallocChunk:          0 kB
Percpu:             2448 kB
CmaTotal:         405504 kB
CmaFree:          298900 kB
MemTotal:        7918588 kB
MemFree:         1691500 kB
MemAvailable:    3028008 kB
Buffers:            4156 kB
Cached:          1380480 kB
SwapCached:        27312 kB
Active:          2427284 kB
Inactive:        1252808 kB
Active(anon):    2237872 kB
Inactive(anon):    76736 kB
Active(file):     189412 kB
Inactive(file):  1176072 kB
Unevictable:        6348 kB
Mlocked:            5908 kB
SwapTotal:       4718584 kB
SwapFree:        3953296 kB
Dirty:               140 kB
Writeback:             0 kB
AnonPages:       2297428 kB
Mapped:           615312 kB
Shmem:             14536 kB
KReclaimable:     516896 kB
Slab:             325896 kB
SReclaimable:      95760 kB
SUnreclaim:       230136 kB
KernelStack:       48000 kB
ShadowCallStack:   12040 kB
PageTables:        68256 kB
NFS_Unstable:          0 kB
Bounce:                0 kB
WritebackTmp:          0 kB
CommitLimit:     8677876 kB
Committed_AS:   68490404 kB
VmallocTotal:   263061440 kB
VmallocUsed:      130528 kB
VmallocChunk:          0 kB
Percpu:             2448 kB
CmaTotal:         405504 kB
CmaFree:          298900 kB
MemTotal:        7918588 kB
MemFree:         2068776 kB
MemAvailable:    3405284 kB
Buffers:            4156 kB
Cached:          1380480 kB
SwapCached:        27312 kB
Active:          2050444 kB
Inactive:        1252808 kB
Active(anon):    1861032 kB
Inactive(anon):    76736 kB
Active(file):     189412 kB
Inactive(file):  1176072 kB
Unevictable:        6348 kB
Mlocked:            5908 kB
SwapTotal:       4718584 kB
SwapFree:        3953296 kB
Dirty:               140 kB
Writeback:             0 kB
AnonPages:       1920688 kB
Mapped:           615528 kB
Shmem:             14536 kB
KReclaimable:     516896 kB
Slab:             325880 kB
SReclaimable:      95760 kB
SUnreclaim:       230120 kB
KernelStack:       48000 kB
ShadowCallStack:   12040 kB
PageTables:        67536 kB
NFS_Unstable:          0 kB
Bounce:                0 kB
WritebackTmp:          0 kB
CommitLimit:     8677876 kB
Committed_AS:   68162700 kB
VmallocTotal:   263061440 kB
VmallocUsed:      130528 kB
VmallocChunk:          0 kB
Percpu:             2448 kB
CmaTotal:         405504 kB
CmaFree:          298900 kB
MemTotal:        7918588 kB
MemFree:         2439572 kB
MemAvailable:    3776032 kB
Buffers:            4156 kB
Cached:          1380488 kB
SwapCached:        27312 kB
Active:          1679680 kB
Inactive:        1252808 kB
Active(anon):    1490268 kB
Inactive(anon):    76736 kB
Active(file):     189412 kB
Inactive(file):  1176072 kB
Unevictable:        6348 kB
Mlocked:            5908 kB
SwapTotal:       4718584 kB
SwapFree:        3953296 kB
Dirty:               140 kB
Writeback:             0 kB
AnonPages:       1549900 kB
Mapped:           615424 kB
Shmem:             14544 kB
KReclaimable:     516848 kB
Slab:             325820 kB
SReclaimable:      95760 kB
SUnreclaim:       230060 kB
KernelStack:       47952 kB
ShadowCallStack:   12008 kB
PageTables:        67336 kB
NFS_Unstable:          0 kB
Bounce:                0 kB
WritebackTmp:          0 kB
CommitLimit:     8677876 kB
Committed_AS:   67810224 kB
VmallocTotal:   263061440 kB
VmallocUsed:      130504 kB
VmallocChunk:          0 kB
Percpu:             2448 kB
CmaTotal:         405504 kB
CmaFree:          298900 kB
MemTotal:        7918588 kB
MemFree:         1741964 kB
MemAvailable:    3078392 kB
Buffers:            4156 kB
Cached:          1380488 kB
SwapCached:        27312 kB
Active:          2377004 kB
Inactive:        1252808 kB
Active(anon):    2187592 kB
Inactive(anon):    76736 kB
Active(file):     189412 kB
Inactive(file):  1176072 kB
Unevictable:        6348 kB
Mlocked:            5908 kB
SwapTotal:       4718584 kB
SwapFree:        3953296 kB
Dirty:               176 kB
Writeback:             0 kB
AnonPages:       2247304 kB
Mapped:           615544 kB
Shmem:             14544 kB
KReclaimable:     516816 kB
Slab:             325800 kB
SReclaimable:      95760 kB
SUnreclaim:       230040 kB
KernelStack:       47936 kB
ShadowCallStack:   12032 kB
PageTables:        68224 kB
NFS_Unstable:          0 kB
Bounce:                0 kB
WritebackTmp:          0 kB
CommitLimit:     8677876 kB
Committed_AS:   68523076 kB
VmallocTotal:   263061440 kB
VmallocUsed:      130504 kB
VmallocChunk:          0 kB
Percpu:             2448 kB
CmaTotal:         405504 kB
CmaFree:          298900 kB
MemTotal:        7918588 kB
MemFree:         2046496 kB
MemAvailable:    3383144 kB
Buffers:            4156 kB
Cached:          1380456 kB
SwapCached:        27312 kB
Active:          2072964 kB
Inactive:        1252800 kB
Active(anon):    1883552 kB
Inactive(anon):    76728 kB
Active(file):     189412 kB
Inactive(file):  1176072 kB
Unevictable:        6348 kB
Mlocked:            5908 kB
SwapTotal:       4718584 kB
SwapFree:        3953552 kB
Dirty:               192 kB
Writeback:             4 kB
AnonPages:       1943172 kB
Mapped:           615628 kB
Shmem:             14512 kB
KReclaimable:     517036 kB
Slab:             325736 kB
SReclaimable:      95760 kB
SUnreclaim:       229976 kB
KernelStack:       47952 kB
ShadowCallStack:   12040 kB
PageTables:        67608 kB
NFS_Unstable:          0 kB
Bounce:                0 kB
WritebackTmp:          0 kB
CommitLimit:     8677876 kB
Committed_AS:   68211724 kB
VmallocTotal:   263061440 kB
VmallocUsed:      130520 kB
VmallocChunk:          0 kB
Percpu:             2448 kB
CmaTotal:         405504 kB
CmaFree:          298900 kB
MemTotal:        7918588 kB
MemFree:         2326776 kB
MemAvailable:    3663400 kB
Buffers:            4164 kB
Cached:          1380480 kB
SwapCached:        27312 kB
Active:          1793088 kB
Inactive:        1252824 kB
Active(anon):    1603676 kB
Inactive(anon):    76728 kB
Active(file):     189412 kB
Inactive(file):  1176096 kB
Unevictable:        6348 kB
Mlocked:            5908 kB
SwapTotal:       4718584 kB
SwapFree:        3953552 kB
Dirty:               148 kB
Writeback:             0 kB
AnonPages:       1663212 kB
Mapped:           615576 kB
Shmem:             14520 kB
KReclaimable:     516988 kB
Slab:             325760 kB
SReclaimable:      95760 kB
SUnreclaim:       230000 kB
KernelStack:       47952 kB
ShadowCallStack:   12028 kB
PageTables:        67060 kB
NFS_Unstable:          0 kB
Bounce:                0 kB
WritebackTmp:          0 kB
CommitLimit:     8677876 kB
Committed_AS:   67842968 kB
VmallocTotal:   263061440 kB
VmallocUsed:      130500 kB
VmallocChunk:          0 kB
Percpu:             2448 kB
CmaTotal:         405504 kB
CmaFree:          298900 kB
MemTotal:        7918588 kB
MemFree:         1723064 kB
MemAvailable:    3059688 kB
Buffers:            4164 kB
Cached:          1380480 kB
SwapCached:        27312 kB
Active:          2395180 kB
Inactive:        1252824 kB
Active(anon):    2205768 kB
Inactive(anon):    76728 kB
Active(file):     189412 kB
Inactive(file):  1176096 kB
Unevictable:        6348 kB
Mlocked:            5908 kB
SwapTotal:       4718584 kB
SwapFree:        3953552 kB
Dirty:               148 kB
Writeback:             0 kB
AnonPages:       2230560 kB
Mapped:           615644 kB
Shmem:             14520 kB
KReclaimable:     516988 kB
Slab:             325804 kB
SReclaimable:      95760 kB
SUnreclaim:       230044 kB
KernelStack:       47952 kB
ShadowCallStack:   12044 kB
PageTables:        68832 kB
NFS_Unstable:          0 kB
Bounce:                0 kB
WritebackTmp:          0 kB
CommitLimit:     8677876 kB
Committed_AS:   68572204 kB
VmallocTotal:   263061440 kB
VmallocUsed:      130508 kB
VmallocChunk:          0 kB
Percpu:             2448 kB
CmaTotal:         405504 kB
CmaFree:          298900 kB
MemTotal:        7918588 kB
MemFree:         1809484 kB
MemAvailable:    3146108 kB
Buffers:            4164 kB
Cached:          1380480 kB
SwapCached:        27312 kB
Active:          2309996 kB
Inactive:        1252824 kB
Active(anon):    2120584 kB
Inactive(anon):    76728 kB
Active(file):     189412 kB
Inactive(file):  1176096 kB
Unevictable:        6348 kB
Mlocked:            5908 kB
SwapTotal:       4718584 kB
SwapFree:        3953552 kB
Dirty:               168 kB
Writeback:             0 kB
AnonPages:       2180244 kB
Mapped:           615724 kB
Shmem:             14520 kB
KReclaimable:     516988 kB
Slab:             325856 kB
SReclaimable:      95760 kB
SUnreclaim:       230096 kB
KernelStack:       47968 kB
ShadowCallStack:   12040 kB
PageTables:        68300 kB
NFS_Unstable:          0 kB
Bounce:                0 kB
WritebackTmp:          0 kB
CommitLimit:     8677876 kB
Committed_AS:   68244500 kB
VmallocTotal:   263061440 kB
VmallocUsed:      130508 kB
VmallocChunk:          0 kB
Percpu:             2448 kB
CmaTotal:         405504 kB
CmaFree:          298900 kB
MemTotal:        7918588 kB
MemFree:         2080904 kB
MemAvailable:    3417432 kB
Buffers:            4164 kB
Cached:          1380480 kB
SwapCached:        27312 kB
Active:          2039000 kB
Inactive:        1252824 kB
Active(anon):    1849588 kB
Inactive(anon):    76728 kB
Active(file):     189412 kB
Inactive(file):  1176096 kB
Unevictable:        6348 kB
Mlocked:            5908 kB
SwapTotal:       4718584 kB
SwapFree:        3953808 kB
Dirty:               172 kB
Writeback:             0 kB
AnonPages:       1909416 kB
Mapped:           615652 kB
Shmem:             14520 kB
KReclaimable:     516892 kB
Slab:             325868 kB
SReclaimable:      95760 kB
SUnreclaim:       230108 kB
KernelStack:       47952 kB
ShadowCallStack:   12060 kB
PageTables:        67508 kB
NFS_Unstable:          0 kB
Bounce:                0 kB
WritebackTmp:          0 kB
CommitLimit:     8677876 kB
Committed_AS:   67998716 kB
VmallocTotal:   263061440 kB
VmallocUsed:      130520 kB
VmallocChunk:          0 kB
Percpu:             2448 kB
CmaTotal:         405504 kB
CmaFree:          298900 kB
MemTotal:        7918588 kB
MemFree:         2248420 kB
MemAvailable:    3464776 kB
Buffers:            4164 kB
Cached:          1380572 kB
SwapCached:        27312 kB
Active:          1870940 kB
Inactive:        1252824 kB
Active(anon):    1681528 kB
Inactive(anon):    76728 kB
Active(file):     189412 kB
Inactive(file):  1176096 kB
Unevictable:        6348 kB
Mlocked:            5908 kB
SwapTotal:       4718584 kB
SwapFree:        3953808 kB
Dirty:               100 kB
Writeback:             0 kB
AnonPages:       1741052 kB
Mapped:           616308 kB
Shmem:             14612 kB
KReclaimable:     395268 kB
Slab:             325864 kB
SReclaimable:      95760 kB
SUnreclaim:       230104 kB
KernelStack:       48064 kB
ShadowCallStack:   12064 kB
PageTables:        67504 kB
NFS_Unstable:          0 kB
Bounce:                0 kB
WritebackTmp:          0 kB
CommitLimit:     8677876 kB
Committed_AS:   67908900 kB
VmallocTotal:   263061440 kB
VmallocUsed:      130648 kB
VmallocChunk:          0 kB
Percpu:             2448 kB
CmaTotal:         405504 kB
CmaFree:          298900 kB
MemTotal:        7918588 kB
MemFree:         2100804 kB
MemAvailable:    3437172 kB
Buffers:            4172 kB
Cached:          1380460 kB
SwapCached:        27312 kB
Active:          2016484 kB
Inactive:        1252832 kB
Active(anon):    1827072 kB
Inactive(anon):    76728 kB
Active(file):     189412 kB
Inactive(file):  1176104 kB
Unevictable:        6348 kB
Mlocked:            5908 kB
SwapTotal:       4718584 kB
SwapFree:        3953808 kB
Dirty:               124 kB
Writeback:             0 kB
AnonPages:       1848272 kB
Mapped:           615860 kB
Shmem:             14500 kB
KReclaimable:     516724 kB
Slab:             325864 kB
SReclaimable:      95760 kB
SUnreclaim:       230104 kB
KernelStack:       47952 kB
ShadowCallStack:   12044 kB
PageTables:        68316 kB
NFS_Unstable:          0 kB
Bounce:                0 kB
WritebackTmp:          0 kB
CommitLimit:     8677876 kB
Committed_AS:   68367360 kB
VmallocTotal:   263061440 kB
VmallocUsed:      130504 kB
VmallocChunk:          0 kB
Percpu:             2448 kB
CmaTotal:         405504 kB
CmaFree:          298900 kB
MemTotal:        7918588 kB
MemFree:         1726944 kB
MemAvailable:    3063340 kB
Buffers:            4180 kB
Cached:          1380484 kB
SwapCached:        27312 kB
Active:          2391804 kB
Inactive:        1252844 kB
Active(anon):    2202392 kB
Inactive(anon):    76728 kB
Active(file):     189412 kB
Inactive(file):  1176116 kB
Unevictable:        6348 kB
Mlocked:            5908 kB
SwapTotal:       4718584 kB
SwapFree:        3953808 kB
Dirty:               128 kB
Writeback:             0 kB
AnonPages:       2261932 kB
Mapped:           615876 kB
Shmem:             14520 kB
KReclaimable:     516740 kB
Slab:             325812 kB
SReclaimable:      95760 kB
SUnreclaim:       230052 kB
KernelStack:       47792 kB
ShadowCallStack:   12012 kB
PageTables:        68360 kB
NFS_Unstable:          0 kB
Bounce:                0 kB
WritebackTmp:          0 kB
CommitLimit:     8677876 kB
Committed_AS:   68301828 kB
VmallocTotal:   263061440 kB
VmallocUsed:      130308 kB
VmallocChunk:          0 kB
Percpu:             2448 kB
CmaTotal:         405504 kB
CmaFree:          298900 kB
MemTotal:        7918588 kB
MemFree:         1870300 kB
MemAvailable:    3206700 kB
Buffers:            4180 kB
Cached:          1380488 kB
SwapCached:        27312 kB
Active:          2248820 kB
Inactive:        1252848 kB
Active(anon):    2059408 kB
Inactive(anon):    76728 kB
Active(file):     189412 kB
Inactive(file):  1176120 kB
Unevictable:        6348 kB
Mlocked:            5908 kB
SwapTotal:       4718584 kB
SwapFree:        3953808 kB
Dirty:               128 kB
Writeback:             0 kB
AnonPages:       2118992 kB
Mapped:           615768 kB
Shmem:             14520 kB
KReclaimable:     516740 kB
Slab:             325880 kB
SReclaimable:      95760 kB
SUnreclaim:       230120 kB
KernelStack:       47824 kB
ShadowCallStack:   11996 kB
PageTables:        68260 kB
NFS_Unstable:          0 kB
Bounce:                0 kB
WritebackTmp:          0 kB
CommitLimit:     8677876 kB
Committed_AS:   68301824 kB
VmallocTotal:   263061440 kB
VmallocUsed:      130324 kB
VmallocChunk:          0 kB
Percpu:             2448 kB
CmaTotal:         405504 kB
CmaFree:          298900 kB
MemTotal:        7918588 kB
MemFree:         2067704 kB
MemAvailable:    3404088 kB
Buffers:            4180 kB
Cached:          1380488 kB
SwapCached:        27312 kB
Active:          2052300 kB
Inactive:        1252848 kB
Active(anon):    1862888 kB
Inactive(anon):    76728 kB
Active(file):     189412 kB
Inactive(file):  1176120 kB
Unevictable:        6348 kB
Mlocked:            5908 kB
SwapTotal:       4718584 kB
SwapFree:        3953808 kB
Dirty:               128 kB
Writeback:             0 kB
AnonPages:       1922436 kB
Mapped:           615720 kB
Shmem:             14520 kB
KReclaimable:     516724 kB
Slab:             325752 kB
SReclaimable:      95760 kB
SUnreclaim:       229992 kB
KernelStack:       47840 kB
ShadowCallStack:   12008 kB
PageTables:        67792 kB
NFS_Unstable:          0 kB
Bounce:                0 kB
WritebackTmp:          0 kB
CommitLimit:     8677876 kB
Committed_AS:   68064252 kB
VmallocTotal:   263061440 kB
VmallocUsed:      130332 kB
VmallocChunk:          0 kB
Percpu:             2448 kB
CmaTotal:         405504 kB
CmaFree:          298900 kB
MemTotal:        7918588 kB
MemFree:         2206668 kB
MemAvailable:    3542956 kB
Buffers:            4180 kB
Cached:          1380488 kB
SwapCached:        27312 kB
Active:          1913544 kB
Inactive:        1252848 kB
Active(anon):    1724132 kB
Inactive(anon):    76728 kB
Active(file):     189412 kB
Inactive(file):  1176120 kB
Unevictable:        6348 kB
Mlocked:            5908 kB
SwapTotal:       4718584 kB
SwapFree:        3953808 kB
Dirty:               152 kB
Writeback:             0 kB
AnonPages:       1783756 kB
Mapped:           616040 kB
Shmem:             14520 kB
KReclaimable:     516628 kB
Slab:             325784 kB
SReclaimable:      95760 kB
SUnreclaim:       230024 kB
KernelStack:       47824 kB
ShadowCallStack:   12016 kB
PageTables:        67348 kB
NFS_Unstable:          0 kB
Bounce:                0 kB
WritebackTmp:          0 kB
CommitLimit:     8677876 kB
Committed_AS:   67974044 kB
VmallocTotal:   263061440 kB
VmallocUsed:      130344 kB
VmallocChunk:          0 kB
Percpu:             2448 kB
CmaTotal:         405504 kB
CmaFree:          298900 kB
MemTotal:        7918588 kB
MemFree:         2345652 kB
MemAvailable:    3681892 kB
Buffers:            4188 kB
Cached:          1380496 kB
SwapCached:        27312 kB
Active:          1774400 kB
Inactive:        1252864 kB
Active(anon):    1584988 kB
Inactive(anon):    76728 kB
Active(file):     189412 kB
Inactive(file):  1176136 kB
Unevictable:        6348 kB
Mlocked:            5908 kB
SwapTotal:       4718584 kB
SwapFree:        3953808 kB
Dirty:                28 kB
Writeback:             0 kB
AnonPages:       1644548 kB
Mapped:           616236 kB
Shmem:             14520 kB
KReclaimable:     516564 kB
Slab:             325808 kB
SReclaimable:      95760 kB
SUnreclaim:       230048 kB
KernelStack:       47840 kB
ShadowCallStack:   12004 kB
PageTables:        67536 kB
NFS_Unstable:          0 kB
Bounce:                0 kB
WritebackTmp:          0 kB
CommitLimit:     8677876 kB
Committed_AS:   67974040 kB
VmallocTotal:   263061440 kB
VmallocUsed:      130348 kB
VmallocChunk:          0 kB
Percpu:             2448 kB
CmaTotal:         405504 kB
CmaFree:          298900 kB
MemTotal:        7918588 kB
MemFree:         2005444 kB
MemAvailable:    3341996 kB
Buffers:            4188 kB
Cached:          1380496 kB
SwapCached:        27312 kB
Active:          2111896 kB
Inactive:        1252864 kB
Active(anon):    1922484 kB
Inactive(anon):    76728 kB
Active(file):     189412 kB
Inactive(file):  1176136 kB
Unevictable:        6348 kB
Mlocked:            5908 kB
SwapTotal:       4718584 kB
SwapFree:        3953808 kB
Dirty:                28 kB
Writeback:             0 kB
AnonPages:       1945484 kB
Mapped:           615928 kB
Shmem:             14520 kB
KReclaimable:     516532 kB
Slab:             325800 kB
SReclaimable:      95760 kB
SUnreclaim:       230040 kB
KernelStack:       47792 kB
ShadowCallStack:   11996 kB
PageTables:        68140 kB
NFS_Unstable:          0 kB
Bounce:                0 kB
WritebackTmp:          0 kB
CommitLimit:     8677876 kB
Committed_AS:   68441108 kB
VmallocTotal:   263061440 kB
VmallocUsed:      130344 kB
VmallocChunk:          0 kB
Percpu:             2448 kB
CmaTotal:         405504 kB
CmaFree:          298900 kB
MemTotal:        7918588 kB
MemFree:         1609748 kB
MemAvailable:    2945956 kB
Buffers:            4188 kB
Cached:          1380496 kB
SwapCached:        27312 kB
Active:          2509084 kB
Inactive:        1252864 kB
Active(anon):    2319672 kB
Inactive(anon):    76728 kB
Active(file):     189412 kB
Inactive(file):  1176136 kB
Unevictable:        6348 kB
Mlocked:            5908 kB
SwapTotal:       4718584 kB
SwapFree:        3953808 kB
Dirty:                28 kB
Writeback:             0 kB
AnonPages:       2379316 kB
Mapped:           616104 kB
Shmem:             14520 kB
KReclaimable:     516532 kB
Slab:             325924 kB
SReclaimable:      95760 kB
SUnreclaim:       230164 kB
KernelStack:       47808 kB
ShadowCallStack:   12032 kB
PageTables:        68624 kB
NFS_Unstable:          0 kB
Bounce:                0 kB
WritebackTmp:          0 kB
CommitLimit:     8677876 kB
Committed_AS:   68703276 kB
VmallocTotal:   263061440 kB
VmallocUsed:      130332 kB
VmallocChunk:          0 kB
Percpu:             2448 kB
CmaTotal:         405504 kB
CmaFree:          298900 kB
MemTotal:        7918588 kB
MemFree:         1700136 kB
MemAvailable:    3036344 kB
Buffers:            4188 kB
Cached:          1380496 kB
SwapCached:        27312 kB
Active:          2418472 kB
Inactive:        1252864 kB
Active(anon):    2229060 kB
Inactive(anon):    76728 kB
Active(file):     189412 kB
Inactive(file):  1176136 kB
Unevictable:        6348 kB
Mlocked:            5908 kB
SwapTotal:       4718584 kB
SwapFree:        3953808 kB
Dirty:                28 kB
Writeback:             0 kB
AnonPages:       2288608 kB
Mapped:           615928 kB
Shmem:             14520 kB
KReclaimable:     516532 kB
Slab:             325924 kB
SReclaimable:      95760 kB
SUnreclaim:       230164 kB
KernelStack:       47824 kB
ShadowCallStack:   11988 kB
PageTables:        68560 kB
NFS_Unstable:          0 kB
Bounce:                0 kB
WritebackTmp:          0 kB
CommitLimit:     8677876 kB
Committed_AS:   68391956 kB
VmallocTotal:   263061440 kB
VmallocUsed:      130324 kB
VmallocChunk:          0 kB
Percpu:             2448 kB
CmaTotal:         405504 kB
CmaFree:          298900 kB
MemTotal:        7918588 kB
MemFree:         1780628 kB
MemAvailable:    3116776 kB
Buffers:            4188 kB
Cached:          1380504 kB
SwapCached:        27312 kB
Active:          2339016 kB
Inactive:        1252868 kB
Active(anon):    2149604 kB
Inactive(anon):    76728 kB
Active(file):     189412 kB
Inactive(file):  1176140 kB
Unevictable:        6348 kB
Mlocked:            5908 kB
SwapTotal:       4718584 kB
SwapFree:        3953808 kB
Dirty:                44 kB
Writeback:             0 kB
AnonPages:       2209388 kB
Mapped:           616020 kB
Shmem:             14524 kB
KReclaimable:     516468 kB
Slab:             325840 kB
SReclaimable:      95760 kB
SUnreclaim:       230080 kB
KernelStack:       47840 kB
ShadowCallStack:   11992 kB
PageTables:        68112 kB
NFS_Unstable:          0 kB
Bounce:                0 kB
WritebackTmp:          0 kB
CommitLimit:     8677876 kB
Committed_AS:   68416516 kB
VmallocTotal:   263061440 kB
VmallocUsed:      130328 kB
VmallocChunk:          0 kB
Percpu:             2448 kB
CmaTotal:         405504 kB
CmaFree:          298900 kB
MemTotal:        7918588 kB
MemFree:         1791052 kB
MemAvailable:    3127080 kB
Buffers:            4196 kB
Cached:          1380504 kB
SwapCached:        27312 kB
Active:          2328604 kB
Inactive:        1252876 kB
Active(anon):    2139192 kB
Inactive(anon):    76728 kB
Active(file):     189412 kB
Inactive(file):  1176148 kB
Unevictable:        6348 kB
Mlocked:            5908 kB
SwapTotal:       4718584 kB
SwapFree:        3953808 kB
Dirty:                48 kB
Writeback:             0 kB
AnonPages:       2198864 kB
Mapped:           616368 kB
Shmem:             14524 kB
KReclaimable:     516340 kB
Slab:             325800 kB
SReclaimable:      95760 kB
SUnreclaim:       230040 kB
KernelStack:       47840 kB
ShadowCallStack:   11992 kB
PageTables:        68288 kB
NFS_Unstable:          0 kB
Bounce:                0 kB
WritebackTmp:          0 kB
CommitLimit:     8677876 kB
Committed_AS:   68432904 kB
VmallocTotal:   263061440 kB
VmallocUsed:      130328 kB
VmallocChunk:          0 kB
Percpu:             2448 kB
CmaTotal:         405504 kB
CmaFree:          298900 kB
MemTotal:        7918588 kB
MemFree:         1797724 kB
MemAvailable:    3133648 kB
Buffers:            4196 kB
Cached:          1380512 kB
SwapCached:        27312 kB
Active:          2321888 kB
Inactive:        1252884 kB
Active(anon):    2132476 kB
Inactive(anon):    76728 kB
Active(file):     189412 kB
Inactive(file):  1176156 kB
Unevictable:        6348 kB
Mlocked:            5908 kB
SwapTotal:       4718584 kB
SwapFree:        3953808 kB
Dirty:                72 kB
Writeback:             0 kB
AnonPages:       2192116 kB
Mapped:           616312 kB
Shmem:             14524 kB
KReclaimable:     516228 kB
Slab:             325920 kB
SReclaimable:      95760 kB
SUnreclaim:       230160 kB
KernelStack:       47824 kB
ShadowCallStack:   12004 kB
PageTables:        68448 kB
NFS_Unstable:          0 kB
Bounce:                0 kB
WritebackTmp:          0 kB
CommitLimit:     8677876 kB
Committed_AS:   68465668 kB
VmallocTotal:   263061440 kB
VmallocUsed:      130328 kB
VmallocChunk:          0 kB
Percpu:             2448 kB
CmaTotal:         405504 kB
CmaFree:          298900 kB
MemTotal:        7918588 kB
MemFree:         1754444 kB
MemAvailable:    3090336 kB
Buffers:            4196 kB
Cached:          1380512 kB
SwapCached:        27312 kB
Active:          2364620 kB
Inactive:        1252884 kB
Active(anon):    2175208 kB
Inactive(anon):    76728 kB
Active(file):     189412 kB
Inactive(file):  1176156 kB
Unevictable:        6348 kB
Mlocked:            5908 kB
SwapTotal:       4718584 kB
SwapFree:        3953808 kB
Dirty:                72 kB
Writeback:             0 kB
AnonPages:       2234780 kB
Mapped:           616224 kB
Shmem:             14524 kB
KReclaimable:     516196 kB
Slab:             325792 kB
SReclaimable:      95760 kB
SUnreclaim:       230032 kB
KernelStack:       47840 kB
ShadowCallStack:   12008 kB
PageTables:        68268 kB
NFS_Unstable:          0 kB
Bounce:                0 kB
WritebackTmp:          0 kB
CommitLimit:     8677876 kB
Committed_AS:   68473880 kB
VmallocTotal:   263061440 kB
VmallocUsed:      130360 kB
VmallocChunk:          0 kB
Percpu:             2448 kB
CmaTotal:         405504 kB
CmaFree:          298900 kB
MemTotal:        7918588 kB
MemFree:         1753940 kB
MemAvailable:    3089832 kB
Buffers:            4196 kB
Cached:          1380512 kB
SwapCached:        27312 kB
Active:          2366064 kB
Inactive:        1252884 kB
Active(anon):    2176652 kB
Inactive(anon):    76728 kB
Active(file):     189412 kB
Inactive(file):  1176156 kB
Unevictable:        6348 kB
Mlocked:            5908 kB
SwapTotal:       4718584 kB
SwapFree:        3953808 kB
Dirty:                72 kB
Writeback:             0 kB
AnonPages:       2236288 kB
Mapped:           616232 kB
Shmem:             14524 kB
KReclaimable:     516196 kB
Slab:             325748 kB
SReclaimable:      95760 kB
SUnreclaim:       229988 kB
KernelStack:       47840 kB
ShadowCallStack:   12000 kB
PageTables:        68364 kB
NFS_Unstable:          0 kB
Bounce:                0 kB
WritebackTmp:          0 kB
CommitLimit:     8677876 kB
Committed_AS:   68490264 kB
VmallocTotal:   263061440 kB
VmallocUsed:      130312 kB
VmallocChunk:          0 kB
Percpu:             2448 kB
CmaTotal:         405504 kB
CmaFree:          298900 kB
MemTotal:        7918588 kB
MemFree:         1723220 kB
MemAvailable:    3059064 kB
Buffers:            4196 kB
Cached:          1380540 kB
SwapCached:        27316 kB
Active:          2395676 kB
Inactive:        1252884 kB
Active(anon):    2206264 kB
Inactive(anon):    76728 kB
Active(file):     189412 kB
Inactive(file):  1176156 kB
Unevictable:        6348 kB
Mlocked:            5908 kB
SwapTotal:       4718584 kB
SwapFree:        3953808 kB
Dirty:                72 kB
Writeback:             0 kB
AnonPages:       2265960 kB
Mapped:           616400 kB
Shmem:             14556 kB
KReclaimable:     516148 kB
Slab:             325740 kB
SReclaimable:      95760 kB
SUnreclaim:       229980 kB
KernelStack:       47824 kB
ShadowCallStack:   12020 kB
PageTables:        68156 kB
NFS_Unstable:          0 kB
Bounce:                0 kB
WritebackTmp:          0 kB
CommitLimit:     8677876 kB
Committed_AS:   68506816 kB
VmallocTotal:   263061440 kB
VmallocUsed:      130352 kB
VmallocChunk:          0 kB
Percpu:             2448 kB
CmaTotal:         405504 kB
CmaFree:          298900 kB
MemTotal:        7918588 kB
MemFree:         1634648 kB
MemAvailable:    2970412 kB
Buffers:            4204 kB
Cached:          1380584 kB
SwapCached:        27316 kB
Active:          2485472 kB
Inactive:        1252900 kB
Active(anon):    2296060 kB
Inactive(anon):    76728 kB
Active(file):     189412 kB
Inactive(file):  1176172 kB
Unevictable:        6348 kB
Mlocked:            5908 kB
SwapTotal:       4718584 kB
SwapFree:        3953808 kB
Dirty:                72 kB
Writeback:             0 kB
AnonPages:       2355632 kB
