MemTotal:        7918584 kB
MemFree:         3409540 kB
MemAvailable:    4960760 kB
Buffers:            4124 kB
Cached:          1401540 kB
SwapCached:        31768 kB
Active:          1285820 kB
Inactive:         772988 kB
Active(anon):     483632 kB
Inactive(anon):   186764 kB
Active(file):     802188 kB
Inactive(file):   586224 kB
Unevictable:        6540 kB
Mlocked:            6100 kB
SwapTotal:       4718584 kB
SwapFree:        3966768 kB
Dirty:             19224 kB
Writeback:             8 kB
AnonPages:        641864 kB
Mapped:           473332 kB
Shmem:             12456 kB
KReclaimable:     553032 kB
Slab:             316336 kB
SReclaimable:      92280 kB
SUnreclaim:       224056 kB
KernelStack:       46624 kB
ShadowCallStack:   11692 kB
PageTables:        60848 kB
NFS_Unstable:          0 kB
Bounce:                0 kB
WritebackTmp:          0 kB
CommitLimit:     8677876 kB
Committed_AS:   62004344 kB
VmallocTotal:   263061440 kB
VmallocUsed:      129064 kB
VmallocChunk:          0 kB
Percpu:             2520 kB
CmaTotal:         405504 kB
CmaFree:          276276 kB
MemTotal:        7918584 kB
MemFree:         3432200 kB
MemAvailable:    5253692 kB
Buffers:            4312 kB
Cached:          1410784 kB
SwapCached:        31856 kB
Active:          1263272 kB
Inactive:         773104 kB
Active(anon):     452692 kB
Inactive(anon):   186400 kB
Active(file):     810580 kB
Inactive(file):   586704 kB
Unevictable:        6540 kB
Mlocked:            6100 kB
SwapTotal:       4718584 kB
SwapFree:        3968412 kB
Dirty:             19244 kB
Writeback:             0 kB
AnonPages:        610252 kB
Mapped:           500936 kB
Shmem:             13004 kB
KReclaimable:     814432 kB
Slab:             316044 kB
SReclaimable:      92316 kB
SUnreclaim:       223728 kB
KernelStack:       46928 kB
ShadowCallStack:   11760 kB
PageTables:        61596 kB
NFS_Unstable:          0 kB
Bounce:                0 kB
WritebackTmp:          0 kB
CommitLimit:     8677876 kB
Committed_AS:   62060212 kB
VmallocTotal:   263061440 kB
VmallocUsed:      129376 kB
VmallocChunk:          0 kB
Percpu:             2520 kB
CmaTotal:         405504 kB
CmaFree:          276304 kB
MemTotal:        7918584 kB
MemFree:         3407544 kB
MemAvailable:    5096404 kB
Buffers:            4332 kB
Cached:          1413072 kB
SwapCached:        31868 kB
Active:          1285556 kB
Inactive:         773132 kB
Active(anon):     472696 kB
Inactive(anon):   186400 kB
Active(file):     812860 kB
Inactive(file):   586732 kB
Unevictable:        6540 kB
Mlocked:            6100 kB
SwapTotal:       4718584 kB
SwapFree:        3968564 kB
Dirty:             19244 kB
Writeback:             8 kB
AnonPages:        630276 kB
Mapped:           511540 kB
Shmem:             13008 kB
KReclaimable:     679492 kB
Slab:             316408 kB
SReclaimable:      92352 kB
SUnreclaim:       224056 kB
KernelStack:       46736 kB
ShadowCallStack:   11708 kB
PageTables:        61544 kB
NFS_Unstable:          0 kB
Bounce:                0 kB
WritebackTmp:          0 kB
CommitLimit:     8677876 kB
Committed_AS:   62064736 kB
VmallocTotal:   263061440 kB
VmallocUsed:      129208 kB
VmallocChunk:          0 kB
Percpu:             2520 kB
CmaTotal:         405504 kB
CmaFree:          276304 kB
MemTotal:        7918584 kB
MemFree:         3374296 kB
MemAvailable:    4943020 kB
Buffers:            4340 kB
Cached:          1413548 kB
SwapCached:        31868 kB
Active:          1318912 kB
Inactive:         773064 kB
Active(anon):     505692 kB
Inactive(anon):   186244 kB
Active(file):     813220 kB
Inactive(file):   586820 kB
Unevictable:        6540 kB
Mlocked:            6100 kB
SwapTotal:       4718584 kB
SwapFree:        3968584 kB
Dirty:             19264 kB
Writeback:             0 kB
AnonPages:        663068 kB
Mapped:           512880 kB
Shmem:             13040 kB
KReclaimable:     558908 kB
Slab:             316712 kB
SReclaimable:      92384 kB
SUnreclaim:       224328 kB
KernelStack:       46848 kB
ShadowCallStack:   11736 kB
PageTables:        61696 kB
NFS_Unstable:          0 kB
Bounce:                0 kB
WritebackTmp:          0 kB
CommitLimit:     8677876 kB
Committed_AS:   62065028 kB
VmallocTotal:   263061440 kB
VmallocUsed:      129320 kB
VmallocChunk:          0 kB
Percpu:             2520 kB
CmaTotal:         405504 kB
CmaFree:          276304 kB
MemTotal:        7918584 kB
MemFree:         3365992 kB
MemAvailable:    4932964 kB
Buffers:            4340 kB
Cached:          1413736 kB
SwapCached:        31872 kB
Active:          1329052 kB
Inactive:         772996 kB
Active(anon):     515832 kB
Inactive(anon):   186168 kB
Active(file):     813220 kB
Inactive(file):   586828 kB
Unevictable:        6540 kB
Mlocked:            6100 kB
SwapTotal:       4718584 kB
SwapFree:        3970644 kB
Dirty:             19272 kB
Writeback:             0 kB
AnonPages:        672940 kB
Mapped:           513580 kB
Shmem:             13220 kB
KReclaimable:     557148 kB
Slab:             316816 kB
SReclaimable:      92400 kB
SUnreclaim:       224416 kB
KernelStack:       46832 kB
ShadowCallStack:   11732 kB
PageTables:        61684 kB
NFS_Unstable:          0 kB
Bounce:                0 kB
WritebackTmp:          0 kB
CommitLimit:     8677876 kB
Committed_AS:   62064984 kB
VmallocTotal:   263061440 kB
VmallocUsed:      129320 kB
VmallocChunk:          0 kB
Percpu:             2520 kB
CmaTotal:         405504 kB
CmaFree:          277376 kB
MemTotal:        7918584 kB
MemFree:         3406328 kB
MemAvailable:    5115072 kB
Buffers:            4340 kB
Cached:          1413604 kB
SwapCached:        31872 kB
Active:          1289920 kB
Inactive:         772068 kB
Active(anon):     476692 kB
Inactive(anon):   185240 kB
Active(file):     813228 kB
Inactive(file):   586828 kB
Unevictable:        6540 kB
Mlocked:            6100 kB
SwapTotal:       4718584 kB
SwapFree:        3970684 kB
Dirty:             19272 kB
Writeback:             0 kB
AnonPages:        632896 kB
Mapped:           512988 kB
Shmem:             13080 kB
KReclaimable:     698912 kB
Slab:             316672 kB
SReclaimable:      92384 kB
SUnreclaim:       224288 kB
KernelStack:       46512 kB
ShadowCallStack:   11652 kB
PageTables:        61576 kB
NFS_Unstable:          0 kB
Bounce:                0 kB
WritebackTmp:          0 kB
CommitLimit:     8677876 kB
Committed_AS:   62064004 kB
VmallocTotal:   263061440 kB
VmallocUsed:      128680 kB
VmallocChunk:          0 kB
Percpu:             2520 kB
CmaTotal:         405504 kB
CmaFree:          277376 kB
MemTotal:        7918584 kB
MemFree:         3385508 kB
MemAvailable:    5094584 kB
Buffers:            4348 kB
Cached:          1413928 kB
SwapCached:        31872 kB
Active:          1313032 kB
Inactive:         771932 kB
Active(anon):     499488 kB
Inactive(anon):   185088 kB
Active(file):     813544 kB
Inactive(file):   586844 kB
Unevictable:        6540 kB
Mlocked:            6100 kB
SwapTotal:       4718584 kB
SwapFree:        3970712 kB
Dirty:             19356 kB
Writeback:             0 kB
AnonPages:        655228 kB
Mapped:           514772 kB
Shmem:             13080 kB
KReclaimable:     698912 kB
Slab:             316636 kB
SReclaimable:      92384 kB
SUnreclaim:       224252 kB
KernelStack:       46464 kB
ShadowCallStack:   11652 kB
PageTables:        61676 kB
NFS_Unstable:          0 kB
Bounce:                0 kB
WritebackTmp:          0 kB
CommitLimit:     8677876 kB
Committed_AS:   62084492 kB
VmallocTotal:   263061440 kB
VmallocUsed:      128608 kB
VmallocChunk:          0 kB
Percpu:             2520 kB
CmaTotal:         405504 kB
CmaFree:          277376 kB
MemTotal:        7918584 kB
MemFree:         3173428 kB
MemAvailable:    4834008 kB
Buffers:            4352 kB
Cached:          1414832 kB
SwapCached:        31872 kB
Active:          1507112 kB
Inactive:         771936 kB
Active(anon):     692676 kB
Inactive(anon):   185080 kB
Active(file):     814436 kB
Inactive(file):   586856 kB
Unevictable:        6540 kB
Mlocked:            6100 kB
SwapTotal:       4718584 kB
SwapFree:        3970724 kB
Dirty:             19360 kB
Writeback:             0 kB
AnonPages:        848668 kB
Mapped:           594132 kB
Shmem:             13084 kB
KReclaimable:     649512 kB
Slab:             316892 kB
SReclaimable:      92400 kB
SUnreclaim:       224492 kB
KernelStack:       46496 kB
ShadowCallStack:   11640 kB
PageTables:        62236 kB
NFS_Unstable:          0 kB
Bounce:                0 kB
WritebackTmp:          0 kB
CommitLimit:     8677876 kB
Committed_AS:   62406828 kB
VmallocTotal:   263061440 kB
VmallocUsed:      128612 kB
VmallocChunk:          0 kB
Percpu:             2520 kB
CmaTotal:         405504 kB
CmaFree:          277376 kB
MemTotal:        7918584 kB
MemFree:         3156476 kB
MemAvailable:    4815956 kB
Buffers:            4384 kB
Cached:          1414944 kB
SwapCached:        31872 kB
Active:          1523148 kB
Inactive:         771984 kB
Active(anon):     708612 kB
Inactive(anon):   185084 kB
Active(file):     814536 kB
Inactive(file):   586900 kB
Unevictable:        6540 kB
Mlocked:            6100 kB
SwapTotal:       4718584 kB
SwapFree:        3970760 kB
Dirty:             18220 kB
Writeback:            20 kB
AnonPages:        864564 kB
Mapped:           600168 kB
Shmem:             13084 kB
KReclaimable:     648268 kB
Slab:             316928 kB
SReclaimable:      92420 kB
SUnreclaim:       224508 kB
KernelStack:       46496 kB
ShadowCallStack:   11676 kB
PageTables:        62308 kB
NFS_Unstable:          0 kB
Bounce:                0 kB
WritebackTmp:          0 kB
CommitLimit:     8677876 kB
Committed_AS:   62446336 kB
VmallocTotal:   263061440 kB
VmallocUsed:      128632 kB
VmallocChunk:          0 kB
Percpu:             2520 kB
CmaTotal:         405504 kB
CmaFree:          277376 kB
MemTotal:        7918584 kB
MemFree:         3021532 kB
MemAvailable:    4696836 kB
Buffers:            4408 kB
Cached:          1433520 kB
SwapCached:        31888 kB
Active:          1612316 kB
Inactive:         772104 kB
Active(anon):     779320 kB
Inactive(anon):   185068 kB
Active(file):     832996 kB
Inactive(file):   587036 kB
Unevictable:        6540 kB
Mlocked:            6100 kB
SwapTotal:       4718584 kB
SwapFree:        3970804 kB
Dirty:             18228 kB
Writeback:             0 kB
AnonPages:        935160 kB
Mapped:           635224 kB
Shmem:             13088 kB
KReclaimable:     645496 kB
Slab:             317116 kB
SReclaimable:      92424 kB
SUnreclaim:       224692 kB
KernelStack:       46560 kB
ShadowCallStack:   11660 kB
PageTables:        62764 kB
NFS_Unstable:          0 kB
Bounce:                0 kB
WritebackTmp:          0 kB
CommitLimit:     8677876 kB
Committed_AS:   62603156 kB
VmallocTotal:   263061440 kB
VmallocUsed:      128644 kB
VmallocChunk:          0 kB
Percpu:             2520 kB
CmaTotal:         405504 kB
CmaFree:          277376 kB
MemTotal:        7918584 kB
MemFree:         2909104 kB
MemAvailable:    4582160 kB
Buffers:            4408 kB
Cached:          1433520 kB
SwapCached:        31888 kB
Active:          1724052 kB
Inactive:         772092 kB
Active(anon):     891056 kB
Inactive(anon):   185056 kB
Active(file):     832996 kB
Inactive(file):   587036 kB
Unevictable:        6540 kB
Mlocked:            6100 kB
SwapTotal:       4718584 kB
SwapFree:        3970808 kB
Dirty:             18228 kB
Writeback:             0 kB
AnonPages:       1046984 kB
Mapped:           636900 kB
Shmem:             13088 kB
KReclaimable:     643248 kB
Slab:             317316 kB
SReclaimable:      92424 kB
SUnreclaim:       224892 kB
KernelStack:       46512 kB
ShadowCallStack:   11668 kB
PageTables:        63348 kB
NFS_Unstable:          0 kB
Bounce:                0 kB
WritebackTmp:          0 kB
CommitLimit:     8677876 kB
Committed_AS:   62881680 kB
VmallocTotal:   263061440 kB
VmallocUsed:      128664 kB
VmallocChunk:          0 kB
Percpu:             2520 kB
CmaTotal:         405504 kB
CmaFree:          277376 kB
MemTotal:        7918584 kB
MemFree:         2827836 kB
MemAvailable:    4499868 kB
Buffers:            4408 kB
Cached:          1433528 kB
SwapCached:        31888 kB
Active:          1804836 kB
Inactive:         772100 kB
Active(anon):     971840 kB
Inactive(anon):   185056 kB
Active(file):     832996 kB
Inactive(file):   587044 kB
Unevictable:        6540 kB
Mlocked:            6100 kB
SwapTotal:       4718584 kB
SwapFree:        3971248 kB
Dirty:             18236 kB
Writeback:             0 kB
AnonPages:       1127812 kB
Mapped:           637816 kB
Shmem:             13088 kB
KReclaimable:     642216 kB
Slab:             317376 kB
SReclaimable:      92424 kB
SUnreclaim:       224952 kB
KernelStack:       46560 kB
ShadowCallStack:   11668 kB
PageTables:        63676 kB
NFS_Unstable:          0 kB
Bounce:                0 kB
WritebackTmp:          0 kB
CommitLimit:     8677876 kB
Committed_AS:   63094672 kB
VmallocTotal:   263061440 kB
VmallocUsed:      128684 kB
VmallocChunk:          0 kB
Percpu:             2520 kB
CmaTotal:         405504 kB
CmaFree:          277376 kB
MemTotal:        7918584 kB
MemFree:         2733980 kB
MemAvailable:    4404128 kB
Buffers:            4408 kB
Cached:          1433532 kB
SwapCached:        31888 kB
Active:          1889796 kB
Inactive:         772100 kB
Active(anon):    1056800 kB
Inactive(anon):   185056 kB
Active(file):     832996 kB
Inactive(file):   587044 kB
Unevictable:        6540 kB
Mlocked:            6100 kB
SwapTotal:       4718584 kB
SwapFree:        3971280 kB
Dirty:             18236 kB
Writeback:             0 kB
AnonPages:       1212744 kB
Mapped:           638520 kB
Shmem:             13092 kB
KReclaimable:     640332 kB
Slab:             317224 kB
SReclaimable:      92440 kB
SUnreclaim:       224784 kB
KernelStack:       46480 kB
ShadowCallStack:   11648 kB
PageTables:        64172 kB
NFS_Unstable:          0 kB
Bounce:                0 kB
WritebackTmp:          0 kB
CommitLimit:     8677876 kB
Committed_AS:   63373152 kB
VmallocTotal:   263061440 kB
VmallocUsed:      128668 kB
VmallocChunk:          0 kB
Percpu:             2520 kB
CmaTotal:         405504 kB
CmaFree:          277424 kB
MemTotal:        7918584 kB
MemFree:         2651368 kB
MemAvailable:    4320496 kB
Buffers:            4408 kB
Cached:          1433552 kB
SwapCached:        31888 kB
Active:          1972464 kB
Inactive:         772120 kB
Active(anon):    1139468 kB
Inactive(anon):   185056 kB
Active(file):     832996 kB
Inactive(file):   587064 kB
Unevictable:        6540 kB
Mlocked:            6100 kB
SwapTotal:       4718584 kB
SwapFree:        3971284 kB
Dirty:             17488 kB
Writeback:             0 kB
AnonPages:       1295372 kB
Mapped:           639240 kB
Shmem:             13092 kB
KReclaimable:     639292 kB
Slab:             317340 kB
SReclaimable:      92440 kB
SUnreclaim:       224900 kB
KernelStack:       46528 kB
ShadowCallStack:   11652 kB
PageTables:        64576 kB
NFS_Unstable:          0 kB
Bounce:                0 kB
WritebackTmp:          0 kB
CommitLimit:     8677876 kB
Committed_AS:   63569716 kB
VmallocTotal:   263061440 kB
VmallocUsed:      128660 kB
VmallocChunk:          0 kB
Percpu:             2520 kB
CmaTotal:         405504 kB
CmaFree:          277376 kB
MemTotal:        7918584 kB
MemFree:         2545852 kB
MemAvailable:    4213128 kB
Buffers:            4416 kB
Cached:          1433556 kB
SwapCached:        31888 kB
Active:          2077240 kB
Inactive:         771968 kB
Active(anon):    1244244 kB
Inactive(anon):   184900 kB
Active(file):     832996 kB
Inactive(file):   587068 kB
Unevictable:        6540 kB
Mlocked:            6100 kB
SwapTotal:       4718584 kB
SwapFree:        3971304 kB
Dirty:             17564 kB
Writeback:             0 kB
AnonPages:       1399996 kB
Mapped:           640260 kB
Shmem:             13100 kB
KReclaimable:     637436 kB
Slab:             317304 kB
SReclaimable:      92440 kB
SUnreclaim:       224864 kB
KernelStack:       46480 kB
ShadowCallStack:   11656 kB
PageTables:        65084 kB
NFS_Unstable:          0 kB
Bounce:                0 kB
WritebackTmp:          0 kB
CommitLimit:     8677876 kB
Committed_AS:   63815484 kB
VmallocTotal:   263061440 kB
VmallocUsed:      128644 kB
VmallocChunk:          0 kB
Percpu:             2520 kB
CmaTotal:         405504 kB
CmaFree:          277376 kB
MemTotal:        7918584 kB
MemFree:         2448948 kB
MemAvailable:    4115112 kB
Buffers:            4416 kB
Cached:          1433572 kB
SwapCached:        31892 kB
Active:          2174272 kB
Inactive:         771956 kB
Active(anon):    1341276 kB
Inactive(anon):   184872 kB
Active(file):     832996 kB
Inactive(file):   587084 kB
Unevictable:        6540 kB
Mlocked:            6100 kB
SwapTotal:       4718584 kB
SwapFree:        3971348 kB
Dirty:             17572 kB
Writeback:             0 kB
AnonPages:       1497004 kB
Mapped:           641116 kB
Shmem:             13100 kB
KReclaimable:     636308 kB
Slab:             317396 kB
SReclaimable:      92440 kB
SUnreclaim:       224956 kB
KernelStack:       46528 kB
ShadowCallStack:   11652 kB
PageTables:        65624 kB
NFS_Unstable:          0 kB
Bounce:                0 kB
WritebackTmp:          0 kB
CommitLimit:     8677876 kB
Committed_AS:   64094012 kB
VmallocTotal:   263061440 kB
VmallocUsed:      128636 kB
VmallocChunk:          0 kB
Percpu:             2520 kB
CmaTotal:         405504 kB
CmaFree:          277376 kB
MemTotal:        7918584 kB
MemFree:         2359568 kB
MemAvailable:    4024888 kB
Buffers:            4416 kB
Cached:          1433616 kB
SwapCached:        31896 kB
Active:          2262712 kB
Inactive:         771996 kB
Active(anon):    1429716 kB
Inactive(anon):   184876 kB
Active(file):     832996 kB
Inactive(file):   587120 kB
Unevictable:        6540 kB
Mlocked:            6100 kB
SwapTotal:       4718584 kB
SwapFree:        3971360 kB
Dirty:             17564 kB
Writeback:             0 kB
AnonPages:       1585380 kB
Mapped:           641984 kB
Shmem:             13108 kB
KReclaimable:     635428 kB
Slab:             317436 kB
SReclaimable:      92440 kB
SUnreclaim:       224996 kB
KernelStack:       46496 kB
ShadowCallStack:   11652 kB
PageTables:        66124 kB
NFS_Unstable:          0 kB
Bounce:                0 kB
WritebackTmp:          0 kB
CommitLimit:     8677876 kB
Committed_AS:   64308168 kB
VmallocTotal:   263061440 kB
VmallocUsed:      128636 kB
VmallocChunk:          0 kB
Percpu:             2520 kB
CmaTotal:         405504 kB
CmaFree:          277376 kB
MemTotal:        7918584 kB
MemFree:         2254092 kB
MemAvailable:    3917500 kB
Buffers:            4416 kB
Cached:          1433632 kB
SwapCached:        31896 kB
Active:          2367560 kB
Inactive:         772000 kB
Active(anon):    1534564 kB
Inactive(anon):   184872 kB
Active(file):     832996 kB
Inactive(file):   587128 kB
Unevictable:        6540 kB
Mlocked:            6100 kB
SwapTotal:       4718584 kB
SwapFree:        3971440 kB
Dirty:             17588 kB
Writeback:             0 kB
AnonPages:       1690380 kB
Mapped:           643264 kB
Shmem:             13116 kB
KReclaimable:     633508 kB
Slab:             317612 kB
SReclaimable:      92456 kB
SUnreclaim:       225156 kB
KernelStack:       46496 kB
ShadowCallStack:   11644 kB
PageTables:        66636 kB
NFS_Unstable:          0 kB
Bounce:                0 kB
WritebackTmp:          0 kB
CommitLimit:     8677876 kB
Committed_AS:   64553932 kB
VmallocTotal:   263061440 kB
VmallocUsed:      128640 kB
VmallocChunk:          0 kB
Percpu:             2520 kB
CmaTotal:         405504 kB
CmaFree:          277376 kB
MemTotal:        7918584 kB
MemFree:         2163544 kB
MemAvailable:    3825592 kB
Buffers:            4416 kB
Cached:          1433632 kB
SwapCached:        31896 kB
Active:          2457652 kB
Inactive:         772004 kB
Active(anon):    1624656 kB
Inactive(anon):   184876 kB
Active(file):     832996 kB
Inactive(file):   587128 kB
Unevictable:        6540 kB
Mlocked:            6100 kB
SwapTotal:       4718584 kB
SwapFree:        3971440 kB
Dirty:             17588 kB
Writeback:             0 kB
AnonPages:       1780372 kB
Mapped:           644016 kB
Shmem:             13116 kB
KReclaimable:     632148 kB
Slab:             317732 kB
SReclaimable:      92456 kB
SUnreclaim:       225276 kB
KernelStack:       46496 kB
ShadowCallStack:   11656 kB
PageTables:        67024 kB
NFS_Unstable:          0 kB
Bounce:                0 kB
WritebackTmp:          0 kB
CommitLimit:     8677876 kB
Committed_AS:   64766924 kB
VmallocTotal:   263061440 kB
VmallocUsed:      128644 kB
VmallocChunk:          0 kB
Percpu:             2520 kB
CmaTotal:         405504 kB
CmaFree:          277376 kB
MemTotal:        7918584 kB
MemFree:         2074872 kB
MemAvailable:    3735880 kB
Buffers:            4440 kB
Cached:          1433636 kB
SwapCached:        31896 kB
Active:          2545892 kB
Inactive:         772024 kB
Active(anon):    1712896 kB
Inactive(anon):   184872 kB
Active(file):     832996 kB
Inactive(file):   587152 kB
Unevictable:        6540 kB
Mlocked:            6100 kB
SwapTotal:       4718584 kB
SwapFree:        3971456 kB
Dirty:             17624 kB
Writeback:             0 kB
AnonPages:       1868740 kB
Mapped:           644700 kB
Shmem:             13120 kB
KReclaimable:     631084 kB
Slab:             317740 kB
SReclaimable:      92456 kB
SUnreclaim:       225284 kB
KernelStack:       46496 kB
ShadowCallStack:   11648 kB
PageTables:        67580 kB
NFS_Unstable:          0 kB
Bounce:                0 kB
WritebackTmp:          0 kB
CommitLimit:     8677876 kB
Committed_AS:   64979920 kB
VmallocTotal:   263061440 kB
VmallocUsed:      128644 kB
VmallocChunk:          0 kB
Percpu:             2520 kB
CmaTotal:         405504 kB
CmaFree:          277376 kB
MemTotal:        7918584 kB
MemFree:         1973348 kB
MemAvailable:    3634156 kB
Buffers:            4440 kB
Cached:          1434600 kB
SwapCached:        31964 kB
Active:          2647472 kB
Inactive:         772012 kB
Active(anon):    1813444 kB
Inactive(anon):   184860 kB
Active(file):     834028 kB
Inactive(file):   587152 kB
Unevictable:        6540 kB
Mlocked:            6100 kB
SwapTotal:       4718584 kB
SwapFree:        3975948 kB
Dirty:             17624 kB
Writeback:             0 kB
AnonPages:       1968816 kB
Mapped:           646552 kB
Shmem:             13120 kB
KReclaimable:     629852 kB
Slab:             317844 kB
SReclaimable:      92456 kB
SUnreclaim:       225388 kB
KernelStack:       46480 kB
ShadowCallStack:   11644 kB
PageTables:        67820 kB
NFS_Unstable:          0 kB
Bounce:                0 kB
WritebackTmp:          0 kB
CommitLimit:     8677876 kB
Committed_AS:   65209296 kB
VmallocTotal:   263061440 kB
VmallocUsed:      128644 kB
VmallocChunk:          0 kB
Percpu:             2520 kB
CmaTotal:         405504 kB
CmaFree:          277376 kB
MemTotal:        7918584 kB
MemFree:         1904508 kB
MemAvailable:    3564632 kB
Buffers:            4448 kB
Cached:          1434776 kB
SwapCached:        31964 kB
Active:          2715892 kB
Inactive:         771964 kB
Active(anon):    1881780 kB
Inactive(anon):   184796 kB
Active(file):     834112 kB
Inactive(file):   587168 kB
Unevictable:        6540 kB
Mlocked:            6100 kB
SwapTotal:       4718584 kB
SwapFree:        3975968 kB
Dirty:             17632 kB
Writeback:             0 kB
AnonPages:       2037196 kB
Mapped:           644664 kB
Shmem:             13136 kB
KReclaimable:     629068 kB
Slab:             317764 kB
SReclaimable:      92392 kB
SUnreclaim:       225372 kB
KernelStack:       46512 kB
ShadowCallStack:   11660 kB
PageTables:        68268 kB
NFS_Unstable:          0 kB
Bounce:                0 kB
WritebackTmp:          0 kB
CommitLimit:     8677876 kB
Committed_AS:   65389528 kB
VmallocTotal:   263061440 kB
VmallocUsed:      128644 kB
VmallocChunk:          0 kB
Percpu:             2520 kB
CmaTotal:         405504 kB
CmaFree:          277376 kB
MemTotal:        7918584 kB
MemFree:         1846028 kB
MemAvailable:    3505576 kB
Buffers:            4448 kB
Cached:          1434776 kB
SwapCached:        31964 kB
Active:          2774316 kB
Inactive:         771956 kB
Active(anon):    1940204 kB
Inactive(anon):   184788 kB
Active(file):     834112 kB
Inactive(file):   587168 kB
Unevictable:        6540 kB
Mlocked:            6100 kB
SwapTotal:       4718584 kB
SwapFree:        3975984 kB
Dirty:             17636 kB
Writeback:             0 kB
AnonPages:       2095800 kB
Mapped:           645200 kB
Shmem:             13136 kB
KReclaimable:     628492 kB
Slab:             317828 kB
SReclaimable:      92392 kB
SUnreclaim:       225436 kB
KernelStack:       46512 kB
ShadowCallStack:   11648 kB
PageTables:        68588 kB
NFS_Unstable:          0 kB
Bounce:                0 kB
WritebackTmp:          0 kB
CommitLimit:     8677876 kB
Committed_AS:   65520544 kB
VmallocTotal:   263061440 kB
VmallocUsed:      128624 kB
VmallocChunk:          0 kB
Percpu:             2520 kB
CmaTotal:         405504 kB
CmaFree:          277376 kB
MemTotal:        7918584 kB
MemFree:         1774884 kB
MemAvailable:    3433120 kB
Buffers:            4448 kB
Cached:          1434780 kB
SwapCached:        31964 kB
Active:          2844972 kB
Inactive:         771964 kB
Active(anon):    2010860 kB
Inactive(anon):   184796 kB
Active(file):     834112 kB
Inactive(file):   587168 kB
Unevictable:        6540 kB
Mlocked:            6100 kB
SwapTotal:       4718584 kB
SwapFree:        3975988 kB
Dirty:             17636 kB
Writeback:             0 kB
AnonPages:       2166416 kB
Mapped:           645752 kB
Shmem:             13140 kB
KReclaimable:     627180 kB
Slab:             317832 kB
SReclaimable:      92408 kB
SUnreclaim:       225424 kB
KernelStack:       46496 kB
ShadowCallStack:   11656 kB
PageTables:        68784 kB
NFS_Unstable:          0 kB
Bounce:                0 kB
WritebackTmp:          0 kB
CommitLimit:     8677876 kB
Committed_AS:   65700772 kB
VmallocTotal:   263061440 kB
VmallocUsed:      128640 kB
VmallocChunk:          0 kB
Percpu:             2520 kB
CmaTotal:         405504 kB
CmaFree:          277376 kB
MemTotal:        7918584 kB
MemFree:         1700520 kB
MemAvailable:    3358132 kB
Buffers:            4460 kB
Cached:          1434796 kB
SwapCached:        31964 kB
Active:          2919240 kB
Inactive:         771980 kB
Active(anon):    2085120 kB
Inactive(anon):   184796 kB
Active(file):     834120 kB
Inactive(file):   587184 kB
Unevictable:        6540 kB
Mlocked:            6100 kB
SwapTotal:       4718584 kB
SwapFree:        3976180 kB
Dirty:             17636 kB
Writeback:             0 kB
AnonPages:       2240512 kB
Mapped:           646384 kB
Shmem:             13144 kB
KReclaimable:     626532 kB
Slab:             318004 kB
SReclaimable:      92408 kB
SUnreclaim:       225596 kB
KernelStack:       46480 kB
ShadowCallStack:   11640 kB
PageTables:        69092 kB
NFS_Unstable:          0 kB
Bounce:                0 kB
WritebackTmp:          0 kB
CommitLimit:     8677876 kB
Committed_AS:   65881000 kB
VmallocTotal:   263061440 kB
VmallocUsed:      128624 kB
VmallocChunk:          0 kB
Percpu:             2520 kB
CmaTotal:         405504 kB
CmaFree:          277376 kB
MemTotal:        7918584 kB
MemFree:         1596132 kB
MemAvailable:    3122800 kB
Buffers:            4460 kB
Cached:          1434900 kB
SwapCached:        31964 kB
Active:          3022124 kB
Inactive:         771780 kB
Active(anon):    2188004 kB
Inactive(anon):   184596 kB
Active(file):     834120 kB
Inactive(file):   587184 kB
Unevictable:        6540 kB
Mlocked:            6100 kB
SwapTotal:       4718584 kB
SwapFree:        3976204 kB
Dirty:             17636 kB
Writeback:             0 kB
AnonPages:       2343112 kB
Mapped:           647556 kB
Shmem:             13248 kB
KReclaimable:     495588 kB
Slab:             318292 kB
SReclaimable:      92408 kB
SUnreclaim:       225884 kB
KernelStack:       46640 kB
ShadowCallStack:   11676 kB
PageTables:        69568 kB
NFS_Unstable:          0 kB
Bounce:                0 kB
WritebackTmp:          0 kB
CommitLimit:     8677876 kB
Committed_AS:   66028856 kB
VmallocTotal:   263061440 kB
VmallocUsed:      128792 kB
VmallocChunk:          0 kB
Percpu:             2520 kB
CmaTotal:         405504 kB
CmaFree:          277372 kB
MemTotal:        7918584 kB
MemFree:         1566428 kB
MemAvailable:    3222312 kB
Buffers:            4460 kB
Cached:          1434796 kB
SwapCached:        31964 kB
Active:          3052388 kB
Inactive:         771756 kB
Active(anon):    2218268 kB
Inactive(anon):   184572 kB
Active(file):     834120 kB
Inactive(file):   587184 kB
Unevictable:        6540 kB
Mlocked:            6100 kB
SwapTotal:       4718584 kB
SwapFree:        3976216 kB
Dirty:             17644 kB
Writeback:             0 kB
AnonPages:       2373672 kB
Mapped:           647452 kB
Shmem:             13144 kB
KReclaimable:     624804 kB
Slab:             318168 kB
SReclaimable:      92408 kB
SUnreclaim:       225760 kB
KernelStack:       46496 kB
ShadowCallStack:   11648 kB
PageTables:        69820 kB
NFS_Unstable:          0 kB
Bounce:                0 kB
WritebackTmp:          0 kB
CommitLimit:     8677876 kB
Committed_AS:   66176940 kB
VmallocTotal:   263061440 kB
VmallocUsed:      128628 kB
VmallocChunk:          0 kB
Percpu:             2520 kB
CmaTotal:         405504 kB
CmaFree:          277376 kB
MemTotal:        7918584 kB
MemFree:         1498212 kB
MemAvailable:    3153384 kB
Buffers:            4460 kB
Cached:          1434796 kB
SwapCached:        31964 kB
Active:          3119836 kB
Inactive:         771748 kB
Active(anon):    2285716 kB
Inactive(anon):   184564 kB
Active(file):     834120 kB
Inactive(file):   587184 kB
Unevictable:        6540 kB
Mlocked:            6100 kB
SwapTotal:       4718584 kB
SwapFree:        3976244 kB
Dirty:             17644 kB
Writeback:             0 kB
AnonPages:       2440880 kB
Mapped:           648220 kB
Shmem:             13144 kB
KReclaimable:     624092 kB
Slab:             318020 kB
SReclaimable:      92376 kB
SUnreclaim:       225644 kB
KernelStack:       46480 kB
ShadowCallStack:   11636 kB
PageTables:        70040 kB
NFS_Unstable:          0 kB
Bounce:                0 kB
WritebackTmp:          0 kB
CommitLimit:     8677876 kB
Committed_AS:   66324412 kB
VmallocTotal:   263061440 kB
VmallocUsed:      128640 kB
VmallocChunk:          0 kB
Percpu:             2520 kB
CmaTotal:         405504 kB
CmaFree:          277376 kB
MemTotal:        7918584 kB
MemFree:         1443948 kB
MemAvailable:    3098460 kB
Buffers:            4464 kB
Cached:          1434836 kB
SwapCached:        31964 kB
Active:          3175760 kB
Inactive:         771772 kB
Active(anon):    2341640 kB
Inactive(anon):   184576 kB
Active(file):     834120 kB
Inactive(file):   587196 kB
Unevictable:        6540 kB
Mlocked:            6100 kB
SwapTotal:       4718584 kB
SwapFree:        3976244 kB
Dirty:               100 kB
Writeback:             0 kB
AnonPages:       2496816 kB
Mapped:           648428 kB
Shmem:             13176 kB
KReclaimable:     623420 kB
Slab:             318108 kB
SReclaimable:      92376 kB
SUnreclaim:       225732 kB
KernelStack:       46496 kB
ShadowCallStack:   11648 kB
PageTables:        70428 kB
NFS_Unstable:          0 kB
Bounce:                0 kB
WritebackTmp:          0 kB
CommitLimit:     8677876 kB
Committed_AS:   66471864 kB
VmallocTotal:   263061440 kB
VmallocUsed:      128620 kB
VmallocChunk:          0 kB
Percpu:             2520 kB
CmaTotal:         405504 kB
CmaFree:          233644 kB
MemTotal:        7918584 kB
MemFree:         1362308 kB
MemAvailable:    3017416 kB
Buffers:            4488 kB
Cached:          1436336 kB
SwapCached:        31972 kB
Active:          3255792 kB
Inactive:         771792 kB
Active(anon):    2420108 kB
Inactive(anon):   184572 kB
Active(file):     835684 kB
Inactive(file):   587220 kB
Unevictable:        6540 kB
Mlocked:            6100 kB
SwapTotal:       4718584 kB
SwapFree:        3976248 kB
Dirty:               192 kB
Writeback:             0 kB
AnonPages:       2575516 kB
Mapped:           649424 kB
Shmem:             13116 kB
KReclaimable:     622428 kB
Slab:             318072 kB
SReclaimable:      92376 kB
SUnreclaim:       225696 kB
KernelStack:       46464 kB
ShadowCallStack:   11648 kB
PageTables:        70708 kB
NFS_Unstable:          0 kB
Bounce:                0 kB
WritebackTmp:          0 kB
CommitLimit:     8677876 kB
Committed_AS:   66652032 kB
VmallocTotal:   263061440 kB
VmallocUsed:      128620 kB
VmallocChunk:          0 kB
Percpu:             2520 kB
CmaTotal:         405504 kB
CmaFree:          152388 kB
MemTotal:        7918584 kB
MemFree:         1300432 kB
MemAvailable:    2954896 kB
Buffers:            4492 kB
Cached:          1436476 kB
SwapCached:        31972 kB
Active:          3317548 kB
Inactive:         771788 kB
Active(anon):    2481736 kB
Inactive(anon):   184556 kB
Active(file):     835812 kB
Inactive(file):   587232 kB
Unevictable:        6540 kB
Mlocked:            6100 kB
SwapTotal:       4718584 kB
SwapFree:        3976252 kB
Dirty:               224 kB
Writeback:             0 kB
AnonPages:       2637176 kB
Mapped:           650064 kB
Shmem:             13116 kB
KReclaimable:     621644 kB
Slab:             318156 kB
SReclaimable:      92376 kB
SUnreclaim:       225780 kB
KernelStack:       46448 kB
ShadowCallStack:   11636 kB
PageTables:        71004 kB
NFS_Unstable:          0 kB
Bounce:                0 kB
WritebackTmp:          0 kB
CommitLimit:     8677876 kB
Committed_AS:   66783052 kB
VmallocTotal:   263061440 kB
VmallocUsed:      128576 kB
VmallocChunk:          0 kB
Percpu:             2520 kB
CmaTotal:         405504 kB
CmaFree:           90776 kB
MemTotal:        7918584 kB
MemFree:         1244284 kB
MemAvailable:    2898056 kB
Buffers:            4492 kB
Cached:          1436488 kB
SwapCached:        31972 kB
Active:          3373432 kB
Inactive:         771804 kB
Active(anon):    2537620 kB
Inactive(anon):   184568 kB
Active(file):     835812 kB
Inactive(file):   587236 kB
Unevictable:        6540 kB
Mlocked:            6100 kB
SwapTotal:       4718584 kB
SwapFree:        3976256 kB
Dirty:               236 kB
Writeback:             0 kB
AnonPages:       2692820 kB
Mapped:           650300 kB
Shmem:             13124 kB
KReclaimable:     620948 kB
Slab:             318104 kB
SReclaimable:      92376 kB
SUnreclaim:       225728 kB
KernelStack:       46416 kB
ShadowCallStack:   11628 kB
PageTables:        71360 kB
NFS_Unstable:          0 kB
Bounce:                0 kB
WritebackTmp:          0 kB
CommitLimit:     8677876 kB
Committed_AS:   66930412 kB
VmallocTotal:   263061440 kB
VmallocUsed:      128548 kB
VmallocChunk:          0 kB
Percpu:             2520 kB
CmaTotal:         405504 kB
CmaFree:           35200 kB
MemTotal:        7918584 kB
MemFree:         1174780 kB
MemAvailable:    2827784 kB
Buffers:            4492 kB
Cached:          1436488 kB
SwapCached:        31972 kB
Active:          3444744 kB
Inactive:         771780 kB
Active(anon):    2608932 kB
Inactive(anon):   184544 kB
Active(file):     835812 kB
Inactive(file):   587236 kB
Unevictable:        6540 kB
Mlocked:            6100 kB
SwapTotal:       4718584 kB
SwapFree:        3976264 kB
Dirty:               236 kB
Writeback:             0 kB
AnonPages:       2764252 kB
Mapped:           651044 kB
Shmem:             13124 kB
KReclaimable:     620180 kB
Slab:             318188 kB
SReclaimable:      92376 kB
SUnreclaim:       225812 kB
KernelStack:       46304 kB
ShadowCallStack:   11604 kB
PageTables:        71336 kB
NFS_Unstable:          0 kB
Bounce:                0 kB
WritebackTmp:          0 kB
CommitLimit:     8677876 kB
Committed_AS:   67093800 kB
VmallocTotal:   263061440 kB
VmallocUsed:      128396 kB
VmallocChunk:          0 kB
Percpu:             2520 kB
CmaTotal:         405504 kB
CmaFree:               0 kB
MemTotal:        7918584 kB
MemFree:         1121136 kB
MemAvailable:    2773404 kB
Buffers:            4492 kB
Cached:          1436488 kB
SwapCached:        31972 kB
Active:          3497908 kB
Inactive:         771788 kB
Active(anon):    2662096 kB
Inactive(anon):   184552 kB
Active(file):     835812 kB
Inactive(file):   587236 kB
Unevictable:        6540 kB
Mlocked:            6100 kB
SwapTotal:       4718584 kB
SwapFree:        3976264 kB
Dirty:               236 kB
Writeback:             0 kB
AnonPages:       2817236 kB
Mapped:           651684 kB
Shmem:             13124 kB
KReclaimable:     619444 kB
Slab:             318148 kB
SReclaimable:      92376 kB
SUnreclaim:       225772 kB
KernelStack:       46304 kB
ShadowCallStack:   11600 kB
PageTables:        71848 kB
NFS_Unstable:          0 kB
Bounce:                0 kB
WritebackTmp:          0 kB
CommitLimit:     8677876 kB
Committed_AS:   67208488 kB
VmallocTotal:   263061440 kB
VmallocUsed:      128364 kB
VmallocChunk:          0 kB
Percpu:             2520 kB
CmaTotal:         405504 kB
CmaFree:               0 kB
MemTotal:        7918584 kB
MemFree:         1058584 kB
MemAvailable:    2710092 kB
Buffers:            4500 kB
Cached:          1436488 kB
SwapCached:        31972 kB
Active:          3559664 kB
Inactive:         771796 kB
Active(anon):    2723852 kB
Inactive(anon):   184552 kB
Active(file):     835812 kB
Inactive(file):   587244 kB
Unevictable:        6540 kB
Mlocked:            6100 kB
SwapTotal:       4718584 kB
SwapFree:        3976272 kB
Dirty:               244 kB
Writeback:             0 kB
AnonPages:       2878920 kB
Mapped:           651992 kB
Shmem:             13124 kB
KReclaimable:     618676 kB
Slab:             318220 kB
SReclaimable:      92376 kB
SUnreclaim:       225844 kB
KernelStack:       46272 kB
ShadowCallStack:   11596 kB
PageTables:        72216 kB
NFS_Unstable:          0 kB
Bounce:                0 kB
WritebackTmp:          0 kB
CommitLimit:     8677876 kB
Committed_AS:   67372328 kB
VmallocTotal:   263061440 kB
VmallocUsed:      128384 kB
VmallocChunk:          0 kB
Percpu:             2520 kB
CmaTotal:         405504 kB
CmaFree:               0 kB
MemTotal:        7918584 kB
MemFree:          994264 kB
MemAvailable:    2645060 kB
Buffers:            4500 kB
Cached:          1436488 kB
SwapCached:        31972 kB
Active:          3623780 kB
Inactive:         771796 kB
Active(anon):    2787968 kB
Inactive(anon):   184552 kB
Active(file):     835812 kB
Inactive(file):   587244 kB
Unevictable:        6540 kB
Mlocked:            6100 kB
SwapTotal:       4718584 kB
SwapFree:        3976272 kB
Dirty:               276 kB
Writeback:             0 kB
AnonPages:       2943040 kB
Mapped:           652436 kB
Shmem:             13124 kB
KReclaimable:     617964 kB
Slab:             318320 kB
SReclaimable:      92376 kB
SUnreclaim:       225944 kB
KernelStack:       46304 kB
ShadowCallStack:   11600 kB
PageTables:        72360 kB
NFS_Unstable:          0 kB
Bounce:                0 kB
WritebackTmp:          0 kB
CommitLimit:     8677876 kB
Committed_AS:   67519788 kB
VmallocTotal:   263061440 kB
VmallocUsed:      128384 kB
VmallocChunk:          0 kB
Percpu:             2520 kB
CmaTotal:         405504 kB
CmaFree:               0 kB
MemTotal:        7918584 kB
MemFree:          942752 kB
MemAvailable:    2592884 kB
Buffers:            4508 kB
Cached:          1436480 kB
SwapCached:        31972 kB
Active:          3675848 kB
Inactive:         771792 kB
Active(anon):    2840036 kB
Inactive(anon):   184548 kB
Active(file):     835812 kB
Inactive(file):   587244 kB
Unevictable:        6540 kB
Mlocked:            6100 kB
SwapTotal:       4718584 kB
SwapFree:        3976284 kB
Dirty:               280 kB
Writeback:             0 kB
AnonPages:       2995384 kB
Mapped:           652892 kB
Shmem:             13124 kB
KReclaimable:     617300 kB
Slab:             318232 kB
SReclaimable:      92376 kB
SUnreclaim:       225856 kB
KernelStack:       46272 kB
ShadowCallStack:   11592 kB
PageTables:        72636 kB
NFS_Unstable:          0 kB
Bounce:                0 kB
WritebackTmp:          0 kB
CommitLimit:     8677876 kB
Committed_AS:   67614884 kB
VmallocTotal:   263061440 kB
VmallocUsed:      128360 kB
VmallocChunk:          0 kB
Percpu:             2520 kB
CmaTotal:         405504 kB
CmaFree:               0 kB
MemTotal:        7918584 kB
MemFree:          877632 kB
MemAvailable:    2526948 kB
Buffers:            4508 kB
Cached:          1436496 kB
SwapCached:        31972 kB
Active:          3741068 kB
Inactive:         771808 kB
Active(anon):    2905256 kB
Inactive(anon):   184548 kB
Active(file):     835812 kB
Inactive(file):   587260 kB
Unevictable:        6540 kB
Mlocked:            6100 kB
SwapTotal:       4718584 kB
SwapFree:        3976296 kB
Dirty:               300 kB
Writeback:             0 kB
AnonPages:       3060484 kB
Mapped:           653432 kB
Shmem:             13124 kB
KReclaimable:     616468 kB
Slab:             318360 kB
SReclaimable:      92376 kB
SUnreclaim:       225984 kB
KernelStack:       46192 kB
ShadowCallStack:   11572 kB
PageTables:        72916 kB
NFS_Unstable:          0 kB
Bounce:                0 kB
WritebackTmp:          0 kB
CommitLimit:     8677876 kB
Committed_AS:   67778460 kB
VmallocTotal:   263061440 kB
VmallocUsed:      128236 kB
VmallocChunk:          0 kB
Percpu:             2520 kB
CmaTotal:         405504 kB
CmaFree:               0 kB
MemTotal:        7918584 kB
MemFree:          809560 kB
MemAvailable:    2458084 kB
Buffers:            4508 kB
Cached:          1436496 kB
SwapCached:        31972 kB
Active:          3808008 kB
Inactive:         771800 kB
Active(anon):    2972196 kB
Inactive(anon):   184540 kB
Active(file):     835812 kB
Inactive(file):   587260 kB
Unevictable:        6540 kB
Mlocked:            6100 kB
SwapTotal:       4718584 kB
SwapFree:        3976300 kB
Dirty:               300 kB
Writeback:             0 kB
AnonPages:       3127296 kB
Mapped:           653940 kB
Shmem:             13124 kB
KReclaimable:     615676 kB
Slab:             318348 kB
SReclaimable:      92376 kB
SUnreclaim:       225972 kB
KernelStack:       46224 kB
ShadowCallStack:   11564 kB
PageTables:        73080 kB
NFS_Unstable:          0 kB
Bounce:                0 kB
WritebackTmp:          0 kB
CommitLimit:     8677876 kB
Committed_AS:   67909532 kB
VmallocTotal:   263061440 kB
VmallocUsed:      128248 kB
VmallocChunk:          0 kB
Percpu:             2520 kB
CmaTotal:         405504 kB
CmaFree:               0 kB
MemTotal:        7918584 kB
MemFree:          751520 kB
MemAvailable:    2399268 kB
Buffers:            4532 kB
Cached:          1436516 kB
SwapCached:        31972 kB
Active:          3866188 kB
Inactive:         771820 kB
Active(anon):    3030360 kB
Inactive(anon):   184536 kB
Active(file):     835828 kB
Inactive(file):   587284 kB
Unevictable:        6540 kB
Mlocked:            6100 kB
SwapTotal:       4718584 kB
SwapFree:        3976312 kB
Dirty:               308 kB
Writeback:             0 kB
AnonPages:       3185572 kB
Mapped:           654504 kB
Shmem:             13128 kB
KReclaimable:     614860 kB
Slab:             318296 kB
SReclaimable:      92376 kB
SUnreclaim:       225920 kB
KernelStack:       46160 kB
ShadowCallStack:   11564 kB
PageTables:        73420 kB
NFS_Unstable:          0 kB
Bounce:                0 kB
WritebackTmp:          0 kB
CommitLimit:     8677876 kB
Committed_AS:   68040556 kB
VmallocTotal:   263061440 kB
VmallocUsed:      128220 kB
VmallocChunk:          0 kB
Percpu:             2520 kB
CmaTotal:         405504 kB
CmaFree:               0 kB
MemTotal:        7918584 kB
MemFree:          697304 kB
MemAvailable:    2344596 kB
Buffers:            4532 kB
Cached:          1436524 kB
SwapCached:        31972 kB
Active:          3920420 kB
Inactive:         771816 kB
Active(anon):    3084592 kB
Inactive(anon):   184532 kB
Active(file):     835828 kB
Inactive(file):   587284 kB
Unevictable:        6540 kB
Mlocked:            6100 kB
SwapTotal:       4718584 kB
SwapFree:        3976320 kB
Dirty:               308 kB
Writeback:             0 kB
AnonPages:       3239668 kB
Mapped:           654784 kB
Shmem:             13136 kB
KReclaimable:     614404 kB
Slab:             318336 kB
SReclaimable:      92376 kB
SUnreclaim:       225960 kB
KernelStack:       46160 kB
ShadowCallStack:   11560 kB
PageTables:        73684 kB
NFS_Unstable:          0 kB
Bounce:                0 kB
WritebackTmp:          0 kB
CommitLimit:     8677876 kB
Committed_AS:   68155252 kB
VmallocTotal:   263061440 kB
VmallocUsed:      128184 kB
VmallocChunk:          0 kB
Percpu:             2520 kB
CmaTotal:         405504 kB
CmaFree:               0 kB
MemTotal:        7918584 kB
MemFree:          639100 kB
MemAvailable:    2285616 kB
Buffers:            4532 kB
Cached:          1436532 kB
SwapCached:        31972 kB
Active:          3977952 kB
Inactive:         771824 kB
Active(anon):    3142124 kB
Inactive(anon):   184532 kB
Active(file):     835828 kB
Inactive(file):   587292 kB
Unevictable:        6540 kB
Mlocked:            6100 kB
SwapTotal:       4718584 kB
SwapFree:        3976328 kB
Dirty:               244 kB
Writeback:             0 kB
AnonPages:       3297272 kB
Mapped:           655332 kB
Shmem:             13136 kB
KReclaimable:     613620 kB
Slab:             318428 kB
SReclaimable:      92376 kB
SUnreclaim:       226052 kB
KernelStack:       46176 kB
ShadowCallStack:   11568 kB
PageTables:        74028 kB
NFS_Unstable:          0 kB
Bounce:                0 kB
WritebackTmp:          0 kB
CommitLimit:     8677876 kB
Committed_AS:   68286324 kB
VmallocTotal:   263061440 kB
VmallocUsed:      128208 kB
VmallocChunk:          0 kB
Percpu:             2520 kB
CmaTotal:         405504 kB
CmaFree:               0 kB
MemTotal:        7918584 kB
MemFree:          586640 kB
MemAvailable:    2232600 kB
Buffers:            4532 kB
Cached:          1436648 kB
SwapCached:        31972 kB
Active:          4030452 kB
Inactive:         771832 kB
Active(anon):    3194512 kB
Inactive(anon):   184536 kB
Active(file):     835940 kB
Inactive(file):   587296 kB
Unevictable:        6540 kB
Mlocked:            6100 kB
SwapTotal:       4718584 kB
SwapFree:        3976340 kB
Dirty:               244 kB
Writeback:             0 kB
AnonPages:       3349636 kB
Mapped:           655820 kB
Shmem:             13136 kB
KReclaimable:     612948 kB
Slab:             318424 kB
SReclaimable:      92376 kB
SUnreclaim:       226048 kB
KernelStack:       46176 kB
ShadowCallStack:   11552 kB
PageTables:        74188 kB
NFS_Unstable:          0 kB
Bounce:                0 kB
WritebackTmp:          0 kB
CommitLimit:     8677876 kB
Committed_AS:   68401012 kB
VmallocTotal:   263061440 kB
VmallocUsed:      128224 kB
VmallocChunk:          0 kB
Percpu:             2520 kB
CmaTotal:         405504 kB
CmaFree:               0 kB
MemTotal:        7918584 kB
MemFree:          534712 kB
MemAvailable:    2180032 kB
Buffers:            4532 kB
Cached:          1436648 kB
SwapCached:        31972 kB
Active:          4081136 kB
Inactive:         771832 kB
Active(anon):    3245196 kB
Inactive(anon):   184536 kB
Active(file):     835940 kB
Inactive(file):   587296 kB
Unevictable:        6540 kB
Mlocked:            6100 kB
SwapTotal:       4718584 kB
SwapFree:        3976544 kB
Dirty:               244 kB
Writeback:             0 kB
AnonPages:       3400384 kB
Mapped:           656252 kB
Shmem:             13136 kB
KReclaimable:     612308 kB
Slab:             318476 kB
SReclaimable:      92376 kB
SUnreclaim:       226100 kB
KernelStack:       46160 kB
ShadowCallStack:   11572 kB
PageTables:        74384 kB
NFS_Unstable:          0 kB
Bounce:                0 kB
WritebackTmp:          0 kB
CommitLimit:     8677876 kB
Committed_AS:   68515700 kB
VmallocTotal:   263061440 kB
VmallocUsed:      128224 kB
VmallocChunk:          0 kB
Percpu:             2520 kB
CmaTotal:         405504 kB
CmaFree:               0 kB
MemTotal:        7918584 kB
MemFree:          480976 kB
MemAvailable:    2125536 kB
Buffers:            4532 kB
Cached:          1436648 kB
SwapCached:        31972 kB
Active:          4135044 kB
Inactive:         771824 kB
Active(anon):    3299104 kB
Inactive(anon):   184528 kB
Active(file):     835940 kB
Inactive(file):   587296 kB
Unevictable:        6540 kB
Mlocked:            6100 kB
SwapTotal:       4718584 kB
SwapFree:        3976564 kB
Dirty:               244 kB
Writeback:             0 kB
AnonPages:       3454376 kB
Mapped:           656572 kB
Shmem:             13136 kB
KReclaimable:     611548 kB
Slab:             318468 kB
SReclaimable:      92376 kB
SUnreclaim:       226092 kB
KernelStack:       46128 kB
ShadowCallStack:   11556 kB
PageTables:        74600 kB
NFS_Unstable:          0 kB
Bounce:                0 kB
WritebackTmp:          0 kB
CommitLimit:     8677876 kB
Committed_AS:   68630344 kB
VmallocTotal:   263061440 kB
VmallocUsed:      128204 kB
VmallocChunk:          0 kB
Percpu:             2520 kB
CmaTotal:         405504 kB
CmaFree:               0 kB
MemTotal:        7918584 kB
MemFree:          433916 kB
MemAvailable:    2077940 kB
Buffers:            4540 kB
Cached:          1436648 kB
SwapCached:        31972 kB
Active:          4183168 kB
Inactive:         771840 kB
Active(anon):    3347228 kB
Inactive(anon):   184536 kB
Active(file):     835940 kB
Inactive(file):   587304 kB
Unevictable:        6540 kB
Mlocked:            6100 kB
SwapTotal:       4718584 kB
SwapFree:        3976572 kB
Dirty:               256 kB
Writeback:             0 kB
AnonPages:       3502432 kB
Mapped:           656992 kB
Shmem:             13136 kB
KReclaimable:     611004 kB
Slab:             318592 kB
SReclaimable:      92360 kB
SUnreclaim:       226232 kB
KernelStack:       46160 kB
ShadowCallStack:   11564 kB
PageTables:        74788 kB
NFS_Unstable:          0 kB
Bounce:                0 kB
WritebackTmp:          0 kB
CommitLimit:     8677876 kB
Committed_AS:   68728648 kB
VmallocTotal:   263061440 kB
VmallocUsed:      128188 kB
VmallocChunk:          0 kB
Percpu:             2520 kB
CmaTotal:         405504 kB
CmaFree:               0 kB
MemTotal:        7918584 kB
MemFree:          340212 kB
MemAvailable:    1862112 kB
Buffers:            4540 kB
Cached:          1436732 kB
SwapCached:        31972 kB
Active:          4276216 kB
Inactive:         771848 kB
Active(anon):    3440264 kB
Inactive(anon):   184536 kB
Active(file):     835952 kB
Inactive(file):   587312 kB
Unevictable:        6540 kB
Mlocked:            6100 kB
SwapTotal:       4718584 kB
SwapFree:        3976580 kB
Dirty:               328 kB
Writeback:             0 kB
AnonPages:       3595344 kB
Mapped:           658028 kB
Shmem:             13200 kB
KReclaimable:     488860 kB
Slab:             318636 kB
SReclaimable:      92360 kB
SUnreclaim:       226276 kB
KernelStack:       46256 kB
ShadowCallStack:   11588 kB
PageTables:        75140 kB
NFS_Unstable:          0 kB
Bounce:                0 kB
WritebackTmp:          0 kB
CommitLimit:     8677876 kB
Committed_AS:   68864216 kB
VmallocTotal:   263061440 kB
VmallocUsed:      128372 kB
VmallocChunk:          0 kB
Percpu:             2520 kB
CmaTotal:         405504 kB
CmaFree:               0 kB
MemTotal:        7918584 kB
MemFree:          282496 kB
MemAvailable:    1803500 kB
Buffers:            4540 kB
Cached:          1436828 kB
SwapCached:        31972 kB
Active:          4333544 kB
Inactive:         771848 kB
Active(anon):    3497592 kB
Inactive(anon):   184536 kB
Active(file):     835952 kB
Inactive(file):   587312 kB
Unevictable:        6540 kB
Mlocked:            6100 kB
SwapTotal:       4718584 kB
SwapFree:        3976608 kB
Dirty:               428 kB
Writeback:             0 kB
AnonPages:       3652704 kB
Mapped:           658664 kB
Shmem:             13296 kB
KReclaimable:     487964 kB
Slab:             318788 kB
SReclaimable:      92360 kB
SUnreclaim:       226428 kB
KernelStack:       46256 kB
ShadowCallStack:   11588 kB
PageTables:        75412 kB
NFS_Unstable:          0 kB
Bounce:                0 kB
WritebackTmp:          0 kB
CommitLimit:     8677876 kB
Committed_AS:   68995240 kB
VmallocTotal:   263061440 kB
VmallocUsed:      128356 kB
VmallocChunk:          0 kB
Percpu:             2520 kB
CmaTotal:         405504 kB
CmaFree:               0 kB
MemTotal:        7918584 kB
MemFree:          264812 kB
MemAvailable:    1906896 kB
Buffers:            4540 kB
Cached:          1436668 kB
SwapCached:        31972 kB
Active:          4350884 kB
Inactive:         771836 kB
Active(anon):    3514932 kB
Inactive(anon):   184524 kB
Active(file):     835952 kB
Inactive(file):   587312 kB
Unevictable:        6540 kB
Mlocked:            6100 kB
SwapTotal:       4718584 kB
SwapFree:        3976612 kB
Dirty:               428 kB
Writeback:             0 kB
AnonPages:       3670032 kB
Mapped:           658252 kB
Shmem:             13136 kB
KReclaimable:     609044 kB
Slab:             318716 kB
SReclaimable:      92360 kB
SUnreclaim:       226356 kB
KernelStack:       46144 kB
ShadowCallStack:   11576 kB
PageTables:        75544 kB
NFS_Unstable:          0 kB
Bounce:                0 kB
WritebackTmp:          0 kB
CommitLimit:     8677876 kB
Committed_AS:   69109576 kB
VmallocTotal:   263061440 kB
VmallocUsed:      128204 kB
VmallocChunk:          0 kB
Percpu:             2520 kB
CmaTotal:         405504 kB
CmaFree:               0 kB
MemTotal:        7918584 kB
MemFree:          238216 kB
MemAvailable:    1862024 kB
Buffers:            4564 kB
Cached:          1436616 kB
SwapCached:        30924 kB
Active:          4524324 kB
Inactive:         651940 kB
Active(anon):    3700580 kB
Inactive(anon):    52396 kB
Active(file):     823744 kB
Inactive(file):   599544 kB
Unevictable:        6544 kB
Mlocked:            6104 kB
SwapTotal:       4718584 kB
SwapFree:        3969448 kB
Dirty:               428 kB
Writeback:             0 kB
AnonPages:       3724864 kB
Mapped:           657564 kB
Shmem:             13084 kB
KReclaimable:     590744 kB
Slab:             317612 kB
SReclaimable:      91164 kB
SUnreclaim:       226448 kB
KernelStack:       46160 kB
ShadowCallStack:   11564 kB
PageTables:        75772 kB
NFS_Unstable:          0 kB
Bounce:                0 kB
WritebackTmp:          0 kB
CommitLimit:     8677876 kB
Committed_AS:   69241016 kB
VmallocTotal:   263061440 kB
VmallocUsed:      128184 kB
VmallocChunk:          0 kB
Percpu:             2520 kB
CmaTotal:         405504 kB
CmaFree:             480 kB
MemTotal:        7918584 kB
MemFree:          233272 kB
MemAvailable:    1823268 kB
Buffers:            4028 kB
Cached:          1420692 kB
SwapCached:        30908 kB
Active:          4593276 kB
Inactive:         603912 kB
Active(anon):    3768688 kB
Inactive(anon):    21640 kB
Active(file):     824588 kB
Inactive(file):   582272 kB
Unevictable:        6544 kB
Mlocked:            6104 kB
SwapTotal:       4718584 kB
SwapFree:        3964328 kB
Dirty:               432 kB
Writeback:             0 kB
AnonPages:       3762000 kB
Mapped:           657744 kB
Shmem:             13044 kB
KReclaimable:     573360 kB
Slab:             317568 kB
SReclaimable:      91140 kB
SUnreclaim:       226428 kB
KernelStack:       46144 kB
ShadowCallStack:   11560 kB
PageTables:        76076 kB
NFS_Unstable:          0 kB
Bounce:                0 kB
WritebackTmp:          0 kB
CommitLimit:     8677876 kB
Committed_AS:   69339320 kB
VmallocTotal:   263061440 kB
VmallocUsed:      128220 kB
VmallocChunk:          0 kB
Percpu:             2520 kB
CmaTotal:         405504 kB
CmaFree:             384 kB
MemTotal:        7918584 kB
MemFree:          234496 kB
MemAvailable:    1756860 kB
Buffers:            4144 kB
Cached:          1364512 kB
SwapCached:        30924 kB
Active:          4669796 kB
Inactive:         540200 kB
Active(anon):    3837648 kB
Inactive(anon):    21636 kB
Active(file):     832148 kB
Inactive(file):   518564 kB
Unevictable:        6544 kB
Mlocked:            6104 kB
SwapTotal:       4718584 kB
SwapFree:        3970728 kB
Dirty:               584 kB
Writeback:             0 kB
AnonPages:       3831204 kB
Mapped:           662180 kB
Shmem:             13088 kB
KReclaimable:     561876 kB
Slab:             316964 kB
SReclaimable:      90456 kB
SUnreclaim:       226508 kB
KernelStack:       46240 kB
ShadowCallStack:   11576 kB
PageTables:        76412 kB
NFS_Unstable:          0 kB
Bounce:                0 kB
WritebackTmp:          0 kB
CommitLimit:     8677876 kB
Committed_AS:   69503116 kB
VmallocTotal:   263061440 kB
VmallocUsed:      128264 kB
VmallocChunk:          0 kB
Percpu:             2520 kB
CmaTotal:         405504 kB
CmaFree:               0 kB
MemTotal:        7918584 kB
MemFree:          231876 kB
MemAvailable:    1692892 kB
Buffers:            3584 kB
Cached:          1315040 kB
SwapCached:        30924 kB
Active:          4736100 kB
Inactive:         489628 kB
Active(anon):    3903440 kB
Inactive(anon):    21640 kB
Active(file):     832660 kB
Inactive(file):   467988 kB
Unevictable:        6544 kB
Mlocked:            6104 kB
SwapTotal:       4718584 kB
SwapFree:        3971496 kB
Dirty:               600 kB
Writeback:             0 kB
AnonPages:       3896848 kB
Mapped:           664648 kB
Shmem:             13088 kB
KReclaimable:     550592 kB
Slab:             315704 kB
SReclaimable:      89228 kB
SUnreclaim:       226476 kB
KernelStack:       46208 kB
ShadowCallStack:   11572 kB
PageTables:        76508 kB
NFS_Unstable:          0 kB
Bounce:                0 kB
WritebackTmp:          0 kB
CommitLimit:     8677876 kB
Committed_AS:   69634184 kB
VmallocTotal:   263061440 kB
VmallocUsed:      128248 kB
VmallocChunk:          0 kB
Percpu:             2520 kB
CmaTotal:         405504 kB
CmaFree:             252 kB
MemTotal:        7918584 kB
MemFree:          234568 kB
MemAvailable:    1650780 kB
Buffers:            3492 kB
Cached:          1279168 kB
SwapCached:        30924 kB
Active:          4790072 kB
Inactive:         439492 kB
Active(anon):    3943176 kB
Inactive(anon):    21624 kB
Active(file):     846896 kB
Inactive(file):   417868 kB
Unevictable:        6544 kB
Mlocked:            6104 kB
SwapTotal:       4718584 kB
SwapFree:        3971496 kB
Dirty:               664 kB
Writeback:             0 kB
AnonPages:       3936492 kB
Mapped:           657160 kB
Shmem:             13088 kB
KReclaimable:     541672 kB
Slab:             315084 kB
SReclaimable:      88588 kB
SUnreclaim:       226496 kB
KernelStack:       46208 kB
ShadowCallStack:   11576 kB
PageTables:        76712 kB
NFS_Unstable:          0 kB
Bounce:                0 kB
WritebackTmp:          0 kB
CommitLimit:     8677876 kB
Committed_AS:   69716104 kB
VmallocTotal:   263061440 kB
VmallocUsed:      128244 kB
VmallocChunk:          0 kB
Percpu:             2520 kB
CmaTotal:         405504 kB
CmaFree:               0 kB
MemTotal:        7918584 kB
MemFree:          233348 kB
MemAvailable:    1590908 kB
Buffers:            3444 kB
Cached:          1234500 kB
SwapCached:        30924 kB
Active:          4886792 kB
Inactive:         356860 kB
Active(anon):    4002100 kB
Inactive(anon):    21612 kB
Active(file):     884692 kB
Inactive(file):   335248 kB
Unevictable:        6544 kB
Mlocked:            6104 kB
SwapTotal:       4718584 kB
SwapFree:        3971496 kB
Dirty:               192 kB
Writeback:             4 kB
AnonPages:       3995284 kB
Mapped:           645664 kB
Shmem:             13092 kB
KReclaimable:     527844 kB
Slab:             314720 kB
SReclaimable:      88104 kB
SUnreclaim:       226616 kB
KernelStack:       46176 kB
ShadowCallStack:   11576 kB
PageTables:        76960 kB
NFS_Unstable:          0 kB
Bounce:                0 kB
WritebackTmp:          0 kB
CommitLimit:     8677876 kB
Committed_AS:   69863564 kB
VmallocTotal:   263061440 kB
VmallocUsed:      128248 kB
VmallocChunk:          0 kB
Percpu:             2520 kB
CmaTotal:         405504 kB
CmaFree:               0 kB
MemTotal:        7918584 kB
MemFree:          237176 kB
MemAvailable:    1536636 kB
Buffers:            3424 kB
Cached:          1186836 kB
SwapCached:        30924 kB
Active:          4955868 kB
Inactive:         292792 kB
Active(anon):    4054676 kB
Inactive(anon):    21624 kB
Active(file):     901192 kB
Inactive(file):   271168 kB
Unevictable:        6544 kB
Mlocked:            6104 kB
SwapTotal:       4718584 kB
SwapFree:        3971496 kB
Dirty:               208 kB
Writeback:             0 kB
AnonPages:       4048032 kB
Mapped:           626844 kB
Shmem:             13092 kB
KReclaimable:     517324 kB
Slab:             314232 kB
SReclaimable:      87552 kB
SUnreclaim:       226680 kB
KernelStack:       46224 kB
ShadowCallStack:   11576 kB
PageTables:        77316 kB
NFS_Unstable:          0 kB
Bounce:                0 kB
WritebackTmp:          0 kB
CommitLimit:     8677876 kB
Committed_AS:   69978252 kB
VmallocTotal:   263061440 kB
VmallocUsed:      128260 kB
VmallocChunk:          0 kB
Percpu:             2520 kB
CmaTotal:         405504 kB
CmaFree:              56 kB
MemTotal:        7918584 kB
MemFree:          230896 kB
MemAvailable:    1487524 kB
Buffers:            3432 kB
Cached:          1150016 kB
SwapCached:        30924 kB
Active:          5004404 kB
Inactive:         255408 kB
Active(anon):    4102704 kB
Inactive(anon):    21628 kB
Active(file):     901700 kB
Inactive(file):   233780 kB
Unevictable:        6544 kB
Mlocked:            6104 kB
SwapTotal:       4718584 kB
SwapFree:        3971496 kB
Dirty:               212 kB
Writeback:             0 kB
AnonPages:       4095964 kB
Mapped:           626080 kB
Shmem:             13092 kB
KReclaimable:     511372 kB
Slab:             313584 kB
SReclaimable:      86888 kB
SUnreclaim:       226696 kB
KernelStack:       46192 kB
ShadowCallStack:   11568 kB
PageTables:        77508 kB
NFS_Unstable:          0 kB
Bounce:                0 kB
WritebackTmp:          0 kB
CommitLimit:     8677876 kB
Committed_AS:   70076556 kB
VmallocTotal:   263061440 kB
VmallocUsed:      128244 kB
VmallocChunk:          0 kB
Percpu:             2520 kB
CmaTotal:         405504 kB
CmaFree:               0 kB
MemTotal:        7918584 kB
MemFree:          233116 kB
MemAvailable:    1415636 kB
Buffers:            3252 kB
Cached:          1088396 kB
SwapCached:        30924 kB
Active:          5087116 kB
Inactive:         181688 kB
Active(anon):    4173432 kB
Inactive(anon):    21624 kB
Active(file):     913684 kB
Inactive(file):   160064 kB
Unevictable:        6544 kB
Mlocked:            6104 kB
SwapTotal:       4718584 kB
SwapFree:        3971496 kB
Dirty:               244 kB
Writeback:             0 kB
AnonPages:       4166740 kB
Mapped:           625232 kB
Shmem:             13092 kB
KReclaimable:     498996 kB
Slab:             312260 kB
SReclaimable:      85520 kB
SUnreclaim:       226740 kB
KernelStack:       46176 kB
ShadowCallStack:   11568 kB
PageTables:        77724 kB
NFS_Unstable:          0 kB
Bounce:                0 kB
WritebackTmp:          0 kB
CommitLimit:     8677876 kB
Committed_AS:   70223908 kB
VmallocTotal:   263061440 kB
VmallocUsed:      128212 kB
VmallocChunk:          0 kB
Percpu:             2520 kB
CmaTotal:         405504 kB
CmaFree:               0 kB
MemTotal:        7918584 kB
MemFree:          234488 kB
MemAvailable:    1369960 kB
Buffers:            3252 kB
Cached:          1047900 kB
SwapCached:        30924 kB
Active:          5131944 kB
Inactive:         141020 kB
Active(anon):    4218260 kB
Inactive(anon):    21624 kB
Active(file):     913684 kB
Inactive(file):   119396 kB
Unevictable:        6544 kB
Mlocked:            6104 kB
SwapTotal:       4718584 kB
SwapFree:        3971496 kB
Dirty:               244 kB
Writeback:             0 kB
AnonPages:       4211608 kB
Mapped:           625592 kB
Shmem:             13092 kB
KReclaimable:     492616 kB
Slab:             311424 kB
SReclaimable:      84692 kB
SUnreclaim:       226732 kB
KernelStack:       46112 kB
ShadowCallStack:   11560 kB
PageTables:        77828 kB
NFS_Unstable:          0 kB
Bounce:                0 kB
WritebackTmp:          0 kB
CommitLimit:     8677876 kB
Committed_AS:   70322108 kB
VmallocTotal:   263061440 kB
VmallocUsed:      128168 kB
VmallocChunk:          0 kB
Percpu:             2520 kB
CmaTotal:         405504 kB
CmaFree:               0 kB
MemTotal:        7918584 kB
MemFree:          234952 kB
MemAvailable:    1326856 kB
Buffers:            3332 kB
Cached:          1009856 kB
SwapCached:        30924 kB
Active:          5174012 kB
Inactive:         103220 kB
Active(anon):    4260324 kB
Inactive(anon):    21620 kB
Active(file):     913688 kB
Inactive(file):    81600 kB
Unevictable:        6544 kB
Mlocked:            6104 kB
SwapTotal:       4718584 kB
SwapFree:        3971496 kB
Dirty:               292 kB
Writeback:             0 kB
AnonPages:       4253688 kB
Mapped:           625876 kB
Shmem:             13092 kB
KReclaimable:     486840 kB
Slab:             310896 kB
SReclaimable:      84140 kB
SUnreclaim:       226756 kB
KernelStack:       46080 kB
ShadowCallStack:   11544 kB
PageTables:        78372 kB
NFS_Unstable:          0 kB
Bounce:                0 kB
WritebackTmp:          0 kB
CommitLimit:     8677876 kB
Committed_AS:   70436640 kB
VmallocTotal:   263061440 kB
VmallocUsed:      128104 kB
VmallocChunk:          0 kB
Percpu:             2520 kB
CmaTotal:         405504 kB
CmaFree:               0 kB
MemTotal:        7918584 kB
MemFree:          233408 kB
MemAvailable:    1259788 kB
Buffers:             736 kB
Cached:           960040 kB
SwapCached:        30924 kB
Active:          5257252 kB
Inactive:          35000 kB
Active(anon):    4327756 kB
Inactive(anon):    21620 kB
Active(file):     929496 kB
Inactive(file):    13380 kB
Unevictable:        6544 kB
Mlocked:            6104 kB
SwapTotal:       4718584 kB
SwapFree:        3971496 kB
Dirty:               296 kB
Writeback:             0 kB
AnonPages:       4321080 kB
Mapped:           624356 kB
Shmem:             13092 kB
KReclaimable:     473728 kB
Slab:             307788 kB
SReclaimable:      81004 kB
SUnreclaim:       226784 kB
KernelStack:       46048 kB
ShadowCallStack:   11536 kB
PageTables:        78420 kB
NFS_Unstable:          0 kB
Bounce:                0 kB
WritebackTmp:          0 kB
CommitLimit:     8677876 kB
Committed_AS:   70567608 kB
VmallocTotal:   263061440 kB
VmallocUsed:      128064 kB
VmallocChunk:          0 kB
Percpu:             2520 kB
CmaTotal:         405504 kB
CmaFree:              24 kB
MemTotal:        7918584 kB
MemFree:          245564 kB
MemAvailable:    1235184 kB
Buffers:             672 kB
Cached:           950712 kB
SwapCached:        19872 kB
Active:          1199180 kB
Inactive:        4091744 kB
Active(anon):    1020924 kB
Inactive(anon):  3336140 kB
Active(file):     178256 kB
Inactive(file):   755604 kB
Unevictable:        6544 kB
Mlocked:            6104 kB
SwapTotal:       4718584 kB
SwapFree:        3945384 kB
Dirty:               308 kB
Writeback:             0 kB
AnonPages:       4338000 kB
Mapped:           619120 kB
Shmem:             12712 kB
KReclaimable:     454176 kB
Slab:             307820 kB
SReclaimable:      80996 kB
SUnreclaim:       226824 kB
KernelStack:       46048 kB
ShadowCallStack:   11544 kB
PageTables:        78700 kB
NFS_Unstable:          0 kB
Bounce:                0 kB
WritebackTmp:          0 kB
CommitLimit:     8677876 kB
Committed_AS:   70665860 kB
VmallocTotal:   263061440 kB
VmallocUsed:      128048 kB
VmallocChunk:          0 kB
Percpu:             2520 kB
CmaTotal:         405504 kB
CmaFree:               0 kB
MemTotal:        7918584 kB
MemFree:          242184 kB
MemAvailable:    1203948 kB
Buffers:             676 kB
Cached:           950208 kB
SwapCached:        10020 kB
Active:          1284156 kB
Inactive:        4010428 kB
Active(anon):    1105900 kB
Inactive(anon):  3254776 kB
Active(file):     178256 kB
Inactive(file):   755652 kB
Unevictable:        6544 kB
Mlocked:            6104 kB
SwapTotal:       4718584 kB
SwapFree:        3905192 kB
Dirty:               312 kB
Writeback:             4 kB
AnonPages:       4349184 kB
Mapped:           619128 kB
Shmem:             12156 kB
KReclaimable:     442656 kB
Slab:             307896 kB
SReclaimable:      80996 kB
SUnreclaim:       226900 kB
KernelStack:       45968 kB
ShadowCallStack:   11516 kB
PageTables:        78800 kB
NFS_Unstable:          0 kB
Bounce:                0 kB
WritebackTmp:          0 kB
CommitLimit:     8677876 kB
Committed_AS:   70780288 kB
VmallocTotal:   263061440 kB
VmallocUsed:      127984 kB
VmallocChunk:          0 kB
Percpu:             2520 kB
CmaTotal:         405504 kB
CmaFree:               0 kB
MemTotal:        7918584 kB
MemFree:          244196 kB
MemAvailable:    1174160 kB
Buffers:             644 kB
Cached:           921328 kB
SwapCached:         8180 kB
Active:          1488616 kB
Inactive:        3831348 kB
Active(anon):    1292704 kB
Inactive(anon):  3122132 kB
Active(file):     195912 kB
Inactive(file):   709216 kB
Unevictable:        6544 kB
Mlocked:            6104 kB
SwapTotal:       4718584 kB
SwapFree:        3898792 kB
Dirty:               324 kB
Writeback:             0 kB
AnonPages:       4404644 kB
Mapped:           604880 kB
Shmem:             12036 kB
KReclaimable:     415060 kB
Slab:             308068 kB
SReclaimable:      80992 kB
SUnreclaim:       227076 kB
KernelStack:       45904 kB
ShadowCallStack:   11500 kB
PageTables:        79152 kB
NFS_Unstable:          0 kB
Bounce:                0 kB
WritebackTmp:          0 kB
CommitLimit:     8677876 kB
Committed_AS:   70911204 kB
VmallocTotal:   263061440 kB
VmallocUsed:      127900 kB
VmallocChunk:          0 kB
Percpu:             2520 kB
CmaTotal:         405504 kB
CmaFree:               0 kB
MemTotal:        7918584 kB
MemFree:          241684 kB
MemAvailable:    1121716 kB
Buffers:             640 kB
Cached:           888364 kB
SwapCached:         8180 kB
Active:          1543224 kB
Inactive:        3795036 kB
Active(anon):    1343972 kB
Inactive(anon):  3122132 kB
Active(file):     199252 kB
Inactive(file):   672904 kB
Unevictable:        6544 kB
Mlocked:            6104 kB
SwapTotal:       4718584 kB
SwapFree:        3898792 kB
Dirty:               328 kB
Writeback:             0 kB
AnonPages:       4455624 kB
Mapped:           588172 kB
Shmem:             12040 kB
KReclaimable:     398100 kB
Slab:             307992 kB
SReclaimable:      80992 kB
SUnreclaim:       227000 kB
KernelStack:       45888 kB
ShadowCallStack:   11508 kB
PageTables:        79240 kB
NFS_Unstable:          0 kB
Bounce:                0 kB
WritebackTmp:          0 kB
CommitLimit:     8677876 kB
Committed_AS:   71009512 kB
VmallocTotal:   263061440 kB
VmallocUsed:      127904 kB
VmallocChunk:          0 kB
Percpu:             2520 kB
CmaTotal:         405504 kB
CmaFree:               0 kB
MemTotal:        7918584 kB
MemFree:          244680 kB
MemAvailable:    1066200 kB
Buffers:             636 kB
Cached:           847424 kB
SwapCached:         8180 kB
Active:          1605948 kB
Inactive:        3747436 kB
Active(anon):    1400052 kB
Inactive(anon):  3122120 kB
Active(file):     205896 kB
Inactive(file):   625316 kB
Unevictable:        6544 kB
Mlocked:            6104 kB
SwapTotal:       4718584 kB
SwapFree:        3898792 kB
Dirty:               328 kB
Writeback:             0 kB
AnonPages:       4511808 kB
Mapped:           568540 kB
Shmem:             12040 kB
KReclaimable:     380532 kB
Slab:             308004 kB
SReclaimable:      80992 kB
SUnreclaim:       227012 kB
KernelStack:       45920 kB
ShadowCallStack:   11504 kB
PageTables:        79516 kB
NFS_Unstable:          0 kB
Bounce:                0 kB
WritebackTmp:          0 kB
CommitLimit:     8677876 kB
Committed_AS:   71140584 kB
VmallocTotal:   263061440 kB
VmallocUsed:      127900 kB
VmallocChunk:          0 kB
Percpu:             2520 kB
CmaTotal:         405504 kB
CmaFree:               0 kB
MemTotal:        7918584 kB
MemFree:          236140 kB
MemAvailable:     992216 kB
Buffers:             644 kB
Cached:           821864 kB
SwapCached:         8152 kB
Active:          1720024 kB
Inactive:        3663140 kB
Active(anon):    1510868 kB
Inactive(anon):  3066568 kB
Active(file):     209156 kB
Inactive(file):   596572 kB
Unevictable:        6544 kB
Mlocked:            6104 kB
SwapTotal:       4718584 kB
SwapFree:        3895976 kB
Dirty:               340 kB
Writeback:             4 kB
AnonPages:       4567452 kB
Mapped:           557308 kB
Shmem:             11972 kB
KReclaimable:     356956 kB
Slab:             308008 kB
SReclaimable:      80992 kB
SUnreclaim:       227016 kB
KernelStack:       45920 kB
ShadowCallStack:   11504 kB
PageTables:        79788 kB
NFS_Unstable:          0 kB
Bounce:                0 kB
WritebackTmp:          0 kB
CommitLimit:     8677876 kB
Committed_AS:   71255280 kB
VmallocTotal:   263061440 kB
VmallocUsed:      127904 kB
VmallocChunk:          0 kB
Percpu:             2520 kB
CmaTotal:         405504 kB
CmaFree:               0 kB
MemTotal:        7918584 kB
MemFree:          222008 kB
MemAvailable:     823672 kB
Buffers:             648 kB
Cached:           806400 kB
SwapCached:         8136 kB
Active:          2236152 kB
Inactive:        3212264 kB
Active(anon):    2017816 kB
Inactive(anon):  2640344 kB
Active(file):     218336 kB
Inactive(file):   571920 kB
Unevictable:        6544 kB
Mlocked:            6104 kB
SwapTotal:       4718584 kB
SwapFree:        3893160 kB
Dirty:               340 kB
Writeback:             0 kB
AnonPages:       4647500 kB
Mapped:           552932 kB
Shmem:             11988 kB
KReclaimable:     185316 kB
Slab:             308128 kB
SReclaimable:      80992 kB
SUnreclaim:       227136 kB
KernelStack:       45984 kB
ShadowCallStack:   11520 kB
PageTables:        79980 kB
NFS_Unstable:          0 kB
Bounce:                0 kB
WritebackTmp:          0 kB
CommitLimit:     8677876 kB
Committed_AS:   71370360 kB
VmallocTotal:   263061440 kB
VmallocUsed:      128008 kB
VmallocChunk:          0 kB
Percpu:             2520 kB
CmaTotal:         405504 kB
CmaFree:               0 kB
MemTotal:        7918584 kB
MemFree:          265464 kB
MemAvailable:     849828 kB
Buffers:             648 kB
Cached:           804132 kB
SwapCached:         8072 kB
Active:          3586036 kB
Inactive:        1861200 kB
Active(anon):    3365932 kB
Inactive(anon):  1293412 kB
Active(file):     220104 kB
Inactive(file):   567788 kB
Unevictable:        6544 kB
Mlocked:            6104 kB
SwapTotal:       4718584 kB
SwapFree:        3820200 kB
Dirty:               504 kB
Writeback:             0 kB
AnonPages:       4648844 kB
Mapped:           552812 kB
Shmem:             12080 kB
KReclaimable:     130868 kB
Slab:             308240 kB
SReclaimable:      80992 kB
SUnreclaim:       227248 kB
KernelStack:       46016 kB
ShadowCallStack:   11524 kB
PageTables:        80148 kB
NFS_Unstable:          0 kB
Bounce:                0 kB
WritebackTmp:          0 kB
CommitLimit:     8677876 kB
Committed_AS:   71484948 kB
VmallocTotal:   263061440 kB
VmallocUsed:      128056 kB
VmallocChunk:          0 kB
Percpu:             2520 kB
CmaTotal:         405504 kB
CmaFree:               0 kB
MemTotal:        7918584 kB
MemFree:          239032 kB
MemAvailable:     897316 kB
Buffers:             672 kB
Cached:           804132 kB
SwapCached:         8072 kB
Active:          3610436 kB
Inactive:        1861164 kB
Active(anon):    3390256 kB
Inactive(anon):  1293324 kB
Active(file):     220180 kB
Inactive(file):   567840 kB
Unevictable:        6544 kB
Mlocked:            6104 kB
SwapTotal:       4718584 kB
SwapFree:        3820200 kB
Dirty:               544 kB
Writeback:             0 kB
AnonPages:       4673288 kB
Mapped:           552840 kB
Shmem:             11976 kB
KReclaimable:     260488 kB
Slab:             308216 kB
SReclaimable:      80992 kB
SUnreclaim:       227224 kB
KernelStack:       45888 kB
ShadowCallStack:   11500 kB
PageTables:        80340 kB
NFS_Unstable:          0 kB
Bounce:                0 kB
WritebackTmp:          0 kB
CommitLimit:     8677876 kB
Committed_AS:   71616148 kB
VmallocTotal:   263061440 kB
VmallocUsed:      127884 kB
VmallocChunk:          0 kB
Percpu:             2520 kB
CmaTotal:         405504 kB
CmaFree:              80 kB
MemTotal:        7918584 kB
MemFree:          230504 kB
MemAvailable:     885268 kB
Buffers:             672 kB
Cached:           804416 kB
SwapCached:         8072 kB
Active:          3680000 kB
Inactive:        1800124 kB
Active(anon):    3459476 kB
Inactive(anon):  1232284 kB
Active(file):     220524 kB
Inactive(file):   567840 kB
Unevictable:        6544 kB
Mlocked:            6104 kB
SwapTotal:       4718584 kB
SwapFree:        3767720 kB
Dirty:               180 kB
Writeback:             0 kB
AnonPages:       4681760 kB
Mapped:           553516 kB
Shmem:             11928 kB
KReclaimable:     256624 kB
Slab:             308236 kB
SReclaimable:      80992 kB
SUnreclaim:       227244 kB
KernelStack:       45872 kB
ShadowCallStack:   11492 kB
PageTables:        80296 kB
NFS_Unstable:          0 kB
Bounce:                0 kB
WritebackTmp:          0 kB
CommitLimit:     8677876 kB
Committed_AS:   71730832 kB
VmallocTotal:   263061440 kB
VmallocUsed:      127880 kB
VmallocChunk:          0 kB
Percpu:             2520 kB
CmaTotal:         405504 kB
CmaFree:               0 kB
MemTotal:        7918584 kB
MemFree:          240868 kB
MemAvailable:     888288 kB
Buffers:             672 kB
Cached:           804360 kB
SwapCached:         7664 kB
Active:          3770500 kB
Inactive:        1698464 kB
Active(anon):    3549476 kB
Inactive(anon):  1130616 kB
Active(file):     221024 kB
Inactive(file):   567848 kB
Unevictable:        6544 kB
Mlocked:            6104 kB
SwapTotal:       4718584 kB
SwapFree:        3701416 kB
Dirty:               208 kB
Writeback:             4 kB
AnonPages:       4670388 kB
Mapped:           553136 kB
Shmem:             11396 kB
KReclaimable:     248772 kB
Slab:             308416 kB
SReclaimable:      80992 kB
SUnreclaim:       227424 kB
KernelStack:       45920 kB
ShadowCallStack:   11496 kB
PageTables:        80760 kB
NFS_Unstable:          0 kB
Bounce:                0 kB
WritebackTmp:          0 kB
CommitLimit:     8677876 kB
Committed_AS:   71829148 kB
VmallocTotal:   263061440 kB
VmallocUsed:      127884 kB
VmallocChunk:          0 kB
Percpu:             2520 kB
CmaTotal:         405504 kB
CmaFree:            8280 kB
MemTotal:        7918584 kB
MemFree:          376004 kB
MemAvailable:    1008584 kB
Buffers:             672 kB
Cached:           805824 kB
SwapCached:         7672 kB
Active:          2978124 kB
Inactive:        2366772 kB
Active(anon):    2862148 kB
Inactive(anon):  1692308 kB
Active(file):     115976 kB
Inactive(file):   674464 kB
Unevictable:        6544 kB
Mlocked:            6104 kB
SwapTotal:       4718584 kB
SwapFree:        3517352 kB
Dirty:               232 kB
Writeback:             0 kB
AnonPages:       4544828 kB
Mapped:           553932 kB
Shmem:             11248 kB
KReclaimable:     238588 kB
Slab:             308380 kB
SReclaimable:      81040 kB
SUnreclaim:       227340 kB
KernelStack:       45872 kB
ShadowCallStack:   11488 kB
PageTables:        81064 kB
NFS_Unstable:          0 kB
Bounce:                0 kB
WritebackTmp:          0 kB
CommitLimit:     8677876 kB
Committed_AS:   71960224 kB
VmallocTotal:   263061440 kB
VmallocUsed:      127868 kB
VmallocChunk:          0 kB
Percpu:             2520 kB
CmaTotal:         405504 kB
CmaFree:          139932 kB
MemTotal:        7918584 kB
MemFree:          357712 kB
MemAvailable:     992696 kB
Buffers:             672 kB
Cached:           805828 kB
SwapCached:         7668 kB
Active:          3046024 kB
Inactive:        2320372 kB
Active(anon):    2930044 kB
Inactive(anon):  1645908 kB
Active(file):     115980 kB
Inactive(file):   674464 kB
Unevictable:        6544 kB
Mlocked:            6104 kB
SwapTotal:       4718584 kB
SwapFree:        3471784 kB
Dirty:               232 kB
Writeback:             0 kB
AnonPages:       4566380 kB
Mapped:           554596 kB
Shmem:             11248 kB
KReclaimable:     235196 kB
Slab:             308472 kB
SReclaimable:      81040 kB
SUnreclaim:       227432 kB
KernelStack:       45888 kB
ShadowCallStack:   11500 kB
PageTables:        81416 kB
NFS_Unstable:          0 kB
Bounce:                0 kB
WritebackTmp:          0 kB
CommitLimit:     8677876 kB
Committed_AS:   72107680 kB
VmallocTotal:   263061440 kB
VmallocUsed:      127880 kB
VmallocChunk:          0 kB
Percpu:             2520 kB
CmaTotal:         405504 kB
CmaFree:          113472 kB
MemTotal:        7918584 kB
MemFree:          311072 kB
MemAvailable:     945788 kB
Buffers:             672 kB
Cached:           805828 kB
SwapCached:         7668 kB
Active:          3091024 kB
Inactive:        2320364 kB
Active(anon):    2975044 kB
Inactive(anon):  1645900 kB
Active(file):     115980 kB
Inactive(file):   674464 kB
Unevictable:        6544 kB
Mlocked:            6104 kB
SwapTotal:       4718584 kB
SwapFree:        3471784 kB
Dirty:               232 kB
Writeback:             0 kB
AnonPages:       4611448 kB
Mapped:           555008 kB
Shmem:             11248 kB
KReclaimable:     234660 kB
Slab:             308524 kB
SReclaimable:      81040 kB
SUnreclaim:       227484 kB
KernelStack:       45904 kB
ShadowCallStack:   11500 kB
PageTables:        81612 kB
NFS_Unstable:          0 kB
Bounce:                0 kB
WritebackTmp:          0 kB
CommitLimit:     8677876 kB
Committed_AS:   72189600 kB
VmallocTotal:   263061440 kB
VmallocUsed:      127884 kB
VmallocChunk:          0 kB
Percpu:             2520 kB
CmaTotal:         405504 kB
CmaFree:           67860 kB
MemTotal:        7918584 kB
MemFree:          263332 kB
MemAvailable:     898260 kB
Buffers:             680 kB
Cached:           806216 kB
SwapCached:         7672 kB
Active:          3139472 kB
Inactive:        2320284 kB
Active(anon):    3023104 kB
Inactive(anon):  1645812 kB
Active(file):     116368 kB
Inactive(file):   674472 kB
Unevictable:        6544 kB
Mlocked:            6104 kB
SwapTotal:       4718584 kB
SwapFree:        3471784 kB
Dirty:               284 kB
Writeback:             0 kB
AnonPages:       4659440 kB
Mapped:           555468 kB
Shmem:             11248 kB
KReclaimable:     234292 kB
Slab:             308496 kB
SReclaimable:      81040 kB
SUnreclaim:       227456 kB
KernelStack:       45888 kB
ShadowCallStack:   11496 kB
PageTables:        81840 kB
NFS_Unstable:          0 kB
Bounce:                0 kB
WritebackTmp:          0 kB
CommitLimit:     8677876 kB
Committed_AS:   72287904 kB
VmallocTotal:   263061440 kB
VmallocUsed:      127868 kB
VmallocChunk:          0 kB
Percpu:             2520 kB
CmaTotal:         405504 kB
CmaFree:           19908 kB
MemTotal:        7918584 kB
MemFree:          224840 kB
MemAvailable:     859344 kB
Buffers:             680 kB
Cached:           806732 kB
SwapCached:         7672 kB
Active:          3205244 kB
Inactive:        2292264 kB
Active(anon):    3088440 kB
Inactive(anon):  1617772 kB
Active(file):     116804 kB
Inactive(file):   674492 kB
Unevictable:        6544 kB
Mlocked:            6104 kB
SwapTotal:       4718584 kB
SwapFree:        3444904 kB
Dirty:               304 kB
Writeback:             0 kB
AnonPages:       4696564 kB
Mapped:           556016 kB
Shmem:             11320 kB
KReclaimable:     232532 kB
Slab:             308496 kB
SReclaimable:      81040 kB
SUnreclaim:       227456 kB
KernelStack:       45888 kB
ShadowCallStack:   11500 kB
PageTables:        81764 kB
NFS_Unstable:          0 kB
Bounce:                0 kB
WritebackTmp:          0 kB
CommitLimit:     8677876 kB
Committed_AS:   72402596 kB
VmallocTotal:   263061440 kB
VmallocUsed:      127896 kB
VmallocChunk:          0 kB
Percpu:             2520 kB
CmaTotal:         405504 kB
CmaFree:               0 kB
MemTotal:        7918584 kB
MemFree:          211340 kB
MemAvailable:     849976 kB
Buffers:             680 kB
Cached:           808104 kB
SwapCached:         7672 kB
Active:          3268008 kB
Inactive:        2245588 kB
Active(anon):    3149844 kB
Inactive(anon):  1571096 kB
Active(file):     118164 kB
Inactive(file):   674492 kB
Unevictable:        6544 kB
Mlocked:            6104 kB
SwapTotal:       4718584 kB
SwapFree:        3399080 kB
Dirty:               304 kB
Writeback:             0 kB
AnonPages:       4711208 kB
Mapped:           556716 kB
Shmem:             11320 kB
KReclaimable:     229884 kB
Slab:             308536 kB
SReclaimable:      81040 kB
SUnreclaim:       227496 kB
KernelStack:       45904 kB
ShadowCallStack:   11512 kB
PageTables:        82068 kB
NFS_Unstable:          0 kB
Bounce:                0 kB
WritebackTmp:          0 kB
CommitLimit:     8677876 kB
Committed_AS:   72500896 kB
VmallocTotal:   263061440 kB
VmallocUsed:      127888 kB
VmallocChunk:          0 kB
Percpu:             2520 kB
CmaTotal:         405504 kB
CmaFree:               0 kB
MemTotal:        7918584 kB
MemFree:          200440 kB
MemAvailable:     833728 kB
Buffers:             680 kB
Cached:           808120 kB
SwapCached:         7672 kB
Active:          3329988 kB
Inactive:        2195568 kB
Active(anon):    3211824 kB
Inactive(anon):  1521064 kB
Active(file):     118164 kB
Inactive(file):   674504 kB
Unevictable:        6544 kB
Mlocked:            6104 kB
SwapTotal:       4718584 kB
SwapFree:        3351208 kB
Dirty:               312 kB
Writeback:             0 kB
AnonPages:       4723296 kB
Mapped:           557104 kB
Shmem:             11332 kB
KReclaimable:     227356 kB
Slab:             308716 kB
SReclaimable:      81040 kB
SUnreclaim:       227676 kB
KernelStack:       45888 kB
ShadowCallStack:   11508 kB
PageTables:        82608 kB
NFS_Unstable:          0 kB
Bounce:                0 kB
WritebackTmp:          0 kB
CommitLimit:     8677876 kB
Committed_AS:   72631968 kB
VmallocTotal:   263061440 kB
VmallocUsed:      127888 kB
VmallocChunk:          0 kB
Percpu:             2520 kB
CmaTotal:         405504 kB
CmaFree:               8 kB
MemTotal:        7918584 kB
MemFree:          188056 kB
MemAvailable:     824248 kB
Buffers:             680 kB
Cached:           808128 kB
SwapCached:         7672 kB
Active:          3394252 kB
Inactive:        2144580 kB
Active(anon):    3276088 kB
Inactive(anon):  1470076 kB
Active(file):     118164 kB
Inactive(file):   674504 kB
Unevictable:        6544 kB
Mlocked:            6104 kB
SwapTotal:       4718584 kB
SwapFree:        3300776 kB
Dirty:               332 kB
Writeback:             0 kB
AnonPages:       4736484 kB
Mapped:           557628 kB
Shmem:             11332 kB
KReclaimable:     224972 kB
Slab:             308660 kB
SReclaimable:      80992 kB
SUnreclaim:       227668 kB
KernelStack:       45936 kB
ShadowCallStack:   11504 kB
PageTables:        82728 kB
NFS_Unstable:          0 kB
Bounce:                0 kB
WritebackTmp:          0 kB
CommitLimit:     8677876 kB
Committed_AS:   72763044 kB
VmallocTotal:   263061440 kB
VmallocUsed:      127900 kB
VmallocChunk:          0 kB
Percpu:             2520 kB
CmaTotal:         405504 kB
CmaFree:               4 kB
MemTotal:        7918584 kB
MemFree:          177880 kB
MemAvailable:     812852 kB
Buffers:             708 kB
Cached:           808132 kB
SwapCached:         7672 kB
Active:          3450688 kB
Inactive:        2099772 kB
Active(anon):    3332524 kB
Inactive(anon):  1425232 kB
Active(file):     118164 kB
Inactive(file):   674540 kB
Unevictable:        6544 kB
Mlocked:            6104 kB
SwapTotal:       4718584 kB
SwapFree:        3256744 kB
Dirty:               336 kB
Writeback:             0 kB
AnonPages:       4748052 kB
Mapped:           557936 kB
Shmem:             11332 kB
KReclaimable:     222460 kB
Slab:             308592 kB
SReclaimable:      80992 kB
SUnreclaim:       227600 kB
KernelStack:       45872 kB
ShadowCallStack:   11500 kB
PageTables:        82716 kB
NFS_Unstable:          0 kB
Bounce:                0 kB
WritebackTmp:          0 kB
CommitLimit:     8677876 kB
Committed_AS:   72844964 kB
VmallocTotal:   263061440 kB
VmallocUsed:      127888 kB
VmallocChunk:          0 kB
Percpu:             2520 kB
CmaTotal:         405504 kB
CmaFree:               0 kB
MemTotal:        7918584 kB
MemFree:          165552 kB
MemAvailable:     788492 kB
Buffers:             716 kB
Cached:           809532 kB
SwapCached:         7676 kB
Active:          3514036 kB
Inactive:        2049956 kB
Active(anon):    3394512 kB
Inactive(anon):  1375400 kB
Active(file):     119524 kB
Inactive(file):   674556 kB
Unevictable:        6544 kB
Mlocked:            6104 kB
SwapTotal:       4718584 kB
SwapFree:        3207848 kB
Dirty:               208 kB
Writeback:            20 kB
AnonPages:       4760216 kB
Mapped:           558704 kB
Shmem:             11336 kB
KReclaimable:     220220 kB
Slab:             308720 kB
SReclaimable:      80992 kB
SUnreclaim:       227728 kB
KernelStack:       45952 kB
ShadowCallStack:   11504 kB
PageTables:        83140 kB
NFS_Unstable:          0 kB
Bounce:                0 kB
WritebackTmp:          0 kB
CommitLimit:     8677876 kB
Committed_AS:   72976040 kB
VmallocTotal:   263061440 kB
VmallocUsed:      127900 kB
VmallocChunk:          0 kB
Percpu:             2520 kB
CmaTotal:         405504 kB
CmaFree:               0 kB
MemTotal:        7918584 kB
MemFree:          154112 kB
MemAvailable:     777972 kB
Buffers:             716 kB
Cached:           811788 kB
SwapCached:         7696 kB
Active:          3584420 kB
Inactive:        1993024 kB
Active(anon):    3462612 kB
Inactive(anon):  1318464 kB
Active(file):     121808 kB
Inactive(file):   674560 kB
Unevictable:        6544 kB
Mlocked:            6104 kB
SwapTotal:       4718584 kB
SwapFree:        3152552 kB
Dirty:                80 kB
Writeback:             0 kB
AnonPages:       4771332 kB
Mapped:           559372 kB
Shmem:             11336 kB
KReclaimable:     217484 kB
Slab:             308592 kB
SReclaimable:      80992 kB
SUnreclaim:       227600 kB
KernelStack:       46016 kB
ShadowCallStack:   11520 kB
PageTables:        83320 kB
NFS_Unstable:          0 kB
Bounce:                0 kB
WritebackTmp:          0 kB
CommitLimit:     8677876 kB
Committed_AS:   73090728 kB
VmallocTotal:   263061440 kB
VmallocUsed:      128020 kB
VmallocChunk:          0 kB
Percpu:             2520 kB
CmaTotal:         405504 kB
CmaFree:               0 kB
MemTotal:        7918584 kB
MemFree:          145700 kB
MemAvailable:     765472 kB
Buffers:             716 kB
Cached:           812480 kB
SwapCached:         7708 kB
Active:          3621100 kB
Inactive:        1965116 kB
Active(anon):    3498616 kB
Inactive(anon):  1290548 kB
Active(file):     122484 kB
Inactive(file):   674568 kB
Unevictable:        6544 kB
Mlocked:            6104 kB
SwapTotal:       4718584 kB
SwapFree:        3125416 kB
Dirty:                92 kB
Writeback:             4 kB
AnonPages:       4779592 kB
Mapped:           559860 kB
Shmem:             11336 kB
KReclaimable:     216132 kB
Slab:             308612 kB
SReclaimable:      80992 kB
SUnreclaim:       227620 kB
KernelStack:       46032 kB
ShadowCallStack:   11532 kB
PageTables:        83480 kB
NFS_Unstable:          0 kB
Bounce:                0 kB
WritebackTmp:          0 kB
CommitLimit:     8677876 kB
Committed_AS:   73156264 kB
VmallocTotal:   263061440 kB
VmallocUsed:      128024 kB
VmallocChunk:          0 kB
Percpu:             2520 kB
CmaTotal:         405504 kB
CmaFree:              44 kB
MemTotal:        7918584 kB
MemFree:          133760 kB
MemAvailable:     756652 kB
Buffers:             716 kB
Cached:           813372 kB
SwapCached:         7712 kB
Active:          3703184 kB
Inactive:        1895252 kB
Active(anon):    3579948 kB
Inactive(anon):  1220684 kB
Active(file):     123236 kB
Inactive(file):   674568 kB
Unevictable:        6544 kB
Mlocked:            6104 kB
SwapTotal:       4718584 kB
SwapFree:        3057832 kB
Dirty:                92 kB
Writeback:             0 kB
AnonPages:       4791000 kB
Mapped:           560476 kB
Shmem:             11336 kB
KReclaimable:     212676 kB
Slab:             308668 kB
SReclaimable:      80992 kB
SUnreclaim:       227676 kB
KernelStack:       45968 kB
ShadowCallStack:   11512 kB
PageTables:        83560 kB
NFS_Unstable:          0 kB
Bounce:                0 kB
WritebackTmp:          0 kB
CommitLimit:     8677876 kB
Committed_AS:   73287340 kB
VmallocTotal:   263061440 kB
VmallocUsed:      127996 kB
VmallocChunk:          0 kB
Percpu:             2520 kB
CmaTotal:         405504 kB
CmaFree:             212 kB
MemTotal:        7918584 kB
MemFree:          130300 kB
MemAvailable:     765396 kB
Buffers:             724 kB
Cached:           814400 kB
SwapCached:         7716 kB
Active:          3769344 kB
Inactive:        1834184 kB
Active(anon):    3644952 kB
Inactive(anon):  1159608 kB
Active(file):     124392 kB
Inactive(file):   674576 kB
Unevictable:        6544 kB
Mlocked:            6104 kB
SwapTotal:       4718584 kB
SwapFree:        2998952 kB
Dirty:               144 kB
Writeback:            12 kB
AnonPages:       4795248 kB
Mapped:           560736 kB
Shmem:             11336 kB
KReclaimable:     210180 kB
Slab:             308828 kB
SReclaimable:      80992 kB
SUnreclaim:       227836 kB
KernelStack:       46016 kB
ShadowCallStack:   11520 kB
PageTables:        84264 kB
NFS_Unstable:          0 kB
Bounce:                0 kB
WritebackTmp:          0 kB
CommitLimit:     8677876 kB
Committed_AS:   73434788 kB
VmallocTotal:   263061440 kB
VmallocUsed:      127980 kB
VmallocChunk:          0 kB
Percpu:             2520 kB
CmaTotal:         405504 kB
CmaFree:               4 kB
MemTotal:        7918584 kB
MemFree:          128748 kB
MemAvailable:     635944 kB
Buffers:             724 kB
Cached:           814396 kB
SwapCached:         7712 kB
Active:          3819368 kB
Inactive:        1787300 kB
Active(anon):    3694976 kB
Inactive(anon):  1112720 kB
Active(file):     124392 kB
Inactive(file):   674580 kB
Unevictable:        6544 kB
Mlocked:            6104 kB
SwapTotal:       4718584 kB
SwapFree:        2954408 kB
Dirty:               144 kB
Writeback:             0 kB
AnonPages:       4797988 kB
Mapped:           561208 kB
Shmem:             11336 kB
KReclaimable:     208324 kB
Slab:             308596 kB
SReclaimable:      80992 kB
SUnreclaim:       227604 kB
KernelStack:       45952 kB
ShadowCallStack:   11516 kB
PageTables:        83940 kB
NFS_Unstable:          0 kB
Bounce:                0 kB
WritebackTmp:          0 kB
CommitLimit:     8677876 kB
Committed_AS:   73516712 kB
VmallocTotal:   263061440 kB
VmallocUsed:      127984 kB
VmallocChunk:          0 kB
Percpu:             2520 kB
CmaTotal:         405504 kB
CmaFree:               0 kB
MemTotal:        7918584 kB
MemFree:          125448 kB
MemAvailable:     758084 kB
Buffers:             732 kB
Cached:           814412 kB
SwapCached:         7712 kB
Active:          3889764 kB
Inactive:        1721420 kB
Active(anon):    3765372 kB
Inactive(anon):  1046816 kB
Active(file):     124392 kB
Inactive(file):   674604 kB
Unevictable:        6544 kB
Mlocked:            6104 kB
SwapTotal:       4718584 kB
SwapFree:        2889896 kB
Dirty:               176 kB
Writeback:             0 kB
AnonPages:       4802608 kB
Mapped:           561752 kB
Shmem:             11340 kB
KReclaimable:     205204 kB
Slab:             308684 kB
SReclaimable:      80992 kB
SUnreclaim:       227692 kB
KernelStack:       45984 kB
ShadowCallStack:   11528 kB
PageTables:        84440 kB
NFS_Unstable:          0 kB
Bounce:                0 kB
WritebackTmp:          0 kB
CommitLimit:     8677876 kB
Committed_AS:   73631400 kB
VmallocTotal:   263061440 kB
VmallocUsed:      127992 kB
VmallocChunk:          0 kB
Percpu:             2520 kB
CmaTotal:         405504 kB
CmaFree:               0 kB
MemTotal:        7918584 kB
MemFree:          125456 kB
MemAvailable:     757548 kB
Buffers:             732 kB
Cached:           814856 kB
SwapCached:         7712 kB
Active:          3945288 kB
Inactive:        1665900 kB
Active(anon):    3820452 kB
Inactive(anon):   991296 kB
Active(file):     124836 kB
Inactive(file):   674604 kB
Unevictable:        6544 kB
Mlocked:            6104 kB
SwapTotal:       4718584 kB
SwapFree:        2836392 kB
Dirty:               176 kB
Writeback:             0 kB
AnonPages:       4802004 kB
Mapped:           561964 kB
Shmem:             11340 kB
KReclaimable:     203228 kB
Slab:             308700 kB
SReclaimable:      80992 kB
SUnreclaim:       227708 kB
KernelStack:       45984 kB
ShadowCallStack:   11516 kB
PageTables:        84560 kB
NFS_Unstable:          0 kB
Bounce:                0 kB
WritebackTmp:          0 kB
CommitLimit:     8677876 kB
Committed_AS:   73746088 kB
VmallocTotal:   263061440 kB
VmallocUsed:      128020 kB
VmallocChunk:          0 kB
Percpu:             2520 kB
CmaTotal:         405504 kB
CmaFree:               0 kB
MemTotal:        7918584 kB
MemFree:          122908 kB
MemAvailable:     712612 kB
Buffers:             732 kB
Cached:           814904 kB
SwapCached:         7712 kB
Active:          4046700 kB
Inactive:        1528640 kB
Active(anon):    3921864 kB
Inactive(anon):   854036 kB
Active(file):     124836 kB
Inactive(file):   674604 kB
Unevictable:        6544 kB
Mlocked:            6104 kB
SwapTotal:       4718584 kB
SwapFree:        2706088 kB
Dirty:               176 kB
Writeback:             0 kB
AnonPages:       4765860 kB
Mapped:           563108 kB
Shmem:             11392 kB
KReclaimable:     118452 kB
Slab:             308804 kB
SReclaimable:      80992 kB
SUnreclaim:       227812 kB
KernelStack:       46080 kB
ShadowCallStack:   11532 kB
PageTables:        84644 kB
NFS_Unstable:          0 kB
Bounce:                0 kB
WritebackTmp:          0 kB
CommitLimit:     8677876 kB
Committed_AS:   73847528 kB
VmallocTotal:   263061440 kB
VmallocUsed:      128176 kB
VmallocChunk:          0 kB
Percpu:             2520 kB
CmaTotal:         405504 kB
CmaFree:               0 kB
MemTotal:        7918584 kB
MemFree:          121168 kB
MemAvailable:     706448 kB
Buffers:             756 kB
Cached:           815020 kB
SwapCached:         7712 kB
Active:          4106472 kB
Inactive:        1470120 kB
Active(anon):    3981636 kB
Inactive(anon):   795492 kB
Active(file):     124836 kB
Inactive(file):   674628 kB
Unevictable:        6544 kB
Mlocked:            6104 kB
SwapTotal:       4718584 kB
SwapFree:        2650024 kB
Dirty:               180 kB
Writeback:             0 kB
AnonPages:       4767420 kB
Mapped:           563632 kB
Shmem:             11504 kB
KReclaimable:     109556 kB
Slab:             308860 kB
SReclaimable:      80992 kB
SUnreclaim:       227868 kB
KernelStack:       46064 kB
ShadowCallStack:   11540 kB
PageTables:        85088 kB
NFS_Unstable:          0 kB
Bounce:                0 kB
WritebackTmp:          0 kB
CommitLimit:     8677876 kB
Committed_AS:   73962172 kB
VmallocTotal:   263061440 kB
VmallocUsed:      128184 kB
VmallocChunk:          0 kB
Percpu:             2520 kB
CmaTotal:         405504 kB
CmaFree:               0 kB
MemTotal:        7918584 kB
MemFree:          120224 kB
MemAvailable:     769980 kB
Buffers:             756 kB
Cached:           814868 kB
SwapCached:         7712 kB
Active:          4122104 kB
Inactive:        1455284 kB
Active(anon):    3997268 kB
Inactive(anon):   780648 kB
Active(file):     124836 kB
Inactive(file):   674636 kB
Unevictable:        6544 kB
Mlocked:            6104 kB
SwapTotal:       4718584 kB
SwapFree:        2635944 kB
Dirty:               188 kB
Writeback:             0 kB
AnonPages:       4768316 kB
