MemTotal:        7918584 kB
MemFree:          157536 kB
MemAvailable:    3255268 kB
Buffers:           56464 kB
Cached:          3116416 kB
SwapCached:            0 kB
Active:          3772644 kB
Inactive:        1607100 kB
Active(anon):    2174068 kB
Inactive(anon):    63120 kB
Active(file):    1598576 kB
Inactive(file):  1543980 kB
Unevictable:        6068 kB
Mlocked:            5628 kB
SwapTotal:       4718584 kB
SwapFree:        4718584 kB
Dirty:               940 kB
Writeback:             0 kB
AnonPages:       2212996 kB
Mapped:          1069120 kB
Shmem:             25824 kB
KReclaimable:     345400 kB
Slab:             338836 kB
SReclaimable:     114208 kB
SUnreclaim:       224628 kB
KernelStack:       48208 kB
ShadowCallStack:   12076 kB
PageTables:        68388 kB
NFS_Unstable:          0 kB
Bounce:                0 kB
WritebackTmp:          0 kB
CommitLimit:     8677876 kB
Committed_AS:   68628704 kB
VmallocTotal:   263061440 kB
VmallocUsed:      131184 kB
VmallocChunk:          0 kB
Percpu:             2448 kB
CmaTotal:         405504 kB
CmaFree:               0 kB
MemTotal:        7918584 kB
MemFree:          182128 kB
MemAvailable:    3406336 kB
Buffers:           56464 kB
Cached:          3113620 kB
SwapCached:            0 kB
Active:          3749028 kB
Inactive:        1604208 kB
Active(anon):    2150220 kB
Inactive(anon):    63124 kB
Active(file):    1598808 kB
Inactive(file):  1541084 kB
Unevictable:        6068 kB
Mlocked:            5628 kB
SwapTotal:       4718584 kB
SwapFree:        4718584 kB
Dirty:               900 kB
Writeback:             0 kB
AnonPages:       2189292 kB
Mapped:          1068624 kB
Shmem:             25688 kB
KReclaimable:     474540 kB
Slab:             338756 kB
SReclaimable:     114140 kB
SUnreclaim:       224616 kB
KernelStack:       48128 kB
ShadowCallStack:   12080 kB
PageTables:        68132 kB
NFS_Unstable:          0 kB
Bounce:                0 kB
WritebackTmp:          0 kB
CommitLimit:     8677876 kB
Committed_AS:   68657672 kB
VmallocTotal:   263061440 kB
VmallocUsed:      131000 kB
VmallocChunk:          0 kB
Percpu:             2448 kB
CmaTotal:         405504 kB
CmaFree:            1052 kB
MemTotal:        7918584 kB
MemFree:          168980 kB
MemAvailable:    3393116 kB
Buffers:           56472 kB
Cached:          3113624 kB
SwapCached:            0 kB
Active:          3763908 kB
Inactive:        1604212 kB
Active(anon):    2165100 kB
Inactive(anon):    63112 kB
Active(file):    1598808 kB
Inactive(file):  1541100 kB
Unevictable:        6068 kB
Mlocked:            5628 kB
SwapTotal:       4718584 kB
SwapFree:        4718584 kB
Dirty:               928 kB
Writeback:             0 kB
AnonPages:       2204120 kB
Mapped:          1068764 kB
Shmem:             25688 kB
KReclaimable:     474452 kB
Slab:             338792 kB
SReclaimable:     114140 kB
SUnreclaim:       224652 kB
KernelStack:       48128 kB
ShadowCallStack:   12056 kB
PageTables:        68468 kB
NFS_Unstable:          0 kB
Bounce:                0 kB
WritebackTmp:          0 kB
CommitLimit:     8677876 kB
Committed_AS:   68674056 kB
VmallocTotal:   263061440 kB
VmallocUsed:      130920 kB
VmallocChunk:          0 kB
Percpu:             2448 kB
CmaTotal:         405504 kB
CmaFree:               0 kB
MemTotal:        7918584 kB
MemFree:          158300 kB
MemAvailable:    3377272 kB
Buffers:           56472 kB
Cached:          3111596 kB
SwapCached:            0 kB
Active:          3803624 kB
Inactive:        1578152 kB
Active(anon):    2180784 kB
Inactive(anon):    63128 kB
Active(file):    1622840 kB
Inactive(file):  1515024 kB
Unevictable:        6068 kB
Mlocked:            5628 kB
SwapTotal:       4718584 kB
SwapFree:        4718584 kB
Dirty:               928 kB
Writeback:             0 kB
AnonPages:       2220036 kB
Mapped:          1068020 kB
Shmem:             25704 kB
KReclaimable:     471332 kB
Slab:             338836 kB
SReclaimable:     114140 kB
SUnreclaim:       224696 kB
KernelStack:       48144 kB
ShadowCallStack:   12048 kB
PageTables:        68712 kB
NFS_Unstable:          0 kB
Bounce:                0 kB
WritebackTmp:          0 kB
CommitLimit:     8677876 kB
Committed_AS:   68690456 kB
VmallocTotal:   263061440 kB
VmallocUsed:      130952 kB
VmallocChunk:          0 kB
Percpu:             2448 kB
CmaTotal:         405504 kB
CmaFree:               0 kB
MemTotal:        7918584 kB
MemFree:          160320 kB
MemAvailable:    3363356 kB
Buffers:           56472 kB
Cached:          3098348 kB
SwapCached:            0 kB
Active:          3823772 kB
Inactive:        1557820 kB
Active(anon):    2193852 kB
Inactive(anon):    63124 kB
Active(file):    1629920 kB
Inactive(file):  1494696 kB
Unevictable:        6068 kB
Mlocked:            5628 kB
SwapTotal:       4718584 kB
SwapFree:        4718584 kB
Dirty:               948 kB
Writeback:             0 kB
AnonPages:       2232924 kB
Mapped:          1065704 kB
Shmem:             25704 kB
KReclaimable:     468644 kB
Slab:             338740 kB
SReclaimable:     113956 kB
SUnreclaim:       224784 kB
KernelStack:       48144 kB
ShadowCallStack:   12056 kB
PageTables:        68628 kB
NFS_Unstable:          0 kB
Bounce:                0 kB
WritebackTmp:          0 kB
CommitLimit:     8677876 kB
Committed_AS:   68706840 kB
VmallocTotal:   263061440 kB
VmallocUsed:      130956 kB
VmallocChunk:          0 kB
Percpu:             2448 kB
CmaTotal:         405504 kB
CmaFree:               0 kB
MemTotal:        7918584 kB
MemFree:          156088 kB
MemAvailable:    3348776 kB
Buffers:           56480 kB
Cached:          3089376 kB
SwapCached:            0 kB
Active:          3837764 kB
Inactive:        1548740 kB
Active(anon):    2207652 kB
Inactive(anon):    63124 kB
Active(file):    1630112 kB
Inactive(file):  1485616 kB
Unevictable:        6068 kB
Mlocked:            5628 kB
SwapTotal:       4718584 kB
SwapFree:        4718584 kB
Dirty:               968 kB
Writeback:             0 kB
AnonPages:       2246736 kB
Mapped:          1064688 kB
Shmem:             25728 kB
KReclaimable:     467184 kB
Slab:             338448 kB
SReclaimable:     113768 kB
SUnreclaim:       224680 kB
KernelStack:       48112 kB
ShadowCallStack:   12056 kB
PageTables:        68252 kB
NFS_Unstable:          0 kB
Bounce:                0 kB
WritebackTmp:          0 kB
CommitLimit:     8677876 kB
Committed_AS:   68706868 kB
VmallocTotal:   263061440 kB
VmallocUsed:      130932 kB
VmallocChunk:          0 kB
Percpu:             2448 kB
CmaTotal:         405504 kB
CmaFree:               0 kB
MemTotal:        7918584 kB
MemFree:          157672 kB
MemAvailable:    3335704 kB
Buffers:           56480 kB
Cached:          3077100 kB
SwapCached:            0 kB
Active:          3853524 kB
Inactive:        1532780 kB
Active(anon):    2220236 kB
Inactive(anon):    63124 kB
Active(file):    1633288 kB
Inactive(file):  1469656 kB
Unevictable:        6068 kB
Mlocked:            5628 kB
SwapTotal:       4718584 kB
SwapFree:        4718584 kB
Dirty:               992 kB
Writeback:             0 kB
AnonPages:       2259408 kB
Mapped:          1059796 kB
Shmem:             25732 kB
KReclaimable:     465312 kB
Slab:             338452 kB
SReclaimable:     113664 kB
SUnreclaim:       224788 kB
KernelStack:       48160 kB
ShadowCallStack:   12056 kB
PageTables:        68736 kB
NFS_Unstable:          0 kB
Bounce:                0 kB
WritebackTmp:          0 kB
CommitLimit:     8677876 kB
Committed_AS:   68723252 kB
VmallocTotal:   263061440 kB
VmallocUsed:      130988 kB
VmallocChunk:          0 kB
Percpu:             2448 kB
CmaTotal:         405504 kB
CmaFree:               0 kB
MemTotal:        7918584 kB
MemFree:          157672 kB
MemAvailable:    3324272 kB
Buffers:           56504 kB
Cached:          3067144 kB
SwapCached:            0 kB
Active:          3868140 kB
Inactive:        1519900 kB
Active(anon):    2231504 kB
Inactive(anon):    63124 kB
Active(file):    1636636 kB
Inactive(file):  1456776 kB
Unevictable:        6068 kB
Mlocked:            5628 kB
SwapTotal:       4718584 kB
SwapFree:        4718584 kB
Dirty:               964 kB
Writeback:             0 kB
AnonPages:       2270528 kB
Mapped:          1054564 kB
Shmem:             25736 kB
KReclaimable:     463412 kB
Slab:             338324 kB
SReclaimable:     113540 kB
SUnreclaim:       224784 kB
KernelStack:       48128 kB
ShadowCallStack:   12056 kB
PageTables:        68572 kB
NFS_Unstable:          0 kB
Bounce:                0 kB
WritebackTmp:          0 kB
CommitLimit:     8677876 kB
Committed_AS:   68739640 kB
VmallocTotal:   263061440 kB
VmallocUsed:      130932 kB
VmallocChunk:          0 kB
Percpu:             2448 kB
CmaTotal:         405504 kB
CmaFree:               0 kB
MemTotal:        7918584 kB
MemFree:          158632 kB
MemAvailable:    3313112 kB
Buffers:           56504 kB
Cached:          3056748 kB
SwapCached:            0 kB
Active:          3882688 kB
Inactive:        1506000 kB
Active(anon):    2242652 kB
Inactive(anon):    63120 kB
Active(file):    1640036 kB
Inactive(file):  1442880 kB
Unevictable:        6068 kB
Mlocked:            5628 kB
SwapTotal:       4718584 kB
SwapFree:        4718584 kB
Dirty:                76 kB
Writeback:            12 kB
AnonPages:       2281732 kB
Mapped:          1048940 kB
Shmem:             25736 kB
KReclaimable:     461788 kB
Slab:             338296 kB
SReclaimable:     113516 kB
SUnreclaim:       224780 kB
KernelStack:       48144 kB
ShadowCallStack:   12036 kB
PageTables:        68556 kB
NFS_Unstable:          0 kB
Bounce:                0 kB
WritebackTmp:          0 kB
CommitLimit:     8677876 kB
Committed_AS:   68756032 kB
VmallocTotal:   263061440 kB
VmallocUsed:      130936 kB
VmallocChunk:          0 kB
Percpu:             2448 kB
CmaTotal:         405504 kB
CmaFree:               0 kB
MemTotal:        7918584 kB
MemFree:          158880 kB
MemAvailable:    3301700 kB
Buffers:           56504 kB
Cached:          3046916 kB
SwapCached:            0 kB
Active:          3896556 kB
Inactive:        1493116 kB
Active(anon):    2253368 kB
Inactive(anon):    63124 kB
Active(file):    1643188 kB
Inactive(file):  1429992 kB
Unevictable:        6068 kB
Mlocked:            5628 kB
SwapTotal:       4718584 kB
SwapFree:        4718584 kB
Dirty:                48 kB
Writeback:             0 kB
AnonPages:       2292360 kB
Mapped:          1045200 kB
Shmem:             25740 kB
KReclaimable:     459864 kB
Slab:             338224 kB
SReclaimable:     113448 kB
SUnreclaim:       224776 kB
KernelStack:       48112 kB
ShadowCallStack:   12052 kB
PageTables:        68620 kB
NFS_Unstable:          0 kB
Bounce:                0 kB
WritebackTmp:          0 kB
CommitLimit:     8677876 kB
Committed_AS:   68756032 kB
VmallocTotal:   263061440 kB
VmallocUsed:      130916 kB
VmallocChunk:          0 kB
Percpu:             2448 kB
CmaTotal:         405504 kB
CmaFree:               0 kB
MemTotal:        7918584 kB
MemFree:          158760 kB
MemAvailable:    3292528 kB
Buffers:           56504 kB
Cached:          3039868 kB
SwapCached:            0 kB
Active:          3910724 kB
Inactive:        1480532 kB
Active(anon):    2262296 kB
Inactive(anon):    63128 kB
Active(file):    1648428 kB
Inactive(file):  1417404 kB
Unevictable:        6068 kB
Mlocked:            5628 kB
SwapTotal:       4718584 kB
SwapFree:        4718584 kB
Dirty:                56 kB
Writeback:             0 kB
AnonPages:       2301132 kB
Mapped:          1041316 kB
Shmem:             25740 kB
KReclaimable:     458160 kB
Slab:             338172 kB
SReclaimable:     113448 kB
SUnreclaim:       224724 kB
KernelStack:       48096 kB
ShadowCallStack:   12044 kB
PageTables:        68424 kB
NFS_Unstable:          0 kB
Bounce:                0 kB
WritebackTmp:          0 kB
CommitLimit:     8677876 kB
Committed_AS:   68772412 kB
VmallocTotal:   263061440 kB
VmallocUsed:      130936 kB
VmallocChunk:          0 kB
Percpu:             2448 kB
CmaTotal:         405504 kB
CmaFree:               0 kB
MemTotal:        7918584 kB
MemFree:          159788 kB
MemAvailable:    3282340 kB
Buffers:           56504 kB
Cached:          3029880 kB
SwapCached:            0 kB
Active:          3920972 kB
Inactive:        1470268 kB
Active(anon):    2271972 kB
Inactive(anon):    63124 kB
Active(file):    1649000 kB
Inactive(file):  1407144 kB
Unevictable:        6068 kB
Mlocked:            5628 kB
SwapTotal:       4718584 kB
SwapFree:        4718584 kB
Dirty:                60 kB
Writeback:             0 kB
AnonPages:       2310952 kB
Mapped:          1040508 kB
Shmem:             25740 kB
KReclaimable:     456632 kB
Slab:             337952 kB
SReclaimable:     113200 kB
SUnreclaim:       224752 kB
KernelStack:       48112 kB
ShadowCallStack:   12052 kB
PageTables:        68684 kB
NFS_Unstable:          0 kB
Bounce:                0 kB
WritebackTmp:          0 kB
CommitLimit:     8677876 kB
Committed_AS:   68788796 kB
VmallocTotal:   263061440 kB
VmallocUsed:      130904 kB
VmallocChunk:          0 kB
Percpu:             2448 kB
CmaTotal:         405504 kB
CmaFree:               0 kB
MemTotal:        7918584 kB
MemFree:          156388 kB
MemAvailable:    3273320 kB
Buffers:           56520 kB
Cached:          3024536 kB
SwapCached:            0 kB
Active:          3931324 kB
Inactive:        1463252 kB
Active(anon):    2280512 kB
Inactive(anon):    63124 kB
Active(file):    1650812 kB
Inactive(file):  1400128 kB
Unevictable:        6068 kB
Mlocked:            5628 kB
SwapTotal:       4718584 kB
SwapFree:        4718584 kB
Dirty:                64 kB
Writeback:             0 kB
AnonPages:       2319528 kB
Mapped:          1038988 kB
Shmem:             25740 kB
KReclaimable:     456216 kB
Slab:             337980 kB
SReclaimable:     113200 kB
SUnreclaim:       224780 kB
KernelStack:       48064 kB
ShadowCallStack:   12044 kB
PageTables:        68548 kB
NFS_Unstable:          0 kB
Bounce:                0 kB
WritebackTmp:          0 kB
CommitLimit:     8677876 kB
Committed_AS:   68788796 kB
VmallocTotal:   263061440 kB
VmallocUsed:      131044 kB
VmallocChunk:          0 kB
Percpu:             2448 kB
CmaTotal:         405504 kB
CmaFree:               0 kB
MemTotal:        7918584 kB
MemFree:          156824 kB
MemAvailable:    3265264 kB
Buffers:           56520 kB
Cached:          3017696 kB
SwapCached:            0 kB
Active:          3941144 kB
Inactive:        1455688 kB
Active(anon):    2289732 kB
Inactive(anon):    63124 kB
Active(file):    1651412 kB
Inactive(file):  1392564 kB
Unevictable:        6068 kB
Mlocked:            5628 kB
SwapTotal:       4718584 kB
SwapFree:        4718584 kB
Dirty:               256 kB
Writeback:             0 kB
AnonPages:       2328592 kB
Mapped:          1037708 kB
Shmem:             25740 kB
KReclaimable:     454688 kB
Slab:             337808 kB
SReclaimable:     113008 kB
SUnreclaim:       224800 kB
KernelStack:       48128 kB
ShadowCallStack:   12052 kB
PageTables:        68688 kB
NFS_Unstable:          0 kB
Bounce:                0 kB
WritebackTmp:          0 kB
CommitLimit:     8677876 kB
Committed_AS:   68805180 kB
VmallocTotal:   263061440 kB
VmallocUsed:      131020 kB
VmallocChunk:          0 kB
Percpu:             2448 kB
CmaTotal:         405504 kB
CmaFree:               0 kB
MemTotal:        7918584 kB
MemFree:          157304 kB
MemAvailable:    3255700 kB
Buffers:           56520 kB
Cached:          3008492 kB
SwapCached:            0 kB
Active:          3949848 kB
Inactive:        1446476 kB
Active(anon):    2298436 kB
Inactive(anon):    63116 kB
Active(file):    1651412 kB
Inactive(file):  1383360 kB
Unevictable:        6068 kB
Mlocked:            5628 kB
SwapTotal:       4718584 kB
SwapFree:        4718584 kB
Dirty:               276 kB
Writeback:             0 kB
AnonPages:       2337468 kB
Mapped:          1037764 kB
Shmem:             25740 kB
KReclaimable:     453848 kB
Slab:             337708 kB
SReclaimable:     112824 kB
SUnreclaim:       224884 kB
KernelStack:       48064 kB
ShadowCallStack:   12040 kB
PageTables:        68592 kB
NFS_Unstable:          0 kB
Bounce:                0 kB
WritebackTmp:          0 kB
CommitLimit:     8677876 kB
Committed_AS:   68805180 kB
VmallocTotal:   263061440 kB
VmallocUsed:      130884 kB
VmallocChunk:          0 kB
Percpu:             2448 kB
CmaTotal:         405504 kB
CmaFree:               0 kB
MemTotal:        7918584 kB
MemFree:          157928 kB
MemAvailable:    3249336 kB
Buffers:           56520 kB
Cached:          3002500 kB
SwapCached:            0 kB
Active:          3956448 kB
Inactive:        1440492 kB
Active(anon):    2305036 kB
Inactive(anon):    63124 kB
Active(file):    1651412 kB
Inactive(file):  1377368 kB
Unevictable:        6068 kB
Mlocked:            5628 kB
SwapTotal:       4718584 kB
SwapFree:        4718584 kB
Dirty:               280 kB
Writeback:             0 kB
AnonPages:       2343952 kB
Mapped:          1037728 kB
Shmem:             25740 kB
KReclaimable:     452852 kB
Slab:             337628 kB
SReclaimable:     112820 kB
SUnreclaim:       224808 kB
KernelStack:       48112 kB
ShadowCallStack:   12048 kB
PageTables:        68660 kB
NFS_Unstable:          0 kB
Bounce:                0 kB
WritebackTmp:          0 kB
CommitLimit:     8677876 kB
Committed_AS:   68821568 kB
VmallocTotal:   263061440 kB
VmallocUsed:      130980 kB
VmallocChunk:          0 kB
Percpu:             2448 kB
CmaTotal:         405504 kB
CmaFree:               0 kB
MemTotal:        7918584 kB
MemFree:          158536 kB
MemAvailable:    3239900 kB
Buffers:           56520 kB
Cached:          2993564 kB
SwapCached:            0 kB
Active:          3966272 kB
Inactive:        1431552 kB
Active(anon):    2314860 kB
Inactive(anon):    63124 kB
Active(file):    1651412 kB
Inactive(file):  1368428 kB
Unevictable:        6068 kB
Mlocked:            5628 kB
SwapTotal:       4718584 kB
SwapFree:        4718584 kB
Dirty:               292 kB
Writeback:             0 kB
AnonPages:       2353828 kB
Mapped:          1037888 kB
Shmem:             25744 kB
KReclaimable:     451748 kB
Slab:             337292 kB
SReclaimable:     112452 kB
SUnreclaim:       224840 kB
KernelStack:       48144 kB
ShadowCallStack:   12036 kB
PageTables:        68900 kB
NFS_Unstable:          0 kB
Bounce:                0 kB
WritebackTmp:          0 kB
CommitLimit:     8677876 kB
Committed_AS:   68821572 kB
VmallocTotal:   263061440 kB
VmallocUsed:      130984 kB
VmallocChunk:          0 kB
Percpu:             2448 kB
CmaTotal:         405504 kB
CmaFree:               0 kB
MemTotal:        7918584 kB
MemFree:          157600 kB
MemAvailable:    3233504 kB
Buffers:           56544 kB
Cached:          2988800 kB
SwapCached:            0 kB
Active:          3973164 kB
Inactive:        1426812 kB
Active(anon):    2321752 kB
Inactive(anon):    63124 kB
Active(file):    1651412 kB
Inactive(file):  1363688 kB
Unevictable:        6068 kB
Mlocked:            5628 kB
SwapTotal:       4718584 kB
SwapFree:        4718584 kB
Dirty:               240 kB
Writeback:             0 kB
AnonPages:       2360748 kB
Mapped:          1037900 kB
Shmem:             25744 kB
KReclaimable:     451028 kB
Slab:             337164 kB
SReclaimable:     112324 kB
SUnreclaim:       224840 kB
KernelStack:       48112 kB
ShadowCallStack:   12052 kB
PageTables:        68808 kB
NFS_Unstable:          0 kB
Bounce:                0 kB
WritebackTmp:          0 kB
CommitLimit:     8677876 kB
Committed_AS:   68837956 kB
VmallocTotal:   263061440 kB
VmallocUsed:      130924 kB
VmallocChunk:          0 kB
Percpu:             2448 kB
CmaTotal:         405504 kB
CmaFree:               0 kB
MemTotal:        7918584 kB
MemFree:          156492 kB
MemAvailable:    3226536 kB
Buffers:           56544 kB
Cached:          2983484 kB
SwapCached:            0 kB
Active:          3979820 kB
Inactive:        1420980 kB
Active(anon):    2327728 kB
Inactive(anon):    63120 kB
Active(file):    1652092 kB
Inactive(file):  1357860 kB
Unevictable:        6068 kB
Mlocked:            5628 kB
SwapTotal:       4718584 kB
SwapFree:        4718584 kB
Dirty:               248 kB
Writeback:             0 kB
AnonPages:       2366864 kB
Mapped:          1038024 kB
Shmem:             25748 kB
KReclaimable:     450316 kB
Slab:             337048 kB
SReclaimable:     112204 kB
SUnreclaim:       224844 kB
KernelStack:       48080 kB
ShadowCallStack:   12044 kB
PageTables:        68708 kB
NFS_Unstable:          0 kB
Bounce:                0 kB
WritebackTmp:          0 kB
CommitLimit:     8677876 kB
Committed_AS:   68837384 kB
VmallocTotal:   263061440 kB
VmallocUsed:      131012 kB
VmallocChunk:          0 kB
Percpu:             2448 kB
CmaTotal:         405504 kB
CmaFree:               0 kB
MemTotal:        7918584 kB
MemFree:          157804 kB
MemAvailable:    3220216 kB
Buffers:           56544 kB
Cached:          2977208 kB
SwapCached:            0 kB
Active:          3985852 kB
Inactive:        1414536 kB
Active(anon):    2333760 kB
Inactive(anon):    63124 kB
Active(file):    1652092 kB
Inactive(file):  1351412 kB
Unevictable:        6068 kB
Mlocked:            5628 kB
SwapTotal:       4718584 kB
SwapFree:        4718584 kB
Dirty:               272 kB
Writeback:             0 kB
AnonPages:       2372752 kB
Mapped:          1038132 kB
Shmem:             25748 kB
KReclaimable:     449132 kB
Slab:             336936 kB
SReclaimable:     112076 kB
SUnreclaim:       224860 kB
KernelStack:       48112 kB
ShadowCallStack:   12052 kB
PageTables:        68824 kB
NFS_Unstable:          0 kB
Bounce:                0 kB
WritebackTmp:          0 kB
CommitLimit:     8677876 kB
Committed_AS:   68853772 kB
VmallocTotal:   263061440 kB
VmallocUsed:      130980 kB
VmallocChunk:          0 kB
Percpu:             2448 kB
CmaTotal:         405504 kB
CmaFree:               0 kB
MemTotal:        7918584 kB
MemFree:          157020 kB
MemAvailable:    3214116 kB
Buffers:           56544 kB
Cached:          2972608 kB
SwapCached:            0 kB
Active:          3992536 kB
Inactive:        1409940 kB
Active(anon):    2340444 kB
Inactive(anon):    63128 kB
Active(file):    1652092 kB
Inactive(file):  1346812 kB
Unevictable:        6068 kB
Mlocked:            5628 kB
SwapTotal:       4718584 kB
SwapFree:        4718584 kB
Dirty:               284 kB
Writeback:             0 kB
AnonPages:       2379316 kB
Mapped:          1038276 kB
Shmem:             25748 kB
KReclaimable:     448416 kB
Slab:             336772 kB
SReclaimable:     111952 kB
SUnreclaim:       224820 kB
KernelStack:       48128 kB
ShadowCallStack:   12052 kB
PageTables:        68860 kB
NFS_Unstable:          0 kB
Bounce:                0 kB
WritebackTmp:          0 kB
CommitLimit:     8677876 kB
Committed_AS:   68853768 kB
VmallocTotal:   263061440 kB
VmallocUsed:      130968 kB
VmallocChunk:          0 kB
Percpu:             2448 kB
CmaTotal:         405504 kB
CmaFree:               0 kB
MemTotal:        7918584 kB
MemFree:          157200 kB
MemAvailable:    3047260 kB
Buffers:           56072 kB
Cached:          2930556 kB
SwapCached:            0 kB
Active:          4086260 kB
Inactive:        1319040 kB
Active(anon):    2404236 kB
Inactive(anon):    44492 kB
Active(file):    1682024 kB
Inactive(file):  1274548 kB
Unevictable:        6068 kB
Mlocked:            5628 kB
SwapTotal:       4718584 kB
SwapFree:        4718584 kB
Dirty:               312 kB
Writeback:             0 kB
AnonPages:       2424272 kB
Mapped:          1038456 kB
Shmem:             25784 kB
KReclaimable:     323712 kB
Slab:             335740 kB
SReclaimable:     110976 kB
SUnreclaim:       224764 kB
KernelStack:       48176 kB
ShadowCallStack:   12056 kB
PageTables:        68736 kB
NFS_Unstable:          0 kB
Bounce:                0 kB
WritebackTmp:          0 kB
CommitLimit:     8677876 kB
Committed_AS:   68870552 kB
VmallocTotal:   263061440 kB
VmallocUsed:      131172 kB
VmallocChunk:          0 kB
Percpu:             2448 kB
CmaTotal:         405504 kB
CmaFree:               0 kB
MemTotal:        7918584 kB
MemFree:          195528 kB
MemAvailable:    3196748 kB
Buffers:           56072 kB
Cached:          2921780 kB
SwapCached:            0 kB
Active:          4055796 kB
Inactive:        1309808 kB
Active(anon):    2373680 kB
Inactive(anon):    44324 kB
Active(file):    1682116 kB
Inactive(file):  1265484 kB
Unevictable:        6068 kB
Mlocked:            5628 kB
SwapTotal:       4718584 kB
SwapFree:        4718584 kB
Dirty:               328 kB
Writeback:             0 kB
AnonPages:       2393920 kB
Mapped:          1037964 kB
Shmem:             25752 kB
KReclaimable:     443844 kB
Slab:             335476 kB
SReclaimable:     110488 kB
SUnreclaim:       224988 kB
KernelStack:       48112 kB
ShadowCallStack:   12052 kB
PageTables:        68872 kB
NFS_Unstable:          0 kB
Bounce:                0 kB
WritebackTmp:          0 kB
CommitLimit:     8677876 kB
Committed_AS:   68870156 kB
VmallocTotal:   263061440 kB
VmallocUsed:      131068 kB
VmallocChunk:          0 kB
Percpu:             2448 kB
CmaTotal:         405504 kB
CmaFree:              20 kB
MemTotal:        7918584 kB
MemFree:          191876 kB
MemAvailable:    3192712 kB
Buffers:           56080 kB
Cached:          2921792 kB
SwapCached:            0 kB
Active:          4060148 kB
Inactive:        1309816 kB
Active(anon):    2378032 kB
Inactive(anon):    44316 kB
Active(file):    1682116 kB
Inactive(file):  1265500 kB
Unevictable:        6068 kB
Mlocked:            5628 kB
SwapTotal:       4718584 kB
SwapFree:        4718584 kB
Dirty:               340 kB
Writeback:             0 kB
AnonPages:       2398236 kB
Mapped:          1038184 kB
Shmem:             25752 kB
KReclaimable:     443444 kB
Slab:             335452 kB
SReclaimable:     110488 kB
SUnreclaim:       224964 kB
KernelStack:       48080 kB
ShadowCallStack:   12044 kB
PageTables:        68776 kB
NFS_Unstable:          0 kB
Bounce:                0 kB
WritebackTmp:          0 kB
CommitLimit:     8677876 kB
Committed_AS:   68870116 kB
VmallocTotal:   263061440 kB
VmallocUsed:      130900 kB
VmallocChunk:          0 kB
Percpu:             2448 kB
CmaTotal:         405504 kB
CmaFree:              20 kB
MemTotal:        7918584 kB
MemFree:          184964 kB
MemAvailable:    3185676 kB
Buffers:           56080 kB
Cached:          2921800 kB
SwapCached:            0 kB
Active:          4066800 kB
Inactive:        1309836 kB
Active(anon):    2384684 kB
Inactive(anon):    44324 kB
Active(file):    1682116 kB
Inactive(file):  1265512 kB
Unevictable:        6068 kB
Mlocked:            5628 kB
SwapTotal:       4718584 kB
SwapFree:        4718584 kB
Dirty:                32 kB
Writeback:             0 kB
AnonPages:       2404972 kB
Mapped:          1038304 kB
Shmem:             25752 kB
KReclaimable:     443308 kB
Slab:             335484 kB
SReclaimable:     110488 kB
SUnreclaim:       224996 kB
KernelStack:       48096 kB
ShadowCallStack:   12060 kB
PageTables:        68876 kB
NFS_Unstable:          0 kB
Bounce:                0 kB
WritebackTmp:          0 kB
CommitLimit:     8677876 kB
Committed_AS:   68886576 kB
VmallocTotal:   263061440 kB
VmallocUsed:      130920 kB
VmallocChunk:          0 kB
Percpu:             2448 kB
CmaTotal:         405504 kB
CmaFree:               0 kB
MemTotal:        7918584 kB
MemFree:          178892 kB
MemAvailable:    3179600 kB
Buffers:           56080 kB
Cached:          2921804 kB
SwapCached:            0 kB
Active:          4073480 kB
Inactive:        1309840 kB
Active(anon):    2391364 kB
Inactive(anon):    44324 kB
Active(file):    1682116 kB
Inactive(file):  1265516 kB
Unevictable:        6068 kB
Mlocked:            5628 kB
SwapTotal:       4718584 kB
SwapFree:        4718584 kB
Dirty:                36 kB
Writeback:             0 kB
AnonPages:       2411556 kB
Mapped:          1038436 kB
Shmem:             25752 kB
KReclaimable:     443300 kB
Slab:             335424 kB
SReclaimable:     110488 kB
SUnreclaim:       224936 kB
KernelStack:       48096 kB
ShadowCallStack:   12048 kB
PageTables:        68820 kB
NFS_Unstable:          0 kB
Bounce:                0 kB
WritebackTmp:          0 kB
CommitLimit:     8677876 kB
Committed_AS:   68886576 kB
VmallocTotal:   263061440 kB
VmallocUsed:      130892 kB
VmallocChunk:          0 kB
Percpu:             2448 kB
CmaTotal:         405504 kB
CmaFree:               0 kB
MemTotal:        7918584 kB
MemFree:          174244 kB
MemAvailable:    3174944 kB
Buffers:           56088 kB
Cached:          2921804 kB
SwapCached:            0 kB
Active:          4077348 kB
Inactive:        1309844 kB
Active(anon):    2395232 kB
Inactive(anon):    44320 kB
Active(file):    1682116 kB
Inactive(file):  1265524 kB
Unevictable:        6068 kB
Mlocked:            5628 kB
SwapTotal:       4718584 kB
SwapFree:        4718584 kB
Dirty:                84 kB
Writeback:             0 kB
AnonPages:       2415528 kB
Mapped:          1038400 kB
Shmem:             25752 kB
KReclaimable:     443284 kB
Slab:             335416 kB
SReclaimable:     110488 kB
SUnreclaim:       224928 kB
KernelStack:       48128 kB
ShadowCallStack:   12056 kB
PageTables:        68700 kB
NFS_Unstable:          0 kB
Bounce:                0 kB
WritebackTmp:          0 kB
CommitLimit:     8677876 kB
Committed_AS:   68886576 kB
VmallocTotal:   263061440 kB
VmallocUsed:      130944 kB
VmallocChunk:          0 kB
Percpu:             2448 kB
CmaTotal:         405504 kB
CmaFree:               0 kB
MemTotal:        7918584 kB
MemFree:          169268 kB
MemAvailable:    3169924 kB
Buffers:           56088 kB
Cached:          2921820 kB
SwapCached:            0 kB
Active:          4082232 kB
Inactive:        1309860 kB
Active(anon):    2400116 kB
Inactive(anon):    44324 kB
Active(file):    1682116 kB
Inactive(file):  1265536 kB
Unevictable:        6068 kB
Mlocked:            5628 kB
SwapTotal:       4718584 kB
SwapFree:        4718584 kB
Dirty:               100 kB
Writeback:             0 kB
AnonPages:       2420336 kB
Mapped:          1038360 kB
Shmem:             25756 kB
KReclaimable:     443228 kB
Slab:             335480 kB
SReclaimable:     110488 kB
SUnreclaim:       224992 kB
KernelStack:       48112 kB
ShadowCallStack:   12052 kB
PageTables:        68856 kB
NFS_Unstable:          0 kB
Bounce:                0 kB
WritebackTmp:          0 kB
CommitLimit:     8677876 kB
Committed_AS:   68902964 kB
VmallocTotal:   263061440 kB
VmallocUsed:      130856 kB
VmallocChunk:          0 kB
Percpu:             2448 kB
CmaTotal:         405504 kB
CmaFree:               0 kB
MemTotal:        7918584 kB
MemFree:          164724 kB
MemAvailable:    3165388 kB
Buffers:           56112 kB
Cached:          2921836 kB
SwapCached:            0 kB
Active:          4086972 kB
Inactive:        1309892 kB
Active(anon):    2404856 kB
Inactive(anon):    44316 kB
Active(file):    1682116 kB
Inactive(file):  1265576 kB
Unevictable:        6068 kB
Mlocked:            5628 kB
SwapTotal:       4718584 kB
SwapFree:        4718584 kB
Dirty:               184 kB
Writeback:             0 kB
AnonPages:       2425272 kB
Mapped:          1038320 kB
Shmem:             25756 kB
KReclaimable:     443196 kB
Slab:             335544 kB
SReclaimable:     110488 kB
SUnreclaim:       225056 kB
KernelStack:       48112 kB
ShadowCallStack:   12048 kB
PageTables:        68892 kB
NFS_Unstable:          0 kB
Bounce:                0 kB
WritebackTmp:          0 kB
CommitLimit:     8677876 kB
Committed_AS:   68902964 kB
VmallocTotal:   263061440 kB
VmallocUsed:      131016 kB
VmallocChunk:          0 kB
Percpu:             2448 kB
CmaTotal:         405504 kB
CmaFree:               0 kB
MemTotal:        7918584 kB
MemFree:          161020 kB
MemAvailable:    3161692 kB
Buffers:           56112 kB
Cached:          2921844 kB
SwapCached:            0 kB
Active:          4091388 kB
Inactive:        1309908 kB
Active(anon):    2409272 kB
Inactive(anon):    44324 kB
Active(file):    1682116 kB
Inactive(file):  1265584 kB
Unevictable:        6068 kB
Mlocked:            5628 kB
SwapTotal:       4718584 kB
SwapFree:        4718584 kB
Dirty:                48 kB
Writeback:             0 kB
AnonPages:       2429500 kB
Mapped:          1038516 kB
Shmem:             25756 kB
KReclaimable:     443196 kB
Slab:             335492 kB
SReclaimable:     110488 kB
SUnreclaim:       225004 kB
KernelStack:       48112 kB
ShadowCallStack:   12052 kB
PageTables:        68900 kB
NFS_Unstable:          0 kB
Bounce:                0 kB
WritebackTmp:          0 kB
CommitLimit:     8677876 kB
Committed_AS:   68902968 kB
VmallocTotal:   263061440 kB
VmallocUsed:      130936 kB
VmallocChunk:          0 kB
Percpu:             2448 kB
CmaTotal:         405504 kB
CmaFree:               0 kB
MemTotal:        7918584 kB
MemFree:          159276 kB
MemAvailable:    3155768 kB
Buffers:           56112 kB
Cached:          2917580 kB
SwapCached:            0 kB
Active:          4095712 kB
Inactive:        1305720 kB
Active(anon):    2413596 kB
Inactive(anon):    44316 kB
Active(file):    1682116 kB
Inactive(file):  1261404 kB
Unevictable:        6068 kB
Mlocked:            5628 kB
SwapTotal:       4718584 kB
SwapFree:        4718584 kB
Dirty:                56 kB
Writeback:             0 kB
AnonPages:       2433764 kB
Mapped:          1038568 kB
Shmem:             25756 kB
KReclaimable:     443196 kB
Slab:             335460 kB
SReclaimable:     110488 kB
SUnreclaim:       224972 kB
KernelStack:       48080 kB
ShadowCallStack:   12044 kB
PageTables:        68784 kB
NFS_Unstable:          0 kB
Bounce:                0 kB
WritebackTmp:          0 kB
CommitLimit:     8677876 kB
Committed_AS:   68919348 kB
VmallocTotal:   263061440 kB
VmallocUsed:      130932 kB
VmallocChunk:          0 kB
Percpu:             2448 kB
CmaTotal:         405504 kB
CmaFree:               0 kB
MemTotal:        7918584 kB
MemFree:          160548 kB
MemAvailable:    3151768 kB
Buffers:           56112 kB
Cached:          2913156 kB
SwapCached:            0 kB
Active:          4100792 kB
Inactive:        1301216 kB
Active(anon):    2418676 kB
Inactive(anon):    44324 kB
Active(file):    1682116 kB
Inactive(file):  1256892 kB
Unevictable:        6068 kB
Mlocked:            5628 kB
SwapTotal:       4718584 kB
SwapFree:        4718584 kB
Dirty:                12 kB
Writeback:             0 kB
AnonPages:       2438924 kB
Mapped:          1038600 kB
Shmem:             25760 kB
KReclaimable:     442436 kB
Slab:             335252 kB
SReclaimable:     110240 kB
SUnreclaim:       225012 kB
KernelStack:       48000 kB
ShadowCallStack:   12024 kB
PageTables:        68968 kB
NFS_Unstable:          0 kB
Bounce:                0 kB
WritebackTmp:          0 kB
CommitLimit:     8677876 kB
Committed_AS:   68917720 kB
VmallocTotal:   263061440 kB
VmallocUsed:      130940 kB
VmallocChunk:          0 kB
Percpu:             2448 kB
CmaTotal:         405504 kB
CmaFree:               0 kB
MemTotal:        7918584 kB
MemFree:          158264 kB
MemAvailable:    3149500 kB
Buffers:           56120 kB
Cached:          2913168 kB
SwapCached:            0 kB
Active:          4104880 kB
Inactive:        1301220 kB
Active(anon):    2422764 kB
Inactive(anon):    44312 kB
Active(file):    1682116 kB
Inactive(file):  1256908 kB
Unevictable:        6068 kB
Mlocked:            5628 kB
SwapTotal:       4718584 kB
SwapFree:        4718584 kB
Dirty:                68 kB
Writeback:             0 kB
AnonPages:       2442824 kB
Mapped:          1038412 kB
Shmem:             25764 kB
KReclaimable:     442436 kB
Slab:             335216 kB
SReclaimable:     110240 kB
SUnreclaim:       224976 kB
KernelStack:       48016 kB
ShadowCallStack:   12024 kB
PageTables:        68952 kB
NFS_Unstable:          0 kB
Bounce:                0 kB
WritebackTmp:          0 kB
CommitLimit:     8677876 kB
Committed_AS:   68917724 kB
VmallocTotal:   263061440 kB
VmallocUsed:      130808 kB
VmallocChunk:          0 kB
Percpu:             2448 kB
CmaTotal:         405504 kB
CmaFree:               0 kB
MemTotal:        7918584 kB
MemFree:          160992 kB
MemAvailable:    3145204 kB
Buffers:           56128 kB
Cached:          2907284 kB
SwapCached:            0 kB
Active:          4107608 kB
Inactive:        1295356 kB
Active(anon):    2425492 kB
Inactive(anon):    44324 kB
Active(file):    1682116 kB
Inactive(file):  1251032 kB
Unevictable:        6068 kB
Mlocked:            5628 kB
SwapTotal:       4718584 kB
SwapFree:        4718584 kB
Dirty:               152 kB
Writeback:             0 kB
AnonPages:       2445728 kB
Mapped:          1038476 kB
Shmem:             25764 kB
KReclaimable:     441288 kB
Slab:             335084 kB
SReclaimable:     110116 kB
SUnreclaim:       224968 kB
KernelStack:       48000 kB
ShadowCallStack:   12020 kB
PageTables:        68896 kB
NFS_Unstable:          0 kB
Bounce:                0 kB
WritebackTmp:          0 kB
CommitLimit:     8677876 kB
Committed_AS:   68917724 kB
VmallocTotal:   263061440 kB
VmallocUsed:      130896 kB
VmallocChunk:          0 kB
Percpu:             2448 kB
CmaTotal:         405504 kB
CmaFree:               0 kB
MemTotal:        7918584 kB
MemFree:          161932 kB
MemAvailable:    3141552 kB
Buffers:           56128 kB
Cached:          2902940 kB
SwapCached:            0 kB
Active:          4112040 kB
Inactive:        1291012 kB
Active(anon):    2429924 kB
Inactive(anon):    44324 kB
Active(file):    1682116 kB
Inactive(file):  1246688 kB
Unevictable:        6068 kB
Mlocked:            5628 kB
SwapTotal:       4718584 kB
SwapFree:        4718584 kB
Dirty:               184 kB
Writeback:             0 kB
AnonPages:       2450128 kB
Mapped:          1038468 kB
Shmem:             25764 kB
KReclaimable:     441040 kB
Slab:             334900 kB
SReclaimable:     109868 kB
SUnreclaim:       225032 kB
KernelStack:       48032 kB
ShadowCallStack:   12028 kB
PageTables:        68936 kB
NFS_Unstable:          0 kB
Bounce:                0 kB
WritebackTmp:          0 kB
CommitLimit:     8677876 kB
Committed_AS:   68934112 kB
VmallocTotal:   263061440 kB
VmallocUsed:      130796 kB
VmallocChunk:          0 kB
Percpu:             2448 kB
CmaTotal:         405504 kB
CmaFree:               0 kB
MemTotal:        7918584 kB
MemFree:          161008 kB
MemAvailable:    3135944 kB
Buffers:           56128 kB
Cached:          2898752 kB
SwapCached:            0 kB
Active:          4116652 kB
Inactive:        1286824 kB
Active(anon):    2434536 kB
Inactive(anon):    44324 kB
Active(file):    1682116 kB
Inactive(file):  1242500 kB
Unevictable:        6068 kB
Mlocked:            5628 kB
SwapTotal:       4718584 kB
SwapFree:        4718584 kB
Dirty:                24 kB
Writeback:             0 kB
AnonPages:       2454716 kB
Mapped:          1038512 kB
Shmem:             25764 kB
KReclaimable:     440544 kB
Slab:             334716 kB
SReclaimable:     109748 kB
SUnreclaim:       224968 kB
KernelStack:       47984 kB
ShadowCallStack:   12012 kB
PageTables:        68596 kB
NFS_Unstable:          0 kB
Bounce:                0 kB
WritebackTmp:          0 kB
CommitLimit:     8677876 kB
Committed_AS:   68934108 kB
VmallocTotal:   263061440 kB
VmallocUsed:      130832 kB
VmallocChunk:          0 kB
Percpu:             2448 kB
CmaTotal:         405504 kB
CmaFree:               0 kB
MemTotal:        7918584 kB
MemFree:          158708 kB
MemAvailable:    3133300 kB
Buffers:           56128 kB
Cached:          2898616 kB
SwapCached:            0 kB
Active:          4119204 kB
Inactive:        1286680 kB
Active(anon):    2437088 kB
Inactive(anon):    44324 kB
Active(file):    1682116 kB
Inactive(file):  1242356 kB
Unevictable:        6068 kB
Mlocked:            5628 kB
SwapTotal:       4718584 kB
SwapFree:        4718584 kB
Dirty:                60 kB
Writeback:             0 kB
AnonPages:       2457244 kB
Mapped:          1038628 kB
Shmem:             25772 kB
KReclaimable:     440344 kB
Slab:             334724 kB
SReclaimable:     109748 kB
SUnreclaim:       224976 kB
KernelStack:       47968 kB
ShadowCallStack:   12016 kB
PageTables:        68984 kB
NFS_Unstable:          0 kB
Bounce:                0 kB
WritebackTmp:          0 kB
CommitLimit:     8677876 kB
Committed_AS:   68933960 kB
VmallocTotal:   263061440 kB
VmallocUsed:      130756 kB
VmallocChunk:          0 kB
Percpu:             2448 kB
CmaTotal:         405504 kB
CmaFree:               0 kB
MemTotal:        7918584 kB
MemFree:          159904 kB
MemAvailable:    3129516 kB
Buffers:           56128 kB
Cached:          2894268 kB
SwapCached:            0 kB
Active:          4123764 kB
Inactive:        1282328 kB
Active(anon):    2441648 kB
Inactive(anon):    44320 kB
Active(file):    1682116 kB
Inactive(file):  1238008 kB
Unevictable:        6068 kB
Mlocked:            5628 kB
SwapTotal:       4718584 kB
SwapFree:        4718584 kB
Dirty:                20 kB
Writeback:             0 kB
AnonPages:       2461832 kB
Mapped:          1038576 kB
Shmem:             25772 kB
KReclaimable:     439712 kB
Slab:             334596 kB
SReclaimable:     109628 kB
SUnreclaim:       224968 kB
KernelStack:       47936 kB
ShadowCallStack:   12016 kB
PageTables:        69024 kB
NFS_Unstable:          0 kB
Bounce:                0 kB
WritebackTmp:          0 kB
CommitLimit:     8677876 kB
Committed_AS:   68933860 kB
VmallocTotal:   263061440 kB
VmallocUsed:      130828 kB
VmallocChunk:          0 kB
Percpu:             2448 kB
CmaTotal:         405504 kB
CmaFree:               0 kB
MemTotal:        7918584 kB
MemFree:          157352 kB
MemAvailable:    3126964 kB
Buffers:           56152 kB
Cached:          2894280 kB
SwapCached:            0 kB
Active:          4126448 kB
Inactive:        1282360 kB
Active(anon):    2444332 kB
Inactive(anon):    44320 kB
Active(file):    1682116 kB
Inactive(file):  1238040 kB
Unevictable:        6068 kB
Mlocked:            5628 kB
SwapTotal:       4718584 kB
SwapFree:        4718584 kB
Dirty:                92 kB
Writeback:             0 kB
AnonPages:       2464432 kB
Mapped:          1038564 kB
Shmem:             25776 kB
KReclaimable:     439680 kB
Slab:             334596 kB
SReclaimable:     109628 kB
SUnreclaim:       224968 kB
KernelStack:       47824 kB
ShadowCallStack:   11996 kB
PageTables:        68884 kB
NFS_Unstable:          0 kB
Bounce:                0 kB
WritebackTmp:          0 kB
CommitLimit:     8677876 kB
Committed_AS:   68933500 kB
VmallocTotal:   263061440 kB
VmallocUsed:      130620 kB
VmallocChunk:          0 kB
Percpu:             2448 kB
CmaTotal:         405504 kB
CmaFree:               0 kB
MemTotal:        7918584 kB
MemFree:          157872 kB
MemAvailable:    3122324 kB
Buffers:           56152 kB
Cached:          2889932 kB
SwapCached:            0 kB
Active:          4130240 kB
Inactive:        1278016 kB
Active(anon):    2448124 kB
Inactive(anon):    44324 kB
Active(file):    1682116 kB
Inactive(file):  1233692 kB
Unevictable:        6068 kB
Mlocked:            5628 kB
SwapTotal:       4718584 kB
SwapFree:        4718584 kB
Dirty:               132 kB
Writeback:             0 kB
AnonPages:       2468268 kB
Mapped:          1038776 kB
Shmem:             25776 kB
KReclaimable:     438868 kB
Slab:             334356 kB
SReclaimable:     109392 kB
SUnreclaim:       224964 kB
KernelStack:       47824 kB
ShadowCallStack:   11980 kB
PageTables:        68912 kB
NFS_Unstable:          0 kB
Bounce:                0 kB
WritebackTmp:          0 kB
CommitLimit:     8677876 kB
Committed_AS:   68949880 kB
VmallocTotal:   263061440 kB
VmallocUsed:      130596 kB
VmallocChunk:          0 kB
Percpu:             2448 kB
CmaTotal:         405504 kB
CmaFree:               0 kB
MemTotal:        7918584 kB
MemFree:          158916 kB
MemAvailable:    3118280 kB
Buffers:           56152 kB
Cached:          2885588 kB
SwapCached:            0 kB
Active:          4134588 kB
Inactive:        1273672 kB
Active(anon):    2452472 kB
Inactive(anon):    44324 kB
Active(file):    1682116 kB
Inactive(file):  1229348 kB
Unevictable:        6068 kB
Mlocked:            5628 kB
SwapTotal:       4718584 kB
SwapFree:        4718584 kB
Dirty:                 4 kB
Writeback:             0 kB
AnonPages:       2472932 kB
Mapped:          1038748 kB
Shmem:             25776 kB
KReclaimable:     438124 kB
Slab:             334196 kB
SReclaimable:     109260 kB
SUnreclaim:       224936 kB
KernelStack:       47808 kB
ShadowCallStack:   11972 kB
PageTables:        68948 kB
NFS_Unstable:          0 kB
Bounce:                0 kB
WritebackTmp:          0 kB
CommitLimit:     8677876 kB
Committed_AS:   68949780 kB
VmallocTotal:   263061440 kB
VmallocUsed:      130528 kB
VmallocChunk:          0 kB
Percpu:             2448 kB
CmaTotal:         405504 kB
CmaFree:               0 kB
MemTotal:        7918584 kB
MemFree:          158620 kB
MemAvailable:    3117988 kB
Buffers:           56152 kB
Cached:          2885592 kB
SwapCached:            0 kB
Active:          4133584 kB
Inactive:        1273676 kB
Active(anon):    2451468 kB
Inactive(anon):    44324 kB
Active(file):    1682116 kB
Inactive(file):  1229352 kB
Unevictable:        6068 kB
Mlocked:            5628 kB
SwapTotal:       4718584 kB
SwapFree:        4718584 kB
Dirty:                 8 kB
Writeback:             0 kB
AnonPages:       2471704 kB
Mapped:          1038484 kB
Shmem:             25776 kB
KReclaimable:     438124 kB
Slab:             334200 kB
SReclaimable:     109260 kB
SUnreclaim:       224940 kB
KernelStack:       47744 kB
ShadowCallStack:   11968 kB
PageTables:        69236 kB
NFS_Unstable:          0 kB
Bounce:                0 kB
WritebackTmp:          0 kB
CommitLimit:     8677876 kB
Committed_AS:   68949676 kB
VmallocTotal:   263061440 kB
VmallocUsed:      130492 kB
VmallocChunk:          0 kB
Percpu:             2448 kB
CmaTotal:         405504 kB
CmaFree:               0 kB
MemTotal:        7918584 kB
MemFree:          162648 kB
MemAvailable:    2957416 kB
Buffers:           56136 kB
Cached:          2842576 kB
SwapCached:            0 kB
Active:          4176236 kB
Inactive:        1229916 kB
Active(anon):    2493428 kB
Inactive(anon):    44324 kB
Active(file):    1682808 kB
Inactive(file):  1185592 kB
Unevictable:        6068 kB
Mlocked:            5628 kB
SwapTotal:       4718584 kB
SwapFree:        4718584 kB
Dirty:                84 kB
Writeback:             0 kB
AnonPages:       2513524 kB
Mapped:          1039456 kB
Shmem:             25812 kB
KReclaimable:     316592 kB
Slab:             333032 kB
SReclaimable:     108080 kB
SUnreclaim:       224952 kB
KernelStack:       47792 kB
ShadowCallStack:   11976 kB
PageTables:        69100 kB
NFS_Unstable:          0 kB
Bounce:                0 kB
WritebackTmp:          0 kB
CommitLimit:     8677876 kB
Committed_AS:   68949812 kB
VmallocTotal:   263061440 kB
VmallocUsed:      130520 kB
VmallocChunk:          0 kB
Percpu:             2448 kB
CmaTotal:         405504 kB
CmaFree:               0 kB
MemTotal:        7918584 kB
MemFree:          160380 kB
MemAvailable:    2953624 kB
Buffers:           56144 kB
Cached:          2842700 kB
SwapCached:            0 kB
Active:          4179600 kB
Inactive:        1229928 kB
Active(anon):    2496792 kB
Inactive(anon):    44324 kB
Active(file):    1682808 kB
Inactive(file):  1185604 kB
Unevictable:        6068 kB
Mlocked:            5628 kB
SwapTotal:       4718584 kB
SwapFree:        4718584 kB
Dirty:               188 kB
Writeback:             0 kB
AnonPages:       2516796 kB
Mapped:          1039460 kB
Shmem:             25932 kB
KReclaimable:     315056 kB
Slab:             333052 kB
SReclaimable:     108080 kB
SUnreclaim:       224972 kB
KernelStack:       47744 kB
ShadowCallStack:   11960 kB
PageTables:        69100 kB
NFS_Unstable:          0 kB
Bounce:                0 kB
WritebackTmp:          0 kB
CommitLimit:     8677876 kB
Committed_AS:   68949708 kB
VmallocTotal:   263061440 kB
VmallocUsed:      130608 kB
VmallocChunk:          0 kB
Percpu:             2448 kB
CmaTotal:         405504 kB
CmaFree:               0 kB
MemTotal:        7918584 kB
MemFree:          192428 kB
MemAvailable:    3107368 kB
Buffers:           56144 kB
Cached:          2842672 kB
SwapCached:            0 kB
Active:          4145636 kB
Inactive:        1230048 kB
Active(anon):    2462828 kB
Inactive(anon):    44324 kB
Active(file):    1682808 kB
Inactive(file):  1185724 kB
Unevictable:        6068 kB
Mlocked:            5628 kB
SwapTotal:       4718584 kB
SwapFree:        4718584 kB
Dirty:               352 kB
Writeback:             0 kB
AnonPages:       2483172 kB
Mapped:          1038840 kB
Shmem:             25784 kB
KReclaimable:     436632 kB
Slab:             333060 kB
SReclaimable:     108080 kB
SUnreclaim:       224980 kB
KernelStack:       47648 kB
ShadowCallStack:   11936 kB
PageTables:        69048 kB
NFS_Unstable:          0 kB
Bounce:                0 kB
WritebackTmp:          0 kB
CommitLimit:     8677876 kB
Committed_AS:   68965700 kB
VmallocTotal:   263061440 kB
VmallocUsed:      130432 kB
VmallocChunk:          0 kB
Percpu:             2448 kB
CmaTotal:         405504 kB
CmaFree:               4 kB
MemTotal:        7918584 kB
MemFree:          190312 kB
MemAvailable:    3105256 kB
Buffers:           56144 kB
Cached:          2842676 kB
SwapCached:            0 kB
Active:          4147880 kB
Inactive:        1230052 kB
Active(anon):    2465072 kB
Inactive(anon):    44324 kB
Active(file):    1682808 kB
Inactive(file):  1185728 kB
Unevictable:        6068 kB
Mlocked:            5628 kB
SwapTotal:       4718584 kB
SwapFree:        4718584 kB
Dirty:               356 kB
Writeback:             0 kB
AnonPages:       2485264 kB
Mapped:          1038732 kB
Shmem:             25784 kB
KReclaimable:     436632 kB
Slab:             333076 kB
SReclaimable:     108080 kB
SUnreclaim:       224996 kB
KernelStack:       47616 kB
ShadowCallStack:   11928 kB
PageTables:        68860 kB
NFS_Unstable:          0 kB
Bounce:                0 kB
WritebackTmp:          0 kB
CommitLimit:     8677876 kB
Committed_AS:   68965700 kB
VmallocTotal:   263061440 kB
VmallocUsed:      130420 kB
VmallocChunk:          0 kB
Percpu:             2448 kB
CmaTotal:         405504 kB
CmaFree:               4 kB
MemTotal:        7918584 kB
MemFree:          186856 kB
MemAvailable:    3101776 kB
Buffers:           56144 kB
Cached:          2842720 kB
SwapCached:            0 kB
Active:          4151256 kB
Inactive:        1230092 kB
Active(anon):    2468448 kB
Inactive(anon):    44324 kB
Active(file):    1682808 kB
Inactive(file):  1185768 kB
Unevictable:        6068 kB
Mlocked:            5628 kB
SwapTotal:       4718584 kB
SwapFree:        4718584 kB
Dirty:               472 kB
Writeback:             0 kB
AnonPages:       2488572 kB
Mapped:          1038816 kB
Shmem:             25788 kB
KReclaimable:     436568 kB
Slab:             333092 kB
SReclaimable:     108080 kB
SUnreclaim:       225012 kB
KernelStack:       47648 kB
ShadowCallStack:   11936 kB
PageTables:        69020 kB
NFS_Unstable:          0 kB
Bounce:                0 kB
WritebackTmp:          0 kB
CommitLimit:     8677876 kB
Committed_AS:   68965704 kB
VmallocTotal:   263061440 kB
VmallocUsed:      130320 kB
VmallocChunk:          0 kB
Percpu:             2448 kB
CmaTotal:         405504 kB
CmaFree:              24 kB
MemTotal:        7918584 kB
MemFree:          185548 kB
MemAvailable:    3100440 kB
Buffers:           56144 kB
Cached:          2842724 kB
SwapCached:            0 kB
Active:          4152832 kB
Inactive:        1230096 kB
Active(anon):    2470024 kB
Inactive(anon):    44324 kB
Active(file):    1682808 kB
Inactive(file):  1185772 kB
Unevictable:        6068 kB
Mlocked:            5628 kB
SwapTotal:       4718584 kB
SwapFree:        4718584 kB
Dirty:               396 kB
Writeback:            80 kB
AnonPages:       2490252 kB
Mapped:          1038804 kB
Shmem:             25788 kB
KReclaimable:     436536 kB
Slab:             333120 kB
SReclaimable:     108080 kB
SUnreclaim:       225040 kB
KernelStack:       47616 kB
ShadowCallStack:   11928 kB
PageTables:        68880 kB
NFS_Unstable:          0 kB
Bounce:                0 kB
WritebackTmp:          0 kB
CommitLimit:     8677876 kB
Committed_AS:   68965600 kB
VmallocTotal:   263061440 kB
VmallocUsed:      130316 kB
VmallocChunk:          0 kB
Percpu:             2448 kB
CmaTotal:         405504 kB
CmaFree:              28 kB
MemTotal:        7918584 kB
MemFree:          182308 kB
MemAvailable:    3097200 kB
Buffers:           56168 kB
Cached:          2842732 kB
SwapCached:            0 kB
Active:          4155668 kB
Inactive:        1230128 kB
Active(anon):    2472860 kB
Inactive(anon):    44324 kB
Active(file):    1682808 kB
Inactive(file):  1185804 kB
Unevictable:        6068 kB
Mlocked:            5628 kB
SwapTotal:       4718584 kB
SwapFree:        4718584 kB
Dirty:               352 kB
Writeback:             0 kB
AnonPages:       2492936 kB
Mapped:          1038756 kB
Shmem:             25788 kB
KReclaimable:     436504 kB
Slab:             333072 kB
SReclaimable:     108080 kB
SUnreclaim:       224992 kB
KernelStack:       47616 kB
ShadowCallStack:   11928 kB
PageTables:        69032 kB
NFS_Unstable:          0 kB
Bounce:                0 kB
WritebackTmp:          0 kB
CommitLimit:     8677876 kB
Committed_AS:   68965604 kB
VmallocTotal:   263061440 kB
VmallocUsed:      130280 kB
VmallocChunk:          0 kB
Percpu:             2448 kB
CmaTotal:         405504 kB
CmaFree:              24 kB
MemTotal:        7918584 kB
MemFree:          185336 kB
MemAvailable:    3100240 kB
Buffers:           56176 kB
Cached:          2842740 kB
SwapCached:            0 kB
Active:          4152368 kB
Inactive:        1230144 kB
Active(anon):    2469560 kB
Inactive(anon):    44328 kB
Active(file):    1682808 kB
Inactive(file):  1185816 kB
Unevictable:        6068 kB
Mlocked:            5628 kB
SwapTotal:       4718584 kB
SwapFree:        4718584 kB
Dirty:               364 kB
Writeback:             0 kB
AnonPages:       2489860 kB
Mapped:          1038880 kB
Shmem:             25792 kB
KReclaimable:     436504 kB
Slab:             333064 kB
SReclaimable:     108080 kB
SUnreclaim:       224984 kB
KernelStack:       47632 kB
ShadowCallStack:   11924 kB
PageTables:        68976 kB
NFS_Unstable:          0 kB
Bounce:                0 kB
WritebackTmp:          0 kB
CommitLimit:     8677876 kB
Committed_AS:   68981992 kB
VmallocTotal:   263061440 kB
VmallocUsed:      130348 kB
VmallocChunk:          0 kB
Percpu:             2448 kB
CmaTotal:         405504 kB
CmaFree:             264 kB
MemTotal:        7918584 kB
MemFree:          189260 kB
MemAvailable:    3104204 kB
Buffers:           56176 kB
Cached:          2842784 kB
SwapCached:            0 kB
Active:          4149624 kB
Inactive:        1230180 kB
Active(anon):    2466816 kB
Inactive(anon):    44324 kB
Active(file):    1682808 kB
Inactive(file):  1185856 kB
Unevictable:        6068 kB
Mlocked:            5628 kB
SwapTotal:       4718584 kB
SwapFree:        4718584 kB
Dirty:               464 kB
Writeback:             0 kB
AnonPages:       2486948 kB
Mapped:          1038860 kB
Shmem:             25796 kB
KReclaimable:     436504 kB
Slab:             333056 kB
SReclaimable:     108080 kB
SUnreclaim:       224976 kB
KernelStack:       47616 kB
ShadowCallStack:   11920 kB
PageTables:        68988 kB
NFS_Unstable:          0 kB
Bounce:                0 kB
WritebackTmp:          0 kB
CommitLimit:     8677876 kB
Committed_AS:   68981940 kB
VmallocTotal:   263061440 kB
VmallocUsed:      130328 kB
VmallocChunk:          0 kB
Percpu:             2448 kB
CmaTotal:         405504 kB
CmaFree:             244 kB
MemTotal:        7918584 kB
MemFree:          184124 kB
MemAvailable:    3099024 kB
Buffers:           56176 kB
Cached:          2842772 kB
SwapCached:            0 kB
Active:          4154420 kB
Inactive:        1230164 kB
Active(anon):    2471612 kB
Inactive(anon):    44320 kB
Active(file):    1682808 kB
Inactive(file):  1185844 kB
Unevictable:        6068 kB
Mlocked:            5628 kB
SwapTotal:       4718584 kB
SwapFree:        4718584 kB
Dirty:                44 kB
Writeback:             0 kB
AnonPages:       2491688 kB
Mapped:          1039040 kB
Shmem:             25796 kB
KReclaimable:     436472 kB
Slab:             333052 kB
SReclaimable:     108080 kB
SUnreclaim:       224972 kB
KernelStack:       47616 kB
ShadowCallStack:   11928 kB
PageTables:        69264 kB
NFS_Unstable:          0 kB
Bounce:                0 kB
WritebackTmp:          0 kB
CommitLimit:     8677876 kB
Committed_AS:   68981944 kB
VmallocTotal:   263061440 kB
VmallocUsed:      130308 kB
VmallocChunk:          0 kB
Percpu:             2448 kB
CmaTotal:         405504 kB
CmaFree:             376 kB
MemTotal:        7918584 kB
MemFree:          183756 kB
MemAvailable:    3098680 kB
Buffers:           56176 kB
Cached:          2842800 kB
SwapCached:            0 kB
Active:          4154500 kB
Inactive:        1230188 kB
Active(anon):    2471692 kB
Inactive(anon):    44320 kB
Active(file):    1682808 kB
Inactive(file):  1185868 kB
Unevictable:        6068 kB
Mlocked:            5628 kB
SwapTotal:       4718584 kB
SwapFree:        4718584 kB
Dirty:                80 kB
Writeback:             0 kB
AnonPages:       2491960 kB
Mapped:          1039060 kB
Shmem:             25800 kB
KReclaimable:     436472 kB
Slab:             333056 kB
SReclaimable:     108080 kB
SUnreclaim:       224976 kB
KernelStack:       47616 kB
ShadowCallStack:   11924 kB
PageTables:        68992 kB
NFS_Unstable:          0 kB
Bounce:                0 kB
WritebackTmp:          0 kB
CommitLimit:     8677876 kB
Committed_AS:   68981840 kB
VmallocTotal:   263061440 kB
VmallocUsed:      130288 kB
VmallocChunk:          0 kB
Percpu:             2448 kB
CmaTotal:         405504 kB
CmaFree:             372 kB
MemTotal:        7918584 kB
MemFree:          180556 kB
MemAvailable:    3095500 kB
Buffers:           56184 kB
Cached:          2842812 kB
SwapCached:            0 kB
Active:          4157656 kB
Inactive:        1230212 kB
Active(anon):    2474848 kB
Inactive(anon):    44324 kB
Active(file):    1682808 kB
Inactive(file):  1185888 kB
Unevictable:        6068 kB
Mlocked:            5628 kB
SwapTotal:       4718584 kB
SwapFree:        4718584 kB
Dirty:               192 kB
Writeback:             0 kB
AnonPages:       2494968 kB
Mapped:          1038960 kB
Shmem:             25800 kB
KReclaimable:     436472 kB
Slab:             333056 kB
SReclaimable:     108080 kB
SUnreclaim:       224976 kB
KernelStack:       47552 kB
ShadowCallStack:   11912 kB
PageTables:        69060 kB
NFS_Unstable:          0 kB
Bounce:                0 kB
WritebackTmp:          0 kB
CommitLimit:     8677876 kB
Committed_AS:   68981792 kB
VmallocTotal:   263061440 kB
VmallocUsed:      130268 kB
VmallocChunk:          0 kB
Percpu:             2448 kB
CmaTotal:         405504 kB
CmaFree:             372 kB
MemTotal:        7918584 kB
MemFree:          178840 kB
MemAvailable:    3093876 kB
Buffers:           56184 kB
Cached:          2842904 kB
SwapCached:            0 kB
Active:          4158992 kB
Inactive:        1230300 kB
Active(anon):    2476184 kB
Inactive(anon):    44320 kB
Active(file):    1682808 kB
Inactive(file):  1185980 kB
Unevictable:        6068 kB
Mlocked:            5628 kB
SwapTotal:       4718584 kB
SwapFree:        4718584 kB
Dirty:               308 kB
Writeback:             0 kB
AnonPages:       2496288 kB
Mapped:          1038844 kB
Shmem:             25800 kB
KReclaimable:     436472 kB
Slab:             333052 kB
SReclaimable:     108080 kB
SUnreclaim:       224972 kB
KernelStack:       47552 kB
ShadowCallStack:   11904 kB
PageTables:        68884 kB
NFS_Unstable:          0 kB
Bounce:                0 kB
WritebackTmp:          0 kB
CommitLimit:     8677876 kB
Committed_AS:   68981792 kB
VmallocTotal:   263061440 kB
VmallocUsed:      130260 kB
VmallocChunk:          0 kB
Percpu:             2448 kB
CmaTotal:         405504 kB
CmaFree:             376 kB
MemTotal:        7918584 kB
MemFree:          176132 kB
MemAvailable:    3091172 kB
Buffers:           56184 kB
Cached:          2842908 kB
SwapCached:            0 kB
Active:          4161312 kB
Inactive:        1230304 kB
Active(anon):    2478504 kB
Inactive(anon):    44320 kB
Active(file):    1682808 kB
Inactive(file):  1185984 kB
Unevictable:        6068 kB
Mlocked:            5628 kB
SwapTotal:       4718584 kB
SwapFree:        4718584 kB
Dirty:               320 kB
Writeback:             0 kB
AnonPages:       2498540 kB
Mapped:          1038856 kB
Shmem:             25800 kB
KReclaimable:     436472 kB
Slab:             333052 kB
SReclaimable:     108080 kB
SUnreclaim:       224972 kB
KernelStack:       47520 kB
ShadowCallStack:   11904 kB
PageTables:        69012 kB
NFS_Unstable:          0 kB
Bounce:                0 kB
WritebackTmp:          0 kB
CommitLimit:     8677876 kB
Committed_AS:   68981792 kB
VmallocTotal:   263061440 kB
VmallocUsed:      130228 kB
VmallocChunk:          0 kB
Percpu:             2448 kB
CmaTotal:         405504 kB
CmaFree:             376 kB
MemTotal:        7918584 kB
MemFree:          175268 kB
MemAvailable:    3090316 kB
Buffers:           56184 kB
Cached:          2842916 kB
SwapCached:            0 kB
Active:          4164412 kB
Inactive:        1230316 kB
Active(anon):    2481604 kB
Inactive(anon):    44324 kB
Active(file):    1682808 kB
Inactive(file):  1185992 kB
Unevictable:        6068 kB
Mlocked:            5628 kB
SwapTotal:       4718584 kB
SwapFree:        4718584 kB
Dirty:               328 kB
Writeback:             0 kB
AnonPages:       2501588 kB
Mapped:          1038864 kB
Shmem:             25800 kB
KReclaimable:     436472 kB
Slab:             333052 kB
SReclaimable:     108080 kB
SUnreclaim:       224972 kB
KernelStack:       47536 kB
ShadowCallStack:   11916 kB
PageTables:        69040 kB
NFS_Unstable:          0 kB
Bounce:                0 kB
WritebackTmp:          0 kB
CommitLimit:     8677876 kB
Committed_AS:   68981788 kB
VmallocTotal:   263061440 kB
VmallocUsed:      130220 kB
VmallocChunk:          0 kB
Percpu:             2448 kB
CmaTotal:         405504 kB
CmaFree:             380 kB
MemTotal:        7918584 kB
MemFree:          173492 kB
MemAvailable:    3088528 kB
Buffers:           56192 kB
Cached:          2842920 kB
SwapCached:            0 kB
Active:          4164692 kB
Inactive:        1230312 kB
Active(anon):    2481884 kB
Inactive(anon):    44308 kB
Active(file):    1682808 kB
Inactive(file):  1186004 kB
Unevictable:        6068 kB
Mlocked:            5628 kB
SwapTotal:       4718584 kB
SwapFree:        4718584 kB
Dirty:               400 kB
Writeback:             0 kB
AnonPages:       2502000 kB
Mapped:          1039052 kB
Shmem:             25800 kB
KReclaimable:     436448 kB
Slab:             333056 kB
SReclaimable:     108080 kB
SUnreclaim:       224976 kB
KernelStack:       47584 kB
ShadowCallStack:   11912 kB
PageTables:        69164 kB
NFS_Unstable:          0 kB
Bounce:                0 kB
WritebackTmp:          0 kB
CommitLimit:     8677876 kB
Committed_AS:   68981788 kB
VmallocTotal:   263061440 kB
VmallocUsed:      130316 kB
VmallocChunk:          0 kB
Percpu:             2448 kB
CmaTotal:         405504 kB
CmaFree:             380 kB
MemTotal:        7918584 kB
MemFree:          168924 kB
MemAvailable:    3083980 kB
Buffers:           56224 kB
Cached:          2842936 kB
SwapCached:            0 kB
Active:          4169144 kB
Inactive:        1230372 kB
Active(anon):    2486336 kB
Inactive(anon):    44324 kB
Active(file):    1682808 kB
Inactive(file):  1186048 kB
Unevictable:        6068 kB
Mlocked:            5628 kB
SwapTotal:       4718584 kB
SwapFree:        4718584 kB
Dirty:               416 kB
Writeback:             0 kB
AnonPages:       2506520 kB
Mapped:          1038976 kB
Shmem:             25804 kB
KReclaimable:     436424 kB
Slab:             333068 kB
SReclaimable:     108080 kB
SUnreclaim:       224988 kB
KernelStack:       47536 kB
ShadowCallStack:   11908 kB
PageTables:        69104 kB
NFS_Unstable:          0 kB
Bounce:                0 kB
WritebackTmp:          0 kB
CommitLimit:     8677876 kB
Committed_AS:   68998180 kB
VmallocTotal:   263061440 kB
VmallocUsed:      130212 kB
VmallocChunk:          0 kB
Percpu:             2448 kB
CmaTotal:         405504 kB
CmaFree:             380 kB
MemTotal:        7918584 kB
MemFree:          169392 kB
MemAvailable:    3084444 kB
Buffers:           56224 kB
Cached:          2842940 kB
SwapCached:            0 kB
Active:          4169216 kB
Inactive:        1230376 kB
Active(anon):    2486408 kB
Inactive(anon):    44324 kB
Active(file):    1682808 kB
Inactive(file):  1186052 kB
Unevictable:        6068 kB
Mlocked:            5628 kB
SwapTotal:       4718584 kB
SwapFree:        4718584 kB
Dirty:               428 kB
Writeback:             0 kB
AnonPages:       2506636 kB
Mapped:          1039004 kB
Shmem:             25804 kB
KReclaimable:     436416 kB
Slab:             333056 kB
SReclaimable:     108080 kB
SUnreclaim:       224976 kB
KernelStack:       47536 kB
ShadowCallStack:   11904 kB
PageTables:        69084 kB
NFS_Unstable:          0 kB
Bounce:                0 kB
WritebackTmp:          0 kB
CommitLimit:     8677876 kB
Committed_AS:   68998176 kB
VmallocTotal:   263061440 kB
VmallocUsed:      130216 kB
VmallocChunk:          0 kB
Percpu:             2448 kB
CmaTotal:         405504 kB
CmaFree:             380 kB
MemTotal:        7918584 kB
MemFree:          165840 kB
MemAvailable:    3080892 kB
Buffers:           56224 kB
Cached:          2842952 kB
SwapCached:            0 kB
Active:          4172244 kB
Inactive:        1230384 kB
Active(anon):    2489436 kB
Inactive(anon):    44324 kB
Active(file):    1682808 kB
Inactive(file):  1186060 kB
Unevictable:        6068 kB
Mlocked:            5628 kB
SwapTotal:       4718584 kB
SwapFree:        4718584 kB
Dirty:               436 kB
Writeback:             0 kB
AnonPages:       2509560 kB
Mapped:          1038992 kB
Shmem:             25808 kB
KReclaimable:     436408 kB
Slab:             333064 kB
SReclaimable:     108080 kB
SUnreclaim:       224984 kB
KernelStack:       47536 kB
ShadowCallStack:   11908 kB
PageTables:        69092 kB
NFS_Unstable:          0 kB
Bounce:                0 kB
WritebackTmp:          0 kB
CommitLimit:     8677876 kB
Committed_AS:   68998180 kB
VmallocTotal:   263061440 kB
VmallocUsed:      130216 kB
VmallocChunk:          0 kB
Percpu:             2448 kB
CmaTotal:         405504 kB
CmaFree:             380 kB
MemTotal:        7918584 kB
MemFree:          167156 kB
MemAvailable:    3082208 kB
Buffers:           56224 kB
Cached:          2842952 kB
SwapCached:            0 kB
Active:          4171380 kB
Inactive:        1230384 kB
Active(anon):    2488572 kB
Inactive(anon):    44324 kB
Active(file):    1682808 kB
Inactive(file):  1186060 kB
Unevictable:        6068 kB
Mlocked:            5628 kB
SwapTotal:       4718584 kB
SwapFree:        4718584 kB
Dirty:               436 kB
Writeback:             0 kB
AnonPages:       2508576 kB
Mapped:          1039060 kB
Shmem:             25808 kB
KReclaimable:     436408 kB
Slab:             333056 kB
SReclaimable:     108080 kB
SUnreclaim:       224976 kB
KernelStack:       47504 kB
ShadowCallStack:   11900 kB
PageTables:        68896 kB
NFS_Unstable:          0 kB
Bounce:                0 kB
WritebackTmp:          0 kB
CommitLimit:     8677876 kB
Committed_AS:   68998184 kB
VmallocTotal:   263061440 kB
VmallocUsed:      130156 kB
VmallocChunk:          0 kB
Percpu:             2448 kB
CmaTotal:         405504 kB
CmaFree:             380 kB
MemTotal:        7918584 kB
MemFree:          166024 kB
MemAvailable:    3081072 kB
Buffers:           56224 kB
Cached:          2842968 kB
SwapCached:            0 kB
Active:          4171960 kB
Inactive:        1230392 kB
Active(anon):    2489152 kB
Inactive(anon):    44320 kB
Active(file):    1682808 kB
Inactive(file):  1186072 kB
Unevictable:        6068 kB
Mlocked:            5628 kB
SwapTotal:       4718584 kB
SwapFree:        4718584 kB
Dirty:               456 kB
Writeback:             0 kB
AnonPages:       2509284 kB
Mapped:          1038856 kB
Shmem:             25812 kB
KReclaimable:     436392 kB
Slab:             333128 kB
SReclaimable:     108080 kB
SUnreclaim:       225048 kB
KernelStack:       47568 kB
ShadowCallStack:   11908 kB
PageTables:        69064 kB
NFS_Unstable:          0 kB
Bounce:                0 kB
WritebackTmp:          0 kB
CommitLimit:     8677876 kB
Committed_AS:   68998188 kB
VmallocTotal:   263061440 kB
VmallocUsed:      130324 kB
VmallocChunk:          0 kB
Percpu:             2448 kB
CmaTotal:         405504 kB
CmaFree:             380 kB
MemTotal:        7918584 kB
MemFree:          164592 kB
MemAvailable:    3079652 kB
Buffers:           56232 kB
Cached:          2842972 kB
SwapCached:            0 kB
Active:          4174416 kB
Inactive:        1230404 kB
Active(anon):    2491608 kB
Inactive(anon):    44320 kB
Active(file):    1682808 kB
Inactive(file):  1186084 kB
Unevictable:        6068 kB
Mlocked:            5628 kB
SwapTotal:       4718584 kB
SwapFree:        4718584 kB
Dirty:               544 kB
Writeback:             0 kB
AnonPages:       2511668 kB
Mapped:          1039008 kB
Shmem:             25812 kB
KReclaimable:     436392 kB
Slab:             333120 kB
SReclaimable:     108080 kB
SUnreclaim:       225040 kB
KernelStack:       47520 kB
ShadowCallStack:   11916 kB
PageTables:        69200 kB
NFS_Unstable:          0 kB
Bounce:                0 kB
WritebackTmp:          0 kB
CommitLimit:     8677876 kB
Committed_AS:   68998188 kB
VmallocTotal:   263061440 kB
VmallocUsed:      130216 kB
VmallocChunk:          0 kB
Percpu:             2448 kB
CmaTotal:         405504 kB
CmaFree:               0 kB
MemTotal:        7918584 kB
MemFree:          162600 kB
MemAvailable:    2917516 kB
Buffers:           56256 kB
Cached:          2806252 kB
SwapCached:            0 kB
Active:          4215352 kB
Inactive:        1193600 kB
Active(anon):    2532544 kB
Inactive(anon):    44324 kB
Active(file):    1682808 kB
Inactive(file):  1149276 kB
Unevictable:        6068 kB
Mlocked:            5628 kB
SwapTotal:       4718584 kB
SwapFree:        4718584 kB
Dirty:               676 kB
Writeback:             0 kB
AnonPages:       2552552 kB
Mapped:          1039592 kB
Shmem:             25924 kB
KReclaimable:     313056 kB
Slab:             332428 kB
SReclaimable:     107360 kB
SUnreclaim:       225068 kB
KernelStack:       47648 kB
ShadowCallStack:   11936 kB
PageTables:        69184 kB
NFS_Unstable:          0 kB
Bounce:                0 kB
WritebackTmp:          0 kB
CommitLimit:     8677876 kB
Committed_AS:   68998580 kB
VmallocTotal:   263061440 kB
VmallocUsed:      130468 kB
VmallocChunk:          0 kB
Percpu:             2448 kB
CmaTotal:         405504 kB
CmaFree:              12 kB
MemTotal:        7918584 kB
MemFree:          196080 kB
MemAvailable:    3072404 kB
Buffers:           56256 kB
Cached:          2806144 kB
SwapCached:            0 kB
Active:          4179712 kB
Inactive:        1193592 kB
Active(anon):    2496904 kB
Inactive(anon):    44312 kB
Active(file):    1682808 kB
Inactive(file):  1149280 kB
Unevictable:        6068 kB
Mlocked:            5628 kB
SwapTotal:       4718584 kB
SwapFree:        4718584 kB
Dirty:               680 kB
Writeback:             0 kB
AnonPages:       2517048 kB
Mapped:          1039040 kB
Shmem:             25812 kB
KReclaimable:     434460 kB
Slab:             332404 kB
SReclaimable:     107360 kB
SUnreclaim:       225044 kB
KernelStack:       47568 kB
ShadowCallStack:   11908 kB
PageTables:        69148 kB
NFS_Unstable:          0 kB
Bounce:                0 kB
WritebackTmp:          0 kB
CommitLimit:     8677876 kB
Committed_AS:   68998184 kB
VmallocTotal:   263061440 kB
VmallocUsed:      130304 kB
VmallocChunk:          0 kB
Percpu:             2448 kB
CmaTotal:         405504 kB
CmaFree:             152 kB
MemTotal:        7918584 kB
MemFree:          194364 kB
MemAvailable:    3070836 kB
Buffers:           56256 kB
Cached:          2806152 kB
SwapCached:            0 kB
Active:          4182288 kB
Inactive:        1193612 kB
Active(anon):    2499480 kB
Inactive(anon):    44324 kB
Active(file):    1682808 kB
Inactive(file):  1149288 kB
Unevictable:        6068 kB
Mlocked:            5628 kB
SwapTotal:       4718584 kB
SwapFree:        4718584 kB
Dirty:               344 kB
Writeback:            80 kB
AnonPages:       2519760 kB
Mapped:          1039040 kB
Shmem:             25812 kB
KReclaimable:     434600 kB
Slab:             332428 kB
SReclaimable:     107360 kB
SUnreclaim:       225068 kB
KernelStack:       47504 kB
ShadowCallStack:   11900 kB
PageTables:        68960 kB
NFS_Unstable:          0 kB
Bounce:                0 kB
WritebackTmp:          0 kB
CommitLimit:     8677876 kB
Committed_AS:   69014568 kB
VmallocTotal:   263061440 kB
VmallocUsed:      130196 kB
VmallocChunk:          0 kB
Percpu:             2448 kB
CmaTotal:         405504 kB
CmaFree:             152 kB
MemTotal:        7918584 kB
MemFree:          192364 kB
MemAvailable:    3068840 kB
Buffers:           56256 kB
Cached:          2806156 kB
SwapCached:            0 kB
Active:          4182672 kB
Inactive:        1193612 kB
Active(anon):    2499864 kB
Inactive(anon):    44320 kB
Active(file):    1682808 kB
Inactive(file):  1149292 kB
Unevictable:        6068 kB
Mlocked:            5628 kB
SwapTotal:       4718584 kB
SwapFree:        4718584 kB
Dirty:               196 kB
Writeback:             0 kB
AnonPages:       2519964 kB
Mapped:          1039032 kB
Shmem:             25812 kB
KReclaimable:     434600 kB
Slab:             332396 kB
SReclaimable:     107360 kB
SUnreclaim:       225036 kB
KernelStack:       47536 kB
ShadowCallStack:   11908 kB
PageTables:        69236 kB
NFS_Unstable:          0 kB
Bounce:                0 kB
WritebackTmp:          0 kB
CommitLimit:     8677876 kB
Committed_AS:   69014568 kB
VmallocTotal:   263061440 kB
VmallocUsed:      130212 kB
VmallocChunk:          0 kB
Percpu:             2448 kB
CmaTotal:         405504 kB
CmaFree:             152 kB
MemTotal:        7918584 kB
MemFree:          190300 kB
MemAvailable:    3066776 kB
Buffers:           56280 kB
Cached:          2806148 kB
SwapCached:            0 kB
Active:          4185568 kB
Inactive:        1193632 kB
Active(anon):    2502760 kB
Inactive(anon):    44324 kB
Active(file):    1682808 kB
Inactive(file):  1149308 kB
Unevictable:        6068 kB
Mlocked:            5628 kB
SwapTotal:       4718584 kB
SwapFree:        4718584 kB
Dirty:               220 kB
Writeback:            20 kB
AnonPages:       2522900 kB
Mapped:          1039036 kB
Shmem:             25812 kB
KReclaimable:     434584 kB
Slab:             332400 kB
SReclaimable:     107360 kB
SUnreclaim:       225040 kB
KernelStack:       47504 kB
ShadowCallStack:   11916 kB
PageTables:        69204 kB
NFS_Unstable:          0 kB
Bounce:                0 kB
WritebackTmp:          0 kB
CommitLimit:     8677876 kB
Committed_AS:   69014572 kB
VmallocTotal:   263061440 kB
VmallocUsed:      130344 kB
VmallocChunk:          0 kB
Percpu:             2448 kB
CmaTotal:         405504 kB
CmaFree:             152 kB
MemTotal:        7918584 kB
MemFree:          189780 kB
MemAvailable:    3066276 kB
Buffers:           56280 kB
Cached:          2806172 kB
SwapCached:            0 kB
Active:          4187060 kB
Inactive:        1193648 kB
Active(anon):    2504252 kB
Inactive(anon):    44320 kB
Active(file):    1682808 kB
Inactive(file):  1149328 kB
Unevictable:        6068 kB
Mlocked:            5628 kB
SwapTotal:       4718584 kB
SwapFree:        4718584 kB
Dirty:               344 kB
Writeback:             0 kB
AnonPages:       2524364 kB
Mapped:          1039032 kB
Shmem:             25816 kB
KReclaimable:     434584 kB
Slab:             332404 kB
SReclaimable:     107360 kB
SUnreclaim:       225044 kB
KernelStack:       47520 kB
ShadowCallStack:   11904 kB
PageTables:        69160 kB
NFS_Unstable:          0 kB
Bounce:                0 kB
WritebackTmp:          0 kB
CommitLimit:     8677876 kB
Committed_AS:   69014572 kB
VmallocTotal:   263061440 kB
VmallocUsed:      130192 kB
VmallocChunk:          0 kB
Percpu:             2448 kB
CmaTotal:         405504 kB
CmaFree:             152 kB
MemTotal:        7918584 kB
MemFree:          188776 kB
MemAvailable:    3065264 kB
Buffers:           56280 kB
Cached:          2806180 kB
SwapCached:            0 kB
Active:          4187920 kB
Inactive:        1193652 kB
Active(anon):    2505112 kB
Inactive(anon):    44316 kB
Active(file):    1682808 kB
Inactive(file):  1149336 kB
Unevictable:        6068 kB
Mlocked:            5628 kB
SwapTotal:       4718584 kB
SwapFree:        4718584 kB
Dirty:               352 kB
Writeback:             0 kB
AnonPages:       2524824 kB
Mapped:          1039200 kB
Shmem:             25816 kB
KReclaimable:     434568 kB
Slab:             332400 kB
SReclaimable:     107360 kB
SUnreclaim:       225040 kB
KernelStack:       47568 kB
ShadowCallStack:   11908 kB
PageTables:        69184 kB
NFS_Unstable:          0 kB
Bounce:                0 kB
WritebackTmp:          0 kB
CommitLimit:     8677876 kB
Committed_AS:   69014572 kB
VmallocTotal:   263061440 kB
VmallocUsed:      130240 kB
VmallocChunk:          0 kB
Percpu:             2448 kB
CmaTotal:         405504 kB
CmaFree:             152 kB
MemTotal:        7918584 kB
MemFree:          185556 kB
MemAvailable:    3062032 kB
Buffers:           56280 kB
Cached:          2806184 kB
SwapCached:            0 kB
Active:          4190392 kB
Inactive:        1193664 kB
Active(anon):    2507584 kB
Inactive(anon):    44324 kB
Active(file):    1682808 kB
Inactive(file):  1149340 kB
Unevictable:        6068 kB
Mlocked:            5628 kB
SwapTotal:       4718584 kB
SwapFree:        4718584 kB
Dirty:               356 kB
Writeback:             0 kB
AnonPages:       2527756 kB
Mapped:          1038928 kB
Shmem:             25816 kB
KReclaimable:     434552 kB
Slab:             332392 kB
SReclaimable:     107360 kB
SUnreclaim:       225032 kB
KernelStack:       47520 kB
ShadowCallStack:   11900 kB
PageTables:        69180 kB
NFS_Unstable:          0 kB
Bounce:                0 kB
WritebackTmp:          0 kB
CommitLimit:     8677876 kB
Committed_AS:   69014572 kB
VmallocTotal:   263061440 kB
VmallocUsed:      130228 kB
VmallocChunk:          0 kB
Percpu:             2448 kB
CmaTotal:         405504 kB
CmaFree:             152 kB
MemTotal:        7918584 kB
MemFree:          185180 kB
MemAvailable:    3061664 kB
Buffers:           56288 kB
Cached:          2806184 kB
SwapCached:            0 kB
Active:          4190620 kB
Inactive:        1193664 kB
Active(anon):    2507812 kB
Inactive(anon):    44316 kB
Active(file):    1682808 kB
Inactive(file):  1149348 kB
Unevictable:        6068 kB
Mlocked:            5628 kB
SwapTotal:       4718584 kB
SwapFree:        4718584 kB
Dirty:               380 kB
Writeback:             0 kB
AnonPages:       2527956 kB
Mapped:          1039020 kB
Shmem:             25816 kB
KReclaimable:     434552 kB
Slab:             332388 kB
SReclaimable:     107360 kB
SUnreclaim:       225028 kB
KernelStack:       47552 kB
ShadowCallStack:   11900 kB
PageTables:        69032 kB
NFS_Unstable:          0 kB
Bounce:                0 kB
WritebackTmp:          0 kB
CommitLimit:     8677876 kB
Committed_AS:   69014572 kB
VmallocTotal:   263061440 kB
VmallocUsed:      130276 kB
VmallocChunk:          0 kB
Percpu:             2448 kB
CmaTotal:         405504 kB
CmaFree:             152 kB
MemTotal:        7918584 kB
MemFree:          181120 kB
MemAvailable:    3057592 kB
Buffers:           56296 kB
Cached:          2806196 kB
SwapCached:            0 kB
Active:          4195156 kB
Inactive:        1193692 kB
Active(anon):    2512348 kB
Inactive(anon):    44324 kB
Active(file):    1682808 kB
Inactive(file):  1149368 kB
Unevictable:        6068 kB
Mlocked:            5628 kB
SwapTotal:       4718584 kB
SwapFree:        4718584 kB
Dirty:               388 kB
Writeback:             0 kB
AnonPages:       2532780 kB
Mapped:          1038968 kB
Shmem:             25816 kB
KReclaimable:     434520 kB
Slab:             332388 kB
SReclaimable:     107360 kB
SUnreclaim:       225028 kB
KernelStack:       47536 kB
ShadowCallStack:   11908 kB
PageTables:        69152 kB
NFS_Unstable:          0 kB
Bounce:                0 kB
WritebackTmp:          0 kB
CommitLimit:     8677876 kB
Committed_AS:   69014572 kB
VmallocTotal:   263061440 kB
VmallocUsed:      130260 kB
VmallocChunk:          0 kB
Percpu:             2448 kB
CmaTotal:         405504 kB
CmaFree:             152 kB
MemTotal:        7918584 kB
MemFree:          178632 kB
MemAvailable:    3055096 kB
Buffers:           56296 kB
Cached:          2806204 kB
SwapCached:            0 kB
Active:          4198036 kB
Inactive:        1193696 kB
Active(anon):    2515228 kB
Inactive(anon):    44320 kB
Active(file):    1682808 kB
Inactive(file):  1149376 kB
Unevictable:        6068 kB
Mlocked:            5628 kB
SwapTotal:       4718584 kB
SwapFree:        4718584 kB
Dirty:               404 kB
Writeback:             0 kB
AnonPages:       2535252 kB
Mapped:          1039164 kB
Shmem:             25816 kB
KReclaimable:     434504 kB
Slab:             332400 kB
SReclaimable:     107360 kB
SUnreclaim:       225040 kB
KernelStack:       47536 kB
ShadowCallStack:   11908 kB
PageTables:        69176 kB
NFS_Unstable:          0 kB
Bounce:                0 kB
WritebackTmp:          0 kB
CommitLimit:     8677876 kB
Committed_AS:   69014576 kB
VmallocTotal:   263061440 kB
VmallocUsed:      130224 kB
VmallocChunk:          0 kB
Percpu:             2448 kB
CmaTotal:         405504 kB
CmaFree:             152 kB
MemTotal:        7918584 kB
MemFree:          179004 kB
MemAvailable:    3055472 kB
Buffers:           56296 kB
Cached:          2806208 kB
SwapCached:            0 kB
Active:          4197416 kB
Inactive:        1193700 kB
Active(anon):    2514608 kB
Inactive(anon):    44320 kB
Active(file):    1682808 kB
Inactive(file):  1149380 kB
Unevictable:        6068 kB
Mlocked:            5628 kB
SwapTotal:       4718584 kB
SwapFree:        4718584 kB
Dirty:               408 kB
Writeback:             0 kB
AnonPages:       2534912 kB
Mapped:          1038976 kB
Shmem:             25816 kB
KReclaimable:     434504 kB
Slab:             332404 kB
SReclaimable:     107360 kB
SUnreclaim:       225044 kB
KernelStack:       47536 kB
ShadowCallStack:   11912 kB
PageTables:        69116 kB
NFS_Unstable:          0 kB
Bounce:                0 kB
WritebackTmp:          0 kB
CommitLimit:     8677876 kB
Committed_AS:   69014572 kB
VmallocTotal:   263061440 kB
VmallocUsed:      130196 kB
VmallocChunk:          0 kB
Percpu:             2448 kB
CmaTotal:         405504 kB
CmaFree:             152 kB
MemTotal:        7918584 kB
MemFree:          176144 kB
MemAvailable:    3052620 kB
Buffers:           56296 kB
Cached:          2806216 kB
SwapCached:            0 kB
Active:          4200624 kB
Inactive:        1193712 kB
Active(anon):    2517816 kB
Inactive(anon):    44324 kB
Active(file):    1682808 kB
Inactive(file):  1149388 kB
Unevictable:        6068 kB
Mlocked:            5628 kB
SwapTotal:       4718584 kB
SwapFree:        4718584 kB
Dirty:               416 kB
Writeback:             0 kB
AnonPages:       2537860 kB
Mapped:          1039200 kB
Shmem:             25816 kB
KReclaimable:     434504 kB
Slab:             332388 kB
SReclaimable:     107360 kB
SUnreclaim:       225028 kB
KernelStack:       47552 kB
ShadowCallStack:   11908 kB
PageTables:        69216 kB
NFS_Unstable:          0 kB
Bounce:                0 kB
WritebackTmp:          0 kB
CommitLimit:     8677876 kB
Committed_AS:   69030956 kB
VmallocTotal:   263061440 kB
VmallocUsed:      130260 kB
VmallocChunk:          0 kB
Percpu:             2448 kB
CmaTotal:         405504 kB
CmaFree:             152 kB
MemTotal:        7918584 kB
MemFree:          174976 kB
MemAvailable:    3051440 kB
Buffers:           56296 kB
Cached:          2806220 kB
SwapCached:            0 kB
Active:          4201060 kB
Inactive:        1193712 kB
Active(anon):    2518252 kB
Inactive(anon):    44320 kB
Active(file):    1682808 kB
Inactive(file):  1149392 kB
Unevictable:        6068 kB
Mlocked:            5628 kB
SwapTotal:       4718584 kB
SwapFree:        4718584 kB
Dirty:               192 kB
Writeback:             0 kB
AnonPages:       2538400 kB
Mapped:          1039124 kB
Shmem:             25816 kB
KReclaimable:     434488 kB
Slab:             332412 kB
SReclaimable:     107360 kB
SUnreclaim:       225052 kB
KernelStack:       47568 kB
ShadowCallStack:   11908 kB
PageTables:        69136 kB
NFS_Unstable:          0 kB
Bounce:                0 kB
WritebackTmp:          0 kB
CommitLimit:     8677876 kB
Committed_AS:   69030956 kB
VmallocTotal:   263061440 kB
VmallocUsed:      130328 kB
VmallocChunk:          0 kB
Percpu:             2448 kB
CmaTotal:         405504 kB
CmaFree:             152 kB
MemTotal:        7918584 kB
MemFree:          173084 kB
MemAvailable:    3049560 kB
Buffers:           56320 kB
Cached:          2806224 kB
SwapCached:            0 kB
Active:          4203008 kB
Inactive:        1193744 kB
Active(anon):    2520200 kB
Inactive(anon):    44324 kB
Active(file):    1682808 kB
Inactive(file):  1149420 kB
Unevictable:        6068 kB
Mlocked:            5628 kB
SwapTotal:       4718584 kB
SwapFree:        4718584 kB
Dirty:               268 kB
Writeback:            20 kB
AnonPages:       2540488 kB
Mapped:          1039144 kB
Shmem:             25816 kB
KReclaimable:     434472 kB
Slab:             332376 kB
SReclaimable:     107360 kB
SUnreclaim:       225016 kB
KernelStack:       47520 kB
ShadowCallStack:   11896 kB
PageTables:        69252 kB
NFS_Unstable:          0 kB
Bounce:                0 kB
WritebackTmp:          0 kB
CommitLimit:     8677876 kB
Committed_AS:   69030904 kB
VmallocTotal:   263061440 kB
VmallocUsed:      130176 kB
VmallocChunk:          0 kB
Percpu:             2448 kB
CmaTotal:         405504 kB
CmaFree:             152 kB
MemTotal:        7918584 kB
MemFree:          186312 kB
MemAvailable:    3062796 kB
Buffers:           56320 kB
Cached:          2806232 kB
SwapCached:            0 kB
Active:          4188752 kB
Inactive:        1193752 kB
Active(anon):    2505944 kB
Inactive(anon):    44324 kB
Active(file):    1682808 kB
Inactive(file):  1149428 kB
Unevictable:        6068 kB
Mlocked:            5628 kB
SwapTotal:       4718584 kB
SwapFree:        4718584 kB
Dirty:               300 kB
Writeback:             0 kB
AnonPages:       2526228 kB
Mapped:          1025152 kB
Shmem:             25816 kB
KReclaimable:     434472 kB
Slab:             332372 kB
SReclaimable:     107360 kB
SUnreclaim:       225012 kB
KernelStack:       47568 kB
ShadowCallStack:   11908 kB
PageTables:        69108 kB
NFS_Unstable:          0 kB
Bounce:                0 kB
WritebackTmp:          0 kB
CommitLimit:     8677876 kB
Committed_AS:   69030956 kB
VmallocTotal:   263061440 kB
VmallocUsed:      130208 kB
VmallocChunk:          0 kB
Percpu:             2448 kB
CmaTotal:         405504 kB
CmaFree:             532 kB
MemTotal:        7918584 kB
MemFree:          184076 kB
MemAvailable:    3060552 kB
Buffers:           56320 kB
Cached:          2806240 kB
SwapCached:            0 kB
Active:          4192216 kB
Inactive:        1193756 kB
Active(anon):    2509408 kB
Inactive(anon):    44320 kB
Active(file):    1682808 kB
Inactive(file):  1149436 kB
Unevictable:        6068 kB
Mlocked:            5628 kB
SwapTotal:       4718584 kB
SwapFree:        4718584 kB
Dirty:               240 kB
Writeback:             0 kB
AnonPages:       2529512 kB
Mapped:          1025172 kB
Shmem:             25816 kB
KReclaimable:     434456 kB
Slab:             332360 kB
SReclaimable:     107360 kB
SUnreclaim:       225000 kB
KernelStack:       47536 kB
ShadowCallStack:   11908 kB
PageTables:        69288 kB
NFS_Unstable:          0 kB
Bounce:                0 kB
WritebackTmp:          0 kB
CommitLimit:     8677876 kB
Committed_AS:   69030956 kB
VmallocTotal:   263061440 kB
VmallocUsed:      130264 kB
VmallocChunk:          0 kB
Percpu:             2448 kB
CmaTotal:         405504 kB
CmaFree:             532 kB
MemTotal:        7918584 kB
MemFree:          182308 kB
MemAvailable:    3058772 kB
Buffers:           56320 kB
Cached:          2806244 kB
SwapCached:            0 kB
Active:          4193624 kB
Inactive:        1193756 kB
Active(anon):    2510816 kB
Inactive(anon):    44316 kB
Active(file):    1682808 kB
Inactive(file):  1149440 kB
Unevictable:        6068 kB
Mlocked:            5628 kB
SwapTotal:       4718584 kB
SwapFree:        4718584 kB
Dirty:               244 kB
Writeback:             0 kB
AnonPages:       2531096 kB
Mapped:          1025172 kB
Shmem:             25816 kB
KReclaimable:     434440 kB
Slab:             332376 kB
SReclaimable:     107360 kB
SUnreclaim:       225016 kB
KernelStack:       47520 kB
ShadowCallStack:   11900 kB
PageTables:        69024 kB
NFS_Unstable:          0 kB
Bounce:                0 kB
WritebackTmp:          0 kB
CommitLimit:     8677876 kB
Committed_AS:   69030960 kB
VmallocTotal:   263061440 kB
VmallocUsed:      130224 kB
VmallocChunk:          0 kB
Percpu:             2448 kB
CmaTotal:         405504 kB
CmaFree:             532 kB
MemTotal:        7918584 kB
MemFree:          179900 kB
MemAvailable:    3056356 kB
Buffers:           56320 kB
Cached:          2806252 kB
SwapCached:            0 kB
Active:          4196020 kB
Inactive:        1193772 kB
Active(anon):    2513212 kB
Inactive(anon):    44324 kB
Active(file):    1682808 kB
Inactive(file):  1149448 kB
Unevictable:        6068 kB
Mlocked:            5628 kB
SwapTotal:       4718584 kB
SwapFree:        4718584 kB
Dirty:               276 kB
Writeback:             0 kB
AnonPages:       2533420 kB
Mapped:          1025056 kB
Shmem:             25816 kB
KReclaimable:     434424 kB
Slab:             332372 kB
SReclaimable:     107360 kB
SUnreclaim:       225012 kB
KernelStack:       47504 kB
ShadowCallStack:   11904 kB
PageTables:        69088 kB
NFS_Unstable:          0 kB
Bounce:                0 kB
WritebackTmp:          0 kB
CommitLimit:     8677876 kB
Committed_AS:   69030956 kB
VmallocTotal:   263061440 kB
VmallocUsed:      130224 kB
VmallocChunk:          0 kB
Percpu:             2448 kB
CmaTotal:         405504 kB
CmaFree:             532 kB
MemTotal:        7918584 kB
MemFree:          176568 kB
MemAvailable:    3053012 kB
Buffers:           56320 kB
Cached:          2806256 kB
SwapCached:            0 kB
Active:          4198928 kB
Inactive:        1193776 kB
Active(anon):    2516120 kB
Inactive(anon):    44324 kB
Active(file):    1682808 kB
Inactive(file):  1149452 kB
Unevictable:        6068 kB
Mlocked:            5628 kB
SwapTotal:       4718584 kB
SwapFree:        4718584 kB
Dirty:               280 kB
Writeback:             0 kB
AnonPages:       2536232 kB
Mapped:          1025064 kB
Shmem:             25816 kB
KReclaimable:     434408 kB
Slab:             332368 kB
SReclaimable:     107360 kB
SUnreclaim:       225008 kB
KernelStack:       47536 kB
ShadowCallStack:   11908 kB
PageTables:        69112 kB
NFS_Unstable:          0 kB
Bounce:                0 kB
WritebackTmp:          0 kB
CommitLimit:     8677876 kB
Committed_AS:   69030956 kB
VmallocTotal:   263061440 kB
VmallocUsed:      130292 kB
VmallocChunk:          0 kB
Percpu:             2448 kB
CmaTotal:         405504 kB
CmaFree:             532 kB
MemTotal:        7918584 kB
MemFree:          174504 kB
MemAvailable:    3051108 kB
Buffers:           56328 kB
Cached:          2806424 kB
SwapCached:            0 kB
Active:          4201468 kB
Inactive:        1193948 kB
Active(anon):    2518660 kB
Inactive(anon):    44320 kB
Active(file):    1682808 kB
Inactive(file):  1149628 kB
Unevictable:        6068 kB
Mlocked:            5628 kB
SwapTotal:       4718584 kB
SwapFree:        4718584 kB
Dirty:               324 kB
Writeback:             0 kB
AnonPages:       2538756 kB
Mapped:          1025200 kB
Shmem:             25816 kB
KReclaimable:     434392 kB
Slab:             332384 kB
SReclaimable:     107376 kB
SUnreclaim:       225008 kB
KernelStack:       47520 kB
ShadowCallStack:   11904 kB
PageTables:        69220 kB
NFS_Unstable:          0 kB
Bounce:                0 kB
WritebackTmp:          0 kB
CommitLimit:     8677876 kB
Committed_AS:   69031044 kB
VmallocTotal:   263061440 kB
VmallocUsed:      130292 kB
VmallocChunk:          0 kB
Percpu:             2448 kB
CmaTotal:         405504 kB
CmaFree:             532 kB
MemTotal:        7918584 kB
MemFree:          161740 kB
MemAvailable:    2889896 kB
Buffers:           54612 kB
Cached:          2783116 kB
SwapCached:            0 kB
Active:          4240028 kB
Inactive:        1168808 kB
Active(anon):    2557220 kB
Inactive(anon):    44328 kB
Active(file):    1682808 kB
Inactive(file):  1124480 kB
Unevictable:        6068 kB
Mlocked:            5628 kB
SwapTotal:       4718584 kB
SwapFree:        4718584 kB
Dirty:               252 kB
Writeback:             0 kB
AnonPages:       2577288 kB
Mapped:          1025952 kB
Shmem:             25832 kB
KReclaimable:     311092 kB
Slab:             332072 kB
SReclaimable:     107060 kB
SUnreclaim:       225012 kB
KernelStack:       47632 kB
ShadowCallStack:   11916 kB
PageTables:        69072 kB
NFS_Unstable:          0 kB
Bounce:                0 kB
WritebackTmp:          0 kB
CommitLimit:     8677876 kB
Committed_AS:   69031444 kB
VmallocTotal:   263061440 kB
VmallocUsed:      130384 kB
VmallocChunk:          0 kB
Percpu:             2448 kB
CmaTotal:         405504 kB
CmaFree:              52 kB
MemTotal:        7918584 kB
MemFree:          162120 kB
MemAvailable:    2889736 kB
Buffers:           54612 kB
Cached:          2782968 kB
SwapCached:            0 kB
Active:          4240060 kB
Inactive:        1168620 kB
Active(anon):    2557252 kB
Inactive(anon):    44324 kB
Active(file):    1682808 kB
Inactive(file):  1124296 kB
Unevictable:        6068 kB
Mlocked:            5628 kB
SwapTotal:       4718584 kB
SwapFree:        4718584 kB
Dirty:               260 kB
Writeback:             0 kB
AnonPages:       2577388 kB
Mapped:          1025972 kB
Shmem:             25976 kB
KReclaimable:     310736 kB
Slab:             331884 kB
SReclaimable:     106836 kB
SUnreclaim:       225048 kB
KernelStack:       47584 kB
ShadowCallStack:   11928 kB
PageTables:        69212 kB
NFS_Unstable:          0 kB
Bounce:                0 kB
WritebackTmp:          0 kB
CommitLimit:     8677876 kB
Committed_AS:   69047696 kB
VmallocTotal:   263061440 kB
VmallocUsed:      130252 kB
VmallocChunk:          0 kB
Percpu:             2448 kB
CmaTotal:         405504 kB
CmaFree:               0 kB
MemTotal:        7918584 kB
MemFree:          198360 kB
MemAvailable:    3047552 kB
Buffers:           54620 kB
Cached:          2782812 kB
SwapCached:            0 kB
Active:          4203952 kB
Inactive:        1168632 kB
Active(anon):    2521144 kB
Inactive(anon):    44324 kB
Active(file):    1682808 kB
Inactive(file):  1124308 kB
Unevictable:        6068 kB
Mlocked:            5628 kB
SwapTotal:       4718584 kB
SwapFree:        4718584 kB
Dirty:               336 kB
Writeback:             0 kB
AnonPages:       2541428 kB
Mapped:          1025172 kB
Shmem:             25816 kB
KReclaimable:     432300 kB
Slab:             331844 kB
SReclaimable:     106836 kB
SUnreclaim:       225008 kB
KernelStack:       47536 kB
ShadowCallStack:   11908 kB
PageTables:        69152 kB
NFS_Unstable:          0 kB
Bounce:                0 kB
WritebackTmp:          0 kB
CommitLimit:     8677876 kB
Committed_AS:   69047452 kB
VmallocTotal:   263061440 kB
VmallocUsed:      130196 kB
VmallocChunk:          0 kB
Percpu:             2448 kB
CmaTotal:         405504 kB
CmaFree:             608 kB
MemTotal:        7918584 kB
MemFree:          196500 kB
MemAvailable:    3045740 kB
Buffers:           54644 kB
Cached:          2782836 kB
SwapCached:            0 kB
Active:          4206344 kB
Inactive:        1168676 kB
Active(anon):    2523536 kB
Inactive(anon):    44320 kB
Active(file):    1682808 kB
Inactive(file):  1124356 kB
Unevictable:        6068 kB
Mlocked:            5628 kB
SwapTotal:       4718584 kB
SwapFree:        4718584 kB
Dirty:               344 kB
Writeback:             0 kB
AnonPages:       2543600 kB
Mapped:          1025368 kB
Shmem:             25816 kB
KReclaimable:     432300 kB
Slab:             331860 kB
SReclaimable:     106852 kB
SUnreclaim:       225008 kB
KernelStack:       47504 kB
ShadowCallStack:   11900 kB
PageTables:        69224 kB
NFS_Unstable:          0 kB
Bounce:                0 kB
WritebackTmp:          0 kB
CommitLimit:     8677876 kB
Committed_AS:   69047428 kB
VmallocTotal:   263061440 kB
VmallocUsed:      130184 kB
VmallocChunk:          0 kB
Percpu:             2448 kB
CmaTotal:         405504 kB
CmaFree:             608 kB
MemTotal:        7918584 kB
MemFree:          194996 kB
MemAvailable:    3044224 kB
Buffers:           54644 kB
Cached:          2782824 kB
SwapCached:            0 kB
Active:          4207196 kB
Inactive:        1168668 kB
Active(anon):    2524388 kB
Inactive(anon):    44324 kB
Active(file):    1682808 kB
Inactive(file):  1124344 kB
Unevictable:        6068 kB
Mlocked:            5628 kB
SwapTotal:       4718584 kB
SwapFree:        4718584 kB
Dirty:               360 kB
Writeback:             0 kB
AnonPages:       2544484 kB
Mapped:          1025220 kB
Shmem:             25816 kB
KReclaimable:     432300 kB
Slab:             331864 kB
SReclaimable:     106852 kB
SUnreclaim:       225012 kB
KernelStack:       47472 kB
ShadowCallStack:   11908 kB
PageTables:        68856 kB
NFS_Unstable:          0 kB
Bounce:                0 kB
WritebackTmp:          0 kB
CommitLimit:     8677876 kB
Committed_AS:   69047428 kB
VmallocTotal:   263061440 kB
VmallocUsed:      130220 kB
VmallocChunk:          0 kB
Percpu:             2448 kB
CmaTotal:         405504 kB
CmaFree:             608 kB
MemTotal:        7918584 kB
MemFree:          193916 kB
MemAvailable:    3043196 kB
Buffers:           54644 kB
Cached:          2782832 kB
SwapCached:            0 kB
Active:          4209520 kB
Inactive:        1168672 kB
Active(anon):    2526712 kB
Inactive(anon):    44324 kB
Active(file):    1682808 kB
Inactive(file):  1124348 kB
Unevictable:        6068 kB
Mlocked:            5628 kB
SwapTotal:       4718584 kB
SwapFree:        4718584 kB
Dirty:               364 kB
Writeback:             0 kB
AnonPages:       2546816 kB
Mapped:          1025036 kB
Shmem:             25820 kB
KReclaimable:     432348 kB
Slab:             331908 kB
SReclaimable:     106900 kB
SUnreclaim:       225008 kB
KernelStack:       47552 kB
ShadowCallStack:   11908 kB
PageTables:        69300 kB
NFS_Unstable:          0 kB
Bounce:                0 kB
WritebackTmp:          0 kB
CommitLimit:     8677876 kB
Committed_AS:   69047432 kB
VmallocTotal:   263061440 kB
VmallocUsed:      130156 kB
VmallocChunk:          0 kB
Percpu:             2448 kB
CmaTotal:         405504 kB
CmaFree:             608 kB
MemTotal:        7918584 kB
MemFree:          192460 kB
MemAvailable:    3041748 kB
Buffers:           54644 kB
Cached:          2782840 kB
SwapCached:            0 kB
Active:          4210252 kB
Inactive:        1168680 kB
Active(anon):    2527444 kB
Inactive(anon):    44324 kB
Active(file):    1682808 kB
Inactive(file):  1124356 kB
Unevictable:        6068 kB
Mlocked:            5628 kB
SwapTotal:       4718584 kB
SwapFree:        4718584 kB
Dirty:               372 kB
Writeback:             0 kB
AnonPages:       2547468 kB
