MemTotal:        7918588 kB
MemFree:         3307284 kB
MemAvailable:    4747760 kB
Buffers:            4180 kB
Cached:          1221100 kB
SwapCached:        32080 kB
Active:          1063696 kB
Inactive:         896332 kB
Active(anon):     525344 kB
Inactive(anon):   228224 kB
Active(file):     538352 kB
Inactive(file):   668108 kB
Unevictable:        6344 kB
Mlocked:            5904 kB
SwapTotal:       4718584 kB
SwapFree:        3969668 kB
Dirty:             18476 kB
Writeback:             0 kB
AnonPages:        734416 kB
Mapped:           442912 kB
Shmem:             14128 kB
KReclaimable:     624240 kB
Slab:             321768 kB
SReclaimable:      94400 kB
SUnreclaim:       227368 kB
KernelStack:       48848 kB
ShadowCallStack:   12248 kB
PageTables:        63212 kB
NFS_Unstable:          0 kB
Bounce:                0 kB
WritebackTmp:          0 kB
CommitLimit:     8677876 kB
Committed_AS:   64843360 kB
VmallocTotal:   263061440 kB
VmallocUsed:      131804 kB
VmallocChunk:          0 kB
Percpu:             2448 kB
CmaTotal:         405504 kB
CmaFree:          301216 kB
MemTotal:        7918588 kB
MemFree:         3335100 kB
MemAvailable:    5018192 kB
Buffers:            4220 kB
Cached:          1228360 kB
SwapCached:        32228 kB
Active:          1036600 kB
Inactive:         894380 kB
Active(anon):     491668 kB
Inactive(anon):   225316 kB
Active(file):     544932 kB
Inactive(file):   669064 kB
Unevictable:        6344 kB
Mlocked:            5904 kB
SwapTotal:       4718584 kB
SwapFree:        3970692 kB
Dirty:             18484 kB
Writeback:             0 kB
AnonPages:        697984 kB
Mapped:           486308 kB
Shmem:             13972 kB
KReclaimable:     859320 kB
Slab:             321556 kB
SReclaimable:      94464 kB
SUnreclaim:       227092 kB
KernelStack:       49200 kB
ShadowCallStack:   12336 kB
PageTables:        63580 kB
NFS_Unstable:          0 kB
Bounce:                0 kB
WritebackTmp:          0 kB
CommitLimit:     8677876 kB
Committed_AS:   64907128 kB
VmallocTotal:   263061440 kB
VmallocUsed:      132224 kB
VmallocChunk:          0 kB
Percpu:             2448 kB
CmaTotal:         405504 kB
CmaFree:          301344 kB
MemTotal:        7918588 kB
MemFree:         3314508 kB
MemAvailable:    4870300 kB
Buffers:            4228 kB
Cached:          1228396 kB
SwapCached:        32248 kB
Active:          1056604 kB
Inactive:         893672 kB
Active(anon):     511672 kB
Inactive(anon):   224580 kB
Active(file):     544932 kB
Inactive(file):   669092 kB
Unevictable:        6344 kB
Mlocked:            5904 kB
SwapTotal:       4718584 kB
SwapFree:        3972996 kB
Dirty:             18520 kB
Writeback:             0 kB
AnonPages:        716904 kB
Mapped:           493888 kB
Shmem:             13988 kB
KReclaimable:     731992 kB
Slab:             322176 kB
SReclaimable:      94496 kB
SUnreclaim:       227680 kB
KernelStack:       48960 kB
ShadowCallStack:   12272 kB
PageTables:        63732 kB
NFS_Unstable:          0 kB
Bounce:                0 kB
WritebackTmp:          0 kB
CommitLimit:     8677876 kB
Committed_AS:   64911084 kB
VmallocTotal:   263061440 kB
VmallocUsed:      131984 kB
VmallocChunk:          0 kB
Percpu:             2448 kB
CmaTotal:         405504 kB
CmaFree:          301392 kB
MemTotal:        7918588 kB
MemFree:         3311056 kB
MemAvailable:    4866088 kB
Buffers:            4244 kB
Cached:          1228392 kB
SwapCached:        32248 kB
Active:          1059816 kB
Inactive:         893680 kB
Active(anon):     514884 kB
Inactive(anon):   224580 kB
Active(file):     544932 kB
Inactive(file):   669100 kB
Unevictable:        6344 kB
Mlocked:            5904 kB
SwapTotal:       4718584 kB
SwapFree:        3972996 kB
Dirty:             18528 kB
Writeback:             4 kB
AnonPages:        720120 kB
Mapped:           494432 kB
Shmem:             13992 kB
KReclaimable:     731224 kB
Slab:             322032 kB
SReclaimable:      94496 kB
SUnreclaim:       227536 kB
KernelStack:       48912 kB
ShadowCallStack:   12280 kB
PageTables:        63764 kB
NFS_Unstable:          0 kB
Bounce:                0 kB
WritebackTmp:          0 kB
CommitLimit:     8677876 kB
Committed_AS:   64911088 kB
VmallocTotal:   263061440 kB
VmallocUsed:      131992 kB
VmallocChunk:          0 kB
Percpu:             2448 kB
CmaTotal:         405504 kB
CmaFree:          301392 kB
MemTotal:        7918588 kB
MemFree:         3315464 kB
MemAvailable:    4871008 kB
Buffers:            4244 kB
Cached:          1228984 kB
SwapCached:        32288 kB
Active:          1074916 kB
Inactive:         876816 kB
Active(anon):     529468 kB
Inactive(anon):   207704 kB
Active(file):     545448 kB
Inactive(file):   669112 kB
Unevictable:        6344 kB
Mlocked:            5904 kB
SwapTotal:       4718584 kB
SwapFree:        3977092 kB
Dirty:             18568 kB
Writeback:             0 kB
AnonPages:        717828 kB
Mapped:           495652 kB
Shmem:             14068 kB
KReclaimable:     731208 kB
Slab:             322048 kB
SReclaimable:      94496 kB
SUnreclaim:       227552 kB
KernelStack:       48944 kB
ShadowCallStack:   12268 kB
PageTables:        63824 kB
NFS_Unstable:          0 kB
Bounce:                0 kB
WritebackTmp:          0 kB
CommitLimit:     8677876 kB
Committed_AS:   64911052 kB
VmallocTotal:   263061440 kB
VmallocUsed:      131972 kB
VmallocChunk:          0 kB
Percpu:             2448 kB
CmaTotal:         405504 kB
CmaFree:          302328 kB
MemTotal:        7918588 kB
MemFree:         3318084 kB
MemAvailable:    4894104 kB
Buffers:            4244 kB
Cached:          1229376 kB
SwapCached:        32288 kB
Active:          1072056 kB
Inactive:         876172 kB
Active(anon):     526264 kB
Inactive(anon):   207036 kB
Active(file):     545792 kB
Inactive(file):   669136 kB
Unevictable:        6344 kB
Mlocked:            5904 kB
SwapTotal:       4718584 kB
SwapFree:        3977092 kB
Dirty:             18576 kB
Writeback:             0 kB
AnonPages:        714064 kB
Mapped:           495964 kB
Shmem:             14076 kB
KReclaimable:     751316 kB
Slab:             322144 kB
SReclaimable:      94496 kB
SUnreclaim:       227648 kB
KernelStack:       48768 kB
ShadowCallStack:   12224 kB
PageTables:        63436 kB
NFS_Unstable:          0 kB
Bounce:                0 kB
WritebackTmp:          0 kB
CommitLimit:     8677876 kB
Committed_AS:   64910568 kB
VmallocTotal:   263061440 kB
VmallocUsed:      131508 kB
VmallocChunk:          0 kB
Percpu:             2448 kB
CmaTotal:         405504 kB
CmaFree:          302416 kB
MemTotal:        7918588 kB
MemFree:         3295224 kB
MemAvailable:    4871316 kB
Buffers:            4244 kB
Cached:          1229372 kB
SwapCached:        32304 kB
Active:          1096608 kB
Inactive:         876176 kB
Active(anon):     550816 kB
Inactive(anon):   207032 kB
Active(file):     545792 kB
Inactive(file):   669144 kB
Unevictable:        6344 kB
Mlocked:            5904 kB
SwapTotal:       4718584 kB
SwapFree:        3977348 kB
Dirty:             18576 kB
Writeback:             0 kB
AnonPages:        738744 kB
Mapped:           497476 kB
Shmem:             14080 kB
KReclaimable:     751380 kB
Slab:             322156 kB
SReclaimable:      94496 kB
SUnreclaim:       227660 kB
KernelStack:       48816 kB
ShadowCallStack:   12228 kB
PageTables:        63868 kB
NFS_Unstable:          0 kB
Bounce:                0 kB
WritebackTmp:          0 kB
CommitLimit:     8677876 kB
Committed_AS:   64930988 kB
VmallocTotal:   263061440 kB
VmallocUsed:      131484 kB
VmallocChunk:          0 kB
Percpu:             2448 kB
CmaTotal:         405504 kB
CmaFree:          302396 kB
MemTotal:        7918588 kB
MemFree:         3104100 kB
MemAvailable:    4614680 kB
Buffers:            4248 kB
Cached:          1229548 kB
SwapCached:        32304 kB
Active:          1287496 kB
Inactive:         876196 kB
Active(anon):     741560 kB
Inactive(anon):   207036 kB
Active(file):     545936 kB
Inactive(file):   669160 kB
Unevictable:        6344 kB
Mlocked:            5904 kB
SwapTotal:       4718584 kB
SwapFree:        3977348 kB
Dirty:             18580 kB
Writeback:             0 kB
AnonPages:        929256 kB
Mapped:           577316 kB
Shmem:             14088 kB
KReclaimable:     685708 kB
Slab:             322312 kB
SReclaimable:      94496 kB
SUnreclaim:       227816 kB
KernelStack:       48704 kB
ShadowCallStack:   12228 kB
PageTables:        64412 kB
NFS_Unstable:          0 kB
Bounce:                0 kB
WritebackTmp:          0 kB
CommitLimit:     8677876 kB
Committed_AS:   65252888 kB
VmallocTotal:   263061440 kB
VmallocUsed:      131408 kB
VmallocChunk:          0 kB
Percpu:             2448 kB
CmaTotal:         405504 kB
CmaFree:          302416 kB
MemTotal:        7918588 kB
MemFree:         3050588 kB
MemAvailable:    4438984 kB
Buffers:            4272 kB
Cached:          1229676 kB
SwapCached:        32312 kB
Active:          1341672 kB
Inactive:         876256 kB
Active(anon):     795708 kB
Inactive(anon):   207032 kB
Active(file):     545964 kB
Inactive(file):   669224 kB
Unevictable:        6344 kB
Mlocked:            5904 kB
SwapTotal:       4718584 kB
SwapFree:        3977348 kB
Dirty:             18592 kB
Writeback:             0 kB
AnonPages:        983280 kB
Mapped:           581728 kB
Shmem:             14148 kB
KReclaimable:     563432 kB
Slab:             322492 kB
SReclaimable:      94496 kB
SUnreclaim:       227996 kB
KernelStack:       48864 kB
ShadowCallStack:   12260 kB
PageTables:        64440 kB
NFS_Unstable:          0 kB
Bounce:                0 kB
WritebackTmp:          0 kB
CommitLimit:     8677876 kB
Committed_AS:   65292828 kB
VmallocTotal:   263061440 kB
VmallocUsed:      131596 kB
VmallocChunk:          0 kB
Percpu:             2448 kB
CmaTotal:         405504 kB
CmaFree:          302416 kB
MemTotal:        7918588 kB
MemFree:         3009616 kB
MemAvailable:    4373412 kB
Buffers:            4300 kB
Cached:          1229708 kB
SwapCached:        32316 kB
Active:          1379856 kB
Inactive:         876272 kB
Active(anon):     833892 kB
Inactive(anon):   207032 kB
Active(file):     545964 kB
Inactive(file):   669240 kB
Unevictable:        6344 kB
Mlocked:            5904 kB
SwapTotal:       4718584 kB
SwapFree:        3977348 kB
Dirty:             18076 kB
Writeback:           172 kB
AnonPages:       1021456 kB
Mapped:           571764 kB
Shmem:             14192 kB
KReclaimable:     538816 kB
Slab:             322460 kB
SReclaimable:      94496 kB
SUnreclaim:       227964 kB
KernelStack:       48848 kB
ShadowCallStack:   12260 kB
PageTables:        64840 kB
NFS_Unstable:          0 kB
Bounce:                0 kB
WritebackTmp:          0 kB
CommitLimit:     8677876 kB
Committed_AS:   65655468 kB
VmallocTotal:   263061440 kB
VmallocUsed:      131608 kB
VmallocChunk:          0 kB
Percpu:             2448 kB
CmaTotal:         405504 kB
CmaFree:          302416 kB
MemTotal:        7918588 kB
MemFree:         2712140 kB
MemAvailable:    4196600 kB
Buffers:            4300 kB
Cached:          1232800 kB
SwapCached:        32320 kB
Active:          1677228 kB
Inactive:         876352 kB
Active(anon):    1128160 kB
Inactive(anon):   207024 kB
Active(file):     549068 kB
Inactive(file):   669328 kB
Unevictable:        6344 kB
Mlocked:            5904 kB
SwapTotal:       4718584 kB
SwapFree:        3977348 kB
Dirty:             17844 kB
Writeback:             0 kB
AnonPages:       1316000 kB
Mapped:           585052 kB
Shmem:             14092 kB
KReclaimable:     656288 kB
Slab:             322460 kB
SReclaimable:      94480 kB
SUnreclaim:       227980 kB
KernelStack:       48800 kB
ShadowCallStack:   12232 kB
PageTables:        65448 kB
NFS_Unstable:          0 kB
Bounce:                0 kB
WritebackTmp:          0 kB
CommitLimit:     8677876 kB
Committed_AS:   65973764 kB
VmallocTotal:   263061440 kB
VmallocUsed:      131500 kB
VmallocChunk:          0 kB
Percpu:             2448 kB
CmaTotal:         405504 kB
CmaFree:          302416 kB
MemTotal:        7918588 kB
MemFree:         2864820 kB
MemAvailable:    4340908 kB
Buffers:            4300 kB
Cached:          1232836 kB
SwapCached:        32320 kB
Active:          1525416 kB
Inactive:         876044 kB
Active(anon):     976348 kB
Inactive(anon):   206680 kB
Active(file):     549068 kB
Inactive(file):   669364 kB
Unevictable:        6344 kB
Mlocked:            5904 kB
SwapTotal:       4718584 kB
SwapFree:        3977348 kB
Dirty:             17844 kB
Writeback:             0 kB
AnonPages:       1163496 kB
Mapped:           593428 kB
Shmem:             14092 kB
KReclaimable:     647880 kB
Slab:             322508 kB
SReclaimable:      94480 kB
SUnreclaim:       228028 kB
KernelStack:       48832 kB
ShadowCallStack:   12232 kB
PageTables:        64928 kB
NFS_Unstable:          0 kB
Bounce:                0 kB
WritebackTmp:          0 kB
CommitLimit:     8677876 kB
Committed_AS:   65818112 kB
VmallocTotal:   263061440 kB
VmallocUsed:      131516 kB
VmallocChunk:          0 kB
Percpu:             2448 kB
CmaTotal:         405504 kB
CmaFree:          302416 kB
MemTotal:        7918588 kB
MemFree:         2930964 kB
MemAvailable:    4406852 kB
Buffers:            4300 kB
Cached:          1232836 kB
SwapCached:        32320 kB
Active:          1459972 kB
Inactive:         875928 kB
Active(anon):     910904 kB
Inactive(anon):   206564 kB
Active(file):     549068 kB
Inactive(file):   669364 kB
Unevictable:        6344 kB
Mlocked:            5904 kB
SwapTotal:       4718584 kB
SwapFree:        3977348 kB
Dirty:             17844 kB
Writeback:             0 kB
AnonPages:       1098316 kB
Mapped:           593640 kB
Shmem:             14092 kB
KReclaimable:     647680 kB
Slab:             322540 kB
SReclaimable:      94480 kB
SUnreclaim:       228060 kB
KernelStack:       48752 kB
ShadowCallStack:   12224 kB
PageTables:        65268 kB
NFS_Unstable:          0 kB
Bounce:                0 kB
WritebackTmp:          0 kB
CommitLimit:     8677876 kB
Committed_AS:   65826172 kB
VmallocTotal:   263061440 kB
VmallocUsed:      131480 kB
VmallocChunk:          0 kB
Percpu:             2448 kB
CmaTotal:         405504 kB
CmaFree:          302416 kB
MemTotal:        7918588 kB
MemFree:         2873552 kB
MemAvailable:    4349032 kB
Buffers:            4300 kB
Cached:          1232840 kB
SwapCached:        32324 kB
Active:          1519440 kB
Inactive:         875700 kB
Active(anon):     970372 kB
Inactive(anon):   206336 kB
Active(file):     549068 kB
Inactive(file):   669364 kB
Unevictable:        6344 kB
Mlocked:            5904 kB
SwapTotal:       4718584 kB
SwapFree:        3981956 kB
Dirty:             17844 kB
Writeback:             0 kB
AnonPages:       1157492 kB
Mapped:           591188 kB
Shmem:             14096 kB
KReclaimable:     647272 kB
Slab:             322444 kB
SReclaimable:      94464 kB
SUnreclaim:       227980 kB
KernelStack:       48784 kB
ShadowCallStack:   12236 kB
PageTables:        65356 kB
NFS_Unstable:          0 kB
Bounce:                0 kB
WritebackTmp:          0 kB
CommitLimit:     8677876 kB
Committed_AS:   65875332 kB
VmallocTotal:   263061440 kB
VmallocUsed:      131480 kB
VmallocChunk:          0 kB
Percpu:             2448 kB
CmaTotal:         405504 kB
CmaFree:          302416 kB
MemTotal:        7918588 kB
MemFree:         2824904 kB
MemAvailable:    4300276 kB
Buffers:            4320 kB
Cached:          1232840 kB
SwapCached:        32324 kB
Active:          1567552 kB
Inactive:         875724 kB
Active(anon):    1018484 kB
Inactive(anon):   206340 kB
Active(file):     549068 kB
Inactive(file):   669384 kB
Unevictable:        6344 kB
Mlocked:            5904 kB
SwapTotal:       4718584 kB
SwapFree:        3981956 kB
Dirty:             17864 kB
Writeback:             0 kB
AnonPages:       1205452 kB
Mapped:           591156 kB
Shmem:             14096 kB
KReclaimable:     647144 kB
Slab:             322432 kB
SReclaimable:      94464 kB
SUnreclaim:       227968 kB
KernelStack:       48736 kB
ShadowCallStack:   12220 kB
PageTables:        65396 kB
NFS_Unstable:          0 kB
Bounce:                0 kB
WritebackTmp:          0 kB
CommitLimit:     8677876 kB
Committed_AS:   65908076 kB
VmallocTotal:   263061440 kB
VmallocUsed:      131484 kB
VmallocChunk:          0 kB
Percpu:             2448 kB
CmaTotal:         405504 kB
CmaFree:          302416 kB
MemTotal:        7918588 kB
MemFree:         2667660 kB
MemAvailable:    4142004 kB
Buffers:            4320 kB
Cached:          1232820 kB
SwapCached:        34140 kB
Active:          1725684 kB
Inactive:         875744 kB
Active(anon):    1176616 kB
Inactive(anon):   206332 kB
Active(file):     549068 kB
Inactive(file):   669412 kB
Unevictable:        6344 kB
Mlocked:            5904 kB
SwapTotal:       4718584 kB
SwapFree:        3984004 kB
Dirty:             17952 kB
Writeback:             0 kB
AnonPages:       1363544 kB
Mapped:           591540 kB
Shmem:             14120 kB
KReclaimable:     646088 kB
Slab:             322560 kB
SReclaimable:      94448 kB
SUnreclaim:       228112 kB
KernelStack:       48752 kB
ShadowCallStack:   12224 kB
PageTables:        65776 kB
NFS_Unstable:          0 kB
Bounce:                0 kB
WritebackTmp:          0 kB
CommitLimit:     8677876 kB
Committed_AS:   66014624 kB
VmallocTotal:   263061440 kB
VmallocUsed:      131436 kB
VmallocChunk:          0 kB
Percpu:             2448 kB
CmaTotal:         405504 kB
CmaFree:          302416 kB
MemTotal:        7918588 kB
MemFree:         2760772 kB
MemAvailable:    4236068 kB
Buffers:            4320 kB
Cached:          1234424 kB
SwapCached:        34788 kB
Active:          1632540 kB
Inactive:         875248 kB
Active(anon):    1081856 kB
Inactive(anon):   205836 kB
Active(file):     550684 kB
Inactive(file):   669412 kB
Unevictable:        6344 kB
Mlocked:            5904 kB
SwapTotal:       4718584 kB
SwapFree:        3985796 kB
Dirty:             17952 kB
Writeback:             0 kB
AnonPages:       1267228 kB
Mapped:           593096 kB
Shmem:             14136 kB
KReclaimable:     645928 kB
Slab:             322560 kB
SReclaimable:      94416 kB
SUnreclaim:       228144 kB
KernelStack:       48784 kB
ShadowCallStack:   12216 kB
PageTables:        65936 kB
NFS_Unstable:          0 kB
Bounce:                0 kB
WritebackTmp:          0 kB
CommitLimit:     8677876 kB
Committed_AS:   66063752 kB
VmallocTotal:   263061440 kB
VmallocUsed:      131448 kB
VmallocChunk:          0 kB
Percpu:             2448 kB
CmaTotal:         405504 kB
CmaFree:          302416 kB
MemTotal:        7918588 kB
MemFree:         2791532 kB
MemAvailable:    4267240 kB
Buffers:            4320 kB
Cached:          1234536 kB
SwapCached:        34788 kB
Active:          1601412 kB
Inactive:         875244 kB
Active(anon):    1050728 kB
Inactive(anon):   205828 kB
Active(file):     550684 kB
Inactive(file):   669416 kB
Unevictable:        6344 kB
Mlocked:            5904 kB
SwapTotal:       4718584 kB
SwapFree:        3985796 kB
Dirty:             17952 kB
Writeback:             0 kB
AnonPages:       1235912 kB
Mapped:           593092 kB
Shmem:             14144 kB
KReclaimable:     645832 kB
Slab:             322644 kB
SReclaimable:      94416 kB
SUnreclaim:       228228 kB
KernelStack:       48752 kB
ShadowCallStack:   12224 kB
PageTables:        66108 kB
NFS_Unstable:          0 kB
Bounce:                0 kB
WritebackTmp:          0 kB
CommitLimit:     8677876 kB
Committed_AS:   66112912 kB
VmallocTotal:   263061440 kB
VmallocUsed:      131472 kB
VmallocChunk:          0 kB
Percpu:             2448 kB
CmaTotal:         405504 kB
CmaFree:          302416 kB
MemTotal:        7918588 kB
MemFree:         2676756 kB
MemAvailable:    4152136 kB
Buffers:            4320 kB
Cached:          1234656 kB
SwapCached:        34804 kB
Active:          1717520 kB
Inactive:         875248 kB
Active(anon):    1166776 kB
Inactive(anon):   205832 kB
Active(file):     550744 kB
Inactive(file):   669416 kB
Unevictable:        6344 kB
Mlocked:            5904 kB
SwapTotal:       4718584 kB
SwapFree:        3985796 kB
Dirty:             17952 kB
Writeback:             0 kB
AnonPages:       1351768 kB
Mapped:           593484 kB
Shmem:             14208 kB
KReclaimable:     645696 kB
Slab:             322708 kB
SReclaimable:      94432 kB
SUnreclaim:       228276 kB
KernelStack:       48736 kB
ShadowCallStack:   12216 kB
PageTables:        66248 kB
NFS_Unstable:          0 kB
Bounce:                0 kB
WritebackTmp:          0 kB
CommitLimit:     8677876 kB
Committed_AS:   66162092 kB
VmallocTotal:   263061440 kB
VmallocUsed:      131456 kB
VmallocChunk:          0 kB
Percpu:             2448 kB
CmaTotal:         405504 kB
CmaFree:          302416 kB
MemTotal:        7918588 kB
MemFree:         2678936 kB
MemAvailable:    4154584 kB
Buffers:            4344 kB
Cached:          1234736 kB
SwapCached:        34804 kB
Active:          1714748 kB
Inactive:         875272 kB
Active(anon):    1163940 kB
Inactive(anon):   205832 kB
Active(file):     550808 kB
Inactive(file):   669440 kB
Unevictable:        6344 kB
Mlocked:            5904 kB
SwapTotal:       4718584 kB
SwapFree:        3985796 kB
Dirty:             17632 kB
Writeback:           164 kB
AnonPages:       1348976 kB
Mapped:           593668 kB
Shmem:             14220 kB
KReclaimable:     645624 kB
Slab:             322668 kB
SReclaimable:      94416 kB
SUnreclaim:       228252 kB
KernelStack:       48784 kB
ShadowCallStack:   12224 kB
PageTables:        66316 kB
NFS_Unstable:          0 kB
Bounce:                0 kB
WritebackTmp:          0 kB
CommitLimit:     8677876 kB
Committed_AS:   66211252 kB
VmallocTotal:   263061440 kB
VmallocUsed:      131476 kB
VmallocChunk:          0 kB
Percpu:             2448 kB
CmaTotal:         405504 kB
CmaFree:          302416 kB
MemTotal:        7918588 kB
MemFree:         2557184 kB
MemAvailable:    4032576 kB
Buffers:            4344 kB
Cached:          1234744 kB
SwapCached:        34808 kB
Active:          1836652 kB
Inactive:         875280 kB
Active(anon):    1285844 kB
Inactive(anon):   205832 kB
Active(file):     550808 kB
Inactive(file):   669448 kB
Unevictable:        6344 kB
Mlocked:            5904 kB
SwapTotal:       4718584 kB
SwapFree:        3985796 kB
Dirty:             17568 kB
Writeback:             0 kB
AnonPages:       1470896 kB
Mapped:           594036 kB
Shmem:             14220 kB
KReclaimable:     645360 kB
Slab:             322736 kB
SReclaimable:      94416 kB
SUnreclaim:       228320 kB
KernelStack:       48752 kB
ShadowCallStack:   12232 kB
PageTables:        66500 kB
NFS_Unstable:          0 kB
Bounce:                0 kB
WritebackTmp:          0 kB
CommitLimit:     8677876 kB
Committed_AS:   66260408 kB
VmallocTotal:   263061440 kB
VmallocUsed:      131468 kB
VmallocChunk:          0 kB
Percpu:             2448 kB
CmaTotal:         405504 kB
CmaFree:          302416 kB
MemTotal:        7918588 kB
MemFree:         2589172 kB
MemAvailable:    4064356 kB
Buffers:            4344 kB
Cached:          1234748 kB
SwapCached:        34808 kB
Active:          1804136 kB
Inactive:         875280 kB
Active(anon):    1253328 kB
Inactive(anon):   205832 kB
Active(file):     550808 kB
Inactive(file):   669448 kB
Unevictable:        6344 kB
Mlocked:            5904 kB
SwapTotal:       4718584 kB
SwapFree:        3985796 kB
Dirty:             17568 kB
Writeback:             0 kB
AnonPages:       1438428 kB
Mapped:           594208 kB
Shmem:             14224 kB
KReclaimable:     645152 kB
Slab:             322732 kB
SReclaimable:      94416 kB
SUnreclaim:       228316 kB
KernelStack:       48736 kB
ShadowCallStack:   12220 kB
PageTables:        66572 kB
NFS_Unstable:          0 kB
Bounce:                0 kB
WritebackTmp:          0 kB
CommitLimit:     8677876 kB
Committed_AS:   66483664 kB
VmallocTotal:   263061440 kB
VmallocUsed:      131464 kB
VmallocChunk:          0 kB
Percpu:             2448 kB
CmaTotal:         405504 kB
CmaFree:          302416 kB
MemTotal:        7918588 kB
MemFree:         2527456 kB
MemAvailable:    4002440 kB
Buffers:            4344 kB
Cached:          1234748 kB
SwapCached:        34808 kB
Active:          1865220 kB
Inactive:         875276 kB
Active(anon):    1314412 kB
Inactive(anon):   205828 kB
Active(file):     550808 kB
Inactive(file):   669448 kB
Unevictable:        6344 kB
Mlocked:            5904 kB
SwapTotal:       4718584 kB
SwapFree:        3985796 kB
Dirty:             17568 kB
Writeback:             0 kB
AnonPages:       1499460 kB
Mapped:           594468 kB
Shmem:             14224 kB
KReclaimable:     644952 kB
Slab:             322836 kB
SReclaimable:      94416 kB
SUnreclaim:       228420 kB
KernelStack:       48768 kB
ShadowCallStack:   12228 kB
PageTables:        66752 kB
NFS_Unstable:          0 kB
Bounce:                0 kB
WritebackTmp:          0 kB
CommitLimit:     8677876 kB
Committed_AS:   66549144 kB
VmallocTotal:   263061440 kB
VmallocUsed:      131456 kB
VmallocChunk:          0 kB
Percpu:             2448 kB
CmaTotal:         405504 kB
CmaFree:          302416 kB
MemTotal:        7918588 kB
MemFree:         2463496 kB
MemAvailable:    3938196 kB
Buffers:            4344 kB
Cached:          1234776 kB
SwapCached:        34808 kB
Active:          1928204 kB
Inactive:         875304 kB
Active(anon):    1377396 kB
Inactive(anon):   205828 kB
Active(file):     550808 kB
Inactive(file):   669476 kB
Unevictable:        6344 kB
Mlocked:            5904 kB
SwapTotal:       4718584 kB
SwapFree:        3985796 kB
Dirty:             17592 kB
Writeback:             0 kB
AnonPages:       1562456 kB
Mapped:           594484 kB
Shmem:             14224 kB
KReclaimable:     644640 kB
Slab:             322792 kB
SReclaimable:      94416 kB
SUnreclaim:       228376 kB
KernelStack:       48736 kB
ShadowCallStack:   12220 kB
PageTables:        67248 kB
NFS_Unstable:          0 kB
Bounce:                0 kB
WritebackTmp:          0 kB
CommitLimit:     8677876 kB
Committed_AS:   66647448 kB
VmallocTotal:   263061440 kB
VmallocUsed:      131472 kB
VmallocChunk:          0 kB
Percpu:             2448 kB
CmaTotal:         405504 kB
CmaFree:          302416 kB
MemTotal:        7918588 kB
MemFree:         2369852 kB
MemAvailable:    3843332 kB
Buffers:            4352 kB
Cached:          1234752 kB
SwapCached:        34808 kB
Active:          2022308 kB
Inactive:         875284 kB
Active(anon):    1471500 kB
Inactive(anon):   205828 kB
Active(file):     550808 kB
Inactive(file):   669456 kB
Unevictable:        6344 kB
Mlocked:            5904 kB
SwapTotal:       4718584 kB
SwapFree:        3985796 kB
Dirty:             17572 kB
Writeback:             0 kB
AnonPages:       1656760 kB
Mapped:           595420 kB
Shmem:             14228 kB
KReclaimable:     643440 kB
Slab:             322924 kB
SReclaimable:      94416 kB
SUnreclaim:       228508 kB
KernelStack:       48752 kB
ShadowCallStack:   12224 kB
PageTables:        67652 kB
NFS_Unstable:          0 kB
Bounce:                0 kB
WritebackTmp:          0 kB
CommitLimit:     8677876 kB
Committed_AS:   66909596 kB
VmallocTotal:   263061440 kB
VmallocUsed:      131468 kB
VmallocChunk:          0 kB
Percpu:             2448 kB
CmaTotal:         405504 kB
CmaFree:          302416 kB
MemTotal:        7918588 kB
MemFree:         2263964 kB
MemAvailable:    3727568 kB
Buffers:            4352 kB
Cached:          1234760 kB
SwapCached:        34808 kB
Active:          2127040 kB
Inactive:         875248 kB
Active(anon):    1576232 kB
Inactive(anon):   205784 kB
Active(file):     550808 kB
Inactive(file):   669464 kB
Unevictable:        6344 kB
Mlocked:            5904 kB
SwapTotal:       4718584 kB
SwapFree:        3985796 kB
Dirty:             17604 kB
Writeback:             0 kB
AnonPages:       1761276 kB
Mapped:           596220 kB
Shmem:             14228 kB
KReclaimable:     633556 kB
Slab:             322936 kB
SReclaimable:      94416 kB
SUnreclaim:       228520 kB
KernelStack:       48736 kB
ShadowCallStack:   12224 kB
PageTables:        68024 kB
NFS_Unstable:          0 kB
Bounce:                0 kB
WritebackTmp:          0 kB
CommitLimit:     8677876 kB
Committed_AS:   67138976 kB
VmallocTotal:   263061440 kB
VmallocUsed:      131468 kB
VmallocChunk:          0 kB
Percpu:             2448 kB
CmaTotal:         405504 kB
CmaFree:          302416 kB
MemTotal:        7918588 kB
MemFree:         2164876 kB
MemAvailable:    3627544 kB
Buffers:            4352 kB
Cached:          1234760 kB
SwapCached:        34808 kB
Active:          2226028 kB
Inactive:         875244 kB
Active(anon):    1675220 kB
Inactive(anon):   205780 kB
Active(file):     550808 kB
Inactive(file):   669464 kB
Unevictable:        6344 kB
Mlocked:            5904 kB
SwapTotal:       4718584 kB
SwapFree:        3985796 kB
Dirty:             17604 kB
Writeback:             0 kB
AnonPages:       1860352 kB
Mapped:           596932 kB
Shmem:             14228 kB
KReclaimable:     632620 kB
Slab:             322836 kB
SReclaimable:      94416 kB
SUnreclaim:       228420 kB
KernelStack:       48736 kB
ShadowCallStack:   12216 kB
PageTables:        68564 kB
NFS_Unstable:          0 kB
Bounce:                0 kB
WritebackTmp:          0 kB
CommitLimit:     8677876 kB
Committed_AS:   67384732 kB
VmallocTotal:   263061440 kB
VmallocUsed:      131472 kB
VmallocChunk:          0 kB
Percpu:             2448 kB
CmaTotal:         405504 kB
CmaFree:          302416 kB
MemTotal:        7918588 kB
MemFree:         2078432 kB
MemAvailable:    3540244 kB
Buffers:            4352 kB
Cached:          1234760 kB
SwapCached:        34808 kB
Active:          2310856 kB
Inactive:         875244 kB
Active(anon):    1760048 kB
Inactive(anon):   205780 kB
Active(file):     550808 kB
Inactive(file):   669464 kB
Unevictable:        6344 kB
Mlocked:            5904 kB
SwapTotal:       4718584 kB
SwapFree:        3985796 kB
Dirty:             17604 kB
Writeback:             0 kB
AnonPages:       1945072 kB
Mapped:           597532 kB
Shmem:             14228 kB
KReclaimable:     631764 kB
Slab:             322916 kB
SReclaimable:      94416 kB
SUnreclaim:       228500 kB
KernelStack:       48784 kB
ShadowCallStack:   12224 kB
PageTables:        68796 kB
NFS_Unstable:          0 kB
Bounce:                0 kB
WritebackTmp:          0 kB
CommitLimit:     8677876 kB
Committed_AS:   67581340 kB
VmallocTotal:   263061440 kB
VmallocUsed:      131472 kB
VmallocChunk:          0 kB
Percpu:             2448 kB
CmaTotal:         405504 kB
CmaFree:          302416 kB
MemTotal:        7918588 kB
MemFree:         1977140 kB
MemAvailable:    3437568 kB
Buffers:            4352 kB
Cached:          1234760 kB
SwapCached:        34808 kB
Active:          2412104 kB
Inactive:         875248 kB
Active(anon):    1861296 kB
Inactive(anon):   205784 kB
Active(file):     550808 kB
Inactive(file):   669464 kB
Unevictable:        6344 kB
Mlocked:            5904 kB
SwapTotal:       4718584 kB
SwapFree:        3985796 kB
Dirty:             17604 kB
Writeback:             0 kB
AnonPages:       2046168 kB
Mapped:           598200 kB
Shmem:             14228 kB
KReclaimable:     630380 kB
Slab:             322968 kB
SReclaimable:      94416 kB
SUnreclaim:       228552 kB
KernelStack:       48720 kB
ShadowCallStack:   12220 kB
PageTables:        69284 kB
NFS_Unstable:          0 kB
Bounce:                0 kB
WritebackTmp:          0 kB
CommitLimit:     8677876 kB
Committed_AS:   67843484 kB
VmallocTotal:   263061440 kB
VmallocUsed:      131488 kB
VmallocChunk:          0 kB
Percpu:             2448 kB
CmaTotal:         405504 kB
CmaFree:          302416 kB
MemTotal:        7918588 kB
MemFree:         1862440 kB
MemAvailable:    3202308 kB
Buffers:            4388 kB
Cached:          1234776 kB
SwapCached:        34808 kB
Active:          2526080 kB
Inactive:         875284 kB
Active(anon):    1975272 kB
Inactive(anon):   205788 kB
Active(file):     550808 kB
Inactive(file):   669496 kB
Unevictable:        6344 kB
Mlocked:            5904 kB
SwapTotal:       4718584 kB
SwapFree:        3985796 kB
Dirty:               432 kB
Writeback:         16464 kB
AnonPages:       2160252 kB
Mapped:           599308 kB
Shmem:             14248 kB
KReclaimable:     509788 kB
Slab:             323044 kB
SReclaimable:      94416 kB
SUnreclaim:       228628 kB
KernelStack:       48848 kB
ShadowCallStack:   12228 kB
PageTables:        69828 kB
NFS_Unstable:          0 kB
Bounce:                0 kB
WritebackTmp:          0 kB
CommitLimit:     8677876 kB
Committed_AS:   68056880 kB
VmallocTotal:   263061440 kB
VmallocUsed:      131624 kB
VmallocChunk:          0 kB
Percpu:             2448 kB
CmaTotal:         405504 kB
CmaFree:          302416 kB
MemTotal:        7918588 kB
MemFree:         1789772 kB
MemAvailable:    3127228 kB
Buffers:            4388 kB
Cached:          1234928 kB
SwapCached:        34808 kB
Active:          2598512 kB
Inactive:         875296 kB
Active(anon):    2047704 kB
Inactive(anon):   205780 kB
Active(file):     550808 kB
Inactive(file):   669516 kB
Unevictable:        6344 kB
Mlocked:            5904 kB
SwapTotal:       4718584 kB
SwapFree:        3985796 kB
Dirty:               296 kB
Writeback:             0 kB
AnonPages:       2232592 kB
Mapped:           600032 kB
Shmem:             14380 kB
KReclaimable:     507356 kB
Slab:             323316 kB
SReclaimable:      94416 kB
SUnreclaim:       228900 kB
KernelStack:       48848 kB
ShadowCallStack:   12248 kB
PageTables:        70296 kB
NFS_Unstable:          0 kB
Bounce:                0 kB
WritebackTmp:          0 kB
CommitLimit:     8677876 kB
Committed_AS:   68204336 kB
VmallocTotal:   263061440 kB
VmallocUsed:      131644 kB
VmallocChunk:          0 kB
Percpu:             2448 kB
CmaTotal:         405504 kB
CmaFree:          302416 kB
MemTotal:        7918588 kB
MemFree:         1756972 kB
MemAvailable:    3214852 kB
Buffers:            4388 kB
Cached:          1234796 kB
SwapCached:        34808 kB
Active:          2630920 kB
Inactive:         875300 kB
Active(anon):    2080112 kB
Inactive(anon):   205784 kB
Active(file):     550808 kB
Inactive(file):   669516 kB
Unevictable:        6344 kB
Mlocked:            5904 kB
SwapTotal:       4718584 kB
SwapFree:        3985796 kB
Dirty:               308 kB
Writeback:             0 kB
AnonPages:       2265048 kB
Mapped:           600040 kB
Shmem:             14248 kB
KReclaimable:     627780 kB
Slab:             323192 kB
SReclaimable:      94416 kB
SUnreclaim:       228776 kB
KernelStack:       48752 kB
ShadowCallStack:   12224 kB
PageTables:        70460 kB
NFS_Unstable:          0 kB
Bounce:                0 kB
WritebackTmp:          0 kB
CommitLimit:     8677876 kB
Committed_AS:   68367792 kB
VmallocTotal:   263061440 kB
VmallocUsed:      131472 kB
VmallocChunk:          0 kB
Percpu:             2448 kB
CmaTotal:         405504 kB
CmaFree:          302416 kB
MemTotal:        7918588 kB
MemFree:         1703764 kB
MemAvailable:    3163952 kB
Buffers:            4388 kB
Cached:          1237336 kB
SwapCached:        34876 kB
Active:          2684716 kB
Inactive:         875296 kB
Active(anon):    2131304 kB
Inactive(anon):   205780 kB
Active(file):     553412 kB
Inactive(file):   669516 kB
Unevictable:        6344 kB
Mlocked:            5904 kB
SwapTotal:       4718584 kB
SwapFree:        3986308 kB
Dirty:               244 kB
Writeback:             0 kB
AnonPages:       2316128 kB
Mapped:           601324 kB
Shmem:             14252 kB
KReclaimable:     627484 kB
Slab:             323400 kB
SReclaimable:      94416 kB
SUnreclaim:       228984 kB
KernelStack:       48784 kB
ShadowCallStack:   12216 kB
PageTables:        70628 kB
NFS_Unstable:          0 kB
Bounce:                0 kB
WritebackTmp:          0 kB
CommitLimit:     8677876 kB
Committed_AS:   68515252 kB
VmallocTotal:   263061440 kB
VmallocUsed:      131508 kB
VmallocChunk:          0 kB
Percpu:             2448 kB
CmaTotal:         405504 kB
CmaFree:          302416 kB
MemTotal:        7918588 kB
MemFree:         1639576 kB
MemAvailable:    3099032 kB
Buffers:            4388 kB
Cached:          1237524 kB
SwapCached:        34876 kB
Active:          2747792 kB
Inactive:         875284 kB
Active(anon):    2194260 kB
Inactive(anon):   205768 kB
Active(file):     553532 kB
Inactive(file):   669516 kB
Unevictable:        6344 kB
Mlocked:            5904 kB
SwapTotal:       4718584 kB
SwapFree:        3986308 kB
Dirty:               364 kB
Writeback:             0 kB
AnonPages:       2379204 kB
Mapped:           602160 kB
Shmem:             14252 kB
KReclaimable:     626632 kB
Slab:             323368 kB
SReclaimable:      94416 kB
SUnreclaim:       228952 kB
KernelStack:       48784 kB
ShadowCallStack:   12236 kB
PageTables:        71044 kB
NFS_Unstable:          0 kB
Bounce:                0 kB
WritebackTmp:          0 kB
CommitLimit:     8677876 kB
Committed_AS:   68646324 kB
VmallocTotal:   263061440 kB
VmallocUsed:      131512 kB
VmallocChunk:          0 kB
Percpu:             2448 kB
CmaTotal:         405504 kB
CmaFree:          302416 kB
MemTotal:        7918588 kB
MemFree:         1567748 kB
MemAvailable:    3026220 kB
Buffers:            4388 kB
Cached:          1237528 kB
SwapCached:        34876 kB
Active:          2819688 kB
Inactive:         875280 kB
Active(anon):    2266156 kB
Inactive(anon):   205764 kB
Active(file):     553532 kB
Inactive(file):   669516 kB
Unevictable:        6344 kB
Mlocked:            5904 kB
SwapTotal:       4718584 kB
SwapFree:        3986308 kB
Dirty:               364 kB
Writeback:             0 kB
AnonPages:       2451080 kB
Mapped:           602868 kB
Shmem:             14256 kB
KReclaimable:     625648 kB
Slab:             323496 kB
SReclaimable:      94416 kB
SUnreclaim:       229080 kB
KernelStack:       48768 kB
ShadowCallStack:   12228 kB
PageTables:        71616 kB
NFS_Unstable:          0 kB
Bounce:                0 kB
WritebackTmp:          0 kB
CommitLimit:     8677876 kB
Committed_AS:   68842936 kB
VmallocTotal:   263061440 kB
VmallocUsed:      131492 kB
VmallocChunk:          0 kB
Percpu:             2448 kB
CmaTotal:         405504 kB
CmaFree:          302416 kB
MemTotal:        7918588 kB
MemFree:         1501204 kB
MemAvailable:    2959208 kB
Buffers:            4396 kB
Cached:          1237536 kB
SwapCached:        34876 kB
Active:          2886660 kB
Inactive:         875284 kB
Active(anon):    2333128 kB
Inactive(anon):   205756 kB
Active(file):     553532 kB
Inactive(file):   669528 kB
Unevictable:        6344 kB
Mlocked:            5904 kB
SwapTotal:       4718584 kB
SwapFree:        3986308 kB
Dirty:               388 kB
Writeback:             0 kB
AnonPages:       2518092 kB
Mapped:           603212 kB
Shmem:             14260 kB
KReclaimable:     625168 kB
Slab:             323464 kB
SReclaimable:      94416 kB
SUnreclaim:       229048 kB
KernelStack:       48720 kB
ShadowCallStack:   12220 kB
PageTables:        71904 kB
NFS_Unstable:          0 kB
Bounce:                0 kB
WritebackTmp:          0 kB
CommitLimit:     8677876 kB
Committed_AS:   69006672 kB
VmallocTotal:   263061440 kB
VmallocUsed:      131472 kB
VmallocChunk:          0 kB
Percpu:             2448 kB
CmaTotal:         405504 kB
CmaFree:          302416 kB
MemTotal:        7918588 kB
MemFree:         1443968 kB
MemAvailable:    2901008 kB
Buffers:            4396 kB
Cached:          1237540 kB
SwapCached:        34876 kB
Active:          2942956 kB
Inactive:         875272 kB
Active(anon):    2389424 kB
Inactive(anon):   205740 kB
Active(file):     553532 kB
Inactive(file):   669532 kB
Unevictable:        6344 kB
Mlocked:            5904 kB
SwapTotal:       4718584 kB
SwapFree:        3986308 kB
Dirty:               388 kB
Writeback:             0 kB
AnonPages:       2574328 kB
Mapped:           603612 kB
Shmem:             14260 kB
KReclaimable:     624200 kB
Slab:             323600 kB
SReclaimable:      94416 kB
SUnreclaim:       229184 kB
KernelStack:       48752 kB
ShadowCallStack:   12228 kB
PageTables:        72108 kB
NFS_Unstable:          0 kB
Bounce:                0 kB
WritebackTmp:          0 kB
CommitLimit:     8677876 kB
Committed_AS:   69137744 kB
VmallocTotal:   263061440 kB
VmallocUsed:      131472 kB
VmallocChunk:          0 kB
Percpu:             2448 kB
CmaTotal:         405504 kB
CmaFree:          302416 kB
MemTotal:        7918588 kB
MemFree:         1384424 kB
MemAvailable:    2841432 kB
Buffers:            4396 kB
Cached:          1237456 kB
SwapCached:        34896 kB
Active:          3002996 kB
Inactive:         874544 kB
Active(anon):    2449464 kB
Inactive(anon):   205012 kB
Active(file):     553532 kB
Inactive(file):   669532 kB
Unevictable:        6344 kB
Mlocked:            5904 kB
SwapTotal:       4718584 kB
SwapFree:        3986308 kB
Dirty:               388 kB
Writeback:             0 kB
AnonPages:       2633496 kB
Mapped:           604124 kB
Shmem:             14176 kB
KReclaimable:     624168 kB
Slab:             323724 kB
SReclaimable:      94416 kB
SUnreclaim:       229308 kB
KernelStack:       48752 kB
ShadowCallStack:   12232 kB
PageTables:        72276 kB
NFS_Unstable:          0 kB
Bounce:                0 kB
WritebackTmp:          0 kB
CommitLimit:     8677876 kB
Committed_AS:   69301500 kB
VmallocTotal:   263061440 kB
VmallocUsed:      131476 kB
VmallocChunk:          0 kB
Percpu:             2448 kB
CmaTotal:         405504 kB
CmaFree:          302416 kB
MemTotal:        7918588 kB
MemFree:         1352516 kB
MemAvailable:    2809428 kB
Buffers:            4396 kB
Cached:          1237456 kB
SwapCached:        34896 kB
Active:          3033324 kB
Inactive:         874540 kB
Active(anon):    2479792 kB
Inactive(anon):   205008 kB
Active(file):     553532 kB
Inactive(file):   669532 kB
Unevictable:        6344 kB
Mlocked:            5904 kB
SwapTotal:       4718584 kB
SwapFree:        3986308 kB
Dirty:               392 kB
Writeback:             0 kB
AnonPages:       2664200 kB
Mapped:           604292 kB
Shmem:             14176 kB
KReclaimable:     624072 kB
Slab:             323664 kB
SReclaimable:      94416 kB
SUnreclaim:       229248 kB
KernelStack:       48768 kB
ShadowCallStack:   12216 kB
PageTables:        72356 kB
NFS_Unstable:          0 kB
Bounce:                0 kB
WritebackTmp:          0 kB
CommitLimit:     8677876 kB
Committed_AS:   69367036 kB
VmallocTotal:   263061440 kB
VmallocUsed:      131472 kB
VmallocChunk:          0 kB
Percpu:             2448 kB
CmaTotal:         405504 kB
CmaFree:          293120 kB
MemTotal:        7918588 kB
MemFree:         1283332 kB
MemAvailable:    2739824 kB
Buffers:            4420 kB
Cached:          1238100 kB
SwapCached:        34896 kB
Active:          3102652 kB
Inactive:         874536 kB
Active(anon):    2548480 kB
Inactive(anon):   204976 kB
Active(file):     554172 kB
Inactive(file):   669560 kB
Unevictable:        6344 kB
Mlocked:            5904 kB
SwapTotal:       4718584 kB
SwapFree:        3986308 kB
Dirty:               464 kB
Writeback:             0 kB
AnonPages:       2732648 kB
Mapped:           605012 kB
Shmem:             14176 kB
KReclaimable:     622984 kB
Slab:             323688 kB
SReclaimable:      94416 kB
SUnreclaim:       229272 kB
KernelStack:       48736 kB
ShadowCallStack:   12220 kB
PageTables:        72636 kB
NFS_Unstable:          0 kB
Bounce:                0 kB
WritebackTmp:          0 kB
CommitLimit:     8677876 kB
Committed_AS:   69514492 kB
VmallocTotal:   263061440 kB
VmallocUsed:      131468 kB
VmallocChunk:          0 kB
Percpu:             2448 kB
CmaTotal:         405504 kB
CmaFree:          224440 kB
MemTotal:        7918588 kB
MemFree:         1230892 kB
MemAvailable:    2686736 kB
Buffers:            4420 kB
Cached:          1238108 kB
SwapCached:        34896 kB
Active:          3154252 kB
Inactive:         874544 kB
Active(anon):    2600080 kB
Inactive(anon):   204976 kB
Active(file):     554172 kB
Inactive(file):   669568 kB
Unevictable:        6344 kB
Mlocked:            5904 kB
SwapTotal:       4718584 kB
SwapFree:        3986308 kB
Dirty:               472 kB
Writeback:             0 kB
AnonPages:       2784220 kB
Mapped:           605292 kB
Shmem:             14176 kB
KReclaimable:     622328 kB
Slab:             323788 kB
SReclaimable:      94416 kB
SUnreclaim:       229372 kB
KernelStack:       48736 kB
ShadowCallStack:   12228 kB
PageTables:        72872 kB
NFS_Unstable:          0 kB
Bounce:                0 kB
WritebackTmp:          0 kB
CommitLimit:     8677876 kB
Committed_AS:   69661948 kB
VmallocTotal:   263061440 kB
VmallocUsed:      131468 kB
VmallocChunk:          0 kB
Percpu:             2448 kB
CmaTotal:         405504 kB
CmaFree:          172680 kB
MemTotal:        7918588 kB
MemFree:         1185448 kB
MemAvailable:    2640804 kB
Buffers:            4420 kB
Cached:          1238108 kB
SwapCached:        34896 kB
Active:          3200608 kB
Inactive:         874548 kB
Active(anon):    2646436 kB
Inactive(anon):   204980 kB
Active(file):     554172 kB
Inactive(file):   669568 kB
Unevictable:        6344 kB
Mlocked:            5904 kB
SwapTotal:       4718584 kB
SwapFree:        3986308 kB
Dirty:               472 kB
Writeback:             0 kB
AnonPages:       2830676 kB
Mapped:           605652 kB
Shmem:             14176 kB
KReclaimable:     621840 kB
Slab:             323696 kB
SReclaimable:      94416 kB
SUnreclaim:       229280 kB
KernelStack:       48752 kB
ShadowCallStack:   12216 kB
PageTables:        73312 kB
NFS_Unstable:          0 kB
Bounce:                0 kB
WritebackTmp:          0 kB
CommitLimit:     8677876 kB
Committed_AS:   69760252 kB
VmallocTotal:   263061440 kB
VmallocUsed:      131472 kB
VmallocChunk:          0 kB
Percpu:             2448 kB
CmaTotal:         405504 kB
CmaFree:          127144 kB
MemTotal:        7918588 kB
MemFree:         1137588 kB
MemAvailable:    2594256 kB
Buffers:            4420 kB
Cached:          1240144 kB
SwapCached:        35992 kB
Active:          3253728 kB
Inactive:         868872 kB
Active(anon):    2697548 kB
Inactive(anon):   199296 kB
Active(file):     556180 kB
Inactive(file):   669576 kB
Unevictable:        6344 kB
Mlocked:            5904 kB
SwapTotal:       4718584 kB
SwapFree:        3986564 kB
Dirty:               480 kB
Writeback:             0 kB
AnonPages:       2875824 kB
Mapped:           606832 kB
Shmem:             14196 kB
KReclaimable:     621136 kB
Slab:             323684 kB
SReclaimable:      94416 kB
SUnreclaim:       229268 kB
KernelStack:       48752 kB
ShadowCallStack:   12220 kB
PageTables:        73324 kB
NFS_Unstable:          0 kB
Bounce:                0 kB
WritebackTmp:          0 kB
CommitLimit:     8677876 kB
Committed_AS:   69891328 kB
VmallocTotal:   263061440 kB
VmallocUsed:      131464 kB
VmallocChunk:          0 kB
Percpu:             2448 kB
CmaTotal:         405504 kB
CmaFree:           79712 kB
MemTotal:        7918588 kB
MemFree:         1082652 kB
MemAvailable:    2539008 kB
Buffers:            4420 kB
Cached:          1240148 kB
SwapCached:        35992 kB
Active:          3307020 kB
Inactive:         868760 kB
Active(anon):    2750840 kB
Inactive(anon):   199184 kB
Active(file):     556180 kB
Inactive(file):   669576 kB
Unevictable:        6344 kB
Mlocked:            5904 kB
SwapTotal:       4718584 kB
SwapFree:        3986564 kB
Dirty:               484 kB
Writeback:             0 kB
AnonPages:       2929260 kB
Mapped:           607144 kB
Shmem:             14200 kB
KReclaimable:     620824 kB
Slab:             323892 kB
SReclaimable:      94432 kB
SUnreclaim:       229460 kB
KernelStack:       48752 kB
ShadowCallStack:   12232 kB
PageTables:        73776 kB
NFS_Unstable:          0 kB
Bounce:                0 kB
WritebackTmp:          0 kB
CommitLimit:     8677876 kB
Committed_AS:   70006016 kB
VmallocTotal:   263061440 kB
VmallocUsed:      131488 kB
VmallocChunk:          0 kB
Percpu:             2448 kB
CmaTotal:         405504 kB
CmaFree:           25964 kB
MemTotal:        7918588 kB
MemFree:         1036764 kB
MemAvailable:    2492408 kB
Buffers:            4428 kB
Cached:          1240148 kB
SwapCached:        35992 kB
Active:          3354592 kB
Inactive:         868776 kB
Active(anon):    2798412 kB
Inactive(anon):   199192 kB
Active(file):     556180 kB
Inactive(file):   669584 kB
Unevictable:        6344 kB
Mlocked:            5904 kB
SwapTotal:       4718584 kB
SwapFree:        3986564 kB
Dirty:               552 kB
Writeback:             0 kB
AnonPages:       2976736 kB
Mapped:           607520 kB
Shmem:             14200 kB
KReclaimable:     620104 kB
Slab:             323832 kB
SReclaimable:      94432 kB
SUnreclaim:       229400 kB
KernelStack:       48720 kB
ShadowCallStack:   12216 kB
PageTables:        73964 kB
NFS_Unstable:          0 kB
Bounce:                0 kB
WritebackTmp:          0 kB
CommitLimit:     8677876 kB
Committed_AS:   70121688 kB
VmallocTotal:   263061440 kB
VmallocUsed:      131428 kB
VmallocChunk:          0 kB
Percpu:             2448 kB
CmaTotal:         405504 kB
CmaFree:               0 kB
MemTotal:        7918588 kB
MemFree:          986944 kB
MemAvailable:    2442252 kB
Buffers:            4436 kB
Cached:          1240156 kB
SwapCached:        35992 kB
Active:          3405268 kB
Inactive:         868788 kB
Active(anon):    2849088 kB
Inactive(anon):   199188 kB
Active(file):     556180 kB
Inactive(file):   669600 kB
Unevictable:        6344 kB
Mlocked:            5904 kB
SwapTotal:       4718584 kB
SwapFree:        3986564 kB
Dirty:               468 kB
Writeback:             0 kB
AnonPages:       3027404 kB
Mapped:           607828 kB
Shmem:             14200 kB
KReclaimable:     619752 kB
Slab:             323984 kB
SReclaimable:      94432 kB
SUnreclaim:       229552 kB
KernelStack:       48752 kB
ShadowCallStack:   12224 kB
PageTables:        74052 kB
NFS_Unstable:          0 kB
Bounce:                0 kB
WritebackTmp:          0 kB
CommitLimit:     8677876 kB
Committed_AS:   70236372 kB
VmallocTotal:   263061440 kB
VmallocUsed:      131416 kB
VmallocChunk:          0 kB
Percpu:             2448 kB
CmaTotal:         405504 kB
CmaFree:               0 kB
MemTotal:        7918588 kB
MemFree:          928604 kB
MemAvailable:    2383416 kB
Buffers:            4436 kB
Cached:          1240156 kB
SwapCached:        35992 kB
Active:          3462192 kB
Inactive:         868796 kB
Active(anon):    2906012 kB
Inactive(anon):   199196 kB
Active(file):     556180 kB
Inactive(file):   669600 kB
Unevictable:        6344 kB
Mlocked:            5904 kB
SwapTotal:       4718584 kB
SwapFree:        3986564 kB
Dirty:               468 kB
Writeback:             0 kB
AnonPages:       3084288 kB
Mapped:           608200 kB
Shmem:             14200 kB
KReclaimable:     619256 kB
Slab:             323844 kB
SReclaimable:      94448 kB
SUnreclaim:       229396 kB
KernelStack:       48720 kB
ShadowCallStack:   12212 kB
PageTables:        74184 kB
NFS_Unstable:          0 kB
Bounce:                0 kB
WritebackTmp:          0 kB
CommitLimit:     8677876 kB
Committed_AS:   70383832 kB
VmallocTotal:   263061440 kB
VmallocUsed:      131428 kB
VmallocChunk:          0 kB
Percpu:             2448 kB
CmaTotal:         405504 kB
CmaFree:              16 kB
MemTotal:        7918588 kB
MemFree:          871928 kB
MemAvailable:    2325788 kB
Buffers:            4436 kB
Cached:          1240156 kB
SwapCached:        35992 kB
Active:          3517800 kB
Inactive:         868768 kB
Active(anon):    2961620 kB
Inactive(anon):   199168 kB
Active(file):     556180 kB
Inactive(file):   669600 kB
Unevictable:        6344 kB
Mlocked:            5904 kB
SwapTotal:       4718584 kB
SwapFree:        3986564 kB
Dirty:               468 kB
Writeback:             0 kB
AnonPages:       3139952 kB
Mapped:           608732 kB
Shmem:             14200 kB
KReclaimable:     618304 kB
Slab:             324192 kB
SReclaimable:      94432 kB
SUnreclaim:       229760 kB
KernelStack:       48704 kB
ShadowCallStack:   12220 kB
PageTables:        74596 kB
NFS_Unstable:          0 kB
Bounce:                0 kB
WritebackTmp:          0 kB
CommitLimit:     8677876 kB
Committed_AS:   70514900 kB
VmallocTotal:   263061440 kB
VmallocUsed:      131416 kB
VmallocChunk:          0 kB
Percpu:             2448 kB
CmaTotal:         405504 kB
CmaFree:               0 kB
MemTotal:        7918588 kB
MemFree:          827588 kB
MemAvailable:    2281032 kB
Buffers:            4436 kB
Cached:          1240156 kB
SwapCached:        35992 kB
Active:          3562756 kB
Inactive:         868772 kB
Active(anon):    3006576 kB
Inactive(anon):   199172 kB
Active(file):     556180 kB
Inactive(file):   669600 kB
Unevictable:        6344 kB
Mlocked:            5904 kB
SwapTotal:       4718584 kB
SwapFree:        3986564 kB
Dirty:               480 kB
Writeback:             0 kB
AnonPages:       3184676 kB
Mapped:           608892 kB
Shmem:             14200 kB
KReclaimable:     617888 kB
Slab:             323992 kB
SReclaimable:      94432 kB
SUnreclaim:       229560 kB
KernelStack:       48656 kB
ShadowCallStack:   12212 kB
PageTables:        74628 kB
NFS_Unstable:          0 kB
Bounce:                0 kB
WritebackTmp:          0 kB
CommitLimit:     8677876 kB
Committed_AS:   70613204 kB
VmallocTotal:   263061440 kB
VmallocUsed:      131400 kB
VmallocChunk:          0 kB
Percpu:             2448 kB
CmaTotal:         405504 kB
CmaFree:               0 kB
MemTotal:        7918588 kB
MemFree:          777660 kB
MemAvailable:    2230624 kB
Buffers:            4436 kB
Cached:          1240164 kB
SwapCached:        35992 kB
Active:          3612464 kB
Inactive:         868776 kB
Active(anon):    3056284 kB
Inactive(anon):   199176 kB
Active(file):     556180 kB
Inactive(file):   669600 kB
Unevictable:        6344 kB
Mlocked:            5904 kB
SwapTotal:       4718584 kB
SwapFree:        3986564 kB
Dirty:               480 kB
Writeback:             0 kB
AnonPages:       3234456 kB
Mapped:           609584 kB
Shmem:             14208 kB
KReclaimable:     617408 kB
Slab:             324136 kB
SReclaimable:      94432 kB
SUnreclaim:       229704 kB
KernelStack:       48752 kB
ShadowCallStack:   12216 kB
PageTables:        75028 kB
NFS_Unstable:          0 kB
Bounce:                0 kB
WritebackTmp:          0 kB
CommitLimit:     8677876 kB
Committed_AS:   70744284 kB
VmallocTotal:   263061440 kB
VmallocUsed:      131416 kB
VmallocChunk:          0 kB
Percpu:             2448 kB
CmaTotal:         405504 kB
CmaFree:               0 kB
MemTotal:        7918588 kB
MemFree:          732372 kB
MemAvailable:    2184712 kB
Buffers:            4460 kB
Cached:          1240188 kB
SwapCached:        35992 kB
Active:          3657164 kB
Inactive:         868796 kB
Active(anon):    3100984 kB
Inactive(anon):   199172 kB
Active(file):     556180 kB
Inactive(file):   669624 kB
Unevictable:        6344 kB
Mlocked:            5904 kB
SwapTotal:       4718584 kB
SwapFree:        3986820 kB
Dirty:               512 kB
Writeback:             0 kB
AnonPages:       3279200 kB
Mapped:           609936 kB
Shmem:             14232 kB
KReclaimable:     616760 kB
Slab:             324132 kB
SReclaimable:      94432 kB
SUnreclaim:       229700 kB
KernelStack:       48672 kB
ShadowCallStack:   12208 kB
PageTables:        75228 kB
NFS_Unstable:          0 kB
Bounce:                0 kB
WritebackTmp:          0 kB
CommitLimit:     8677876 kB
Committed_AS:   70842596 kB
VmallocTotal:   263061440 kB
VmallocUsed:      131408 kB
VmallocChunk:          0 kB
Percpu:             2448 kB
CmaTotal:         405504 kB
CmaFree:               0 kB
MemTotal:        7918588 kB
MemFree:          649184 kB
MemAvailable:    1979556 kB
Buffers:            4460 kB
Cached:          1240292 kB
SwapCached:        35992 kB
Active:          3739564 kB
Inactive:         868808 kB
Active(anon):    3183384 kB
Inactive(anon):   199176 kB
Active(file):     556180 kB
Inactive(file):   669632 kB
Unevictable:        6344 kB
Mlocked:            5904 kB
SwapTotal:       4718584 kB
SwapFree:        3986820 kB
Dirty:               520 kB
Writeback:             0 kB
AnonPages:       3361556 kB
Mapped:           611244 kB
Shmem:             14328 kB
KReclaimable:     494784 kB
Slab:             324344 kB
SReclaimable:      94432 kB
SUnreclaim:       229912 kB
KernelStack:       48848 kB
ShadowCallStack:   12248 kB
PageTables:        75500 kB
NFS_Unstable:          0 kB
Bounce:                0 kB
WritebackTmp:          0 kB
CommitLimit:     8677876 kB
Committed_AS:   70924912 kB
VmallocTotal:   263061440 kB
VmallocUsed:      131604 kB
VmallocChunk:          0 kB
Percpu:             2448 kB
CmaTotal:         405504 kB
CmaFree:              24 kB
MemTotal:        7918588 kB
MemFree:          642136 kB
MemAvailable:    2093436 kB
Buffers:            4460 kB
Cached:          1240200 kB
SwapCached:        35992 kB
Active:          3746792 kB
Inactive:         868804 kB
Active(anon):    3190612 kB
Inactive(anon):   199172 kB
Active(file):     556180 kB
Inactive(file):   669632 kB
Unevictable:        6344 kB
Mlocked:            5904 kB
SwapTotal:       4718584 kB
SwapFree:        3986820 kB
Dirty:               520 kB
Writeback:             0 kB
AnonPages:       3368876 kB
Mapped:           610528 kB
Shmem:             14236 kB
KReclaimable:     615712 kB
Slab:             324252 kB
SReclaimable:      94432 kB
SUnreclaim:       229820 kB
KernelStack:       48720 kB
ShadowCallStack:   12220 kB
PageTables:        75760 kB
NFS_Unstable:          0 kB
Bounce:                0 kB
WritebackTmp:          0 kB
CommitLimit:     8677876 kB
Committed_AS:   71039156 kB
VmallocTotal:   263061440 kB
VmallocUsed:      131396 kB
VmallocChunk:          0 kB
Percpu:             2448 kB
CmaTotal:         405504 kB
CmaFree:               0 kB
MemTotal:        7918588 kB
MemFree:          594096 kB
MemAvailable:    2044956 kB
Buffers:            4460 kB
Cached:          1240204 kB
SwapCached:        35992 kB
Active:          3795016 kB
Inactive:         868808 kB
Active(anon):    3238836 kB
Inactive(anon):   199176 kB
Active(file):     556180 kB
Inactive(file):   669632 kB
Unevictable:        6344 kB
Mlocked:            5904 kB
SwapTotal:       4718584 kB
SwapFree:        3986820 kB
Dirty:               624 kB
Writeback:             0 kB
AnonPages:       3417204 kB
Mapped:           611040 kB
Shmem:             14240 kB
KReclaimable:     615272 kB
Slab:             324264 kB
SReclaimable:      94448 kB
SUnreclaim:       229816 kB
KernelStack:       48704 kB
ShadowCallStack:   12212 kB
PageTables:        75900 kB
NFS_Unstable:          0 kB
Bounce:                0 kB
WritebackTmp:          0 kB
CommitLimit:     8677876 kB
Committed_AS:   71153848 kB
VmallocTotal:   263061440 kB
VmallocUsed:      131392 kB
VmallocChunk:          0 kB
Percpu:             2448 kB
CmaTotal:         405504 kB
CmaFree:               0 kB
MemTotal:        7918588 kB
MemFree:          548840 kB
MemAvailable:    1999472 kB
Buffers:            4484 kB
Cached:          1240208 kB
SwapCached:        35992 kB
Active:          3841592 kB
Inactive:         868712 kB
Active(anon):    3285412 kB
Inactive(anon):   199052 kB
Active(file):     556180 kB
Inactive(file):   669660 kB
Unevictable:        6344 kB
Mlocked:            5904 kB
SwapTotal:       4718584 kB
SwapFree:        3986820 kB
Dirty:               652 kB
Writeback:             4 kB
AnonPages:       3463564 kB
Mapped:           611244 kB
Shmem:             14240 kB
KReclaimable:     615016 kB
Slab:             324324 kB
SReclaimable:      94448 kB
SUnreclaim:       229876 kB
KernelStack:       48704 kB
ShadowCallStack:   12208 kB
PageTables:        76132 kB
NFS_Unstable:          0 kB
Bounce:                0 kB
WritebackTmp:          0 kB
CommitLimit:     8677876 kB
Committed_AS:   71252152 kB
VmallocTotal:   263061440 kB
VmallocUsed:      131388 kB
VmallocChunk:          0 kB
Percpu:             2448 kB
CmaTotal:         405504 kB
CmaFree:              28 kB
MemTotal:        7918588 kB
MemFree:          491320 kB
MemAvailable:    1940884 kB
Buffers:            4484 kB
Cached:          1240228 kB
SwapCached:        35992 kB
Active:          3898688 kB
Inactive:         868736 kB
Active(anon):    3342508 kB
Inactive(anon):   199056 kB
Active(file):     556180 kB
Inactive(file):   669680 kB
Unevictable:        6344 kB
Mlocked:            5904 kB
SwapTotal:       4718584 kB
SwapFree:        3986820 kB
Dirty:               320 kB
Writeback:             0 kB
AnonPages:       3520676 kB
Mapped:           611768 kB
Shmem:             14240 kB
KReclaimable:     613928 kB
Slab:             324420 kB
SReclaimable:      94448 kB
SUnreclaim:       229972 kB
KernelStack:       48688 kB
ShadowCallStack:   12216 kB
PageTables:        76384 kB
NFS_Unstable:          0 kB
Bounce:                0 kB
WritebackTmp:          0 kB
CommitLimit:     8677876 kB
Committed_AS:   71383224 kB
VmallocTotal:   263061440 kB
VmallocUsed:      131380 kB
VmallocChunk:          0 kB
Percpu:             2448 kB
CmaTotal:         405504 kB
CmaFree:               0 kB
MemTotal:        7918588 kB
MemFree:          457024 kB
MemAvailable:    1906276 kB
Buffers:            4484 kB
Cached:          1240228 kB
SwapCached:        35992 kB
Active:          3931292 kB
Inactive:         868728 kB
Active(anon):    3375112 kB
Inactive(anon):   199048 kB
Active(file):     556180 kB
Inactive(file):   669680 kB
Unevictable:        6344 kB
Mlocked:            5904 kB
SwapTotal:       4718584 kB
SwapFree:        3986820 kB
Dirty:               320 kB
Writeback:             0 kB
AnonPages:       3553600 kB
Mapped:           611976 kB
Shmem:             14240 kB
KReclaimable:     613616 kB
Slab:             324624 kB
SReclaimable:      94448 kB
SUnreclaim:       230176 kB
KernelStack:       48720 kB
ShadowCallStack:   12212 kB
PageTables:        76456 kB
NFS_Unstable:          0 kB
Bounce:                0 kB
WritebackTmp:          0 kB
CommitLimit:     8677876 kB
Committed_AS:   71448760 kB
VmallocTotal:   263061440 kB
VmallocUsed:      131388 kB
VmallocChunk:          0 kB
Percpu:             2448 kB
CmaTotal:         405504 kB
CmaFree:               0 kB
MemTotal:        7918588 kB
MemFree:          412944 kB
MemAvailable:    1861876 kB
Buffers:            4484 kB
Cached:          1240228 kB
SwapCached:        35992 kB
Active:          3976020 kB
Inactive:         868732 kB
Active(anon):    3419840 kB
Inactive(anon):   199052 kB
Active(file):     556180 kB
Inactive(file):   669680 kB
Unevictable:        6344 kB
Mlocked:            5904 kB
SwapTotal:       4718584 kB
SwapFree:        3986820 kB
Dirty:               320 kB
Writeback:             0 kB
AnonPages:       3598128 kB
Mapped:           612336 kB
Shmem:             14240 kB
KReclaimable:     613296 kB
Slab:             324348 kB
SReclaimable:      94416 kB
SUnreclaim:       229932 kB
KernelStack:       48640 kB
ShadowCallStack:   12204 kB
PageTables:        76516 kB
NFS_Unstable:          0 kB
Bounce:                0 kB
WritebackTmp:          0 kB
CommitLimit:     8677876 kB
Committed_AS:   71546908 kB
VmallocTotal:   263061440 kB
VmallocUsed:      131360 kB
VmallocChunk:          0 kB
Percpu:             2448 kB
CmaTotal:         405504 kB
CmaFree:               0 kB
MemTotal:        7918588 kB
MemFree:          358272 kB
MemAvailable:    1806404 kB
Buffers:            4484 kB
Cached:          1240228 kB
SwapCached:        35992 kB
Active:          4029968 kB
Inactive:         868732 kB
Active(anon):    3473788 kB
Inactive(anon):   199052 kB
Active(file):     556180 kB
Inactive(file):   669680 kB
Unevictable:        6344 kB
Mlocked:            5904 kB
SwapTotal:       4718584 kB
SwapFree:        3986820 kB
Dirty:               320 kB
Writeback:             0 kB
AnonPages:       3651988 kB
Mapped:           612636 kB
Shmem:             14240 kB
KReclaimable:     612496 kB
Slab:             324480 kB
SReclaimable:      94416 kB
SUnreclaim:       230064 kB
KernelStack:       48608 kB
ShadowCallStack:   12196 kB
PageTables:        76972 kB
NFS_Unstable:          0 kB
Bounce:                0 kB
WritebackTmp:          0 kB
CommitLimit:     8677876 kB
Committed_AS:   71645108 kB
VmallocTotal:   263061440 kB
VmallocUsed:      131332 kB
VmallocChunk:          0 kB
Percpu:             2448 kB
CmaTotal:         405504 kB
CmaFree:               0 kB
MemTotal:        7918588 kB
MemFree:          324692 kB
MemAvailable:    1772592 kB
Buffers:            4492 kB
Cached:          1240260 kB
SwapCached:        35992 kB
Active:          4063552 kB
Inactive:         868708 kB
Active(anon):    3507332 kB
Inactive(anon):   199028 kB
Active(file):     556220 kB
Inactive(file):   669680 kB
Unevictable:        6344 kB
Mlocked:            5904 kB
SwapTotal:       4718584 kB
SwapFree:        3986820 kB
Dirty:               320 kB
Writeback:             0 kB
AnonPages:       3685528 kB
Mapped:           613036 kB
Shmem:             14240 kB
KReclaimable:     612224 kB
Slab:             324356 kB
SReclaimable:      94416 kB
SUnreclaim:       229940 kB
KernelStack:       48560 kB
ShadowCallStack:   12184 kB
PageTables:        76868 kB
NFS_Unstable:          0 kB
Bounce:                0 kB
WritebackTmp:          0 kB
CommitLimit:     8677876 kB
Committed_AS:   71710384 kB
VmallocTotal:   263061440 kB
VmallocUsed:      131204 kB
VmallocChunk:          0 kB
Percpu:             2448 kB
CmaTotal:         405504 kB
CmaFree:               0 kB
MemTotal:        7918588 kB
MemFree:          282148 kB
MemAvailable:    1729816 kB
Buffers:            4524 kB
Cached:          1240276 kB
SwapCached:        35992 kB
Active:          4106600 kB
Inactive:         868764 kB
Active(anon):    3550380 kB
Inactive(anon):   199036 kB
Active(file):     556220 kB
Inactive(file):   669728 kB
Unevictable:        6344 kB
Mlocked:            5904 kB
SwapTotal:       4718584 kB
SwapFree:        3986820 kB
Dirty:               356 kB
Writeback:             0 kB
AnonPages:       3728496 kB
Mapped:           613252 kB
Shmem:             14240 kB
KReclaimable:     611944 kB
Slab:             324292 kB
SReclaimable:      94416 kB
SUnreclaim:       229876 kB
KernelStack:       48544 kB
ShadowCallStack:   12172 kB
PageTables:        77204 kB
NFS_Unstable:          0 kB
Bounce:                0 kB
WritebackTmp:          0 kB
CommitLimit:     8677876 kB
Committed_AS:   71825072 kB
VmallocTotal:   263061440 kB
VmallocUsed:      131204 kB
VmallocChunk:          0 kB
Percpu:             2448 kB
CmaTotal:         405504 kB
CmaFree:               0 kB
MemTotal:        7918588 kB
MemFree:          225236 kB
MemAvailable:    1672216 kB
Buffers:            4524 kB
Cached:          1240280 kB
SwapCached:        35992 kB
Active:          4163056 kB
Inactive:         868760 kB
Active(anon):    3606836 kB
Inactive(anon):   199032 kB
Active(file):     556220 kB
Inactive(file):   669728 kB
Unevictable:        6344 kB
Mlocked:            5904 kB
SwapTotal:       4718584 kB
SwapFree:        3986820 kB
Dirty:               360 kB
Writeback:             0 kB
AnonPages:       3784984 kB
Mapped:           613708 kB
Shmem:             14244 kB
KReclaimable:     611256 kB
Slab:             324324 kB
SReclaimable:      94416 kB
SUnreclaim:       229908 kB
KernelStack:       48496 kB
ShadowCallStack:   12168 kB
PageTables:        77496 kB
NFS_Unstable:          0 kB
Bounce:                0 kB
WritebackTmp:          0 kB
CommitLimit:     8677876 kB
Committed_AS:   71955940 kB
VmallocTotal:   263061440 kB
VmallocUsed:      131152 kB
VmallocChunk:          0 kB
Percpu:             2448 kB
CmaTotal:         405504 kB
CmaFree:               4 kB
MemTotal:        7918588 kB
MemFree:          193968 kB
MemAvailable:    1640564 kB
Buffers:            4524 kB
Cached:          1240344 kB
SwapCached:        35992 kB
Active:          4195192 kB
Inactive:         868764 kB
Active(anon):    3638972 kB
Inactive(anon):   199036 kB
Active(file):     556220 kB
Inactive(file):   669728 kB
Unevictable:        6344 kB
Mlocked:            5904 kB
SwapTotal:       4718584 kB
SwapFree:        3986820 kB
Dirty:               360 kB
Writeback:             0 kB
AnonPages:       3816992 kB
Mapped:           613940 kB
Shmem:             14308 kB
KReclaimable:     610872 kB
Slab:             324344 kB
SReclaimable:      94416 kB
SUnreclaim:       229928 kB
KernelStack:       48480 kB
ShadowCallStack:   12156 kB
PageTables:        77612 kB
NFS_Unstable:          0 kB
Bounce:                0 kB
WritebackTmp:          0 kB
CommitLimit:     8677876 kB
Committed_AS:   72037924 kB
VmallocTotal:   263061440 kB
VmallocUsed:      131076 kB
VmallocChunk:          0 kB
Percpu:             2448 kB
CmaTotal:         405504 kB
CmaFree:               0 kB
MemTotal:        7918588 kB
MemFree:          180000 kB
MemAvailable:    1583924 kB
Buffers:            1920 kB
Cached:          1212728 kB
SwapCached:        35992 kB
Active:          4281296 kB
Inactive:         808444 kB
Active(anon):    3694872 kB
Inactive(anon):   199028 kB
Active(file):     586424 kB
Inactive(file):   609416 kB
Unevictable:        6344 kB
Mlocked:            5904 kB
SwapTotal:       4718584 kB
SwapFree:        3986820 kB
Dirty:               360 kB
Writeback:             0 kB
AnonPages:       3872928 kB
Mapped:           609092 kB
Shmem:             14308 kB
KReclaimable:     598308 kB
Slab:             321532 kB
SReclaimable:      91572 kB
SUnreclaim:       229960 kB
KernelStack:       48432 kB
ShadowCallStack:   12136 kB
PageTables:        78184 kB
NFS_Unstable:          0 kB
Bounce:                0 kB
WritebackTmp:          0 kB
CommitLimit:     8677876 kB
Committed_AS:   72152404 kB
VmallocTotal:   263061440 kB
VmallocUsed:      131068 kB
VmallocChunk:          0 kB
Percpu:             2448 kB
CmaTotal:         405504 kB
CmaFree:               0 kB
MemTotal:        7918588 kB
MemFree:          181236 kB
MemAvailable:    1538440 kB
Buffers:            1920 kB
Cached:          1173412 kB
SwapCached:        35992 kB
Active:          4326324 kB
Inactive:         768828 kB
Active(anon):    3739708 kB
Inactive(anon):   199032 kB
Active(file):     586616 kB
Inactive(file):   569796 kB
Unevictable:        6344 kB
Mlocked:            5904 kB
SwapTotal:       4718584 kB
SwapFree:        3986820 kB
Dirty:               360 kB
Writeback:             0 kB
AnonPages:       3917652 kB
Mapped:           609376 kB
Shmem:             14308 kB
KReclaimable:     591016 kB
Slab:             321392 kB
SReclaimable:      91408 kB
SUnreclaim:       229984 kB
KernelStack:       48336 kB
ShadowCallStack:   12124 kB
PageTables:        77728 kB
NFS_Unstable:          0 kB
Bounce:                0 kB
WritebackTmp:          0 kB
CommitLimit:     8677876 kB
Committed_AS:   72250500 kB
VmallocTotal:   263061440 kB
VmallocUsed:      130972 kB
VmallocChunk:          0 kB
Percpu:             2448 kB
CmaTotal:         405504 kB
CmaFree:               0 kB
MemTotal:        7918588 kB
MemFree:          180220 kB
MemAvailable:    1503200 kB
Buffers:            1928 kB
Cached:          1145084 kB
SwapCached:        35992 kB
Active:          4360352 kB
Inactive:         740484 kB
Active(anon):    3773736 kB
Inactive(anon):   199028 kB
Active(file):     586616 kB
Inactive(file):   541456 kB
Unevictable:        6344 kB
Mlocked:            5904 kB
SwapTotal:       4718584 kB
SwapFree:        3986820 kB
Dirty:               368 kB
Writeback:             0 kB
AnonPages:       3951780 kB
Mapped:           609768 kB
Shmem:             14316 kB
KReclaimable:     585132 kB
Slab:             321264 kB
SReclaimable:      91220 kB
SUnreclaim:       230044 kB
KernelStack:       48384 kB
ShadowCallStack:   12132 kB
PageTables:        78580 kB
NFS_Unstable:          0 kB
Bounce:                0 kB
WritebackTmp:          0 kB
CommitLimit:     8677876 kB
Committed_AS:   72316044 kB
VmallocTotal:   263061440 kB
VmallocUsed:      131004 kB
VmallocChunk:          0 kB
Percpu:             2448 kB
CmaTotal:         405504 kB
CmaFree:               0 kB
MemTotal:        7918588 kB
MemFree:          178852 kB
MemAvailable:    1442160 kB
Buffers:            1892 kB
Cached:          1095248 kB
SwapCached:        36040 kB
Active:          4420380 kB
Inactive:         690800 kB
Active(anon):    3833764 kB
Inactive(anon):   199036 kB
Active(file):     586616 kB
Inactive(file):   491764 kB
Unevictable:        6344 kB
Mlocked:            5904 kB
SwapTotal:       4718584 kB
SwapFree:        3986820 kB
Dirty:               368 kB
Writeback:             0 kB
AnonPages:       4011792 kB
Mapped:           610196 kB
Shmem:             14320 kB
KReclaimable:     575152 kB
Slab:             319852 kB
SReclaimable:      89944 kB
SUnreclaim:       229908 kB
KernelStack:       48256 kB
ShadowCallStack:   12116 kB
PageTables:        78016 kB
NFS_Unstable:          0 kB
Bounce:                0 kB
WritebackTmp:          0 kB
CommitLimit:     8677876 kB
Committed_AS:   72463396 kB
VmallocTotal:   263061440 kB
VmallocUsed:      130916 kB
VmallocChunk:          0 kB
Percpu:             2448 kB
CmaTotal:         405504 kB
CmaFree:               8 kB
MemTotal:        7918588 kB
MemFree:          188432 kB
MemAvailable:    1412536 kB
Buffers:            1892 kB
Cached:          1063216 kB
SwapCached:        36040 kB
Active:          4463964 kB
Inactive:         658580 kB
Active(anon):    3877340 kB
Inactive(anon):   199032 kB
Active(file):     586624 kB
Inactive(file):   459548 kB
Unevictable:        6344 kB
Mlocked:            5904 kB
SwapTotal:       4718584 kB
SwapFree:        3986820 kB
Dirty:               368 kB
Writeback:             0 kB
AnonPages:       4055356 kB
Mapped:           610412 kB
Shmem:             14324 kB
KReclaimable:     568156 kB
Slab:             319100 kB
SReclaimable:      89132 kB
SUnreclaim:       229968 kB
KernelStack:       48288 kB
ShadowCallStack:   12108 kB
PageTables:        78636 kB
NFS_Unstable:          0 kB
Bounce:                0 kB
WritebackTmp:          0 kB
CommitLimit:     8677876 kB
Committed_AS:   72561704 kB
VmallocTotal:   263061440 kB
VmallocUsed:      130932 kB
VmallocChunk:          0 kB
Percpu:             2448 kB
CmaTotal:         405504 kB
CmaFree:             476 kB
MemTotal:        7918588 kB
MemFree:          181052 kB
MemAvailable:    1372968 kB
Buffers:            1824 kB
Cached:          1038524 kB
SwapCached:        36040 kB
Active:          4517144 kB
Inactive:         619172 kB
Active(anon):    3915988 kB
Inactive(anon):   199036 kB
Active(file):     601156 kB
Inactive(file):   420136 kB
Unevictable:        6344 kB
Mlocked:            5904 kB
SwapTotal:       4718584 kB
SwapFree:        3986820 kB
Dirty:               368 kB
Writeback:             0 kB
AnonPages:       4093960 kB
Mapped:           600412 kB
Shmem:             14332 kB
KReclaimable:     560848 kB
Slab:             318864 kB
SReclaimable:      88960 kB
SUnreclaim:       229904 kB
KernelStack:       48320 kB
ShadowCallStack:   12108 kB
PageTables:        78916 kB
NFS_Unstable:          0 kB
Bounce:                0 kB
WritebackTmp:          0 kB
CommitLimit:     8677876 kB
Committed_AS:   72643636 kB
VmallocTotal:   263061440 kB
VmallocUsed:      130928 kB
VmallocChunk:          0 kB
Percpu:             2448 kB
CmaTotal:         405504 kB
CmaFree:               0 kB
MemTotal:        7918588 kB
MemFree:          180020 kB
MemAvailable:    1317428 kB
Buffers:            1812 kB
Cached:           997400 kB
SwapCached:        36040 kB
Active:          4610268 kB
Inactive:         540792 kB
Active(anon):    3971764 kB
Inactive(anon):   199028 kB
Active(file):     638504 kB
Inactive(file):   341764 kB
Unevictable:        6344 kB
Mlocked:            5904 kB
SwapTotal:       4718584 kB
SwapFree:        3986820 kB
Dirty:               368 kB
Writeback:             0 kB
AnonPages:       4149812 kB
Mapped:           588424 kB
Shmem:             14332 kB
KReclaimable:     547364 kB
Slab:             318368 kB
SReclaimable:      88300 kB
SUnreclaim:       230068 kB
KernelStack:       48368 kB
ShadowCallStack:   12116 kB
PageTables:        79304 kB
NFS_Unstable:          0 kB
Bounce:                0 kB
WritebackTmp:          0 kB
CommitLimit:     8677876 kB
Committed_AS:   72774704 kB
VmallocTotal:   263061440 kB
VmallocUsed:      130940 kB
VmallocChunk:          0 kB
Percpu:             2448 kB
CmaTotal:         405504 kB
CmaFree:               0 kB
MemTotal:        7918588 kB
MemFree:          183652 kB
MemAvailable:    1274372 kB
Buffers:            1820 kB
Cached:           959076 kB
SwapCached:        36044 kB
Active:          4664920 kB
Inactive:         489488 kB
Active(anon):    4013536 kB
Inactive(anon):   199028 kB
Active(file):     651384 kB
Inactive(file):   290460 kB
Unevictable:        6344 kB
Mlocked:            5904 kB
SwapTotal:       4718584 kB
SwapFree:        3986820 kB
Dirty:               392 kB
Writeback:             0 kB
AnonPages:       4191504 kB
Mapped:           572928 kB
Shmem:             14332 kB
KReclaimable:     539100 kB
Slab:             318140 kB
SReclaimable:      88020 kB
SUnreclaim:       230120 kB
KernelStack:       48288 kB
ShadowCallStack:   12104 kB
PageTables:        79336 kB
NFS_Unstable:          0 kB
Bounce:                0 kB
WritebackTmp:          0 kB
CommitLimit:     8677876 kB
Committed_AS:   72840240 kB
VmallocTotal:   263061440 kB
VmallocUsed:      130936 kB
VmallocChunk:          0 kB
Percpu:             2448 kB
CmaTotal:         405504 kB
CmaFree:               0 kB
MemTotal:        7918588 kB
MemFree:          178812 kB
MemAvailable:    1223144 kB
Buffers:            1824 kB
Cached:           920308 kB
SwapCached:        36044 kB
Active:          4717364 kB
Inactive:         448148 kB
Active(anon):    4063352 kB
Inactive(anon):   199024 kB
Active(file):     654012 kB
Inactive(file):   249124 kB
Unevictable:        6344 kB
Mlocked:            5904 kB
SwapTotal:       4718584 kB
SwapFree:        3986820 kB
Dirty:               404 kB
Writeback:             0 kB
AnonPages:       4241120 kB
Mapped:           570312 kB
Shmem:             14332 kB
KReclaimable:     531420 kB
Slab:             317384 kB
SReclaimable:      87244 kB
SUnreclaim:       230140 kB
KernelStack:       48304 kB
ShadowCallStack:   12112 kB
PageTables:        79260 kB
NFS_Unstable:          0 kB
Bounce:                0 kB
WritebackTmp:          0 kB
CommitLimit:     8677876 kB
Committed_AS:   72938544 kB
VmallocTotal:   263061440 kB
VmallocUsed:      130928 kB
VmallocChunk:          0 kB
Percpu:             2448 kB
CmaTotal:         405504 kB
CmaFree:               0 kB
MemTotal:        7918588 kB
MemFree:          178712 kB
MemAvailable:    1004236 kB
Buffers:            1644 kB
Cached:           842656 kB
SwapCached:        36044 kB
Active:          4819304 kB
Inactive:         358016 kB
Active(anon):    4153116 kB
Inactive(anon):   199028 kB
Active(file):     666188 kB
Inactive(file):   158988 kB
Unevictable:        6344 kB
Mlocked:            5904 kB
SwapTotal:       4718584 kB
SwapFree:        3987076 kB
Dirty:               404 kB
Writeback:             0 kB
AnonPages:       4331108 kB
Mapped:           569440 kB
Shmem:             14360 kB
KReclaimable:     390572 kB
Slab:             315664 kB
SReclaimable:      85468 kB
SUnreclaim:       230196 kB
KernelStack:       48416 kB
ShadowCallStack:   12128 kB
PageTables:        79500 kB
NFS_Unstable:          0 kB
Bounce:                0 kB
WritebackTmp:          0 kB
CommitLimit:     8677876 kB
Committed_AS:   73053628 kB
VmallocTotal:   263061440 kB
VmallocUsed:      131064 kB
VmallocChunk:          0 kB
Percpu:             2448 kB
CmaTotal:         405504 kB
CmaFree:               0 kB
MemTotal:        7918588 kB
MemFree:          180328 kB
MemAvailable:     970636 kB
Buffers:            1644 kB
Cached:           811996 kB
SwapCached:        36044 kB
Active:          4852220 kB
Inactive:         327248 kB
Active(anon):    4185908 kB
Inactive(anon):   199032 kB
Active(file):     666312 kB
Inactive(file):   128216 kB
Unevictable:        6344 kB
Mlocked:            5904 kB
SwapTotal:       4718584 kB
SwapFree:        3987076 kB
Dirty:               412 kB
Writeback:             0 kB
AnonPages:       4363748 kB
Mapped:           570108 kB
Shmem:             14500 kB
KReclaimable:     386004 kB
Slab:             314848 kB
SReclaimable:      84480 kB
SUnreclaim:       230368 kB
KernelStack:       48464 kB
ShadowCallStack:   12152 kB
PageTables:        79964 kB
NFS_Unstable:          0 kB
Bounce:                0 kB
WritebackTmp:          0 kB
CommitLimit:     8677876 kB
Committed_AS:   73102788 kB
VmallocTotal:   263061440 kB
VmallocUsed:      131104 kB
VmallocChunk:          0 kB
Percpu:             2448 kB
CmaTotal:         405504 kB
CmaFree:               0 kB
MemTotal:        7918588 kB
MemFree:          179848 kB
MemAvailable:    1086436 kB
Buffers:            1652 kB
Cached:           800320 kB
SwapCached:        36044 kB
Active:          4865600 kB
Inactive:         315740 kB
Active(anon):    4199288 kB
Inactive(anon):   199032 kB
Active(file):     666312 kB
Inactive(file):   116708 kB
Unevictable:        6344 kB
Mlocked:            5904 kB
SwapTotal:       4718584 kB
SwapFree:        3987076 kB
Dirty:               416 kB
Writeback:             0 kB
AnonPages:       4377248 kB
Mapped:           569756 kB
Shmem:             14340 kB
KReclaimable:     513792 kB
Slab:             314544 kB
SReclaimable:      84228 kB
SUnreclaim:       230316 kB
KernelStack:       48320 kB
ShadowCallStack:   12124 kB
PageTables:        80068 kB
NFS_Unstable:          0 kB
Bounce:                0 kB
WritebackTmp:          0 kB
CommitLimit:     8677876 kB
Committed_AS:   73217076 kB
VmallocTotal:   263061440 kB
VmallocUsed:      130916 kB
VmallocChunk:          0 kB
Percpu:             2448 kB
CmaTotal:         405504 kB
CmaFree:               0 kB
MemTotal:        7918588 kB
MemFree:          178632 kB
MemAvailable:    1035920 kB
Buffers:            1652 kB
Cached:           759380 kB
SwapCached:        36044 kB
Active:          4914124 kB
Inactive:         274796 kB
Active(anon):    4247812 kB
Inactive(anon):   199028 kB
Active(file):     666312 kB
Inactive(file):    75768 kB
Unevictable:        6344 kB
Mlocked:            5904 kB
SwapTotal:       4718584 kB
SwapFree:        3987076 kB
Dirty:               424 kB
Writeback:             0 kB
AnonPages:       4425768 kB
Mapped:           570352 kB
Shmem:             14340 kB
KReclaimable:     505432 kB
Slab:             313444 kB
SReclaimable:      83116 kB
SUnreclaim:       230328 kB
KernelStack:       48336 kB
ShadowCallStack:   12120 kB
PageTables:        80472 kB
NFS_Unstable:          0 kB
Bounce:                0 kB
WritebackTmp:          0 kB
CommitLimit:     8677876 kB
Committed_AS:   73315380 kB
VmallocTotal:   263061440 kB
VmallocUsed:      130900 kB
VmallocChunk:          0 kB
Percpu:             2448 kB
CmaTotal:         405504 kB
CmaFree:               0 kB
MemTotal:        7918588 kB
MemFree:          183640 kB
MemAvailable:     997592 kB
Buffers:             424 kB
Cached:           734148 kB
SwapCached:        35680 kB
Active:          4970456 kB
Inactive:         226560 kB
Active(anon):    4333736 kB
Inactive(anon):   147628 kB
Active(file):     636720 kB
Inactive(file):    78932 kB
Unevictable:        6344 kB
Mlocked:            5904 kB
SwapTotal:       4718584 kB
SwapFree:        3980932 kB
Dirty:               356 kB
Writeback:             0 kB
AnonPages:       4460612 kB
Mapped:           563580 kB
Shmem:             14292 kB
KReclaimable:     488524 kB
Slab:             313016 kB
SReclaimable:      82640 kB
SUnreclaim:       230376 kB
KernelStack:       48320 kB
ShadowCallStack:   12116 kB
PageTables:        80324 kB
NFS_Unstable:          0 kB
Bounce:                0 kB
WritebackTmp:          0 kB
CommitLimit:     8677876 kB
Committed_AS:   73397304 kB
VmallocTotal:   263061440 kB
VmallocUsed:      130948 kB
VmallocChunk:          0 kB
Percpu:             2448 kB
CmaTotal:         405504 kB
CmaFree:             128 kB
MemTotal:        7918588 kB
MemFree:          178244 kB
MemAvailable:     960180 kB
Buffers:             424 kB
Cached:           730420 kB
SwapCached:        33940 kB
Active:          5145928 kB
Inactive:          77464 kB
Active(anon):    4500596 kB
Inactive(anon):    10960 kB
Active(file):     645332 kB
Inactive(file):    66504 kB
Unevictable:        6344 kB
Mlocked:            5904 kB
SwapTotal:       4718584 kB
SwapFree:        3958404 kB
Dirty:               356 kB
Writeback:             0 kB
AnonPages:       4492336 kB
Mapped:           560744 kB
Shmem:             14232 kB
KReclaimable:     460324 kB
Slab:             312844 kB
SReclaimable:      82456 kB
SUnreclaim:       230388 kB
KernelStack:       48256 kB
ShadowCallStack:   12108 kB
PageTables:        80152 kB
NFS_Unstable:          0 kB
Bounce:                0 kB
WritebackTmp:          0 kB
CommitLimit:     8677876 kB
Committed_AS:   73528396 kB
VmallocTotal:   263061440 kB
VmallocUsed:      130888 kB
VmallocChunk:          0 kB
Percpu:             2448 kB
CmaTotal:         405504 kB
CmaFree:               0 kB
MemTotal:        7918588 kB
MemFree:          189100 kB
MemAvailable:     929472 kB
Buffers:             348 kB
Cached:           706196 kB
SwapCached:        33932 kB
Active:           655952 kB
Inactive:        4574892 kB
Active(anon):     529652 kB
Inactive(anon):  4013444 kB
Active(file):     126300 kB
Inactive(file):   561448 kB
Unevictable:        6344 kB
Mlocked:            5904 kB
SwapTotal:       4718584 kB
SwapFree:        3957892 kB
Dirty:               288 kB
Writeback:             0 kB
AnonPages:       4523572 kB
Mapped:           548924 kB
Shmem:             14184 kB
KReclaimable:     442848 kB
Slab:             312820 kB
SReclaimable:      82428 kB
SUnreclaim:       230392 kB
KernelStack:       48256 kB
ShadowCallStack:   12100 kB
PageTables:        80848 kB
NFS_Unstable:          0 kB
Bounce:                0 kB
WritebackTmp:          0 kB
CommitLimit:     8677876 kB
Committed_AS:   73577548 kB
VmallocTotal:   263061440 kB
VmallocUsed:      130856 kB
VmallocChunk:          0 kB
Percpu:             2448 kB
CmaTotal:         405504 kB
CmaFree:             208 kB
MemTotal:        7918588 kB
MemFree:          182136 kB
MemAvailable:     879188 kB
Buffers:             336 kB
Cached:           670168 kB
SwapCached:        33924 kB
Active:           728628 kB
Inactive:        4517004 kB
Active(anon):     595636 kB
Inactive(anon):  3998348 kB
Active(file):     132992 kB
Inactive(file):   518656 kB
Unevictable:        6344 kB
Mlocked:            5904 kB
SwapTotal:       4718584 kB
SwapFree:        3957636 kB
Dirty:               288 kB
Writeback:             0 kB
AnonPages:       4574448 kB
Mapped:           530884 kB
Shmem:             14184 kB
KReclaimable:     435628 kB
Slab:             312940 kB
SReclaimable:      82424 kB
SUnreclaim:       230516 kB
KernelStack:       48304 kB
ShadowCallStack:   12096 kB
PageTables:        80884 kB
NFS_Unstable:          0 kB
Bounce:                0 kB
WritebackTmp:          0 kB
CommitLimit:     8677876 kB
Committed_AS:   73692240 kB
VmallocTotal:   263061440 kB
VmallocUsed:      130872 kB
VmallocChunk:          0 kB
Percpu:             2448 kB
CmaTotal:         405504 kB
CmaFree:               0 kB
MemTotal:        7918588 kB
MemFree:          179852 kB
MemAvailable:     821676 kB
Buffers:             332 kB
Cached:           621972 kB
SwapCached:        33924 kB
Active:           792488 kB
Inactive:        4461680 kB
Active(anon):     652360 kB
Inactive(anon):  3998308 kB
Active(file):     140128 kB
Inactive(file):   463372 kB
Unevictable:        6344 kB
Mlocked:            5904 kB
SwapTotal:       4718584 kB
SwapFree:        3957636 kB
Dirty:               308 kB
Writeback:             0 kB
AnonPages:       4630792 kB
Mapped:           512164 kB
Shmem:             14192 kB
KReclaimable:     428548 kB
Slab:             312976 kB
SReclaimable:      82424 kB
SUnreclaim:       230552 kB
KernelStack:       48256 kB
ShadowCallStack:   12108 kB
PageTables:        80944 kB
NFS_Unstable:          0 kB
Bounce:                0 kB
WritebackTmp:          0 kB
CommitLimit:     8677876 kB
Committed_AS:   73806932 kB
VmallocTotal:   263061440 kB
VmallocUsed:      130876 kB
VmallocChunk:          0 kB
Percpu:             2448 kB
CmaTotal:         405504 kB
CmaFree:               0 kB
MemTotal:        7918588 kB
MemFree:          177556 kB
MemAvailable:     783092 kB
Buffers:             356 kB
Cached:           590676 kB
SwapCached:        33924 kB
Active:           834328 kB
Inactive:        4425196 kB
Active(anon):     690632 kB
Inactive(anon):  3996568 kB
Active(file):     143696 kB
Inactive(file):   428628 kB
Unevictable:        6344 kB
Mlocked:            5904 kB
SwapTotal:       4718584 kB
SwapFree:        3957636 kB
Dirty:               232 kB
Writeback:            20 kB
AnonPages:       4667784 kB
Mapped:           501204 kB
Shmem:             14192 kB
KReclaimable:     423436 kB
Slab:             312956 kB
SReclaimable:      82344 kB
SUnreclaim:       230612 kB
KernelStack:       48240 kB
ShadowCallStack:   12112 kB
PageTables:        81064 kB
NFS_Unstable:          0 kB
Bounce:                0 kB
WritebackTmp:          0 kB
CommitLimit:     8677876 kB
Committed_AS:   73888852 kB
VmallocTotal:   263061440 kB
VmallocUsed:      130892 kB
VmallocChunk:          0 kB
Percpu:             2448 kB
CmaTotal:         405504 kB
CmaFree:               8 kB
MemTotal:        7918588 kB
MemFree:          182424 kB
MemAvailable:     738264 kB
Buffers:             356 kB
Cached:           552916 kB
SwapCached:        33924 kB
Active:           879900 kB
Inactive:        4385180 kB
Active(anon):     734216 kB
Inactive(anon):  3996540 kB
Active(file):     145684 kB
Inactive(file):   388640 kB
Unevictable:        6344 kB
Mlocked:            5904 kB
SwapTotal:       4718584 kB
SwapFree:        3957636 kB
Dirty:               232 kB
Writeback:             0 kB
AnonPages:       4711068 kB
Mapped:           490488 kB
Shmem:             14192 kB
KReclaimable:     411740 kB
Slab:             313072 kB
SReclaimable:      82344 kB
SUnreclaim:       230728 kB
KernelStack:       48304 kB
ShadowCallStack:   12108 kB
PageTables:        81548 kB
NFS_Unstable:          0 kB
Bounce:                0 kB
WritebackTmp:          0 kB
CommitLimit:     8677876 kB
Committed_AS:   73987156 kB
VmallocTotal:   263061440 kB
VmallocUsed:      130892 kB
VmallocChunk:          0 kB
Percpu:             2448 kB
CmaTotal:         405504 kB
CmaFree:               0 kB
MemTotal:        7918588 kB
MemFree:          177888 kB
MemAvailable:     683628 kB
Buffers:             356 kB
Cached:           517488 kB
SwapCached:        33924 kB
Active:           937004 kB
Inactive:        4347472 kB
Active(anon):     788976 kB
Inactive(anon):  3996460 kB
Active(file):     148028 kB
Inactive(file):   351012 kB
Unevictable:        6344 kB
Mlocked:            5904 kB
SwapTotal:       4718584 kB
SwapFree:        3957636 kB
Dirty:               232 kB
Writeback:             0 kB
AnonPages:       4765812 kB
Mapped:           486036 kB
Shmem:             14192 kB
KReclaimable:     396924 kB
Slab:             313008 kB
SReclaimable:      82344 kB
SUnreclaim:       230664 kB
KernelStack:       48288 kB
ShadowCallStack:   12108 kB
PageTables:        81732 kB
NFS_Unstable:          0 kB
Bounce:                0 kB
WritebackTmp:          0 kB
CommitLimit:     8677876 kB
Committed_AS:   74085460 kB
VmallocTotal:   263061440 kB
VmallocUsed:      130872 kB
VmallocChunk:          0 kB
Percpu:             2448 kB
CmaTotal:         405504 kB
CmaFree:               8 kB
MemTotal:        7918588 kB
MemFree:          183040 kB
MemAvailable:     624764 kB
Buffers:             500 kB
Cached:           470320 kB
SwapCached:        33924 kB
Active:           996064 kB
Inactive:        4299892 kB
Active(anon):     847512 kB
Inactive(anon):  3996428 kB
Active(file):     148552 kB
Inactive(file):   303464 kB
Unevictable:        6344 kB
Mlocked:            5904 kB
SwapTotal:       4718584 kB
SwapFree:        3957636 kB
Dirty:               232 kB
Writeback:             0 kB
AnonPages:       4824576 kB
Mapped:           485676 kB
Shmem:             14192 kB
KReclaimable:     379932 kB
Slab:             313072 kB
SReclaimable:      82344 kB
SUnreclaim:       230728 kB
KernelStack:       48288 kB
ShadowCallStack:   12116 kB
PageTables:        82296 kB
NFS_Unstable:          0 kB
Bounce:                0 kB
WritebackTmp:          0 kB
CommitLimit:     8677876 kB
Committed_AS:   74216532 kB
VmallocTotal:   263061440 kB
VmallocUsed:      130892 kB
VmallocChunk:          0 kB
Percpu:             2448 kB
CmaTotal:         405504 kB
CmaFree:               0 kB
MemTotal:        7918588 kB
MemFree:          177632 kB
MemAvailable:     578560 kB
Buffers:             500 kB
Cached:           440328 kB
SwapCached:        33924 kB
Active:          1043136 kB
Inactive:        4269020 kB
Active(anon):     893740 kB
Inactive(anon):  3996428 kB
Active(file):     149396 kB
Inactive(file):   272592 kB
Unevictable:        6344 kB
Mlocked:            5904 kB
SwapTotal:       4718584 kB
SwapFree:        3957636 kB
Dirty:               240 kB
Writeback:             0 kB
AnonPages:       4870748 kB
Mapped:           486244 kB
Shmem:             14196 kB
KReclaimable:     369164 kB
Slab:             313168 kB
SReclaimable:      82344 kB
SUnreclaim:       230824 kB
KernelStack:       48288 kB
ShadowCallStack:   12108 kB
PageTables:        82176 kB
NFS_Unstable:          0 kB
Bounce:                0 kB
WritebackTmp:          0 kB
CommitLimit:     8677876 kB
Committed_AS:   74298456 kB
VmallocTotal:   263061440 kB
VmallocUsed:      130884 kB
VmallocChunk:          0 kB
Percpu:             2448 kB
CmaTotal:         405504 kB
CmaFree:               0 kB
MemTotal:        7918588 kB
MemFree:          180972 kB
MemAvailable:     540564 kB
Buffers:             500 kB
Cached:           409344 kB
SwapCached:        33924 kB
Active:          1081072 kB
Inactive:        4236864 kB
Active(anon):     930440 kB
Inactive(anon):  3996428 kB
Active(file):     150632 kB
Inactive(file):   240436 kB
Unevictable:        6344 kB
Mlocked:            5904 kB
SwapTotal:       4718584 kB
SwapFree:        3957636 kB
Dirty:               160 kB
Writeback:             0 kB
AnonPages:       4907424 kB
Mapped:           486352 kB
Shmem:             14196 kB
KReclaimable:     358748 kB
Slab:             313156 kB
SReclaimable:      82344 kB
SUnreclaim:       230812 kB
KernelStack:       48304 kB
ShadowCallStack:   12100 kB
PageTables:        82320 kB
NFS_Unstable:          0 kB
Bounce:                0 kB
WritebackTmp:          0 kB
CommitLimit:     8677876 kB
Committed_AS:   74364016 kB
VmallocTotal:   263061440 kB
VmallocUsed:      130872 kB
VmallocChunk:          0 kB
Percpu:             2448 kB
CmaTotal:         405504 kB
CmaFree:               0 kB
MemTotal:        7918588 kB
MemFree:          178380 kB
MemAvailable:     466360 kB
Buffers:             504 kB
Cached:           355104 kB
SwapCached:        33924 kB
Active:          1154700 kB
Inactive:        4181036 kB
Active(anon):    1002596 kB
Inactive(anon):  3996404 kB
Active(file):     152104 kB
Inactive(file):   184632 kB
Unevictable:        6344 kB
Mlocked:            5904 kB
SwapTotal:       4718584 kB
SwapFree:        3957636 kB
Dirty:               160 kB
Writeback:             0 kB
AnonPages:       4979508 kB
Mapped:           475752 kB
Shmem:             14196 kB
KReclaimable:     341468 kB
Slab:             313272 kB
SReclaimable:      82344 kB
SUnreclaim:       230928 kB
KernelStack:       48272 kB
ShadowCallStack:   12112 kB
PageTables:        82336 kB
NFS_Unstable:          0 kB
Bounce:                0 kB
WritebackTmp:          0 kB
CommitLimit:     8677876 kB
Committed_AS:   74527832 kB
VmallocTotal:   263061440 kB
VmallocUsed:      130876 kB
VmallocChunk:          0 kB
Percpu:             2448 kB
CmaTotal:         405504 kB
CmaFree:               0 kB
MemTotal:        7918588 kB
MemFree:          182492 kB
MemAvailable:     419400 kB
Buffers:             504 kB
Cached:           317328 kB
SwapCached:        33924 kB
Active:          1208504 kB
Inactive:        4139548 kB
Active(anon):    1052668 kB
Inactive(anon):  3996388 kB
Active(file):     155836 kB
Inactive(file):   143160 kB
Unevictable:        6344 kB
Mlocked:            5904 kB
SwapTotal:       4718584 kB
SwapFree:        3957636 kB
Dirty:               160 kB
Writeback:             0 kB
AnonPages:       5029628 kB
Mapped:           460164 kB
Shmem:             14196 kB
KReclaimable:     328136 kB
Slab:             313184 kB
SReclaimable:      82324 kB
SUnreclaim:       230860 kB
KernelStack:       48272 kB
ShadowCallStack:   12108 kB
PageTables:        82656 kB
NFS_Unstable:          0 kB
Bounce:                0 kB
WritebackTmp:          0 kB
CommitLimit:     8677876 kB
Committed_AS:   74626136 kB
VmallocTotal:   263061440 kB
VmallocUsed:      130876 kB
VmallocChunk:          0 kB
Percpu:             2448 kB
CmaTotal:         405504 kB
CmaFree:             388 kB
MemTotal:        7918588 kB
MemFree:          180552 kB
MemAvailable:     382732 kB
Buffers:             512 kB
Cached:           293632 kB
SwapCached:        33924 kB
Active:          1250272 kB
Inactive:        4107100 kB
Active(anon):    1085812 kB
Inactive(anon):  3996168 kB
Active(file):     164460 kB
Inactive(file):   110932 kB
Unevictable:        6344 kB
Mlocked:            5904 kB
SwapTotal:       4718584 kB
SwapFree:        3957636 kB
Dirty:               160 kB
Writeback:             0 kB
AnonPages:       5062548 kB
Mapped:           435248 kB
Shmem:             14196 kB
KReclaimable:     317012 kB
Slab:             312516 kB
SReclaimable:      81656 kB
SUnreclaim:       230860 kB
KernelStack:       48272 kB
ShadowCallStack:   12100 kB
PageTables:        82672 kB
NFS_Unstable:          0 kB
Bounce:                0 kB
WritebackTmp:          0 kB
CommitLimit:     8677876 kB
Committed_AS:   74691696 kB
VmallocTotal:   263061440 kB
VmallocUsed:      130896 kB
VmallocChunk:          0 kB
Percpu:             2448 kB
CmaTotal:         405504 kB
CmaFree:               0 kB
MemTotal:        7918588 kB
MemFree:          177896 kB
MemAvailable:     319912 kB
Buffers:             512 kB
Cached:           245312 kB
SwapCached:        33924 kB
Active:          1335116 kB
Inactive:        4044028 kB
Active(anon):    1156240 kB
Inactive(anon):  3995996 kB
Active(file):     178876 kB
Inactive(file):    48032 kB
Unevictable:        6344 kB
Mlocked:            5904 kB
SwapTotal:       4718584 kB
SwapFree:        3957636 kB
Dirty:               228 kB
Writeback:             0 kB
AnonPages:       5132740 kB
Mapped:           387208 kB
Shmem:             14196 kB
KReclaimable:     297524 kB
Slab:             309980 kB
SReclaimable:      79336 kB
SUnreclaim:       230644 kB
KernelStack:       48272 kB
ShadowCallStack:   12108 kB
PageTables:        82880 kB
NFS_Unstable:          0 kB
Bounce:                0 kB
WritebackTmp:          0 kB
CommitLimit:     8677876 kB
Committed_AS:   74839152 kB
VmallocTotal:   263061440 kB
VmallocUsed:      130888 kB
VmallocChunk:          0 kB
Percpu:             2448 kB
CmaTotal:         405504 kB
CmaFree:               0 kB
MemTotal:        7918588 kB
MemFree:          178724 kB
MemAvailable:     289968 kB
Buffers:             360 kB
Cached:           218684 kB
SwapCached:        33920 kB
Active:          1404156 kB
Inactive:        3989784 kB
Active(anon):    1204124 kB
Inactive(anon):  3989672 kB
Active(file):     200032 kB
Inactive(file):      112 kB
Unevictable:        6348 kB
Mlocked:            5908 kB
SwapTotal:       4718584 kB
SwapFree:        3955332 kB
Dirty:               256 kB
Writeback:            20 kB
AnonPages:       5174428 kB
