MemTotal:        7918588 kB
MemFree:         3216784 kB
MemAvailable:    4492672 kB
Buffers:            6228 kB
Cached:          1390220 kB
SwapCached:         9084 kB
Active:          1309740 kB
Inactive:         826500 kB
Active(anon):     595112 kB
Inactive(anon):   164720 kB
Active(file):     714628 kB
Inactive(file):   661780 kB
Unevictable:        6408 kB
Mlocked:            5968 kB
SwapTotal:       4718584 kB
SwapFree:        3959112 kB
Dirty:            144188 kB
Writeback:           136 kB
AnonPages:        742232 kB
Mapped:           473724 kB
Shmem:             15368 kB
KReclaimable:     445352 kB
Slab:             319356 kB
SReclaimable:      89120 kB
SUnreclaim:       230236 kB
KernelStack:       49536 kB
ShadowCallStack:   12408 kB
PageTables:        65516 kB
NFS_Unstable:          0 kB
Bounce:                0 kB
WritebackTmp:          0 kB
CommitLimit:     8677876 kB
Committed_AS:   67418700 kB
VmallocTotal:   263061440 kB
VmallocUsed:      133836 kB
VmallocChunk:          0 kB
Percpu:             2448 kB
CmaTotal:         405504 kB
CmaFree:          313740 kB
MemTotal:        7918588 kB
MemFree:         3216940 kB
MemAvailable:    4928260 kB
Buffers:            6236 kB
Cached:          1407244 kB
SwapCached:         9152 kB
Active:          1310648 kB
Inactive:         826920 kB
Active(anon):     579704 kB
Inactive(anon):   164680 kB
Active(file):     730944 kB
Inactive(file):   662240 kB
Unevictable:        6408 kB
Mlocked:            5968 kB
SwapTotal:       4718584 kB
SwapFree:        3959368 kB
Dirty:            144320 kB
Writeback:             0 kB
AnonPages:        726340 kB
Mapped:           521876 kB
Shmem:             15616 kB
KReclaimable:     864008 kB
Slab:             319132 kB
SReclaimable:      88944 kB
SUnreclaim:       230188 kB
KernelStack:       49760 kB
ShadowCallStack:   12464 kB
PageTables:        65552 kB
NFS_Unstable:          0 kB
Bounce:                0 kB
WritebackTmp:          0 kB
CommitLimit:     8677876 kB
Committed_AS:   67492976 kB
VmallocTotal:   263061440 kB
VmallocUsed:      134104 kB
VmallocChunk:          0 kB
Percpu:             2448 kB
CmaTotal:         405504 kB
CmaFree:          313740 kB
MemTotal:        7918588 kB
MemFree:         3192752 kB
MemAvailable:    4688004 kB
Buffers:            6268 kB
Cached:          1407532 kB
SwapCached:         9164 kB
Active:          1333812 kB
Inactive:         827024 kB
Active(anon):     602692 kB
Inactive(anon):   164680 kB
Active(file):     731120 kB
Inactive(file):   662344 kB
Unevictable:        6408 kB
Mlocked:            5968 kB
SwapTotal:       4718584 kB
SwapFree:        3959624 kB
Dirty:            144352 kB
Writeback:             0 kB
AnonPages:        749236 kB
Mapped:           532924 kB
Shmem:             15656 kB
KReclaimable:     647660 kB
Slab:             319620 kB
SReclaimable:      88976 kB
SUnreclaim:       230644 kB
KernelStack:       49840 kB
ShadowCallStack:   12468 kB
PageTables:        65988 kB
NFS_Unstable:          0 kB
Bounce:                0 kB
WritebackTmp:          0 kB
CommitLimit:     8677876 kB
Committed_AS:   67522648 kB
VmallocTotal:   263061440 kB
VmallocUsed:      134228 kB
VmallocChunk:          0 kB
Percpu:             2448 kB
CmaTotal:         405504 kB
CmaFree:          313740 kB
MemTotal:        7918588 kB
MemFree:         3189604 kB
MemAvailable:    4684144 kB
Buffers:            6308 kB
Cached:          1407540 kB
SwapCached:         9164 kB
Active:          1335084 kB
Inactive:         827064 kB
Active(anon):     603964 kB
Inactive(anon):   164680 kB
Active(file):     731120 kB
Inactive(file):   662384 kB
Unevictable:        6408 kB
Mlocked:            5968 kB
SwapTotal:       4718584 kB
SwapFree:        3959624 kB
Dirty:            144476 kB
Writeback:             0 kB
AnonPages:        750496 kB
Mapped:           533544 kB
Shmem:             15664 kB
KReclaimable:     646908 kB
Slab:             319728 kB
SReclaimable:      88992 kB
SUnreclaim:       230736 kB
KernelStack:       49888 kB
ShadowCallStack:   12496 kB
PageTables:        66120 kB
NFS_Unstable:          0 kB
Bounce:                0 kB
WritebackTmp:          0 kB
CommitLimit:     8677876 kB
Committed_AS:   67522700 kB
VmallocTotal:   263061440 kB
VmallocUsed:      134300 kB
VmallocChunk:          0 kB
Percpu:             2448 kB
CmaTotal:         405504 kB
CmaFree:          313740 kB
MemTotal:        7918588 kB
MemFree:         3202576 kB
MemAvailable:    4697640 kB
Buffers:            6320 kB
Cached:          1408048 kB
SwapCached:         9172 kB
Active:          1349824 kB
Inactive:         801204 kB
Active(anon):     618212 kB
Inactive(anon):   138796 kB
Active(file):     731612 kB
Inactive(file):   662408 kB
Unevictable:        6408 kB
Mlocked:            5968 kB
SwapTotal:       4718584 kB
SwapFree:        3960392 kB
Dirty:            144488 kB
Writeback:             0 kB
AnonPages:        738848 kB
Mapped:           534392 kB
Shmem:             15676 kB
KReclaimable:     646916 kB
Slab:             319932 kB
SReclaimable:      88992 kB
SUnreclaim:       230940 kB
KernelStack:       49904 kB
ShadowCallStack:   12500 kB
PageTables:        66132 kB
NFS_Unstable:          0 kB
Bounce:                0 kB
WritebackTmp:          0 kB
CommitLimit:     8677876 kB
Committed_AS:   67522760 kB
VmallocTotal:   263061440 kB
VmallocUsed:      134300 kB
VmallocChunk:          0 kB
Percpu:             2448 kB
CmaTotal:         405504 kB
CmaFree:          303560 kB
MemTotal:        7918588 kB
MemFree:         3204896 kB
MemAvailable:    4720116 kB
Buffers:            6320 kB
Cached:          1408080 kB
SwapCached:         9172 kB
Active:          1348568 kB
Inactive:         800528 kB
Active(anon):     616956 kB
Inactive(anon):   138120 kB
Active(file):     731612 kB
Inactive(file):   662408 kB
Unevictable:        6408 kB
Mlocked:            5968 kB
SwapTotal:       4718584 kB
SwapFree:        3960392 kB
Dirty:            112012 kB
Writeback:         32136 kB
AnonPages:        736824 kB
Mapped:           534716 kB
Shmem:             15700 kB
KReclaimable:     667072 kB
Slab:             319912 kB
SReclaimable:      88992 kB
SUnreclaim:       230920 kB
KernelStack:       49696 kB
ShadowCallStack:   12444 kB
PageTables:        65776 kB
NFS_Unstable:          0 kB
Bounce:                0 kB
WritebackTmp:          0 kB
CommitLimit:     8677876 kB
Committed_AS:   67522244 kB
VmallocTotal:   263061440 kB
VmallocUsed:      133816 kB
VmallocChunk:          0 kB
Percpu:             2448 kB
CmaTotal:         405504 kB
CmaFree:          303660 kB
MemTotal:        7918588 kB
MemFree:         3193036 kB
MemAvailable:    4708256 kB
Buffers:            6320 kB
Cached:          1408080 kB
SwapCached:         9172 kB
Active:          1362284 kB
Inactive:         800528 kB
Active(anon):     630672 kB
Inactive(anon):   138120 kB
Active(file):     731612 kB
Inactive(file):   662408 kB
Unevictable:        6408 kB
Mlocked:            5968 kB
SwapTotal:       4718584 kB
SwapFree:        3960392 kB
Dirty:             17444 kB
Writeback:             0 kB
AnonPages:        750512 kB
Mapped:           536092 kB
Shmem:             15700 kB
KReclaimable:     667072 kB
Slab:             319852 kB
SReclaimable:      88992 kB
SUnreclaim:       230860 kB
KernelStack:       49728 kB
ShadowCallStack:   12460 kB
PageTables:        66124 kB
NFS_Unstable:          0 kB
Bounce:                0 kB
WritebackTmp:          0 kB
CommitLimit:     8677876 kB
Committed_AS:   67540348 kB
VmallocTotal:   263061440 kB
VmallocUsed:      133824 kB
VmallocChunk:          0 kB
Percpu:             2448 kB
CmaTotal:         405504 kB
CmaFree:          303664 kB
MemTotal:        7918588 kB
MemFree:         3143736 kB
MemAvailable:    4660808 kB
Buffers:            6332 kB
Cached:          1409904 kB
SwapCached:         9172 kB
Active:          1410740 kB
Inactive:         800544 kB
Active(anon):     677308 kB
Inactive(anon):   138120 kB
Active(file):     733432 kB
Inactive(file):   662424 kB
Unevictable:        6408 kB
Mlocked:            5968 kB
SwapTotal:       4718584 kB
SwapFree:        3960392 kB
Dirty:             17472 kB
Writeback:             0 kB
AnonPages:        797076 kB
Mapped:           549048 kB
Shmem:             15700 kB
KReclaimable:     667088 kB
Slab:             319756 kB
SReclaimable:      89008 kB
SUnreclaim:       230748 kB
KernelStack:       49728 kB
ShadowCallStack:   12452 kB
PageTables:        66180 kB
NFS_Unstable:          0 kB
Bounce:                0 kB
WritebackTmp:          0 kB
CommitLimit:     8677876 kB
Committed_AS:   67657232 kB
VmallocTotal:   263061440 kB
VmallocUsed:      133840 kB
VmallocChunk:          0 kB
Percpu:             2448 kB
CmaTotal:         405504 kB
CmaFree:          303664 kB
MemTotal:        7918588 kB
MemFree:         2971832 kB
MemAvailable:    4421068 kB
Buffers:            6344 kB
Cached:          1410132 kB
SwapCached:         9172 kB
Active:          1582060 kB
Inactive:         800584 kB
Active(anon):     848432 kB
Inactive(anon):   138120 kB
Active(file):     733628 kB
Inactive(file):   662464 kB
Unevictable:        6408 kB
Mlocked:            5968 kB
SwapTotal:       4718584 kB
SwapFree:        3960392 kB
Dirty:             17572 kB
Writeback:             0 kB
AnonPages:        968436 kB
Mapped:           623048 kB
Shmem:             15704 kB
KReclaimable:     599016 kB
Slab:             320276 kB
SReclaimable:      89024 kB
SUnreclaim:       231252 kB
KernelStack:       49776 kB
ShadowCallStack:   12468 kB
PageTables:        66740 kB
NFS_Unstable:          0 kB
Bounce:                0 kB
WritebackTmp:          0 kB
CommitLimit:     8677876 kB
Committed_AS:   67904720 kB
VmallocTotal:   263061440 kB
VmallocUsed:      133852 kB
VmallocChunk:          0 kB
Percpu:             2448 kB
CmaTotal:         405504 kB
CmaFree:          303792 kB
MemTotal:        7918588 kB
MemFree:         2924328 kB
MemAvailable:    4344820 kB
Buffers:            6360 kB
Cached:          1428664 kB
SwapCached:         9180 kB
Active:          1628472 kB
Inactive:         800656 kB
Active(anon):     876376 kB
Inactive(anon):   138120 kB
Active(file):     752096 kB
Inactive(file):   662536 kB
Unevictable:        6408 kB
Mlocked:            5968 kB
SwapTotal:       4718584 kB
SwapFree:        3960392 kB
Dirty:             17592 kB
Writeback:             0 kB
AnonPages:        996316 kB
Mapped:           657644 kB
Shmem:             15712 kB
KReclaimable:     551732 kB
Slab:             320196 kB
SReclaimable:      89024 kB
SUnreclaim:       231172 kB
KernelStack:       49744 kB
ShadowCallStack:   12464 kB
PageTables:        66948 kB
NFS_Unstable:          0 kB
Bounce:                0 kB
WritebackTmp:          0 kB
CommitLimit:     8677876 kB
Committed_AS:   67963192 kB
VmallocTotal:   263061440 kB
VmallocUsed:      133900 kB
VmallocChunk:          0 kB
Percpu:             2448 kB
CmaTotal:         405504 kB
CmaFree:          303792 kB
MemTotal:        7918588 kB
MemFree:         2814044 kB
MemAvailable:    4232080 kB
Buffers:            6360 kB
Cached:          1428700 kB
SwapCached:         9180 kB
Active:          1738604 kB
Inactive:         800668 kB
Active(anon):     986508 kB
Inactive(anon):   138096 kB
Active(file):     752096 kB
Inactive(file):   662572 kB
Unevictable:        6408 kB
Mlocked:            5968 kB
SwapTotal:       4718584 kB
SwapFree:        3960392 kB
Dirty:             17752 kB
Writeback:             0 kB
AnonPages:       1106436 kB
Mapped:           659752 kB
Shmem:             15712 kB
KReclaimable:     549240 kB
Slab:             320308 kB
SReclaimable:      89024 kB
SUnreclaim:       231284 kB
KernelStack:       49792 kB
ShadowCallStack:   12472 kB
PageTables:        67664 kB
NFS_Unstable:          0 kB
Bounce:                0 kB
WritebackTmp:          0 kB
CommitLimit:     8677876 kB
Committed_AS:   68258104 kB
VmallocTotal:   263061440 kB
VmallocUsed:      133916 kB
VmallocChunk:          0 kB
Percpu:             2448 kB
CmaTotal:         405504 kB
CmaFree:          303792 kB
MemTotal:        7918588 kB
MemFree:         2742372 kB
MemAvailable:    4159264 kB
Buffers:            6360 kB
Cached:          1428700 kB
SwapCached:         9180 kB
Active:          1810208 kB
Inactive:         800668 kB
Active(anon):    1058112 kB
Inactive(anon):   138096 kB
Active(file):     752096 kB
Inactive(file):   662572 kB
Unevictable:        6408 kB
Mlocked:            5968 kB
SwapTotal:       4718584 kB
SwapFree:        3960904 kB
Dirty:             17752 kB
Writeback:             0 kB
AnonPages:       1177920 kB
Mapped:           658044 kB
Shmem:             15712 kB
KReclaimable:     548096 kB
Slab:             320272 kB
SReclaimable:      89024 kB
SUnreclaim:       231248 kB
KernelStack:       49744 kB
ShadowCallStack:   12464 kB
PageTables:        67904 kB
NFS_Unstable:          0 kB
Bounce:                0 kB
WritebackTmp:          0 kB
CommitLimit:     8677876 kB
Committed_AS:   68503864 kB
VmallocTotal:   263061440 kB
VmallocUsed:      133916 kB
VmallocChunk:          0 kB
Percpu:             2448 kB
CmaTotal:         405504 kB
CmaFree:          303828 kB
MemTotal:        7918588 kB
MemFree:         2633624 kB
MemAvailable:    4040448 kB
Buffers:            6360 kB
Cached:          1428732 kB
SwapCached:         9180 kB
Active:          1918656 kB
Inactive:         800552 kB
Active(anon):    1166560 kB
Inactive(anon):   137956 kB
Active(file):     752096 kB
Inactive(file):   662596 kB
Unevictable:        6408 kB
Mlocked:            5968 kB
SwapTotal:       4718584 kB
SwapFree:        3960904 kB
Dirty:             17784 kB
Writeback:             0 kB
AnonPages:       1286360 kB
Mapped:           659044 kB
Shmem:             15720 kB
KReclaimable:     538004 kB
Slab:             320296 kB
SReclaimable:      89040 kB
SUnreclaim:       231256 kB
KernelStack:       49792 kB
ShadowCallStack:   12472 kB
PageTables:        68628 kB
NFS_Unstable:          0 kB
Bounce:                0 kB
WritebackTmp:          0 kB
CommitLimit:     8677876 kB
Committed_AS:   68766016 kB
VmallocTotal:   263061440 kB
VmallocUsed:      133916 kB
VmallocChunk:          0 kB
Percpu:             2448 kB
CmaTotal:         405504 kB
CmaFree:          303792 kB
MemTotal:        7918588 kB
MemFree:         2544400 kB
MemAvailable:    3950540 kB
Buffers:            6384 kB
Cached:          1428756 kB
SwapCached:         9180 kB
Active:          2007136 kB
Inactive:         800596 kB
Active(anon):    1255040 kB
Inactive(anon):   137956 kB
Active(file):     752096 kB
Inactive(file):   662640 kB
Unevictable:        6408 kB
Mlocked:            5968 kB
SwapTotal:       4718584 kB
SwapFree:        3960904 kB
Dirty:             17804 kB
Writeback:             0 kB
AnonPages:       1374824 kB
Mapped:           659732 kB
Shmem:             15724 kB
KReclaimable:     537276 kB
Slab:             320288 kB
SReclaimable:      89040 kB
SUnreclaim:       231248 kB
KernelStack:       49728 kB
ShadowCallStack:   12464 kB
PageTables:        68880 kB
NFS_Unstable:          0 kB
Bounce:                0 kB
WritebackTmp:          0 kB
CommitLimit:     8677876 kB
Committed_AS:   68995296 kB
VmallocTotal:   263061440 kB
VmallocUsed:      133896 kB
VmallocChunk:          0 kB
Percpu:             2448 kB
CmaTotal:         405504 kB
CmaFree:          303792 kB
MemTotal:        7918588 kB
MemFree:         2454024 kB
MemAvailable:    3858772 kB
Buffers:            6384 kB
Cached:          1428764 kB
SwapCached:         9180 kB
Active:          2096884 kB
Inactive:         800596 kB
Active(anon):    1344788 kB
Inactive(anon):   137956 kB
Active(file):     752096 kB
Inactive(file):   662640 kB
Unevictable:        6408 kB
Mlocked:            5968 kB
SwapTotal:       4718584 kB
SwapFree:        3960904 kB
Dirty:             17804 kB
Writeback:             0 kB
AnonPages:       1464392 kB
Mapped:           660440 kB
Shmem:             15732 kB
KReclaimable:     535884 kB
Slab:             320244 kB
SReclaimable:      89040 kB
SUnreclaim:       231204 kB
KernelStack:       49760 kB
ShadowCallStack:   12460 kB
PageTables:        69364 kB
NFS_Unstable:          0 kB
Bounce:                0 kB
WritebackTmp:          0 kB
CommitLimit:     8677876 kB
Committed_AS:   69208300 kB
VmallocTotal:   263061440 kB
VmallocUsed:      133876 kB
VmallocChunk:          0 kB
Percpu:             2448 kB
CmaTotal:         405504 kB
CmaFree:          303792 kB
MemTotal:        7918588 kB
MemFree:         2239676 kB
MemAvailable:    3602872 kB
Buffers:            6384 kB
Cached:          1428808 kB
SwapCached:         9180 kB
Active:          2231032 kB
Inactive:         800596 kB
Active(anon):    1478936 kB
Inactive(anon):   137956 kB
Active(file):     752096 kB
Inactive(file):   662640 kB
Unevictable:        6408 kB
Mlocked:            5968 kB
SwapTotal:       4718584 kB
SwapFree:        3960904 kB
Dirty:             17804 kB
Writeback:             0 kB
AnonPages:       1598640 kB
Mapped:           662092 kB
Shmem:             15776 kB
KReclaimable:     494332 kB
Slab:             320540 kB
SReclaimable:      89056 kB
SUnreclaim:       231484 kB
KernelStack:       49888 kB
ShadowCallStack:   12496 kB
PageTables:        70096 kB
NFS_Unstable:          0 kB
Bounce:                0 kB
WritebackTmp:          0 kB
CommitLimit:     8677876 kB
Committed_AS:   69455608 kB
VmallocTotal:   263061440 kB
VmallocUsed:      134040 kB
VmallocChunk:          0 kB
Percpu:             2448 kB
CmaTotal:         405504 kB
CmaFree:          303792 kB
MemTotal:        7918588 kB
MemFree:         2136072 kB
MemAvailable:    3487676 kB
Buffers:            6384 kB
Cached:          1428920 kB
SwapCached:         9180 kB
Active:          2333244 kB
Inactive:         800596 kB
Active(anon):    1581148 kB
Inactive(anon):   137956 kB
Active(file):     752096 kB
Inactive(file):   662640 kB
Unevictable:        6408 kB
Mlocked:            5968 kB
SwapTotal:       4718584 kB
SwapFree:        3960904 kB
Dirty:             17804 kB
Writeback:             0 kB
AnonPages:       1700592 kB
Mapped:           663296 kB
Shmem:             15888 kB
KReclaimable:     482740 kB
Slab:             320692 kB
SReclaimable:      89056 kB
SUnreclaim:       231636 kB
KernelStack:       49888 kB
ShadowCallStack:   12496 kB
PageTables:        70660 kB
NFS_Unstable:          0 kB
Bounce:                0 kB
WritebackTmp:          0 kB
CommitLimit:     8677876 kB
Committed_AS:   69701364 kB
VmallocTotal:   263061440 kB
VmallocUsed:      134072 kB
VmallocChunk:          0 kB
Percpu:             2448 kB
CmaTotal:         405504 kB
CmaFree:          303792 kB
MemTotal:        7918588 kB
MemFree:         2081976 kB
MemAvailable:    3562428 kB
Buffers:            6384 kB
Cached:          1428812 kB
SwapCached:         9180 kB
Active:          2388012 kB
Inactive:         800636 kB
Active(anon):    1635916 kB
Inactive(anon):   137956 kB
Active(file):     752096 kB
Inactive(file):   662680 kB
Unevictable:        6408 kB
Mlocked:            5968 kB
SwapTotal:       4718584 kB
SwapFree:        3960904 kB
Dirty:             17836 kB
Writeback:             0 kB
AnonPages:       1755600 kB
Mapped:           663640 kB
Shmem:             15740 kB
KReclaimable:     611548 kB
Slab:             320628 kB
SReclaimable:      89056 kB
SUnreclaim:       231572 kB
KernelStack:       49776 kB
ShadowCallStack:   12468 kB
PageTables:        70888 kB
NFS_Unstable:          0 kB
Bounce:                0 kB
WritebackTmp:          0 kB
CommitLimit:     8677876 kB
Committed_AS:   69930348 kB
VmallocTotal:   263061440 kB
VmallocUsed:      133900 kB
VmallocChunk:          0 kB
Percpu:             2448 kB
CmaTotal:         405504 kB
CmaFree:          303792 kB
MemTotal:        7918588 kB
MemFree:         1985308 kB
MemAvailable:    3464824 kB
Buffers:            6384 kB
Cached:          1428812 kB
SwapCached:         9180 kB
Active:          2482788 kB
Inactive:         800636 kB
Active(anon):    1730692 kB
Inactive(anon):   137956 kB
Active(file):     752096 kB
Inactive(file):   662680 kB
Unevictable:        6408 kB
Mlocked:            5968 kB
SwapTotal:       4718584 kB
SwapFree:        3960904 kB
Dirty:             17860 kB
Writeback:             0 kB
AnonPages:       1850628 kB
Mapped:           664172 kB
Shmem:             15740 kB
KReclaimable:     610612 kB
Slab:             320600 kB
SReclaimable:      89056 kB
SUnreclaim:       231544 kB
KernelStack:       49760 kB
ShadowCallStack:   12460 kB
PageTables:        71380 kB
NFS_Unstable:          0 kB
Bounce:                0 kB
WritebackTmp:          0 kB
CommitLimit:     8677876 kB
Committed_AS:   70176108 kB
VmallocTotal:   263061440 kB
VmallocUsed:      133904 kB
VmallocChunk:          0 kB
Percpu:             2448 kB
CmaTotal:         405504 kB
CmaFree:          303792 kB
MemTotal:        7918588 kB
MemFree:         1892248 kB
MemAvailable:    3370172 kB
Buffers:            6392 kB
Cached:          1428808 kB
SwapCached:         9180 kB
Active:          2575984 kB
Inactive:         800636 kB
Active(anon):    1823888 kB
Inactive(anon):   137956 kB
Active(file):     752096 kB
Inactive(file):   662680 kB
Unevictable:        6408 kB
Mlocked:            5968 kB
SwapTotal:       4718584 kB
SwapFree:        3960904 kB
Dirty:             17876 kB
Writeback:             0 kB
AnonPages:       1943436 kB
Mapped:           665312 kB
Shmem:             15744 kB
KReclaimable:     609020 kB
Slab:             320616 kB
SReclaimable:      89056 kB
SUnreclaim:       231560 kB
KernelStack:       49744 kB
ShadowCallStack:   12476 kB
PageTables:        71724 kB
NFS_Unstable:          0 kB
Bounce:                0 kB
WritebackTmp:          0 kB
CommitLimit:     8677876 kB
Committed_AS:   70372720 kB
VmallocTotal:   263061440 kB
VmallocUsed:      133900 kB
VmallocChunk:          0 kB
Percpu:             2448 kB
CmaTotal:         405504 kB
CmaFree:          303792 kB
MemTotal:        7918588 kB
MemFree:         1792176 kB
MemAvailable:    3268452 kB
Buffers:            6392 kB
Cached:          1428824 kB
SwapCached:         9180 kB
Active:          2675136 kB
Inactive:         800644 kB
Active(anon):    1923040 kB
Inactive(anon):   137956 kB
Active(file):     752096 kB
Inactive(file):   662688 kB
Unevictable:        6408 kB
Mlocked:            5968 kB
SwapTotal:       4718584 kB
SwapFree:        3960904 kB
Dirty:             17876 kB
Writeback:             0 kB
AnonPages:       2042576 kB
Mapped:           666312 kB
Shmem:             15752 kB
KReclaimable:     607364 kB
Slab:             320732 kB
SReclaimable:      89056 kB
SUnreclaim:       231676 kB
KernelStack:       49776 kB
ShadowCallStack:   12468 kB
PageTables:        72260 kB
NFS_Unstable:          0 kB
Bounce:                0 kB
WritebackTmp:          0 kB
CommitLimit:     8677876 kB
Committed_AS:   70602104 kB
VmallocTotal:   263061440 kB
VmallocUsed:      133896 kB
VmallocChunk:          0 kB
Percpu:             2448 kB
CmaTotal:         405504 kB
CmaFree:          303792 kB
MemTotal:        7918588 kB
MemFree:         1721852 kB
MemAvailable:    3197696 kB
Buffers:            6392 kB
Cached:          1428824 kB
SwapCached:         9180 kB
Active:          2745388 kB
Inactive:         800644 kB
Active(anon):    1993292 kB
Inactive(anon):   137956 kB
Active(file):     752096 kB
Inactive(file):   662688 kB
Unevictable:        6408 kB
Mlocked:            5968 kB
SwapTotal:       4718584 kB
SwapFree:        3960904 kB
Dirty:             17876 kB
Writeback:             0 kB
AnonPages:       2112996 kB
Mapped:           666720 kB
Shmem:             15752 kB
KReclaimable:     606932 kB
Slab:             320796 kB
SReclaimable:      89056 kB
SUnreclaim:       231740 kB
KernelStack:       49760 kB
ShadowCallStack:   12460 kB
PageTables:        72664 kB
NFS_Unstable:          0 kB
Bounce:                0 kB
WritebackTmp:          0 kB
CommitLimit:     8677876 kB
Committed_AS:   70782324 kB
VmallocTotal:   263061440 kB
VmallocUsed:      133900 kB
VmallocChunk:          0 kB
Percpu:             2448 kB
CmaTotal:         405504 kB
CmaFree:          303792 kB
MemTotal:        7918588 kB
MemFree:         1652812 kB
MemAvailable:    3129600 kB
Buffers:            6400 kB
Cached:          1430360 kB
SwapCached:         9180 kB
Active:          2814036 kB
Inactive:         800664 kB
Active(anon):    2060440 kB
Inactive(anon):   137956 kB
Active(file):     753596 kB
Inactive(file):   662708 kB
Unevictable:        6408 kB
Mlocked:            5968 kB
SwapTotal:       4718584 kB
SwapFree:        3960904 kB
Dirty:             17888 kB
Writeback:             0 kB
AnonPages:       2180200 kB
Mapped:           667832 kB
Shmem:             15752 kB
KReclaimable:     606356 kB
Slab:             321000 kB
SReclaimable:      89056 kB
SUnreclaim:       231944 kB
KernelStack:       49776 kB
ShadowCallStack:   12468 kB
PageTables:        72836 kB
NFS_Unstable:          0 kB
Bounce:                0 kB
WritebackTmp:          0 kB
CommitLimit:     8677876 kB
Committed_AS:   70929780 kB
VmallocTotal:   263061440 kB
VmallocUsed:      133896 kB
VmallocChunk:          0 kB
Percpu:             2448 kB
CmaTotal:         405504 kB
CmaFree:          246524 kB
MemTotal:        7918588 kB
MemFree:         1564816 kB
MemAvailable:    3040468 kB
Buffers:            6424 kB
Cached:          1430356 kB
SwapCached:         9180 kB
Active:          2902148 kB
Inactive:         800680 kB
Active(anon):    2148528 kB
Inactive(anon):   137956 kB
Active(file):     753620 kB
Inactive(file):   662724 kB
Unevictable:        6408 kB
Mlocked:            5968 kB
SwapTotal:       4718584 kB
SwapFree:        3961160 kB
Dirty:             17892 kB
Writeback:            20 kB
AnonPages:       2268284 kB
Mapped:           668616 kB
Shmem:             15756 kB
KReclaimable:     605180 kB
Slab:             320980 kB
SReclaimable:      89040 kB
SUnreclaim:       231940 kB
KernelStack:       49776 kB
ShadowCallStack:   12460 kB
PageTables:        73328 kB
NFS_Unstable:          0 kB
Bounce:                0 kB
WritebackTmp:          0 kB
CommitLimit:     8677876 kB
Committed_AS:   71141700 kB
VmallocTotal:   263061440 kB
VmallocUsed:      133876 kB
VmallocChunk:          0 kB
Percpu:             2448 kB
CmaTotal:         405504 kB
CmaFree:          159152 kB
MemTotal:        7918588 kB
MemFree:         1484072 kB
MemAvailable:    2958952 kB
Buffers:            6424 kB
Cached:          1430596 kB
SwapCached:         9180 kB
Active:          2983132 kB
Inactive:         800916 kB
Active(anon):    2229512 kB
Inactive(anon):   137956 kB
Active(file):     753620 kB
Inactive(file):   662960 kB
Unevictable:        6408 kB
Mlocked:            5968 kB
SwapTotal:       4718584 kB
SwapFree:        3961160 kB
Dirty:             17932 kB
Writeback:             0 kB
AnonPages:       2349196 kB
Mapped:           669060 kB
Shmem:             15760 kB
KReclaimable:     604172 kB
Slab:             320900 kB
SReclaimable:      89040 kB
SUnreclaim:       231860 kB
KernelStack:       49728 kB
ShadowCallStack:   12464 kB
PageTables:        73720 kB
NFS_Unstable:          0 kB
Bounce:                0 kB
WritebackTmp:          0 kB
CommitLimit:     8677876 kB
Committed_AS:   71338312 kB
VmallocTotal:   263061440 kB
VmallocUsed:      133880 kB
VmallocChunk:          0 kB
Percpu:             2448 kB
CmaTotal:         405504 kB
CmaFree:           78348 kB
MemTotal:        7918588 kB
MemFree:         1403820 kB
MemAvailable:    2878192 kB
Buffers:            6424 kB
Cached:          1430552 kB
SwapCached:         9180 kB
Active:          3062204 kB
Inactive:         800916 kB
Active(anon):    2308580 kB
Inactive(anon):   137956 kB
Active(file):     753624 kB
Inactive(file):   662960 kB
Unevictable:        6408 kB
Mlocked:            5968 kB
SwapTotal:       4718584 kB
SwapFree:        3961416 kB
Dirty:             17932 kB
Writeback:             0 kB
AnonPages:       2428544 kB
Mapped:           669900 kB
Shmem:             15712 kB
KReclaimable:     603660 kB
Slab:             320900 kB
SReclaimable:      89024 kB
SUnreclaim:       231876 kB
KernelStack:       49776 kB
ShadowCallStack:   12456 kB
PageTables:        73968 kB
NFS_Unstable:          0 kB
Bounce:                0 kB
WritebackTmp:          0 kB
CommitLimit:     8677876 kB
Committed_AS:   71535880 kB
VmallocTotal:   263061440 kB
VmallocUsed:      133876 kB
VmallocChunk:          0 kB
Percpu:             2448 kB
CmaTotal:         405504 kB
CmaFree:               0 kB
MemTotal:        7918588 kB
MemFree:         1347796 kB
MemAvailable:    2821440 kB
Buffers:            6424 kB
Cached:          1430552 kB
SwapCached:         9180 kB
Active:          3118812 kB
Inactive:         800916 kB
Active(anon):    2365188 kB
Inactive(anon):   137956 kB
Active(file):     753624 kB
Inactive(file):   662960 kB
Unevictable:        6408 kB
Mlocked:            5968 kB
SwapTotal:       4718584 kB
SwapFree:        3961416 kB
Dirty:             17932 kB
Writeback:             0 kB
AnonPages:       2484968 kB
Mapped:           670432 kB
Shmem:             15712 kB
KReclaimable:     602932 kB
Slab:             320964 kB
SReclaimable:      89024 kB
SUnreclaim:       231940 kB
KernelStack:       49760 kB
ShadowCallStack:   12472 kB
PageTables:        74256 kB
NFS_Unstable:          0 kB
Bounce:                0 kB
WritebackTmp:          0 kB
CommitLimit:     8677876 kB
Committed_AS:   71666952 kB
VmallocTotal:   263061440 kB
VmallocUsed:      133896 kB
VmallocChunk:          0 kB
Percpu:             2448 kB
CmaTotal:         405504 kB
CmaFree:              16 kB
MemTotal:        7918588 kB
MemFree:         1295656 kB
MemAvailable:    2768828 kB
Buffers:            6424 kB
Cached:          1430564 kB
SwapCached:         9180 kB
Active:          3171380 kB
Inactive:         800924 kB
Active(anon):    2417756 kB
Inactive(anon):   137956 kB
Active(file):     753624 kB
Inactive(file):   662968 kB
Unevictable:        6408 kB
Mlocked:            5968 kB
SwapTotal:       4718584 kB
SwapFree:        3961416 kB
Dirty:             17944 kB
Writeback:             0 kB
AnonPages:       2537544 kB
Mapped:           670924 kB
Shmem:             15712 kB
KReclaimable:     602452 kB
Slab:             321056 kB
SReclaimable:      89024 kB
SUnreclaim:       232032 kB
KernelStack:       49728 kB
ShadowCallStack:   12456 kB
PageTables:        74592 kB
NFS_Unstable:          0 kB
Bounce:                0 kB
WritebackTmp:          0 kB
CommitLimit:     8677876 kB
Committed_AS:   71798024 kB
VmallocTotal:   263061440 kB
VmallocUsed:      133864 kB
VmallocChunk:          0 kB
Percpu:             2448 kB
CmaTotal:         405504 kB
CmaFree:               0 kB
MemTotal:        7918588 kB
MemFree:         1219272 kB
MemAvailable:    2691844 kB
Buffers:            6424 kB
Cached:          1431024 kB
SwapCached:         9180 kB
Active:          3247856 kB
Inactive:         800928 kB
Active(anon):    2493772 kB
Inactive(anon):   137956 kB
Active(file):     754084 kB
Inactive(file):   662972 kB
Unevictable:        6408 kB
Mlocked:            5968 kB
SwapTotal:       4718584 kB
SwapFree:        3961416 kB
Dirty:             17952 kB
Writeback:             0 kB
AnonPages:       2613576 kB
Mapped:           671704 kB
Shmem:             15712 kB
KReclaimable:     601388 kB
Slab:             321176 kB
SReclaimable:      89024 kB
SUnreclaim:       232152 kB
KernelStack:       49728 kB
ShadowCallStack:   12456 kB
PageTables:        74888 kB
NFS_Unstable:          0 kB
Bounce:                0 kB
WritebackTmp:          0 kB
CommitLimit:     8677876 kB
Committed_AS:   71945480 kB
VmallocTotal:   263061440 kB
VmallocUsed:      133876 kB
VmallocChunk:          0 kB
Percpu:             2448 kB
CmaTotal:         405504 kB
CmaFree:               0 kB
MemTotal:        7918588 kB
MemFree:         1161240 kB
MemAvailable:    2633204 kB
Buffers:            6432 kB
Cached:          1431016 kB
SwapCached:         9180 kB
Active:          3305444 kB
Inactive:         800928 kB
Active(anon):    2551360 kB
Inactive(anon):   137956 kB
Active(file):     754084 kB
Inactive(file):   662972 kB
Unevictable:        6408 kB
Mlocked:            5968 kB
SwapTotal:       4718584 kB
SwapFree:        3961416 kB
Dirty:             17952 kB
Writeback:             0 kB
AnonPages:       2671084 kB
Mapped:           672000 kB
Shmem:             15712 kB
KReclaimable:     600780 kB
Slab:             321280 kB
SReclaimable:      89040 kB
SUnreclaim:       232240 kB
KernelStack:       49696 kB
ShadowCallStack:   12456 kB
PageTables:        74996 kB
NFS_Unstable:          0 kB
Bounce:                0 kB
WritebackTmp:          0 kB
CommitLimit:     8677876 kB
Committed_AS:   72076552 kB
VmallocTotal:   263061440 kB
VmallocUsed:      133876 kB
VmallocChunk:          0 kB
Percpu:             2448 kB
CmaTotal:         405504 kB
CmaFree:               0 kB
MemTotal:        7918588 kB
MemFree:         1085888 kB
MemAvailable:    2556804 kB
Buffers:            6432 kB
Cached:          1431024 kB
SwapCached:         9180 kB
Active:          3380900 kB
Inactive:         800936 kB
Active(anon):    2626816 kB
Inactive(anon):   137956 kB
Active(file):     754084 kB
Inactive(file):   662980 kB
Unevictable:        6408 kB
Mlocked:            5968 kB
SwapTotal:       4718584 kB
SwapFree:        3961416 kB
Dirty:             17952 kB
Writeback:             0 kB
AnonPages:       2746564 kB
Mapped:           672768 kB
Shmem:             15712 kB
KReclaimable:     599724 kB
Slab:             321396 kB
SReclaimable:      89056 kB
SUnreclaim:       232340 kB
KernelStack:       49648 kB
ShadowCallStack:   12436 kB
PageTables:        75504 kB
NFS_Unstable:          0 kB
Bounce:                0 kB
WritebackTmp:          0 kB
CommitLimit:     8677876 kB
Committed_AS:   72256464 kB
VmallocTotal:   263061440 kB
VmallocUsed:      133756 kB
VmallocChunk:          0 kB
Percpu:             2448 kB
CmaTotal:         405504 kB
CmaFree:               0 kB
MemTotal:        7918588 kB
MemFree:         1036368 kB
MemAvailable:    2506532 kB
Buffers:            6432 kB
Cached:          1431032 kB
SwapCached:         9180 kB
Active:          3429948 kB
Inactive:         800932 kB
Active(anon):    2675864 kB
Inactive(anon):   137952 kB
Active(file):     754084 kB
Inactive(file):   662980 kB
Unevictable:        6408 kB
Mlocked:            5968 kB
SwapTotal:       4718584 kB
SwapFree:        3961416 kB
Dirty:               560 kB
Writeback:            48 kB
AnonPages:       2795596 kB
Mapped:           673244 kB
Shmem:             15720 kB
KReclaimable:     598972 kB
Slab:             321516 kB
SReclaimable:      89056 kB
SUnreclaim:       232460 kB
KernelStack:       49552 kB
ShadowCallStack:   12412 kB
PageTables:        75600 kB
NFS_Unstable:          0 kB
Bounce:                0 kB
WritebackTmp:          0 kB
CommitLimit:     8677876 kB
Committed_AS:   72354412 kB
VmallocTotal:   263061440 kB
VmallocUsed:      133632 kB
VmallocChunk:          0 kB
Percpu:             2448 kB
CmaTotal:         405504 kB
CmaFree:               0 kB
MemTotal:        7918588 kB
MemFree:          989936 kB
MemAvailable:    2459752 kB
Buffers:            6432 kB
Cached:          1431044 kB
SwapCached:         9180 kB
Active:          3475896 kB
Inactive:         800944 kB
Active(anon):    2721812 kB
Inactive(anon):   137952 kB
Active(file):     754084 kB
Inactive(file):   662992 kB
Unevictable:        6408 kB
Mlocked:            5968 kB
SwapTotal:       4718584 kB
SwapFree:        3961416 kB
Dirty:               540 kB
Writeback:             0 kB
AnonPages:       2841632 kB
Mapped:           673656 kB
Shmem:             15720 kB
KReclaimable:     598612 kB
Slab:             321404 kB
SReclaimable:      89056 kB
SUnreclaim:       232348 kB
KernelStack:       49472 kB
ShadowCallStack:   12396 kB
PageTables:        75820 kB
NFS_Unstable:          0 kB
Bounce:                0 kB
WritebackTmp:          0 kB
CommitLimit:     8677876 kB
Committed_AS:   72452560 kB
VmallocTotal:   263061440 kB
VmallocUsed:      133560 kB
VmallocChunk:          0 kB
Percpu:             2448 kB
CmaTotal:         405504 kB
CmaFree:               0 kB
MemTotal:        7918588 kB
MemFree:          931224 kB
MemAvailable:    2400376 kB
Buffers:            6432 kB
Cached:          1431044 kB
SwapCached:         9180 kB
Active:          3534572 kB
Inactive:         800944 kB
Active(anon):    2780488 kB
Inactive(anon):   137952 kB
Active(file):     754084 kB
Inactive(file):   662992 kB
Unevictable:        6408 kB
Mlocked:            5968 kB
SwapTotal:       4718584 kB
SwapFree:        3961416 kB
Dirty:               564 kB
Writeback:             0 kB
AnonPages:       2900244 kB
Mapped:           674040 kB
Shmem:             15720 kB
KReclaimable:     597948 kB
Slab:             321356 kB
SReclaimable:      89056 kB
SUnreclaim:       232300 kB
KernelStack:       49456 kB
ShadowCallStack:   12404 kB
PageTables:        76144 kB
NFS_Unstable:          0 kB
Bounce:                0 kB
WritebackTmp:          0 kB
CommitLimit:     8677876 kB
Committed_AS:   72600016 kB
VmallocTotal:   263061440 kB
VmallocUsed:      133560 kB
VmallocChunk:          0 kB
Percpu:             2448 kB
CmaTotal:         405504 kB
CmaFree:               0 kB
MemTotal:        7918588 kB
MemFree:          875504 kB
MemAvailable:    2343832 kB
Buffers:            6456 kB
Cached:          1431048 kB
SwapCached:         9180 kB
Active:          3590228 kB
Inactive:         800968 kB
Active(anon):    2836144 kB
Inactive(anon):   137952 kB
Active(file):     754084 kB
Inactive(file):   663016 kB
Unevictable:        6408 kB
Mlocked:            5968 kB
SwapTotal:       4718584 kB
SwapFree:        3961416 kB
Dirty:               572 kB
Writeback:             0 kB
AnonPages:       2956096 kB
Mapped:           674656 kB
Shmem:             15724 kB
KReclaimable:     597100 kB
Slab:             321464 kB
SReclaimable:      89056 kB
SUnreclaim:       232408 kB
KernelStack:       49568 kB
ShadowCallStack:   12416 kB
PageTables:        76376 kB
NFS_Unstable:          0 kB
Bounce:                0 kB
WritebackTmp:          0 kB
CommitLimit:     8677876 kB
Committed_AS:   72731352 kB
VmallocTotal:   263061440 kB
VmallocUsed:      133636 kB
VmallocChunk:          0 kB
Percpu:             2448 kB
CmaTotal:         405504 kB
CmaFree:               0 kB
MemTotal:        7918588 kB
MemFree:          832648 kB
MemAvailable:    2300388 kB
Buffers:            6456 kB
Cached:          1431056 kB
SwapCached:         9180 kB
Active:          3633376 kB
Inactive:         800972 kB
Active(anon):    2879292 kB
Inactive(anon):   137952 kB
Active(file):     754084 kB
Inactive(file):   663020 kB
Unevictable:        6408 kB
Mlocked:            5968 kB
SwapTotal:       4718584 kB
SwapFree:        3961672 kB
Dirty:               572 kB
Writeback:             0 kB
AnonPages:       2999160 kB
Mapped:           675224 kB
Shmem:             15728 kB
KReclaimable:     596508 kB
Slab:             321460 kB
SReclaimable:      89056 kB
SUnreclaim:       232404 kB
KernelStack:       49520 kB
ShadowCallStack:   12404 kB
PageTables:        76448 kB
NFS_Unstable:          0 kB
Bounce:                0 kB
WritebackTmp:          0 kB
CommitLimit:     8677876 kB
Committed_AS:   72829400 kB
VmallocTotal:   263061440 kB
VmallocUsed:      133560 kB
VmallocChunk:          0 kB
Percpu:             2448 kB
CmaTotal:         405504 kB
CmaFree:               0 kB
MemTotal:        7918588 kB
MemFree:          774284 kB
MemAvailable:    2240976 kB
Buffers:            6456 kB
Cached:          1431056 kB
SwapCached:         9180 kB
Active:          3691760 kB
Inactive:         800972 kB
Active(anon):    2937676 kB
Inactive(anon):   137952 kB
Active(file):     754084 kB
Inactive(file):   663020 kB
Unevictable:        6408 kB
Mlocked:            5968 kB
SwapTotal:       4718584 kB
SwapFree:        3961672 kB
Dirty:               304 kB
Writeback:             0 kB
AnonPages:       3057504 kB
Mapped:           675784 kB
Shmem:             15728 kB
KReclaimable:     595460 kB
Slab:             321628 kB
SReclaimable:      89040 kB
SUnreclaim:       232588 kB
KernelStack:       49456 kB
ShadowCallStack:   12388 kB
PageTables:        76764 kB
NFS_Unstable:          0 kB
Bounce:                0 kB
WritebackTmp:          0 kB
CommitLimit:     8677876 kB
Committed_AS:   72960368 kB
VmallocTotal:   263061440 kB
VmallocUsed:      133516 kB
VmallocChunk:          0 kB
Percpu:             2448 kB
CmaTotal:         405504 kB
CmaFree:               0 kB
MemTotal:        7918588 kB
MemFree:          688280 kB
MemAvailable:    2024424 kB
Buffers:            6464 kB
Cached:          1431196 kB
SwapCached:         9180 kB
Active:          3777464 kB
Inactive:         800992 kB
Active(anon):    3023380 kB
Inactive(anon):   137952 kB
Active(file):     754084 kB
Inactive(file):   663040 kB
Unevictable:        6408 kB
Mlocked:            5968 kB
SwapTotal:       4718584 kB
SwapFree:        3961672 kB
Dirty:               316 kB
Writeback:             0 kB
AnonPages:       3142996 kB
Mapped:           676776 kB
Shmem:             15856 kB
KReclaimable:     464892 kB
Slab:             321604 kB
SReclaimable:      89040 kB
SUnreclaim:       232564 kB
KernelStack:       49552 kB
ShadowCallStack:   12412 kB
PageTables:        77140 kB
NFS_Unstable:          0 kB
Bounce:                0 kB
WritebackTmp:          0 kB
CommitLimit:     8677876 kB
Committed_AS:   73075348 kB
VmallocTotal:   263061440 kB
VmallocUsed:      133652 kB
VmallocChunk:          0 kB
Percpu:             2448 kB
CmaTotal:         405504 kB
CmaFree:               0 kB
MemTotal:        7918588 kB
MemFree:          684776 kB
MemAvailable:    2150680 kB
Buffers:            6464 kB
Cached:          1431068 kB
SwapCached:         9180 kB
Active:          3780288 kB
Inactive:         800992 kB
Active(anon):    3026204 kB
Inactive(anon):   137952 kB
Active(file):     754084 kB
Inactive(file):   663040 kB
Unevictable:        6408 kB
Mlocked:            5968 kB
SwapTotal:       4718584 kB
SwapFree:        3961672 kB
Dirty:               444 kB
Writeback:             0 kB
AnonPages:       3146120 kB
Mapped:           676504 kB
Shmem:             15728 kB
KReclaimable:     594652 kB
Slab:             321520 kB
SReclaimable:      89040 kB
SUnreclaim:       232480 kB
KernelStack:       49424 kB
ShadowCallStack:   12384 kB
PageTables:        77320 kB
NFS_Unstable:          0 kB
Bounce:                0 kB
WritebackTmp:          0 kB
CommitLimit:     8677876 kB
Committed_AS:   73156872 kB
VmallocTotal:   263061440 kB
VmallocUsed:      133492 kB
VmallocChunk:          0 kB
Percpu:             2448 kB
CmaTotal:         405504 kB
CmaFree:               0 kB
MemTotal:        7918588 kB
MemFree:          633544 kB
MemAvailable:    2098672 kB
Buffers:            6472 kB
Cached:          1431068 kB
SwapCached:         9180 kB
Active:          3831952 kB
Inactive:         801000 kB
Active(anon):    3077868 kB
Inactive(anon):   137952 kB
Active(file):     754084 kB
Inactive(file):   663048 kB
Unevictable:        6408 kB
Mlocked:            5968 kB
SwapTotal:       4718584 kB
SwapFree:        3961672 kB
Dirty:               496 kB
Writeback:             0 kB
AnonPages:       3197664 kB
Mapped:           676876 kB
Shmem:             15728 kB
KReclaimable:     593868 kB
Slab:             321428 kB
SReclaimable:      89040 kB
SUnreclaim:       232388 kB
KernelStack:       49408 kB
ShadowCallStack:   12372 kB
PageTables:        77376 kB
NFS_Unstable:          0 kB
Bounce:                0 kB
WritebackTmp:          0 kB
CommitLimit:     8677876 kB
Committed_AS:   73271508 kB
VmallocTotal:   263061440 kB
VmallocUsed:      133440 kB
VmallocChunk:          0 kB
Percpu:             2448 kB
CmaTotal:         405504 kB
CmaFree:               0 kB
MemTotal:        7918588 kB
MemFree:          582784 kB
MemAvailable:    2047328 kB
Buffers:            6472 kB
Cached:          1431068 kB
SwapCached:         9180 kB
Active:          3882708 kB
Inactive:         801000 kB
Active(anon):    3128624 kB
Inactive(anon):   137952 kB
Active(file):     754084 kB
Inactive(file):   663048 kB
Unevictable:        6408 kB
Mlocked:            5968 kB
SwapTotal:       4718584 kB
SwapFree:        3961672 kB
Dirty:               496 kB
Writeback:             0 kB
AnonPages:       3248404 kB
Mapped:           677248 kB
Shmem:             15728 kB
KReclaimable:     593284 kB
Slab:             321632 kB
SReclaimable:      89040 kB
SUnreclaim:       232592 kB
KernelStack:       49440 kB
ShadowCallStack:   12384 kB
PageTables:        77668 kB
NFS_Unstable:          0 kB
Bounce:                0 kB
WritebackTmp:          0 kB
CommitLimit:     8677876 kB
Committed_AS:   73386196 kB
VmallocTotal:   263061440 kB
VmallocUsed:      133444 kB
VmallocChunk:          0 kB
Percpu:             2448 kB
CmaTotal:         405504 kB
CmaFree:               0 kB
MemTotal:        7918588 kB
MemFree:          527068 kB
MemAvailable:    1990492 kB
Buffers:            6472 kB
Cached:          1431072 kB
SwapCached:         9180 kB
Active:          3937528 kB
Inactive:         801000 kB
Active(anon):    3183444 kB
Inactive(anon):   137952 kB
Active(file):     754084 kB
Inactive(file):   663048 kB
Unevictable:        6408 kB
Mlocked:            5968 kB
SwapTotal:       4718584 kB
SwapFree:        3961672 kB
Dirty:               432 kB
Writeback:             0 kB
AnonPages:       3303248 kB
Mapped:           677836 kB
Shmem:             15732 kB
KReclaimable:     592164 kB
Slab:             321544 kB
SReclaimable:      89040 kB
SUnreclaim:       232504 kB
KernelStack:       49376 kB
ShadowCallStack:   12372 kB
PageTables:        77828 kB
NFS_Unstable:          0 kB
Bounce:                0 kB
WritebackTmp:          0 kB
CommitLimit:     8677876 kB
Committed_AS:   73500784 kB
VmallocTotal:   263061440 kB
VmallocUsed:      133420 kB
VmallocChunk:          0 kB
Percpu:             2448 kB
CmaTotal:         405504 kB
CmaFree:               0 kB
MemTotal:        7918588 kB
MemFree:          461776 kB
MemAvailable:    1924836 kB
Buffers:            6472 kB
Cached:          1431216 kB
SwapCached:         9180 kB
Active:          4002484 kB
Inactive:         801000 kB
Active(anon):    3248276 kB
Inactive(anon):   137940 kB
Active(file):     754208 kB
Inactive(file):   663060 kB
Unevictable:        6408 kB
Mlocked:            5968 kB
SwapTotal:       4718584 kB
SwapFree:        3961672 kB
Dirty:               328 kB
Writeback:             0 kB
AnonPages:       3368004 kB
Mapped:           678268 kB
Shmem:             15736 kB
KReclaimable:     591664 kB
Slab:             321560 kB
SReclaimable:      89040 kB
SUnreclaim:       232520 kB
KernelStack:       49376 kB
ShadowCallStack:   12364 kB
PageTables:        77988 kB
NFS_Unstable:          0 kB
Bounce:                0 kB
WritebackTmp:          0 kB
CommitLimit:     8677876 kB
Committed_AS:   73645392 kB
VmallocTotal:   263061440 kB
VmallocUsed:      133416 kB
VmallocChunk:          0 kB
Percpu:             2448 kB
CmaTotal:         405504 kB
CmaFree:               0 kB
MemTotal:        7918588 kB
MemFree:          428496 kB
MemAvailable:    1891128 kB
Buffers:            6472 kB
Cached:          1431216 kB
SwapCached:         9180 kB
Active:          4035000 kB
Inactive:         801004 kB
Active(anon):    3280792 kB
Inactive(anon):   137940 kB
Active(file):     754208 kB
Inactive(file):   663064 kB
Unevictable:        6408 kB
Mlocked:            5968 kB
SwapTotal:       4718584 kB
SwapFree:        3961672 kB
Dirty:               328 kB
Writeback:             0 kB
AnonPages:       3400536 kB
Mapped:           678504 kB
Shmem:             15736 kB
KReclaimable:     591232 kB
Slab:             321748 kB
SReclaimable:      89040 kB
SUnreclaim:       232708 kB
KernelStack:       49408 kB
ShadowCallStack:   12380 kB
PageTables:        78264 kB
NFS_Unstable:          0 kB
Bounce:                0 kB
WritebackTmp:          0 kB
CommitLimit:     8677876 kB
Committed_AS:   73710932 kB
VmallocTotal:   263061440 kB
VmallocUsed:      133420 kB
VmallocChunk:          0 kB
Percpu:             2448 kB
CmaTotal:         405504 kB
CmaFree:               0 kB
MemTotal:        7918588 kB
MemFree:          364324 kB
MemAvailable:    1825996 kB
Buffers:            6496 kB
Cached:          1431216 kB
SwapCached:         9180 kB
Active:          4099176 kB
Inactive:         801028 kB
Active(anon):    3344968 kB
Inactive(anon):   137940 kB
Active(file):     754208 kB
Inactive(file):   663088 kB
Unevictable:        6408 kB
Mlocked:            5968 kB
SwapTotal:       4718584 kB
SwapFree:        3961672 kB
Dirty:               340 kB
Writeback:             0 kB
AnonPages:       3464708 kB
Mapped:           679100 kB
Shmem:             15736 kB
KReclaimable:     590248 kB
Slab:             321660 kB
SReclaimable:      89040 kB
SUnreclaim:       232620 kB
KernelStack:       49344 kB
ShadowCallStack:   12352 kB
PageTables:        78480 kB
NFS_Unstable:          0 kB
Bounce:                0 kB
WritebackTmp:          0 kB
CommitLimit:     8677876 kB
Committed_AS:   73858340 kB
VmallocTotal:   263061440 kB
VmallocUsed:      133400 kB
VmallocChunk:          0 kB
Percpu:             2448 kB
CmaTotal:         405504 kB
CmaFree:               0 kB
MemTotal:        7918588 kB
MemFree:          307328 kB
MemAvailable:    1768224 kB
Buffers:            6496 kB
Cached:          1431216 kB
SwapCached:         9180 kB
Active:          4155852 kB
Inactive:         801028 kB
Active(anon):    3401644 kB
Inactive(anon):   137940 kB
Active(file):     754208 kB
Inactive(file):   663088 kB
Unevictable:        6408 kB
Mlocked:            5968 kB
SwapTotal:       4718584 kB
SwapFree:        3961672 kB
Dirty:               340 kB
Writeback:             0 kB
AnonPages:       3521580 kB
Mapped:           679564 kB
Shmem:             15736 kB
KReclaimable:     589472 kB
Slab:             321820 kB
SReclaimable:      89040 kB
SUnreclaim:       232780 kB
KernelStack:       49424 kB
ShadowCallStack:   12380 kB
PageTables:        78744 kB
NFS_Unstable:          0 kB
Bounce:                0 kB
WritebackTmp:          0 kB
CommitLimit:     8677876 kB
Committed_AS:   73973028 kB
VmallocTotal:   263061440 kB
VmallocUsed:      133416 kB
VmallocChunk:          0 kB
Percpu:             2448 kB
CmaTotal:         405504 kB
CmaFree:               0 kB
MemTotal:        7918588 kB
MemFree:          270232 kB
MemAvailable:    1730752 kB
Buffers:            6496 kB
Cached:          1431216 kB
SwapCached:         9180 kB
Active:          4192688 kB
Inactive:         801028 kB
Active(anon):    3438480 kB
Inactive(anon):   137940 kB
Active(file):     754208 kB
Inactive(file):   663088 kB
Unevictable:        6408 kB
Mlocked:            5968 kB
SwapTotal:       4718584 kB
SwapFree:        3961672 kB
Dirty:               340 kB
Writeback:             0 kB
AnonPages:       3558328 kB
Mapped:           679832 kB
Shmem:             15736 kB
KReclaimable:     589096 kB
Slab:             321736 kB
SReclaimable:      89040 kB
SUnreclaim:       232696 kB
KernelStack:       49376 kB
ShadowCallStack:   12356 kB
PageTables:        78920 kB
NFS_Unstable:          0 kB
Bounce:                0 kB
WritebackTmp:          0 kB
CommitLimit:     8677876 kB
Committed_AS:   74054952 kB
VmallocTotal:   263061440 kB
VmallocUsed:      133396 kB
VmallocChunk:          0 kB
Percpu:             2448 kB
CmaTotal:         405504 kB
CmaFree:               0 kB
MemTotal:        7918588 kB
MemFree:          223916 kB
MemAvailable:    1823112 kB
Buffers:            6500 kB
Cached:          1423476 kB
SwapCached:         9172 kB
Active:          4364648 kB
Inactive:         684400 kB
Active(anon):    3522892 kB
Inactive(anon):   116588 kB
Active(file):     841756 kB
Inactive(file):   567812 kB
Unevictable:        6408 kB
Mlocked:            5968 kB
SwapTotal:       4718584 kB
SwapFree:        3959880 kB
Dirty:               336 kB
Writeback:             0 kB
AnonPages:       3621256 kB
Mapped:           680144 kB
Shmem:             15728 kB
KReclaimable:     579852 kB
Slab:             320004 kB
SReclaimable:      87172 kB
SUnreclaim:       232832 kB
KernelStack:       49376 kB
ShadowCallStack:   12368 kB
PageTables:        79448 kB
NFS_Unstable:          0 kB
Bounce:                0 kB
WritebackTmp:          0 kB
CommitLimit:     8677876 kB
Committed_AS:   74202408 kB
VmallocTotal:   263061440 kB
VmallocUsed:      133380 kB
VmallocChunk:          0 kB
Percpu:             2448 kB
CmaTotal:         405504 kB
CmaFree:               0 kB
MemTotal:        7918588 kB
MemFree:          175720 kB
MemAvailable:    1774132 kB
Buffers:            6500 kB
Cached:          1423476 kB
SwapCached:         9172 kB
Active:          4412548 kB
Inactive:         684404 kB
Active(anon):    3570792 kB
Inactive(anon):   116592 kB
Active(file):     841756 kB
Inactive(file):   567812 kB
Unevictable:        6408 kB
Mlocked:            5968 kB
SwapTotal:       4718584 kB
SwapFree:        3959880 kB
Dirty:               336 kB
Writeback:             0 kB
AnonPages:       3669180 kB
Mapped:           680652 kB
Shmem:             15728 kB
KReclaimable:     579068 kB
Slab:             319968 kB
SReclaimable:      87172 kB
SUnreclaim:       232796 kB
KernelStack:       49376 kB
ShadowCallStack:   12368 kB
PageTables:        79480 kB
NFS_Unstable:          0 kB
Bounce:                0 kB
WritebackTmp:          0 kB
CommitLimit:     8677876 kB
Committed_AS:   74284324 kB
VmallocTotal:   263061440 kB
VmallocUsed:      133396 kB
VmallocChunk:          0 kB
Percpu:             2448 kB
CmaTotal:         405504 kB
CmaFree:               4 kB
MemTotal:        7918588 kB
MemFree:          162360 kB
MemAvailable:    1724812 kB
Buffers:            6508 kB
Cached:          1388808 kB
SwapCached:         9172 kB
Active:          4428328 kB
Inactive:         682840 kB
Active(anon):    3620648 kB
Inactive(anon):   115592 kB
Active(file):     807680 kB
Inactive(file):   567248 kB
Unevictable:        6408 kB
Mlocked:            5968 kB
SwapTotal:       4718584 kB
SwapFree:        3959624 kB
Dirty:               348 kB
Writeback:             0 kB
AnonPages:       3718208 kB
Mapped:           681024 kB
Shmem:             15708 kB
KReclaimable:     577748 kB
Slab:             319708 kB
SReclaimable:      86916 kB
SUnreclaim:       232792 kB
KernelStack:       49376 kB
ShadowCallStack:   12372 kB
PageTables:        79672 kB
NFS_Unstable:          0 kB
Bounce:                0 kB
WritebackTmp:          0 kB
CommitLimit:     8677876 kB
Committed_AS:   74399016 kB
VmallocTotal:   263061440 kB
VmallocUsed:      133396 kB
VmallocChunk:          0 kB
Percpu:             2448 kB
CmaTotal:         405504 kB
CmaFree:               0 kB
MemTotal:        7918588 kB
MemFree:          165260 kB
MemAvailable:    1680252 kB
Buffers:            6492 kB
Cached:          1366264 kB
SwapCached:         6768 kB
Active:          4556456 kB
Inactive:         574268 kB
Active(anon):    3746708 kB
Inactive(anon):    31308 kB
Active(file):     809748 kB
Inactive(file):   542960 kB
Unevictable:        6408 kB
Mlocked:            5968 kB
SwapTotal:       4718584 kB
SwapFree:        3941960 kB
Dirty:               348 kB
Writeback:             0 kB
AnonPages:       3762448 kB
Mapped:           672500 kB
Shmem:             15368 kB
KReclaimable:     552508 kB
Slab:             319912 kB
SReclaimable:      86916 kB
SUnreclaim:       232996 kB
KernelStack:       49392 kB
ShadowCallStack:   12364 kB
PageTables:        80100 kB
NFS_Unstable:          0 kB
Bounce:                0 kB
WritebackTmp:          0 kB
CommitLimit:     8677876 kB
Committed_AS:   74530032 kB
VmallocTotal:   263061440 kB
VmallocUsed:      133388 kB
VmallocChunk:          0 kB
Percpu:             2448 kB
CmaTotal:         405504 kB
CmaFree:               0 kB
MemTotal:        7918588 kB
MemFree:          165484 kB
MemAvailable:    1650416 kB
Buffers:            6472 kB
Cached:          1340996 kB
SwapCached:         6768 kB
Active:          4586196 kB
Inactive:         548564 kB
Active(anon):    3776028 kB
Inactive(anon):    31316 kB
Active(file):     810168 kB
Inactive(file):   517248 kB
Unevictable:        6408 kB
Mlocked:            5968 kB
SwapTotal:       4718584 kB
SwapFree:        3941960 kB
Dirty:               348 kB
Writeback:             0 kB
AnonPages:       3791704 kB
Mapped:           663772 kB
Shmem:             15372 kB
KReclaimable:     547740 kB
Slab:             319568 kB
SReclaimable:      86740 kB
SUnreclaim:       232828 kB
KernelStack:       49344 kB
ShadowCallStack:   12356 kB
PageTables:        80056 kB
NFS_Unstable:          0 kB
Bounce:                0 kB
WritebackTmp:          0 kB
CommitLimit:     8677876 kB
Committed_AS:   74579184 kB
VmallocTotal:   263061440 kB
VmallocUsed:      133376 kB
VmallocChunk:          0 kB
Percpu:             2448 kB
CmaTotal:         405504 kB
CmaFree:              20 kB
MemTotal:        7918588 kB
MemFree:          164444 kB
MemAvailable:    1582372 kB
Buffers:            4688 kB
Cached:          1286572 kB
SwapCached:         6768 kB
Active:          4657164 kB
Inactive:         489816 kB
Active(anon):    3844496 kB
Inactive(anon):    31304 kB
Active(file):     812668 kB
Inactive(file):   458512 kB
Unevictable:        6408 kB
Mlocked:            5968 kB
SwapTotal:       4718584 kB
SwapFree:        3941960 kB
Dirty:               360 kB
Writeback:             0 kB
AnonPages:       3860356 kB
Mapped:           662120 kB
Shmem:             15400 kB
KReclaimable:     536972 kB
Slab:             319608 kB
SReclaimable:      86548 kB
SUnreclaim:       233060 kB
KernelStack:       49360 kB
ShadowCallStack:   12356 kB
PageTables:        80648 kB
NFS_Unstable:          0 kB
Bounce:                0 kB
WritebackTmp:          0 kB
CommitLimit:     8677876 kB
Committed_AS:   74726568 kB
VmallocTotal:   263061440 kB
VmallocUsed:      133324 kB
VmallocChunk:          0 kB
Percpu:             2448 kB
CmaTotal:         405504 kB
CmaFree:              16 kB
MemTotal:        7918588 kB
MemFree:          165288 kB
MemAvailable:    1531388 kB
Buffers:            4692 kB
Cached:          1242028 kB
SwapCached:         6768 kB
Active:          4708200 kB
Inactive:         445112 kB
Active(anon):    3895532 kB
Inactive(anon):    31312 kB
Active(file):     812668 kB
Inactive(file):   413800 kB
Unevictable:        6408 kB
Mlocked:            5968 kB
SwapTotal:       4718584 kB
SwapFree:        3941960 kB
Dirty:               360 kB
Writeback:             0 kB
AnonPages:       3911080 kB
Mapped:           662376 kB
Shmem:             15400 kB
KReclaimable:     529856 kB
Slab:             319028 kB
SReclaimable:      86088 kB
SUnreclaim:       232940 kB
KernelStack:       49280 kB
ShadowCallStack:   12348 kB
PageTables:        80236 kB
NFS_Unstable:          0 kB
Bounce:                0 kB
WritebackTmp:          0 kB
CommitLimit:     8677876 kB
Committed_AS:   74841252 kB
VmallocTotal:   263061440 kB
VmallocUsed:      133300 kB
VmallocChunk:          0 kB
Percpu:             2448 kB
CmaTotal:         405504 kB
CmaFree:               0 kB
MemTotal:        7918588 kB
MemFree:          165352 kB
MemAvailable:    1493700 kB
Buffers:            3636 kB
Cached:          1210900 kB
SwapCached:         6768 kB
Active:          4743964 kB
Inactive:         413096 kB
Active(anon):    3931296 kB
Inactive(anon):    31308 kB
Active(file):     812668 kB
Inactive(file):   381788 kB
Unevictable:        6408 kB
Mlocked:            5968 kB
SwapTotal:       4718584 kB
SwapFree:        3941960 kB
Dirty:               428 kB
Writeback:             0 kB
AnonPages:       3947184 kB
Mapped:           662716 kB
Shmem:             15400 kB
KReclaimable:     524116 kB
Slab:             318604 kB
SReclaimable:      85572 kB
SUnreclaim:       233032 kB
KernelStack:       49344 kB
ShadowCallStack:   12356 kB
PageTables:        81056 kB
NFS_Unstable:          0 kB
Bounce:                0 kB
WritebackTmp:          0 kB
CommitLimit:     8677876 kB
Committed_AS:   74923172 kB
VmallocTotal:   263061440 kB
VmallocUsed:      133340 kB
VmallocChunk:          0 kB
Percpu:             2448 kB
CmaTotal:         405504 kB
CmaFree:               0 kB
MemTotal:        7918588 kB
MemFree:          163616 kB
MemAvailable:    1432908 kB
Buffers:            3404 kB
Cached:          1162836 kB
SwapCached:         6768 kB
Active:          4809760 kB
Inactive:         364796 kB
Active(anon):    3997080 kB
Inactive(anon):    31316 kB
Active(file):     812680 kB
Inactive(file):   333480 kB
Unevictable:        6408 kB
Mlocked:            5968 kB
SwapTotal:       4718584 kB
SwapFree:        3941960 kB
Dirty:               428 kB
Writeback:             0 kB
AnonPages:       4013260 kB
Mapped:           650496 kB
Shmem:             15400 kB
KReclaimable:     513356 kB
Slab:             318200 kB
SReclaimable:      85244 kB
SUnreclaim:       232956 kB
KernelStack:       49328 kB
ShadowCallStack:   12348 kB
PageTables:        80576 kB
NFS_Unstable:          0 kB
Bounce:                0 kB
WritebackTmp:          0 kB
CommitLimit:     8677876 kB
Committed_AS:   75086964 kB
VmallocTotal:   263061440 kB
VmallocUsed:      133324 kB
VmallocChunk:          0 kB
Percpu:             2448 kB
CmaTotal:         405504 kB
CmaFree:               0 kB
MemTotal:        7918588 kB
MemFree:          161416 kB
MemAvailable:    1377164 kB
Buffers:            3404 kB
Cached:          1118348 kB
SwapCached:         6768 kB
Active:          4865168 kB
Inactive:         320292 kB
Active(anon):    4052472 kB
Inactive(anon):    31316 kB
Active(file):     812696 kB
Inactive(file):   288976 kB
Unevictable:        6408 kB
Mlocked:            5968 kB
SwapTotal:       4718584 kB
SwapFree:        3941960 kB
Dirty:               428 kB
Writeback:             0 kB
AnonPages:       4068228 kB
Mapped:           631336 kB
Shmem:             15400 kB
KReclaimable:     504300 kB
Slab:             317872 kB
SReclaimable:      84732 kB
SUnreclaim:       233140 kB
KernelStack:       49280 kB
ShadowCallStack:   12344 kB
PageTables:        81236 kB
NFS_Unstable:          0 kB
Bounce:                0 kB
WritebackTmp:          0 kB
CommitLimit:     8677876 kB
Committed_AS:   75185860 kB
VmallocTotal:   263061440 kB
VmallocUsed:      133296 kB
VmallocChunk:          0 kB
Percpu:             2448 kB
CmaTotal:         405504 kB
CmaFree:               0 kB
MemTotal:        7918588 kB
MemFree:          164764 kB
MemAvailable:    1326588 kB
Buffers:            3388 kB
Cached:          1072612 kB
SwapCached:         6768 kB
Active:          4913664 kB
Inactive:         274484 kB
Active(anon):    4100928 kB
Inactive(anon):    31304 kB
Active(file):     812736 kB
Inactive(file):   243180 kB
Unevictable:        6408 kB
Mlocked:            5968 kB
SwapTotal:       4718584 kB
SwapFree:        3941960 kB
Dirty:                92 kB
Writeback:             0 kB
AnonPages:       4116580 kB
Mapped:           623832 kB
Shmem:             15404 kB
KReclaimable:     496132 kB
Slab:             317356 kB
SReclaimable:      84268 kB
SUnreclaim:       233088 kB
KernelStack:       49248 kB
ShadowCallStack:   12340 kB
PageTables:        81304 kB
NFS_Unstable:          0 kB
Bounce:                0 kB
WritebackTmp:          0 kB
CommitLimit:     8677876 kB
Committed_AS:   75284064 kB
VmallocTotal:   263061440 kB
VmallocUsed:      133260 kB
VmallocChunk:          0 kB
Percpu:             2448 kB
CmaTotal:         405504 kB
CmaFree:               0 kB
MemTotal:        7918588 kB
MemFree:          163980 kB
MemAvailable:    1106408 kB
Buffers:            3264 kB
Cached:           983692 kB
SwapCached:         6768 kB
Active:          5012224 kB
Inactive:         184768 kB
Active(anon):    4198880 kB
Inactive(anon):    31316 kB
Active(file):     813344 kB
Inactive(file):   153452 kB
Unevictable:        6408 kB
Mlocked:            5968 kB
SwapTotal:       4718584 kB
SwapFree:        3941960 kB
Dirty:               164 kB
Writeback:             0 kB
AnonPages:       4214452 kB
Mapped:           623500 kB
Shmem:             15480 kB
KReclaimable:     365856 kB
Slab:             315604 kB
SReclaimable:      82384 kB
SUnreclaim:       233220 kB
KernelStack:       49344 kB
ShadowCallStack:   12360 kB
PageTables:        81816 kB
NFS_Unstable:          0 kB
Bounce:                0 kB
WritebackTmp:          0 kB
CommitLimit:     8677876 kB
Committed_AS:   75415532 kB
VmallocTotal:   263061440 kB
VmallocUsed:      133396 kB
VmallocChunk:          0 kB
Percpu:             2448 kB
CmaTotal:         405504 kB
CmaFree:               0 kB
MemTotal:        7918588 kB
MemFree:          199992 kB
MemAvailable:    1232108 kB
Buffers:            3280 kB
Cached:           955472 kB
SwapCached:         6768 kB
Active:          5007560 kB
Inactive:         156636 kB
Active(anon):    4194216 kB
Inactive(anon):    31316 kB
Active(file):     813344 kB
Inactive(file):   125320 kB
Unevictable:        6408 kB
Mlocked:            5968 kB
SwapTotal:       4718584 kB
SwapFree:        3941960 kB
Dirty:               212 kB
Writeback:             0 kB
AnonPages:       4209916 kB
Mapped:           622976 kB
Shmem:             15408 kB
KReclaimable:     483676 kB
Slab:             314936 kB
SReclaimable:      81680 kB
SUnreclaim:       233256 kB
KernelStack:       49200 kB
ShadowCallStack:   12340 kB
PageTables:        81800 kB
NFS_Unstable:          0 kB
Bounce:                0 kB
WritebackTmp:          0 kB
CommitLimit:     8677876 kB
Committed_AS:   75480464 kB
VmallocTotal:   263061440 kB
VmallocUsed:      133180 kB
VmallocChunk:          0 kB
Percpu:             2448 kB
CmaTotal:         405504 kB
CmaFree:             280 kB
MemTotal:        7918588 kB
MemFree:          165832 kB
MemAvailable:    1164604 kB
Buffers:            3280 kB
Cached:           927676 kB
SwapCached:         6768 kB
Active:          5074000 kB
Inactive:         128540 kB
Active(anon):    4260440 kB
Inactive(anon):    31300 kB
Active(file):     813560 kB
Inactive(file):    97240 kB
Unevictable:        6408 kB
Mlocked:            5968 kB
SwapTotal:       4718584 kB
SwapFree:        3941960 kB
Dirty:               212 kB
Writeback:             0 kB
AnonPages:       4276192 kB
Mapped:           623500 kB
Shmem:             15408 kB
KReclaimable:     478196 kB
Slab:             314260 kB
SReclaimable:      80996 kB
SUnreclaim:       233264 kB
KernelStack:       49136 kB
ShadowCallStack:   12320 kB
PageTables:        82240 kB
NFS_Unstable:          0 kB
Bounce:                0 kB
WritebackTmp:          0 kB
CommitLimit:     8677876 kB
Committed_AS:   75644204 kB
VmallocTotal:   263061440 kB
VmallocUsed:      133124 kB
VmallocChunk:          0 kB
Percpu:             2448 kB
CmaTotal:         405504 kB
CmaFree:               0 kB
MemTotal:        7918588 kB
MemFree:          162492 kB
MemAvailable:    1102340 kB
Buffers:            1456 kB
Cached:           879924 kB
SwapCached:         6768 kB
Active:          5136048 kB
Inactive:          78724 kB
Active(anon):    4322352 kB
Inactive(anon):    31312 kB
Active(file):     813696 kB
Inactive(file):    47412 kB
Unevictable:        6408 kB
Mlocked:            5968 kB
SwapTotal:       4718584 kB
SwapFree:        3941960 kB
Dirty:               220 kB
Writeback:             0 kB
AnonPages:       4338076 kB
Mapped:           619740 kB
Shmem:             15412 kB
KReclaimable:     468964 kB
Slab:             312612 kB
SReclaimable:      79292 kB
SUnreclaim:       233320 kB
KernelStack:       49072 kB
ShadowCallStack:   12308 kB
PageTables:        82160 kB
NFS_Unstable:          0 kB
Bounce:                0 kB
WritebackTmp:          0 kB
CommitLimit:     8677876 kB
Committed_AS:   75758632 kB
VmallocTotal:   263061440 kB
VmallocUsed:      133072 kB
VmallocChunk:          0 kB
Percpu:             2448 kB
CmaTotal:         405504 kB
CmaFree:               0 kB
MemTotal:        7918588 kB
MemFree:          155084 kB
MemAvailable:    1014888 kB
Buffers:             540 kB
Cached:           859224 kB
SwapCached:         6768 kB
Active:          1321136 kB
Inactive:        3909212 kB
Active(anon):    1220184 kB
Inactive(anon):  3170256 kB
Active(file):     100952 kB
Inactive(file):   738956 kB
Unevictable:        6408 kB
Mlocked:            5968 kB
SwapTotal:       4718584 kB
SwapFree:        3939656 kB
Dirty:                92 kB
Writeback:             0 kB
AnonPages:       4374928 kB
Mapped:           616024 kB
Shmem:             15412 kB
KReclaimable:     459272 kB
Slab:             311476 kB
SReclaimable:      78160 kB
SUnreclaim:       233316 kB
KernelStack:       49104 kB
ShadowCallStack:   12300 kB
PageTables:        82776 kB
NFS_Unstable:          0 kB
Bounce:                0 kB
WritebackTmp:          0 kB
CommitLimit:     8677876 kB
Committed_AS:   75840552 kB
VmallocTotal:   263061440 kB
VmallocUsed:      133040 kB
VmallocChunk:          0 kB
Percpu:             2448 kB
CmaTotal:         405504 kB
CmaFree:             320 kB
MemTotal:        7918588 kB
MemFree:          238660 kB
MemAvailable:    1071160 kB
Buffers:             512 kB
Cached:           838324 kB
SwapCached:         3716 kB
Active:          1462772 kB
Inactive:        3703724 kB
Active(anon):    1358952 kB
Inactive(anon):  2987688 kB
Active(file):     103820 kB
Inactive(file):   716036 kB
Unevictable:        6408 kB
Mlocked:            5968 kB
SwapTotal:       4718584 kB
SwapFree:        3840840 kB
Dirty:                92 kB
Writeback:             0 kB
AnonPages:       4334316 kB
Mapped:           608860 kB
Shmem:             14296 kB
KReclaimable:     419252 kB
Slab:             311476 kB
SReclaimable:      78148 kB
SUnreclaim:       233328 kB
KernelStack:       49040 kB
ShadowCallStack:   12288 kB
PageTables:        82264 kB
NFS_Unstable:          0 kB
Bounce:                0 kB
WritebackTmp:          0 kB
CommitLimit:     8677876 kB
Committed_AS:   75955188 kB
VmallocTotal:   263061440 kB
VmallocUsed:      133020 kB
VmallocChunk:          0 kB
Percpu:             2448 kB
CmaTotal:         405504 kB
CmaFree:              44 kB
MemTotal:        7918588 kB
MemFree:          201080 kB
MemAvailable:    1034788 kB
Buffers:             624 kB
Cached:           825956 kB
SwapCached:         3716 kB
Active:          1520908 kB
Inactive:        3686156 kB
Active(anon):    1411932 kB
Inactive(anon):  2987532 kB
Active(file):     108976 kB
Inactive(file):   698624 kB
Unevictable:        6408 kB
Mlocked:            5968 kB
SwapTotal:       4718584 kB
SwapFree:        3840840 kB
Dirty:               140 kB
Writeback:             0 kB
AnonPages:       4386764 kB
Mapped:           604480 kB
Shmem:             14300 kB
KReclaimable:     416332 kB
Slab:             311488 kB
SReclaimable:      78140 kB
SUnreclaim:       233348 kB
KernelStack:       49024 kB
ShadowCallStack:   12280 kB
PageTables:        82932 kB
NFS_Unstable:          0 kB
Bounce:                0 kB
WritebackTmp:          0 kB
CommitLimit:     8677876 kB
Committed_AS:   76069780 kB
VmallocTotal:   263061440 kB
VmallocUsed:      132972 kB
VmallocChunk:          0 kB
Percpu:             2448 kB
CmaTotal:         405504 kB
CmaFree:               0 kB
MemTotal:        7918588 kB
MemFree:          180844 kB
MemAvailable:     983576 kB
Buffers:             616 kB
Cached:           799192 kB
SwapCached:         3716 kB
Active:          1579560 kB
Inactive:        3651348 kB
Active(anon):    1462496 kB
Inactive(anon):  2987532 kB
Active(file):     117064 kB
Inactive(file):   663816 kB
Unevictable:        6408 kB
Mlocked:            5968 kB
SwapTotal:       4718584 kB
SwapFree:        3840840 kB
Dirty:               140 kB
Writeback:             0 kB
AnonPages:       4437316 kB
Mapped:           590908 kB
Shmem:             14300 kB
KReclaimable:     412076 kB
Slab:             311488 kB
SReclaimable:      78140 kB
SUnreclaim:       233348 kB
KernelStack:       49008 kB
ShadowCallStack:   12276 kB
PageTables:        82732 kB
NFS_Unstable:          0 kB
Bounce:                0 kB
WritebackTmp:          0 kB
CommitLimit:     8677876 kB
Committed_AS:   76184464 kB
VmallocTotal:   263061440 kB
VmallocUsed:      132976 kB
VmallocChunk:          0 kB
Percpu:             2448 kB
CmaTotal:         405504 kB
CmaFree:               0 kB
MemTotal:        7918588 kB
MemFree:          168968 kB
MemAvailable:     928556 kB
Buffers:             612 kB
Cached:           768228 kB
SwapCached:         3716 kB
Active:          1630380 kB
Inactive:        3615744 kB
Active(anon):    1508716 kB
Inactive(anon):  2987508 kB
Active(file):     121664 kB
Inactive(file):   628236 kB
Unevictable:        6408 kB
Mlocked:            5968 kB
SwapTotal:       4718584 kB
SwapFree:        3840840 kB
Dirty:               140 kB
Writeback:             0 kB
AnonPages:       4483604 kB
Mapped:           579464 kB
Shmem:             14300 kB
KReclaimable:     408104 kB
Slab:             311480 kB
SReclaimable:      78136 kB
SUnreclaim:       233344 kB
KernelStack:       49040 kB
ShadowCallStack:   12284 kB
PageTables:        83444 kB
NFS_Unstable:          0 kB
Bounce:                0 kB
WritebackTmp:          0 kB
CommitLimit:     8677876 kB
Committed_AS:   76282768 kB
VmallocTotal:   263061440 kB
VmallocUsed:      132980 kB
VmallocChunk:          0 kB
Percpu:             2448 kB
CmaTotal:         405504 kB
CmaFree:               0 kB
MemTotal:        7918588 kB
MemFree:          168676 kB
MemAvailable:     915652 kB
Buffers:             612 kB
Cached:           764140 kB
SwapCached:         3624 kB
Active:          1702876 kB
Inactive:        3542468 kB
Active(anon):    1580096 kB
Inactive(anon):  2919456 kB
Active(file):     122780 kB
Inactive(file):   623012 kB
Unevictable:        6408 kB
Mlocked:            5968 kB
SwapTotal:       4718584 kB
SwapFree:        3786568 kB
Dirty:               148 kB
Writeback:             0 kB
AnonPages:       4487004 kB
Mapped:           576336 kB
Shmem:             14280 kB
KReclaimable:     399600 kB
Slab:             311416 kB
SReclaimable:      78136 kB
SUnreclaim:       233280 kB
KernelStack:       49040 kB
ShadowCallStack:   12276 kB
PageTables:        83148 kB
NFS_Unstable:          0 kB
Bounce:                0 kB
WritebackTmp:          0 kB
CommitLimit:     8677876 kB
Committed_AS:   76397456 kB
VmallocTotal:   263061440 kB
VmallocUsed:      133012 kB
VmallocChunk:          0 kB
Percpu:             2448 kB
CmaTotal:         405504 kB
CmaFree:               0 kB
MemTotal:        7918588 kB
MemFree:          169160 kB
MemAvailable:     901800 kB
Buffers:             624 kB
Cached:           764828 kB
SwapCached:         3556 kB
Active:          1771924 kB
Inactive:        3467328 kB
Active(anon):    1648468 kB
Inactive(anon):  2844272 kB
Active(file):     123456 kB
Inactive(file):   623056 kB
Unevictable:        6408 kB
Mlocked:            5968 kB
SwapTotal:       4718584 kB
SwapFree:        3726920 kB
Dirty:               180 kB
Writeback:             0 kB
AnonPages:       4480436 kB
Mapped:           577232 kB
Shmem:             14264 kB
KReclaimable:     392736 kB
Slab:             311532 kB
SReclaimable:      78136 kB
SUnreclaim:       233396 kB
KernelStack:       49024 kB
ShadowCallStack:   12284 kB
PageTables:        84068 kB
NFS_Unstable:          0 kB
Bounce:                0 kB
WritebackTmp:          0 kB
CommitLimit:     8677876 kB
Committed_AS:   76498508 kB
VmallocTotal:   263061440 kB
VmallocUsed:      132948 kB
VmallocChunk:          0 kB
Percpu:             2448 kB
CmaTotal:         405504 kB
CmaFree:              20 kB
MemTotal:        7918588 kB
MemFree:          167180 kB
MemAvailable:     899036 kB
Buffers:             624 kB
Cached:           764972 kB
SwapCached:         3428 kB
Active:          1839896 kB
Inactive:        3399756 kB
Active(anon):    1716248 kB
Inactive(anon):  2776700 kB
Active(file):     123648 kB
Inactive(file):   623056 kB
Unevictable:        6408 kB
Mlocked:            5968 kB
SwapTotal:       4718584 kB
SwapFree:        3688264 kB
Dirty:                92 kB
Writeback:             4 kB
AnonPages:       4480712 kB
Mapped:           577400 kB
Shmem:             14212 kB
KReclaimable:     383568 kB
Slab:             311444 kB
SReclaimable:      78024 kB
SUnreclaim:       233420 kB
KernelStack:       49008 kB
ShadowCallStack:   12276 kB
PageTables:        84052 kB
NFS_Unstable:          0 kB
Bounce:                0 kB
WritebackTmp:          0 kB
CommitLimit:     8677876 kB
Committed_AS:   76596820 kB
VmallocTotal:   263061440 kB
VmallocUsed:      132924 kB
VmallocChunk:          0 kB
Percpu:             2448 kB
CmaTotal:         405504 kB
CmaFree:               0 kB
MemTotal:        7918588 kB
MemFree:          166340 kB
MemAvailable:     899564 kB
Buffers:             632 kB
Cached:           764980 kB
SwapCached:         3424 kB
Active:          1909604 kB
Inactive:        3338148 kB
Active(anon):    1785948 kB
Inactive(anon):  2715084 kB
Active(file):     123656 kB
Inactive(file):   623064 kB
Unevictable:        6408 kB
Mlocked:            5968 kB
SwapTotal:       4718584 kB
SwapFree:        3636040 kB
Dirty:               152 kB
Writeback:             0 kB
AnonPages:       4488416 kB
Mapped:           577760 kB
Shmem:             14212 kB
KReclaimable:     376728 kB
Slab:             311380 kB
SReclaimable:      77944 kB
SUnreclaim:       233436 kB
KernelStack:       49008 kB
ShadowCallStack:   12268 kB
PageTables:        83864 kB
NFS_Unstable:          0 kB
Bounce:                0 kB
WritebackTmp:          0 kB
CommitLimit:     8677876 kB
Committed_AS:   76711508 kB
VmallocTotal:   263061440 kB
VmallocUsed:      132920 kB
VmallocChunk:          0 kB
Percpu:             2448 kB
CmaTotal:         405504 kB
CmaFree:               0 kB
MemTotal:        7918588 kB
MemFree:          161184 kB
MemAvailable:     891036 kB
Buffers:             632 kB
Cached:           767008 kB
SwapCached:         3424 kB
Active:          1970700 kB
Inactive:        3285660 kB
Active(anon):    1845016 kB
Inactive(anon):  2662596 kB
Active(file):     125684 kB
Inactive(file):   623064 kB
Unevictable:        6408 kB
Mlocked:            5968 kB
SwapTotal:       4718584 kB
SwapFree:        3594824 kB
Dirty:               152 kB
Writeback:             0 kB
AnonPages:       4495176 kB
Mapped:           578644 kB
Shmem:             14212 kB
KReclaimable:     371328 kB
Slab:             311496 kB
SReclaimable:      77944 kB
SUnreclaim:       233552 kB
KernelStack:       49008 kB
ShadowCallStack:   12276 kB
PageTables:        84516 kB
NFS_Unstable:          0 kB
Bounce:                0 kB
WritebackTmp:          0 kB
CommitLimit:     8677876 kB
Committed_AS:   76809816 kB
VmallocTotal:   263061440 kB
VmallocUsed:      132936 kB
VmallocChunk:          0 kB
Percpu:             2448 kB
CmaTotal:         405504 kB
CmaFree:               0 kB
MemTotal:        7918588 kB
MemFree:          164660 kB
MemAvailable:     890052 kB
Buffers:             632 kB
Cached:           767576 kB
SwapCached:         3424 kB
Active:          2023584 kB
Inactive:        3232856 kB
Active(anon):    1897364 kB
Inactive(anon):  2609780 kB
Active(file):     126220 kB
Inactive(file):   623076 kB
Unevictable:        6408 kB
Mlocked:            5968 kB
SwapTotal:       4718584 kB
SwapFree:        3544136 kB
Dirty:               180 kB
Writeback:             4 kB
AnonPages:       4494684 kB
Mapped:           578964 kB
Shmem:             14228 kB
KReclaimable:     366320 kB
Slab:             311564 kB
SReclaimable:      77944 kB
SUnreclaim:       233620 kB
KernelStack:       49008 kB
ShadowCallStack:   12276 kB
PageTables:        85008 kB
NFS_Unstable:          0 kB
Bounce:                0 kB
WritebackTmp:          0 kB
CommitLimit:     8677876 kB
Committed_AS:   76924500 kB
VmallocTotal:   263061440 kB
VmallocUsed:      132932 kB
VmallocChunk:          0 kB
Percpu:             2448 kB
CmaTotal:         405504 kB
CmaFree:               0 kB
MemTotal:        7918588 kB
MemFree:          166936 kB
MemAvailable:     886148 kB
Buffers:             632 kB
Cached:           769872 kB
SwapCached:         3416 kB
Active:          2098324 kB
Inactive:        3158336 kB
Active(anon):    1969796 kB
Inactive(anon):  2535260 kB
Active(file):     128528 kB
Inactive(file):   623076 kB
Unevictable:        6408 kB
Mlocked:            5968 kB
SwapTotal:       4718584 kB
SwapFree:        3483720 kB
Dirty:               180 kB
Writeback:             0 kB
AnonPages:       4492516 kB
Mapped:           579876 kB
Shmem:             14220 kB
KReclaimable:     357832 kB
Slab:             311472 kB
SReclaimable:      77944 kB
SUnreclaim:       233528 kB
KernelStack:       49008 kB
ShadowCallStack:   12268 kB
PageTables:        85052 kB
NFS_Unstable:          0 kB
Bounce:                0 kB
WritebackTmp:          0 kB
CommitLimit:     8677876 kB
Committed_AS:   77039188 kB
VmallocTotal:   263061440 kB
VmallocUsed:      132956 kB
VmallocChunk:          0 kB
Percpu:             2448 kB
CmaTotal:         405504 kB
CmaFree:               0 kB
MemTotal:        7918588 kB
MemFree:          167200 kB
MemAvailable:     882212 kB
Buffers:             660 kB
Cached:           770256 kB
SwapCached:         3416 kB
Active:          2154136 kB
Inactive:        3106416 kB
Active(anon):    2025252 kB
Inactive(anon):  2483292 kB
Active(file):     128884 kB
Inactive(file):   623124 kB
Unevictable:        6408 kB
Mlocked:            5968 kB
SwapTotal:       4718584 kB
SwapFree:        3433032 kB
Dirty:               192 kB
Writeback:             8 kB
AnonPages:       4495988 kB
Mapped:           580356 kB
Shmem:             14220 kB
KReclaimable:     353228 kB
Slab:             311672 kB
SReclaimable:      77940 kB
SUnreclaim:       233732 kB
KernelStack:       49008 kB
ShadowCallStack:   12268 kB
PageTables:        85492 kB
NFS_Unstable:          0 kB
Bounce:                0 kB
WritebackTmp:          0 kB
CommitLimit:     8677876 kB
Committed_AS:   77153876 kB
VmallocTotal:   263061440 kB
VmallocUsed:      132940 kB
VmallocChunk:          0 kB
Percpu:             2448 kB
CmaTotal:         405504 kB
CmaFree:               0 kB
MemTotal:        7918588 kB
MemFree:          164188 kB
MemAvailable:     875928 kB
Buffers:             660 kB
Cached:           770240 kB
SwapCached:         3416 kB
Active:          2192800 kB
Inactive:        3074372 kB
Active(anon):    2063916 kB
Inactive(anon):  2451256 kB
Active(file):     128884 kB
Inactive(file):   623116 kB
Unevictable:        6408 kB
Mlocked:            5968 kB
SwapTotal:       4718584 kB
SwapFree:        3402056 kB
Dirty:                92 kB
Writeback:             0 kB
AnonPages:       4502768 kB
Mapped:           580816 kB
Shmem:             14220 kB
KReclaimable:     349964 kB
Slab:             311548 kB
SReclaimable:      77940 kB
SUnreclaim:       233608 kB
KernelStack:       49008 kB
ShadowCallStack:   12264 kB
PageTables:        85048 kB
NFS_Unstable:          0 kB
Bounce:                0 kB
WritebackTmp:          0 kB
CommitLimit:     8677876 kB
Committed_AS:   77252180 kB
VmallocTotal:   263061440 kB
VmallocUsed:      132920 kB
VmallocChunk:          0 kB
Percpu:             2448 kB
CmaTotal:         405504 kB
CmaFree:               0 kB
MemTotal:        7918588 kB
MemFree:          165056 kB
MemAvailable:     872108 kB
Buffers:             660 kB
Cached:           770244 kB
SwapCached:         3416 kB
Active:          2248764 kB
Inactive:        3020576 kB
Active(anon):    2119880 kB
Inactive(anon):  2397460 kB
Active(file):     128884 kB
Inactive(file):   623116 kB
Unevictable:        6408 kB
Mlocked:            5968 kB
SwapTotal:       4718584 kB
SwapFree:        3348296 kB
Dirty:                92 kB
Writeback:             0 kB
AnonPages:       4504928 kB
Mapped:           581188 kB
Shmem:             14224 kB
KReclaimable:     345276 kB
Slab:             311732 kB
SReclaimable:      77940 kB
SUnreclaim:       233792 kB
KernelStack:       49040 kB
ShadowCallStack:   12276 kB
PageTables:        85796 kB
NFS_Unstable:          0 kB
Bounce:                0 kB
WritebackTmp:          0 kB
CommitLimit:     8677876 kB
Committed_AS:   77366872 kB
VmallocTotal:   263061440 kB
VmallocUsed:      132916 kB
VmallocChunk:          0 kB
Percpu:             2448 kB
CmaTotal:         405504 kB
CmaFree:               0 kB
MemTotal:        7918588 kB
MemFree:          163940 kB
MemAvailable:     867888 kB
Buffers:             660 kB
Cached:           771340 kB
SwapCached:         3416 kB
Active:          2298596 kB
Inactive:        2971904 kB
Active(anon):    2168644 kB
Inactive(anon):  2348760 kB
Active(file):     129952 kB
Inactive(file):   623144 kB
Unevictable:        6408 kB
Mlocked:            5968 kB
SwapTotal:       4718584 kB
SwapFree:        3300424 kB
Dirty:               144 kB
Writeback:             0 kB
AnonPages:       4504872 kB
Mapped:           581732 kB
Shmem:             14224 kB
KReclaimable:     341076 kB
Slab:             311712 kB
SReclaimable:      77940 kB
SUnreclaim:       233772 kB
KernelStack:       48992 kB
ShadowCallStack:   12280 kB
PageTables:        85776 kB
NFS_Unstable:          0 kB
Bounce:                0 kB
WritebackTmp:          0 kB
CommitLimit:     8677876 kB
Committed_AS:   77465176 kB
VmallocTotal:   263061440 kB
VmallocUsed:      132956 kB
VmallocChunk:          0 kB
Percpu:             2448 kB
CmaTotal:         405504 kB
CmaFree:               0 kB
MemTotal:        7918588 kB
MemFree:          170900 kB
MemAvailable:     869928 kB
Buffers:             660 kB
Cached:           771488 kB
SwapCached:         3416 kB
Active:          2355536 kB
Inactive:        2910840 kB
Active(anon):    2225580 kB
Inactive(anon):  2287548 kB
Active(file):     129956 kB
Inactive(file):   623292 kB
Unevictable:        6408 kB
Mlocked:            5968 kB
SwapTotal:       4718584 kB
SwapFree:        3240776 kB
Dirty:               284 kB
Writeback:             4 kB
AnonPages:       4500580 kB
Mapped:           581972 kB
Shmem:             14224 kB
KReclaimable:     336004 kB
Slab:             311676 kB
SReclaimable:      77940 kB
SUnreclaim:       233736 kB
KernelStack:       48992 kB
ShadowCallStack:   12268 kB
PageTables:        85616 kB
NFS_Unstable:          0 kB
Bounce:                0 kB
WritebackTmp:          0 kB
CommitLimit:     8677876 kB
Committed_AS:   77596252 kB
VmallocTotal:   263061440 kB
VmallocUsed:      132940 kB
VmallocChunk:          0 kB
Percpu:             2448 kB
CmaTotal:         405504 kB
CmaFree:               0 kB
MemTotal:        7918588 kB
MemFree:          181548 kB
MemAvailable:     781356 kB
Buffers:             660 kB
Cached:           772844 kB
SwapCached:         3416 kB
Active:          2442648 kB
Inactive:        2798544 kB
Active(anon):    2311460 kB
Inactive(anon):  2175164 kB
Active(file):     131188 kB
Inactive(file):   623380 kB
Unevictable:        6408 kB
Mlocked:            5968 kB
SwapTotal:       4718584 kB
SwapFree:        3128904 kB
Dirty:               284 kB
Writeback:             0 kB
AnonPages:       4474120 kB
Mapped:           582784 kB
Shmem:             14256 kB
KReclaimable:     228404 kB
Slab:             311836 kB
SReclaimable:      77940 kB
SUnreclaim:       233896 kB
KernelStack:       49104 kB
ShadowCallStack:   12300 kB
PageTables:        86252 kB
NFS_Unstable:          0 kB
Bounce:                0 kB
WritebackTmp:          0 kB
CommitLimit:     8677876 kB
Committed_AS:   77694952 kB
VmallocTotal:   263061440 kB
VmallocUsed:      133096 kB
VmallocChunk:          0 kB
Percpu:             2448 kB
CmaTotal:         405504 kB
CmaFree:               0 kB
MemTotal:        7918588 kB
MemFree:          161924 kB
MemAvailable:     759560 kB
Buffers:             668 kB
Cached:           772992 kB
SwapCached:         3416 kB
Active:          2491300 kB
Inactive:        2772484 kB
Active(anon):    2360076 kB
Inactive(anon):  2149096 kB
Active(file):     131224 kB
Inactive(file):   623388 kB
Unevictable:        6408 kB
Mlocked:            5968 kB
SwapTotal:       4718584 kB
SwapFree:        3103304 kB
Dirty:               336 kB
Writeback:             0 kB
AnonPages:       4496692 kB
Mapped:           583556 kB
Shmem:             14368 kB
KReclaimable:     223972 kB
Slab:             311952 kB
SReclaimable:      77940 kB
SUnreclaim:       234012 kB
KernelStack:       49056 kB
ShadowCallStack:   12288 kB
PageTables:        86384 kB
NFS_Unstable:          0 kB
Bounce:                0 kB
WritebackTmp:          0 kB
CommitLimit:     8677876 kB
Committed_AS:   77776868 kB
VmallocTotal:   263061440 kB
VmallocUsed:      133012 kB
VmallocChunk:          0 kB
Percpu:             2448 kB
CmaTotal:         405504 kB
CmaFree:               0 kB
MemTotal:        7918588 kB
MemFree:          164448 kB
MemAvailable:     870872 kB
Buffers:             668 kB
Cached:           772848 kB
SwapCached:         3416 kB
Active:          2522012 kB
Inactive:        2741052 kB
Active(anon):    2390788 kB
Inactive(anon):  2117664 kB
Active(file):     131224 kB
Inactive(file):   623388 kB
Unevictable:        6408 kB
Mlocked:            5968 kB
SwapTotal:       4718584 kB
SwapFree:        3072072 kB
Dirty:               336 kB
Writeback:             0 kB
AnonPages:       4496008 kB
Mapped:           583240 kB
Shmem:             14224 kB
KReclaimable:     342036 kB
Slab:             311868 kB
SReclaimable:      77940 kB
SUnreclaim:       233928 kB
KernelStack:       48928 kB
ShadowCallStack:   12252 kB
PageTables:        86312 kB
NFS_Unstable:          0 kB
Bounce:                0 kB
WritebackTmp:          0 kB
CommitLimit:     8677876 kB
Committed_AS:   77923928 kB
VmallocTotal:   263061440 kB
VmallocUsed:      132860 kB
VmallocChunk:          0 kB
Percpu:             2448 kB
CmaTotal:         405504 kB
CmaFree:               0 kB
MemTotal:        7918588 kB
MemFree:          161628 kB
MemAvailable:     863536 kB
Buffers:             680 kB
Cached:           773000 kB
SwapCached:         3416 kB
Active:          2573424 kB
Inactive:        2695868 kB
Active(anon):    2442172 kB
Inactive(anon):  2072344 kB
Active(file):     131252 kB
Inactive(file):   623524 kB
Unevictable:        6408 kB
Mlocked:            5968 kB
SwapTotal:       4718584 kB
SwapFree:        3027528 kB
Dirty:               324 kB
Writeback:             0 kB
AnonPages:       4501904 kB
Mapped:           583656 kB
Shmem:             14224 kB
KReclaimable:     337356 kB
Slab:             311952 kB
SReclaimable:      77940 kB
SUnreclaim:       234012 kB
KernelStack:       48944 kB
ShadowCallStack:   12260 kB
PageTables:        86928 kB
NFS_Unstable:          0 kB
Bounce:                0 kB
WritebackTmp:          0 kB
CommitLimit:     8677876 kB
Committed_AS:   78005852 kB
VmallocTotal:   263061440 kB
VmallocUsed:      132860 kB
VmallocChunk:          0 kB
Percpu:             2448 kB
CmaTotal:         405504 kB
CmaFree:               0 kB
MemTotal:        7918588 kB
MemFree:          163576 kB
MemAvailable:     863684 kB
Buffers:             688 kB
Cached:           773876 kB
SwapCached:         3416 kB
Active:          2610236 kB
Inactive:        2658428 kB
Active(anon):    2478100 kB
Inactive(anon):  2034900 kB
Active(file):     132136 kB
Inactive(file):   623528 kB
Unevictable:        6408 kB
Mlocked:            5968 kB
SwapTotal:       4718584 kB
SwapFree:        2991176 kB
Dirty:               124 kB
Writeback:             0 kB
AnonPages:       4500724 kB
Mapped:           584272 kB
Shmem:             14224 kB
KReclaimable:     334668 kB
Slab:             311860 kB
SReclaimable:      77924 kB
SUnreclaim:       233936 kB
KernelStack:       48960 kB
ShadowCallStack:   12256 kB
PageTables:        86888 kB
NFS_Unstable:          0 kB
Bounce:                0 kB
WritebackTmp:          0 kB
CommitLimit:     8677876 kB
Committed_AS:   78087768 kB
VmallocTotal:   263061440 kB
VmallocUsed:      132880 kB
VmallocChunk:          0 kB
Percpu:             2448 kB
CmaTotal:         405504 kB
CmaFree:               0 kB
MemTotal:        7918588 kB
MemFree:          163524 kB
MemAvailable:     859256 kB
Buffers:             688 kB
Cached:           775112 kB
SwapCached:         3416 kB
Active:          2686472 kB
Inactive:        2585836 kB
Active(anon):    2553392 kB
Inactive(anon):  1962020 kB
Active(file):     133080 kB
Inactive(file):   623816 kB
Unevictable:        6408 kB
Mlocked:            5968 kB
SwapTotal:       4718584 kB
SwapFree:        2919496 kB
Dirty:               188 kB
Writeback:             0 kB
AnonPages:       4503012 kB
Mapped:           584956 kB
Shmem:             14224 kB
KReclaimable:     329060 kB
Slab:             311952 kB
SReclaimable:      77924 kB
SUnreclaim:       234028 kB
KernelStack:       48976 kB
ShadowCallStack:   12264 kB
PageTables:        87092 kB
NFS_Unstable:          0 kB
Bounce:                0 kB
WritebackTmp:          0 kB
CommitLimit:     8677876 kB
Committed_AS:   78235228 kB
VmallocTotal:   263061440 kB
VmallocUsed:      132880 kB
VmallocChunk:          0 kB
Percpu:             2448 kB
CmaTotal:         405504 kB
CmaFree:               0 kB
MemTotal:        7918588 kB
MemFree:          162836 kB
MemAvailable:     856584 kB
Buffers:             712 kB
Cached:           776248 kB
SwapCached:         3416 kB
Active:          2726320 kB
Inactive:        2548676 kB
Active(anon):    2592112 kB
Inactive(anon):  1924828 kB
Active(file):     134208 kB
Inactive(file):   623848 kB
Unevictable:        6408 kB
Mlocked:            5968 kB
SwapTotal:       4718584 kB
SwapFree:        2882888 kB
Dirty:               240 kB
Writeback:             0 kB
AnonPages:       4504404 kB
Mapped:           585312 kB
Shmem:             14224 kB
KReclaimable:     325916 kB
Slab:             311968 kB
SReclaimable:      77924 kB
SUnreclaim:       234044 kB
KernelStack:       48960 kB
ShadowCallStack:   12256 kB
PageTables:        87132 kB
NFS_Unstable:          0 kB
Bounce:                0 kB
WritebackTmp:          0 kB
CommitLimit:     8677876 kB
Committed_AS:   78317148 kB
VmallocTotal:   263061440 kB
VmallocUsed:      132872 kB
VmallocChunk:          0 kB
Percpu:             2448 kB
CmaTotal:         405504 kB
CmaFree:               0 kB
MemTotal:        7918588 kB
MemFree:          163420 kB
MemAvailable:     853712 kB
Buffers:             712 kB
Cached:           776248 kB
SwapCached:         3416 kB
Active:          2768364 kB
Inactive:        2509004 kB
Active(anon):    2634156 kB
Inactive(anon):  1885156 kB
Active(file):     134208 kB
Inactive(file):   623848 kB
Unevictable:        6408 kB
Mlocked:            5968 kB
SwapTotal:       4718584 kB
SwapFree:        2843720 kB
Dirty:               240 kB
Writeback:             0 kB
AnonPages:       4506848 kB
Mapped:           585572 kB
Shmem:             14224 kB
KReclaimable:     322460 kB
Slab:             311996 kB
SReclaimable:      77940 kB
SUnreclaim:       234056 kB
KernelStack:       48960 kB
ShadowCallStack:   12268 kB
PageTables:        87528 kB
NFS_Unstable:          0 kB
Bounce:                0 kB
WritebackTmp:          0 kB
CommitLimit:     8677876 kB
Committed_AS:   78415448 kB
VmallocTotal:   263061440 kB
VmallocUsed:      132876 kB
VmallocChunk:          0 kB
Percpu:             2448 kB
CmaTotal:         405504 kB
CmaFree:               0 kB
MemTotal:        7918588 kB
MemFree:          163524 kB
MemAvailable:     849508 kB
Buffers:             712 kB
Cached:           777400 kB
SwapCached:         3416 kB
Active:          2843240 kB
Inactive:        2437680 kB
Active(anon):    2707904 kB
Inactive(anon):  1813820 kB
Active(file):     135336 kB
Inactive(file):   623860 kB
Unevictable:        6408 kB
Mlocked:            5968 kB
SwapTotal:       4718584 kB
SwapFree:        2772808 kB
Dirty:               196 kB
Writeback:             0 kB
AnonPages:       4509340 kB
Mapped:           586316 kB
Shmem:             14228 kB
KReclaimable:     317012 kB
Slab:             312176 kB
SReclaimable:      77940 kB
SUnreclaim:       234236 kB
KernelStack:       48992 kB
ShadowCallStack:   12264 kB
PageTables:        88128 kB
NFS_Unstable:          0 kB
Bounce:                0 kB
WritebackTmp:          0 kB
CommitLimit:     8677876 kB
Committed_AS:   78546524 kB
VmallocTotal:   263061440 kB
VmallocUsed:      132876 kB
VmallocChunk:          0 kB
Percpu:             2448 kB
CmaTotal:         405504 kB
CmaFree:               0 kB
MemTotal:        7918588 kB
MemFree:          162512 kB
MemAvailable:     846588 kB
Buffers:             712 kB
Cached:           777940 kB
SwapCached:         3416 kB
Active:          2877732 kB
Inactive:        2406624 kB
Active(anon):    2741864 kB
Inactive(anon):  1782748 kB
Active(file):     135868 kB
Inactive(file):   623876 kB
Unevictable:        6408 kB
Mlocked:            5968 kB
SwapTotal:       4718584 kB
SwapFree:        2742088 kB
Dirty:                28 kB
Writeback:             0 kB
AnonPages:       4512156 kB
Mapped:           586568 kB
Shmem:             14228 kB
KReclaimable:     314556 kB
Slab:             312248 kB
SReclaimable:      77940 kB
SUnreclaim:       234308 kB
KernelStack:       48960 kB
ShadowCallStack:   12264 kB
PageTables:        87948 kB
NFS_Unstable:          0 kB
Bounce:                0 kB
WritebackTmp:          0 kB
CommitLimit:     8677876 kB
Committed_AS:   78628444 kB
VmallocTotal:   263061440 kB
VmallocUsed:      132848 kB
VmallocChunk:          0 kB
Percpu:             2448 kB
CmaTotal:         405504 kB
CmaFree:               0 kB
MemTotal:        7918588 kB
MemFree:          163788 kB
MemAvailable:     844680 kB
Buffers:             712 kB
Cached:           778428 kB
SwapCached:         3416 kB
Active:          2929812 kB
Inactive:        2355656 kB
Active(anon):    2793456 kB
Inactive(anon):  1731780 kB
Active(file):     136356 kB
Inactive(file):   623876 kB
Unevictable:        6408 kB
Mlocked:            5968 kB
SwapTotal:       4718584 kB
SwapFree:        2691400 kB
Dirty:                28 kB
Writeback:             0 kB
AnonPages:       4512808 kB
Mapped:           587044 kB
Shmem:             14228 kB
KReclaimable:     310884 kB
Slab:             312284 kB
SReclaimable:      77940 kB
SUnreclaim:       234344 kB
KernelStack:       48960 kB
ShadowCallStack:   12264 kB
PageTables:        88276 kB
NFS_Unstable:          0 kB
Bounce:                0 kB
WritebackTmp:          0 kB
CommitLimit:     8677876 kB
Committed_AS:   78743132 kB
VmallocTotal:   263061440 kB
VmallocUsed:      132872 kB
VmallocChunk:          0 kB
Percpu:             2448 kB
CmaTotal:         405504 kB
CmaFree:               0 kB
MemTotal:        7918588 kB
MemFree:          160536 kB
MemAvailable:     836756 kB
Buffers:             720 kB
Cached:           778424 kB
SwapCached:         3420 kB
Active:          2999772 kB
Inactive:        2292120 kB
Active(anon):    2863416 kB
Inactive(anon):  1668236 kB
Active(file):     136356 kB
Inactive(file):   623884 kB
Unevictable:        6408 kB
Mlocked:            5968 kB
SwapTotal:       4718584 kB
SwapFree:        2628168 kB
Dirty:                84 kB
Writeback:             0 kB
AnonPages:       4519160 kB
Mapped:           587524 kB
Shmem:             14228 kB
KReclaimable:     306204 kB
Slab:             312248 kB
SReclaimable:      77940 kB
SUnreclaim:       234308 kB
KernelStack:       48928 kB
ShadowCallStack:   12256 kB
PageTables:        88452 kB
NFS_Unstable:          0 kB
Bounce:                0 kB
WritebackTmp:          0 kB
CommitLimit:     8677876 kB
Committed_AS:   78857820 kB
VmallocTotal:   263061440 kB
VmallocUsed:      132860 kB
VmallocChunk:          0 kB
Percpu:             2448 kB
CmaTotal:         405504 kB
CmaFree:               0 kB
MemTotal:        7918588 kB
MemFree:          162340 kB
MemAvailable:     843076 kB
Buffers:             720 kB
Cached:           785536 kB
SwapCached:         3416 kB
Active:          3036712 kB
Inactive:        2255532 kB
Active(anon):    2893312 kB
Inactive(anon):  1631648 kB
Active(file):     143400 kB
Inactive(file):   623884 kB
Unevictable:        6408 kB
Mlocked:            5968 kB
SwapTotal:       4718584 kB
SwapFree:        2592072 kB
Dirty:                84 kB
Writeback:             0 kB
AnonPages:       4512468 kB
