MemTotal:        7918588 kB
MemFree:         2195404 kB
MemAvailable:    4228628 kB
Buffers:            6136 kB
Cached:          2046548 kB
SwapCached:         7208 kB
Active:           572884 kB
Inactive:        2741412 kB
Active(anon):     329680 kB
Inactive(anon):   958684 kB
Active(file):     243204 kB
Inactive(file):  1782728 kB
Unevictable:        6108 kB
Mlocked:            5668 kB
SwapTotal:       4718584 kB
SwapFree:        4550904 kB
Dirty:            144992 kB
Writeback:             0 kB
AnonPages:       1263792 kB
Mapped:           811880 kB
Shmem:             22164 kB
KReclaimable:     397516 kB
Slab:             315284 kB
SReclaimable:      86784 kB
SUnreclaim:       228500 kB
KernelStack:       50768 kB
ShadowCallStack:   12716 kB
PageTables:        69568 kB
NFS_Unstable:          0 kB
Bounce:                0 kB
WritebackTmp:          0 kB
CommitLimit:     8677876 kB
Committed_AS:   74052656 kB
VmallocTotal:   263061440 kB
VmallocUsed:      135420 kB
VmallocChunk:          0 kB
Percpu:             2448 kB
CmaTotal:         405504 kB
CmaFree:          308336 kB
MemTotal:        7918588 kB
MemFree:         2201888 kB
MemAvailable:    4663852 kB
Buffers:            6152 kB
Cached:          2056944 kB
SwapCached:         7276 kB
Active:           566716 kB
Inactive:        2741828 kB
Active(anon):     314144 kB
Inactive(anon):   958516 kB
Active(file):     252572 kB
Inactive(file):  1783312 kB
Unevictable:        6108 kB
Mlocked:            5668 kB
SwapTotal:       4718584 kB
SwapFree:        4551672 kB
Dirty:            144996 kB
Writeback:             0 kB
AnonPages:       1247488 kB
Mapped:           852336 kB
Shmem:             22624 kB
KReclaimable:     816304 kB
Slab:             315200 kB
SReclaimable:      86740 kB
SUnreclaim:       228460 kB
KernelStack:       51088 kB
ShadowCallStack:   12796 kB
PageTables:        69348 kB
NFS_Unstable:          0 kB
Bounce:                0 kB
WritebackTmp:          0 kB
CommitLimit:     8677876 kB
Committed_AS:   74135080 kB
VmallocTotal:   263061440 kB
VmallocUsed:      135788 kB
VmallocChunk:          0 kB
Percpu:             2448 kB
CmaTotal:         405504 kB
CmaFree:          308336 kB
MemTotal:        7918588 kB
MemFree:         2173416 kB
MemAvailable:    4419236 kB
Buffers:            6196 kB
Cached:          2056992 kB
SwapCached:         7300 kB
Active:           592664 kB
Inactive:        2741872 kB
Active(anon):     340092 kB
Inactive(anon):   958504 kB
Active(file):     252572 kB
Inactive(file):  1783368 kB
Unevictable:        6108 kB
Mlocked:            5668 kB
SwapTotal:       4718584 kB
SwapFree:        4551672 kB
Dirty:            145040 kB
Writeback:             0 kB
AnonPages:       1273220 kB
Mapped:           863580 kB
Shmem:             22660 kB
KReclaimable:     600104 kB
Slab:             315500 kB
SReclaimable:      86772 kB
SUnreclaim:       228728 kB
KernelStack:       51152 kB
ShadowCallStack:   12780 kB
PageTables:        69932 kB
NFS_Unstable:          0 kB
Bounce:                0 kB
WritebackTmp:          0 kB
CommitLimit:     8677876 kB
Committed_AS:   74164764 kB
VmallocTotal:   263061440 kB
VmallocUsed:      135928 kB
VmallocChunk:          0 kB
Percpu:             2448 kB
CmaTotal:         405504 kB
CmaFree:          308328 kB
MemTotal:        7918588 kB
MemFree:         2169200 kB
MemAvailable:    4414184 kB
Buffers:            6204 kB
Cached:          2057036 kB
SwapCached:         7300 kB
Active:           596176 kB
Inactive:        2741916 kB
Active(anon):     343604 kB
Inactive(anon):   958504 kB
Active(file):     252572 kB
Inactive(file):  1783412 kB
Unevictable:        6108 kB
Mlocked:            5668 kB
SwapTotal:       4718584 kB
SwapFree:        4551672 kB
Dirty:            144908 kB
Writeback:             0 kB
AnonPages:       1276944 kB
Mapped:           864300 kB
Shmem:             22668 kB
KReclaimable:     599224 kB
Slab:             315724 kB
SReclaimable:      86788 kB
SUnreclaim:       228936 kB
KernelStack:       51168 kB
ShadowCallStack:   12816 kB
PageTables:        69884 kB
NFS_Unstable:          0 kB
Bounce:                0 kB
WritebackTmp:          0 kB
CommitLimit:     8677876 kB
Committed_AS:   74164764 kB
VmallocTotal:   263061440 kB
VmallocUsed:      135940 kB
VmallocChunk:          0 kB
Percpu:             2448 kB
CmaTotal:         405504 kB
CmaFree:          308336 kB
MemTotal:        7918588 kB
MemFree:         2177000 kB
MemAvailable:    4421988 kB
Buffers:            6204 kB
Cached:          2057044 kB
SwapCached:         7308 kB
Active:           610060 kB
Inactive:        2721892 kB
Active(anon):     357488 kB
Inactive(anon):   938476 kB
Active(file):     252572 kB
Inactive(file):  1783416 kB
Unevictable:        6108 kB
Mlocked:            5668 kB
SwapTotal:       4718584 kB
SwapFree:        4551672 kB
Dirty:            144920 kB
Writeback:             0 kB
AnonPages:       1270484 kB
Mapped:           865104 kB
Shmem:             22672 kB
KReclaimable:     599224 kB
Slab:             315640 kB
SReclaimable:      86788 kB
SUnreclaim:       228852 kB
KernelStack:       51184 kB
ShadowCallStack:   12808 kB
PageTables:        69904 kB
NFS_Unstable:          0 kB
Bounce:                0 kB
WritebackTmp:          0 kB
CommitLimit:     8677876 kB
Committed_AS:   74164712 kB
VmallocTotal:   263061440 kB
VmallocUsed:      135920 kB
VmallocChunk:          0 kB
Percpu:             2448 kB
CmaTotal:         405504 kB
CmaFree:          309204 kB
MemTotal:        7918588 kB
MemFree:         2183856 kB
MemAvailable:    4449128 kB
Buffers:            6212 kB
Cached:          2057172 kB
SwapCached:         7308 kB
Active:           604464 kB
Inactive:        2721104 kB
Active(anon):     351800 kB
Inactive(anon):   937668 kB
Active(file):     252664 kB
Inactive(file):  1783436 kB
Unevictable:        6108 kB
Mlocked:            5668 kB
SwapTotal:       4718584 kB
SwapFree:        4551672 kB
Dirty:            144856 kB
Writeback:            80 kB
AnonPages:       1264220 kB
Mapped:           865120 kB
Shmem:             22696 kB
KReclaimable:     619396 kB
Slab:             315548 kB
SReclaimable:      86804 kB
SUnreclaim:       228744 kB
KernelStack:       50976 kB
ShadowCallStack:   12784 kB
PageTables:        69852 kB
NFS_Unstable:          0 kB
Bounce:                0 kB
WritebackTmp:          0 kB
CommitLimit:     8677876 kB
Committed_AS:   74164248 kB
VmallocTotal:   263061440 kB
VmallocUsed:      135476 kB
VmallocChunk:          0 kB
Percpu:             2448 kB
CmaTotal:         405504 kB
CmaFree:          309360 kB
MemTotal:        7918588 kB
MemFree:         2164392 kB
MemAvailable:    4429672 kB
Buffers:            6212 kB
Cached:          2057180 kB
SwapCached:         7308 kB
Active:           624408 kB
Inactive:        2721112 kB
Active(anon):     371744 kB
Inactive(anon):   937668 kB
Active(file):     252664 kB
Inactive(file):  1783444 kB
Unevictable:        6108 kB
Mlocked:            5668 kB
SwapTotal:       4718584 kB
SwapFree:        4551672 kB
Dirty:            144760 kB
Writeback:             0 kB
AnonPages:       1283756 kB
Mapped:           866836 kB
Shmem:             22696 kB
KReclaimable:     619396 kB
Slab:             315652 kB
SReclaimable:      86804 kB
SUnreclaim:       228848 kB
KernelStack:       50976 kB
ShadowCallStack:   12784 kB
PageTables:        70012 kB
NFS_Unstable:          0 kB
Bounce:                0 kB
WritebackTmp:          0 kB
CommitLimit:     8677876 kB
Committed_AS:   74184824 kB
VmallocTotal:   263061440 kB
VmallocUsed:      135460 kB
VmallocChunk:          0 kB
Percpu:             2448 kB
CmaTotal:         405504 kB
CmaFree:          309360 kB
MemTotal:        7918588 kB
MemFree:         2059720 kB
MemAvailable:    4325548 kB
Buffers:            6216 kB
Cached:          2058072 kB
SwapCached:         7308 kB
Active:           729364 kB
Inactive:        2721112 kB
Active(anon):     475808 kB
Inactive(anon):   937664 kB
Active(file):     253556 kB
Inactive(file):  1783448 kB
Unevictable:        6108 kB
Mlocked:            5668 kB
SwapTotal:       4718584 kB
SwapFree:        4551672 kB
Dirty:            144764 kB
Writeback:             0 kB
AnonPages:       1388232 kB
Mapped:           880252 kB
Shmem:             22696 kB
KReclaimable:     619300 kB
Slab:             315692 kB
SReclaimable:      86836 kB
SUnreclaim:       228856 kB
KernelStack:       50976 kB
ShadowCallStack:   12776 kB
PageTables:        70040 kB
NFS_Unstable:          0 kB
Bounce:                0 kB
WritebackTmp:          0 kB
CommitLimit:     8677876 kB
Committed_AS:   74404888 kB
VmallocTotal:   263061440 kB
VmallocUsed:      135464 kB
VmallocChunk:          0 kB
Percpu:             2448 kB
CmaTotal:         405504 kB
CmaFree:          309360 kB
MemTotal:        7918588 kB
MemFree:         1950408 kB
MemAvailable:    4148584 kB
Buffers:            6216 kB
Cached:          2058120 kB
SwapCached:         7320 kB
Active:           836704 kB
Inactive:        2721144 kB
Active(anon):     583132 kB
Inactive(anon):   937664 kB
Active(file):     253572 kB
Inactive(file):  1783480 kB
Unevictable:        6108 kB
Mlocked:            5668 kB
SwapTotal:       4718584 kB
SwapFree:        4551672 kB
Dirty:            144796 kB
Writeback:             0 kB
AnonPages:       1495476 kB
Mapped:           952672 kB
Shmem:             22696 kB
KReclaimable:     551600 kB
Slab:             316196 kB
SReclaimable:      86852 kB
SUnreclaim:       229344 kB
KernelStack:       51072 kB
ShadowCallStack:   12780 kB
PageTables:        70552 kB
NFS_Unstable:          0 kB
Bounce:                0 kB
WritebackTmp:          0 kB
CommitLimit:     8677876 kB
Committed_AS:   74546696 kB
VmallocTotal:   263061440 kB
VmallocUsed:      135504 kB
VmallocChunk:          0 kB
Percpu:             2448 kB
CmaTotal:         405504 kB
CmaFree:          309360 kB
MemTotal:        7918588 kB
MemFree:         1894200 kB
MemAvailable:    4043736 kB
Buffers:            6248 kB
Cached:          2058220 kB
SwapCached:         7328 kB
Active:           892304 kB
Inactive:        2720828 kB
Active(anon):     638732 kB
Inactive(anon):   937220 kB
Active(file):     253572 kB
Inactive(file):  1783608 kB
Unevictable:        6108 kB
Mlocked:            5668 kB
SwapTotal:       4718584 kB
SwapFree:        4551672 kB
Dirty:            144896 kB
Writeback:             0 kB
AnonPages:       1550636 kB
Mapped:           975404 kB
Shmem:             22700 kB
KReclaimable:     502580 kB
Slab:             316244 kB
SReclaimable:      86724 kB
SUnreclaim:       229520 kB
KernelStack:       51056 kB
ShadowCallStack:   12796 kB
PageTables:        71032 kB
NFS_Unstable:          0 kB
Bounce:                0 kB
WritebackTmp:          0 kB
CommitLimit:     8677876 kB
Committed_AS:   74703512 kB
VmallocTotal:   263061440 kB
VmallocUsed:      135556 kB
VmallocChunk:          0 kB
Percpu:             2448 kB
CmaTotal:         405504 kB
CmaFree:          309372 kB
MemTotal:        7918588 kB
MemFree:         1792828 kB
MemAvailable:    3941060 kB
Buffers:            6248 kB
Cached:          2058232 kB
SwapCached:         7328 kB
Active:           993988 kB
Inactive:        2720828 kB
Active(anon):     740416 kB
Inactive(anon):   937220 kB
Active(file):     253572 kB
Inactive(file):  1783608 kB
Unevictable:        6108 kB
Mlocked:            5668 kB
SwapTotal:       4718584 kB
SwapFree:        4551672 kB
Dirty:             18360 kB
Writeback:             0 kB
AnonPages:       1652264 kB
Mapped:           977068 kB
Shmem:             22712 kB
KReclaimable:     501276 kB
Slab:             316328 kB
SReclaimable:      86724 kB
SUnreclaim:       229604 kB
KernelStack:       51056 kB
ShadowCallStack:   12788 kB
PageTables:        71548 kB
NFS_Unstable:          0 kB
Bounce:                0 kB
WritebackTmp:          0 kB
CommitLimit:     8677876 kB
Committed_AS:   74949284 kB
VmallocTotal:   263061440 kB
VmallocUsed:      135560 kB
VmallocChunk:          0 kB
Percpu:             2448 kB
CmaTotal:         405504 kB
CmaFree:          309372 kB
MemTotal:        7918588 kB
MemFree:         1710152 kB
MemAvailable:    3857368 kB
Buffers:            6248 kB
Cached:          2058232 kB
SwapCached:         7328 kB
Active:          1076356 kB
Inactive:        2720400 kB
Active(anon):     822784 kB
Inactive(anon):   936792 kB
Active(file):     253572 kB
Inactive(file):  1783608 kB
Unevictable:        6108 kB
Mlocked:            5668 kB
SwapTotal:       4718584 kB
SwapFree:        4551672 kB
Dirty:             18364 kB
Writeback:             0 kB
AnonPages:       1734176 kB
Mapped:           977644 kB
Shmem:             22712 kB
KReclaimable:     500260 kB
Slab:             316288 kB
SReclaimable:      86724 kB
SUnreclaim:       229564 kB
KernelStack:       51056 kB
ShadowCallStack:   12800 kB
PageTables:        71960 kB
NFS_Unstable:          0 kB
Bounce:                0 kB
WritebackTmp:          0 kB
CommitLimit:     8677876 kB
Committed_AS:   75162280 kB
VmallocTotal:   263061440 kB
VmallocUsed:      135552 kB
VmallocChunk:          0 kB
Percpu:             2448 kB
CmaTotal:         405504 kB
CmaFree:          247428 kB
MemTotal:        7918588 kB
MemFree:         1621700 kB
MemAvailable:    3759488 kB
Buffers:            6248 kB
Cached:          2058236 kB
SwapCached:         7328 kB
Active:          1164164 kB
Inactive:        2720352 kB
Active(anon):     910592 kB
Inactive(anon):   936744 kB
Active(file):     253572 kB
Inactive(file):  1783608 kB
Unevictable:        6108 kB
Mlocked:            5668 kB
SwapTotal:       4718584 kB
SwapFree:        4551672 kB
Dirty:             18364 kB
Writeback:             0 kB
AnonPages:       1822044 kB
Mapped:           978172 kB
Shmem:             22716 kB
KReclaimable:     490832 kB
Slab:             316216 kB
SReclaimable:      86724 kB
SUnreclaim:       229492 kB
KernelStack:       51024 kB
ShadowCallStack:   12812 kB
PageTables:        72392 kB
NFS_Unstable:          0 kB
Bounce:                0 kB
WritebackTmp:          0 kB
CommitLimit:     8677876 kB
Committed_AS:   75391540 kB
VmallocTotal:   263061440 kB
VmallocUsed:      135536 kB
VmallocChunk:          0 kB
Percpu:             2448 kB
CmaTotal:         405504 kB
CmaFree:          159292 kB
MemTotal:        7918588 kB
MemFree:         1537560 kB
MemAvailable:    3674352 kB
Buffers:            6248 kB
Cached:          2058192 kB
SwapCached:         7328 kB
Active:          1256208 kB
Inactive:        2713020 kB
Active(anon):    1002636 kB
Inactive(anon):   929392 kB
Active(file):     253572 kB
Inactive(file):  1783628 kB
Unevictable:        6108 kB
Mlocked:            5668 kB
SwapTotal:       4718584 kB
SwapFree:        4551672 kB
Dirty:             18384 kB
Writeback:             0 kB
AnonPages:       1906688 kB
Mapped:           979128 kB
Shmem:             22652 kB
KReclaimable:     489816 kB
Slab:             316352 kB
SReclaimable:      86724 kB
SUnreclaim:       229628 kB
KernelStack:       51008 kB
ShadowCallStack:   12772 kB
PageTables:        72796 kB
NFS_Unstable:          0 kB
Bounce:                0 kB
WritebackTmp:          0 kB
CommitLimit:     8677876 kB
Committed_AS:   75588104 kB
VmallocTotal:   263061440 kB
VmallocUsed:      135520 kB
VmallocChunk:          0 kB
Percpu:             2448 kB
CmaTotal:         405504 kB
CmaFree:           69240 kB
MemTotal:        7918588 kB
MemFree:         1462008 kB
MemAvailable:    3597668 kB
Buffers:            6248 kB
Cached:          2058208 kB
SwapCached:         7328 kB
Active:          1332584 kB
Inactive:        2712644 kB
Active(anon):    1079012 kB
Inactive(anon):   929004 kB
Active(file):     253572 kB
Inactive(file):  1783640 kB
Unevictable:        6108 kB
Mlocked:            5668 kB
SwapTotal:       4718584 kB
SwapFree:        4551672 kB
Dirty:             18392 kB
Writeback:             0 kB
AnonPages:       1982912 kB
Mapped:           979776 kB
Shmem:             22656 kB
KReclaimable:     488672 kB
Slab:             316448 kB
SReclaimable:      86740 kB
SUnreclaim:       229708 kB
KernelStack:       51040 kB
ShadowCallStack:   12796 kB
PageTables:        73092 kB
NFS_Unstable:          0 kB
Bounce:                0 kB
WritebackTmp:          0 kB
CommitLimit:     8677876 kB
Committed_AS:   75751952 kB
VmallocTotal:   263061440 kB
VmallocUsed:      135516 kB
VmallocChunk:          0 kB
Percpu:             2448 kB
CmaTotal:         405504 kB
CmaFree:              16 kB
MemTotal:        7918588 kB
MemFree:         1399272 kB
MemAvailable:    3534112 kB
Buffers:            6260 kB
Cached:          2058212 kB
SwapCached:         7328 kB
Active:          1396852 kB
Inactive:        2710512 kB
Active(anon):    1143280 kB
Inactive(anon):   926860 kB
Active(file):     253572 kB
Inactive(file):  1783652 kB
Unevictable:        6108 kB
Mlocked:            5668 kB
SwapTotal:       4718584 kB
SwapFree:        4551672 kB
Dirty:             18396 kB
Writeback:             0 kB
AnonPages:       2044916 kB
Mapped:           980420 kB
Shmem:             22660 kB
KReclaimable:     487840 kB
Slab:             316624 kB
SReclaimable:      86756 kB
SUnreclaim:       229868 kB
KernelStack:       51040 kB
ShadowCallStack:   12784 kB
PageTables:        73560 kB
NFS_Unstable:          0 kB
Bounce:                0 kB
WritebackTmp:          0 kB
CommitLimit:     8677876 kB
Committed_AS:   75899408 kB
VmallocTotal:   263061440 kB
VmallocUsed:      135504 kB
VmallocChunk:          0 kB
Percpu:             2448 kB
CmaTotal:         405504 kB
CmaFree:               0 kB
MemTotal:        7918588 kB
MemFree:         1393396 kB
MemAvailable:    3528196 kB
Buffers:            6260 kB
Cached:          2058212 kB
SwapCached:         7328 kB
Active:          1402724 kB
Inactive:        2710512 kB
Active(anon):    1149152 kB
Inactive(anon):   926860 kB
Active(file):     253572 kB
Inactive(file):  1783652 kB
Unevictable:        6108 kB
Mlocked:            5668 kB
SwapTotal:       4718584 kB
SwapFree:        4551672 kB
Dirty:             18396 kB
Writeback:             0 kB
AnonPages:       2050816 kB
Mapped:           980636 kB
Shmem:             22660 kB
KReclaimable:     487800 kB
Slab:             316500 kB
SReclaimable:      86756 kB
SUnreclaim:       229744 kB
KernelStack:       51056 kB
ShadowCallStack:   12784 kB
PageTables:        73524 kB
NFS_Unstable:          0 kB
Bounce:                0 kB
WritebackTmp:          0 kB
CommitLimit:     8677876 kB
Committed_AS:   75899408 kB
VmallocTotal:   263061440 kB
VmallocUsed:      135528 kB
VmallocChunk:          0 kB
Percpu:             2448 kB
CmaTotal:         405504 kB
CmaFree:               0 kB
MemTotal:        7918588 kB
MemFree:         1332124 kB
MemAvailable:    3346588 kB
Buffers:            6260 kB
Cached:          2058236 kB
SwapCached:         7328 kB
Active:          1464692 kB
Inactive:        2710508 kB
Active(anon):    1211120 kB
Inactive(anon):   926856 kB
Active(file):     253572 kB
Inactive(file):  1783652 kB
Unevictable:        6108 kB
Mlocked:            5668 kB
SwapTotal:       4718584 kB
SwapFree:        4551928 kB
Dirty:             18396 kB
Writeback:             0 kB
AnonPages:       2112752 kB
Mapped:           981156 kB
Shmem:             22684 kB
KReclaimable:     367464 kB
Slab:             316672 kB
SReclaimable:      86756 kB
SUnreclaim:       229916 kB
KernelStack:       51152 kB
ShadowCallStack:   12812 kB
PageTables:        73732 kB
NFS_Unstable:          0 kB
Bounce:                0 kB
WritebackTmp:          0 kB
CommitLimit:     8677876 kB
Committed_AS:   75998108 kB
VmallocTotal:   263061440 kB
VmallocUsed:      135652 kB
VmallocChunk:          0 kB
Percpu:             2448 kB
CmaTotal:         405504 kB
CmaFree:               0 kB
MemTotal:        7918588 kB
MemFree:         1297544 kB
MemAvailable:    3310200 kB
Buffers:            6260 kB
Cached:          2058284 kB
SwapCached:         7328 kB
Active:          1498272 kB
Inactive:        2710508 kB
Active(anon):    1244700 kB
Inactive(anon):   926856 kB
Active(file):     253572 kB
Inactive(file):  1783652 kB
Unevictable:        6108 kB
Mlocked:            5668 kB
SwapTotal:       4718584 kB
SwapFree:        4551928 kB
Dirty:             18396 kB
Writeback:             0 kB
AnonPages:       2145936 kB
Mapped:           981824 kB
Shmem:             22732 kB
KReclaimable:     365656 kB
Slab:             316836 kB
SReclaimable:      86756 kB
SUnreclaim:       230080 kB
KernelStack:       51136 kB
ShadowCallStack:   12824 kB
PageTables:        73748 kB
NFS_Unstable:          0 kB
Bounce:                0 kB
WritebackTmp:          0 kB
CommitLimit:     8677876 kB
Committed_AS:   76047260 kB
VmallocTotal:   263061440 kB
VmallocUsed:      135676 kB
VmallocChunk:          0 kB
Percpu:             2448 kB
CmaTotal:         405504 kB
CmaFree:               4 kB
MemTotal:        7918588 kB
MemFree:         1334912 kB
MemAvailable:    3468764 kB
Buffers:            6260 kB
Cached:          2058228 kB
SwapCached:         7328 kB
Active:          1461328 kB
Inactive:        2710276 kB
Active(anon):    1207756 kB
Inactive(anon):   926612 kB
Active(file):     253572 kB
Inactive(file):  1783664 kB
Unevictable:        6108 kB
Mlocked:            5668 kB
SwapTotal:       4718584 kB
SwapFree:        4551928 kB
Dirty:             18408 kB
Writeback:             0 kB
AnonPages:       2109084 kB
Mapped:           981180 kB
Shmem:             22664 kB
KReclaimable:     486840 kB
Slab:             316660 kB
SReclaimable:      86756 kB
SUnreclaim:       229904 kB
KernelStack:       51040 kB
ShadowCallStack:   12784 kB
PageTables:        73756 kB
NFS_Unstable:          0 kB
Bounce:                0 kB
WritebackTmp:          0 kB
CommitLimit:     8677876 kB
Committed_AS:   76046868 kB
VmallocTotal:   263061440 kB
VmallocUsed:      135516 kB
VmallocChunk:          0 kB
Percpu:             2448 kB
CmaTotal:         405504 kB
CmaFree:               0 kB
MemTotal:        7918588 kB
MemFree:         1280912 kB
MemAvailable:    3413964 kB
Buffers:            6260 kB
Cached:          2058228 kB
SwapCached:         7328 kB
Active:          1514860 kB
Inactive:        2710264 kB
Active(anon):    1261288 kB
Inactive(anon):   926600 kB
Active(file):     253572 kB
Inactive(file):  1783664 kB
Unevictable:        6108 kB
Mlocked:            5668 kB
SwapTotal:       4718584 kB
SwapFree:        4551928 kB
Dirty:             18408 kB
Writeback:             0 kB
AnonPages:       2162592 kB
Mapped:           981680 kB
Shmem:             22664 kB
KReclaimable:     486040 kB
Slab:             316708 kB
SReclaimable:      86756 kB
SUnreclaim:       229952 kB
KernelStack:       51024 kB
ShadowCallStack:   12772 kB
PageTables:        73988 kB
NFS_Unstable:          0 kB
Bounce:                0 kB
WritebackTmp:          0 kB
CommitLimit:     8677876 kB
Committed_AS:   76194324 kB
VmallocTotal:   263061440 kB
VmallocUsed:      135488 kB
VmallocChunk:          0 kB
Percpu:             2448 kB
CmaTotal:         405504 kB
CmaFree:               0 kB
MemTotal:        7918588 kB
MemFree:         1278056 kB
MemAvailable:    3411256 kB
Buffers:            6268 kB
Cached:          2058476 kB
SwapCached:         7328 kB
Active:          1517252 kB
Inactive:        2710264 kB
Active(anon):    1263428 kB
Inactive(anon):   926600 kB
Active(file):     253824 kB
Inactive(file):  1783664 kB
Unevictable:        6108 kB
Mlocked:            5668 kB
SwapTotal:       4718584 kB
SwapFree:        4551928 kB
Dirty:             18408 kB
Writeback:             0 kB
AnonPages:       2164756 kB
Mapped:           981988 kB
Shmem:             22668 kB
KReclaimable:     485936 kB
Slab:             316716 kB
SReclaimable:      86756 kB
SUnreclaim:       229960 kB
KernelStack:       50992 kB
ShadowCallStack:   12800 kB
PageTables:        74000 kB
NFS_Unstable:          0 kB
Bounce:                0 kB
WritebackTmp:          0 kB
CommitLimit:     8677876 kB
Committed_AS:   76194328 kB
VmallocTotal:   263061440 kB
VmallocUsed:      135504 kB
VmallocChunk:          0 kB
Percpu:             2448 kB
CmaTotal:         405504 kB
CmaFree:               4 kB
MemTotal:        7918588 kB
MemFree:         1269828 kB
MemAvailable:    3402916 kB
Buffers:            6268 kB
Cached:          2058488 kB
SwapCached:         7328 kB
Active:          1524600 kB
Inactive:        2710276 kB
Active(anon):    1270776 kB
Inactive(anon):   926600 kB
Active(file):     253824 kB
Inactive(file):  1783676 kB
Unevictable:        6108 kB
Mlocked:            5668 kB
SwapTotal:       4718584 kB
SwapFree:        4551928 kB
Dirty:             18432 kB
Writeback:             0 kB
AnonPages:       2172088 kB
Mapped:           982440 kB
Shmem:             22668 kB
KReclaimable:     485812 kB
Slab:             316696 kB
SReclaimable:      86772 kB
SUnreclaim:       229924 kB
KernelStack:       51024 kB
ShadowCallStack:   12780 kB
PageTables:        74032 kB
NFS_Unstable:          0 kB
Bounce:                0 kB
WritebackTmp:          0 kB
CommitLimit:     8677876 kB
Committed_AS:   76227044 kB
VmallocTotal:   263061440 kB
VmallocUsed:      135516 kB
VmallocChunk:          0 kB
Percpu:             2448 kB
CmaTotal:         405504 kB
CmaFree:               0 kB
MemTotal:        7918588 kB
MemFree:         1223940 kB
MemAvailable:    3356156 kB
Buffers:            6268 kB
Cached:          2058488 kB
SwapCached:         7328 kB
Active:          1571744 kB
Inactive:        2710276 kB
Active(anon):    1317920 kB
Inactive(anon):   926600 kB
Active(file):     253824 kB
Inactive(file):  1783676 kB
Unevictable:        6108 kB
Mlocked:            5668 kB
SwapTotal:       4718584 kB
SwapFree:        4551928 kB
Dirty:             18432 kB
Writeback:             0 kB
AnonPages:       2219392 kB
Mapped:           982600 kB
Shmem:             22668 kB
KReclaimable:     484940 kB
Slab:             316712 kB
SReclaimable:      86772 kB
SUnreclaim:       229940 kB
KernelStack:       51024 kB
ShadowCallStack:   12780 kB
PageTables:        74264 kB
NFS_Unstable:          0 kB
Bounce:                0 kB
WritebackTmp:          0 kB
CommitLimit:     8677876 kB
Committed_AS:   76325348 kB
VmallocTotal:   263061440 kB
VmallocUsed:      135496 kB
VmallocChunk:          0 kB
Percpu:             2448 kB
CmaTotal:         405504 kB
CmaFree:               0 kB
MemTotal:        7918588 kB
MemFree:         1222272 kB
MemAvailable:    3354500 kB
Buffers:            6268 kB
Cached:          2058500 kB
SwapCached:         7328 kB
Active:          1572888 kB
Inactive:        2710116 kB
Active(anon):    1319064 kB
Inactive(anon):   926428 kB
Active(file):     253824 kB
Inactive(file):  1783688 kB
Unevictable:        6108 kB
Mlocked:            5668 kB
SwapTotal:       4718584 kB
SwapFree:        4551928 kB
Dirty:             18444 kB
Writeback:             0 kB
AnonPages:       2220264 kB
Mapped:           982744 kB
Shmem:             22668 kB
KReclaimable:     484940 kB
Slab:             316716 kB
SReclaimable:      86772 kB
SUnreclaim:       229944 kB
KernelStack:       51024 kB
ShadowCallStack:   12780 kB
PageTables:        74324 kB
NFS_Unstable:          0 kB
Bounce:                0 kB
WritebackTmp:          0 kB
CommitLimit:     8677876 kB
Committed_AS:   76325348 kB
VmallocTotal:   263061440 kB
VmallocUsed:      135496 kB
VmallocChunk:          0 kB
Percpu:             2448 kB
CmaTotal:         405504 kB
CmaFree:               0 kB
MemTotal:        7918588 kB
MemFree:         1191800 kB
MemAvailable:    3323396 kB
Buffers:            6268 kB
Cached:          2058500 kB
SwapCached:         7328 kB
Active:          1604612 kB
Inactive:        2710116 kB
Active(anon):    1350788 kB
Inactive(anon):   926428 kB
Active(file):     253824 kB
Inactive(file):  1783688 kB
Unevictable:        6108 kB
Mlocked:            5668 kB
SwapTotal:       4718584 kB
SwapFree:        4551928 kB
Dirty:             18444 kB
Writeback:             0 kB
AnonPages:       2252112 kB
Mapped:           983172 kB
Shmem:             22668 kB
KReclaimable:     484308 kB
Slab:             316756 kB
SReclaimable:      86772 kB
SUnreclaim:       229984 kB
KernelStack:       51040 kB
ShadowCallStack:   12792 kB
PageTables:        74364 kB
NFS_Unstable:          0 kB
Bounce:                0 kB
WritebackTmp:          0 kB
CommitLimit:     8677876 kB
Committed_AS:   76407268 kB
VmallocTotal:   263061440 kB
VmallocUsed:      135496 kB
VmallocChunk:          0 kB
Percpu:             2448 kB
CmaTotal:         405504 kB
CmaFree:              20 kB
MemTotal:        7918588 kB
MemFree:         1165460 kB
MemAvailable:    3296656 kB
Buffers:            6268 kB
Cached:          2058500 kB
SwapCached:         7328 kB
Active:          1629652 kB
Inactive:        2710116 kB
Active(anon):    1375828 kB
Inactive(anon):   926428 kB
Active(file):     253824 kB
Inactive(file):  1783688 kB
Unevictable:        6108 kB
Mlocked:            5668 kB
SwapTotal:       4718584 kB
SwapFree:        4551928 kB
Dirty:             18444 kB
Writeback:             0 kB
AnonPages:       2277000 kB
Mapped:           983288 kB
Shmem:             22668 kB
KReclaimable:     483908 kB
Slab:             316764 kB
SReclaimable:      86772 kB
SUnreclaim:       229992 kB
KernelStack:       51024 kB
ShadowCallStack:   12772 kB
PageTables:        74468 kB
NFS_Unstable:          0 kB
Bounce:                0 kB
WritebackTmp:          0 kB
CommitLimit:     8677876 kB
Committed_AS:   76456424 kB
VmallocTotal:   263061440 kB
VmallocUsed:      135516 kB
VmallocChunk:          0 kB
Percpu:             2448 kB
CmaTotal:         405504 kB
CmaFree:               0 kB
MemTotal:        7918588 kB
MemFree:         1163948 kB
MemAvailable:    3295152 kB
Buffers:            6276 kB
Cached:          2058504 kB
SwapCached:         7328 kB
Active:          1630516 kB
Inactive:        2710124 kB
Active(anon):    1376692 kB
Inactive(anon):   926428 kB
Active(file):     253824 kB
Inactive(file):  1783696 kB
Unevictable:        6108 kB
Mlocked:            5668 kB
SwapTotal:       4718584 kB
SwapFree:        4551928 kB
Dirty:             18444 kB
Writeback:             0 kB
AnonPages:       2277824 kB
Mapped:           983464 kB
Shmem:             22672 kB
KReclaimable:     483908 kB
Slab:             316896 kB
SReclaimable:      86772 kB
SUnreclaim:       230124 kB
KernelStack:       51024 kB
ShadowCallStack:   12796 kB
PageTables:        74476 kB
NFS_Unstable:          0 kB
Bounce:                0 kB
WritebackTmp:          0 kB
CommitLimit:     8677876 kB
Committed_AS:   76456428 kB
VmallocTotal:   263061440 kB
VmallocUsed:      135484 kB
VmallocChunk:          0 kB
Percpu:             2448 kB
CmaTotal:         405504 kB
CmaFree:               0 kB
MemTotal:        7918588 kB
MemFree:         1112508 kB
MemAvailable:    3243008 kB
Buffers:            6284 kB
Cached:          2058496 kB
SwapCached:         7328 kB
Active:          1682584 kB
Inactive:        2710124 kB
Active(anon):    1428760 kB
Inactive(anon):   926428 kB
Active(file):     253824 kB
Inactive(file):  1783696 kB
Unevictable:        6108 kB
Mlocked:            5668 kB
SwapTotal:       4718584 kB
SwapFree:        4551928 kB
Dirty:             18444 kB
Writeback:             0 kB
AnonPages:       2330176 kB
Mapped:           983864 kB
Shmem:             22672 kB
KReclaimable:     483204 kB
Slab:             316732 kB
SReclaimable:      86772 kB
SUnreclaim:       229960 kB
KernelStack:       51008 kB
ShadowCallStack:   12772 kB
PageTables:        74812 kB
NFS_Unstable:          0 kB
Bounce:                0 kB
WritebackTmp:          0 kB
CommitLimit:     8677876 kB
Committed_AS:   76571112 kB
VmallocTotal:   263061440 kB
VmallocUsed:      135500 kB
VmallocChunk:          0 kB
Percpu:             2448 kB
CmaTotal:         405504 kB
CmaFree:               0 kB
MemTotal:        7918588 kB
MemFree:         1107564 kB
MemAvailable:    3238724 kB
Buffers:            6284 kB
Cached:          2058612 kB
SwapCached:         7332 kB
Active:          1685876 kB
Inactive:        2710144 kB
Active(anon):    1431956 kB
Inactive(anon):   926428 kB
Active(file):     253920 kB
Inactive(file):  1783716 kB
Unevictable:        6108 kB
Mlocked:            5668 kB
SwapTotal:       4718584 kB
SwapFree:        4551928 kB
Dirty:             18456 kB
Writeback:             0 kB
AnonPages:       2333148 kB
Mapped:           984412 kB
Shmem:             22672 kB
KReclaimable:     483748 kB
Slab:             317516 kB
SReclaimable:      87396 kB
SUnreclaim:       230120 kB
KernelStack:       51024 kB
ShadowCallStack:   12780 kB
PageTables:        74796 kB
NFS_Unstable:          0 kB
Bounce:                0 kB
WritebackTmp:          0 kB
CommitLimit:     8677876 kB
Committed_AS:   76571112 kB
VmallocTotal:   263061440 kB
VmallocUsed:      135492 kB
VmallocChunk:          0 kB
Percpu:             2448 kB
CmaTotal:         405504 kB
CmaFree:               0 kB
MemTotal:        7918588 kB
MemFree:         1097372 kB
MemAvailable:    3228260 kB
Buffers:            6284 kB
Cached:          2058612 kB
SwapCached:         7332 kB
Active:          1697232 kB
Inactive:        2710144 kB
Active(anon):    1443312 kB
Inactive(anon):   926428 kB
Active(file):     253920 kB
Inactive(file):  1783716 kB
Unevictable:        6108 kB
Mlocked:            5668 kB
SwapTotal:       4718584 kB
SwapFree:        4551928 kB
Dirty:             18456 kB
Writeback:             0 kB
AnonPages:       2344568 kB
Mapped:           984544 kB
Shmem:             22672 kB
KReclaimable:     483476 kB
Slab:             317560 kB
SReclaimable:      87396 kB
SUnreclaim:       230164 kB
KernelStack:       50976 kB
ShadowCallStack:   12764 kB
PageTables:        74876 kB
NFS_Unstable:          0 kB
Bounce:                0 kB
WritebackTmp:          0 kB
CommitLimit:     8677876 kB
Committed_AS:   76636544 kB
VmallocTotal:   263061440 kB
VmallocUsed:      135456 kB
VmallocChunk:          0 kB
Percpu:             2448 kB
CmaTotal:         405504 kB
CmaFree:               0 kB
MemTotal:        7918588 kB
MemFree:         1051860 kB
MemAvailable:    3182248 kB
Buffers:            6316 kB
Cached:          2058676 kB
SwapCached:         7332 kB
Active:          1743072 kB
Inactive:        2710220 kB
Active(anon):    1489152 kB
Inactive(anon):   926428 kB
Active(file):     253920 kB
Inactive(file):  1783792 kB
Unevictable:        6108 kB
Mlocked:            5668 kB
SwapTotal:       4718584 kB
SwapFree:        4551928 kB
Dirty:               208 kB
Writeback:             0 kB
AnonPages:       2390480 kB
Mapped:           984940 kB
Shmem:             22692 kB
KReclaimable:     482900 kB
Slab:             317452 kB
SReclaimable:      87412 kB
SUnreclaim:       230040 kB
KernelStack:       50960 kB
ShadowCallStack:   12772 kB
PageTables:        75016 kB
NFS_Unstable:          0 kB
Bounce:                0 kB
WritebackTmp:          0 kB
CommitLimit:     8677876 kB
Committed_AS:   76734816 kB
VmallocTotal:   263061440 kB
VmallocUsed:      135436 kB
VmallocChunk:          0 kB
Percpu:             2448 kB
CmaTotal:         405504 kB
CmaFree:               0 kB
MemTotal:        7918588 kB
MemFree:         1049568 kB
MemAvailable:    3180020 kB
Buffers:            6316 kB
Cached:          2058736 kB
SwapCached:         7332 kB
Active:          1743472 kB
Inactive:        2710196 kB
Active(anon):    1489492 kB
Inactive(anon):   926404 kB
Active(file):     253980 kB
Inactive(file):  1783792 kB
Unevictable:        6108 kB
Mlocked:            5668 kB
SwapTotal:       4718584 kB
SwapFree:        4552184 kB
Dirty:               220 kB
Writeback:             0 kB
AnonPages:       2390424 kB
Mapped:           984868 kB
Shmem:             22692 kB
KReclaimable:     482904 kB
Slab:             317448 kB
SReclaimable:      87416 kB
SUnreclaim:       230032 kB
KernelStack:       50784 kB
ShadowCallStack:   12712 kB
PageTables:        74968 kB
NFS_Unstable:          0 kB
Bounce:                0 kB
WritebackTmp:          0 kB
CommitLimit:     8677876 kB
Committed_AS:   76734140 kB
VmallocTotal:   263061440 kB
VmallocUsed:      135180 kB
VmallocChunk:          0 kB
Percpu:             2448 kB
CmaTotal:         405504 kB
CmaFree:               0 kB
MemTotal:        7918588 kB
MemFree:         1017848 kB
MemAvailable:    3147756 kB
Buffers:            6316 kB
Cached:          2058740 kB
SwapCached:         7332 kB
Active:          1776224 kB
Inactive:        2710096 kB
Active(anon):    1522244 kB
Inactive(anon):   926304 kB
Active(file):     253980 kB
Inactive(file):  1783792 kB
Unevictable:        6108 kB
Mlocked:            5668 kB
SwapTotal:       4718584 kB
SwapFree:        4552184 kB
Dirty:               224 kB
Writeback:             0 kB
AnonPages:       2423248 kB
Mapped:           985468 kB
Shmem:             22696 kB
KReclaimable:     482360 kB
Slab:             317512 kB
SReclaimable:      87416 kB
SUnreclaim:       230096 kB
KernelStack:       50752 kB
ShadowCallStack:   12712 kB
PageTables:        75260 kB
NFS_Unstable:          0 kB
Bounce:                0 kB
WritebackTmp:          0 kB
CommitLimit:     8677876 kB
Committed_AS:   76816012 kB
VmallocTotal:   263061440 kB
VmallocUsed:      135140 kB
VmallocChunk:          0 kB
Percpu:             2448 kB
CmaTotal:         405504 kB
CmaFree:               0 kB
MemTotal:        7918588 kB
MemFree:          993112 kB
MemAvailable:    3122724 kB
Buffers:            6316 kB
Cached:          2058764 kB
SwapCached:         7332 kB
Active:          1800684 kB
Inactive:        2710120 kB
Active(anon):    1546704 kB
Inactive(anon):   926304 kB
Active(file):     253980 kB
Inactive(file):  1783816 kB
Unevictable:        6108 kB
Mlocked:            5668 kB
SwapTotal:       4718584 kB
SwapFree:        4552184 kB
Dirty:               296 kB
Writeback:             0 kB
AnonPages:       2447692 kB
Mapped:           985684 kB
Shmem:             22696 kB
KReclaimable:     482040 kB
Slab:             317544 kB
SReclaimable:      87416 kB
SUnreclaim:       230128 kB
KernelStack:       50736 kB
ShadowCallStack:   12716 kB
PageTables:        75368 kB
NFS_Unstable:          0 kB
Bounce:                0 kB
WritebackTmp:          0 kB
CommitLimit:     8677876 kB
Committed_AS:   76848780 kB
VmallocTotal:   263061440 kB
VmallocUsed:      135160 kB
VmallocChunk:          0 kB
Percpu:             2448 kB
CmaTotal:         405504 kB
CmaFree:               0 kB
MemTotal:        7918588 kB
MemFree:          991532 kB
MemAvailable:    3121144 kB
Buffers:            6316 kB
Cached:          2058764 kB
SwapCached:         7332 kB
Active:          1801756 kB
Inactive:        2710120 kB
Active(anon):    1547776 kB
Inactive(anon):   926304 kB
Active(file):     253980 kB
Inactive(file):  1783816 kB
Unevictable:        6108 kB
Mlocked:            5668 kB
SwapTotal:       4718584 kB
SwapFree:        4552184 kB
Dirty:               300 kB
Writeback:             0 kB
AnonPages:       2448768 kB
Mapped:           985688 kB
Shmem:             22696 kB
KReclaimable:     482040 kB
Slab:             317624 kB
SReclaimable:      87416 kB
SUnreclaim:       230208 kB
KernelStack:       50752 kB
ShadowCallStack:   12712 kB
PageTables:        75356 kB
NFS_Unstable:          0 kB
Bounce:                0 kB
WritebackTmp:          0 kB
CommitLimit:     8677876 kB
Committed_AS:   76848784 kB
VmallocTotal:   263061440 kB
VmallocUsed:      135156 kB
VmallocChunk:          0 kB
Percpu:             2448 kB
CmaTotal:         405504 kB
CmaFree:               0 kB
MemTotal:        7918588 kB
MemFree:          936536 kB
MemAvailable:    3065284 kB
Buffers:            6316 kB
Cached:          2058764 kB
SwapCached:         7332 kB
Active:          1857300 kB
Inactive:        2710120 kB
Active(anon):    1603320 kB
Inactive(anon):   926304 kB
Active(file):     253980 kB
Inactive(file):  1783816 kB
Unevictable:        6108 kB
Mlocked:            5668 kB
SwapTotal:       4718584 kB
SwapFree:        4552184 kB
Dirty:               420 kB
Writeback:             0 kB
AnonPages:       2504228 kB
Mapped:           986004 kB
Shmem:             22696 kB
KReclaimable:     481176 kB
Slab:             317532 kB
SReclaimable:      87416 kB
SUnreclaim:       230116 kB
KernelStack:       50704 kB
ShadowCallStack:   12700 kB
PageTables:        75636 kB
NFS_Unstable:          0 kB
Bounce:                0 kB
WritebackTmp:          0 kB
CommitLimit:     8677876 kB
Committed_AS:   76979748 kB
VmallocTotal:   263061440 kB
VmallocUsed:      135120 kB
VmallocChunk:          0 kB
Percpu:             2448 kB
CmaTotal:         405504 kB
CmaFree:               0 kB
MemTotal:        7918588 kB
MemFree:          935644 kB
MemAvailable:    3064392 kB
Buffers:            6324 kB
Cached:          2058756 kB
SwapCached:         7332 kB
Active:          1856728 kB
Inactive:        2710120 kB
Active(anon):    1602748 kB
Inactive(anon):   926304 kB
Active(file):     253980 kB
Inactive(file):  1783816 kB
Unevictable:        6108 kB
Mlocked:            5668 kB
SwapTotal:       4718584 kB
SwapFree:        4552184 kB
Dirty:               420 kB
Writeback:             0 kB
AnonPages:       2503796 kB
Mapped:           986292 kB
Shmem:             22696 kB
KReclaimable:     481176 kB
Slab:             317464 kB
SReclaimable:      87416 kB
SUnreclaim:       230048 kB
KernelStack:       50624 kB
ShadowCallStack:   12704 kB
PageTables:        75564 kB
NFS_Unstable:          0 kB
Bounce:                0 kB
WritebackTmp:          0 kB
CommitLimit:     8677876 kB
Committed_AS:   76979544 kB
VmallocTotal:   263061440 kB
VmallocUsed:      135032 kB
VmallocChunk:          0 kB
Percpu:             2448 kB
CmaTotal:         405504 kB
CmaFree:               0 kB
MemTotal:        7918588 kB
MemFree:          924040 kB
MemAvailable:    3052524 kB
Buffers:            6324 kB
Cached:          2058764 kB
SwapCached:         7332 kB
Active:          1869380 kB
Inactive:        2710128 kB
Active(anon):    1615400 kB
Inactive(anon):   926304 kB
Active(file):     253980 kB
Inactive(file):  1783824 kB
Unevictable:        6108 kB
Mlocked:            5668 kB
SwapTotal:       4718584 kB
SwapFree:        4552184 kB
Dirty:               424 kB
Writeback:             0 kB
AnonPages:       2516436 kB
Mapped:           986380 kB
Shmem:             22696 kB
KReclaimable:     480904 kB
Slab:             317600 kB
SReclaimable:      87416 kB
SUnreclaim:       230184 kB
KernelStack:       50656 kB
ShadowCallStack:   12688 kB
PageTables:        75576 kB
NFS_Unstable:          0 kB
Bounce:                0 kB
WritebackTmp:          0 kB
CommitLimit:     8677876 kB
Committed_AS:   77012308 kB
VmallocTotal:   263061440 kB
VmallocUsed:      135008 kB
VmallocChunk:          0 kB
Percpu:             2448 kB
CmaTotal:         405504 kB
CmaFree:               0 kB
MemTotal:        7918588 kB
MemFree:          841824 kB
MemAvailable:    2848120 kB
Buffers:            6324 kB
Cached:          2058884 kB
SwapCached:         7332 kB
Active:          1950804 kB
Inactive:        2710116 kB
Active(anon):    1696824 kB
Inactive(anon):   926272 kB
Active(file):     253980 kB
Inactive(file):  1783844 kB
Unevictable:        6108 kB
Mlocked:            5668 kB
SwapTotal:       4718584 kB
SwapFree:        4552184 kB
Dirty:               368 kB
Writeback:             0 kB
AnonPages:       2597720 kB
Mapped:           987272 kB
Shmem:             22796 kB
KReclaimable:     358696 kB
Slab:             317708 kB
SReclaimable:      87416 kB
SUnreclaim:       230292 kB
KernelStack:       50784 kB
ShadowCallStack:   12716 kB
PageTables:        75908 kB
NFS_Unstable:          0 kB
Bounce:                0 kB
WritebackTmp:          0 kB
CommitLimit:     8677876 kB
Committed_AS:   77111016 kB
VmallocTotal:   263061440 kB
VmallocUsed:      135176 kB
VmallocChunk:          0 kB
Percpu:             2448 kB
CmaTotal:         405504 kB
CmaFree:               0 kB
MemTotal:        7918588 kB
MemFree:          877924 kB
MemAvailable:    3005616 kB
Buffers:            6324 kB
Cached:          2058908 kB
SwapCached:         7332 kB
Active:          1913584 kB
Inactive:        2710116 kB
Active(anon):    1659604 kB
Inactive(anon):   926272 kB
Active(file):     253980 kB
Inactive(file):  1783844 kB
Unevictable:        6108 kB
Mlocked:            5668 kB
SwapTotal:       4718584 kB
SwapFree:        4552184 kB
Dirty:               372 kB
Writeback:             0 kB
AnonPages:       2560764 kB
Mapped:           986704 kB
Shmem:             22820 kB
KReclaimable:     480092 kB
Slab:             317632 kB
SReclaimable:      87416 kB
SUnreclaim:       230216 kB
KernelStack:       50672 kB
ShadowCallStack:   12684 kB
PageTables:        75788 kB
NFS_Unstable:          0 kB
Bounce:                0 kB
WritebackTmp:          0 kB
CommitLimit:     8677876 kB
Committed_AS:   77110616 kB
VmallocTotal:   263061440 kB
VmallocUsed:      135040 kB
VmallocChunk:          0 kB
Percpu:             2448 kB
CmaTotal:         405504 kB
CmaFree:               0 kB
MemTotal:        7918588 kB
MemFree:          844976 kB
MemAvailable:    2972356 kB
Buffers:            6324 kB
Cached:          2058792 kB
SwapCached:         7332 kB
Active:          1947688 kB
Inactive:        2710116 kB
Active(anon):    1693708 kB
Inactive(anon):   926272 kB
Active(file):     253980 kB
Inactive(file):  1783844 kB
Unevictable:        6108 kB
Mlocked:            5668 kB
SwapTotal:       4718584 kB
SwapFree:        4552184 kB
Dirty:               388 kB
Writeback:             0 kB
AnonPages:       2594744 kB
Mapped:           986988 kB
Shmem:             22704 kB
KReclaimable:     479780 kB
Slab:             317780 kB
SReclaimable:      87416 kB
SUnreclaim:       230364 kB
KernelStack:       50672 kB
ShadowCallStack:   12684 kB
PageTables:        75904 kB
NFS_Unstable:          0 kB
Bounce:                0 kB
WritebackTmp:          0 kB
CommitLimit:     8677876 kB
Committed_AS:   77208924 kB
VmallocTotal:   263061440 kB
VmallocUsed:      135036 kB
VmallocChunk:          0 kB
Percpu:             2448 kB
CmaTotal:         405504 kB
CmaFree:               0 kB
MemTotal:        7918588 kB
MemFree:          821932 kB
MemAvailable:    2948904 kB
Buffers:            6324 kB
Cached:          2058848 kB
SwapCached:         7332 kB
Active:          1970836 kB
Inactive:        2710120 kB
Active(anon):    1716804 kB
Inactive(anon):   926272 kB
Active(file):     254032 kB
Inactive(file):  1783848 kB
Unevictable:        6108 kB
Mlocked:            5668 kB
SwapTotal:       4718584 kB
SwapFree:        4552184 kB
Dirty:               388 kB
Writeback:             0 kB
AnonPages:       2617612 kB
Mapped:           987396 kB
Shmem:             22704 kB
KReclaimable:     479316 kB
Slab:             317748 kB
SReclaimable:      87416 kB
SUnreclaim:       230332 kB
KernelStack:       50656 kB
ShadowCallStack:   12672 kB
PageTables:        76068 kB
NFS_Unstable:          0 kB
Bounce:                0 kB
WritebackTmp:          0 kB
CommitLimit:     8677876 kB
Committed_AS:   77241700 kB
VmallocTotal:   263061440 kB
VmallocUsed:      135036 kB
VmallocChunk:          0 kB
Percpu:             2448 kB
CmaTotal:         405504 kB
CmaFree:               0 kB
MemTotal:        7918588 kB
MemFree:          819948 kB
MemAvailable:    2946920 kB
Buffers:            6324 kB
Cached:          2058852 kB
SwapCached:         7332 kB
Active:          1971860 kB
Inactive:        2710120 kB
Active(anon):    1717828 kB
Inactive(anon):   926272 kB
Active(file):     254032 kB
Inactive(file):  1783848 kB
Unevictable:        6108 kB
Mlocked:            5668 kB
SwapTotal:       4718584 kB
SwapFree:        4552184 kB
Dirty:               388 kB
Writeback:             0 kB
AnonPages:       2618808 kB
Mapped:           987332 kB
Shmem:             22708 kB
KReclaimable:     479316 kB
Slab:             317752 kB
SReclaimable:      87416 kB
SUnreclaim:       230336 kB
KernelStack:       50640 kB
ShadowCallStack:   12684 kB
PageTables:        76132 kB
NFS_Unstable:          0 kB
Bounce:                0 kB
WritebackTmp:          0 kB
CommitLimit:     8677876 kB
Committed_AS:   77241696 kB
VmallocTotal:   263061440 kB
VmallocUsed:      135024 kB
VmallocChunk:          0 kB
Percpu:             2448 kB
CmaTotal:         405504 kB
CmaFree:               0 kB
MemTotal:        7918588 kB
MemFree:          768968 kB
MemAvailable:    2895216 kB
Buffers:            6340 kB
Cached:          2058864 kB
SwapCached:         7332 kB
Active:          2022484 kB
Inactive:        2710136 kB
Active(anon):    1768452 kB
Inactive(anon):   926260 kB
Active(file):     254032 kB
Inactive(file):  1783876 kB
Unevictable:        6108 kB
Mlocked:            5668 kB
SwapTotal:       4718584 kB
SwapFree:        4552184 kB
Dirty:               472 kB
Writeback:             0 kB
AnonPages:       2669476 kB
Mapped:           987884 kB
Shmem:             22708 kB
KReclaimable:     478564 kB
Slab:             317776 kB
SReclaimable:      87416 kB
SUnreclaim:       230360 kB
KernelStack:       50496 kB
ShadowCallStack:   12648 kB
PageTables:        76348 kB
NFS_Unstable:          0 kB
Bounce:                0 kB
WritebackTmp:          0 kB
CommitLimit:     8677876 kB
Committed_AS:   77372728 kB
VmallocTotal:   263061440 kB
VmallocUsed:      134836 kB
VmallocChunk:          0 kB
Percpu:             2448 kB
CmaTotal:         405504 kB
CmaFree:               0 kB
MemTotal:        7918588 kB
MemFree:          763876 kB
MemAvailable:    2890036 kB
Buffers:            6340 kB
Cached:          2058864 kB
SwapCached:         7332 kB
Active:          2027776 kB
Inactive:        2710136 kB
Active(anon):    1773744 kB
Inactive(anon):   926260 kB
Active(file):     254032 kB
Inactive(file):  1783876 kB
Unevictable:        6108 kB
Mlocked:            5668 kB
SwapTotal:       4718584 kB
SwapFree:        4552184 kB
Dirty:               472 kB
Writeback:             0 kB
AnonPages:       2674532 kB
Mapped:           988012 kB
Shmem:             22708 kB
KReclaimable:     478476 kB
Slab:             317692 kB
SReclaimable:      87416 kB
SUnreclaim:       230276 kB
KernelStack:       50496 kB
ShadowCallStack:   12660 kB
PageTables:        76300 kB
NFS_Unstable:          0 kB
Bounce:                0 kB
WritebackTmp:          0 kB
CommitLimit:     8677876 kB
Committed_AS:   77372724 kB
VmallocTotal:   263061440 kB
VmallocUsed:      134848 kB
VmallocChunk:          0 kB
Percpu:             2448 kB
CmaTotal:         405504 kB
CmaFree:               0 kB
MemTotal:        7918588 kB
MemFree:          750776 kB
MemAvailable:    2876744 kB
Buffers:            6340 kB
Cached:          2058864 kB
SwapCached:         7332 kB
Active:          2040908 kB
Inactive:        2710136 kB
Active(anon):    1786876 kB
Inactive(anon):   926260 kB
Active(file):     254032 kB
Inactive(file):  1783876 kB
Unevictable:        6108 kB
Mlocked:            5668 kB
SwapTotal:       4718584 kB
SwapFree:        4552184 kB
Dirty:               452 kB
Writeback:             0 kB
AnonPages:       2687876 kB
Mapped:           988072 kB
Shmem:             22708 kB
KReclaimable:     478284 kB
Slab:             317952 kB
SReclaimable:      87416 kB
SUnreclaim:       230536 kB
KernelStack:       50496 kB
ShadowCallStack:   12640 kB
PageTables:        76360 kB
NFS_Unstable:          0 kB
Bounce:                0 kB
WritebackTmp:          0 kB
CommitLimit:     8677876 kB
Committed_AS:   77405496 kB
VmallocTotal:   263061440 kB
VmallocUsed:      134836 kB
VmallocChunk:          0 kB
Percpu:             2448 kB
CmaTotal:         405504 kB
CmaFree:               0 kB
MemTotal:        7918588 kB
MemFree:          705900 kB
MemAvailable:    2831236 kB
Buffers:            6340 kB
Cached:          2058864 kB
SwapCached:         7332 kB
Active:          2085936 kB
Inactive:        2710136 kB
Active(anon):    1831904 kB
Inactive(anon):   926260 kB
Active(file):     254032 kB
Inactive(file):  1783876 kB
Unevictable:        6108 kB
Mlocked:            5668 kB
SwapTotal:       4718584 kB
SwapFree:        4552184 kB
Dirty:               452 kB
Writeback:             0 kB
AnonPages:       2732952 kB
Mapped:           988456 kB
Shmem:             22708 kB
KReclaimable:     477652 kB
Slab:             317776 kB
SReclaimable:      87416 kB
SUnreclaim:       230360 kB
KernelStack:       50480 kB
ShadowCallStack:   12640 kB
PageTables:        76700 kB
NFS_Unstable:          0 kB
Bounce:                0 kB
WritebackTmp:          0 kB
CommitLimit:     8677876 kB
Committed_AS:   77503796 kB
VmallocTotal:   263061440 kB
VmallocUsed:      134836 kB
VmallocChunk:          0 kB
Percpu:             2448 kB
CmaTotal:         405504 kB
CmaFree:               0 kB
MemTotal:        7918588 kB
MemFree:          704320 kB
MemAvailable:    2829656 kB
Buffers:            6340 kB
Cached:          2058864 kB
SwapCached:         7332 kB
Active:          2086140 kB
Inactive:        2710136 kB
Active(anon):    1832108 kB
Inactive(anon):   926260 kB
Active(file):     254032 kB
Inactive(file):  1783876 kB
Unevictable:        6108 kB
Mlocked:            5668 kB
SwapTotal:       4718584 kB
SwapFree:        4552184 kB
Dirty:               452 kB
Writeback:             0 kB
AnonPages:       2733128 kB
Mapped:           988384 kB
Shmem:             22708 kB
KReclaimable:     477652 kB
Slab:             317824 kB
SReclaimable:      87416 kB
SUnreclaim:       230408 kB
KernelStack:       50480 kB
ShadowCallStack:   12644 kB
PageTables:        76652 kB
NFS_Unstable:          0 kB
Bounce:                0 kB
WritebackTmp:          0 kB
CommitLimit:     8677876 kB
Committed_AS:   77503796 kB
VmallocTotal:   263061440 kB
VmallocUsed:      134856 kB
VmallocChunk:          0 kB
Percpu:             2448 kB
CmaTotal:         405504 kB
CmaFree:               0 kB
MemTotal:        7918588 kB
MemFree:          674448 kB
MemAvailable:    2799316 kB
Buffers:            6348 kB
Cached:          2058880 kB
SwapCached:         7332 kB
Active:          2116796 kB
Inactive:        2710156 kB
Active(anon):    1862764 kB
Inactive(anon):   926260 kB
Active(file):     254032 kB
Inactive(file):  1783896 kB
Unevictable:        6108 kB
Mlocked:            5668 kB
SwapTotal:       4718584 kB
SwapFree:        4552184 kB
Dirty:               484 kB
Writeback:             0 kB
AnonPages:       2763768 kB
Mapped:           988712 kB
Shmem:             22712 kB
KReclaimable:     477164 kB
Slab:             317784 kB
SReclaimable:      87416 kB
SUnreclaim:       230368 kB
KernelStack:       50496 kB
ShadowCallStack:   12648 kB
PageTables:        76816 kB
NFS_Unstable:          0 kB
Bounce:                0 kB
WritebackTmp:          0 kB
CommitLimit:     8677876 kB
Committed_AS:   77585724 kB
VmallocTotal:   263061440 kB
VmallocUsed:      134836 kB
VmallocChunk:          0 kB
Percpu:             2448 kB
CmaTotal:         405504 kB
CmaFree:               0 kB
MemTotal:        7918588 kB
MemFree:          646452 kB
MemAvailable:    2770928 kB
Buffers:            6348 kB
Cached:          2058880 kB
SwapCached:         7332 kB
Active:          2143040 kB
Inactive:        2710156 kB
Active(anon):    1889008 kB
Inactive(anon):   926260 kB
Active(file):     254032 kB
Inactive(file):  1783896 kB
Unevictable:        6108 kB
Mlocked:            5668 kB
SwapTotal:       4718584 kB
SwapFree:        4552184 kB
Dirty:               484 kB
Writeback:             0 kB
AnonPages:       2789984 kB
Mapped:           988904 kB
Shmem:             22712 kB
KReclaimable:     476772 kB
Slab:             317764 kB
SReclaimable:      87416 kB
SUnreclaim:       230348 kB
KernelStack:       50496 kB
ShadowCallStack:   12656 kB
PageTables:        76916 kB
NFS_Unstable:          0 kB
Bounce:                0 kB
WritebackTmp:          0 kB
CommitLimit:     8677876 kB
Committed_AS:   77634876 kB
VmallocTotal:   263061440 kB
VmallocUsed:      134836 kB
VmallocChunk:          0 kB
Percpu:             2448 kB
CmaTotal:         405504 kB
CmaFree:               0 kB
MemTotal:        7918588 kB
MemFree:          647172 kB
MemAvailable:    2771648 kB
Buffers:            6348 kB
Cached:          2058880 kB
SwapCached:         7332 kB
Active:          2143836 kB
Inactive:        2710156 kB
Active(anon):    1889804 kB
Inactive(anon):   926260 kB
Active(file):     254032 kB
Inactive(file):  1783896 kB
Unevictable:        6108 kB
Mlocked:            5668 kB
SwapTotal:       4718584 kB
SwapFree:        4552184 kB
Dirty:               484 kB
Writeback:             0 kB
AnonPages:       2790864 kB
Mapped:           989036 kB
Shmem:             22712 kB
KReclaimable:     476772 kB
Slab:             317828 kB
SReclaimable:      87416 kB
SUnreclaim:       230412 kB
KernelStack:       50480 kB
ShadowCallStack:   12652 kB
PageTables:        76912 kB
NFS_Unstable:          0 kB
Bounce:                0 kB
WritebackTmp:          0 kB
CommitLimit:     8677876 kB
Committed_AS:   77634872 kB
VmallocTotal:   263061440 kB
VmallocUsed:      134840 kB
VmallocChunk:          0 kB
Percpu:             2448 kB
CmaTotal:         405504 kB
CmaFree:               0 kB
MemTotal:        7918588 kB
MemFree:          596192 kB
MemAvailable:    2719876 kB
Buffers:            6348 kB
Cached:          2058884 kB
SwapCached:         7332 kB
Active:          2194428 kB
Inactive:        2710156 kB
Active(anon):    1940396 kB
Inactive(anon):   926260 kB
Active(file):     254032 kB
Inactive(file):  1783896 kB
Unevictable:        6108 kB
Mlocked:            5668 kB
SwapTotal:       4718584 kB
SwapFree:        4552184 kB
Dirty:               484 kB
Writeback:             0 kB
AnonPages:       2841120 kB
Mapped:           989416 kB
Shmem:             22716 kB
KReclaimable:     475980 kB
Slab:             317832 kB
SReclaimable:      87416 kB
SUnreclaim:       230416 kB
KernelStack:       50480 kB
ShadowCallStack:   12668 kB
PageTables:        77116 kB
NFS_Unstable:          0 kB
Bounce:                0 kB
WritebackTmp:          0 kB
CommitLimit:     8677876 kB
Committed_AS:   77766920 kB
VmallocTotal:   263061440 kB
VmallocUsed:      134820 kB
VmallocChunk:          0 kB
Percpu:             2448 kB
CmaTotal:         405504 kB
CmaFree:               0 kB
MemTotal:        7918588 kB
MemFree:          590620 kB
MemAvailable:    2714232 kB
Buffers:            6348 kB
Cached:          2058884 kB
SwapCached:         7332 kB
Active:          2199540 kB
Inactive:        2710156 kB
Active(anon):    1945508 kB
Inactive(anon):   926260 kB
Active(file):     254032 kB
Inactive(file):  1783896 kB
Unevictable:        6108 kB
Mlocked:            5668 kB
SwapTotal:       4718584 kB
SwapFree:        4552184 kB
Dirty:               484 kB
Writeback:             0 kB
AnonPages:       2846556 kB
Mapped:           989520 kB
Shmem:             22716 kB
KReclaimable:     475908 kB
Slab:             317880 kB
SReclaimable:      87416 kB
SUnreclaim:       230464 kB
KernelStack:       50480 kB
ShadowCallStack:   12624 kB
PageTables:        77068 kB
NFS_Unstable:          0 kB
Bounce:                0 kB
WritebackTmp:          0 kB
CommitLimit:     8677876 kB
Committed_AS:   77783304 kB
VmallocTotal:   263061440 kB
VmallocUsed:      134808 kB
VmallocChunk:          0 kB
Percpu:             2448 kB
CmaTotal:         405504 kB
CmaFree:               0 kB
MemTotal:        7918588 kB
MemFree:          577760 kB
MemAvailable:    2701120 kB
Buffers:            6356 kB
Cached:          2058908 kB
SwapCached:         7332 kB
Active:          2212800 kB
Inactive:        2710184 kB
Active(anon):    1958768 kB
Inactive(anon):   926260 kB
Active(file):     254032 kB
Inactive(file):  1783924 kB
Unevictable:        6108 kB
Mlocked:            5668 kB
SwapTotal:       4718584 kB
SwapFree:        4552184 kB
Dirty:               504 kB
Writeback:             0 kB
AnonPages:       2859716 kB
Mapped:           989732 kB
Shmem:             22720 kB
KReclaimable:     475628 kB
Slab:             317924 kB
SReclaimable:      87416 kB
SUnreclaim:       230508 kB
KernelStack:       50448 kB
ShadowCallStack:   12636 kB
PageTables:        77244 kB
NFS_Unstable:          0 kB
Bounce:                0 kB
WritebackTmp:          0 kB
CommitLimit:     8677876 kB
Committed_AS:   77832356 kB
VmallocTotal:   263061440 kB
VmallocUsed:      134776 kB
VmallocChunk:          0 kB
Percpu:             2448 kB
CmaTotal:         405504 kB
CmaFree:               0 kB
MemTotal:        7918588 kB
MemFree:          532628 kB
MemAvailable:    2655404 kB
Buffers:            6356 kB
Cached:          2058912 kB
SwapCached:         7332 kB
Active:          2257204 kB
Inactive:        2710184 kB
Active(anon):    2003172 kB
Inactive(anon):   926260 kB
Active(file):     254032 kB
Inactive(file):  1783924 kB
Unevictable:        6108 kB
Mlocked:            5668 kB
SwapTotal:       4718584 kB
SwapFree:        4552184 kB
Dirty:               504 kB
Writeback:             0 kB
AnonPages:       2904280 kB
Mapped:           990048 kB
Shmem:             22724 kB
KReclaimable:     475044 kB
Slab:             317916 kB
SReclaimable:      87416 kB
SUnreclaim:       230500 kB
KernelStack:       50448 kB
ShadowCallStack:   12632 kB
PageTables:        77460 kB
NFS_Unstable:          0 kB
Bounce:                0 kB
WritebackTmp:          0 kB
CommitLimit:     8677876 kB
Committed_AS:   77914280 kB
VmallocTotal:   263061440 kB
VmallocUsed:      134764 kB
VmallocChunk:          0 kB
Percpu:             2448 kB
CmaTotal:         405504 kB
CmaFree:               0 kB
MemTotal:        7918588 kB
MemFree:          531380 kB
MemAvailable:    2654156 kB
Buffers:            6356 kB
Cached:          2058912 kB
SwapCached:         7332 kB
Active:          2257340 kB
Inactive:        2710184 kB
Active(anon):    2003308 kB
Inactive(anon):   926260 kB
Active(file):     254032 kB
Inactive(file):  1783924 kB
Unevictable:        6108 kB
Mlocked:            5668 kB
SwapTotal:       4718584 kB
SwapFree:        4552184 kB
Dirty:                92 kB
Writeback:             0 kB
AnonPages:       2904236 kB
Mapped:           990096 kB
Shmem:             22724 kB
KReclaimable:     475044 kB
Slab:             318012 kB
SReclaimable:      87416 kB
SUnreclaim:       230596 kB
KernelStack:       50432 kB
ShadowCallStack:   12640 kB
PageTables:        77444 kB
NFS_Unstable:          0 kB
Bounce:                0 kB
WritebackTmp:          0 kB
CommitLimit:     8677876 kB
Committed_AS:   77914280 kB
VmallocTotal:   263061440 kB
VmallocUsed:      134780 kB
VmallocChunk:          0 kB
Percpu:             2448 kB
CmaTotal:         405504 kB
CmaFree:               0 kB
MemTotal:        7918588 kB
MemFree:          500068 kB
MemAvailable:    2622132 kB
Buffers:            6356 kB
Cached:          2058912 kB
SwapCached:         7332 kB
Active:          2289724 kB
Inactive:        2710184 kB
Active(anon):    2035692 kB
Inactive(anon):   926260 kB
Active(file):     254032 kB
Inactive(file):  1783924 kB
Unevictable:        6108 kB
Mlocked:            5668 kB
SwapTotal:       4718584 kB
SwapFree:        4552184 kB
Dirty:                92 kB
Writeback:             0 kB
AnonPages:       2936664 kB
Mapped:           990496 kB
Shmem:             22724 kB
KReclaimable:     474332 kB
Slab:             318052 kB
SReclaimable:      87416 kB
SUnreclaim:       230636 kB
KernelStack:       50416 kB
ShadowCallStack:   12624 kB
PageTables:        77516 kB
NFS_Unstable:          0 kB
Bounce:                0 kB
WritebackTmp:          0 kB
CommitLimit:     8677876 kB
Committed_AS:   77996044 kB
VmallocTotal:   263061440 kB
VmallocUsed:      134720 kB
VmallocChunk:          0 kB
Percpu:             2448 kB
CmaTotal:         405504 kB
CmaFree:               0 kB
MemTotal:        7918588 kB
MemFree:          475360 kB
MemAvailable:    2597104 kB
Buffers:            6356 kB
Cached:          2058912 kB
SwapCached:         7332 kB
Active:          2313652 kB
Inactive:        2710184 kB
Active(anon):    2059620 kB
Inactive(anon):   926260 kB
Active(file):     254032 kB
Inactive(file):  1783924 kB
Unevictable:        6108 kB
Mlocked:            5668 kB
SwapTotal:       4718584 kB
SwapFree:        4552184 kB
Dirty:                92 kB
Writeback:             0 kB
AnonPages:       2960632 kB
Mapped:           990692 kB
Shmem:             22724 kB
KReclaimable:     474012 kB
Slab:             318016 kB
SReclaimable:      87416 kB
SUnreclaim:       230600 kB
KernelStack:       50352 kB
ShadowCallStack:   12652 kB
PageTables:        77740 kB
NFS_Unstable:          0 kB
Bounce:                0 kB
WritebackTmp:          0 kB
CommitLimit:     8677876 kB
Committed_AS:   78045144 kB
VmallocTotal:   263061440 kB
VmallocUsed:      134680 kB
VmallocChunk:          0 kB
Percpu:             2448 kB
CmaTotal:         405504 kB
CmaFree:               0 kB
MemTotal:        7918588 kB
MemFree:          475348 kB
MemAvailable:    2597116 kB
Buffers:            6372 kB
Cached:          2058924 kB
SwapCached:         7332 kB
Active:          2313388 kB
Inactive:        2710188 kB
Active(anon):    2059356 kB
Inactive(anon):   926240 kB
Active(file):     254032 kB
Inactive(file):  1783948 kB
Unevictable:        6108 kB
Mlocked:            5668 kB
SwapTotal:       4718584 kB
SwapFree:        4552184 kB
Dirty:               128 kB
Writeback:             0 kB
AnonPages:       2960312 kB
Mapped:           990740 kB
Shmem:             22728 kB
KReclaimable:     474012 kB
Slab:             318096 kB
SReclaimable:      87416 kB
SUnreclaim:       230680 kB
KernelStack:       50240 kB
ShadowCallStack:   12588 kB
PageTables:        77844 kB
NFS_Unstable:          0 kB
Bounce:                0 kB
WritebackTmp:          0 kB
CommitLimit:     8677876 kB
Committed_AS:   78044680 kB
VmallocTotal:   263061440 kB
VmallocUsed:      134540 kB
VmallocChunk:          0 kB
Percpu:             2448 kB
CmaTotal:         405504 kB
CmaFree:               0 kB
MemTotal:        7918588 kB
MemFree:          382368 kB
MemAvailable:    2381872 kB
Buffers:            6372 kB
Cached:          2058980 kB
SwapCached:         7332 kB
Active:          2407112 kB
Inactive:        2710168 kB
Active(anon):    2153080 kB
Inactive(anon):   926220 kB
Active(file):     254032 kB
Inactive(file):  1783948 kB
Unevictable:        6108 kB
Mlocked:            5668 kB
SwapTotal:       4718584 kB
SwapFree:        4552184 kB
Dirty:               128 kB
Writeback:             0 kB
AnonPages:       3053892 kB
Mapped:           991652 kB
Shmem:             22784 kB
KReclaimable:     351748 kB
Slab:             318196 kB
SReclaimable:      87416 kB
SUnreclaim:       230780 kB
KernelStack:       50304 kB
ShadowCallStack:   12600 kB
PageTables:        78072 kB
NFS_Unstable:          0 kB
Bounce:                0 kB
WritebackTmp:          0 kB
CommitLimit:     8677876 kB
Committed_AS:   78192428 kB
VmallocTotal:   263061440 kB
VmallocUsed:      134616 kB
VmallocChunk:          0 kB
Percpu:             2448 kB
CmaTotal:         405504 kB
CmaFree:               0 kB
MemTotal:        7918588 kB
MemFree:          380068 kB
MemAvailable:    2370900 kB
Buffers:            6372 kB
Cached:          2059024 kB
SwapCached:         7332 kB
Active:          2407600 kB
Inactive:        2710168 kB
Active(anon):    2153568 kB
Inactive(anon):   926220 kB
Active(file):     254032 kB
Inactive(file):  1783948 kB
Unevictable:        6108 kB
Mlocked:            5668 kB
SwapTotal:       4718584 kB
SwapFree:        4552184 kB
Dirty:               128 kB
Writeback:             0 kB
AnonPages:       3054416 kB
Mapped:           991596 kB
Shmem:             22828 kB
KReclaimable:     343076 kB
Slab:             318136 kB
SReclaimable:      87416 kB
SUnreclaim:       230720 kB
KernelStack:       50288 kB
ShadowCallStack:   12596 kB
PageTables:        77948 kB
NFS_Unstable:          0 kB
Bounce:                0 kB
WritebackTmp:          0 kB
CommitLimit:     8677876 kB
Committed_AS:   78192428 kB
VmallocTotal:   263061440 kB
VmallocUsed:      134632 kB
VmallocChunk:          0 kB
Percpu:             2448 kB
CmaTotal:         405504 kB
CmaFree:               0 kB
MemTotal:        7918588 kB
MemFree:          408592 kB
MemAvailable:    2529400 kB
Buffers:            6372 kB
Cached:          2058928 kB
SwapCached:         7332 kB
Active:          2382252 kB
Inactive:        2710168 kB
Active(anon):    2128220 kB
Inactive(anon):   926220 kB
Active(file):     254032 kB
Inactive(file):  1783948 kB
Unevictable:        6108 kB
Mlocked:            5668 kB
SwapTotal:       4718584 kB
SwapFree:        4552184 kB
Dirty:               152 kB
Writeback:             0 kB
AnonPages:       3029144 kB
Mapped:           991116 kB
Shmem:             22732 kB
KReclaimable:     473052 kB
Slab:             318056 kB
SReclaimable:      87416 kB
SUnreclaim:       230640 kB
KernelStack:       50144 kB
ShadowCallStack:   12560 kB
PageTables:        78004 kB
NFS_Unstable:          0 kB
Bounce:                0 kB
WritebackTmp:          0 kB
CommitLimit:     8677876 kB
Committed_AS:   78224648 kB
VmallocTotal:   263061440 kB
VmallocUsed:      134400 kB
VmallocChunk:          0 kB
Percpu:             2448 kB
CmaTotal:         405504 kB
CmaFree:               0 kB
MemTotal:        7918588 kB
MemFree:          364052 kB
MemAvailable:    2484052 kB
Buffers:            6372 kB
Cached:          2058928 kB
SwapCached:         7332 kB
Active:          2426412 kB
Inactive:        2710168 kB
Active(anon):    2172380 kB
Inactive(anon):   926220 kB
Active(file):     254032 kB
Inactive(file):  1783948 kB
Unevictable:        6108 kB
Mlocked:            5668 kB
SwapTotal:       4718584 kB
SwapFree:        4552184 kB
Dirty:               156 kB
Writeback:             0 kB
AnonPages:       3073308 kB
Mapped:           991668 kB
Shmem:             22732 kB
KReclaimable:     472244 kB
Slab:             318084 kB
SReclaimable:      87416 kB
SUnreclaim:       230668 kB
KernelStack:       50048 kB
ShadowCallStack:   12544 kB
PageTables:        78292 kB
NFS_Unstable:          0 kB
Bounce:                0 kB
WritebackTmp:          0 kB
CommitLimit:     8677876 kB
Committed_AS:   78322744 kB
VmallocTotal:   263061440 kB
VmallocUsed:      134320 kB
VmallocChunk:          0 kB
Percpu:             2448 kB
CmaTotal:         405504 kB
CmaFree:               0 kB
MemTotal:        7918588 kB
MemFree:          363752 kB
MemAvailable:    2483760 kB
Buffers:            6380 kB
Cached:          2058932 kB
SwapCached:         7332 kB
Active:          2424472 kB
Inactive:        2710176 kB
Active(anon):    2170440 kB
Inactive(anon):   926220 kB
Active(file):     254032 kB
Inactive(file):  1783956 kB
Unevictable:        6108 kB
Mlocked:            5668 kB
SwapTotal:       4718584 kB
SwapFree:        4552184 kB
Dirty:                92 kB
Writeback:             0 kB
AnonPages:       3071352 kB
Mapped:           991820 kB
Shmem:             22736 kB
KReclaimable:     472244 kB
Slab:             318152 kB
SReclaimable:      87416 kB
SUnreclaim:       230736 kB
KernelStack:       50048 kB
ShadowCallStack:   12544 kB
PageTables:        78204 kB
NFS_Unstable:          0 kB
Bounce:                0 kB
WritebackTmp:          0 kB
CommitLimit:     8677876 kB
Committed_AS:   78322648 kB
VmallocTotal:   263061440 kB
VmallocUsed:      134300 kB
VmallocChunk:          0 kB
Percpu:             2448 kB
CmaTotal:         405504 kB
CmaFree:               0 kB
MemTotal:        7918588 kB
MemFree:          330724 kB
MemAvailable:    2450332 kB
Buffers:            6380 kB
Cached:          2058932 kB
SwapCached:         7332 kB
Active:          2459196 kB
Inactive:        2710176 kB
Active(anon):    2205164 kB
Inactive(anon):   926220 kB
Active(file):     254032 kB
Inactive(file):  1783956 kB
Unevictable:        6108 kB
Mlocked:            5668 kB
SwapTotal:       4718584 kB
SwapFree:        4552184 kB
Dirty:                92 kB
Writeback:             0 kB
AnonPages:       3106024 kB
Mapped:           991956 kB
Shmem:             22736 kB
KReclaimable:     471844 kB
Slab:             318260 kB
SReclaimable:      87416 kB
SUnreclaim:       230844 kB
KernelStack:       50048 kB
ShadowCallStack:   12536 kB
PageTables:        78288 kB
NFS_Unstable:          0 kB
Bounce:                0 kB
WritebackTmp:          0 kB
CommitLimit:     8677876 kB
Committed_AS:   78404564 kB
VmallocTotal:   263061440 kB
VmallocUsed:      134280 kB
VmallocChunk:          0 kB
Percpu:             2448 kB
CmaTotal:         405504 kB
CmaFree:              12 kB
MemTotal:        7918588 kB
MemFree:          307884 kB
MemAvailable:    2427092 kB
Buffers:            6380 kB
Cached:          2058932 kB
SwapCached:         7332 kB
Active:          2481124 kB
Inactive:        2710176 kB
Active(anon):    2227092 kB
Inactive(anon):   926220 kB
Active(file):     254032 kB
Inactive(file):  1783956 kB
Unevictable:        6108 kB
Mlocked:            5668 kB
SwapTotal:       4718584 kB
SwapFree:        4552184 kB
Dirty:                92 kB
Writeback:             0 kB
AnonPages:       3127928 kB
Mapped:           992244 kB
Shmem:             22736 kB
KReclaimable:     471444 kB
Slab:             318304 kB
SReclaimable:      87416 kB
SUnreclaim:       230888 kB
KernelStack:       50032 kB
ShadowCallStack:   12540 kB
PageTables:        78516 kB
NFS_Unstable:          0 kB
Bounce:                0 kB
WritebackTmp:          0 kB
CommitLimit:     8677876 kB
Committed_AS:   78453716 kB
VmallocTotal:   263061440 kB
VmallocUsed:      134260 kB
VmallocChunk:          0 kB
Percpu:             2448 kB
CmaTotal:         405504 kB
CmaFree:               0 kB
MemTotal:        7918588 kB
MemFree:          306736 kB
MemAvailable:    2425944 kB
Buffers:            6380 kB
Cached:          2058932 kB
SwapCached:         7332 kB
Active:          2481960 kB
Inactive:        2710176 kB
Active(anon):    2227928 kB
Inactive(anon):   926220 kB
Active(file):     254032 kB
Inactive(file):  1783956 kB
Unevictable:        6108 kB
Mlocked:            5668 kB
SwapTotal:       4718584 kB
SwapFree:        4552184 kB
Dirty:                92 kB
Writeback:             0 kB
AnonPages:       3128880 kB
Mapped:           992124 kB
Shmem:             22736 kB
KReclaimable:     471444 kB
Slab:             318272 kB
SReclaimable:      87416 kB
SUnreclaim:       230856 kB
KernelStack:       50016 kB
ShadowCallStack:   12528 kB
PageTables:        78732 kB
NFS_Unstable:          0 kB
Bounce:                0 kB
WritebackTmp:          0 kB
CommitLimit:     8677876 kB
Committed_AS:   78469996 kB
VmallocTotal:   263061440 kB
VmallocUsed:      134240 kB
VmallocChunk:          0 kB
Percpu:             2448 kB
CmaTotal:         405504 kB
CmaFree:               0 kB
MemTotal:        7918588 kB
MemFree:          253304 kB
MemAvailable:    2371600 kB
Buffers:            6380 kB
Cached:          2058940 kB
SwapCached:         7332 kB
Active:          2538168 kB
Inactive:        2710176 kB
Active(anon):    2284136 kB
Inactive(anon):   926220 kB
Active(file):     254032 kB
Inactive(file):  1783956 kB
Unevictable:        6108 kB
Mlocked:            5668 kB
SwapTotal:       4718584 kB
SwapFree:        4552184 kB
Dirty:                92 kB
Writeback:             0 kB
AnonPages:       3184996 kB
Mapped:           992788 kB
Shmem:             22744 kB
KReclaimable:     470532 kB
Slab:             318236 kB
SReclaimable:      87400 kB
SUnreclaim:       230836 kB
KernelStack:       50016 kB
ShadowCallStack:   12528 kB
PageTables:        78752 kB
NFS_Unstable:          0 kB
Bounce:                0 kB
WritebackTmp:          0 kB
CommitLimit:     8677876 kB
Committed_AS:   78601076 kB
VmallocTotal:   263061440 kB
VmallocUsed:      134224 kB
VmallocChunk:          0 kB
Percpu:             2448 kB
CmaTotal:         405504 kB
CmaFree:               0 kB
MemTotal:        7918588 kB
MemFree:          251564 kB
MemAvailable:    2369860 kB
Buffers:            6388 kB
Cached:          2058940 kB
SwapCached:         7332 kB
Active:          2537948 kB
Inactive:        2710184 kB
Active(anon):    2283916 kB
Inactive(anon):   926220 kB
Active(file):     254032 kB
Inactive(file):  1783964 kB
Unevictable:        6108 kB
Mlocked:            5668 kB
SwapTotal:       4718584 kB
SwapFree:        4552184 kB
Dirty:               128 kB
Writeback:             0 kB
AnonPages:       3184696 kB
Mapped:           992868 kB
Shmem:             22744 kB
KReclaimable:     470524 kB
Slab:             318192 kB
SReclaimable:      87400 kB
SUnreclaim:       230792 kB
KernelStack:       50032 kB
ShadowCallStack:   12520 kB
PageTables:        78664 kB
NFS_Unstable:          0 kB
Bounce:                0 kB
WritebackTmp:          0 kB
CommitLimit:     8677876 kB
Committed_AS:   78601076 kB
VmallocTotal:   263061440 kB
VmallocUsed:      134240 kB
VmallocChunk:          0 kB
Percpu:             2448 kB
CmaTotal:         405504 kB
CmaFree:               4 kB
MemTotal:        7918588 kB
MemFree:          240320 kB
MemAvailable:    2358368 kB
Buffers:            6388 kB
Cached:          2058940 kB
SwapCached:         7332 kB
Active:          2550532 kB
Inactive:        2710184 kB
Active(anon):    2296500 kB
Inactive(anon):   926220 kB
Active(file):     254032 kB
Inactive(file):  1783964 kB
Unevictable:        6108 kB
Mlocked:            5668 kB
SwapTotal:       4718584 kB
SwapFree:        4552184 kB
Dirty:               140 kB
Writeback:             0 kB
AnonPages:       3197392 kB
Mapped:           992984 kB
Shmem:             22744 kB
KReclaimable:     470276 kB
Slab:             318232 kB
SReclaimable:      87400 kB
SUnreclaim:       230832 kB
KernelStack:       50016 kB
ShadowCallStack:   12516 kB
PageTables:        78760 kB
NFS_Unstable:          0 kB
Bounce:                0 kB
WritebackTmp:          0 kB
CommitLimit:     8677876 kB
Committed_AS:   78633844 kB
VmallocTotal:   263061440 kB
VmallocUsed:      134204 kB
VmallocChunk:          0 kB
Percpu:             2448 kB
CmaTotal:         405504 kB
CmaFree:               0 kB
MemTotal:        7918588 kB
MemFree:          195260 kB
MemAvailable:    2312636 kB
Buffers:            6388 kB
Cached:          2058940 kB
SwapCached:         7332 kB
Active:          2593872 kB
Inactive:        2710184 kB
Active(anon):    2339840 kB
Inactive(anon):   926220 kB
Active(file):     254032 kB
Inactive(file):  1783964 kB
Unevictable:        6108 kB
Mlocked:            5668 kB
SwapTotal:       4718584 kB
SwapFree:        4552184 kB
Dirty:               140 kB
Writeback:             0 kB
AnonPages:       3240740 kB
Mapped:           993436 kB
Shmem:             22744 kB
KReclaimable:     469604 kB
Slab:             318348 kB
SReclaimable:      87400 kB
SUnreclaim:       230948 kB
KernelStack:       50000 kB
ShadowCallStack:   12524 kB
PageTables:        79128 kB
NFS_Unstable:          0 kB
Bounce:                0 kB
WritebackTmp:          0 kB
CommitLimit:     8677876 kB
Committed_AS:   78732148 kB
VmallocTotal:   263061440 kB
VmallocUsed:      134200 kB
VmallocChunk:          0 kB
Percpu:             2448 kB
CmaTotal:         405504 kB
CmaFree:               0 kB
MemTotal:        7918588 kB
MemFree:          194284 kB
MemAvailable:    2311660 kB
Buffers:            6388 kB
Cached:          2058940 kB
SwapCached:         7332 kB
Active:          2594404 kB
Inactive:        2710184 kB
Active(anon):    2340372 kB
Inactive(anon):   926220 kB
Active(file):     254032 kB
Inactive(file):  1783964 kB
Unevictable:        6108 kB
Mlocked:            5668 kB
SwapTotal:       4718584 kB
SwapFree:        4552184 kB
Dirty:               140 kB
Writeback:             0 kB
AnonPages:       3240992 kB
Mapped:           993380 kB
Shmem:             22744 kB
KReclaimable:     469604 kB
Slab:             318316 kB
SReclaimable:      87400 kB
SUnreclaim:       230916 kB
KernelStack:       50032 kB
ShadowCallStack:   12524 kB
PageTables:        79104 kB
NFS_Unstable:          0 kB
Bounce:                0 kB
WritebackTmp:          0 kB
CommitLimit:     8677876 kB
Committed_AS:   78732148 kB
VmallocTotal:   263061440 kB
VmallocUsed:      134220 kB
VmallocChunk:          0 kB
Percpu:             2448 kB
CmaTotal:         405504 kB
CmaFree:               0 kB
MemTotal:        7918588 kB
MemFree:          163272 kB
MemAvailable:    2280288 kB
Buffers:            6388 kB
Cached:          2058940 kB
SwapCached:         7332 kB
Active:          2626428 kB
Inactive:        2710184 kB
Active(anon):    2372396 kB
Inactive(anon):   926220 kB
Active(file):     254032 kB
Inactive(file):  1783964 kB
Unevictable:        6108 kB
Mlocked:            5668 kB
SwapTotal:       4718584 kB
SwapFree:        4552184 kB
Dirty:               140 kB
Writeback:             0 kB
AnonPages:       3273468 kB
Mapped:           993572 kB
Shmem:             22744 kB
KReclaimable:     469244 kB
Slab:             318400 kB
SReclaimable:      87400 kB
SUnreclaim:       231000 kB
KernelStack:       50000 kB
ShadowCallStack:   12528 kB
PageTables:        79172 kB
NFS_Unstable:          0 kB
Bounce:                0 kB
WritebackTmp:          0 kB
CommitLimit:     8677876 kB
Committed_AS:   78846836 kB
VmallocTotal:   263061440 kB
VmallocUsed:      134236 kB
VmallocChunk:          0 kB
Percpu:             2448 kB
CmaTotal:         405504 kB
CmaFree:               0 kB
MemTotal:        7918588 kB
MemFree:          159480 kB
MemAvailable:    2270984 kB
Buffers:            6396 kB
Cached:          2057636 kB
SwapCached:         7332 kB
Active:          2657676 kB
Inactive:        2684256 kB
Active(anon):    2403644 kB
Inactive(anon):   900284 kB
Active(file):     254032 kB
Inactive(file):  1783972 kB
Unevictable:        6108 kB
Mlocked:            5668 kB
SwapTotal:       4718584 kB
SwapFree:        4533240 kB
Dirty:                92 kB
Writeback:             0 kB
AnonPages:       3279864 kB
Mapped:           992464 kB
Shmem:             21440 kB
KReclaimable:     463724 kB
Slab:             316360 kB
SReclaimable:      85384 kB
SUnreclaim:       230976 kB
KernelStack:       50016 kB
ShadowCallStack:   12528 kB
PageTables:        79284 kB
NFS_Unstable:          0 kB
Bounce:                0 kB
WritebackTmp:          0 kB
CommitLimit:     8677876 kB
Committed_AS:   78879604 kB
VmallocTotal:   263061440 kB
VmallocUsed:      134240 kB
VmallocChunk:          0 kB
Percpu:             2448 kB
CmaTotal:         405504 kB
CmaFree:               0 kB
MemTotal:        7918588 kB
MemFree:          158780 kB
MemAvailable:    2270288 kB
Buffers:            6404 kB
Cached:          2057632 kB
SwapCached:         7332 kB
Active:          2658412 kB
Inactive:        2684260 kB
Active(anon):    2404380 kB
Inactive(anon):   900284 kB
Active(file):     254032 kB
Inactive(file):  1783976 kB
Unevictable:        6108 kB
Mlocked:            5668 kB
SwapTotal:       4718584 kB
SwapFree:        4533240 kB
Dirty:               156 kB
Writeback:             0 kB
AnonPages:       3280724 kB
Mapped:           992496 kB
Shmem:             21440 kB
KReclaimable:     463724 kB
Slab:             316328 kB
SReclaimable:      85384 kB
SUnreclaim:       230944 kB
KernelStack:       49968 kB
ShadowCallStack:   12516 kB
PageTables:        79300 kB
NFS_Unstable:          0 kB
Bounce:                0 kB
WritebackTmp:          0 kB
CommitLimit:     8677876 kB
Committed_AS:   78879604 kB
VmallocTotal:   263061440 kB
VmallocUsed:      134220 kB
VmallocChunk:          0 kB
Percpu:             2448 kB
CmaTotal:         405504 kB
CmaFree:               0 kB
MemTotal:        7918588 kB
MemFree:          155308 kB
MemAvailable:    2257308 kB
Buffers:            6404 kB
Cached:          2057212 kB
SwapCached:         7332 kB
Active:          2780572 kB
Inactive:        2565168 kB
Active(anon):    2511848 kB
Inactive(anon):   795880 kB
Active(file):     268724 kB
Inactive(file):  1769288 kB
Unevictable:        6108 kB
Mlocked:            5668 kB
SwapTotal:       4718584 kB
SwapFree:        4486648 kB
Dirty:               232 kB
Writeback:             4 kB
AnonPages:       3284328 kB
Mapped:           992540 kB
Shmem:             21016 kB
KReclaimable:     454212 kB
Slab:             316572 kB
SReclaimable:      85384 kB
SUnreclaim:       231188 kB
KernelStack:       50016 kB
ShadowCallStack:   12536 kB
PageTables:        79604 kB
NFS_Unstable:          0 kB
Bounce:                0 kB
WritebackTmp:          0 kB
CommitLimit:     8677876 kB
Committed_AS:   78994292 kB
VmallocTotal:   263061440 kB
VmallocUsed:      134224 kB
VmallocChunk:          0 kB
Percpu:             2448 kB
CmaTotal:         405504 kB
CmaFree:               0 kB
MemTotal:        7918588 kB
MemFree:          158732 kB
MemAvailable:    2259180 kB
Buffers:            6404 kB
Cached:          2057208 kB
SwapCached:         7332 kB
Active:          2788880 kB
Inactive:        2553820 kB
Active(anon):    2520156 kB
Inactive(anon):   784532 kB
Active(file):     268724 kB
Inactive(file):  1769288 kB
Unevictable:        6108 kB
Mlocked:            5668 kB
SwapTotal:       4718584 kB
SwapFree:        4477944 kB
Dirty:               232 kB
Writeback:             0 kB
AnonPages:       3281132 kB
Mapped:           992588 kB
Shmem:             21012 kB
KReclaimable:     452660 kB
Slab:             316544 kB
SReclaimable:      85384 kB
SUnreclaim:       231160 kB
KernelStack:       50000 kB
ShadowCallStack:   12508 kB
PageTables:        79392 kB
NFS_Unstable:          0 kB
Bounce:                0 kB
WritebackTmp:          0 kB
CommitLimit:     8677876 kB
Committed_AS:   78994292 kB
VmallocTotal:   263061440 kB
VmallocUsed:      134236 kB
VmallocChunk:          0 kB
Percpu:             2448 kB
CmaTotal:         405504 kB
CmaFree:               0 kB
MemTotal:        7918588 kB
MemFree:          153780 kB
MemAvailable:    2253036 kB
Buffers:            6404 kB
Cached:          2057192 kB
SwapCached:         7336 kB
Active:          2814184 kB
Inactive:        2533336 kB
Active(anon):    2545460 kB
Inactive(anon):   764048 kB
Active(file):     268724 kB
Inactive(file):  1769288 kB
Unevictable:        6108 kB
Mlocked:            5668 kB
SwapTotal:       4718584 kB
SwapFree:        4470264 kB
Dirty:               232 kB
Writeback:             4 kB
AnonPages:       3286588 kB
Mapped:           992612 kB
Shmem:             20996 kB
KReclaimable:     451468 kB
Slab:             316568 kB
SReclaimable:      85400 kB
SUnreclaim:       231168 kB
KernelStack:       50000 kB
ShadowCallStack:   12528 kB
PageTables:        79448 kB
NFS_Unstable:          0 kB
Bounce:                0 kB
WritebackTmp:          0 kB
CommitLimit:     8677876 kB
Committed_AS:   79043444 kB
VmallocTotal:   263061440 kB
VmallocUsed:      134204 kB
VmallocChunk:          0 kB
Percpu:             2448 kB
CmaTotal:         405504 kB
CmaFree:               0 kB
MemTotal:        7918588 kB
MemFree:          155608 kB
MemAvailable:    2243420 kB
Buffers:            6412 kB
Cached:          2056968 kB
SwapCached:         7332 kB
Active:          2888164 kB
Inactive:        2459440 kB
Active(anon):    2619440 kB
Inactive(anon):   690144 kB
Active(file):     268724 kB
Inactive(file):  1769296 kB
Unevictable:        6108 kB
Mlocked:            5668 kB
SwapTotal:       4718584 kB
SwapFree:        4425976 kB
Dirty:               268 kB
Writeback:             0 kB
AnonPages:       3286272 kB
Mapped:           992880 kB
Shmem:             20772 kB
KReclaimable:     440016 kB
Slab:             316868 kB
SReclaimable:      85428 kB
SUnreclaim:       231440 kB
KernelStack:       50000 kB
ShadowCallStack:   12528 kB
PageTables:        79740 kB
NFS_Unstable:          0 kB
Bounce:                0 kB
WritebackTmp:          0 kB
CommitLimit:     8677876 kB
Committed_AS:   79125368 kB
VmallocTotal:   263061440 kB
VmallocUsed:      134220 kB
VmallocChunk:          0 kB
Percpu:             2448 kB
CmaTotal:         405504 kB
CmaFree:               0 kB
MemTotal:        7918588 kB
MemFree:          156048 kB
MemAvailable:    2243860 kB
Buffers:            6412 kB
Cached:          2056968 kB
SwapCached:         7332 kB
Active:          2888980 kB
Inactive:        2459440 kB
Active(anon):    2620256 kB
Inactive(anon):   690144 kB
Active(file):     268724 kB
Inactive(file):  1769296 kB
Unevictable:        6108 kB
Mlocked:            5668 kB
SwapTotal:       4718584 kB
SwapFree:        4425976 kB
Dirty:                96 kB
Writeback:             0 kB
AnonPages:       3286884 kB
Mapped:           992836 kB
Shmem:             20772 kB
KReclaimable:     440016 kB
Slab:             316752 kB
SReclaimable:      85428 kB
SUnreclaim:       231324 kB
KernelStack:       50016 kB
ShadowCallStack:   12524 kB
PageTables:        79784 kB
NFS_Unstable:          0 kB
Bounce:                0 kB
WritebackTmp:          0 kB
CommitLimit:     8677876 kB
Committed_AS:   79125372 kB
VmallocTotal:   263061440 kB
VmallocUsed:      134220 kB
VmallocChunk:          0 kB
Percpu:             2448 kB
CmaTotal:         405504 kB
CmaFree:               0 kB
MemTotal:        7918588 kB
MemFree:          126840 kB
MemAvailable:    2091812 kB
Buffers:            6412 kB
Cached:          2056780 kB
SwapCached:         7336 kB
Active:          2969668 kB
Inactive:        2403436 kB
Active(anon):    2700940 kB
Inactive(anon):   634144 kB
Active(file):     268728 kB
Inactive(file):  1769292 kB
Unevictable:        6108 kB
Mlocked:            5668 kB
SwapTotal:       4718584 kB
SwapFree:        4395768 kB
Dirty:               124 kB
Writeback:             4 kB
AnonPages:       3312292 kB
Mapped:           993308 kB
Shmem:             20584 kB
KReclaimable:     317176 kB
Slab:             317188 kB
SReclaimable:      85444 kB
SUnreclaim:       231744 kB
KernelStack:       50080 kB
ShadowCallStack:   12544 kB
PageTables:        79988 kB
NFS_Unstable:          0 kB
Bounce:                0 kB
WritebackTmp:          0 kB
CommitLimit:     8677876 kB
Committed_AS:   79207688 kB
VmallocTotal:   263061440 kB
VmallocUsed:      134280 kB
VmallocChunk:          0 kB
Percpu:             2448 kB
CmaTotal:         405504 kB
CmaFree:               0 kB
MemTotal:        7918588 kB
MemFree:          161036 kB
MemAvailable:    2113428 kB
Buffers:            6412 kB
Cached:          2055464 kB
SwapCached:         7332 kB
Active:          3078452 kB
Inactive:        2248640 kB
Active(anon):    2809720 kB
Inactive(anon):   479348 kB
Active(file):     268732 kB
Inactive(file):  1769292 kB
Unevictable:        6108 kB
Mlocked:            5668 kB
SwapTotal:       4718584 kB
SwapFree:        4313848 kB
Dirty:               148 kB
Writeback:             0 kB
AnonPages:       3267188 kB
Mapped:           992488 kB
Shmem:             19264 kB
KReclaimable:     304592 kB
Slab:             317660 kB
SReclaimable:      85588 kB
SUnreclaim:       232072 kB
KernelStack:       50048 kB
ShadowCallStack:   12560 kB
PageTables:        79712 kB
NFS_Unstable:          0 kB
Bounce:                0 kB
WritebackTmp:          0 kB
CommitLimit:     8677876 kB
Committed_AS:   79256840 kB
VmallocTotal:   263061440 kB
VmallocUsed:      134388 kB
VmallocChunk:          0 kB
Percpu:             2448 kB
CmaTotal:         405504 kB
CmaFree:              28 kB
MemTotal:        7918588 kB
MemFree:          198668 kB
MemAvailable:    2272680 kB
Buffers:            6412 kB
Cached:          2055400 kB
SwapCached:         7332 kB
Active:          3041600 kB
Inactive:        2248648 kB
Active(anon):    2772868 kB
Inactive(anon):   479348 kB
Active(file):     268732 kB
Inactive(file):  1769300 kB
Unevictable:        6108 kB
Mlocked:            5668 kB
SwapTotal:       4718584 kB
SwapFree:        4313848 kB
Dirty:               192 kB
Writeback:             0 kB
AnonPages:       3230436 kB
Mapped:           991752 kB
Shmem:             19192 kB
KReclaimable:     426204 kB
Slab:             317492 kB
SReclaimable:      85576 kB
SUnreclaim:       231916 kB
KernelStack:       50000 kB
ShadowCallStack:   12524 kB
PageTables:        80168 kB
NFS_Unstable:          0 kB
Bounce:                0 kB
WritebackTmp:          0 kB
CommitLimit:     8677876 kB
Committed_AS:   79256444 kB
VmallocTotal:   263061440 kB
VmallocUsed:      134200 kB
VmallocChunk:          0 kB
Percpu:             2448 kB
CmaTotal:         405504 kB
CmaFree:               0 kB
MemTotal:        7918588 kB
MemFree:          154096 kB
MemAvailable:    2226340 kB
Buffers:            6420 kB
Cached:          2055368 kB
SwapCached:         7340 kB
Active:          3101368 kB
Inactive:        2231004 kB
Active(anon):    2832636 kB
Inactive(anon):   461688 kB
Active(file):     268732 kB
Inactive(file):  1769316 kB
Unevictable:        6108 kB
Mlocked:            5668 kB
SwapTotal:       4718584 kB
SwapFree:        4305144 kB
Dirty:               220 kB
Writeback:             0 kB
AnonPages:       3272784 kB
Mapped:           992228 kB
Shmem:             19152 kB
KReclaimable:     424420 kB
Slab:             317484 kB
SReclaimable:      85592 kB
SUnreclaim:       231892 kB
KernelStack:       49968 kB
ShadowCallStack:   12532 kB
PageTables:        79956 kB
NFS_Unstable:          0 kB
Bounce:                0 kB
WritebackTmp:          0 kB
CommitLimit:     8677876 kB
Committed_AS:   79387520 kB
VmallocTotal:   263061440 kB
VmallocUsed:      134220 kB
VmallocChunk:          0 kB
Percpu:             2448 kB
CmaTotal:         405504 kB
CmaFree:               0 kB
MemTotal:        7918588 kB
MemFree:          155804 kB
MemAvailable:    2226600 kB
Buffers:            6420 kB
Cached:          2055356 kB
SwapCached:         7340 kB
Active:          3106280 kB
Inactive:        2221748 kB
Active(anon):    2837548 kB
Inactive(anon):   452440 kB
Active(file):     268732 kB
Inactive(file):  1769308 kB
Unevictable:        6108 kB
Mlocked:            5668 kB
SwapTotal:       4718584 kB
SwapFree:        4297464 kB
Dirty:               228 kB
Writeback:             4 kB
AnonPages:       3268688 kB
Mapped:           992344 kB
Shmem:             19148 kB
KReclaimable:     422980 kB
Slab:             317688 kB
SReclaimable:      85608 kB
SUnreclaim:       232080 kB
KernelStack:       49968 kB
ShadowCallStack:   12516 kB
PageTables:        80144 kB
NFS_Unstable:          0 kB
Bounce:                0 kB
WritebackTmp:          0 kB
CommitLimit:     8677876 kB
Committed_AS:   79387520 kB
VmallocTotal:   263061440 kB
VmallocUsed:      134216 kB
VmallocChunk:          0 kB
Percpu:             2448 kB
CmaTotal:         405504 kB
CmaFree:               0 kB
MemTotal:        7918588 kB
MemFree:          152480 kB
MemAvailable:    2221364 kB
Buffers:            6420 kB
Cached:          2055304 kB
SwapCached:         7340 kB
Active:          3123492 kB
Inactive:        2206660 kB
Active(anon):    2854760 kB
Inactive(anon):   437352 kB
Active(file):     268732 kB
Inactive(file):  1769308 kB
Unevictable:        6108 kB
Mlocked:            5668 kB
SwapTotal:       4718584 kB
SwapFree:        4284920 kB
Dirty:                88 kB
Writeback:           136 kB
AnonPages:       3270684 kB
Mapped:           992392 kB
Shmem:             19100 kB
KReclaimable:     421068 kB
Slab:             317728 kB
SReclaimable:      85640 kB
SUnreclaim:       232088 kB
KernelStack:       50000 kB
ShadowCallStack:   12504 kB
PageTables:        80096 kB
NFS_Unstable:          0 kB
Bounce:                0 kB
WritebackTmp:          0 kB
CommitLimit:     8677876 kB
Committed_AS:   79453060 kB
VmallocTotal:   263061440 kB
VmallocUsed:      134216 kB
VmallocChunk:          0 kB
Percpu:             2448 kB
CmaTotal:         405504 kB
CmaFree:               0 kB
MemTotal:        7918588 kB
MemFree:          154888 kB
MemAvailable:    2210884 kB
Buffers:            6420 kB
Cached:          2054764 kB
SwapCached:         7336 kB
Active:          3229944 kB
Inactive:        2098832 kB
Active(anon):    2961204 kB
Inactive(anon):   329532 kB
Active(file):     268740 kB
Inactive(file):  1769300 kB
Unevictable:        6108 kB
Mlocked:            5668 kB
SwapTotal:       4718584 kB
SwapFree:        4241144 kB
Dirty:               120 kB
Writeback:             0 kB
AnonPages:       3269584 kB
Mapped:           991616 kB
Shmem:             18556 kB
KReclaimable:     408180 kB
Slab:             318140 kB
SReclaimable:      85688 kB
SUnreclaim:       232452 kB
KernelStack:       49984 kB
ShadowCallStack:   12528 kB
PageTables:        80596 kB
NFS_Unstable:          0 kB
Bounce:                0 kB
WritebackTmp:          0 kB
CommitLimit:     8677876 kB
Committed_AS:   79551368 kB
VmallocTotal:   263061440 kB
VmallocUsed:      134204 kB
VmallocChunk:          0 kB
Percpu:             2448 kB
CmaTotal:         405504 kB
CmaFree:               0 kB
MemTotal:        7918588 kB
MemFree:          154384 kB
MemAvailable:    2210380 kB
Buffers:            6420 kB
Cached:          2054764 kB
SwapCached:         7336 kB
Active:          3230156 kB
Inactive:        2098832 kB
Active(anon):    2961416 kB
Inactive(anon):   329532 kB
Active(file):     268740 kB
Inactive(file):  1769300 kB
Unevictable:        6108 kB
Mlocked:            5668 kB
SwapTotal:       4718584 kB
SwapFree:        4241144 kB
Dirty:               120 kB
Writeback:             0 kB
AnonPages:       3269808 kB
Mapped:           991800 kB
Shmem:             18556 kB
KReclaimable:     408180 kB
Slab:             318068 kB
SReclaimable:      85688 kB
SUnreclaim:       232380 kB
KernelStack:       50032 kB
ShadowCallStack:   12524 kB
PageTables:        80520 kB
NFS_Unstable:          0 kB
Bounce:                0 kB
WritebackTmp:          0 kB
CommitLimit:     8677876 kB
Committed_AS:   79551368 kB
VmallocTotal:   263061440 kB
VmallocUsed:      134220 kB
VmallocChunk:          0 kB
Percpu:             2448 kB
CmaTotal:         405504 kB
CmaFree:               0 kB
MemTotal:        7918588 kB
MemFree:          154932 kB
MemAvailable:    2206248 kB
Buffers:            6428 kB
Cached:          2054520 kB
SwapCached:         7340 kB
Active:          3287948 kB
Inactive:        2032968 kB
Active(anon):    3019208 kB
Inactive(anon):   263668 kB
Active(file):     268740 kB
Inactive(file):  1769300 kB
Unevictable:        6108 kB
Mlocked:            5668 kB
SwapTotal:       4718584 kB
SwapFree:        4199672 kB
Dirty:               120 kB
Writeback:             0 kB
AnonPages:       3262196 kB
Mapped:           991860 kB
Shmem:             18324 kB
KReclaimable:     403500 kB
Slab:             318200 kB
SReclaimable:      85752 kB
SUnreclaim:       232448 kB
KernelStack:       49984 kB
ShadowCallStack:   12532 kB
PageTables:        80596 kB
NFS_Unstable:          0 kB
Bounce:                0 kB
WritebackTmp:          0 kB
CommitLimit:     8677876 kB
Committed_AS:   79633288 kB
VmallocTotal:   263061440 kB
VmallocUsed:      134216 kB
VmallocChunk:          0 kB
Percpu:             2448 kB
CmaTotal:         405504 kB
CmaFree:               0 kB
MemTotal:        7918588 kB
MemFree:          155336 kB
MemAvailable:    2200292 kB
Buffers:            6436 kB
Cached:          2054184 kB
SwapCached:         7336 kB
Active:          3314636 kB
Inactive:        2006260 kB
Active(anon):    3045896 kB
Inactive(anon):   236944 kB
Active(file):     268740 kB
Inactive(file):  1769316 kB
Unevictable:        6108 kB
Mlocked:            5668 kB
SwapTotal:       4718584 kB
SwapFree:        4177656 kB
Dirty:               152 kB
Writeback:             0 kB
AnonPages:       3262248 kB
Mapped:           991724 kB
Shmem:             17976 kB
KReclaimable:     397124 kB
Slab:             318448 kB
SReclaimable:      85784 kB
SUnreclaim:       232664 kB
KernelStack:       49968 kB
ShadowCallStack:   12516 kB
PageTables:        80828 kB
NFS_Unstable:          0 kB
Bounce:                0 kB
WritebackTmp:          0 kB
CommitLimit:     8677876 kB
Committed_AS:   79682440 kB
VmallocTotal:   263061440 kB
VmallocUsed:      134216 kB
VmallocChunk:          0 kB
Percpu:             2448 kB
CmaTotal:         405504 kB
CmaFree:               0 kB
MemTotal:        7918588 kB
MemFree:          153580 kB
MemAvailable:    2198536 kB
Buffers:            6436 kB
Cached:          2054184 kB
SwapCached:         7336 kB
Active:          3316256 kB
Inactive:        2006260 kB
Active(anon):    3047516 kB
Inactive(anon):   236944 kB
Active(file):     268740 kB
Inactive(file):  1769316 kB
Unevictable:        6108 kB
Mlocked:            5668 kB
SwapTotal:       4718584 kB
SwapFree:        4177656 kB
Dirty:               156 kB
Writeback:             0 kB
AnonPages:       3263712 kB
