MemTotal:        7918588 kB
MemFree:         3211436 kB
MemAvailable:    4621384 kB
Buffers:            4992 kB
Cached:          1463300 kB
SwapCached:         8520 kB
Active:          1336056 kB
Inactive:         866472 kB
Active(anon):     615068 kB
Inactive(anon):   135752 kB
Active(file):     720988 kB
Inactive(file):   730720 kB
Unevictable:        6332 kB
Mlocked:            5892 kB
SwapTotal:       4718584 kB
SwapFree:        4035836 kB
Dirty:            180476 kB
Writeback:             0 kB
AnonPages:        736344 kB
Mapped:           529768 kB
Shmem:             11964 kB
KReclaimable:     536880 kB
Slab:             318280 kB
SReclaimable:      92156 kB
SUnreclaim:       226124 kB
KernelStack:       48288 kB
ShadowCallStack:   12100 kB
PageTables:        62360 kB
NFS_Unstable:          0 kB
Bounce:                0 kB
WritebackTmp:          0 kB
CommitLimit:     8677876 kB
Committed_AS:   64817764 kB
VmallocTotal:   263061440 kB
VmallocUsed:      131132 kB
VmallocChunk:          0 kB
Percpu:             2448 kB
CmaTotal:         405504 kB
CmaFree:          279132 kB
MemTotal:        7918588 kB
MemFree:         3227800 kB
MemAvailable:    4927648 kB
Buffers:            5024 kB
Cached:          1471576 kB
SwapCached:         8584 kB
Active:          1319616 kB
Inactive:         866520 kB
Active(anon):     591048 kB
Inactive(anon):   135624 kB
Active(file):     728568 kB
Inactive(file):   730896 kB
Unevictable:        6332 kB
Mlocked:            5892 kB
SwapTotal:       4718584 kB
SwapFree:        4037116 kB
Dirty:            180484 kB
Writeback:             0 kB
AnonPages:        711592 kB
Mapped:           557048 kB
Shmem:             12532 kB
KReclaimable:     819024 kB
Slab:             318244 kB
SReclaimable:      92236 kB
SUnreclaim:       226008 kB
KernelStack:       48624 kB
ShadowCallStack:   12184 kB
PageTables:        62700 kB
NFS_Unstable:          0 kB
Bounce:                0 kB
WritebackTmp:          0 kB
CommitLimit:     8677876 kB
Committed_AS:   64857176 kB
VmallocTotal:   263061440 kB
VmallocUsed:      131520 kB
VmallocChunk:          0 kB
Percpu:             2448 kB
CmaTotal:         405504 kB
CmaFree:          279132 kB
MemTotal:        7918588 kB
MemFree:         3203716 kB
MemAvailable:    4731708 kB
Buffers:            5032 kB
Cached:          1471660 kB
SwapCached:         8592 kB
Active:          1341384 kB
Inactive:         866524 kB
Active(anon):     612732 kB
Inactive(anon):   135624 kB
Active(file):     728652 kB
Inactive(file):   730900 kB
Unevictable:        6332 kB
Mlocked:            5892 kB
SwapTotal:       4718584 kB
SwapFree:        4037116 kB
Dirty:            180540 kB
Writeback:             0 kB
AnonPages:        733192 kB
Mapped:           576708 kB
Shmem:             12536 kB
KReclaimable:     647080 kB
Slab:             318796 kB
SReclaimable:      92268 kB
SUnreclaim:       226528 kB
KernelStack:       48560 kB
ShadowCallStack:   12168 kB
PageTables:        62860 kB
NFS_Unstable:          0 kB
Bounce:                0 kB
WritebackTmp:          0 kB
CommitLimit:     8677876 kB
Committed_AS:   64879352 kB
VmallocTotal:   263061440 kB
VmallocUsed:      131452 kB
VmallocChunk:          0 kB
Percpu:             2448 kB
CmaTotal:         405504 kB
CmaFree:          279132 kB
MemTotal:        7918588 kB
MemFree:         3198156 kB
MemAvailable:    4725412 kB
Buffers:            5040 kB
Cached:          1471672 kB
SwapCached:         8592 kB
Active:          1344568 kB
Inactive:         866540 kB
Active(anon):     615916 kB
Inactive(anon):   135624 kB
Active(file):     728652 kB
Inactive(file):   730916 kB
Unevictable:        6332 kB
Mlocked:            5892 kB
SwapTotal:       4718584 kB
SwapFree:        4037116 kB
Dirty:            180576 kB
Writeback:             0 kB
AnonPages:        736408 kB
Mapped:           577468 kB
Shmem:             12540 kB
KReclaimable:     646328 kB
Slab:             318680 kB
SReclaimable:      92284 kB
SUnreclaim:       226396 kB
KernelStack:       48560 kB
ShadowCallStack:   12176 kB
PageTables:        62868 kB
NFS_Unstable:          0 kB
Bounce:                0 kB
WritebackTmp:          0 kB
CommitLimit:     8677876 kB
Committed_AS:   64879356 kB
VmallocTotal:   263061440 kB
VmallocUsed:      131488 kB
VmallocChunk:          0 kB
Percpu:             2448 kB
CmaTotal:         405504 kB
CmaFree:          279132 kB
MemTotal:        7918588 kB
MemFree:         3167220 kB
MemAvailable:    4572900 kB
Buffers:            5072 kB
Cached:          1471912 kB
SwapCached:         8600 kB
Active:          1384684 kB
Inactive:         864884 kB
Active(anon):     656024 kB
Inactive(anon):   133928 kB
Active(file):     728660 kB
Inactive(file):   730956 kB
Unevictable:        6332 kB
Mlocked:            5892 kB
SwapTotal:       4718584 kB
SwapFree:        4047100 kB
Dirty:            180588 kB
Writeback:             0 kB
AnonPages:        774656 kB
Mapped:           579028 kB
Shmem:             12764 kB
KReclaimable:     524704 kB
Slab:             318804 kB
SReclaimable:      92284 kB
SUnreclaim:       226520 kB
KernelStack:       48688 kB
ShadowCallStack:   12200 kB
PageTables:        62924 kB
NFS_Unstable:          0 kB
Bounce:                0 kB
WritebackTmp:          0 kB
CommitLimit:     8677876 kB
Committed_AS:   64879772 kB
VmallocTotal:   263061440 kB
VmallocUsed:      131608 kB
VmallocChunk:          0 kB
Percpu:             2448 kB
CmaTotal:         405504 kB
CmaFree:          280284 kB
MemTotal:        7918588 kB
MemFree:         3168688 kB
MemAvailable:    4594572 kB
Buffers:            5072 kB
Cached:          1472000 kB
SwapCached:         8600 kB
Active:          1382328 kB
Inactive:         864092 kB
Active(anon):     653668 kB
Inactive(anon):   133136 kB
Active(file):     728660 kB
Inactive(file):   730956 kB
Unevictable:        6332 kB
Mlocked:            5892 kB
SwapTotal:       4718584 kB
SwapFree:        4047100 kB
Dirty:            180588 kB
Writeback:             0 kB
AnonPages:        771400 kB
Mapped:           579280 kB
Shmem:             12852 kB
KReclaimable:     544908 kB
Slab:             318760 kB
SReclaimable:      92284 kB
SUnreclaim:       226476 kB
KernelStack:       48512 kB
ShadowCallStack:   12148 kB
PageTables:        62956 kB
NFS_Unstable:          0 kB
Bounce:                0 kB
WritebackTmp:          0 kB
CommitLimit:     8677876 kB
Committed_AS:   64879236 kB
VmallocTotal:   263061440 kB
VmallocUsed:      131172 kB
VmallocChunk:          0 kB
Percpu:             2448 kB
CmaTotal:         405504 kB
CmaFree:          280284 kB
MemTotal:        7918588 kB
MemFree:         3187584 kB
MemAvailable:    4735044 kB
Buffers:            5072 kB
Cached:          1471840 kB
SwapCached:         8600 kB
Active:          1365560 kB
Inactive:         864076 kB
Active(anon):     636900 kB
Inactive(anon):   133120 kB
Active(file):     728660 kB
Inactive(file):   730956 kB
Unevictable:        6332 kB
Mlocked:            5892 kB
SwapTotal:       4718584 kB
SwapFree:        4047100 kB
Dirty:            180592 kB
Writeback:             0 kB
AnonPages:        754708 kB
Mapped:           580132 kB
Shmem:             12692 kB
KReclaimable:     666484 kB
Slab:             318712 kB
SReclaimable:      92284 kB
SUnreclaim:       226428 kB
KernelStack:       48384 kB
ShadowCallStack:   12124 kB
PageTables:        62872 kB
NFS_Unstable:          0 kB
Bounce:                0 kB
WritebackTmp:          0 kB
CommitLimit:     8677876 kB
Committed_AS:   64897392 kB
VmallocTotal:   263061440 kB
VmallocUsed:      131004 kB
VmallocChunk:          0 kB
Percpu:             2448 kB
CmaTotal:         405504 kB
CmaFree:          280532 kB
MemTotal:        7918588 kB
MemFree:         3029628 kB
MemAvailable:    4545636 kB
Buffers:            5076 kB
Cached:          1473160 kB
SwapCached:         8600 kB
Active:          1522588 kB
Inactive:         864076 kB
Active(anon):     792612 kB
Inactive(anon):   133116 kB
Active(file):     729976 kB
Inactive(file):   730960 kB
Unevictable:        6332 kB
Mlocked:            5892 kB
SwapTotal:       4718584 kB
SwapFree:        4047100 kB
Dirty:            180592 kB
Writeback:             0 kB
AnonPages:        910388 kB
Mapped:           626312 kB
Shmem:             12696 kB
KReclaimable:     633712 kB
Slab:             318892 kB
SReclaimable:      92284 kB
SUnreclaim:       226608 kB
KernelStack:       48352 kB
ShadowCallStack:   12124 kB
PageTables:        63264 kB
NFS_Unstable:          0 kB
Bounce:                0 kB
WritebackTmp:          0 kB
CommitLimit:     8677876 kB
Committed_AS:   65162168 kB
VmallocTotal:   263061440 kB
VmallocUsed:      131004 kB
VmallocChunk:          0 kB
Percpu:             2448 kB
CmaTotal:         405504 kB
CmaFree:          280532 kB
MemTotal:        7918588 kB
MemFree:         2974612 kB
MemAvailable:    4457088 kB
Buffers:            5076 kB
Cached:          1473196 kB
SwapCached:         8600 kB
Active:          1577528 kB
Inactive:         864116 kB
Active(anon):     847552 kB
Inactive(anon):   133120 kB
Active(file):     729976 kB
Inactive(file):   730996 kB
Unevictable:        6332 kB
Mlocked:            5892 kB
SwapTotal:       4718584 kB
SwapFree:        4047356 kB
Dirty:            180636 kB
Writeback:             0 kB
AnonPages:        965324 kB
Mapped:           664776 kB
Shmem:             12696 kB
KReclaimable:     600144 kB
Slab:             319180 kB
SReclaimable:      92316 kB
SUnreclaim:       226864 kB
KernelStack:       48416 kB
ShadowCallStack:   12132 kB
PageTables:        63632 kB
NFS_Unstable:          0 kB
Bounce:                0 kB
WritebackTmp:          0 kB
CommitLimit:     8677876 kB
Committed_AS:   65259076 kB
VmallocTotal:   263061440 kB
VmallocUsed:      131044 kB
VmallocChunk:          0 kB
Percpu:             2448 kB
CmaTotal:         405504 kB
CmaFree:          280532 kB
MemTotal:        7918588 kB
MemFree:         2891748 kB
MemAvailable:    4364160 kB
Buffers:            5116 kB
Cached:          1491728 kB
SwapCached:         8616 kB
Active:          1659864 kB
Inactive:         864204 kB
Active(anon):     911428 kB
Inactive(anon):   133104 kB
Active(file):     748436 kB
Inactive(file):   731100 kB
Unevictable:        6332 kB
Mlocked:            5892 kB
SwapTotal:       4718584 kB
SwapFree:        4047356 kB
Dirty:             18372 kB
Writeback:             0 kB
AnonPages:       1029216 kB
Mapped:           681412 kB
Shmem:             12696 kB
KReclaimable:     571516 kB
Slab:             319212 kB
SReclaimable:      92332 kB
SUnreclaim:       226880 kB
KernelStack:       48464 kB
ShadowCallStack:   12152 kB
PageTables:        64120 kB
NFS_Unstable:          0 kB
Bounce:                0 kB
WritebackTmp:          0 kB
CommitLimit:     8677876 kB
Committed_AS:   65522604 kB
VmallocTotal:   263061440 kB
VmallocUsed:      131104 kB
VmallocChunk:          0 kB
Percpu:             2448 kB
CmaTotal:         405504 kB
CmaFree:          280532 kB
MemTotal:        7918588 kB
MemFree:         2701808 kB
MemAvailable:    4163224 kB
Buffers:            5116 kB
Cached:          1491760 kB
SwapCached:         8616 kB
Active:          1849416 kB
Inactive:         864240 kB
Active(anon):    1100980 kB
Inactive(anon):   133100 kB
Active(file):     748436 kB
Inactive(file):   731140 kB
Unevictable:        6332 kB
Mlocked:            5892 kB
SwapTotal:       4718584 kB
SwapFree:        4047356 kB
Dirty:             18444 kB
Writeback:             0 kB
AnonPages:       1218996 kB
Mapped:           691712 kB
Shmem:             12696 kB
KReclaimable:     560480 kB
Slab:             319348 kB
SReclaimable:      92332 kB
SUnreclaim:       227016 kB
KernelStack:       48416 kB
ShadowCallStack:   12140 kB
PageTables:        64848 kB
NFS_Unstable:          0 kB
Bounce:                0 kB
WritebackTmp:          0 kB
CommitLimit:     8677876 kB
Committed_AS:   65866612 kB
VmallocTotal:   263061440 kB
VmallocUsed:      131084 kB
VmallocChunk:          0 kB
Percpu:             2448 kB
CmaTotal:         405504 kB
CmaFree:          280532 kB
MemTotal:        7918588 kB
MemFree:         2543940 kB
MemAvailable:    4004180 kB
Buffers:            5140 kB
Cached:          1491780 kB
SwapCached:         8616 kB
Active:          2006084 kB
Inactive:         864264 kB
Active(anon):    1257648 kB
Inactive(anon):   133084 kB
Active(file):     748436 kB
Inactive(file):   731180 kB
Unevictable:        6332 kB
Mlocked:            5892 kB
SwapTotal:       4718584 kB
SwapFree:        4047612 kB
Dirty:             18476 kB
Writeback:             0 kB
AnonPages:       1375440 kB
Mapped:           692612 kB
Shmem:             12700 kB
KReclaimable:     559264 kB
Slab:             319452 kB
SReclaimable:      92332 kB
SUnreclaim:       227120 kB
KernelStack:       48288 kB
ShadowCallStack:   12100 kB
PageTables:        65416 kB
NFS_Unstable:          0 kB
Bounce:                0 kB
WritebackTmp:          0 kB
CommitLimit:     8677876 kB
Committed_AS:   66161016 kB
VmallocTotal:   263061440 kB
VmallocUsed:      130880 kB
VmallocChunk:          0 kB
Percpu:             2448 kB
CmaTotal:         405504 kB
CmaFree:          280532 kB
MemTotal:        7918588 kB
MemFree:         2434328 kB
MemAvailable:    3884468 kB
Buffers:            5140 kB
Cached:          1491780 kB
SwapCached:         8616 kB
Active:          2114972 kB
Inactive:         864264 kB
Active(anon):    1366536 kB
Inactive(anon):   133084 kB
Active(file):     748436 kB
Inactive(file):   731180 kB
Unevictable:        6332 kB
Mlocked:            5892 kB
SwapTotal:       4718584 kB
SwapFree:        4047612 kB
Dirty:             18476 kB
Writeback:             0 kB
AnonPages:       1484320 kB
Mapped:           693844 kB
Shmem:             12700 kB
KReclaimable:     549164 kB
Slab:             319472 kB
SReclaimable:      92332 kB
SUnreclaim:       227140 kB
KernelStack:       48240 kB
ShadowCallStack:   12084 kB
PageTables:        65916 kB
NFS_Unstable:          0 kB
Bounce:                0 kB
WritebackTmp:          0 kB
CommitLimit:     8677876 kB
Committed_AS:   66406572 kB
VmallocTotal:   263061440 kB
VmallocUsed:      130804 kB
VmallocChunk:          0 kB
Percpu:             2448 kB
CmaTotal:         405504 kB
CmaFree:          280532 kB
MemTotal:        7918588 kB
MemFree:         2337984 kB
MemAvailable:    3787312 kB
Buffers:            5140 kB
Cached:          1491816 kB
SwapCached:         8616 kB
Active:          2212040 kB
Inactive:         864292 kB
Active(anon):    1463604 kB
Inactive(anon):   133084 kB
Active(file):     748436 kB
Inactive(file):   731208 kB
Unevictable:        6332 kB
Mlocked:            5892 kB
SwapTotal:       4718584 kB
SwapFree:        4047868 kB
Dirty:             18504 kB
Writeback:             0 kB
AnonPages:       1581316 kB
Mapped:           691852 kB
Shmem:             12708 kB
KReclaimable:     548324 kB
Slab:             319508 kB
SReclaimable:      92332 kB
SUnreclaim:       227176 kB
KernelStack:       48192 kB
ShadowCallStack:   12076 kB
PageTables:        66360 kB
NFS_Unstable:          0 kB
Bounce:                0 kB
WritebackTmp:          0 kB
CommitLimit:     8677876 kB
Committed_AS:   66635852 kB
VmallocTotal:   263061440 kB
VmallocUsed:      130744 kB
VmallocChunk:          0 kB
Percpu:             2448 kB
CmaTotal:         405504 kB
CmaFree:          280532 kB
MemTotal:        7918588 kB
MemFree:         2230292 kB
MemAvailable:    3678188 kB
Buffers:            5140 kB
Cached:          1491816 kB
SwapCached:         8616 kB
Active:          2318516 kB
Inactive:         864292 kB
Active(anon):    1570080 kB
Inactive(anon):   133084 kB
Active(file):     748436 kB
Inactive(file):   731208 kB
Unevictable:        6332 kB
Mlocked:            5892 kB
SwapTotal:       4718584 kB
SwapFree:        4047868 kB
Dirty:             18504 kB
Writeback:             0 kB
AnonPages:       1687884 kB
Mapped:           692736 kB
Shmem:             12708 kB
KReclaimable:     546892 kB
Slab:             319684 kB
SReclaimable:      92332 kB
SUnreclaim:       227352 kB
KernelStack:       48192 kB
ShadowCallStack:   12076 kB
PageTables:        66860 kB
NFS_Unstable:          0 kB
Bounce:                0 kB
WritebackTmp:          0 kB
CommitLimit:     8677876 kB
Committed_AS:   66881616 kB
VmallocTotal:   263061440 kB
VmallocUsed:      130780 kB
VmallocChunk:          0 kB
Percpu:             2448 kB
CmaTotal:         405504 kB
CmaFree:          280532 kB
MemTotal:        7918588 kB
MemFree:         2122136 kB
MemAvailable:    3568336 kB
Buffers:            5176 kB
Cached:          1491832 kB
SwapCached:         8616 kB
Active:          2426080 kB
Inactive:         864340 kB
Active(anon):    1677644 kB
Inactive(anon):   133084 kB
Active(file):     748436 kB
Inactive(file):   731256 kB
Unevictable:        6332 kB
Mlocked:            5892 kB
SwapTotal:       4718584 kB
SwapFree:        4048380 kB
Dirty:             18508 kB
Writeback:             0 kB
AnonPages:       1795372 kB
Mapped:           693656 kB
Shmem:             12712 kB
KReclaimable:     545148 kB
Slab:             319732 kB
SReclaimable:      92332 kB
SUnreclaim:       227400 kB
KernelStack:       48160 kB
ShadowCallStack:   12068 kB
PageTables:        67392 kB
NFS_Unstable:          0 kB
Bounce:                0 kB
WritebackTmp:          0 kB
CommitLimit:     8677876 kB
Committed_AS:   67160092 kB
VmallocTotal:   263061440 kB
VmallocUsed:      130724 kB
VmallocChunk:          0 kB
Percpu:             2448 kB
CmaTotal:         405504 kB
CmaFree:          280532 kB
MemTotal:        7918588 kB
MemFree:         2034692 kB
MemAvailable:    3479656 kB
Buffers:            5176 kB
Cached:          1491832 kB
SwapCached:         8616 kB
Active:          2513584 kB
Inactive:         864336 kB
Active(anon):    1765148 kB
Inactive(anon):   133080 kB
Active(file):     748436 kB
Inactive(file):   731256 kB
Unevictable:        6332 kB
Mlocked:            5892 kB
SwapTotal:       4718584 kB
SwapFree:        4048380 kB
Dirty:             18508 kB
Writeback:             0 kB
AnonPages:       1883132 kB
Mapped:           694592 kB
Shmem:             12712 kB
KReclaimable:     544164 kB
Slab:             319756 kB
SReclaimable:      92332 kB
SUnreclaim:       227424 kB
KernelStack:       48064 kB
ShadowCallStack:   12052 kB
PageTables:        67756 kB
NFS_Unstable:          0 kB
Bounce:                0 kB
WritebackTmp:          0 kB
CommitLimit:     8677876 kB
Committed_AS:   67372720 kB
VmallocTotal:   263061440 kB
VmallocUsed:      130608 kB
VmallocChunk:          0 kB
Percpu:             2448 kB
CmaTotal:         405504 kB
CmaFree:          280532 kB
MemTotal:        7918588 kB
MemFree:         1938348 kB
MemAvailable:    3382044 kB
Buffers:            5176 kB
Cached:          1491832 kB
SwapCached:         8616 kB
Active:          2609552 kB
Inactive:         864340 kB
Active(anon):    1861116 kB
Inactive(anon):   133084 kB
Active(file):     748436 kB
Inactive(file):   731256 kB
Unevictable:        6332 kB
Mlocked:            5892 kB
SwapTotal:       4718584 kB
SwapFree:        4048380 kB
Dirty:             18508 kB
Writeback:             0 kB
AnonPages:       1978928 kB
Mapped:           695776 kB
Shmem:             12712 kB
KReclaimable:     542644 kB
Slab:             319768 kB
SReclaimable:      92332 kB
SUnreclaim:       227436 kB
KernelStack:       48032 kB
ShadowCallStack:   12036 kB
PageTables:        68232 kB
NFS_Unstable:          0 kB
Bounce:                0 kB
WritebackTmp:          0 kB
CommitLimit:     8677876 kB
Committed_AS:   67585608 kB
VmallocTotal:   263061440 kB
VmallocUsed:      130556 kB
VmallocChunk:          0 kB
Percpu:             2448 kB
CmaTotal:         405504 kB
CmaFree:          280532 kB
MemTotal:        7918588 kB
MemFree:         1841792 kB
MemAvailable:    3283992 kB
Buffers:            5176 kB
Cached:          1491840 kB
SwapCached:         8616 kB
Active:          2705352 kB
Inactive:         864348 kB
Active(anon):    1956916 kB
Inactive(anon):   133084 kB
Active(file):     748436 kB
Inactive(file):   731264 kB
Unevictable:        6332 kB
Mlocked:            5892 kB
SwapTotal:       4718584 kB
SwapFree:        4048380 kB
Dirty:             18516 kB
Writeback:             0 kB
AnonPages:       2074796 kB
Mapped:           696656 kB
Shmem:             12712 kB
KReclaimable:     541140 kB
Slab:             319872 kB
SReclaimable:      92332 kB
SUnreclaim:       227540 kB
KernelStack:       48016 kB
ShadowCallStack:   12032 kB
PageTables:        68648 kB
NFS_Unstable:          0 kB
Bounce:                0 kB
WritebackTmp:          0 kB
CommitLimit:     8677876 kB
Committed_AS:   67814984 kB
VmallocTotal:   263061440 kB
VmallocUsed:      130544 kB
VmallocChunk:          0 kB
Percpu:             2448 kB
CmaTotal:         405504 kB
CmaFree:          280532 kB
MemTotal:        7918588 kB
MemFree:         1752560 kB
MemAvailable:    3193960 kB
Buffers:            5176 kB
Cached:          1491848 kB
SwapCached:         8616 kB
Active:          2794316 kB
Inactive:         864348 kB
Active(anon):    2045880 kB
Inactive(anon):   133084 kB
Active(file):     748436 kB
Inactive(file):   731264 kB
Unevictable:        6332 kB
Mlocked:            5892 kB
SwapTotal:       4718584 kB
SwapFree:        4048380 kB
Dirty:             18368 kB
Writeback:           104 kB
AnonPages:       2163668 kB
Mapped:           697224 kB
Shmem:             12720 kB
KReclaimable:     540340 kB
Slab:             319956 kB
SReclaimable:      92332 kB
SUnreclaim:       227624 kB
KernelStack:       48000 kB
ShadowCallStack:   12036 kB
PageTables:        69004 kB
NFS_Unstable:          0 kB
Bounce:                0 kB
WritebackTmp:          0 kB
CommitLimit:     8677876 kB
Committed_AS:   68044368 kB
VmallocTotal:   263061440 kB
VmallocUsed:      130552 kB
VmallocChunk:          0 kB
Percpu:             2448 kB
CmaTotal:         405504 kB
CmaFree:          280532 kB
MemTotal:        7918588 kB
MemFree:         1648892 kB
MemAvailable:    3088244 kB
Buffers:            5184 kB
Cached:          1491848 kB
SwapCached:         8616 kB
Active:          2896940 kB
Inactive:         864336 kB
Active(anon):    2148504 kB
Inactive(anon):   133064 kB
Active(file):     748436 kB
Inactive(file):   731272 kB
Unevictable:        6332 kB
Mlocked:            5892 kB
SwapTotal:       4718584 kB
SwapFree:        4048380 kB
Dirty:             18360 kB
Writeback:             0 kB
AnonPages:       2266236 kB
Mapped:           698648 kB
Shmem:             12720 kB
KReclaimable:     538284 kB
Slab:             320092 kB
SReclaimable:      92332 kB
SUnreclaim:       227760 kB
KernelStack:       48000 kB
ShadowCallStack:   12032 kB
PageTables:        69616 kB
NFS_Unstable:          0 kB
Bounce:                0 kB
WritebackTmp:          0 kB
CommitLimit:     8677876 kB
Committed_AS:   68306460 kB
VmallocTotal:   263061440 kB
VmallocUsed:      130512 kB
VmallocChunk:          0 kB
Percpu:             2448 kB
CmaTotal:         405504 kB
CmaFree:          280532 kB
MemTotal:        7918588 kB
MemFree:         1566716 kB
MemAvailable:    3005268 kB
Buffers:            5184 kB
Cached:          1491848 kB
SwapCached:         8616 kB
Active:          2978636 kB
Inactive:         864336 kB
Active(anon):    2230200 kB
Inactive(anon):   133064 kB
Active(file):     748436 kB
Inactive(file):   731272 kB
Unevictable:        6332 kB
Mlocked:            5892 kB
SwapTotal:       4718584 kB
SwapFree:        4048380 kB
Dirty:             18360 kB
Writeback:             0 kB
AnonPages:       2347884 kB
Mapped:           699572 kB
Shmem:             12720 kB
KReclaimable:     537484 kB
Slab:             320040 kB
SReclaimable:      92332 kB
SUnreclaim:       227708 kB
KernelStack:       48016 kB
ShadowCallStack:   12032 kB
PageTables:        69992 kB
NFS_Unstable:          0 kB
Bounce:                0 kB
WritebackTmp:          0 kB
CommitLimit:     8677876 kB
Committed_AS:   68470300 kB
VmallocTotal:   263061440 kB
VmallocUsed:      130560 kB
VmallocChunk:          0 kB
Percpu:             2448 kB
CmaTotal:         405504 kB
CmaFree:          280532 kB
MemTotal:        7918588 kB
MemFree:         1499368 kB
MemAvailable:    2937128 kB
Buffers:            5184 kB
Cached:          1491848 kB
SwapCached:         8616 kB
Active:          3046404 kB
Inactive:         864336 kB
Active(anon):    2297968 kB
Inactive(anon):   133064 kB
Active(file):     748436 kB
Inactive(file):   731272 kB
Unevictable:        6332 kB
Mlocked:            5892 kB
SwapTotal:       4718584 kB
SwapFree:        4048380 kB
Dirty:             18360 kB
Writeback:             0 kB
AnonPages:       2415744 kB
Mapped:           699836 kB
Shmem:             12720 kB
KReclaimable:     536692 kB
Slab:             320184 kB
SReclaimable:      92332 kB
SUnreclaim:       227852 kB
KernelStack:       47984 kB
ShadowCallStack:   12032 kB
PageTables:        70120 kB
NFS_Unstable:          0 kB
Bounce:                0 kB
WritebackTmp:          0 kB
CommitLimit:     8677876 kB
Committed_AS:   68617756 kB
VmallocTotal:   263061440 kB
VmallocUsed:      130528 kB
VmallocChunk:          0 kB
Percpu:             2448 kB
CmaTotal:         405504 kB
CmaFree:          280532 kB
MemTotal:        7918588 kB
MemFree:         1415680 kB
MemAvailable:    2852024 kB
Buffers:            5184 kB
Cached:          1491864 kB
SwapCached:         8616 kB
Active:          3128924 kB
Inactive:         864340 kB
Active(anon):    2380488 kB
Inactive(anon):   133060 kB
Active(file):     748436 kB
Inactive(file):   731280 kB
Unevictable:        6332 kB
Mlocked:            5892 kB
SwapTotal:       4718584 kB
SwapFree:        4048380 kB
Dirty:             18368 kB
Writeback:             0 kB
AnonPages:       2498232 kB
Mapped:           700836 kB
Shmem:             12728 kB
KReclaimable:     535268 kB
Slab:             320308 kB
SReclaimable:      92316 kB
SUnreclaim:       227992 kB
KernelStack:       48000 kB
ShadowCallStack:   12028 kB
PageTables:        70732 kB
NFS_Unstable:          0 kB
Bounce:                0 kB
WritebackTmp:          0 kB
CommitLimit:     8677876 kB
Committed_AS:   68814316 kB
VmallocTotal:   263061440 kB
VmallocUsed:      130520 kB
VmallocChunk:          0 kB
Percpu:             2448 kB
CmaTotal:         405504 kB
CmaFree:          280532 kB
MemTotal:        7918588 kB
MemFree:         1340332 kB
MemAvailable:    2775772 kB
Buffers:            5184 kB
Cached:          1491872 kB
SwapCached:         8616 kB
Active:          3204640 kB
Inactive:         864344 kB
Active(anon):    2456204 kB
Inactive(anon):   133064 kB
Active(file):     748436 kB
Inactive(file):   731280 kB
Unevictable:        6332 kB
Mlocked:            5892 kB
SwapTotal:       4718584 kB
SwapFree:        4048380 kB
Dirty:             18368 kB
Writeback:             0 kB
AnonPages:       2573908 kB
Mapped:           701320 kB
Shmem:             12736 kB
KReclaimable:     534364 kB
Slab:             320444 kB
SReclaimable:      92316 kB
SUnreclaim:       228128 kB
KernelStack:       48000 kB
ShadowCallStack:   12032 kB
PageTables:        71040 kB
NFS_Unstable:          0 kB
Bounce:                0 kB
WritebackTmp:          0 kB
CommitLimit:     8677876 kB
Committed_AS:   69011960 kB
VmallocTotal:   263061440 kB
VmallocUsed:      130524 kB
VmallocChunk:          0 kB
Percpu:             2448 kB
CmaTotal:         405504 kB
CmaFree:          280532 kB
MemTotal:        7918588 kB
MemFree:         1238688 kB
MemAvailable:    2562020 kB
Buffers:            5220 kB
Cached:          1491892 kB
SwapCached:         8616 kB
Active:          3306604 kB
Inactive:         864376 kB
Active(anon):    2558168 kB
Inactive(anon):   133060 kB
Active(file):     748436 kB
Inactive(file):   731316 kB
Unevictable:        6332 kB
Mlocked:            5892 kB
SwapTotal:       4718584 kB
SwapFree:        4048380 kB
Dirty:             17728 kB
Writeback:             0 kB
AnonPages:       2675892 kB
Mapped:           702224 kB
Shmem:             12756 kB
KReclaimable:     413500 kB
Slab:             320448 kB
SReclaimable:      92316 kB
SUnreclaim:       228132 kB
KernelStack:       48112 kB
ShadowCallStack:   12056 kB
PageTables:        71356 kB
NFS_Unstable:          0 kB
Bounce:                0 kB
WritebackTmp:          0 kB
CommitLimit:     8677876 kB
Committed_AS:   69176196 kB
VmallocTotal:   263061440 kB
VmallocUsed:      130680 kB
VmallocChunk:          0 kB
Percpu:             2448 kB
CmaTotal:         405504 kB
CmaFree:          181544 kB
MemTotal:        7918588 kB
MemFree:         1150228 kB
MemAvailable:    2472132 kB
Buffers:            5220 kB
Cached:          1492004 kB
SwapCached:         8616 kB
Active:          3394588 kB
Inactive:         864380 kB
Active(anon):    2646152 kB
Inactive(anon):   133064 kB
Active(file):     748436 kB
Inactive(file):   731316 kB
Unevictable:        6332 kB
Mlocked:            5892 kB
SwapTotal:       4718584 kB
SwapFree:        4048380 kB
Dirty:             17728 kB
Writeback:             0 kB
AnonPages:       2763704 kB
Mapped:           703388 kB
Shmem:             12868 kB
KReclaimable:     410644 kB
Slab:             320492 kB
SReclaimable:      92316 kB
SUnreclaim:       228176 kB
KernelStack:       48096 kB
ShadowCallStack:   12056 kB
PageTables:        71768 kB
NFS_Unstable:          0 kB
Bounce:                0 kB
WritebackTmp:          0 kB
CommitLimit:     8677876 kB
Committed_AS:   69356420 kB
VmallocTotal:   263061440 kB
VmallocUsed:      130660 kB
VmallocChunk:          0 kB
Percpu:             2448 kB
CmaTotal:         405504 kB
CmaFree:           93724 kB
MemTotal:        7918588 kB
MemFree:         1111764 kB
MemAvailable:    2544088 kB
Buffers:            5220 kB
Cached:          1491876 kB
SwapCached:         8624 kB
Active:          3434608 kB
Inactive:         862960 kB
Active(anon):    2686172 kB
Inactive(anon):   131644 kB
Active(file):     748436 kB
Inactive(file):   731316 kB
Unevictable:        6332 kB
Mlocked:            5892 kB
SwapTotal:       4718584 kB
SwapFree:        4059132 kB
Dirty:             17728 kB
Writeback:             0 kB
AnonPages:       2802684 kB
Mapped:           703388 kB
Shmem:             12740 kB
KReclaimable:     531212 kB
Slab:             320316 kB
SReclaimable:      92060 kB
SUnreclaim:       228256 kB
KernelStack:       48000 kB
ShadowCallStack:   12028 kB
PageTables:        72068 kB
NFS_Unstable:          0 kB
Bounce:                0 kB
WritebackTmp:          0 kB
CommitLimit:     8677876 kB
Committed_AS:   69536248 kB
VmallocTotal:   263061440 kB
VmallocUsed:      130556 kB
VmallocChunk:          0 kB
Percpu:             2448 kB
CmaTotal:         405504 kB
CmaFree:           54536 kB
MemTotal:        7918588 kB
MemFree:         1032132 kB
MemAvailable:    2462896 kB
Buffers:            5220 kB
Cached:          1491884 kB
SwapCached:         8624 kB
Active:          3515980 kB
Inactive:         862964 kB
Active(anon):    2767544 kB
Inactive(anon):   131640 kB
Active(file):     748436 kB
Inactive(file):   731324 kB
Unevictable:        6332 kB
Mlocked:            5892 kB
SwapTotal:       4718584 kB
SwapFree:        4059132 kB
Dirty:             17748 kB
Writeback:             0 kB
AnonPages:       2883840 kB
Mapped:           704252 kB
Shmem:             12740 kB
KReclaimable:     529644 kB
Slab:             320368 kB
SReclaimable:      92060 kB
SUnreclaim:       228308 kB
KernelStack:       47984 kB
ShadowCallStack:   12032 kB
PageTables:        72336 kB
NFS_Unstable:          0 kB
Bounce:                0 kB
WritebackTmp:          0 kB
CommitLimit:     8677876 kB
Committed_AS:   69700088 kB
VmallocTotal:   263061440 kB
VmallocUsed:      130532 kB
VmallocChunk:          0 kB
Percpu:             2448 kB
CmaTotal:         405504 kB
CmaFree:               0 kB
MemTotal:        7918588 kB
MemFree:          973032 kB
MemAvailable:    2403004 kB
Buffers:            5220 kB
Cached:          1491884 kB
SwapCached:         8624 kB
Active:          3575812 kB
Inactive:         862964 kB
Active(anon):    2827376 kB
Inactive(anon):   131640 kB
Active(file):     748436 kB
Inactive(file):   731324 kB
Unevictable:        6332 kB
Mlocked:            5892 kB
SwapTotal:       4718584 kB
SwapFree:        4059132 kB
Dirty:             17748 kB
Writeback:             0 kB
AnonPages:       2943620 kB
Mapped:           704912 kB
Shmem:             12740 kB
KReclaimable:     528852 kB
Slab:             320512 kB
SReclaimable:      92060 kB
SUnreclaim:       228452 kB
KernelStack:       48016 kB
ShadowCallStack:   12036 kB
PageTables:        72608 kB
NFS_Unstable:          0 kB
Bounce:                0 kB
WritebackTmp:          0 kB
CommitLimit:     8677876 kB
Committed_AS:   69847548 kB
VmallocTotal:   263061440 kB
VmallocUsed:      130528 kB
VmallocChunk:          0 kB
Percpu:             2448 kB
CmaTotal:         405504 kB
CmaFree:               0 kB
MemTotal:        7918588 kB
MemFree:          912604 kB
MemAvailable:    2348396 kB
Buffers:            5232 kB
Cached:          1498276 kB
SwapCached:         8624 kB
Active:          3636988 kB
Inactive:         862984 kB
Active(anon):    2882200 kB
Inactive(anon):   131640 kB
Active(file):     754788 kB
Inactive(file):   731344 kB
Unevictable:        6332 kB
Mlocked:            5892 kB
SwapTotal:       4718584 kB
SwapFree:        4061436 kB
Dirty:               268 kB
Writeback:             0 kB
AnonPages:       2998248 kB
Mapped:           707352 kB
Shmem:             12760 kB
KReclaimable:     528300 kB
Slab:             320432 kB
SReclaimable:      92012 kB
SUnreclaim:       228420 kB
KernelStack:       48016 kB
ShadowCallStack:   12032 kB
PageTables:        72832 kB
NFS_Unstable:          0 kB
Bounce:                0 kB
WritebackTmp:          0 kB
CommitLimit:     8677876 kB
Committed_AS:   69962260 kB
VmallocTotal:   263061440 kB
VmallocUsed:      130564 kB
VmallocChunk:          0 kB
Percpu:             2448 kB
CmaTotal:         405504 kB
CmaFree:               8 kB
MemTotal:        7918588 kB
MemFree:          835308 kB
MemAvailable:    2270192 kB
Buffers:            5232 kB
Cached:          1498760 kB
SwapCached:         8624 kB
Active:          3716076 kB
Inactive:         863004 kB
Active(anon):    2960900 kB
Inactive(anon):   131580 kB
Active(file):     755176 kB
Inactive(file):   731424 kB
Unevictable:        6332 kB
Mlocked:            5892 kB
SwapTotal:       4718584 kB
SwapFree:        4066044 kB
Dirty:               468 kB
Writeback:             0 kB
AnonPages:       3077076 kB
Mapped:           709660 kB
Shmem:             12788 kB
KReclaimable:     526924 kB
Slab:             320464 kB
SReclaimable:      92012 kB
SUnreclaim:       228452 kB
KernelStack:       48000 kB
ShadowCallStack:   12036 kB
PageTables:        73308 kB
NFS_Unstable:          0 kB
Bounce:                0 kB
WritebackTmp:          0 kB
CommitLimit:     8677876 kB
Committed_AS:   70126180 kB
VmallocTotal:   263061440 kB
VmallocUsed:      130560 kB
VmallocChunk:          0 kB
Percpu:             2448 kB
CmaTotal:         405504 kB
CmaFree:               0 kB
MemTotal:        7918588 kB
MemFree:          777816 kB
MemAvailable:    2212172 kB
Buffers:            5232 kB
Cached:          1498760 kB
SwapCached:         8624 kB
Active:          3775168 kB
Inactive:         863000 kB
Active(anon):    3019992 kB
Inactive(anon):   131576 kB
Active(file):     755176 kB
Inactive(file):   731424 kB
Unevictable:        6332 kB
Mlocked:            5892 kB
SwapTotal:       4718584 kB
SwapFree:        4066044 kB
Dirty:               472 kB
Writeback:             0 kB
AnonPages:       3136140 kB
Mapped:           710044 kB
Shmem:             12788 kB
KReclaimable:     526396 kB
Slab:             320424 kB
SReclaimable:      92012 kB
SUnreclaim:       228412 kB
KernelStack:       48032 kB
ShadowCallStack:   12036 kB
PageTables:        73528 kB
NFS_Unstable:          0 kB
Bounce:                0 kB
WritebackTmp:          0 kB
CommitLimit:     8677876 kB
Committed_AS:   70257252 kB
VmallocTotal:   263061440 kB
VmallocUsed:      130564 kB
VmallocChunk:          0 kB
Percpu:             2448 kB
CmaTotal:         405504 kB
CmaFree:               0 kB
MemTotal:        7918588 kB
MemFree:          713504 kB
MemAvailable:    2147236 kB
Buffers:            5232 kB
Cached:          1498768 kB
SwapCached:         8624 kB
Active:          3839552 kB
Inactive:         863008 kB
Active(anon):    3084376 kB
Inactive(anon):   131576 kB
Active(file):     755176 kB
Inactive(file):   731432 kB
Unevictable:        6332 kB
Mlocked:            5892 kB
SwapTotal:       4718584 kB
SwapFree:        4066044 kB
Dirty:               480 kB
Writeback:             0 kB
AnonPages:       3200576 kB
Mapped:           710408 kB
Shmem:             12788 kB
KReclaimable:     525764 kB
Slab:             320472 kB
SReclaimable:      92012 kB
SUnreclaim:       228460 kB
KernelStack:       47920 kB
ShadowCallStack:   12016 kB
PageTables:        73824 kB
NFS_Unstable:          0 kB
Bounce:                0 kB
WritebackTmp:          0 kB
CommitLimit:     8677876 kB
Committed_AS:   70404656 kB
VmallocTotal:   263061440 kB
VmallocUsed:      130432 kB
VmallocChunk:          0 kB
Percpu:             2448 kB
CmaTotal:         405504 kB
CmaFree:               0 kB
MemTotal:        7918588 kB
MemFree:          656264 kB
MemAvailable:    2089276 kB
Buffers:            5232 kB
Cached:          1498768 kB
SwapCached:         8624 kB
Active:          3896120 kB
Inactive:         863008 kB
Active(anon):    3140944 kB
Inactive(anon):   131576 kB
Active(file):     755176 kB
Inactive(file):   731432 kB
Unevictable:        6332 kB
Mlocked:            5892 kB
SwapTotal:       4718584 kB
SwapFree:        4066044 kB
Dirty:               480 kB
Writeback:             0 kB
AnonPages:       3257112 kB
Mapped:           710964 kB
Shmem:             12788 kB
KReclaimable:     525044 kB
Slab:             320596 kB
SReclaimable:      92012 kB
SUnreclaim:       228584 kB
KernelStack:       47920 kB
ShadowCallStack:   12008 kB
PageTables:        74072 kB
NFS_Unstable:          0 kB
Bounce:                0 kB
WritebackTmp:          0 kB
CommitLimit:     8677876 kB
Committed_AS:   70519344 kB
VmallocTotal:   263061440 kB
VmallocUsed:      130408 kB
VmallocChunk:          0 kB
Percpu:             2448 kB
CmaTotal:         405504 kB
CmaFree:               0 kB
MemTotal:        7918588 kB
MemFree:          600768 kB
MemAvailable:    2033220 kB
Buffers:            5264 kB
Cached:          1498768 kB
SwapCached:         8624 kB
Active:          3950236 kB
Inactive:         862972 kB
Active(anon):    3195060 kB
Inactive(anon):   131508 kB
Active(file):     755176 kB
Inactive(file):   731464 kB
Unevictable:        6332 kB
Mlocked:            5892 kB
SwapTotal:       4718584 kB
SwapFree:        4066300 kB
Dirty:               484 kB
Writeback:             0 kB
AnonPages:       3311180 kB
Mapped:           711252 kB
Shmem:             12788 kB
KReclaimable:     524452 kB
Slab:             320516 kB
SReclaimable:      92012 kB
SUnreclaim:       228504 kB
KernelStack:       47936 kB
ShadowCallStack:   12012 kB
PageTables:        74276 kB
NFS_Unstable:          0 kB
Bounce:                0 kB
WritebackTmp:          0 kB
CommitLimit:     8677876 kB
Committed_AS:   70666800 kB
VmallocTotal:   263061440 kB
VmallocUsed:      130428 kB
VmallocChunk:          0 kB
Percpu:             2448 kB
CmaTotal:         405504 kB
CmaFree:               0 kB
MemTotal:        7918588 kB
MemFree:          544252 kB
MemAvailable:    1977400 kB
Buffers:            5264 kB
Cached:          1500240 kB
SwapCached:         8624 kB
Active:          4007288 kB
Inactive:         863788 kB
Active(anon):    3251468 kB
Inactive(anon):   131496 kB
Active(file):     755820 kB
Inactive(file):   732292 kB
Unevictable:        6332 kB
Mlocked:            5892 kB
SwapTotal:       4718584 kB
SwapFree:        4066812 kB
Dirty:               488 kB
Writeback:             0 kB
AnonPages:       3367436 kB
Mapped:           712560 kB
Shmem:             12788 kB
KReclaimable:     523676 kB
Slab:             320480 kB
SReclaimable:      92012 kB
SUnreclaim:       228468 kB
KernelStack:       47920 kB
ShadowCallStack:   12008 kB
PageTables:        74524 kB
NFS_Unstable:          0 kB
Bounce:                0 kB
WritebackTmp:          0 kB
CommitLimit:     8677876 kB
Committed_AS:   70797872 kB
VmallocTotal:   263061440 kB
VmallocUsed:      130428 kB
VmallocChunk:          0 kB
Percpu:             2448 kB
CmaTotal:         405504 kB
CmaFree:               0 kB
MemTotal:        7918588 kB
MemFree:          488880 kB
MemAvailable:    1924752 kB
Buffers:            5272 kB
Cached:          1503932 kB
SwapCached:         8624 kB
Active:          4058188 kB
Inactive:         867368 kB
Active(anon):    3302252 kB
Inactive(anon):   131492 kB
Active(file):     755936 kB
Inactive(file):   735876 kB
Unevictable:        6332 kB
Mlocked:            5892 kB
SwapTotal:       4718584 kB
SwapFree:        4067324 kB
Dirty:               564 kB
Writeback:             0 kB
AnonPages:       3418304 kB
Mapped:           714196 kB
Shmem:             12788 kB
KReclaimable:     522700 kB
Slab:             320560 kB
SReclaimable:      92012 kB
SUnreclaim:       228548 kB
KernelStack:       47952 kB
ShadowCallStack:   12016 kB
PageTables:        74636 kB
NFS_Unstable:          0 kB
Bounce:                0 kB
WritebackTmp:          0 kB
CommitLimit:     8677876 kB
Committed_AS:   70912560 kB
VmallocTotal:   263061440 kB
VmallocUsed:      130424 kB
VmallocChunk:          0 kB
Percpu:             2448 kB
CmaTotal:         405504 kB
CmaFree:               0 kB
MemTotal:        7918588 kB
MemFree:          448112 kB
MemAvailable:    1883728 kB
Buffers:            5272 kB
Cached:          1503936 kB
SwapCached:         8624 kB
Active:          4098880 kB
Inactive:         867368 kB
Active(anon):    3342944 kB
Inactive(anon):   131492 kB
Active(file):     755936 kB
Inactive(file):   735876 kB
Unevictable:        6332 kB
Mlocked:            5892 kB
SwapTotal:       4718584 kB
SwapFree:        4067324 kB
Dirty:               564 kB
Writeback:             0 kB
AnonPages:       3459184 kB
Mapped:           714400 kB
Shmem:             12792 kB
KReclaimable:     522444 kB
Slab:             320516 kB
SReclaimable:      92012 kB
SUnreclaim:       228504 kB
KernelStack:       47936 kB
ShadowCallStack:   12032 kB
PageTables:        74756 kB
NFS_Unstable:          0 kB
Bounce:                0 kB
WritebackTmp:          0 kB
CommitLimit:     8677876 kB
Committed_AS:   70978100 kB
VmallocTotal:   263061440 kB
VmallocUsed:      130428 kB
VmallocChunk:          0 kB
Percpu:             2448 kB
CmaTotal:         405504 kB
CmaFree:               0 kB
MemTotal:        7918588 kB
MemFree:          381600 kB
MemAvailable:    1816424 kB
Buffers:            5272 kB
Cached:          1503944 kB
SwapCached:         8624 kB
Active:          4166240 kB
Inactive:         867372 kB
Active(anon):    3410304 kB
Inactive(anon):   131488 kB
Active(file):     755936 kB
Inactive(file):   735884 kB
Unevictable:        6332 kB
Mlocked:            5892 kB
SwapTotal:       4718584 kB
SwapFree:        4067324 kB
Dirty:               576 kB
Writeback:             0 kB
AnonPages:       3526344 kB
Mapped:           714860 kB
Shmem:             12792 kB
KReclaimable:     521644 kB
Slab:             320752 kB
SReclaimable:      92012 kB
SUnreclaim:       228740 kB
KernelStack:       47904 kB
ShadowCallStack:   12012 kB
PageTables:        74992 kB
NFS_Unstable:          0 kB
Bounce:                0 kB
WritebackTmp:          0 kB
CommitLimit:     8677876 kB
Committed_AS:   71141964 kB
VmallocTotal:   263061440 kB
VmallocUsed:      130428 kB
VmallocChunk:          0 kB
Percpu:             2448 kB
CmaTotal:         405504 kB
CmaFree:               0 kB
MemTotal:        7918588 kB
MemFree:          327152 kB
MemAvailable:    1761280 kB
Buffers:            5280 kB
Cached:          1503948 kB
SwapCached:         8624 kB
Active:          4219896 kB
Inactive:         867380 kB
Active(anon):    3463960 kB
Inactive(anon):   131488 kB
Active(file):     755936 kB
Inactive(file):   735892 kB
Unevictable:        6332 kB
Mlocked:            5892 kB
SwapTotal:       4718584 kB
SwapFree:        4067324 kB
Dirty:               580 kB
Writeback:             0 kB
AnonPages:       3579908 kB
Mapped:           715284 kB
Shmem:             12796 kB
KReclaimable:     520940 kB
Slab:             320760 kB
SReclaimable:      92012 kB
SUnreclaim:       228748 kB
KernelStack:       47920 kB
ShadowCallStack:   12008 kB
PageTables:        75368 kB
NFS_Unstable:          0 kB
Bounce:                0 kB
WritebackTmp:          0 kB
CommitLimit:     8677876 kB
Committed_AS:   71256636 kB
VmallocTotal:   263061440 kB
VmallocUsed:      130440 kB
VmallocChunk:          0 kB
Percpu:             2448 kB
CmaTotal:         405504 kB
CmaFree:               0 kB
MemTotal:        7918588 kB
MemFree:          287824 kB
MemAvailable:    1721592 kB
Buffers:            5280 kB
Cached:          1503912 kB
SwapCached:         8660 kB
Active:          4263920 kB
Inactive:         861888 kB
Active(anon):    3507984 kB
Inactive(anon):   125996 kB
Active(file):     755936 kB
Inactive(file):   735892 kB
Unevictable:        6332 kB
Mlocked:            5892 kB
SwapTotal:       4718584 kB
SwapFree:        4067068 kB
Dirty:               508 kB
Writeback:             0 kB
AnonPages:       3618700 kB
Mapped:           715288 kB
Shmem:             12796 kB
KReclaimable:     520580 kB
Slab:             320864 kB
SReclaimable:      92012 kB
SUnreclaim:       228852 kB
KernelStack:       47904 kB
ShadowCallStack:   12004 kB
PageTables:        75620 kB
NFS_Unstable:          0 kB
Bounce:                0 kB
WritebackTmp:          0 kB
CommitLimit:     8677876 kB
Committed_AS:   71338448 kB
VmallocTotal:   263061440 kB
VmallocUsed:      130416 kB
VmallocChunk:          0 kB
Percpu:             2448 kB
CmaTotal:         405504 kB
CmaFree:               0 kB
MemTotal:        7918588 kB
MemFree:          264600 kB
MemAvailable:    1877488 kB
Buffers:            5280 kB
Cached:          1504068 kB
SwapCached:         8712 kB
Active:          4349552 kB
Inactive:         836512 kB
Active(anon):    3593496 kB
Inactive(anon):   100616 kB
Active(file):     756056 kB
Inactive(file):   735896 kB
Unevictable:        6332 kB
Mlocked:            5892 kB
SwapTotal:       4718584 kB
SwapFree:        4066812 kB
Dirty:               508 kB
Writeback:             0 kB
AnonPages:       3678584 kB
Mapped:           715560 kB
Shmem:             12792 kB
KReclaimable:     511160 kB
Slab:             319004 kB
SReclaimable:      90076 kB
SUnreclaim:       228928 kB
KernelStack:       47904 kB
ShadowCallStack:   12012 kB
PageTables:        75944 kB
NFS_Unstable:          0 kB
Bounce:                0 kB
WritebackTmp:          0 kB
CommitLimit:     8677876 kB
Committed_AS:   71453136 kB
VmallocTotal:   263061440 kB
VmallocUsed:      130408 kB
VmallocChunk:          0 kB
Percpu:             2448 kB
CmaTotal:         405504 kB
CmaFree:            2944 kB
MemTotal:        7918588 kB
MemFree:          206072 kB
MemAvailable:    1818280 kB
Buffers:            5280 kB
Cached:          1504076 kB
SwapCached:         8712 kB
Active:          4407500 kB
Inactive:         836520 kB
Active(anon):    3651444 kB
Inactive(anon):   100616 kB
Active(file):     756056 kB
Inactive(file):   735904 kB
Unevictable:        6332 kB
Mlocked:            5892 kB
SwapTotal:       4718584 kB
SwapFree:        4066812 kB
Dirty:               520 kB
Writeback:             0 kB
AnonPages:       3736528 kB
Mapped:           715884 kB
Shmem:             12792 kB
KReclaimable:     510472 kB
Slab:             318868 kB
SReclaimable:      90076 kB
SUnreclaim:       228792 kB
KernelStack:       47872 kB
ShadowCallStack:   12004 kB
PageTables:        76052 kB
NFS_Unstable:          0 kB
Bounce:                0 kB
WritebackTmp:          0 kB
CommitLimit:     8677876 kB
Committed_AS:   71584208 kB
VmallocTotal:   263061440 kB
VmallocUsed:      130400 kB
VmallocChunk:          0 kB
Percpu:             2448 kB
CmaTotal:         405504 kB
CmaFree:            2960 kB
MemTotal:        7918588 kB
MemFree:          195544 kB
MemAvailable:    1776356 kB
Buffers:            5276 kB
Cached:          1482856 kB
SwapCached:         8556 kB
Active:          4472560 kB
Inactive:         791452 kB
Active(anon):    3712240 kB
Inactive(anon):    81036 kB
Active(file):     760320 kB
Inactive(file):   710416 kB
Unevictable:        6332 kB
Mlocked:            5892 kB
SwapTotal:       4718584 kB
SwapFree:        4065276 kB
Dirty:               520 kB
Writeback:             0 kB
AnonPages:       3777912 kB
Mapped:           706844 kB
Shmem:             12792 kB
KReclaimable:     500300 kB
Slab:             318912 kB
SReclaimable:      90016 kB
SUnreclaim:       228896 kB
KernelStack:       47856 kB
ShadowCallStack:   11996 kB
PageTables:        76220 kB
NFS_Unstable:          0 kB
Bounce:                0 kB
WritebackTmp:          0 kB
CommitLimit:     8677876 kB
Committed_AS:   71682368 kB
VmallocTotal:   263061440 kB
VmallocUsed:      130324 kB
VmallocChunk:          0 kB
Percpu:             2448 kB
CmaTotal:         405504 kB
CmaFree:             128 kB
MemTotal:        7918588 kB
MemFree:          194176 kB
MemAvailable:    1717764 kB
Buffers:            1916 kB
Cached:          1438508 kB
SwapCached:         8556 kB
Active:          4537156 kB
Inactive:         737224 kB
Active(anon):    3770320 kB
Inactive(anon):    81036 kB
Active(file):     766836 kB
Inactive(file):   656188 kB
Unevictable:        6332 kB
Mlocked:            5892 kB
SwapTotal:       4718584 kB
SwapFree:        4065276 kB
Dirty:               500 kB
Writeback:             0 kB
AnonPages:       3836040 kB
Mapped:           698896 kB
Shmem:             12796 kB
KReclaimable:     490788 kB
Slab:             318800 kB
SReclaimable:      89848 kB
SUnreclaim:       228952 kB
KernelStack:       47840 kB
ShadowCallStack:   11988 kB
PageTables:        76532 kB
NFS_Unstable:          0 kB
Bounce:                0 kB
WritebackTmp:          0 kB
CommitLimit:     8677876 kB
Committed_AS:   71813444 kB
VmallocTotal:   263061440 kB
VmallocUsed:      130328 kB
VmallocChunk:          0 kB
Percpu:             2448 kB
CmaTotal:         405504 kB
CmaFree:               0 kB
MemTotal:        7918588 kB
MemFree:          195484 kB
MemAvailable:    1672528 kB
Buffers:            1940 kB
Cached:          1397612 kB
SwapCached:         8556 kB
Active:          4582104 kB
Inactive:         696336 kB
Active(anon):    3815252 kB
Inactive(anon):    81036 kB
Active(file):     766852 kB
Inactive(file):   615300 kB
Unevictable:        6332 kB
Mlocked:            5892 kB
SwapTotal:       4718584 kB
SwapFree:        4065532 kB
Dirty:               544 kB
Writeback:             0 kB
AnonPages:       3880892 kB
Mapped:           699072 kB
Shmem:             12796 kB
KReclaimable:     485116 kB
Slab:             318708 kB
SReclaimable:      89752 kB
SUnreclaim:       228956 kB
KernelStack:       47856 kB
ShadowCallStack:   11992 kB
PageTables:        76676 kB
NFS_Unstable:          0 kB
Bounce:                0 kB
WritebackTmp:          0 kB
CommitLimit:     8677876 kB
Committed_AS:   71895364 kB
VmallocTotal:   263061440 kB
VmallocUsed:      130324 kB
VmallocChunk:          0 kB
Percpu:             2448 kB
CmaTotal:         405504 kB
CmaFree:               0 kB
MemTotal:        7918588 kB
MemFree:          197224 kB
MemAvailable:    1460244 kB
Buffers:            1940 kB
Cached:          1312724 kB
SwapCached:         8556 kB
Active:          4671756 kB
Inactive:         611348 kB
Active(anon):    3904896 kB
Inactive(anon):    81036 kB
Active(file):     766860 kB
Inactive(file):   530312 kB
Unevictable:        6332 kB
Mlocked:            5892 kB
SwapTotal:       4718584 kB
SwapFree:        4065532 kB
Dirty:               544 kB
Writeback:             0 kB
AnonPages:       3970500 kB
Mapped:           699876 kB
Shmem:             12888 kB
KReclaimable:     356072 kB
Slab:             317124 kB
SReclaimable:      87956 kB
SUnreclaim:       229168 kB
KernelStack:       47968 kB
ShadowCallStack:   12020 kB
PageTables:        76984 kB
NFS_Unstable:          0 kB
Bounce:                0 kB
WritebackTmp:          0 kB
CommitLimit:     8677876 kB
Committed_AS:   72010448 kB
VmallocTotal:   263061440 kB
VmallocUsed:      130500 kB
VmallocChunk:          0 kB
Percpu:             2448 kB
CmaTotal:         405504 kB
CmaFree:               0 kB
MemTotal:        7918588 kB
MemFree:          215336 kB
MemAvailable:    1564780 kB
Buffers:            1908 kB
Cached:          1281364 kB
SwapCached:         8556 kB
Active:          4690496 kB
Inactive:         576936 kB
Active(anon):    3920528 kB
Inactive(anon):    81036 kB
Active(file):     769968 kB
Inactive(file):   495900 kB
Unevictable:        6332 kB
Mlocked:            5892 kB
SwapTotal:       4718584 kB
SwapFree:        4065532 kB
Dirty:               552 kB
Writeback:             0 kB
AnonPages:       3986164 kB
Mapped:           699008 kB
Shmem:             12800 kB
KReclaimable:     473800 kB
Slab:             316092 kB
SReclaimable:      87108 kB
SUnreclaim:       228984 kB
KernelStack:       47824 kB
ShadowCallStack:   11992 kB
PageTables:        76956 kB
NFS_Unstable:          0 kB
Bounce:                0 kB
WritebackTmp:          0 kB
CommitLimit:     8677876 kB
Committed_AS:   72124740 kB
VmallocTotal:   263061440 kB
VmallocUsed:      130360 kB
VmallocChunk:          0 kB
Percpu:             2448 kB
CmaTotal:         405504 kB
CmaFree:             128 kB
MemTotal:        7918588 kB
MemFree:          198712 kB
MemAvailable:    1526184 kB
Buffers:            2052 kB
Cached:          1263628 kB
SwapCached:         8556 kB
Active:          4740360 kB
Inactive:         547952 kB
Active(anon):    3959012 kB
Inactive(anon):    81032 kB
Active(file):     781348 kB
Inactive(file):   466920 kB
Unevictable:        6332 kB
Mlocked:            5892 kB
SwapTotal:       4718584 kB
SwapFree:        4065532 kB
Dirty:               564 kB
Writeback:             0 kB
AnonPages:       4024736 kB
Mapped:           691072 kB
Shmem:             12808 kB
KReclaimable:     469428 kB
Slab:             315856 kB
SReclaimable:      86864 kB
SUnreclaim:       228992 kB
KernelStack:       47856 kB
ShadowCallStack:   11992 kB
PageTables:        77332 kB
NFS_Unstable:          0 kB
Bounce:                0 kB
WritebackTmp:          0 kB
CommitLimit:     8677876 kB
Committed_AS:   72173900 kB
VmallocTotal:   263061440 kB
VmallocUsed:      130324 kB
VmallocChunk:          0 kB
Percpu:             2448 kB
CmaTotal:         405504 kB
CmaFree:               0 kB
MemTotal:        7918588 kB
MemFree:          195800 kB
MemAvailable:    1473552 kB
Buffers:            1984 kB
Cached:          1224500 kB
SwapCached:         8556 kB
Active:          4827864 kB
Inactive:         472592 kB
Active(anon):    4010348 kB
Inactive(anon):    81036 kB
Active(file):     817516 kB
Inactive(file):   391556 kB
Unevictable:        6332 kB
Mlocked:            5892 kB
SwapTotal:       4718584 kB
SwapFree:        4065532 kB
Dirty:               568 kB
Writeback:             0 kB
AnonPages:       4076032 kB
Mapped:           680884 kB
Shmem:             12808 kB
KReclaimable:     458904 kB
Slab:             315292 kB
SReclaimable:      86252 kB
SUnreclaim:       229040 kB
KernelStack:       47856 kB
ShadowCallStack:   11992 kB
PageTables:        77452 kB
NFS_Unstable:          0 kB
Bounce:                0 kB
WritebackTmp:          0 kB
CommitLimit:     8677876 kB
Committed_AS:   72288588 kB
VmallocTotal:   263061440 kB
VmallocUsed:      130328 kB
VmallocChunk:          0 kB
Percpu:             2448 kB
CmaTotal:         405504 kB
CmaFree:               0 kB
MemTotal:        7918588 kB
MemFree:          196336 kB
MemAvailable:    1419896 kB
Buffers:            1992 kB
Cached:          1178448 kB
SwapCached:         8556 kB
Active:          4895472 kB
Inactive:         411716 kB
Active(anon):    4063128 kB
Inactive(anon):    81032 kB
Active(file):     832344 kB
Inactive(file):   330684 kB
Unevictable:        6332 kB
Mlocked:            5892 kB
SwapTotal:       4718584 kB
SwapFree:        4065532 kB
Dirty:               592 kB
Writeback:             0 kB
AnonPages:       4128816 kB
Mapped:           662536 kB
Shmem:             12808 kB
KReclaimable:     450756 kB
Slab:             314932 kB
SReclaimable:      85832 kB
SUnreclaim:       229100 kB
KernelStack:       47840 kB
ShadowCallStack:   11984 kB
PageTables:        77608 kB
NFS_Unstable:          0 kB
Bounce:                0 kB
WritebackTmp:          0 kB
CommitLimit:     8677876 kB
Committed_AS:   72386892 kB
VmallocTotal:   263061440 kB
VmallocUsed:      130344 kB
VmallocChunk:          0 kB
Percpu:             2448 kB
CmaTotal:         405504 kB
CmaFree:               0 kB
MemTotal:        7918588 kB
MemFree:          196348 kB
MemAvailable:    1381416 kB
Buffers:            1972 kB
Cached:          1145228 kB
SwapCached:         8556 kB
Active:          4936960 kB
Inactive:         375932 kB
Active(anon):    4102072 kB
Inactive(anon):    81032 kB
Active(file):     834888 kB
Inactive(file):   294900 kB
Unevictable:        6332 kB
Mlocked:            5892 kB
SwapTotal:       4718584 kB
SwapFree:        4065532 kB
Dirty:               672 kB
Writeback:             0 kB
AnonPages:       4167696 kB
Mapped:           659556 kB
Shmem:             12808 kB
KReclaimable:     445504 kB
Slab:             314408 kB
SReclaimable:      85156 kB
SUnreclaim:       229252 kB
KernelStack:       47824 kB
ShadowCallStack:   11984 kB
PageTables:        77936 kB
NFS_Unstable:          0 kB
Bounce:                0 kB
WritebackTmp:          0 kB
CommitLimit:     8677876 kB
Committed_AS:   72468760 kB
VmallocTotal:   263061440 kB
VmallocUsed:      130340 kB
VmallocChunk:          0 kB
Percpu:             2448 kB
CmaTotal:         405504 kB
CmaFree:               0 kB
MemTotal:        7918588 kB
MemFree:          197184 kB
MemAvailable:    1315444 kB
Buffers:            1928 kB
Cached:          1088344 kB
SwapCached:         8556 kB
Active:          5014456 kB
Inactive:         306012 kB
Active(anon):    4166584 kB
Inactive(anon):    81032 kB
Active(file):     847872 kB
Inactive(file):   224980 kB
Unevictable:        6332 kB
Mlocked:            5892 kB
SwapTotal:       4718584 kB
SwapFree:        4065532 kB
Dirty:               680 kB
Writeback:             0 kB
AnonPages:       4232256 kB
Mapped:           658848 kB
Shmem:             12816 kB
KReclaimable:     435632 kB
Slab:             312836 kB
SReclaimable:      83668 kB
SUnreclaim:       229168 kB
KernelStack:       47840 kB
ShadowCallStack:   11988 kB
PageTables:        78156 kB
NFS_Unstable:          0 kB
Bounce:                0 kB
WritebackTmp:          0 kB
CommitLimit:     8677876 kB
Committed_AS:   72599840 kB
VmallocTotal:   263061440 kB
VmallocUsed:      130324 kB
VmallocChunk:          0 kB
Percpu:             2448 kB
CmaTotal:         405504 kB
CmaFree:               0 kB
MemTotal:        7918588 kB
MemFree:          194420 kB
MemAvailable:    1282528 kB
Buffers:            1928 kB
Cached:          1062204 kB
SwapCached:         8556 kB
Active:          5049268 kB
Inactive:         278368 kB
Active(anon):    4199888 kB
Inactive(anon):    81036 kB
Active(file):     849380 kB
Inactive(file):   197332 kB
Unevictable:        6332 kB
Mlocked:            5892 kB
SwapTotal:       4718584 kB
SwapFree:        4065788 kB
Dirty:               680 kB
Writeback:             0 kB
AnonPages:       4265568 kB
Mapped:           659680 kB
Shmem:             12816 kB
KReclaimable:     431620 kB
Slab:             312148 kB
SReclaimable:      83048 kB
SUnreclaim:       229100 kB
KernelStack:       47808 kB
ShadowCallStack:   11980 kB
PageTables:        78020 kB
NFS_Unstable:          0 kB
Bounce:                0 kB
WritebackTmp:          0 kB
CommitLimit:     8677876 kB
Committed_AS:   72649640 kB
VmallocTotal:   263061440 kB
VmallocUsed:      130320 kB
VmallocChunk:          0 kB
Percpu:             2448 kB
CmaTotal:         405504 kB
CmaFree:               0 kB
MemTotal:        7918588 kB
MemFree:          193752 kB
MemAvailable:    1232340 kB
Buffers:            1924 kB
Cached:          1019000 kB
SwapCached:         8556 kB
Active:          5098804 kB
Inactive:         235100 kB
Active(anon):    4249380 kB
Inactive(anon):    81024 kB
Active(file):     849424 kB
Inactive(file):   154076 kB
Unevictable:        6332 kB
Mlocked:            5892 kB
SwapTotal:       4718584 kB
SwapFree:        4065788 kB
Dirty:               632 kB
Writeback:             0 kB
AnonPages:       4315192 kB
Mapped:           659980 kB
Shmem:             12820 kB
KReclaimable:     425312 kB
Slab:             311112 kB
SReclaimable:      81940 kB
SUnreclaim:       229172 kB
KernelStack:       47792 kB
ShadowCallStack:   11976 kB
PageTables:        78332 kB
NFS_Unstable:          0 kB
Bounce:                0 kB
WritebackTmp:          0 kB
CommitLimit:     8677876 kB
Committed_AS:   72747796 kB
VmallocTotal:   263061440 kB
VmallocUsed:      130240 kB
VmallocChunk:          0 kB
Percpu:             2448 kB
CmaTotal:         405504 kB
CmaFree:               0 kB
MemTotal:        7918588 kB
MemFree:          193532 kB
MemAvailable:    1164440 kB
Buffers:            1480 kB
Cached:           961576 kB
SwapCached:         8556 kB
Active:          5181820 kB
Inactive:         160404 kB
Active(anon):    4315576 kB
Inactive(anon):    81016 kB
Active(file):     866244 kB
Inactive(file):    79388 kB
Unevictable:        6332 kB
Mlocked:            5892 kB
SwapTotal:       4718584 kB
SwapFree:        4065788 kB
Dirty:               680 kB
Writeback:             0 kB
AnonPages:       4381388 kB
Mapped:           656548 kB
Shmem:             12820 kB
KReclaimable:     415500 kB
Slab:             309760 kB
SReclaimable:      80568 kB
SUnreclaim:       229192 kB
KernelStack:       47776 kB
ShadowCallStack:   11980 kB
PageTables:        78668 kB
NFS_Unstable:          0 kB
Bounce:                0 kB
WritebackTmp:          0 kB
CommitLimit:     8677876 kB
Committed_AS:   72895248 kB
VmallocTotal:   263061440 kB
VmallocUsed:      130248 kB
VmallocChunk:          0 kB
Percpu:             2448 kB
CmaTotal:         405504 kB
CmaFree:              32 kB
MemTotal:        7918588 kB
MemFree:          230592 kB
MemAvailable:    1126212 kB
Buffers:             552 kB
Cached:           908588 kB
SwapCached:         8524 kB
Active:          4948980 kB
Inactive:         373276 kB
Active(anon):    4376320 kB
Inactive(anon):    54180 kB
Active(file):     572660 kB
Inactive(file):   319096 kB
Unevictable:        6332 kB
Mlocked:            5892 kB
SwapTotal:       4718584 kB
SwapFree:        4058364 kB
Dirty:               504 kB
Writeback:             0 kB
AnonPages:       4415184 kB
Mapped:           638912 kB
Shmem:             12776 kB
KReclaimable:     394088 kB
Slab:             309820 kB
SReclaimable:      80548 kB
SUnreclaim:       229272 kB
KernelStack:       47760 kB
ShadowCallStack:   11968 kB
PageTables:        78796 kB
NFS_Unstable:          0 kB
Bounce:                0 kB
WritebackTmp:          0 kB
CommitLimit:     8677876 kB
Committed_AS:   72977064 kB
VmallocTotal:   263061440 kB
VmallocUsed:      130212 kB
VmallocChunk:          0 kB
Percpu:             2448 kB
CmaTotal:         405504 kB
CmaFree:             256 kB
MemTotal:        7918588 kB
MemFree:          199140 kB
MemAvailable:    1078460 kB
Buffers:             516 kB
Cached:           903172 kB
SwapCached:         7812 kB
Active:           484296 kB
Inactive:        4881016 kB
Active(anon):     422308 kB
Inactive(anon):  4056660 kB
Active(file):      61988 kB
Inactive(file):   824356 kB
Unevictable:        6332 kB
Mlocked:            5892 kB
SwapTotal:       4718584 kB
SwapFree:        4056316 kB
Dirty:               512 kB
Writeback:             0 kB
AnonPages:       4464404 kB
Mapped:           636852 kB
Shmem:             12740 kB
KReclaimable:     383200 kB
Slab:             309756 kB
SReclaimable:      80540 kB
SUnreclaim:       229216 kB
KernelStack:       47744 kB
ShadowCallStack:   11972 kB
PageTables:        79012 kB
NFS_Unstable:          0 kB
Bounce:                0 kB
WritebackTmp:          0 kB
CommitLimit:     8677876 kB
Committed_AS:   73058932 kB
VmallocTotal:   263061440 kB
VmallocUsed:      130204 kB
VmallocChunk:          0 kB
Percpu:             2448 kB
CmaTotal:         405504 kB
CmaFree:             128 kB
MemTotal:        7918588 kB
MemFree:          196764 kB
MemAvailable:    1026872 kB
Buffers:             488 kB
Cached:           868456 kB
SwapCached:         5508 kB
Active:           571776 kB
Inactive:        4808248 kB
Active(anon):     495676 kB
Inactive(anon):  4032668 kB
Active(file):      76100 kB
Inactive(file):   775580 kB
Unevictable:        6332 kB
Mlocked:            5892 kB
SwapTotal:       4718584 kB
SwapFree:        4052220 kB
Dirty:               516 kB
Writeback:             0 kB
AnonPages:       4516092 kB
Mapped:           620616 kB
Shmem:             12660 kB
KReclaimable:     368652 kB
Slab:             309604 kB
SReclaimable:      80376 kB
SUnreclaim:       229228 kB
KernelStack:       47616 kB
ShadowCallStack:   11932 kB
PageTables:        79228 kB
NFS_Unstable:          0 kB
Bounce:                0 kB
WritebackTmp:          0 kB
CommitLimit:     8677876 kB
Committed_AS:   73173256 kB
VmallocTotal:   263061440 kB
VmallocUsed:      130064 kB
VmallocChunk:          0 kB
Percpu:             2448 kB
CmaTotal:         405504 kB
CmaFree:               0 kB
MemTotal:        7918588 kB
MemFree:          195052 kB
MemAvailable:     978168 kB
Buffers:             492 kB
Cached:           827256 kB
SwapCached:         5508 kB
Active:           622808 kB
Inactive:        4765012 kB
Active(anon):     544756 kB
Inactive(anon):  4032584 kB
Active(file):      78052 kB
Inactive(file):   732428 kB
Unevictable:        6332 kB
Mlocked:            5892 kB
SwapTotal:       4718584 kB
SwapFree:        4052220 kB
Dirty:                 0 kB
Writeback:             0 kB
AnonPages:       4565112 kB
Mapped:           604776 kB
Shmem:             12664 kB
KReclaimable:     362860 kB
Slab:             309616 kB
SReclaimable:      80376 kB
SUnreclaim:       229240 kB
KernelStack:       47632 kB
ShadowCallStack:   11936 kB
PageTables:        79412 kB
NFS_Unstable:          0 kB
Bounce:                0 kB
WritebackTmp:          0 kB
CommitLimit:     8677876 kB
Committed_AS:   73271460 kB
VmallocTotal:   263061440 kB
VmallocUsed:      130064 kB
VmallocChunk:          0 kB
Percpu:             2448 kB
CmaTotal:         405504 kB
CmaFree:               0 kB
MemTotal:        7918588 kB
MemFree:          196708 kB
MemAvailable:     924404 kB
Buffers:             500 kB
Cached:           778108 kB
SwapCached:         5508 kB
Active:           679920 kB
Inactive:        4711632 kB
Active(anon):     597852 kB
Inactive(anon):  4032576 kB
Active(file):      82068 kB
Inactive(file):   679056 kB
Unevictable:        6332 kB
Mlocked:            5892 kB
SwapTotal:       4718584 kB
SwapFree:        4052220 kB
Dirty:                16 kB
Writeback:             0 kB
AnonPages:       4618316 kB
Mapped:           586636 kB
Shmem:             12664 kB
KReclaimable:     356796 kB
Slab:             309564 kB
SReclaimable:      80376 kB
SUnreclaim:       229188 kB
KernelStack:       47632 kB
ShadowCallStack:   11932 kB
PageTables:        79048 kB
NFS_Unstable:          0 kB
Bounce:                0 kB
WritebackTmp:          0 kB
CommitLimit:     8677876 kB
Committed_AS:   73369764 kB
VmallocTotal:   263061440 kB
VmallocUsed:      130072 kB
VmallocChunk:          0 kB
Percpu:             2448 kB
CmaTotal:         405504 kB
CmaFree:               0 kB
MemTotal:        7918588 kB
MemFree:          199952 kB
MemAvailable:     878372 kB
Buffers:             508 kB
Cached:           733756 kB
SwapCached:         5508 kB
Active:           730116 kB
Inactive:        4662476 kB
Active(anon):     643316 kB
Inactive(anon):  4032284 kB
Active(file):      86800 kB
Inactive(file):   630192 kB
Unevictable:        6332 kB
Mlocked:            5892 kB
SwapTotal:       4718584 kB
SwapFree:        4052220 kB
Dirty:               108 kB
Writeback:             0 kB
AnonPages:       4663384 kB
Mapped:           568504 kB
Shmem:             12668 kB
KReclaimable:     351652 kB
Slab:             309524 kB
SReclaimable:      80344 kB
SUnreclaim:       229180 kB
KernelStack:       47552 kB
ShadowCallStack:   11916 kB
PageTables:        79740 kB
NFS_Unstable:          0 kB
Bounce:                0 kB
WritebackTmp:          0 kB
CommitLimit:     8677876 kB
Committed_AS:   73451428 kB
VmallocTotal:   263061440 kB
VmallocUsed:      129980 kB
VmallocChunk:          0 kB
Percpu:             2448 kB
CmaTotal:         405504 kB
CmaFree:               0 kB
MemTotal:        7918588 kB
MemFree:          196484 kB
MemAvailable:     809092 kB
Buffers:             504 kB
Cached:           674964 kB
SwapCached:         5508 kB
Active:           802200 kB
Inactive:        4600696 kB
Active(anon):     713012 kB
Inactive(anon):  4031692 kB
Active(file):      89188 kB
Inactive(file):   569004 kB
Unevictable:        6332 kB
Mlocked:            5892 kB
SwapTotal:       4718584 kB
SwapFree:        4052220 kB
Dirty:               128 kB
Writeback:             0 kB
AnonPages:       4732456 kB
Mapped:           556128 kB
Shmem:             12672 kB
KReclaimable:     344640 kB
Slab:             309580 kB
SReclaimable:      80340 kB
SUnreclaim:       229240 kB
KernelStack:       47520 kB
ShadowCallStack:   11908 kB
PageTables:        79980 kB
NFS_Unstable:          0 kB
Bounce:                0 kB
WritebackTmp:          0 kB
CommitLimit:     8677876 kB
Committed_AS:   73566012 kB
VmallocTotal:   263061440 kB
VmallocUsed:      129924 kB
VmallocChunk:          0 kB
Percpu:             2448 kB
CmaTotal:         405504 kB
CmaFree:             128 kB
MemTotal:        7918588 kB
MemFree:          197420 kB
MemAvailable:     759796 kB
Buffers:             532 kB
Cached:           628688 kB
SwapCached:         5508 kB
Active:           850784 kB
Inactive:        4553288 kB
Active(anon):     760660 kB
Inactive(anon):  4031484 kB
Active(file):      90124 kB
Inactive(file):   521804 kB
Unevictable:        6332 kB
Mlocked:            5892 kB
SwapTotal:       4718584 kB
SwapFree:        4052220 kB
Dirty:               156 kB
Writeback:             0 kB
AnonPages:       4780060 kB
Mapped:           553100 kB
Shmem:             12676 kB
KReclaimable:     340672 kB
Slab:             309716 kB
SReclaimable:      80340 kB
SUnreclaim:       229376 kB
KernelStack:       47456 kB
ShadowCallStack:   11900 kB
PageTables:        79996 kB
NFS_Unstable:          0 kB
Bounce:                0 kB
WritebackTmp:          0 kB
CommitLimit:     8677876 kB
Committed_AS:   73647832 kB
VmallocTotal:   263061440 kB
VmallocUsed:      129900 kB
VmallocChunk:          0 kB
Percpu:             2448 kB
CmaTotal:         405504 kB
CmaFree:               0 kB
MemTotal:        7918588 kB
MemFree:          196892 kB
MemAvailable:     709440 kB
Buffers:             500 kB
Cached:           584048 kB
SwapCached:         5508 kB
Active:           902292 kB
Inactive:        4507308 kB
Active(anon):     811024 kB
Inactive(anon):  4031308 kB
Active(file):      91268 kB
Inactive(file):   476000 kB
Unevictable:        6332 kB
Mlocked:            5892 kB
SwapTotal:       4718584 kB
SwapFree:        4052220 kB
Dirty:               156 kB
Writeback:             0 kB
AnonPages:       4830112 kB
Mapped:           544744 kB
Shmem:             12676 kB
KReclaimable:     335504 kB
Slab:             309660 kB
SReclaimable:      80324 kB
SUnreclaim:       229336 kB
KernelStack:       47440 kB
ShadowCallStack:   11888 kB
PageTables:        80360 kB
NFS_Unstable:          0 kB
Bounce:                0 kB
WritebackTmp:          0 kB
CommitLimit:     8677876 kB
Committed_AS:   73746032 kB
VmallocTotal:   263061440 kB
VmallocUsed:      129860 kB
VmallocChunk:          0 kB
Percpu:             2448 kB
CmaTotal:         405504 kB
CmaFree:             128 kB
MemTotal:        7918588 kB
MemFree:          197316 kB
MemAvailable:     640956 kB
Buffers:             524 kB
Cached:           520452 kB
SwapCached:         5508 kB
Active:           971796 kB
Inactive:        4441660 kB
Active(anon):     878660 kB
Inactive(anon):  4031108 kB
Active(file):      93136 kB
Inactive(file):   410552 kB
Unevictable:        6332 kB
Mlocked:            5892 kB
SwapTotal:       4718584 kB
SwapFree:        4052220 kB
Dirty:                96 kB
Writeback:             0 kB
AnonPages:       4897468 kB
Mapped:           539764 kB
Shmem:             12684 kB
KReclaimable:     330176 kB
Slab:             309684 kB
SReclaimable:      80324 kB
SUnreclaim:       229360 kB
KernelStack:       47424 kB
ShadowCallStack:   11884 kB
PageTables:        80572 kB
NFS_Unstable:          0 kB
Bounce:                0 kB
WritebackTmp:          0 kB
CommitLimit:     8677876 kB
Committed_AS:   73877008 kB
VmallocTotal:   263061440 kB
VmallocUsed:      129836 kB
VmallocChunk:          0 kB
Percpu:             2448 kB
CmaTotal:         405504 kB
CmaFree:               0 kB
MemTotal:        7918588 kB
MemFree:          195968 kB
MemAvailable:     596284 kB
Buffers:             524 kB
Cached:           480632 kB
SwapCached:         5508 kB
Active:          1017288 kB
Inactive:        4401364 kB
Active(anon):     923676 kB
Inactive(anon):  4031108 kB
Active(file):      93612 kB
Inactive(file):   370256 kB
Unevictable:        6332 kB
Mlocked:            5892 kB
SwapTotal:       4718584 kB
SwapFree:        4052220 kB
Dirty:                96 kB
Writeback:             0 kB
AnonPages:       4942444 kB
Mapped:           534148 kB
Shmem:             12684 kB
KReclaimable:     326672 kB
Slab:             309648 kB
SReclaimable:      80324 kB
SUnreclaim:       229324 kB
KernelStack:       47408 kB
ShadowCallStack:   11880 kB
PageTables:        80688 kB
NFS_Unstable:          0 kB
Bounce:                0 kB
WritebackTmp:          0 kB
CommitLimit:     8677876 kB
Committed_AS:   73975316 kB
VmallocTotal:   263061440 kB
VmallocUsed:      129784 kB
VmallocChunk:          0 kB
Percpu:             2448 kB
CmaTotal:         405504 kB
CmaFree:               0 kB
MemTotal:        7918588 kB
MemFree:          195264 kB
MemAvailable:     385108 kB
Buffers:             516 kB
Cached:           361632 kB
SwapCached:         5508 kB
Active:          1125228 kB
Inactive:        4271644 kB
Active(anon):    1020968 kB
Inactive(anon):  4031104 kB
Active(file):     104260 kB
Inactive(file):   240540 kB
Unevictable:        6332 kB
Mlocked:            5892 kB
SwapTotal:       4718584 kB
SwapFree:        4052220 kB
Dirty:               160 kB
Writeback:             0 kB
AnonPages:       5039752 kB
Mapped:           495836 kB
Shmem:             12740 kB
KReclaimable:     228012 kB
Slab:             309760 kB
SReclaimable:      80320 kB
SUnreclaim:       229440 kB
KernelStack:       47504 kB
ShadowCallStack:   11908 kB
PageTables:        81008 kB
NFS_Unstable:          0 kB
Bounce:                0 kB
WritebackTmp:          0 kB
CommitLimit:     8677876 kB
Committed_AS:   74090408 kB
VmallocTotal:   263061440 kB
VmallocUsed:      129976 kB
VmallocChunk:          0 kB
Percpu:             2448 kB
CmaTotal:         405504 kB
CmaFree:               0 kB
MemTotal:        7918588 kB
MemFree:          196288 kB
MemAvailable:     321160 kB
Buffers:             516 kB
Cached:           305672 kB
SwapCached:         5508 kB
Active:          1198100 kB
Inactive:        4204144 kB
Active(anon):    1082364 kB
Inactive(anon):  4031104 kB
Active(file):     115736 kB
Inactive(file):   173040 kB
Unevictable:        6332 kB
Mlocked:            5892 kB
SwapTotal:       4718584 kB
SwapFree:        4052220 kB
Dirty:               168 kB
Writeback:             0 kB
AnonPages:       5100924 kB
Mapped:           445444 kB
Shmem:             12788 kB
KReclaimable:     210120 kB
Slab:             309036 kB
SReclaimable:      79476 kB
SUnreclaim:       229560 kB
KernelStack:       47520 kB
ShadowCallStack:   11936 kB
PageTables:        81432 kB
NFS_Unstable:          0 kB
Bounce:                0 kB
WritebackTmp:          0 kB
CommitLimit:     8677876 kB
Committed_AS:   74205092 kB
VmallocTotal:   263061440 kB
VmallocUsed:      129976 kB
VmallocChunk:          0 kB
Percpu:             2448 kB
CmaTotal:         405504 kB
CmaFree:               0 kB
MemTotal:        7918588 kB
MemFree:          206588 kB
MemAvailable:     429560 kB
Buffers:             524 kB
Cached:           292924 kB
SwapCached:         5508 kB
Active:          1210896 kB
Inactive:        4184052 kB
Active(anon):    1087696 kB
Inactive(anon):  4031104 kB
Active(file):     123200 kB
Inactive(file):   152948 kB
Unevictable:        6332 kB
Mlocked:            5892 kB
SwapTotal:       4718584 kB
SwapFree:        4052220 kB
Dirty:               220 kB
Writeback:             0 kB
AnonPages:       5106520 kB
Mapped:           429104 kB
Shmem:             12696 kB
KReclaimable:     337048 kB
Slab:             308256 kB
SReclaimable:      78652 kB
SUnreclaim:       229604 kB
KernelStack:       47616 kB
ShadowCallStack:   11932 kB
PageTables:        81364 kB
NFS_Unstable:          0 kB
Bounce:                0 kB
WritebackTmp:          0 kB
CommitLimit:     8677876 kB
Committed_AS:   74270236 kB
VmallocTotal:   263061440 kB
VmallocUsed:      130036 kB
VmallocChunk:          0 kB
Percpu:             2448 kB
CmaTotal:         405504 kB
CmaFree:             256 kB
MemTotal:        7918588 kB
MemFree:          194980 kB
MemAvailable:     371136 kB
Buffers:             484 kB
Cached:           251380 kB
SwapCached:         5508 kB
Active:          1315972 kB
Inactive:        4098892 kB
Active(anon):    1149292 kB
Inactive(anon):  4031092 kB
Active(file):     166680 kB
Inactive(file):    67800 kB
Unevictable:        6336 kB
Mlocked:            5896 kB
SwapTotal:       4718584 kB
SwapFree:        4052220 kB
Dirty:               100 kB
Writeback:             0 kB
AnonPages:       5167960 kB
Mapped:           383156 kB
Shmem:             12776 kB
KReclaimable:     327880 kB
Slab:             306484 kB
SReclaimable:      76852 kB
SUnreclaim:       229632 kB
KernelStack:       47648 kB
ShadowCallStack:   11940 kB
PageTables:        81616 kB
NFS_Unstable:          0 kB
Bounce:                0 kB
WritebackTmp:          0 kB
CommitLimit:     8677876 kB
Committed_AS:   74401492 kB
VmallocTotal:   263061440 kB
VmallocUsed:      130048 kB
VmallocChunk:          0 kB
Percpu:             2448 kB
CmaTotal:         405504 kB
CmaFree:             128 kB
MemTotal:        7918588 kB
MemFree:          191420 kB
MemAvailable:     337392 kB
Buffers:             492 kB
Cached:           208508 kB
SwapCached:         4992 kB
Active:          1425332 kB
Inactive:        3996424 kB
Active(anon):    1233656 kB
Inactive(anon):  3996424 kB
Active(file):     191676 kB
Inactive(file):        0 kB
Unevictable:        6336 kB
Mlocked:            5896 kB
SwapTotal:       4718584 kB
SwapFree:        4040444 kB
Dirty:               180 kB
Writeback:             4 kB
AnonPages:       5218172 kB
Mapped:           336276 kB
Shmem:             12716 kB
KReclaimable:     319096 kB
Slab:             306364 kB
SReclaimable:      76848 kB
SUnreclaim:       229516 kB
KernelStack:       47648 kB
ShadowCallStack:   11936 kB
PageTables:        81800 kB
NFS_Unstable:          0 kB
Bounce:                0 kB
WritebackTmp:          0 kB
CommitLimit:     8677876 kB
Committed_AS:   74532564 kB
VmallocTotal:   263061440 kB
VmallocUsed:      130080 kB
VmallocChunk:          0 kB
Percpu:             2448 kB
CmaTotal:         405504 kB
CmaFree:             132 kB
MemTotal:        7918588 kB
MemFree:          222952 kB
MemAvailable:     365004 kB
Buffers:             500 kB
Cached:           287952 kB
SwapCached:         3600 kB
Active:          1559856 kB
Inactive:        3837828 kB
Active(anon):    1288120 kB
Inactive(anon):  3837788 kB
Active(file):     271736 kB
Inactive(file):       40 kB
Unevictable:        6336 kB
Mlocked:            5896 kB
SwapTotal:       4718584 kB
SwapFree:        3971068 kB
Dirty:               196 kB
Writeback:             0 kB
AnonPages:       5115540 kB
Mapped:           350316 kB
Shmem:             11876 kB
KReclaimable:     307736 kB
Slab:             305924 kB
SReclaimable:      76832 kB
SUnreclaim:       229092 kB
KernelStack:       45392 kB
ShadowCallStack:   11476 kB
PageTables:        77704 kB
NFS_Unstable:          0 kB
Bounce:                0 kB
WritebackTmp:          0 kB
CommitLimit:     8677876 kB
Committed_AS:   67863912 kB
VmallocTotal:   263061440 kB
VmallocUsed:      127308 kB
VmallocChunk:          0 kB
Percpu:             2448 kB
CmaTotal:         405504 kB
CmaFree:             328 kB
MemTotal:        7918588 kB
MemFree:          234176 kB
MemAvailable:     434028 kB
Buffers:             504 kB
Cached:           300548 kB
SwapCached:         3376 kB
Active:          1650668 kB
Inactive:        3732392 kB
Active(anon):    1365756 kB
Inactive(anon):  3732352 kB
Active(file):     284912 kB
Inactive(file):       40 kB
Unevictable:        6336 kB
Mlocked:            5896 kB
SwapTotal:       4718584 kB
SwapFree:        3904764 kB
Dirty:               208 kB
Writeback:             0 kB
AnonPages:       5088072 kB
Mapped:           361120 kB
Shmem:             11492 kB
KReclaimable:     305124 kB
Slab:             305740 kB
SReclaimable:      76816 kB
SUnreclaim:       228924 kB
KernelStack:       45360 kB
ShadowCallStack:   11376 kB
PageTables:        77776 kB
NFS_Unstable:          0 kB
Bounce:                0 kB
WritebackTmp:          0 kB
CommitLimit:     8677876 kB
Committed_AS:   67929412 kB
VmallocTotal:   263061440 kB
VmallocUsed:      127204 kB
VmallocChunk:          0 kB
Percpu:             2448 kB
CmaTotal:         405504 kB
CmaFree:               0 kB
MemTotal:        7918588 kB
MemFree:          196612 kB
MemAvailable:     394808 kB
Buffers:             504 kB
Cached:           302076 kB
SwapCached:         3328 kB
Active:          1727708 kB
Inactive:        3691560 kB
Active(anon):    1441268 kB
Inactive(anon):  3691520 kB
Active(file):     286440 kB
Inactive(file):       40 kB
Unevictable:        6336 kB
Mlocked:            5896 kB
SwapTotal:       4718584 kB
SwapFree:        3877628 kB
Dirty:               208 kB
Writeback:             0 kB
AnonPages:       5122804 kB
Mapped:           361656 kB
Shmem:             11492 kB
KReclaimable:     301940 kB
Slab:             305752 kB
SReclaimable:      76816 kB
SUnreclaim:       228936 kB
KernelStack:       45344 kB
ShadowCallStack:   11372 kB
PageTables:        77904 kB
NFS_Unstable:          0 kB
Bounce:                0 kB
WritebackTmp:          0 kB
CommitLimit:     8677876 kB
Committed_AS:   68044100 kB
VmallocTotal:   263061440 kB
VmallocUsed:      127204 kB
VmallocChunk:          0 kB
Percpu:             2448 kB
CmaTotal:         405504 kB
CmaFree:               0 kB
MemTotal:        7918588 kB
MemFree:          203024 kB
MemAvailable:     396164 kB
Buffers:             504 kB
Cached:           303596 kB
SwapCached:         3324 kB
Active:          1802688 kB
Inactive:        3609216 kB
Active(anon):    1514744 kB
Inactive(anon):  3609160 kB
Active(file):     287944 kB
Inactive(file):       56 kB
Unevictable:        6336 kB
Mlocked:            5896 kB
SwapTotal:       4718584 kB
SwapFree:        3825660 kB
Dirty:               208 kB
Writeback:             0 kB
AnonPages:       5113788 kB
Mapped:           362360 kB
Shmem:             11492 kB
KReclaimable:     295364 kB
Slab:             305732 kB
SReclaimable:      76816 kB
SUnreclaim:       228916 kB
KernelStack:       45376 kB
ShadowCallStack:   11372 kB
PageTables:        78320 kB
NFS_Unstable:          0 kB
Bounce:                0 kB
WritebackTmp:          0 kB
CommitLimit:     8677876 kB
Committed_AS:   68126028 kB
VmallocTotal:   263061440 kB
VmallocUsed:      127196 kB
VmallocChunk:          0 kB
Percpu:             2448 kB
CmaTotal:         405504 kB
CmaFree:               0 kB
MemTotal:        7918588 kB
MemFree:          193984 kB
MemAvailable:     384624 kB
Buffers:             528 kB
Cached:           305348 kB
SwapCached:         3324 kB
Active:          1866880 kB
Inactive:        3556728 kB
Active(anon):    1577212 kB
Inactive(anon):  3556624 kB
Active(file):     289668 kB
Inactive(file):      104 kB
Unevictable:        6336 kB
Mlocked:            5896 kB
SwapTotal:       4718584 kB
SwapFree:        3782140 kB
Dirty:               208 kB
Writeback:             0 kB
AnonPages:       5123804 kB
Mapped:           363152 kB
Shmem:             11496 kB
KReclaimable:     291092 kB
Slab:             305700 kB
SReclaimable:      76816 kB
SUnreclaim:       228884 kB
KernelStack:       45376 kB
ShadowCallStack:   11372 kB
PageTables:        78432 kB
NFS_Unstable:          0 kB
Bounce:                0 kB
WritebackTmp:          0 kB
CommitLimit:     8677876 kB
Committed_AS:   68240720 kB
VmallocTotal:   263061440 kB
VmallocUsed:      127200 kB
VmallocChunk:          0 kB
Percpu:             2448 kB
CmaTotal:         405504 kB
CmaFree:               0 kB
MemTotal:        7918588 kB
MemFree:          199316 kB
MemAvailable:     388868 kB
Buffers:             540 kB
Cached:           311408 kB
SwapCached:         3324 kB
Active:          1946444 kB
Inactive:        3478896 kB
Active(anon):    1650748 kB
Inactive(anon):  3478772 kB
Active(file):     295696 kB
Inactive(file):      124 kB
Unevictable:        6336 kB
Mlocked:            5896 kB
SwapTotal:       4718584 kB
SwapFree:        3715836 kB
Dirty:               208 kB
Writeback:             0 kB
AnonPages:       5119656 kB
Mapped:           364728 kB
Shmem:             11520 kB
KReclaimable:     283956 kB
Slab:             305700 kB
SReclaimable:      76800 kB
SUnreclaim:       228900 kB
KernelStack:       45376 kB
ShadowCallStack:   11372 kB
PageTables:        78748 kB
NFS_Unstable:          0 kB
Bounce:                0 kB
WritebackTmp:          0 kB
CommitLimit:     8677876 kB
Committed_AS:   68339044 kB
VmallocTotal:   263061440 kB
VmallocUsed:      127200 kB
VmallocChunk:          0 kB
Percpu:             2448 kB
CmaTotal:         405504 kB
CmaFree:               0 kB
MemTotal:        7918588 kB
MemFree:          202580 kB
MemAvailable:     361212 kB
Buffers:             548 kB
Cached:           316508 kB
SwapCached:         3316 kB
Active:          2038488 kB
Inactive:        3388920 kB
Active(anon):    1737840 kB
Inactive(anon):  3388640 kB
Active(file):     300648 kB
Inactive(file):      280 kB
Unevictable:        6336 kB
Mlocked:            5896 kB
SwapTotal:       4718584 kB
SwapFree:        3653372 kB
Dirty:               220 kB
Writeback:             4 kB
AnonPages:       5116792 kB
Mapped:           366988 kB
Shmem:             11520 kB
KReclaimable:     264312 kB
Slab:             305716 kB
SReclaimable:      76800 kB
SUnreclaim:       228916 kB
KernelStack:       45376 kB
ShadowCallStack:   11372 kB
PageTables:        78852 kB
NFS_Unstable:          0 kB
Bounce:                0 kB
WritebackTmp:          0 kB
CommitLimit:     8677876 kB
Committed_AS:   68470256 kB
VmallocTotal:   263061440 kB
VmallocUsed:      127212 kB
VmallocChunk:          0 kB
Percpu:             2448 kB
CmaTotal:         405504 kB
CmaFree:               0 kB
MemTotal:        7918588 kB
MemFree:          199188 kB
MemAvailable:     357812 kB
Buffers:             548 kB
Cached:           318884 kB
SwapCached:         3312 kB
Active:          2088772 kB
Inactive:        3343076 kB
Active(anon):    1785764 kB
Inactive(anon):  3342780 kB
Active(file):     303008 kB
Inactive(file):      296 kB
Unevictable:        6336 kB
Mlocked:            5896 kB
SwapTotal:       4718584 kB
SwapFree:        3613692 kB
Dirty:               220 kB
Writeback:             0 kB
AnonPages:       5118260 kB
Mapped:           367804 kB
Shmem:             11520 kB
KReclaimable:     253736 kB
Slab:             305732 kB
SReclaimable:      76816 kB
SUnreclaim:       228916 kB
KernelStack:       45408 kB
ShadowCallStack:   11380 kB
PageTables:        79004 kB
NFS_Unstable:          0 kB
Bounce:                0 kB
WritebackTmp:          0 kB
CommitLimit:     8677876 kB
Committed_AS:   68535792 kB
VmallocTotal:   263061440 kB
VmallocUsed:      127260 kB
VmallocChunk:          0 kB
Percpu:             2448 kB
CmaTotal:         405504 kB
CmaFree:               0 kB
MemTotal:        7918588 kB
MemFree:          211684 kB
MemAvailable:     362644 kB
Buffers:             552 kB
Cached:           323176 kB
SwapCached:         3316 kB
Active:          2165660 kB
Inactive:        3252408 kB
Active(anon):    1858356 kB
Inactive(anon):  3252112 kB
Active(file):     307304 kB
Inactive(file):      296 kB
Unevictable:        6336 kB
Mlocked:            5896 kB
SwapTotal:       4718584 kB
SwapFree:        3539196 kB
Dirty:               220 kB
Writeback:             4 kB
AnonPages:       5100256 kB
Mapped:           369104 kB
Shmem:             11520 kB
KReclaimable:     241032 kB
Slab:             305768 kB
SReclaimable:      76848 kB
SUnreclaim:       228920 kB
KernelStack:       45408 kB
ShadowCallStack:   11380 kB
PageTables:        79328 kB
NFS_Unstable:          0 kB
Bounce:                0 kB
WritebackTmp:          0 kB
CommitLimit:     8677876 kB
Committed_AS:   68634096 kB
VmallocTotal:   263061440 kB
VmallocUsed:      127244 kB
VmallocChunk:          0 kB
Percpu:             2448 kB
CmaTotal:         405504 kB
CmaFree:               0 kB
MemTotal:        7918588 kB
MemFree:          197244 kB
MemAvailable:     348912 kB
Buffers:             552 kB
Cached:           323184 kB
SwapCached:         3312 kB
Active:          2226256 kB
Inactive:        3213992 kB
Active(anon):    1918952 kB
Inactive(anon):  3213692 kB
Active(file):     307304 kB
Inactive(file):      300 kB
Unevictable:        6336 kB
Mlocked:            5896 kB
SwapTotal:       4718584 kB
SwapFree:        3506684 kB
Dirty:               220 kB
Writeback:             0 kB
AnonPages:       5122456 kB
Mapped:           369576 kB
Shmem:             11524 kB
KReclaimable:     226056 kB
Slab:             305788 kB
SReclaimable:      76848 kB
SUnreclaim:       228940 kB
KernelStack:       45392 kB
ShadowCallStack:   11384 kB
PageTables:        79524 kB
NFS_Unstable:          0 kB
Bounce:                0 kB
WritebackTmp:          0 kB
CommitLimit:     8677876 kB
Committed_AS:   68732408 kB
VmallocTotal:   263061440 kB
VmallocUsed:      127244 kB
VmallocChunk:          0 kB
Percpu:             2448 kB
CmaTotal:         405504 kB
CmaFree:               0 kB
MemTotal:        7918588 kB
MemFree:          195016 kB
MemAvailable:     344124 kB
Buffers:             560 kB
Cached:           324932 kB
SwapCached:         3316 kB
Active:          2280788 kB
Inactive:        3162216 kB
Active(anon):    1971748 kB
Inactive(anon):  3161908 kB
Active(file):     309040 kB
Inactive(file):      308 kB
Unevictable:        6336 kB
Mlocked:            5896 kB
SwapTotal:       4718584 kB
SwapFree:        3462652 kB
Dirty:               220 kB
Writeback:             0 kB
AnonPages:       5123540 kB
Mapped:           370336 kB
Shmem:             11536 kB
KReclaimable:     217448 kB
Slab:             305856 kB
SReclaimable:      76848 kB
SUnreclaim:       229008 kB
KernelStack:       45408 kB
ShadowCallStack:   11380 kB
PageTables:        79584 kB
NFS_Unstable:          0 kB
Bounce:                0 kB
WritebackTmp:          0 kB
CommitLimit:     8677876 kB
Committed_AS:   68814336 kB
VmallocTotal:   263061440 kB
VmallocUsed:      127244 kB
VmallocChunk:          0 kB
Percpu:             2448 kB
CmaTotal:         405504 kB
CmaFree:               0 kB
MemTotal:        7918588 kB
MemFree:          197900 kB
MemAvailable:     342556 kB
Buffers:             568 kB
Cached:           325816 kB
SwapCached:         3316 kB
Active:          2348408 kB
Inactive:        3093496 kB
Active(anon):    2038484 kB
Inactive(anon):  3093180 kB
Active(file):     309924 kB
Inactive(file):      316 kB
Unevictable:        6336 kB
Mlocked:            5896 kB
SwapTotal:       4718584 kB
SwapFree:        3403516 kB
Dirty:               228 kB
Writeback:             0 kB
AnonPages:       5121608 kB
Mapped:           370932 kB
Shmem:             11536 kB
KReclaimable:     206760 kB
Slab:             305904 kB
SReclaimable:      76880 kB
SUnreclaim:       229024 kB
KernelStack:       45392 kB
ShadowCallStack:   11376 kB
PageTables:        79796 kB
NFS_Unstable:          0 kB
Bounce:                0 kB
WritebackTmp:          0 kB
CommitLimit:     8677876 kB
Committed_AS:   68929024 kB
VmallocTotal:   263061440 kB
VmallocUsed:      127228 kB
VmallocChunk:          0 kB
Percpu:             2448 kB
CmaTotal:         405504 kB
CmaFree:               0 kB
MemTotal:        7918588 kB
MemFree:          195524 kB
MemAvailable:     335492 kB
Buffers:             568 kB
Cached:           326540 kB
SwapCached:         3316 kB
Active:          2423084 kB
Inactive:        3029852 kB
Active(anon):    2112444 kB
Inactive(anon):  3029528 kB
Active(file):     310640 kB
Inactive(file):      324 kB
Unevictable:        6336 kB
Mlocked:            5896 kB
SwapTotal:       4718584 kB
SwapFree:        3349244 kB
Dirty:               228 kB
Writeback:             0 kB
AnonPages:       5131912 kB
Mapped:           371468 kB
Shmem:             11536 kB
KReclaimable:     195936 kB
Slab:             305924 kB
SReclaimable:      76880 kB
SUnreclaim:       229044 kB
KernelStack:       45408 kB
ShadowCallStack:   11380 kB
PageTables:        80044 kB
NFS_Unstable:          0 kB
Bounce:                0 kB
WritebackTmp:          0 kB
CommitLimit:     8677876 kB
Committed_AS:   69027328 kB
VmallocTotal:   263061440 kB
VmallocUsed:      127240 kB
VmallocChunk:          0 kB
Percpu:             2448 kB
CmaTotal:         405504 kB
CmaFree:               0 kB
MemTotal:        7918588 kB
MemFree:          196620 kB
MemAvailable:     334192 kB
Buffers:             568 kB
Cached:           327504 kB
SwapCached:         3328 kB
Active:          2482340 kB
Inactive:        2975168 kB
Active(anon):    2170784 kB
Inactive(anon):  2974844 kB
Active(file):     311556 kB
Inactive(file):      324 kB
Unevictable:        6336 kB
Mlocked:            5896 kB
SwapTotal:       4718584 kB
SwapFree:        3299324 kB
Dirty:               228 kB
Writeback:             0 kB
AnonPages:       5135460 kB
Mapped:           371976 kB
Shmem:             11584 kB
KReclaimable:     189312 kB
Slab:             305932 kB
SReclaimable:      76880 kB
SUnreclaim:       229052 kB
KernelStack:       45408 kB
ShadowCallStack:   11380 kB
PageTables:        80200 kB
NFS_Unstable:          0 kB
Bounce:                0 kB
WritebackTmp:          0 kB
CommitLimit:     8677876 kB
Committed_AS:   69125632 kB
VmallocTotal:   263061440 kB
VmallocUsed:      127240 kB
VmallocChunk:          0 kB
Percpu:             2448 kB
CmaTotal:         405504 kB
CmaFree:               0 kB
MemTotal:        7918588 kB
MemFree:          200024 kB
MemAvailable:     333228 kB
Buffers:             592 kB
Cached:           327512 kB
SwapCached:         3328 kB
Active:          2555936 kB
Inactive:        2904204 kB
Active(anon):    2244380 kB
Inactive(anon):  2903848 kB
Active(file):     311556 kB
Inactive(file):      356 kB
Unevictable:        6336 kB
Mlocked:            5896 kB
SwapTotal:       4718584 kB
SwapFree:        3228668 kB
Dirty:               236 kB
Writeback:             0 kB
AnonPages:       5138108 kB
Mapped:           372328 kB
Shmem:             11584 kB
KReclaimable:     180512 kB
Slab:             305968 kB
SReclaimable:      76880 kB
SUnreclaim:       229088 kB
KernelStack:       45376 kB
ShadowCallStack:   11380 kB
PageTables:        80336 kB
NFS_Unstable:          0 kB
Bounce:                0 kB
WritebackTmp:          0 kB
CommitLimit:     8677876 kB
Committed_AS:   69273088 kB
VmallocTotal:   263061440 kB
VmallocUsed:      127240 kB
VmallocChunk:          0 kB
Percpu:             2448 kB
CmaTotal:         405504 kB
CmaFree:               0 kB
MemTotal:        7918588 kB
MemFree:          198308 kB
MemAvailable:     330492 kB
Buffers:             592 kB
Cached:           329896 kB
SwapCached:         3328 kB
Active:          2634396 kB
Inactive:        2835096 kB
Active(anon):    2320456 kB
Inactive(anon):  2834740 kB
Active(file):     313940 kB
Inactive(file):      356 kB
Unevictable:        6336 kB
Mlocked:            5896 kB
SwapTotal:       4718584 kB
SwapFree:        3161596 kB
Dirty:               236 kB
Writeback:             0 kB
AnonPages:       5144988 kB
Mapped:           374188 kB
Shmem:             11584 kB
KReclaimable:     173704 kB
Slab:             305984 kB
SReclaimable:      76880 kB
SUnreclaim:       229104 kB
KernelStack:       45392 kB
ShadowCallStack:   11384 kB
PageTables:        80824 kB
NFS_Unstable:          0 kB
Bounce:                0 kB
WritebackTmp:          0 kB
CommitLimit:     8677876 kB
Committed_AS:   69404160 kB
VmallocTotal:   263061440 kB
VmallocUsed:      127256 kB
VmallocChunk:          0 kB
Percpu:             2448 kB
CmaTotal:         405504 kB
CmaFree:               0 kB
MemTotal:        7918588 kB
MemFree:          194356 kB
MemAvailable:     324932 kB
Buffers:             592 kB
Cached:           330620 kB
SwapCached:         3328 kB
Active:          2696540 kB
Inactive:        2780068 kB
Active(anon):    2381896 kB
Inactive(anon):  2779696 kB
Active(file):     314644 kB
Inactive(file):      372 kB
Unevictable:        6336 kB
Mlocked:            5896 kB
SwapTotal:       4718584 kB
SwapFree:        3107068 kB
Dirty:               252 kB
Writeback:             0 kB
AnonPages:       5151456 kB
Mapped:           374520 kB
Shmem:             11588 kB
KReclaimable:     169048 kB
Slab:             305936 kB
SReclaimable:      76816 kB
SUnreclaim:       229120 kB
KernelStack:       45376 kB
ShadowCallStack:   11380 kB
PageTables:        80916 kB
NFS_Unstable:          0 kB
Bounce:                0 kB
WritebackTmp:          0 kB
CommitLimit:     8677876 kB
Committed_AS:   69518852 kB
VmallocTotal:   263061440 kB
VmallocUsed:      127244 kB
VmallocChunk:          0 kB
Percpu:             2448 kB
CmaTotal:         405504 kB
CmaFree:               0 kB
MemTotal:        7918588 kB
MemFree:          201768 kB
MemAvailable:     297828 kB
Buffers:             592 kB
Cached:           333412 kB
SwapCached:         3328 kB
Active:          2799708 kB
Inactive:        2610524 kB
Active(anon):    2482520 kB
Inactive(anon):  2610060 kB
Active(file):     317188 kB
Inactive(file):      464 kB
Unevictable:        6336 kB
Mlocked:            5896 kB
SwapTotal:       4718584 kB
SwapFree:        2941692 kB
Dirty:               256 kB
Writeback:             0 kB
AnonPages:       5082400 kB
Mapped:           375752 kB
Shmem:             11700 kB
KReclaimable:     102936 kB
Slab:             305988 kB
SReclaimable:      76816 kB
SUnreclaim:       229172 kB
KernelStack:       45488 kB
ShadowCallStack:   11408 kB
PageTables:        81176 kB
NFS_Unstable:          0 kB
Bounce:                0 kB
WritebackTmp:          0 kB
CommitLimit:     8677876 kB
Committed_AS:   69617552 kB
VmallocTotal:   263061440 kB
VmallocUsed:      127420 kB
VmallocChunk:          0 kB
Percpu:             2448 kB
CmaTotal:         405504 kB
CmaFree:               0 kB
MemTotal:        7918588 kB
MemFree:          229416 kB
MemAvailable:     397920 kB
Buffers:             592 kB
Cached:           340976 kB
SwapCached:         3328 kB
Active:          2821300 kB
Inactive:        2560736 kB
Active(anon):    2496512 kB
Inactive(anon):  2560160 kB
Active(file):     324788 kB
Inactive(file):      576 kB
Unevictable:        6336 kB
Mlocked:            5896 kB
SwapTotal:       4718584 kB
SwapFree:        2900988 kB
Dirty:               368 kB
Writeback:             0 kB
AnonPages:       5046524 kB
