MemTotal:        7918588 kB
MemFree:         2022672 kB
MemAvailable:    4165284 kB
Buffers:            8048 kB
Cached:          2025112 kB
SwapCached:           60 kB
Active:           805976 kB
Inactive:        2626396 kB
Active(anon):     564616 kB
Inactive(anon):   858572 kB
Active(file):     241360 kB
Inactive(file):  1767824 kB
Unevictable:        6408 kB
Mlocked:            5968 kB
SwapTotal:       4718584 kB
SwapFree:        4677624 kB
Dirty:            157500 kB
Writeback:             0 kB
AnonPages:       1405424 kB
Mapped:           950224 kB
Shmem:             19140 kB
KReclaimable:     523652 kB
Slab:             317008 kB
SReclaimable:      90860 kB
SUnreclaim:       226148 kB
KernelStack:       49760 kB
ShadowCallStack:   12464 kB
PageTables:        68324 kB
NFS_Unstable:          0 kB
Bounce:                0 kB
WritebackTmp:          0 kB
CommitLimit:     8677876 kB
Committed_AS:   72846788 kB
VmallocTotal:   263061440 kB
VmallocUsed:      133272 kB
VmallocChunk:          0 kB
Percpu:             2448 kB
CmaTotal:         405504 kB
CmaFree:          200968 kB
MemTotal:        7918588 kB
MemFree:         2051004 kB
MemAvailable:    4456268 kB
Buffers:            8088 kB
Cached:          2027796 kB
SwapCached:           68 kB
Active:           776812 kB
Inactive:        2626540 kB
Active(anon):     533308 kB
Inactive(anon):   858412 kB
Active(file):     243504 kB
Inactive(file):  1768128 kB
Unevictable:        6408 kB
Mlocked:            5968 kB
SwapTotal:       4718584 kB
SwapFree:        4677624 kB
Dirty:            157524 kB
Writeback:             0 kB
AnonPages:       1373668 kB
Mapped:           977944 kB
Shmem:             19416 kB
KReclaimable:     783856 kB
Slab:             316680 kB
SReclaimable:      90940 kB
SUnreclaim:       225740 kB
KernelStack:       50256 kB
ShadowCallStack:   12592 kB
PageTables:        68868 kB
NFS_Unstable:          0 kB
Bounce:                0 kB
WritebackTmp:          0 kB
CommitLimit:     8677876 kB
Committed_AS:   72911096 kB
VmallocTotal:   263061440 kB
VmallocUsed:      133920 kB
VmallocChunk:          0 kB
Percpu:             2448 kB
CmaTotal:         405504 kB
CmaFree:          201088 kB
MemTotal:        7918588 kB
MemFree:         2008280 kB
MemAvailable:    4167488 kB
Buffers:            8104 kB
Cached:          2027852 kB
SwapCached:           68 kB
Active:           818780 kB
Inactive:        2626572 kB
Active(anon):     575280 kB
Inactive(anon):   858404 kB
Active(file):     243500 kB
Inactive(file):  1768168 kB
Unevictable:        6408 kB
Mlocked:            5968 kB
SwapTotal:       4718584 kB
SwapFree:        4677624 kB
Dirty:            156708 kB
Writeback:             0 kB
AnonPages:       1415852 kB
Mapped:           984292 kB
Shmem:             19452 kB
KReclaimable:     537764 kB
Slab:             317092 kB
SReclaimable:      90956 kB
SUnreclaim:       226136 kB
KernelStack:       50336 kB
ShadowCallStack:   12608 kB
PageTables:        68884 kB
NFS_Unstable:          0 kB
Bounce:                0 kB
WritebackTmp:          0 kB
CommitLimit:     8677876 kB
Committed_AS:   72917084 kB
VmallocTotal:   263061440 kB
VmallocUsed:      133972 kB
VmallocChunk:          0 kB
Percpu:             2448 kB
CmaTotal:         405504 kB
CmaFree:          201088 kB
MemTotal:        7918588 kB
MemFree:         1989024 kB
MemAvailable:    4137484 kB
Buffers:            8104 kB
Cached:          2027976 kB
SwapCached:           68 kB
Active:           836428 kB
Inactive:        2626580 kB
Active(anon):     592928 kB
Inactive(anon):   858404 kB
Active(file):     243500 kB
Inactive(file):  1768176 kB
Unevictable:        6408 kB
Mlocked:            5968 kB
SwapTotal:       4718584 kB
SwapFree:        4677624 kB
Dirty:            156768 kB
Writeback:             0 kB
AnonPages:       1433304 kB
Mapped:           985148 kB
Shmem:             19568 kB
KReclaimable:     527008 kB
Slab:             317248 kB
SReclaimable:      90956 kB
SUnreclaim:       226292 kB
KernelStack:       50352 kB
ShadowCallStack:   12608 kB
PageTables:        68896 kB
NFS_Unstable:          0 kB
Bounce:                0 kB
WritebackTmp:          0 kB
CommitLimit:     8677876 kB
Committed_AS:   72917088 kB
VmallocTotal:   263061440 kB
VmallocUsed:      134076 kB
VmallocChunk:          0 kB
Percpu:             2448 kB
CmaTotal:         405504 kB
CmaFree:          201088 kB
MemTotal:        7918588 kB
MemFree:         2032112 kB
MemAvailable:    4302108 kB
Buffers:            8104 kB
Cached:          2027868 kB
SwapCached:           68 kB
Active:           812148 kB
Inactive:        2610780 kB
Active(anon):     568648 kB
Inactive(anon):   842596 kB
Active(file):     243500 kB
Inactive(file):  1768184 kB
Unevictable:        6408 kB
Mlocked:            5968 kB
SwapTotal:       4718584 kB
SwapFree:        4677624 kB
Dirty:            156776 kB
Writeback:             0 kB
AnonPages:       1393316 kB
Mapped:           984976 kB
Shmem:             19452 kB
KReclaimable:     648536 kB
Slab:             317116 kB
SReclaimable:      90956 kB
SUnreclaim:       226160 kB
KernelStack:       50272 kB
ShadowCallStack:   12592 kB
PageTables:        68904 kB
NFS_Unstable:          0 kB
Bounce:                0 kB
WritebackTmp:          0 kB
CommitLimit:     8677876 kB
Committed_AS:   72916696 kB
VmallocTotal:   263061440 kB
VmallocUsed:      133940 kB
VmallocChunk:          0 kB
Percpu:             2448 kB
CmaTotal:         405504 kB
CmaFree:          204592 kB
MemTotal:        7918588 kB
MemFree:         2039344 kB
MemAvailable:    4329544 kB
Buffers:            8104 kB
Cached:          2027868 kB
SwapCached:           68 kB
Active:           806120 kB
Inactive:        2610080 kB
Active(anon):     562620 kB
Inactive(anon):   841896 kB
Active(file):     243500 kB
Inactive(file):  1768184 kB
Unevictable:        6408 kB
Mlocked:            5968 kB
SwapTotal:       4718584 kB
SwapFree:        4677624 kB
Dirty:            156776 kB
Writeback:             0 kB
AnonPages:       1386548 kB
Mapped:           985028 kB
Shmem:             19452 kB
KReclaimable:     668740 kB
Slab:             317016 kB
SReclaimable:      90956 kB
SUnreclaim:       226060 kB
KernelStack:       50096 kB
ShadowCallStack:   12536 kB
PageTables:        68908 kB
NFS_Unstable:          0 kB
Bounce:                0 kB
WritebackTmp:          0 kB
CommitLimit:     8677876 kB
Committed_AS:   72916212 kB
VmallocTotal:   263061440 kB
VmallocUsed:      133432 kB
VmallocChunk:          0 kB
Percpu:             2448 kB
CmaTotal:         405504 kB
CmaFree:          204976 kB
MemTotal:        7918588 kB
MemFree:         2015184 kB
MemAvailable:    4305396 kB
Buffers:            8104 kB
Cached:          2027880 kB
SwapCached:           68 kB
Active:           830772 kB
Inactive:        2610092 kB
Active(anon):     587272 kB
Inactive(anon):   841896 kB
Active(file):     243500 kB
Inactive(file):  1768196 kB
Unevictable:        6408 kB
Mlocked:            5968 kB
SwapTotal:       4718584 kB
SwapFree:        4677624 kB
Dirty:            156780 kB
Writeback:             0 kB
AnonPages:       1411168 kB
Mapped:           986716 kB
Shmem:             19452 kB
KReclaimable:     668740 kB
Slab:             317068 kB
SReclaimable:      90956 kB
SUnreclaim:       226112 kB
KernelStack:       50096 kB
ShadowCallStack:   12548 kB
PageTables:        68904 kB
NFS_Unstable:          0 kB
Bounce:                0 kB
WritebackTmp:          0 kB
CommitLimit:     8677876 kB
Committed_AS:   72934912 kB
VmallocTotal:   263061440 kB
VmallocUsed:      133432 kB
VmallocChunk:          0 kB
Percpu:             2448 kB
CmaTotal:         405504 kB
CmaFree:          204976 kB
MemTotal:        7918588 kB
MemFree:         1822104 kB
MemAvailable:    4045480 kB
Buffers:            8116 kB
Cached:          2027884 kB
SwapCached:           68 kB
Active:          1022244 kB
Inactive:        2610108 kB
Active(anon):     778744 kB
Inactive(anon):   841896 kB
Active(file):     243500 kB
Inactive(file):  1768212 kB
Unevictable:        6408 kB
Mlocked:            5968 kB
SwapTotal:       4718584 kB
SwapFree:        4677624 kB
Dirty:             17720 kB
Writeback:             0 kB
AnonPages:       1602828 kB
Mapped:          1068916 kB
Shmem:             19452 kB
KReclaimable:     601888 kB
Slab:             317240 kB
SReclaimable:      90956 kB
SUnreclaim:       226284 kB
KernelStack:       50144 kB
ShadowCallStack:   12548 kB
PageTables:        69384 kB
NFS_Unstable:          0 kB
Bounce:                0 kB
WritebackTmp:          0 kB
CommitLimit:     8677876 kB
Committed_AS:   73256864 kB
VmallocTotal:   263061440 kB
VmallocUsed:      133440 kB
VmallocChunk:          0 kB
Percpu:             2448 kB
CmaTotal:         405504 kB
CmaFree:          204976 kB
MemTotal:        7918588 kB
MemFree:         1807480 kB
MemAvailable:    4030144 kB
Buffers:            8116 kB
Cached:          2027912 kB
SwapCached:           68 kB
Active:          1036864 kB
Inactive:        2610132 kB
Active(anon):     793364 kB
Inactive(anon):   841896 kB
Active(file):     243500 kB
Inactive(file):  1768236 kB
Unevictable:        6408 kB
Mlocked:            5968 kB
SwapTotal:       4718584 kB
SwapFree:        4677624 kB
Dirty:             17732 kB
Writeback:             0 kB
AnonPages:       1617376 kB
Mapped:          1072232 kB
Shmem:             19456 kB
KReclaimable:     601152 kB
Slab:             317320 kB
SReclaimable:      90956 kB
SUnreclaim:       226364 kB
KernelStack:       50160 kB
ShadowCallStack:   12552 kB
PageTables:        69636 kB
NFS_Unstable:          0 kB
Bounce:                0 kB
WritebackTmp:          0 kB
CommitLimit:     8677876 kB
Committed_AS:   73296204 kB
VmallocTotal:   263061440 kB
VmallocUsed:      133488 kB
VmallocChunk:          0 kB
Percpu:             2448 kB
CmaTotal:         405504 kB
CmaFree:          204976 kB
MemTotal:        7918588 kB
MemFree:         1744200 kB
MemAvailable:    3918156 kB
Buffers:            8140 kB
Cached:          2028000 kB
SwapCached:           68 kB
Active:          1099524 kB
Inactive:        2610156 kB
Active(anon):     856024 kB
Inactive(anon):   841808 kB
Active(file):     243500 kB
Inactive(file):  1768348 kB
Unevictable:        6408 kB
Mlocked:            5968 kB
SwapTotal:       4718584 kB
SwapFree:        4677624 kB
Dirty:             17752 kB
Writeback:             0 kB
AnonPages:       1680016 kB
Mapped:          1094112 kB
Shmem:             19456 kB
KReclaimable:     552332 kB
Slab:             317612 kB
SReclaimable:      90988 kB
SUnreclaim:       226624 kB
KernelStack:       50128 kB
ShadowCallStack:   12572 kB
PageTables:        69932 kB
NFS_Unstable:          0 kB
Bounce:                0 kB
WritebackTmp:          0 kB
CommitLimit:     8677876 kB
Committed_AS:   73485788 kB
VmallocTotal:   263061440 kB
VmallocUsed:      133504 kB
VmallocChunk:          0 kB
Percpu:             2448 kB
CmaTotal:         405504 kB
CmaFree:          204980 kB
MemTotal:        7918588 kB
MemFree:         1632620 kB
MemAvailable:    3805228 kB
Buffers:            8164 kB
Cached:          2028008 kB
SwapCached:           68 kB
Active:          1210552 kB
Inactive:        2610184 kB
Active(anon):     967052 kB
Inactive(anon):   841808 kB
Active(file):     243500 kB
Inactive(file):  1768376 kB
Unevictable:        6408 kB
Mlocked:            5968 kB
SwapTotal:       4718584 kB
SwapFree:        4677624 kB
Dirty:             17876 kB
Writeback:             0 kB
AnonPages:       1791260 kB
Mapped:          1095456 kB
Shmem:             19460 kB
KReclaimable:     550956 kB
Slab:             317608 kB
SReclaimable:      91004 kB
SUnreclaim:       226604 kB
KernelStack:       50160 kB
ShadowCallStack:   12548 kB
PageTables:        70652 kB
NFS_Unstable:          0 kB
Bounce:                0 kB
WritebackTmp:          0 kB
CommitLimit:     8677876 kB
Committed_AS:   73764316 kB
VmallocTotal:   263061440 kB
VmallocUsed:      133528 kB
VmallocChunk:          0 kB
Percpu:             2448 kB
CmaTotal:         405504 kB
CmaFree:          204976 kB
MemTotal:        7918588 kB
MemFree:         1549168 kB
MemAvailable:    3720704 kB
Buffers:            8164 kB
Cached:          2028008 kB
SwapCached:           68 kB
Active:          1293152 kB
Inactive:        2609716 kB
Active(anon):    1049652 kB
Inactive(anon):   841340 kB
Active(file):     243500 kB
Inactive(file):  1768376 kB
Unevictable:        6408 kB
Mlocked:            5968 kB
SwapTotal:       4718584 kB
SwapFree:        4677624 kB
Dirty:             17876 kB
Writeback:             0 kB
AnonPages:       1873116 kB
Mapped:          1096108 kB
Shmem:             19460 kB
KReclaimable:     549884 kB
Slab:             317668 kB
SReclaimable:      91004 kB
SUnreclaim:       226664 kB
KernelStack:       50128 kB
ShadowCallStack:   12564 kB
PageTables:        71016 kB
NFS_Unstable:          0 kB
Bounce:                0 kB
WritebackTmp:          0 kB
CommitLimit:     8677876 kB
Committed_AS:   73977308 kB
VmallocTotal:   263061440 kB
VmallocUsed:      133528 kB
VmallocChunk:          0 kB
Percpu:             2448 kB
CmaTotal:         405504 kB
CmaFree:          204976 kB
MemTotal:        7918588 kB
MemFree:         1469644 kB
MemAvailable:    3640332 kB
Buffers:            8164 kB
Cached:          2028008 kB
SwapCached:           68 kB
Active:          1372324 kB
Inactive:        2609716 kB
Active(anon):    1128824 kB
Inactive(anon):   841340 kB
Active(file):     243500 kB
Inactive(file):  1768376 kB
Unevictable:        6408 kB
Mlocked:            5968 kB
SwapTotal:       4718584 kB
SwapFree:        4677624 kB
Dirty:             17876 kB
Writeback:             0 kB
AnonPages:       1952304 kB
Mapped:          1096664 kB
Shmem:             19460 kB
KReclaimable:     549036 kB
Slab:             317648 kB
SReclaimable:      91004 kB
SUnreclaim:       226644 kB
KernelStack:       50112 kB
ShadowCallStack:   12556 kB
PageTables:        71320 kB
NFS_Unstable:          0 kB
Bounce:                0 kB
WritebackTmp:          0 kB
CommitLimit:     8677876 kB
Committed_AS:   74157536 kB
VmallocTotal:   263061440 kB
VmallocUsed:      133528 kB
VmallocChunk:          0 kB
Percpu:             2448 kB
CmaTotal:         405504 kB
CmaFree:          204976 kB
MemTotal:        7918588 kB
MemFree:         1398080 kB
MemAvailable:    3559432 kB
Buffers:            8172 kB
Cached:          2028036 kB
SwapCached:           68 kB
Active:          1451160 kB
Inactive:        2602700 kB
Active(anon):    1207660 kB
Inactive(anon):   834288 kB
Active(file):     243500 kB
Inactive(file):  1768412 kB
Unevictable:        6408 kB
Mlocked:            5968 kB
SwapTotal:       4718584 kB
SwapFree:        4677624 kB
Dirty:             17904 kB
Writeback:             0 kB
AnonPages:       2024060 kB
Mapped:          1097224 kB
Shmem:             19460 kB
KReclaimable:     539664 kB
Slab:             317864 kB
SReclaimable:      91004 kB
SUnreclaim:       226860 kB
KernelStack:       50128 kB
ShadowCallStack:   12564 kB
PageTables:        71896 kB
NFS_Unstable:          0 kB
Bounce:                0 kB
WritebackTmp:          0 kB
CommitLimit:     8677876 kB
Committed_AS:   74370484 kB
VmallocTotal:   263061440 kB
VmallocUsed:      133508 kB
VmallocChunk:          0 kB
Percpu:             2448 kB
CmaTotal:         405504 kB
CmaFree:          204976 kB
MemTotal:        7918588 kB
MemFree:         1302288 kB
MemAvailable:    3462408 kB
Buffers:            8172 kB
Cached:          2028044 kB
SwapCached:           68 kB
Active:          1546832 kB
Inactive:        2602700 kB
Active(anon):    1303332 kB
Inactive(anon):   834288 kB
Active(file):     243500 kB
Inactive(file):  1768412 kB
Unevictable:        6408 kB
Mlocked:            5968 kB
SwapTotal:       4718584 kB
SwapFree:        4677624 kB
Dirty:             17904 kB
Writeback:             0 kB
AnonPages:       2119760 kB
Mapped:          1098120 kB
Shmem:             19468 kB
KReclaimable:     538432 kB
Slab:             317920 kB
SReclaimable:      91004 kB
SUnreclaim:       226916 kB
KernelStack:       50144 kB
ShadowCallStack:   12560 kB
PageTables:        72224 kB
NFS_Unstable:          0 kB
Bounce:                0 kB
WritebackTmp:          0 kB
CommitLimit:     8677876 kB
Committed_AS:   74583484 kB
VmallocTotal:   263061440 kB
VmallocUsed:      133504 kB
VmallocChunk:          0 kB
Percpu:             2448 kB
CmaTotal:         405504 kB
CmaFree:          204976 kB
MemTotal:        7918588 kB
MemFree:         1244812 kB
MemAvailable:    3403980 kB
Buffers:            8172 kB
Cached:          2028052 kB
SwapCached:           68 kB
Active:          1603780 kB
Inactive:        2601928 kB
Active(anon):    1360280 kB
Inactive(anon):   833516 kB
Active(file):     243500 kB
Inactive(file):  1768412 kB
Unevictable:        6408 kB
Mlocked:            5968 kB
SwapTotal:       4718584 kB
SwapFree:        4677624 kB
Dirty:             17840 kB
Writeback:             0 kB
AnonPages:       2175900 kB
Mapped:          1098976 kB
Shmem:             19476 kB
KReclaimable:     537480 kB
Slab:             317956 kB
SReclaimable:      91004 kB
SUnreclaim:       226952 kB
KernelStack:       50112 kB
ShadowCallStack:   12560 kB
PageTables:        72288 kB
NFS_Unstable:          0 kB
Bounce:                0 kB
WritebackTmp:          0 kB
CommitLimit:     8677876 kB
Committed_AS:   74665408 kB
VmallocTotal:   263061440 kB
VmallocUsed:      133472 kB
VmallocChunk:          0 kB
Percpu:             2448 kB
CmaTotal:         405504 kB
CmaFree:          204976 kB
MemTotal:        7918588 kB
MemFree:         1244420 kB
MemAvailable:    3403612 kB
Buffers:            8192 kB
Cached:          2028072 kB
SwapCached:           68 kB
Active:          1604076 kB
Inactive:        2601920 kB
Active(anon):    1360576 kB
Inactive(anon):   833484 kB
Active(file):     243500 kB
Inactive(file):  1768436 kB
Unevictable:        6408 kB
Mlocked:            5968 kB
SwapTotal:       4718584 kB
SwapFree:        4677624 kB
Dirty:             17856 kB
Writeback:             0 kB
AnonPages:       2176088 kB
Mapped:          1098916 kB
Shmem:             19492 kB
KReclaimable:     537480 kB
Slab:             318084 kB
SReclaimable:      91004 kB
SUnreclaim:       227080 kB
KernelStack:       50096 kB
ShadowCallStack:   12560 kB
PageTables:        72488 kB
NFS_Unstable:          0 kB
Bounce:                0 kB
WritebackTmp:          0 kB
CommitLimit:     8677876 kB
Committed_AS:   74665372 kB
VmallocTotal:   263061440 kB
VmallocUsed:      133472 kB
VmallocChunk:          0 kB
Percpu:             2448 kB
CmaTotal:         405504 kB
CmaFree:          204980 kB
MemTotal:        7918588 kB
MemFree:         1202804 kB
MemAvailable:    3361324 kB
Buffers:            8192 kB
Cached:          2028076 kB
SwapCached:           68 kB
Active:          1645648 kB
Inactive:        2601920 kB
Active(anon):    1402148 kB
Inactive(anon):   833484 kB
Active(file):     243500 kB
Inactive(file):  1768436 kB
Unevictable:        6408 kB
Mlocked:            5968 kB
SwapTotal:       4718584 kB
SwapFree:        4677624 kB
Dirty:             17856 kB
Writeback:             0 kB
AnonPages:       2217756 kB
Mapped:          1099420 kB
Shmem:             19496 kB
KReclaimable:     536808 kB
Slab:             317908 kB
SReclaimable:      91020 kB
SUnreclaim:       226888 kB
KernelStack:       50128 kB
ShadowCallStack:   12556 kB
PageTables:        72648 kB
NFS_Unstable:          0 kB
Bounce:                0 kB
WritebackTmp:          0 kB
CommitLimit:     8677876 kB
Committed_AS:   74780068 kB
VmallocTotal:   263061440 kB
VmallocUsed:      133488 kB
VmallocChunk:          0 kB
Percpu:             2448 kB
CmaTotal:         405504 kB
CmaFree:          204976 kB
MemTotal:        7918588 kB
MemFree:         1187636 kB
MemAvailable:    3345972 kB
Buffers:            8192 kB
Cached:          2028088 kB
SwapCached:           68 kB
Active:          1660336 kB
Inactive:        2601928 kB
Active(anon):    1416836 kB
Inactive(anon):   833484 kB
Active(file):     243500 kB
Inactive(file):  1768444 kB
Unevictable:        6408 kB
Mlocked:            5968 kB
SwapTotal:       4718584 kB
SwapFree:        4677624 kB
Dirty:             17864 kB
Writeback:             0 kB
AnonPages:       2232468 kB
Mapped:          1099512 kB
Shmem:             19500 kB
KReclaimable:     536616 kB
Slab:             317980 kB
SReclaimable:      91020 kB
SUnreclaim:       226960 kB
KernelStack:       50128 kB
ShadowCallStack:   12560 kB
PageTables:        72712 kB
NFS_Unstable:          0 kB
Bounce:                0 kB
WritebackTmp:          0 kB
CommitLimit:     8677876 kB
Committed_AS:   74812836 kB
VmallocTotal:   263061440 kB
VmallocUsed:      133488 kB
VmallocChunk:          0 kB
Percpu:             2448 kB
CmaTotal:         405504 kB
CmaFree:          204976 kB
MemTotal:        7918588 kB
MemFree:         1183268 kB
MemAvailable:    3341460 kB
Buffers:            8192 kB
Cached:          2028088 kB
SwapCached:           68 kB
Active:          1665176 kB
Inactive:        2601928 kB
Active(anon):    1421676 kB
Inactive(anon):   833484 kB
Active(file):     243500 kB
Inactive(file):  1768444 kB
Unevictable:        6408 kB
Mlocked:            5968 kB
SwapTotal:       4718584 kB
SwapFree:        4677624 kB
Dirty:             17864 kB
Writeback:             0 kB
AnonPages:       2237152 kB
Mapped:          1099688 kB
Shmem:             19500 kB
KReclaimable:     536472 kB
Slab:             317988 kB
SReclaimable:      91020 kB
SUnreclaim:       226968 kB
KernelStack:       50096 kB
ShadowCallStack:   12556 kB
PageTables:        72584 kB
NFS_Unstable:          0 kB
Bounce:                0 kB
WritebackTmp:          0 kB
CommitLimit:     8677876 kB
Committed_AS:   74812836 kB
VmallocTotal:   263061440 kB
VmallocUsed:      133468 kB
VmallocChunk:          0 kB
Percpu:             2448 kB
CmaTotal:         405504 kB
CmaFree:          204976 kB
MemTotal:        7918588 kB
MemFree:         1130156 kB
MemAvailable:    3288280 kB
Buffers:            8216 kB
Cached:          2028680 kB
SwapCached:           68 kB
Active:          1717780 kB
Inactive:        2601868 kB
Active(anon):    1473692 kB
Inactive(anon):   833400 kB
Active(file):     244088 kB
Inactive(file):  1768468 kB
Unevictable:        6408 kB
Mlocked:            5968 kB
SwapTotal:       4718584 kB
SwapFree:        4677624 kB
Dirty:             17864 kB
Writeback:             0 kB
AnonPages:       2289116 kB
Mapped:          1100180 kB
Shmem:             19504 kB
KReclaimable:     535792 kB
Slab:             318024 kB
SReclaimable:      91020 kB
SUnreclaim:       227004 kB
KernelStack:       50080 kB
ShadowCallStack:   12552 kB
PageTables:        72812 kB
NFS_Unstable:          0 kB
Bounce:                0 kB
WritebackTmp:          0 kB
CommitLimit:     8677876 kB
Committed_AS:   74927528 kB
VmallocTotal:   263061440 kB
VmallocUsed:      133488 kB
VmallocChunk:          0 kB
Percpu:             2448 kB
CmaTotal:         405504 kB
CmaFree:          204976 kB
MemTotal:        7918588 kB
MemFree:         1129912 kB
MemAvailable:    3288044 kB
Buffers:            8216 kB
Cached:          2028728 kB
SwapCached:           68 kB
Active:          1718436 kB
Inactive:        2601868 kB
Active(anon):    1474300 kB
Inactive(anon):   833400 kB
Active(file):     244136 kB
Inactive(file):  1768468 kB
Unevictable:        6408 kB
Mlocked:            5968 kB
SwapTotal:       4718584 kB
SwapFree:        4677624 kB
Dirty:             17864 kB
Writeback:             0 kB
AnonPages:       2289784 kB
Mapped:          1100240 kB
Shmem:             19504 kB
KReclaimable:     535752 kB
Slab:             318128 kB
SReclaimable:      91020 kB
SUnreclaim:       227108 kB
KernelStack:       50112 kB
ShadowCallStack:   12552 kB
PageTables:        72948 kB
NFS_Unstable:          0 kB
Bounce:                0 kB
WritebackTmp:          0 kB
CommitLimit:     8677876 kB
Committed_AS:   74927528 kB
VmallocTotal:   263061440 kB
VmallocUsed:      133484 kB
VmallocChunk:          0 kB
Percpu:             2448 kB
CmaTotal:         405504 kB
CmaFree:          204976 kB
MemTotal:        7918588 kB
MemFree:         1105976 kB
MemAvailable:    3263756 kB
Buffers:            8216 kB
Cached:          2028728 kB
SwapCached:           68 kB
Active:          1742164 kB
Inactive:        2601868 kB
Active(anon):    1498028 kB
Inactive(anon):   833400 kB
Active(file):     244136 kB
Inactive(file):  1768468 kB
Unevictable:        6408 kB
Mlocked:            5968 kB
SwapTotal:       4718584 kB
SwapFree:        4677624 kB
Dirty:             17864 kB
Writeback:             0 kB
AnonPages:       2313580 kB
Mapped:          1100508 kB
Shmem:             19504 kB
KReclaimable:     535400 kB
Slab:             318028 kB
SReclaimable:      91020 kB
SUnreclaim:       227008 kB
KernelStack:       50112 kB
ShadowCallStack:   12556 kB
PageTables:        73068 kB
NFS_Unstable:          0 kB
Bounce:                0 kB
WritebackTmp:          0 kB
CommitLimit:     8677876 kB
Committed_AS:   74993064 kB
VmallocTotal:   263061440 kB
VmallocUsed:      133488 kB
VmallocChunk:          0 kB
Percpu:             2448 kB
CmaTotal:         405504 kB
CmaFree:          204976 kB
MemTotal:        7918588 kB
MemFree:         1072412 kB
MemAvailable:    3229504 kB
Buffers:            8216 kB
Cached:          2028756 kB
SwapCached:           68 kB
Active:          1774316 kB
Inactive:        2601876 kB
Active(anon):    1530180 kB
Inactive(anon):   833400 kB
Active(file):     244136 kB
Inactive(file):  1768476 kB
Unevictable:        6408 kB
Mlocked:            5968 kB
SwapTotal:       4718584 kB
SwapFree:        4677624 kB
Dirty:             17872 kB
Writeback:             0 kB
AnonPages:       2345652 kB
Mapped:          1100744 kB
Shmem:             19524 kB
KReclaimable:     534704 kB
Slab:             318072 kB
SReclaimable:      91020 kB
SUnreclaim:       227052 kB
KernelStack:       50112 kB
ShadowCallStack:   12556 kB
PageTables:        73200 kB
NFS_Unstable:          0 kB
Bounce:                0 kB
WritebackTmp:          0 kB
CommitLimit:     8677876 kB
Committed_AS:   75058620 kB
VmallocTotal:   263061440 kB
VmallocUsed:      133484 kB
VmallocChunk:          0 kB
Percpu:             2448 kB
CmaTotal:         405504 kB
CmaFree:          204976 kB
MemTotal:        7918588 kB
MemFree:         1036172 kB
MemAvailable:    3071704 kB
Buffers:            8216 kB
Cached:          2028844 kB
SwapCached:           68 kB
Active:          1813088 kB
Inactive:        2601620 kB
Active(anon):    1568952 kB
Inactive(anon):   833144 kB
Active(file):     244136 kB
Inactive(file):  1768476 kB
Unevictable:        6408 kB
Mlocked:            5968 kB
SwapTotal:       4718584 kB
SwapFree:        4677624 kB
Dirty:             17872 kB
Writeback:             0 kB
AnonPages:       2384208 kB
Mapped:          1101440 kB
Shmem:             19612 kB
KReclaimable:     413144 kB
Slab:             318060 kB
SReclaimable:      91036 kB
SUnreclaim:       227024 kB
KernelStack:       50240 kB
ShadowCallStack:   12584 kB
PageTables:        73308 kB
NFS_Unstable:          0 kB
Bounce:                0 kB
WritebackTmp:          0 kB
CommitLimit:     8677876 kB
Committed_AS:   75059020 kB
VmallocTotal:   263061440 kB
VmallocUsed:      133624 kB
VmallocChunk:          0 kB
Percpu:             2448 kB
CmaTotal:         405504 kB
CmaFree:          205104 kB
MemTotal:        7918588 kB
MemFree:         1032108 kB
MemAvailable:    3188752 kB
Buffers:            8224 kB
Cached:          2028984 kB
SwapCached:           68 kB
Active:          1817860 kB
Inactive:        2601852 kB
Active(anon):    1573724 kB
Inactive(anon):   833144 kB
Active(file):     244136 kB
Inactive(file):  1768708 kB
Unevictable:        6408 kB
Mlocked:            5968 kB
SwapTotal:       4718584 kB
SwapFree:        4677624 kB
Dirty:             17872 kB
Writeback:             0 kB
AnonPages:       2388972 kB
Mapped:          1101244 kB
Shmem:             19528 kB
KReclaimable:     534024 kB
Slab:             318176 kB
SReclaimable:      91036 kB
SUnreclaim:       227140 kB
KernelStack:       50112 kB
ShadowCallStack:   12552 kB
PageTables:        73396 kB
NFS_Unstable:          0 kB
Bounce:                0 kB
WritebackTmp:          0 kB
CommitLimit:     8677876 kB
Committed_AS:   75173316 kB
VmallocTotal:   263061440 kB
VmallocUsed:      133484 kB
VmallocChunk:          0 kB
Percpu:             2448 kB
CmaTotal:         405504 kB
CmaFree:          205104 kB
MemTotal:        7918588 kB
MemFree:         1019260 kB
MemAvailable:    3175872 kB
Buffers:            8232 kB
Cached:          2029208 kB
SwapCached:           68 kB
Active:          1830072 kB
Inactive:        2602016 kB
Active(anon):    1585936 kB
Inactive(anon):   833084 kB
Active(file):     244136 kB
Inactive(file):  1768932 kB
Unevictable:        6408 kB
Mlocked:            5968 kB
SwapTotal:       4718584 kB
SwapFree:        4677624 kB
Dirty:             17908 kB
Writeback:             0 kB
AnonPages:       2401040 kB
Mapped:          1101412 kB
Shmem:             19536 kB
KReclaimable:     533768 kB
Slab:             318244 kB
SReclaimable:      91036 kB
SUnreclaim:       227208 kB
KernelStack:       50064 kB
ShadowCallStack:   12544 kB
PageTables:        73348 kB
NFS_Unstable:          0 kB
Bounce:                0 kB
WritebackTmp:          0 kB
CommitLimit:     8677876 kB
Committed_AS:   75189652 kB
VmallocTotal:   263061440 kB
VmallocUsed:      133464 kB
VmallocChunk:          0 kB
Percpu:             2448 kB
CmaTotal:         405504 kB
CmaFree:          205216 kB
MemTotal:        7918588 kB
MemFree:         1015512 kB
MemAvailable:    3171780 kB
Buffers:            8232 kB
Cached:          2029208 kB
SwapCached:           68 kB
Active:          1835044 kB
Inactive:        2602016 kB
Active(anon):    1590908 kB
Inactive(anon):   833084 kB
Active(file):     244136 kB
Inactive(file):  1768932 kB
Unevictable:        6408 kB
Mlocked:            5968 kB
SwapTotal:       4718584 kB
SwapFree:        4677624 kB
Dirty:             17920 kB
Writeback:             0 kB
AnonPages:       2406116 kB
Mapped:          1101560 kB
Shmem:             19536 kB
KReclaimable:     533424 kB
Slab:             318184 kB
SReclaimable:      91036 kB
SUnreclaim:       227148 kB
KernelStack:       50128 kB
ShadowCallStack:   12552 kB
PageTables:        73352 kB
NFS_Unstable:          0 kB
Bounce:                0 kB
WritebackTmp:          0 kB
CommitLimit:     8677876 kB
Committed_AS:   75206088 kB
VmallocTotal:   263061440 kB
VmallocUsed:      133488 kB
VmallocChunk:          0 kB
Percpu:             2448 kB
CmaTotal:         405504 kB
CmaFree:          205216 kB
MemTotal:        7918588 kB
MemFree:          975776 kB
MemAvailable:    3131436 kB
Buffers:            8240 kB
Cached:          2029216 kB
SwapCached:           68 kB
Active:          1882828 kB
Inactive:        2593880 kB
Active(anon):    1638692 kB
Inactive(anon):   824932 kB
Active(file):     244136 kB
Inactive(file):  1768948 kB
Unevictable:        6408 kB
Mlocked:            5968 kB
SwapTotal:       4718584 kB
SwapFree:        4677624 kB
Dirty:             17628 kB
Writeback:             0 kB
AnonPages:       2445648 kB
Mapped:          1101900 kB
Shmem:             19536 kB
KReclaimable:     532800 kB
Slab:             318140 kB
SReclaimable:      91036 kB
SUnreclaim:       227104 kB
KernelStack:       50128 kB
ShadowCallStack:   12544 kB
PageTables:        73744 kB
NFS_Unstable:          0 kB
Bounce:                0 kB
WritebackTmp:          0 kB
CommitLimit:     8677876 kB
Committed_AS:   75320776 kB
VmallocTotal:   263061440 kB
VmallocUsed:      133484 kB
VmallocChunk:          0 kB
Percpu:             2448 kB
CmaTotal:         405504 kB
CmaFree:          205772 kB
MemTotal:        7918588 kB
MemFree:          970988 kB
MemAvailable:    3126528 kB
Buffers:            8240 kB
Cached:          2029216 kB
SwapCached:           68 kB
Active:          1886480 kB
Inactive:        2593660 kB
Active(anon):    1642344 kB
Inactive(anon):   824712 kB
Active(file):     244136 kB
Inactive(file):  1768948 kB
Unevictable:        6408 kB
Mlocked:            5968 kB
SwapTotal:       4718584 kB
SwapFree:        4677624 kB
Dirty:             17628 kB
Writeback:             0 kB
AnonPages:       2449056 kB
Mapped:          1101784 kB
Shmem:             19536 kB
KReclaimable:     532680 kB
Slab:             318272 kB
SReclaimable:      91036 kB
SUnreclaim:       227236 kB
KernelStack:       50128 kB
ShadowCallStack:   12548 kB
PageTables:        73592 kB
NFS_Unstable:          0 kB
Bounce:                0 kB
WritebackTmp:          0 kB
CommitLimit:     8677876 kB
Committed_AS:   75320776 kB
VmallocTotal:   263061440 kB
VmallocUsed:      133488 kB
VmallocChunk:          0 kB
Percpu:             2448 kB
CmaTotal:         405504 kB
CmaFree:          205772 kB
MemTotal:        7918588 kB
MemFree:          948064 kB
MemAvailable:    3103212 kB
Buffers:            8264 kB
Cached:          2029216 kB
SwapCached:           68 kB
Active:          1910096 kB
Inactive:        2593560 kB
Active(anon):    1665960 kB
Inactive(anon):   824588 kB
Active(file):     244136 kB
Inactive(file):  1768972 kB
Unevictable:        6408 kB
Mlocked:            5968 kB
SwapTotal:       4718584 kB
SwapFree:        4677624 kB
Dirty:             17636 kB
Writeback:             0 kB
AnonPages:       2472488 kB
Mapped:          1102228 kB
Shmem:             19536 kB
KReclaimable:     532264 kB
Slab:             318240 kB
SReclaimable:      91036 kB
SUnreclaim:       227204 kB
KernelStack:       50112 kB
ShadowCallStack:   12568 kB
PageTables:        73712 kB
NFS_Unstable:          0 kB
Bounce:                0 kB
WritebackTmp:          0 kB
CommitLimit:     8677876 kB
Committed_AS:   75369928 kB
VmallocTotal:   263061440 kB
VmallocUsed:      133488 kB
VmallocChunk:          0 kB
Percpu:             2448 kB
CmaTotal:         405504 kB
CmaFree:          205772 kB
MemTotal:        7918588 kB
MemFree:          915516 kB
MemAvailable:    3070200 kB
Buffers:            8264 kB
Cached:          2029220 kB
SwapCached:           68 kB
Active:          1943144 kB
Inactive:        2593560 kB
Active(anon):    1699008 kB
Inactive(anon):   824588 kB
Active(file):     244136 kB
Inactive(file):  1768972 kB
Unevictable:        6408 kB
Mlocked:            5968 kB
SwapTotal:       4718584 kB
SwapFree:        4677624 kB
Dirty:             17648 kB
Writeback:             0 kB
AnonPages:       2505576 kB
Mapped:          1102500 kB
Shmem:             19540 kB
KReclaimable:     531800 kB
Slab:             318284 kB
SReclaimable:      91036 kB
SUnreclaim:       227248 kB
KernelStack:       50112 kB
ShadowCallStack:   12560 kB
PageTables:        74004 kB
NFS_Unstable:          0 kB
Bounce:                0 kB
WritebackTmp:          0 kB
CommitLimit:     8677876 kB
Committed_AS:   75451852 kB
VmallocTotal:   263061440 kB
VmallocUsed:      133476 kB
VmallocChunk:          0 kB
Percpu:             2448 kB
CmaTotal:         405504 kB
CmaFree:          205772 kB
MemTotal:        7918588 kB
MemFree:          914616 kB
MemAvailable:    3069284 kB
Buffers:            8264 kB
Cached:          2029224 kB
SwapCached:           68 kB
Active:          1942772 kB
Inactive:        2593544 kB
Active(anon):    1698636 kB
Inactive(anon):   824572 kB
Active(file):     244136 kB
Inactive(file):  1768972 kB
Unevictable:        6408 kB
Mlocked:            5968 kB
SwapTotal:       4718584 kB
SwapFree:        4677624 kB
Dirty:             17652 kB
Writeback:             0 kB
AnonPages:       2505220 kB
Mapped:          1102608 kB
Shmem:             19544 kB
KReclaimable:     531784 kB
Slab:             318240 kB
SReclaimable:      91020 kB
SUnreclaim:       227220 kB
KernelStack:       49616 kB
ShadowCallStack:   12428 kB
PageTables:        73980 kB
NFS_Unstable:          0 kB
Bounce:                0 kB
WritebackTmp:          0 kB
CommitLimit:     8677876 kB
Committed_AS:   75451284 kB
VmallocTotal:   263061440 kB
VmallocUsed:      132872 kB
VmallocChunk:          0 kB
Percpu:             2448 kB
CmaTotal:         405504 kB
CmaFree:          205772 kB
MemTotal:        7918588 kB
MemFree:          875296 kB
MemAvailable:    3029352 kB
Buffers:            8268 kB
Cached:          2029240 kB
SwapCached:           68 kB
Active:          1982328 kB
Inactive:        2593504 kB
Active(anon):    1738192 kB
Inactive(anon):   824512 kB
Active(file):     244136 kB
Inactive(file):  1768992 kB
Unevictable:        6408 kB
Mlocked:            5968 kB
SwapTotal:       4718584 kB
SwapFree:        4677624 kB
Dirty:               244 kB
Writeback:             0 kB
AnonPages:       2544872 kB
Mapped:          1103020 kB
Shmem:             19544 kB
KReclaimable:     531152 kB
Slab:             318224 kB
SReclaimable:      91020 kB
SUnreclaim:       227204 kB
KernelStack:       49600 kB
ShadowCallStack:   12428 kB
PageTables:        74192 kB
NFS_Unstable:          0 kB
Bounce:                0 kB
WritebackTmp:          0 kB
CommitLimit:     8677876 kB
Committed_AS:   75565924 kB
VmallocTotal:   263061440 kB
VmallocUsed:      132848 kB
VmallocChunk:          0 kB
Percpu:             2448 kB
CmaTotal:         405504 kB
CmaFree:          205772 kB
MemTotal:        7918588 kB
MemFree:          857828 kB
MemAvailable:    3011596 kB
Buffers:            8268 kB
Cached:          2029240 kB
SwapCached:           68 kB
Active:          1999624 kB
Inactive:        2593504 kB
Active(anon):    1755488 kB
Inactive(anon):   824512 kB
Active(file):     244136 kB
Inactive(file):  1768992 kB
Unevictable:        6408 kB
Mlocked:            5968 kB
SwapTotal:       4718584 kB
SwapFree:        4677624 kB
Dirty:               244 kB
Writeback:             0 kB
AnonPages:       2562012 kB
Mapped:          1103128 kB
Shmem:             19544 kB
KReclaimable:     530864 kB
Slab:             318224 kB
SReclaimable:      91020 kB
SUnreclaim:       227204 kB
KernelStack:       49632 kB
ShadowCallStack:   12432 kB
PageTables:        74260 kB
NFS_Unstable:          0 kB
Bounce:                0 kB
WritebackTmp:          0 kB
CommitLimit:     8677876 kB
Committed_AS:   75598688 kB
VmallocTotal:   263061440 kB
VmallocUsed:      132856 kB
VmallocChunk:          0 kB
Percpu:             2448 kB
CmaTotal:         405504 kB
CmaFree:          205772 kB
MemTotal:        7918588 kB
MemFree:          852752 kB
MemAvailable:    3006376 kB
Buffers:            8268 kB
Cached:          2029240 kB
SwapCached:           68 kB
Active:          2005564 kB
Inactive:        2593504 kB
Active(anon):    1761428 kB
Inactive(anon):   824512 kB
Active(file):     244136 kB
Inactive(file):  1768992 kB
Unevictable:        6408 kB
Mlocked:            5968 kB
SwapTotal:       4718584 kB
SwapFree:        4677624 kB
Dirty:               244 kB
Writeback:             0 kB
AnonPages:       2568072 kB
Mapped:          1103284 kB
Shmem:             19544 kB
KReclaimable:     530720 kB
Slab:             318200 kB
SReclaimable:      91020 kB
SUnreclaim:       227180 kB
KernelStack:       49616 kB
ShadowCallStack:   12444 kB
PageTables:        74160 kB
NFS_Unstable:          0 kB
Bounce:                0 kB
WritebackTmp:          0 kB
CommitLimit:     8677876 kB
Committed_AS:   75615124 kB
VmallocTotal:   263061440 kB
VmallocUsed:      132876 kB
VmallocChunk:          0 kB
Percpu:             2448 kB
CmaTotal:         405504 kB
CmaFree:          205772 kB
MemTotal:        7918588 kB
MemFree:          801024 kB
MemAvailable:    2954012 kB
Buffers:            8284 kB
Cached:          2029276 kB
SwapCached:           68 kB
Active:          2057072 kB
Inactive:        2593556 kB
Active(anon):    1812936 kB
Inactive(anon):   824512 kB
Active(file):     244136 kB
Inactive(file):  1769044 kB
Unevictable:        6408 kB
Mlocked:            5968 kB
SwapTotal:       4718584 kB
SwapFree:        4677624 kB
Dirty:               348 kB
Writeback:             0 kB
AnonPages:       2619488 kB
Mapped:          1103632 kB
Shmem:             19544 kB
KReclaimable:     530032 kB
Slab:             318196 kB
SReclaimable:      91020 kB
SUnreclaim:       227176 kB
KernelStack:       49760 kB
ShadowCallStack:   12464 kB
PageTables:        74536 kB
NFS_Unstable:          0 kB
Bounce:                0 kB
WritebackTmp:          0 kB
CommitLimit:     8677876 kB
Committed_AS:   75746560 kB
VmallocTotal:   263061440 kB
VmallocUsed:      133032 kB
VmallocChunk:          0 kB
Percpu:             2448 kB
CmaTotal:         405504 kB
CmaFree:          169692 kB
MemTotal:        7918588 kB
MemFree:          800428 kB
MemAvailable:    2953428 kB
Buffers:            8284 kB
Cached:          2029292 kB
SwapCached:           68 kB
Active:          2057280 kB
Inactive:        2593568 kB
Active(anon):    1813144 kB
Inactive(anon):   824512 kB
Active(file):     244136 kB
Inactive(file):  1769056 kB
Unevictable:        6408 kB
Mlocked:            5968 kB
SwapTotal:       4718584 kB
SwapFree:        4677624 kB
Dirty:               360 kB
Writeback:             0 kB
AnonPages:       2619616 kB
Mapped:          1103712 kB
Shmem:             19548 kB
KReclaimable:     530032 kB
Slab:             318280 kB
SReclaimable:      91020 kB
SUnreclaim:       227260 kB
KernelStack:       49696 kB
ShadowCallStack:   12448 kB
PageTables:        74464 kB
NFS_Unstable:          0 kB
Bounce:                0 kB
WritebackTmp:          0 kB
CommitLimit:     8677876 kB
Committed_AS:   75746356 kB
VmallocTotal:   263061440 kB
VmallocUsed:      132948 kB
VmallocChunk:          0 kB
Percpu:             2448 kB
CmaTotal:         405504 kB
CmaFree:          169232 kB
MemTotal:        7918588 kB
MemFree:          778432 kB
MemAvailable:    2931064 kB
Buffers:            8284 kB
Cached:          2029300 kB
SwapCached:           68 kB
Active:          2078528 kB
Inactive:        2593576 kB
Active(anon):    1834392 kB
Inactive(anon):   824512 kB
Active(file):     244136 kB
Inactive(file):  1769064 kB
Unevictable:        6408 kB
Mlocked:            5968 kB
SwapTotal:       4718584 kB
SwapFree:        4677624 kB
Dirty:               304 kB
Writeback:             0 kB
AnonPages:       2640960 kB
Mapped:          1104024 kB
Shmem:             19548 kB
KReclaimable:     529656 kB
Slab:             318208 kB
SReclaimable:      91020 kB
SUnreclaim:       227188 kB
KernelStack:       49680 kB
ShadowCallStack:   12440 kB
PageTables:        74648 kB
NFS_Unstable:          0 kB
Bounce:                0 kB
WritebackTmp:          0 kB
CommitLimit:     8677876 kB
Committed_AS:   75811892 kB
VmallocTotal:   263061440 kB
VmallocUsed:      132948 kB
VmallocChunk:          0 kB
Percpu:             2448 kB
CmaTotal:         405504 kB
CmaFree:          147276 kB
MemTotal:        7918588 kB
MemFree:          744148 kB
MemAvailable:    2896260 kB
Buffers:            8284 kB
Cached:          2029300 kB
SwapCached:           68 kB
Active:          2112944 kB
Inactive:        2593576 kB
Active(anon):    1868808 kB
Inactive(anon):   824512 kB
Active(file):     244136 kB
Inactive(file):  1769064 kB
Unevictable:        6408 kB
Mlocked:            5968 kB
SwapTotal:       4718584 kB
SwapFree:        4677624 kB
Dirty:               304 kB
Writeback:             0 kB
AnonPages:       2675448 kB
Mapped:          1104264 kB
Shmem:             19548 kB
KReclaimable:     529136 kB
Slab:             318444 kB
SReclaimable:      91020 kB
SUnreclaim:       227424 kB
KernelStack:       49680 kB
ShadowCallStack:   12444 kB
PageTables:        74876 kB
NFS_Unstable:          0 kB
Bounce:                0 kB
WritebackTmp:          0 kB
CommitLimit:     8677876 kB
Committed_AS:   75877428 kB
VmallocTotal:   263061440 kB
VmallocUsed:      132932 kB
VmallocChunk:          0 kB
Percpu:             2448 kB
CmaTotal:         405504 kB
CmaFree:          112848 kB
MemTotal:        7918588 kB
MemFree:          743560 kB
MemAvailable:    2895660 kB
Buffers:            8308 kB
Cached:          2029280 kB
SwapCached:           68 kB
Active:          2113708 kB
Inactive:        2593452 kB
Active(anon):    1869572 kB
Inactive(anon):   824384 kB
Active(file):     244136 kB
Inactive(file):  1769068 kB
Unevictable:        6408 kB
Mlocked:            5968 kB
SwapTotal:       4718584 kB
SwapFree:        4677624 kB
Dirty:               308 kB
Writeback:            20 kB
AnonPages:       2675936 kB
Mapped:          1104264 kB
Shmem:             19548 kB
KReclaimable:     529120 kB
Slab:             318248 kB
SReclaimable:      91004 kB
SUnreclaim:       227244 kB
KernelStack:       49696 kB
ShadowCallStack:   12452 kB
PageTables:        74876 kB
NFS_Unstable:          0 kB
Bounce:                0 kB
WritebackTmp:          0 kB
CommitLimit:     8677876 kB
Committed_AS:   75877428 kB
VmallocTotal:   263061440 kB
VmallocUsed:      132948 kB
VmallocChunk:          0 kB
Percpu:             2448 kB
CmaTotal:         405504 kB
CmaFree:          112356 kB
MemTotal:        7918588 kB
MemFree:          696616 kB
MemAvailable:    2847948 kB
Buffers:            8308 kB
Cached:          2029312 kB
SwapCached:           68 kB
Active:          2160696 kB
Inactive:        2593476 kB
Active(anon):    1916560 kB
Inactive(anon):   824384 kB
Active(file):     244136 kB
Inactive(file):  1769092 kB
Unevictable:        6408 kB
Mlocked:            5968 kB
SwapTotal:       4718584 kB
SwapFree:        4677624 kB
Dirty:               312 kB
Writeback:             0 kB
AnonPages:       2722752 kB
Mapped:          1104700 kB
Shmem:             19556 kB
KReclaimable:     528328 kB
Slab:             318320 kB
SReclaimable:      91004 kB
SUnreclaim:       227316 kB
KernelStack:       49712 kB
ShadowCallStack:   12460 kB
PageTables:        75080 kB
NFS_Unstable:          0 kB
Bounce:                0 kB
WritebackTmp:          0 kB
CommitLimit:     8677876 kB
Committed_AS:   75992124 kB
VmallocTotal:   263061440 kB
VmallocUsed:      132924 kB
VmallocChunk:          0 kB
Percpu:             2448 kB
CmaTotal:         405504 kB
CmaFree:           65056 kB
MemTotal:        7918588 kB
MemFree:          685028 kB
MemAvailable:    2836196 kB
Buffers:            8316 kB
Cached:          2029308 kB
SwapCached:           68 kB
Active:          2171196 kB
Inactive:        2593480 kB
Active(anon):    1927060 kB
Inactive(anon):   824384 kB
Active(file):     244136 kB
Inactive(file):  1769096 kB
Unevictable:        6408 kB
Mlocked:            5968 kB
SwapTotal:       4718584 kB
SwapFree:        4677624 kB
Dirty:               404 kB
Writeback:             0 kB
AnonPages:       2733396 kB
Mapped:          1104888 kB
Shmem:             19556 kB
KReclaimable:     528160 kB
Slab:             318376 kB
SReclaimable:      91020 kB
SUnreclaim:       227356 kB
KernelStack:       49648 kB
ShadowCallStack:   12444 kB
PageTables:        75224 kB
NFS_Unstable:          0 kB
Bounce:                0 kB
WritebackTmp:          0 kB
CommitLimit:     8677876 kB
Committed_AS:   76024892 kB
VmallocTotal:   263061440 kB
VmallocUsed:      132944 kB
VmallocChunk:          0 kB
Percpu:             2448 kB
CmaTotal:         405504 kB
CmaFree:           53756 kB
MemTotal:        7918588 kB
MemFree:          683252 kB
MemAvailable:    2834420 kB
Buffers:            8316 kB
Cached:          2029324 kB
SwapCached:           68 kB
Active:          2175632 kB
Inactive:        2593436 kB
Active(anon):    1931496 kB
Inactive(anon):   824324 kB
Active(file):     244136 kB
Inactive(file):  1769112 kB
Unevictable:        6408 kB
Mlocked:            5968 kB
SwapTotal:       4718584 kB
SwapFree:        4677624 kB
Dirty:               392 kB
Writeback:             0 kB
AnonPages:       2737808 kB
Mapped:          1104948 kB
Shmem:             19556 kB
KReclaimable:     528144 kB
Slab:             318436 kB
SReclaimable:      91020 kB
SUnreclaim:       227416 kB
KernelStack:       49664 kB
ShadowCallStack:   12444 kB
PageTables:        75196 kB
NFS_Unstable:          0 kB
Bounce:                0 kB
WritebackTmp:          0 kB
CommitLimit:     8677876 kB
Committed_AS:   76024792 kB
VmallocTotal:   263061440 kB
VmallocUsed:      132908 kB
VmallocChunk:          0 kB
Percpu:             2448 kB
CmaTotal:         405504 kB
CmaFree:           51392 kB
MemTotal:        7918588 kB
MemFree:          631576 kB
MemAvailable:    2781960 kB
Buffers:            8316 kB
Cached:          2029324 kB
SwapCached:           68 kB
Active:          2227556 kB
Inactive:        2593436 kB
Active(anon):    1983420 kB
Inactive(anon):   824324 kB
Active(file):     244136 kB
Inactive(file):  1769112 kB
Unevictable:        6408 kB
Mlocked:            5968 kB
SwapTotal:       4718584 kB
SwapFree:        4677624 kB
Dirty:               392 kB
Writeback:             0 kB
AnonPages:       2789796 kB
Mapped:          1105384 kB
Shmem:             19556 kB
KReclaimable:     527360 kB
Slab:             318444 kB
SReclaimable:      91036 kB
SUnreclaim:       227408 kB
KernelStack:       49616 kB
ShadowCallStack:   12428 kB
PageTables:        75444 kB
NFS_Unstable:          0 kB
Bounce:                0 kB
WritebackTmp:          0 kB
CommitLimit:     8677876 kB
Committed_AS:   76155768 kB
VmallocTotal:   263061440 kB
VmallocUsed:      132844 kB
VmallocChunk:          0 kB
Percpu:             2448 kB
CmaTotal:         405504 kB
CmaFree:             536 kB
MemTotal:        7918588 kB
MemFree:          592616 kB
MemAvailable:    2622560 kB
Buffers:            8316 kB
Cached:          2029372 kB
SwapCached:           68 kB
Active:          2265740 kB
Inactive:        2593424 kB
Active(anon):    2021604 kB
Inactive(anon):   824312 kB
Active(file):     244136 kB
Inactive(file):  1769112 kB
Unevictable:        6408 kB
Mlocked:            5968 kB
SwapTotal:       4718584 kB
SwapFree:        4677624 kB
Dirty:               392 kB
Writeback:             0 kB
AnonPages:       2827752 kB
Mapped:          1105980 kB
Shmem:             19604 kB
KReclaimable:     406920 kB
Slab:             318592 kB
SReclaimable:      91036 kB
SUnreclaim:       227556 kB
KernelStack:       49776 kB
ShadowCallStack:   12460 kB
PageTables:        75456 kB
NFS_Unstable:          0 kB
Bounce:                0 kB
WritebackTmp:          0 kB
CommitLimit:     8677876 kB
Committed_AS:   76156160 kB
VmallocTotal:   263061440 kB
VmallocUsed:      132988 kB
VmallocChunk:          0 kB
Percpu:             2448 kB
CmaTotal:         405504 kB
CmaFree:               0 kB
MemTotal:        7918588 kB
MemFree:          567596 kB
MemAvailable:    2595932 kB
Buffers:            8316 kB
Cached:          2029484 kB
SwapCached:           68 kB
Active:          2291340 kB
Inactive:        2593424 kB
Active(anon):    2047204 kB
Inactive(anon):   824312 kB
Active(file):     244136 kB
Inactive(file):  1769112 kB
Unevictable:        6408 kB
Mlocked:            5968 kB
SwapTotal:       4718584 kB
SwapFree:        4677624 kB
Dirty:               392 kB
Writeback:             0 kB
AnonPages:       2853412 kB
Mapped:          1106688 kB
Shmem:             19716 kB
KReclaimable:     405312 kB
Slab:             318688 kB
SReclaimable:      91052 kB
SUnreclaim:       227636 kB
KernelStack:       49728 kB
ShadowCallStack:   12464 kB
PageTables:        75596 kB
NFS_Unstable:          0 kB
Bounce:                0 kB
WritebackTmp:          0 kB
CommitLimit:     8677876 kB
Committed_AS:   76221696 kB
VmallocTotal:   263061440 kB
VmallocUsed:      133024 kB
VmallocChunk:          0 kB
Percpu:             2448 kB
CmaTotal:         405504 kB
CmaFree:               0 kB
MemTotal:        7918588 kB
MemFree:          572716 kB
MemAvailable:    2722268 kB
Buffers:            8324 kB
Cached:          2029324 kB
SwapCached:           68 kB
Active:          2286476 kB
Inactive:        2593432 kB
Active(anon):    2042340 kB
Inactive(anon):   824312 kB
Active(file):     244136 kB
Inactive(file):  1769120 kB
Unevictable:        6408 kB
Mlocked:            5968 kB
SwapTotal:       4718584 kB
SwapFree:        4677624 kB
Dirty:               412 kB
Writeback:             0 kB
AnonPages:       2848652 kB
Mapped:          1105900 kB
Shmem:             19556 kB
KReclaimable:     526520 kB
Slab:             318540 kB
SReclaimable:      91052 kB
SUnreclaim:       227488 kB
KernelStack:       49616 kB
ShadowCallStack:   12436 kB
PageTables:        75712 kB
NFS_Unstable:          0 kB
Bounce:                0 kB
WritebackTmp:          0 kB
CommitLimit:     8677876 kB
Committed_AS:   76270456 kB
VmallocTotal:   263061440 kB
VmallocUsed:      132872 kB
VmallocChunk:          0 kB
Percpu:             2448 kB
CmaTotal:         405504 kB
CmaFree:               0 kB
MemTotal:        7918588 kB
MemFree:          570944 kB
MemAvailable:    2720508 kB
Buffers:            8324 kB
Cached:          2029332 kB
SwapCached:           68 kB
Active:          2286916 kB
Inactive:        2593396 kB
Active(anon):    2042780 kB
Inactive(anon):   824268 kB
Active(file):     244136 kB
Inactive(file):  1769128 kB
Unevictable:        6408 kB
Mlocked:            5968 kB
SwapTotal:       4718584 kB
SwapFree:        4677624 kB
Dirty:               420 kB
Writeback:             0 kB
AnonPages:       2849000 kB
Mapped:          1105972 kB
Shmem:             19556 kB
KReclaimable:     526524 kB
Slab:             318560 kB
SReclaimable:      91052 kB
SUnreclaim:       227508 kB
KernelStack:       49616 kB
ShadowCallStack:   12432 kB
PageTables:        75808 kB
NFS_Unstable:          0 kB
Bounce:                0 kB
WritebackTmp:          0 kB
CommitLimit:     8677876 kB
Committed_AS:   76270452 kB
VmallocTotal:   263061440 kB
VmallocUsed:      132864 kB
VmallocChunk:          0 kB
Percpu:             2448 kB
CmaTotal:         405504 kB
CmaFree:               0 kB
MemTotal:        7918588 kB
MemFree:          529324 kB
MemAvailable:    2678192 kB
Buffers:            8324 kB
Cached:          2029332 kB
SwapCached:           68 kB
Active:          2331120 kB
Inactive:        2593396 kB
Active(anon):    2086984 kB
Inactive(anon):   824268 kB
Active(file):     244136 kB
Inactive(file):  1769128 kB
Unevictable:        6408 kB
Mlocked:            5968 kB
SwapTotal:       4718584 kB
SwapFree:        4677624 kB
Dirty:               420 kB
Writeback:             0 kB
AnonPages:       2893236 kB
Mapped:          1106388 kB
Shmem:             19556 kB
KReclaimable:     525828 kB
Slab:             318596 kB
SReclaimable:      91052 kB
SUnreclaim:       227544 kB
KernelStack:       49648 kB
ShadowCallStack:   12432 kB
PageTables:        75896 kB
NFS_Unstable:          0 kB
Bounce:                0 kB
WritebackTmp:          0 kB
CommitLimit:     8677876 kB
Committed_AS:   76401524 kB
VmallocTotal:   263061440 kB
VmallocUsed:      132868 kB
VmallocChunk:          0 kB
Percpu:             2448 kB
CmaTotal:         405504 kB
CmaFree:               0 kB
MemTotal:        7918588 kB
MemFree:          514696 kB
MemAvailable:    2663412 kB
Buffers:            8324 kB
Cached:          2029332 kB
SwapCached:           68 kB
Active:          2343680 kB
Inactive:        2593392 kB
Active(anon):    2099544 kB
Inactive(anon):   824264 kB
Active(file):     244136 kB
Inactive(file):  1769128 kB
Unevictable:        6408 kB
Mlocked:            5968 kB
SwapTotal:       4718584 kB
SwapFree:        4677624 kB
Dirty:               420 kB
Writeback:             0 kB
AnonPages:       2905776 kB
Mapped:          1106440 kB
Shmem:             19556 kB
KReclaimable:     525676 kB
Slab:             318760 kB
SReclaimable:      91052 kB
SUnreclaim:       227708 kB
KernelStack:       49632 kB
ShadowCallStack:   12440 kB
PageTables:        75976 kB
NFS_Unstable:          0 kB
Bounce:                0 kB
WritebackTmp:          0 kB
CommitLimit:     8677876 kB
Committed_AS:   76417908 kB
VmallocTotal:   263061440 kB
VmallocUsed:      132868 kB
VmallocChunk:          0 kB
Percpu:             2448 kB
CmaTotal:         405504 kB
CmaFree:               0 kB
MemTotal:        7918588 kB
MemFree:          507592 kB
MemAvailable:    2656240 kB
Buffers:            8348 kB
Cached:          2029348 kB
SwapCached:           68 kB
Active:          2349900 kB
Inactive:        2593392 kB
Active(anon):    2105764 kB
Inactive(anon):   824236 kB
Active(file):     244136 kB
Inactive(file):  1769156 kB
Unevictable:        6408 kB
Mlocked:            5968 kB
SwapTotal:       4718584 kB
SwapFree:        4677624 kB
Dirty:               424 kB
Writeback:             0 kB
AnonPages:       2912008 kB
Mapped:          1106616 kB
Shmem:             19568 kB
KReclaimable:     525580 kB
Slab:             318632 kB
SReclaimable:      91052 kB
SUnreclaim:       227580 kB
KernelStack:       49632 kB
ShadowCallStack:   12432 kB
PageTables:        75928 kB
NFS_Unstable:          0 kB
Bounce:                0 kB
WritebackTmp:          0 kB
CommitLimit:     8677876 kB
Committed_AS:   76434308 kB
VmallocTotal:   263061440 kB
VmallocUsed:      132852 kB
VmallocChunk:          0 kB
Percpu:             2448 kB
CmaTotal:         405504 kB
CmaFree:               0 kB
MemTotal:        7918588 kB
MemFree:          457928 kB
MemAvailable:    2605816 kB
Buffers:            8348 kB
Cached:          2029360 kB
SwapCached:           68 kB
Active:          2401248 kB
Inactive:        2593392 kB
Active(anon):    2157112 kB
Inactive(anon):   824236 kB
Active(file):     244136 kB
Inactive(file):  1769156 kB
Unevictable:        6408 kB
Mlocked:            5968 kB
SwapTotal:       4718584 kB
SwapFree:        4677624 kB
Dirty:               424 kB
Writeback:             0 kB
AnonPages:       2963420 kB
Mapped:          1107056 kB
Shmem:             19580 kB
KReclaimable:     524820 kB
Slab:             318652 kB
SReclaimable:      91052 kB
SUnreclaim:       227600 kB
KernelStack:       49584 kB
ShadowCallStack:   12428 kB
PageTables:        76236 kB
NFS_Unstable:          0 kB
Bounce:                0 kB
WritebackTmp:          0 kB
CommitLimit:     8677876 kB
Committed_AS:   76566364 kB
VmallocTotal:   263061440 kB
VmallocUsed:      132848 kB
VmallocChunk:          0 kB
Percpu:             2448 kB
CmaTotal:         405504 kB
CmaFree:               0 kB
MemTotal:        7918588 kB
MemFree:          457764 kB
MemAvailable:    2605652 kB
Buffers:            8348 kB
Cached:          2029360 kB
SwapCached:           68 kB
Active:          2399740 kB
Inactive:        2592500 kB
Active(anon):    2155604 kB
Inactive(anon):   823344 kB
Active(file):     244136 kB
Inactive(file):  1769156 kB
Unevictable:        6408 kB
Mlocked:            5968 kB
SwapTotal:       4718584 kB
SwapFree:        4677624 kB
Dirty:               432 kB
Writeback:             0 kB
AnonPages:       2960980 kB
Mapped:          1107056 kB
Shmem:             19580 kB
KReclaimable:     524820 kB
Slab:             318636 kB
SReclaimable:      91052 kB
SUnreclaim:       227584 kB
KernelStack:       49584 kB
ShadowCallStack:   12420 kB
PageTables:        76044 kB
NFS_Unstable:          0 kB
Bounce:                0 kB
WritebackTmp:          0 kB
CommitLimit:     8677876 kB
Committed_AS:   76566360 kB
VmallocTotal:   263061440 kB
VmallocUsed:      132844 kB
VmallocChunk:          0 kB
Percpu:             2448 kB
CmaTotal:         405504 kB
CmaFree:               8 kB
MemTotal:        7918588 kB
MemFree:          438024 kB
MemAvailable:    2585512 kB
Buffers:            8348 kB
Cached:          2029360 kB
SwapCached:           68 kB
Active:          2421368 kB
Inactive:        2592460 kB
Active(anon):    2177232 kB
Inactive(anon):   823304 kB
Active(file):     244136 kB
Inactive(file):  1769156 kB
Unevictable:        6408 kB
Mlocked:            5968 kB
SwapTotal:       4718584 kB
SwapFree:        4677624 kB
Dirty:               432 kB
Writeback:             0 kB
AnonPages:       2982624 kB
Mapped:          1107196 kB
Shmem:             19580 kB
KReclaimable:     524420 kB
Slab:             318812 kB
SReclaimable:      91052 kB
SUnreclaim:       227760 kB
KernelStack:       49600 kB
ShadowCallStack:   12420 kB
PageTables:        76260 kB
NFS_Unstable:          0 kB
Bounce:                0 kB
WritebackTmp:          0 kB
CommitLimit:     8677876 kB
Committed_AS:   76631688 kB
VmallocTotal:   263061440 kB
VmallocUsed:      132784 kB
VmallocChunk:          0 kB
Percpu:             2448 kB
CmaTotal:         405504 kB
CmaFree:               0 kB
MemTotal:        7918588 kB
MemFree:          410800 kB
MemAvailable:    2557556 kB
Buffers:            8348 kB
Cached:          2029364 kB
SwapCached:           68 kB
Active:          2456408 kB
Inactive:        2592416 kB
Active(anon):    2212272 kB
Inactive(anon):   823260 kB
Active(file):     244136 kB
Inactive(file):  1769156 kB
Unevictable:        6408 kB
Mlocked:            5968 kB
SwapTotal:       4718584 kB
SwapFree:        4677624 kB
Dirty:               432 kB
Writeback:             0 kB
AnonPages:       3017524 kB
Mapped:          1107564 kB
Shmem:             19584 kB
KReclaimable:     523688 kB
Slab:             318560 kB
SReclaimable:      90856 kB
SUnreclaim:       227704 kB
KernelStack:       49504 kB
ShadowCallStack:   12420 kB
PageTables:        76356 kB
NFS_Unstable:          0 kB
Bounce:                0 kB
WritebackTmp:          0 kB
CommitLimit:     8677876 kB
Committed_AS:   76697228 kB
VmallocTotal:   263061440 kB
VmallocUsed:      132752 kB
VmallocChunk:          0 kB
Percpu:             2448 kB
CmaTotal:         405504 kB
CmaFree:               0 kB
MemTotal:        7918588 kB
MemFree:          410464 kB
MemAvailable:    2557220 kB
Buffers:            8348 kB
Cached:          2029364 kB
SwapCached:           68 kB
Active:          2456968 kB
Inactive:        2592416 kB
Active(anon):    2212832 kB
Inactive(anon):   823260 kB
Active(file):     244136 kB
Inactive(file):  1769156 kB
Unevictable:        6408 kB
Mlocked:            5968 kB
SwapTotal:       4718584 kB
SwapFree:        4677624 kB
Dirty:               432 kB
Writeback:             0 kB
AnonPages:       3018052 kB
Mapped:          1107636 kB
Shmem:             19584 kB
KReclaimable:     523688 kB
Slab:             318576 kB
SReclaimable:      90856 kB
SUnreclaim:       227720 kB
KernelStack:       49552 kB
ShadowCallStack:   12416 kB
PageTables:        76440 kB
NFS_Unstable:          0 kB
Bounce:                0 kB
WritebackTmp:          0 kB
CommitLimit:     8677876 kB
Committed_AS:   76697228 kB
VmallocTotal:   263061440 kB
VmallocUsed:      132768 kB
VmallocChunk:          0 kB
Percpu:             2448 kB
CmaTotal:         405504 kB
CmaFree:               0 kB
MemTotal:        7918588 kB
MemFree:          363204 kB
MemAvailable:    2509192 kB
Buffers:            8356 kB
Cached:          2029364 kB
SwapCached:           68 kB
Active:          2504308 kB
Inactive:        2592424 kB
Active(anon):    2260172 kB
Inactive(anon):   823260 kB
Active(file):     244136 kB
Inactive(file):  1769164 kB
Unevictable:        6408 kB
Mlocked:            5968 kB
SwapTotal:       4718584 kB
SwapFree:        4677624 kB
Dirty:               432 kB
Writeback:             0 kB
AnonPages:       3065396 kB
Mapped:          1108132 kB
Shmem:             19584 kB
KReclaimable:     522912 kB
Slab:             318624 kB
SReclaimable:      90856 kB
SUnreclaim:       227768 kB
KernelStack:       49488 kB
ShadowCallStack:   12388 kB
PageTables:        76588 kB
NFS_Unstable:          0 kB
Bounce:                0 kB
WritebackTmp:          0 kB
CommitLimit:     8677876 kB
Committed_AS:   76811760 kB
VmallocTotal:   263061440 kB
VmallocUsed:      132724 kB
VmallocChunk:          0 kB
Percpu:             2448 kB
CmaTotal:         405504 kB
CmaFree:               0 kB
MemTotal:        7918588 kB
MemFree:          353964 kB
MemAvailable:    2499800 kB
Buffers:            8364 kB
Cached:          2029372 kB
SwapCached:           68 kB
Active:          2513120 kB
Inactive:        2592440 kB
Active(anon):    2268984 kB
Inactive(anon):   823260 kB
Active(file):     244136 kB
Inactive(file):  1769180 kB
Unevictable:        6408 kB
Mlocked:            5968 kB
SwapTotal:       4718584 kB
SwapFree:        4677624 kB
Dirty:               124 kB
Writeback:             0 kB
AnonPages:       3074220 kB
Mapped:          1108228 kB
Shmem:             19584 kB
KReclaimable:     522744 kB
Slab:             318576 kB
SReclaimable:      90856 kB
SUnreclaim:       227720 kB
KernelStack:       49472 kB
ShadowCallStack:   12400 kB
PageTables:        76672 kB
NFS_Unstable:          0 kB
Bounce:                0 kB
WritebackTmp:          0 kB
CommitLimit:     8677876 kB
Committed_AS:   76811708 kB
VmallocTotal:   263061440 kB
VmallocUsed:      132672 kB
VmallocChunk:          0 kB
Percpu:             2448 kB
CmaTotal:         405504 kB
CmaFree:               0 kB
MemTotal:        7918588 kB
MemFree:          350976 kB
MemAvailable:    2496756 kB
Buffers:            8364 kB
Cached:          2029372 kB
SwapCached:           68 kB
Active:          2518500 kB
Inactive:        2592416 kB
Active(anon):    2274364 kB
Inactive(anon):   823236 kB
Active(file):     244136 kB
Inactive(file):  1769180 kB
Unevictable:        6408 kB
Mlocked:            5968 kB
SwapTotal:       4718584 kB
SwapFree:        4677624 kB
Dirty:               124 kB
Writeback:             0 kB
AnonPages:       3079672 kB
Mapped:          1108268 kB
Shmem:             19584 kB
KReclaimable:     522688 kB
Slab:             318520 kB
SReclaimable:      90856 kB
SUnreclaim:       227664 kB
KernelStack:       49344 kB
ShadowCallStack:   12360 kB
PageTables:        76688 kB
NFS_Unstable:          0 kB
Bounce:                0 kB
WritebackTmp:          0 kB
CommitLimit:     8677876 kB
Committed_AS:   76844008 kB
VmallocTotal:   263061440 kB
VmallocUsed:      132504 kB
VmallocChunk:          0 kB
Percpu:             2448 kB
CmaTotal:         405504 kB
CmaFree:               0 kB
MemTotal:        7918588 kB
MemFree:          298276 kB
MemAvailable:    2443360 kB
Buffers:            8364 kB
Cached:          2029372 kB
SwapCached:           68 kB
Active:          2569700 kB
Inactive:        2592416 kB
Active(anon):    2325564 kB
Inactive(anon):   823236 kB
Active(file):     244136 kB
Inactive(file):  1769180 kB
Unevictable:        6408 kB
Mlocked:            5968 kB
SwapTotal:       4718584 kB
SwapFree:        4677624 kB
Dirty:               124 kB
Writeback:             0 kB
AnonPages:       3130588 kB
Mapped:          1108552 kB
Shmem:             19584 kB
KReclaimable:     521992 kB
Slab:             318568 kB
SReclaimable:      90856 kB
SUnreclaim:       227712 kB
KernelStack:       49344 kB
ShadowCallStack:   12352 kB
PageTables:        76792 kB
NFS_Unstable:          0 kB
Bounce:                0 kB
WritebackTmp:          0 kB
CommitLimit:     8677876 kB
Committed_AS:   76958592 kB
VmallocTotal:   263061440 kB
VmallocUsed:      132464 kB
VmallocChunk:          0 kB
Percpu:             2448 kB
CmaTotal:         405504 kB
CmaFree:               0 kB
MemTotal:        7918588 kB
MemFree:          296512 kB
MemAvailable:    2441640 kB
Buffers:            8400 kB
Cached:          2029388 kB
SwapCached:           68 kB
Active:          2570380 kB
Inactive:        2592456 kB
Active(anon):    2326244 kB
Inactive(anon):   823232 kB
Active(file):     244136 kB
Inactive(file):  1769224 kB
Unevictable:        6408 kB
Mlocked:            5968 kB
SwapTotal:       4718584 kB
SwapFree:        4677624 kB
Dirty:               152 kB
Writeback:             0 kB
AnonPages:       3131428 kB
Mapped:          1108572 kB
Shmem:             19592 kB
KReclaimable:     521992 kB
Slab:             318552 kB
SReclaimable:      90856 kB
SUnreclaim:       227696 kB
KernelStack:       49312 kB
ShadowCallStack:   12352 kB
PageTables:        76904 kB
NFS_Unstable:          0 kB
Bounce:                0 kB
WritebackTmp:          0 kB
CommitLimit:     8677876 kB
Committed_AS:   76958600 kB
VmallocTotal:   263061440 kB
VmallocUsed:      132452 kB
VmallocChunk:          0 kB
Percpu:             2448 kB
CmaTotal:         405504 kB
CmaFree:               0 kB
MemTotal:        7918588 kB
MemFree:          271784 kB
MemAvailable:    2416504 kB
Buffers:            8400 kB
Cached:          2029388 kB
SwapCached:           68 kB
Active:          2595928 kB
Inactive:        2592416 kB
Active(anon):    2351792 kB
Inactive(anon):   823192 kB
Active(file):     244136 kB
Inactive(file):  1769224 kB
Unevictable:        6408 kB
Mlocked:            5968 kB
SwapTotal:       4718584 kB
SwapFree:        4677624 kB
Dirty:               152 kB
Writeback:             0 kB
AnonPages:       3156968 kB
Mapped:          1108988 kB
Shmem:             19592 kB
KReclaimable:     521584 kB
Slab:             318536 kB
SReclaimable:      90840 kB
SUnreclaim:       227696 kB
KernelStack:       49296 kB
ShadowCallStack:   12332 kB
PageTables:        76948 kB
NFS_Unstable:          0 kB
Bounce:                0 kB
WritebackTmp:          0 kB
CommitLimit:     8677876 kB
Committed_AS:   77023980 kB
VmallocTotal:   263061440 kB
VmallocUsed:      132408 kB
VmallocChunk:          0 kB
Percpu:             2448 kB
CmaTotal:         405504 kB
CmaFree:               0 kB
MemTotal:        7918588 kB
MemFree:          246872 kB
MemAvailable:    2390968 kB
Buffers:            8400 kB
Cached:          2029344 kB
SwapCached:           68 kB
Active:          2621200 kB
Inactive:        2590280 kB
Active(anon):    2377064 kB
Inactive(anon):   821048 kB
Active(file):     244136 kB
Inactive(file):  1769232 kB
Unevictable:        6408 kB
Mlocked:            5968 kB
SwapTotal:       4718584 kB
SwapFree:        4677624 kB
Dirty:               160 kB
Writeback:             0 kB
AnonPages:       3180200 kB
Mapped:          1109168 kB
Shmem:             19540 kB
KReclaimable:     520952 kB
Slab:             318596 kB
SReclaimable:      90840 kB
SUnreclaim:       227756 kB
KernelStack:       49184 kB
ShadowCallStack:   12320 kB
PageTables:        77152 kB
NFS_Unstable:          0 kB
Bounce:                0 kB
WritebackTmp:          0 kB
CommitLimit:     8677876 kB
Committed_AS:   77072872 kB
VmallocTotal:   263061440 kB
VmallocUsed:      132324 kB
VmallocChunk:          0 kB
Percpu:             2448 kB
CmaTotal:         405504 kB
CmaFree:               0 kB
MemTotal:        7918588 kB
MemFree:          227116 kB
MemAvailable:    2370932 kB
Buffers:            8400 kB
Cached:          2029344 kB
SwapCached:           68 kB
Active:          2643200 kB
Inactive:        2590280 kB
Active(anon):    2399064 kB
Inactive(anon):   821048 kB
Active(file):     244136 kB
Inactive(file):  1769232 kB
Unevictable:        6408 kB
Mlocked:            5968 kB
SwapTotal:       4718584 kB
SwapFree:        4677624 kB
Dirty:               160 kB
Writeback:             0 kB
AnonPages:       3202128 kB
Mapped:          1109368 kB
Shmem:             19540 kB
KReclaimable:     520672 kB
Slab:             318624 kB
SReclaimable:      90840 kB
SUnreclaim:       227784 kB
KernelStack:       49152 kB
ShadowCallStack:   12320 kB
PageTables:        77164 kB
NFS_Unstable:          0 kB
Bounce:                0 kB
WritebackTmp:          0 kB
CommitLimit:     8677876 kB
Committed_AS:   77138304 kB
VmallocTotal:   263061440 kB
VmallocUsed:      132288 kB
VmallocChunk:          0 kB
Percpu:             2448 kB
CmaTotal:         405504 kB
CmaFree:               0 kB
MemTotal:        7918588 kB
MemFree:          214064 kB
MemAvailable:    2333080 kB
Buffers:            8400 kB
Cached:          2010312 kB
SwapCached:           68 kB
Active:          2677736 kB
Inactive:        2571064 kB
Active(anon):    2433416 kB
Inactive(anon):   821048 kB
Active(file):     244320 kB
Inactive(file):  1750016 kB
Unevictable:        6408 kB
Mlocked:            5968 kB
SwapTotal:       4718584 kB
SwapFree:        4677624 kB
Dirty:               164 kB
Writeback:             0 kB
AnonPages:       3236568 kB
Mapped:          1101144 kB
Shmem:             19540 kB
KReclaimable:     514904 kB
Slab:             316508 kB
SReclaimable:      88680 kB
SUnreclaim:       227828 kB
KernelStack:       49168 kB
ShadowCallStack:   12308 kB
PageTables:        77368 kB
NFS_Unstable:          0 kB
Bounce:                0 kB
WritebackTmp:          0 kB
CommitLimit:     8677876 kB
Committed_AS:   77203840 kB
VmallocTotal:   263061440 kB
VmallocUsed:      132268 kB
VmallocChunk:          0 kB
Percpu:             2448 kB
CmaTotal:         405504 kB
CmaFree:               0 kB
MemTotal:        7918588 kB
MemFree:          210708 kB
MemAvailable:    2169064 kB
Buffers:            8408 kB
Cached:          1973548 kB
SwapCached:           68 kB
Active:          2728336 kB
Inactive:        2528008 kB
Active(anon):    2477836 kB
Inactive(anon):   821048 kB
Active(file):     250500 kB
Inactive(file):  1706960 kB
Unevictable:        6408 kB
Mlocked:            5968 kB
SwapTotal:       4718584 kB
SwapFree:        4677624 kB
Dirty:               168 kB
Writeback:             0 kB
AnonPages:       3280780 kB
Mapped:          1078808 kB
Shmem:             19660 kB
KReclaimable:     391120 kB
Slab:             316828 kB
SReclaimable:      88680 kB
SUnreclaim:       228148 kB
KernelStack:       49248 kB
ShadowCallStack:   12336 kB
PageTables:        77496 kB
NFS_Unstable:          0 kB
Bounce:                0 kB
WritebackTmp:          0 kB
CommitLimit:     8677876 kB
Committed_AS:   77220516 kB
VmallocTotal:   263061440 kB
VmallocUsed:      132416 kB
VmallocChunk:          0 kB
Percpu:             2448 kB
CmaTotal:         405504 kB
CmaFree:              24 kB
MemTotal:        7918588 kB
MemFree:          231576 kB
MemAvailable:    2275420 kB
Buffers:            8408 kB
Cached:          1941772 kB
SwapCached:           68 kB
Active:          2742904 kB
Inactive:        2494724 kB
Active(anon):    2490792 kB
Inactive(anon):   821048 kB
Active(file):     252112 kB
Inactive(file):  1673676 kB
Unevictable:        6408 kB
Mlocked:            5968 kB
SwapTotal:       4718584 kB
SwapFree:        4677624 kB
Dirty:               188 kB
Writeback:             0 kB
AnonPages:       3293824 kB
Mapped:          1066672 kB
Shmem:             19548 kB
KReclaimable:     508280 kB
Slab:             316720 kB
SReclaimable:      88680 kB
SUnreclaim:       228040 kB
KernelStack:       49120 kB
ShadowCallStack:   12300 kB
PageTables:        77604 kB
NFS_Unstable:          0 kB
Bounce:                0 kB
WritebackTmp:          0 kB
CommitLimit:     8677876 kB
Committed_AS:   77351200 kB
VmallocTotal:   263061440 kB
VmallocUsed:      132228 kB
VmallocChunk:          0 kB
Percpu:             2448 kB
CmaTotal:         405504 kB
CmaFree:              96 kB
MemTotal:        7918588 kB
MemFree:          231152 kB
MemAvailable:    2275320 kB
Buffers:            8408 kB
Cached:          1942088 kB
SwapCached:           68 kB
Active:          2743268 kB
Inactive:        2494744 kB
Active(anon):    2490856 kB
Inactive(anon):   821044 kB
Active(file):     252412 kB
Inactive(file):  1673700 kB
Unevictable:        6408 kB
Mlocked:            5968 kB
SwapTotal:       4718584 kB
SwapFree:        4677624 kB
Dirty:                28 kB
Writeback:             0 kB
AnonPages:       3293916 kB
Mapped:          1066632 kB
Shmem:             19548 kB
KReclaimable:     508280 kB
Slab:             316716 kB
SReclaimable:      88680 kB
SUnreclaim:       228036 kB
KernelStack:       49152 kB
ShadowCallStack:   12312 kB
PageTables:        77676 kB
NFS_Unstable:          0 kB
Bounce:                0 kB
WritebackTmp:          0 kB
CommitLimit:     8677876 kB
Committed_AS:   77351200 kB
VmallocTotal:   263061440 kB
VmallocUsed:      132280 kB
VmallocChunk:          0 kB
Percpu:             2448 kB
CmaTotal:         405504 kB
CmaFree:              96 kB
MemTotal:        7918588 kB
MemFree:          216104 kB
MemAvailable:    2250604 kB
Buffers:            8408 kB
Cached:          1933488 kB
SwapCached:           68 kB
Active:          2769444 kB
Inactive:        2485532 kB
Active(anon):    2516472 kB
Inactive(anon):   821044 kB
Active(file):     252972 kB
Inactive(file):  1664488 kB
Unevictable:        6408 kB
Mlocked:            5968 kB
SwapTotal:       4718584 kB
SwapFree:        4677624 kB
Dirty:                28 kB
Writeback:             0 kB
AnonPages:       3319468 kB
Mapped:          1062796 kB
Shmem:             19548 kB
KReclaimable:     507264 kB
Slab:             316696 kB
SReclaimable:      88680 kB
SUnreclaim:       228016 kB
KernelStack:       49152 kB
ShadowCallStack:   12312 kB
PageTables:        77504 kB
NFS_Unstable:          0 kB
Bounce:                0 kB
WritebackTmp:          0 kB
CommitLimit:     8677876 kB
Committed_AS:   77433120 kB
VmallocTotal:   263061440 kB
VmallocUsed:      132272 kB
VmallocChunk:          0 kB
Percpu:             2448 kB
CmaTotal:         405504 kB
CmaFree:               0 kB
MemTotal:        7918588 kB
MemFree:          211000 kB
MemAvailable:    2217204 kB
Buffers:            8432 kB
Cached:          1909900 kB
SwapCached:           68 kB
Active:          2801040 kB
Inactive:        2460432 kB
Active(anon):    2546504 kB
Inactive(anon):   821020 kB
Active(file):     254536 kB
Inactive(file):  1639412 kB
Unevictable:        6408 kB
Mlocked:            5968 kB
SwapTotal:       4718584 kB
SwapFree:        4677624 kB
Dirty:                92 kB
Writeback:             0 kB
AnonPages:       3349528 kB
Mapped:          1056208 kB
Shmem:             19548 kB
KReclaimable:     502480 kB
Slab:             316536 kB
SReclaimable:      88472 kB
SUnreclaim:       228064 kB
KernelStack:       49168 kB
ShadowCallStack:   12324 kB
PageTables:        77964 kB
NFS_Unstable:          0 kB
Bounce:                0 kB
WritebackTmp:          0 kB
CommitLimit:     8677876 kB
Committed_AS:   77482272 kB
VmallocTotal:   263061440 kB
VmallocUsed:      132288 kB
VmallocChunk:          0 kB
Percpu:             2448 kB
CmaTotal:         405504 kB
CmaFree:             128 kB
MemTotal:        7918588 kB
MemFree:          210556 kB
MemAvailable:    2216760 kB
Buffers:            8432 kB
Cached:          1909912 kB
SwapCached:           68 kB
Active:          2801332 kB
Inactive:        2460404 kB
Active(anon):    2546796 kB
Inactive(anon):   820992 kB
Active(file):     254536 kB
Inactive(file):  1639412 kB
Unevictable:        6408 kB
Mlocked:            5968 kB
SwapTotal:       4718584 kB
SwapFree:        4677624 kB
Dirty:                92 kB
Writeback:             0 kB
AnonPages:       3349820 kB
Mapped:          1056188 kB
Shmem:             19560 kB
KReclaimable:     502480 kB
Slab:             316592 kB
SReclaimable:      88472 kB
SUnreclaim:       228120 kB
KernelStack:       49136 kB
ShadowCallStack:   12320 kB
PageTables:        77932 kB
NFS_Unstable:          0 kB
Bounce:                0 kB
WritebackTmp:          0 kB
CommitLimit:     8677876 kB
Committed_AS:   77482284 kB
VmallocTotal:   263061440 kB
VmallocUsed:      132312 kB
VmallocChunk:          0 kB
Percpu:             2448 kB
CmaTotal:         405504 kB
CmaFree:               4 kB
MemTotal:        7918588 kB
MemFree:          213244 kB
MemAvailable:    2170244 kB
Buffers:            8440 kB
Cached:          1866980 kB
SwapCached:           68 kB
Active:          2850772 kB
Inactive:        2416476 kB
Active(anon):    2595232 kB
Inactive(anon):   820992 kB
Active(file):     255540 kB
Inactive(file):  1595484 kB
Unevictable:        6408 kB
Mlocked:            5968 kB
SwapTotal:       4718584 kB
SwapFree:        4677624 kB
Dirty:               184 kB
Writeback:             0 kB
AnonPages:       3398276 kB
Mapped:          1043724 kB
Shmem:             19560 kB
KReclaimable:     496200 kB
Slab:             316580 kB
SReclaimable:      88472 kB
SUnreclaim:       228108 kB
KernelStack:       49168 kB
ShadowCallStack:   12316 kB
PageTables:        78180 kB
NFS_Unstable:          0 kB
Bounce:                0 kB
WritebackTmp:          0 kB
CommitLimit:     8677876 kB
Committed_AS:   77613356 kB
VmallocTotal:   263061440 kB
VmallocUsed:      132284 kB
VmallocChunk:          0 kB
Percpu:             2448 kB
CmaTotal:         405504 kB
CmaFree:               0 kB
MemTotal:        7918588 kB
MemFree:          213724 kB
MemAvailable:    2160880 kB
Buffers:            8440 kB
Cached:          1858320 kB
SwapCached:           68 kB
Active:          2858456 kB
Inactive:        2407680 kB
Active(anon):    2602872 kB
Inactive(anon):   820900 kB
Active(file):     255584 kB
Inactive(file):  1586780 kB
Unevictable:        6408 kB
Mlocked:            5968 kB
SwapTotal:       4718584 kB
SwapFree:        4677624 kB
Dirty:               184 kB
Writeback:             0 kB
AnonPages:       3405736 kB
Mapped:          1038692 kB
Shmem:             19560 kB
KReclaimable:     495016 kB
Slab:             316544 kB
SReclaimable:      88472 kB
SUnreclaim:       228072 kB
KernelStack:       49152 kB
ShadowCallStack:   12312 kB
PageTables:        78168 kB
NFS_Unstable:          0 kB
Bounce:                0 kB
WritebackTmp:          0 kB
CommitLimit:     8677876 kB
Committed_AS:   77629688 kB
VmallocTotal:   263061440 kB
VmallocUsed:      132248 kB
VmallocChunk:          0 kB
Percpu:             2448 kB
CmaTotal:         405504 kB
CmaFree:             128 kB
MemTotal:        7918588 kB
MemFree:          213832 kB
MemAvailable:    2156108 kB
Buffers:            8440 kB
Cached:          1853976 kB
SwapCached:           68 kB
Active:          2864168 kB
Inactive:        2403332 kB
Active(anon):    2608584 kB
Inactive(anon):   820900 kB
Active(file):     255584 kB
Inactive(file):  1582432 kB
Unevictable:        6408 kB
Mlocked:            5968 kB
SwapTotal:       4718584 kB
SwapFree:        4677624 kB
Dirty:               200 kB
Writeback:             0 kB
AnonPages:       3411648 kB
Mapped:          1035796 kB
Shmem:             19564 kB
KReclaimable:     494484 kB
Slab:             316616 kB
SReclaimable:      88472 kB
SUnreclaim:       228144 kB
KernelStack:       49184 kB
ShadowCallStack:   12312 kB
PageTables:        78252 kB
NFS_Unstable:          0 kB
Bounce:                0 kB
WritebackTmp:          0 kB
CommitLimit:     8677876 kB
Committed_AS:   77629692 kB
VmallocTotal:   263061440 kB
VmallocUsed:      132272 kB
VmallocChunk:          0 kB
Percpu:             2448 kB
CmaTotal:         405504 kB
CmaFree:               4 kB
MemTotal:        7918588 kB
MemFree:          210920 kB
MemAvailable:    2103468 kB
Buffers:            8448 kB
Cached:          1810708 kB
SwapCached:           68 kB
Active:          2915304 kB
Inactive:        2359280 kB
Active(anon):    2658932 kB
Inactive(anon):   820900 kB
Active(file):     256372 kB
Inactive(file):  1538380 kB
Unevictable:        6408 kB
Mlocked:            5968 kB
SwapTotal:       4718584 kB
SwapFree:        4677624 kB
Dirty:               160 kB
Writeback:             0 kB
AnonPages:       3461816 kB
Mapped:          1022708 kB
Shmem:             19568 kB
KReclaimable:     488020 kB
Slab:             316684 kB
SReclaimable:      88472 kB
SUnreclaim:       228212 kB
KernelStack:       49152 kB
ShadowCallStack:   12312 kB
PageTables:        78452 kB
NFS_Unstable:          0 kB
Bounce:                0 kB
WritebackTmp:          0 kB
CommitLimit:     8677876 kB
Committed_AS:   77744388 kB
VmallocTotal:   263061440 kB
VmallocUsed:      132248 kB
VmallocChunk:          0 kB
Percpu:             2448 kB
CmaTotal:         405504 kB
CmaFree:               0 kB
MemTotal:        7918588 kB
MemFree:          214684 kB
MemAvailable:    2102568 kB
Buffers:            8448 kB
Cached:          1807072 kB
SwapCached:           68 kB
Active:          2916336 kB
Inactive:        2355360 kB
Active(anon):    2659696 kB
Inactive(anon):   820888 kB
Active(file):     256640 kB
Inactive(file):  1534472 kB
Unevictable:        6408 kB
Mlocked:            5968 kB
SwapTotal:       4718584 kB
SwapFree:        4677880 kB
Dirty:               160 kB
Writeback:             0 kB
AnonPages:       3462592 kB
Mapped:          1021148 kB
Shmem:             19572 kB
KReclaimable:     486996 kB
Slab:             316636 kB
SReclaimable:      88472 kB
SUnreclaim:       228164 kB
KernelStack:       49120 kB
ShadowCallStack:   12300 kB
PageTables:        78256 kB
NFS_Unstable:          0 kB
Bounce:                0 kB
WritebackTmp:          0 kB
CommitLimit:     8677876 kB
Committed_AS:   77744392 kB
VmallocTotal:   263061440 kB
VmallocUsed:      132252 kB
VmallocChunk:          0 kB
Percpu:             2448 kB
CmaTotal:         405504 kB
CmaFree:               0 kB
MemTotal:        7918588 kB
MemFree:          211180 kB
MemAvailable:    2074648 kB
Buffers:            8448 kB
Cached:          1785648 kB
SwapCached:           68 kB
Active:          2781528 kB
Inactive:        2496916 kB
Active(anon):    2499968 kB
Inactive(anon):  1008796 kB
Active(file):     281560 kB
Inactive(file):  1488120 kB
Unevictable:        6408 kB
Mlocked:            5968 kB
SwapTotal:       4718584 kB
SwapFree:        4677880 kB
Dirty:               160 kB
Writeback:             0 kB
AnonPages:       3490804 kB
Mapped:          1015744 kB
Shmem:             19580 kB
KReclaimable:     484012 kB
Slab:             316640 kB
SReclaimable:      88472 kB
SUnreclaim:       228168 kB
KernelStack:       49136 kB
ShadowCallStack:   12296 kB
PageTables:        78464 kB
NFS_Unstable:          0 kB
Bounce:                0 kB
WritebackTmp:          0 kB
CommitLimit:     8677876 kB
Committed_AS:   77826316 kB
VmallocTotal:   263061440 kB
VmallocUsed:      132268 kB
VmallocChunk:          0 kB
Percpu:             2448 kB
CmaTotal:         405504 kB
CmaFree:               0 kB
MemTotal:        7918588 kB
MemFree:          215228 kB
MemAvailable:    2044424 kB
Buffers:            8448 kB
Cached:          1756408 kB
SwapCached:           68 kB
Active:          2815244 kB
Inactive:        2462880 kB
Active(anon):    2528888 kB
Inactive(anon):  1008796 kB
Active(file):     286356 kB
Inactive(file):  1454084 kB
Unevictable:        6408 kB
Mlocked:            5968 kB
SwapTotal:       4718584 kB
SwapFree:        4677880 kB
Dirty:               216 kB
Writeback:             0 kB
AnonPages:       3519788 kB
Mapped:          1004364 kB
Shmem:             19580 kB
KReclaimable:     478980 kB
Slab:             316616 kB
SReclaimable:      88472 kB
SUnreclaim:       228144 kB
KernelStack:       49152 kB
ShadowCallStack:   12312 kB
PageTables:        78672 kB
NFS_Unstable:          0 kB
Bounce:                0 kB
WritebackTmp:          0 kB
CommitLimit:     8677876 kB
Committed_AS:   77891852 kB
VmallocTotal:   263061440 kB
VmallocUsed:      132264 kB
VmallocChunk:          0 kB
Percpu:             2448 kB
CmaTotal:         405504 kB
CmaFree:               0 kB
MemTotal:        7918588 kB
MemFree:          215652 kB
MemAvailable:    2044848 kB
Buffers:            8448 kB
Cached:          1756408 kB
SwapCached:           68 kB
Active:          2815552 kB
Inactive:        2462880 kB
Active(anon):    2529196 kB
Inactive(anon):  1008796 kB
Active(file):     286356 kB
Inactive(file):  1454084 kB
Unevictable:        6408 kB
Mlocked:            5968 kB
SwapTotal:       4718584 kB
SwapFree:        4677880 kB
Dirty:               344 kB
Writeback:             0 kB
AnonPages:       3519980 kB
Mapped:          1004512 kB
Shmem:             19580 kB
KReclaimable:     478980 kB
Slab:             316692 kB
SReclaimable:      88472 kB
SUnreclaim:       228220 kB
KernelStack:       49152 kB
ShadowCallStack:   12312 kB
PageTables:        78608 kB
NFS_Unstable:          0 kB
Bounce:                0 kB
WritebackTmp:          0 kB
CommitLimit:     8677876 kB
Committed_AS:   77891852 kB
VmallocTotal:   263061440 kB
VmallocUsed:      132264 kB
VmallocChunk:          0 kB
Percpu:             2448 kB
CmaTotal:         405504 kB
CmaFree:               0 kB
MemTotal:        7918588 kB
MemFree:          211376 kB
MemAvailable:    1996668 kB
Buffers:            8472 kB
Cached:          1719104 kB
SwapCached:           68 kB
Active:          2872788 kB
Inactive:        2417736 kB
Active(anon):    2579108 kB
Inactive(anon):  1008256 kB
Active(file):     293680 kB
Inactive(file):  1409480 kB
Unevictable:        6408 kB
Mlocked:            5968 kB
SwapTotal:       4718584 kB
SwapFree:        4677880 kB
Dirty:                96 kB
Writeback:             0 kB
AnonPages:       3569324 kB
Mapped:           982644 kB
Shmem:             19580 kB
KReclaimable:     472356 kB
Slab:             316720 kB
SReclaimable:      88472 kB
SUnreclaim:       228248 kB
KernelStack:       49184 kB
ShadowCallStack:   12312 kB
PageTables:        79184 kB
NFS_Unstable:          0 kB
Bounce:                0 kB
WritebackTmp:          0 kB
CommitLimit:     8677876 kB
Committed_AS:   78006540 kB
VmallocTotal:   263061440 kB
VmallocUsed:      132260 kB
VmallocChunk:          0 kB
Percpu:             2448 kB
CmaTotal:         405504 kB
CmaFree:               0 kB
MemTotal:        7918588 kB
MemFree:          213448 kB
MemAvailable:    1989620 kB
Buffers:            8472 kB
Cached:          1711568 kB
SwapCached:           68 kB
Active:          2879688 kB
Inactive:        2408540 kB
Active(anon):    2584348 kB
Inactive(anon):  1008256 kB
Active(file):     295340 kB
Inactive(file):  1400284 kB
Unevictable:        6408 kB
Mlocked:            5968 kB
SwapTotal:       4718584 kB
SwapFree:        4677880 kB
Dirty:               112 kB
Writeback:             0 kB
AnonPages:       3574544 kB
Mapped:           978276 kB
Shmem:             19580 kB
KReclaimable:     470772 kB
Slab:             316672 kB
SReclaimable:      88472 kB
SUnreclaim:       228200 kB
KernelStack:       49136 kB
ShadowCallStack:   12304 kB
PageTables:        78988 kB
NFS_Unstable:          0 kB
Bounce:                0 kB
WritebackTmp:          0 kB
CommitLimit:     8677876 kB
Committed_AS:   78006544 kB
VmallocTotal:   263061440 kB
VmallocUsed:      132268 kB
VmallocChunk:          0 kB
Percpu:             2448 kB
CmaTotal:         405504 kB
CmaFree:               0 kB
MemTotal:        7918588 kB
MemFree:          216992 kB
MemAvailable:    1984048 kB
Buffers:            8472 kB
Cached:          1703508 kB
SwapCached:           68 kB
Active:          2886708 kB
Inactive:        2399084 kB
Active(anon):    2589972 kB
Inactive(anon):  1008256 kB
Active(file):     296736 kB
Inactive(file):  1390828 kB
Unevictable:        6408 kB
Mlocked:            5968 kB
SwapTotal:       4718584 kB
SwapFree:        4677880 kB
Dirty:               136 kB
Writeback:             0 kB
AnonPages:       3580208 kB
Mapped:           973044 kB
Shmem:             19580 kB
KReclaimable:     469716 kB
Slab:             316776 kB
SReclaimable:      88472 kB
SUnreclaim:       228304 kB
KernelStack:       49120 kB
ShadowCallStack:   12304 kB
PageTables:        79044 kB
NFS_Unstable:          0 kB
Bounce:                0 kB
WritebackTmp:          0 kB
CommitLimit:     8677876 kB
Committed_AS:   78039312 kB
VmallocTotal:   263061440 kB
VmallocUsed:      132248 kB
VmallocChunk:          0 kB
Percpu:             2448 kB
CmaTotal:         405504 kB
CmaFree:               0 kB
MemTotal:        7918588 kB
MemFree:          214300 kB
MemAvailable:    1933112 kB
Buffers:            8472 kB
Cached:          1662680 kB
SwapCached:           68 kB
Active:          2945248 kB
Inactive:        2349512 kB
Active(anon):    2639856 kB
Inactive(anon):  1008256 kB
Active(file):     305392 kB
Inactive(file):  1341256 kB
Unevictable:        6408 kB
Mlocked:            5968 kB
SwapTotal:       4718584 kB
SwapFree:        4677880 kB
Dirty:               136 kB
Writeback:             0 kB
AnonPages:       3630160 kB
Mapped:           947136 kB
Shmem:             19580 kB
KReclaimable:     462388 kB
Slab:             316668 kB
SReclaimable:      88472 kB
SUnreclaim:       228196 kB
KernelStack:       49120 kB
ShadowCallStack:   12292 kB
PageTables:        78972 kB
NFS_Unstable:          0 kB
Bounce:                0 kB
WritebackTmp:          0 kB
CommitLimit:     8677876 kB
Committed_AS:   78137616 kB
VmallocTotal:   263061440 kB
VmallocUsed:      132244 kB
VmallocChunk:          0 kB
Percpu:             2448 kB
CmaTotal:         405504 kB
CmaFree:               0 kB
MemTotal:        7918588 kB
MemFree:          213796 kB
MemAvailable:    1932524 kB
Buffers:            8472 kB
Cached:          1662544 kB
SwapCached:           68 kB
Active:          2945756 kB
Inactive:        2349356 kB
Active(anon):    2640260 kB
Inactive(anon):  1008252 kB
Active(file):     305496 kB
Inactive(file):  1341104 kB
Unevictable:        6408 kB
Mlocked:            5968 kB
SwapTotal:       4718584 kB
SwapFree:        4677880 kB
Dirty:               136 kB
Writeback:             0 kB
AnonPages:       3630468 kB
Mapped:           946852 kB
Shmem:             19580 kB
KReclaimable:     462352 kB
Slab:             316768 kB
SReclaimable:      88468 kB
SUnreclaim:       228300 kB
KernelStack:       49168 kB
ShadowCallStack:   12308 kB
PageTables:        79192 kB
NFS_Unstable:          0 kB
Bounce:                0 kB
WritebackTmp:          0 kB
CommitLimit:     8677876 kB
Committed_AS:   78137612 kB
VmallocTotal:   263061440 kB
VmallocUsed:      132248 kB
VmallocChunk:          0 kB
Percpu:             2448 kB
CmaTotal:         405504 kB
CmaFree:               0 kB
MemTotal:        7918588 kB
MemFree:          213064 kB
MemAvailable:    1912076 kB
Buffers:            8480 kB
Cached:          1645860 kB
SwapCached:           68 kB
Active:          2970020 kB
Inactive:        2328548 kB
Active(anon):    2660636 kB
Inactive(anon):  1008240 kB
Active(file):     309384 kB
Inactive(file):  1320308 kB
Unevictable:        6408 kB
Mlocked:            5968 kB
SwapTotal:       4718584 kB
SwapFree:        4677880 kB
Dirty:               268 kB
Writeback:             0 kB
AnonPages:       3650876 kB
Mapped:           941884 kB
Shmem:             19592 kB
KReclaimable:     459544 kB
Slab:             316680 kB
SReclaimable:      88468 kB
SUnreclaim:       228212 kB
KernelStack:       49232 kB
ShadowCallStack:   12324 kB
PageTables:        78996 kB
NFS_Unstable:          0 kB
Bounce:                0 kB
WritebackTmp:          0 kB
CommitLimit:     8677876 kB
Committed_AS:   78203164 kB
VmallocTotal:   263061440 kB
VmallocUsed:      132364 kB
VmallocChunk:          0 kB
Percpu:             2448 kB
CmaTotal:         405504 kB
CmaFree:               0 kB
MemTotal:        7918588 kB
MemFree:          210708 kB
MemAvailable:    1878272 kB
Buffers:            8480 kB
Cached:          1618336 kB
SwapCached:           68 kB
Active:          3005108 kB
Inactive:        2298916 kB
Active(anon):    2693412 kB
Inactive(anon):  1008240 kB
Active(file):     311696 kB
Inactive(file):  1290676 kB
Unevictable:        6408 kB
Mlocked:            5968 kB
SwapTotal:       4718584 kB
SwapFree:        4677880 kB
Dirty:               128 kB
Writeback:             0 kB
AnonPages:       3683560 kB
Mapped:           939896 kB
Shmem:             19608 kB
KReclaimable:     455416 kB
Slab:             316780 kB
SReclaimable:      88468 kB
SUnreclaim:       228312 kB
KernelStack:       49200 kB
ShadowCallStack:   12332 kB
PageTables:        79396 kB
NFS_Unstable:          0 kB
Bounce:                0 kB
WritebackTmp:          0 kB
CommitLimit:     8677876 kB
Committed_AS:   78285096 kB
VmallocTotal:   263061440 kB
VmallocUsed:      132364 kB
VmallocChunk:          0 kB
Percpu:             2448 kB
CmaTotal:         405504 kB
CmaFree:               0 kB
MemTotal:        7918588 kB
MemFree:          211800 kB
MemAvailable:    1716564 kB
Buffers:            8480 kB
Cached:          1577984 kB
SwapCached:           68 kB
Active:          3047940 kB
Inactive:        2253948 kB
Active(anon):    2731720 kB
Inactive(anon):  1008228 kB
Active(file):     316220 kB
Inactive(file):  1245720 kB
Unevictable:        6408 kB
Mlocked:            5968 kB
SwapTotal:       4718584 kB
SwapFree:        4677880 kB
Dirty:               136 kB
Writeback:             0 kB
AnonPages:       3721912 kB
Mapped:           936304 kB
Shmem:             19688 kB
KReclaimable:     333048 kB
Slab:             317252 kB
SReclaimable:      88468 kB
SUnreclaim:       228784 kB
KernelStack:       49312 kB
ShadowCallStack:   12360 kB
PageTables:        79440 kB
NFS_Unstable:          0 kB
Bounce:                0 kB
WritebackTmp:          0 kB
CommitLimit:     8677876 kB
Committed_AS:   78285492 kB
VmallocTotal:   263061440 kB
VmallocUsed:      132520 kB
VmallocChunk:          0 kB
Percpu:             2448 kB
CmaTotal:         405504 kB
CmaFree:               0 kB
MemTotal:        7918588 kB
MemFree:          239964 kB
MemAvailable:    1828228 kB
Buffers:            8488 kB
Cached:          1542892 kB
SwapCached:           68 kB
Active:          3060332 kB
Inactive:        2216620 kB
Active(anon):    2741776 kB
Inactive(anon):  1008240 kB
Active(file):     318556 kB
Inactive(file):  1208380 kB
Unevictable:        6408 kB
Mlocked:            5968 kB
SwapTotal:       4718584 kB
SwapFree:        4677880 kB
Dirty:               160 kB
Writeback:             0 kB
AnonPages:       3732192 kB
Mapped:           916408 kB
Shmem:             19608 kB
KReclaimable:     451552 kB
Slab:             317156 kB
SReclaimable:      88468 kB
SUnreclaim:       228688 kB
KernelStack:       49232 kB
ShadowCallStack:   12332 kB
PageTables:        79764 kB
NFS_Unstable:          0 kB
Bounce:                0 kB
WritebackTmp:          0 kB
CommitLimit:     8677876 kB
Committed_AS:   78399784 kB
VmallocTotal:   263061440 kB
VmallocUsed:      132352 kB
VmallocChunk:          0 kB
Percpu:             2448 kB
CmaTotal:         405504 kB
CmaFree:               0 kB
MemTotal:        7918588 kB
MemFree:          217996 kB
MemAvailable:    1818928 kB
Buffers:            8488 kB
Cached:          1555656 kB
SwapCached:           68 kB
Active:          3081780 kB
Inactive:        2216624 kB
Active(anon):    2750556 kB
Inactive(anon):  1008244 kB
Active(file):     331224 kB
Inactive(file):  1208380 kB
Unevictable:        6408 kB
Mlocked:            5968 kB
SwapTotal:       4718584 kB
SwapFree:        4678136 kB
Dirty:               160 kB
Writeback:             0 kB
AnonPages:       3740880 kB
Mapped:           920356 kB
Shmem:             19608 kB
KReclaimable:     451552 kB
Slab:             317280 kB
SReclaimable:      88468 kB
SUnreclaim:       228812 kB
KernelStack:       49216 kB
ShadowCallStack:   12324 kB
PageTables:        79704 kB
NFS_Unstable:          0 kB
Bounce:                0 kB
WritebackTmp:          0 kB
CommitLimit:     8677876 kB
Committed_AS:   78416168 kB
VmallocTotal:   263061440 kB
VmallocUsed:      132368 kB
VmallocChunk:          0 kB
Percpu:             2448 kB
CmaTotal:         405504 kB
CmaFree:               0 kB
MemTotal:        7918588 kB
MemFree:          210940 kB
MemAvailable:    1812100 kB
Buffers:            8512 kB
Cached:          1555764 kB
SwapCached:           68 kB
Active:          3088536 kB
Inactive:        2216644 kB
Active(anon):    2757108 kB
Inactive(anon):  1008240 kB
Active(file):     331428 kB
Inactive(file):  1208404 kB
Unevictable:        6408 kB
Mlocked:            5968 kB
SwapTotal:       4718584 kB
SwapFree:        4678136 kB
Dirty:               220 kB
Writeback:             0 kB
AnonPages:       3747280 kB
Mapped:           920452 kB
Shmem:             19608 kB
KReclaimable:     451552 kB
Slab:             317180 kB
SReclaimable:      88468 kB
SUnreclaim:       228712 kB
KernelStack:       49232 kB
ShadowCallStack:   12332 kB
PageTables:        79780 kB
NFS_Unstable:          0 kB
Bounce:                0 kB
WritebackTmp:          0 kB
CommitLimit:     8677876 kB
Committed_AS:   78432552 kB
VmallocTotal:   263061440 kB
VmallocUsed:      132348 kB
VmallocChunk:          0 kB
Percpu:             2448 kB
CmaTotal:         405504 kB
CmaFree:               0 kB
MemTotal:        7918588 kB
MemFree:          211744 kB
MemAvailable:    1760768 kB
Buffers:            8188 kB
Cached:          1511240 kB
SwapCached:           68 kB
Active:          3147552 kB
Inactive:        2162832 kB
Active(anon):    2807336 kB
Inactive(anon):  1008240 kB
Active(file):     340216 kB
Inactive(file):  1154592 kB
Unevictable:        6408 kB
Mlocked:            5968 kB
SwapTotal:       4718584 kB
SwapFree:        4678136 kB
Dirty:               220 kB
Writeback:             0 kB
AnonPages:       3797396 kB
