MemTotal:        7918588 kB
MemFree:         3295296 kB
MemAvailable:    4762392 kB
Buffers:            4160 kB
Cached:          1267236 kB
SwapCached:         7772 kB
Active:          1171048 kB
Inactive:         795920 kB
Active(anon):     540036 kB
Inactive(anon):   174452 kB
Active(file):     631012 kB
Inactive(file):   621468 kB
Unevictable:        6620 kB
Mlocked:            6180 kB
SwapTotal:       4718584 kB
SwapFree:        3945280 kB
Dirty:            153640 kB
Writeback:             0 kB
AnonPages:        698044 kB
Mapped:           443480 kB
Shmem:             13992 kB
KReclaimable:     604840 kB
Slab:             321716 kB
SReclaimable:      92736 kB
SUnreclaim:       228980 kB
KernelStack:       48144 kB
ShadowCallStack:   12064 kB
PageTables:        64128 kB
NFS_Unstable:          0 kB
Bounce:                0 kB
WritebackTmp:          0 kB
CommitLimit:     8677876 kB
Committed_AS:   64944292 kB
VmallocTotal:   263061440 kB
VmallocUsed:      131196 kB
VmallocChunk:          0 kB
Percpu:             2448 kB
CmaTotal:         405504 kB
CmaFree:          278908 kB
MemTotal:        7918588 kB
MemFree:         3276632 kB
MemAvailable:    4968304 kB
Buffers:            4192 kB
Cached:          1280988 kB
SwapCached:         7896 kB
Active:          1188580 kB
Inactive:         796824 kB
Active(anon):     545128 kB
Inactive(anon):   174460 kB
Active(file):     643452 kB
Inactive(file):   622364 kB
Unevictable:        6620 kB
Mlocked:            6180 kB
SwapTotal:       4718584 kB
SwapFree:        3946048 kB
Dirty:            153632 kB
Writeback:            12 kB
AnonPages:        702360 kB
Mapped:           485572 kB
Shmem:             14476 kB
KReclaimable:     816080 kB
Slab:             321660 kB
SReclaimable:      92736 kB
SUnreclaim:       228924 kB
KernelStack:       48624 kB
ShadowCallStack:   12208 kB
PageTables:        64068 kB
NFS_Unstable:          0 kB
Bounce:                0 kB
WritebackTmp:          0 kB
CommitLimit:     8677876 kB
Committed_AS:   64982124 kB
VmallocTotal:   263061440 kB
VmallocUsed:      131804 kB
VmallocChunk:          0 kB
Percpu:             2448 kB
CmaTotal:         405504 kB
CmaFree:          278908 kB
MemTotal:        7918588 kB
MemFree:         3287404 kB
MemAvailable:    4884540 kB
Buffers:            4208 kB
Cached:          1281272 kB
SwapCached:         7908 kB
Active:          1175848 kB
Inactive:         796880 kB
Active(anon):     531960 kB
Inactive(anon):   174460 kB
Active(file):     643888 kB
Inactive(file):   622420 kB
Unevictable:        6620 kB
Mlocked:            6180 kB
SwapTotal:       4718584 kB
SwapFree:        3946048 kB
Dirty:            153712 kB
Writeback:             0 kB
AnonPages:        689376 kB
Mapped:           495088 kB
Shmem:             14284 kB
KReclaimable:     721052 kB
Slab:             322024 kB
SReclaimable:      92768 kB
SUnreclaim:       229256 kB
KernelStack:       48528 kB
ShadowCallStack:   12164 kB
PageTables:        64616 kB
NFS_Unstable:          0 kB
Bounce:                0 kB
WritebackTmp:          0 kB
CommitLimit:     8677876 kB
Committed_AS:   65005740 kB
VmallocTotal:   263061440 kB
VmallocUsed:      131688 kB
VmallocChunk:          0 kB
Percpu:             2448 kB
CmaTotal:         405504 kB
CmaFree:          278908 kB
MemTotal:        7918588 kB
MemFree:         3284788 kB
MemAvailable:    4881196 kB
Buffers:            4208 kB
Cached:          1281280 kB
SwapCached:         7908 kB
Active:          1178892 kB
Inactive:         796860 kB
Active(anon):     535004 kB
Inactive(anon):   174432 kB
Active(file):     643888 kB
Inactive(file):   622428 kB
Unevictable:        6620 kB
Mlocked:            6180 kB
SwapTotal:       4718584 kB
SwapFree:        3946048 kB
Dirty:            153724 kB
Writeback:             0 kB
AnonPages:        692332 kB
Mapped:           495672 kB
Shmem:             14284 kB
KReclaimable:     720316 kB
Slab:             322088 kB
SReclaimable:      92800 kB
SUnreclaim:       229288 kB
KernelStack:       48528 kB
ShadowCallStack:   12164 kB
PageTables:        64696 kB
NFS_Unstable:          0 kB
Bounce:                0 kB
WritebackTmp:          0 kB
CommitLimit:     8677876 kB
Committed_AS:   65005740 kB
VmallocTotal:   263061440 kB
VmallocUsed:      131712 kB
VmallocChunk:          0 kB
Percpu:             2448 kB
CmaTotal:         405504 kB
CmaFree:          278908 kB
MemTotal:        7918588 kB
MemFree:         3249800 kB
MemAvailable:    4724592 kB
Buffers:            4208 kB
Cached:          1281400 kB
SwapCached:         7908 kB
Active:          1232752 kB
Inactive:         780168 kB
Active(anon):     588864 kB
Inactive(anon):   157732 kB
Active(file):     643888 kB
Inactive(file):   622436 kB
Unevictable:        6620 kB
Mlocked:            6180 kB
SwapTotal:       4718584 kB
SwapFree:        3946816 kB
Dirty:            153736 kB
Writeback:             0 kB
AnonPages:        729268 kB
Mapped:           497024 kB
Shmem:             14396 kB
KReclaimable:     598692 kB
Slab:             322108 kB
SReclaimable:      92800 kB
SUnreclaim:       229308 kB
KernelStack:       48624 kB
ShadowCallStack:   12184 kB
PageTables:        64652 kB
NFS_Unstable:          0 kB
Bounce:                0 kB
WritebackTmp:          0 kB
CommitLimit:     8677876 kB
Committed_AS:   65006140 kB
VmallocTotal:   263061440 kB
VmallocUsed:      131868 kB
VmallocChunk:          0 kB
Percpu:             2448 kB
CmaTotal:         405504 kB
CmaFree:          280648 kB
MemTotal:        7918588 kB
MemFree:         3290188 kB
MemAvailable:    4907336 kB
Buffers:            4208 kB
Cached:          1281904 kB
SwapCached:         7908 kB
Active:          1195760 kB
Inactive:         778784 kB
Active(anon):     551296 kB
Inactive(anon):   156348 kB
Active(file):     644464 kB
Inactive(file):   622436 kB
Unevictable:        6620 kB
Mlocked:            6180 kB
SwapTotal:       4718584 kB
SwapFree:        3950912 kB
Dirty:            153736 kB
Writeback:             0 kB
AnonPages:        690428 kB
Mapped:           498216 kB
Shmem:             14324 kB
KReclaimable:     740472 kB
Slab:             322056 kB
SReclaimable:      92800 kB
SUnreclaim:       229256 kB
KernelStack:       48336 kB
ShadowCallStack:   12124 kB
PageTables:        64504 kB
NFS_Unstable:          0 kB
Bounce:                0 kB
WritebackTmp:          0 kB
CommitLimit:     8677876 kB
Committed_AS:   65005260 kB
VmallocTotal:   263061440 kB
VmallocUsed:      131244 kB
VmallocChunk:          0 kB
Percpu:             2448 kB
CmaTotal:         405504 kB
CmaFree:          280660 kB
MemTotal:        7918588 kB
MemFree:         3269876 kB
MemAvailable:    4886960 kB
Buffers:            4216 kB
Cached:          1281880 kB
SwapCached:         7908 kB
Active:          1216868 kB
Inactive:         778592 kB
Active(anon):     572404 kB
Inactive(anon):   156172 kB
Active(file):     644464 kB
Inactive(file):   622420 kB
Unevictable:        6620 kB
Mlocked:            6180 kB
SwapTotal:       4718584 kB
SwapFree:        3950912 kB
Dirty:             18432 kB
Writeback:           276 kB
AnonPages:        711212 kB
Mapped:           499692 kB
Shmem:             14324 kB
KReclaimable:     740424 kB
Slab:             321952 kB
SReclaimable:      92752 kB
SUnreclaim:       229200 kB
KernelStack:       48368 kB
ShadowCallStack:   12128 kB
PageTables:        64548 kB
NFS_Unstable:          0 kB
Bounce:                0 kB
WritebackTmp:          0 kB
CommitLimit:     8677876 kB
Committed_AS:   65025504 kB
VmallocTotal:   263061440 kB
VmallocUsed:      131248 kB
VmallocChunk:          0 kB
Percpu:             2448 kB
CmaTotal:         405504 kB
CmaFree:          280660 kB
MemTotal:        7918588 kB
MemFree:         3150220 kB
MemAvailable:    4735504 kB
Buffers:            4220 kB
Cached:          1282828 kB
SwapCached:         7908 kB
Active:          1335668 kB
Inactive:         778476 kB
Active(anon):     690268 kB
Inactive(anon):   156040 kB
Active(file):     645400 kB
Inactive(file):   622436 kB
Unevictable:        6620 kB
Mlocked:            6180 kB
SwapTotal:       4718584 kB
SwapFree:        3950912 kB
Dirty:             18208 kB
Writeback:             0 kB
AnonPages:        829116 kB
Mapped:           542736 kB
Shmem:             14324 kB
KReclaimable:     707672 kB
Slab:             322100 kB
SReclaimable:      92768 kB
SUnreclaim:       229332 kB
KernelStack:       48416 kB
ShadowCallStack:   12128 kB
PageTables:        65116 kB
NFS_Unstable:          0 kB
Bounce:                0 kB
WritebackTmp:          0 kB
CommitLimit:     8677876 kB
Committed_AS:   65249896 kB
VmallocTotal:   263061440 kB
VmallocUsed:      131232 kB
VmallocChunk:          0 kB
Percpu:             2448 kB
CmaTotal:         405504 kB
CmaFree:          280660 kB
MemTotal:        7918588 kB
MemFree:         3063716 kB
MemAvailable:    4614260 kB
Buffers:            4240 kB
Cached:          1282888 kB
SwapCached:         7916 kB
Active:          1420856 kB
Inactive:         778548 kB
Active(anon):     775448 kB
Inactive(anon):   156044 kB
Active(file):     645408 kB
Inactive(file):   622504 kB
Unevictable:        6620 kB
Mlocked:            6180 kB
SwapTotal:       4718584 kB
SwapFree:        3950912 kB
Dirty:             18224 kB
Writeback:             0 kB
AnonPages:        914384 kB
Mapped:           582240 kB
Shmem:             14328 kB
KReclaimable:     672856 kB
Slab:             322408 kB
SReclaimable:      92768 kB
SUnreclaim:       229640 kB
KernelStack:       48400 kB
ShadowCallStack:   12132 kB
PageTables:        65388 kB
NFS_Unstable:          0 kB
Bounce:                0 kB
WritebackTmp:          0 kB
CommitLimit:     8677876 kB
Committed_AS:   65387764 kB
VmallocTotal:   263061440 kB
VmallocUsed:      131240 kB
VmallocChunk:          0 kB
Percpu:             2448 kB
CmaTotal:         405504 kB
CmaFree:          280660 kB
MemTotal:        7918588 kB
MemFree:         2975716 kB
MemAvailable:    4481072 kB
Buffers:            4264 kB
Cached:          1286504 kB
SwapCached:         7924 kB
Active:          1508440 kB
Inactive:         778676 kB
Active(anon):     859524 kB
Inactive(anon):   156044 kB
Active(file):     648916 kB
Inactive(file):   622632 kB
Unevictable:        6620 kB
Mlocked:            6180 kB
SwapTotal:       4718584 kB
SwapFree:        3950912 kB
Dirty:             18244 kB
Writeback:             0 kB
AnonPages:        998412 kB
Mapped:           613496 kB
Shmem:             14332 kB
KReclaimable:     624032 kB
Slab:             322596 kB
SReclaimable:      92768 kB
SUnreclaim:       229828 kB
KernelStack:       48432 kB
ShadowCallStack:   12140 kB
PageTables:        65824 kB
NFS_Unstable:          0 kB
Bounce:                0 kB
WritebackTmp:          0 kB
CommitLimit:     8677876 kB
Committed_AS:   65560908 kB
VmallocTotal:   263061440 kB
VmallocUsed:      131296 kB
VmallocChunk:          0 kB
Percpu:             2448 kB
CmaTotal:         405504 kB
CmaFree:          280660 kB
MemTotal:        7918588 kB
MemFree:         2869412 kB
MemAvailable:    4373576 kB
Buffers:            4288 kB
Cached:          1286480 kB
SwapCached:         7924 kB
Active:          1613316 kB
Inactive:         778672 kB
Active(anon):     964400 kB
Inactive(anon):   156040 kB
Active(file):     648916 kB
Inactive(file):   622632 kB
Unevictable:        6620 kB
Mlocked:            6180 kB
SwapTotal:       4718584 kB
SwapFree:        3950912 kB
Dirty:             18248 kB
Writeback:             0 kB
AnonPages:       1103332 kB
Mapped:           615016 kB
Shmem:             14332 kB
KReclaimable:     622840 kB
Slab:             322568 kB
SReclaimable:      92768 kB
SUnreclaim:       229800 kB
KernelStack:       48432 kB
ShadowCallStack:   12132 kB
PageTables:        66256 kB
NFS_Unstable:          0 kB
Bounce:                0 kB
WritebackTmp:          0 kB
CommitLimit:     8677876 kB
Committed_AS:   65839436 kB
VmallocTotal:   263061440 kB
VmallocUsed:      131344 kB
VmallocChunk:          0 kB
Percpu:             2448 kB
CmaTotal:         405504 kB
CmaFree:          280656 kB
MemTotal:        7918588 kB
MemFree:         2781600 kB
MemAvailable:    4284556 kB
Buffers:            4288 kB
Cached:          1286644 kB
SwapCached:         7924 kB
Active:          1706620 kB
Inactive:         773120 kB
Active(anon):    1057576 kB
Inactive(anon):   150464 kB
Active(file):     649044 kB
Inactive(file):   622656 kB
Unevictable:        6620 kB
Mlocked:            6180 kB
SwapTotal:       4718584 kB
SwapFree:        3950912 kB
Dirty:             17172 kB
Writeback:             0 kB
AnonPages:       1190884 kB
Mapped:           616016 kB
Shmem:             14344 kB
KReclaimable:     621480 kB
Slab:             322744 kB
SReclaimable:      92768 kB
SUnreclaim:       229976 kB
KernelStack:       48416 kB
ShadowCallStack:   12144 kB
PageTables:        66824 kB
NFS_Unstable:          0 kB
Bounce:                0 kB
WritebackTmp:          0 kB
CommitLimit:     8677876 kB
Committed_AS:   66052436 kB
VmallocTotal:   263061440 kB
VmallocUsed:      131312 kB
VmallocChunk:          0 kB
Percpu:             2448 kB
CmaTotal:         405504 kB
CmaFree:          280660 kB
MemTotal:        7918588 kB
MemFree:         2678072 kB
MemAvailable:    4171240 kB
Buffers:            4288 kB
Cached:          1286644 kB
SwapCached:         7924 kB
Active:          1810320 kB
Inactive:         773116 kB
Active(anon):    1161276 kB
Inactive(anon):   150460 kB
Active(file):     649044 kB
Inactive(file):   622656 kB
Unevictable:        6620 kB
Mlocked:            6180 kB
SwapTotal:       4718584 kB
SwapFree:        3950912 kB
Dirty:             17188 kB
Writeback:             0 kB
AnonPages:       1294556 kB
Mapped:           616780 kB
Shmem:             14344 kB
KReclaimable:     611692 kB
Slab:             322764 kB
SReclaimable:      92768 kB
SUnreclaim:       229996 kB
KernelStack:       48416 kB
ShadowCallStack:   12136 kB
PageTables:        67244 kB
NFS_Unstable:          0 kB
Bounce:                0 kB
WritebackTmp:          0 kB
CommitLimit:     8677876 kB
Committed_AS:   66298196 kB
VmallocTotal:   263061440 kB
VmallocUsed:      131328 kB
VmallocChunk:          0 kB
Percpu:             2448 kB
CmaTotal:         405504 kB
CmaFree:          280660 kB
MemTotal:        7918588 kB
MemFree:         2588172 kB
MemAvailable:    4080304 kB
Buffers:            4288 kB
Cached:          1286672 kB
SwapCached:         7924 kB
Active:          1899588 kB
Inactive:         773148 kB
Active(anon):    1250544 kB
Inactive(anon):   150464 kB
Active(file):     649044 kB
Inactive(file):   622684 kB
Unevictable:        6620 kB
Mlocked:            6180 kB
SwapTotal:       4718584 kB
SwapFree:        3951168 kB
Dirty:             17280 kB
Writeback:             0 kB
AnonPages:       1383788 kB
Mapped:           617604 kB
Shmem:             14344 kB
KReclaimable:     610628 kB
Slab:             322748 kB
SReclaimable:      92768 kB
SUnreclaim:       229980 kB
KernelStack:       48400 kB
ShadowCallStack:   12136 kB
PageTables:        67648 kB
NFS_Unstable:          0 kB
Bounce:                0 kB
WritebackTmp:          0 kB
CommitLimit:     8677876 kB
Committed_AS:   66527528 kB
VmallocTotal:   263061440 kB
VmallocUsed:      131308 kB
VmallocChunk:          0 kB
Percpu:             2448 kB
CmaTotal:         405504 kB
CmaFree:          280660 kB
MemTotal:        7918588 kB
MemFree:         2482312 kB
MemAvailable:    3972644 kB
Buffers:            4296 kB
Cached:          1286672 kB
SwapCached:         7924 kB
Active:          2004868 kB
Inactive:         772836 kB
Active(anon):    1355824 kB
Inactive(anon):   150152 kB
Active(file):     649044 kB
Inactive(file):   622684 kB
Unevictable:        6620 kB
Mlocked:            6180 kB
SwapTotal:       4718584 kB
SwapFree:        3951168 kB
Dirty:             17396 kB
Writeback:             0 kB
AnonPages:       1488696 kB
Mapped:           618848 kB
Shmem:             14352 kB
KReclaimable:     608828 kB
Slab:             322796 kB
SReclaimable:      92768 kB
SUnreclaim:       230028 kB
KernelStack:       48416 kB
ShadowCallStack:   12124 kB
PageTables:        68368 kB
NFS_Unstable:          0 kB
Bounce:                0 kB
WritebackTmp:          0 kB
CommitLimit:     8677876 kB
Committed_AS:   66806068 kB
VmallocTotal:   263061440 kB
VmallocUsed:      131300 kB
VmallocChunk:          0 kB
Percpu:             2448 kB
CmaTotal:         405504 kB
CmaFree:          280660 kB
MemTotal:        7918588 kB
MemFree:         2388628 kB
MemAvailable:    3878404 kB
Buffers:            4296 kB
Cached:          1287196 kB
SwapCached:         7924 kB
Active:          2097952 kB
Inactive:         772832 kB
Active(anon):    1448392 kB
Inactive(anon):   150140 kB
Active(file):     649560 kB
Inactive(file):   622692 kB
Unevictable:        6620 kB
Mlocked:            6180 kB
SwapTotal:       4718584 kB
SwapFree:        3952448 kB
Dirty:             17396 kB
Writeback:             0 kB
AnonPages:       1581512 kB
Mapped:           619772 kB
Shmem:             14352 kB
KReclaimable:     607748 kB
Slab:             322880 kB
SReclaimable:      92768 kB
SUnreclaim:       230112 kB
KernelStack:       48384 kB
ShadowCallStack:   12128 kB
PageTables:        68680 kB
NFS_Unstable:          0 kB
Bounce:                0 kB
WritebackTmp:          0 kB
CommitLimit:     8677876 kB
Committed_AS:   67035440 kB
VmallocTotal:   263061440 kB
VmallocUsed:      131304 kB
VmallocChunk:          0 kB
Percpu:             2448 kB
CmaTotal:         405504 kB
CmaFree:          280660 kB
MemTotal:        7918588 kB
MemFree:         2300572 kB
MemAvailable:    3789548 kB
Buffers:            4304 kB
Cached:          1287220 kB
SwapCached:         7924 kB
Active:          2185888 kB
Inactive:         772844 kB
Active(anon):    1536312 kB
Inactive(anon):   150136 kB
Active(file):     649576 kB
Inactive(file):   622708 kB
Unevictable:        6620 kB
Mlocked:            6180 kB
SwapTotal:       4718584 kB
SwapFree:        3952448 kB
Dirty:             17472 kB
Writeback:             0 kB
AnonPages:       1669244 kB
Mapped:           620312 kB
Shmem:             14352 kB
KReclaimable:     606916 kB
Slab:             322908 kB
SReclaimable:      92768 kB
SUnreclaim:       230140 kB
KernelStack:       48416 kB
ShadowCallStack:   12140 kB
PageTables:        69160 kB
NFS_Unstable:          0 kB
Bounce:                0 kB
WritebackTmp:          0 kB
CommitLimit:     8677876 kB
Committed_AS:   67248432 kB
VmallocTotal:   263061440 kB
VmallocUsed:      131304 kB
VmallocChunk:          0 kB
Percpu:             2448 kB
CmaTotal:         405504 kB
CmaFree:          280660 kB
MemTotal:        7918588 kB
MemFree:         2196472 kB
MemAvailable:    3683512 kB
Buffers:            4304 kB
Cached:          1287224 kB
SwapCached:         7924 kB
Active:          2288936 kB
Inactive:         772844 kB
Active(anon):    1639360 kB
Inactive(anon):   150136 kB
Active(file):     649576 kB
Inactive(file):   622708 kB
Unevictable:        6620 kB
Mlocked:            6180 kB
SwapTotal:       4718584 kB
SwapFree:        3952448 kB
Dirty:             17472 kB
Writeback:             0 kB
AnonPages:       1772368 kB
Mapped:           621488 kB
Shmem:             14356 kB
KReclaimable:     604980 kB
Slab:             323060 kB
SReclaimable:      92768 kB
SUnreclaim:       230292 kB
KernelStack:       48384 kB
ShadowCallStack:   12128 kB
PageTables:        69640 kB
NFS_Unstable:          0 kB
Bounce:                0 kB
WritebackTmp:          0 kB
CommitLimit:     8677876 kB
Committed_AS:   67494092 kB
VmallocTotal:   263061440 kB
VmallocUsed:      131260 kB
VmallocChunk:          0 kB
Percpu:             2448 kB
CmaTotal:         405504 kB
CmaFree:          280660 kB
MemTotal:        7918588 kB
MemFree:         2109980 kB
MemAvailable:    3595588 kB
Buffers:            4304 kB
Cached:          1287232 kB
SwapCached:         7924 kB
Active:          2374632 kB
Inactive:         772852 kB
Active(anon):    1725056 kB
Inactive(anon):   150136 kB
Active(file):     649576 kB
Inactive(file):   622716 kB
Unevictable:        6620 kB
Mlocked:            6180 kB
SwapTotal:       4718584 kB
SwapFree:        3952448 kB
Dirty:             17480 kB
Writeback:             0 kB
AnonPages:       1857852 kB
Mapped:           622488 kB
Shmem:             14356 kB
KReclaimable:     603540 kB
Slab:             322988 kB
SReclaimable:      92768 kB
SUnreclaim:       230220 kB
KernelStack:       48368 kB
ShadowCallStack:   12120 kB
PageTables:        69936 kB
NFS_Unstable:          0 kB
Bounce:                0 kB
WritebackTmp:          0 kB
CommitLimit:     8677876 kB
Committed_AS:   67707084 kB
VmallocTotal:   263061440 kB
VmallocUsed:      131228 kB
VmallocChunk:          0 kB
Percpu:             2448 kB
CmaTotal:         405504 kB
CmaFree:          280660 kB
MemTotal:        7918588 kB
MemFree:         2026392 kB
MemAvailable:    3510368 kB
Buffers:            4304 kB
Cached:          1287232 kB
SwapCached:         7924 kB
Active:          2457956 kB
Inactive:         772848 kB
Active(anon):    1808380 kB
Inactive(anon):   150132 kB
Active(file):     649576 kB
Inactive(file):   622716 kB
Unevictable:        6620 kB
Mlocked:            6180 kB
SwapTotal:       4718584 kB
SwapFree:        3952448 kB
Dirty:             17536 kB
Writeback:             0 kB
AnonPages:       1941344 kB
Mapped:           623088 kB
Shmem:             14356 kB
KReclaimable:     601908 kB
Slab:             323176 kB
SReclaimable:      92768 kB
SUnreclaim:       230408 kB
KernelStack:       48320 kB
ShadowCallStack:   12104 kB
PageTables:        70428 kB
NFS_Unstable:          0 kB
Bounce:                0 kB
WritebackTmp:          0 kB
CommitLimit:     8677876 kB
Committed_AS:   67920076 kB
VmallocTotal:   263061440 kB
VmallocUsed:      131144 kB
VmallocChunk:          0 kB
Percpu:             2448 kB
CmaTotal:         405504 kB
CmaFree:          280660 kB
MemTotal:        7918588 kB
MemFree:         1934280 kB
MemAvailable:    3356228 kB
Buffers:            4304 kB
Cached:          1287248 kB
SwapCached:         7924 kB
Active:          2549660 kB
Inactive:         772860 kB
Active(anon):    1900084 kB
Inactive(anon):   150140 kB
Active(file):     649576 kB
Inactive(file):   622720 kB
Unevictable:        6620 kB
Mlocked:            6180 kB
SwapTotal:       4718584 kB
SwapFree:        3952704 kB
Dirty:             17564 kB
Writeback:             0 kB
AnonPages:       2033108 kB
Mapped:           624460 kB
Shmem:             14368 kB
KReclaimable:     539876 kB
Slab:             323180 kB
SReclaimable:      92768 kB
SUnreclaim:       230412 kB
KernelStack:       48320 kB
ShadowCallStack:   12104 kB
PageTables:        71288 kB
NFS_Unstable:          0 kB
Bounce:                0 kB
WritebackTmp:          0 kB
CommitLimit:     8677876 kB
Committed_AS:   68133076 kB
VmallocTotal:   263061440 kB
VmallocUsed:      131148 kB
VmallocChunk:          0 kB
Percpu:             2448 kB
CmaTotal:         405504 kB
CmaFree:          280660 kB
MemTotal:        7918588 kB
MemFree:         1874280 kB
MemAvailable:    3295732 kB
Buffers:            4328 kB
Cached:          1287248 kB
SwapCached:         7924 kB
Active:          2609068 kB
Inactive:         772876 kB
Active(anon):    1959492 kB
Inactive(anon):   150132 kB
Active(file):     649576 kB
Inactive(file):   622744 kB
Unevictable:        6620 kB
Mlocked:            6180 kB
SwapTotal:       4718584 kB
SwapFree:        3952704 kB
Dirty:             17564 kB
Writeback:             0 kB
AnonPages:       2092384 kB
Mapped:           624620 kB
Shmem:             14368 kB
KReclaimable:     539356 kB
Slab:             323224 kB
SReclaimable:      92768 kB
SUnreclaim:       230456 kB
KernelStack:       48304 kB
ShadowCallStack:   12104 kB
PageTables:        71544 kB
NFS_Unstable:          0 kB
Bounce:                0 kB
WritebackTmp:          0 kB
CommitLimit:     8677876 kB
Committed_AS:   68280532 kB
VmallocTotal:   263061440 kB
VmallocUsed:      131144 kB
VmallocChunk:          0 kB
Percpu:             2448 kB
CmaTotal:         405504 kB
CmaFree:          280660 kB
MemTotal:        7918588 kB
MemFree:         1819832 kB
MemAvailable:    3242936 kB
Buffers:            4328 kB
Cached:          1289336 kB
SwapCached:         7924 kB
Active:          2663108 kB
Inactive:         772880 kB
Active(anon):    2011480 kB
Inactive(anon):   150136 kB
Active(file):     651628 kB
Inactive(file):   622744 kB
Unevictable:        6620 kB
Mlocked:            6180 kB
SwapTotal:       4718584 kB
SwapFree:        3952704 kB
Dirty:             17564 kB
Writeback:             0 kB
AnonPages:       2144412 kB
Mapped:           625420 kB
Shmem:             14404 kB
KReclaimable:     538956 kB
Slab:             323280 kB
SReclaimable:      92768 kB
SUnreclaim:       230512 kB
KernelStack:       48272 kB
ShadowCallStack:   12100 kB
PageTables:        71800 kB
NFS_Unstable:          0 kB
Bounce:                0 kB
WritebackTmp:          0 kB
CommitLimit:     8677876 kB
Committed_AS:   68411608 kB
VmallocTotal:   263061440 kB
VmallocUsed:      131128 kB
VmallocChunk:          0 kB
Percpu:             2448 kB
CmaTotal:         405504 kB
CmaFree:          280660 kB
MemTotal:        7918588 kB
MemFree:         1742900 kB
MemAvailable:    3164736 kB
Buffers:            4328 kB
Cached:          1289356 kB
SwapCached:         7924 kB
Active:          2739408 kB
Inactive:         772888 kB
Active(anon):    2087780 kB
Inactive(anon):   150124 kB
Active(file):     651628 kB
Inactive(file):   622764 kB
Unevictable:        6620 kB
Mlocked:            6180 kB
SwapTotal:       4718584 kB
SwapFree:        3952704 kB
Dirty:             17572 kB
Writeback:             0 kB
AnonPages:       2220968 kB
Mapped:           626068 kB
Shmem:             14404 kB
KReclaimable:     537668 kB
Slab:             323344 kB
SReclaimable:      92768 kB
SUnreclaim:       230576 kB
KernelStack:       48256 kB
ShadowCallStack:   12096 kB
PageTables:        71988 kB
NFS_Unstable:          0 kB
Bounce:                0 kB
WritebackTmp:          0 kB
CommitLimit:     8677876 kB
Committed_AS:   68575448 kB
VmallocTotal:   263061440 kB
VmallocUsed:      131144 kB
VmallocChunk:          0 kB
Percpu:             2448 kB
CmaTotal:         405504 kB
CmaFree:          280660 kB
MemTotal:        7918588 kB
MemFree:         1665804 kB
MemAvailable:    3087740 kB
Buffers:            4600 kB
Cached:          1289896 kB
SwapCached:         7924 kB
Active:          2816284 kB
Inactive:         773176 kB
Active(anon):    2164128 kB
Inactive(anon):   150136 kB
Active(file):     652156 kB
Inactive(file):   623040 kB
Unevictable:        6620 kB
Mlocked:            6180 kB
SwapTotal:       4718584 kB
SwapFree:        3953472 kB
Dirty:             17580 kB
Writeback:             0 kB
AnonPages:       2297076 kB
Mapped:           626864 kB
Shmem:             14412 kB
KReclaimable:     536964 kB
Slab:             323396 kB
SReclaimable:      92768 kB
SUnreclaim:       230628 kB
KernelStack:       48272 kB
ShadowCallStack:   12100 kB
PageTables:        72496 kB
NFS_Unstable:          0 kB
Bounce:                0 kB
WritebackTmp:          0 kB
CommitLimit:     8677876 kB
Committed_AS:   68755680 kB
VmallocTotal:   263061440 kB
VmallocUsed:      131144 kB
VmallocChunk:          0 kB
Percpu:             2448 kB
CmaTotal:         405504 kB
CmaFree:          280660 kB
MemTotal:        7918588 kB
MemFree:         1562404 kB
MemAvailable:    2862172 kB
Buffers:            4600 kB
Cached:          1289944 kB
SwapCached:         7924 kB
Active:          2918816 kB
Inactive:         773176 kB
Active(anon):    2266660 kB
Inactive(anon):   150136 kB
Active(file):     652156 kB
Inactive(file):   623040 kB
Unevictable:        6620 kB
Mlocked:            6180 kB
SwapTotal:       4718584 kB
SwapFree:        3953472 kB
Dirty:             17580 kB
Writeback:             0 kB
AnonPages:       2399832 kB
Mapped:           628036 kB
Shmem:             14460 kB
KReclaimable:     414796 kB
Slab:             323624 kB
SReclaimable:      92768 kB
SUnreclaim:       230856 kB
KernelStack:       48400 kB
ShadowCallStack:   12136 kB
PageTables:        72912 kB
NFS_Unstable:          0 kB
Bounce:                0 kB
WritebackTmp:          0 kB
CommitLimit:     8677876 kB
Committed_AS:   68903536 kB
VmallocTotal:   263061440 kB
VmallocUsed:      131304 kB
VmallocChunk:          0 kB
Percpu:             2448 kB
CmaTotal:         405504 kB
CmaFree:          280660 kB
MemTotal:        7918588 kB
MemFree:         1521020 kB
MemAvailable:    2941028 kB
Buffers:            4608 kB
Cached:          1289884 kB
SwapCached:         7924 kB
Active:          2959412 kB
Inactive:         773128 kB
Active(anon):    2307256 kB
Inactive(anon):   150084 kB
Active(file):     652156 kB
Inactive(file):   623044 kB
Unevictable:        6620 kB
Mlocked:            6180 kB
SwapTotal:       4718584 kB
SwapFree:        3953472 kB
Dirty:             17580 kB
Writeback:             0 kB
AnonPages:       2440164 kB
Mapped:           628268 kB
Shmem:             14404 kB
KReclaimable:     535032 kB
Slab:             323540 kB
SReclaimable:      92768 kB
SUnreclaim:       230772 kB
KernelStack:       48224 kB
ShadowCallStack:   12092 kB
PageTables:        73084 kB
NFS_Unstable:          0 kB
Bounce:                0 kB
WritebackTmp:          0 kB
CommitLimit:     8677876 kB
Committed_AS:   69068000 kB
VmallocTotal:   263061440 kB
VmallocUsed:      131084 kB
VmallocChunk:          0 kB
Percpu:             2448 kB
CmaTotal:         405504 kB
CmaFree:          280660 kB
MemTotal:        7918588 kB
MemFree:         1459188 kB
MemAvailable:    2878804 kB
Buffers:            4608 kB
Cached:          1289900 kB
SwapCached:         7924 kB
Active:          3021192 kB
Inactive:         773128 kB
Active(anon):    2369036 kB
Inactive(anon):   150080 kB
Active(file):     652156 kB
Inactive(file):   623048 kB
Unevictable:        6620 kB
Mlocked:            6180 kB
SwapTotal:       4718584 kB
SwapFree:        3953472 kB
Dirty:             17584 kB
Writeback:             0 kB
AnonPages:       2501676 kB
Mapped:           628588 kB
Shmem:             14416 kB
KReclaimable:     534636 kB
Slab:             323724 kB
SReclaimable:      92768 kB
SUnreclaim:       230956 kB
KernelStack:       48240 kB
ShadowCallStack:   12088 kB
PageTables:        73276 kB
NFS_Unstable:          0 kB
Bounce:                0 kB
WritebackTmp:          0 kB
CommitLimit:     8677876 kB
Committed_AS:   69231796 kB
VmallocTotal:   263061440 kB
VmallocUsed:      131064 kB
VmallocChunk:          0 kB
Percpu:             2448 kB
CmaTotal:         405504 kB
CmaFree:          280660 kB
MemTotal:        7918588 kB
MemFree:         1397668 kB
MemAvailable:    2816372 kB
Buffers:            4608 kB
Cached:          1289908 kB
SwapCached:         7924 kB
Active:          3082164 kB
Inactive:         773136 kB
Active(anon):    2430008 kB
Inactive(anon):   150080 kB
Active(file):     652156 kB
Inactive(file):   623056 kB
Unevictable:        6620 kB
Mlocked:            6180 kB
SwapTotal:       4718584 kB
SwapFree:        3953472 kB
Dirty:             17592 kB
Writeback:             0 kB
AnonPages:       2563012 kB
Mapped:           628920 kB
Shmem:             14416 kB
KReclaimable:     533716 kB
Slab:             323592 kB
SReclaimable:      92768 kB
SUnreclaim:       230824 kB
KernelStack:       48224 kB
ShadowCallStack:   12084 kB
PageTables:        73744 kB
NFS_Unstable:          0 kB
Bounce:                0 kB
WritebackTmp:          0 kB
CommitLimit:     8677876 kB
Committed_AS:   69362864 kB
VmallocTotal:   263061440 kB
VmallocUsed:      131068 kB
VmallocChunk:          0 kB
Percpu:             2448 kB
CmaTotal:         405504 kB
CmaFree:          280660 kB
MemTotal:        7918588 kB
MemFree:         1331040 kB
MemAvailable:    2749080 kB
Buffers:            4616 kB
Cached:          1289908 kB
SwapCached:         7924 kB
Active:          3149136 kB
Inactive:         773140 kB
Active(anon):    2496980 kB
Inactive(anon):   150076 kB
Active(file):     652156 kB
Inactive(file):   623064 kB
Unevictable:        6620 kB
Mlocked:            6180 kB
SwapTotal:       4718584 kB
SwapFree:        3953472 kB
Dirty:             17588 kB
Writeback:             0 kB
AnonPages:       2629800 kB
Mapped:           629460 kB
Shmem:             14416 kB
KReclaimable:     533044 kB
Slab:             323752 kB
SReclaimable:      92768 kB
SUnreclaim:       230984 kB
KernelStack:       48208 kB
ShadowCallStack:   12084 kB
PageTables:        74136 kB
NFS_Unstable:          0 kB
Bounce:                0 kB
WritebackTmp:          0 kB
CommitLimit:     8677876 kB
Committed_AS:   69510324 kB
VmallocTotal:   263061440 kB
VmallocUsed:      131052 kB
VmallocChunk:          0 kB
Percpu:             2448 kB
CmaTotal:         405504 kB
CmaFree:          280656 kB
MemTotal:        7918588 kB
MemFree:         1267120 kB
MemAvailable:    2684272 kB
Buffers:            4616 kB
Cached:          1289912 kB
SwapCached:         7924 kB
Active:          3212072 kB
Inactive:         773148 kB
Active(anon):    2559916 kB
Inactive(anon):   150084 kB
Active(file):     652156 kB
Inactive(file):   623064 kB
Unevictable:        6620 kB
Mlocked:            6180 kB
SwapTotal:       4718584 kB
SwapFree:        3953472 kB
Dirty:             17588 kB
Writeback:             0 kB
AnonPages:       2692844 kB
Mapped:           629988 kB
Shmem:             14420 kB
KReclaimable:     532156 kB
Slab:             323696 kB
SReclaimable:      92768 kB
SUnreclaim:       230928 kB
KernelStack:       48224 kB
ShadowCallStack:   12088 kB
PageTables:        74244 kB
NFS_Unstable:          0 kB
Bounce:                0 kB
WritebackTmp:          0 kB
CommitLimit:     8677876 kB
Committed_AS:   69641396 kB
VmallocTotal:   263061440 kB
VmallocUsed:      131060 kB
VmallocChunk:          0 kB
Percpu:             2448 kB
CmaTotal:         405504 kB
CmaFree:          280660 kB
MemTotal:        7918588 kB
MemFree:         1210860 kB
MemAvailable:    2627324 kB
Buffers:            4640 kB
Cached:          1289916 kB
SwapCached:         7924 kB
Active:          3268692 kB
Inactive:         773164 kB
Active(anon):    2616536 kB
Inactive(anon):   150076 kB
Active(file):     652156 kB
Inactive(file):   623088 kB
Unevictable:        6620 kB
Mlocked:            6180 kB
SwapTotal:       4718584 kB
SwapFree:        3953472 kB
Dirty:             17588 kB
Writeback:             0 kB
AnonPages:       2749416 kB
Mapped:           630416 kB
Shmem:             14424 kB
KReclaimable:     531444 kB
Slab:             323748 kB
SReclaimable:      92768 kB
SUnreclaim:       230980 kB
KernelStack:       48208 kB
ShadowCallStack:   12088 kB
PageTables:        74440 kB
NFS_Unstable:          0 kB
Bounce:                0 kB
WritebackTmp:          0 kB
CommitLimit:     8677876 kB
Committed_AS:   69772472 kB
VmallocTotal:   263061440 kB
VmallocUsed:      131060 kB
VmallocChunk:          0 kB
Percpu:             2448 kB
CmaTotal:         405504 kB
CmaFree:          244552 kB
MemTotal:        7918588 kB
MemFree:         1139016 kB
MemAvailable:    2554748 kB
Buffers:            4644 kB
Cached:          1289932 kB
SwapCached:         7924 kB
Active:          3340392 kB
Inactive:         773184 kB
Active(anon):    2688236 kB
Inactive(anon):   150084 kB
Active(file):     652156 kB
Inactive(file):   623100 kB
Unevictable:        6620 kB
Mlocked:            6180 kB
SwapTotal:       4718584 kB
SwapFree:        3953472 kB
Dirty:               516 kB
Writeback:             0 kB
AnonPages:       2821132 kB
Mapped:           631004 kB
Shmem:             14432 kB
KReclaimable:     530700 kB
Slab:             323852 kB
SReclaimable:      92768 kB
SUnreclaim:       231084 kB
KernelStack:       48208 kB
ShadowCallStack:   12092 kB
PageTables:        74824 kB
NFS_Unstable:          0 kB
Bounce:                0 kB
WritebackTmp:          0 kB
CommitLimit:     8677876 kB
Committed_AS:   69936320 kB
VmallocTotal:   263061440 kB
VmallocUsed:      131068 kB
VmallocChunk:          0 kB
Percpu:             2448 kB
CmaTotal:         405504 kB
CmaFree:          173696 kB
MemTotal:        7918588 kB
MemFree:         1077972 kB
MemAvailable:    2492924 kB
Buffers:            4644 kB
Cached:          1289956 kB
SwapCached:         7924 kB
Active:          3399960 kB
Inactive:         773204 kB
Active(anon):    2747804 kB
Inactive(anon):   150084 kB
Active(file):     652156 kB
Inactive(file):   623120 kB
Unevictable:        6620 kB
Mlocked:            6180 kB
SwapTotal:       4718584 kB
SwapFree:        3953472 kB
Dirty:               564 kB
Writeback:             0 kB
AnonPages:       2880624 kB
Mapped:           631828 kB
Shmem:             14436 kB
KReclaimable:     529900 kB
Slab:             323764 kB
SReclaimable:      92768 kB
SUnreclaim:       230996 kB
KernelStack:       48192 kB
ShadowCallStack:   12076 kB
PageTables:        75128 kB
NFS_Unstable:          0 kB
Bounce:                0 kB
WritebackTmp:          0 kB
CommitLimit:     8677876 kB
Committed_AS:   70067396 kB
VmallocTotal:   263061440 kB
VmallocUsed:      131068 kB
VmallocChunk:          0 kB
Percpu:             2448 kB
CmaTotal:         405504 kB
CmaFree:          113728 kB
MemTotal:        7918588 kB
MemFree:         1022040 kB
MemAvailable:    2436304 kB
Buffers:            4644 kB
Cached:          1289956 kB
SwapCached:         7924 kB
Active:          3454844 kB
Inactive:         773200 kB
Active(anon):    2802688 kB
Inactive(anon):   150080 kB
Active(file):     652156 kB
Inactive(file):   623120 kB
Unevictable:        6620 kB
Mlocked:            6180 kB
SwapTotal:       4718584 kB
SwapFree:        3953472 kB
Dirty:               564 kB
Writeback:             0 kB
AnonPages:       2935404 kB
Mapped:           631988 kB
Shmem:             14436 kB
KReclaimable:     529212 kB
Slab:             323808 kB
SReclaimable:      92768 kB
SUnreclaim:       231040 kB
KernelStack:       48208 kB
ShadowCallStack:   12096 kB
PageTables:        75284 kB
NFS_Unstable:          0 kB
Bounce:                0 kB
WritebackTmp:          0 kB
CommitLimit:     8677876 kB
Committed_AS:   70214852 kB
VmallocTotal:   263061440 kB
VmallocUsed:      131064 kB
VmallocChunk:          0 kB
Percpu:             2448 kB
CmaTotal:         405504 kB
CmaFree:           59076 kB
MemTotal:        7918588 kB
MemFree:          957428 kB
MemAvailable:    2371100 kB
Buffers:            4644 kB
Cached:          1289956 kB
SwapCached:         7924 kB
Active:          3521240 kB
Inactive:         773200 kB
Active(anon):    2869084 kB
Inactive(anon):   150080 kB
Active(file):     652156 kB
Inactive(file):   623120 kB
Unevictable:        6620 kB
Mlocked:            6180 kB
SwapTotal:       4718584 kB
SwapFree:        3953472 kB
Dirty:               652 kB
Writeback:             0 kB
AnonPages:       3002120 kB
Mapped:           632420 kB
Shmem:             14436 kB
KReclaimable:     528620 kB
Slab:             323892 kB
SReclaimable:      92768 kB
SUnreclaim:       231124 kB
KernelStack:       48208 kB
ShadowCallStack:   12068 kB
PageTables:        75572 kB
NFS_Unstable:          0 kB
Bounce:                0 kB
WritebackTmp:          0 kB
CommitLimit:     8677876 kB
Committed_AS:   70362308 kB
VmallocTotal:   263061440 kB
VmallocUsed:      131052 kB
VmallocChunk:          0 kB
Percpu:             2448 kB
CmaTotal:         405504 kB
CmaFree:               0 kB
MemTotal:        7918588 kB
MemFree:          907288 kB
MemAvailable:    2320192 kB
Buffers:            4652 kB
Cached:          1289956 kB
SwapCached:         7924 kB
Active:          3571564 kB
Inactive:         773208 kB
Active(anon):    2919408 kB
Inactive(anon):   150080 kB
Active(file):     652156 kB
Inactive(file):   623128 kB
Unevictable:        6620 kB
Mlocked:            6180 kB
SwapTotal:       4718584 kB
SwapFree:        3953472 kB
Dirty:               680 kB
Writeback:             0 kB
AnonPages:       3052256 kB
Mapped:           632868 kB
Shmem:             14436 kB
KReclaimable:     527844 kB
Slab:             324024 kB
SReclaimable:      92768 kB
SUnreclaim:       231256 kB
KernelStack:       48224 kB
ShadowCallStack:   12088 kB
PageTables:        75940 kB
NFS_Unstable:          0 kB
Bounce:                0 kB
WritebackTmp:          0 kB
CommitLimit:     8677876 kB
Committed_AS:   70460612 kB
VmallocTotal:   263061440 kB
VmallocUsed:      131088 kB
VmallocChunk:          0 kB
Percpu:             2448 kB
CmaTotal:         405504 kB
CmaFree:               0 kB
MemTotal:        7918588 kB
MemFree:          853184 kB
MemAvailable:    2266708 kB
Buffers:            4652 kB
Cached:          1291300 kB
SwapCached:         7924 kB
Active:          3625820 kB
Inactive:         773212 kB
Active(anon):    2972348 kB
Inactive(anon):   150084 kB
Active(file):     653472 kB
Inactive(file):   623128 kB
Unevictable:        6620 kB
Mlocked:            6180 kB
SwapTotal:       4718584 kB
SwapFree:        3953472 kB
Dirty:               680 kB
Writeback:             0 kB
AnonPages:       3105148 kB
Mapped:           634172 kB
Shmem:             14464 kB
KReclaimable:     527148 kB
Slab:             323956 kB
SReclaimable:      92768 kB
SUnreclaim:       231188 kB
KernelStack:       48224 kB
ShadowCallStack:   12092 kB
PageTables:        76116 kB
NFS_Unstable:          0 kB
Bounce:                0 kB
WritebackTmp:          0 kB
CommitLimit:     8677876 kB
Committed_AS:   70608084 kB
VmallocTotal:   263061440 kB
VmallocUsed:      131088 kB
VmallocChunk:          0 kB
Percpu:             2448 kB
CmaTotal:         405504 kB
CmaFree:               0 kB
MemTotal:        7918588 kB
MemFree:          783836 kB
MemAvailable:    2196672 kB
Buffers:            4652 kB
Cached:          1291308 kB
SwapCached:         7924 kB
Active:          3694272 kB
Inactive:         773220 kB
Active(anon):    3040800 kB
Inactive(anon):   150084 kB
Active(file):     653472 kB
Inactive(file):   623136 kB
Unevictable:        6620 kB
Mlocked:            6180 kB
SwapTotal:       4718584 kB
SwapFree:        3953472 kB
Dirty:               688 kB
Writeback:             0 kB
AnonPages:       3173608 kB
Mapped:           634668 kB
Shmem:             14464 kB
KReclaimable:     526452 kB
Slab:             324016 kB
SReclaimable:      92768 kB
SUnreclaim:       231248 kB
KernelStack:       48224 kB
ShadowCallStack:   12088 kB
PageTables:        76400 kB
NFS_Unstable:          0 kB
Bounce:                0 kB
WritebackTmp:          0 kB
CommitLimit:     8677876 kB
Committed_AS:   70739160 kB
VmallocTotal:   263061440 kB
VmallocUsed:      131084 kB
VmallocChunk:          0 kB
Percpu:             2448 kB
CmaTotal:         405504 kB
CmaFree:               0 kB
MemTotal:        7918588 kB
MemFree:          728640 kB
MemAvailable:    2140724 kB
Buffers:            4652 kB
Cached:          1291308 kB
SwapCached:         7924 kB
Active:          3750076 kB
Inactive:         773180 kB
Active(anon):    3096604 kB
Inactive(anon):   150044 kB
Active(file):     653472 kB
Inactive(file):   623136 kB
Unevictable:        6620 kB
Mlocked:            6180 kB
SwapTotal:       4718584 kB
SwapFree:        3953472 kB
Dirty:               692 kB
Writeback:             0 kB
AnonPages:       3229492 kB
Mapped:           635136 kB
Shmem:             14464 kB
KReclaimable:     525700 kB
Slab:             324048 kB
SReclaimable:      92768 kB
SUnreclaim:       231280 kB
KernelStack:       48224 kB
ShadowCallStack:   12080 kB
PageTables:        76508 kB
NFS_Unstable:          0 kB
Bounce:                0 kB
WritebackTmp:          0 kB
CommitLimit:     8677876 kB
Committed_AS:   70853792 kB
VmallocTotal:   263061440 kB
VmallocUsed:      131068 kB
VmallocChunk:          0 kB
Percpu:             2448 kB
CmaTotal:         405504 kB
CmaFree:               0 kB
MemTotal:        7918588 kB
MemFree:          663616 kB
MemAvailable:    2074964 kB
Buffers:            4652 kB
Cached:          1291312 kB
SwapCached:         7924 kB
Active:          3814104 kB
Inactive:         773184 kB
Active(anon):    3160632 kB
Inactive(anon):   150048 kB
Active(file):     653472 kB
Inactive(file):   623136 kB
Unevictable:        6620 kB
Mlocked:            6180 kB
SwapTotal:       4718584 kB
SwapFree:        3953472 kB
Dirty:               692 kB
Writeback:             0 kB
AnonPages:       3293352 kB
Mapped:           635496 kB
Shmem:             14468 kB
KReclaimable:     524964 kB
Slab:             324048 kB
SReclaimable:      92768 kB
SUnreclaim:       231280 kB
KernelStack:       48208 kB
ShadowCallStack:   12092 kB
PageTables:        76992 kB
NFS_Unstable:          0 kB
Bounce:                0 kB
WritebackTmp:          0 kB
CommitLimit:     8677876 kB
Committed_AS:   71001248 kB
VmallocTotal:   263061440 kB
VmallocUsed:      131048 kB
VmallocChunk:          0 kB
Percpu:             2448 kB
CmaTotal:         405504 kB
CmaFree:               0 kB
MemTotal:        7918588 kB
MemFree:          609168 kB
MemAvailable:    2019860 kB
Buffers:            4676 kB
Cached:          1291328 kB
SwapCached:         7924 kB
Active:          3868544 kB
Inactive:         773212 kB
Active(anon):    3215072 kB
Inactive(anon):   150052 kB
Active(file):     653472 kB
Inactive(file):   623160 kB
Unevictable:        6620 kB
Mlocked:            6180 kB
SwapTotal:       4718584 kB
SwapFree:        3953472 kB
Dirty:               692 kB
Writeback:             0 kB
AnonPages:       3347760 kB
Mapped:           636032 kB
Shmem:             14484 kB
KReclaimable:     524284 kB
Slab:             324080 kB
SReclaimable:      92768 kB
SUnreclaim:       231312 kB
KernelStack:       48192 kB
ShadowCallStack:   12084 kB
PageTables:        77060 kB
NFS_Unstable:          0 kB
Bounce:                0 kB
WritebackTmp:          0 kB
CommitLimit:     8677876 kB
Committed_AS:   71115952 kB
VmallocTotal:   263061440 kB
VmallocUsed:      131068 kB
VmallocChunk:          0 kB
Percpu:             2448 kB
CmaTotal:         405504 kB
CmaFree:               0 kB
MemTotal:        7918588 kB
MemFree:          556224 kB
MemAvailable:    1966236 kB
Buffers:            4676 kB
Cached:          1291344 kB
SwapCached:         7924 kB
Active:          3920696 kB
Inactive:         773216 kB
Active(anon):    3267212 kB
Inactive(anon):   150052 kB
Active(file):     653484 kB
Inactive(file):   623164 kB
Unevictable:        6620 kB
Mlocked:            6180 kB
SwapTotal:       4718584 kB
SwapFree:        3953472 kB
Dirty:               692 kB
Writeback:             0 kB
AnonPages:       3400220 kB
Mapped:           636396 kB
Shmem:             14484 kB
KReclaimable:     523588 kB
Slab:             324116 kB
SReclaimable:      92768 kB
SUnreclaim:       231348 kB
KernelStack:       48176 kB
ShadowCallStack:   12080 kB
PageTables:        77424 kB
NFS_Unstable:          0 kB
Bounce:                0 kB
WritebackTmp:          0 kB
CommitLimit:     8677876 kB
Committed_AS:   71230640 kB
VmallocTotal:   263061440 kB
VmallocUsed:      131048 kB
VmallocChunk:          0 kB
Percpu:             2448 kB
CmaTotal:         405504 kB
CmaFree:               0 kB
MemTotal:        7918588 kB
MemFree:          499760 kB
MemAvailable:    1909348 kB
Buffers:            4676 kB
Cached:          1291352 kB
SwapCached:         7924 kB
Active:          3976480 kB
Inactive:         773224 kB
Active(anon):    3322996 kB
Inactive(anon):   150052 kB
Active(file):     653484 kB
Inactive(file):   623172 kB
Unevictable:        6620 kB
Mlocked:            6180 kB
SwapTotal:       4718584 kB
SwapFree:        3953472 kB
Dirty:               700 kB
Writeback:             0 kB
AnonPages:       3455812 kB
Mapped:           636740 kB
Shmem:             14484 kB
KReclaimable:     523156 kB
Slab:             324272 kB
SReclaimable:      92768 kB
SUnreclaim:       231504 kB
KernelStack:       48224 kB
ShadowCallStack:   12092 kB
PageTables:        77788 kB
NFS_Unstable:          0 kB
Bounce:                0 kB
WritebackTmp:          0 kB
CommitLimit:     8677876 kB
Committed_AS:   71361712 kB
VmallocTotal:   263061440 kB
VmallocUsed:      131068 kB
VmallocChunk:          0 kB
Percpu:             2448 kB
CmaTotal:         405504 kB
CmaFree:               0 kB
MemTotal:        7918588 kB
MemFree:          446808 kB
MemAvailable:    1855524 kB
Buffers:            4684 kB
Cached:          1291352 kB
SwapCached:         7924 kB
Active:          4029604 kB
Inactive:         773232 kB
Active(anon):    3376120 kB
Inactive(anon):   150052 kB
Active(file):     653484 kB
Inactive(file):   623180 kB
Unevictable:        6620 kB
Mlocked:            6180 kB
SwapTotal:       4718584 kB
SwapFree:        3953472 kB
Dirty:               700 kB
Writeback:             0 kB
AnonPages:       3509080 kB
Mapped:           637188 kB
Shmem:             14484 kB
KReclaimable:     522276 kB
Slab:             324236 kB
SReclaimable:      92768 kB
SUnreclaim:       231468 kB
KernelStack:       48176 kB
ShadowCallStack:   12076 kB
PageTables:        77832 kB
NFS_Unstable:          0 kB
Bounce:                0 kB
WritebackTmp:          0 kB
CommitLimit:     8677876 kB
Committed_AS:   71476356 kB
VmallocTotal:   263061440 kB
VmallocUsed:      131028 kB
VmallocChunk:          0 kB
Percpu:             2448 kB
CmaTotal:         405504 kB
CmaFree:               0 kB
MemTotal:        7918588 kB
MemFree:          394156 kB
MemAvailable:    1802176 kB
Buffers:            4684 kB
Cached:          1291352 kB
SwapCached:         7924 kB
Active:          4082856 kB
Inactive:         773228 kB
Active(anon):    3429372 kB
Inactive(anon):   150048 kB
Active(file):     653484 kB
Inactive(file):   623180 kB
Unevictable:        6620 kB
Mlocked:            6180 kB
SwapTotal:       4718584 kB
SwapFree:        3953472 kB
Dirty:               700 kB
Writeback:             0 kB
AnonPages:       3562144 kB
Mapped:           637644 kB
Shmem:             14484 kB
KReclaimable:     521580 kB
Slab:             324392 kB
SReclaimable:      92768 kB
SUnreclaim:       231624 kB
KernelStack:       48192 kB
ShadowCallStack:   12080 kB
PageTables:        78168 kB
NFS_Unstable:          0 kB
Bounce:                0 kB
WritebackTmp:          0 kB
CommitLimit:     8677876 kB
Committed_AS:   71591048 kB
VmallocTotal:   263061440 kB
VmallocUsed:      131012 kB
VmallocChunk:          0 kB
Percpu:             2448 kB
CmaTotal:         405504 kB
CmaFree:               0 kB
MemTotal:        7918588 kB
MemFree:          292024 kB
MemAvailable:    1579672 kB
Buffers:            4692 kB
Cached:          1291356 kB
SwapCached:         7924 kB
Active:          4183880 kB
Inactive:         773224 kB
Active(anon):    3530396 kB
Inactive(anon):   150040 kB
Active(file):     653484 kB
Inactive(file):   623184 kB
Unevictable:        6620 kB
Mlocked:            6180 kB
SwapTotal:       4718584 kB
SwapFree:        3953472 kB
Dirty:               700 kB
Writeback:             0 kB
AnonPages:       3663064 kB
Mapped:           638628 kB
Shmem:             14492 kB
KReclaimable:     401204 kB
Slab:             324384 kB
SReclaimable:      92768 kB
SUnreclaim:       231616 kB
KernelStack:       48240 kB
ShadowCallStack:   12080 kB
PageTables:        78380 kB
NFS_Unstable:          0 kB
Bounce:                0 kB
WritebackTmp:          0 kB
CommitLimit:     8677876 kB
Committed_AS:   71759380 kB
VmallocTotal:   263061440 kB
VmallocUsed:      131152 kB
VmallocChunk:          0 kB
Percpu:             2448 kB
CmaTotal:         405504 kB
CmaFree:               0 kB
MemTotal:        7918588 kB
MemFree:          230904 kB
MemAvailable:    1515756 kB
Buffers:            4692 kB
Cached:          1291508 kB
SwapCached:         7924 kB
Active:          4243460 kB
Inactive:         773240 kB
Active(anon):    3589976 kB
Inactive(anon):   150052 kB
Active(file):     653484 kB
Inactive(file):   623188 kB
Unevictable:        6620 kB
Mlocked:            6180 kB
SwapTotal:       4718584 kB
SwapFree:        3953472 kB
Dirty:                96 kB
Writeback:             0 kB
AnonPages:       3722604 kB
Mapped:           639364 kB
Shmem:             14640 kB
KReclaimable:     398404 kB
Slab:             324652 kB
SReclaimable:      92768 kB
SUnreclaim:       231884 kB
KernelStack:       48304 kB
ShadowCallStack:   12116 kB
PageTables:        78708 kB
NFS_Unstable:          0 kB
Bounce:                0 kB
WritebackTmp:          0 kB
CommitLimit:     8677876 kB
Committed_AS:   71890456 kB
VmallocTotal:   263061440 kB
VmallocUsed:      131184 kB
VmallocChunk:          0 kB
Percpu:             2448 kB
CmaTotal:         405504 kB
CmaFree:               0 kB
MemTotal:        7918588 kB
MemFree:          209748 kB
MemAvailable:    1615728 kB
Buffers:            4692 kB
Cached:          1291372 kB
SwapCached:         7924 kB
Active:          4264140 kB
Inactive:         773236 kB
Active(anon):    3610648 kB
Inactive(anon):   150040 kB
Active(file):     653492 kB
Inactive(file):   623196 kB
Unevictable:        6620 kB
Mlocked:            6180 kB
SwapTotal:       4718584 kB
SwapFree:        3953472 kB
Dirty:               124 kB
Writeback:             0 kB
AnonPages:       3743452 kB
Mapped:           639136 kB
Shmem:             14488 kB
KReclaimable:     519516 kB
Slab:             324612 kB
SReclaimable:      92768 kB
SUnreclaim:       231844 kB
KernelStack:       48144 kB
ShadowCallStack:   12076 kB
PageTables:        78780 kB
NFS_Unstable:          0 kB
Bounce:                0 kB
WritebackTmp:          0 kB
CommitLimit:     8677876 kB
Committed_AS:   72021128 kB
VmallocTotal:   263061440 kB
VmallocUsed:      131020 kB
VmallocChunk:          0 kB
Percpu:             2448 kB
CmaTotal:         405504 kB
CmaFree:               0 kB
MemTotal:        7918588 kB
MemFree:          158388 kB
MemAvailable:    1563760 kB
Buffers:            4692 kB
Cached:          1291376 kB
SwapCached:         7924 kB
Active:          4316044 kB
Inactive:         773244 kB
Active(anon):    3662552 kB
Inactive(anon):   150048 kB
Active(file):     653492 kB
Inactive(file):   623196 kB
Unevictable:        6620 kB
Mlocked:            6180 kB
SwapTotal:       4718584 kB
SwapFree:        3953472 kB
Dirty:               148 kB
Writeback:             0 kB
AnonPages:       3795276 kB
Mapped:           639304 kB
Shmem:             14492 kB
KReclaimable:     518908 kB
Slab:             324628 kB
SReclaimable:      92768 kB
SUnreclaim:       231860 kB
KernelStack:       48160 kB
ShadowCallStack:   12080 kB
PageTables:        79196 kB
NFS_Unstable:          0 kB
Bounce:                0 kB
WritebackTmp:          0 kB
CommitLimit:     8677876 kB
Committed_AS:   72135824 kB
VmallocTotal:   263061440 kB
VmallocUsed:      131028 kB
VmallocChunk:          0 kB
Percpu:             2448 kB
CmaTotal:         405504 kB
CmaFree:               0 kB
MemTotal:        7918588 kB
MemFree:          159856 kB
MemAvailable:    1515604 kB
Buffers:            2740 kB
Cached:          1251424 kB
SwapCached:         7924 kB
Active:          4364688 kB
Inactive:         730168 kB
Active(anon):    3710016 kB
Inactive(anon):   150024 kB
Active(file):     654672 kB
Inactive(file):   580144 kB
Unevictable:        6620 kB
Mlocked:            6180 kB
SwapTotal:       4718584 kB
SwapFree:        3953472 kB
Dirty:               148 kB
Writeback:             0 kB
AnonPages:       3842588 kB
Mapped:           637848 kB
Shmem:             14492 kB
KReclaimable:     511156 kB
Slab:             322360 kB
SReclaimable:      90632 kB
SUnreclaim:       231728 kB
KernelStack:       48112 kB
ShadowCallStack:   12072 kB
PageTables:        79168 kB
NFS_Unstable:          0 kB
Bounce:                0 kB
WritebackTmp:          0 kB
CommitLimit:     8677876 kB
Committed_AS:   72250356 kB
VmallocTotal:   263061440 kB
VmallocUsed:      130948 kB
VmallocChunk:          0 kB
Percpu:             2448 kB
CmaTotal:         405504 kB
CmaFree:               0 kB
MemTotal:        7918588 kB
MemFree:          160396 kB
MemAvailable:    1456460 kB
Buffers:            2764 kB
Cached:          1200192 kB
SwapCached:         7924 kB
Active:          4423460 kB
Inactive:         679008 kB
Active(anon):    3768788 kB
Inactive(anon):   150024 kB
Active(file):     654672 kB
Inactive(file):   528984 kB
Unevictable:        6620 kB
Mlocked:            6180 kB
SwapTotal:       4718584 kB
SwapFree:        3953472 kB
Dirty:               148 kB
Writeback:             0 kB
AnonPages:       3901604 kB
Mapped:           638168 kB
Shmem:             14496 kB
KReclaimable:     502632 kB
Slab:             321688 kB
SReclaimable:      89980 kB
SUnreclaim:       231708 kB
KernelStack:       48144 kB
ShadowCallStack:   12064 kB
PageTables:        79424 kB
NFS_Unstable:          0 kB
Bounce:                0 kB
WritebackTmp:          0 kB
CommitLimit:     8677876 kB
Committed_AS:   72365044 kB
VmallocTotal:   263061440 kB
VmallocUsed:      130952 kB
VmallocChunk:          0 kB
Percpu:             2448 kB
CmaTotal:         405504 kB
CmaFree:               0 kB
MemTotal:        7918588 kB
MemFree:          158520 kB
MemAvailable:    1403836 kB
Buffers:            2764 kB
Cached:          1157252 kB
SwapCached:         7928 kB
Active:          4487948 kB
Inactive:         635924 kB
Active(anon):    3833268 kB
Inactive(anon):   150024 kB
Active(file):     654680 kB
Inactive(file):   485900 kB
Unevictable:        6620 kB
Mlocked:            6180 kB
SwapTotal:       4718584 kB
SwapFree:        3953472 kB
Dirty:               212 kB
Writeback:             0 kB
AnonPages:       3966028 kB
Mapped:           638780 kB
Shmem:             14496 kB
KReclaimable:     494960 kB
Slab:             320464 kB
SReclaimable:      88748 kB
SUnreclaim:       231716 kB
KernelStack:       48112 kB
ShadowCallStack:   12064 kB
PageTables:        79776 kB
NFS_Unstable:          0 kB
Bounce:                0 kB
WritebackTmp:          0 kB
CommitLimit:     8677876 kB
Committed_AS:   72496064 kB
VmallocTotal:   263061440 kB
VmallocUsed:      130948 kB
VmallocChunk:          0 kB
Percpu:             2448 kB
CmaTotal:         405504 kB
CmaFree:             296 kB
MemTotal:        7918588 kB
MemFree:          161896 kB
MemAvailable:    1347032 kB
Buffers:            2684 kB
Cached:          1110152 kB
SwapCached:         7928 kB
Active:          4588392 kB
Inactive:         543208 kB
Active(anon):    3888124 kB
Inactive(anon):   150024 kB
Active(file):     700268 kB
Inactive(file):   393184 kB
Unevictable:        6620 kB
Mlocked:            6180 kB
SwapTotal:       4718584 kB
SwapFree:        3953472 kB
Dirty:               220 kB
Writeback:             0 kB
AnonPages:       4020828 kB
Mapped:           626504 kB
Shmem:             14496 kB
KReclaimable:     481908 kB
Slab:             319940 kB
SReclaimable:      88168 kB
SUnreclaim:       231772 kB
KernelStack:       48096 kB
ShadowCallStack:   12064 kB
PageTables:        80128 kB
NFS_Unstable:          0 kB
Bounce:                0 kB
WritebackTmp:          0 kB
CommitLimit:     8677876 kB
Committed_AS:   72594368 kB
VmallocTotal:   263061440 kB
VmallocUsed:      130948 kB
VmallocChunk:          0 kB
Percpu:             2448 kB
CmaTotal:         405504 kB
CmaFree:               0 kB
MemTotal:        7918588 kB
MemFree:          157060 kB
MemAvailable:    1292884 kB
Buffers:            2684 kB
Cached:          1067680 kB
SwapCached:         7928 kB
Active:          4651944 kB
Inactive:         490476 kB
Active(anon):    3941420 kB
Inactive(anon):   150020 kB
Active(file):     710524 kB
Inactive(file):   340456 kB
Unevictable:        6620 kB
Mlocked:            6180 kB
SwapTotal:       4718584 kB
SwapFree:        3953728 kB
Dirty:               236 kB
Writeback:             0 kB
AnonPages:       4074140 kB
Mapped:           608984 kB
Shmem:             14496 kB
KReclaimable:     475068 kB
Slab:             319488 kB
SReclaimable:      87648 kB
SUnreclaim:       231840 kB
KernelStack:       48128 kB
ShadowCallStack:   12072 kB
PageTables:        80324 kB
NFS_Unstable:          0 kB
Bounce:                0 kB
WritebackTmp:          0 kB
CommitLimit:     8677876 kB
Committed_AS:   72725440 kB
VmallocTotal:   263061440 kB
VmallocUsed:      130952 kB
VmallocChunk:          0 kB
Percpu:             2448 kB
CmaTotal:         405504 kB
CmaFree:             116 kB
MemTotal:        7918588 kB
MemFree:          162060 kB
MemAvailable:    1243032 kB
Buffers:            2632 kB
Cached:          1021592 kB
SwapCached:         7928 kB
Active:          4713700 kB
Inactive:         432172 kB
Active(anon):    3991856 kB
Inactive(anon):   149256 kB
Active(file):     721844 kB
Inactive(file):   282916 kB
Unevictable:        6620 kB
Mlocked:            6180 kB
SwapTotal:       4718584 kB
SwapFree:        3955008 kB
Dirty:               236 kB
Writeback:             0 kB
AnonPages:       4123896 kB
Mapped:           598244 kB
Shmem:             14504 kB
KReclaimable:     466436 kB
Slab:             318856 kB
SReclaimable:      86880 kB
SUnreclaim:       231976 kB
KernelStack:       48112 kB
ShadowCallStack:   12056 kB
PageTables:        80628 kB
NFS_Unstable:          0 kB
Bounce:                0 kB
WritebackTmp:          0 kB
CommitLimit:     8677876 kB
Committed_AS:   72823616 kB
VmallocTotal:   263061440 kB
VmallocUsed:      130908 kB
VmallocChunk:          0 kB
Percpu:             2448 kB
CmaTotal:         405504 kB
CmaFree:             128 kB
MemTotal:        7918588 kB
MemFree:          158564 kB
MemAvailable:    1197288 kB
Buffers:            2632 kB
Cached:           984440 kB
SwapCached:         7928 kB
Active:          4757708 kB
Inactive:         394956 kB
Active(anon):    4035728 kB
Inactive(anon):   149256 kB
Active(file):     721980 kB
Inactive(file):   245700 kB
Unevictable:        6620 kB
Mlocked:            6180 kB
SwapTotal:       4718584 kB
SwapFree:        3955008 kB
Dirty:               236 kB
Writeback:             0 kB
AnonPages:       4167732 kB
Mapped:           598348 kB
Shmem:             14504 kB
KReclaimable:     461268 kB
Slab:             317892 kB
SReclaimable:      85816 kB
SUnreclaim:       232076 kB
KernelStack:       48080 kB
ShadowCallStack:   12052 kB
PageTables:        80768 kB
NFS_Unstable:          0 kB
Bounce:                0 kB
WritebackTmp:          0 kB
CommitLimit:     8677876 kB
Committed_AS:   72938304 kB
VmallocTotal:   263061440 kB
VmallocUsed:      130904 kB
VmallocChunk:          0 kB
Percpu:             2448 kB
CmaTotal:         405504 kB
CmaFree:             128 kB
MemTotal:        7918588 kB
MemFree:          160296 kB
MemAvailable:    1131252 kB
Buffers:            2456 kB
Cached:           926804 kB
SwapCached:         7928 kB
Active:          4834924 kB
Inactive:         325380 kB
Active(anon):    4101176 kB
Inactive(anon):   149260 kB
Active(file):     733748 kB
Inactive(file):   176120 kB
Unevictable:        6620 kB
Mlocked:            6180 kB
SwapTotal:       4718584 kB
SwapFree:        3955008 kB
Dirty:               236 kB
Writeback:             0 kB
AnonPages:       4233036 kB
Mapped:           597328 kB
Shmem:             14504 kB
KReclaimable:     451312 kB
Slab:             316552 kB
SReclaimable:      84660 kB
SUnreclaim:       231892 kB
KernelStack:       48064 kB
ShadowCallStack:   12048 kB
PageTables:        80480 kB
NFS_Unstable:          0 kB
Bounce:                0 kB
WritebackTmp:          0 kB
CommitLimit:     8677876 kB
Committed_AS:   73085712 kB
VmallocTotal:   263061440 kB
VmallocUsed:      130872 kB
VmallocChunk:          0 kB
Percpu:             2448 kB
CmaTotal:         405504 kB
CmaFree:               0 kB
MemTotal:        7918588 kB
MemFree:          157560 kB
MemAvailable:    1082032 kB
Buffers:            2456 kB
Cached:           886980 kB
SwapCached:         7928 kB
Active:          4882356 kB
Inactive:         285544 kB
Active(anon):    4148608 kB
Inactive(anon):   149252 kB
Active(file):     733748 kB
Inactive(file):   136292 kB
Unevictable:        6620 kB
Mlocked:            6180 kB
SwapTotal:       4718584 kB
SwapFree:        3955008 kB
Dirty:               124 kB
Writeback:             0 kB
AnonPages:       4280608 kB
Mapped:           597668 kB
Shmem:             14508 kB
KReclaimable:     444656 kB
Slab:             315492 kB
SReclaimable:      83396 kB
SUnreclaim:       232096 kB
KernelStack:       48080 kB
ShadowCallStack:   12052 kB
PageTables:        81084 kB
NFS_Unstable:          0 kB
Bounce:                0 kB
WritebackTmp:          0 kB
CommitLimit:     8677876 kB
Committed_AS:   73167636 kB
VmallocTotal:   263061440 kB
VmallocUsed:      130852 kB
VmallocChunk:          0 kB
Percpu:             2448 kB
CmaTotal:         405504 kB
CmaFree:               0 kB
MemTotal:        7918588 kB
MemFree:          158020 kB
MemAvailable:    1030984 kB
Buffers:            2464 kB
Cached:           841672 kB
SwapCached:         7928 kB
Active:          4935564 kB
Inactive:         239484 kB
Active(anon):    4201128 kB
Inactive(anon):   149132 kB
Active(file):     734436 kB
Inactive(file):    90352 kB
Unevictable:        6620 kB
Mlocked:            6180 kB
SwapTotal:       4718584 kB
SwapFree:        3955008 kB
Dirty:               124 kB
Writeback:             0 kB
AnonPages:       4332848 kB
Mapped:           598128 kB
Shmem:             14508 kB
KReclaimable:     438400 kB
Slab:             314168 kB
SReclaimable:      82236 kB
SUnreclaim:       231932 kB
KernelStack:       48016 kB
ShadowCallStack:   12044 kB
PageTables:        81240 kB
NFS_Unstable:          0 kB
Bounce:                0 kB
WritebackTmp:          0 kB
CommitLimit:     8677876 kB
Committed_AS:   73298600 kB
VmallocTotal:   263061440 kB
VmallocUsed:      130848 kB
VmallocChunk:          0 kB
Percpu:             2448 kB
CmaTotal:         405504 kB
CmaFree:               0 kB
MemTotal:        7918588 kB
MemFree:          156036 kB
MemAvailable:     978160 kB
Buffers:             448 kB
Cached:           815636 kB
SwapCached:         7920 kB
Active:          5070624 kB
Inactive:         124028 kB
Active(anon):    4332384 kB
Inactive(anon):    65544 kB
Active(file):     738240 kB
Inactive(file):    58484 kB
Unevictable:        6620 kB
Mlocked:            6180 kB
SwapTotal:       4718584 kB
SwapFree:        3940160 kB
Dirty:               136 kB
Writeback:             0 kB
AnonPages:       4381120 kB
Mapped:           594028 kB
Shmem:             14476 kB
KReclaimable:     415624 kB
Slab:             313776 kB
SReclaimable:      81748 kB
SUnreclaim:       232028 kB
KernelStack:       48016 kB
ShadowCallStack:   12048 kB
PageTables:        81464 kB
NFS_Unstable:          0 kB
Bounce:                0 kB
WritebackTmp:          0 kB
CommitLimit:     8677876 kB
Committed_AS:   73429672 kB
VmallocTotal:   263061440 kB
VmallocUsed:      130844 kB
VmallocChunk:          0 kB
Percpu:             2448 kB
CmaTotal:         405504 kB
CmaFree:               0 kB
MemTotal:        7918588 kB
MemFree:          165904 kB
MemAvailable:     951880 kB
Buffers:             444 kB
Cached:           799456 kB
SwapCached:         7900 kB
Active:           459296 kB
Inactive:        4742964 kB
Active(anon):     303396 kB
Inactive(anon):  4118300 kB
Active(file):     155900 kB
Inactive(file):   624664 kB
Unevictable:        6620 kB
Mlocked:            6180 kB
SwapTotal:       4718584 kB
SwapFree:        3924800 kB
Dirty:               204 kB
Writeback:             0 kB
AnonPages:       4404484 kB
Mapped:           586268 kB
Shmem:             14448 kB
KReclaimable:     395636 kB
Slab:             313824 kB
SReclaimable:      81728 kB
SUnreclaim:       232096 kB
KernelStack:       48032 kB
ShadowCallStack:   12044 kB
PageTables:        81764 kB
NFS_Unstable:          0 kB
Bounce:                0 kB
WritebackTmp:          0 kB
CommitLimit:     8677876 kB
Committed_AS:   73495208 kB
VmallocTotal:   263061440 kB
VmallocUsed:      130848 kB
VmallocChunk:          0 kB
Percpu:             2448 kB
CmaTotal:         405504 kB
CmaFree:               0 kB
MemTotal:        7918588 kB
MemFree:          162892 kB
MemAvailable:     886636 kB
Buffers:             436 kB
Cached:           751076 kB
SwapCached:         7880 kB
Active:           561728 kB
Inactive:        4654876 kB
Active(anon):     393112 kB
Inactive(anon):  4091172 kB
Active(file):     168616 kB
Inactive(file):   563704 kB
Unevictable:        6620 kB
Mlocked:            6180 kB
SwapTotal:       4718584 kB
SwapFree:        3924032 kB
Dirty:               204 kB
Writeback:             0 kB
AnonPages:       4467024 kB
Mapped:           562976 kB
Shmem:             14448 kB
KReclaimable:     381648 kB
Slab:             313920 kB
SReclaimable:      81708 kB
SUnreclaim:       232212 kB
KernelStack:       47952 kB
ShadowCallStack:   12040 kB
PageTables:        82056 kB
NFS_Unstable:          0 kB
Bounce:                0 kB
WritebackTmp:          0 kB
CommitLimit:     8677876 kB
Committed_AS:   73626128 kB
VmallocTotal:   263061440 kB
VmallocUsed:      130788 kB
VmallocChunk:          0 kB
Percpu:             2448 kB
CmaTotal:         405504 kB
CmaFree:             120 kB
MemTotal:        7918588 kB
MemFree:          156924 kB
MemAvailable:     823392 kB
Buffers:             436 kB
Cached:           704304 kB
SwapCached:         7880 kB
Active:           628364 kB
Inactive:        4603124 kB
Active(anon):     456408 kB
Inactive(anon):  4089684 kB
Active(file):     171956 kB
Inactive(file):   513440 kB
Unevictable:        6620 kB
Mlocked:            6180 kB
SwapTotal:       4718584 kB
SwapFree:        3924032 kB
Dirty:               148 kB
Writeback:             0 kB
AnonPages:       4528816 kB
Mapped:           542564 kB
Shmem:             14456 kB
KReclaimable:     371296 kB
Slab:             313748 kB
SReclaimable:      81708 kB
SUnreclaim:       232040 kB
KernelStack:       47952 kB
ShadowCallStack:   12020 kB
PageTables:        82312 kB
NFS_Unstable:          0 kB
Bounce:                0 kB
WritebackTmp:          0 kB
CommitLimit:     8677876 kB
Committed_AS:   73773432 kB
VmallocTotal:   263061440 kB
VmallocUsed:      130724 kB
VmallocChunk:          0 kB
Percpu:             2448 kB
CmaTotal:         405504 kB
CmaFree:               0 kB
MemTotal:        7918588 kB
MemFree:          161988 kB
MemAvailable:     788444 kB
Buffers:             392 kB
Cached:           677128 kB
SwapCached:         7880 kB
Active:           672028 kB
Inactive:        4568140 kB
Active(anon):     492476 kB
Inactive(anon):  4089652 kB
Active(file):     179552 kB
Inactive(file):   478488 kB
Unevictable:        6620 kB
Mlocked:            6180 kB
SwapTotal:       4718584 kB
SwapFree:        3924032 kB
Dirty:               152 kB
Writeback:             0 kB
AnonPages:       4564808 kB
Mapped:           530932 kB
Shmem:             14460 kB
KReclaimable:     358640 kB
Slab:             313736 kB
SReclaimable:      81708 kB
SUnreclaim:       232028 kB
KernelStack:       47936 kB
ShadowCallStack:   12016 kB
PageTables:        82284 kB
NFS_Unstable:          0 kB
Bounce:                0 kB
WritebackTmp:          0 kB
CommitLimit:     8677876 kB
Committed_AS:   73855356 kB
VmallocTotal:   263061440 kB
VmallocUsed:      130724 kB
VmallocChunk:          0 kB
Percpu:             2448 kB
CmaTotal:         405504 kB
CmaFree:               0 kB
MemTotal:        7918588 kB
MemFree:          158708 kB
MemAvailable:     716300 kB
Buffers:             384 kB
Cached:           625332 kB
SwapCached:         7880 kB
Active:           746284 kB
Inactive:        4510704 kB
Active(anon):     561176 kB
Inactive(anon):  4089552 kB
Active(file):     185108 kB
Inactive(file):   421152 kB
Unevictable:        6620 kB
Mlocked:            6180 kB
SwapTotal:       4718584 kB
SwapFree:        3924032 kB
Dirty:                84 kB
Writeback:             0 kB
AnonPages:       4633528 kB
Mapped:           512832 kB
Shmem:             14460 kB
KReclaimable:     341556 kB
Slab:             313824 kB
SReclaimable:      81712 kB
SUnreclaim:       232112 kB
KernelStack:       47936 kB
ShadowCallStack:   12024 kB
PageTables:        82704 kB
NFS_Unstable:          0 kB
Bounce:                0 kB
WritebackTmp:          0 kB
CommitLimit:     8677876 kB
Committed_AS:   73969940 kB
VmallocTotal:   263061440 kB
VmallocUsed:      130688 kB
VmallocChunk:          0 kB
Percpu:             2448 kB
CmaTotal:         405504 kB
CmaFree:              20 kB
MemTotal:        7918588 kB
MemFree:          164172 kB
MemAvailable:     654592 kB
Buffers:             380 kB
Cached:           573860 kB
SwapCached:         7880 kB
Active:           811396 kB
Inactive:        4456304 kB
Active(anon):     624044 kB
Inactive(anon):  4088764 kB
Active(file):     187352 kB
Inactive(file):   367540 kB
Unevictable:        6620 kB
Mlocked:            6180 kB
SwapTotal:       4718584 kB
SwapFree:        3924032 kB
Dirty:                84 kB
Writeback:             0 kB
AnonPages:       4695504 kB
Mapped:           503484 kB
Shmem:             14460 kB
KReclaimable:     325752 kB
Slab:             313976 kB
SReclaimable:      81708 kB
SUnreclaim:       232268 kB
KernelStack:       47904 kB
ShadowCallStack:   12004 kB
PageTables:        83204 kB
NFS_Unstable:          0 kB
Bounce:                0 kB
WritebackTmp:          0 kB
CommitLimit:     8677876 kB
Committed_AS:   74133676 kB
VmallocTotal:   263061440 kB
VmallocUsed:      130632 kB
VmallocChunk:          0 kB
Percpu:             2448 kB
CmaTotal:         405504 kB
CmaFree:               0 kB
MemTotal:        7918588 kB
MemFree:          160612 kB
MemAvailable:     622564 kB
Buffers:             380 kB
Cached:           551812 kB
SwapCached:         7880 kB
Active:           846904 kB
Inactive:        4430164 kB
Active(anon):     657296 kB
Inactive(anon):  4086868 kB
Active(file):     189608 kB
Inactive(file):   343296 kB
Unevictable:        6620 kB
Mlocked:            6180 kB
SwapTotal:       4718584 kB
SwapFree:        3924032 kB
Dirty:                84 kB
Writeback:             0 kB
AnonPages:       4726780 kB
Mapped:           501208 kB
Shmem:             14460 kB
KReclaimable:     319272 kB
Slab:             314020 kB
SReclaimable:      81708 kB
SUnreclaim:       232312 kB
KernelStack:       47936 kB
ShadowCallStack:   12008 kB
PageTables:        83312 kB
NFS_Unstable:          0 kB
Bounce:                0 kB
WritebackTmp:          0 kB
CommitLimit:     8677876 kB
Committed_AS:   74199212 kB
VmallocTotal:   263061440 kB
VmallocUsed:      130668 kB
VmallocChunk:          0 kB
Percpu:             2448 kB
CmaTotal:         405504 kB
CmaFree:               0 kB
MemTotal:        7918588 kB
MemFree:          159320 kB
MemAvailable:     416032 kB
Buffers:             380 kB
Cached:           432576 kB
SwapCached:         7880 kB
Active:           949732 kB
Inactive:        4300652 kB
Active(anon):     750204 kB
Inactive(anon):  4086680 kB
Active(file):     199528 kB
Inactive(file):   213972 kB
Unevictable:        6620 kB
Mlocked:            6180 kB
SwapTotal:       4718584 kB
SwapFree:        3924032 kB
Dirty:               144 kB
Writeback:             0 kB
AnonPages:       4819504 kB
Mapped:           504624 kB
Shmem:             14568 kB
KReclaimable:     224352 kB
Slab:             313932 kB
SReclaimable:      81708 kB
SUnreclaim:       232224 kB
KernelStack:       47968 kB
ShadowCallStack:   12036 kB
PageTables:        83552 kB
NFS_Unstable:          0 kB
Bounce:                0 kB
WritebackTmp:          0 kB
CommitLimit:     8677876 kB
Committed_AS:   74314716 kB
VmallocTotal:   263061440 kB
VmallocUsed:      130792 kB
VmallocChunk:          0 kB
Percpu:             2448 kB
CmaTotal:         405504 kB
CmaFree:               0 kB
MemTotal:        7918588 kB
MemFree:          177872 kB
MemAvailable:     501208 kB
Buffers:             540 kB
Cached:           390996 kB
SwapCached:         7880 kB
Active:           977452 kB
Inactive:        4258568 kB
Active(anon):     777476 kB
Inactive(anon):  4086520 kB
Active(file):     199976 kB
Inactive(file):   172048 kB
Unevictable:        6620 kB
Mlocked:            6180 kB
SwapTotal:       4718584 kB
SwapFree:        3924032 kB
Dirty:               144 kB
Writeback:             0 kB
AnonPages:       4846704 kB
Mapped:           497692 kB
Shmem:             14624 kB
KReclaimable:     341536 kB
Slab:             314004 kB
SReclaimable:      81708 kB
SUnreclaim:       232296 kB
KernelStack:       47888 kB
ShadowCallStack:   12004 kB
PageTables:        83788 kB
NFS_Unstable:          0 kB
Bounce:                0 kB
WritebackTmp:          0 kB
CommitLimit:     8677876 kB
Committed_AS:   74461776 kB
VmallocTotal:   263061440 kB
VmallocUsed:      130628 kB
VmallocChunk:          0 kB
Percpu:             2448 kB
CmaTotal:         405504 kB
CmaFree:               0 kB
MemTotal:        7918588 kB
MemFree:          161144 kB
MemAvailable:     450884 kB
Buffers:             540 kB
Cached:           360456 kB
SwapCached:         7880 kB
Active:          1027060 kB
Inactive:        4227764 kB
Active(anon):     826672 kB
Inactive(anon):  4086516 kB
Active(file):     200388 kB
Inactive(file):   141248 kB
Unevictable:        6620 kB
Mlocked:            6180 kB
SwapTotal:       4718584 kB
SwapFree:        3924032 kB
Dirty:               144 kB
Writeback:             0 kB
AnonPages:       4895972 kB
Mapped:           494064 kB
Shmem:             14472 kB
KReclaimable:     338328 kB
Slab:             313928 kB
SReclaimable:      81708 kB
SUnreclaim:       232220 kB
KernelStack:       47856 kB
ShadowCallStack:   11996 kB
PageTables:        83860 kB
NFS_Unstable:          0 kB
Bounce:                0 kB
WritebackTmp:          0 kB
CommitLimit:     8677876 kB
Committed_AS:   74560088 kB
VmallocTotal:   263061440 kB
VmallocUsed:      130628 kB
VmallocChunk:          0 kB
Percpu:             2448 kB
CmaTotal:         405504 kB
CmaFree:               0 kB
MemTotal:        7918588 kB
MemFree:          159680 kB
MemAvailable:     401836 kB
Buffers:             540 kB
Cached:           317544 kB
SwapCached:         7880 kB
Active:          1086040 kB
Inactive:        4173356 kB
Active(anon):     874180 kB
Inactive(anon):  4086512 kB
Active(file):     211860 kB
Inactive(file):    86844 kB
Unevictable:        6620 kB
Mlocked:            6180 kB
SwapTotal:       4718584 kB
SwapFree:        3924032 kB
Dirty:               144 kB
Writeback:             0 kB
AnonPages:       4943376 kB
Mapped:           468732 kB
Shmem:             14476 kB
KReclaimable:     333676 kB
Slab:             313336 kB
SReclaimable:      81080 kB
SUnreclaim:       232256 kB
KernelStack:       47856 kB
ShadowCallStack:   11988 kB
PageTables:        83824 kB
NFS_Unstable:          0 kB
Bounce:                0 kB
WritebackTmp:          0 kB
CommitLimit:     8677876 kB
Committed_AS:   74691168 kB
VmallocTotal:   263061440 kB
VmallocUsed:      130632 kB
VmallocChunk:          0 kB
Percpu:             2448 kB
CmaTotal:         405504 kB
CmaFree:               4 kB
MemTotal:        7918588 kB
MemFree:          158928 kB
MemAvailable:     340032 kB
Buffers:             532 kB
Cached:           264660 kB
SwapCached:         7880 kB
Active:          1171152 kB
Inactive:        4098420 kB
Active(anon):     941348 kB
Inactive(anon):  4082456 kB
Active(file):     229804 kB
Inactive(file):    15964 kB
Unevictable:        6620 kB
Mlocked:            6180 kB
SwapTotal:       4718584 kB
SwapFree:        3931968 kB
Dirty:               168 kB
Writeback:             0 kB
AnonPages:       5006496 kB
Mapped:           415544 kB
Shmem:             14536 kB
KReclaimable:     325560 kB
Slab:             310708 kB
SReclaimable:      78308 kB
SUnreclaim:       232400 kB
KernelStack:       47856 kB
ShadowCallStack:   11996 kB
PageTables:        84304 kB
NFS_Unstable:          0 kB
Bounce:                0 kB
WritebackTmp:          0 kB
CommitLimit:     8677876 kB
Committed_AS:   74822240 kB
VmallocTotal:   263061440 kB
VmallocUsed:      130624 kB
VmallocChunk:          0 kB
Percpu:             2448 kB
CmaTotal:         405504 kB
CmaFree:              24 kB
MemTotal:        7918588 kB
MemFree:          143168 kB
MemAvailable:     325116 kB
Buffers:             408 kB
Cached:           272908 kB
SwapCached:         2924 kB
Active:          1321564 kB
Inactive:        3963604 kB
Active(anon):    1067588 kB
Inactive(anon):  3963560 kB
Active(file):     253976 kB
Inactive(file):       44 kB
Unevictable:        6624 kB
Mlocked:            6184 kB
SwapTotal:       4718584 kB
SwapFree:        3899712 kB
Dirty:               132 kB
Writeback:             8 kB
AnonPages:       5018608 kB
Mapped:           411068 kB
Shmem:             14096 kB
KReclaimable:     318152 kB
Slab:             310660 kB
SReclaimable:      78308 kB
SUnreclaim:       232352 kB
KernelStack:       47248 kB
ShadowCallStack:   11900 kB
PageTables:        83152 kB
NFS_Unstable:          0 kB
Bounce:                0 kB
WritebackTmp:          0 kB
CommitLimit:     8677876 kB
Committed_AS:   72265076 kB
VmallocTotal:   263061440 kB
VmallocUsed:      129856 kB
VmallocChunk:          0 kB
Percpu:             2448 kB
CmaTotal:         405504 kB
CmaFree:               4 kB
MemTotal:        7918588 kB
MemFree:          172960 kB
MemAvailable:     405944 kB
Buffers:             416 kB
Cached:           296256 kB
SwapCached:         2360 kB
Active:          1704564 kB
Inactive:        3591156 kB
Active(anon):    1425928 kB
Inactive(anon):  3591156 kB
Active(file):     278636 kB
Inactive(file):        0 kB
Unevictable:        6624 kB
Mlocked:            6184 kB
SwapTotal:       4718584 kB
SwapFree:        3894592 kB
Dirty:               180 kB
Writeback:             0 kB
AnonPages:       5005468 kB
Mapped:           413492 kB
Shmem:             13144 kB
KReclaimable:     352764 kB
Slab:             310244 kB
SReclaimable:      78308 kB
SUnreclaim:       231936 kB
KernelStack:       46000 kB
ShadowCallStack:   11536 kB
PageTables:        80080 kB
NFS_Unstable:          0 kB
Bounce:                0 kB
WritebackTmp:          0 kB
CommitLimit:     8677876 kB
Committed_AS:   68280572 kB
VmallocTotal:   263061440 kB
VmallocUsed:      128244 kB
VmallocChunk:          0 kB
Percpu:             2448 kB
CmaTotal:         405504 kB
CmaFree:               4 kB
MemTotal:        7918588 kB
MemFree:          155528 kB
MemAvailable:     358040 kB
Buffers:             416 kB
Cached:           297456 kB
SwapCached:         2344 kB
Active:          1903364 kB
Inactive:        3447728 kB
Active(anon):    1623592 kB
Inactive(anon):  3447728 kB
Active(file):     279772 kB
Inactive(file):        0 kB
Unevictable:        6624 kB
Mlocked:            6184 kB
SwapTotal:       4718584 kB
SwapFree:        3894848 kB
Dirty:               248 kB
Writeback:             0 kB
AnonPages:       5059772 kB
Mapped:           413964 kB
Shmem:             13208 kB
KReclaimable:     312964 kB
Slab:             310240 kB
SReclaimable:      78308 kB
SUnreclaim:       231932 kB
KernelStack:       46016 kB
ShadowCallStack:   11536 kB
PageTables:        80460 kB
NFS_Unstable:          0 kB
Bounce:                0 kB
WritebackTmp:          0 kB
CommitLimit:     8677876 kB
Committed_AS:   68411664 kB
VmallocTotal:   263061440 kB
VmallocUsed:      128264 kB
VmallocChunk:          0 kB
Percpu:             2448 kB
CmaTotal:         405504 kB
CmaFree:               0 kB
MemTotal:        7918588 kB
MemFree:          156748 kB
MemAvailable:     284668 kB
Buffers:             416 kB
Cached:           297460 kB
SwapCached:         2344 kB
Active:          2364316 kB
Inactive:        3053932 kB
Active(anon):    2084540 kB
Inactive(anon):  3053932 kB
Active(file):     279776 kB
Inactive(file):        0 kB
Unevictable:        6624 kB
Mlocked:            6184 kB
SwapTotal:       4718584 kB
SwapFree:        3893056 kB
Dirty:               252 kB
Writeback:             0 kB
AnonPages:       5126740 kB
Mapped:           414512 kB
Shmem:             13212 kB
KReclaimable:     242404 kB
Slab:             310264 kB
SReclaimable:      78308 kB
SUnreclaim:       231956 kB
KernelStack:       46000 kB
ShadowCallStack:   11536 kB
PageTables:        80600 kB
NFS_Unstable:          0 kB
Bounce:                0 kB
WritebackTmp:          0 kB
CommitLimit:     8677876 kB
Committed_AS:   68542736 kB
VmallocTotal:   263061440 kB
VmallocUsed:      128252 kB
VmallocChunk:          0 kB
Percpu:             2448 kB
CmaTotal:         405504 kB
CmaFree:               0 kB
MemTotal:        7918588 kB
MemFree:          160712 kB
MemAvailable:     271820 kB
Buffers:             424 kB
Cached:           297496 kB
SwapCached:         2344 kB
Active:          2810732 kB
Inactive:        2648104 kB
Active(anon):    2530948 kB
Inactive(anon):  2648104 kB
Active(file):     279784 kB
Inactive(file):        0 kB
Unevictable:        6624 kB
Mlocked:            6184 kB
SwapTotal:       4718584 kB
SwapFree:        3892544 kB
Dirty:               304 kB
Writeback:             0 kB
AnonPages:       5167488 kB
Mapped:           414832 kB
Shmem:             13244 kB
KReclaimable:     200572 kB
Slab:             310248 kB
SReclaimable:      78308 kB
SUnreclaim:       231940 kB
KernelStack:       46048 kB
ShadowCallStack:   11540 kB
PageTables:        81172 kB
NFS_Unstable:          0 kB
Bounce:                0 kB
WritebackTmp:          0 kB
CommitLimit:     8677876 kB
Committed_AS:   68624656 kB
VmallocTotal:   263061440 kB
VmallocUsed:      128248 kB
VmallocChunk:          0 kB
Percpu:             2448 kB
CmaTotal:         405504 kB
CmaFree:               0 kB
MemTotal:        7918588 kB
MemFree:          198928 kB
MemAvailable:     289128 kB
Buffers:             424 kB
Cached:           299688 kB
SwapCached:         2344 kB
Active:          4131232 kB
Inactive:        1334664 kB
Active(anon):    3906580 kB
Inactive(anon):  1277332 kB
Active(file):     224652 kB
Inactive(file):    57332 kB
Unevictable:        6624 kB
Mlocked:            6184 kB
SwapTotal:       4718584 kB
SwapFree:        3840576 kB
Dirty:               156 kB
Writeback:             0 kB
AnonPages:       5172464 kB
Mapped:           415660 kB
Shmem:             13236 kB
KReclaimable:     154356 kB
Slab:             310152 kB
SReclaimable:      78308 kB
SUnreclaim:       231844 kB
KernelStack:       46000 kB
ShadowCallStack:   11544 kB
PageTables:        81096 kB
NFS_Unstable:          0 kB
Bounce:                0 kB
WritebackTmp:          0 kB
CommitLimit:     8677876 kB
Committed_AS:   68739348 kB
VmallocTotal:   263061440 kB
VmallocUsed:      128252 kB
VmallocChunk:          0 kB
Percpu:             2448 kB
CmaTotal:         405504 kB
CmaFree:               0 kB
MemTotal:        7918588 kB
MemFree:          159972 kB
MemAvailable:     246044 kB
Buffers:             432 kB
Cached:           313004 kB
SwapCached:         2024 kB
Active:          4463208 kB
Inactive:        1030864 kB
Active(anon):    4224420 kB
Inactive(anon):   973500 kB
Active(file):     238788 kB
Inactive(file):    57364 kB
Unevictable:        6624 kB
Mlocked:            6184 kB
SwapTotal:       4718584 kB
SwapFree:        3792448 kB
Dirty:               128 kB
Writeback:             4 kB
AnonPages:       5187184 kB
Mapped:           420132 kB
Shmem:             12372 kB
KReclaimable:     150532 kB
Slab:             310256 kB
SReclaimable:      78308 kB
SUnreclaim:       231948 kB
KernelStack:       46000 kB
ShadowCallStack:   11540 kB
PageTables:        81196 kB
NFS_Unstable:          0 kB
Bounce:                0 kB
WritebackTmp:          0 kB
CommitLimit:     8677876 kB
Committed_AS:   68837688 kB
VmallocTotal:   263061440 kB
VmallocUsed:      128292 kB
VmallocChunk:          0 kB
Percpu:             2448 kB
CmaTotal:         405504 kB
CmaFree:               0 kB
MemTotal:        7918588 kB
MemFree:          163572 kB
MemAvailable:     226304 kB
Buffers:             428 kB
Cached:           274392 kB
SwapCached:         1976 kB
Active:          2645408 kB
Inactive:        2845696 kB
Active(anon):    2547316 kB
Inactive(anon):  2686148 kB
Active(file):      98092 kB
Inactive(file):   159548 kB
Unevictable:        6624 kB
Mlocked:            6184 kB
SwapTotal:       4718584 kB
SwapFree:        3782720 kB
Dirty:               208 kB
Writeback:             0 kB
AnonPages:       5222868 kB
Mapped:           378388 kB
Shmem:             12288 kB
KReclaimable:     148112 kB
Slab:             310224 kB
SReclaimable:      78304 kB
SUnreclaim:       231920 kB
KernelStack:       46032 kB
ShadowCallStack:   11544 kB
PageTables:        81464 kB
NFS_Unstable:          0 kB
Bounce:                0 kB
WritebackTmp:          0 kB
CommitLimit:     8677876 kB
Committed_AS:   68935992 kB
VmallocTotal:   263061440 kB
VmallocUsed:      128304 kB
VmallocChunk:          0 kB
Percpu:             2448 kB
CmaTotal:         405504 kB
CmaFree:               0 kB
MemTotal:        7918588 kB
MemFree:          143924 kB
MemAvailable:     213096 kB
Buffers:             428 kB
Cached:           280164 kB
SwapCached:         1552 kB
Active:          2756692 kB
Inactive:        2742608 kB
Active(anon):    2648856 kB
Inactive(anon):  2586044 kB
Active(file):     107836 kB
Inactive(file):   156564 kB
Unevictable:        6628 kB
Mlocked:            6188 kB
SwapTotal:       4718584 kB
SwapFree:        3730752 kB
Dirty:               208 kB
Writeback:             0 kB
AnonPages:       5225492 kB
Mapped:           377836 kB
Shmem:             11296 kB
KReclaimable:     147472 kB
Slab:             310252 kB
SReclaimable:      78304 kB
SUnreclaim:       231948 kB
KernelStack:       46016 kB
ShadowCallStack:   11536 kB
PageTables:        81716 kB
NFS_Unstable:          0 kB
Bounce:                0 kB
WritebackTmp:          0 kB
CommitLimit:     8677876 kB
Committed_AS:   69050680 kB
VmallocTotal:   263061440 kB
VmallocUsed:      128288 kB
VmallocChunk:          0 kB
Percpu:             2448 kB
CmaTotal:         405504 kB
CmaFree:              20 kB
MemTotal:        7918588 kB
MemFree:          159096 kB
MemAvailable:     230080 kB
Buffers:             452 kB
Cached:           282008 kB
SwapCached:         1508 kB
Active:          2819084 kB
Inactive:        2663244 kB
Active(anon):    2709164 kB
Inactive(anon):  2506680 kB
Active(file):     109920 kB
Inactive(file):   156564 kB
Unevictable:        6628 kB
Mlocked:            6188 kB
SwapTotal:       4718584 kB
SwapFree:        3656256 kB
Dirty:               256 kB
Writeback:             0 kB
AnonPages:       5206504 kB
Mapped:           378036 kB
Shmem:             11080 kB
KReclaimable:     146928 kB
Slab:             310268 kB
SReclaimable:      78304 kB
SUnreclaim:       231964 kB
KernelStack:       46016 kB
ShadowCallStack:   11544 kB
PageTables:        81864 kB
NFS_Unstable:          0 kB
Bounce:                0 kB
WritebackTmp:          0 kB
CommitLimit:     8677876 kB
Committed_AS:   69148984 kB
VmallocTotal:   263061440 kB
VmallocUsed:      128280 kB
VmallocChunk:          0 kB
Percpu:             2448 kB
CmaTotal:         405504 kB
CmaFree:               0 kB
MemTotal:        7918588 kB
MemFree:          159368 kB
MemAvailable:     209620 kB
Buffers:             432 kB
Cached:           261160 kB
SwapCached:         1540 kB
Active:          2887916 kB
Inactive:        2597980 kB
Active(anon):    2751684 kB
Inactive(anon):  2488332 kB
Active(file):     136232 kB
Inactive(file):   109648 kB
Unevictable:        6628 kB
Mlocked:            6188 kB
SwapTotal:       4718584 kB
SwapFree:        3643712 kB
Dirty:               284 kB
Writeback:             0 kB
AnonPages:       5230636 kB
Mapped:           349380 kB
Shmem:             11072 kB
KReclaimable:     146668 kB
Slab:             310208 kB
SReclaimable:      78300 kB
SUnreclaim:       231908 kB
KernelStack:       46048 kB
ShadowCallStack:   11524 kB
PageTables:        82260 kB
NFS_Unstable:          0 kB
Bounce:                0 kB
WritebackTmp:          0 kB
CommitLimit:     8677876 kB
Committed_AS:   69198136 kB
VmallocTotal:   263061440 kB
VmallocUsed:      128292 kB
VmallocChunk:          0 kB
Percpu:             2448 kB
CmaTotal:         405504 kB
CmaFree:             308 kB
MemTotal:        7918588 kB
MemFree:          137468 kB
MemAvailable:     197104 kB
Buffers:             436 kB
Cached:           283044 kB
SwapCached:         1364 kB
Active:          3629588 kB
Inactive:        1860420 kB
Active(anon):    3471388 kB
Inactive(anon):  1750720 kB
Active(file):     158200 kB
Inactive(file):   109700 kB
Unevictable:        6628 kB
Mlocked:            6188 kB
SwapTotal:       4718584 kB
SwapFree:        3564096 kB
Dirty:               284 kB
Writeback:             4 kB
AnonPages:       5213552 kB
Mapped:           352620 kB
Shmem:             10684 kB
KReclaimable:     145976 kB
Slab:             310420 kB
SReclaimable:      78296 kB
SUnreclaim:       232124 kB
KernelStack:       46032 kB
ShadowCallStack:   11548 kB
PageTables:        82192 kB
NFS_Unstable:          0 kB
Bounce:                0 kB
WritebackTmp:          0 kB
CommitLimit:     8677876 kB
Committed_AS:   69329212 kB
VmallocTotal:   263061440 kB
VmallocUsed:      128316 kB
VmallocChunk:          0 kB
Percpu:             2448 kB
CmaTotal:         405504 kB
CmaFree:               0 kB
MemTotal:        7918588 kB
MemFree:          159620 kB
MemAvailable:     224184 kB
Buffers:             440 kB
Cached:           288296 kB
SwapCached:         1380 kB
Active:          3705760 kB
Inactive:        1744340 kB
Active(anon):    3542344 kB
Inactive(anon):  1634616 kB
Active(file):     163416 kB
Inactive(file):   109724 kB
Unevictable:        6628 kB
Mlocked:            6188 kB
SwapTotal:       4718584 kB
SwapFree:        3456320 kB
Dirty:               296 kB
Writeback:             4 kB
AnonPages:       5168208 kB
Mapped:           355700 kB
Shmem:             10696 kB
KReclaimable:     145352 kB
Slab:             310264 kB
SReclaimable:      78224 kB
SUnreclaim:       232040 kB
KernelStack:       46048 kB
ShadowCallStack:   11544 kB
PageTables:        82500 kB
NFS_Unstable:          0 kB
Bounce:                0 kB
WritebackTmp:          0 kB
CommitLimit:     8677876 kB
Committed_AS:   69443900 kB
VmallocTotal:   263061440 kB
VmallocUsed:      128296 kB
VmallocChunk:          0 kB
Percpu:             2448 kB
CmaTotal:         405504 kB
CmaFree:               0 kB
MemTotal:        7918588 kB
MemFree:          177660 kB
MemAvailable:     243472 kB
Buffers:             440 kB
Cached:           289636 kB
SwapCached:         1348 kB
Active:          3777724 kB
Inactive:        1636616 kB
Active(anon):    3612852 kB
Inactive(anon):  1526896 kB
Active(file):     164872 kB
Inactive(file):   109720 kB
Unevictable:        6628 kB
Mlocked:            6188 kB
SwapTotal:       4718584 kB
SwapFree:        3376960 kB
Dirty:               296 kB
Writeback:             0 kB
AnonPages:       5130876 kB
Mapped:           356200 kB
Shmem:             10588 kB
KReclaimable:     144944 kB
Slab:             310272 kB
SReclaimable:      78208 kB
SUnreclaim:       232064 kB
KernelStack:       46016 kB
ShadowCallStack:   11544 kB
PageTables:        82640 kB
NFS_Unstable:          0 kB
Bounce:                0 kB
WritebackTmp:          0 kB
CommitLimit:     8677876 kB
Committed_AS:   69509440 kB
VmallocTotal:   263061440 kB
VmallocUsed:      128308 kB
VmallocChunk:          0 kB
Percpu:             2448 kB
CmaTotal:         405504 kB
CmaFree:               0 kB
MemTotal:        7918588 kB
MemFree:          162060 kB
MemAvailable:     244840 kB
Buffers:             448 kB
Cached:           294600 kB
SwapCached:         1348 kB
Active:          3844368 kB
Inactive:        1585036 kB
Active(anon):    3674536 kB
Inactive(anon):  1475308 kB
Active(file):     169832 kB
Inactive(file):   109728 kB
Unevictable:        6628 kB
Mlocked:            6188 kB
SwapTotal:       4718584 kB
SwapFree:        3329088 kB
Dirty:               300 kB
Writeback:             4 kB
AnonPages:       5140980 kB
Mapped:           358580 kB
Shmem:             10588 kB
KReclaimable:     144368 kB
Slab:             310236 kB
SReclaimable:      78208 kB
SUnreclaim:       232028 kB
KernelStack:       46064 kB
ShadowCallStack:   11544 kB
PageTables:        82976 kB
NFS_Unstable:          0 kB
Bounce:                0 kB
WritebackTmp:          0 kB
CommitLimit:     8677876 kB
Committed_AS:   69624124 kB
VmallocTotal:   263061440 kB
VmallocUsed:      128332 kB
VmallocChunk:          0 kB
Percpu:             2448 kB
CmaTotal:         405504 kB
CmaFree:               0 kB
MemTotal:        7918588 kB
MemFree:          159512 kB
MemAvailable:     243008 kB
Buffers:             448 kB
Cached:           295572 kB
SwapCached:         1356 kB
Active:          3932628 kB
Inactive:        1497360 kB
Active(anon):    3761808 kB
Inactive(anon):  1387624 kB
Active(file):     170820 kB
Inactive(file):   109736 kB
Unevictable:        6628 kB
Mlocked:            6188 kB
SwapTotal:       4718584 kB
SwapFree:        3268928 kB
Dirty:               308 kB
Writeback:             0 kB
AnonPages:       5140512 kB
Mapped:           359628 kB
Shmem:             10580 kB
KReclaimable:     143808 kB
Slab:             310256 kB
SReclaimable:      78208 kB
SUnreclaim:       232048 kB
KernelStack:       46064 kB
ShadowCallStack:   11556 kB
PageTables:        83076 kB
NFS_Unstable:          0 kB
Bounce:                0 kB
WritebackTmp:          0 kB
CommitLimit:     8677876 kB
Committed_AS:   69738812 kB
VmallocTotal:   263061440 kB
VmallocUsed:      128344 kB
VmallocChunk:          0 kB
Percpu:             2448 kB
CmaTotal:         405504 kB
CmaFree:               0 kB
MemTotal:        7918588 kB
MemFree:          212824 kB
MemAvailable:     284888 kB
Buffers:             456 kB
Cached:           311756 kB
SwapCached:         1448 kB
Active:          1826748 kB
Inactive:        3426964 kB
Active(anon):    1658812 kB
Inactive(anon):  3298588 kB
Active(file):     167936 kB
Inactive(file):   128376 kB
Unevictable:        6628 kB
Mlocked:            6188 kB
SwapTotal:       4718584 kB
SwapFree:        2992960 kB
Dirty:                96 kB
Writeback:             8 kB
AnonPages:       4948592 kB
Mapped:           370304 kB
Shmem:             10620 kB
KReclaimable:     143224 kB
Slab:             310444 kB
SReclaimable:      78240 kB
SUnreclaim:       232204 kB
KernelStack:       46160 kB
ShadowCallStack:   11552 kB
PageTables:        83368 kB
NFS_Unstable:          0 kB
Bounce:                0 kB
WritebackTmp:          0 kB
CommitLimit:     8677876 kB
Committed_AS:   69837520 kB
VmallocTotal:   263061440 kB
VmallocUsed:      128468 kB
VmallocChunk:          0 kB
Percpu:             2448 kB
CmaTotal:         405504 kB
CmaFree:              68 kB
MemTotal:        7918588 kB
MemFree:          431116 kB
MemAvailable:     503528 kB
Buffers:             456 kB
Cached:           311924 kB
SwapCached:         1444 kB
Active:          1912264 kB
Inactive:        3118508 kB
Active(anon):    1744052 kB
Inactive(anon):  2990044 kB
Active(file):     168212 kB
Inactive(file):   128464 kB
Unevictable:        6628 kB
Mlocked:            6188 kB
SwapTotal:       4718584 kB
SwapFree:        2713920 kB
Dirty:                96 kB
Writeback:             0 kB
AnonPages:       4725020 kB
Mapped:           371020 kB
Shmem:             10808 kB
KReclaimable:     143552 kB
Slab:             311024 kB
SReclaimable:      78928 kB
SUnreclaim:       232096 kB
KernelStack:       46128 kB
ShadowCallStack:   11572 kB
PageTables:        83408 kB
NFS_Unstable:          0 kB
Bounce:                0 kB
WritebackTmp:          0 kB
CommitLimit:     8677876 kB
Committed_AS:   69935824 kB
VmallocTotal:   263061440 kB
VmallocUsed:      128504 kB
VmallocChunk:          0 kB
Percpu:             2448 kB
CmaTotal:         405504 kB
CmaFree:             100 kB
MemTotal:        7918588 kB
MemFree:          414656 kB
MemAvailable:     548012 kB
Buffers:             456 kB
Cached:           312684 kB
SwapCached:         1444 kB
Active:          1928008 kB
Inactive:        3118488 kB
Active(anon):    1758888 kB
Inactive(anon):  2990024 kB
Active(file):     169120 kB
Inactive(file):   128464 kB
Unevictable:        6628 kB
Mlocked:            6188 kB
SwapTotal:       4718584 kB
SwapFree:        2714176 kB
Dirty:                96 kB
Writeback:             0 kB
AnonPages:       4740120 kB
