MemTotal:        7918588 kB
MemFree:         2535136 kB
MemAvailable:    4981568 kB
Buffers:            8720 kB
Cached:          1952052 kB
SwapCached:         7088 kB
Active:           776260 kB
Inactive:        1991804 kB
Active(anon):     556588 kB
Inactive(anon):   276504 kB
Active(file):     219672 kB
Inactive(file):  1715300 kB
Unevictable:        6196 kB
Mlocked:            5756 kB
SwapTotal:       4718584 kB
SwapFree:        3619832 kB
Dirty:            180848 kB
Writeback:             0 kB
AnonPages:        809028 kB
Mapped:           818732 kB
Shmem:             21164 kB
KReclaimable:     909876 kB
Slab:             320804 kB
SReclaimable:      93196 kB
SUnreclaim:       227608 kB
KernelStack:       50000 kB
ShadowCallStack:   12524 kB
PageTables:        66832 kB
NFS_Unstable:          0 kB
Bounce:                0 kB
WritebackTmp:          0 kB
CommitLimit:     8677876 kB
Committed_AS:   68004388 kB
VmallocTotal:   263061440 kB
VmallocUsed:      133552 kB
VmallocChunk:          0 kB
Percpu:             2520 kB
CmaTotal:         405504 kB
CmaFree:          204688 kB
MemTotal:        7918588 kB
MemFree:         2497940 kB
MemAvailable:    4698928 kB
Buffers:            8744 kB
Cached:          1952140 kB
SwapCached:         7144 kB
Active:           811408 kB
Inactive:        1991876 kB
Active(anon):     591736 kB
Inactive(anon):   276476 kB
Active(file):     219672 kB
Inactive(file):  1715400 kB
Unevictable:        6196 kB
Mlocked:            5756 kB
SwapTotal:       4718584 kB
SwapFree:        3620856 kB
Dirty:            180916 kB
Writeback:             0 kB
AnonPages:        844140 kB
Mapped:           841552 kB
Shmem:             21184 kB
KReclaimable:     664332 kB
Slab:             321236 kB
SReclaimable:      93244 kB
SUnreclaim:       227992 kB
KernelStack:       50128 kB
ShadowCallStack:   12556 kB
PageTables:        67468 kB
NFS_Unstable:          0 kB
Bounce:                0 kB
WritebackTmp:          0 kB
CommitLimit:     8677876 kB
Committed_AS:   68046652 kB
VmallocTotal:   263061440 kB
VmallocUsed:      133700 kB
VmallocChunk:          0 kB
Percpu:             2520 kB
CmaTotal:         405504 kB
CmaFree:          204688 kB
MemTotal:        7918588 kB
MemFree:         2493420 kB
MemAvailable:    4693684 kB
Buffers:            8760 kB
Cached:          1952188 kB
SwapCached:         7144 kB
Active:           816444 kB
Inactive:        1991904 kB
Active(anon):     596772 kB
Inactive(anon):   276476 kB
Active(file):     219672 kB
Inactive(file):  1715428 kB
Unevictable:        6196 kB
Mlocked:            5756 kB
SwapTotal:       4718584 kB
SwapFree:        3622392 kB
Dirty:            180932 kB
Writeback:             0 kB
AnonPages:        849132 kB
Mapped:           842156 kB
Shmem:             21220 kB
KReclaimable:     663580 kB
Slab:             321348 kB
SReclaimable:      93260 kB
SUnreclaim:       228088 kB
KernelStack:       50144 kB
ShadowCallStack:   12560 kB
PageTables:        67480 kB
NFS_Unstable:          0 kB
Bounce:                0 kB
WritebackTmp:          0 kB
CommitLimit:     8677876 kB
Committed_AS:   68046648 kB
VmallocTotal:   263061440 kB
VmallocUsed:      133736 kB
VmallocChunk:          0 kB
Percpu:             2520 kB
CmaTotal:         405504 kB
CmaFree:          204688 kB
MemTotal:        7918588 kB
MemFree:         2487752 kB
MemAvailable:    4688096 kB
Buffers:            8792 kB
Cached:          1952296 kB
SwapCached:         7144 kB
Active:           823808 kB
Inactive:        1991932 kB
Active(anon):     604136 kB
Inactive(anon):   276408 kB
Active(file):     219672 kB
Inactive(file):  1715524 kB
Unevictable:        6196 kB
Mlocked:            5756 kB
SwapTotal:       4718584 kB
SwapFree:        3627768 kB
Dirty:            180436 kB
Writeback:             0 kB
AnonPages:        856436 kB
Mapped:           843000 kB
Shmem:             21264 kB
KReclaimable:     663564 kB
Slab:             321480 kB
SReclaimable:      93260 kB
SUnreclaim:       228220 kB
KernelStack:       50112 kB
ShadowCallStack:   12552 kB
PageTables:        67500 kB
NFS_Unstable:          0 kB
Bounce:                0 kB
WritebackTmp:          0 kB
CommitLimit:     8677876 kB
Committed_AS:   68046588 kB
VmallocTotal:   263061440 kB
VmallocUsed:      133712 kB
VmallocChunk:          0 kB
Percpu:             2520 kB
CmaTotal:         405504 kB
CmaFree:          205712 kB
MemTotal:        7918588 kB
MemFree:         2495648 kB
MemAvailable:    4716164 kB
Buffers:            8792 kB
Cached:          1952316 kB
SwapCached:         7144 kB
Active:           816252 kB
Inactive:        1991892 kB
Active(anon):     596580 kB
Inactive(anon):   276368 kB
Active(file):     219672 kB
Inactive(file):  1715524 kB
Unevictable:        6196 kB
Mlocked:            5756 kB
SwapTotal:       4718584 kB
SwapFree:        3627768 kB
Dirty:            180436 kB
Writeback:             0 kB
AnonPages:        848788 kB
Mapped:           843156 kB
Shmem:             21284 kB
KReclaimable:     683736 kB
Slab:             321472 kB
SReclaimable:      93260 kB
SUnreclaim:       228212 kB
KernelStack:       49952 kB
ShadowCallStack:   12512 kB
PageTables:        67408 kB
NFS_Unstable:          0 kB
Bounce:                0 kB
WritebackTmp:          0 kB
CommitLimit:     8677876 kB
Committed_AS:   68046124 kB
VmallocTotal:   263061440 kB
VmallocUsed:      133236 kB
VmallocChunk:          0 kB
Percpu:             2520 kB
CmaTotal:         405504 kB
CmaFree:          205712 kB
MemTotal:        7918588 kB
MemFree:         2266300 kB
MemAvailable:    4421828 kB
Buffers:            8804 kB
Cached:          1953044 kB
SwapCached:         7156 kB
Active:          1047016 kB
Inactive:        1991920 kB
Active(anon):     826660 kB
Inactive(anon):   276352 kB
Active(file):     220356 kB
Inactive(file):  1715568 kB
Unevictable:        6196 kB
Mlocked:            5756 kB
SwapTotal:       4718584 kB
SwapFree:        3627768 kB
Dirty:            180372 kB
Writeback:             0 kB
AnonPages:       1078888 kB
Mapped:           927120 kB
Shmem:             21296 kB
KReclaimable:     618020 kB
Slab:             321608 kB
SReclaimable:      93276 kB
SUnreclaim:       228332 kB
KernelStack:       49984 kB
ShadowCallStack:   12520 kB
PageTables:        68240 kB
NFS_Unstable:          0 kB
Bounce:                0 kB
WritebackTmp:          0 kB
CommitLimit:     8677876 kB
Committed_AS:   68428616 kB
VmallocTotal:   263061440 kB
VmallocUsed:      133248 kB
VmallocChunk:          0 kB
Percpu:             2520 kB
CmaTotal:         405504 kB
CmaFree:          205712 kB
MemTotal:        7918588 kB
MemFree:         1901568 kB
MemAvailable:    4033132 kB
Buffers:            8828 kB
Cached:          1971628 kB
SwapCached:         7172 kB
Active:          1411192 kB
Inactive:        1990484 kB
Active(anon):    1172396 kB
Inactive(anon):   274784 kB
Active(file):     238796 kB
Inactive(file):  1715700 kB
Unevictable:        6196 kB
Mlocked:            5756 kB
SwapTotal:       4718584 kB
SwapFree:        3633656 kB
Dirty:             17688 kB
Writeback:             0 kB
AnonPages:       1422928 kB
Mapped:           957236 kB
Shmem:             21332 kB
KReclaimable:     575484 kB
Slab:             322040 kB
SReclaimable:      93292 kB
SUnreclaim:       228748 kB
KernelStack:       50016 kB
ShadowCallStack:   12528 kB
PageTables:        70112 kB
NFS_Unstable:          0 kB
Bounce:                0 kB
WritebackTmp:          0 kB
CommitLimit:     8677876 kB
Committed_AS:   69322668 kB
VmallocTotal:   263061440 kB
VmallocUsed:      133324 kB
VmallocChunk:          0 kB
Percpu:             2520 kB
CmaTotal:         405504 kB
CmaFree:          206220 kB
MemTotal:        7918588 kB
MemFree:         1669428 kB
MemAvailable:    3796584 kB
Buffers:            8860 kB
Cached:          1971656 kB
SwapCached:         7172 kB
Active:          1634444 kB
Inactive:        1990532 kB
Active(anon):    1395648 kB
Inactive(anon):   274780 kB
Active(file):     238796 kB
Inactive(file):  1715752 kB
Unevictable:        6196 kB
Mlocked:            5756 kB
SwapTotal:       4718584 kB
SwapFree:        3634680 kB
Dirty:             17792 kB
Writeback:             0 kB
AnonPages:       1646236 kB
Mapped:           959088 kB
Shmem:             21340 kB
KReclaimable:     571024 kB
Slab:             322320 kB
SReclaimable:      93308 kB
SUnreclaim:       229012 kB
KernelStack:       49984 kB
ShadowCallStack:   12520 kB
PageTables:        71244 kB
NFS_Unstable:          0 kB
Bounce:                0 kB
WritebackTmp:          0 kB
CommitLimit:     8677876 kB
Committed_AS:   69830476 kB
VmallocTotal:   263061440 kB
VmallocUsed:      133260 kB
VmallocChunk:          0 kB
Percpu:             2520 kB
CmaTotal:         405504 kB
CmaFree:          206348 kB
MemTotal:        7918588 kB
MemFree:         1582480 kB
MemAvailable:    3588820 kB
Buffers:            8860 kB
Cached:          1971680 kB
SwapCached:         7172 kB
Active:          1720784 kB
Inactive:        1990536 kB
Active(anon):    1481988 kB
Inactive(anon):   274784 kB
Active(file):     238796 kB
Inactive(file):  1715752 kB
Unevictable:        6196 kB
Mlocked:            5756 kB
SwapTotal:       4718584 kB
SwapFree:        3634680 kB
Dirty:             17792 kB
Writeback:             0 kB
AnonPages:       1732504 kB
Mapped:           960360 kB
Shmem:             21364 kB
KReclaimable:     450208 kB
Slab:             322296 kB
SReclaimable:      93308 kB
SUnreclaim:       228988 kB
KernelStack:       50064 kB
ShadowCallStack:   12540 kB
PageTables:        71336 kB
NFS_Unstable:          0 kB
Bounce:                0 kB
WritebackTmp:          0 kB
CommitLimit:     8677876 kB
Committed_AS:   69978328 kB
VmallocTotal:   263061440 kB
VmallocUsed:      133416 kB
VmallocChunk:          0 kB
Percpu:             2520 kB
CmaTotal:         405504 kB
CmaFree:          206348 kB
MemTotal:        7918588 kB
MemFree:         1571764 kB
MemAvailable:    3576400 kB
Buffers:            8868 kB
Cached:          1971776 kB
SwapCached:         7172 kB
Active:          1729264 kB
Inactive:        1990544 kB
Active(anon):    1490468 kB
Inactive(anon):   274784 kB
Active(file):     238796 kB
Inactive(file):  1715760 kB
Unevictable:        6196 kB
Mlocked:            5756 kB
SwapTotal:       4718584 kB
SwapFree:        3634680 kB
Dirty:             17792 kB
Writeback:             0 kB
AnonPages:       1740736 kB
Mapped:           960756 kB
Shmem:             21460 kB
KReclaimable:     448496 kB
Slab:             322408 kB
SReclaimable:      93324 kB
SUnreclaim:       229084 kB
KernelStack:       50128 kB
ShadowCallStack:   12544 kB
PageTables:        71516 kB
NFS_Unstable:          0 kB
Bounce:                0 kB
WritebackTmp:          0 kB
CommitLimit:     8677876 kB
Committed_AS:   69978328 kB
VmallocTotal:   263061440 kB
VmallocUsed:      133432 kB
VmallocChunk:          0 kB
Percpu:             2520 kB
CmaTotal:         405504 kB
CmaFree:          206352 kB
MemTotal:        7918588 kB
MemFree:         1564540 kB
MemAvailable:    3690132 kB
Buffers:            8876 kB
Cached:          1971720 kB
SwapCached:         7172 kB
Active:          1738532 kB
Inactive:        1990548 kB
Active(anon):    1499676 kB
Inactive(anon):   274780 kB
Active(file):     238856 kB
Inactive(file):  1715768 kB
Unevictable:        6196 kB
Mlocked:            5756 kB
SwapTotal:       4718584 kB
SwapFree:        3635192 kB
Dirty:             17792 kB
Writeback:             0 kB
AnonPages:       1750184 kB
Mapped:           960600 kB
Shmem:             21344 kB
KReclaimable:     569384 kB
Slab:             322504 kB
SReclaimable:      93324 kB
SUnreclaim:       229180 kB
KernelStack:       49968 kB
ShadowCallStack:   12516 kB
PageTables:        71644 kB
NFS_Unstable:          0 kB
Bounce:                0 kB
WritebackTmp:          0 kB
CommitLimit:     8677876 kB
Committed_AS:   70092624 kB
VmallocTotal:   263061440 kB
VmallocUsed:      133256 kB
VmallocChunk:          0 kB
Percpu:             2520 kB
CmaTotal:         405504 kB
CmaFree:          206348 kB
MemTotal:        7918588 kB
MemFree:         1556248 kB
MemAvailable:    3681640 kB
Buffers:            8876 kB
Cached:          1971720 kB
SwapCached:         7172 kB
Active:          1746704 kB
Inactive:        1990548 kB
Active(anon):    1507848 kB
Inactive(anon):   274780 kB
Active(file):     238856 kB
Inactive(file):  1715768 kB
Unevictable:        6196 kB
Mlocked:            5756 kB
SwapTotal:       4718584 kB
SwapFree:        3635192 kB
Dirty:             17804 kB
Writeback:             0 kB
AnonPages:       1758344 kB
Mapped:           960840 kB
Shmem:             21344 kB
KReclaimable:     569184 kB
Slab:             322332 kB
SReclaimable:      93324 kB
SUnreclaim:       229008 kB
KernelStack:       49984 kB
ShadowCallStack:   12520 kB
PageTables:        71656 kB
NFS_Unstable:          0 kB
Bounce:                0 kB
WritebackTmp:          0 kB
CommitLimit:     8677876 kB
Committed_AS:   70109008 kB
VmallocTotal:   263061440 kB
VmallocUsed:      133272 kB
VmallocChunk:          0 kB
Percpu:             2520 kB
CmaTotal:         405504 kB
CmaFree:          206348 kB
MemTotal:        7918588 kB
MemFree:         1554120 kB
MemAvailable:    3679384 kB
Buffers:            8876 kB
Cached:          1971720 kB
SwapCached:         7172 kB
Active:          1748244 kB
Inactive:        1990564 kB
Active(anon):    1509388 kB
Inactive(anon):   274796 kB
Active(file):     238856 kB
Inactive(file):  1715768 kB
Unevictable:        6196 kB
Mlocked:            5756 kB
SwapTotal:       4718584 kB
SwapFree:        3635192 kB
Dirty:             17804 kB
Writeback:             0 kB
AnonPages:       1759848 kB
Mapped:           960944 kB
Shmem:             21344 kB
KReclaimable:     569056 kB
Slab:             322376 kB
SReclaimable:      93324 kB
SUnreclaim:       229052 kB
KernelStack:       49936 kB
ShadowCallStack:   12516 kB
PageTables:        71504 kB
NFS_Unstable:          0 kB
Bounce:                0 kB
WritebackTmp:          0 kB
CommitLimit:     8677876 kB
Committed_AS:   70108956 kB
VmallocTotal:   263061440 kB
VmallocUsed:      133252 kB
VmallocChunk:          0 kB
Percpu:             2520 kB
CmaTotal:         405504 kB
CmaFree:          206348 kB
MemTotal:        7918588 kB
MemFree:         1502328 kB
MemAvailable:    3627008 kB
Buffers:            8876 kB
Cached:          1971724 kB
SwapCached:         7172 kB
Active:          1800048 kB
Inactive:        1990552 kB
Active(anon):    1561192 kB
Inactive(anon):   274784 kB
Active(file):     238856 kB
Inactive(file):  1715768 kB
Unevictable:        6196 kB
Mlocked:            5756 kB
SwapTotal:       4718584 kB
SwapFree:        3635192 kB
Dirty:             17804 kB
Writeback:             0 kB
AnonPages:       1811836 kB
Mapped:           961244 kB
Shmem:             21348 kB
KReclaimable:     568472 kB
Slab:             322352 kB
SReclaimable:      93324 kB
SUnreclaim:       229028 kB
KernelStack:       49968 kB
ShadowCallStack:   12532 kB
PageTables:        71796 kB
NFS_Unstable:          0 kB
Bounce:                0 kB
WritebackTmp:          0 kB
CommitLimit:     8677876 kB
Committed_AS:   70240032 kB
VmallocTotal:   263061440 kB
VmallocUsed:      133256 kB
VmallocChunk:          0 kB
Percpu:             2520 kB
CmaTotal:         405504 kB
CmaFree:          206348 kB
MemTotal:        7918588 kB
MemFree:         1503804 kB
MemAvailable:    3628356 kB
Buffers:            8876 kB
Cached:          1971720 kB
SwapCached:         7172 kB
Active:          1804292 kB
Inactive:        1986068 kB
Active(anon):    1565436 kB
Inactive(anon):   270300 kB
Active(file):     238856 kB
Inactive(file):  1715768 kB
Unevictable:        6196 kB
Mlocked:            5756 kB
SwapTotal:       4718584 kB
SwapFree:        3648504 kB
Dirty:             17804 kB
Writeback:             0 kB
AnonPages:       1811504 kB
Mapped:           961356 kB
Shmem:             21344 kB
KReclaimable:     568344 kB
Slab:             322252 kB
SReclaimable:      93324 kB
SUnreclaim:       228928 kB
KernelStack:       49936 kB
ShadowCallStack:   12500 kB
PageTables:        71940 kB
NFS_Unstable:          0 kB
Bounce:                0 kB
WritebackTmp:          0 kB
CommitLimit:     8677876 kB
Committed_AS:   70239268 kB
VmallocTotal:   263061440 kB
VmallocUsed:      133248 kB
VmallocChunk:          0 kB
Percpu:             2520 kB
CmaTotal:         405504 kB
CmaFree:          207712 kB
MemTotal:        7918588 kB
MemFree:         1481628 kB
MemAvailable:    3605924 kB
Buffers:            8900 kB
Cached:          1971716 kB
SwapCached:         7172 kB
Active:          1826444 kB
Inactive:        1985988 kB
Active(anon):    1587588 kB
Inactive(anon):   270196 kB
Active(file):     238856 kB
Inactive(file):  1715792 kB
Unevictable:        6196 kB
Mlocked:            5756 kB
SwapTotal:       4718584 kB
SwapFree:        3648760 kB
Dirty:             17804 kB
Writeback:             0 kB
AnonPages:       1833532 kB
Mapped:           961828 kB
Shmem:             21340 kB
KReclaimable:     568064 kB
Slab:             322464 kB
SReclaimable:      93324 kB
SUnreclaim:       229140 kB
KernelStack:       49952 kB
ShadowCallStack:   12512 kB
PageTables:        71956 kB
NFS_Unstable:          0 kB
Bounce:                0 kB
WritebackTmp:          0 kB
CommitLimit:     8677876 kB
Committed_AS:   70288420 kB
VmallocTotal:   263061440 kB
VmallocUsed:      133256 kB
VmallocChunk:          0 kB
Percpu:             2520 kB
CmaTotal:         405504 kB
CmaFree:          207736 kB
MemTotal:        7918588 kB
MemFree:         1445728 kB
MemAvailable:    3569352 kB
Buffers:            8900 kB
Cached:          1971716 kB
SwapCached:         7172 kB
Active:          1861476 kB
Inactive:        1985976 kB
Active(anon):    1622620 kB
Inactive(anon):   270184 kB
Active(file):     238856 kB
Inactive(file):  1715792 kB
Unevictable:        6196 kB
Mlocked:            5756 kB
SwapTotal:       4718584 kB
SwapFree:        3648760 kB
Dirty:             17816 kB
Writeback:             0 kB
AnonPages:       1868580 kB
Mapped:           962016 kB
Shmem:             21340 kB
KReclaimable:     567392 kB
Slab:             322492 kB
SReclaimable:      93324 kB
SUnreclaim:       229168 kB
KernelStack:       49936 kB
ShadowCallStack:   12516 kB
PageTables:        72060 kB
NFS_Unstable:          0 kB
Bounce:                0 kB
WritebackTmp:          0 kB
CommitLimit:     8677876 kB
Committed_AS:   70370344 kB
VmallocTotal:   263061440 kB
VmallocUsed:      133252 kB
VmallocChunk:          0 kB
Percpu:             2520 kB
CmaTotal:         405504 kB
CmaFree:          207736 kB
MemTotal:        7918588 kB
MemFree:         1445376 kB
MemAvailable:    3569000 kB
Buffers:            8900 kB
Cached:          1971716 kB
SwapCached:         7172 kB
Active:          1861744 kB
Inactive:        1985976 kB
Active(anon):    1622888 kB
Inactive(anon):   270184 kB
Active(file):     238856 kB
Inactive(file):  1715792 kB
Unevictable:        6196 kB
Mlocked:            5756 kB
SwapTotal:       4718584 kB
SwapFree:        3648760 kB
Dirty:             17816 kB
Writeback:             0 kB
AnonPages:       1868856 kB
Mapped:           961892 kB
Shmem:             21340 kB
KReclaimable:     567392 kB
Slab:             322308 kB
SReclaimable:      93324 kB
SUnreclaim:       228984 kB
KernelStack:       49936 kB
ShadowCallStack:   12528 kB
PageTables:        71976 kB
NFS_Unstable:          0 kB
Bounce:                0 kB
WritebackTmp:          0 kB
CommitLimit:     8677876 kB
Committed_AS:   70370340 kB
VmallocTotal:   263061440 kB
VmallocUsed:      133248 kB
VmallocChunk:          0 kB
Percpu:             2520 kB
CmaTotal:         405504 kB
CmaFree:          207736 kB
MemTotal:        7918588 kB
MemFree:         1409012 kB
MemAvailable:    3532268 kB
Buffers:            8900 kB
Cached:          1971716 kB
SwapCached:         7172 kB
Active:          1898572 kB
Inactive:        1985972 kB
Active(anon):    1659716 kB
Inactive(anon):   270180 kB
Active(file):     238856 kB
Inactive(file):  1715792 kB
Unevictable:        6196 kB
Mlocked:            5756 kB
SwapTotal:       4718584 kB
SwapFree:        3648760 kB
Dirty:             17816 kB
Writeback:             0 kB
AnonPages:       1905756 kB
Mapped:           962460 kB
Shmem:             21340 kB
KReclaimable:     567024 kB
Slab:             322488 kB
SReclaimable:      93324 kB
SUnreclaim:       229164 kB
KernelStack:       49968 kB
ShadowCallStack:   12512 kB
PageTables:        72512 kB
NFS_Unstable:          0 kB
Bounce:                0 kB
WritebackTmp:          0 kB
CommitLimit:     8677876 kB
Committed_AS:   70468644 kB
VmallocTotal:   263061440 kB
VmallocUsed:      133240 kB
VmallocChunk:          0 kB
Percpu:             2520 kB
CmaTotal:         405504 kB
CmaFree:          207736 kB
MemTotal:        7918588 kB
MemFree:         1389572 kB
MemAvailable:    3512420 kB
Buffers:            8900 kB
Cached:          1971716 kB
SwapCached:         7172 kB
Active:          1918008 kB
Inactive:        1985976 kB
Active(anon):    1679152 kB
Inactive(anon):   270184 kB
Active(file):     238856 kB
Inactive(file):  1715792 kB
Unevictable:        6196 kB
Mlocked:            5756 kB
SwapTotal:       4718584 kB
SwapFree:        3648760 kB
Dirty:             17816 kB
Writeback:             0 kB
AnonPages:       1925212 kB
Mapped:           962488 kB
Shmem:             21340 kB
KReclaimable:     566616 kB
Slab:             322420 kB
SReclaimable:      93324 kB
SUnreclaim:       229096 kB
KernelStack:       49904 kB
ShadowCallStack:   12532 kB
PageTables:        72316 kB
NFS_Unstable:          0 kB
Bounce:                0 kB
WritebackTmp:          0 kB
CommitLimit:     8677876 kB
Committed_AS:   70501416 kB
VmallocTotal:   263061440 kB
VmallocUsed:      133252 kB
VmallocChunk:          0 kB
Percpu:             2520 kB
CmaTotal:         405504 kB
CmaFree:          207736 kB
MemTotal:        7918588 kB
MemFree:         1387776 kB
MemAvailable:    3510416 kB
Buffers:            8908 kB
Cached:          1971716 kB
SwapCached:         7172 kB
Active:          1919484 kB
Inactive:        1985972 kB
Active(anon):    1680628 kB
Inactive(anon):   270172 kB
Active(file):     238856 kB
Inactive(file):  1715800 kB
Unevictable:        6196 kB
Mlocked:            5756 kB
SwapTotal:       4718584 kB
SwapFree:        3648760 kB
Dirty:             17692 kB
Writeback:             0 kB
AnonPages:       1926728 kB
Mapped:           962652 kB
Shmem:             21340 kB
KReclaimable:     566400 kB
Slab:             322576 kB
SReclaimable:      93324 kB
SUnreclaim:       229252 kB
KernelStack:       49952 kB
ShadowCallStack:   12512 kB
PageTables:        72548 kB
NFS_Unstable:          0 kB
Bounce:                0 kB
WritebackTmp:          0 kB
CommitLimit:     8677876 kB
Committed_AS:   70517800 kB
VmallocTotal:   263061440 kB
VmallocUsed:      133236 kB
VmallocChunk:          0 kB
Percpu:             2520 kB
CmaTotal:         405504 kB
CmaFree:          207736 kB
MemTotal:        7918588 kB
MemFree:         1334920 kB
MemAvailable:    3456840 kB
Buffers:            8908 kB
Cached:          1971720 kB
SwapCached:         7172 kB
Active:          1971936 kB
Inactive:        1985960 kB
Active(anon):    1733080 kB
Inactive(anon):   270160 kB
Active(file):     238856 kB
Inactive(file):  1715800 kB
Unevictable:        6196 kB
Mlocked:            5756 kB
SwapTotal:       4718584 kB
SwapFree:        3648760 kB
Dirty:             17696 kB
Writeback:             0 kB
AnonPages:       1978844 kB
Mapped:           962944 kB
Shmem:             21344 kB
KReclaimable:     565680 kB
Slab:             322684 kB
SReclaimable:      93324 kB
SUnreclaim:       229360 kB
KernelStack:       49888 kB
ShadowCallStack:   12516 kB
PageTables:        72784 kB
NFS_Unstable:          0 kB
Bounce:                0 kB
WritebackTmp:          0 kB
CommitLimit:     8677876 kB
Committed_AS:   70632336 kB
VmallocTotal:   263061440 kB
VmallocUsed:      133188 kB
VmallocChunk:          0 kB
Percpu:             2520 kB
CmaTotal:         405504 kB
CmaFree:          207736 kB
MemTotal:        7918588 kB
MemFree:         1331288 kB
MemAvailable:    3453176 kB
Buffers:            8908 kB
Cached:          1971724 kB
SwapCached:         7172 kB
Active:          1974448 kB
Inactive:        1985972 kB
Active(anon):    1735592 kB
Inactive(anon):   270172 kB
Active(file):     238856 kB
Inactive(file):  1715800 kB
Unevictable:        6196 kB
Mlocked:            5756 kB
SwapTotal:       4718584 kB
SwapFree:        3648760 kB
Dirty:             17704 kB
Writeback:             0 kB
AnonPages:       1981508 kB
Mapped:           963052 kB
Shmem:             21348 kB
KReclaimable:     565648 kB
Slab:             322704 kB
SReclaimable:      93324 kB
SUnreclaim:       229380 kB
KernelStack:       49904 kB
ShadowCallStack:   12500 kB
PageTables:        72704 kB
NFS_Unstable:          0 kB
Bounce:                0 kB
WritebackTmp:          0 kB
CommitLimit:     8677876 kB
Committed_AS:   70632288 kB
VmallocTotal:   263061440 kB
VmallocUsed:      133176 kB
VmallocChunk:          0 kB
Percpu:             2520 kB
CmaTotal:         405504 kB
CmaFree:          207736 kB
MemTotal:        7918588 kB
MemFree:         1313876 kB
MemAvailable:    3435588 kB
Buffers:            8908 kB
Cached:          1971724 kB
SwapCached:         7172 kB
Active:          1993576 kB
Inactive:        1985972 kB
Active(anon):    1754720 kB
Inactive(anon):   270172 kB
Active(file):     238856 kB
Inactive(file):  1715800 kB
Unevictable:        6196 kB
Mlocked:            5756 kB
SwapTotal:       4718584 kB
SwapFree:        3648760 kB
Dirty:             17704 kB
Writeback:             0 kB
AnonPages:       2000536 kB
Mapped:           963296 kB
Shmem:             21348 kB
KReclaimable:     565472 kB
Slab:             322636 kB
SReclaimable:      93324 kB
SUnreclaim:       229312 kB
KernelStack:       49920 kB
ShadowCallStack:   12488 kB
PageTables:        72760 kB
NFS_Unstable:          0 kB
Bounce:                0 kB
WritebackTmp:          0 kB
CommitLimit:     8677876 kB
Committed_AS:   70694716 kB
VmallocTotal:   263061440 kB
VmallocUsed:      133160 kB
VmallocChunk:          0 kB
Percpu:             2520 kB
CmaTotal:         405504 kB
CmaFree:          207736 kB
MemTotal:        7918588 kB
MemFree:         1275720 kB
MemAvailable:    3396664 kB
Buffers:            8908 kB
Cached:          1971724 kB
SwapCached:         7172 kB
Active:          2030532 kB
Inactive:        1985956 kB
Active(anon):    1791676 kB
Inactive(anon):   270156 kB
Active(file):     238856 kB
Inactive(file):  1715800 kB
Unevictable:        6196 kB
Mlocked:            5756 kB
SwapTotal:       4718584 kB
SwapFree:        3648760 kB
Dirty:             17704 kB
Writeback:             0 kB
AnonPages:       2037444 kB
Mapped:           963800 kB
Shmem:             21348 kB
KReclaimable:     564704 kB
Slab:             322724 kB
SReclaimable:      93324 kB
SUnreclaim:       229400 kB
KernelStack:       49872 kB
ShadowCallStack:   12516 kB
PageTables:        72956 kB
NFS_Unstable:          0 kB
Bounce:                0 kB
WritebackTmp:          0 kB
CommitLimit:     8677876 kB
Committed_AS:   70760248 kB
VmallocTotal:   263061440 kB
VmallocUsed:      133148 kB
VmallocChunk:          0 kB
Percpu:             2520 kB
CmaTotal:         405504 kB
CmaFree:          207736 kB
MemTotal:        7918588 kB
MemFree:         1276008 kB
MemAvailable:    3396984 kB
Buffers:            8940 kB
Cached:          1971724 kB
SwapCached:         7172 kB
Active:          2030176 kB
Inactive:        1986012 kB
Active(anon):    1791320 kB
Inactive(anon):   270180 kB
Active(file):     238856 kB
Inactive(file):  1715832 kB
Unevictable:        6196 kB
Mlocked:            5756 kB
SwapTotal:       4718584 kB
SwapFree:        3648760 kB
Dirty:               620 kB
Writeback:             0 kB
AnonPages:       2037168 kB
Mapped:           963916 kB
Shmem:             21348 kB
KReclaimable:     564704 kB
Slab:             322812 kB
SReclaimable:      93324 kB
SUnreclaim:       229488 kB
KernelStack:       49888 kB
ShadowCallStack:   12484 kB
PageTables:        73020 kB
NFS_Unstable:          0 kB
Bounce:                0 kB
WritebackTmp:          0 kB
CommitLimit:     8677876 kB
Committed_AS:   70760244 kB
VmallocTotal:   263061440 kB
VmallocUsed:      133156 kB
VmallocChunk:          0 kB
Percpu:             2520 kB
CmaTotal:         405504 kB
CmaFree:          207736 kB
MemTotal:        7918588 kB
MemFree:         1235360 kB
MemAvailable:    3355904 kB
Buffers:            8940 kB
Cached:          1971724 kB
SwapCached:         7172 kB
Active:          2071468 kB
Inactive:        1985800 kB
Active(anon):    1832612 kB
Inactive(anon):   269968 kB
Active(file):     238856 kB
Inactive(file):  1715832 kB
Unevictable:        6196 kB
Mlocked:            5756 kB
SwapTotal:       4718584 kB
SwapFree:        3649784 kB
Dirty:               620 kB
Writeback:             0 kB
AnonPages:       2078272 kB
Mapped:           963992 kB
Shmem:             21348 kB
KReclaimable:     564272 kB
Slab:             322788 kB
SReclaimable:      93324 kB
SUnreclaim:       229464 kB
KernelStack:       49824 kB
ShadowCallStack:   12500 kB
PageTables:        73036 kB
NFS_Unstable:          0 kB
Bounce:                0 kB
WritebackTmp:          0 kB
CommitLimit:     8677876 kB
Committed_AS:   70874828 kB
VmallocTotal:   263061440 kB
VmallocUsed:      133112 kB
VmallocChunk:          0 kB
Percpu:             2520 kB
CmaTotal:         405504 kB
CmaFree:          207864 kB
MemTotal:        7918588 kB
MemFree:         1220692 kB
MemAvailable:    3340932 kB
Buffers:            8940 kB
Cached:          1971724 kB
SwapCached:         7172 kB
Active:          2086364 kB
Inactive:        1985796 kB
Active(anon):    1847508 kB
Inactive(anon):   269964 kB
Active(file):     238856 kB
Inactive(file):  1715832 kB
Unevictable:        6196 kB
Mlocked:            5756 kB
SwapTotal:       4718584 kB
SwapFree:        3649784 kB
Dirty:               564 kB
Writeback:             0 kB
AnonPages:       2093252 kB
Mapped:           964260 kB
Shmem:             21348 kB
KReclaimable:     563968 kB
Slab:             322724 kB
SReclaimable:      93324 kB
SUnreclaim:       229400 kB
KernelStack:       49840 kB
ShadowCallStack:   12484 kB
PageTables:        73288 kB
NFS_Unstable:          0 kB
Bounce:                0 kB
WritebackTmp:          0 kB
CommitLimit:     8677876 kB
Committed_AS:   70907600 kB
VmallocTotal:   263061440 kB
VmallocUsed:      133112 kB
VmallocChunk:          0 kB
Percpu:             2520 kB
CmaTotal:         405504 kB
CmaFree:          207860 kB
MemTotal:        7918588 kB
MemFree:         1217200 kB
MemAvailable:    3337440 kB
Buffers:            8940 kB
Cached:          1971724 kB
SwapCached:         7172 kB
Active:          2088368 kB
Inactive:        1985784 kB
Active(anon):    1849512 kB
Inactive(anon):   269952 kB
Active(file):     238856 kB
Inactive(file):  1715832 kB
Unevictable:        6196 kB
Mlocked:            5756 kB
SwapTotal:       4718584 kB
SwapFree:        3649784 kB
Dirty:               564 kB
Writeback:             0 kB
AnonPages:       2095132 kB
Mapped:           964476 kB
Shmem:             21348 kB
KReclaimable:     563968 kB
Slab:             322692 kB
SReclaimable:      93324 kB
SUnreclaim:       229368 kB
KernelStack:       49872 kB
ShadowCallStack:   12508 kB
PageTables:        73172 kB
NFS_Unstable:          0 kB
Bounce:                0 kB
WritebackTmp:          0 kB
CommitLimit:     8677876 kB
Committed_AS:   70907596 kB
VmallocTotal:   263061440 kB
VmallocUsed:      133116 kB
VmallocChunk:          0 kB
Percpu:             2520 kB
CmaTotal:         405504 kB
CmaFree:          207860 kB
MemTotal:        7918588 kB
MemFree:         1166304 kB
MemAvailable:    3285776 kB
Buffers:            8940 kB
Cached:          1971732 kB
SwapCached:         7172 kB
Active:          2139608 kB
Inactive:        1985796 kB
Active(anon):    1900752 kB
Inactive(anon):   269964 kB
Active(file):     238856 kB
Inactive(file):  1715832 kB
Unevictable:        6196 kB
Mlocked:            5756 kB
SwapTotal:       4718584 kB
SwapFree:        3649784 kB
Dirty:               564 kB
Writeback:             0 kB
AnonPages:       2146444 kB
Mapped:           964704 kB
Shmem:             21356 kB
KReclaimable:     563200 kB
Slab:             322608 kB
SReclaimable:      93324 kB
SUnreclaim:       229284 kB
KernelStack:       49856 kB
ShadowCallStack:   12476 kB
PageTables:        73476 kB
NFS_Unstable:          0 kB
Bounce:                0 kB
WritebackTmp:          0 kB
CommitLimit:     8677876 kB
Committed_AS:   71022132 kB
VmallocTotal:   263061440 kB
VmallocUsed:      133128 kB
VmallocChunk:          0 kB
Percpu:             2520 kB
CmaTotal:         405504 kB
CmaFree:          207864 kB
MemTotal:        7918588 kB
MemFree:         1124408 kB
MemAvailable:    3122248 kB
Buffers:            8948 kB
Cached:          1971800 kB
SwapCached:         7172 kB
Active:          2180572 kB
Inactive:        1985780 kB
Active(anon):    1941716 kB
Inactive(anon):   269940 kB
Active(file):     238856 kB
Inactive(file):  1715840 kB
Unevictable:        6196 kB
Mlocked:            5756 kB
SwapTotal:       4718584 kB
SwapFree:        3649784 kB
Dirty:               252 kB
Writeback:             0 kB
AnonPages:       2187540 kB
Mapped:           965396 kB
Shmem:             21424 kB
KReclaimable:     441560 kB
Slab:             322752 kB
SReclaimable:      93324 kB
SUnreclaim:       229428 kB
KernelStack:       50000 kB
ShadowCallStack:   12516 kB
PageTables:        73648 kB
NFS_Unstable:          0 kB
Bounce:                0 kB
WritebackTmp:          0 kB
CommitLimit:     8677876 kB
Committed_AS:   71022528 kB
VmallocTotal:   263061440 kB
VmallocUsed:      133308 kB
VmallocChunk:          0 kB
Percpu:             2520 kB
CmaTotal:         405504 kB
CmaFree:          207864 kB
MemTotal:        7918588 kB
MemFree:         1138696 kB
MemAvailable:    3257588 kB
Buffers:            8948 kB
Cached:          1971900 kB
SwapCached:         7172 kB
Active:          2166476 kB
Inactive:        1985828 kB
Active(anon):    1927620 kB
Inactive(anon):   269988 kB
Active(file):     238856 kB
Inactive(file):  1715840 kB
Unevictable:        6196 kB
Mlocked:            5756 kB
SwapTotal:       4718584 kB
SwapFree:        3649784 kB
Dirty:               272 kB
Writeback:             0 kB
AnonPages:       2173352 kB
Mapped:           965276 kB
Shmem:             21524 kB
KReclaimable:     562612 kB
Slab:             322760 kB
SReclaimable:      93324 kB
SUnreclaim:       229436 kB
KernelStack:       49936 kB
ShadowCallStack:   12500 kB
PageTables:        73620 kB
NFS_Unstable:          0 kB
Bounce:                0 kB
WritebackTmp:          0 kB
CommitLimit:     8677876 kB
Committed_AS:   71087800 kB
VmallocTotal:   263061440 kB
VmallocUsed:      133192 kB
VmallocChunk:          0 kB
Percpu:             2520 kB
CmaTotal:         405504 kB
CmaFree:          207868 kB
MemTotal:        7918588 kB
MemFree:         1106232 kB
MemAvailable:    3224688 kB
Buffers:            8948 kB
Cached:          1971828 kB
SwapCached:         7172 kB
Active:          2199212 kB
Inactive:        1985812 kB
Active(anon):    1960272 kB
Inactive(anon):   269968 kB
Active(file):     238940 kB
Inactive(file):  1715844 kB
Unevictable:        6196 kB
Mlocked:            5756 kB
SwapTotal:       4718584 kB
SwapFree:        3649784 kB
Dirty:               272 kB
Writeback:             0 kB
AnonPages:       2206004 kB
Mapped:           965404 kB
Shmem:             21364 kB
KReclaimable:     562088 kB
Slab:             322808 kB
SReclaimable:      93324 kB
SUnreclaim:       229484 kB
KernelStack:       49888 kB
ShadowCallStack:   12496 kB
PageTables:        73788 kB
NFS_Unstable:          0 kB
Bounce:                0 kB
WritebackTmp:          0 kB
CommitLimit:     8677876 kB
Committed_AS:   71169592 kB
VmallocTotal:   263061440 kB
VmallocUsed:      133152 kB
VmallocChunk:          0 kB
Percpu:             2520 kB
CmaTotal:         405504 kB
CmaFree:          207864 kB
MemTotal:        7918588 kB
MemFree:         1105144 kB
MemAvailable:    3223600 kB
Buffers:            8948 kB
Cached:          1971828 kB
SwapCached:         7172 kB
Active:          2199052 kB
Inactive:        1985800 kB
Active(anon):    1960112 kB
Inactive(anon):   269956 kB
Active(file):     238940 kB
Inactive(file):  1715844 kB
Unevictable:        6196 kB
Mlocked:            5756 kB
SwapTotal:       4718584 kB
SwapFree:        3649784 kB
Dirty:               276 kB
Writeback:             0 kB
AnonPages:       2205808 kB
Mapped:           965284 kB
Shmem:             21364 kB
KReclaimable:     562088 kB
Slab:             322948 kB
SReclaimable:      93324 kB
SUnreclaim:       229624 kB
KernelStack:       49904 kB
ShadowCallStack:   12480 kB
PageTables:        73876 kB
NFS_Unstable:          0 kB
Bounce:                0 kB
WritebackTmp:          0 kB
CommitLimit:     8677876 kB
Committed_AS:   71169596 kB
VmallocTotal:   263061440 kB
VmallocUsed:      133160 kB
VmallocChunk:          0 kB
Percpu:             2520 kB
CmaTotal:         405504 kB
CmaFree:          207864 kB
MemTotal:        7918588 kB
MemFree:         1068172 kB
MemAvailable:    3186216 kB
Buffers:            8948 kB
Cached:          1971856 kB
SwapCached:         7172 kB
Active:          2237948 kB
Inactive:        1985840 kB
Active(anon):    1999008 kB
Inactive(anon):   269968 kB
Active(file):     238940 kB
Inactive(file):  1715872 kB
Unevictable:        6196 kB
Mlocked:            5756 kB
SwapTotal:       4718584 kB
SwapFree:        3649784 kB
Dirty:               300 kB
Writeback:             0 kB
AnonPages:       2244780 kB
Mapped:           965780 kB
Shmem:             21364 kB
KReclaimable:     561648 kB
Slab:             322776 kB
SReclaimable:      93324 kB
SUnreclaim:       229452 kB
KernelStack:       49840 kB
ShadowCallStack:   12508 kB
PageTables:        73932 kB
NFS_Unstable:          0 kB
Bounce:                0 kB
WritebackTmp:          0 kB
CommitLimit:     8677876 kB
Committed_AS:   71267852 kB
VmallocTotal:   263061440 kB
VmallocUsed:      133116 kB
VmallocChunk:          0 kB
Percpu:             2520 kB
CmaTotal:         405504 kB
CmaFree:          207864 kB
MemTotal:        7918588 kB
MemFree:         1049924 kB
MemAvailable:    3167524 kB
Buffers:            8980 kB
Cached:          1971828 kB
SwapCached:         7172 kB
Active:          2254848 kB
Inactive:        1985812 kB
Active(anon):    2015908 kB
Inactive(anon):   269936 kB
Active(file):     238940 kB
Inactive(file):  1715876 kB
Unevictable:        6196 kB
Mlocked:            5756 kB
SwapTotal:       4718584 kB
SwapFree:        3650040 kB
Dirty:               164 kB
Writeback:             0 kB
AnonPages:       2261628 kB
Mapped:           965948 kB
Shmem:             21364 kB
KReclaimable:     561200 kB
Slab:             322804 kB
SReclaimable:      93324 kB
SUnreclaim:       229480 kB
KernelStack:       49872 kB
ShadowCallStack:   12492 kB
PageTables:        73972 kB
NFS_Unstable:          0 kB
Bounce:                0 kB
WritebackTmp:          0 kB
CommitLimit:     8677876 kB
Committed_AS:   71284124 kB
VmallocTotal:   263061440 kB
VmallocUsed:      133132 kB
VmallocChunk:          0 kB
Percpu:             2520 kB
CmaTotal:         405504 kB
CmaFree:          207864 kB
MemTotal:        7918588 kB
MemFree:         1048504 kB
MemAvailable:    3166104 kB
Buffers:            8980 kB
Cached:          1971828 kB
SwapCached:         7172 kB
Active:          2256524 kB
Inactive:        1985808 kB
Active(anon):    2017584 kB
Inactive(anon):   269932 kB
Active(file):     238940 kB
Inactive(file):  1715876 kB
Unevictable:        6196 kB
Mlocked:            5756 kB
SwapTotal:       4718584 kB
SwapFree:        3650040 kB
Dirty:               164 kB
Writeback:             0 kB
AnonPages:       2263232 kB
Mapped:           966000 kB
Shmem:             21364 kB
KReclaimable:     561200 kB
Slab:             322780 kB
SReclaimable:      93324 kB
SUnreclaim:       229456 kB
KernelStack:       49888 kB
ShadowCallStack:   12500 kB
PageTables:        74212 kB
NFS_Unstable:          0 kB
Bounce:                0 kB
WritebackTmp:          0 kB
CommitLimit:     8677876 kB
Committed_AS:   71284128 kB
VmallocTotal:   263061440 kB
VmallocUsed:      133136 kB
VmallocChunk:          0 kB
Percpu:             2520 kB
CmaTotal:         405504 kB
CmaFree:          207864 kB
MemTotal:        7918588 kB
MemFree:         1000548 kB
MemAvailable:    3117484 kB
Buffers:            8980 kB
Cached:          1971828 kB
SwapCached:         7172 kB
Active:          2305280 kB
Inactive:        1985796 kB
Active(anon):    2066340 kB
Inactive(anon):   269920 kB
Active(file):     238940 kB
Inactive(file):  1715876 kB
Unevictable:        6196 kB
Mlocked:            5756 kB
SwapTotal:       4718584 kB
SwapFree:        3650040 kB
Dirty:               192 kB
Writeback:             0 kB
AnonPages:       2312012 kB
Mapped:           966372 kB
Shmem:             21364 kB
KReclaimable:     560536 kB
Slab:             322940 kB
SReclaimable:      93324 kB
SUnreclaim:       229616 kB
KernelStack:       49872 kB
ShadowCallStack:   12492 kB
PageTables:        74228 kB
NFS_Unstable:          0 kB
Bounce:                0 kB
WritebackTmp:          0 kB
CommitLimit:     8677876 kB
Committed_AS:   71398812 kB
VmallocTotal:   263061440 kB
VmallocUsed:      133136 kB
VmallocChunk:          0 kB
Percpu:             2520 kB
CmaTotal:         405504 kB
CmaFree:          207864 kB
MemTotal:        7918588 kB
MemFree:          991192 kB
MemAvailable:    3108080 kB
Buffers:            8980 kB
Cached:          1971828 kB
SwapCached:         7172 kB
Active:          2312844 kB
Inactive:        1985792 kB
Active(anon):    2073904 kB
Inactive(anon):   269916 kB
Active(file):     238940 kB
Inactive(file):  1715876 kB
Unevictable:        6196 kB
Mlocked:            5756 kB
SwapTotal:       4718584 kB
SwapFree:        3650040 kB
Dirty:               196 kB
Writeback:             0 kB
AnonPages:       2319548 kB
Mapped:           966508 kB
Shmem:             21364 kB
KReclaimable:     560488 kB
Slab:             322932 kB
SReclaimable:      93324 kB
SUnreclaim:       229608 kB
KernelStack:       49856 kB
ShadowCallStack:   12488 kB
PageTables:        74352 kB
NFS_Unstable:          0 kB
Bounce:                0 kB
WritebackTmp:          0 kB
CommitLimit:     8677876 kB
Committed_AS:   71415200 kB
VmallocTotal:   263061440 kB
VmallocUsed:      133136 kB
VmallocChunk:          0 kB
Percpu:             2520 kB
CmaTotal:         405504 kB
CmaFree:          207864 kB
MemTotal:        7918588 kB
MemFree:          971216 kB
MemAvailable:    3087800 kB
Buffers:            8980 kB
Cached:          1971828 kB
SwapCached:         7172 kB
Active:          2334276 kB
Inactive:        1985804 kB
Active(anon):    2095336 kB
Inactive(anon):   269928 kB
Active(file):     238940 kB
Inactive(file):  1715876 kB
Unevictable:        6196 kB
Mlocked:            5756 kB
SwapTotal:       4718584 kB
SwapFree:        3650040 kB
Dirty:               196 kB
Writeback:             0 kB
AnonPages:       2341060 kB
Mapped:           966736 kB
Shmem:             21364 kB
KReclaimable:     560184 kB
Slab:             322960 kB
SReclaimable:      93324 kB
SUnreclaim:       229636 kB
KernelStack:       49904 kB
ShadowCallStack:   12496 kB
PageTables:        74508 kB
NFS_Unstable:          0 kB
Bounce:                0 kB
WritebackTmp:          0 kB
CommitLimit:     8677876 kB
Committed_AS:   71464348 kB
VmallocTotal:   263061440 kB
VmallocUsed:      133136 kB
VmallocChunk:          0 kB
Percpu:             2520 kB
CmaTotal:         405504 kB
CmaFree:          207864 kB
MemTotal:        7918588 kB
MemFree:          934448 kB
MemAvailable:    3050316 kB
Buffers:            8988 kB
Cached:          1971824 kB
SwapCached:         7172 kB
Active:          2369692 kB
Inactive:        1985800 kB
Active(anon):    2130752 kB
Inactive(anon):   269920 kB
Active(file):     238940 kB
Inactive(file):  1715880 kB
Unevictable:        6196 kB
Mlocked:            5756 kB
SwapTotal:       4718584 kB
SwapFree:        3650040 kB
Dirty:               196 kB
Writeback:             0 kB
AnonPages:       2376576 kB
Mapped:           966864 kB
Shmem:             21364 kB
KReclaimable:     559464 kB
Slab:             322872 kB
SReclaimable:      93324 kB
SUnreclaim:       229548 kB
KernelStack:       49856 kB
ShadowCallStack:   12500 kB
PageTables:        74416 kB
NFS_Unstable:          0 kB
Bounce:                0 kB
WritebackTmp:          0 kB
CommitLimit:     8677876 kB
Committed_AS:   71562652 kB
VmallocTotal:   263061440 kB
VmallocUsed:      133136 kB
VmallocChunk:          0 kB
Percpu:             2520 kB
CmaTotal:         405504 kB
CmaFree:          207864 kB
MemTotal:        7918588 kB
MemFree:          934492 kB
MemAvailable:    3050372 kB
Buffers:            8996 kB
Cached:          1971828 kB
SwapCached:         7172 kB
Active:          2370228 kB
Inactive:        1985812 kB
Active(anon):    2131288 kB
Inactive(anon):   269920 kB
Active(file):     238940 kB
Inactive(file):  1715892 kB
Unevictable:        6196 kB
Mlocked:            5756 kB
SwapTotal:       4718584 kB
SwapFree:        3650040 kB
Dirty:               264 kB
Writeback:             0 kB
AnonPages:       2376956 kB
Mapped:           967132 kB
Shmem:             21364 kB
KReclaimable:     559464 kB
Slab:             323068 kB
SReclaimable:      93324 kB
SUnreclaim:       229744 kB
KernelStack:       49888 kB
ShadowCallStack:   12484 kB
PageTables:        74480 kB
NFS_Unstable:          0 kB
Bounce:                0 kB
WritebackTmp:          0 kB
CommitLimit:     8677876 kB
Committed_AS:   71562652 kB
VmallocTotal:   263061440 kB
VmallocUsed:      133132 kB
VmallocChunk:          0 kB
Percpu:             2520 kB
CmaTotal:         405504 kB
CmaFree:          207864 kB
MemTotal:        7918588 kB
MemFree:          894008 kB
MemAvailable:    3009408 kB
Buffers:            8996 kB
Cached:          1971828 kB
SwapCached:         7172 kB
Active:          2411720 kB
Inactive:        1985812 kB
Active(anon):    2172780 kB
Inactive(anon):   269920 kB
Active(file):     238940 kB
Inactive(file):  1715892 kB
Unevictable:        6196 kB
Mlocked:            5756 kB
SwapTotal:       4718584 kB
SwapFree:        3650040 kB
Dirty:               288 kB
Writeback:             0 kB
AnonPages:       2418356 kB
Mapped:           967288 kB
Shmem:             21364 kB
KReclaimable:     558984 kB
Slab:             322904 kB
SReclaimable:      93324 kB
SUnreclaim:       229580 kB
KernelStack:       49824 kB
ShadowCallStack:   12528 kB
PageTables:        74776 kB
NFS_Unstable:          0 kB
Bounce:                0 kB
WritebackTmp:          0 kB
CommitLimit:     8677876 kB
Committed_AS:   71661932 kB
VmallocTotal:   263061440 kB
VmallocUsed:      133116 kB
VmallocChunk:          0 kB
Percpu:             2520 kB
CmaTotal:         405504 kB
CmaFree:          207864 kB
MemTotal:        7918588 kB
MemFree:          877496 kB
MemAvailable:    2992520 kB
Buffers:            8996 kB
Cached:          1971832 kB
SwapCached:         7172 kB
Active:          2426888 kB
Inactive:        1985812 kB
Active(anon):    2187948 kB
Inactive(anon):   269920 kB
Active(file):     238940 kB
Inactive(file):  1715892 kB
Unevictable:        6196 kB
Mlocked:            5756 kB
SwapTotal:       4718584 kB
SwapFree:        3650040 kB
Dirty:               288 kB
Writeback:             0 kB
AnonPages:       2433684 kB
Mapped:           967628 kB
Shmem:             21368 kB
KReclaimable:     558608 kB
Slab:             322876 kB
SReclaimable:      93324 kB
SUnreclaim:       229552 kB
KernelStack:       49840 kB
ShadowCallStack:   12504 kB
PageTables:        74848 kB
NFS_Unstable:          0 kB
Bounce:                0 kB
WritebackTmp:          0 kB
CommitLimit:     8677876 kB
Committed_AS:   71678320 kB
VmallocTotal:   263061440 kB
VmallocUsed:      133100 kB
VmallocChunk:          0 kB
Percpu:             2520 kB
CmaTotal:         405504 kB
CmaFree:          207864 kB
MemTotal:        7918588 kB
MemFree:          876204 kB
MemAvailable:    2991212 kB
Buffers:            9116 kB
Cached:          1971848 kB
SwapCached:         7172 kB
Active:          2428756 kB
Inactive:        1985940 kB
Active(anon):    2189816 kB
Inactive(anon):   269920 kB
Active(file):     238940 kB
Inactive(file):  1716020 kB
Unevictable:        6196 kB
Mlocked:            5756 kB
SwapTotal:       4718584 kB
SwapFree:        3650296 kB
Dirty:               352 kB
Writeback:             0 kB
AnonPages:       2435536 kB
Mapped:           967652 kB
Shmem:             21376 kB
KReclaimable:     558464 kB
Slab:             322956 kB
SReclaimable:      93324 kB
SUnreclaim:       229632 kB
KernelStack:       49840 kB
ShadowCallStack:   12492 kB
PageTables:        74816 kB
NFS_Unstable:          0 kB
Bounce:                0 kB
WritebackTmp:          0 kB
CommitLimit:     8677876 kB
Committed_AS:   71694700 kB
VmallocTotal:   263061440 kB
VmallocUsed:      133116 kB
VmallocChunk:          0 kB
Percpu:             2520 kB
CmaTotal:         405504 kB
CmaFree:          207864 kB
MemTotal:        7918588 kB
MemFree:          821776 kB
MemAvailable:    2936140 kB
Buffers:            9140 kB
Cached:          1971856 kB
SwapCached:         7172 kB
Active:          2484260 kB
Inactive:        1985964 kB
Active(anon):    2245320 kB
Inactive(anon):   269916 kB
Active(file):     238940 kB
Inactive(file):  1716048 kB
Unevictable:        6196 kB
Mlocked:            5756 kB
SwapTotal:       4718584 kB
SwapFree:        3650296 kB
Dirty:               352 kB
Writeback:             0 kB
AnonPages:       2490924 kB
Mapped:           968008 kB
Shmem:             21380 kB
KReclaimable:     557792 kB
Slab:             323044 kB
SReclaimable:      93324 kB
SUnreclaim:       229720 kB
KernelStack:       49824 kB
ShadowCallStack:   12484 kB
PageTables:        74892 kB
NFS_Unstable:          0 kB
Bounce:                0 kB
WritebackTmp:          0 kB
CommitLimit:     8677876 kB
Committed_AS:   71825776 kB
VmallocTotal:   263061440 kB
VmallocUsed:      133112 kB
VmallocChunk:          0 kB
Percpu:             2520 kB
CmaTotal:         405504 kB
CmaFree:          197384 kB
MemTotal:        7918588 kB
MemFree:          820944 kB
MemAvailable:    2935336 kB
Buffers:            9164 kB
Cached:          1971864 kB
SwapCached:         7172 kB
Active:          2484732 kB
Inactive:        1985992 kB
Active(anon):    2245792 kB
Inactive(anon):   269916 kB
Active(file):     238940 kB
Inactive(file):  1716076 kB
Unevictable:        6196 kB
Mlocked:            5756 kB
SwapTotal:       4718584 kB
SwapFree:        3650552 kB
Dirty:               392 kB
Writeback:            12 kB
AnonPages:       2491476 kB
Mapped:           968036 kB
Shmem:             21384 kB
KReclaimable:     557792 kB
Slab:             323128 kB
SReclaimable:      93324 kB
SUnreclaim:       229804 kB
KernelStack:       49856 kB
ShadowCallStack:   12488 kB
PageTables:        74984 kB
NFS_Unstable:          0 kB
Bounce:                0 kB
WritebackTmp:          0 kB
CommitLimit:     8677876 kB
Committed_AS:   71825776 kB
VmallocTotal:   263061440 kB
VmallocUsed:      133116 kB
VmallocChunk:          0 kB
Percpu:             2520 kB
CmaTotal:         405504 kB
CmaFree:          195960 kB
MemTotal:        7918588 kB
MemFree:          799076 kB
MemAvailable:    2913036 kB
Buffers:            9164 kB
Cached:          1971872 kB
SwapCached:         7172 kB
Active:          2506604 kB
Inactive:        1986004 kB
Active(anon):    2267664 kB
Inactive(anon):   269920 kB
Active(file):     238940 kB
Inactive(file):  1716084 kB
Unevictable:        6196 kB
Mlocked:            5756 kB
SwapTotal:       4718584 kB
SwapFree:        3650552 kB
Dirty:               404 kB
Writeback:             0 kB
AnonPages:       2513348 kB
Mapped:           968460 kB
Shmem:             21384 kB
KReclaimable:     557352 kB
Slab:             323156 kB
SReclaimable:      93308 kB
SUnreclaim:       229848 kB
KernelStack:       49856 kB
ShadowCallStack:   12488 kB
PageTables:        75152 kB
NFS_Unstable:          0 kB
Bounce:                0 kB
WritebackTmp:          0 kB
CommitLimit:     8677876 kB
Committed_AS:   71875040 kB
VmallocTotal:   263061440 kB
VmallocUsed:      133116 kB
VmallocChunk:          0 kB
Percpu:             2520 kB
CmaTotal:         405504 kB
CmaFree:          174080 kB
MemTotal:        7918588 kB
MemFree:          764096 kB
MemAvailable:    2877576 kB
Buffers:            9164 kB
Cached:          1971872 kB
SwapCached:         7172 kB
Active:          2541072 kB
Inactive:        1986000 kB
Active(anon):    2302132 kB
Inactive(anon):   269916 kB
Active(file):     238940 kB
Inactive(file):  1716084 kB
Unevictable:        6196 kB
Mlocked:            5756 kB
SwapTotal:       4718584 kB
SwapFree:        3650552 kB
Dirty:               404 kB
Writeback:             0 kB
AnonPages:       2547792 kB
Mapped:           968772 kB
Shmem:             21384 kB
KReclaimable:     556872 kB
Slab:             323052 kB
SReclaimable:      93308 kB
SUnreclaim:       229744 kB
KernelStack:       49808 kB
ShadowCallStack:   12472 kB
PageTables:        75172 kB
NFS_Unstable:          0 kB
Bounce:                0 kB
WritebackTmp:          0 kB
CommitLimit:     8677876 kB
Committed_AS:   71956804 kB
VmallocTotal:   263061440 kB
VmallocUsed:      133032 kB
VmallocChunk:          0 kB
Percpu:             2520 kB
CmaTotal:         405504 kB
CmaFree:          139312 kB
MemTotal:        7918588 kB
MemFree:          764892 kB
MemAvailable:    2878356 kB
Buffers:            9164 kB
Cached:          1971856 kB
SwapCached:         7172 kB
Active:          2541240 kB
Inactive:        1985980 kB
Active(anon):    2302300 kB
Inactive(anon):   269912 kB
Active(file):     238940 kB
Inactive(file):  1716068 kB
Unevictable:        6196 kB
Mlocked:            5756 kB
SwapTotal:       4718584 kB
SwapFree:        3650808 kB
Dirty:               388 kB
Writeback:             8 kB
AnonPages:       2547920 kB
Mapped:           968620 kB
Shmem:             21384 kB
KReclaimable:     556872 kB
Slab:             323108 kB
SReclaimable:      93308 kB
SUnreclaim:       229800 kB
KernelStack:       49728 kB
ShadowCallStack:   12468 kB
PageTables:        75080 kB
NFS_Unstable:          0 kB
Bounce:                0 kB
WritebackTmp:          0 kB
CommitLimit:     8677876 kB
Committed_AS:   71956700 kB
VmallocTotal:   263061440 kB
VmallocUsed:      133016 kB
VmallocChunk:          0 kB
Percpu:             2520 kB
CmaTotal:         405504 kB
CmaFree:          138292 kB
MemTotal:        7918588 kB
MemFree:          723724 kB
MemAvailable:    2836660 kB
Buffers:            9164 kB
Cached:          1971872 kB
SwapCached:         7172 kB
Active:          2581004 kB
Inactive:        1986000 kB
Active(anon):    2342064 kB
Inactive(anon):   269916 kB
Active(file):     238940 kB
Inactive(file):  1716084 kB
Unevictable:        6196 kB
Mlocked:            5756 kB
SwapTotal:       4718584 kB
SwapFree:        3650808 kB
Dirty:               128 kB
Writeback:             0 kB
AnonPages:       2587832 kB
Mapped:           969084 kB
Shmem:             21384 kB
KReclaimable:     556328 kB
Slab:             323120 kB
SReclaimable:      93308 kB
SUnreclaim:       229812 kB
KernelStack:       49696 kB
ShadowCallStack:   12448 kB
PageTables:        75448 kB
NFS_Unstable:          0 kB
Bounce:                0 kB
WritebackTmp:          0 kB
CommitLimit:     8677876 kB
Committed_AS:   72071128 kB
VmallocTotal:   263061440 kB
VmallocUsed:      132912 kB
VmallocChunk:          0 kB
Percpu:             2520 kB
CmaTotal:         405504 kB
CmaFree:           98716 kB
MemTotal:        7918588 kB
MemFree:          677712 kB
MemAvailable:    2670660 kB
Buffers:            9172 kB
Cached:          1971880 kB
SwapCached:         7172 kB
Active:          2627032 kB
Inactive:        1985992 kB
Active(anon):    2388092 kB
Inactive(anon):   269908 kB
Active(file):     238940 kB
Inactive(file):  1716084 kB
Unevictable:        6196 kB
Mlocked:            5756 kB
SwapTotal:       4718584 kB
SwapFree:        3650808 kB
Dirty:               128 kB
Writeback:             0 kB
AnonPages:       2633580 kB
Mapped:           969572 kB
Shmem:             21400 kB
KReclaimable:     436340 kB
Slab:             323184 kB
SReclaimable:      93308 kB
SUnreclaim:       229876 kB
KernelStack:       49728 kB
ShadowCallStack:   12472 kB
PageTables:        75476 kB
NFS_Unstable:          0 kB
Bounce:                0 kB
WritebackTmp:          0 kB
CommitLimit:     8677876 kB
Committed_AS:   72104188 kB
VmallocTotal:   263061440 kB
VmallocUsed:      133016 kB
VmallocChunk:          0 kB
Percpu:             2520 kB
CmaTotal:         405504 kB
CmaFree:           53324 kB
MemTotal:        7918588 kB
MemFree:          667724 kB
MemAvailable:    2658868 kB
Buffers:            9172 kB
Cached:          1971956 kB
SwapCached:         7172 kB
Active:          2637020 kB
Inactive:        1986016 kB
Active(anon):    2398080 kB
Inactive(anon):   269924 kB
Active(file):     238940 kB
Inactive(file):  1716092 kB
Unevictable:        6196 kB
Mlocked:            5756 kB
SwapTotal:       4718584 kB
SwapFree:        3650808 kB
Dirty:               208 kB
Writeback:             0 kB
AnonPages:       2643588 kB
Mapped:           969976 kB
Shmem:             21468 kB
KReclaimable:     434528 kB
Slab:             323352 kB
SReclaimable:      93308 kB
SUnreclaim:       230044 kB
KernelStack:       49744 kB
ShadowCallStack:   12488 kB
PageTables:        75816 kB
NFS_Unstable:          0 kB
Bounce:                0 kB
WritebackTmp:          0 kB
CommitLimit:     8677876 kB
Committed_AS:   72104192 kB
VmallocTotal:   263061440 kB
VmallocUsed:      133040 kB
VmallocChunk:          0 kB
Percpu:             2520 kB
CmaTotal:         405504 kB
CmaFree:           43204 kB
MemTotal:        7918588 kB
MemFree:          656128 kB
MemAvailable:    2767800 kB
Buffers:            9172 kB
Cached:          1971868 kB
SwapCached:         7172 kB
Active:          2648856 kB
Inactive:        1986008 kB
Active(anon):    2409916 kB
Inactive(anon):   269916 kB
Active(file):     238940 kB
Inactive(file):  1716092 kB
Unevictable:        6196 kB
Mlocked:            5756 kB
SwapTotal:       4718584 kB
SwapFree:        3650808 kB
Dirty:               208 kB
Writeback:             0 kB
AnonPages:       2655588 kB
Mapped:           969796 kB
Shmem:             21380 kB
KReclaimable:     555056 kB
Slab:             323236 kB
SReclaimable:      93308 kB
SUnreclaim:       229928 kB
KernelStack:       49552 kB
ShadowCallStack:   12448 kB
PageTables:        75872 kB
NFS_Unstable:          0 kB
Bounce:                0 kB
WritebackTmp:          0 kB
CommitLimit:     8677876 kB
Committed_AS:   72234556 kB
VmallocTotal:   263061440 kB
VmallocUsed:      132756 kB
VmallocChunk:          0 kB
Percpu:             2520 kB
CmaTotal:         405504 kB
CmaFree:           30724 kB
MemTotal:        7918588 kB
MemFree:          652876 kB
MemAvailable:    2764548 kB
Buffers:            9172 kB
Cached:          1971880 kB
SwapCached:         7172 kB
Active:          2651384 kB
Inactive:        1986012 kB
Active(anon):    2412444 kB
Inactive(anon):   269920 kB
Active(file):     238940 kB
Inactive(file):  1716092 kB
Unevictable:        6196 kB
Mlocked:            5756 kB
SwapTotal:       4718584 kB
SwapFree:        3650808 kB
Dirty:               208 kB
Writeback:             0 kB
AnonPages:       2658120 kB
Mapped:           969732 kB
Shmem:             21392 kB
KReclaimable:     555056 kB
Slab:             323200 kB
SReclaimable:      93308 kB
SUnreclaim:       229892 kB
KernelStack:       49552 kB
ShadowCallStack:   12408 kB
PageTables:        75880 kB
NFS_Unstable:          0 kB
Bounce:                0 kB
WritebackTmp:          0 kB
CommitLimit:     8677876 kB
Committed_AS:   72234508 kB
VmallocTotal:   263061440 kB
VmallocUsed:      132732 kB
VmallocChunk:          0 kB
Percpu:             2520 kB
CmaTotal:         405504 kB
CmaFree:           28804 kB
MemTotal:        7918588 kB
MemFree:          634404 kB
MemAvailable:    2745848 kB
Buffers:            9180 kB
Cached:          1971884 kB
SwapCached:         7172 kB
Active:          2671508 kB
Inactive:        1986024 kB
Active(anon):    2432568 kB
Inactive(anon):   269920 kB
Active(file):     238940 kB
Inactive(file):  1716104 kB
Unevictable:        6196 kB
Mlocked:            5756 kB
SwapTotal:       4718584 kB
SwapFree:        3650808 kB
Dirty:               272 kB
Writeback:             0 kB
AnonPages:       2678060 kB
Mapped:           969892 kB
Shmem:             21392 kB
KReclaimable:     554816 kB
Slab:             323196 kB
SReclaimable:      93308 kB
SUnreclaim:       229888 kB
KernelStack:       49488 kB
ShadowCallStack:   12412 kB
PageTables:        75792 kB
NFS_Unstable:          0 kB
Bounce:                0 kB
WritebackTmp:          0 kB
CommitLimit:     8677876 kB
Committed_AS:   72299940 kB
VmallocTotal:   263061440 kB
VmallocUsed:      132664 kB
VmallocChunk:          0 kB
Percpu:             2520 kB
CmaTotal:         405504 kB
CmaFree:           10432 kB
MemTotal:        7918588 kB
MemFree:          599900 kB
MemAvailable:    2710816 kB
Buffers:            9204 kB
Cached:          1971884 kB
SwapCached:         7172 kB
Active:          2706232 kB
Inactive:        1986048 kB
Active(anon):    2467292 kB
Inactive(anon):   269920 kB
Active(file):     238940 kB
Inactive(file):  1716128 kB
Unevictable:        6196 kB
Mlocked:            5756 kB
SwapTotal:       4718584 kB
SwapFree:        3650808 kB
Dirty:               308 kB
Writeback:             0 kB
AnonPages:       2712952 kB
Mapped:           970304 kB
Shmem:             21392 kB
KReclaimable:     554264 kB
Slab:             323292 kB
SReclaimable:      93308 kB
SUnreclaim:       229984 kB
KernelStack:       49504 kB
ShadowCallStack:   12400 kB
PageTables:        76136 kB
NFS_Unstable:          0 kB
Bounce:                0 kB
WritebackTmp:          0 kB
CommitLimit:     8677876 kB
Committed_AS:   72365476 kB
VmallocTotal:   263061440 kB
VmallocUsed:      132688 kB
VmallocChunk:          0 kB
Percpu:             2520 kB
CmaTotal:         405504 kB
CmaFree:               0 kB
MemTotal:        7918588 kB
MemFree:          598640 kB
MemAvailable:    2709556 kB
Buffers:            9204 kB
Cached:          1971884 kB
SwapCached:         7172 kB
Active:          2706048 kB
Inactive:        1986048 kB
Active(anon):    2467108 kB
Inactive(anon):   269920 kB
Active(file):     238940 kB
Inactive(file):  1716128 kB
Unevictable:        6196 kB
Mlocked:            5756 kB
SwapTotal:       4718584 kB
SwapFree:        3650808 kB
Dirty:               332 kB
Writeback:             0 kB
AnonPages:       2712788 kB
Mapped:           970292 kB
Shmem:             21392 kB
KReclaimable:     554264 kB
Slab:             323320 kB
SReclaimable:      93308 kB
SUnreclaim:       230012 kB
KernelStack:       49520 kB
ShadowCallStack:   12404 kB
PageTables:        76140 kB
NFS_Unstable:          0 kB
Bounce:                0 kB
WritebackTmp:          0 kB
CommitLimit:     8677876 kB
Committed_AS:   72365476 kB
VmallocTotal:   263061440 kB
VmallocUsed:      132692 kB
VmallocChunk:          0 kB
Percpu:             2520 kB
CmaTotal:         405504 kB
CmaFree:               0 kB
MemTotal:        7918588 kB
MemFree:          562268 kB
MemAvailable:    2672664 kB
Buffers:            9204 kB
Cached:          1971888 kB
SwapCached:         7172 kB
Active:          2743128 kB
Inactive:        1986044 kB
Active(anon):    2504188 kB
Inactive(anon):   269916 kB
Active(file):     238940 kB
Inactive(file):  1716128 kB
Unevictable:        6196 kB
Mlocked:            5756 kB
SwapTotal:       4718584 kB
SwapFree:        3650808 kB
Dirty:               332 kB
Writeback:             0 kB
AnonPages:       2749724 kB
Mapped:           970656 kB
Shmem:             21396 kB
KReclaimable:     553744 kB
Slab:             323488 kB
SReclaimable:      93308 kB
SUnreclaim:       230180 kB
KernelStack:       49504 kB
ShadowCallStack:   12396 kB
PageTables:        76276 kB
NFS_Unstable:          0 kB
Bounce:                0 kB
WritebackTmp:          0 kB
CommitLimit:     8677876 kB
Committed_AS:   72463784 kB
VmallocTotal:   263061440 kB
VmallocUsed:      132696 kB
VmallocChunk:          0 kB
Percpu:             2520 kB
CmaTotal:         405504 kB
CmaFree:              72 kB
MemTotal:        7918588 kB
MemFree:          542516 kB
MemAvailable:    2652528 kB
Buffers:            9204 kB
Cached:          1971888 kB
SwapCached:         7172 kB
Active:          2762440 kB
Inactive:        1986048 kB
Active(anon):    2523500 kB
Inactive(anon):   269920 kB
Active(file):     238940 kB
Inactive(file):  1716128 kB
Unevictable:        6196 kB
Mlocked:            5756 kB
SwapTotal:       4718584 kB
SwapFree:        3650808 kB
Dirty:               332 kB
Writeback:             0 kB
AnonPages:       2769140 kB
Mapped:           970876 kB
Shmem:             21396 kB
KReclaimable:     553360 kB
Slab:             323336 kB
SReclaimable:      93308 kB
SUnreclaim:       230028 kB
KernelStack:       49504 kB
ShadowCallStack:   12372 kB
PageTables:        76392 kB
NFS_Unstable:          0 kB
Bounce:                0 kB
WritebackTmp:          0 kB
CommitLimit:     8677876 kB
Committed_AS:   72512936 kB
VmallocTotal:   263061440 kB
VmallocUsed:      132692 kB
VmallocChunk:          0 kB
Percpu:             2520 kB
CmaTotal:         405504 kB
CmaFree:               0 kB
MemTotal:        7918588 kB
MemFree:          541472 kB
MemAvailable:    2651340 kB
Buffers:            9204 kB
Cached:          1971888 kB
SwapCached:         7172 kB
Active:          2764100 kB
Inactive:        1986048 kB
Active(anon):    2525160 kB
Inactive(anon):   269920 kB
Active(file):     238940 kB
Inactive(file):  1716128 kB
Unevictable:        6196 kB
Mlocked:            5756 kB
SwapTotal:       4718584 kB
SwapFree:        3650808 kB
Dirty:               124 kB
Writeback:             0 kB
AnonPages:       2770832 kB
Mapped:           970968 kB
Shmem:             21396 kB
KReclaimable:     553216 kB
Slab:             323440 kB
SReclaimable:      93308 kB
SUnreclaim:       230132 kB
KernelStack:       49472 kB
ShadowCallStack:   12392 kB
PageTables:        76428 kB
NFS_Unstable:          0 kB
Bounce:                0 kB
WritebackTmp:          0 kB
CommitLimit:     8677876 kB
Committed_AS:   72529216 kB
VmallocTotal:   263061440 kB
VmallocUsed:      132672 kB
VmallocChunk:          0 kB
Percpu:             2520 kB
CmaTotal:         405504 kB
CmaFree:               0 kB
MemTotal:        7918588 kB
MemFree:          489884 kB
MemAvailable:    2598960 kB
Buffers:            9204 kB
Cached:          1971904 kB
SwapCached:         7172 kB
Active:          2816192 kB
Inactive:        1986048 kB
Active(anon):    2577252 kB
Inactive(anon):   269920 kB
Active(file):     238940 kB
Inactive(file):  1716128 kB
Unevictable:        6196 kB
Mlocked:            5756 kB
SwapTotal:       4718584 kB
SwapFree:        3650808 kB
Dirty:               124 kB
Writeback:             0 kB
AnonPages:       2822864 kB
Mapped:           971360 kB
Shmem:             21412 kB
KReclaimable:     552424 kB
Slab:             323448 kB
SReclaimable:      93308 kB
SUnreclaim:       230140 kB
KernelStack:       49472 kB
ShadowCallStack:   12392 kB
PageTables:        76668 kB
NFS_Unstable:          0 kB
Bounce:                0 kB
WritebackTmp:          0 kB
CommitLimit:     8677876 kB
Committed_AS:   72643924 kB
VmallocTotal:   263061440 kB
VmallocUsed:      132640 kB
VmallocChunk:          0 kB
Percpu:             2520 kB
CmaTotal:         405504 kB
CmaFree:               0 kB
MemTotal:        7918588 kB
MemFree:          486880 kB
MemAvailable:    2595932 kB
Buffers:            9212 kB
Cached:          1971896 kB
SwapCached:         7172 kB
Active:          2818872 kB
Inactive:        1986052 kB
Active(anon):    2579932 kB
Inactive(anon):   269924 kB
Active(file):     238940 kB
Inactive(file):  1716128 kB
Unevictable:        6196 kB
Mlocked:            5756 kB
SwapTotal:       4718584 kB
SwapFree:        3650808 kB
Dirty:               156 kB
Writeback:             0 kB
AnonPages:       2825600 kB
Mapped:           971536 kB
Shmem:             21412 kB
KReclaimable:     552400 kB
Slab:             323532 kB
SReclaimable:      93308 kB
SUnreclaim:       230224 kB
KernelStack:       49504 kB
ShadowCallStack:   12388 kB
PageTables:        76564 kB
NFS_Unstable:          0 kB
Bounce:                0 kB
WritebackTmp:          0 kB
CommitLimit:     8677876 kB
Committed_AS:   72643920 kB
VmallocTotal:   263061440 kB
VmallocUsed:      132672 kB
VmallocChunk:          0 kB
Percpu:             2520 kB
CmaTotal:         405504 kB
CmaFree:               0 kB
MemTotal:        7918588 kB
MemFree:          465508 kB
MemAvailable:    2574352 kB
Buffers:            9212 kB
Cached:          1971904 kB
SwapCached:         7172 kB
Active:          2840300 kB
Inactive:        1986056 kB
Active(anon):    2601360 kB
Inactive(anon):   269920 kB
Active(file):     238940 kB
Inactive(file):  1716136 kB
Unevictable:        6196 kB
Mlocked:            5756 kB
SwapTotal:       4718584 kB
SwapFree:        3650808 kB
Dirty:               208 kB
Writeback:             0 kB
AnonPages:       2847116 kB
Mapped:           971648 kB
Shmem:             21412 kB
KReclaimable:     552184 kB
Slab:             323356 kB
SReclaimable:      93308 kB
SUnreclaim:       230048 kB
KernelStack:       49488 kB
ShadowCallStack:   12396 kB
PageTables:        76768 kB
NFS_Unstable:          0 kB
Bounce:                0 kB
WritebackTmp:          0 kB
CommitLimit:     8677876 kB
Committed_AS:   72709456 kB
VmallocTotal:   263061440 kB
VmallocUsed:      132640 kB
VmallocChunk:          0 kB
Percpu:             2520 kB
CmaTotal:         405504 kB
CmaFree:               0 kB
MemTotal:        7918588 kB
MemFree:          430880 kB
MemAvailable:    2539140 kB
Buffers:            9212 kB
Cached:          1971904 kB
SwapCached:         7172 kB
Active:          2874516 kB
Inactive:        1986056 kB
Active(anon):    2635576 kB
Inactive(anon):   269920 kB
Active(file):     238940 kB
Inactive(file):  1716136 kB
Unevictable:        6196 kB
Mlocked:            5756 kB
SwapTotal:       4718584 kB
SwapFree:        3650808 kB
Dirty:               208 kB
Writeback:             0 kB
AnonPages:       2881304 kB
Mapped:           971792 kB
Shmem:             21412 kB
KReclaimable:     551600 kB
Slab:             323432 kB
SReclaimable:      93308 kB
SUnreclaim:       230124 kB
KernelStack:       49472 kB
ShadowCallStack:   12400 kB
PageTables:        76928 kB
NFS_Unstable:          0 kB
Bounce:                0 kB
WritebackTmp:          0 kB
CommitLimit:     8677876 kB
Committed_AS:   72791376 kB
VmallocTotal:   263061440 kB
VmallocUsed:      132644 kB
VmallocChunk:          0 kB
Percpu:             2520 kB
CmaTotal:         405504 kB
CmaFree:               0 kB
MemTotal:        7918588 kB
MemFree:          429564 kB
MemAvailable:    2537824 kB
Buffers:            9212 kB
Cached:          1971904 kB
SwapCached:         7172 kB
Active:          2875344 kB
Inactive:        1986048 kB
Active(anon):    2636404 kB
Inactive(anon):   269912 kB
Active(file):     238940 kB
Inactive(file):  1716136 kB
Unevictable:        6196 kB
Mlocked:            5756 kB
SwapTotal:       4718584 kB
SwapFree:        3650808 kB
Dirty:               208 kB
Writeback:             0 kB
AnonPages:       2881976 kB
Mapped:           971824 kB
Shmem:             21412 kB
KReclaimable:     551600 kB
Slab:             323360 kB
SReclaimable:      93308 kB
SUnreclaim:       230052 kB
KernelStack:       49488 kB
ShadowCallStack:   12408 kB
PageTables:        76880 kB
NFS_Unstable:          0 kB
Bounce:                0 kB
WritebackTmp:          0 kB
CommitLimit:     8677876 kB
Committed_AS:   72791376 kB
VmallocTotal:   263061440 kB
VmallocUsed:      132636 kB
VmallocChunk:          0 kB
Percpu:             2520 kB
CmaTotal:         405504 kB
CmaFree:               0 kB
MemTotal:        7918588 kB
MemFree:          388200 kB
MemAvailable:    2495968 kB
Buffers:            9236 kB
Cached:          1971912 kB
SwapCached:         7172 kB
Active:          2917004 kB
Inactive:        1986080 kB
Active(anon):    2678064 kB
Inactive(anon):   269916 kB
Active(file):     238940 kB
Inactive(file):  1716164 kB
Unevictable:        6196 kB
Mlocked:            5756 kB
SwapTotal:       4718584 kB
SwapFree:        3650808 kB
Dirty:               152 kB
Writeback:             0 kB
AnonPages:       2923900 kB
Mapped:           972224 kB
Shmem:             21416 kB
KReclaimable:     551080 kB
Slab:             323432 kB
SReclaimable:      93308 kB
SUnreclaim:       230124 kB
KernelStack:       49456 kB
ShadowCallStack:   12420 kB
PageTables:        77244 kB
NFS_Unstable:          0 kB
Bounce:                0 kB
WritebackTmp:          0 kB
CommitLimit:     8677876 kB
Committed_AS:   72906232 kB
VmallocTotal:   263061440 kB
VmallocUsed:      132656 kB
VmallocChunk:          0 kB
Percpu:             2520 kB
CmaTotal:         405504 kB
CmaFree:               0 kB
MemTotal:        7918588 kB
MemFree:          373572 kB
MemAvailable:    2481096 kB
Buffers:            9236 kB
Cached:          1971908 kB
SwapCached:         7172 kB
Active:          2932384 kB
Inactive:        1986080 kB
Active(anon):    2693444 kB
Inactive(anon):   269920 kB
Active(file):     238940 kB
Inactive(file):  1716160 kB
Unevictable:        6196 kB
Mlocked:            5756 kB
SwapTotal:       4718584 kB
SwapFree:        3650808 kB
Dirty:               308 kB
Writeback:             0 kB
AnonPages:       2939112 kB
Mapped:           972372 kB
Shmem:             21416 kB
KReclaimable:     550840 kB
Slab:             323512 kB
SReclaimable:      93308 kB
SUnreclaim:       230204 kB
KernelStack:       49472 kB
ShadowCallStack:   12392 kB
PageTables:        77172 kB
NFS_Unstable:          0 kB
Bounce:                0 kB
WritebackTmp:          0 kB
CommitLimit:     8677876 kB
Committed_AS:   72906180 kB
VmallocTotal:   263061440 kB
VmallocUsed:      132636 kB
VmallocChunk:          0 kB
Percpu:             2520 kB
CmaTotal:         405504 kB
CmaFree:               0 kB
MemTotal:        7918588 kB
MemFree:          371544 kB
MemAvailable:    2478980 kB
Buffers:            9236 kB
Cached:          1971908 kB
SwapCached:         7172 kB
Active:          2933768 kB
Inactive:        1986080 kB
Active(anon):    2694828 kB
Inactive(anon):   269920 kB
Active(file):     238940 kB
Inactive(file):  1716160 kB
Unevictable:        6196 kB
Mlocked:            5756 kB
SwapTotal:       4718584 kB
SwapFree:        3650808 kB
Dirty:               312 kB
Writeback:             0 kB
AnonPages:       2940352 kB
Mapped:           972404 kB
Shmem:             21416 kB
KReclaimable:     550752 kB
Slab:             323460 kB
SReclaimable:      93308 kB
SUnreclaim:       230152 kB
KernelStack:       49408 kB
ShadowCallStack:   12404 kB
PageTables:        77100 kB
NFS_Unstable:          0 kB
Bounce:                0 kB
WritebackTmp:          0 kB
CommitLimit:     8677876 kB
Committed_AS:   72922512 kB
VmallocTotal:   263061440 kB
VmallocUsed:      132616 kB
VmallocChunk:          0 kB
Percpu:             2520 kB
CmaTotal:         405504 kB
CmaFree:               8 kB
MemTotal:        7918588 kB
MemFree:          316020 kB
MemAvailable:    2422616 kB
Buffers:            9236 kB
Cached:          1971908 kB
SwapCached:         7172 kB
Active:          2989068 kB
Inactive:        1986080 kB
Active(anon):    2750128 kB
Inactive(anon):   269920 kB
Active(file):     238940 kB
Inactive(file):  1716160 kB
Unevictable:        6196 kB
Mlocked:            5756 kB
SwapTotal:       4718584 kB
SwapFree:        3650808 kB
Dirty:               220 kB
Writeback:             0 kB
AnonPages:       2995936 kB
Mapped:           972984 kB
Shmem:             21416 kB
KReclaimable:     549912 kB
Slab:             323544 kB
SReclaimable:      93308 kB
SUnreclaim:       230236 kB
KernelStack:       49440 kB
ShadowCallStack:   12384 kB
PageTables:        77464 kB
NFS_Unstable:          0 kB
Bounce:                0 kB
WritebackTmp:          0 kB
CommitLimit:     8677876 kB
Committed_AS:   73053536 kB
VmallocTotal:   263061440 kB
VmallocUsed:      132592 kB
VmallocChunk:          0 kB
Percpu:             2520 kB
CmaTotal:         405504 kB
CmaFree:               0 kB
MemTotal:        7918588 kB
MemFree:          315512 kB
MemAvailable:    2422116 kB
Buffers:            9244 kB
Cached:          1971908 kB
SwapCached:         7172 kB
Active:          2989484 kB
Inactive:        1986088 kB
Active(anon):    2750544 kB
Inactive(anon):   269920 kB
Active(file):     238940 kB
Inactive(file):  1716168 kB
Unevictable:        6196 kB
Mlocked:            5756 kB
SwapTotal:       4718584 kB
SwapFree:        3650808 kB
Dirty:               288 kB
Writeback:             0 kB
AnonPages:       2996180 kB
Mapped:           972888 kB
Shmem:             21416 kB
KReclaimable:     549912 kB
Slab:             323500 kB
SReclaimable:      93308 kB
SUnreclaim:       230192 kB
KernelStack:       49424 kB
ShadowCallStack:   12380 kB
PageTables:        77460 kB
NFS_Unstable:          0 kB
Bounce:                0 kB
WritebackTmp:          0 kB
CommitLimit:     8677876 kB
Committed_AS:   73053480 kB
VmallocTotal:   263061440 kB
VmallocUsed:      132576 kB
VmallocChunk:          0 kB
Percpu:             2520 kB
CmaTotal:         405504 kB
CmaFree:               0 kB
MemTotal:        7918588 kB
MemFree:          291632 kB
MemAvailable:    2397696 kB
Buffers:            9252 kB
Cached:          1971904 kB
SwapCached:         7172 kB
Active:          3013644 kB
Inactive:        1986092 kB
Active(anon):    2774704 kB
Inactive(anon):   269920 kB
Active(file):     238940 kB
Inactive(file):  1716172 kB
Unevictable:        6196 kB
Mlocked:            5756 kB
SwapTotal:       4718584 kB
SwapFree:        3650808 kB
Dirty:               172 kB
Writeback:             0 kB
AnonPages:       3020512 kB
Mapped:           973200 kB
Shmem:             21416 kB
KReclaimable:     549368 kB
Slab:             323480 kB
SReclaimable:      93308 kB
SUnreclaim:       230172 kB
KernelStack:       49392 kB
ShadowCallStack:   12372 kB
PageTables:        77468 kB
NFS_Unstable:          0 kB
Bounce:                0 kB
WritebackTmp:          0 kB
CommitLimit:     8677876 kB
Committed_AS:   73119016 kB
VmallocTotal:   263061440 kB
VmallocUsed:      132560 kB
VmallocChunk:          0 kB
Percpu:             2520 kB
CmaTotal:         405504 kB
CmaFree:               0 kB
MemTotal:        7918588 kB
MemFree:          257440 kB
MemAvailable:    2362940 kB
Buffers:            9252 kB
Cached:          1971908 kB
SwapCached:         7172 kB
Active:          3047360 kB
Inactive:        1986096 kB
Active(anon):    2808420 kB
Inactive(anon):   269920 kB
Active(file):     238940 kB
Inactive(file):  1716176 kB
Unevictable:        6196 kB
Mlocked:            5756 kB
SwapTotal:       4718584 kB
SwapFree:        3650808 kB
Dirty:               156 kB
Writeback:             0 kB
AnonPages:       3054016 kB
Mapped:           973648 kB
Shmem:             21416 kB
KReclaimable:     548800 kB
Slab:             323620 kB
SReclaimable:      93308 kB
SUnreclaim:       230312 kB
KernelStack:       49392 kB
ShadowCallStack:   12372 kB
PageTables:        77784 kB
NFS_Unstable:          0 kB
Bounce:                0 kB
WritebackTmp:          0 kB
CommitLimit:     8677876 kB
Committed_AS:   73200936 kB
VmallocTotal:   263061440 kB
VmallocUsed:      132552 kB
VmallocChunk:          0 kB
Percpu:             2520 kB
CmaTotal:         405504 kB
CmaFree:               0 kB
MemTotal:        7918588 kB
MemFree:          218504 kB
MemAvailable:    2193844 kB
Buffers:            9252 kB
Cached:          1971916 kB
SwapCached:         7172 kB
Active:          3085048 kB
Inactive:        1986096 kB
Active(anon):    2846108 kB
Inactive(anon):   269920 kB
Active(file):     238940 kB
Inactive(file):  1716176 kB
Unevictable:        6196 kB
Mlocked:            5756 kB
SwapTotal:       4718584 kB
SwapFree:        3650808 kB
Dirty:               156 kB
Writeback:             0 kB
AnonPages:       3091712 kB
Mapped:           974072 kB
Shmem:             21424 kB
KReclaimable:     418640 kB
Slab:             323696 kB
SReclaimable:      93308 kB
SUnreclaim:       230388 kB
KernelStack:       49536 kB
ShadowCallStack:   12408 kB
PageTables:        77672 kB
NFS_Unstable:          0 kB
Bounce:                0 kB
WritebackTmp:          0 kB
CommitLimit:     8677876 kB
Committed_AS:   73201332 kB
VmallocTotal:   263061440 kB
VmallocUsed:      132724 kB
VmallocChunk:          0 kB
Percpu:             2520 kB
CmaTotal:         405504 kB
CmaFree:              12 kB
MemTotal:        7918588 kB
MemFree:          218176 kB
MemAvailable:    2323292 kB
Buffers:            9252 kB
Cached:          1971908 kB
SwapCached:         7172 kB
Active:          3083928 kB
Inactive:        1986096 kB
Active(anon):    2844988 kB
Inactive(anon):   269920 kB
Active(file):     238940 kB
Inactive(file):  1716176 kB
Unevictable:        6196 kB
Mlocked:            5756 kB
SwapTotal:       4718584 kB
SwapFree:        3650808 kB
Dirty:               180 kB
Writeback:             0 kB
AnonPages:       3090656 kB
Mapped:           973732 kB
Shmem:             21416 kB
KReclaimable:     548416 kB
Slab:             323656 kB
SReclaimable:      93308 kB
SUnreclaim:       230348 kB
KernelStack:       49408 kB
ShadowCallStack:   12376 kB
PageTables:        77928 kB
NFS_Unstable:          0 kB
Bounce:                0 kB
WritebackTmp:          0 kB
CommitLimit:     8677876 kB
Committed_AS:   73299240 kB
VmallocTotal:   263061440 kB
VmallocUsed:      132576 kB
VmallocChunk:          0 kB
Percpu:             2520 kB
CmaTotal:         405504 kB
CmaFree:               0 kB
MemTotal:        7918588 kB
MemFree:          199740 kB
MemAvailable:    2304528 kB
Buffers:            9252 kB
Cached:          1971908 kB
SwapCached:         7172 kB
Active:          3102588 kB
Inactive:        1986096 kB
Active(anon):    2863648 kB
Inactive(anon):   269920 kB
Active(file):     238940 kB
Inactive(file):  1716176 kB
Unevictable:        6196 kB
Mlocked:            5756 kB
SwapTotal:       4718584 kB
SwapFree:        3650808 kB
Dirty:               180 kB
Writeback:             0 kB
AnonPages:       3109316 kB
Mapped:           974004 kB
Shmem:             21416 kB
KReclaimable:     548088 kB
Slab:             323704 kB
SReclaimable:      93308 kB
SUnreclaim:       230396 kB
KernelStack:       49424 kB
ShadowCallStack:   12380 kB
PageTables:        77984 kB
NFS_Unstable:          0 kB
Bounce:                0 kB
WritebackTmp:          0 kB
CommitLimit:     8677876 kB
Committed_AS:   73315624 kB
VmallocTotal:   263061440 kB
VmallocUsed:      132568 kB
VmallocChunk:          0 kB
Percpu:             2520 kB
CmaTotal:         405504 kB
CmaFree:               0 kB
MemTotal:        7918588 kB
MemFree:          197928 kB
MemAvailable:    2302556 kB
Buffers:            9276 kB
Cached:          1971868 kB
SwapCached:         7172 kB
Active:          3104176 kB
Inactive:        1986076 kB
Active(anon):    2865236 kB
Inactive(anon):   269916 kB
Active(file):     238940 kB
Inactive(file):  1716160 kB
Unevictable:        6196 kB
Mlocked:            5756 kB
SwapTotal:       4718584 kB
SwapFree:        3650808 kB
Dirty:               180 kB
Writeback:             0 kB
AnonPages:       3110776 kB
Mapped:           973900 kB
Shmem:             21416 kB
KReclaimable:     547944 kB
Slab:             323616 kB
SReclaimable:      93308 kB
SUnreclaim:       230308 kB
KernelStack:       49392 kB
ShadowCallStack:   12376 kB
PageTables:        78004 kB
NFS_Unstable:          0 kB
Bounce:                0 kB
WritebackTmp:          0 kB
CommitLimit:     8677876 kB
Committed_AS:   73332012 kB
VmallocTotal:   263061440 kB
VmallocUsed:      132572 kB
VmallocChunk:          0 kB
Percpu:             2520 kB
CmaTotal:         405504 kB
CmaFree:               0 kB
MemTotal:        7918588 kB
MemFree:          167188 kB
MemAvailable:    2272976 kB
Buffers:            9276 kB
Cached:          1971612 kB
SwapCached:         7172 kB
Active:          3174932 kB
Inactive:        1951420 kB
Active(anon):    2935992 kB
Inactive(anon):   235220 kB
Active(file):     238940 kB
Inactive(file):  1716200 kB
Unevictable:        6196 kB
Mlocked:            5756 kB
SwapTotal:       4718584 kB
SwapFree:        3635192 kB
Dirty:               192 kB
Writeback:             0 kB
AnonPages:       3147140 kB
Mapped:           974216 kB
Shmem:             21124 kB
KReclaimable:     540872 kB
Slab:             322872 kB
SReclaimable:      92488 kB
SUnreclaim:       230384 kB
KernelStack:       49408 kB
ShadowCallStack:   12392 kB
PageTables:        77852 kB
NFS_Unstable:          0 kB
Bounce:                0 kB
WritebackTmp:          0 kB
CommitLimit:     8677876 kB
Committed_AS:   73463080 kB
VmallocTotal:   263061440 kB
VmallocUsed:      132552 kB
VmallocChunk:          0 kB
Percpu:             2520 kB
CmaTotal:         405504 kB
CmaFree:            1412 kB
MemTotal:        7918588 kB
MemFree:          169384 kB
MemAvailable:    2273932 kB
Buffers:            9276 kB
Cached:          1971616 kB
SwapCached:         7172 kB
Active:          3182820 kB
Inactive:        1942300 kB
Active(anon):    2943880 kB
Inactive(anon):   226100 kB
Active(file):     238940 kB
Inactive(file):  1716200 kB
Unevictable:        6196 kB
Mlocked:            5756 kB
SwapTotal:       4718584 kB
SwapFree:        3631352 kB
Dirty:                68 kB
Writeback:             0 kB
AnonPages:       3145992 kB
Mapped:           974128 kB
Shmem:             21124 kB
KReclaimable:     539632 kB
Slab:             322836 kB
SReclaimable:      92360 kB
SUnreclaim:       230476 kB
KernelStack:       49424 kB
ShadowCallStack:   12380 kB
PageTables:        78260 kB
NFS_Unstable:          0 kB
Bounce:                0 kB
WritebackTmp:          0 kB
CommitLimit:     8677876 kB
Committed_AS:   73463080 kB
VmallocTotal:   263061440 kB
VmallocUsed:      132572 kB
VmallocChunk:          0 kB
Percpu:             2520 kB
CmaTotal:         405504 kB
CmaFree:            1536 kB
MemTotal:        7918588 kB
MemFree:          178736 kB
MemAvailable:    2279756 kB
Buffers:            9276 kB
Cached:          1971556 kB
SwapCached:         7172 kB
Active:          3211716 kB
Inactive:        1926064 kB
Active(anon):    2972776 kB
Inactive(anon):   209864 kB
Active(file):     238940 kB
Inactive(file):  1716200 kB
Unevictable:        6196 kB
Mlocked:            5756 kB
SwapTotal:       4718584 kB
SwapFree:        3620856 kB
Dirty:               136 kB
Writeback:             8 kB
AnonPages:       3158796 kB
Mapped:           974396 kB
Shmem:             21052 kB
KReclaimable:     536104 kB
Slab:             322800 kB
SReclaimable:      92360 kB
SUnreclaim:       230440 kB
KernelStack:       49424 kB
ShadowCallStack:   12376 kB
PageTables:        78632 kB
NFS_Unstable:          0 kB
Bounce:                0 kB
WritebackTmp:          0 kB
CommitLimit:     8677876 kB
Committed_AS:   73528628 kB
VmallocTotal:   263061440 kB
VmallocUsed:      132576 kB
VmallocChunk:          0 kB
Percpu:             2520 kB
CmaTotal:         405504 kB
CmaFree:            1140 kB
MemTotal:        7918588 kB
MemFree:          167312 kB
MemAvailable:    1911572 kB
Buffers:            9364 kB
Cached:          1685056 kB
SwapCached:         7172 kB
Active:          3732840 kB
Inactive:        1457620 kB
Active(anon):    3476888 kB
Inactive(anon):    43956 kB
Active(file):     255952 kB
Inactive(file):  1413664 kB
Unevictable:        6196 kB
Mlocked:            5756 kB
SwapTotal:       4718584 kB
SwapFree:        3475192 kB
Dirty:                68 kB
Writeback:             0 kB
AnonPages:       3497856 kB
Mapped:           851444 kB
Shmem:             20172 kB
KReclaimable:     464868 kB
Slab:             321840 kB
SReclaimable:      90936 kB
SUnreclaim:       230904 kB
KernelStack:       49456 kB
ShadowCallStack:   12388 kB
PageTables:        80612 kB
NFS_Unstable:          0 kB
Bounce:                0 kB
WritebackTmp:          0 kB
CommitLimit:     8677876 kB
Committed_AS:   74659124 kB
VmallocTotal:   263061440 kB
VmallocUsed:      132628 kB
VmallocChunk:          0 kB
Percpu:             2520 kB
CmaTotal:         405504 kB
CmaFree:              44 kB
MemTotal:        7918588 kB
MemFree:          166808 kB
MemAvailable:    1911868 kB
Buffers:            9364 kB
Cached:          1685860 kB
SwapCached:         7172 kB
Active:          3734028 kB
Inactive:        1457616 kB
Active(anon):    3477268 kB
Inactive(anon):    43952 kB
Active(file):     256760 kB
Inactive(file):  1413664 kB
Unevictable:        6196 kB
Mlocked:            5756 kB
SwapTotal:       4718584 kB
SwapFree:        3475192 kB
Dirty:               100 kB
Writeback:             0 kB
AnonPages:       3498144 kB
Mapped:           851600 kB
Shmem:             20172 kB
KReclaimable:     464860 kB
Slab:             321860 kB
SReclaimable:      90936 kB
SUnreclaim:       230924 kB
KernelStack:       49440 kB
ShadowCallStack:   12392 kB
PageTables:        80712 kB
NFS_Unstable:          0 kB
Bounce:                0 kB
WritebackTmp:          0 kB
CommitLimit:     8677876 kB
Committed_AS:   74659124 kB
VmallocTotal:   263061440 kB
VmallocUsed:      132616 kB
VmallocChunk:          0 kB
Percpu:             2520 kB
CmaTotal:         405504 kB
CmaFree:              44 kB
MemTotal:        7918588 kB
MemFree:          165852 kB
MemAvailable:    1889756 kB
Buffers:            9372 kB
Cached:          1668128 kB
SwapCached:         7172 kB
Active:          3757800 kB
Inactive:        1437844 kB
Active(anon):    3498988 kB
Inactive(anon):    43956 kB
Active(file):     258812 kB
Inactive(file):  1393888 kB
Unevictable:        6196 kB
Mlocked:            5756 kB
SwapTotal:       4718584 kB
SwapFree:        3475192 kB
Dirty:               152 kB
Writeback:             0 kB
AnonPages:       3519916 kB
Mapped:           842224 kB
Shmem:             20172 kB
KReclaimable:     461428 kB
Slab:             321964 kB
SReclaimable:      90936 kB
SUnreclaim:       231028 kB
KernelStack:       49440 kB
ShadowCallStack:   12384 kB
PageTables:        80780 kB
NFS_Unstable:          0 kB
Bounce:                0 kB
WritebackTmp:          0 kB
CommitLimit:     8677876 kB
Committed_AS:   74727776 kB
VmallocTotal:   263061440 kB
VmallocUsed:      132632 kB
VmallocChunk:          0 kB
Percpu:             2520 kB
CmaTotal:         405504 kB
CmaFree:               0 kB
MemTotal:        7918588 kB
MemFree:          166220 kB
MemAvailable:    1853720 kB
Buffers:            9372 kB
Cached:          1636388 kB
SwapCached:         7172 kB
Active:          3797632 kB
Inactive:        1401188 kB
Active(anon):    3534056 kB
Inactive(anon):    43956 kB
Active(file):     263576 kB
Inactive(file):  1357232 kB
Unevictable:        6196 kB
Mlocked:            5756 kB
SwapTotal:       4718584 kB
SwapFree:        3475192 kB
Dirty:               216 kB
Writeback:             0 kB
AnonPages:       3555016 kB
Mapped:           819108 kB
Shmem:             20172 kB
KReclaimable:     456916 kB
Slab:             321972 kB
SReclaimable:      90936 kB
SUnreclaim:       231036 kB
KernelStack:       49440 kB
ShadowCallStack:   12396 kB
PageTables:        80824 kB
NFS_Unstable:          0 kB
Bounce:                0 kB
WritebackTmp:          0 kB
CommitLimit:     8677876 kB
Committed_AS:   74793956 kB
VmallocTotal:   263061440 kB
VmallocUsed:      132612 kB
VmallocChunk:          0 kB
Percpu:             2520 kB
CmaTotal:         405504 kB
CmaFree:              36 kB
MemTotal:        7918588 kB
MemFree:          166864 kB
MemAvailable:    1854296 kB
Buffers:            9372 kB
Cached:          1636232 kB
SwapCached:         7172 kB
Active:          3797700 kB
Inactive:        1401024 kB
Active(anon):    3533964 kB
Inactive(anon):    43956 kB
Active(file):     263736 kB
Inactive(file):  1357068 kB
Unevictable:        6196 kB
Mlocked:            5756 kB
SwapTotal:       4718584 kB
SwapFree:        3475192 kB
Dirty:               160 kB
Writeback:             0 kB
AnonPages:       3555032 kB
Mapped:           819020 kB
Shmem:             20172 kB
KReclaimable:     456852 kB
Slab:             322036 kB
SReclaimable:      90936 kB
SUnreclaim:       231100 kB
KernelStack:       49456 kB
ShadowCallStack:   12388 kB
PageTables:        80892 kB
NFS_Unstable:          0 kB
Bounce:                0 kB
WritebackTmp:          0 kB
CommitLimit:     8677876 kB
Committed_AS:   74793956 kB
VmallocTotal:   263061440 kB
VmallocUsed:      132612 kB
VmallocChunk:          0 kB
Percpu:             2520 kB
CmaTotal:         405504 kB
CmaFree:             280 kB
MemTotal:        7918588 kB
MemFree:          166200 kB
MemAvailable:    1812740 kB
Buffers:            9372 kB
Cached:          1601624 kB
SwapCached:         7172 kB
Active:          3843948 kB
Inactive:        1360904 kB
Active(anon):    3574824 kB
Inactive(anon):    43972 kB
Active(file):     269124 kB
Inactive(file):  1316932 kB
Unevictable:        6196 kB
Mlocked:            5756 kB
SwapTotal:       4718584 kB
SwapFree:        3475192 kB
Dirty:               160 kB
Writeback:             0 kB
AnonPages:       3595764 kB
Mapped:           796336 kB
Shmem:             20172 kB
KReclaimable:     450708 kB
Slab:             321904 kB
SReclaimable:      90808 kB
SUnreclaim:       231096 kB
KernelStack:       49472 kB
ShadowCallStack:   12400 kB
PageTables:        80840 kB
NFS_Unstable:          0 kB
Bounce:                0 kB
WritebackTmp:          0 kB
CommitLimit:     8677876 kB
Committed_AS:   74892264 kB
VmallocTotal:   263061440 kB
VmallocUsed:      132612 kB
VmallocChunk:          0 kB
Percpu:             2520 kB
CmaTotal:         405504 kB
CmaFree:               0 kB
MemTotal:        7918588 kB
MemFree:          166780 kB
MemAvailable:    1797012 kB
Buffers:            9396 kB
Cached:          1587208 kB
SwapCached:         7172 kB
Active:          3861244 kB
Inactive:        1344948 kB
Active(anon):    3590436 kB
Inactive(anon):    43952 kB
Active(file):     270808 kB
Inactive(file):  1300996 kB
Unevictable:        6196 kB
Mlocked:            5756 kB
SwapTotal:       4718584 kB
SwapFree:        3475192 kB
Dirty:                 0 kB
Writeback:             0 kB
AnonPages:       3611312 kB
Mapped:           790644 kB
Shmem:             20172 kB
KReclaimable:     448652 kB
Slab:             321972 kB
SReclaimable:      90808 kB
SUnreclaim:       231164 kB
KernelStack:       49456 kB
ShadowCallStack:   12396 kB
PageTables:        81292 kB
NFS_Unstable:          0 kB
Bounce:                0 kB
WritebackTmp:          0 kB
CommitLimit:     8677876 kB
Committed_AS:   74925028 kB
VmallocTotal:   263061440 kB
VmallocUsed:      132616 kB
VmallocChunk:          0 kB
Percpu:             2520 kB
CmaTotal:         405504 kB
CmaFree:               8 kB
MemTotal:        7918588 kB
MemFree:          165236 kB
MemAvailable:    1795388 kB
Buffers:            9396 kB
Cached:          1587208 kB
SwapCached:         7172 kB
Active:          3862808 kB
Inactive:        1344948 kB
Active(anon):    3592000 kB
Inactive(anon):    43952 kB
Active(file):     270808 kB
Inactive(file):  1300996 kB
Unevictable:        6196 kB
Mlocked:            5756 kB
SwapTotal:       4718584 kB
SwapFree:        3475192 kB
Dirty:                28 kB
Writeback:             0 kB
AnonPages:       3612892 kB
Mapped:           790796 kB
Shmem:             20172 kB
KReclaimable:     448572 kB
Slab:             321924 kB
SReclaimable:      90808 kB
SUnreclaim:       231116 kB
KernelStack:       49424 kB
ShadowCallStack:   12380 kB
PageTables:        81108 kB
NFS_Unstable:          0 kB
Bounce:                0 kB
WritebackTmp:          0 kB
CommitLimit:     8677876 kB
Committed_AS:   74925028 kB
VmallocTotal:   263061440 kB
VmallocUsed:      132616 kB
VmallocChunk:          0 kB
Percpu:             2520 kB
CmaTotal:         405504 kB
CmaFree:               8 kB
MemTotal:        7918588 kB
MemFree:          167376 kB
MemAvailable:    1739188 kB
Buffers:            9396 kB
Cached:          1538912 kB
SwapCached:         7172 kB
Active:          3923104 kB
Inactive:        1291512 kB
Active(anon):    3647348 kB
Inactive(anon):    43956 kB
Active(file):     275756 kB
Inactive(file):  1247556 kB
Unevictable:        6196 kB
Mlocked:            5756 kB
SwapTotal:       4718584 kB
SwapFree:        3475192 kB
Dirty:                28 kB
Writeback:             0 kB
AnonPages:       3668356 kB
Mapped:           782540 kB
Shmem:             20172 kB
KReclaimable:     438724 kB
Slab:             321800 kB
SReclaimable:      90808 kB
SUnreclaim:       230992 kB
KernelStack:       49408 kB
ShadowCallStack:   12396 kB
PageTables:        81188 kB
NFS_Unstable:          0 kB
Bounce:                0 kB
WritebackTmp:          0 kB
CommitLimit:     8677876 kB
Committed_AS:   75056100 kB
VmallocTotal:   263061440 kB
VmallocUsed:      132616 kB
VmallocChunk:          0 kB
Percpu:             2520 kB
CmaTotal:         405504 kB
CmaFree:               0 kB
MemTotal:        7918588 kB
MemFree:          169380 kB
MemAvailable:    1739752 kB
Buffers:            9396 kB
Cached:          1537404 kB
SwapCached:         7172 kB
Active:          3923352 kB
Inactive:        1290044 kB
Active(anon):    3647440 kB
Inactive(anon):    43956 kB
Active(file):     275912 kB
Inactive(file):  1246088 kB
Unevictable:        6196 kB
Mlocked:            5756 kB
SwapTotal:       4718584 kB
SwapFree:        3475192 kB
Dirty:               180 kB
Writeback:             0 kB
AnonPages:       3668324 kB
Mapped:           781544 kB
Shmem:             20172 kB
KReclaimable:     438596 kB
Slab:             321976 kB
SReclaimable:      90808 kB
SUnreclaim:       231168 kB
KernelStack:       49440 kB
ShadowCallStack:   12392 kB
PageTables:        81256 kB
NFS_Unstable:          0 kB
Bounce:                0 kB
WritebackTmp:          0 kB
CommitLimit:     8677876 kB
Committed_AS:   75056100 kB
VmallocTotal:   263061440 kB
VmallocUsed:      132620 kB
VmallocChunk:          0 kB
Percpu:             2520 kB
CmaTotal:         405504 kB
CmaFree:              52 kB
MemTotal:        7918588 kB
MemFree:          168352 kB
MemAvailable:    1717672 kB
Buffers:            9396 kB
Cached:          1519256 kB
SwapCached:         7172 kB
Active:          3946336 kB
Inactive:        1270304 kB
Active(anon):    3668832 kB
Inactive(anon):    43956 kB
Active(file):     277504 kB
Inactive(file):  1226348 kB
Unevictable:        6196 kB
Mlocked:            5756 kB
SwapTotal:       4718584 kB
SwapFree:        3475192 kB
Dirty:               180 kB
Writeback:             0 kB
AnonPages:       3689772 kB
Mapped:           770228 kB
Shmem:             20172 kB
KReclaimable:     435692 kB
Slab:             322056 kB
SReclaimable:      90808 kB
SUnreclaim:       231248 kB
KernelStack:       49456 kB
ShadowCallStack:   12388 kB
PageTables:        81532 kB
NFS_Unstable:          0 kB
Bounce:                0 kB
WritebackTmp:          0 kB
CommitLimit:     8677876 kB
Committed_AS:   75121636 kB
VmallocTotal:   263061440 kB
VmallocUsed:      132600 kB
VmallocChunk:          0 kB
Percpu:             2520 kB
CmaTotal:         405504 kB
CmaFree:               0 kB
MemTotal:        7918588 kB
MemFree:          168548 kB
MemAvailable:    1681944 kB
Buffers:            9396 kB
Cached:          1487380 kB
SwapCached:         7172 kB
Active:          3984596 kB
Inactive:        1235276 kB
Active(anon):    3703944 kB
Inactive(anon):    43952 kB
Active(file):     280652 kB
Inactive(file):  1191324 kB
Unevictable:        6196 kB
Mlocked:            5756 kB
SwapTotal:       4718584 kB
SwapFree:        3475192 kB
Dirty:               180 kB
Writeback:             0 kB
AnonPages:       3724736 kB
