MemTotal:        7918584 kB
MemFree:         3485116 kB
MemAvailable:    4898420 kB
Buffers:            4932 kB
Cached:          1369672 kB
SwapCached:         8496 kB
Active:          1317568 kB
Inactive:         697492 kB
Active(anon):     596516 kB
Inactive(anon):    60968 kB
Active(file):     721052 kB
Inactive(file):   636524 kB
Unevictable:        6536 kB
Mlocked:            6096 kB
SwapTotal:       4718584 kB
SwapFree:        4012280 kB
Dirty:             18264 kB
Writeback:             0 kB
AnonPages:        642724 kB
Mapped:           472776 kB
Shmem:             12184 kB
KReclaimable:     534136 kB
Slab:             313020 kB
SReclaimable:      89900 kB
SUnreclaim:       223120 kB
KernelStack:       45840 kB
ShadowCallStack:   11484 kB
PageTables:        61312 kB
NFS_Unstable:          0 kB
Bounce:                0 kB
WritebackTmp:          0 kB
CommitLimit:     8677876 kB
Committed_AS:   62009700 kB
VmallocTotal:   263061440 kB
VmallocUsed:      128048 kB
VmallocChunk:          0 kB
Percpu:             2520 kB
CmaTotal:         405504 kB
CmaFree:          285120 kB
MemTotal:        7918584 kB
MemFree:         3506804 kB
MemAvailable:    5278616 kB
Buffers:            4940 kB
Cached:          1385224 kB
SwapCached:         8652 kB
Active:          1295308 kB
Inactive:         697816 kB
Active(anon):     559564 kB
Inactive(anon):    60976 kB
Active(file):     735744 kB
Inactive(file):   636840 kB
Unevictable:        6536 kB
Mlocked:            6096 kB
SwapTotal:       4718584 kB
SwapFree:        4013816 kB
Dirty:             18272 kB
Writeback:             0 kB
AnonPages:        605116 kB
Mapped:           503204 kB
Shmem:             12780 kB
KReclaimable:     877636 kB
Slab:             312756 kB
SReclaimable:      89904 kB
SUnreclaim:       222852 kB
KernelStack:       46112 kB
ShadowCallStack:   11552 kB
PageTables:        61228 kB
NFS_Unstable:          0 kB
Bounce:                0 kB
WritebackTmp:          0 kB
CommitLimit:     8677876 kB
Committed_AS:   62049208 kB
VmallocTotal:   263061440 kB
VmallocUsed:      128368 kB
VmallocChunk:          0 kB
Percpu:             2520 kB
CmaTotal:         405504 kB
CmaFree:          285120 kB
MemTotal:        7918584 kB
MemFree:         3478944 kB
MemAvailable:    5034792 kB
Buffers:            4972 kB
Cached:          1385628 kB
SwapCached:         8672 kB
Active:          1321364 kB
Inactive:         697896 kB
Active(anon):     585296 kB
Inactive(anon):    60964 kB
Active(file):     736068 kB
Inactive(file):   636932 kB
Unevictable:        6536 kB
Mlocked:            6096 kB
SwapTotal:       4718584 kB
SwapFree:        4013816 kB
Dirty:             18332 kB
Writeback:             0 kB
AnonPages:        630744 kB
Mapped:           514528 kB
Shmem:             12796 kB
KReclaimable:     661256 kB
Slab:             313128 kB
SReclaimable:      89904 kB
SUnreclaim:       223224 kB
KernelStack:       46000 kB
ShadowCallStack:   11520 kB
PageTables:        61912 kB
NFS_Unstable:          0 kB
Bounce:                0 kB
WritebackTmp:          0 kB
CommitLimit:     8677876 kB
Committed_AS:   62077836 kB
VmallocTotal:   263061440 kB
VmallocUsed:      128232 kB
VmallocChunk:          0 kB
Percpu:             2520 kB
CmaTotal:         405504 kB
CmaFree:          285120 kB
MemTotal:        7918584 kB
MemFree:         3474764 kB
MemAvailable:    5029876 kB
Buffers:            4988 kB
Cached:          1385632 kB
SwapCached:         8672 kB
Active:          1324836 kB
Inactive:         697912 kB
Active(anon):     588768 kB
Inactive(anon):    60964 kB
Active(file):     736068 kB
Inactive(file):   636948 kB
Unevictable:        6536 kB
Mlocked:            6096 kB
SwapTotal:       4718584 kB
SwapFree:        4013816 kB
Dirty:             18364 kB
Writeback:             0 kB
AnonPages:        634376 kB
Mapped:           515212 kB
Shmem:             12800 kB
KReclaimable:     660504 kB
Slab:             313272 kB
SReclaimable:      89920 kB
SUnreclaim:       223352 kB
KernelStack:       45968 kB
ShadowCallStack:   11516 kB
PageTables:        61784 kB
NFS_Unstable:          0 kB
Bounce:                0 kB
WritebackTmp:          0 kB
CommitLimit:     8677876 kB
Committed_AS:   62077736 kB
VmallocTotal:   263061440 kB
VmallocUsed:      128200 kB
VmallocChunk:          0 kB
Percpu:             2520 kB
CmaTotal:         405504 kB
CmaFree:          285120 kB
MemTotal:        7918584 kB
MemFree:         3474440 kB
MemAvailable:    5032088 kB
Buffers:            5000 kB
Cached:          1388176 kB
SwapCached:         8672 kB
Active:          1326388 kB
Inactive:         697924 kB
Active(anon):     587800 kB
Inactive(anon):    60960 kB
Active(file):     738588 kB
Inactive(file):   636964 kB
Unevictable:        6536 kB
Mlocked:            6096 kB
SwapTotal:       4718584 kB
SwapFree:        4014072 kB
Dirty:             18372 kB
Writeback:             0 kB
AnonPages:        633340 kB
Mapped:           515592 kB
Shmem:             12820 kB
KReclaimable:     660504 kB
Slab:             313340 kB
SReclaimable:      89920 kB
SUnreclaim:       223420 kB
KernelStack:       45952 kB
ShadowCallStack:   11520 kB
PageTables:        61716 kB
NFS_Unstable:          0 kB
Bounce:                0 kB
WritebackTmp:          0 kB
CommitLimit:     8677876 kB
Committed_AS:   62077644 kB
VmallocTotal:   263061440 kB
VmallocUsed:      128184 kB
VmallocChunk:          0 kB
Percpu:             2520 kB
CmaTotal:         405504 kB
CmaFree:          286128 kB
MemTotal:        7918584 kB
MemFree:         3476908 kB
MemAvailable:    5054896 kB
Buffers:            5000 kB
Cached:          1388376 kB
SwapCached:         8672 kB
Active:          1325356 kB
Inactive:         697172 kB
Active(anon):     586592 kB
Inactive(anon):    60200 kB
Active(file):     738764 kB
Inactive(file):   636972 kB
Unevictable:        6536 kB
Mlocked:            6096 kB
SwapTotal:       4718584 kB
SwapFree:        4014072 kB
Dirty:             18448 kB
Writeback:             0 kB
AnonPages:        631528 kB
Mapped:           516000 kB
Shmem:             12836 kB
KReclaimable:     680660 kB
Slab:             313384 kB
SReclaimable:      89920 kB
SUnreclaim:       223464 kB
KernelStack:       45760 kB
ShadowCallStack:   11452 kB
PageTables:        61728 kB
NFS_Unstable:          0 kB
Bounce:                0 kB
WritebackTmp:          0 kB
CommitLimit:     8677876 kB
Committed_AS:   62077176 kB
VmallocTotal:   263061440 kB
VmallocUsed:      127668 kB
VmallocChunk:          0 kB
Percpu:             2520 kB
CmaTotal:         405504 kB
CmaFree:          286128 kB
MemTotal:        7918584 kB
MemFree:         3458636 kB
MemAvailable:    5036656 kB
Buffers:            5024 kB
Cached:          1388384 kB
SwapCached:         8672 kB
Active:          1345388 kB
Inactive:         697200 kB
Active(anon):     606624 kB
Inactive(anon):    60196 kB
Active(file):     738764 kB
Inactive(file):   637004 kB
Unevictable:        6536 kB
Mlocked:            6096 kB
SwapTotal:       4718584 kB
SwapFree:        4014072 kB
Dirty:             18460 kB
Writeback:             0 kB
AnonPages:        651268 kB
Mapped:           517536 kB
Shmem:             12836 kB
KReclaimable:     680660 kB
Slab:             313264 kB
SReclaimable:      89920 kB
SUnreclaim:       223344 kB
KernelStack:       45744 kB
ShadowCallStack:   11460 kB
PageTables:        61848 kB
NFS_Unstable:          0 kB
Bounce:                0 kB
WritebackTmp:          0 kB
CommitLimit:     8677876 kB
Committed_AS:   62097680 kB
VmallocTotal:   263061440 kB
VmallocUsed:      127688 kB
VmallocChunk:          0 kB
Percpu:             2520 kB
CmaTotal:         405504 kB
CmaFree:          286128 kB
MemTotal:        7918584 kB
MemFree:         3317432 kB
MemAvailable:    4863448 kB
Buffers:            5028 kB
Cached:          1389260 kB
SwapCached:         8672 kB
Active:          1485648 kB
Inactive:         697208 kB
Active(anon):     746008 kB
Inactive(anon):    60200 kB
Active(file):     739640 kB
Inactive(file):   637008 kB
Unevictable:        6536 kB
Mlocked:            6096 kB
SwapTotal:       4718584 kB
SwapFree:        4014328 kB
Dirty:             18460 kB
Writeback:             0 kB
AnonPages:        790636 kB
Mapped:           563316 kB
Shmem:             12836 kB
KReclaimable:     647776 kB
Slab:             313300 kB
SReclaimable:      89936 kB
SUnreclaim:       223364 kB
KernelStack:       45712 kB
ShadowCallStack:   11456 kB
PageTables:        61972 kB
NFS_Unstable:          0 kB
Bounce:                0 kB
WritebackTmp:          0 kB
CommitLimit:     8677876 kB
Committed_AS:   62338400 kB
VmallocTotal:   263061440 kB
VmallocUsed:      127692 kB
VmallocChunk:          0 kB
Percpu:             2520 kB
CmaTotal:         405504 kB
CmaFree:          286128 kB
MemTotal:        7918584 kB
MemFree:         3227120 kB
MemAvailable:    4755644 kB
Buffers:            5028 kB
Cached:          1389548 kB
SwapCached:         8672 kB
Active:          1558704 kB
Inactive:         697224 kB
Active(anon):     818796 kB
Inactive(anon):    60196 kB
Active(file):     739908 kB
Inactive(file):   637028 kB
Unevictable:        6536 kB
Mlocked:            6096 kB
SwapTotal:       4718584 kB
SwapFree:        4014328 kB
Dirty:             18600 kB
Writeback:             0 kB
AnonPages:        863584 kB
Mapped:           602740 kB
Shmem:             12836 kB
KReclaimable:     629996 kB
Slab:             313616 kB
SReclaimable:      89936 kB
SUnreclaim:       223680 kB
KernelStack:       45808 kB
ShadowCallStack:   11476 kB
PageTables:        62640 kB
NFS_Unstable:          0 kB
Bounce:                0 kB
WritebackTmp:          0 kB
CommitLimit:     8677876 kB
Committed_AS:   62459880 kB
VmallocTotal:   263061440 kB
VmallocUsed:      127764 kB
VmallocChunk:          0 kB
Percpu:             2520 kB
CmaTotal:         405504 kB
CmaFree:          286128 kB
MemTotal:        7918584 kB
MemFree:         3097328 kB
MemAvailable:    4641880 kB
Buffers:            5076 kB
Cached:          1408332 kB
SwapCached:         8688 kB
Active:          1643556 kB
Inactive:         697340 kB
Active(anon):     885012 kB
Inactive(anon):    60152 kB
Active(file):     758544 kB
Inactive(file):   637188 kB
Unevictable:        6536 kB
Mlocked:            6096 kB
SwapTotal:       4718584 kB
SwapFree:        4014840 kB
Dirty:             17932 kB
Writeback:             0 kB
AnonPages:        929804 kB
Mapped:           638112 kB
Shmem:             12872 kB
KReclaimable:     627228 kB
Slab:             313868 kB
SReclaimable:      89944 kB
SUnreclaim:       223924 kB
KernelStack:       45824 kB
ShadowCallStack:   11480 kB
PageTables:        62916 kB
NFS_Unstable:          0 kB
Bounce:                0 kB
WritebackTmp:          0 kB
CommitLimit:     8677876 kB
Committed_AS:   62600300 kB
VmallocTotal:   263061440 kB
VmallocUsed:      127784 kB
VmallocChunk:          0 kB
Percpu:             2520 kB
CmaTotal:         405504 kB
CmaFree:          286128 kB
MemTotal:        7918584 kB
MemFree:         3001284 kB
MemAvailable:    4543672 kB
Buffers:            5076 kB
Cached:          1408340 kB
SwapCached:         8688 kB
Active:          1738316 kB
Inactive:         697344 kB
Active(anon):     979772 kB
Inactive(anon):    60152 kB
Active(file):     758544 kB
Inactive(file):   637192 kB
Unevictable:        6536 kB
Mlocked:            6096 kB
SwapTotal:       4718584 kB
SwapFree:        4014840 kB
Dirty:             17932 kB
Writeback:             0 kB
AnonPages:       1024512 kB
Mapped:           639676 kB
Shmem:             12876 kB
KReclaimable:     625060 kB
Slab:             313876 kB
SReclaimable:      89944 kB
SUnreclaim:       223932 kB
KernelStack:       45824 kB
ShadowCallStack:   11480 kB
PageTables:        63428 kB
NFS_Unstable:          0 kB
Bounce:                0 kB
WritebackTmp:          0 kB
CommitLimit:     8677876 kB
Committed_AS:   62846064 kB
VmallocTotal:   263061440 kB
VmallocUsed:      127788 kB
VmallocChunk:          0 kB
Percpu:             2520 kB
CmaTotal:         405504 kB
CmaFree:          286128 kB
MemTotal:        7918584 kB
MemFree:         2923540 kB
MemAvailable:    4464960 kB
Buffers:            5076 kB
Cached:          1408340 kB
SwapCached:         8688 kB
Active:          1817340 kB
Inactive:         696876 kB
Active(anon):    1058796 kB
Inactive(anon):    59684 kB
Active(file):     758544 kB
Inactive(file):   637192 kB
Unevictable:        6536 kB
Mlocked:            6096 kB
SwapTotal:       4718584 kB
SwapFree:        4014840 kB
Dirty:             17932 kB
Writeback:             0 kB
AnonPages:       1103104 kB
Mapped:           640464 kB
Shmem:             12876 kB
KReclaimable:     624092 kB
Slab:             313744 kB
SReclaimable:      89944 kB
SUnreclaim:       223800 kB
KernelStack:       45840 kB
ShadowCallStack:   11476 kB
PageTables:        63684 kB
NFS_Unstable:          0 kB
Bounce:                0 kB
WritebackTmp:          0 kB
CommitLimit:     8677876 kB
Committed_AS:   63059056 kB
VmallocTotal:   263061440 kB
VmallocUsed:      127808 kB
VmallocChunk:          0 kB
Percpu:             2520 kB
CmaTotal:         405504 kB
CmaFree:          286128 kB
MemTotal:        7918584 kB
MemFree:         2797304 kB
MemAvailable:    4279592 kB
Buffers:            5076 kB
Cached:          1408360 kB
SwapCached:         8688 kB
Active:          1934164 kB
Inactive:         696884 kB
Active(anon):    1175620 kB
Inactive(anon):    59684 kB
Active(file):     758544 kB
Inactive(file):   637200 kB
Unevictable:        6536 kB
Mlocked:            6096 kB
SwapTotal:       4718584 kB
SwapFree:        4015096 kB
Dirty:             17940 kB
Writeback:             0 kB
AnonPages:       1219848 kB
Mapped:           641416 kB
Shmem:             12888 kB
KReclaimable:     564952 kB
Slab:             313788 kB
SReclaimable:      89928 kB
SUnreclaim:       223860 kB
KernelStack:       45872 kB
ShadowCallStack:   11500 kB
PageTables:        64340 kB
NFS_Unstable:          0 kB
Bounce:                0 kB
WritebackTmp:          0 kB
CommitLimit:     8677876 kB
Committed_AS:   63288736 kB
VmallocTotal:   263061440 kB
VmallocUsed:      127860 kB
VmallocChunk:          0 kB
Percpu:             2520 kB
CmaTotal:         405504 kB
CmaFree:          286128 kB
MemTotal:        7918584 kB
MemFree:         2691888 kB
MemAvailable:    4100504 kB
Buffers:            5076 kB
Cached:          1408488 kB
SwapCached:         8688 kB
Active:          2037812 kB
Inactive:         696904 kB
Active(anon):    1279268 kB
Inactive(anon):    59684 kB
Active(file):     758544 kB
Inactive(file):   637220 kB
Unevictable:        6536 kB
Mlocked:            6096 kB
SwapTotal:       4718584 kB
SwapFree:        4015096 kB
Dirty:             17960 kB
Writeback:             0 kB
AnonPages:       1323340 kB
Mapped:           639948 kB
Shmem:             12996 kB
KReclaimable:     491260 kB
Slab:             313928 kB
SReclaimable:      89948 kB
SUnreclaim:       223980 kB
KernelStack:       45888 kB
ShadowCallStack:   11492 kB
PageTables:        64700 kB
NFS_Unstable:          0 kB
Bounce:                0 kB
WritebackTmp:          0 kB
CommitLimit:     8677876 kB
Committed_AS:   63534496 kB
VmallocTotal:   263061440 kB
VmallocUsed:      127904 kB
VmallocChunk:          0 kB
Percpu:             2520 kB
CmaTotal:         405504 kB
CmaFree:          286128 kB
MemTotal:        7918584 kB
MemFree:         2622508 kB
MemAvailable:    4159412 kB
Buffers:            5084 kB
Cached:          1408372 kB
SwapCached:         8688 kB
Active:          2106900 kB
Inactive:         696904 kB
Active(anon):    1348356 kB
Inactive(anon):    59676 kB
Active(file):     758544 kB
Inactive(file):   637228 kB
Unevictable:        6536 kB
Mlocked:            6096 kB
SwapTotal:       4718584 kB
SwapFree:        4015096 kB
Dirty:             17336 kB
Writeback:             0 kB
AnonPages:       1392668 kB
Mapped:           640416 kB
Shmem:             12880 kB
KReclaimable:     619540 kB
Slab:             313924 kB
SReclaimable:      89916 kB
SUnreclaim:       224008 kB
KernelStack:       45808 kB
ShadowCallStack:   11472 kB
PageTables:        65268 kB
NFS_Unstable:          0 kB
Bounce:                0 kB
WritebackTmp:          0 kB
CommitLimit:     8677876 kB
Committed_AS:   63779868 kB
VmallocTotal:   263061440 kB
VmallocUsed:      127760 kB
VmallocChunk:          0 kB
Percpu:             2520 kB
CmaTotal:         405504 kB
CmaFree:          286128 kB
MemTotal:        7918584 kB
MemFree:         2528196 kB
MemAvailable:    4064076 kB
Buffers:            5084 kB
Cached:          1408372 kB
SwapCached:         8688 kB
Active:          2201844 kB
Inactive:         696912 kB
Active(anon):    1443300 kB
Inactive(anon):    59684 kB
Active(file):     758544 kB
Inactive(file):   637228 kB
Unevictable:        6536 kB
Mlocked:            6096 kB
SwapTotal:       4718584 kB
SwapFree:        4015096 kB
Dirty:             17336 kB
Writeback:             0 kB
AnonPages:       1487752 kB
Mapped:           641300 kB
Shmem:             12880 kB
KReclaimable:     618516 kB
Slab:             314008 kB
SReclaimable:      89948 kB
SUnreclaim:       224060 kB
KernelStack:       45792 kB
ShadowCallStack:   11472 kB
PageTables:        65740 kB
NFS_Unstable:          0 kB
Bounce:                0 kB
WritebackTmp:          0 kB
CommitLimit:     8677876 kB
Committed_AS:   64025624 kB
VmallocTotal:   263061440 kB
VmallocUsed:      127760 kB
VmallocChunk:          0 kB
Percpu:             2520 kB
CmaTotal:         405504 kB
CmaFree:          286128 kB
MemTotal:        7918584 kB
MemFree:         2427616 kB
MemAvailable:    3962288 kB
Buffers:            5108 kB
Cached:          1408372 kB
SwapCached:         8688 kB
Active:          2300984 kB
Inactive:         696936 kB
Active(anon):    1542440 kB
Inactive(anon):    59684 kB
Active(file):     758544 kB
Inactive(file):   637252 kB
Unevictable:        6536 kB
Mlocked:            6096 kB
SwapTotal:       4718584 kB
SwapFree:        4015096 kB
Dirty:             17380 kB
Writeback:             0 kB
AnonPages:       1586692 kB
Mapped:           642020 kB
Shmem:             12880 kB
KReclaimable:     617284 kB
Slab:             314008 kB
SReclaimable:      89948 kB
SUnreclaim:       224060 kB
KernelStack:       45808 kB
ShadowCallStack:   11476 kB
PageTables:        66212 kB
NFS_Unstable:          0 kB
Bounce:                0 kB
WritebackTmp:          0 kB
CommitLimit:     8677876 kB
Committed_AS:   64271388 kB
VmallocTotal:   263061440 kB
VmallocUsed:      127764 kB
VmallocChunk:          0 kB
Percpu:             2520 kB
CmaTotal:         405504 kB
CmaFree:          286128 kB
MemTotal:        7918584 kB
MemFree:         2319452 kB
MemAvailable:    3852284 kB
Buffers:            5108 kB
Cached:          1408372 kB
SwapCached:         8688 kB
Active:          2408480 kB
Inactive:         696936 kB
Active(anon):    1649936 kB
Inactive(anon):    59684 kB
Active(file):     758544 kB
Inactive(file):   637252 kB
Unevictable:        6536 kB
Mlocked:            6096 kB
SwapTotal:       4718584 kB
SwapFree:        4015096 kB
Dirty:             17380 kB
Writeback:             0 kB
AnonPages:       1694200 kB
Mapped:           643260 kB
Shmem:             12880 kB
KReclaimable:     615444 kB
Slab:             314084 kB
SReclaimable:      89948 kB
SUnreclaim:       224136 kB
KernelStack:       45808 kB
ShadowCallStack:   11476 kB
PageTables:        66744 kB
NFS_Unstable:          0 kB
Bounce:                0 kB
WritebackTmp:          0 kB
CommitLimit:     8677876 kB
Committed_AS:   64533528 kB
VmallocTotal:   263061440 kB
VmallocUsed:      127748 kB
VmallocChunk:          0 kB
Percpu:             2520 kB
CmaTotal:         405504 kB
CmaFree:          286128 kB
MemTotal:        7918584 kB
MemFree:         2234976 kB
MemAvailable:    3766856 kB
Buffers:            5108 kB
Cached:          1408376 kB
SwapCached:         8688 kB
Active:          2493128 kB
Inactive:         696936 kB
Active(anon):    1734584 kB
Inactive(anon):    59684 kB
Active(file):     758544 kB
Inactive(file):   637252 kB
Unevictable:        6536 kB
Mlocked:            6096 kB
SwapTotal:       4718584 kB
SwapFree:        4015352 kB
Dirty:             17404 kB
Writeback:             0 kB
AnonPages:       1778840 kB
Mapped:           643952 kB
Shmem:             12884 kB
KReclaimable:     614492 kB
Slab:             314152 kB
SReclaimable:      89948 kB
SUnreclaim:       224204 kB
KernelStack:       45808 kB
ShadowCallStack:   11476 kB
PageTables:        67176 kB
NFS_Unstable:          0 kB
Bounce:                0 kB
WritebackTmp:          0 kB
CommitLimit:     8677876 kB
Committed_AS:   64746524 kB
VmallocTotal:   263061440 kB
VmallocUsed:      127760 kB
VmallocChunk:          0 kB
Percpu:             2520 kB
CmaTotal:         405504 kB
CmaFree:          286128 kB
MemTotal:        7918584 kB
MemFree:         2155840 kB
MemAvailable:    3686872 kB
Buffers:            5116 kB
Cached:          1408376 kB
SwapCached:         8688 kB
Active:          2571416 kB
Inactive:         696944 kB
Active(anon):    1812872 kB
Inactive(anon):    59684 kB
Active(file):     758544 kB
Inactive(file):   637260 kB
Unevictable:        6536 kB
Mlocked:            6096 kB
SwapTotal:       4718584 kB
SwapFree:        4015352 kB
Dirty:             17416 kB
Writeback:             0 kB
AnonPages:       1857184 kB
Mapped:           644504 kB
Shmem:             12884 kB
KReclaimable:     613636 kB
Slab:             314252 kB
SReclaimable:      89964 kB
SUnreclaim:       224288 kB
KernelStack:       45808 kB
ShadowCallStack:   11484 kB
PageTables:        67544 kB
NFS_Unstable:          0 kB
Bounce:                0 kB
WritebackTmp:          0 kB
CommitLimit:     8677876 kB
Committed_AS:   64926744 kB
VmallocTotal:   263061440 kB
VmallocUsed:      127764 kB
VmallocChunk:          0 kB
Percpu:             2520 kB
CmaTotal:         405504 kB
CmaFree:          286128 kB
MemTotal:        7918584 kB
MemFree:         2066164 kB
MemAvailable:    3595588 kB
Buffers:            5116 kB
Cached:          1408376 kB
SwapCached:         8688 kB
Active:          2660944 kB
Inactive:         696944 kB
Active(anon):    1902400 kB
Inactive(anon):    59684 kB
Active(file):     758544 kB
Inactive(file):   637260 kB
Unevictable:        6536 kB
Mlocked:            6096 kB
SwapTotal:       4718584 kB
SwapFree:        4015352 kB
Dirty:             17416 kB
Writeback:             0 kB
AnonPages:       1946520 kB
Mapped:           645472 kB
Shmem:             12884 kB
KReclaimable:     612028 kB
Slab:             314260 kB
SReclaimable:      89964 kB
SUnreclaim:       224296 kB
KernelStack:       45760 kB
ShadowCallStack:   11468 kB
PageTables:        68128 kB
NFS_Unstable:          0 kB
Bounce:                0 kB
WritebackTmp:          0 kB
CommitLimit:     8677876 kB
Committed_AS:   65156120 kB
VmallocTotal:   263061440 kB
VmallocUsed:      127756 kB
VmallocChunk:          0 kB
Percpu:             2520 kB
CmaTotal:         405504 kB
CmaFree:          286128 kB
MemTotal:        7918584 kB
MemFree:         1993888 kB
MemAvailable:    3522880 kB
Buffers:            5124 kB
Cached:          1408392 kB
SwapCached:         8688 kB
Active:          2732352 kB
Inactive:         696968 kB
Active(anon):    1973808 kB
Inactive(anon):    59684 kB
Active(file):     758544 kB
Inactive(file):   637284 kB
Unevictable:        6536 kB
Mlocked:            6096 kB
SwapTotal:       4718584 kB
SwapFree:        4015352 kB
Dirty:             17432 kB
Writeback:             0 kB
AnonPages:       2018208 kB
Mapped:           645976 kB
Shmem:             12884 kB
KReclaimable:     611572 kB
Slab:             314340 kB
SReclaimable:      89964 kB
SUnreclaim:       224376 kB
KernelStack:       45808 kB
ShadowCallStack:   11476 kB
PageTables:        68292 kB
NFS_Unstable:          0 kB
Bounce:                0 kB
WritebackTmp:          0 kB
CommitLimit:     8677876 kB
Committed_AS:   65319960 kB
VmallocTotal:   263061440 kB
VmallocUsed:      127732 kB
VmallocChunk:          0 kB
Percpu:             2520 kB
CmaTotal:         405504 kB
CmaFree:          286128 kB
MemTotal:        7918584 kB
MemFree:         1923344 kB
MemAvailable:    3451480 kB
Buffers:            5124 kB
Cached:          1408392 kB
SwapCached:         8688 kB
Active:          2802724 kB
Inactive:         696968 kB
Active(anon):    2044180 kB
Inactive(anon):    59684 kB
Active(file):     758544 kB
Inactive(file):   637284 kB
Unevictable:        6536 kB
Mlocked:            6096 kB
SwapTotal:       4718584 kB
SwapFree:        4015352 kB
Dirty:             17440 kB
Writeback:             0 kB
AnonPages:       2088420 kB
Mapped:           646608 kB
Shmem:             12884 kB
KReclaimable:     610716 kB
Slab:             314320 kB
SReclaimable:      89964 kB
SUnreclaim:       224356 kB
KernelStack:       45776 kB
ShadowCallStack:   11468 kB
PageTables:        68564 kB
NFS_Unstable:          0 kB
Bounce:                0 kB
WritebackTmp:          0 kB
CommitLimit:     8677876 kB
Committed_AS:   65483748 kB
VmallocTotal:   263061440 kB
VmallocUsed:      127728 kB
VmallocChunk:          0 kB
Percpu:             2520 kB
CmaTotal:         405504 kB
CmaFree:          286128 kB
MemTotal:        7918584 kB
MemFree:         1849972 kB
MemAvailable:    3377020 kB
Buffers:            5124 kB
Cached:          1408396 kB
SwapCached:         8688 kB
Active:          2876040 kB
Inactive:         696956 kB
Active(anon):    2117496 kB
Inactive(anon):    59672 kB
Active(file):     758544 kB
Inactive(file):   637284 kB
Unevictable:        6536 kB
Mlocked:            6096 kB
SwapTotal:       4718584 kB
SwapFree:        4015352 kB
Dirty:             17452 kB
Writeback:             0 kB
AnonPages:       2161616 kB
Mapped:           647120 kB
Shmem:             12888 kB
KReclaimable:     609628 kB
Slab:             314464 kB
SReclaimable:      89964 kB
SUnreclaim:       224500 kB
KernelStack:       45792 kB
ShadowCallStack:   11476 kB
PageTables:        69116 kB
NFS_Unstable:          0 kB
Bounce:                0 kB
WritebackTmp:          0 kB
CommitLimit:     8677876 kB
Committed_AS:   65663980 kB
VmallocTotal:   263061440 kB
VmallocUsed:      127728 kB
VmallocChunk:          0 kB
Percpu:             2520 kB
CmaTotal:         405504 kB
CmaFree:          286128 kB
MemTotal:        7918584 kB
MemFree:         1775876 kB
MemAvailable:    3302144 kB
Buffers:            5128 kB
Cached:          1408408 kB
SwapCached:         8688 kB
Active:          2950048 kB
Inactive:         696976 kB
Active(anon):    2191504 kB
Inactive(anon):    59680 kB
Active(file):     758544 kB
Inactive(file):   637296 kB
Unevictable:        6536 kB
Mlocked:            6096 kB
SwapTotal:       4718584 kB
SwapFree:        4015352 kB
Dirty:               380 kB
Writeback:             0 kB
AnonPages:       2235776 kB
Mapped:           647736 kB
Shmem:             12892 kB
KReclaimable:     608836 kB
Slab:             314440 kB
SReclaimable:      89964 kB
SUnreclaim:       224476 kB
KernelStack:       45792 kB
ShadowCallStack:   11472 kB
PageTables:        69348 kB
NFS_Unstable:          0 kB
Bounce:                0 kB
WritebackTmp:          0 kB
CommitLimit:     8677876 kB
Committed_AS:   65844204 kB
VmallocTotal:   263061440 kB
VmallocUsed:      127740 kB
VmallocChunk:          0 kB
Percpu:             2520 kB
CmaTotal:         405504 kB
CmaFree:          286128 kB
MemTotal:        7918584 kB
MemFree:         1689188 kB
MemAvailable:    3214256 kB
Buffers:            5128 kB
Cached:          1408408 kB
SwapCached:         8688 kB
Active:          3036028 kB
Inactive:         696976 kB
Active(anon):    2277484 kB
Inactive(anon):    59680 kB
Active(file):     758544 kB
Inactive(file):   637296 kB
Unevictable:        6536 kB
Mlocked:            6096 kB
SwapTotal:       4718584 kB
SwapFree:        4015352 kB
Dirty:               380 kB
Writeback:             0 kB
AnonPages:       2321776 kB
Mapped:           648428 kB
Shmem:             12892 kB
KReclaimable:     607636 kB
Slab:             314452 kB
SReclaimable:      89948 kB
SUnreclaim:       224504 kB
KernelStack:       45792 kB
ShadowCallStack:   11468 kB
PageTables:        69932 kB
NFS_Unstable:          0 kB
Bounce:                0 kB
WritebackTmp:          0 kB
CommitLimit:     8677876 kB
Committed_AS:   66040812 kB
VmallocTotal:   263061440 kB
VmallocUsed:      127744 kB
VmallocChunk:          0 kB
Percpu:             2520 kB
CmaTotal:         405504 kB
CmaFree:          286128 kB
MemTotal:        7918584 kB
MemFree:         1632212 kB
MemAvailable:    3156572 kB
Buffers:            5152 kB
Cached:          1408416 kB
SwapCached:         8688 kB
Active:          3092604 kB
Inactive:         697008 kB
Active(anon):    2334060 kB
Inactive(anon):    59684 kB
Active(file):     758544 kB
Inactive(file):   637324 kB
Unevictable:        6536 kB
Mlocked:            6096 kB
SwapTotal:       4718584 kB
SwapFree:        4015352 kB
Dirty:               416 kB
Writeback:             0 kB
AnonPages:       2378356 kB
Mapped:           649248 kB
Shmem:             12896 kB
KReclaimable:     606900 kB
Slab:             314572 kB
SReclaimable:      89948 kB
SUnreclaim:       224624 kB
KernelStack:       45792 kB
ShadowCallStack:   11472 kB
PageTables:        69976 kB
NFS_Unstable:          0 kB
Bounce:                0 kB
WritebackTmp:          0 kB
CommitLimit:     8677876 kB
Committed_AS:   66172912 kB
VmallocTotal:   263061440 kB
VmallocUsed:      127740 kB
VmallocChunk:          0 kB
Percpu:             2520 kB
CmaTotal:         405504 kB
CmaFree:          286256 kB
MemTotal:        7918584 kB
MemFree:         1578992 kB
MemAvailable:    3102844 kB
Buffers:            5152 kB
Cached:          1408420 kB
SwapCached:         8688 kB
Active:          3146092 kB
Inactive:         697012 kB
Active(anon):    2387548 kB
Inactive(anon):    59684 kB
Active(file):     758544 kB
Inactive(file):   637328 kB
Unevictable:        6536 kB
Mlocked:            6096 kB
SwapTotal:       4718584 kB
SwapFree:        4015352 kB
Dirty:               420 kB
Writeback:             0 kB
AnonPages:       2431772 kB
Mapped:           649500 kB
Shmem:             12896 kB
KReclaimable:     606388 kB
Slab:             314576 kB
SReclaimable:      89948 kB
SUnreclaim:       224628 kB
KernelStack:       45744 kB
ShadowCallStack:   11448 kB
PageTables:        70100 kB
NFS_Unstable:          0 kB
Bounce:                0 kB
WritebackTmp:          0 kB
CommitLimit:     8677876 kB
Committed_AS:   66303828 kB
VmallocTotal:   263061440 kB
VmallocUsed:      127656 kB
VmallocChunk:          0 kB
Percpu:             2520 kB
CmaTotal:         405504 kB
CmaFree:          286256 kB
MemTotal:        7918584 kB
MemFree:         1496312 kB
MemAvailable:    3018756 kB
Buffers:            5152 kB
Cached:          1408420 kB
SwapCached:         8688 kB
Active:          3227772 kB
Inactive:         697008 kB
Active(anon):    2469228 kB
Inactive(anon):    59680 kB
Active(file):     758544 kB
Inactive(file):   637328 kB
Unevictable:        6536 kB
Mlocked:            6096 kB
SwapTotal:       4718584 kB
SwapFree:        4015352 kB
Dirty:               420 kB
Writeback:             0 kB
AnonPages:       2513328 kB
Mapped:           650088 kB
Shmem:             12896 kB
KReclaimable:     604980 kB
Slab:             314616 kB
SReclaimable:      89932 kB
SUnreclaim:       224684 kB
KernelStack:       45728 kB
ShadowCallStack:   11452 kB
PageTables:        70544 kB
NFS_Unstable:          0 kB
Bounce:                0 kB
WritebackTmp:          0 kB
CommitLimit:     8677876 kB
Committed_AS:   66484056 kB
VmallocTotal:   263061440 kB
VmallocUsed:      127664 kB
VmallocChunk:          0 kB
Percpu:             2520 kB
CmaTotal:         405504 kB
CmaFree:          286256 kB
MemTotal:        7918584 kB
MemFree:         1443660 kB
MemAvailable:    2965808 kB
Buffers:            5152 kB
Cached:          1408420 kB
SwapCached:         8688 kB
Active:          3279652 kB
Inactive:         697012 kB
Active(anon):    2521108 kB
Inactive(anon):    59684 kB
Active(file):     758544 kB
Inactive(file):   637328 kB
Unevictable:        6536 kB
Mlocked:            6096 kB
SwapTotal:       4718584 kB
SwapFree:        4015352 kB
Dirty:               100 kB
Writeback:             0 kB
AnonPages:       2565380 kB
Mapped:           650560 kB
Shmem:             12896 kB
KReclaimable:     604684 kB
Slab:             314608 kB
SReclaimable:      89932 kB
SUnreclaim:       224676 kB
KernelStack:       45744 kB
ShadowCallStack:   11460 kB
PageTables:        70824 kB
NFS_Unstable:          0 kB
Bounce:                0 kB
WritebackTmp:          0 kB
CommitLimit:     8677876 kB
Committed_AS:   66615128 kB
VmallocTotal:   263061440 kB
VmallocUsed:      127668 kB
VmallocChunk:          0 kB
Percpu:             2520 kB
CmaTotal:         405504 kB
CmaFree:          286256 kB
MemTotal:        7918584 kB
MemFree:         1363500 kB
MemAvailable:    2884584 kB
Buffers:            5152 kB
Cached:          1408420 kB
SwapCached:         8688 kB
Active:          3360480 kB
Inactive:         697008 kB
Active(anon):    2601936 kB
Inactive(anon):    59680 kB
Active(file):     758544 kB
Inactive(file):   637328 kB
Unevictable:        6536 kB
Mlocked:            6096 kB
SwapTotal:       4718584 kB
SwapFree:        4015352 kB
Dirty:               100 kB
Writeback:             0 kB
AnonPages:       2646148 kB
Mapped:           651128 kB
Shmem:             12896 kB
KReclaimable:     603620 kB
Slab:             314684 kB
SReclaimable:      89900 kB
SUnreclaim:       224784 kB
KernelStack:       45728 kB
ShadowCallStack:   11472 kB
PageTables:        71272 kB
NFS_Unstable:          0 kB
Bounce:                0 kB
WritebackTmp:          0 kB
CommitLimit:     8677876 kB
Committed_AS:   66778964 kB
VmallocTotal:   263061440 kB
VmallocUsed:      127668 kB
VmallocChunk:          0 kB
Percpu:             2520 kB
CmaTotal:         405504 kB
CmaFree:          220396 kB
MemTotal:        7918584 kB
MemFree:         1314408 kB
MemAvailable:    2834844 kB
Buffers:            5160 kB
Cached:          1408440 kB
SwapCached:         8688 kB
Active:          3409432 kB
Inactive:         697028 kB
Active(anon):    2650888 kB
Inactive(anon):    59684 kB
Active(file):     758544 kB
Inactive(file):   637344 kB
Unevictable:        6536 kB
Mlocked:            6096 kB
SwapTotal:       4718584 kB
SwapFree:        4015352 kB
Dirty:               204 kB
Writeback:             0 kB
AnonPages:       2695200 kB
Mapped:           651552 kB
Shmem:             12908 kB
KReclaimable:     602956 kB
Slab:             314764 kB
SReclaimable:      89900 kB
SUnreclaim:       224864 kB
KernelStack:       45728 kB
ShadowCallStack:   11456 kB
PageTables:        71412 kB
NFS_Unstable:          0 kB
Bounce:                0 kB
WritebackTmp:          0 kB
CommitLimit:     8677876 kB
Committed_AS:   66893664 kB
VmallocTotal:   263061440 kB
VmallocUsed:      127684 kB
VmallocChunk:          0 kB
Percpu:             2520 kB
CmaTotal:         405504 kB
CmaFree:          171776 kB
MemTotal:        7918584 kB
MemFree:         1255128 kB
MemAvailable:    2775012 kB
Buffers:            5160 kB
Cached:          1408440 kB
SwapCached:         8688 kB
Active:          3469196 kB
Inactive:         697016 kB
Active(anon):    2710652 kB
Inactive(anon):    59672 kB
Active(file):     758544 kB
Inactive(file):   637344 kB
Unevictable:        6536 kB
Mlocked:            6096 kB
SwapTotal:       4718584 kB
SwapFree:        4015352 kB
Dirty:               216 kB
Writeback:             0 kB
AnonPages:       2754652 kB
Mapped:           652016 kB
Shmem:             12908 kB
KReclaimable:     602404 kB
Slab:             314788 kB
SReclaimable:      89900 kB
SUnreclaim:       224888 kB
KernelStack:       45712 kB
ShadowCallStack:   11452 kB
PageTables:        71580 kB
NFS_Unstable:          0 kB
Bounce:                0 kB
WritebackTmp:          0 kB
CommitLimit:     8677876 kB
Committed_AS:   67008356 kB
VmallocTotal:   263061440 kB
VmallocUsed:      127684 kB
VmallocChunk:          0 kB
Percpu:             2520 kB
CmaTotal:         405504 kB
CmaFree:          112548 kB
MemTotal:        7918584 kB
MemFree:         1200920 kB
MemAvailable:    2719908 kB
Buffers:            5160 kB
Cached:          1408440 kB
SwapCached:         8688 kB
Active:          3521632 kB
Inactive:         697028 kB
Active(anon):    2763088 kB
Inactive(anon):    59684 kB
Active(file):     758544 kB
Inactive(file):   637344 kB
Unevictable:        6536 kB
Mlocked:            6096 kB
SwapTotal:       4718584 kB
SwapFree:        4015352 kB
Dirty:               216 kB
Writeback:             0 kB
AnonPages:       2807324 kB
Mapped:           652480 kB
Shmem:             12908 kB
KReclaimable:     601508 kB
Slab:             314812 kB
SReclaimable:      89900 kB
SUnreclaim:       224912 kB
KernelStack:       45744 kB
ShadowCallStack:   11460 kB
PageTables:        71880 kB
NFS_Unstable:          0 kB
Bounce:                0 kB
WritebackTmp:          0 kB
CommitLimit:     8677876 kB
Committed_AS:   67139424 kB
VmallocTotal:   263061440 kB
VmallocUsed:      127692 kB
VmallocChunk:          0 kB
Percpu:             2520 kB
CmaTotal:         405504 kB
CmaFree:           59120 kB
MemTotal:        7918584 kB
MemFree:         1105608 kB
MemAvailable:    2502412 kB
Buffers:            5160 kB
Cached:          1408528 kB
SwapCached:         8688 kB
Active:          3619240 kB
Inactive:         697028 kB
Active(anon):    2860696 kB
Inactive(anon):    59684 kB
Active(file):     758544 kB
Inactive(file):   637344 kB
Unevictable:        6536 kB
Mlocked:            6096 kB
SwapTotal:       4718584 kB
SwapFree:        4015352 kB
Dirty:               232 kB
Writeback:             0 kB
AnonPages:       2904900 kB
Mapped:           653544 kB
Shmem:             12996 kB
KReclaimable:     479324 kB
Slab:             314964 kB
SReclaimable:      89900 kB
SUnreclaim:       225064 kB
KernelStack:       45856 kB
ShadowCallStack:   11488 kB
PageTables:        72228 kB
NFS_Unstable:          0 kB
Bounce:                0 kB
WritebackTmp:          0 kB
CommitLimit:     8677876 kB
Committed_AS:   67287276 kB
VmallocTotal:   263061440 kB
VmallocUsed:      127856 kB
VmallocChunk:          0 kB
Percpu:             2520 kB
CmaTotal:         405504 kB
CmaFree:               0 kB
MemTotal:        7918584 kB
MemFree:         1106024 kB
MemAvailable:    2623796 kB
Buffers:            5168 kB
Cached:          1408600 kB
SwapCached:         8688 kB
Active:          3617300 kB
Inactive:         697028 kB
Active(anon):    2858756 kB
Inactive(anon):    59676 kB
Active(file):     758544 kB
Inactive(file):   637352 kB
Unevictable:        6536 kB
Mlocked:            6096 kB
SwapTotal:       4718584 kB
SwapFree:        4015352 kB
Dirty:               232 kB
Writeback:             0 kB
AnonPages:       2903072 kB
Mapped:           653060 kB
Shmem:             13068 kB
KReclaimable:     600284 kB
Slab:             314904 kB
SReclaimable:      89900 kB
SUnreclaim:       225004 kB
KernelStack:       45744 kB
ShadowCallStack:   11460 kB
PageTables:        72348 kB
NFS_Unstable:          0 kB
Bounce:                0 kB
WritebackTmp:          0 kB
CommitLimit:     8677876 kB
Committed_AS:   67352416 kB
VmallocTotal:   263061440 kB
VmallocUsed:      127704 kB
VmallocChunk:          0 kB
Percpu:             2520 kB
CmaTotal:         405504 kB
CmaFree:           22560 kB
MemTotal:        7918584 kB
MemFree:         1048364 kB
MemAvailable:    2565452 kB
Buffers:            5192 kB
Cached:          1408444 kB
SwapCached:         8688 kB
Active:          3676784 kB
Inactive:         697064 kB
Active(anon):    2918240 kB
Inactive(anon):    59684 kB
Active(file):     758544 kB
Inactive(file):   637380 kB
Unevictable:        6536 kB
Mlocked:            6096 kB
SwapTotal:       4718584 kB
SwapFree:        4015352 kB
Dirty:               280 kB
Writeback:             0 kB
AnonPages:       2962520 kB
Mapped:           653668 kB
Shmem:             12908 kB
KReclaimable:     599572 kB
Slab:             314788 kB
SReclaimable:      89900 kB
SUnreclaim:       224888 kB
KernelStack:       45712 kB
ShadowCallStack:   11460 kB
PageTables:        72508 kB
NFS_Unstable:          0 kB
Bounce:                0 kB
WritebackTmp:          0 kB
CommitLimit:     8677876 kB
Committed_AS:   67480288 kB
VmallocTotal:   263061440 kB
VmallocUsed:      127676 kB
VmallocChunk:          0 kB
Percpu:             2520 kB
CmaTotal:         405504 kB
CmaFree:               0 kB
MemTotal:        7918584 kB
MemFree:         1005432 kB
MemAvailable:    2522060 kB
Buffers:            5192 kB
Cached:          1408448 kB
SwapCached:         8688 kB
Active:          3718296 kB
Inactive:         697064 kB
Active(anon):    2959752 kB
Inactive(anon):    59680 kB
Active(file):     758544 kB
Inactive(file):   637384 kB
Unevictable:        6536 kB
Mlocked:            6096 kB
SwapTotal:       4718584 kB
SwapFree:        4015352 kB
Dirty:               216 kB
Writeback:             0 kB
AnonPages:       3003860 kB
Mapped:           654080 kB
Shmem:             12908 kB
KReclaimable:     599108 kB
Slab:             314860 kB
SReclaimable:      89900 kB
SUnreclaim:       224960 kB
KernelStack:       45744 kB
ShadowCallStack:   11460 kB
PageTables:        72672 kB
NFS_Unstable:          0 kB
Bounce:                0 kB
WritebackTmp:          0 kB
CommitLimit:     8677876 kB
Committed_AS:   67578592 kB
VmallocTotal:   263061440 kB
VmallocUsed:      127684 kB
VmallocChunk:          0 kB
Percpu:             2520 kB
CmaTotal:         405504 kB
CmaFree:               0 kB
MemTotal:        7918584 kB
MemFree:          954924 kB
MemAvailable:    2470912 kB
Buffers:            5192 kB
Cached:          1408448 kB
SwapCached:         8688 kB
Active:          3768328 kB
Inactive:         697064 kB
Active(anon):    3009784 kB
Inactive(anon):    59680 kB
Active(file):     758544 kB
Inactive(file):   637384 kB
Unevictable:        6536 kB
Mlocked:            6096 kB
SwapTotal:       4718584 kB
SwapFree:        4015352 kB
Dirty:               216 kB
Writeback:             0 kB
AnonPages:       3054364 kB
Mapped:           654320 kB
Shmem:             12908 kB
KReclaimable:     598468 kB
Slab:             314924 kB
SReclaimable:      89916 kB
SUnreclaim:       225008 kB
KernelStack:       45712 kB
ShadowCallStack:   11452 kB
PageTables:        73072 kB
NFS_Unstable:          0 kB
Bounce:                0 kB
WritebackTmp:          0 kB
CommitLimit:     8677876 kB
Committed_AS:   67693280 kB
VmallocTotal:   263061440 kB
VmallocUsed:      127688 kB
VmallocChunk:          0 kB
Percpu:             2520 kB
CmaTotal:         405504 kB
CmaFree:               0 kB
MemTotal:        7918584 kB
MemFree:          902672 kB
MemAvailable:    2418116 kB
Buffers:            5192 kB
Cached:          1408448 kB
SwapCached:         8688 kB
Active:          3821428 kB
Inactive:         697068 kB
Active(anon):    3062884 kB
Inactive(anon):    59684 kB
Active(file):     758544 kB
Inactive(file):   637384 kB
Unevictable:        6536 kB
Mlocked:            6096 kB
SwapTotal:       4718584 kB
SwapFree:        4015352 kB
Dirty:               216 kB
Writeback:             0 kB
AnonPages:       3107064 kB
Mapped:           654832 kB
Shmem:             12908 kB
KReclaimable:     597924 kB
Slab:             315112 kB
SReclaimable:      89948 kB
SUnreclaim:       225164 kB
KernelStack:       45776 kB
ShadowCallStack:   11460 kB
PageTables:        73208 kB
NFS_Unstable:          0 kB
Bounce:                0 kB
WritebackTmp:          0 kB
CommitLimit:     8677876 kB
Committed_AS:   67807968 kB
VmallocTotal:   263061440 kB
VmallocUsed:      127680 kB
VmallocChunk:          0 kB
Percpu:             2520 kB
CmaTotal:         405504 kB
CmaFree:               0 kB
MemTotal:        7918584 kB
MemFree:          843584 kB
MemAvailable:    2358276 kB
Buffers:            5192 kB
Cached:          1408456 kB
SwapCached:         8688 kB
Active:          3878808 kB
Inactive:         697060 kB
Active(anon):    3120264 kB
Inactive(anon):    59676 kB
Active(file):     758544 kB
Inactive(file):   637384 kB
Unevictable:        6536 kB
Mlocked:            6096 kB
SwapTotal:       4718584 kB
SwapFree:        4015352 kB
Dirty:               216 kB
Writeback:             0 kB
AnonPages:       3164456 kB
Mapped:           655480 kB
Shmem:             12916 kB
KReclaimable:     597172 kB
Slab:             315104 kB
SReclaimable:      89948 kB
SUnreclaim:       225156 kB
KernelStack:       45728 kB
ShadowCallStack:   11452 kB
PageTables:        73540 kB
NFS_Unstable:          0 kB
Bounce:                0 kB
WritebackTmp:          0 kB
CommitLimit:     8677876 kB
Committed_AS:   67939048 kB
VmallocTotal:   263061440 kB
VmallocUsed:      127684 kB
VmallocChunk:          0 kB
Percpu:             2520 kB
CmaTotal:         405504 kB
CmaFree:               0 kB
MemTotal:        7918584 kB
MemFree:          781416 kB
MemAvailable:    2294876 kB
Buffers:            5200 kB
Cached:          1408464 kB
SwapCached:         8688 kB
Active:          3940992 kB
Inactive:         697080 kB
Active(anon):    3182448 kB
Inactive(anon):    59680 kB
Active(file):     758544 kB
Inactive(file):   637400 kB
Unevictable:        6536 kB
Mlocked:            6096 kB
SwapTotal:       4718584 kB
SwapFree:        4015352 kB
Dirty:               224 kB
Writeback:             0 kB
AnonPages:       3226660 kB
Mapped:           656188 kB
Shmem:             12916 kB
KReclaimable:     595924 kB
Slab:             315252 kB
SReclaimable:      89948 kB
SUnreclaim:       225304 kB
KernelStack:       45776 kB
ShadowCallStack:   11460 kB
PageTables:        73780 kB
NFS_Unstable:          0 kB
Bounce:                0 kB
WritebackTmp:          0 kB
CommitLimit:     8677876 kB
Committed_AS:   68070120 kB
VmallocTotal:   263061440 kB
VmallocUsed:      127688 kB
VmallocChunk:          0 kB
Percpu:             2520 kB
CmaTotal:         405504 kB
CmaFree:               0 kB
MemTotal:        7918584 kB
MemFree:          718928 kB
MemAvailable:    2231896 kB
Buffers:            5200 kB
Cached:          1408468 kB
SwapCached:         8688 kB
Active:          4004752 kB
Inactive:         697088 kB
Active(anon):    3246208 kB
Inactive(anon):    59684 kB
Active(file):     758544 kB
Inactive(file):   637404 kB
Unevictable:        6536 kB
Mlocked:            6096 kB
SwapTotal:       4718584 kB
SwapFree:        4015352 kB
Dirty:               224 kB
Writeback:             0 kB
AnonPages:       3290456 kB
Mapped:           656264 kB
Shmem:             12916 kB
KReclaimable:     595428 kB
Slab:             315240 kB
SReclaimable:      89948 kB
SUnreclaim:       225292 kB
KernelStack:       45744 kB
ShadowCallStack:   11460 kB
PageTables:        73908 kB
NFS_Unstable:          0 kB
Bounce:                0 kB
WritebackTmp:          0 kB
CommitLimit:     8677876 kB
Committed_AS:   68217576 kB
VmallocTotal:   263061440 kB
VmallocUsed:      127680 kB
VmallocChunk:          0 kB
Percpu:             2520 kB
CmaTotal:         405504 kB
CmaFree:               0 kB
MemTotal:        7918584 kB
MemFree:          688880 kB
MemAvailable:    2201440 kB
Buffers:            5200 kB
Cached:          1408468 kB
SwapCached:         8688 kB
Active:          4034012 kB
Inactive:         697088 kB
Active(anon):    3275468 kB
Inactive(anon):    59684 kB
Active(file):     758544 kB
Inactive(file):   637404 kB
Unevictable:        6536 kB
Mlocked:            6096 kB
SwapTotal:       4718584 kB
SwapFree:        4015352 kB
Dirty:               224 kB
Writeback:             0 kB
AnonPages:       3319636 kB
Mapped:           656628 kB
Shmem:             12916 kB
KReclaimable:     595020 kB
Slab:             315252 kB
SReclaimable:      89948 kB
SUnreclaim:       225304 kB
KernelStack:       45744 kB
ShadowCallStack:   11460 kB
PageTables:        74108 kB
NFS_Unstable:          0 kB
Bounce:                0 kB
WritebackTmp:          0 kB
CommitLimit:     8677876 kB
Committed_AS:   68266728 kB
VmallocTotal:   263061440 kB
VmallocUsed:      127680 kB
VmallocChunk:          0 kB
Percpu:             2520 kB
CmaTotal:         405504 kB
CmaFree:               0 kB
MemTotal:        7918584 kB
MemFree:          618820 kB
MemAvailable:    2130372 kB
Buffers:            5200 kB
Cached:          1408468 kB
SwapCached:         8688 kB
Active:          4104816 kB
Inactive:         697084 kB
Active(anon):    3346272 kB
Inactive(anon):    59680 kB
Active(file):     758544 kB
Inactive(file):   637404 kB
Unevictable:        6536 kB
Mlocked:            6096 kB
SwapTotal:       4718584 kB
SwapFree:        4015352 kB
Dirty:               224 kB
Writeback:             0 kB
AnonPages:       3390624 kB
Mapped:           657128 kB
Shmem:             12916 kB
KReclaimable:     594012 kB
Slab:             315228 kB
SReclaimable:      89948 kB
SUnreclaim:       225280 kB
KernelStack:       45744 kB
ShadowCallStack:   11448 kB
PageTables:        74424 kB
NFS_Unstable:          0 kB
Bounce:                0 kB
WritebackTmp:          0 kB
CommitLimit:     8677876 kB
Committed_AS:   68430528 kB
VmallocTotal:   263061440 kB
VmallocUsed:      127664 kB
VmallocChunk:          0 kB
Percpu:             2520 kB
CmaTotal:         405504 kB
CmaFree:              16 kB
MemTotal:        7918584 kB
MemFree:          565680 kB
MemAvailable:    2076608 kB
Buffers:            5200 kB
Cached:          1408480 kB
SwapCached:         8688 kB
Active:          4156708 kB
Inactive:         697088 kB
Active(anon):    3398164 kB
Inactive(anon):    59684 kB
Active(file):     758544 kB
Inactive(file):   637404 kB
Unevictable:        6536 kB
Mlocked:            6096 kB
SwapTotal:       4718584 kB
SwapFree:        4015352 kB
Dirty:               224 kB
Writeback:             0 kB
AnonPages:       3442380 kB
Mapped:           657944 kB
Shmem:             12928 kB
KReclaimable:     593388 kB
Slab:             315320 kB
SReclaimable:      89948 kB
SUnreclaim:       225372 kB
KernelStack:       45728 kB
ShadowCallStack:   11456 kB
PageTables:        74556 kB
NFS_Unstable:          0 kB
Bounce:                0 kB
WritebackTmp:          0 kB
CommitLimit:     8677876 kB
Committed_AS:   68528840 kB
VmallocTotal:   263061440 kB
VmallocUsed:      127664 kB
VmallocChunk:          0 kB
Percpu:             2520 kB
CmaTotal:         405504 kB
CmaFree:               0 kB
MemTotal:        7918584 kB
MemFree:          524780 kB
MemAvailable:    2035188 kB
Buffers:            5224 kB
Cached:          1408488 kB
SwapCached:         8688 kB
Active:          4197540 kB
Inactive:         697112 kB
Active(anon):    3438996 kB
Inactive(anon):    59676 kB
Active(file):     758544 kB
Inactive(file):   637436 kB
Unevictable:        6536 kB
Mlocked:            6096 kB
SwapTotal:       4718584 kB
SwapFree:        4015352 kB
Dirty:               252 kB
Writeback:             0 kB
AnonPages:       3483236 kB
Mapped:           658044 kB
Shmem:             12928 kB
KReclaimable:     592836 kB
Slab:             315488 kB
SReclaimable:      89948 kB
SUnreclaim:       225540 kB
KernelStack:       45776 kB
ShadowCallStack:   11464 kB
PageTables:        74808 kB
NFS_Unstable:          0 kB
Bounce:                0 kB
WritebackTmp:          0 kB
CommitLimit:     8677876 kB
Committed_AS:   68627196 kB
VmallocTotal:   263061440 kB
VmallocUsed:      127668 kB
VmallocChunk:          0 kB
Percpu:             2520 kB
CmaTotal:         405504 kB
CmaFree:               0 kB
MemTotal:        7918584 kB
MemFree:          451444 kB
MemAvailable:    1960884 kB
Buffers:            5224 kB
Cached:          1408488 kB
SwapCached:         8688 kB
Active:          4269868 kB
Inactive:         697120 kB
Active(anon):    3511324 kB
Inactive(anon):    59684 kB
Active(file):     758544 kB
Inactive(file):   637436 kB
Unevictable:        6536 kB
Mlocked:            6096 kB
SwapTotal:       4718584 kB
SwapFree:        4015352 kB
Dirty:               368 kB
Writeback:             0 kB
AnonPages:       3555556 kB
Mapped:           658780 kB
Shmem:             12928 kB
KReclaimable:     591868 kB
Slab:             315516 kB
SReclaimable:      89916 kB
SUnreclaim:       225600 kB
KernelStack:       45744 kB
ShadowCallStack:   11460 kB
PageTables:        75156 kB
NFS_Unstable:          0 kB
Bounce:                0 kB
WritebackTmp:          0 kB
CommitLimit:     8677876 kB
Committed_AS:   68791036 kB
VmallocTotal:   263061440 kB
VmallocUsed:      127684 kB
VmallocChunk:          0 kB
Percpu:             2520 kB
CmaTotal:         405504 kB
CmaFree:               0 kB
MemTotal:        7918584 kB
MemFree:          422932 kB
MemAvailable:    1931900 kB
Buffers:            5224 kB
Cached:          1408488 kB
SwapCached:         8688 kB
Active:          4299064 kB
Inactive:         697120 kB
Active(anon):    3540520 kB
Inactive(anon):    59684 kB
Active(file):     758544 kB
Inactive(file):   637436 kB
Unevictable:        6536 kB
Mlocked:            6096 kB
SwapTotal:       4718584 kB
SwapFree:        4015352 kB
Dirty:               368 kB
Writeback:             0 kB
AnonPages:       3584692 kB
Mapped:           659000 kB
Shmem:             12928 kB
KReclaimable:     591396 kB
Slab:             315456 kB
SReclaimable:      89916 kB
SUnreclaim:       225540 kB
KernelStack:       45712 kB
ShadowCallStack:   11452 kB
PageTables:        75304 kB
NFS_Unstable:          0 kB
Bounce:                0 kB
WritebackTmp:          0 kB
CommitLimit:     8677876 kB
Committed_AS:   68840188 kB
VmallocTotal:   263061440 kB
VmallocUsed:      127684 kB
VmallocChunk:          0 kB
Percpu:             2520 kB
CmaTotal:         405504 kB
CmaFree:               0 kB
MemTotal:        7918584 kB
MemFree:          368736 kB
MemAvailable:    1877136 kB
Buffers:            5224 kB
Cached:          1408492 kB
SwapCached:         8688 kB
Active:          4352168 kB
Inactive:         697120 kB
Active(anon):    3593624 kB
Inactive(anon):    59684 kB
Active(file):     758544 kB
Inactive(file):   637436 kB
Unevictable:        6536 kB
Mlocked:            6096 kB
SwapTotal:       4718584 kB
SwapFree:        4015352 kB
Dirty:               368 kB
Writeback:             0 kB
AnonPages:       3637820 kB
Mapped:           659436 kB
Shmem:             12932 kB
KReclaimable:     590828 kB
Slab:             315576 kB
SReclaimable:      89932 kB
SUnreclaim:       225644 kB
KernelStack:       45744 kB
ShadowCallStack:   11460 kB
PageTables:        75488 kB
NFS_Unstable:          0 kB
Bounce:                0 kB
WritebackTmp:          0 kB
CommitLimit:     8677876 kB
Committed_AS:   68954880 kB
VmallocTotal:   263061440 kB
VmallocUsed:      127700 kB
VmallocChunk:          0 kB
Percpu:             2520 kB
CmaTotal:         405504 kB
CmaFree:               0 kB
MemTotal:        7918584 kB
MemFree:          304220 kB
MemAvailable:    1811888 kB
Buffers:            5232 kB
Cached:          1408488 kB
SwapCached:         8688 kB
Active:          4416872 kB
Inactive:         697120 kB
Active(anon):    3658328 kB
Inactive(anon):    59680 kB
Active(file):     758544 kB
Inactive(file):   637440 kB
Unevictable:        6536 kB
Mlocked:            6096 kB
SwapTotal:       4718584 kB
SwapFree:        4015352 kB
Dirty:                44 kB
Writeback:             0 kB
AnonPages:       3702468 kB
Mapped:           659836 kB
Shmem:             12932 kB
KReclaimable:     590092 kB
Slab:             315572 kB
SReclaimable:      89932 kB
SUnreclaim:       225640 kB
KernelStack:       45776 kB
ShadowCallStack:   11464 kB
PageTables:        75808 kB
NFS_Unstable:          0 kB
Bounce:                0 kB
WritebackTmp:          0 kB
CommitLimit:     8677876 kB
Committed_AS:   69118720 kB
VmallocTotal:   263061440 kB
VmallocUsed:      127680 kB
VmallocChunk:          0 kB
Percpu:             2520 kB
CmaTotal:         405504 kB
CmaFree:               0 kB
MemTotal:        7918584 kB
MemFree:          274984 kB
MemAvailable:    1782336 kB
Buffers:            5240 kB
Cached:          1408500 kB
SwapCached:         8688 kB
Active:          4445848 kB
Inactive:         697140 kB
Active(anon):    3687304 kB
Inactive(anon):    59680 kB
Active(file):     758544 kB
Inactive(file):   637460 kB
Unevictable:        6536 kB
Mlocked:            6096 kB
SwapTotal:       4718584 kB
SwapFree:        4015352 kB
Dirty:               132 kB
Writeback:             0 kB
AnonPages:       3731464 kB
Mapped:           660020 kB
Shmem:             12932 kB
KReclaimable:     589756 kB
Slab:             315720 kB
SReclaimable:      89932 kB
SUnreclaim:       225788 kB
KernelStack:       45712 kB
ShadowCallStack:   11456 kB
PageTables:        75976 kB
NFS_Unstable:          0 kB
Bounce:                0 kB
WritebackTmp:          0 kB
CommitLimit:     8677876 kB
Committed_AS:   69167872 kB
VmallocTotal:   263061440 kB
VmallocUsed:      127680 kB
VmallocChunk:          0 kB
Percpu:             2520 kB
CmaTotal:         405504 kB
CmaFree:               0 kB
MemTotal:        7918584 kB
MemFree:          273248 kB
MemAvailable:    1804188 kB
Buffers:            2120 kB
Cached:          1360308 kB
SwapCached:         8688 kB
Active:          4518940 kB
Inactive:         637148 kB
Active(anon):    3751712 kB
Inactive(anon):    59684 kB
Active(file):     767228 kB
Inactive(file):   577464 kB
Unevictable:        6536 kB
Mlocked:            6096 kB
SwapTotal:       4718584 kB
SwapFree:        4015352 kB
Dirty:               196 kB
Writeback:             0 kB
AnonPages:       3795936 kB
Mapped:           655976 kB
Shmem:             12932 kB
KReclaimable:     576472 kB
Slab:             314492 kB
SReclaimable:      88696 kB
SUnreclaim:       225796 kB
KernelStack:       45728 kB
ShadowCallStack:   11448 kB
PageTables:        76144 kB
NFS_Unstable:          0 kB
Bounce:                0 kB
WritebackTmp:          0 kB
CommitLimit:     8677876 kB
Committed_AS:   69315276 kB
VmallocTotal:   263061440 kB
VmallocUsed:      127680 kB
VmallocChunk:          0 kB
Percpu:             2520 kB
CmaTotal:         405504 kB
CmaFree:               0 kB
MemTotal:        7918584 kB
MemFree:          222868 kB
MemAvailable:    1753400 kB
Buffers:            2120 kB
Cached:          1360596 kB
SwapCached:         8688 kB
Active:          4568652 kB
Inactive:         637432 kB
Active(anon):    3801424 kB
Inactive(anon):    59680 kB
Active(file):     767228 kB
Inactive(file):   577752 kB
Unevictable:        6536 kB
Mlocked:            6096 kB
SwapTotal:       4718584 kB
SwapFree:        4015352 kB
Dirty:               260 kB
Writeback:             0 kB
AnonPages:       3845676 kB
Mapped:           656448 kB
Shmem:             12932 kB
KReclaimable:     575776 kB
Slab:             314536 kB
SReclaimable:      88696 kB
SUnreclaim:       225840 kB
KernelStack:       45712 kB
ShadowCallStack:   11464 kB
PageTables:        76504 kB
NFS_Unstable:          0 kB
Bounce:                0 kB
WritebackTmp:          0 kB
CommitLimit:     8677876 kB
Committed_AS:   69429964 kB
VmallocTotal:   263061440 kB
VmallocUsed:      127660 kB
VmallocChunk:          0 kB
Percpu:             2520 kB
CmaTotal:         405504 kB
CmaFree:             428 kB
MemTotal:        7918584 kB
MemFree:          189208 kB
MemAvailable:    1709384 kB
Buffers:            2056 kB
Cached:          1353376 kB
SwapCached:         8688 kB
Active:          4614040 kB
Inactive:         627536 kB
Active(anon):    3844216 kB
Inactive(anon):    59672 kB
Active(file):     769824 kB
Inactive(file):   567864 kB
Unevictable:        6536 kB
Mlocked:            6096 kB
SwapTotal:       4718584 kB
SwapFree:        4015352 kB
Dirty:               264 kB
Writeback:             0 kB
AnonPages:       3888504 kB
Mapped:           653032 kB
Shmem:             12932 kB
KReclaimable:     572712 kB
Slab:             314624 kB
SReclaimable:      88696 kB
SUnreclaim:       225928 kB
KernelStack:       45728 kB
ShadowCallStack:   11456 kB
PageTables:        76812 kB
NFS_Unstable:          0 kB
Bounce:                0 kB
WritebackTmp:          0 kB
CommitLimit:     8677876 kB
Committed_AS:   69512236 kB
VmallocTotal:   263061440 kB
VmallocUsed:      127660 kB
VmallocChunk:          0 kB
Percpu:             2520 kB
CmaTotal:         405504 kB
CmaFree:             828 kB
MemTotal:        7918584 kB
MemFree:          165644 kB
MemAvailable:    1496432 kB
Buffers:            1984 kB
Cached:          1297536 kB
SwapCached:         8688 kB
Active:          4753724 kB
Inactive:         525072 kB
Active(anon):    3937376 kB
Inactive(anon):    59684 kB
Active(file):     816348 kB
Inactive(file):   465388 kB
Unevictable:        6536 kB
Mlocked:            6096 kB
SwapTotal:       4718584 kB
SwapFree:        4015352 kB
Dirty:               264 kB
Writeback:             0 kB
AnonPages:       3981504 kB
Mapped:           641188 kB
Shmem:             12964 kB
KReclaimable:     439276 kB
Slab:             313764 kB
SReclaimable:      87916 kB
SUnreclaim:       225848 kB
KernelStack:       45808 kB
ShadowCallStack:   11480 kB
PageTables:        76868 kB
NFS_Unstable:          0 kB
Bounce:                0 kB
WritebackTmp:          0 kB
CommitLimit:     8677876 kB
Committed_AS:   69660088 kB
VmallocTotal:   263061440 kB
VmallocUsed:      127820 kB
VmallocChunk:          0 kB
Percpu:             2520 kB
CmaTotal:         405504 kB
CmaFree:               0 kB
MemTotal:        7918584 kB
MemFree:          170552 kB
MemAvailable:    1370480 kB
Buffers:            2008 kB
Cached:          1245612 kB
SwapCached:         8688 kB
Active:          4825520 kB
Inactive:         454328 kB
Active(anon):    3990448 kB
Inactive(anon):    59676 kB
Active(file):     835072 kB
Inactive(file):   394652 kB
Unevictable:        6536 kB
Mlocked:            6096 kB
SwapTotal:       4718584 kB
SwapFree:        4015864 kB
Dirty:               284 kB
Writeback:             0 kB
AnonPages:       4034460 kB
Mapped:           618024 kB
Shmem:             13092 kB
KReclaimable:     360428 kB
Slab:             313292 kB
SReclaimable:      87476 kB
SUnreclaim:       225816 kB
KernelStack:       45744 kB
ShadowCallStack:   11468 kB
PageTables:        77584 kB
NFS_Unstable:          0 kB
Bounce:                0 kB
WritebackTmp:          0 kB
CommitLimit:     8677876 kB
Committed_AS:   69774776 kB
VmallocTotal:   263061440 kB
VmallocUsed:      127732 kB
VmallocChunk:          0 kB
Percpu:             2520 kB
CmaTotal:         405504 kB
CmaFree:               0 kB
MemTotal:        7918584 kB
MemFree:          166028 kB
MemAvailable:    1484548 kB
Buffers:            2008 kB
Cached:          1235676 kB
SwapCached:         8688 kB
Active:          4841712 kB
Inactive:         443620 kB
Active(anon):    4005768 kB
Inactive(anon):    59680 kB
Active(file):     835944 kB
Inactive(file):   383940 kB
Unevictable:        6536 kB
Mlocked:            6096 kB
SwapTotal:       4718584 kB
SwapFree:        4016120 kB
Dirty:               296 kB
Writeback:             0 kB
AnonPages:       4049920 kB
Mapped:           616920 kB
Shmem:             12996 kB
KReclaimable:     488860 kB
Slab:             313124 kB
SReclaimable:      87356 kB
SUnreclaim:       225768 kB
KernelStack:       45648 kB
ShadowCallStack:   11428 kB
PageTables:        77820 kB
NFS_Unstable:          0 kB
Bounce:                0 kB
WritebackTmp:          0 kB
CommitLimit:     8677876 kB
Committed_AS:   69889616 kB
VmallocTotal:   263061440 kB
VmallocUsed:      127524 kB
VmallocChunk:          0 kB
Percpu:             2520 kB
CmaTotal:         405504 kB
CmaFree:               0 kB
MemTotal:        7918584 kB
MemFree:          165136 kB
MemAvailable:    1431404 kB
Buffers:            1996 kB
Cached:          1191240 kB
SwapCached:         8688 kB
Active:          4897032 kB
Inactive:         396628 kB
Active(anon):    4058544 kB
Inactive(anon):    59680 kB
Active(file):     838488 kB
Inactive(file):   336948 kB
Unevictable:        6536 kB
Mlocked:            6096 kB
SwapTotal:       4718584 kB
SwapFree:        4016120 kB
Dirty:               296 kB
Writeback:             0 kB
AnonPages:       4102920 kB
Mapped:           614192 kB
Shmem:             12996 kB
KReclaimable:     481056 kB
Slab:             312216 kB
SReclaimable:      86392 kB
SUnreclaim:       225824 kB
KernelStack:       45600 kB
ShadowCallStack:   11424 kB
PageTables:        77908 kB
NFS_Unstable:          0 kB
Bounce:                0 kB
WritebackTmp:          0 kB
CommitLimit:     8677876 kB
Committed_AS:   70004304 kB
VmallocTotal:   263061440 kB
VmallocUsed:      127520 kB
VmallocChunk:          0 kB
Percpu:             2520 kB
CmaTotal:         405504 kB
CmaFree:               0 kB
MemTotal:        7918584 kB
MemFree:          167972 kB
MemAvailable:    1395060 kB
Buffers:            1976 kB
Cached:          1157356 kB
SwapCached:         8688 kB
Active:          4933420 kB
Inactive:         361872 kB
Active(anon):    4094124 kB
Inactive(anon):    59680 kB
Active(file):     839296 kB
Inactive(file):   302192 kB
Unevictable:        6536 kB
Mlocked:            6096 kB
SwapTotal:       4718584 kB
SwapFree:        4016120 kB
Dirty:               296 kB
Writeback:             0 kB
AnonPages:       4138216 kB
Mapped:           614308 kB
Shmem:             12996 kB
KReclaimable:     476328 kB
Slab:             311436 kB
SReclaimable:      85648 kB
SUnreclaim:       225788 kB
KernelStack:       45552 kB
ShadowCallStack:   11408 kB
PageTables:        77908 kB
NFS_Unstable:          0 kB
Bounce:                0 kB
WritebackTmp:          0 kB
CommitLimit:     8677876 kB
Committed_AS:   70085964 kB
VmallocTotal:   263061440 kB
VmallocUsed:      127440 kB
VmallocChunk:          0 kB
Percpu:             2520 kB
CmaTotal:         405504 kB
CmaFree:               0 kB
MemTotal:        7918584 kB
MemFree:          168628 kB
MemAvailable:    1328324 kB
Buffers:            1824 kB
Cached:          1100756 kB
SwapCached:         8688 kB
Active:          5010284 kB
Inactive:         293984 kB
Active(anon):    4159816 kB
Inactive(anon):    59676 kB
Active(file):     850468 kB
Inactive(file):   234308 kB
Unevictable:        6536 kB
Mlocked:            6096 kB
SwapTotal:       4718584 kB
SwapFree:        4016120 kB
Dirty:                96 kB
Writeback:             0 kB
AnonPages:       4203920 kB
Mapped:           613940 kB
Shmem:             13000 kB
KReclaimable:     465144 kB
Slab:             309904 kB
SReclaimable:      84080 kB
SUnreclaim:       225824 kB
KernelStack:       45504 kB
ShadowCallStack:   11400 kB
PageTables:        78416 kB
NFS_Unstable:          0 kB
Bounce:                0 kB
WritebackTmp:          0 kB
CommitLimit:     8677876 kB
Committed_AS:   70233424 kB
VmallocTotal:   263061440 kB
VmallocUsed:      127344 kB
VmallocChunk:          0 kB
Percpu:             2520 kB
CmaTotal:         405504 kB
CmaFree:               0 kB
MemTotal:        7918584 kB
MemFree:          168456 kB
MemAvailable:    1279864 kB
Buffers:            1832 kB
Cached:          1058704 kB
SwapCached:         8688 kB
Active:          5058644 kB
Inactive:         251832 kB
Active(anon):    4208136 kB
Inactive(anon):    59676 kB
Active(file):     850508 kB
Inactive(file):   192156 kB
Unevictable:        6536 kB
Mlocked:            6096 kB
SwapTotal:       4718584 kB
SwapFree:        4016120 kB
Dirty:               140 kB
Writeback:             0 kB
AnonPages:       4252296 kB
Mapped:           614304 kB
Shmem:             13000 kB
KReclaimable:     458968 kB
Slab:             308960 kB
SReclaimable:      83088 kB
SUnreclaim:       225872 kB
KernelStack:       45456 kB
ShadowCallStack:   11396 kB
PageTables:        78416 kB
NFS_Unstable:          0 kB
Bounce:                0 kB
WritebackTmp:          0 kB
CommitLimit:     8677876 kB
Committed_AS:   70348008 kB
VmallocTotal:   263061440 kB
VmallocUsed:      127320 kB
VmallocChunk:          0 kB
Percpu:             2520 kB
CmaTotal:         405504 kB
CmaFree:               0 kB
MemTotal:        7918584 kB
MemFree:          167544 kB
MemAvailable:    1228592 kB
Buffers:             704 kB
Cached:          1022324 kB
SwapCached:         8688 kB
Active:          5139772 kB
Inactive:         182408 kB
Active(anon):    4273492 kB
Inactive(anon):    43464 kB
Active(file):     866280 kB
Inactive(file):   138944 kB
Unevictable:        6536 kB
Mlocked:            6096 kB
SwapTotal:       4718584 kB
SwapFree:        4011512 kB
Dirty:               212 kB
Writeback:             0 kB
AnonPages:       4301536 kB
Mapped:           613564 kB
Shmem:             13000 kB
KReclaimable:     446048 kB
Slab:             308004 kB
SReclaimable:      82072 kB
SUnreclaim:       225932 kB
KernelStack:       45456 kB
ShadowCallStack:   11388 kB
PageTables:        78916 kB
NFS_Unstable:          0 kB
Bounce:                0 kB
WritebackTmp:          0 kB
CommitLimit:     8677876 kB
Committed_AS:   70462544 kB
VmallocTotal:   263061440 kB
VmallocUsed:      127284 kB
VmallocChunk:          0 kB
Percpu:             2520 kB
CmaTotal:         405504 kB
CmaFree:               0 kB
MemTotal:        7918584 kB
MemFree:          165860 kB
MemAvailable:    1181096 kB
Buffers:             556 kB
Cached:           984392 kB
SwapCached:         8676 kB
Active:          4923968 kB
Inactive:         413068 kB
Active(anon):    4264368 kB
Inactive(anon):   105524 kB
Active(file):     659600 kB
Inactive(file):   307544 kB
Unevictable:        6536 kB
Mlocked:            6096 kB
SwapTotal:       4718584 kB
SwapFree:        4011000 kB
Dirty:               212 kB
Writeback:             0 kB
AnonPages:       4354396 kB
Mapped:           613836 kB
Shmem:             13000 kB
KReclaimable:     438316 kB
Slab:             307056 kB
SReclaimable:      81060 kB
SUnreclaim:       225996 kB
KernelStack:       45392 kB
ShadowCallStack:   11372 kB
PageTables:        79080 kB
NFS_Unstable:          0 kB
Bounce:                0 kB
WritebackTmp:          0 kB
CommitLimit:     8677876 kB
Committed_AS:   70560740 kB
VmallocTotal:   263061440 kB
VmallocUsed:      127240 kB
VmallocChunk:          0 kB
Percpu:             2520 kB
CmaTotal:         405504 kB
CmaFree:               0 kB
MemTotal:        7918584 kB
MemFree:          165900 kB
MemAvailable:    1131080 kB
Buffers:             556 kB
Cached:           940908 kB
SwapCached:         8676 kB
Active:          4973156 kB
Inactive:         369664 kB
Active(anon):    4313556 kB
Inactive(anon):   105524 kB
Active(file):     659600 kB
Inactive(file):   264140 kB
Unevictable:        6536 kB
Mlocked:            6096 kB
SwapTotal:       4718584 kB
SwapFree:        4011000 kB
Dirty:               212 kB
Writeback:             0 kB
AnonPages:       4403540 kB
Mapped:           614276 kB
Shmem:             13000 kB
KReclaimable:     431664 kB
Slab:             306224 kB
SReclaimable:      80184 kB
SUnreclaim:       226040 kB
KernelStack:       45344 kB
ShadowCallStack:   11364 kB
PageTables:        79032 kB
NFS_Unstable:          0 kB
Bounce:                0 kB
WritebackTmp:          0 kB
CommitLimit:     8677876 kB
Committed_AS:   70675324 kB
VmallocTotal:   263061440 kB
VmallocUsed:      127204 kB
VmallocChunk:          0 kB
Percpu:             2520 kB
CmaTotal:         405504 kB
CmaFree:               0 kB
MemTotal:        7918584 kB
MemFree:          165688 kB
MemAvailable:    1070284 kB
Buffers:             520 kB
Cached:           887964 kB
SwapCached:         8676 kB
Active:          5032456 kB
Inactive:         316528 kB
Active(anon):    4372780 kB
Inactive(anon):   105524 kB
Active(file):     659676 kB
Inactive(file):   211004 kB
Unevictable:        6536 kB
Mlocked:            6096 kB
SwapTotal:       4718584 kB
SwapFree:        4011000 kB
Dirty:               212 kB
Writeback:             0 kB
AnonPages:       4462800 kB
Mapped:           613384 kB
Shmem:             13000 kB
KReclaimable:     424140 kB
Slab:             304772 kB
SReclaimable:      78676 kB
SUnreclaim:       226096 kB
KernelStack:       45344 kB
ShadowCallStack:   11360 kB
PageTables:        79512 kB
NFS_Unstable:          0 kB
Bounce:                0 kB
WritebackTmp:          0 kB
CommitLimit:     8677876 kB
Committed_AS:   70790012 kB
VmallocTotal:   263061440 kB
VmallocUsed:      127204 kB
VmallocChunk:          0 kB
Percpu:             2520 kB
CmaTotal:         405504 kB
CmaFree:             128 kB
MemTotal:        7918584 kB
MemFree:          172348 kB
MemAvailable:    1020292 kB
Buffers:             480 kB
Cached:           848004 kB
SwapCached:         8672 kB
Active:           484880 kB
Inactive:        4872780 kB
Active(anon):     423092 kB
Inactive(anon):  4103756 kB
Active(file):      61788 kB
Inactive(file):   769024 kB
Unevictable:        6536 kB
Mlocked:            6096 kB
SwapTotal:       4718584 kB
SwapFree:        4006136 kB
Dirty:               216 kB
Writeback:             0 kB
AnonPages:       4511596 kB
Mapped:           595472 kB
Shmem:             12948 kB
KReclaimable:     407356 kB
Slab:             304716 kB
SReclaimable:      78668 kB
SUnreclaim:       226048 kB
KernelStack:       45328 kB
ShadowCallStack:   11368 kB
PageTables:        79588 kB
NFS_Unstable:          0 kB
Bounce:                0 kB
WritebackTmp:          0 kB
CommitLimit:     8677876 kB
Committed_AS:   70904700 kB
VmallocTotal:   263061440 kB
VmallocUsed:      127200 kB
VmallocChunk:          0 kB
Percpu:             2520 kB
CmaTotal:         405504 kB
CmaFree:               0 kB
MemTotal:        7918584 kB
MemFree:          165864 kB
MemAvailable:     983552 kB
Buffers:             496 kB
Cached:           822152 kB
SwapCached:         8672 kB
Active:           527392 kB
Inactive:        4841968 kB
Active(anon):     462400 kB
Inactive(anon):  4102300 kB
Active(file):      64992 kB
Inactive(file):   739668 kB
Unevictable:        6536 kB
Mlocked:            6096 kB
SwapTotal:       4718584 kB
SwapFree:        4006136 kB
Dirty:               232 kB
Writeback:             0 kB
AnonPages:       4549280 kB
Mapped:           584680 kB
Shmem:             12988 kB
KReclaimable:     403252 kB
Slab:             304672 kB
SReclaimable:      78668 kB
SUnreclaim:       226004 kB
KernelStack:       45360 kB
ShadowCallStack:   11368 kB
PageTables:        79752 kB
NFS_Unstable:          0 kB
Bounce:                0 kB
WritebackTmp:          0 kB
CommitLimit:     8677876 kB
Committed_AS:   70986516 kB
VmallocTotal:   263061440 kB
VmallocUsed:      127196 kB
VmallocChunk:          0 kB
Percpu:             2520 kB
CmaTotal:         405504 kB
CmaFree:               0 kB
MemTotal:        7918584 kB
MemFree:          170176 kB
MemAvailable:     917480 kB
Buffers:             480 kB
Cached:           760116 kB
SwapCached:         8672 kB
Active:           600760 kB
Inactive:        4770896 kB
Active(anon):     526548 kB
Inactive(anon):  4102292 kB
Active(file):      74212 kB
Inactive(file):   668604 kB
Unevictable:        6536 kB
Mlocked:            6096 kB
SwapTotal:       4718584 kB
SwapFree:        4006136 kB
Dirty:               412 kB
Writeback:             0 kB
AnonPages:       4613332 kB
Mapped:           562840 kB
Shmem:             12992 kB
KReclaimable:     394712 kB
Slab:             304724 kB
SReclaimable:      78664 kB
SUnreclaim:       226060 kB
KernelStack:       45360 kB
ShadowCallStack:   11364 kB
PageTables:        80356 kB
NFS_Unstable:          0 kB
Bounce:                0 kB
WritebackTmp:          0 kB
CommitLimit:     8677876 kB
Committed_AS:   71117592 kB
VmallocTotal:   263061440 kB
VmallocUsed:      127164 kB
VmallocChunk:          0 kB
Percpu:             2520 kB
CmaTotal:         405504 kB
CmaFree:               0 kB
MemTotal:        7918584 kB
MemFree:          177096 kB
MemAvailable:     880660 kB
Buffers:             480 kB
Cached:           722168 kB
SwapCached:         8672 kB
Active:           646360 kB
Inactive:        4722960 kB
Active(anon):     570856 kB
Inactive(anon):  4093612 kB
Active(file):      75504 kB
Inactive(file):   629348 kB
Unevictable:        6536 kB
Mlocked:            6096 kB
SwapTotal:       4718584 kB
SwapFree:        4006136 kB
Dirty:               412 kB
Writeback:             0 kB
AnonPages:       4648812 kB
Mapped:           540832 kB
Shmem:             12992 kB
KReclaimable:     388936 kB
Slab:             304792 kB
SReclaimable:      78664 kB
SUnreclaim:       226128 kB
KernelStack:       45312 kB
ShadowCallStack:   11352 kB
PageTables:        80092 kB
NFS_Unstable:          0 kB
Bounce:                0 kB
WritebackTmp:          0 kB
CommitLimit:     8677876 kB
Committed_AS:   71199512 kB
VmallocTotal:   263061440 kB
VmallocUsed:      127144 kB
VmallocChunk:          0 kB
Percpu:             2520 kB
CmaTotal:         405504 kB
CmaFree:             188 kB
MemTotal:        7918584 kB
MemFree:          181720 kB
MemAvailable:     831560 kB
Buffers:             472 kB
Cached:           688488 kB
SwapCached:         6084 kB
Active:           794900 kB
Inactive:        4587920 kB
Active(anon):     715620 kB
Inactive(anon):  3995948 kB
Active(file):      79280 kB
Inactive(file):   591972 kB
Unevictable:        6536 kB
Mlocked:            6096 kB
SwapTotal:       4718584 kB
SwapFree:        3999480 kB
Dirty:               416 kB
Writeback:             0 kB
AnonPages:       4698652 kB
Mapped:           532452 kB
Shmem:             12904 kB
KReclaimable:     368812 kB
Slab:             304836 kB
SReclaimable:      78660 kB
SUnreclaim:       226176 kB
KernelStack:       45296 kB
ShadowCallStack:   11356 kB
PageTables:        80356 kB
NFS_Unstable:          0 kB
Bounce:                0 kB
WritebackTmp:          0 kB
CommitLimit:     8677876 kB
Committed_AS:   71314200 kB
VmallocTotal:   263061440 kB
VmallocUsed:      127164 kB
VmallocChunk:          0 kB
Percpu:             2520 kB
CmaTotal:         405504 kB
CmaFree:               0 kB
MemTotal:        7918584 kB
MemFree:          165512 kB
MemAvailable:     776848 kB
Buffers:             472 kB
Cached:           654668 kB
SwapCached:         6092 kB
Active:           866116 kB
Inactive:        4541124 kB
Active(anon):     773952 kB
Inactive(anon):  3995948 kB
Active(file):      92164 kB
Inactive(file):   545176 kB
Unevictable:        6536 kB
Mlocked:            6096 kB
SwapTotal:       4718584 kB
SwapFree:        3999736 kB
Dirty:               244 kB
Writeback:             0 kB
AnonPages:       4756940 kB
Mapped:           525556 kB
Shmem:             12908 kB
KReclaimable:     364220 kB
Slab:             304844 kB
SReclaimable:      78660 kB
SUnreclaim:       226184 kB
KernelStack:       45328 kB
ShadowCallStack:   11348 kB
PageTables:        80568 kB
NFS_Unstable:          0 kB
Bounce:                0 kB
WritebackTmp:          0 kB
CommitLimit:     8677876 kB
Committed_AS:   71445288 kB
VmallocTotal:   263061440 kB
VmallocUsed:      127156 kB
VmallocChunk:          0 kB
Percpu:             2520 kB
CmaTotal:         405504 kB
CmaFree:               0 kB
MemTotal:        7918584 kB
MemFree:          169640 kB
MemAvailable:     727812 kB
Buffers:             480 kB
Cached:           606272 kB
SwapCached:         6092 kB
Active:           917092 kB
Inactive:        4489324 kB
Active(anon):     821552 kB
Inactive(anon):  3995832 kB
Active(file):      95540 kB
Inactive(file):   493492 kB
Unevictable:        6536 kB
Mlocked:            6096 kB
SwapTotal:       4718584 kB
SwapFree:        3999736 kB
Dirty:               148 kB
Writeback:             0 kB
AnonPages:       4804504 kB
Mapped:           517996 kB
Shmem:             12916 kB
KReclaimable:     359364 kB
Slab:             304936 kB
SReclaimable:      78612 kB
SUnreclaim:       226324 kB
KernelStack:       45312 kB
ShadowCallStack:   11360 kB
PageTables:        80832 kB
NFS_Unstable:          0 kB
Bounce:                0 kB
WritebackTmp:          0 kB
CommitLimit:     8677876 kB
Committed_AS:   71543588 kB
VmallocTotal:   263061440 kB
VmallocUsed:      127168 kB
VmallocChunk:          0 kB
Percpu:             2520 kB
CmaTotal:         405504 kB
CmaFree:               0 kB
MemTotal:        7918584 kB
MemFree:          164720 kB
MemAvailable:     660360 kB
Buffers:             480 kB
Cached:           549832 kB
SwapCached:         6092 kB
Active:           983884 kB
Inactive:        4430324 kB
Active(anon):     888444 kB
Inactive(anon):  3993384 kB
Active(file):      95440 kB
Inactive(file):   436940 kB
Unevictable:        6536 kB
Mlocked:            6096 kB
SwapTotal:       4718584 kB
SwapFree:        3999736 kB
Dirty:               148 kB
Writeback:             0 kB
AnonPages:       4868816 kB
Mapped:           515580 kB
Shmem:             12916 kB
KReclaimable:     353484 kB
Slab:             304796 kB
SReclaimable:      78548 kB
SUnreclaim:       226248 kB
KernelStack:       45296 kB
ShadowCallStack:   11348 kB
PageTables:        81060 kB
NFS_Unstable:          0 kB
Bounce:                0 kB
WritebackTmp:          0 kB
CommitLimit:     8677876 kB
Committed_AS:   71691048 kB
VmallocTotal:   263061440 kB
VmallocUsed:      127164 kB
VmallocChunk:          0 kB
Percpu:             2520 kB
CmaTotal:         405504 kB
CmaFree:               4 kB
MemTotal:        7918584 kB
MemFree:          168964 kB
MemAvailable:     615644 kB
Buffers:             480 kB
Cached:           504740 kB
SwapCached:         6092 kB
Active:          1029276 kB
Inactive:        4384300 kB
Active(anon):     933308 kB
Inactive(anon):  3992768 kB
Active(file):      95968 kB
Inactive(file):   391532 kB
Unevictable:        6536 kB
Mlocked:            6096 kB
SwapTotal:       4718584 kB
SwapFree:        3999736 kB
Dirty:               148 kB
Writeback:             0 kB
AnonPages:       4913352 kB
Mapped:           509696 kB
Shmem:             12916 kB
KReclaimable:     349404 kB
Slab:             305024 kB
SReclaimable:      78548 kB
SUnreclaim:       226476 kB
KernelStack:       45328 kB
ShadowCallStack:   11356 kB
PageTables:        81440 kB
NFS_Unstable:          0 kB
Bounce:                0 kB
WritebackTmp:          0 kB
CommitLimit:     8677876 kB
Committed_AS:   71772968 kB
VmallocTotal:   263061440 kB
VmallocUsed:      127156 kB
VmallocChunk:          0 kB
Percpu:             2520 kB
CmaTotal:         405504 kB
CmaFree:               0 kB
MemTotal:        7918584 kB
MemFree:          167856 kB
MemAvailable:     575136 kB
Buffers:             476 kB
Cached:           468488 kB
SwapCached:         6092 kB
Active:          1069772 kB
Inactive:        4346032 kB
Active(anon):     972588 kB
Inactive(anon):  3991976 kB
Active(file):      97184 kB
Inactive(file):   354056 kB
Unevictable:        6536 kB
Mlocked:            6096 kB
SwapTotal:       4718584 kB
SwapFree:        3999736 kB
Dirty:               180 kB
Writeback:             0 kB
AnonPages:       4951592 kB
Mapped:           505468 kB
Shmem:             12920 kB
KReclaimable:     346264 kB
Slab:             304972 kB
SReclaimable:      78544 kB
SUnreclaim:       226428 kB
KernelStack:       45360 kB
ShadowCallStack:   11364 kB
PageTables:        81440 kB
NFS_Unstable:          0 kB
Bounce:                0 kB
WritebackTmp:          0 kB
CommitLimit:     8677876 kB
Committed_AS:   71838508 kB
VmallocTotal:   263061440 kB
VmallocUsed:      127164 kB
VmallocChunk:          0 kB
Percpu:             2520 kB
CmaTotal:         405504 kB
CmaFree:               0 kB
MemTotal:        7918584 kB
MemFree:          172348 kB
MemAvailable:     500604 kB
Buffers:             460 kB
Cached:           414076 kB
SwapCached:         6092 kB
Active:          1139964 kB
Inactive:        4287584 kB
Active(anon):    1038712 kB
Inactive(anon):  3991976 kB
Active(file):     101252 kB
Inactive(file):   295608 kB
Unevictable:        6536 kB
Mlocked:            6096 kB
SwapTotal:       4718584 kB
SwapFree:        3999736 kB
Dirty:               184 kB
Writeback:             0 kB
AnonPages:       5017884 kB
Mapped:           488380 kB
Shmem:             12924 kB
KReclaimable:     329812 kB
Slab:             305064 kB
SReclaimable:      78540 kB
SUnreclaim:       226524 kB
KernelStack:       45296 kB
ShadowCallStack:   11344 kB
PageTables:        81640 kB
NFS_Unstable:          0 kB
Bounce:                0 kB
WritebackTmp:          0 kB
CommitLimit:     8677876 kB
Committed_AS:   71985968 kB
VmallocTotal:   263061440 kB
VmallocUsed:      127160 kB
VmallocChunk:          0 kB
Percpu:             2520 kB
CmaTotal:         405504 kB
CmaFree:               0 kB
MemTotal:        7918584 kB
MemFree:          165120 kB
MemAvailable:     312500 kB
Buffers:             484 kB
Cached:           320300 kB
SwapCached:         6092 kB
Active:          1244940 kB
Inactive:        4169272 kB
Active(anon):    1119428 kB
Inactive(anon):  3991944 kB
Active(file):     125512 kB
Inactive(file):   177328 kB
Unevictable:        6536 kB
Mlocked:            6096 kB
SwapTotal:       4718584 kB
SwapFree:        3999992 kB
Dirty:               208 kB
Writeback:             0 kB
AnonPages:       5098352 kB
Mapped:           462056 kB
Shmem:             13036 kB
KReclaimable:     227004 kB
Slab:             305340 kB
SReclaimable:      78540 kB
SUnreclaim:       226800 kB
KernelStack:       45456 kB
ShadowCallStack:   11384 kB
PageTables:        82212 kB
NFS_Unstable:          0 kB
Bounce:                0 kB
WritebackTmp:          0 kB
CommitLimit:     8677876 kB
Committed_AS:   72068288 kB
VmallocTotal:   263061440 kB
VmallocUsed:      127316 kB
VmallocChunk:          0 kB
Percpu:             2520 kB
CmaTotal:         405504 kB
CmaFree:               0 kB
MemTotal:        7918584 kB
MemFree:          184252 kB
MemAvailable:     402632 kB
Buffers:             484 kB
Cached:           285120 kB
SwapCached:         6092 kB
Active:          1279452 kB
Inactive:        4123192 kB
Active(anon):    1142852 kB
Inactive(anon):  3991924 kB
Active(file):     136600 kB
Inactive(file):   131268 kB
Unevictable:        6536 kB
Mlocked:            6096 kB
SwapTotal:       4718584 kB
SwapFree:        3999992 kB
Dirty:               224 kB
Writeback:             0 kB
AnonPages:       5121884 kB
Mapped:           425912 kB
Shmem:             12932 kB
KReclaimable:     340736 kB
Slab:             304136 kB
SReclaimable:      77560 kB
SUnreclaim:       226576 kB
KernelStack:       45312 kB
ShadowCallStack:   11344 kB
PageTables:        82172 kB
NFS_Unstable:          0 kB
Bounce:                0 kB
WritebackTmp:          0 kB
CommitLimit:     8677876 kB
Committed_AS:   72182584 kB
VmallocTotal:   263061440 kB
VmallocUsed:      127188 kB
VmallocChunk:          0 kB
Percpu:             2520 kB
CmaTotal:         405504 kB
CmaFree:             124 kB
MemTotal:        7918584 kB
MemFree:          174800 kB
MemAvailable:     357724 kB
Buffers:             484 kB
Cached:           250556 kB
SwapCached:         6092 kB
Active:          1342572 kB
Inactive:        4074472 kB
Active(anon):    1191860 kB
Inactive(anon):  3991880 kB
Active(file):     150712 kB
Inactive(file):    82592 kB
Unevictable:        6536 kB
Mlocked:            6096 kB
SwapTotal:       4718584 kB
SwapFree:        3999992 kB
Dirty:               244 kB
Writeback:             0 kB
AnonPages:       5170828 kB
Mapped:           391752 kB
Shmem:             12932 kB
KReclaimable:     335236 kB
Slab:             303024 kB
SReclaimable:      76436 kB
SUnreclaim:       226588 kB
KernelStack:       45296 kB
ShadowCallStack:   11356 kB
PageTables:        82196 kB
NFS_Unstable:          0 kB
Bounce:                0 kB
WritebackTmp:          0 kB
CommitLimit:     8677876 kB
Committed_AS:   72297272 kB
VmallocTotal:   263061440 kB
VmallocUsed:      127164 kB
VmallocChunk:          0 kB
Percpu:             2520 kB
CmaTotal:         405504 kB
CmaFree:             168 kB
MemTotal:        7918584 kB
MemFree:          169764 kB
MemAvailable:     324656 kB
Buffers:             472 kB
Cached:           208600 kB
SwapCached:         6092 kB
Active:          1420368 kB
Inactive:        4007304 kB
Active(anon):    1244668 kB
Inactive(anon):  3991868 kB
Active(file):     175700 kB
Inactive(file):    15436 kB
Unevictable:        6536 kB
Mlocked:            6096 kB
SwapTotal:       4718584 kB
SwapFree:        3999992 kB
Dirty:               244 kB
Writeback:             0 kB
AnonPages:       5223524 kB
Mapped:           346812 kB
Shmem:             12948 kB
KReclaimable:     328288 kB
Slab:             303060 kB
SReclaimable:      76400 kB
SUnreclaim:       226660 kB
KernelStack:       45312 kB
ShadowCallStack:   11340 kB
PageTables:        82608 kB
NFS_Unstable:          0 kB
Bounce:                0 kB
WritebackTmp:          0 kB
CommitLimit:     8677876 kB
Committed_AS:   72379200 kB
VmallocTotal:   263061440 kB
VmallocUsed:      127148 kB
VmallocChunk:          0 kB
Percpu:             2520 kB
CmaTotal:         405504 kB
CmaFree:               0 kB
MemTotal:        7918584 kB
MemFree:          150276 kB
MemAvailable:     265692 kB
Buffers:             428 kB
Cached:           230872 kB
SwapCached:         3488 kB
Active:          1725172 kB
Inactive:        3730584 kB
Active(anon):    1511588 kB
Inactive(anon):  3730584 kB
Active(file):     213584 kB
Inactive(file):        0 kB
Unevictable:        6536 kB
Mlocked:            6096 kB
SwapTotal:       4718584 kB
SwapFree:        3963384 kB
Dirty:               256 kB
Writeback:             0 kB
AnonPages:       5231296 kB
Mapped:           338692 kB
Shmem:             12712 kB
KReclaimable:     312656 kB
Slab:             303368 kB
SReclaimable:      76392 kB
SUnreclaim:       226976 kB
KernelStack:       44432 kB
ShadowCallStack:   11164 kB
PageTables:        81324 kB
NFS_Unstable:          0 kB
Bounce:                0 kB
WritebackTmp:          0 kB
CommitLimit:     8677876 kB
Committed_AS:   69854780 kB
VmallocTotal:   263061440 kB
VmallocUsed:      126096 kB
VmallocChunk:          0 kB
Percpu:             2520 kB
CmaTotal:         405504 kB
CmaFree:              52 kB
MemTotal:        7918584 kB
MemFree:          189396 kB
MemAvailable:     351040 kB
Buffers:             444 kB
Cached:           314588 kB
SwapCached:         3416 kB
Active:          2329600 kB
Inactive:        3210544 kB
Active(anon):    2031492 kB
Inactive(anon):  3210524 kB
Active(file):     298108 kB
Inactive(file):       20 kB
Unevictable:        6536 kB
Mlocked:            6096 kB
SwapTotal:       4718584 kB
SwapFree:        3978232 kB
Dirty:               264 kB
Writeback:             0 kB
AnonPages:       5231236 kB
Mapped:           358084 kB
Shmem:             12100 kB
KReclaimable:     261932 kB
Slab:             302632 kB
SReclaimable:      76908 kB
SUnreclaim:       225724 kB
KernelStack:       42656 kB
ShadowCallStack:   10668 kB
PageTables:        77464 kB
NFS_Unstable:          0 kB
Bounce:                0 kB
WritebackTmp:          0 kB
CommitLimit:     8677876 kB
Committed_AS:   64551068 kB
VmallocTotal:   263061440 kB
VmallocUsed:      123728 kB
VmallocChunk:          0 kB
Percpu:             2520 kB
CmaTotal:         405504 kB
CmaFree:              36 kB
MemTotal:        7918584 kB
MemFree:          174820 kB
MemAvailable:     333184 kB
Buffers:             408 kB
Cached:           317172 kB
SwapCached:         3400 kB
Active:          2446100 kB
Inactive:        3122064 kB
Active(anon):    2145424 kB
Inactive(anon):  3122064 kB
Active(file):     300676 kB
Inactive(file):        0 kB
Unevictable:        6536 kB
Mlocked:            6096 kB
SwapTotal:       4718584 kB
SwapFree:        3978232 kB
Dirty:                60 kB
Writeback:             0 kB
AnonPages:       5256624 kB
Mapped:           358412 kB
Shmem:             12100 kB
KReclaimable:     247912 kB
Slab:             302372 kB
SReclaimable:      76624 kB
SUnreclaim:       225748 kB
KernelStack:       42592 kB
ShadowCallStack:   10672 kB
PageTables:        77552 kB
NFS_Unstable:          0 kB
Bounce:                0 kB
WritebackTmp:          0 kB
CommitLimit:     8677876 kB
Committed_AS:   64616604 kB
VmallocTotal:   263061440 kB
VmallocUsed:      123728 kB
VmallocChunk:          0 kB
Percpu:             2520 kB
CmaTotal:         405504 kB
CmaFree:               0 kB
MemTotal:        7918584 kB
MemFree:          169108 kB
MemAvailable:     295448 kB
Buffers:             488 kB
Cached:           319892 kB
SwapCached:         3404 kB
Active:          2950264 kB
Inactive:        2689172 kB
Active(anon):    2646792 kB
Inactive(anon):  2689172 kB
Active(file):     303472 kB
Inactive(file):        0 kB
Unevictable:        6536 kB
Mlocked:            6096 kB
SwapTotal:       4718584 kB
SwapFree:        3979256 kB
Dirty:                60 kB
Writeback:             0 kB
AnonPages:       5325128 kB
Mapped:           359728 kB
Shmem:             12104 kB
KReclaimable:     183664 kB
Slab:             302396 kB
SReclaimable:      76624 kB
SUnreclaim:       225772 kB
KernelStack:       42640 kB
ShadowCallStack:   10672 kB
PageTables:        77784 kB
NFS_Unstable:          0 kB
Bounce:                0 kB
WritebackTmp:          0 kB
CommitLimit:     8677876 kB
Committed_AS:   64747684 kB
VmallocTotal:   263061440 kB
VmallocUsed:      123712 kB
VmallocChunk:          0 kB
Percpu:             2520 kB
CmaTotal:         405504 kB
CmaFree:               0 kB
MemTotal:        7918584 kB
MemFree:          172648 kB
MemAvailable:     272184 kB
Buffers:             488 kB
Cached:           320028 kB
SwapCached:         3412 kB
Active:          3362336 kB
Inactive:        2318592 kB
Active(anon):    3067308 kB
Inactive(anon):  2310016 kB
Active(file):     295028 kB
Inactive(file):     8576 kB
Unevictable:        6536 kB
Mlocked:            6096 kB
SwapTotal:       4718584 kB
SwapFree:        3980280 kB
Dirty:                60 kB
Writeback:             0 kB
AnonPages:       5366644 kB
Mapped:           360120 kB
Shmem:             12108 kB
KReclaimable:     137984 kB
Slab:             302436 kB
SReclaimable:      76624 kB
SUnreclaim:       225812 kB
KernelStack:       42608 kB
ShadowCallStack:   10676 kB
PageTables:        77936 kB
NFS_Unstable:          0 kB
Bounce:                0 kB
WritebackTmp:          0 kB
CommitLimit:     8677876 kB
Committed_AS:   64829604 kB
VmallocTotal:   263061440 kB
VmallocUsed:      123720 kB
VmallocChunk:          0 kB
Percpu:             2520 kB
CmaTotal:         405504 kB
CmaFree:               0 kB
MemTotal:        7918584 kB
MemFree:          170436 kB
MemAvailable:     267232 kB
Buffers:             488 kB
Cached:           323716 kB
SwapCached:         3412 kB
Active:          3766636 kB
Inactive:        1928580 kB
Active(anon):    3467936 kB
Inactive(anon):  1919992 kB
Active(file):     298700 kB
Inactive(file):     8588 kB
Unevictable:        6536 kB
Mlocked:            6096 kB
SwapTotal:       4718584 kB
SwapFree:        3946232 kB
Dirty:                80 kB
Writeback:             0 kB
AnonPages:       5377272 kB
Mapped:           361280 kB
Shmem:             12112 kB
KReclaimable:     125136 kB
Slab:             302372 kB
SReclaimable:      76608 kB
SUnreclaim:       225764 kB
KernelStack:       42608 kB
ShadowCallStack:   10684 kB
PageTables:        78136 kB
NFS_Unstable:          0 kB
Bounce:                0 kB
WritebackTmp:          0 kB
CommitLimit:     8677876 kB
Committed_AS:   64911528 kB
VmallocTotal:   263061440 kB
VmallocUsed:      123728 kB
VmallocChunk:          0 kB
Percpu:             2520 kB
CmaTotal:         405504 kB
CmaFree:               0 kB
MemTotal:        7918584 kB
MemFree:          166156 kB
MemAvailable:     266152 kB
Buffers:             512 kB
Cached:           324156 kB
SwapCached:         3416 kB
Active:          3833028 kB
Inactive:        1866124 kB
Active(anon):    3533872 kB
Inactive(anon):  1857536 kB
Active(file):     299156 kB
Inactive(file):     8588 kB
Unevictable:        6536 kB
Mlocked:            6096 kB
SwapTotal:       4718584 kB
SwapFree:        3889912 kB
Dirty:               128 kB
Writeback:            12 kB
AnonPages:       5380804 kB
Mapped:           362484 kB
Shmem:             12112 kB
KReclaimable:     122432 kB
Slab:             302400 kB
SReclaimable:      76608 kB
SUnreclaim:       225792 kB
KernelStack:       42640 kB
ShadowCallStack:   10676 kB
PageTables:        78636 kB
NFS_Unstable:          0 kB
Bounce:                0 kB
WritebackTmp:          0 kB
CommitLimit:     8677876 kB
Committed_AS:   65042600 kB
VmallocTotal:   263061440 kB
VmallocUsed:      123704 kB
VmallocChunk:          0 kB
Percpu:             2520 kB
CmaTotal:         405504 kB
CmaFree:               0 kB
MemTotal:        7918584 kB
MemFree:          166528 kB
MemAvailable:     266292 kB
Buffers:             512 kB
Cached:           324144 kB
SwapCached:         3416 kB
Active:          3873252 kB
Inactive:        1824324 kB
Active(anon):    3574096 kB
Inactive(anon):  1815736 kB
Active(file):     299156 kB
Inactive(file):     8588 kB
Unevictable:        6536 kB
Mlocked:            6096 kB
SwapTotal:       4718584 kB
SwapFree:        3851256 kB
Dirty:               128 kB
Writeback:             0 kB
AnonPages:       5379188 kB
Mapped:           362708 kB
Shmem:             12112 kB
KReclaimable:     121968 kB
Slab:             302408 kB
SReclaimable:      76608 kB
SUnreclaim:       225800 kB
KernelStack:       42560 kB
ShadowCallStack:   10668 kB
PageTables:        78292 kB
NFS_Unstable:          0 kB
Bounce:                0 kB
WritebackTmp:          0 kB
CommitLimit:     8677876 kB
Committed_AS:   65091752 kB
VmallocTotal:   263061440 kB
VmallocUsed:      123716 kB
VmallocChunk:          0 kB
Percpu:             2520 kB
CmaTotal:         405504 kB
CmaFree:               0 kB
MemTotal:        7918584 kB
MemFree:          167340 kB
MemAvailable:     268780 kB
Buffers:             512 kB
Cached:           326172 kB
SwapCached:         3412 kB
Active:          3939552 kB
Inactive:        1756740 kB
Active(anon):    3638372 kB
Inactive(anon):  1748152 kB
Active(file):     301180 kB
Inactive(file):     8588 kB
Unevictable:        6536 kB
Mlocked:            6096 kB
SwapTotal:       4718584 kB
SwapFree:        3787768 kB
Dirty:               128 kB
Writeback:             0 kB
AnonPages:       5375704 kB
Mapped:           363576 kB
Shmem:             12112 kB
KReclaimable:     121272 kB
Slab:             302436 kB
SReclaimable:      76608 kB
SUnreclaim:       225828 kB
KernelStack:       42608 kB
ShadowCallStack:   10676 kB
PageTables:        78760 kB
NFS_Unstable:          0 kB
Bounce:                0 kB
WritebackTmp:          0 kB
CommitLimit:     8677876 kB
Committed_AS:   65222824 kB
VmallocTotal:   263061440 kB
VmallocUsed:      123736 kB
VmallocChunk:          0 kB
Percpu:             2520 kB
CmaTotal:         405504 kB
CmaFree:               0 kB
MemTotal:        7918584 kB
MemFree:          169056 kB
MemAvailable:     269312 kB
Buffers:             660 kB
Cached:           326188 kB
SwapCached:         3412 kB
Active:          4006964 kB
Inactive:        1688340 kB
Active(anon):    3705784 kB
Inactive(anon):  1679588 kB
Active(file):     301180 kB
Inactive(file):     8752 kB
Unevictable:        6536 kB
Mlocked:            6096 kB
SwapTotal:       4718584 kB
SwapFree:        3723768 kB
Dirty:               128 kB
Writeback:             0 kB
AnonPages:       5374504 kB
Mapped:           363784 kB
Shmem:             12112 kB
KReclaimable:     118576 kB
Slab:             302452 kB
SReclaimable:      76608 kB
SUnreclaim:       225844 kB
KernelStack:       42592 kB
ShadowCallStack:   10668 kB
PageTables:        78812 kB
NFS_Unstable:          0 kB
Bounce:                0 kB
WritebackTmp:          0 kB
CommitLimit:     8677876 kB
Committed_AS:   65353896 kB
VmallocTotal:   263061440 kB
VmallocUsed:      123716 kB
VmallocChunk:          0 kB
Percpu:             2520 kB
CmaTotal:         405504 kB
CmaFree:               0 kB
MemTotal:        7918584 kB
MemFree:          166324 kB
MemAvailable:     267704 kB
Buffers:             660 kB
Cached:           327508 kB
SwapCached:         3412 kB
Active:          4043500 kB
Inactive:        1656868 kB
Active(anon):    3741028 kB
Inactive(anon):  1648092 kB
Active(file):     302472 kB
Inactive(file):     8776 kB
Unevictable:        6536 kB
Mlocked:            6096 kB
SwapTotal:       4718584 kB
SwapFree:        3694840 kB
Dirty:               136 kB
Writeback:             0 kB
AnonPages:       5378176 kB
