MemTotal:        7918584 kB
MemFree:         3125844 kB
MemAvailable:    4714812 kB
Buffers:            6372 kB
Cached:          1458964 kB
SwapCached:        14096 kB
Active:          1424652 kB
Inactive:         650376 kB
Active(anon):     562272 kB
Inactive(anon):    70268 kB
Active(file):     862380 kB
Inactive(file):   580108 kB
Unevictable:        6636 kB
Mlocked:            6196 kB
SwapTotal:       4718584 kB
SwapFree:        2680140 kB
Dirty:            151500 kB
Writeback:            12 kB
AnonPages:        611364 kB
Mapped:           492048 kB
Shmem:             17800 kB
KReclaimable:     536704 kB
Slab:             319208 kB
SReclaimable:      89088 kB
SUnreclaim:       230120 kB
KernelStack:       46288 kB
ShadowCallStack:   11624 kB
PageTables:        66068 kB
NFS_Unstable:          0 kB
Bounce:                0 kB
WritebackTmp:          0 kB
CommitLimit:     8677876 kB
Committed_AS:   65119620 kB
VmallocTotal:   263061440 kB
VmallocUsed:      128752 kB
VmallocChunk:          0 kB
Percpu:             2520 kB
CmaTotal:         405504 kB
CmaFree:          304892 kB
MemTotal:        7918584 kB
MemFree:         3115440 kB
MemAvailable:    5138788 kB
Buffers:            6492 kB
Cached:          1475552 kB
SwapCached:        14260 kB
Active:          1433128 kB
Inactive:         651408 kB
Active(anon):     554856 kB
Inactive(anon):    70228 kB
Active(file):     878272 kB
Inactive(file):   581180 kB
Unevictable:        6636 kB
Mlocked:            6196 kB
SwapTotal:       4718584 kB
SwapFree:        2680304 kB
Dirty:            151564 kB
Writeback:             0 kB
AnonPages:        603760 kB
Mapped:           539832 kB
Shmem:             17704 kB
KReclaimable:     954120 kB
Slab:             319480 kB
SReclaimable:      89156 kB
SUnreclaim:       230324 kB
KernelStack:       46464 kB
ShadowCallStack:   11664 kB
PageTables:        65688 kB
NFS_Unstable:          0 kB
Bounce:                0 kB
WritebackTmp:          0 kB
CommitLimit:     8677876 kB
Committed_AS:   65180756 kB
VmallocTotal:   263061440 kB
VmallocUsed:      128948 kB
VmallocChunk:          0 kB
Percpu:             2520 kB
CmaTotal:         405504 kB
CmaFree:          304896 kB
MemTotal:        7918584 kB
MemFree:         3084144 kB
MemAvailable:    4894248 kB
Buffers:            6524 kB
Cached:          1479056 kB
SwapCached:        14360 kB
Active:          1462328 kB
Inactive:         651536 kB
Active(anon):     581068 kB
Inactive(anon):    70232 kB
Active(file):     881260 kB
Inactive(file):   581304 kB
Unevictable:        6636 kB
Mlocked:            6196 kB
SwapTotal:       4718584 kB
SwapFree:        2680648 kB
Dirty:            151572 kB
Writeback:             4 kB
AnonPages:        629724 kB
Mapped:           555616 kB
Shmem:             18116 kB
KReclaimable:     737764 kB
Slab:             319920 kB
SReclaimable:      89240 kB
SUnreclaim:       230680 kB
KernelStack:       46720 kB
ShadowCallStack:   11748 kB
PageTables:        66232 kB
NFS_Unstable:          0 kB
Bounce:                0 kB
WritebackTmp:          0 kB
CommitLimit:     8677876 kB
Committed_AS:   65223440 kB
VmallocTotal:   263061440 kB
VmallocUsed:      129204 kB
VmallocChunk:          0 kB
Percpu:             2520 kB
CmaTotal:         405504 kB
CmaFree:          304896 kB
MemTotal:        7918584 kB
MemFree:         3080024 kB
MemAvailable:    4890264 kB
Buffers:            6540 kB
Cached:          1479184 kB
SwapCached:        14360 kB
Active:          1466928 kB
Inactive:         651572 kB
Active(anon):     585588 kB
Inactive(anon):    70228 kB
Active(file):     881340 kB
Inactive(file):   581344 kB
Unevictable:        6636 kB
Mlocked:            6196 kB
SwapTotal:       4718584 kB
SwapFree:        2680696 kB
Dirty:            151620 kB
Writeback:             0 kB
AnonPages:        634124 kB
Mapped:           556404 kB
Shmem:             18140 kB
KReclaimable:     737780 kB
Slab:             320136 kB
SReclaimable:      89256 kB
SUnreclaim:       230880 kB
KernelStack:       46800 kB
ShadowCallStack:   11736 kB
PageTables:        66332 kB
NFS_Unstable:          0 kB
Bounce:                0 kB
WritebackTmp:          0 kB
CommitLimit:     8677876 kB
Committed_AS:   65223444 kB
VmallocTotal:   263061440 kB
VmallocUsed:      129220 kB
VmallocChunk:          0 kB
Percpu:             2520 kB
CmaTotal:         405504 kB
CmaFree:          304896 kB
MemTotal:        7918584 kB
MemFree:         3077400 kB
MemAvailable:    4886916 kB
Buffers:            6548 kB
Cached:          1479316 kB
SwapCached:        14360 kB
Active:          1473160 kB
Inactive:         651616 kB
Active(anon):     591820 kB
Inactive(anon):    70228 kB
Active(file):     881340 kB
Inactive(file):   581388 kB
Unevictable:        6636 kB
Mlocked:            6196 kB
SwapTotal:       4718584 kB
SwapFree:        2684300 kB
Dirty:            151768 kB
Writeback:             0 kB
AnonPages:        640348 kB
Mapped:           557476 kB
Shmem:             18236 kB
KReclaimable:     737012 kB
Slab:             319992 kB
SReclaimable:      89256 kB
SUnreclaim:       230736 kB
KernelStack:       46720 kB
ShadowCallStack:   11732 kB
PageTables:        66492 kB
NFS_Unstable:          0 kB
Bounce:                0 kB
WritebackTmp:          0 kB
CommitLimit:     8677876 kB
Committed_AS:   65223404 kB
VmallocTotal:   263061440 kB
VmallocUsed:      129188 kB
VmallocChunk:          0 kB
Percpu:             2520 kB
CmaTotal:         405504 kB
CmaFree:          305920 kB
MemTotal:        7918584 kB
MemFree:         3078184 kB
MemAvailable:    4908392 kB
Buffers:            6548 kB
Cached:          1479824 kB
SwapCached:        14416 kB
Active:          1473088 kB
Inactive:         651640 kB
Active(anon):     591232 kB
Inactive(anon):    70232 kB
Active(file):     881856 kB
Inactive(file):   581408 kB
Unevictable:        6636 kB
Mlocked:            6196 kB
SwapTotal:       4718584 kB
SwapFree:        2687484 kB
Dirty:            151068 kB
Writeback:           168 kB
AnonPages:        639816 kB
Mapped:           558240 kB
Shmem:             18252 kB
KReclaimable:     757168 kB
Slab:             320008 kB
SReclaimable:      89256 kB
SUnreclaim:       230752 kB
KernelStack:       46512 kB
ShadowCallStack:   11708 kB
PageTables:        66376 kB
NFS_Unstable:          0 kB
Bounce:                0 kB
WritebackTmp:          0 kB
CommitLimit:     8677876 kB
Committed_AS:   65222820 kB
VmallocTotal:   263061440 kB
VmallocUsed:      128648 kB
VmallocChunk:          0 kB
Percpu:             2520 kB
CmaTotal:         405504 kB
CmaFree:          305920 kB
MemTotal:        7918584 kB
MemFree:         3072228 kB
MemAvailable:    4902492 kB
Buffers:            6548 kB
Cached:          1479924 kB
SwapCached:        14416 kB
Active:          1480864 kB
Inactive:         651612 kB
Active(anon):     598952 kB
Inactive(anon):    70204 kB
Active(file):     881912 kB
Inactive(file):   581408 kB
Unevictable:        6636 kB
Mlocked:            6196 kB
SwapTotal:       4718584 kB
SwapFree:        2687484 kB
Dirty:            150984 kB
Writeback:             0 kB
AnonPages:        647504 kB
Mapped:           559712 kB
Shmem:             18252 kB
KReclaimable:     757168 kB
Slab:             319992 kB
SReclaimable:      89256 kB
SUnreclaim:       230736 kB
KernelStack:       46480 kB
ShadowCallStack:   11672 kB
PageTables:        66292 kB
NFS_Unstable:          0 kB
Bounce:                0 kB
WritebackTmp:          0 kB
CommitLimit:     8677876 kB
Committed_AS:   65239040 kB
VmallocTotal:   263061440 kB
VmallocUsed:      128636 kB
VmallocChunk:          0 kB
Percpu:             2520 kB
CmaTotal:         405504 kB
CmaFree:          305920 kB
MemTotal:        7918584 kB
MemFree:         3039504 kB
MemAvailable:    4869816 kB
Buffers:            6572 kB
Cached:          1479916 kB
SwapCached:        14416 kB
Active:          1512380 kB
Inactive:         651628 kB
Active(anon):     630468 kB
Inactive(anon):    70204 kB
Active(file):     881912 kB
Inactive(file):   581424 kB
Unevictable:        6636 kB
Mlocked:            6196 kB
SwapTotal:       4718584 kB
SwapFree:        2687496 kB
Dirty:            151032 kB
Writeback:             0 kB
AnonPages:        678852 kB
Mapped:           563424 kB
Shmem:             18252 kB
KReclaimable:     757200 kB
Slab:             319976 kB
SReclaimable:      89288 kB
SUnreclaim:       230688 kB
KernelStack:       46464 kB
ShadowCallStack:   11648 kB
PageTables:        66268 kB
NFS_Unstable:          0 kB
Bounce:                0 kB
WritebackTmp:          0 kB
CommitLimit:     8677876 kB
Committed_AS:   65323828 kB
VmallocTotal:   263061440 kB
VmallocUsed:      128600 kB
VmallocChunk:          0 kB
Percpu:             2520 kB
CmaTotal:         405504 kB
CmaFree:          305920 kB
MemTotal:        7918584 kB
MemFree:         2846256 kB
MemAvailable:    4609680 kB
Buffers:            6576 kB
Cached:          1480840 kB
SwapCached:        14424 kB
Active:          1704576 kB
Inactive:         651684 kB
Active(anon):     821788 kB
Inactive(anon):    70208 kB
Active(file):     882788 kB
Inactive(file):   581476 kB
Unevictable:        6636 kB
Mlocked:            6196 kB
SwapTotal:       4718584 kB
SwapFree:        2687496 kB
Dirty:            151040 kB
Writeback:             0 kB
AnonPages:        870240 kB
Mapped:           645440 kB
Shmem:             18252 kB
KReclaimable:     689384 kB
Slab:             320276 kB
SReclaimable:      89304 kB
SUnreclaim:       230972 kB
KernelStack:       46528 kB
ShadowCallStack:   11676 kB
PageTables:        67188 kB
NFS_Unstable:          0 kB
Bounce:                0 kB
WritebackTmp:          0 kB
CommitLimit:     8677876 kB
Committed_AS:   65605072 kB
VmallocTotal:   263061440 kB
VmallocUsed:      128680 kB
VmallocChunk:          0 kB
Percpu:             2520 kB
CmaTotal:         405504 kB
CmaFree:          305920 kB
MemTotal:        7918584 kB
MemFree:         2803256 kB
MemAvailable:    4555228 kB
Buffers:            6600 kB
Cached:          1499312 kB
SwapCached:        14436 kB
Active:          1747756 kB
Inactive:         651724 kB
Active(anon):     846508 kB
Inactive(anon):    70204 kB
Active(file):     901248 kB
Inactive(file):   581520 kB
Unevictable:        6636 kB
Mlocked:            6196 kB
SwapTotal:       4718584 kB
SwapFree:        2688456 kB
Dirty:            151048 kB
Writeback:             0 kB
AnonPages:        894880 kB
Mapped:           662796 kB
Shmem:             18252 kB
KReclaimable:     659428 kB
Slab:             320456 kB
SReclaimable:      89292 kB
SUnreclaim:       231164 kB
KernelStack:       46480 kB
ShadowCallStack:   11680 kB
PageTables:        67212 kB
NFS_Unstable:          0 kB
Bounce:                0 kB
WritebackTmp:          0 kB
CommitLimit:     8677876 kB
Committed_AS:   65630864 kB
VmallocTotal:   263061440 kB
VmallocUsed:      128684 kB
VmallocChunk:          0 kB
Percpu:             2520 kB
CmaTotal:         405504 kB
CmaFree:          305920 kB
MemTotal:        7918584 kB
MemFree:         2693084 kB
MemAvailable:    4425764 kB
Buffers:            6600 kB
Cached:          1499424 kB
SwapCached:        14440 kB
Active:          1857456 kB
Inactive:         651824 kB
Active(anon):     956208 kB
Inactive(anon):    70208 kB
Active(file):     901248 kB
Inactive(file):   581616 kB
Unevictable:        6636 kB
Mlocked:            6196 kB
SwapTotal:       4718584 kB
SwapFree:        2688472 kB
Dirty:            151088 kB
Writeback:             0 kB
AnonPages:       1004588 kB
Mapped:           682212 kB
Shmem:             18260 kB
KReclaimable:     640040 kB
Slab:             320564 kB
SReclaimable:      89292 kB
SUnreclaim:       231272 kB
KernelStack:       46464 kB
ShadowCallStack:   11688 kB
PageTables:        67704 kB
NFS_Unstable:          0 kB
Bounce:                0 kB
WritebackTmp:          0 kB
CommitLimit:     8677876 kB
Committed_AS:   65909404 kB
VmallocTotal:   263061440 kB
VmallocUsed:      128676 kB
VmallocChunk:          0 kB
Percpu:             2520 kB
CmaTotal:         405504 kB
CmaFree:          305920 kB
MemTotal:        7918584 kB
MemFree:         2588832 kB
MemAvailable:    4320844 kB
Buffers:            6696 kB
Cached:          1499896 kB
SwapCached:        14440 kB
Active:          1962660 kB
Inactive:         651888 kB
Active(anon):    1060956 kB
Inactive(anon):    70164 kB
Active(file):     901704 kB
Inactive(file):   581724 kB
Unevictable:        6636 kB
Mlocked:            6196 kB
SwapTotal:       4718584 kB
SwapFree:        2693076 kB
Dirty:             17320 kB
Writeback:            20 kB
AnonPages:       1109304 kB
Mapped:           680816 kB
Shmem:             18264 kB
KReclaimable:     638808 kB
Slab:             320604 kB
SReclaimable:      89292 kB
SUnreclaim:       231312 kB
KernelStack:       46512 kB
ShadowCallStack:   11656 kB
PageTables:        68224 kB
NFS_Unstable:          0 kB
Bounce:                0 kB
WritebackTmp:          0 kB
CommitLimit:     8677876 kB
Committed_AS:   66155060 kB
VmallocTotal:   263061440 kB
VmallocUsed:      128632 kB
VmallocChunk:          0 kB
Percpu:             2520 kB
CmaTotal:         405504 kB
CmaFree:          305920 kB
MemTotal:        7918584 kB
MemFree:         2485788 kB
MemAvailable:    4207568 kB
Buffers:            6696 kB
Cached:          1499908 kB
SwapCached:        14440 kB
Active:          2065456 kB
Inactive:         651908 kB
Active(anon):    1163752 kB
Inactive(anon):    70172 kB
Active(file):     901704 kB
Inactive(file):   581736 kB
Unevictable:        6636 kB
Mlocked:            6196 kB
SwapTotal:       4718584 kB
SwapFree:        2693076 kB
Dirty:             17332 kB
Writeback:             0 kB
AnonPages:       1212004 kB
Mapped:           682080 kB
Shmem:             18264 kB
KReclaimable:     628564 kB
Slab:             320672 kB
SReclaimable:      89292 kB
SUnreclaim:       231380 kB
KernelStack:       46464 kB
ShadowCallStack:   11656 kB
PageTables:        68672 kB
NFS_Unstable:          0 kB
Bounce:                0 kB
WritebackTmp:          0 kB
CommitLimit:     8677876 kB
Committed_AS:   66400768 kB
VmallocTotal:   263061440 kB
VmallocUsed:      128612 kB
VmallocChunk:          0 kB
Percpu:             2520 kB
CmaTotal:         405504 kB
CmaFree:          305920 kB
MemTotal:        7918584 kB
MemFree:         2397240 kB
MemAvailable:    4118152 kB
Buffers:            6696 kB
Cached:          1499928 kB
SwapCached:        14440 kB
Active:          2153188 kB
Inactive:         651928 kB
Active(anon):    1251484 kB
Inactive(anon):    70172 kB
Active(file):     901704 kB
Inactive(file):   581756 kB
Unevictable:        6636 kB
Mlocked:            6196 kB
SwapTotal:       4718584 kB
SwapFree:        2693076 kB
Dirty:             17352 kB
Writeback:             0 kB
AnonPages:       1299840 kB
Mapped:           682528 kB
Shmem:             18264 kB
KReclaimable:     627676 kB
Slab:             320736 kB
SReclaimable:      89292 kB
SUnreclaim:       231444 kB
KernelStack:       46448 kB
ShadowCallStack:   11672 kB
PageTables:        69296 kB
NFS_Unstable:          0 kB
Bounce:                0 kB
WritebackTmp:          0 kB
CommitLimit:     8677876 kB
Committed_AS:   66630104 kB
VmallocTotal:   263061440 kB
VmallocUsed:      128596 kB
VmallocChunk:          0 kB
Percpu:             2520 kB
CmaTotal:         405504 kB
CmaFree:          305920 kB
MemTotal:        7918584 kB
MemFree:         2297688 kB
MemAvailable:    4017520 kB
Buffers:            6696 kB
Cached:          1499924 kB
SwapCached:        14444 kB
Active:          2252008 kB
Inactive:         651924 kB
Active(anon):    1350304 kB
Inactive(anon):    70168 kB
Active(file):     901704 kB
Inactive(file):   581756 kB
Unevictable:        6636 kB
Mlocked:            6196 kB
SwapTotal:       4718584 kB
SwapFree:        2694116 kB
Dirty:             17392 kB
Writeback:             0 kB
AnonPages:       1398588 kB
Mapped:           683456 kB
Shmem:             18264 kB
KReclaimable:     626596 kB
Slab:             320664 kB
SReclaimable:      89292 kB
SUnreclaim:       231372 kB
KernelStack:       46416 kB
ShadowCallStack:   11652 kB
PageTables:        69612 kB
NFS_Unstable:          0 kB
Bounce:                0 kB
WritebackTmp:          0 kB
CommitLimit:     8677876 kB
Committed_AS:   66892248 kB
VmallocTotal:   263061440 kB
VmallocUsed:      128592 kB
VmallocChunk:          0 kB
Percpu:             2520 kB
CmaTotal:         405504 kB
CmaFree:          305908 kB
MemTotal:        7918584 kB
MemFree:         2197612 kB
MemAvailable:    3915844 kB
Buffers:            6696 kB
Cached:          1499988 kB
SwapCached:        14444 kB
Active:          2351796 kB
Inactive:         651952 kB
Active(anon):    1450092 kB
Inactive(anon):    70172 kB
Active(file):     901704 kB
Inactive(file):   581780 kB
Unevictable:        6636 kB
Mlocked:            6196 kB
SwapTotal:       4718584 kB
SwapFree:        2694136 kB
Dirty:             17424 kB
Writeback:             0 kB
AnonPages:       1498376 kB
Mapped:           684484 kB
Shmem:             18300 kB
KReclaimable:     624972 kB
Slab:             320760 kB
SReclaimable:      89292 kB
SUnreclaim:       231468 kB
KernelStack:       46432 kB
ShadowCallStack:   11656 kB
PageTables:        70304 kB
NFS_Unstable:          0 kB
Bounce:                0 kB
WritebackTmp:          0 kB
CommitLimit:     8677876 kB
Committed_AS:   67154388 kB
VmallocTotal:   263061440 kB
VmallocUsed:      128596 kB
VmallocChunk:          0 kB
Percpu:             2520 kB
CmaTotal:         405504 kB
CmaFree:          305920 kB
MemTotal:        7918584 kB
MemFree:         2093424 kB
MemAvailable:    3810784 kB
Buffers:            6856 kB
Cached:          1500348 kB
SwapCached:        14448 kB
Active:          2455236 kB
Inactive:         651956 kB
Active(anon):    1553188 kB
Inactive(anon):    70172 kB
Active(file):     902048 kB
Inactive(file):   581784 kB
Unevictable:        6636 kB
Mlocked:            6196 kB
SwapTotal:       4718584 kB
SwapFree:        2694268 kB
Dirty:             17424 kB
Writeback:             0 kB
AnonPages:       1601600 kB
Mapped:           686368 kB
Shmem:             18300 kB
KReclaimable:     623752 kB
Slab:             320700 kB
SReclaimable:      89296 kB
SUnreclaim:       231404 kB
KernelStack:       46384 kB
ShadowCallStack:   11660 kB
PageTables:        70636 kB
NFS_Unstable:          0 kB
Bounce:                0 kB
WritebackTmp:          0 kB
CommitLimit:     8677876 kB
Committed_AS:   67400144 kB
VmallocTotal:   263061440 kB
VmallocUsed:      128580 kB
VmallocChunk:          0 kB
Percpu:             2520 kB
CmaTotal:         405504 kB
CmaFree:          305920 kB
MemTotal:        7918584 kB
MemFree:         1997556 kB
MemAvailable:    3713756 kB
Buffers:            6888 kB
Cached:          1500448 kB
SwapCached:        14448 kB
Active:          2551268 kB
Inactive:         652196 kB
Active(anon):    1649160 kB
Inactive(anon):    70168 kB
Active(file):     902108 kB
Inactive(file):   582028 kB
Unevictable:        6636 kB
Mlocked:            6196 kB
SwapTotal:       4718584 kB
SwapFree:        2694280 kB
Dirty:             17468 kB
Writeback:             0 kB
AnonPages:       1697412 kB
Mapped:           687336 kB
Shmem:             18300 kB
KReclaimable:     622288 kB
Slab:             320880 kB
SReclaimable:      89296 kB
SUnreclaim:       231584 kB
KernelStack:       46448 kB
ShadowCallStack:   11660 kB
PageTables:        71300 kB
NFS_Unstable:          0 kB
Bounce:                0 kB
WritebackTmp:          0 kB
CommitLimit:     8677876 kB
Committed_AS:   67629520 kB
VmallocTotal:   263061440 kB
VmallocUsed:      128572 kB
VmallocChunk:          0 kB
Percpu:             2520 kB
CmaTotal:         405504 kB
CmaFree:          305920 kB
MemTotal:        7918584 kB
MemFree:         1868988 kB
MemAvailable:    3463488 kB
Buffers:            6888 kB
Cached:          1500452 kB
SwapCached:        14448 kB
Active:          2679228 kB
Inactive:         652180 kB
Active(anon):    1777120 kB
Inactive(anon):    70172 kB
Active(file):     902108 kB
Inactive(file):   582008 kB
Unevictable:        6636 kB
Mlocked:            6196 kB
SwapTotal:       4718584 kB
SwapFree:        2694492 kB
Dirty:             17468 kB
Writeback:             0 kB
AnonPages:       1825396 kB
Mapped:           688808 kB
Shmem:             18316 kB
KReclaimable:     500608 kB
Slab:             320884 kB
SReclaimable:      89296 kB
SUnreclaim:       231588 kB
KernelStack:       46528 kB
ShadowCallStack:   11668 kB
PageTables:        71780 kB
NFS_Unstable:          0 kB
Bounce:                0 kB
WritebackTmp:          0 kB
CommitLimit:     8677876 kB
Committed_AS:   67859296 kB
VmallocTotal:   263061440 kB
VmallocUsed:      128744 kB
VmallocChunk:          0 kB
Percpu:             2520 kB
CmaTotal:         405504 kB
CmaFree:          305920 kB
MemTotal:        7918584 kB
MemFree:         1774512 kB
MemAvailable:    3366264 kB
Buffers:            6896 kB
Cached:          1500528 kB
SwapCached:        14448 kB
Active:          2772760 kB
Inactive:         652184 kB
Active(anon):    1870652 kB
Inactive(anon):    70172 kB
Active(file):     902108 kB
Inactive(file):   582012 kB
Unevictable:        6636 kB
Mlocked:            6196 kB
SwapTotal:       4718584 kB
SwapFree:        2694504 kB
Dirty:             17468 kB
Writeback:             0 kB
AnonPages:       1918920 kB
Mapped:           689936 kB
Shmem:             18404 kB
KReclaimable:     497856 kB
Slab:             320968 kB
SReclaimable:      89296 kB
SUnreclaim:       231672 kB
KernelStack:       46544 kB
ShadowCallStack:   11692 kB
PageTables:        72204 kB
NFS_Unstable:          0 kB
Bounce:                0 kB
WritebackTmp:          0 kB
CommitLimit:     8677876 kB
Committed_AS:   68088672 kB
VmallocTotal:   263061440 kB
VmallocUsed:      128752 kB
VmallocChunk:          0 kB
Percpu:             2520 kB
CmaTotal:         405504 kB
CmaFree:          305920 kB
MemTotal:        7918584 kB
MemFree:         1721764 kB
MemAvailable:    3433688 kB
Buffers:            6896 kB
Cached:          1500432 kB
SwapCached:        14424 kB
Active:          2824656 kB
Inactive:         651884 kB
Active(anon):    1922548 kB
Inactive(anon):    69868 kB
Active(file):     902108 kB
Inactive(file):   582016 kB
Unevictable:        6636 kB
Mlocked:            6196 kB
SwapTotal:       4718584 kB
SwapFree:        2695572 kB
Dirty:             17480 kB
Writeback:             0 kB
AnonPages:       1970524 kB
Mapped:           690224 kB
Shmem:             18304 kB
KReclaimable:     618024 kB
Slab:             320936 kB
SReclaimable:      89296 kB
SUnreclaim:       231640 kB
KernelStack:       46448 kB
ShadowCallStack:   11656 kB
PageTables:        72624 kB
NFS_Unstable:          0 kB
Bounce:                0 kB
WritebackTmp:          0 kB
CommitLimit:     8677876 kB
Committed_AS:   68317656 kB
VmallocTotal:   263061440 kB
VmallocUsed:      128624 kB
VmallocChunk:          0 kB
Percpu:             2520 kB
CmaTotal:         405504 kB
CmaFree:          305920 kB
MemTotal:        7918584 kB
MemFree:         1645352 kB
MemAvailable:    3356548 kB
Buffers:            6896 kB
Cached:          1500432 kB
SwapCached:        14424 kB
Active:          2901404 kB
Inactive:         651880 kB
Active(anon):    1999296 kB
Inactive(anon):    69864 kB
Active(file):     902108 kB
Inactive(file):   582016 kB
Unevictable:        6636 kB
Mlocked:            6196 kB
SwapTotal:       4718584 kB
SwapFree:        2695580 kB
Dirty:             17480 kB
Writeback:             0 kB
AnonPages:       2047296 kB
Mapped:           690588 kB
Shmem:             18304 kB
KReclaimable:     617296 kB
Slab:             321008 kB
SReclaimable:      89296 kB
SUnreclaim:       231712 kB
KernelStack:       46272 kB
ShadowCallStack:   11624 kB
PageTables:        72988 kB
NFS_Unstable:          0 kB
Bounce:                0 kB
WritebackTmp:          0 kB
CommitLimit:     8677876 kB
Committed_AS:   68514264 kB
VmallocTotal:   263061440 kB
VmallocUsed:      128400 kB
VmallocChunk:          0 kB
Percpu:             2520 kB
CmaTotal:         405504 kB
CmaFree:          305920 kB
MemTotal:        7918584 kB
MemFree:         1581084 kB
MemAvailable:    3291832 kB
Buffers:            6896 kB
Cached:          1500432 kB
SwapCached:        14424 kB
Active:          2965892 kB
Inactive:         651884 kB
Active(anon):    2063784 kB
Inactive(anon):    69868 kB
Active(file):     902108 kB
Inactive(file):   582016 kB
Unevictable:        6636 kB
Mlocked:            6196 kB
SwapTotal:       4718584 kB
SwapFree:        2695584 kB
Dirty:             17480 kB
Writeback:             0 kB
AnonPages:       2111680 kB
Mapped:           690996 kB
Shmem:             18304 kB
KReclaimable:     616848 kB
Slab:             321068 kB
SReclaimable:      89296 kB
SUnreclaim:       231772 kB
KernelStack:       46272 kB
ShadowCallStack:   11620 kB
PageTables:        73284 kB
NFS_Unstable:          0 kB
Bounce:                0 kB
WritebackTmp:          0 kB
CommitLimit:     8677876 kB
Committed_AS:   68661668 kB
VmallocTotal:   263061440 kB
VmallocUsed:      128364 kB
VmallocChunk:          0 kB
Percpu:             2520 kB
CmaTotal:         405504 kB
CmaFree:          305920 kB
MemTotal:        7918584 kB
MemFree:         1499368 kB
MemAvailable:    3208028 kB
Buffers:            6904 kB
Cached:          1500432 kB
SwapCached:        14424 kB
Active:          3046364 kB
Inactive:         651892 kB
Active(anon):    2144256 kB
Inactive(anon):    69868 kB
Active(file):     902108 kB
Inactive(file):   582024 kB
Unevictable:        6636 kB
Mlocked:            6196 kB
SwapTotal:       4718584 kB
SwapFree:        2695584 kB
Dirty:             17480 kB
Writeback:             0 kB
AnonPages:       2192340 kB
Mapped:           692356 kB
Shmem:             18304 kB
KReclaimable:     614752 kB
Slab:             321240 kB
SReclaimable:      89296 kB
SUnreclaim:       231944 kB
KernelStack:       46208 kB
ShadowCallStack:   11600 kB
PageTables:        73668 kB
NFS_Unstable:          0 kB
Bounce:                0 kB
WritebackTmp:          0 kB
CommitLimit:     8677876 kB
Committed_AS:   68841892 kB
VmallocTotal:   263061440 kB
VmallocUsed:      128296 kB
VmallocChunk:          0 kB
Percpu:             2520 kB
CmaTotal:         405504 kB
CmaFree:          305920 kB
MemTotal:        7918584 kB
MemFree:         1425768 kB
MemAvailable:    3134528 kB
Buffers:            6904 kB
Cached:          1501308 kB
SwapCached:        14424 kB
Active:          3119488 kB
Inactive:         651888 kB
Active(anon):    2216520 kB
Inactive(anon):    69864 kB
Active(file):     902968 kB
Inactive(file):   582024 kB
Unevictable:        6636 kB
Mlocked:            6196 kB
SwapTotal:       4718584 kB
SwapFree:        2695624 kB
Dirty:             17480 kB
Writeback:             0 kB
AnonPages:       2264484 kB
Mapped:           692664 kB
Shmem:             18320 kB
KReclaimable:     613992 kB
Slab:             321220 kB
SReclaimable:      89296 kB
SUnreclaim:       231924 kB
KernelStack:       46224 kB
ShadowCallStack:   11596 kB
PageTables:        73996 kB
NFS_Unstable:          0 kB
Bounce:                0 kB
WritebackTmp:          0 kB
CommitLimit:     8677876 kB
Committed_AS:   69005744 kB
VmallocTotal:   263061440 kB
VmallocUsed:      128312 kB
VmallocChunk:          0 kB
Percpu:             2520 kB
CmaTotal:         405504 kB
CmaFree:          254040 kB
MemTotal:        7918584 kB
MemFree:         1355476 kB
MemAvailable:    3063932 kB
Buffers:            6904 kB
Cached:          1501484 kB
SwapCached:        14424 kB
Active:          3188220 kB
Inactive:         651900 kB
Active(anon):    2285088 kB
Inactive(anon):    69864 kB
Active(file):     903132 kB
Inactive(file):   582036 kB
Unevictable:        6636 kB
Mlocked:            6196 kB
SwapTotal:       4718584 kB
SwapFree:        2695628 kB
Dirty:             17492 kB
Writeback:             0 kB
AnonPages:       2332932 kB
Mapped:           693328 kB
Shmem:             18320 kB
KReclaimable:     613512 kB
Slab:             321328 kB
SReclaimable:      89296 kB
SUnreclaim:       232032 kB
KernelStack:       46224 kB
ShadowCallStack:   11604 kB
PageTables:        74396 kB
NFS_Unstable:          0 kB
Bounce:                0 kB
WritebackTmp:          0 kB
CommitLimit:     8677876 kB
Committed_AS:   69169584 kB
VmallocTotal:   263061440 kB
VmallocUsed:      128316 kB
VmallocChunk:          0 kB
Percpu:             2520 kB
CmaTotal:         405504 kB
CmaFree:          185748 kB
MemTotal:        7918584 kB
MemFree:         1282560 kB
MemAvailable:    2989816 kB
Buffers:            6904 kB
Cached:          1501484 kB
SwapCached:        14424 kB
Active:          3261168 kB
Inactive:         651904 kB
Active(anon):    2358036 kB
Inactive(anon):    69868 kB
Active(file):     903132 kB
Inactive(file):   582036 kB
Unevictable:        6636 kB
Mlocked:            6196 kB
SwapTotal:       4718584 kB
SwapFree:        2695628 kB
Dirty:             17496 kB
Writeback:             0 kB
AnonPages:       2406168 kB
Mapped:           693984 kB
Shmem:             18320 kB
KReclaimable:     612312 kB
Slab:             321200 kB
SReclaimable:      89296 kB
SUnreclaim:       231904 kB
KernelStack:       46224 kB
ShadowCallStack:   11604 kB
PageTables:        74528 kB
NFS_Unstable:          0 kB
Bounce:                0 kB
WritebackTmp:          0 kB
CommitLimit:     8677876 kB
Committed_AS:   69350836 kB
VmallocTotal:   263061440 kB
VmallocUsed:      128312 kB
VmallocChunk:          0 kB
Percpu:             2520 kB
CmaTotal:         405504 kB
CmaFree:          112608 kB
MemTotal:        7918584 kB
MemFree:         1218240 kB
MemAvailable:    2925292 kB
Buffers:            6904 kB
Cached:          1501908 kB
SwapCached:        14424 kB
Active:          3325440 kB
Inactive:         651904 kB
Active(anon):    2421888 kB
Inactive(anon):    69868 kB
Active(file):     903552 kB
Inactive(file):   582036 kB
Unevictable:        6636 kB
Mlocked:            6196 kB
SwapTotal:       4718584 kB
SwapFree:        2695628 kB
Dirty:             17496 kB
Writeback:             0 kB
AnonPages:       2469856 kB
Mapped:           694452 kB
Shmem:             18324 kB
KReclaimable:     611688 kB
Slab:             321304 kB
SReclaimable:      89296 kB
SUnreclaim:       232008 kB
KernelStack:       46240 kB
ShadowCallStack:   11608 kB
PageTables:        75100 kB
NFS_Unstable:          0 kB
Bounce:                0 kB
WritebackTmp:          0 kB
CommitLimit:     8677876 kB
Committed_AS:   69498288 kB
VmallocTotal:   263061440 kB
VmallocUsed:      128316 kB
VmallocChunk:          0 kB
Percpu:             2520 kB
CmaTotal:         405504 kB
CmaFree:           48308 kB
MemTotal:        7918584 kB
MemFree:         1159932 kB
MemAvailable:    2866368 kB
Buffers:            6928 kB
Cached:          1501908 kB
SwapCached:        14424 kB
Active:          3384384 kB
Inactive:         651924 kB
Active(anon):    2480832 kB
Inactive(anon):    69864 kB
Active(file):     903552 kB
Inactive(file):   582060 kB
Unevictable:        6636 kB
Mlocked:            6196 kB
SwapTotal:       4718584 kB
SwapFree:        2695636 kB
Dirty:             17496 kB
Writeback:             0 kB
AnonPages:       2528852 kB
Mapped:           694844 kB
Shmem:             18324 kB
KReclaimable:     611048 kB
Slab:             321352 kB
SReclaimable:      89296 kB
SUnreclaim:       232056 kB
KernelStack:       46224 kB
ShadowCallStack:   11604 kB
PageTables:        75296 kB
NFS_Unstable:          0 kB
Bounce:                0 kB
WritebackTmp:          0 kB
CommitLimit:     8677876 kB
Committed_AS:   69645748 kB
VmallocTotal:   263061440 kB
VmallocUsed:      128300 kB
VmallocChunk:          0 kB
Percpu:             2520 kB
CmaTotal:         405504 kB
CmaFree:               0 kB
MemTotal:        7918584 kB
MemFree:         1094128 kB
MemAvailable:    2799588 kB
Buffers:            6928 kB
Cached:          1501908 kB
SwapCached:        14424 kB
Active:          3449944 kB
Inactive:         651928 kB
Active(anon):    2546392 kB
Inactive(anon):    69868 kB
Active(file):     903552 kB
Inactive(file):   582060 kB
Unevictable:        6636 kB
Mlocked:            6196 kB
SwapTotal:       4718584 kB
SwapFree:        2695636 kB
Dirty:             17496 kB
Writeback:             0 kB
AnonPages:       2594436 kB
Mapped:           695516 kB
Shmem:             18324 kB
KReclaimable:     610072 kB
Slab:             321352 kB
SReclaimable:      89296 kB
SUnreclaim:       232056 kB
KernelStack:       46208 kB
ShadowCallStack:   11604 kB
PageTables:        75516 kB
NFS_Unstable:          0 kB
Bounce:                0 kB
WritebackTmp:          0 kB
CommitLimit:     8677876 kB
Committed_AS:   69776816 kB
VmallocTotal:   263061440 kB
VmallocUsed:      128336 kB
VmallocChunk:          0 kB
Percpu:             2520 kB
CmaTotal:         405504 kB
CmaFree:               0 kB
MemTotal:        7918584 kB
MemFree:         1028000 kB
MemAvailable:    2732896 kB
Buffers:            6928 kB
Cached:          1501920 kB
SwapCached:        14424 kB
Active:          3515248 kB
Inactive:         651940 kB
Active(anon):    2611696 kB
Inactive(anon):    69868 kB
Active(file):     903552 kB
Inactive(file):   582072 kB
Unevictable:        6636 kB
Mlocked:            6196 kB
SwapTotal:       4718584 kB
SwapFree:        2695640 kB
Dirty:             17508 kB
Writeback:             0 kB
AnonPages:       2659680 kB
Mapped:           695932 kB
Shmem:             18324 kB
KReclaimable:     609496 kB
Slab:             321416 kB
SReclaimable:      89296 kB
SUnreclaim:       232120 kB
KernelStack:       46208 kB
ShadowCallStack:   11604 kB
PageTables:        75760 kB
NFS_Unstable:          0 kB
Bounce:                0 kB
WritebackTmp:          0 kB
CommitLimit:     8677876 kB
Committed_AS:   69924272 kB
VmallocTotal:   263061440 kB
VmallocUsed:      128312 kB
VmallocChunk:          0 kB
Percpu:             2520 kB
CmaTotal:         405504 kB
CmaFree:               0 kB
MemTotal:        7918584 kB
MemFree:          974808 kB
MemAvailable:    2678924 kB
Buffers:            6932 kB
Cached:          1501932 kB
SwapCached:        14424 kB
Active:          3569256 kB
Inactive:         651952 kB
Active(anon):    2665704 kB
Inactive(anon):    69868 kB
Active(file):     903552 kB
Inactive(file):   582084 kB
Unevictable:        6636 kB
Mlocked:            6196 kB
SwapTotal:       4718584 kB
SwapFree:        2695640 kB
Dirty:               432 kB
Writeback:             0 kB
AnonPages:       2713644 kB
Mapped:           696512 kB
Shmem:             18328 kB
KReclaimable:     608704 kB
Slab:             321436 kB
SReclaimable:      89296 kB
SUnreclaim:       232140 kB
KernelStack:       46208 kB
ShadowCallStack:   11600 kB
PageTables:        76088 kB
NFS_Unstable:          0 kB
Bounce:                0 kB
WritebackTmp:          0 kB
CommitLimit:     8677876 kB
Committed_AS:   70088120 kB
VmallocTotal:   263061440 kB
VmallocUsed:      128292 kB
VmallocChunk:          0 kB
Percpu:             2520 kB
CmaTotal:         405504 kB
CmaFree:               0 kB
MemTotal:        7918584 kB
MemFree:          901184 kB
MemAvailable:    2604548 kB
Buffers:            6932 kB
Cached:          1501940 kB
SwapCached:        14424 kB
Active:          3641508 kB
Inactive:         651944 kB
Active(anon):    2737956 kB
Inactive(anon):    69860 kB
Active(file):     903552 kB
Inactive(file):   582084 kB
Unevictable:        6636 kB
Mlocked:            6196 kB
SwapTotal:       4718584 kB
SwapFree:        2695640 kB
Dirty:               492 kB
Writeback:             0 kB
AnonPages:       2785900 kB
Mapped:           696900 kB
Shmem:             18336 kB
KReclaimable:     607952 kB
Slab:             321488 kB
SReclaimable:      89296 kB
SUnreclaim:       232192 kB
KernelStack:       46208 kB
ShadowCallStack:   11596 kB
PageTables:        76328 kB
NFS_Unstable:          0 kB
Bounce:                0 kB
WritebackTmp:          0 kB
CommitLimit:     8677876 kB
Committed_AS:   70235580 kB
VmallocTotal:   263061440 kB
VmallocUsed:      128308 kB
VmallocChunk:          0 kB
Percpu:             2520 kB
CmaTotal:         405504 kB
CmaFree:               0 kB
MemTotal:        7918584 kB
MemFree:          848456 kB
MemAvailable:    2551124 kB
Buffers:            6940 kB
Cached:          1501940 kB
SwapCached:        14424 kB
Active:          3693296 kB
Inactive:         651960 kB
Active(anon):    2789744 kB
Inactive(anon):    69868 kB
Active(file):     903552 kB
Inactive(file):   582092 kB
Unevictable:        6636 kB
Mlocked:            6196 kB
SwapTotal:       4718584 kB
SwapFree:        2695640 kB
Dirty:               524 kB
Writeback:             0 kB
AnonPages:       2837576 kB
Mapped:           697428 kB
Shmem:             18336 kB
KReclaimable:     607248 kB
Slab:             321628 kB
SReclaimable:      89296 kB
SUnreclaim:       232332 kB
KernelStack:       46208 kB
ShadowCallStack:   11608 kB
PageTables:        76616 kB
NFS_Unstable:          0 kB
Bounce:                0 kB
WritebackTmp:          0 kB
CommitLimit:     8677876 kB
Committed_AS:   70350268 kB
VmallocTotal:   263061440 kB
VmallocUsed:      128316 kB
VmallocChunk:          0 kB
Percpu:             2520 kB
CmaTotal:         405504 kB
CmaFree:               0 kB
MemTotal:        7918584 kB
MemFree:          786440 kB
MemAvailable:    2488268 kB
Buffers:            6948 kB
Cached:          1501940 kB
SwapCached:        14424 kB
Active:          3755452 kB
Inactive:         651964 kB
Active(anon):    2851900 kB
Inactive(anon):    69864 kB
Active(file):     903552 kB
Inactive(file):   582100 kB
Unevictable:        6636 kB
Mlocked:            6196 kB
SwapTotal:       4718584 kB
SwapFree:        2695648 kB
Dirty:               524 kB
Writeback:             0 kB
AnonPages:       2899828 kB
Mapped:           697852 kB
Shmem:             18336 kB
KReclaimable:     606400 kB
Slab:             321692 kB
SReclaimable:      89296 kB
SUnreclaim:       232396 kB
KernelStack:       46208 kB
ShadowCallStack:   11608 kB
PageTables:        76960 kB
NFS_Unstable:          0 kB
Bounce:                0 kB
WritebackTmp:          0 kB
CommitLimit:     8677876 kB
Committed_AS:   70497724 kB
VmallocTotal:   263061440 kB
VmallocUsed:      128316 kB
VmallocChunk:          0 kB
Percpu:             2520 kB
CmaTotal:         405504 kB
CmaFree:               0 kB
MemTotal:        7918584 kB
MemFree:          730408 kB
MemAvailable:    2431712 kB
Buffers:            6948 kB
Cached:          1501960 kB
SwapCached:        14424 kB
Active:          3810804 kB
Inactive:         651984 kB
Active(anon):    2907252 kB
Inactive(anon):    69864 kB
Active(file):     903552 kB
Inactive(file):   582120 kB
Unevictable:        6636 kB
Mlocked:            6196 kB
SwapTotal:       4718584 kB
SwapFree:        2695648 kB
Dirty:               476 kB
Writeback:             0 kB
AnonPages:       2955328 kB
Mapped:           698224 kB
Shmem:             18336 kB
KReclaimable:     605856 kB
Slab:             321776 kB
SReclaimable:      89296 kB
SUnreclaim:       232480 kB
KernelStack:       46256 kB
ShadowCallStack:   11608 kB
PageTables:        77164 kB
NFS_Unstable:          0 kB
Bounce:                0 kB
WritebackTmp:          0 kB
CommitLimit:     8677876 kB
Committed_AS:   70612412 kB
VmallocTotal:   263061440 kB
VmallocUsed:      128332 kB
VmallocChunk:          0 kB
Percpu:             2520 kB
CmaTotal:         405504 kB
CmaFree:               0 kB
MemTotal:        7918584 kB
MemFree:          658844 kB
MemAvailable:    2359092 kB
Buffers:            6948 kB
Cached:          1501960 kB
SwapCached:        14424 kB
Active:          3881924 kB
Inactive:         651988 kB
Active(anon):    2978372 kB
Inactive(anon):    69868 kB
Active(file):     903552 kB
Inactive(file):   582120 kB
Unevictable:        6636 kB
Mlocked:            6196 kB
SwapTotal:       4718584 kB
SwapFree:        2695648 kB
Dirty:               484 kB
Writeback:             0 kB
AnonPages:       3026420 kB
Mapped:           699048 kB
Shmem:             18336 kB
KReclaimable:     604800 kB
Slab:             321660 kB
SReclaimable:      89296 kB
SUnreclaim:       232364 kB
KernelStack:       46240 kB
ShadowCallStack:   11600 kB
PageTables:        77412 kB
NFS_Unstable:          0 kB
Bounce:                0 kB
WritebackTmp:          0 kB
CommitLimit:     8677876 kB
Committed_AS:   70776252 kB
VmallocTotal:   263061440 kB
VmallocUsed:      128332 kB
VmallocChunk:          0 kB
Percpu:             2520 kB
CmaTotal:         405504 kB
CmaFree:              92 kB
MemTotal:        7918584 kB
MemFree:          595356 kB
MemAvailable:    2294892 kB
Buffers:            6948 kB
Cached:          1501960 kB
SwapCached:        14424 kB
Active:          3944092 kB
Inactive:         651984 kB
Active(anon):    3040540 kB
Inactive(anon):    69864 kB
Active(file):     903552 kB
Inactive(file):   582120 kB
Unevictable:        6636 kB
Mlocked:            6196 kB
SwapTotal:       4718584 kB
SwapFree:        2695648 kB
Dirty:               496 kB
Writeback:             0 kB
AnonPages:       3088376 kB
Mapped:           699396 kB
Shmem:             18336 kB
KReclaimable:     604088 kB
Slab:             321644 kB
SReclaimable:      89296 kB
SUnreclaim:       232348 kB
KernelStack:       46240 kB
ShadowCallStack:   11596 kB
PageTables:        77720 kB
NFS_Unstable:          0 kB
Bounce:                0 kB
WritebackTmp:          0 kB
CommitLimit:     8677876 kB
Committed_AS:   70890944 kB
VmallocTotal:   263061440 kB
VmallocUsed:      128336 kB
VmallocChunk:          0 kB
Percpu:             2520 kB
CmaTotal:         405504 kB
CmaFree:               0 kB
MemTotal:        7918584 kB
MemFree:          538848 kB
MemAvailable:    2237992 kB
Buffers:            6972 kB
Cached:          1501960 kB
SwapCached:        14424 kB
Active:          4002612 kB
Inactive:         652008 kB
Active(anon):    3099060 kB
Inactive(anon):    69864 kB
Active(file):     903552 kB
Inactive(file):   582144 kB
Unevictable:        6636 kB
Mlocked:            6196 kB
SwapTotal:       4718584 kB
SwapFree:        2695648 kB
Dirty:               500 kB
Writeback:             0 kB
AnonPages:       3147076 kB
Mapped:           699620 kB
Shmem:             18336 kB
KReclaimable:     603672 kB
Slab:             321684 kB
SReclaimable:      89296 kB
SUnreclaim:       232388 kB
KernelStack:       46224 kB
ShadowCallStack:   11608 kB
PageTables:        77964 kB
NFS_Unstable:          0 kB
Bounce:                0 kB
WritebackTmp:          0 kB
CommitLimit:     8677876 kB
Committed_AS:   71038396 kB
VmallocTotal:   263061440 kB
VmallocUsed:      128332 kB
VmallocChunk:          0 kB
Percpu:             2520 kB
CmaTotal:         405504 kB
CmaFree:               0 kB
MemTotal:        7918584 kB
MemFree:          474780 kB
MemAvailable:    2172852 kB
Buffers:            6972 kB
Cached:          1501960 kB
SwapCached:        14424 kB
Active:          4066180 kB
Inactive:         652008 kB
Active(anon):    3162628 kB
Inactive(anon):    69864 kB
Active(file):     903552 kB
Inactive(file):   582144 kB
Unevictable:        6636 kB
Mlocked:            6196 kB
SwapTotal:       4718584 kB
SwapFree:        2695648 kB
Dirty:               500 kB
Writeback:             0 kB
AnonPages:       3210576 kB
Mapped:           700240 kB
Shmem:             18336 kB
KReclaimable:     602600 kB
Slab:             321792 kB
SReclaimable:      89296 kB
SUnreclaim:       232496 kB
KernelStack:       46256 kB
ShadowCallStack:   11608 kB
PageTables:        78216 kB
NFS_Unstable:          0 kB
Bounce:                0 kB
WritebackTmp:          0 kB
CommitLimit:     8677876 kB
Committed_AS:   71169468 kB
VmallocTotal:   263061440 kB
VmallocUsed:      128336 kB
VmallocChunk:          0 kB
Percpu:             2520 kB
CmaTotal:         405504 kB
CmaFree:               8 kB
MemTotal:        7918584 kB
MemFree:          369980 kB
MemAvailable:    1937432 kB
Buffers:            6972 kB
Cached:          1502004 kB
SwapCached:        14424 kB
Active:          4169512 kB
Inactive:         652024 kB
Active(anon):    3265960 kB
Inactive(anon):    69868 kB
Active(file):     903552 kB
Inactive(file):   582156 kB
Unevictable:        6636 kB
Mlocked:            6196 kB
SwapTotal:       4718584 kB
SwapFree:        2695668 kB
Dirty:               512 kB
Writeback:             0 kB
AnonPages:       3313988 kB
Mapped:           701360 kB
Shmem:             18368 kB
KReclaimable:     471968 kB
Slab:             321848 kB
SReclaimable:      89296 kB
SUnreclaim:       232552 kB
KernelStack:       46320 kB
ShadowCallStack:   11632 kB
PageTables:        78564 kB
NFS_Unstable:          0 kB
Bounce:                0 kB
WritebackTmp:          0 kB
CommitLimit:     8677876 kB
Committed_AS:   71317324 kB
VmallocTotal:   263061440 kB
VmallocUsed:      128492 kB
VmallocChunk:          0 kB
Percpu:             2520 kB
CmaTotal:         405504 kB
CmaFree:               0 kB
MemTotal:        7918584 kB
MemFree:          342528 kB
MemAvailable:    2039228 kB
Buffers:            6972 kB
Cached:          1501972 kB
SwapCached:        14424 kB
Active:          4197248 kB
Inactive:         652020 kB
Active(anon):    3293696 kB
Inactive(anon):    69864 kB
Active(file):     903552 kB
Inactive(file):   582156 kB
Unevictable:        6636 kB
Mlocked:            6196 kB
SwapTotal:       4718584 kB
SwapFree:        2695672 kB
Dirty:               512 kB
Writeback:             0 kB
AnonPages:       3341648 kB
Mapped:           701144 kB
Shmem:             18336 kB
KReclaimable:     601216 kB
Slab:             321956 kB
SReclaimable:      89296 kB
SUnreclaim:       232660 kB
KernelStack:       46224 kB
ShadowCallStack:   11612 kB
PageTables:        78752 kB
NFS_Unstable:          0 kB
Bounce:                0 kB
WritebackTmp:          0 kB
CommitLimit:     8677876 kB
Committed_AS:   71447996 kB
VmallocTotal:   263061440 kB
VmallocUsed:      128336 kB
VmallocChunk:          0 kB
Percpu:             2520 kB
CmaTotal:         405504 kB
CmaFree:               0 kB
MemTotal:        7918584 kB
MemFree:          270828 kB
MemAvailable:    1966444 kB
Buffers:            6972 kB
Cached:          1501976 kB
SwapCached:        14424 kB
Active:          4269616 kB
Inactive:         652024 kB
Active(anon):    3366064 kB
Inactive(anon):    69864 kB
Active(file):     903552 kB
Inactive(file):   582160 kB
Unevictable:        6636 kB
Mlocked:            6196 kB
SwapTotal:       4718584 kB
SwapFree:        2695676 kB
Dirty:                52 kB
Writeback:             4 kB
AnonPages:       3414060 kB
Mapped:           701780 kB
Shmem:             18336 kB
KReclaimable:     600128 kB
Slab:             322020 kB
SReclaimable:      89296 kB
SUnreclaim:       232724 kB
KernelStack:       46256 kB
ShadowCallStack:   11616 kB
PageTables:        79140 kB
NFS_Unstable:          0 kB
Bounce:                0 kB
WritebackTmp:          0 kB
CommitLimit:     8677876 kB
Committed_AS:   71611836 kB
VmallocTotal:   263061440 kB
VmallocUsed:      128336 kB
VmallocChunk:          0 kB
Percpu:             2520 kB
CmaTotal:         405504 kB
CmaFree:               0 kB
MemTotal:        7918584 kB
MemFree:          212448 kB
MemAvailable:    1907664 kB
Buffers:            6980 kB
Cached:          1501976 kB
SwapCached:        14424 kB
Active:          4327732 kB
Inactive:         652032 kB
Active(anon):    3424180 kB
Inactive(anon):    69864 kB
Active(file):     903552 kB
Inactive(file):   582168 kB
Unevictable:        6636 kB
Mlocked:            6196 kB
SwapTotal:       4718584 kB
SwapFree:        2695676 kB
Dirty:               136 kB
Writeback:             0 kB
AnonPages:       3472180 kB
Mapped:           702076 kB
Shmem:             18336 kB
KReclaimable:     599720 kB
Slab:             322056 kB
SReclaimable:      89296 kB
SUnreclaim:       232760 kB
KernelStack:       46240 kB
ShadowCallStack:   11608 kB
PageTables:        79452 kB
NFS_Unstable:          0 kB
Bounce:                0 kB
WritebackTmp:          0 kB
CommitLimit:     8677876 kB
Committed_AS:   71742912 kB
VmallocTotal:   263061440 kB
VmallocUsed:      128328 kB
VmallocChunk:          0 kB
Percpu:             2520 kB
CmaTotal:         405504 kB
CmaFree:               0 kB
MemTotal:        7918584 kB
MemFree:          158488 kB
MemAvailable:    1839400 kB
Buffers:            6980 kB
Cached:          1501848 kB
SwapCached:        14416 kB
Active:          4325616 kB
Inactive:         721040 kB
Active(anon):    3335304 kB
Inactive(anon):   225620 kB
Active(file):     990312 kB
Inactive(file):   495420 kB
Unevictable:        6636 kB
Mlocked:            6196 kB
SwapTotal:       4718584 kB
SwapFree:        2693380 kB
Dirty:               136 kB
Writeback:             4 kB
AnonPages:       3539080 kB
Mapped:           702636 kB
Shmem:             18200 kB
KReclaimable:     585404 kB
Slab:             319776 kB
SReclaimable:      87056 kB
SUnreclaim:       232720 kB
KernelStack:       46208 kB
ShadowCallStack:   11608 kB
PageTables:        79868 kB
NFS_Unstable:          0 kB
Bounce:                0 kB
WritebackTmp:          0 kB
CommitLimit:     8677876 kB
Committed_AS:   71890320 kB
VmallocTotal:   263061440 kB
VmallocUsed:      128316 kB
VmallocChunk:          0 kB
Percpu:             2520 kB
CmaTotal:         405504 kB
CmaFree:               0 kB
MemTotal:        7918584 kB
MemFree:          167984 kB
MemAvailable:    1794872 kB
Buffers:            2956 kB
Cached:          1469084 kB
SwapCached:        14416 kB
Active:          4408644 kB
Inactive:         653852 kB
Active(anon):    3411008 kB
Inactive(anon):   202676 kB
Active(file):     997636 kB
Inactive(file):   451176 kB
Unevictable:        6636 kB
Mlocked:            6196 kB
SwapTotal:       4718584 kB
SwapFree:        2682372 kB
Dirty:               168 kB
Writeback:             0 kB
AnonPages:       3591776 kB
Mapped:           699364 kB
Shmem:             18328 kB
KReclaimable:     568300 kB
Slab:             319644 kB
SReclaimable:      86920 kB
SUnreclaim:       232724 kB
KernelStack:       46192 kB
ShadowCallStack:   11596 kB
PageTables:        79816 kB
NFS_Unstable:          0 kB
Bounce:                0 kB
WritebackTmp:          0 kB
CommitLimit:     8677876 kB
Committed_AS:   72021392 kB
VmallocTotal:   263061440 kB
VmallocUsed:      128316 kB
VmallocChunk:          0 kB
Percpu:             2520 kB
CmaTotal:         405504 kB
CmaFree:               0 kB
MemTotal:        7918584 kB
MemFree:          168256 kB
MemAvailable:    1757248 kB
Buffers:            2932 kB
Cached:          1437168 kB
SwapCached:        14416 kB
Active:          4446388 kB
Inactive:         622036 kB
Active(anon):    3448752 kB
Inactive(anon):   202660 kB
Active(file):     997636 kB
Inactive(file):   419376 kB
Unevictable:        6636 kB
Mlocked:            6196 kB
SwapTotal:       4718584 kB
SwapFree:        2682372 kB
Dirty:               264 kB
Writeback:             0 kB
AnonPages:       3629588 kB
Mapped:           699560 kB
Shmem:             18332 kB
KReclaimable:     562204 kB
Slab:             319172 kB
SReclaimable:      86472 kB
SUnreclaim:       232700 kB
KernelStack:       46224 kB
ShadowCallStack:   11604 kB
PageTables:        80080 kB
NFS_Unstable:          0 kB
Bounce:                0 kB
WritebackTmp:          0 kB
CommitLimit:     8677876 kB
Committed_AS:   72103316 kB
VmallocTotal:   263061440 kB
VmallocUsed:      128300 kB
VmallocChunk:          0 kB
Percpu:             2520 kB
CmaTotal:         405504 kB
CmaFree:               0 kB
MemTotal:        7918584 kB
MemFree:          167956 kB
MemAvailable:    1679564 kB
Buffers:            2932 kB
Cached:          1373160 kB
SwapCached:        14416 kB
Active:          4523076 kB
Inactive:         557876 kB
Active(anon):    3525440 kB
Inactive(anon):   202652 kB
Active(file):     997636 kB
Inactive(file):   355224 kB
Unevictable:        6636 kB
Mlocked:            6196 kB
SwapTotal:       4718584 kB
SwapFree:        2682372 kB
Dirty:               276 kB
Writeback:             0 kB
AnonPages:       3706376 kB
Mapped:           699980 kB
Shmem:             18332 kB
KReclaimable:     548972 kB
Slab:             317596 kB
SReclaimable:      84688 kB
SUnreclaim:       232908 kB
KernelStack:       46240 kB
ShadowCallStack:   11600 kB
PageTables:        80628 kB
NFS_Unstable:          0 kB
Bounce:                0 kB
WritebackTmp:          0 kB
CommitLimit:     8677876 kB
Committed_AS:   72250772 kB
VmallocTotal:   263061440 kB
VmallocUsed:      128296 kB
VmallocChunk:          0 kB
Percpu:             2520 kB
CmaTotal:         405504 kB
CmaFree:               0 kB
MemTotal:        7918584 kB
MemFree:          161696 kB
MemAvailable:    1612356 kB
Buffers:            2880 kB
Cached:          1323756 kB
SwapCached:        14416 kB
Active:          4590604 kB
Inactive:         507712 kB
Active(anon):    3592180 kB
Inactive(anon):   202656 kB
Active(file):     998424 kB
Inactive(file):   305056 kB
Unevictable:        6636 kB
Mlocked:            6196 kB
SwapTotal:       4718584 kB
SwapFree:        2682628 kB
Dirty:               312 kB
Writeback:             0 kB
AnonPages:       3773064 kB
Mapped:           688820 kB
Shmem:             18348 kB
KReclaimable:     537404 kB
Slab:             316904 kB
SReclaimable:      84040 kB
SUnreclaim:       232864 kB
KernelStack:       46192 kB
ShadowCallStack:   11612 kB
PageTables:        80660 kB
NFS_Unstable:          0 kB
Bounce:                0 kB
WritebackTmp:          0 kB
CommitLimit:     8677876 kB
Committed_AS:   72414616 kB
VmallocTotal:   263061440 kB
VmallocUsed:      128300 kB
VmallocChunk:          0 kB
Percpu:             2520 kB
CmaTotal:         405504 kB
CmaFree:               0 kB
MemTotal:        7918584 kB
MemFree:          161196 kB
MemAvailable:    1560756 kB
Buffers:            2888 kB
Cached:          1281732 kB
SwapCached:        14416 kB
Active:          4641544 kB
Inactive:         465580 kB
Active(anon):    3643096 kB
Inactive(anon):   202656 kB
Active(file):     998448 kB
Inactive(file):   262924 kB
Unevictable:        6636 kB
Mlocked:            6196 kB
SwapTotal:       4718584 kB
SwapFree:        2682628 kB
Dirty:               380 kB
Writeback:             0 kB
AnonPages:       3823900 kB
Mapped:           675848 kB
Shmem:             18348 kB
KReclaimable:     528412 kB
Slab:             316300 kB
SReclaimable:      83368 kB
SUnreclaim:       232932 kB
KernelStack:       46224 kB
ShadowCallStack:   11604 kB
PageTables:        80988 kB
NFS_Unstable:          0 kB
Bounce:                0 kB
WritebackTmp:          0 kB
CommitLimit:     8677876 kB
Committed_AS:   72529304 kB
VmallocTotal:   263061440 kB
VmallocUsed:      128300 kB
VmallocChunk:          0 kB
Percpu:             2520 kB
CmaTotal:         405504 kB
CmaFree:               0 kB
MemTotal:        7918584 kB
MemFree:          162044 kB
MemAvailable:    1496268 kB
Buffers:            2868 kB
Cached:          1228052 kB
SwapCached:        14416 kB
Active:          4704576 kB
Inactive:         411836 kB
Active(anon):    3706100 kB
Inactive(anon):   202648 kB
Active(file):     998476 kB
Inactive(file):   209188 kB
Unevictable:        6636 kB
Mlocked:            6196 kB
SwapTotal:       4718584 kB
SwapFree:        2682628 kB
Dirty:               396 kB
Writeback:             0 kB
AnonPages:       3886992 kB
Mapped:           660552 kB
Shmem:             18352 kB
KReclaimable:     516784 kB
Slab:             315436 kB
SReclaimable:      82388 kB
SUnreclaim:       233048 kB
KernelStack:       46112 kB
ShadowCallStack:   11572 kB
PageTables:        81388 kB
NFS_Unstable:          0 kB
Bounce:                0 kB
WritebackTmp:          0 kB
CommitLimit:     8677876 kB
Committed_AS:   72643996 kB
VmallocTotal:   263061440 kB
VmallocUsed:      128172 kB
VmallocChunk:          0 kB
Percpu:             2520 kB
CmaTotal:         405504 kB
CmaFree:               0 kB
MemTotal:        7918584 kB
MemFree:          164688 kB
MemAvailable:    1444248 kB
Buffers:            2868 kB
Cached:          1182000 kB
SwapCached:        14416 kB
Active:          4754804 kB
Inactive:         365880 kB
Active(anon):    3756328 kB
Inactive(anon):   202660 kB
Active(file):     998476 kB
Inactive(file):   163220 kB
Unevictable:        6636 kB
Mlocked:            6196 kB
SwapTotal:       4718584 kB
SwapFree:        2682628 kB
Dirty:               396 kB
Writeback:             0 kB
AnonPages:       3937168 kB
Mapped:           660920 kB
Shmem:             18356 kB
KReclaimable:     508088 kB
Slab:             314500 kB
SReclaimable:      81428 kB
SUnreclaim:       233072 kB
KernelStack:       46096 kB
ShadowCallStack:   11580 kB
PageTables:        81396 kB
NFS_Unstable:          0 kB
Bounce:                0 kB
WritebackTmp:          0 kB
CommitLimit:     8677876 kB
Committed_AS:   72775068 kB
VmallocTotal:   263061440 kB
VmallocUsed:      128160 kB
VmallocChunk:          0 kB
Percpu:             2520 kB
CmaTotal:         405504 kB
CmaFree:             136 kB
MemTotal:        7918584 kB
MemFree:          163580 kB
MemAvailable:    1376584 kB
Buffers:            2820 kB
Cached:          1126756 kB
SwapCached:        14416 kB
Active:          4822000 kB
Inactive:         310476 kB
Active(anon):    3823496 kB
Inactive(anon):   202660 kB
Active(file):     998504 kB
Inactive(file):   107816 kB
Unevictable:        6636 kB
Mlocked:            6196 kB
SwapTotal:       4718584 kB
SwapFree:        2682628 kB
Dirty:               396 kB
Writeback:             0 kB
AnonPages:       4004324 kB
Mapped:           660028 kB
Shmem:             18356 kB
KReclaimable:     496908 kB
Slab:             312852 kB
SReclaimable:      79848 kB
SUnreclaim:       233004 kB
KernelStack:       46064 kB
ShadowCallStack:   11572 kB
PageTables:        81572 kB
NFS_Unstable:          0 kB
Bounce:                0 kB
WritebackTmp:          0 kB
CommitLimit:     8677876 kB
Committed_AS:   72923120 kB
VmallocTotal:   263061440 kB
VmallocUsed:      128160 kB
VmallocChunk:          0 kB
Percpu:             2520 kB
CmaTotal:         405504 kB
CmaFree:               0 kB
MemTotal:        7918584 kB
MemFree:          167936 kB
MemAvailable:    1317856 kB
Buffers:            2828 kB
Cached:          1073032 kB
SwapCached:        14420 kB
Active:          4880036 kB
Inactive:         256752 kB
Active(anon):    3881532 kB
Inactive(anon):   202656 kB
Active(file):     998504 kB
Inactive(file):    54096 kB
Unevictable:        6636 kB
Mlocked:            6196 kB
SwapTotal:       4718584 kB
SwapFree:        2682628 kB
Dirty:               416 kB
Writeback:             0 kB
AnonPages:       4062292 kB
Mapped:           660636 kB
Shmem:             18356 kB
KReclaimable:     487544 kB
Slab:             311808 kB
SReclaimable:      78756 kB
SUnreclaim:       233052 kB
KernelStack:       46096 kB
ShadowCallStack:   11560 kB
PageTables:        81996 kB
NFS_Unstable:          0 kB
Bounce:                0 kB
WritebackTmp:          0 kB
CommitLimit:     8677876 kB
Committed_AS:   73054192 kB
VmallocTotal:   263061440 kB
VmallocUsed:      128148 kB
VmallocChunk:          0 kB
Percpu:             2520 kB
CmaTotal:         405504 kB
CmaFree:               0 kB
MemTotal:        7918584 kB
MemFree:          161888 kB
MemAvailable:    1267704 kB
Buffers:            1220 kB
Cached:          1037508 kB
SwapCached:        14420 kB
Active:          4929952 kB
Inactive:         219596 kB
Active(anon):    3931428 kB
Inactive(anon):   202648 kB
Active(file):     998524 kB
Inactive(file):    16948 kB
Unevictable:        6636 kB
Mlocked:            6196 kB
SwapTotal:       4718584 kB
SwapFree:        2682628 kB
Dirty:               420 kB
Writeback:             0 kB
AnonPages:       4112212 kB
Mapped:           660620 kB
Shmem:             18356 kB
KReclaimable:     480568 kB
Slab:             310580 kB
SReclaimable:      77548 kB
SUnreclaim:       233032 kB
KernelStack:       46096 kB
ShadowCallStack:   11572 kB
PageTables:        82148 kB
NFS_Unstable:          0 kB
Bounce:                0 kB
WritebackTmp:          0 kB
CommitLimit:     8677876 kB
Committed_AS:   73168884 kB
VmallocTotal:   263061440 kB
VmallocUsed:      128156 kB
VmallocChunk:          0 kB
Percpu:             2520 kB
CmaTotal:         405504 kB
CmaFree:               0 kB
MemTotal:        7918584 kB
MemFree:          175040 kB
MemAvailable:    1215864 kB
Buffers:             520 kB
Cached:          1027220 kB
SwapCached:        13432 kB
Active:          1190952 kB
Inactive:        3976024 kB
Active(anon):    1130728 kB
Inactive(anon):  3031444 kB
Active(file):      60224 kB
Inactive(file):   944580 kB
Unevictable:        6636 kB
Mlocked:            6196 kB
SwapTotal:       4718584 kB
SwapFree:        2647044 kB
Dirty:               432 kB
Writeback:             0 kB
AnonPages:       4141052 kB
Mapped:           655884 kB
Shmem:             18036 kB
KReclaimable:     434436 kB
Slab:             310408 kB
SReclaimable:      77360 kB
SUnreclaim:       233048 kB
KernelStack:       46032 kB
ShadowCallStack:   11568 kB
PageTables:        82280 kB
NFS_Unstable:          0 kB
Bounce:                0 kB
WritebackTmp:          0 kB
CommitLimit:     8677876 kB
Committed_AS:   73299952 kB
VmallocTotal:   263061440 kB
VmallocUsed:      128156 kB
VmallocChunk:          0 kB
Percpu:             2520 kB
CmaTotal:         405504 kB
CmaFree:              32 kB
MemTotal:        7918584 kB
MemFree:          171056 kB
MemAvailable:    1210792 kB
Buffers:             520 kB
Cached:          1026804 kB
SwapCached:         8124 kB
Active:          1260532 kB
Inactive:        3918420 kB
Active(anon):    1200308 kB
Inactive(anon):  2973808 kB
Active(file):      60224 kB
Inactive(file):   944612 kB
Unevictable:        6636 kB
Mlocked:            6196 kB
SwapTotal:       4718584 kB
SwapFree:        2611716 kB
Dirty:               432 kB
Writeback:             0 kB
AnonPages:       4158092 kB
Mapped:           655660 kB
Shmem:             17588 kB
KReclaimable:     425124 kB
Slab:             310500 kB
SReclaimable:      77360 kB
SUnreclaim:       233140 kB
KernelStack:       46080 kB
ShadowCallStack:   11568 kB
PageTables:        82800 kB
NFS_Unstable:          0 kB
Bounce:                0 kB
WritebackTmp:          0 kB
CommitLimit:     8677876 kB
Committed_AS:   73431036 kB
VmallocTotal:   263061440 kB
VmallocUsed:      128152 kB
VmallocChunk:          0 kB
Percpu:             2520 kB
CmaTotal:         405504 kB
CmaFree:             128 kB
MemTotal:        7918584 kB
MemFree:          160392 kB
MemAvailable:    1194768 kB
Buffers:             520 kB
Cached:          1026780 kB
SwapCached:         7988 kB
Active:          1320800 kB
Inactive:        3867124 kB
Active(anon):    1260572 kB
Inactive(anon):  2922516 kB
Active(file):      60228 kB
Inactive(file):   944608 kB
Unevictable:        6636 kB
Mlocked:            6196 kB
SwapTotal:       4718584 kB
SwapFree:        2570756 kB
Dirty:               260 kB
Writeback:             0 kB
AnonPages:       4166992 kB
Mapped:           656088 kB
Shmem:             17552 kB
KReclaimable:     419764 kB
Slab:             310560 kB
SReclaimable:      77360 kB
SUnreclaim:       233200 kB
KernelStack:       46096 kB
ShadowCallStack:   11564 kB
PageTables:        82508 kB
NFS_Unstable:          0 kB
Bounce:                0 kB
WritebackTmp:          0 kB
CommitLimit:     8677876 kB
Committed_AS:   73545724 kB
VmallocTotal:   263061440 kB
VmallocUsed:      128156 kB
VmallocChunk:          0 kB
Percpu:             2520 kB
CmaTotal:         405504 kB
CmaFree:               0 kB
MemTotal:        7918584 kB
MemFree:          164468 kB
MemAvailable:    1188024 kB
Buffers:             552 kB
Cached:          1026768 kB
SwapCached:         7712 kB
Active:          1395688 kB
Inactive:        3784388 kB
Active(anon):    1335436 kB
Inactive(anon):  2839736 kB
Active(file):      60252 kB
Inactive(file):   944652 kB
Unevictable:        6636 kB
Mlocked:            6196 kB
SwapTotal:       4718584 kB
SwapFree:        2506244 kB
Dirty:               140 kB
Writeback:             0 kB
AnonPages:       4159472 kB
Mapped:           656396 kB
Shmem:             17516 kB
KReclaimable:     408876 kB
Slab:             310576 kB
SReclaimable:      77216 kB
SUnreclaim:       233360 kB
KernelStack:       46048 kB
ShadowCallStack:   11568 kB
PageTables:        83196 kB
NFS_Unstable:          0 kB
Bounce:                0 kB
WritebackTmp:          0 kB
CommitLimit:     8677876 kB
Committed_AS:   73660308 kB
VmallocTotal:   263061440 kB
VmallocUsed:      128116 kB
VmallocChunk:          0 kB
Percpu:             2520 kB
CmaTotal:         405504 kB
CmaFree:               0 kB
MemTotal:        7918584 kB
MemFree:          169392 kB
MemAvailable:    1170220 kB
Buffers:             552 kB
Cached:          1026740 kB
SwapCached:         7676 kB
Active:          1475976 kB
Inactive:        3713752 kB
Active(anon):    1415724 kB
Inactive(anon):  2769100 kB
Active(file):      60252 kB
Inactive(file):   944652 kB
Unevictable:        6636 kB
Mlocked:            6196 kB
SwapTotal:       4718584 kB
SwapFree:        2459732 kB
Dirty:               140 kB
Writeback:             0 kB
AnonPages:       4169216 kB
Mapped:           656708 kB
Shmem:             17496 kB
KReclaimable:     386148 kB
Slab:             310472 kB
SReclaimable:      77216 kB
SUnreclaim:       233256 kB
KernelStack:       45968 kB
ShadowCallStack:   11552 kB
PageTables:        83044 kB
NFS_Unstable:          0 kB
Bounce:                0 kB
WritebackTmp:          0 kB
CommitLimit:     8677876 kB
Committed_AS:   73774736 kB
VmallocTotal:   263061440 kB
VmallocUsed:      128016 kB
VmallocChunk:          0 kB
Percpu:             2520 kB
CmaTotal:         405504 kB
CmaFree:               0 kB
MemTotal:        7918584 kB
MemFree:          161500 kB
MemAvailable:    1140532 kB
Buffers:             552 kB
Cached:          1026772 kB
SwapCached:         7676 kB
Active:          1554412 kB
Inactive:        3663356 kB
Active(anon):    1494160 kB
Inactive(anon):  2718680 kB
Active(file):      60252 kB
Inactive(file):   944676 kB
Unevictable:        6636 kB
Mlocked:            6196 kB
SwapTotal:       4718584 kB
SwapFree:        2418648 kB
Dirty:               176 kB
Writeback:             0 kB
AnonPages:       4197172 kB
Mapped:           657232 kB
Shmem:             17496 kB
KReclaimable:     364328 kB
Slab:             310540 kB
SReclaimable:      77212 kB
SUnreclaim:       233328 kB
KernelStack:       45952 kB
ShadowCallStack:   11548 kB
PageTables:        83556 kB
NFS_Unstable:          0 kB
Bounce:                0 kB
WritebackTmp:          0 kB
CommitLimit:     8677876 kB
Committed_AS:   73905812 kB
VmallocTotal:   263061440 kB
VmallocUsed:      128012 kB
VmallocChunk:          0 kB
Percpu:             2520 kB
CmaTotal:         405504 kB
CmaFree:               0 kB
MemTotal:        7918584 kB
MemFree:          169500 kB
MemAvailable:    1030844 kB
Buffers:             552 kB
Cached:          1026768 kB
SwapCached:         7672 kB
Active:          1650008 kB
Inactive:        3545300 kB
Active(anon):    1589756 kB
Inactive(anon):  2600624 kB
Active(file):      60252 kB
Inactive(file):   944676 kB
Unevictable:        6636 kB
Mlocked:            6196 kB
SwapTotal:       4718584 kB
SwapFree:        2313632 kB
Dirty:               176 kB
Writeback:             0 kB
AnonPages:       4174532 kB
Mapped:           658208 kB
Shmem:             17496 kB
KReclaimable:     254832 kB
Slab:             310516 kB
SReclaimable:      77212 kB
SUnreclaim:       233304 kB
KernelStack:       46032 kB
ShadowCallStack:   11536 kB
PageTables:        83684 kB
NFS_Unstable:          0 kB
Bounce:                0 kB
WritebackTmp:          0 kB
CommitLimit:     8677876 kB
Committed_AS:   74004356 kB
VmallocTotal:   263061440 kB
VmallocUsed:      128132 kB
VmallocChunk:          0 kB
Percpu:             2520 kB
CmaTotal:         405504 kB
CmaFree:               0 kB
MemTotal:        7918584 kB
MemFree:          161604 kB
MemAvailable:    1014580 kB
Buffers:             552 kB
Cached:          1027048 kB
SwapCached:         7656 kB
Active:          1725104 kB
Inactive:        3484628 kB
Active(anon):    1664852 kB
Inactive(anon):  2539836 kB
Active(file):      60252 kB
Inactive(file):   944792 kB
Unevictable:        6636 kB
Mlocked:            6196 kB
SwapTotal:       4718584 kB
SwapFree:        2278200 kB
Dirty:               212 kB
Writeback:             0 kB
AnonPages:       4188680 kB
Mapped:           658596 kB
Shmem:             17656 kB
KReclaimable:     233792 kB
Slab:             310732 kB
SReclaimable:      77212 kB
SUnreclaim:       233520 kB
KernelStack:       46016 kB
ShadowCallStack:   11564 kB
PageTables:        84024 kB
NFS_Unstable:          0 kB
Bounce:                0 kB
WritebackTmp:          0 kB
CommitLimit:     8677876 kB
Committed_AS:   74086272 kB
VmallocTotal:   263061440 kB
VmallocUsed:      128112 kB
VmallocChunk:          0 kB
Percpu:             2520 kB
CmaTotal:         405504 kB
CmaFree:               0 kB
MemTotal:        7918584 kB
MemFree:          166168 kB
MemAvailable:    1141780 kB
Buffers:             560 kB
Cached:          1026976 kB
SwapCached:         7656 kB
Active:          1758192 kB
Inactive:        3449428 kB
Active(anon):    1697940 kB
Inactive(anon):  2504540 kB
Active(file):      60252 kB
Inactive(file):   944888 kB
Unevictable:        6636 kB
Mlocked:            6196 kB
SwapTotal:       4718584 kB
SwapFree:        2251340 kB
Dirty:               404 kB
Writeback:             0 kB
AnonPages:       4186796 kB
Mapped:           658292 kB
Shmem:             17496 kB
KReclaimable:     360696 kB
Slab:             310664 kB
SReclaimable:      77212 kB
SUnreclaim:       233452 kB
KernelStack:       45872 kB
ShadowCallStack:   11524 kB
PageTables:        84344 kB
NFS_Unstable:          0 kB
Bounce:                0 kB
WritebackTmp:          0 kB
CommitLimit:     8677876 kB
Committed_AS:   74233120 kB
VmallocTotal:   263061440 kB
VmallocUsed:      127844 kB
VmallocChunk:          0 kB
Percpu:             2520 kB
CmaTotal:         405504 kB
CmaFree:               0 kB
MemTotal:        7918584 kB
MemFree:          162756 kB
MemAvailable:    1132728 kB
Buffers:             560 kB
Cached:          1026960 kB
SwapCached:         7656 kB
Active:          1818236 kB
Inactive:        3398312 kB
Active(anon):    1757984 kB
Inactive(anon):  2453424 kB
Active(file):      60252 kB
Inactive(file):   944888 kB
Unevictable:        6636 kB
Mlocked:            6196 kB
SwapTotal:       4718584 kB
SwapFree:        2207384 kB
Dirty:               408 kB
Writeback:             0 kB
AnonPages:       4195480 kB
Mapped:           658672 kB
Shmem:             17496 kB
KReclaimable:     355056 kB
Slab:             310616 kB
SReclaimable:      77212 kB
SUnreclaim:       233404 kB
KernelStack:       45776 kB
ShadowCallStack:   11508 kB
PageTables:        84328 kB
NFS_Unstable:          0 kB
Bounce:                0 kB
WritebackTmp:          0 kB
CommitLimit:     8677876 kB
Committed_AS:   74347704 kB
VmallocTotal:   263061440 kB
VmallocUsed:      127792 kB
VmallocChunk:          0 kB
Percpu:             2520 kB
CmaTotal:         405504 kB
CmaFree:               0 kB
MemTotal:        7918584 kB
MemFree:          163780 kB
MemAvailable:    1128884 kB
Buffers:             568 kB
Cached:          1027348 kB
SwapCached:         7656 kB
Active:          1875816 kB
Inactive:        3342364 kB
Active(anon):    1815224 kB
Inactive(anon):  2397444 kB
Active(file):      60592 kB
Inactive(file):   944920 kB
Unevictable:        6636 kB
Mlocked:            6196 kB
SwapTotal:       4718584 kB
SwapFree:        2157948 kB
Dirty:               456 kB
Writeback:             0 kB
AnonPages:       4196956 kB
Mapped:           659212 kB
Shmem:             17504 kB
KReclaimable:     349816 kB
Slab:             310732 kB
SReclaimable:      77212 kB
SUnreclaim:       233520 kB
KernelStack:       45808 kB
ShadowCallStack:   11500 kB
PageTables:        84748 kB
NFS_Unstable:          0 kB
Bounce:                0 kB
WritebackTmp:          0 kB
CommitLimit:     8677876 kB
Committed_AS:   74446016 kB
VmallocTotal:   263061440 kB
VmallocUsed:      127780 kB
VmallocChunk:          0 kB
Percpu:             2520 kB
CmaTotal:         405504 kB
CmaFree:               0 kB
MemTotal:        7918584 kB
MemFree:          163304 kB
MemAvailable:    1122208 kB
Buffers:             568 kB
Cached:          1027336 kB
SwapCached:         7656 kB
Active:          1945944 kB
Inactive:        3277748 kB
Active(anon):    1885352 kB
Inactive(anon):  2332828 kB
Active(file):      60592 kB
Inactive(file):   944920 kB
Unevictable:        6636 kB
Mlocked:            6196 kB
SwapTotal:       4718584 kB
SwapFree:        2096528 kB
Dirty:               456 kB
Writeback:             0 kB
AnonPages:       4201924 kB
Mapped:           659892 kB
Shmem:             17504 kB
KReclaimable:     343616 kB
Slab:             310692 kB
SReclaimable:      77212 kB
SUnreclaim:       233480 kB
KernelStack:       45760 kB
ShadowCallStack:   11492 kB
PageTables:        84828 kB
NFS_Unstable:          0 kB
Bounce:                0 kB
WritebackTmp:          0 kB
CommitLimit:     8677876 kB
Committed_AS:   74593372 kB
VmallocTotal:   263061440 kB
VmallocUsed:      127744 kB
VmallocChunk:          0 kB
Percpu:             2520 kB
CmaTotal:         405504 kB
CmaFree:               0 kB
MemTotal:        7918584 kB
MemFree:          163928 kB
MemAvailable:    1117312 kB
Buffers:             568 kB
Cached:          1027348 kB
SwapCached:         7656 kB
Active:          2004688 kB
Inactive:        3222732 kB
Active(anon):    1944096 kB
Inactive(anon):  2277812 kB
Active(file):      60592 kB
Inactive(file):   944920 kB
Unevictable:        6636 kB
Mlocked:            6196 kB
SwapTotal:       4718584 kB
SwapFree:        2045832 kB
Dirty:               456 kB
Writeback:             0 kB
AnonPages:       4206380 kB
Mapped:           660068 kB
Shmem:             17504 kB
KReclaimable:     338096 kB
Slab:             310788 kB
SReclaimable:      77164 kB
SUnreclaim:       233624 kB
KernelStack:       45776 kB
ShadowCallStack:   11492 kB
PageTables:        85264 kB
NFS_Unstable:          0 kB
Bounce:                0 kB
WritebackTmp:          0 kB
CommitLimit:     8677876 kB
Committed_AS:   74724444 kB
VmallocTotal:   263061440 kB
VmallocUsed:      127752 kB
VmallocChunk:          0 kB
Percpu:             2520 kB
CmaTotal:         405504 kB
CmaFree:               0 kB
MemTotal:        7918584 kB
MemFree:          162500 kB
MemAvailable:    1110820 kB
Buffers:             596 kB
Cached:          1027352 kB
SwapCached:         7660 kB
Active:          2060628 kB
Inactive:        3172348 kB
Active(anon):    2000036 kB
Inactive(anon):  2227388 kB
Active(file):      60592 kB
Inactive(file):   944960 kB
Unevictable:        6636 kB
Mlocked:            6196 kB
SwapTotal:       4718584 kB
SwapFree:        1995700 kB
Dirty:               188 kB
Writeback:             0 kB
AnonPages:       4212052 kB
Mapped:           660656 kB
Shmem:             17504 kB
KReclaimable:     332992 kB
Slab:             310720 kB
SReclaimable:      77164 kB
SUnreclaim:       233556 kB
KernelStack:       45776 kB
ShadowCallStack:   11484 kB
PageTables:        85128 kB
NFS_Unstable:          0 kB
Bounce:                0 kB
WritebackTmp:          0 kB
CommitLimit:     8677876 kB
Committed_AS:   74839128 kB
VmallocTotal:   263061440 kB
VmallocUsed:      127740 kB
VmallocChunk:          0 kB
Percpu:             2520 kB
CmaTotal:         405504 kB
CmaFree:               0 kB
MemTotal:        7918584 kB
MemFree:          165332 kB
MemAvailable:    1107696 kB
Buffers:             596 kB
Cached:          1027352 kB
SwapCached:         7656 kB
Active:          2125252 kB
Inactive:        3109752 kB
Active(anon):    2064660 kB
Inactive(anon):  2164796 kB
Active(file):      60592 kB
Inactive(file):   944956 kB
Unevictable:        6636 kB
Mlocked:            6196 kB
SwapTotal:       4718584 kB
SwapFree:        1934260 kB
Dirty:                96 kB
Writeback:             0 kB
AnonPages:       4213664 kB
Mapped:           660920 kB
Shmem:             17512 kB
KReclaimable:     327040 kB
Slab:             310948 kB
SReclaimable:      77164 kB
SUnreclaim:       233784 kB
KernelStack:       45760 kB
ShadowCallStack:   11496 kB
PageTables:        85720 kB
NFS_Unstable:          0 kB
Bounce:                0 kB
WritebackTmp:          0 kB
CommitLimit:     8677876 kB
Committed_AS:   74970208 kB
VmallocTotal:   263061440 kB
VmallocUsed:      127760 kB
VmallocChunk:          0 kB
Percpu:             2520 kB
CmaTotal:         405504 kB
CmaFree:               0 kB
MemTotal:        7918584 kB
MemFree:          166124 kB
MemAvailable:    1103472 kB
Buffers:             596 kB
Cached:          1027368 kB
SwapCached:         7656 kB
Active:          2189356 kB
Inactive:        3047848 kB
Active(anon):    2128764 kB
Inactive(anon):  2102884 kB
Active(file):      60592 kB
Inactive(file):   944964 kB
Unevictable:        6636 kB
Mlocked:            6196 kB
SwapTotal:       4718584 kB
SwapFree:        1876608 kB
Dirty:               120 kB
Writeback:             0 kB
AnonPages:       4215784 kB
Mapped:           661352 kB
Shmem:             17512 kB
KReclaimable:     322016 kB
Slab:             310860 kB
SReclaimable:      77164 kB
SUnreclaim:       233696 kB
KernelStack:       45792 kB
ShadowCallStack:   11496 kB
PageTables:        85664 kB
NFS_Unstable:          0 kB
Bounce:                0 kB
WritebackTmp:          0 kB
CommitLimit:     8677876 kB
Committed_AS:   75068516 kB
VmallocTotal:   263061440 kB
VmallocUsed:      127776 kB
VmallocChunk:          0 kB
Percpu:             2520 kB
CmaTotal:         405504 kB
CmaFree:               0 kB
MemTotal:        7918584 kB
MemFree:          161168 kB
MemAvailable:    1093040 kB
Buffers:             596 kB
Cached:          1027372 kB
SwapCached:         7656 kB
Active:          2256756 kB
Inactive:        2990128 kB
Active(anon):    2196164 kB
Inactive(anon):  2045160 kB
Active(file):      60592 kB
Inactive(file):   944968 kB
Unevictable:        6636 kB
Mlocked:            6196 kB
SwapTotal:       4718584 kB
SwapFree:        1824716 kB
Dirty:               132 kB
Writeback:             0 kB
AnonPages:       4225808 kB
Mapped:           661696 kB
Shmem:             17512 kB
KReclaimable:     316536 kB
Slab:             310852 kB
SReclaimable:      77164 kB
SUnreclaim:       233688 kB
KernelStack:       45776 kB
ShadowCallStack:   11500 kB
PageTables:        86192 kB
NFS_Unstable:          0 kB
Bounce:                0 kB
WritebackTmp:          0 kB
CommitLimit:     8677876 kB
Committed_AS:   75183200 kB
VmallocTotal:   263061440 kB
VmallocUsed:      127756 kB
VmallocChunk:          0 kB
Percpu:             2520 kB
CmaTotal:         405504 kB
CmaFree:               0 kB
MemTotal:        7918584 kB
MemFree:          166116 kB
MemAvailable:    1091780 kB
Buffers:             596 kB
Cached:          1027376 kB
SwapCached:         7652 kB
Active:          2315076 kB
Inactive:        2931852 kB
Active(anon):    2254484 kB
Inactive(anon):  1986884 kB
Active(file):      60592 kB
Inactive(file):   944968 kB
Unevictable:        6636 kB
Mlocked:            6196 kB
SwapTotal:       4718584 kB
SwapFree:        1767920 kB
Dirty:               132 kB
Writeback:             0 kB
AnonPages:       4225432 kB
Mapped:           662004 kB
Shmem:             17516 kB
KReclaimable:     310328 kB
Slab:             310844 kB
SReclaimable:      77164 kB
SUnreclaim:       233680 kB
KernelStack:       45744 kB
ShadowCallStack:   11488 kB
PageTables:        86212 kB
NFS_Unstable:          0 kB
Bounce:                0 kB
WritebackTmp:          0 kB
CommitLimit:     8677876 kB
Committed_AS:   75314280 kB
VmallocTotal:   263061440 kB
VmallocUsed:      127756 kB
VmallocChunk:          0 kB
Percpu:             2520 kB
CmaTotal:         405504 kB
CmaFree:               0 kB
MemTotal:        7918584 kB
MemFree:          164384 kB
MemAvailable:    1075000 kB
Buffers:             604 kB
Cached:          1027384 kB
SwapCached:         7652 kB
Active:          2374892 kB
Inactive:        2887412 kB
Active(anon):    2314300 kB
Inactive(anon):  1942436 kB
Active(file):      60592 kB
Inactive(file):   944976 kB
Unevictable:        6636 kB
Mlocked:            6196 kB
SwapTotal:       4718584 kB
SwapFree:        1724912 kB
Dirty:               208 kB
Writeback:             0 kB
AnonPages:       4241020 kB
Mapped:           662540 kB
Shmem:             17520 kB
KReclaimable:     295272 kB
Slab:             310992 kB
SReclaimable:      77164 kB
SUnreclaim:       233828 kB
KernelStack:       45792 kB
ShadowCallStack:   11496 kB
PageTables:        86552 kB
NFS_Unstable:          0 kB
Bounce:                0 kB
WritebackTmp:          0 kB
CommitLimit:     8677876 kB
Committed_AS:   75412584 kB
VmallocTotal:   263061440 kB
VmallocUsed:      127760 kB
VmallocChunk:          0 kB
Percpu:             2520 kB
CmaTotal:         405504 kB
CmaFree:               0 kB
MemTotal:        7918584 kB
MemFree:          161344 kB
MemAvailable:    1061288 kB
Buffers:             604 kB
Cached:          1027384 kB
SwapCached:         7652 kB
Active:          2426668 kB
Inactive:        2849104 kB
Active(anon):    2366076 kB
Inactive(anon):  1904128 kB
Active(file):      60592 kB
Inactive(file):   944976 kB
Unevictable:        6636 kB
Mlocked:            6196 kB
SwapTotal:       4718584 kB
SwapFree:        1687528 kB
Dirty:               216 kB
Writeback:             0 kB
AnonPages:       4254560 kB
Mapped:           662784 kB
Shmem:             17520 kB
KReclaimable:     284600 kB
Slab:             310956 kB
SReclaimable:      77180 kB
SUnreclaim:       233776 kB
KernelStack:       45776 kB
ShadowCallStack:   11492 kB
PageTables:        86764 kB
NFS_Unstable:          0 kB
Bounce:                0 kB
WritebackTmp:          0 kB
CommitLimit:     8677876 kB
Committed_AS:   75527272 kB
VmallocTotal:   263061440 kB
VmallocUsed:      127776 kB
VmallocChunk:          0 kB
Percpu:             2520 kB
CmaTotal:         405504 kB
CmaFree:               0 kB
MemTotal:        7918584 kB
MemFree:          162580 kB
MemAvailable:    1049456 kB
Buffers:             604 kB
Cached:          1027396 kB
SwapCached:         7648 kB
Active:          2489680 kB
Inactive:        2796640 kB
Active(anon):    2429088 kB
Inactive(anon):  1851652 kB
Active(file):      60592 kB
Inactive(file):   944988 kB
Unevictable:        6636 kB
Mlocked:            6196 kB
SwapTotal:       4718584 kB
SwapFree:        1637256 kB
Dirty:                96 kB
Writeback:             0 kB
AnonPages:       4264944 kB
Mapped:           663248 kB
Shmem:             17520 kB
KReclaimable:     271520 kB
Slab:             310996 kB
SReclaimable:      77180 kB
SUnreclaim:       233816 kB
KernelStack:       45792 kB
ShadowCallStack:   11496 kB
PageTables:        86964 kB
NFS_Unstable:          0 kB
Bounce:                0 kB
WritebackTmp:          0 kB
CommitLimit:     8677876 kB
Committed_AS:   75625580 kB
VmallocTotal:   263061440 kB
VmallocUsed:      127772 kB
VmallocChunk:          0 kB
Percpu:             2520 kB
CmaTotal:         405504 kB
CmaFree:               0 kB
MemTotal:        7918584 kB
MemFree:          164120 kB
MemAvailable:    1040172 kB
Buffers:             604 kB
Cached:          1027388 kB
SwapCached:         7648 kB
Active:          2544820 kB
Inactive:        2749076 kB
Active(anon):    2484228 kB
Inactive(anon):  1804088 kB
Active(file):      60592 kB
Inactive(file):   944988 kB
Unevictable:        6636 kB
Mlocked:            6196 kB
SwapTotal:       4718584 kB
SwapFree:        1592284 kB
Dirty:                96 kB
Writeback:             0 kB
AnonPages:       4272312 kB
Mapped:           663652 kB
Shmem:             17520 kB
KReclaimable:     260696 kB
Slab:             311096 kB
SReclaimable:      77180 kB
SUnreclaim:       233916 kB
KernelStack:       45824 kB
ShadowCallStack:   11480 kB
PageTables:        87124 kB
NFS_Unstable:          0 kB
Bounce:                0 kB
WritebackTmp:          0 kB
CommitLimit:     8677876 kB
Committed_AS:   75740264 kB
VmallocTotal:   263061440 kB
VmallocUsed:      127808 kB
VmallocChunk:          0 kB
Percpu:             2520 kB
CmaTotal:         405504 kB
CmaFree:               0 kB
MemTotal:        7918584 kB
MemFree:          165776 kB
MemAvailable:    1030572 kB
Buffers:             604 kB
Cached:          1027392 kB
SwapCached:         7648 kB
Active:          2601212 kB
Inactive:        2701640 kB
Active(anon):    2540620 kB
Inactive(anon):  1756652 kB
Active(file):      60592 kB
Inactive(file):   944988 kB
Unevictable:        6636 kB
Mlocked:            6196 kB
SwapTotal:       4718584 kB
SwapFree:        1547028 kB
Dirty:                96 kB
Writeback:             0 kB
AnonPages:       4281488 kB
Mapped:           664024 kB
Shmem:             17520 kB
KReclaimable:     249440 kB
Slab:             311132 kB
SReclaimable:      77196 kB
SUnreclaim:       233936 kB
KernelStack:       45776 kB
ShadowCallStack:   11496 kB
PageTables:        87308 kB
NFS_Unstable:          0 kB
Bounce:                0 kB
WritebackTmp:          0 kB
CommitLimit:     8677876 kB
Committed_AS:   75838568 kB
VmallocTotal:   263061440 kB
VmallocUsed:      127772 kB
VmallocChunk:          0 kB
Percpu:             2520 kB
CmaTotal:         405504 kB
CmaFree:               0 kB
MemTotal:        7918584 kB
MemFree:          162092 kB
MemAvailable:    1017956 kB
Buffers:             604 kB
Cached:          1027396 kB
SwapCached:         7648 kB
Active:          2669852 kB
Inactive:        2644984 kB
Active(anon):    2609260 kB
Inactive(anon):  1699996 kB
Active(file):      60592 kB
Inactive(file):   944988 kB
Unevictable:        6636 kB
Mlocked:            6196 kB
SwapTotal:       4718584 kB
SwapFree:        1492224 kB
Dirty:                96 kB
Writeback:             0 kB
AnonPages:       4293552 kB
Mapped:           664420 kB
Shmem:             17520 kB
KReclaimable:     238496 kB
Slab:             311184 kB
SReclaimable:      77196 kB
SUnreclaim:       233988 kB
KernelStack:       45760 kB
ShadowCallStack:   11488 kB
PageTables:        87592 kB
NFS_Unstable:          0 kB
Bounce:                0 kB
WritebackTmp:          0 kB
CommitLimit:     8677876 kB
Committed_AS:   75969640 kB
VmallocTotal:   263061440 kB
VmallocUsed:      127768 kB
VmallocChunk:          0 kB
Percpu:             2520 kB
CmaTotal:         405504 kB
CmaFree:               0 kB
MemTotal:        7918584 kB
MemFree:          164992 kB
MemAvailable:    1014448 kB
Buffers:             636 kB
Cached:          1027404 kB
SwapCached:         7648 kB
Active:          2737600 kB
Inactive:        2585448 kB
Active(anon):    2677008 kB
Inactive(anon):  1640428 kB
Active(file):      60592 kB
Inactive(file):   945020 kB
Unevictable:        6636 kB
Mlocked:            6196 kB
SwapTotal:       4718584 kB
SwapFree:        1433904 kB
Dirty:               144 kB
Writeback:             8 kB
AnonPages:       4301512 kB
Mapped:           664772 kB
Shmem:             17520 kB
KReclaimable:     225616 kB
Slab:             311244 kB
SReclaimable:      77244 kB
SUnreclaim:       234000 kB
KernelStack:       45808 kB
ShadowCallStack:   11496 kB
PageTables:        88076 kB
NFS_Unstable:          0 kB
Bounce:                0 kB
WritebackTmp:          0 kB
CommitLimit:     8677876 kB
Committed_AS:   76084332 kB
VmallocTotal:   263061440 kB
VmallocUsed:      127776 kB
VmallocChunk:          0 kB
Percpu:             2520 kB
CmaTotal:         405504 kB
CmaFree:               0 kB
MemTotal:        7918584 kB
MemFree:          162744 kB
MemAvailable:    1008936 kB
Buffers:             652 kB
Cached:          1027364 kB
SwapCached:         7648 kB
Active:          2784484 kB
Inactive:        2548212 kB
Active(anon):    2723892 kB
Inactive(anon):  1603192 kB
Active(file):      60592 kB
Inactive(file):   945020 kB
Unevictable:        6636 kB
Mlocked:            6196 kB
SwapTotal:       4718584 kB
SwapFree:        1398552 kB
Dirty:               144 kB
Writeback:             0 kB
AnonPages:       4311232 kB
Mapped:           665036 kB
Shmem:             17520 kB
KReclaimable:     219088 kB
Slab:             311000 kB
SReclaimable:      77244 kB
SUnreclaim:       233756 kB
KernelStack:       45760 kB
ShadowCallStack:   11488 kB
PageTables:        87668 kB
NFS_Unstable:          0 kB
Bounce:                0 kB
WritebackTmp:          0 kB
CommitLimit:     8677876 kB
Committed_AS:   76166252 kB
VmallocTotal:   263061440 kB
VmallocUsed:      127776 kB
VmallocChunk:          0 kB
Percpu:             2520 kB
CmaTotal:         405504 kB
CmaFree:               0 kB
MemTotal:        7918584 kB
MemFree:          164380 kB
MemAvailable:    1005160 kB
Buffers:             652 kB
Cached:          1027488 kB
SwapCached:         7648 kB
Active:          2857932 kB
Inactive:        2481624 kB
Active(anon):    2797340 kB
Inactive(anon):  1536496 kB
Active(file):      60592 kB
Inactive(file):   945128 kB
Unevictable:        6636 kB
Mlocked:            6196 kB
SwapTotal:       4718584 kB
SwapFree:        1337000 kB
Dirty:                96 kB
Writeback:             0 kB
AnonPages:       4318264 kB
Mapped:           665520 kB
Shmem:             17520 kB
KReclaimable:     208048 kB
Slab:             311216 kB
SReclaimable:      77260 kB
SUnreclaim:       233956 kB
KernelStack:       45792 kB
ShadowCallStack:   11500 kB
PageTables:        88244 kB
NFS_Unstable:          0 kB
Bounce:                0 kB
WritebackTmp:          0 kB
CommitLimit:     8677876 kB
Committed_AS:   76280936 kB
VmallocTotal:   263061440 kB
VmallocUsed:      127776 kB
VmallocChunk:          0 kB
Percpu:             2520 kB
CmaTotal:         405504 kB
CmaFree:               0 kB
MemTotal:        7918584 kB
MemFree:          138424 kB
MemAvailable:     931784 kB
Buffers:             652 kB
Cached:          1027504 kB
SwapCached:         7652 kB
Active:          2951296 kB
Inactive:        2379076 kB
Active(anon):    2890704 kB
Inactive(anon):  1433944 kB
Active(file):      60592 kB
Inactive(file):   945132 kB
Unevictable:        6636 kB
Mlocked:            6196 kB
SwapTotal:       4718584 kB
SwapFree:        1238424 kB
Dirty:                96 kB
Writeback:             4 kB
AnonPages:       4308880 kB
Mapped:           666404 kB
Shmem:             17532 kB
KReclaimable:     121392 kB
Slab:             311356 kB
SReclaimable:      77260 kB
SUnreclaim:       234096 kB
KernelStack:       45888 kB
ShadowCallStack:   11520 kB
PageTables:        88680 kB
NFS_Unstable:          0 kB
Bounce:                0 kB
WritebackTmp:          0 kB
CommitLimit:     8677876 kB
Committed_AS:   76396020 kB
VmallocTotal:   263061440 kB
VmallocUsed:      127916 kB
VmallocChunk:          0 kB
Percpu:             2520 kB
CmaTotal:         405504 kB
CmaFree:               0 kB
MemTotal:        7918584 kB
MemFree:          163040 kB
MemAvailable:     959336 kB
Buffers:             652 kB
Cached:          1027584 kB
SwapCached:         7648 kB
Active:          3003848 kB
Inactive:        2300928 kB
Active(anon):    2943256 kB
Inactive(anon):  1355796 kB
Active(file):      60592 kB
Inactive(file):   945132 kB
Unevictable:        6636 kB
Mlocked:            6196 kB
SwapTotal:       4718584 kB
SwapFree:        1163996 kB
Dirty:                96 kB
Writeback:             0 kB
AnonPages:       4283136 kB
Mapped:           666904 kB
Shmem:             17616 kB
KReclaimable:     119072 kB
Slab:             311468 kB
SReclaimable:      77260 kB
SUnreclaim:       234208 kB
KernelStack:       45888 kB
ShadowCallStack:   11524 kB
PageTables:        88368 kB
NFS_Unstable:          0 kB
Bounce:                0 kB
WritebackTmp:          0 kB
CommitLimit:     8677876 kB
Committed_AS:   76461556 kB
VmallocTotal:   263061440 kB
VmallocUsed:      127964 kB
VmallocChunk:          0 kB
Percpu:             2520 kB
CmaTotal:         405504 kB
CmaFree:               0 kB
MemTotal:        7918584 kB
MemFree:          164852 kB
MemAvailable:    1020584 kB
Buffers:             660 kB
Cached:          1027492 kB
SwapCached:         7648 kB
Active:          3022444 kB
Inactive:        2283644 kB
Active(anon):    2961852 kB
Inactive(anon):  1338504 kB
Active(file):      60592 kB
Inactive(file):   945140 kB
Unevictable:        6636 kB
Mlocked:            6196 kB
SwapTotal:       4718584 kB
SwapFree:        1147660 kB
Dirty:                80 kB
Writeback:             0 kB
AnonPages:       4284660 kB
Mapped:           666540 kB
Shmem:             17520 kB
KReclaimable:     237928 kB
Slab:             311572 kB
SReclaimable:      77260 kB
SUnreclaim:       234312 kB
KernelStack:       45776 kB
ShadowCallStack:   11500 kB
PageTables:        88832 kB
NFS_Unstable:          0 kB
Bounce:                0 kB
WritebackTmp:          0 kB
CommitLimit:     8677876 kB
Committed_AS:   76575848 kB
VmallocTotal:   263061440 kB
VmallocUsed:      127776 kB
VmallocChunk:          0 kB
Percpu:             2520 kB
CmaTotal:         405504 kB
CmaFree:               0 kB
MemTotal:        7918584 kB
MemFree:          161308 kB
MemAvailable:    1015156 kB
Buffers:             660 kB
Cached:          1027508 kB
SwapCached:         7648 kB
Active:          3095536 kB
Inactive:        2215876 kB
Active(anon):    3034944 kB
Inactive(anon):  1270720 kB
Active(file):      60592 kB
Inactive(file):   945156 kB
Unevictable:        6636 kB
Mlocked:            6196 kB
SwapTotal:       4718584 kB
SwapFree:        1082716 kB
Dirty:               144 kB
Writeback:             0 kB
AnonPages:       4289652 kB
Mapped:           666864 kB
Shmem:             17520 kB
KReclaimable:     234128 kB
Slab:             311452 kB
SReclaimable:      77212 kB
SUnreclaim:       234240 kB
KernelStack:       45760 kB
ShadowCallStack:   11488 kB
PageTables:        89096 kB
NFS_Unstable:          0 kB
Bounce:                0 kB
WritebackTmp:          0 kB
CommitLimit:     8677876 kB
Committed_AS:   76690536 kB
VmallocTotal:   263061440 kB
VmallocUsed:      127732 kB
VmallocChunk:          0 kB
Percpu:             2520 kB
CmaTotal:         405504 kB
CmaFree:               0 kB
MemTotal:        7918584 kB
MemFree:          164960 kB
MemAvailable:    1017080 kB
Buffers:             660 kB
Cached:          1027584 kB
SwapCached:         7556 kB
Active:          3148092 kB
Inactive:        2158924 kB
Active(anon):    3087500 kB
Inactive(anon):  1213768 kB
Active(file):      60592 kB
Inactive(file):   945156 kB
Unevictable:        6636 kB
Mlocked:            6196 kB
SwapTotal:       4718584 kB
SwapFree:        1030288 kB
Dirty:               144 kB
Writeback:             4 kB
AnonPages:       4285844 kB
Mapped:           667092 kB
Shmem:             17492 kB
KReclaimable:     230672 kB
Slab:             311496 kB
SReclaimable:      77212 kB
SUnreclaim:       234284 kB
KernelStack:       45792 kB
ShadowCallStack:   11496 kB
PageTables:        89440 kB
NFS_Unstable:          0 kB
Bounce:                0 kB
WritebackTmp:          0 kB
CommitLimit:     8677876 kB
Committed_AS:   76756072 kB
VmallocTotal:   263061440 kB
VmallocUsed:      127720 kB
VmallocChunk:          0 kB
Percpu:             2520 kB
CmaTotal:         405504 kB
CmaFree:            3200 kB
MemTotal:        7918584 kB
MemFree:          315816 kB
MemAvailable:    1163232 kB
Buffers:             660 kB
Cached:          1027444 kB
SwapCached:         7556 kB
Active:          3213252 kB
Inactive:        1950840 kB
Active(anon):    3152660 kB
Inactive(anon):  1005684 kB
Active(file):      60592 kB
Inactive(file):   945156 kB
Unevictable:        6636 kB
Mlocked:            6196 kB
SwapTotal:       4718584 kB
SwapFree:         825984 kB
Dirty:               144 kB
Writeback:             0 kB
AnonPages:       4142532 kB
Mapped:           667464 kB
Shmem:             17464 kB
KReclaimable:     221260 kB
Slab:             311388 kB
SReclaimable:      77192 kB
SUnreclaim:       234196 kB
KernelStack:       45744 kB
ShadowCallStack:   11492 kB
PageTables:        89540 kB
NFS_Unstable:          0 kB
Bounce:                0 kB
WritebackTmp:          0 kB
CommitLimit:     8677876 kB
Committed_AS:   76887144 kB
VmallocTotal:   263061440 kB
VmallocUsed:      127704 kB
VmallocChunk:          0 kB
Percpu:             2520 kB
CmaTotal:         405504 kB
CmaFree:          154948 kB
MemTotal:        7918584 kB
MemFree:          344072 kB
MemAvailable:    1188324 kB
Buffers:             660 kB
Cached:          1027452 kB
SwapCached:         7552 kB
Active:          3279096 kB
Inactive:        1861592 kB
Active(anon):    3218504 kB
Inactive(anon):   916436 kB
Active(file):      60592 kB
Inactive(file):   945156 kB
Unevictable:        6636 kB
Mlocked:            6196 kB
SwapTotal:       4718584 kB
SwapFree:         737744 kB
Dirty:               144 kB
Writeback:             0 kB
AnonPages:       4119276 kB
Mapped:           668080 kB
Shmem:             17464 kB
KReclaimable:     214932 kB
Slab:             311452 kB
SReclaimable:      77192 kB
SUnreclaim:       234260 kB
KernelStack:       45728 kB
ShadowCallStack:   11492 kB
PageTables:        89788 kB
NFS_Unstable:          0 kB
Bounce:                0 kB
WritebackTmp:          0 kB
CommitLimit:     8677876 kB
Committed_AS:   77001832 kB
VmallocTotal:   263061440 kB
VmallocUsed:      127724 kB
VmallocChunk:          0 kB
Percpu:             2520 kB
CmaTotal:         405504 kB
CmaFree:          171580 kB
MemTotal:        7918584 kB
MemFree:          282312 kB
MemAvailable:    1126320 kB
Buffers:             684 kB
Cached:          1027452 kB
SwapCached:         7552 kB
Active:          3341128 kB
Inactive:        1861616 kB
Active(anon):    3280536 kB
Inactive(anon):   916436 kB
Active(file):      60592 kB
Inactive(file):   945180 kB
Unevictable:        6636 kB
Mlocked:            6196 kB
SwapTotal:       4718584 kB
SwapFree:         737744 kB
Dirty:                28 kB
Writeback:             0 kB
AnonPages:       4181360 kB
Mapped:           668408 kB
Shmem:             17464 kB
KReclaimable:     214396 kB
Slab:             311444 kB
SReclaimable:      77192 kB
SUnreclaim:       234252 kB
KernelStack:       45760 kB
ShadowCallStack:   11492 kB
PageTables:        89912 kB
NFS_Unstable:          0 kB
Bounce:                0 kB
WritebackTmp:          0 kB
CommitLimit:     8677876 kB
Committed_AS:   77100136 kB
VmallocTotal:   263061440 kB
VmallocUsed:      127732 kB
VmallocChunk:          0 kB
Percpu:             2520 kB
CmaTotal:         405504 kB
CmaFree:          109092 kB
MemTotal:        7918584 kB
MemFree:          218544 kB
MemAvailable:    1062284 kB
Buffers:             684 kB
Cached:          1027464 kB
SwapCached:         7552 kB
Active:          3405276 kB
Inactive:        1861628 kB
Active(anon):    3344684 kB
Inactive(anon):   916436 kB
Active(file):      60592 kB
Inactive(file):   945192 kB
Unevictable:        6636 kB
Mlocked:            6196 kB
SwapTotal:       4718584 kB
SwapFree:         738256 kB
Dirty:                64 kB
Writeback:             0 kB
AnonPages:       4245504 kB
Mapped:           668568 kB
Shmem:             17464 kB
KReclaimable:     213836 kB
Slab:             311524 kB
SReclaimable:      77192 kB
SUnreclaim:       234332 kB
KernelStack:       45760 kB
ShadowCallStack:   11488 kB
PageTables:        90196 kB
NFS_Unstable:          0 kB
Bounce:                0 kB
WritebackTmp:          0 kB
CommitLimit:     8677876 kB
Committed_AS:   77214828 kB
VmallocTotal:   263061440 kB
VmallocUsed:      127728 kB
VmallocChunk:          0 kB
Percpu:             2520 kB
CmaTotal:         405504 kB
CmaFree:           45144 kB
MemTotal:        7918584 kB
MemFree:          159208 kB
MemAvailable:    1002368 kB
Buffers:             684 kB
Cached:          1027456 kB
SwapCached:         7552 kB
Active:          3478496 kB
Inactive:        1848408 kB
Active(anon):    3417904 kB
Inactive(anon):   903216 kB
Active(file):      60592 kB
Inactive(file):   945192 kB
Unevictable:        6636 kB
Mlocked:            6196 kB
SwapTotal:       4718584 kB
SwapFree:         725224 kB
Dirty:                64 kB
Writeback:             0 kB
AnonPages:       4305244 kB
