MemTotal:        7918584 kB
MemFree:         2823732 kB
MemAvailable:    4102212 kB
Buffers:            4880 kB
Cached:          1229976 kB
SwapCached:        14820 kB
Active:          1324536 kB
Inactive:        1195192 kB
Active(anon):     679264 kB
Inactive(anon):   632476 kB
Active(file):     645272 kB
Inactive(file):   562716 kB
Unevictable:        6544 kB
Mlocked:            6104 kB
SwapTotal:       4718584 kB
SwapFree:        3332128 kB
Dirty:            113508 kB
Writeback:             0 kB
AnonPages:       1287008 kB
Mapped:           423352 kB
Shmem:             22056 kB
KReclaimable:     460716 kB
Slab:             322984 kB
SReclaimable:      96120 kB
SUnreclaim:       226864 kB
KernelStack:       48000 kB
ShadowCallStack:   12032 kB
PageTables:        65952 kB
NFS_Unstable:          0 kB
Bounce:                0 kB
WritebackTmp:          0 kB
CommitLimit:     8677876 kB
Committed_AS:   65092912 kB
VmallocTotal:   263061440 kB
VmallocUsed:      130780 kB
VmallocChunk:          0 kB
Percpu:             2520 kB
CmaTotal:         405504 kB
CmaFree:          272728 kB
MemTotal:        7918584 kB
MemFree:         2815896 kB
MemAvailable:    4516076 kB
Buffers:            4888 kB
Cached:          1235112 kB
SwapCached:        14820 kB
Active:          1333992 kB
Inactive:        1195288 kB
Active(anon):     683936 kB
Inactive(anon):   632444 kB
Active(file):     650056 kB
Inactive(file):   562844 kB
Unevictable:        6544 kB
Mlocked:            6104 kB
SwapTotal:       4718584 kB
SwapFree:        3332128 kB
Dirty:            113516 kB
Writeback:             8 kB
AnonPages:       1291292 kB
Mapped:           471224 kB
Shmem:             22292 kB
KReclaimable:     877504 kB
Slab:             322684 kB
SReclaimable:      96184 kB
SUnreclaim:       226500 kB
KernelStack:       48320 kB
ShadowCallStack:   12104 kB
PageTables:        65648 kB
NFS_Unstable:          0 kB
Bounce:                0 kB
WritebackTmp:          0 kB
CommitLimit:     8677876 kB
Committed_AS:   65195808 kB
VmallocTotal:   263061440 kB
VmallocUsed:      131136 kB
VmallocChunk:          0 kB
Percpu:             2520 kB
CmaTotal:         405504 kB
CmaFree:          272760 kB
MemTotal:        7918584 kB
MemFree:         2789020 kB
MemAvailable:    4273056 kB
Buffers:            4920 kB
Cached:          1235292 kB
SwapCached:        14824 kB
Active:          1358916 kB
Inactive:        1195416 kB
Active(anon):     708832 kB
Inactive(anon):   632432 kB
Active(file):     650084 kB
Inactive(file):   562984 kB
Unevictable:        6544 kB
Mlocked:            6104 kB
SwapTotal:       4718584 kB
SwapFree:        3332128 kB
Dirty:            113572 kB
Writeback:             4 kB
AnonPages:       1315808 kB
Mapped:           481996 kB
Shmem:             22336 kB
KReclaimable:     661192 kB
Slab:             323308 kB
SReclaimable:      96216 kB
SUnreclaim:       227092 kB
KernelStack:       48416 kB
ShadowCallStack:   12140 kB
PageTables:        66176 kB
NFS_Unstable:          0 kB
Bounce:                0 kB
WritebackTmp:          0 kB
CommitLimit:     8677876 kB
Committed_AS:   65225492 kB
VmallocTotal:   263061440 kB
VmallocUsed:      131312 kB
VmallocChunk:          0 kB
Percpu:             2520 kB
CmaTotal:         405504 kB
CmaFree:          272728 kB
MemTotal:        7918584 kB
MemFree:         2784024 kB
MemAvailable:    4267308 kB
Buffers:            4936 kB
Cached:          1235292 kB
SwapCached:        14824 kB
Active:          1362956 kB
Inactive:        1195432 kB
Active(anon):     712872 kB
Inactive(anon):   632432 kB
Active(file):     650084 kB
Inactive(file):   563000 kB
Unevictable:        6544 kB
Mlocked:            6104 kB
SwapTotal:       4718584 kB
SwapFree:        3332128 kB
Dirty:            113576 kB
Writeback:             0 kB
AnonPages:       1320184 kB
Mapped:           482584 kB
Shmem:             22336 kB
KReclaimable:     660424 kB
Slab:             323348 kB
SReclaimable:      96216 kB
SUnreclaim:       227132 kB
KernelStack:       48448 kB
ShadowCallStack:   12124 kB
PageTables:        66328 kB
NFS_Unstable:          0 kB
Bounce:                0 kB
WritebackTmp:          0 kB
CommitLimit:     8677876 kB
Committed_AS:   65225492 kB
VmallocTotal:   263061440 kB
VmallocUsed:      131324 kB
VmallocChunk:          0 kB
Percpu:             2520 kB
CmaTotal:         405504 kB
CmaFree:          272728 kB
MemTotal:        7918584 kB
MemFree:         2780448 kB
MemAvailable:    4263772 kB
Buffers:            4936 kB
Cached:          1235380 kB
SwapCached:        14824 kB
Active:          1367900 kB
Inactive:        1193784 kB
Active(anon):     717816 kB
Inactive(anon):   630760 kB
Active(file):     650084 kB
Inactive(file):   563024 kB
Unevictable:        6544 kB
Mlocked:            6104 kB
SwapTotal:       4718584 kB
SwapFree:        3333408 kB
Dirty:            113600 kB
Writeback:             0 kB
AnonPages:       1323588 kB
Mapped:           483460 kB
Shmem:             22400 kB
KReclaimable:     660440 kB
Slab:             323404 kB
SReclaimable:      96232 kB
SUnreclaim:       227172 kB
KernelStack:       48432 kB
ShadowCallStack:   12140 kB
PageTables:        66360 kB
NFS_Unstable:          0 kB
Bounce:                0 kB
WritebackTmp:          0 kB
CommitLimit:     8677876 kB
Committed_AS:   65225488 kB
VmallocTotal:   263061440 kB
VmallocUsed:      131316 kB
VmallocChunk:          0 kB
Percpu:             2520 kB
CmaTotal:         405504 kB
CmaFree:          273608 kB
MemTotal:        7918584 kB
MemFree:         2785768 kB
MemAvailable:    4291924 kB
Buffers:            4936 kB
Cached:          1238076 kB
SwapCached:        14824 kB
Active:          1365412 kB
Inactive:        1193224 kB
Active(anon):     712652 kB
Inactive(anon):   630200 kB
Active(file):     652760 kB
Inactive(file):   563024 kB
Unevictable:        6544 kB
Mlocked:            6104 kB
SwapTotal:       4718584 kB
SwapFree:        3333664 kB
Dirty:            113532 kB
Writeback:             0 kB
AnonPages:       1317732 kB
Mapped:           484684 kB
Shmem:             22420 kB
KReclaimable:     680596 kB
Slab:             323292 kB
SReclaimable:      96232 kB
SUnreclaim:       227060 kB
KernelStack:       48240 kB
ShadowCallStack:   12092 kB
PageTables:        66304 kB
NFS_Unstable:          0 kB
Bounce:                0 kB
WritebackTmp:          0 kB
CommitLimit:     8677876 kB
Committed_AS:   65224972 kB
VmallocTotal:   263061440 kB
VmallocUsed:      130780 kB
VmallocChunk:          0 kB
Percpu:             2520 kB
CmaTotal:         405504 kB
CmaFree:          273608 kB
MemTotal:        7918584 kB
MemFree:         2767548 kB
MemAvailable:    4273808 kB
Buffers:            4960 kB
Cached:          1238076 kB
SwapCached:        14824 kB
Active:          1383600 kB
Inactive:        1193248 kB
Active(anon):     730776 kB
Inactive(anon):   630200 kB
Active(file):     652824 kB
Inactive(file):   563048 kB
Unevictable:        6544 kB
Mlocked:            6104 kB
SwapTotal:       4718584 kB
SwapFree:        3333664 kB
Dirty:            113532 kB
Writeback:             0 kB
AnonPages:       1336052 kB
Mapped:           486320 kB
Shmem:             22356 kB
KReclaimable:     680612 kB
Slab:             323300 kB
SReclaimable:      96248 kB
SUnreclaim:       227052 kB
KernelStack:       48224 kB
ShadowCallStack:   12084 kB
PageTables:        66244 kB
NFS_Unstable:          0 kB
Bounce:                0 kB
WritebackTmp:          0 kB
CommitLimit:     8677876 kB
Committed_AS:   65245180 kB
VmallocTotal:   263061440 kB
VmallocUsed:      130820 kB
VmallocChunk:          0 kB
Percpu:             2520 kB
CmaTotal:         405504 kB
CmaFree:          273608 kB
MemTotal:        7918584 kB
MemFree:         2686432 kB
MemAvailable:    4192696 kB
Buffers:            4964 kB
Cached:          1238080 kB
SwapCached:        14824 kB
Active:          1464396 kB
Inactive:        1193252 kB
Active(anon):     811572 kB
Inactive(anon):   630200 kB
Active(file):     652824 kB
Inactive(file):   563052 kB
Unevictable:        6544 kB
Mlocked:            6104 kB
SwapTotal:       4718584 kB
SwapFree:        3333664 kB
Dirty:            113532 kB
Writeback:             0 kB
AnonPages:       1416676 kB
Mapped:           498668 kB
Shmem:             22360 kB
KReclaimable:     680612 kB
Slab:             323372 kB
SReclaimable:      96248 kB
SUnreclaim:       227124 kB
KernelStack:       48240 kB
ShadowCallStack:   12092 kB
PageTables:        66420 kB
NFS_Unstable:          0 kB
Bounce:                0 kB
WritebackTmp:          0 kB
CommitLimit:     8677876 kB
Committed_AS:   65408132 kB
VmallocTotal:   263061440 kB
VmallocUsed:      130820 kB
VmallocChunk:          0 kB
Percpu:             2520 kB
CmaTotal:         405504 kB
CmaFree:          273608 kB
MemTotal:        7918584 kB
MemFree:         2549644 kB
MemAvailable:    3992584 kB
Buffers:            4964 kB
Cached:          1242804 kB
SwapCached:        14824 kB
Active:          1600216 kB
Inactive:        1193288 kB
Active(anon):     942704 kB
Inactive(anon):   630200 kB
Active(file):     657512 kB
Inactive(file):   563088 kB
Unevictable:        6544 kB
Mlocked:            6104 kB
SwapTotal:       4718584 kB
SwapFree:        3333664 kB
Dirty:             18360 kB
Writeback:             0 kB
AnonPages:       1547732 kB
Mapped:           573068 kB
Shmem:             22360 kB
KReclaimable:     612564 kB
Slab:             323556 kB
SReclaimable:      96300 kB
SUnreclaim:       227256 kB
KernelStack:       48256 kB
ShadowCallStack:   12100 kB
PageTables:        66880 kB
NFS_Unstable:          0 kB
Bounce:                0 kB
WritebackTmp:          0 kB
CommitLimit:     8677876 kB
Committed_AS:   65607272 kB
VmallocTotal:   263061440 kB
VmallocUsed:      130836 kB
VmallocChunk:          0 kB
Percpu:             2520 kB
CmaTotal:         405504 kB
CmaFree:          273608 kB
MemTotal:        7918584 kB
MemFree:         2500828 kB
MemAvailable:    3896492 kB
Buffers:            4992 kB
Cached:          1243948 kB
SwapCached:        14828 kB
Active:          1647880 kB
Inactive:        1193204 kB
Active(anon):     989348 kB
Inactive(anon):   629976 kB
Active(file):     658532 kB
Inactive(file):   563228 kB
Unevictable:        6544 kB
Mlocked:            6104 kB
SwapTotal:       4718584 kB
SwapFree:        3333664 kB
Dirty:             18588 kB
Writeback:             0 kB
AnonPages:       1594188 kB
Mapped:           597944 kB
Shmem:             22372 kB
KReclaimable:     564128 kB
Slab:             323704 kB
SReclaimable:      96300 kB
SUnreclaim:       227404 kB
KernelStack:       48336 kB
ShadowCallStack:   12120 kB
PageTables:        67408 kB
NFS_Unstable:          0 kB
Bounce:                0 kB
WritebackTmp:          0 kB
CommitLimit:     8677876 kB
Committed_AS:   65747652 kB
VmallocTotal:   263061440 kB
VmallocUsed:      130904 kB
VmallocChunk:          0 kB
Percpu:             2520 kB
CmaTotal:         405504 kB
CmaFree:          273608 kB
MemTotal:        7918584 kB
MemFree:         2399776 kB
MemAvailable:    3793060 kB
Buffers:            4992 kB
Cached:          1243952 kB
SwapCached:        14828 kB
Active:          1749208 kB
Inactive:        1193208 kB
Active(anon):    1090676 kB
Inactive(anon):   629976 kB
Active(file):     658532 kB
Inactive(file):   563232 kB
Unevictable:        6544 kB
Mlocked:            6104 kB
SwapTotal:       4718584 kB
SwapFree:        3333664 kB
Dirty:             18616 kB
Writeback:             0 kB
AnonPages:       1695848 kB
Mapped:           599792 kB
Shmem:             22372 kB
KReclaimable:     561744 kB
Slab:             323732 kB
SReclaimable:      96300 kB
SUnreclaim:       227432 kB
KernelStack:       48288 kB
ShadowCallStack:   12108 kB
PageTables:        67880 kB
NFS_Unstable:          0 kB
Bounce:                0 kB
WritebackTmp:          0 kB
CommitLimit:     8677876 kB
Committed_AS:   66009924 kB
VmallocTotal:   263061440 kB
VmallocUsed:      130924 kB
VmallocChunk:          0 kB
Percpu:             2520 kB
CmaTotal:         405504 kB
CmaFree:          273608 kB
MemTotal:        7918584 kB
MemFree:         2317192 kB
MemAvailable:    3711308 kB
Buffers:            4992 kB
Cached:          1245784 kB
SwapCached:        14828 kB
Active:          1832560 kB
Inactive:        1193036 kB
Active(anon):    1172204 kB
Inactive(anon):   629804 kB
Active(file):     660356 kB
Inactive(file):   563232 kB
Unevictable:        6544 kB
Mlocked:            6104 kB
SwapTotal:       4718584 kB
SwapFree:        3333920 kB
Dirty:             18624 kB
Writeback:             0 kB
AnonPages:       1776712 kB
Mapped:           600440 kB
Shmem:             22380 kB
KReclaimable:     560752 kB
Slab:             323788 kB
SReclaimable:      96300 kB
SUnreclaim:       227488 kB
KernelStack:       48320 kB
ShadowCallStack:   12116 kB
PageTables:        68264 kB
NFS_Unstable:          0 kB
Bounce:                0 kB
WritebackTmp:          0 kB
CommitLimit:     8677876 kB
Committed_AS:   66206536 kB
VmallocTotal:   263061440 kB
VmallocUsed:      130936 kB
VmallocChunk:          0 kB
Percpu:             2520 kB
CmaTotal:         405504 kB
CmaFree:          273980 kB
MemTotal:        7918584 kB
MemFree:         2216180 kB
MemAvailable:    3600492 kB
Buffers:            4992 kB
Cached:          1245788 kB
SwapCached:        14828 kB
Active:          1932616 kB
Inactive:        1192908 kB
Active(anon):    1272260 kB
Inactive(anon):   629676 kB
Active(file):     660356 kB
Inactive(file):   563232 kB
Unevictable:        6544 kB
Mlocked:            6104 kB
SwapTotal:       4718584 kB
SwapFree:        3333920 kB
Dirty:             18624 kB
Writeback:             0 kB
AnonPages:       1876852 kB
Mapped:           601328 kB
Shmem:             22384 kB
KReclaimable:     550948 kB
Slab:             324044 kB
SReclaimable:      96300 kB
SUnreclaim:       227744 kB
KernelStack:       48320 kB
ShadowCallStack:   12120 kB
PageTables:        68924 kB
NFS_Unstable:          0 kB
Bounce:                0 kB
WritebackTmp:          0 kB
CommitLimit:     8677876 kB
Committed_AS:   66468680 kB
VmallocTotal:   263061440 kB
VmallocUsed:      130940 kB
VmallocChunk:          0 kB
Percpu:             2520 kB
CmaTotal:         405504 kB
CmaFree:          273992 kB
MemTotal:        7918584 kB
MemFree:         2119588 kB
MemAvailable:    3502768 kB
Buffers:            4992 kB
Cached:          1245808 kB
SwapCached:        14828 kB
Active:          2028356 kB
Inactive:        1192928 kB
Active(anon):    1368000 kB
Inactive(anon):   629676 kB
Active(file):     660356 kB
Inactive(file):   563252 kB
Unevictable:        6544 kB
Mlocked:            6104 kB
SwapTotal:       4718584 kB
SwapFree:        3333920 kB
Dirty:             17732 kB
Writeback:             0 kB
AnonPages:       1972572 kB
Mapped:           601968 kB
Shmem:             22384 kB
KReclaimable:     549796 kB
Slab:             323852 kB
SReclaimable:      96300 kB
SUnreclaim:       227552 kB
KernelStack:       48304 kB
ShadowCallStack:   12108 kB
PageTables:        69252 kB
NFS_Unstable:          0 kB
Bounce:                0 kB
WritebackTmp:          0 kB
CommitLimit:     8677876 kB
Committed_AS:   66697964 kB
VmallocTotal:   263061440 kB
VmallocUsed:      130880 kB
VmallocChunk:          0 kB
Percpu:             2520 kB
CmaTotal:         405504 kB
CmaFree:          273992 kB
MemTotal:        7918584 kB
MemFree:         2029592 kB
MemAvailable:    3412200 kB
Buffers:            4992 kB
Cached:          1245808 kB
SwapCached:        14828 kB
Active:          2118504 kB
Inactive:        1192928 kB
Active(anon):    1458148 kB
Inactive(anon):   629676 kB
Active(file):     660356 kB
Inactive(file):   563252 kB
Unevictable:        6544 kB
Mlocked:            6104 kB
SwapTotal:       4718584 kB
SwapFree:        3334176 kB
Dirty:             17732 kB
Writeback:             0 kB
AnonPages:       2062664 kB
Mapped:           602860 kB
Shmem:             22384 kB
KReclaimable:     549224 kB
Slab:             323876 kB
SReclaimable:      96300 kB
SUnreclaim:       227576 kB
KernelStack:       48272 kB
ShadowCallStack:   12100 kB
PageTables:        69540 kB
NFS_Unstable:          0 kB
Bounce:                0 kB
WritebackTmp:          0 kB
CommitLimit:     8677876 kB
Committed_AS:   66927240 kB
VmallocTotal:   263061440 kB
VmallocUsed:      130920 kB
VmallocChunk:          0 kB
Percpu:             2520 kB
CmaTotal:         405504 kB
CmaFree:          273900 kB
MemTotal:        7918584 kB
MemFree:         1944224 kB
MemAvailable:    3326156 kB
Buffers:            5008 kB
Cached:          1245724 kB
SwapCached:        14828 kB
Active:          2209344 kB
Inactive:        1186356 kB
Active(anon):    1548988 kB
Inactive(anon):   623076 kB
Active(file):     660356 kB
Inactive(file):   563280 kB
Unevictable:        6544 kB
Mlocked:            6104 kB
SwapTotal:       4718584 kB
SwapFree:        3334176 kB
Dirty:             17860 kB
Writeback:             0 kB
AnonPages:       2146980 kB
Mapped:           600752 kB
Shmem:             22288 kB
KReclaimable:     548520 kB
Slab:             323892 kB
SReclaimable:      96300 kB
SUnreclaim:       227592 kB
KernelStack:       48304 kB
ShadowCallStack:   12112 kB
PageTables:        70220 kB
NFS_Unstable:          0 kB
Bounce:                0 kB
WritebackTmp:          0 kB
CommitLimit:     8677876 kB
Committed_AS:   67173000 kB
VmallocTotal:   263061440 kB
VmallocUsed:      130904 kB
VmallocChunk:          0 kB
Percpu:             2520 kB
CmaTotal:         405504 kB
CmaFree:          274704 kB
MemTotal:        7918584 kB
MemFree:         1865964 kB
MemAvailable:    3247120 kB
Buffers:            5008 kB
Cached:          1245724 kB
SwapCached:        14828 kB
Active:          2286448 kB
Inactive:        1186344 kB
Active(anon):    1626092 kB
Inactive(anon):   623064 kB
Active(file):     660356 kB
Inactive(file):   563280 kB
Unevictable:        6544 kB
Mlocked:            6104 kB
SwapTotal:       4718584 kB
SwapFree:        3334176 kB
Dirty:             17860 kB
Writeback:             0 kB
AnonPages:       2224140 kB
Mapped:           601280 kB
Shmem:             22288 kB
KReclaimable:     547744 kB
Slab:             324020 kB
SReclaimable:      96284 kB
SUnreclaim:       227736 kB
KernelStack:       48288 kB
ShadowCallStack:   12092 kB
PageTables:        70596 kB
NFS_Unstable:          0 kB
Bounce:                0 kB
WritebackTmp:          0 kB
CommitLimit:     8677876 kB
Committed_AS:   67369612 kB
VmallocTotal:   263061440 kB
VmallocUsed:      130896 kB
VmallocChunk:          0 kB
Percpu:             2520 kB
CmaTotal:         405504 kB
CmaFree:          274704 kB
MemTotal:        7918584 kB
MemFree:         1734104 kB
MemAvailable:    2983708 kB
Buffers:            5008 kB
Cached:          1245768 kB
SwapCached:        14828 kB
Active:          2418132 kB
Inactive:        1186344 kB
Active(anon):    1757776 kB
Inactive(anon):   623064 kB
Active(file):     660356 kB
Inactive(file):   563280 kB
Unevictable:        6544 kB
Mlocked:            6104 kB
SwapTotal:       4718584 kB
SwapFree:        3334176 kB
Dirty:             17860 kB
Writeback:             0 kB
AnonPages:       2355588 kB
Mapped:           602644 kB
Shmem:             22332 kB
KReclaimable:     416192 kB
Slab:             324048 kB
SReclaimable:      96284 kB
SUnreclaim:       227764 kB
KernelStack:       48384 kB
ShadowCallStack:   12124 kB
PageTables:        71060 kB
NFS_Unstable:          0 kB
Bounce:                0 kB
WritebackTmp:          0 kB
CommitLimit:     8677876 kB
Committed_AS:   67583000 kB
VmallocTotal:   263061440 kB
VmallocUsed:      131036 kB
VmallocChunk:          0 kB
Percpu:             2520 kB
CmaTotal:         405504 kB
CmaFree:          274704 kB
MemTotal:        7918584 kB
MemFree:         1650676 kB
MemAvailable:    2898984 kB
Buffers:            5008 kB
Cached:          1245896 kB
SwapCached:        14828 kB
Active:          2500620 kB
Inactive:        1186264 kB
Active(anon):    1840264 kB
Inactive(anon):   622984 kB
Active(file):     660356 kB
Inactive(file):   563280 kB
Unevictable:        6544 kB
Mlocked:            6104 kB
SwapTotal:       4718584 kB
SwapFree:        3334432 kB
Dirty:             17792 kB
Writeback:             0 kB
AnonPages:       2437996 kB
Mapped:           603644 kB
Shmem:             22460 kB
KReclaimable:     414896 kB
Slab:             324208 kB
SReclaimable:      96236 kB
SUnreclaim:       227972 kB
KernelStack:       48400 kB
ShadowCallStack:   12140 kB
PageTables:        71548 kB
NFS_Unstable:          0 kB
Bounce:                0 kB
WritebackTmp:          0 kB
CommitLimit:     8677876 kB
Committed_AS:   67763224 kB
VmallocTotal:   263061440 kB
VmallocUsed:      131056 kB
VmallocChunk:          0 kB
Percpu:             2520 kB
CmaTotal:         405504 kB
CmaFree:          274704 kB
MemTotal:        7918584 kB
MemFree:         1647536 kB
MemAvailable:    3025524 kB
Buffers:            5008 kB
Cached:          1245776 kB
SwapCached:        14828 kB
Active:          2504352 kB
Inactive:        1186276 kB
Active(anon):    1843996 kB
Inactive(anon):   622956 kB
Active(file):     660356 kB
Inactive(file):   563320 kB
Unevictable:        6544 kB
Mlocked:            6104 kB
SwapTotal:       4718584 kB
SwapFree:        3334688 kB
Dirty:             17832 kB
Writeback:             0 kB
AnonPages:       2441856 kB
Mapped:           603460 kB
Shmem:             22300 kB
KReclaimable:     544536 kB
Slab:             324112 kB
SReclaimable:      96236 kB
SUnreclaim:       227876 kB
KernelStack:       48272 kB
ShadowCallStack:   12108 kB
PageTables:        71428 kB
NFS_Unstable:          0 kB
Bounce:                0 kB
WritebackTmp:          0 kB
CommitLimit:     8677876 kB
Committed_AS:   67844752 kB
VmallocTotal:   263061440 kB
VmallocUsed:      130852 kB
VmallocChunk:          0 kB
Percpu:             2520 kB
CmaTotal:         405504 kB
CmaFree:          274704 kB
MemTotal:        7918584 kB
MemFree:         1601776 kB
MemAvailable:    2979640 kB
Buffers:            5008 kB
Cached:          1246148 kB
SwapCached:        14828 kB
Active:          2550320 kB
Inactive:        1186312 kB
Active(anon):    1889628 kB
Inactive(anon):   622956 kB
Active(file):     660692 kB
Inactive(file):   563356 kB
Unevictable:        6544 kB
Mlocked:            6104 kB
SwapTotal:       4718584 kB
SwapFree:        3334944 kB
Dirty:             17784 kB
Writeback:             0 kB
AnonPages:       2487588 kB
Mapped:           604580 kB
Shmem:             22300 kB
KReclaimable:     544040 kB
Slab:             324232 kB
SReclaimable:      96236 kB
SUnreclaim:       227996 kB
KernelStack:       48288 kB
ShadowCallStack:   12112 kB
PageTables:        71764 kB
NFS_Unstable:          0 kB
Bounce:                0 kB
WritebackTmp:          0 kB
CommitLimit:     8677876 kB
Committed_AS:   67943052 kB
VmallocTotal:   263061440 kB
VmallocUsed:      130884 kB
VmallocChunk:          0 kB
Percpu:             2520 kB
CmaTotal:         405504 kB
CmaFree:          274704 kB
MemTotal:        7918584 kB
MemFree:         1570164 kB
MemAvailable:    2947408 kB
Buffers:            5024 kB
Cached:          1246148 kB
SwapCached:        14828 kB
Active:          2580272 kB
Inactive:        1186324 kB
Active(anon):    1919580 kB
Inactive(anon):   622956 kB
Active(file):     660692 kB
Inactive(file):   563368 kB
Unevictable:        6544 kB
Mlocked:            6104 kB
SwapTotal:       4718584 kB
SwapFree:        3334944 kB
Dirty:             17804 kB
Writeback:             0 kB
AnonPages:       2517416 kB
Mapped:           604988 kB
Shmem:             22304 kB
KReclaimable:     543408 kB
Slab:             324300 kB
SReclaimable:      96236 kB
SUnreclaim:       228064 kB
KernelStack:       48320 kB
ShadowCallStack:   12120 kB
PageTables:        71772 kB
NFS_Unstable:          0 kB
Bounce:                0 kB
WritebackTmp:          0 kB
CommitLimit:     8677876 kB
Committed_AS:   68008592 kB
VmallocTotal:   263061440 kB
VmallocUsed:      130884 kB
VmallocChunk:          0 kB
Percpu:             2520 kB
CmaTotal:         405504 kB
CmaFree:          274704 kB
MemTotal:        7918584 kB
MemFree:         1569032 kB
MemAvailable:    2946124 kB
Buffers:            5024 kB
Cached:          1246192 kB
SwapCached:        14832 kB
Active:          2583800 kB
Inactive:        1184384 kB
Active(anon):    1923072 kB
Inactive(anon):   621012 kB
Active(file):     660728 kB
Inactive(file):   563372 kB
Unevictable:        6544 kB
Mlocked:            6104 kB
SwapTotal:       4718584 kB
SwapFree:        3347488 kB
Dirty:             17804 kB
Writeback:             0 kB
AnonPages:       2518888 kB
Mapped:           605284 kB
Shmem:             22308 kB
KReclaimable:     543216 kB
Slab:             324372 kB
SReclaimable:      96236 kB
SUnreclaim:       228136 kB
KernelStack:       48304 kB
ShadowCallStack:   12108 kB
PageTables:        71952 kB
NFS_Unstable:          0 kB
Bounce:                0 kB
WritebackTmp:          0 kB
CommitLimit:     8677876 kB
Committed_AS:   68008596 kB
VmallocTotal:   263061440 kB
VmallocUsed:      130896 kB
VmallocChunk:          0 kB
Percpu:             2520 kB
CmaTotal:         405504 kB
CmaFree:          274756 kB
MemTotal:        7918584 kB
MemFree:         1514584 kB
MemAvailable:    2890828 kB
Buffers:            5024 kB
Cached:          1246192 kB
SwapCached:        14832 kB
Active:          2639096 kB
Inactive:        1184384 kB
Active(anon):    1978368 kB
Inactive(anon):   621012 kB
Active(file):     660728 kB
Inactive(file):   563372 kB
Unevictable:        6544 kB
Mlocked:            6104 kB
SwapTotal:       4718584 kB
SwapFree:        3347488 kB
Dirty:             17628 kB
Writeback:             0 kB
AnonPages:       2574240 kB
Mapped:           605660 kB
Shmem:             22308 kB
KReclaimable:     542368 kB
Slab:             324260 kB
SReclaimable:      96236 kB
SUnreclaim:       228024 kB
KernelStack:       48272 kB
ShadowCallStack:   12100 kB
PageTables:        72248 kB
NFS_Unstable:          0 kB
Bounce:                0 kB
WritebackTmp:          0 kB
CommitLimit:     8677876 kB
Committed_AS:   68156000 kB
VmallocTotal:   263061440 kB
VmallocUsed:      130872 kB
VmallocChunk:          0 kB
Percpu:             2520 kB
CmaTotal:         405504 kB
CmaFree:          274756 kB
MemTotal:        7918584 kB
MemFree:         1501212 kB
MemAvailable:    2877276 kB
Buffers:            5024 kB
Cached:          1246204 kB
SwapCached:        14832 kB
Active:          2652656 kB
Inactive:        1184396 kB
Active(anon):    1991928 kB
Inactive(anon):   621012 kB
Active(file):     660728 kB
Inactive(file):   563384 kB
Unevictable:        6544 kB
Mlocked:            6104 kB
SwapTotal:       4718584 kB
SwapFree:        3347488 kB
Dirty:             17640 kB
Writeback:             0 kB
AnonPages:       2587868 kB
Mapped:           605788 kB
Shmem:             22308 kB
KReclaimable:     542176 kB
Slab:             324252 kB
SReclaimable:      96236 kB
SUnreclaim:       228016 kB
KernelStack:       48304 kB
ShadowCallStack:   12100 kB
PageTables:        72228 kB
NFS_Unstable:          0 kB
Bounce:                0 kB
WritebackTmp:          0 kB
CommitLimit:     8677876 kB
Committed_AS:   68172384 kB
VmallocTotal:   263061440 kB
VmallocUsed:      130876 kB
VmallocChunk:          0 kB
Percpu:             2520 kB
CmaTotal:         405504 kB
CmaFree:          270432 kB
MemTotal:        7918584 kB
MemFree:         1480808 kB
MemAvailable:    2856672 kB
Buffers:            5024 kB
Cached:          1246204 kB
SwapCached:        14832 kB
Active:          2672504 kB
Inactive:        1184396 kB
Active(anon):    2011776 kB
Inactive(anon):   621012 kB
Active(file):     660728 kB
Inactive(file):   563384 kB
Unevictable:        6544 kB
Mlocked:            6104 kB
SwapTotal:       4718584 kB
SwapFree:        3347488 kB
Dirty:             17668 kB
Writeback:             0 kB
AnonPages:       2607476 kB
Mapped:           606068 kB
Shmem:             22308 kB
KReclaimable:     541976 kB
Slab:             324236 kB
SReclaimable:      96252 kB
SUnreclaim:       227984 kB
KernelStack:       48256 kB
ShadowCallStack:   12104 kB
PageTables:        72372 kB
NFS_Unstable:          0 kB
Bounce:                0 kB
WritebackTmp:          0 kB
CommitLimit:     8677876 kB
Committed_AS:   68237924 kB
VmallocTotal:   263061440 kB
VmallocUsed:      130912 kB
VmallocChunk:          0 kB
Percpu:             2520 kB
CmaTotal:         405504 kB
CmaFree:          250380 kB
MemTotal:        7918584 kB
MemFree:         1429540 kB
MemAvailable:    2804596 kB
Buffers:            5024 kB
Cached:          1246204 kB
SwapCached:        14832 kB
Active:          2723188 kB
Inactive:        1184396 kB
Active(anon):    2062460 kB
Inactive(anon):   621012 kB
Active(file):     660728 kB
Inactive(file):   563384 kB
Unevictable:        6544 kB
Mlocked:            6104 kB
SwapTotal:       4718584 kB
SwapFree:        3347488 kB
Dirty:             17620 kB
Writeback:            28 kB
AnonPages:       2658336 kB
Mapped:           606456 kB
Shmem:             22308 kB
KReclaimable:     541168 kB
Slab:             324216 kB
SReclaimable:      96252 kB
SUnreclaim:       227964 kB
KernelStack:       48272 kB
ShadowCallStack:   12100 kB
PageTables:        72520 kB
NFS_Unstable:          0 kB
Bounce:                0 kB
WritebackTmp:          0 kB
CommitLimit:     8677876 kB
Committed_AS:   68368992 kB
VmallocTotal:   263061440 kB
VmallocUsed:      130876 kB
VmallocChunk:          0 kB
Percpu:             2520 kB
CmaTotal:         405504 kB
CmaFree:          199744 kB
MemTotal:        7918584 kB
MemFree:         1428848 kB
MemAvailable:    2803808 kB
Buffers:            5024 kB
Cached:          1246204 kB
SwapCached:        14832 kB
Active:          2723772 kB
Inactive:        1184396 kB
Active(anon):    2063044 kB
Inactive(anon):   621012 kB
Active(file):     660728 kB
Inactive(file):   563384 kB
Unevictable:        6544 kB
Mlocked:            6104 kB
SwapTotal:       4718584 kB
SwapFree:        3347744 kB
Dirty:             17620 kB
Writeback:             0 kB
AnonPages:       2658968 kB
Mapped:           606584 kB
Shmem:             22308 kB
KReclaimable:     541072 kB
Slab:             324324 kB
SReclaimable:      96252 kB
SUnreclaim:       228072 kB
KernelStack:       48288 kB
ShadowCallStack:   12104 kB
PageTables:        72572 kB
NFS_Unstable:          0 kB
Bounce:                0 kB
WritebackTmp:          0 kB
CommitLimit:     8677876 kB
Committed_AS:   68368996 kB
VmallocTotal:   263061440 kB
VmallocUsed:      130876 kB
VmallocChunk:          0 kB
Percpu:             2520 kB
CmaTotal:         405504 kB
CmaFree:          199536 kB
MemTotal:        7918584 kB
MemFree:         1389244 kB
MemAvailable:    2763668 kB
Buffers:            5024 kB
Cached:          1246204 kB
SwapCached:        14832 kB
Active:          2763164 kB
Inactive:        1184396 kB
Active(anon):    2102436 kB
Inactive(anon):   621012 kB
Active(file):     660728 kB
Inactive(file):   563384 kB
Unevictable:        6544 kB
Mlocked:            6104 kB
SwapTotal:       4718584 kB
SwapFree:        3347744 kB
Dirty:             17620 kB
Writeback:             0 kB
AnonPages:       2698284 kB
Mapped:           607024 kB
Shmem:             22308 kB
KReclaimable:     540536 kB
Slab:             324384 kB
SReclaimable:      96268 kB
SUnreclaim:       228116 kB
KernelStack:       48288 kB
ShadowCallStack:   12116 kB
PageTables:        72760 kB
NFS_Unstable:          0 kB
Bounce:                0 kB
WritebackTmp:          0 kB
CommitLimit:     8677876 kB
Committed_AS:   68450916 kB
VmallocTotal:   263061440 kB
VmallocUsed:      130884 kB
VmallocChunk:          0 kB
Percpu:             2520 kB
CmaTotal:         405504 kB
CmaFree:          160376 kB
MemTotal:        7918584 kB
MemFree:         1356492 kB
MemAvailable:    2730360 kB
Buffers:            5032 kB
Cached:          1246216 kB
SwapCached:        14832 kB
Active:          2794224 kB
Inactive:        1184416 kB
Active(anon):    2133496 kB
Inactive(anon):   621012 kB
Active(file):     660728 kB
Inactive(file):   563404 kB
Unevictable:        6544 kB
Mlocked:            6104 kB
SwapTotal:       4718584 kB
SwapFree:        3347744 kB
Dirty:             17632 kB
Writeback:             0 kB
AnonPages:       2729356 kB
Mapped:           607104 kB
Shmem:             22308 kB
KReclaimable:     539960 kB
Slab:             324452 kB
SReclaimable:      96268 kB
SUnreclaim:       228184 kB
KernelStack:       48288 kB
ShadowCallStack:   12112 kB
PageTables:        72900 kB
NFS_Unstable:          0 kB
Bounce:                0 kB
WritebackTmp:          0 kB
CommitLimit:     8677876 kB
Committed_AS:   68532832 kB
VmallocTotal:   263061440 kB
VmallocUsed:      130880 kB
VmallocChunk:          0 kB
Percpu:             2520 kB
CmaTotal:         405504 kB
CmaFree:          128096 kB
MemTotal:        7918584 kB
MemFree:         1354444 kB
MemAvailable:    2728152 kB
Buffers:            5032 kB
Cached:          1246216 kB
SwapCached:        14832 kB
Active:          2796296 kB
Inactive:        1184416 kB
Active(anon):    2135568 kB
Inactive(anon):   621012 kB
Active(file):     660728 kB
Inactive(file):   563404 kB
Unevictable:        6544 kB
Mlocked:            6104 kB
SwapTotal:       4718584 kB
SwapFree:        3347744 kB
Dirty:             17632 kB
Writeback:             0 kB
AnonPages:       2731296 kB
Mapped:           607372 kB
Shmem:             22308 kB
KReclaimable:     539800 kB
Slab:             324388 kB
SReclaimable:      96268 kB
SUnreclaim:       228120 kB
KernelStack:       48256 kB
ShadowCallStack:   12100 kB
PageTables:        72920 kB
NFS_Unstable:          0 kB
Bounce:                0 kB
WritebackTmp:          0 kB
CommitLimit:     8677876 kB
Committed_AS:   68532832 kB
VmallocTotal:   263061440 kB
VmallocUsed:      130876 kB
VmallocChunk:          0 kB
Percpu:             2520 kB
CmaTotal:         405504 kB
CmaFree:          125364 kB
MemTotal:        7918584 kB
MemFree:         1296464 kB
MemAvailable:    2669540 kB
Buffers:            5040 kB
Cached:          1246220 kB
SwapCached:        14832 kB
Active:          2854108 kB
Inactive:        1184424 kB
Active(anon):    2193380 kB
Inactive(anon):   621012 kB
Active(file):     660728 kB
Inactive(file):   563412 kB
Unevictable:        6544 kB
Mlocked:            6104 kB
SwapTotal:       4718584 kB
SwapFree:        3347744 kB
Dirty:             17700 kB
Writeback:             0 kB
AnonPages:       2789252 kB
Mapped:           607904 kB
Shmem:             22312 kB
KReclaimable:     539160 kB
Slab:             324484 kB
SReclaimable:      96268 kB
SUnreclaim:       228216 kB
KernelStack:       48256 kB
ShadowCallStack:   12104 kB
PageTables:        73228 kB
NFS_Unstable:          0 kB
Bounce:                0 kB
WritebackTmp:          0 kB
CommitLimit:     8677876 kB
Committed_AS:   68663912 kB
VmallocTotal:   263061440 kB
VmallocUsed:      130880 kB
VmallocChunk:          0 kB
Percpu:             2520 kB
CmaTotal:         405504 kB
CmaFree:           67744 kB
MemTotal:        7918584 kB
MemFree:         1284672 kB
MemAvailable:    2657172 kB
Buffers:            5040 kB
Cached:          1246224 kB
SwapCached:        14832 kB
Active:          2865152 kB
Inactive:        1184424 kB
Active(anon):    2204424 kB
Inactive(anon):   621012 kB
Active(file):     660728 kB
Inactive(file):   563412 kB
Unevictable:        6544 kB
Mlocked:            6104 kB
SwapTotal:       4718584 kB
SwapFree:        3347744 kB
Dirty:             17700 kB
Writeback:             0 kB
AnonPages:       2800208 kB
Mapped:           608200 kB
Shmem:             22316 kB
KReclaimable:     538584 kB
Slab:             324476 kB
SReclaimable:      96268 kB
SUnreclaim:       228208 kB
KernelStack:       48288 kB
ShadowCallStack:   12096 kB
PageTables:        73096 kB
NFS_Unstable:          0 kB
Bounce:                0 kB
WritebackTmp:          0 kB
CommitLimit:     8677876 kB
Committed_AS:   68680296 kB
VmallocTotal:   263061440 kB
VmallocUsed:      130864 kB
VmallocChunk:          0 kB
Percpu:             2520 kB
CmaTotal:         405504 kB
CmaFree:           56316 kB
MemTotal:        7918584 kB
MemFree:         1265512 kB
MemAvailable:    2637684 kB
Buffers:            5040 kB
Cached:          1246224 kB
SwapCached:        14832 kB
Active:          2884200 kB
Inactive:        1184424 kB
Active(anon):    2223472 kB
Inactive(anon):   621012 kB
Active(file):     660728 kB
Inactive(file):   563412 kB
Unevictable:        6544 kB
Mlocked:            6104 kB
SwapTotal:       4718584 kB
SwapFree:        3347744 kB
Dirty:               624 kB
Writeback:         16612 kB
AnonPages:       2819260 kB
Mapped:           608520 kB
Shmem:             22316 kB
KReclaimable:     538256 kB
Slab:             324412 kB
SReclaimable:      96236 kB
SUnreclaim:       228176 kB
KernelStack:       48272 kB
ShadowCallStack:   12100 kB
PageTables:        73400 kB
NFS_Unstable:          0 kB
Bounce:                0 kB
WritebackTmp:          0 kB
CommitLimit:     8677876 kB
Committed_AS:   68745676 kB
VmallocTotal:   263061440 kB
VmallocUsed:      130820 kB
VmallocChunk:          0 kB
Percpu:             2520 kB
CmaTotal:         405504 kB
CmaFree:           37332 kB
MemTotal:        7918584 kB
MemFree:         1209508 kB
MemAvailable:    2593140 kB
Buffers:            5168 kB
Cached:          1258188 kB
SwapCached:        14832 kB
Active:          2943548 kB
Inactive:        1184472 kB
Active(anon):    2270848 kB
Inactive(anon):   620980 kB
Active(file):     672700 kB
Inactive(file):   563492 kB
Unevictable:        6544 kB
Mlocked:            6104 kB
SwapTotal:       4718584 kB
SwapFree:        3347744 kB
Dirty:               700 kB
Writeback:             0 kB
AnonPages:       2866624 kB
Mapped:           611328 kB
Shmem:             22316 kB
KReclaimable:     537664 kB
Slab:             324288 kB
SReclaimable:      96236 kB
SUnreclaim:       228052 kB
KernelStack:       48192 kB
ShadowCallStack:   12076 kB
PageTables:        73636 kB
NFS_Unstable:          0 kB
Bounce:                0 kB
WritebackTmp:          0 kB
CommitLimit:     8677876 kB
Committed_AS:   68827544 kB
VmallocTotal:   263061440 kB
VmallocUsed:      130792 kB
VmallocChunk:          0 kB
Percpu:             2520 kB
CmaTotal:         405504 kB
CmaFree:               0 kB
MemTotal:        7918584 kB
MemFree:         1204976 kB
MemAvailable:    2588772 kB
Buffers:            5168 kB
Cached:          1258340 kB
SwapCached:        14832 kB
Active:          2946948 kB
Inactive:        1184596 kB
Active(anon):    2274180 kB
Inactive(anon):   620980 kB
Active(file):     672768 kB
Inactive(file):   563616 kB
Unevictable:        6544 kB
Mlocked:            6104 kB
SwapTotal:       4718584 kB
SwapFree:        3347744 kB
Dirty:               736 kB
Writeback:             0 kB
AnonPages:       2870084 kB
Mapped:           611712 kB
Shmem:             22316 kB
KReclaimable:     537636 kB
Slab:             324444 kB
SReclaimable:      96240 kB
SUnreclaim:       228204 kB
KernelStack:       48240 kB
ShadowCallStack:   12092 kB
PageTables:        73456 kB
NFS_Unstable:          0 kB
Bounce:                0 kB
WritebackTmp:          0 kB
CommitLimit:     8677876 kB
Committed_AS:   68843932 kB
VmallocTotal:   263061440 kB
VmallocUsed:      130800 kB
VmallocChunk:          0 kB
Percpu:             2520 kB
CmaTotal:         405504 kB
CmaFree:               0 kB
MemTotal:        7918584 kB
MemFree:         1161328 kB
MemAvailable:    2544348 kB
Buffers:            5168 kB
Cached:          1258340 kB
SwapCached:        14832 kB
Active:          2990396 kB
Inactive:        1184596 kB
Active(anon):    2317628 kB
Inactive(anon):   620980 kB
Active(file):     672768 kB
Inactive(file):   563616 kB
Unevictable:        6544 kB
Mlocked:            6104 kB
SwapTotal:       4718584 kB
SwapFree:        3347744 kB
Dirty:               664 kB
Writeback:             8 kB
AnonPages:       2913496 kB
Mapped:           612196 kB
Shmem:             22316 kB
KReclaimable:     536860 kB
Slab:             324444 kB
SReclaimable:      96256 kB
SUnreclaim:       228188 kB
KernelStack:       48192 kB
ShadowCallStack:   12068 kB
PageTables:        73656 kB
NFS_Unstable:          0 kB
Bounce:                0 kB
WritebackTmp:          0 kB
CommitLimit:     8677876 kB
Committed_AS:   68943256 kB
VmallocTotal:   263061440 kB
VmallocUsed:      130784 kB
VmallocChunk:          0 kB
Percpu:             2520 kB
CmaTotal:         405504 kB
CmaFree:               0 kB
MemTotal:        7918584 kB
MemFree:         1133332 kB
MemAvailable:    2515968 kB
Buffers:            5168 kB
Cached:          1258340 kB
SwapCached:        14832 kB
Active:          3017936 kB
Inactive:        1184596 kB
Active(anon):    2345168 kB
Inactive(anon):   620980 kB
Active(file):     672768 kB
Inactive(file):   563616 kB
Unevictable:        6544 kB
Mlocked:            6104 kB
SwapTotal:       4718584 kB
SwapFree:        3347744 kB
Dirty:               604 kB
Writeback:             0 kB
AnonPages:       2940992 kB
Mapped:           612392 kB
Shmem:             22316 kB
KReclaimable:     536476 kB
Slab:             324332 kB
SReclaimable:      96256 kB
SUnreclaim:       228076 kB
KernelStack:       48256 kB
ShadowCallStack:   12092 kB
PageTables:        73848 kB
NFS_Unstable:          0 kB
Bounce:                0 kB
WritebackTmp:          0 kB
CommitLimit:     8677876 kB
Committed_AS:   69008792 kB
VmallocTotal:   263061440 kB
VmallocUsed:      130800 kB
VmallocChunk:          0 kB
Percpu:             2520 kB
CmaTotal:         405504 kB
CmaFree:               0 kB
MemTotal:        7918584 kB
MemFree:         1102792 kB
MemAvailable:    2365660 kB
Buffers:            5168 kB
Cached:          1258356 kB
SwapCached:        14832 kB
Active:          3048244 kB
Inactive:        1184596 kB
Active(anon):    2375476 kB
Inactive(anon):   620980 kB
Active(file):     672768 kB
Inactive(file):   563616 kB
Unevictable:        6544 kB
Mlocked:            6104 kB
SwapTotal:       4718584 kB
SwapFree:        3347744 kB
Dirty:               604 kB
Writeback:             0 kB
AnonPages:       2971300 kB
Mapped:           612656 kB
Shmem:             22332 kB
KReclaimable:     416708 kB
Slab:             324320 kB
SReclaimable:      96256 kB
SUnreclaim:       228064 kB
KernelStack:       48304 kB
ShadowCallStack:   12080 kB
PageTables:        73916 kB
NFS_Unstable:          0 kB
Bounce:                0 kB
WritebackTmp:          0 kB
CommitLimit:     8677876 kB
Committed_AS:   69009084 kB
VmallocTotal:   263061440 kB
VmallocUsed:      130896 kB
VmallocChunk:          0 kB
Percpu:             2520 kB
CmaTotal:         405504 kB
CmaFree:               0 kB
MemTotal:        7918584 kB
MemFree:         1026632 kB
MemAvailable:    2278392 kB
Buffers:            5176 kB
Cached:          1258912 kB
SwapCached:        14832 kB
Active:          3124544 kB
Inactive:        1184616 kB
Active(anon):    2451352 kB
Inactive(anon):   620980 kB
Active(file):     673192 kB
Inactive(file):   563636 kB
Unevictable:        6544 kB
Mlocked:            6104 kB
SwapTotal:       4718584 kB
SwapFree:        3347744 kB
Dirty:               248 kB
Writeback:             0 kB
AnonPages:       3047048 kB
Mapped:           613784 kB
Shmem:             22452 kB
KReclaimable:     405156 kB
Slab:             324644 kB
SReclaimable:      96272 kB
SUnreclaim:       228372 kB
KernelStack:       48304 kB
ShadowCallStack:   12112 kB
PageTables:        74264 kB
NFS_Unstable:          0 kB
Bounce:                0 kB
WritebackTmp:          0 kB
CommitLimit:     8677876 kB
Committed_AS:   69172928 kB
VmallocTotal:   263061440 kB
VmallocUsed:      130928 kB
VmallocChunk:          0 kB
Percpu:             2520 kB
CmaTotal:         405504 kB
CmaFree:               0 kB
MemTotal:        7918584 kB
MemFree:         1061220 kB
MemAvailable:    2443116 kB
Buffers:            5184 kB
Cached:          1258776 kB
SwapCached:        14832 kB
Active:          3088884 kB
Inactive:        1184624 kB
Active(anon):    2415692 kB
Inactive(anon):   620980 kB
Active(file):     673192 kB
Inactive(file):   563644 kB
Unevictable:        6544 kB
Mlocked:            6104 kB
SwapTotal:       4718584 kB
SwapFree:        3347744 kB
Dirty:               316 kB
Writeback:             0 kB
AnonPages:       3011680 kB
Mapped:           612896 kB
Shmem:             22316 kB
KReclaimable:     535284 kB
Slab:             324568 kB
SReclaimable:      96272 kB
SUnreclaim:       228296 kB
KernelStack:       48192 kB
ShadowCallStack:   12080 kB
PageTables:        74184 kB
NFS_Unstable:          0 kB
Bounce:                0 kB
WritebackTmp:          0 kB
CommitLimit:     8677876 kB
Committed_AS:   69172528 kB
VmallocTotal:   263061440 kB
VmallocUsed:      130756 kB
VmallocChunk:          0 kB
Percpu:             2520 kB
CmaTotal:         405504 kB
CmaFree:               0 kB
MemTotal:        7918584 kB
MemFree:         1042556 kB
MemAvailable:    2424276 kB
Buffers:            5184 kB
Cached:          1258780 kB
SwapCached:        14832 kB
Active:          3108444 kB
Inactive:        1184624 kB
Active(anon):    2435252 kB
Inactive(anon):   620980 kB
Active(file):     673192 kB
Inactive(file):   563644 kB
Unevictable:        6544 kB
Mlocked:            6104 kB
SwapTotal:       4718584 kB
SwapFree:        3348000 kB
Dirty:               316 kB
Writeback:             0 kB
AnonPages:       3030928 kB
Mapped:           613236 kB
Shmem:             22320 kB
KReclaimable:     535108 kB
Slab:             324628 kB
SReclaimable:      96272 kB
SUnreclaim:       228356 kB
KernelStack:       48160 kB
ShadowCallStack:   12076 kB
PageTables:        74300 kB
NFS_Unstable:          0 kB
Bounce:                0 kB
WritebackTmp:          0 kB
CommitLimit:     8677876 kB
Committed_AS:   69238016 kB
VmallocTotal:   263061440 kB
VmallocUsed:      130720 kB
VmallocChunk:          0 kB
Percpu:             2520 kB
CmaTotal:         405504 kB
CmaFree:               0 kB
MemTotal:        7918584 kB
MemFree:          991152 kB
MemAvailable:    2372076 kB
Buffers:            5184 kB
Cached:          1258784 kB
SwapCached:        14832 kB
Active:          3159160 kB
Inactive:        1184628 kB
Active(anon):    2485968 kB
Inactive(anon):   620980 kB
Active(file):     673192 kB
Inactive(file):   563648 kB
Unevictable:        6544 kB
Mlocked:            6104 kB
SwapTotal:       4718584 kB
SwapFree:        3348000 kB
Dirty:               332 kB
Writeback:             0 kB
AnonPages:       3081776 kB
Mapped:           613592 kB
Shmem:             22320 kB
KReclaimable:     534308 kB
Slab:             324784 kB
SReclaimable:      96288 kB
SUnreclaim:       228496 kB
KernelStack:       48176 kB
ShadowCallStack:   12084 kB
PageTables:        74536 kB
NFS_Unstable:          0 kB
Bounce:                0 kB
WritebackTmp:          0 kB
CommitLimit:     8677876 kB
Committed_AS:   69336320 kB
VmallocTotal:   263061440 kB
VmallocUsed:      130708 kB
VmallocChunk:          0 kB
Percpu:             2520 kB
CmaTotal:         405504 kB
CmaFree:               0 kB
MemTotal:        7918584 kB
MemFree:          990336 kB
MemAvailable:    2371332 kB
Buffers:            5188 kB
Cached:          1258852 kB
SwapCached:        14832 kB
Active:          3160092 kB
Inactive:        1184672 kB
Active(anon):    2486900 kB
Inactive(anon):   620952 kB
Active(file):     673192 kB
Inactive(file):   563720 kB
Unevictable:        6544 kB
Mlocked:            6104 kB
SwapTotal:       4718584 kB
SwapFree:        3348000 kB
Dirty:               400 kB
Writeback:             0 kB
AnonPages:       3082664 kB
Mapped:           613524 kB
Shmem:             22320 kB
KReclaimable:     534308 kB
Slab:             324620 kB
SReclaimable:      96288 kB
SUnreclaim:       228332 kB
KernelStack:       48176 kB
ShadowCallStack:   12072 kB
PageTables:        74452 kB
NFS_Unstable:          0 kB
Bounce:                0 kB
WritebackTmp:          0 kB
CommitLimit:     8677876 kB
Committed_AS:   69336320 kB
VmallocTotal:   263061440 kB
VmallocUsed:      130724 kB
VmallocChunk:          0 kB
Percpu:             2520 kB
CmaTotal:         405504 kB
CmaFree:               0 kB
MemTotal:        7918584 kB
MemFree:          946968 kB
MemAvailable:    2327216 kB
Buffers:            5196 kB
Cached:          1258856 kB
SwapCached:        14832 kB
Active:          3203304 kB
Inactive:        1184684 kB
Active(anon):    2530112 kB
Inactive(anon):   620952 kB
Active(file):     673192 kB
Inactive(file):   563732 kB
Unevictable:        6544 kB
Mlocked:            6104 kB
SwapTotal:       4718584 kB
SwapFree:        3348000 kB
Dirty:               408 kB
Writeback:             0 kB
AnonPages:       3125888 kB
Mapped:           614120 kB
Shmem:             22320 kB
KReclaimable:     533548 kB
Slab:             324640 kB
SReclaimable:      96288 kB
SUnreclaim:       228352 kB
KernelStack:       48128 kB
ShadowCallStack:   12072 kB
PageTables:        74852 kB
NFS_Unstable:          0 kB
Bounce:                0 kB
WritebackTmp:          0 kB
CommitLimit:     8677876 kB
Committed_AS:   69434580 kB
VmallocTotal:   263061440 kB
VmallocUsed:      130680 kB
VmallocChunk:          0 kB
Percpu:             2520 kB
CmaTotal:         405504 kB
CmaFree:               0 kB
MemTotal:        7918584 kB
MemFree:          918788 kB
MemAvailable:    2298676 kB
Buffers:            5196 kB
Cached:          1258856 kB
SwapCached:        14832 kB
Active:          3231088 kB
Inactive:        1184684 kB
Active(anon):    2557896 kB
Inactive(anon):   620952 kB
Active(file):     673192 kB
Inactive(file):   563732 kB
Unevictable:        6544 kB
Mlocked:            6104 kB
SwapTotal:       4718584 kB
SwapFree:        3348000 kB
Dirty:               412 kB
Writeback:             0 kB
AnonPages:       3153620 kB
Mapped:           614424 kB
Shmem:             22320 kB
KReclaimable:     533188 kB
Slab:             324720 kB
SReclaimable:      96288 kB
SUnreclaim:       228432 kB
KernelStack:       48080 kB
ShadowCallStack:   12048 kB
PageTables:        74856 kB
NFS_Unstable:          0 kB
Bounce:                0 kB
WritebackTmp:          0 kB
CommitLimit:     8677876 kB
Committed_AS:   69499960 kB
VmallocTotal:   263061440 kB
VmallocUsed:      130660 kB
VmallocChunk:          0 kB
Percpu:             2520 kB
CmaTotal:         405504 kB
CmaFree:               0 kB
MemTotal:        7918584 kB
MemFree:          916544 kB
MemAvailable:    2296264 kB
Buffers:            5204 kB
Cached:          1258856 kB
SwapCached:        14832 kB
Active:          3232996 kB
Inactive:        1184692 kB
Active(anon):    2559804 kB
Inactive(anon):   620952 kB
Active(file):     673192 kB
Inactive(file):   563740 kB
Unevictable:        6544 kB
Mlocked:            6104 kB
SwapTotal:       4718584 kB
SwapFree:        3348000 kB
Dirty:               468 kB
Writeback:             0 kB
AnonPages:       3155544 kB
Mapped:           614448 kB
Shmem:             22320 kB
KReclaimable:     533012 kB
Slab:             324692 kB
SReclaimable:      96288 kB
SUnreclaim:       228404 kB
KernelStack:       48080 kB
ShadowCallStack:   12040 kB
PageTables:        74844 kB
NFS_Unstable:          0 kB
Bounce:                0 kB
WritebackTmp:          0 kB
CommitLimit:     8677876 kB
Committed_AS:   69516188 kB
VmallocTotal:   263061440 kB
VmallocUsed:      130600 kB
VmallocChunk:          0 kB
Percpu:             2520 kB
CmaTotal:         405504 kB
CmaFree:              12 kB
MemTotal:        7918584 kB
MemFree:          861320 kB
MemAvailable:    2240288 kB
Buffers:            5204 kB
Cached:          1258856 kB
SwapCached:        14832 kB
Active:          3287928 kB
Inactive:        1184692 kB
Active(anon):    2614736 kB
Inactive(anon):   620952 kB
Active(file):     673192 kB
Inactive(file):   563740 kB
Unevictable:        6544 kB
Mlocked:            6104 kB
SwapTotal:       4718584 kB
SwapFree:        3348000 kB
Dirty:               468 kB
Writeback:             0 kB
AnonPages:       3210836 kB
Mapped:           615084 kB
Shmem:             22320 kB
KReclaimable:     532260 kB
Slab:             324700 kB
SReclaimable:      96288 kB
SUnreclaim:       228412 kB
KernelStack:       48048 kB
ShadowCallStack:   12048 kB
PageTables:        75140 kB
NFS_Unstable:          0 kB
Bounce:                0 kB
WritebackTmp:          0 kB
CommitLimit:     8677876 kB
Committed_AS:   69647260 kB
VmallocTotal:   263061440 kB
VmallocUsed:      130592 kB
VmallocChunk:          0 kB
Percpu:             2520 kB
CmaTotal:         405504 kB
CmaFree:               0 kB
MemTotal:        7918584 kB
MemFree:          847200 kB
MemAvailable:    2225912 kB
Buffers:            5204 kB
Cached:          1258856 kB
SwapCached:        14832 kB
Active:          3302112 kB
Inactive:        1184692 kB
Active(anon):    2628920 kB
Inactive(anon):   620952 kB
Active(file):     673192 kB
Inactive(file):   563740 kB
Unevictable:        6544 kB
Mlocked:            6104 kB
SwapTotal:       4718584 kB
SwapFree:        3348000 kB
Dirty:               468 kB
Writeback:             0 kB
AnonPages:       3224748 kB
Mapped:           615032 kB
Shmem:             22320 kB
KReclaimable:     532004 kB
Slab:             324776 kB
SReclaimable:      96288 kB
SUnreclaim:       228488 kB
KernelStack:       48048 kB
ShadowCallStack:   12044 kB
PageTables:        75160 kB
NFS_Unstable:          0 kB
Bounce:                0 kB
WritebackTmp:          0 kB
CommitLimit:     8677876 kB
Committed_AS:   69696412 kB
VmallocTotal:   263061440 kB
VmallocUsed:      130584 kB
VmallocChunk:          0 kB
Percpu:             2520 kB
CmaTotal:         405504 kB
CmaFree:               0 kB
MemTotal:        7918584 kB
MemFree:          820492 kB
MemAvailable:    2202992 kB
Buffers:            5212 kB
Cached:          1262980 kB
SwapCached:        14832 kB
Active:          3325052 kB
Inactive:        1187952 kB
Active(anon):    2650988 kB
Inactive(anon):   620952 kB
Active(file):     674064 kB
Inactive(file):   567000 kB
Unevictable:        6544 kB
Mlocked:            6104 kB
SwapTotal:       4718584 kB
SwapFree:        3348000 kB
Dirty:               244 kB
Writeback:             0 kB
AnonPages:       3246552 kB
Mapped:           617404 kB
Shmem:             22320 kB
KReclaimable:     531660 kB
Slab:             324764 kB
SReclaimable:      96288 kB
SUnreclaim:       228476 kB
KernelStack:       48032 kB
ShadowCallStack:   12036 kB
PageTables:        75416 kB
NFS_Unstable:          0 kB
Bounce:                0 kB
WritebackTmp:          0 kB
CommitLimit:     8677876 kB
Committed_AS:   69761844 kB
VmallocTotal:   263061440 kB
VmallocUsed:      130540 kB
VmallocChunk:          0 kB
Percpu:             2520 kB
CmaTotal:         405504 kB
CmaFree:               0 kB
MemTotal:        7918584 kB
MemFree:          771116 kB
MemAvailable:    2152876 kB
Buffers:            5212 kB
Cached:          1262992 kB
SwapCached:        14832 kB
Active:          3374300 kB
Inactive:        1187964 kB
Active(anon):    2700236 kB
Inactive(anon):   620952 kB
Active(file):     674064 kB
Inactive(file):   567012 kB
Unevictable:        6544 kB
Mlocked:            6104 kB
SwapTotal:       4718584 kB
SwapFree:        3348000 kB
Dirty:               348 kB
Writeback:             0 kB
AnonPages:       3295996 kB
Mapped:           618048 kB
Shmem:             22320 kB
KReclaimable:     530908 kB
Slab:             324772 kB
SReclaimable:      96288 kB
SUnreclaim:       228484 kB
KernelStack:       47968 kB
ShadowCallStack:   12028 kB
PageTables:        75556 kB
NFS_Unstable:          0 kB
Bounce:                0 kB
WritebackTmp:          0 kB
CommitLimit:     8677876 kB
Committed_AS:   69843660 kB
VmallocTotal:   263061440 kB
VmallocUsed:      130500 kB
VmallocChunk:          0 kB
Percpu:             2520 kB
CmaTotal:         405504 kB
CmaFree:               0 kB
MemTotal:        7918584 kB
MemFree:          773428 kB
MemAvailable:    2156500 kB
Buffers:            5220 kB
Cached:          1264300 kB
SwapCached:        14920 kB
Active:          3372920 kB
Inactive:        1187708 kB
Active(anon):    2697560 kB
Inactive(anon):   620680 kB
Active(file):     675360 kB
Inactive(file):   567028 kB
Unevictable:        6544 kB
Mlocked:            6104 kB
SwapTotal:       4718584 kB
SwapFree:        3348768 kB
Dirty:               352 kB
Writeback:             0 kB
AnonPages:       3293080 kB
Mapped:           618480 kB
Shmem:             22332 kB
KReclaimable:     530908 kB
Slab:             324864 kB
SReclaimable:      96288 kB
SUnreclaim:       228576 kB
KernelStack:       47968 kB
ShadowCallStack:   12020 kB
PageTables:        75424 kB
NFS_Unstable:          0 kB
Bounce:                0 kB
WritebackTmp:          0 kB
CommitLimit:     8677876 kB
Committed_AS:   69843504 kB
VmallocTotal:   263061440 kB
VmallocUsed:      130420 kB
VmallocChunk:          0 kB
Percpu:             2520 kB
CmaTotal:         405504 kB
CmaFree:             136 kB
MemTotal:        7918584 kB
MemFree:          728380 kB
MemAvailable:    2111956 kB
Buffers:            5228 kB
Cached:          1265524 kB
SwapCached:        15004 kB
Active:          3419292 kB
Inactive:        1187920 kB
Active(anon):    2742908 kB
Inactive(anon):   620680 kB
Active(file):     676384 kB
Inactive(file):   567240 kB
Unevictable:        6544 kB
Mlocked:            6104 kB
SwapTotal:       4718584 kB
SwapFree:        3349792 kB
Dirty:               516 kB
Writeback:             0 kB
AnonPages:       3338584 kB
Mapped:           619280 kB
Shmem:             22352 kB
KReclaimable:     530428 kB
Slab:             324792 kB
SReclaimable:      96288 kB
SUnreclaim:       228504 kB
KernelStack:       47872 kB
ShadowCallStack:   12008 kB
PageTables:        75656 kB
NFS_Unstable:          0 kB
Bounce:                0 kB
WritebackTmp:          0 kB
CommitLimit:     8677876 kB
Committed_AS:   69958096 kB
VmallocTotal:   263061440 kB
VmallocUsed:      130388 kB
VmallocChunk:          0 kB
Percpu:             2520 kB
CmaTotal:         405504 kB
CmaFree:               0 kB
MemTotal:        7918584 kB
MemFree:          670928 kB
MemAvailable:    2067400 kB
Buffers:            5636 kB
Cached:          1278344 kB
SwapCached:        15344 kB
Active:          3472752 kB
Inactive:        1188852 kB
Active(anon):    2784224 kB
Inactive(anon):   620672 kB
Active(file):     688528 kB
Inactive(file):   568180 kB
Unevictable:        6544 kB
Mlocked:            6104 kB
SwapTotal:       4718584 kB
SwapFree:        3350560 kB
Dirty:               740 kB
Writeback:             0 kB
AnonPages:       3379624 kB
Mapped:           625920 kB
Shmem:             22464 kB
KReclaimable:     529988 kB
Slab:             325632 kB
SReclaimable:      96272 kB
SUnreclaim:       229360 kB
KernelStack:       48336 kB
ShadowCallStack:   12116 kB
PageTables:        76524 kB
NFS_Unstable:          0 kB
Bounce:                0 kB
WritebackTmp:          0 kB
CommitLimit:     8677876 kB
Committed_AS:   71338772 kB
VmallocTotal:   263061440 kB
VmallocUsed:      130948 kB
VmallocChunk:          0 kB
Percpu:             2520 kB
CmaTotal:         405504 kB
CmaFree:               0 kB
MemTotal:        7918584 kB
MemFree:          668156 kB
MemAvailable:    2064464 kB
Buffers:            5636 kB
Cached:          1278348 kB
SwapCached:        15344 kB
Active:          3474604 kB
Inactive:        1188856 kB
Active(anon):    2786076 kB
Inactive(anon):   620672 kB
Active(file):     688528 kB
Inactive(file):   568184 kB
Unevictable:        6544 kB
Mlocked:            6104 kB
SwapTotal:       4718584 kB
SwapFree:        3350560 kB
Dirty:               740 kB
Writeback:             0 kB
AnonPages:       3381584 kB
Mapped:           626156 kB
Shmem:             22464 kB
KReclaimable:     529820 kB
Slab:             325652 kB
SReclaimable:      96272 kB
SUnreclaim:       229380 kB
KernelStack:       48352 kB
ShadowCallStack:   12124 kB
PageTables:        76596 kB
NFS_Unstable:          0 kB
Bounce:                0 kB
WritebackTmp:          0 kB
CommitLimit:     8677876 kB
Committed_AS:   71355156 kB
VmallocTotal:   263061440 kB
VmallocUsed:      130964 kB
VmallocChunk:          0 kB
Percpu:             2520 kB
CmaTotal:         405504 kB
CmaFree:               0 kB
MemTotal:        7918584 kB
MemFree:          616404 kB
MemAvailable:    2011776 kB
Buffers:            5636 kB
Cached:          1278376 kB
SwapCached:        15344 kB
Active:          3526424 kB
Inactive:        1188856 kB
Active(anon):    2837872 kB
Inactive(anon):   620672 kB
Active(file):     688552 kB
Inactive(file):   568184 kB
Unevictable:        6544 kB
Mlocked:            6104 kB
SwapTotal:       4718584 kB
SwapFree:        3350560 kB
Dirty:               752 kB
Writeback:             0 kB
AnonPages:       3433352 kB
Mapped:           626576 kB
Shmem:             22468 kB
KReclaimable:     528860 kB
Slab:             325860 kB
SReclaimable:      96288 kB
SUnreclaim:       229572 kB
KernelStack:       48336 kB
ShadowCallStack:   12116 kB
PageTables:        76880 kB
NFS_Unstable:          0 kB
Bounce:                0 kB
WritebackTmp:          0 kB
CommitLimit:     8677876 kB
Committed_AS:   71502560 kB
VmallocTotal:   263061440 kB
VmallocUsed:      130948 kB
VmallocChunk:          0 kB
Percpu:             2520 kB
CmaTotal:         405504 kB
CmaFree:               0 kB
MemTotal:        7918584 kB
MemFree:          605448 kB
MemAvailable:    2000668 kB
Buffers:            5636 kB
Cached:          1278376 kB
SwapCached:        15344 kB
Active:          3537628 kB
Inactive:        1188856 kB
Active(anon):    2849076 kB
Inactive(anon):   620672 kB
Active(file):     688552 kB
Inactive(file):   568184 kB
Unevictable:        6544 kB
Mlocked:            6104 kB
SwapTotal:       4718584 kB
SwapFree:        3350560 kB
Dirty:               756 kB
Writeback:             0 kB
AnonPages:       3444464 kB
Mapped:           626604 kB
Shmem:             22468 kB
KReclaimable:     528708 kB
Slab:             325764 kB
SReclaimable:      96288 kB
SUnreclaim:       229476 kB
KernelStack:       48304 kB
ShadowCallStack:   12108 kB
PageTables:        76928 kB
NFS_Unstable:          0 kB
Bounce:                0 kB
WritebackTmp:          0 kB
CommitLimit:     8677876 kB
Committed_AS:   71518840 kB
VmallocTotal:   263061440 kB
VmallocUsed:      130908 kB
VmallocChunk:          0 kB
Percpu:             2520 kB
CmaTotal:         405504 kB
CmaFree:              32 kB
MemTotal:        7918584 kB
MemFree:          585988 kB
MemAvailable:    1980888 kB
Buffers:            5636 kB
Cached:          1278376 kB
SwapCached:        15344 kB
Active:          3557312 kB
Inactive:        1188856 kB
Active(anon):    2868760 kB
Inactive(anon):   620672 kB
Active(file):     688552 kB
Inactive(file):   568184 kB
Unevictable:        6544 kB
Mlocked:            6104 kB
SwapTotal:       4718584 kB
SwapFree:        3350560 kB
Dirty:               756 kB
Writeback:             0 kB
AnonPages:       3464196 kB
Mapped:           626852 kB
Shmem:             22468 kB
KReclaimable:     528388 kB
Slab:             326012 kB
SReclaimable:      96304 kB
SUnreclaim:       229708 kB
KernelStack:       48320 kB
ShadowCallStack:   12112 kB
PageTables:        76952 kB
NFS_Unstable:          0 kB
Bounce:                0 kB
WritebackTmp:          0 kB
CommitLimit:     8677876 kB
Committed_AS:   71567996 kB
VmallocTotal:   263061440 kB
VmallocUsed:      130924 kB
VmallocChunk:          0 kB
Percpu:             2520 kB
CmaTotal:         405504 kB
CmaFree:               0 kB
MemTotal:        7918584 kB
MemFree:          526004 kB
MemAvailable:    1924472 kB
Buffers:            5892 kB
Cached:          1282100 kB
SwapCached:        15348 kB
Active:          3616752 kB
Inactive:        1189880 kB
Active(anon):    2926644 kB
Inactive(anon):   619004 kB
Active(file):     690108 kB
Inactive(file):   570876 kB
Unevictable:        6544 kB
Mlocked:            6104 kB
SwapTotal:       4718584 kB
SwapFree:        3354400 kB
Dirty:               872 kB
Writeback:             0 kB
AnonPages:       3520516 kB
Mapped:           629360 kB
Shmem:             22200 kB
KReclaimable:     527708 kB
Slab:             325844 kB
SReclaimable:      96304 kB
SUnreclaim:       229540 kB
KernelStack:       48160 kB
ShadowCallStack:   12076 kB
PageTables:        77240 kB
NFS_Unstable:          0 kB
Bounce:                0 kB
WritebackTmp:          0 kB
CommitLimit:     8677876 kB
Committed_AS:   71698544 kB
VmallocTotal:   263061440 kB
VmallocUsed:      130788 kB
VmallocChunk:          0 kB
Percpu:             2520 kB
CmaTotal:         405504 kB
CmaFree:               0 kB
MemTotal:        7918584 kB
MemFree:          524768 kB
MemAvailable:    1923244 kB
Buffers:            5896 kB
Cached:          1282104 kB
SwapCached:        15348 kB
Active:          3616748 kB
Inactive:        1189840 kB
Active(anon):    2926640 kB
Inactive(anon):   618956 kB
Active(file):     690108 kB
Inactive(file):   570884 kB
Unevictable:        6544 kB
Mlocked:            6104 kB
SwapTotal:       4718584 kB
SwapFree:        3354400 kB
Dirty:               908 kB
Writeback:             0 kB
AnonPages:       3520524 kB
Mapped:           629448 kB
Shmem:             22200 kB
KReclaimable:     527708 kB
Slab:             325920 kB
SReclaimable:      96304 kB
SUnreclaim:       229616 kB
KernelStack:       48128 kB
ShadowCallStack:   12064 kB
PageTables:        77212 kB
NFS_Unstable:          0 kB
Bounce:                0 kB
WritebackTmp:          0 kB
CommitLimit:     8677876 kB
Committed_AS:   71698280 kB
VmallocTotal:   263061440 kB
VmallocUsed:      130688 kB
VmallocChunk:          0 kB
Percpu:             2520 kB
CmaTotal:         405504 kB
CmaFree:               0 kB
MemTotal:        7918584 kB
MemFree:          446312 kB
MemAvailable:    1722516 kB
Buffers:            5896 kB
Cached:          1282176 kB
SwapCached:        15348 kB
Active:          3697684 kB
Inactive:        1189840 kB
Active(anon):    3007576 kB
Inactive(anon):   618956 kB
Active(file):     690108 kB
Inactive(file):   570884 kB
Unevictable:        6544 kB
Mlocked:            6104 kB
SwapTotal:       4718584 kB
SwapFree:        3354400 kB
Dirty:               908 kB
Writeback:             0 kB
AnonPages:       3601404 kB
Mapped:           630452 kB
Shmem:             22272 kB
KReclaimable:     405436 kB
Slab:             325816 kB
SReclaimable:      96304 kB
SUnreclaim:       229512 kB
KernelStack:       48240 kB
ShadowCallStack:   12096 kB
PageTables:        77612 kB
NFS_Unstable:          0 kB
Bounce:                0 kB
WritebackTmp:          0 kB
CommitLimit:     8677876 kB
Committed_AS:   71796980 kB
VmallocTotal:   263061440 kB
VmallocUsed:      130844 kB
VmallocChunk:          0 kB
Percpu:             2520 kB
CmaTotal:         405504 kB
CmaFree:               0 kB
MemTotal:        7918584 kB
MemFree:          455564 kB
MemAvailable:    1852824 kB
Buffers:            5904 kB
Cached:          1282100 kB
SwapCached:        15348 kB
Active:          3686736 kB
Inactive:        1189836 kB
Active(anon):    2996628 kB
Inactive(anon):   618948 kB
Active(file):     690108 kB
Inactive(file):   570888 kB
Unevictable:        6544 kB
Mlocked:            6104 kB
SwapTotal:       4718584 kB
SwapFree:        3354400 kB
Dirty:               908 kB
Writeback:             0 kB
AnonPages:       3590472 kB
Mapped:           630024 kB
Shmem:             22200 kB
KReclaimable:     526488 kB
Slab:             325780 kB
SReclaimable:      96304 kB
SUnreclaim:       229476 kB
KernelStack:       48064 kB
ShadowCallStack:   12084 kB
PageTables:        77524 kB
NFS_Unstable:          0 kB
Bounce:                0 kB
WritebackTmp:          0 kB
CommitLimit:     8677876 kB
Committed_AS:   71845632 kB
VmallocTotal:   263061440 kB
VmallocUsed:      130648 kB
VmallocChunk:          0 kB
Percpu:             2520 kB
CmaTotal:         405504 kB
CmaFree:               0 kB
MemTotal:        7918584 kB
MemFree:          456080 kB
MemAvailable:    1853380 kB
Buffers:            5904 kB
Cached:          1282104 kB
SwapCached:        15348 kB
Active:          3688052 kB
Inactive:        1189840 kB
Active(anon):    2997944 kB
Inactive(anon):   618948 kB
Active(file):     690108 kB
Inactive(file):   570892 kB
Unevictable:        6544 kB
Mlocked:            6104 kB
SwapTotal:       4718584 kB
SwapFree:        3354400 kB
Dirty:               912 kB
Writeback:             0 kB
AnonPages:       3591780 kB
Mapped:           630300 kB
Shmem:             22200 kB
KReclaimable:     526524 kB
Slab:             325856 kB
SReclaimable:      96304 kB
SUnreclaim:       229552 kB
KernelStack:       48080 kB
ShadowCallStack:   12052 kB
PageTables:        77568 kB
NFS_Unstable:          0 kB
Bounce:                0 kB
WritebackTmp:          0 kB
CommitLimit:     8677876 kB
Committed_AS:   71862016 kB
VmallocTotal:   263061440 kB
VmallocUsed:      130644 kB
VmallocChunk:          0 kB
Percpu:             2520 kB
CmaTotal:         405504 kB
CmaFree:               0 kB
MemTotal:        7918584 kB
MemFree:          394364 kB
MemAvailable:    1794196 kB
Buffers:            5912 kB
Cached:          1285600 kB
SwapCached:        15348 kB
Active:          3749124 kB
Inactive:        1189840 kB
Active(anon):    3055532 kB
Inactive(anon):   618948 kB
Active(file):     693592 kB
Inactive(file):   570892 kB
Unevictable:        6544 kB
Mlocked:            6104 kB
SwapTotal:       4718584 kB
SwapFree:        3354656 kB
Dirty:               912 kB
Writeback:             0 kB
AnonPages:       3649324 kB
Mapped:           632200 kB
Shmem:             22220 kB
KReclaimable:     525572 kB
Slab:             325864 kB
SReclaimable:      96288 kB
SUnreclaim:       229576 kB
KernelStack:       48080 kB
ShadowCallStack:   12052 kB
PageTables:        77760 kB
NFS_Unstable:          0 kB
Bounce:                0 kB
WritebackTmp:          0 kB
CommitLimit:     8677876 kB
Committed_AS:   71993092 kB
VmallocTotal:   263061440 kB
VmallocUsed:      130648 kB
VmallocChunk:          0 kB
Percpu:             2520 kB
CmaTotal:         405504 kB
CmaFree:               0 kB
MemTotal:        7918584 kB
MemFree:          382720 kB
MemAvailable:    1782376 kB
Buffers:            5912 kB
Cached:          1285608 kB
SwapCached:        15348 kB
Active:          3760436 kB
Inactive:        1189840 kB
Active(anon):    3066844 kB
Inactive(anon):   618940 kB
Active(file):     693592 kB
Inactive(file):   570900 kB
Unevictable:        6544 kB
Mlocked:            6104 kB
SwapTotal:       4718584 kB
SwapFree:        3354656 kB
Dirty:               920 kB
Writeback:             0 kB
AnonPages:       3660680 kB
Mapped:           632260 kB
Shmem:             22220 kB
KReclaimable:     525388 kB
Slab:             325948 kB
SReclaimable:      96288 kB
SUnreclaim:       229660 kB
KernelStack:       48032 kB
ShadowCallStack:   12052 kB
PageTables:        77908 kB
NFS_Unstable:          0 kB
Bounce:                0 kB
WritebackTmp:          0 kB
CommitLimit:     8677876 kB
Committed_AS:   72025704 kB
VmallocTotal:   263061440 kB
VmallocUsed:      130592 kB
VmallocChunk:          0 kB
Percpu:             2520 kB
CmaTotal:         405504 kB
CmaFree:               0 kB
MemTotal:        7918584 kB
MemFree:          361412 kB
MemAvailable:    1760836 kB
Buffers:            5912 kB
Cached:          1285608 kB
SwapCached:        15348 kB
Active:          3782164 kB
Inactive:        1189840 kB
Active(anon):    3088572 kB
Inactive(anon):   618940 kB
Active(file):     693592 kB
Inactive(file):   570900 kB
Unevictable:        6544 kB
Mlocked:            6104 kB
SwapTotal:       4718584 kB
SwapFree:        3354656 kB
Dirty:               928 kB
Writeback:             0 kB
AnonPages:       3682304 kB
Mapped:           632404 kB
Shmem:             22220 kB
KReclaimable:     525156 kB
Slab:             325844 kB
SReclaimable:      96288 kB
SUnreclaim:       229556 kB
KernelStack:       48032 kB
ShadowCallStack:   12032 kB
PageTables:        77980 kB
NFS_Unstable:          0 kB
Bounce:                0 kB
WritebackTmp:          0 kB
CommitLimit:     8677876 kB
Committed_AS:   72074860 kB
VmallocTotal:   263061440 kB
VmallocUsed:      130588 kB
VmallocChunk:          0 kB
Percpu:             2520 kB
CmaTotal:         405504 kB
CmaFree:               0 kB
MemTotal:        7918584 kB
MemFree:          312860 kB
MemAvailable:    1711420 kB
Buffers:            5912 kB
Cached:          1285608 kB
SwapCached:        15348 kB
Active:          3831844 kB
Inactive:        1189840 kB
Active(anon):    3138252 kB
Inactive(anon):   618940 kB
Active(file):     693592 kB
Inactive(file):   570900 kB
Unevictable:        6544 kB
Mlocked:            6104 kB
SwapTotal:       4718584 kB
SwapFree:        3354656 kB
Dirty:               928 kB
Writeback:             0 kB
AnonPages:       3732068 kB
Mapped:           633016 kB
Shmem:             22220 kB
KReclaimable:     524292 kB
Slab:             325940 kB
SReclaimable:      96288 kB
SUnreclaim:       229652 kB
KernelStack:       48016 kB
ShadowCallStack:   12044 kB
PageTables:        78216 kB
NFS_Unstable:          0 kB
Bounce:                0 kB
WritebackTmp:          0 kB
CommitLimit:     8677876 kB
Committed_AS:   72189552 kB
VmallocTotal:   263061440 kB
VmallocUsed:      130584 kB
VmallocChunk:          0 kB
Percpu:             2520 kB
CmaTotal:         405504 kB
CmaFree:               0 kB
MemTotal:        7918584 kB
MemFree:          311320 kB
MemAvailable:    1709872 kB
Buffers:            5912 kB
Cached:          1285608 kB
SwapCached:        15348 kB
Active:          3832444 kB
Inactive:        1189840 kB
Active(anon):    3138852 kB
Inactive(anon):   618940 kB
Active(file):     693592 kB
Inactive(file):   570900 kB
Unevictable:        6544 kB
Mlocked:            6104 kB
SwapTotal:       4718584 kB
SwapFree:        3354656 kB
Dirty:               928 kB
Writeback:             0 kB
AnonPages:       3732636 kB
Mapped:           632956 kB
Shmem:             22220 kB
KReclaimable:     524284 kB
Slab:             325944 kB
SReclaimable:      96288 kB
SUnreclaim:       229656 kB
KernelStack:       48016 kB
ShadowCallStack:   12032 kB
PageTables:        78212 kB
NFS_Unstable:          0 kB
Bounce:                0 kB
WritebackTmp:          0 kB
CommitLimit:     8677876 kB
Committed_AS:   72189552 kB
VmallocTotal:   263061440 kB
VmallocUsed:      130588 kB
VmallocChunk:          0 kB
Percpu:             2520 kB
CmaTotal:         405504 kB
CmaFree:               4 kB
MemTotal:        7918584 kB
MemFree:          254112 kB
MemAvailable:    1659664 kB
Buffers:            5972 kB
Cached:          1293180 kB
SwapCached:        15348 kB
Active:          3886120 kB
Inactive:        1191536 kB
Active(anon):    3186796 kB
Inactive(anon):   618800 kB
Active(file):     699324 kB
Inactive(file):   572736 kB
Unevictable:        6544 kB
Mlocked:            6104 kB
SwapTotal:       4718584 kB
SwapFree:        3356192 kB
Dirty:              1128 kB
Writeback:             0 kB
AnonPages:       3780564 kB
Mapped:           635248 kB
Shmem:             22284 kB
KReclaimable:     523716 kB
Slab:             325960 kB
SReclaimable:      96288 kB
SUnreclaim:       229672 kB
KernelStack:       48064 kB
ShadowCallStack:   12044 kB
PageTables:        78388 kB
NFS_Unstable:          0 kB
Bounce:                0 kB
WritebackTmp:          0 kB
CommitLimit:     8677876 kB
Committed_AS:   72304248 kB
VmallocTotal:   263061440 kB
VmallocUsed:      130576 kB
VmallocChunk:          0 kB
Percpu:             2520 kB
CmaTotal:         405504 kB
CmaFree:               0 kB
MemTotal:        7918584 kB
MemFree:          224076 kB
MemAvailable:    1628812 kB
Buffers:            5996 kB
Cached:          1293204 kB
SwapCached:        15348 kB
Active:          3916620 kB
Inactive:        1191584 kB
Active(anon):    3217296 kB
Inactive(anon):   618800 kB
Active(file):     699324 kB
Inactive(file):   572784 kB
Unevictable:        6544 kB
Mlocked:            6104 kB
SwapTotal:       4718584 kB
SwapFree:        3356448 kB
Dirty:              1096 kB
Writeback:             0 kB
AnonPages:       3810844 kB
Mapped:           635832 kB
Shmem:             22284 kB
KReclaimable:     522852 kB
Slab:             326096 kB
SReclaimable:      96288 kB
SUnreclaim:       229808 kB
KernelStack:       48032 kB
ShadowCallStack:   12040 kB
PageTables:        78540 kB
NFS_Unstable:          0 kB
Bounce:                0 kB
WritebackTmp:          0 kB
CommitLimit:     8677876 kB
Committed_AS:   72369684 kB
VmallocTotal:   263061440 kB
VmallocUsed:      130568 kB
VmallocChunk:          0 kB
Percpu:             2520 kB
CmaTotal:         405504 kB
CmaFree:               0 kB
MemTotal:        7918584 kB
MemFree:          222556 kB
MemAvailable:    1627164 kB
Buffers:            5996 kB
Cached:          1293204 kB
SwapCached:        15348 kB
Active:          3917784 kB
Inactive:        1191584 kB
Active(anon):    3218460 kB
Inactive(anon):   618800 kB
Active(file):     699324 kB
Inactive(file):   572784 kB
Unevictable:        6544 kB
Mlocked:            6104 kB
SwapTotal:       4718584 kB
SwapFree:        3356448 kB
Dirty:              1096 kB
Writeback:             0 kB
AnonPages:       3812100 kB
Mapped:           635900 kB
Shmem:             22284 kB
KReclaimable:     522724 kB
Slab:             326156 kB
SReclaimable:      96288 kB
SUnreclaim:       229868 kB
KernelStack:       48032 kB
ShadowCallStack:   12040 kB
PageTables:        78624 kB
NFS_Unstable:          0 kB
Bounce:                0 kB
WritebackTmp:          0 kB
CommitLimit:     8677876 kB
Committed_AS:   72386064 kB
VmallocTotal:   263061440 kB
VmallocUsed:      130552 kB
VmallocChunk:          0 kB
Percpu:             2520 kB
CmaTotal:         405504 kB
CmaFree:               8 kB
MemTotal:        7918584 kB
MemFree:          216116 kB
MemAvailable:    1611104 kB
Buffers:            5996 kB
Cached:          1293200 kB
SwapCached:        15348 kB
Active:          3791164 kB
Inactive:        1331680 kB
Active(anon):    3148012 kB
Inactive(anon):   702724 kB
Active(file):     643152 kB
Inactive(file):   628956 kB
Unevictable:        6544 kB
Mlocked:            6104 kB
SwapTotal:       4718584 kB
SwapFree:        3312928 kB
Dirty:              1012 kB
Writeback:             4 kB
AnonPages:       3825344 kB
Mapped:           636376 kB
Shmem:             22276 kB
KReclaimable:     513104 kB
Slab:             324068 kB
SReclaimable:      94192 kB
SUnreclaim:       229876 kB
KernelStack:       48032 kB
ShadowCallStack:   12032 kB
PageTables:        78888 kB
NFS_Unstable:          0 kB
Bounce:                0 kB
WritebackTmp:          0 kB
CommitLimit:     8677876 kB
Committed_AS:   72516980 kB
VmallocTotal:   263061440 kB
VmallocUsed:      130540 kB
VmallocChunk:          0 kB
Percpu:             2520 kB
CmaTotal:         405504 kB
CmaFree:               0 kB
MemTotal:        7918584 kB
MemFree:          218908 kB
MemAvailable:    1611664 kB
Buffers:            5996 kB
Cached:          1293196 kB
SwapCached:        15348 kB
Active:          3802540 kB
Inactive:        1318604 kB
Active(anon):    3159388 kB
Inactive(anon):   689648 kB
Active(file):     643152 kB
Inactive(file):   628956 kB
Unevictable:        6544 kB
Mlocked:            6104 kB
SwapTotal:       4718584 kB
SwapFree:        3299872 kB
Dirty:              1012 kB
Writeback:             0 kB
AnonPages:       3823736 kB
Mapped:           636552 kB
Shmem:             22276 kB
KReclaimable:     510872 kB
Slab:             324168 kB
SReclaimable:      94192 kB
SUnreclaim:       229976 kB
KernelStack:       47920 kB
ShadowCallStack:   12020 kB
PageTables:        78920 kB
NFS_Unstable:          0 kB
Bounce:                0 kB
WritebackTmp:          0 kB
CommitLimit:     8677876 kB
Committed_AS:   72516772 kB
VmallocTotal:   263061440 kB
VmallocUsed:      130428 kB
VmallocChunk:          0 kB
Percpu:             2520 kB
CmaTotal:         405504 kB
CmaFree:               4 kB
MemTotal:        7918584 kB
MemFree:          214900 kB
MemAvailable:    1605944 kB
Buffers:            5996 kB
Cached:          1293716 kB
SwapCached:        15348 kB
Active:          3824968 kB
Inactive:        1303296 kB
Active(anon):    3181296 kB
Inactive(anon):   674340 kB
Active(file):     643672 kB
Inactive(file):   628956 kB
Unevictable:        6544 kB
Mlocked:            6104 kB
SwapTotal:       4718584 kB
SwapFree:        3284512 kB
Dirty:              1012 kB
Writeback:             0 kB
AnonPages:       3830392 kB
Mapped:           636976 kB
Shmem:             22284 kB
KReclaimable:     508640 kB
Slab:             324040 kB
SReclaimable:      94192 kB
SUnreclaim:       229848 kB
KernelStack:       47888 kB
ShadowCallStack:   12004 kB
PageTables:        78608 kB
NFS_Unstable:          0 kB
Bounce:                0 kB
WritebackTmp:          0 kB
CommitLimit:     8677876 kB
Committed_AS:   72582312 kB
VmallocTotal:   263061440 kB
VmallocUsed:      130396 kB
VmallocChunk:          0 kB
Percpu:             2520 kB
CmaTotal:         405504 kB
CmaFree:               0 kB
MemTotal:        7918584 kB
MemFree:          216524 kB
MemAvailable:    1600176 kB
Buffers:            6004 kB
Cached:          1293724 kB
SwapCached:        15348 kB
Active:          3874664 kB
Inactive:        1257032 kB
Active(anon):    3230992 kB
Inactive(anon):   628068 kB
Active(file):     643672 kB
Inactive(file):   628964 kB
Unevictable:        6544 kB
Mlocked:            6104 kB
SwapTotal:       4718584 kB
SwapFree:        3238944 kB
Dirty:               716 kB
Writeback:             0 kB
AnonPages:       3833948 kB
Mapped:           637580 kB
Shmem:             22284 kB
KReclaimable:     501240 kB
Slab:             324324 kB
SReclaimable:      94192 kB
SUnreclaim:       230132 kB
KernelStack:       47952 kB
ShadowCallStack:   12012 kB
PageTables:        79208 kB
NFS_Unstable:          0 kB
Bounce:                0 kB
WritebackTmp:          0 kB
CommitLimit:     8677876 kB
Committed_AS:   72697008 kB
VmallocTotal:   263061440 kB
VmallocUsed:      130428 kB
VmallocChunk:          0 kB
Percpu:             2520 kB
CmaTotal:         405504 kB
CmaFree:               0 kB
MemTotal:        7918584 kB
MemFree:          215436 kB
MemAvailable:    1599088 kB
Buffers:            6004 kB
Cached:          1293724 kB
SwapCached:        15348 kB
Active:          3876728 kB
Inactive:        1257036 kB
Active(anon):    3233056 kB
Inactive(anon):   628072 kB
Active(file):     643672 kB
Inactive(file):   628964 kB
Unevictable:        6544 kB
Mlocked:            6104 kB
SwapTotal:       4718584 kB
SwapFree:        3238944 kB
Dirty:               716 kB
Writeback:             0 kB
AnonPages:       3835940 kB
Mapped:           637424 kB
Shmem:             22284 kB
KReclaimable:     501240 kB
Slab:             324268 kB
SReclaimable:      94192 kB
SUnreclaim:       230076 kB
KernelStack:       47904 kB
ShadowCallStack:   12004 kB
PageTables:        79264 kB
NFS_Unstable:          0 kB
Bounce:                0 kB
WritebackTmp:          0 kB
CommitLimit:     8677876 kB
Committed_AS:   72697004 kB
VmallocTotal:   263061440 kB
VmallocUsed:      130412 kB
VmallocChunk:          0 kB
Percpu:             2520 kB
CmaTotal:         405504 kB
CmaFree:               0 kB
MemTotal:        7918584 kB
MemFree:          215580 kB
MemAvailable:    1592920 kB
Buffers:            6012 kB
Cached:          1293712 kB
SwapCached:        15352 kB
Active:          3919696 kB
Inactive:        1216988 kB
Active(anon):    3276024 kB
Inactive(anon):   588016 kB
Active(file):     643672 kB
Inactive(file):   628972 kB
Unevictable:        6544 kB
Mlocked:            6104 kB
SwapTotal:       4718584 kB
SwapFree:        3200288 kB
Dirty:               776 kB
Writeback:             0 kB
AnonPages:       3838864 kB
Mapped:           637908 kB
Shmem:             22280 kB
KReclaimable:     494920 kB
Slab:             324284 kB
SReclaimable:      94192 kB
SUnreclaim:       230092 kB
KernelStack:       47904 kB
ShadowCallStack:   12004 kB
PageTables:        79248 kB
NFS_Unstable:          0 kB
Bounce:                0 kB
WritebackTmp:          0 kB
CommitLimit:     8677876 kB
Committed_AS:   72795308 kB
VmallocTotal:   263061440 kB
VmallocUsed:      130436 kB
VmallocChunk:          0 kB
Percpu:             2520 kB
CmaTotal:         405504 kB
CmaFree:               0 kB
MemTotal:        7918584 kB
MemFree:          223200 kB
MemAvailable:    1595996 kB
Buffers:            6012 kB
Cached:          1293720 kB
SwapCached:        15348 kB
Active:          3949840 kB
Inactive:        1190988 kB
Active(anon):    3306168 kB
Inactive(anon):   562016 kB
Active(file):     643672 kB
Inactive(file):   628972 kB
Unevictable:        6544 kB
Mlocked:            6104 kB
SwapTotal:       4718584 kB
SwapFree:        3173920 kB
Dirty:               708 kB
Writeback:             0 kB
AnonPages:       3842876 kB
Mapped:           638332 kB
Shmem:             22280 kB
KReclaimable:     490376 kB
Slab:             324496 kB
SReclaimable:      94192 kB
SUnreclaim:       230304 kB
KernelStack:       47984 kB
ShadowCallStack:   12012 kB
PageTables:        79836 kB
NFS_Unstable:          0 kB
Bounce:                0 kB
WritebackTmp:          0 kB
CommitLimit:     8677876 kB
Committed_AS:   72844460 kB
VmallocTotal:   263061440 kB
VmallocUsed:      130428 kB
VmallocChunk:          0 kB
Percpu:             2520 kB
CmaTotal:         405504 kB
CmaFree:              96 kB
MemTotal:        7918584 kB
MemFree:          222420 kB
MemAvailable:    1594876 kB
Buffers:            6012 kB
Cached:          1293724 kB
SwapCached:        15348 kB
Active:          3952052 kB
Inactive:        1190996 kB
Active(anon):    3308380 kB
Inactive(anon):   562020 kB
Active(file):     643672 kB
Inactive(file):   628976 kB
Unevictable:        6544 kB
Mlocked:            6104 kB
SwapTotal:       4718584 kB
SwapFree:        3173920 kB
Dirty:               712 kB
Writeback:             0 kB
AnonPages:       3845224 kB
Mapped:           638380 kB
Shmem:             22280 kB
KReclaimable:     490032 kB
Slab:             324392 kB
SReclaimable:      94192 kB
SUnreclaim:       230200 kB
KernelStack:       47904 kB
ShadowCallStack:   12008 kB
PageTables:        79480 kB
NFS_Unstable:          0 kB
Bounce:                0 kB
WritebackTmp:          0 kB
CommitLimit:     8677876 kB
Committed_AS:   72844460 kB
VmallocTotal:   263061440 kB
VmallocUsed:      130420 kB
VmallocChunk:          0 kB
Percpu:             2520 kB
CmaTotal:         405504 kB
CmaFree:               0 kB
MemTotal:        7918584 kB
MemFree:          217960 kB
MemAvailable:    1583696 kB
Buffers:            6020 kB
Cached:          1293708 kB
SwapCached:        15348 kB
Active:          4009608 kB
Inactive:        1141836 kB
Active(anon):    3365936 kB
Inactive(anon):   512852 kB
Active(file):     643672 kB
Inactive(file):   628984 kB
Unevictable:        6544 kB
Mlocked:            6104 kB
SwapTotal:       4718584 kB
SwapFree:        3125024 kB
Dirty:               724 kB
Writeback:             4 kB
AnonPages:       3853880 kB
Mapped:           638760 kB
Shmem:             22264 kB
KReclaimable:     483304 kB
Slab:             324648 kB
SReclaimable:      94192 kB
SUnreclaim:       230456 kB
KernelStack:       47920 kB
ShadowCallStack:   12012 kB
PageTables:        80092 kB
NFS_Unstable:          0 kB
Bounce:                0 kB
WritebackTmp:          0 kB
CommitLimit:     8677876 kB
Committed_AS:   72991916 kB
VmallocTotal:   263061440 kB
VmallocUsed:      130428 kB
VmallocChunk:          0 kB
Percpu:             2520 kB
CmaTotal:         405504 kB
CmaFree:               0 kB
MemTotal:        7918584 kB
MemFree:          221320 kB
MemAvailable:    1584688 kB
Buffers:            6020 kB
Cached:          1293708 kB
SwapCached:        15348 kB
Active:          4021104 kB
Inactive:        1129352 kB
Active(anon):    3377432 kB
Inactive(anon):   500368 kB
Active(file):     643672 kB
Inactive(file):   628984 kB
Unevictable:        6544 kB
Mlocked:            6104 kB
SwapTotal:       4718584 kB
SwapFree:        3112736 kB
Dirty:               332 kB
Writeback:             0 kB
AnonPages:       3852808 kB
Mapped:           638872 kB
Shmem:             22264 kB
KReclaimable:     480936 kB
Slab:             324616 kB
SReclaimable:      94192 kB
SUnreclaim:       230424 kB
KernelStack:       47888 kB
ShadowCallStack:   12012 kB
PageTables:        79760 kB
NFS_Unstable:          0 kB
Bounce:                0 kB
WritebackTmp:          0 kB
CommitLimit:     8677876 kB
Committed_AS:   73008300 kB
VmallocTotal:   263061440 kB
VmallocUsed:      130412 kB
VmallocChunk:          0 kB
Percpu:             2520 kB
CmaTotal:         405504 kB
CmaFree:               0 kB
MemTotal:        7918584 kB
MemFree:          218052 kB
MemAvailable:    1457684 kB
Buffers:            6028 kB
Cached:          1293760 kB
SwapCached:        15348 kB
Active:          4080616 kB
Inactive:        1073416 kB
Active(anon):    3436944 kB
Inactive(anon):   444424 kB
Active(file):     643672 kB
Inactive(file):   628992 kB
Unevictable:        6544 kB
Mlocked:            6104 kB
SwapTotal:       4718584 kB
SwapFree:        3056928 kB
Dirty:               256 kB
Writeback:             0 kB
AnonPages:       3856204 kB
Mapped:           639900 kB
Shmem:             22316 kB
KReclaimable:     357192 kB
Slab:             324992 kB
SReclaimable:      94192 kB
SUnreclaim:       230800 kB
KernelStack:       48032 kB
ShadowCallStack:   12040 kB
PageTables:        80020 kB
NFS_Unstable:          0 kB
Bounce:                0 kB
WritebackTmp:          0 kB
CommitLimit:     8677876 kB
Committed_AS:   73074232 kB
VmallocTotal:   263061440 kB
VmallocUsed:      130580 kB
VmallocChunk:          0 kB
Percpu:             2520 kB
CmaTotal:         405504 kB
CmaFree:               0 kB
MemTotal:        7918584 kB
MemFree:          217968 kB
MemAvailable:    1445016 kB
Buffers:            6028 kB
Cached:          1293792 kB
SwapCached:        15348 kB
Active:          4127204 kB
Inactive:        1030528 kB
Active(anon):    3483532 kB
Inactive(anon):   401536 kB
Active(file):     643672 kB
Inactive(file):   628992 kB
Unevictable:        6544 kB
Mlocked:            6104 kB
SwapTotal:       4718584 kB
SwapFree:        3014944 kB
Dirty:               256 kB
Writeback:             0 kB
AnonPages:       3859804 kB
Mapped:           640160 kB
Shmem:             22352 kB
KReclaimable:     344608 kB
Slab:             325084 kB
SReclaimable:      94192 kB
SUnreclaim:       230892 kB
KernelStack:       48000 kB
ShadowCallStack:   12028 kB
PageTables:        80040 kB
NFS_Unstable:          0 kB
Bounce:                0 kB
WritebackTmp:          0 kB
CommitLimit:     8677876 kB
Committed_AS:   73172536 kB
VmallocTotal:   263061440 kB
VmallocUsed:      130604 kB
VmallocChunk:          0 kB
Percpu:             2520 kB
CmaTotal:         405504 kB
CmaFree:               0 kB
MemTotal:        7918584 kB
MemFree:          252308 kB
MemAvailable:    1609380 kB
Buffers:            6028 kB
Cached:          1293656 kB
SwapCached:        15348 kB
Active:          4092592 kB
Inactive:        1030440 kB
Active(anon):    3448920 kB
Inactive(anon):   401448 kB
Active(file):     643672 kB
Inactive(file):   628992 kB
Unevictable:        6544 kB
Mlocked:            6104 kB
SwapTotal:       4718584 kB
SwapFree:        3014944 kB
Dirty:               268 kB
Writeback:             0 kB
AnonPages:       3825396 kB
Mapped:           639524 kB
Shmem:             22212 kB
KReclaimable:     474632 kB
Slab:             325016 kB
SReclaimable:      94192 kB
SUnreclaim:       230824 kB
KernelStack:       47936 kB
ShadowCallStack:   12016 kB
PageTables:        79948 kB
NFS_Unstable:          0 kB
Bounce:                0 kB
WritebackTmp:          0 kB
CommitLimit:     8677876 kB
Committed_AS:   73172140 kB
VmallocTotal:   263061440 kB
VmallocUsed:      130412 kB
VmallocChunk:          0 kB
Percpu:             2520 kB
CmaTotal:         405504 kB
CmaFree:               0 kB
MemTotal:        7918584 kB
MemFree:          219840 kB
MemAvailable:    1575680 kB
Buffers:            6036 kB
Cached:          1293904 kB
SwapCached:        15348 kB
Active:          4134668 kB
Inactive:        1021528 kB
Active(anon):    3490752 kB
Inactive(anon):   392528 kB
Active(file):     643916 kB
Inactive(file):   629000 kB
Unevictable:        6544 kB
Mlocked:            6104 kB
SwapTotal:       4718584 kB
SwapFree:        3006240 kB
Dirty:               320 kB
Writeback:             4 kB
AnonPages:       3858092 kB
Mapped:           639852 kB
Shmem:             22212 kB
KReclaimable:     473148 kB
Slab:             324932 kB
SReclaimable:      94192 kB
SUnreclaim:       230740 kB
KernelStack:       47936 kB
ShadowCallStack:   12008 kB
PageTables:        80420 kB
NFS_Unstable:          0 kB
Bounce:                0 kB
WritebackTmp:          0 kB
CommitLimit:     8677876 kB
Committed_AS:   73286828 kB
VmallocTotal:   263061440 kB
VmallocUsed:      130428 kB
VmallocChunk:          0 kB
Percpu:             2520 kB
CmaTotal:         405504 kB
CmaFree:               0 kB
MemTotal:        7918584 kB
MemFree:          219016 kB
MemAvailable:    1570684 kB
Buffers:            6036 kB
Cached:          1293900 kB
SwapCached:        15348 kB
Active:          4164008 kB
Inactive:         994524 kB
Active(anon):    3520092 kB
Inactive(anon):   365524 kB
Active(file):     643916 kB
Inactive(file):   629000 kB
Unevictable:        6544 kB
Mlocked:            6104 kB
SwapTotal:       4718584 kB
SwapFree:        2979616 kB
Dirty:                84 kB
Writeback:             0 kB
AnonPages:       3860576 kB
Mapped:           639988 kB
Shmem:             22212 kB
KReclaimable:     468976 kB
Slab:             325004 kB
SReclaimable:      94224 kB
SUnreclaim:       230780 kB
KernelStack:       47920 kB
ShadowCallStack:   11996 kB
PageTables:        80360 kB
NFS_Unstable:          0 kB
Bounce:                0 kB
WritebackTmp:          0 kB
CommitLimit:     8677876 kB
Committed_AS:   73352368 kB
VmallocTotal:   263061440 kB
VmallocUsed:      130412 kB
VmallocChunk:          0 kB
Percpu:             2520 kB
CmaTotal:         405504 kB
CmaFree:               0 kB
MemTotal:        7918584 kB
MemFree:          218008 kB
MemAvailable:    1569372 kB
Buffers:            6044 kB
Cached:          1293900 kB
SwapCached:        15352 kB
Active:          4166164 kB
Inactive:         994532 kB
Active(anon):    3522248 kB
Inactive(anon):   365524 kB
Active(file):     643916 kB
Inactive(file):   629008 kB
Unevictable:        6544 kB
Mlocked:            6104 kB
SwapTotal:       4718584 kB
SwapFree:        2979616 kB
Dirty:               120 kB
Writeback:             0 kB
AnonPages:       3862672 kB
Mapped:           640316 kB
Shmem:             22212 kB
KReclaimable:     468664 kB
Slab:             325148 kB
SReclaimable:      94224 kB
SUnreclaim:       230924 kB
KernelStack:       47904 kB
ShadowCallStack:   12016 kB
PageTables:        80464 kB
NFS_Unstable:          0 kB
Bounce:                0 kB
WritebackTmp:          0 kB
CommitLimit:     8677876 kB
Committed_AS:   73352364 kB
VmallocTotal:   263061440 kB
VmallocUsed:      130432 kB
VmallocChunk:          0 kB
Percpu:             2520 kB
CmaTotal:         405504 kB
CmaFree:              44 kB
MemTotal:        7918584 kB
MemFree:          216416 kB
MemAvailable:    1560556 kB
Buffers:            6044 kB
Cached:          1293896 kB
SwapCached:        15352 kB
Active:          4222420 kB
Inactive:         943204 kB
Active(anon):    3578504 kB
Inactive(anon):   314196 kB
Active(file):     643916 kB
Inactive(file):   629008 kB
Unevictable:        6544 kB
Mlocked:            6104 kB
SwapTotal:       4718584 kB
SwapFree:        2928416 kB
Dirty:               120 kB
Writeback:             0 kB
AnonPages:       3867312 kB
Mapped:           640712 kB
Shmem:             22216 kB
KReclaimable:     461440 kB
Slab:             325304 kB
SReclaimable:      94352 kB
SUnreclaim:       230952 kB
KernelStack:       47904 kB
ShadowCallStack:   12004 kB
PageTables:        80468 kB
NFS_Unstable:          0 kB
Bounce:                0 kB
WritebackTmp:          0 kB
CommitLimit:     8677876 kB
Committed_AS:   73499824 kB
VmallocTotal:   263061440 kB
VmallocUsed:      130460 kB
VmallocChunk:          0 kB
Percpu:             2520 kB
CmaTotal:         405504 kB
CmaFree:               0 kB
MemTotal:        7918584 kB
MemFree:          218356 kB
MemAvailable:    1560760 kB
Buffers:            6044 kB
Cached:          1293904 kB
SwapCached:        15352 kB
Active:          4236320 kB
Inactive:         930088 kB
Active(anon):    3592404 kB
Inactive(anon):   301080 kB
Active(file):     643916 kB
Inactive(file):   629008 kB
Unevictable:        6544 kB
Mlocked:            6104 kB
SwapTotal:       4718584 kB
SwapFree:        2915616 kB
Dirty:               120 kB
Writeback:             0 kB
AnonPages:       3868480 kB
Mapped:           640796 kB
Shmem:             22216 kB
KReclaimable:     459704 kB
Slab:             325420 kB
SReclaimable:      94368 kB
SUnreclaim:       231052 kB
KernelStack:       47920 kB
ShadowCallStack:   12012 kB
PageTables:        80816 kB
NFS_Unstable:          0 kB
Bounce:                0 kB
WritebackTmp:          0 kB
CommitLimit:     8677876 kB
Committed_AS:   73516208 kB
VmallocTotal:   263061440 kB
VmallocUsed:      130408 kB
VmallocChunk:          0 kB
Percpu:             2520 kB
CmaTotal:         405504 kB
CmaFree:               0 kB
MemTotal:        7918584 kB
MemFree:          215300 kB
MemAvailable:    1555472 kB
Buffers:            6052 kB
Cached:          1293892 kB
SwapCached:        15352 kB
Active:          4258076 kB
Inactive:         910880 kB
Active(anon):    3614160 kB
Inactive(anon):   281872 kB
Active(file):     643916 kB
Inactive(file):   629008 kB
Unevictable:        6544 kB
Mlocked:            6104 kB
SwapTotal:       4718584 kB
SwapFree:        2896416 kB
Dirty:               132 kB
Writeback:             0 kB
AnonPages:       3870792 kB
Mapped:           640992 kB
Shmem:             22216 kB
KReclaimable:     457472 kB
Slab:             325548 kB
SReclaimable:      94432 kB
SUnreclaim:       231116 kB
KernelStack:       47920 kB
ShadowCallStack:   12016 kB
PageTables:        80868 kB
NFS_Unstable:          0 kB
Bounce:                0 kB
WritebackTmp:          0 kB
CommitLimit:     8677876 kB
Committed_AS:   73565360 kB
VmallocTotal:   263061440 kB
VmallocUsed:      130396 kB
VmallocChunk:          0 kB
Percpu:             2520 kB
CmaTotal:         405504 kB
CmaFree:               0 kB
MemTotal:        7918584 kB
MemFree:          215108 kB
MemAvailable:    1546048 kB
Buffers:            6052 kB
Cached:          1293880 kB
SwapCached:        15352 kB
Active:          4314028 kB
Inactive:         862720 kB
Active(anon):    3670112 kB
Inactive(anon):   233704 kB
Active(file):     643916 kB
Inactive(file):   629016 kB
Unevictable:        6544 kB
Mlocked:            6104 kB
SwapTotal:       4718584 kB
SwapFree:        2855456 kB
Dirty:                52 kB
Writeback:             0 kB
AnonPages:       3878740 kB
Mapped:           641456 kB
Shmem:             22192 kB
KReclaimable:     448232 kB
Slab:             325700 kB
SReclaimable:      94496 kB
SUnreclaim:       231204 kB
KernelStack:       47952 kB
ShadowCallStack:   12012 kB
PageTables:        81284 kB
NFS_Unstable:          0 kB
Bounce:                0 kB
WritebackTmp:          0 kB
CommitLimit:     8677876 kB
Committed_AS:   73663664 kB
VmallocTotal:   263061440 kB
VmallocUsed:      130428 kB
VmallocChunk:          0 kB
Percpu:             2520 kB
CmaTotal:         405504 kB
CmaFree:               8 kB
MemTotal:        7918584 kB
MemFree:          218856 kB
MemAvailable:    1549212 kB
Buffers:            6052 kB
Cached:          1293880 kB
SwapCached:        15352 kB
Active:          4314984 kB
Inactive:         858412 kB
Active(anon):    3671068 kB
Inactive(anon):   229396 kB
Active(file):     643916 kB
Inactive(file):   629016 kB
Unevictable:        6544 kB
Mlocked:            6104 kB
SwapTotal:       4718584 kB
SwapFree:        2851872 kB
Dirty:                52 kB
Writeback:             0 kB
AnonPages:       3875472 kB
