MemTotal:        7918588 kB
MemFree:         3407944 kB
MemAvailable:    4641216 kB
Buffers:            4564 kB
Cached:          1229084 kB
SwapCached:        10328 kB
Active:           869816 kB
Inactive:         996340 kB
Active(anon):     567540 kB
Inactive(anon):    85336 kB
Active(file):     302276 kB
Inactive(file):   911004 kB
Unevictable:        6224 kB
Mlocked:            5784 kB
SwapTotal:       4718584 kB
SwapFree:        3663096 kB
Dirty:            156652 kB
Writeback:             0 kB
AnonPages:        634264 kB
Mapped:           436684 kB
Shmem:             15716 kB
KReclaimable:     492136 kB
Slab:             319052 kB
SReclaimable:      89244 kB
SUnreclaim:       229808 kB
KernelStack:       50400 kB
ShadowCallStack:   12624 kB
PageTables:        66900 kB
NFS_Unstable:          0 kB
Bounce:                0 kB
WritebackTmp:          0 kB
CommitLimit:     8677876 kB
Committed_AS:   69016288 kB
VmallocTotal:   263061440 kB
VmallocUsed:      133776 kB
VmallocChunk:          0 kB
Percpu:             2448 kB
CmaTotal:         405504 kB
CmaFree:          307404 kB
MemTotal:        7918588 kB
MemFree:         3399196 kB
MemAvailable:    4855148 kB
Buffers:            4636 kB
Cached:          1231828 kB
SwapCached:        10416 kB
Active:           877648 kB
Inactive:         996788 kB
Active(anon):     573428 kB
Inactive(anon):    85340 kB
Active(file):     304220 kB
Inactive(file):   911448 kB
Unevictable:        6224 kB
Mlocked:            5784 kB
SwapTotal:       4718584 kB
SwapFree:        3663608 kB
Dirty:            156820 kB
Writeback:             8 kB
AnonPages:        639392 kB
Mapped:           470336 kB
Shmem:             16144 kB
KReclaimable:     712428 kB
Slab:             318744 kB
SReclaimable:      89136 kB
SUnreclaim:       229608 kB
KernelStack:       50960 kB
ShadowCallStack:   12804 kB
PageTables:        67408 kB
NFS_Unstable:          0 kB
Bounce:                0 kB
WritebackTmp:          0 kB
CommitLimit:     8677876 kB
Committed_AS:   69062504 kB
VmallocTotal:   263061440 kB
VmallocUsed:      134476 kB
VmallocChunk:          0 kB
Percpu:             2448 kB
CmaTotal:         405504 kB
CmaFree:          307404 kB
MemTotal:        7918588 kB
MemFree:         3372128 kB
MemAvailable:    4611928 kB
Buffers:            4660 kB
Cached:          1231972 kB
SwapCached:        10424 kB
Active:           903400 kB
Inactive:         996896 kB
Active(anon):     599172 kB
Inactive(anon):    85332 kB
Active(file):     304228 kB
Inactive(file):   911564 kB
Unevictable:        6224 kB
Mlocked:            5784 kB
SwapTotal:       4718584 kB
SwapFree:        3663608 kB
Dirty:            156936 kB
Writeback:             0 kB
AnonPages:        665192 kB
Mapped:           481240 kB
Shmem:             16188 kB
KReclaimable:     496152 kB
Slab:             319032 kB
SReclaimable:      89152 kB
SUnreclaim:       229880 kB
KernelStack:       50960 kB
ShadowCallStack:   12764 kB
PageTables:        67800 kB
NFS_Unstable:          0 kB
Bounce:                0 kB
WritebackTmp:          0 kB
CommitLimit:     8677876 kB
Committed_AS:   69086480 kB
VmallocTotal:   263061440 kB
VmallocUsed:      134536 kB
VmallocChunk:          0 kB
Percpu:             2448 kB
CmaTotal:         405504 kB
CmaFree:          307404 kB
MemTotal:        7918588 kB
MemFree:         3367812 kB
MemAvailable:    4606844 kB
Buffers:            4660 kB
Cached:          1231972 kB
SwapCached:        10424 kB
Active:           906876 kB
Inactive:         996896 kB
Active(anon):     602648 kB
Inactive(anon):    85332 kB
Active(file):     304228 kB
Inactive(file):   911564 kB
Unevictable:        6224 kB
Mlocked:            5784 kB
SwapTotal:       4718584 kB
SwapFree:        3663608 kB
Dirty:            156944 kB
Writeback:             0 kB
AnonPages:        668712 kB
Mapped:           481856 kB
Shmem:             16188 kB
KReclaimable:     495384 kB
Slab:             319040 kB
SReclaimable:      89152 kB
SUnreclaim:       229888 kB
KernelStack:       50960 kB
ShadowCallStack:   12764 kB
PageTables:        67832 kB
NFS_Unstable:          0 kB
Bounce:                0 kB
WritebackTmp:          0 kB
CommitLimit:     8677876 kB
Committed_AS:   69086528 kB
VmallocTotal:   263061440 kB
VmallocUsed:      134552 kB
VmallocChunk:          0 kB
Percpu:             2448 kB
CmaTotal:         405504 kB
CmaFree:          307404 kB
MemTotal:        7918588 kB
MemFree:         3362776 kB
MemAvailable:    4602856 kB
Buffers:            4660 kB
Cached:          1233136 kB
SwapCached:        10428 kB
Active:           913444 kB
Inactive:         996888 kB
Active(anon):     608144 kB
Inactive(anon):    85316 kB
Active(file):     305300 kB
Inactive(file):   911572 kB
Unevictable:        6224 kB
Mlocked:            5784 kB
SwapTotal:       4718584 kB
SwapFree:        3666424 kB
Dirty:            156976 kB
Writeback:             0 kB
AnonPages:        674016 kB
Mapped:           483372 kB
Shmem:             16272 kB
KReclaimable:     495352 kB
Slab:             319064 kB
SReclaimable:      89168 kB
SUnreclaim:       229896 kB
KernelStack:       50928 kB
ShadowCallStack:   12756 kB
PageTables:        67904 kB
NFS_Unstable:          0 kB
Bounce:                0 kB
WritebackTmp:          0 kB
CommitLimit:     8677876 kB
Committed_AS:   69086444 kB
VmallocTotal:   263061440 kB
VmallocUsed:      134508 kB
VmallocChunk:          0 kB
Percpu:             2448 kB
CmaTotal:         405504 kB
CmaFree:          308140 kB
MemTotal:        7918588 kB
MemFree:         3361964 kB
MemAvailable:    4603488 kB
Buffers:            4660 kB
Cached:          1234608 kB
SwapCached:        10428 kB
Active:           914616 kB
Inactive:         996556 kB
Active(anon):     607880 kB
Inactive(anon):    84976 kB
Active(file):     306736 kB
Inactive(file):   911580 kB
Unevictable:        6224 kB
Mlocked:            5784 kB
SwapTotal:       4718584 kB
SwapFree:        3671032 kB
Dirty:            156984 kB
Writeback:             0 kB
AnonPages:        673360 kB
Mapped:           484852 kB
Shmem:             16300 kB
KReclaimable:     495352 kB
Slab:             319060 kB
SReclaimable:      89168 kB
SUnreclaim:       229892 kB
KernelStack:       50944 kB
ShadowCallStack:   12760 kB
PageTables:        67792 kB
NFS_Unstable:          0 kB
Bounce:                0 kB
WritebackTmp:          0 kB
CommitLimit:     8677876 kB
Committed_AS:   69086444 kB
VmallocTotal:   263061440 kB
VmallocUsed:      134500 kB
VmallocChunk:          0 kB
Percpu:             2448 kB
CmaTotal:         405504 kB
CmaFree:          308140 kB
MemTotal:        7918588 kB
MemFree:         3342872 kB
MemAvailable:    4584396 kB
Buffers:            4668 kB
Cached:          1234600 kB
SwapCached:        10428 kB
Active:           934704 kB
Inactive:         996560 kB
Active(anon):     627968 kB
Inactive(anon):    84980 kB
Active(file):     306736 kB
Inactive(file):   911580 kB
Unevictable:        6224 kB
Mlocked:            5784 kB
SwapTotal:       4718584 kB
SwapFree:        3671032 kB
Dirty:             17988 kB
Writeback:           244 kB
AnonPages:        693372 kB
Mapped:           486412 kB
Shmem:             16300 kB
KReclaimable:     495352 kB
Slab:             319032 kB
SReclaimable:      89168 kB
SUnreclaim:       229864 kB
KernelStack:       50944 kB
ShadowCallStack:   12792 kB
PageTables:        67688 kB
NFS_Unstable:          0 kB
Bounce:                0 kB
WritebackTmp:          0 kB
CommitLimit:     8677876 kB
Committed_AS:   69106680 kB
VmallocTotal:   263061440 kB
VmallocUsed:      134516 kB
VmallocChunk:          0 kB
Percpu:             2448 kB
CmaTotal:         405504 kB
CmaFree:          308140 kB
MemTotal:        7918588 kB
MemFree:         3263404 kB
MemAvailable:    4504940 kB
Buffers:            4672 kB
Cached:          1234608 kB
SwapCached:        10428 kB
Active:          1013708 kB
Inactive:         996568 kB
Active(anon):     706972 kB
Inactive(anon):    84976 kB
Active(file):     306736 kB
Inactive(file):   911592 kB
Unevictable:        6224 kB
Mlocked:            5784 kB
SwapTotal:       4718584 kB
SwapFree:        3671032 kB
Dirty:             17724 kB
Writeback:             0 kB
AnonPages:        772344 kB
Mapped:           498896 kB
Shmem:             16300 kB
KReclaimable:     495352 kB
Slab:             318972 kB
SReclaimable:      89168 kB
SUnreclaim:       229804 kB
KernelStack:       50912 kB
ShadowCallStack:   12764 kB
PageTables:        68124 kB
NFS_Unstable:          0 kB
Bounce:                0 kB
WritebackTmp:          0 kB
CommitLimit:     8677876 kB
Committed_AS:   69269620 kB
VmallocTotal:   263061440 kB
VmallocUsed:      134500 kB
VmallocChunk:          0 kB
Percpu:             2448 kB
CmaTotal:         405504 kB
CmaFree:          308132 kB
MemTotal:        7918588 kB
MemFree:         3131164 kB
MemAvailable:    4304644 kB
Buffers:            4684 kB
Cached:          1234636 kB
SwapCached:        10440 kB
Active:          1144884 kB
Inactive:         996588 kB
Active(anon):     838148 kB
Inactive(anon):    84960 kB
Active(file):     306736 kB
Inactive(file):   911628 kB
Unevictable:        6224 kB
Mlocked:            5784 kB
SwapTotal:       4718584 kB
SwapFree:        3671032 kB
Dirty:             17760 kB
Writeback:             0 kB
AnonPages:        903616 kB
Mapped:           571852 kB
Shmem:             16304 kB
KReclaimable:     427260 kB
Slab:             319288 kB
SReclaimable:      89184 kB
SUnreclaim:       230104 kB
KernelStack:       50960 kB
ShadowCallStack:   12768 kB
PageTables:        68456 kB
NFS_Unstable:          0 kB
Bounce:                0 kB
WritebackTmp:          0 kB
CommitLimit:     8677876 kB
Committed_AS:   69468740 kB
VmallocTotal:   263061440 kB
VmallocUsed:      134540 kB
VmallocChunk:          0 kB
Percpu:             2448 kB
CmaTotal:         405504 kB
CmaFree:          308144 kB
MemTotal:        7918588 kB
MemFree:         3068248 kB
MemAvailable:    4194592 kB
Buffers:            4700 kB
Cached:          1235708 kB
SwapCached:        10444 kB
Active:          1207808 kB
Inactive:         996688 kB
Active(anon):     900084 kB
Inactive(anon):    84960 kB
Active(file):     307724 kB
Inactive(file):   911728 kB
Unevictable:        6224 kB
Mlocked:            5784 kB
SwapTotal:       4718584 kB
SwapFree:        3672824 kB
Dirty:             17812 kB
Writeback:             0 kB
AnonPages:        965508 kB
Mapped:           594348 kB
Shmem:             16304 kB
KReclaimable:     379036 kB
Slab:             319432 kB
SReclaimable:      89184 kB
SUnreclaim:       230248 kB
KernelStack:       51008 kB
ShadowCallStack:   12792 kB
PageTables:        68912 kB
NFS_Unstable:          0 kB
Bounce:                0 kB
WritebackTmp:          0 kB
CommitLimit:     8677876 kB
Committed_AS:   69625556 kB
VmallocTotal:   263061440 kB
VmallocUsed:      134580 kB
VmallocChunk:          0 kB
Percpu:             2448 kB
CmaTotal:         405504 kB
CmaFree:          308144 kB
MemTotal:        7918588 kB
MemFree:         2974348 kB
MemAvailable:    4098964 kB
Buffers:            4700 kB
Cached:          1235744 kB
SwapCached:        10444 kB
Active:          1301832 kB
Inactive:         996704 kB
Active(anon):     994108 kB
Inactive(anon):    84956 kB
Active(file):     307724 kB
Inactive(file):   911748 kB
Unevictable:        6224 kB
Mlocked:            5784 kB
SwapTotal:       4718584 kB
SwapFree:        3672824 kB
Dirty:             17920 kB
Writeback:             0 kB
AnonPages:       1059376 kB
Mapped:           595864 kB
Shmem:             16320 kB
KReclaimable:     377288 kB
Slab:             319432 kB
SReclaimable:      89184 kB
SUnreclaim:       230248 kB
KernelStack:       51024 kB
ShadowCallStack:   12780 kB
PageTables:        69556 kB
NFS_Unstable:          0 kB
Bounce:                0 kB
WritebackTmp:          0 kB
CommitLimit:     8677876 kB
Committed_AS:   69887704 kB
VmallocTotal:   263061440 kB
VmallocUsed:      134584 kB
VmallocChunk:          0 kB
Percpu:             2448 kB
CmaTotal:         405504 kB
CmaFree:          308144 kB
MemTotal:        7918588 kB
MemFree:         2893120 kB
MemAvailable:    4017308 kB
Buffers:            4748 kB
Cached:          1236288 kB
SwapCached:        10444 kB
Active:          1383384 kB
Inactive:         996416 kB
Active(anon):    1075128 kB
Inactive(anon):    84612 kB
Active(file):     308256 kB
Inactive(file):   911804 kB
Unevictable:        6224 kB
Mlocked:            5784 kB
SwapTotal:       4718584 kB
SwapFree:        3672824 kB
Dirty:             17936 kB
Writeback:             4 kB
AnonPages:       1140164 kB
Mapped:           596824 kB
Shmem:             16324 kB
KReclaimable:     376272 kB
Slab:             319428 kB
SReclaimable:      89184 kB
SUnreclaim:       230244 kB
KernelStack:       51008 kB
ShadowCallStack:   12792 kB
PageTables:        69864 kB
NFS_Unstable:          0 kB
Bounce:                0 kB
WritebackTmp:          0 kB
CommitLimit:     8677876 kB
Committed_AS:   70100700 kB
VmallocTotal:   263061440 kB
VmallocUsed:      134612 kB
VmallocChunk:          0 kB
Percpu:             2448 kB
CmaTotal:         405504 kB
CmaFree:          308144 kB
MemTotal:        7918588 kB
MemFree:         2786520 kB
MemAvailable:    3900788 kB
Buffers:            4748 kB
Cached:          1236312 kB
SwapCached:        10444 kB
Active:          1488444 kB
Inactive:         996356 kB
Active(anon):    1180188 kB
Inactive(anon):    84532 kB
Active(file):     308256 kB
Inactive(file):   911824 kB
Unevictable:        6224 kB
Mlocked:            5784 kB
SwapTotal:       4718584 kB
SwapFree:        3672824 kB
Dirty:             17940 kB
Writeback:             0 kB
AnonPages:       1245240 kB
Mapped:           597812 kB
Shmem:             16328 kB
KReclaimable:     366332 kB
Slab:             319696 kB
SReclaimable:      89184 kB
SUnreclaim:       230512 kB
KernelStack:       51040 kB
ShadowCallStack:   12784 kB
PageTables:        70396 kB
NFS_Unstable:          0 kB
Bounce:                0 kB
WritebackTmp:          0 kB
CommitLimit:     8677876 kB
Committed_AS:   70379180 kB
VmallocTotal:   263061440 kB
VmallocUsed:      134596 kB
VmallocChunk:          0 kB
Percpu:             2448 kB
CmaTotal:         405504 kB
CmaFree:          308144 kB
MemTotal:        7918588 kB
MemFree:         2702672 kB
MemAvailable:    3815736 kB
Buffers:            4748 kB
Cached:          1236336 kB
SwapCached:        10444 kB
Active:          1571960 kB
Inactive:         996372 kB
Active(anon):    1263704 kB
Inactive(anon):    84528 kB
Active(file):     308256 kB
Inactive(file):   911844 kB
Unevictable:        6224 kB
Mlocked:            5784 kB
SwapTotal:       4718584 kB
SwapFree:        3674360 kB
Dirty:             17960 kB
Writeback:             0 kB
AnonPages:       1328708 kB
Mapped:           598324 kB
Shmem:             16332 kB
KReclaimable:     365108 kB
Slab:             319700 kB
SReclaimable:      89184 kB
SUnreclaim:       230516 kB
KernelStack:       50976 kB
ShadowCallStack:   12776 kB
PageTables:        70944 kB
NFS_Unstable:          0 kB
Bounce:                0 kB
WritebackTmp:          0 kB
CommitLimit:     8677876 kB
Committed_AS:   70575748 kB
VmallocTotal:   263061440 kB
VmallocUsed:      134576 kB
VmallocChunk:          0 kB
Percpu:             2448 kB
CmaTotal:         405504 kB
CmaFree:          308144 kB
MemTotal:        7918588 kB
MemFree:         2601596 kB
MemAvailable:    3713388 kB
Buffers:            4748 kB
Cached:          1236364 kB
SwapCached:        10444 kB
Active:          1672520 kB
Inactive:         996360 kB
Active(anon):    1364240 kB
Inactive(anon):    84516 kB
Active(file):     308280 kB
Inactive(file):   911844 kB
Unevictable:        6224 kB
Mlocked:            5784 kB
SwapTotal:       4718584 kB
SwapFree:        3674360 kB
Dirty:             17960 kB
Writeback:             0 kB
AnonPages:       1429232 kB
Mapped:           599148 kB
Shmem:             16336 kB
KReclaimable:     363812 kB
Slab:             319764 kB
SReclaimable:      89184 kB
SUnreclaim:       230580 kB
KernelStack:       50992 kB
ShadowCallStack:   12772 kB
PageTables:        71492 kB
NFS_Unstable:          0 kB
Bounce:                0 kB
WritebackTmp:          0 kB
CommitLimit:     8677876 kB
Committed_AS:   70821512 kB
VmallocTotal:   263061440 kB
VmallocUsed:      134584 kB
VmallocChunk:          0 kB
Percpu:             2448 kB
CmaTotal:         405504 kB
CmaFree:          308144 kB
MemTotal:        7918588 kB
MemFree:         2499672 kB
MemAvailable:    3610324 kB
Buffers:            4748 kB
Cached:          1236368 kB
SwapCached:        10444 kB
Active:          1774576 kB
Inactive:         996360 kB
Active(anon):    1466296 kB
Inactive(anon):    84512 kB
Active(file):     308280 kB
Inactive(file):   911848 kB
Unevictable:        6224 kB
Mlocked:            5784 kB
SwapTotal:       4718584 kB
SwapFree:        3674360 kB
Dirty:             17968 kB
Writeback:             0 kB
AnonPages:       1531156 kB
Mapped:           600544 kB
Shmem:             16336 kB
KReclaimable:     362668 kB
Slab:             319684 kB
SReclaimable:      89184 kB
SUnreclaim:       230500 kB
KernelStack:       50976 kB
ShadowCallStack:   12756 kB
PageTables:        71676 kB
NFS_Unstable:          0 kB
Bounce:                0 kB
WritebackTmp:          0 kB
CommitLimit:     8677876 kB
Committed_AS:   71067220 kB
VmallocTotal:   263061440 kB
VmallocUsed:      134560 kB
VmallocChunk:          0 kB
Percpu:             2448 kB
CmaTotal:         405504 kB
CmaFree:          308144 kB
MemTotal:        7918588 kB
MemFree:         2426340 kB
MemAvailable:    3536124 kB
Buffers:            4756 kB
Cached:          1236372 kB
SwapCached:        10444 kB
Active:          1848348 kB
Inactive:         996376 kB
Active(anon):    1540068 kB
Inactive(anon):    84516 kB
Active(file):     308280 kB
Inactive(file):   911860 kB
Unevictable:        6224 kB
Mlocked:            5784 kB
SwapTotal:       4718584 kB
SwapFree:        3674360 kB
Dirty:             17968 kB
Writeback:             0 kB
AnonPages:       1605060 kB
Mapped:           600704 kB
Shmem:             16336 kB
KReclaimable:     361788 kB
Slab:             319960 kB
SReclaimable:      89184 kB
SUnreclaim:       230776 kB
KernelStack:       50976 kB
ShadowCallStack:   12768 kB
PageTables:        72244 kB
NFS_Unstable:          0 kB
Bounce:                0 kB
WritebackTmp:          0 kB
CommitLimit:     8677876 kB
Committed_AS:   71247444 kB
VmallocTotal:   263061440 kB
VmallocUsed:      134560 kB
VmallocChunk:          0 kB
Percpu:             2448 kB
CmaTotal:         405504 kB
CmaFree:          308144 kB
MemTotal:        7918588 kB
MemFree:         2325264 kB
MemAvailable:    3433632 kB
Buffers:            4764 kB
Cached:          1236368 kB
SwapCached:        10444 kB
Active:          1947832 kB
Inactive:         996380 kB
Active(anon):    1639552 kB
Inactive(anon):    84520 kB
Active(file):     308280 kB
Inactive(file):   911860 kB
Unevictable:        6224 kB
Mlocked:            5784 kB
SwapTotal:       4718584 kB
SwapFree:        3674360 kB
Dirty:             17968 kB
Writeback:             0 kB
AnonPages:       1704548 kB
Mapped:           601620 kB
Shmem:             16340 kB
KReclaimable:     360372 kB
Slab:             320000 kB
SReclaimable:      89184 kB
SUnreclaim:       230816 kB
KernelStack:       51008 kB
ShadowCallStack:   12780 kB
PageTables:        72652 kB
NFS_Unstable:          0 kB
Bounce:                0 kB
WritebackTmp:          0 kB
CommitLimit:     8677876 kB
Committed_AS:   71493208 kB
VmallocTotal:   263061440 kB
VmallocUsed:      134564 kB
VmallocChunk:          0 kB
Percpu:             2448 kB
CmaTotal:         405504 kB
CmaFree:          308144 kB
MemTotal:        7918588 kB
MemFree:         2252420 kB
MemAvailable:    3360156 kB
Buffers:            4764 kB
Cached:          1236376 kB
SwapCached:        10444 kB
Active:          2019480 kB
Inactive:         996376 kB
Active(anon):    1711200 kB
Inactive(anon):    84508 kB
Active(file):     308280 kB
Inactive(file):   911868 kB
Unevictable:        6224 kB
Mlocked:            5784 kB
SwapTotal:       4718584 kB
SwapFree:        3674360 kB
Dirty:             17984 kB
Writeback:             0 kB
AnonPages:       1776272 kB
Mapped:           602024 kB
Shmem:             16340 kB
KReclaimable:     359732 kB
Slab:             319944 kB
SReclaimable:      89184 kB
SUnreclaim:       230760 kB
KernelStack:       50944 kB
ShadowCallStack:   12800 kB
PageTables:        73112 kB
NFS_Unstable:          0 kB
Bounce:                0 kB
WritebackTmp:          0 kB
CommitLimit:     8677876 kB
Committed_AS:   71673436 kB
VmallocTotal:   263061440 kB
VmallocUsed:      134560 kB
VmallocChunk:          0 kB
Percpu:             2448 kB
CmaTotal:         405504 kB
CmaFree:          308144 kB
MemTotal:        7918588 kB
MemFree:         2180072 kB
MemAvailable:    3287080 kB
Buffers:            4764 kB
Cached:          1236376 kB
SwapCached:        10444 kB
Active:          2091676 kB
Inactive:         996376 kB
Active(anon):    1783396 kB
Inactive(anon):    84508 kB
Active(file):     308280 kB
Inactive(file):   911868 kB
Unevictable:        6224 kB
Mlocked:            5784 kB
SwapTotal:       4718584 kB
SwapFree:        3674616 kB
Dirty:             17920 kB
Writeback:             0 kB
AnonPages:       1848440 kB
Mapped:           602532 kB
Shmem:             16340 kB
KReclaimable:     359004 kB
Slab:             319956 kB
SReclaimable:      89184 kB
SUnreclaim:       230772 kB
KernelStack:       50960 kB
ShadowCallStack:   12772 kB
PageTables:        73444 kB
NFS_Unstable:          0 kB
Bounce:                0 kB
WritebackTmp:          0 kB
CommitLimit:     8677876 kB
Committed_AS:   71837272 kB
VmallocTotal:   263061440 kB
VmallocUsed:      134560 kB
VmallocChunk:          0 kB
Percpu:             2448 kB
CmaTotal:         405504 kB
CmaFree:          308144 kB
MemTotal:        7918588 kB
MemFree:         2099364 kB
MemAvailable:    3205100 kB
Buffers:            4764 kB
Cached:          1236388 kB
SwapCached:        10444 kB
Active:          2172336 kB
Inactive:         996384 kB
Active(anon):    1864056 kB
Inactive(anon):    84508 kB
Active(file):     308280 kB
Inactive(file):   911876 kB
Unevictable:        6224 kB
Mlocked:            5784 kB
SwapTotal:       4718584 kB
SwapFree:        3674616 kB
Dirty:             17928 kB
Writeback:             0 kB
AnonPages:       1929096 kB
Mapped:           603524 kB
Shmem:             16344 kB
KReclaimable:     357724 kB
Slab:             320184 kB
SReclaimable:      89184 kB
SUnreclaim:       231000 kB
KernelStack:       50976 kB
ShadowCallStack:   12768 kB
PageTables:        73784 kB
NFS_Unstable:          0 kB
Bounce:                0 kB
WritebackTmp:          0 kB
CommitLimit:     8677876 kB
Committed_AS:   72033884 kB
VmallocTotal:   263061440 kB
VmallocUsed:      134552 kB
VmallocChunk:          0 kB
Percpu:             2448 kB
CmaTotal:         405504 kB
CmaFree:          308144 kB
MemTotal:        7918588 kB
MemFree:         2037980 kB
MemAvailable:    3143276 kB
Buffers:            4788 kB
Cached:          1236388 kB
SwapCached:        10444 kB
Active:          2233872 kB
Inactive:         996168 kB
Active(anon):    1925592 kB
Inactive(anon):    84268 kB
Active(file):     308280 kB
Inactive(file):   911900 kB
Unevictable:        6224 kB
Mlocked:            5784 kB
SwapTotal:       4718584 kB
SwapFree:        3676664 kB
Dirty:             17708 kB
Writeback:             0 kB
AnonPages:       1990352 kB
Mapped:           601428 kB
Shmem:             16344 kB
KReclaimable:     357260 kB
Slab:             320248 kB
SReclaimable:      89184 kB
SUnreclaim:       231064 kB
KernelStack:       50976 kB
ShadowCallStack:   12776 kB
PageTables:        74092 kB
NFS_Unstable:          0 kB
Bounce:                0 kB
WritebackTmp:          0 kB
CommitLimit:     8677876 kB
Committed_AS:   72181340 kB
VmallocTotal:   263061440 kB
VmallocUsed:      134560 kB
VmallocChunk:          0 kB
Percpu:             2448 kB
CmaTotal:         405504 kB
CmaFree:          308144 kB
MemTotal:        7918588 kB
MemFree:         1973444 kB
MemAvailable:    3077768 kB
Buffers:            4916 kB
Cached:          1236272 kB
SwapCached:        10444 kB
Active:          2298520 kB
Inactive:         996180 kB
Active(anon):    1990240 kB
Inactive(anon):    84268 kB
Active(file):     308280 kB
Inactive(file):   911912 kB
Unevictable:        6224 kB
Mlocked:            5784 kB
SwapTotal:       4718584 kB
SwapFree:        3676920 kB
Dirty:             17708 kB
Writeback:             0 kB
AnonPages:       2054976 kB
Mapped:           602092 kB
Shmem:             16344 kB
KReclaimable:     356276 kB
Slab:             320204 kB
SReclaimable:      89184 kB
SUnreclaim:       231020 kB
KernelStack:       50960 kB
ShadowCallStack:   12764 kB
PageTables:        74344 kB
NFS_Unstable:          0 kB
Bounce:                0 kB
WritebackTmp:          0 kB
CommitLimit:     8677876 kB
Committed_AS:   72345136 kB
VmallocTotal:   263061440 kB
VmallocUsed:      134532 kB
VmallocChunk:          0 kB
Percpu:             2448 kB
CmaTotal:         405504 kB
CmaFree:          308144 kB
MemTotal:        7918588 kB
MemFree:         1903080 kB
MemAvailable:    3006492 kB
Buffers:            4916 kB
Cached:          1236400 kB
SwapCached:        10444 kB
Active:          2367428 kB
Inactive:         996300 kB
Active(anon):    2059148 kB
Inactive(anon):    84268 kB
Active(file):     308280 kB
Inactive(file):   912032 kB
Unevictable:        6224 kB
Mlocked:            5784 kB
SwapTotal:       4718584 kB
SwapFree:        3677176 kB
Dirty:             17708 kB
Writeback:             0 kB
AnonPages:       2123892 kB
Mapped:           602644 kB
Shmem:             16352 kB
KReclaimable:     355244 kB
Slab:             320312 kB
SReclaimable:      89184 kB
SUnreclaim:       231128 kB
KernelStack:       50960 kB
ShadowCallStack:   12764 kB
PageTables:        74728 kB
NFS_Unstable:          0 kB
Bounce:                0 kB
WritebackTmp:          0 kB
CommitLimit:     8677876 kB
Committed_AS:   72508976 kB
VmallocTotal:   263061440 kB
VmallocUsed:      134516 kB
VmallocChunk:          0 kB
Percpu:             2448 kB
CmaTotal:         405504 kB
CmaFree:          308144 kB
MemTotal:        7918588 kB
MemFree:         1851688 kB
MemAvailable:    2954628 kB
Buffers:            4916 kB
Cached:          1236404 kB
SwapCached:        10444 kB
Active:          2419352 kB
Inactive:         996292 kB
Active(anon):    2111072 kB
Inactive(anon):    84260 kB
Active(file):     308280 kB
Inactive(file):   912032 kB
Unevictable:        6224 kB
Mlocked:            5784 kB
SwapTotal:       4718584 kB
SwapFree:        3677176 kB
Dirty:             17708 kB
Writeback:             0 kB
AnonPages:       2175976 kB
Mapped:           602904 kB
Shmem:             16356 kB
KReclaimable:     354772 kB
Slab:             320388 kB
SReclaimable:      89184 kB
SUnreclaim:       231204 kB
KernelStack:       50960 kB
ShadowCallStack:   12764 kB
PageTables:        75024 kB
NFS_Unstable:          0 kB
Bounce:                0 kB
WritebackTmp:          0 kB
CommitLimit:     8677876 kB
Committed_AS:   72640092 kB
VmallocTotal:   263061440 kB
VmallocUsed:      134504 kB
VmallocChunk:          0 kB
Percpu:             2448 kB
CmaTotal:         405504 kB
CmaFree:          308144 kB
MemTotal:        7918588 kB
MemFree:         1785832 kB
MemAvailable:    2887740 kB
Buffers:            4916 kB
Cached:          1236412 kB
SwapCached:        10444 kB
Active:          2484272 kB
Inactive:         996308 kB
Active(anon):    2175992 kB
Inactive(anon):    84268 kB
Active(file):     308280 kB
Inactive(file):   912040 kB
Unevictable:        6224 kB
Mlocked:            5784 kB
SwapTotal:       4718584 kB
SwapFree:        3677432 kB
Dirty:             17716 kB
Writeback:             0 kB
AnonPages:       2240776 kB
Mapped:           603512 kB
Shmem:             16356 kB
KReclaimable:     353732 kB
Slab:             320404 kB
SReclaimable:      89184 kB
SUnreclaim:       231220 kB
KernelStack:       50960 kB
ShadowCallStack:   12764 kB
PageTables:        75300 kB
NFS_Unstable:          0 kB
Bounce:                0 kB
WritebackTmp:          0 kB
CommitLimit:     8677876 kB
Committed_AS:   72803888 kB
VmallocTotal:   263061440 kB
VmallocUsed:      134500 kB
VmallocChunk:          0 kB
Percpu:             2448 kB
CmaTotal:         405504 kB
CmaFree:          308144 kB
MemTotal:        7918588 kB
MemFree:         1746104 kB
MemAvailable:    2847564 kB
Buffers:            4916 kB
Cached:          1236412 kB
SwapCached:        10444 kB
Active:          2523876 kB
Inactive:         996304 kB
Active(anon):    2215596 kB
Inactive(anon):    84264 kB
Active(file):     308280 kB
Inactive(file):   912040 kB
Unevictable:        6224 kB
Mlocked:            5784 kB
SwapTotal:       4718584 kB
SwapFree:        3677432 kB
Dirty:             17716 kB
Writeback:             0 kB
AnonPages:       2280244 kB
Mapped:           603760 kB
Shmem:             16356 kB
KReclaimable:     353284 kB
Slab:             320368 kB
SReclaimable:      89184 kB
SUnreclaim:       231184 kB
KernelStack:       50960 kB
ShadowCallStack:   12768 kB
PageTables:        75572 kB
NFS_Unstable:          0 kB
Bounce:                0 kB
WritebackTmp:          0 kB
CommitLimit:     8677876 kB
Committed_AS:   72885808 kB
VmallocTotal:   263061440 kB
VmallocUsed:      134500 kB
VmallocChunk:          0 kB
Percpu:             2448 kB
CmaTotal:         405504 kB
CmaFree:          308144 kB
MemTotal:        7918588 kB
MemFree:         1712948 kB
MemAvailable:    2814024 kB
Buffers:            4924 kB
Cached:          1236412 kB
SwapCached:        10444 kB
Active:          2557764 kB
Inactive:         996316 kB
Active(anon):    2249484 kB
Inactive(anon):    84268 kB
Active(file):     308280 kB
Inactive(file):   912048 kB
Unevictable:        6224 kB
Mlocked:            5784 kB
SwapTotal:       4718584 kB
SwapFree:        3677432 kB
Dirty:             17716 kB
Writeback:             0 kB
AnonPages:       2314192 kB
Mapped:           604112 kB
Shmem:             16356 kB
KReclaimable:     352892 kB
Slab:             320528 kB
SReclaimable:      89184 kB
SUnreclaim:       231344 kB
KernelStack:       50960 kB
ShadowCallStack:   12772 kB
PageTables:        75652 kB
NFS_Unstable:          0 kB
Bounce:                0 kB
WritebackTmp:          0 kB
CommitLimit:     8677876 kB
Committed_AS:   72967728 kB
VmallocTotal:   263061440 kB
VmallocUsed:      134524 kB
VmallocChunk:          0 kB
Percpu:             2448 kB
CmaTotal:         405504 kB
CmaFree:          308144 kB
MemTotal:        7918588 kB
MemFree:         1650380 kB
MemAvailable:    2750312 kB
Buffers:            4924 kB
Cached:          1236412 kB
SwapCached:        10444 kB
Active:          2618648 kB
Inactive:         996320 kB
Active(anon):    2310368 kB
Inactive(anon):    84272 kB
Active(file):     308280 kB
Inactive(file):   912048 kB
Unevictable:        6224 kB
Mlocked:            5784 kB
SwapTotal:       4718584 kB
SwapFree:        3677432 kB
Dirty:             17716 kB
Writeback:             0 kB
AnonPages:       2374960 kB
Mapped:           604848 kB
Shmem:             16356 kB
KReclaimable:     351748 kB
Slab:             320344 kB
SReclaimable:      89184 kB
SUnreclaim:       231160 kB
KernelStack:       50896 kB
ShadowCallStack:   12784 kB
PageTables:        75940 kB
NFS_Unstable:          0 kB
Bounce:                0 kB
WritebackTmp:          0 kB
CommitLimit:     8677876 kB
Committed_AS:   73098804 kB
VmallocTotal:   263061440 kB
VmallocUsed:      134540 kB
VmallocChunk:          0 kB
Percpu:             2448 kB
CmaTotal:         405504 kB
CmaFree:          307628 kB
MemTotal:        7918588 kB
MemFree:         1626140 kB
MemAvailable:    2725840 kB
Buffers:            4924 kB
Cached:          1236412 kB
SwapCached:        10444 kB
Active:          2643364 kB
Inactive:         996316 kB
Active(anon):    2335084 kB
Inactive(anon):    84268 kB
Active(file):     308280 kB
Inactive(file):   912048 kB
Unevictable:        6224 kB
Mlocked:            5784 kB
SwapTotal:       4718584 kB
SwapFree:        3677432 kB
Dirty:             17716 kB
Writeback:             0 kB
AnonPages:       2399800 kB
Mapped:           604992 kB
Shmem:             16356 kB
KReclaimable:     351516 kB
Slab:             320468 kB
SReclaimable:      89184 kB
SUnreclaim:       231284 kB
KernelStack:       50944 kB
ShadowCallStack:   12768 kB
PageTables:        75984 kB
NFS_Unstable:          0 kB
Bounce:                0 kB
WritebackTmp:          0 kB
CommitLimit:     8677876 kB
Committed_AS:   73164336 kB
VmallocTotal:   263061440 kB
VmallocUsed:      134532 kB
VmallocChunk:          0 kB
Percpu:             2448 kB
CmaTotal:         405504 kB
CmaFree:          282080 kB
MemTotal:        7918588 kB
MemFree:         1563104 kB
MemAvailable:    2661652 kB
Buffers:            4924 kB
Cached:          1236420 kB
SwapCached:        10444 kB
Active:          2706712 kB
Inactive:         996320 kB
Active(anon):    2398432 kB
Inactive(anon):    84264 kB
Active(file):     308280 kB
Inactive(file):   912056 kB
Unevictable:        6224 kB
Mlocked:            5784 kB
SwapTotal:       4718584 kB
SwapFree:        3677432 kB
Dirty:             17732 kB
Writeback:             0 kB
AnonPages:       2463184 kB
Mapped:           605596 kB
Shmem:             16356 kB
KReclaimable:     350356 kB
Slab:             320556 kB
SReclaimable:      89184 kB
SUnreclaim:       231372 kB
KernelStack:       50960 kB
ShadowCallStack:   12764 kB
PageTables:        76224 kB
NFS_Unstable:          0 kB
Bounce:                0 kB
WritebackTmp:          0 kB
CommitLimit:     8677876 kB
Committed_AS:   73296436 kB
VmallocTotal:   263061440 kB
VmallocUsed:      134548 kB
VmallocChunk:          0 kB
Percpu:             2448 kB
CmaTotal:         405504 kB
CmaFree:          218932 kB
MemTotal:        7918588 kB
MemFree:         1539292 kB
MemAvailable:    2637684 kB
Buffers:            4956 kB
Cached:          1236416 kB
SwapCached:        10444 kB
Active:          2730408 kB
Inactive:         996344 kB
Active(anon):    2422128 kB
Inactive(anon):    84268 kB
Active(file):     308280 kB
Inactive(file):   912076 kB
Unevictable:        6224 kB
Mlocked:            5784 kB
SwapTotal:       4718584 kB
SwapFree:        3677432 kB
Dirty:             15156 kB
Writeback:          2600 kB
AnonPages:       2486700 kB
Mapped:           605800 kB
Shmem:             16364 kB
KReclaimable:     350180 kB
Slab:             320504 kB
SReclaimable:      89184 kB
SUnreclaim:       231320 kB
KernelStack:       50960 kB
ShadowCallStack:   12788 kB
PageTables:        76408 kB
NFS_Unstable:          0 kB
Bounce:                0 kB
WritebackTmp:          0 kB
CommitLimit:     8677876 kB
Committed_AS:   73329208 kB
VmallocTotal:   263061440 kB
VmallocUsed:      134552 kB
VmallocChunk:          0 kB
Percpu:             2448 kB
CmaTotal:         405504 kB
CmaFree:          195768 kB
MemTotal:        7918588 kB
MemFree:         1490216 kB
MemAvailable:    2588184 kB
Buffers:            4956 kB
Cached:          1236436 kB
SwapCached:        10444 kB
Active:          2778588 kB
Inactive:         996356 kB
Active(anon):    2470308 kB
Inactive(anon):    84264 kB
Active(file):     308280 kB
Inactive(file):   912092 kB
Unevictable:        6224 kB
Mlocked:            5784 kB
SwapTotal:       4718584 kB
SwapFree:        3677432 kB
Dirty:               296 kB
Writeback:             0 kB
AnonPages:       2535008 kB
Mapped:           606108 kB
Shmem:             16368 kB
KReclaimable:     349740 kB
Slab:             320652 kB
SReclaimable:      89184 kB
SUnreclaim:       231468 kB
KernelStack:       50928 kB
ShadowCallStack:   12748 kB
PageTables:        76640 kB
NFS_Unstable:          0 kB
Bounce:                0 kB
WritebackTmp:          0 kB
CommitLimit:     8677876 kB
Committed_AS:   73443692 kB
VmallocTotal:   263061440 kB
VmallocUsed:      134472 kB
VmallocChunk:          0 kB
Percpu:             2448 kB
CmaTotal:         405504 kB
CmaFree:          146828 kB
MemTotal:        7918588 kB
MemFree:         1441760 kB
MemAvailable:    2538728 kB
Buffers:            4956 kB
Cached:          1236436 kB
SwapCached:        10444 kB
Active:          2826312 kB
Inactive:         996360 kB
Active(anon):    2518032 kB
Inactive(anon):    84268 kB
Active(file):     308280 kB
Inactive(file):   912092 kB
Unevictable:        6224 kB
Mlocked:            5784 kB
SwapTotal:       4718584 kB
SwapFree:        3677432 kB
Dirty:               232 kB
Writeback:             0 kB
AnonPages:       2582836 kB
Mapped:           606800 kB
Shmem:             16368 kB
KReclaimable:     348740 kB
Slab:             320572 kB
SReclaimable:      89184 kB
SUnreclaim:       231388 kB
KernelStack:       50864 kB
ShadowCallStack:   12764 kB
PageTables:        76644 kB
NFS_Unstable:          0 kB
Bounce:                0 kB
WritebackTmp:          0 kB
CommitLimit:     8677876 kB
Committed_AS:   73541996 kB
VmallocTotal:   263061440 kB
VmallocUsed:      134460 kB
VmallocChunk:          0 kB
Percpu:             2448 kB
CmaTotal:         405504 kB
CmaFree:           98740 kB
MemTotal:        7918588 kB
MemFree:         1417776 kB
MemAvailable:    2514584 kB
Buffers:            4956 kB
Cached:          1236436 kB
SwapCached:        10444 kB
Active:          2853128 kB
Inactive:         996360 kB
Active(anon):    2544848 kB
Inactive(anon):    84268 kB
Active(file):     308280 kB
Inactive(file):   912092 kB
Unevictable:        6224 kB
Mlocked:            5784 kB
SwapTotal:       4718584 kB
SwapFree:        3677432 kB
Dirty:               240 kB
Writeback:             0 kB
AnonPages:       2609716 kB
Mapped:           606812 kB
Shmem:             16368 kB
KReclaimable:     348580 kB
Slab:             320700 kB
SReclaimable:      89184 kB
SUnreclaim:       231516 kB
KernelStack:       50864 kB
ShadowCallStack:   12744 kB
PageTables:        76920 kB
NFS_Unstable:          0 kB
Bounce:                0 kB
WritebackTmp:          0 kB
CommitLimit:     8677876 kB
Committed_AS:   73604508 kB
VmallocTotal:   263061440 kB
VmallocUsed:      134440 kB
VmallocChunk:          0 kB
Percpu:             2448 kB
CmaTotal:         405504 kB
CmaFree:           74832 kB
MemTotal:        7918588 kB
MemFree:         1373092 kB
MemAvailable:    2469948 kB
Buffers:            4956 kB
Cached:          1237416 kB
SwapCached:        10444 kB
Active:          2896052 kB
Inactive:         996368 kB
Active(anon):    2586804 kB
Inactive(anon):    84268 kB
Active(file):     309248 kB
Inactive(file):   912100 kB
Unevictable:        6224 kB
Mlocked:            5784 kB
SwapTotal:       4718584 kB
SwapFree:        3677432 kB
Dirty:               264 kB
Writeback:             0 kB
AnonPages:       2651544 kB
Mapped:           607876 kB
Shmem:             16372 kB
KReclaimable:     347652 kB
Slab:             320720 kB
SReclaimable:      89184 kB
SUnreclaim:       231536 kB
KernelStack:       50976 kB
ShadowCallStack:   12776 kB
PageTables:        77112 kB
NFS_Unstable:          0 kB
Bounce:                0 kB
WritebackTmp:          0 kB
CommitLimit:     8677876 kB
Committed_AS:   73702816 kB
VmallocTotal:   263061440 kB
VmallocUsed:      134556 kB
VmallocChunk:          0 kB
Percpu:             2448 kB
CmaTotal:         405504 kB
CmaFree:           31404 kB
MemTotal:        7918588 kB
MemFree:         1347272 kB
MemAvailable:    2444608 kB
Buffers:            4964 kB
Cached:          1238300 kB
SwapCached:        10444 kB
Active:          2921948 kB
Inactive:         996384 kB
Active(anon):    2611840 kB
Inactive(anon):    84264 kB
Active(file):     310108 kB
Inactive(file):   912120 kB
Unevictable:        6224 kB
Mlocked:            5784 kB
SwapTotal:       4718584 kB
SwapFree:        3677688 kB
Dirty:               412 kB
Writeback:             0 kB
AnonPages:       2676484 kB
Mapped:           608368 kB
Shmem:             16384 kB
KReclaimable:     347252 kB
Slab:             320760 kB
SReclaimable:      89184 kB
SUnreclaim:       231576 kB
KernelStack:       50976 kB
ShadowCallStack:   12772 kB
PageTables:        77256 kB
NFS_Unstable:          0 kB
Bounce:                0 kB
WritebackTmp:          0 kB
CommitLimit:     8677876 kB
Committed_AS:   73751968 kB
VmallocTotal:   263061440 kB
VmallocUsed:      134556 kB
VmallocChunk:          0 kB
Percpu:             2448 kB
CmaTotal:         405504 kB
CmaFree:            4640 kB
MemTotal:        7918588 kB
MemFree:         1308784 kB
MemAvailable:    2405780 kB
Buffers:            4964 kB
Cached:          1238564 kB
SwapCached:        10448 kB
Active:          2961552 kB
Inactive:         996388 kB
Active(anon):    2651192 kB
Inactive(anon):    84268 kB
Active(file):     310360 kB
Inactive(file):   912120 kB
Unevictable:        6224 kB
Mlocked:            5784 kB
SwapTotal:       4718584 kB
SwapFree:        3677688 kB
Dirty:               320 kB
Writeback:             0 kB
AnonPages:       2715888 kB
Mapped:           608876 kB
Shmem:             16396 kB
KReclaimable:     346660 kB
Slab:             320732 kB
SReclaimable:      89184 kB
SUnreclaim:       231548 kB
KernelStack:       50944 kB
ShadowCallStack:   12760 kB
PageTables:        77372 kB
NFS_Unstable:          0 kB
Bounce:                0 kB
WritebackTmp:          0 kB
CommitLimit:     8677876 kB
Committed_AS:   73850168 kB
VmallocTotal:   263061440 kB
VmallocUsed:      134516 kB
VmallocChunk:          0 kB
Percpu:             2448 kB
CmaTotal:         405504 kB
CmaFree:               0 kB
MemTotal:        7918588 kB
MemFree:         1262320 kB
MemAvailable:    2358596 kB
Buffers:            4964 kB
Cached:          1238564 kB
SwapCached:        10448 kB
Active:          3008080 kB
Inactive:         996388 kB
Active(anon):    2697720 kB
Inactive(anon):    84268 kB
Active(file):     310360 kB
Inactive(file):   912120 kB
Unevictable:        6224 kB
Mlocked:            5784 kB
SwapTotal:       4718584 kB
SwapFree:        3677688 kB
Dirty:               332 kB
Writeback:             0 kB
AnonPages:       2762424 kB
Mapped:           609240 kB
Shmem:             16396 kB
KReclaimable:     345940 kB
Slab:             320824 kB
SReclaimable:      89184 kB
SUnreclaim:       231640 kB
KernelStack:       50944 kB
ShadowCallStack:   12760 kB
PageTables:        77564 kB
NFS_Unstable:          0 kB
Bounce:                0 kB
WritebackTmp:          0 kB
CommitLimit:     8677876 kB
Committed_AS:   73948476 kB
VmallocTotal:   263061440 kB
VmallocUsed:      134512 kB
VmallocChunk:          0 kB
Percpu:             2448 kB
CmaTotal:         405504 kB
CmaFree:               0 kB
MemTotal:        7918588 kB
MemFree:         1245860 kB
MemAvailable:    2342076 kB
Buffers:            4972 kB
Cached:          1238720 kB
SwapCached:        10448 kB
Active:          3023768 kB
Inactive:         996396 kB
Active(anon):    2713256 kB
Inactive(anon):    84264 kB
Active(file):     310512 kB
Inactive(file):   912132 kB
Unevictable:        6224 kB
Mlocked:            5784 kB
SwapTotal:       4718584 kB
SwapFree:        3677688 kB
Dirty:               364 kB
Writeback:             0 kB
AnonPages:       2777952 kB
Mapped:           609516 kB
Shmem:             16396 kB
KReclaimable:     345716 kB
Slab:             320788 kB
SReclaimable:      89184 kB
SUnreclaim:       231604 kB
KernelStack:       50944 kB
ShadowCallStack:   12760 kB
PageTables:        77528 kB
NFS_Unstable:          0 kB
Bounce:                0 kB
WritebackTmp:          0 kB
CommitLimit:     8677876 kB
Committed_AS:   73981240 kB
VmallocTotal:   263061440 kB
VmallocUsed:      134512 kB
VmallocChunk:          0 kB
Percpu:             2448 kB
CmaTotal:         405504 kB
CmaFree:               0 kB
MemTotal:        7918588 kB
MemFree:         1197724 kB
MemAvailable:    2293436 kB
Buffers:            4972 kB
Cached:          1238832 kB
SwapCached:        10448 kB
Active:          3072284 kB
Inactive:         996412 kB
Active(anon):    2761668 kB
Inactive(anon):    84272 kB
Active(file):     310616 kB
Inactive(file):   912140 kB
Unevictable:        6224 kB
Mlocked:            5784 kB
SwapTotal:       4718584 kB
SwapFree:        3677688 kB
Dirty:               388 kB
Writeback:             0 kB
AnonPages:       2826404 kB
Mapped:           609956 kB
Shmem:             16396 kB
KReclaimable:     345100 kB
Slab:             320920 kB
SReclaimable:      89184 kB
SUnreclaim:       231736 kB
KernelStack:       50976 kB
ShadowCallStack:   12752 kB
PageTables:        77892 kB
NFS_Unstable:          0 kB
Bounce:                0 kB
WritebackTmp:          0 kB
CommitLimit:     8677876 kB
Committed_AS:   74095928 kB
VmallocTotal:   263061440 kB
VmallocUsed:      134508 kB
VmallocChunk:          0 kB
Percpu:             2448 kB
CmaTotal:         405504 kB
CmaFree:               0 kB
MemTotal:        7918588 kB
MemFree:         1164004 kB
MemAvailable:    2259016 kB
Buffers:            4996 kB
Cached:          1238844 kB
SwapCached:        10448 kB
Active:          3105860 kB
Inactive:         996444 kB
Active(anon):    2795244 kB
Inactive(anon):    84268 kB
Active(file):     310616 kB
Inactive(file):   912176 kB
Unevictable:        6224 kB
Mlocked:            5784 kB
SwapTotal:       4718584 kB
SwapFree:        3677944 kB
Dirty:               388 kB
Writeback:             0 kB
AnonPages:       2859880 kB
Mapped:           610428 kB
Shmem:             16396 kB
KReclaimable:     344364 kB
Slab:             320872 kB
SReclaimable:      89184 kB
SUnreclaim:       231688 kB
KernelStack:       50912 kB
ShadowCallStack:   12768 kB
PageTables:        77940 kB
NFS_Unstable:          0 kB
Bounce:                0 kB
WritebackTmp:          0 kB
CommitLimit:     8677876 kB
Committed_AS:   74161464 kB
VmallocTotal:   263061440 kB
VmallocUsed:      134520 kB
VmallocChunk:          0 kB
Percpu:             2448 kB
CmaTotal:         405504 kB
CmaFree:               8 kB
MemTotal:        7918588 kB
MemFree:         1122624 kB
MemAvailable:    2217304 kB
Buffers:            4996 kB
Cached:          1238840 kB
SwapCached:        10448 kB
Active:          3146252 kB
Inactive:         996448 kB
Active(anon):    2835636 kB
Inactive(anon):    84276 kB
Active(file):     310616 kB
Inactive(file):   912172 kB
Unevictable:        6224 kB
Mlocked:            5784 kB
SwapTotal:       4718584 kB
SwapFree:        3677944 kB
Dirty:               392 kB
Writeback:             0 kB
AnonPages:       2900428 kB
Mapped:           610604 kB
Shmem:             16396 kB
KReclaimable:     344036 kB
Slab:             320924 kB
SReclaimable:      89184 kB
SUnreclaim:       231740 kB
KernelStack:       50944 kB
ShadowCallStack:   12780 kB
PageTables:        78080 kB
NFS_Unstable:          0 kB
Bounce:                0 kB
WritebackTmp:          0 kB
CommitLimit:     8677876 kB
Committed_AS:   74259768 kB
VmallocTotal:   263061440 kB
VmallocUsed:      134512 kB
VmallocChunk:          0 kB
Percpu:             2448 kB
CmaTotal:         405504 kB
CmaFree:              12 kB
MemTotal:        7918588 kB
MemFree:         1084276 kB
MemAvailable:    2178248 kB
Buffers:            4996 kB
Cached:          1238844 kB
SwapCached:        10448 kB
Active:          3184324 kB
Inactive:         996432 kB
Active(anon):    2873708 kB
Inactive(anon):    84256 kB
Active(file):     310616 kB
Inactive(file):   912176 kB
Unevictable:        6224 kB
Mlocked:            5784 kB
SwapTotal:       4718584 kB
SwapFree:        3677944 kB
Dirty:               408 kB
Writeback:             0 kB
AnonPages:       2938560 kB
Mapped:           611120 kB
Shmem:             16396 kB
KReclaimable:     343324 kB
Slab:             320904 kB
SReclaimable:      89184 kB
SUnreclaim:       231720 kB
KernelStack:       50960 kB
ShadowCallStack:   12756 kB
PageTables:        78272 kB
NFS_Unstable:          0 kB
Bounce:                0 kB
WritebackTmp:          0 kB
CommitLimit:     8677876 kB
Committed_AS:   74325304 kB
VmallocTotal:   263061440 kB
VmallocUsed:      134500 kB
VmallocChunk:          0 kB
Percpu:             2448 kB
CmaTotal:         405504 kB
CmaFree:               0 kB
MemTotal:        7918588 kB
MemFree:         1069024 kB
MemAvailable:    2164096 kB
Buffers:            4996 kB
Cached:          1240164 kB
SwapCached:        10448 kB
Active:          3198668 kB
Inactive:         996444 kB
Active(anon):    2886736 kB
Inactive(anon):    84268 kB
Active(file):     311932 kB
Inactive(file):   912176 kB
Unevictable:        6224 kB
Mlocked:            5784 kB
SwapTotal:       4718584 kB
SwapFree:        3678200 kB
Dirty:               420 kB
Writeback:             0 kB
AnonPages:       2951432 kB
Mapped:           611324 kB
Shmem:             16400 kB
KReclaimable:     343108 kB
Slab:             320940 kB
SReclaimable:      89184 kB
SUnreclaim:       231756 kB
KernelStack:       50928 kB
ShadowCallStack:   12756 kB
PageTables:        78348 kB
NFS_Unstable:          0 kB
Bounce:                0 kB
WritebackTmp:          0 kB
CommitLimit:     8677876 kB
Committed_AS:   74358032 kB
VmallocTotal:   263061440 kB
VmallocUsed:      134496 kB
VmallocChunk:          0 kB
Percpu:             2448 kB
CmaTotal:         405504 kB
CmaFree:               0 kB
MemTotal:        7918588 kB
MemFree:         1018124 kB
MemAvailable:    2112524 kB
Buffers:            4996 kB
Cached:          1240172 kB
SwapCached:        10448 kB
Active:          3249908 kB
Inactive:         996452 kB
Active(anon):    2937976 kB
Inactive(anon):    84268 kB
Active(file):     311932 kB
Inactive(file):   912184 kB
Unevictable:        6224 kB
Mlocked:            5784 kB
SwapTotal:       4718584 kB
SwapFree:        3678200 kB
Dirty:               428 kB
Writeback:             0 kB
AnonPages:       3002888 kB
Mapped:           611696 kB
Shmem:             16400 kB
KReclaimable:     342428 kB
Slab:             320976 kB
SReclaimable:      89184 kB
SUnreclaim:       231792 kB
KernelStack:       50944 kB
ShadowCallStack:   12764 kB
PageTables:        78592 kB
NFS_Unstable:          0 kB
Bounce:                0 kB
WritebackTmp:          0 kB
CommitLimit:     8677876 kB
Committed_AS:   74475788 kB
VmallocTotal:   263061440 kB
VmallocUsed:      134516 kB
VmallocChunk:          0 kB
Percpu:             2448 kB
CmaTotal:         405504 kB
CmaFree:               0 kB
MemTotal:        7918588 kB
MemFree:          980928 kB
MemAvailable:    2075660 kB
Buffers:            5004 kB
Cached:          1241320 kB
SwapCached:        10448 kB
Active:          3286804 kB
Inactive:         996460 kB
Active(anon):    2973724 kB
Inactive(anon):    84268 kB
Active(file):     313080 kB
Inactive(file):   912192 kB
Unevictable:        6224 kB
Mlocked:            5784 kB
SwapTotal:       4718584 kB
SwapFree:        3678200 kB
Dirty:               428 kB
Writeback:             0 kB
AnonPages:       3038528 kB
Mapped:           612192 kB
Shmem:             16400 kB
KReclaimable:     341604 kB
Slab:             320920 kB
SReclaimable:      89184 kB
SUnreclaim:       231736 kB
KernelStack:       50864 kB
ShadowCallStack:   12772 kB
PageTables:        78744 kB
NFS_Unstable:          0 kB
Bounce:                0 kB
WritebackTmp:          0 kB
CommitLimit:     8677876 kB
Committed_AS:   74573892 kB
VmallocTotal:   263061440 kB
VmallocUsed:      134436 kB
VmallocChunk:          0 kB
Percpu:             2448 kB
CmaTotal:         405504 kB
CmaFree:               0 kB
MemTotal:        7918588 kB
MemFree:          956500 kB
MemAvailable:    2051024 kB
Buffers:            5012 kB
Cached:          1241320 kB
SwapCached:        10448 kB
Active:          3310436 kB
Inactive:         996468 kB
Active(anon):    2997356 kB
Inactive(anon):    84268 kB
Active(file):     313080 kB
Inactive(file):   912200 kB
Unevictable:        6224 kB
Mlocked:            5784 kB
SwapTotal:       4718584 kB
SwapFree:        3678200 kB
Dirty:               424 kB
Writeback:             0 kB
AnonPages:       3062032 kB
Mapped:           612368 kB
Shmem:             16400 kB
KReclaimable:     341388 kB
Slab:             321060 kB
SReclaimable:      89184 kB
SUnreclaim:       231876 kB
KernelStack:       50880 kB
ShadowCallStack:   12744 kB
PageTables:        78860 kB
NFS_Unstable:          0 kB
Bounce:                0 kB
WritebackTmp:          0 kB
CommitLimit:     8677876 kB
Committed_AS:   74639428 kB
VmallocTotal:   263061440 kB
VmallocUsed:      134428 kB
VmallocChunk:          0 kB
Percpu:             2448 kB
CmaTotal:         405504 kB
CmaFree:               0 kB
MemTotal:        7918588 kB
MemFree:          908728 kB
MemAvailable:    2002604 kB
Buffers:            5012 kB
Cached:          1241320 kB
SwapCached:        10448 kB
Active:          3359480 kB
Inactive:         996456 kB
Active(anon):    3046400 kB
Inactive(anon):    84256 kB
Active(file):     313080 kB
Inactive(file):   912200 kB
Unevictable:        6224 kB
Mlocked:            5784 kB
SwapTotal:       4718584 kB
SwapFree:        3678200 kB
Dirty:               428 kB
Writeback:             0 kB
AnonPages:       3110952 kB
Mapped:           612676 kB
Shmem:             16400 kB
KReclaimable:     340740 kB
Slab:             321084 kB
SReclaimable:      89184 kB
SUnreclaim:       231900 kB
KernelStack:       50784 kB
ShadowCallStack:   12728 kB
PageTables:        79020 kB
NFS_Unstable:          0 kB
Bounce:                0 kB
WritebackTmp:          0 kB
CommitLimit:     8677876 kB
Committed_AS:   74737368 kB
VmallocTotal:   263061440 kB
VmallocUsed:      134292 kB
VmallocChunk:          0 kB
Percpu:             2448 kB
CmaTotal:         405504 kB
CmaFree:               0 kB
MemTotal:        7918588 kB
MemFree:          884592 kB
MemAvailable:    1978060 kB
Buffers:            5012 kB
Cached:          1241344 kB
SwapCached:        10448 kB
Active:          3382324 kB
Inactive:         996464 kB
Active(anon):    3069244 kB
Inactive(anon):    84264 kB
Active(file):     313080 kB
Inactive(file):   912200 kB
Unevictable:        6224 kB
Mlocked:            5784 kB
SwapTotal:       4718584 kB
SwapFree:        3678200 kB
Dirty:               436 kB
Writeback:             0 kB
AnonPages:       3134020 kB
Mapped:           612996 kB
Shmem:             16424 kB
KReclaimable:     340332 kB
Slab:             321100 kB
SReclaimable:      89184 kB
SUnreclaim:       231916 kB
KernelStack:       50768 kB
ShadowCallStack:   12716 kB
PageTables:        79132 kB
NFS_Unstable:          0 kB
Bounce:                0 kB
WritebackTmp:          0 kB
CommitLimit:     8677876 kB
Committed_AS:   74786544 kB
VmallocTotal:   263061440 kB
VmallocUsed:      134292 kB
VmallocChunk:          0 kB
Percpu:             2448 kB
CmaTotal:         405504 kB
CmaFree:               0 kB
MemTotal:        7918588 kB
MemFree:          833120 kB
MemAvailable:    1926096 kB
Buffers:            5012 kB
Cached:          1241348 kB
SwapCached:        10448 kB
Active:          3435680 kB
Inactive:         996472 kB
Active(anon):    3122600 kB
Inactive(anon):    84268 kB
Active(file):     313080 kB
Inactive(file):   912204 kB
Unevictable:        6224 kB
Mlocked:            5784 kB
SwapTotal:       4718584 kB
SwapFree:        3678200 kB
Dirty:               520 kB
Writeback:             0 kB
AnonPages:       3187380 kB
Mapped:           613364 kB
Shmem:             16424 kB
KReclaimable:     339836 kB
Slab:             321084 kB
SReclaimable:      89184 kB
SUnreclaim:       231900 kB
KernelStack:       50752 kB
ShadowCallStack:   12716 kB
PageTables:        79452 kB
NFS_Unstable:          0 kB
Bounce:                0 kB
WritebackTmp:          0 kB
CommitLimit:     8677876 kB
Committed_AS:   74917616 kB
VmallocTotal:   263061440 kB
VmallocUsed:      134276 kB
VmallocChunk:          0 kB
Percpu:             2448 kB
CmaTotal:         405504 kB
CmaFree:               0 kB
MemTotal:        7918588 kB
MemFree:          798788 kB
MemAvailable:    1891240 kB
Buffers:            5012 kB
Cached:          1241352 kB
SwapCached:        10448 kB
Active:          3468088 kB
Inactive:         996476 kB
Active(anon):    3155008 kB
Inactive(anon):    84268 kB
Active(file):     313080 kB
Inactive(file):   912208 kB
Unevictable:        6224 kB
Mlocked:            5784 kB
SwapTotal:       4718584 kB
SwapFree:        3678200 kB
Dirty:               524 kB
Writeback:             0 kB
AnonPages:       3219484 kB
Mapped:           613816 kB
Shmem:             16424 kB
KReclaimable:     339308 kB
Slab:             321108 kB
SReclaimable:      89184 kB
SUnreclaim:       231924 kB
KernelStack:       50720 kB
ShadowCallStack:   12736 kB
PageTables:        79516 kB
NFS_Unstable:          0 kB
Bounce:                0 kB
WritebackTmp:          0 kB
CommitLimit:     8677876 kB
Committed_AS:   74983048 kB
VmallocTotal:   263061440 kB
VmallocUsed:      134240 kB
VmallocChunk:          0 kB
Percpu:             2448 kB
CmaTotal:         405504 kB
CmaFree:               0 kB
MemTotal:        7918588 kB
MemFree:          787888 kB
MemAvailable:    1880196 kB
Buffers:            5036 kB
Cached:          1241352 kB
SwapCached:        10448 kB
Active:          3478272 kB
Inactive:         996488 kB
Active(anon):    3165192 kB
Inactive(anon):    84256 kB
Active(file):     313080 kB
Inactive(file):   912232 kB
Unevictable:        6224 kB
Mlocked:            5784 kB
SwapTotal:       4718584 kB
SwapFree:        3678200 kB
Dirty:               536 kB
Writeback:             0 kB
AnonPages:       3229996 kB
Mapped:           613796 kB
Shmem:             16424 kB
KReclaimable:     339140 kB
Slab:             321148 kB
SReclaimable:      89184 kB
SUnreclaim:       231964 kB
KernelStack:       50736 kB
ShadowCallStack:   12712 kB
PageTables:        79536 kB
NFS_Unstable:          0 kB
Bounce:                0 kB
WritebackTmp:          0 kB
CommitLimit:     8677876 kB
Committed_AS:   75015764 kB
VmallocTotal:   263061440 kB
VmallocUsed:      134196 kB
VmallocChunk:          0 kB
Percpu:             2448 kB
CmaTotal:         405504 kB
CmaFree:               0 kB
MemTotal:        7918588 kB
MemFree:          731160 kB
MemAvailable:    1822596 kB
Buffers:            5036 kB
Cached:          1241352 kB
SwapCached:        10448 kB
Active:          3534860 kB
Inactive:         996500 kB
Active(anon):    3221780 kB
Inactive(anon):    84268 kB
Active(file):     313080 kB
Inactive(file):   912232 kB
Unevictable:        6224 kB
Mlocked:            5784 kB
SwapTotal:       4718584 kB
SwapFree:        3678200 kB
Dirty:               536 kB
Writeback:             0 kB
AnonPages:       3286472 kB
Mapped:           614348 kB
Shmem:             16424 kB
KReclaimable:     338268 kB
Slab:             321136 kB
SReclaimable:      89184 kB
SUnreclaim:       231952 kB
KernelStack:       50496 kB
ShadowCallStack:   12648 kB
PageTables:        79892 kB
NFS_Unstable:          0 kB
Bounce:                0 kB
WritebackTmp:          0 kB
CommitLimit:     8677876 kB
Committed_AS:   75162492 kB
VmallocTotal:   263061440 kB
VmallocUsed:      133920 kB
VmallocChunk:          0 kB
Percpu:             2448 kB
CmaTotal:         405504 kB
CmaFree:               0 kB
MemTotal:        7918588 kB
MemFree:          705560 kB
MemAvailable:    1796460 kB
Buffers:            5036 kB
Cached:          1241360 kB
SwapCached:        10448 kB
Active:          3559068 kB
Inactive:         996496 kB
Active(anon):    3245988 kB
Inactive(anon):    84264 kB
Active(file):     313080 kB
Inactive(file):   912232 kB
Unevictable:        6224 kB
Mlocked:            5784 kB
SwapTotal:       4718584 kB
SwapFree:        3678200 kB
Dirty:               536 kB
Writeback:             0 kB
AnonPages:       3310404 kB
Mapped:           614712 kB
Shmem:             16432 kB
KReclaimable:     337732 kB
Slab:             321152 kB
SReclaimable:      89184 kB
SUnreclaim:       231968 kB
KernelStack:       50496 kB
ShadowCallStack:   12668 kB
PageTables:        80028 kB
NFS_Unstable:          0 kB
Bounce:                0 kB
WritebackTmp:          0 kB
CommitLimit:     8677876 kB
Committed_AS:   75195268 kB
VmallocTotal:   263061440 kB
VmallocUsed:      133940 kB
VmallocChunk:          0 kB
Percpu:             2448 kB
CmaTotal:         405504 kB
CmaFree:               0 kB
MemTotal:        7918588 kB
MemFree:          673020 kB
MemAvailable:    1763556 kB
Buffers:            5036 kB
Cached:          1241364 kB
SwapCached:        10448 kB
Active:          3592484 kB
Inactive:         996504 kB
Active(anon):    3279404 kB
Inactive(anon):    84268 kB
Active(file):     313080 kB
Inactive(file):   912236 kB
Unevictable:        6224 kB
Mlocked:            5784 kB
SwapTotal:       4718584 kB
SwapFree:        3678200 kB
Dirty:               540 kB
Writeback:            12 kB
AnonPages:       3344068 kB
Mapped:           614952 kB
Shmem:             16432 kB
KReclaimable:     337364 kB
Slab:             321244 kB
SReclaimable:      89184 kB
SUnreclaim:       232060 kB
KernelStack:       50496 kB
ShadowCallStack:   12648 kB
PageTables:        80128 kB
NFS_Unstable:          0 kB
Bounce:                0 kB
WritebackTmp:          0 kB
CommitLimit:     8677876 kB
Committed_AS:   75293576 kB
VmallocTotal:   263061440 kB
VmallocUsed:      133920 kB
VmallocChunk:          0 kB
Percpu:             2448 kB
CmaTotal:         405504 kB
CmaFree:               0 kB
MemTotal:        7918588 kB
MemFree:          626096 kB
MemAvailable:    1715812 kB
Buffers:            5036 kB
Cached:          1241368 kB
SwapCached:        10448 kB
Active:          3639564 kB
Inactive:         996488 kB
Active(anon):    3326484 kB
Inactive(anon):    84248 kB
Active(file):     313080 kB
Inactive(file):   912240 kB
Unevictable:        6224 kB
Mlocked:            5784 kB
SwapTotal:       4718584 kB
SwapFree:        3678200 kB
Dirty:               544 kB
Writeback:             0 kB
AnonPages:       3391104 kB
Mapped:           615308 kB
Shmem:             16432 kB
KReclaimable:     336540 kB
Slab:             321320 kB
SReclaimable:      89184 kB
SUnreclaim:       232136 kB
KernelStack:       50512 kB
ShadowCallStack:   12640 kB
PageTables:        80372 kB
NFS_Unstable:          0 kB
Bounce:                0 kB
WritebackTmp:          0 kB
CommitLimit:     8677876 kB
Committed_AS:   75375492 kB
VmallocTotal:   263061440 kB
VmallocUsed:      133924 kB
VmallocChunk:          0 kB
Percpu:             2448 kB
CmaTotal:         405504 kB
CmaFree:               0 kB
MemTotal:        7918588 kB
MemFree:          617252 kB
MemAvailable:    1706808 kB
Buffers:            5036 kB
Cached:          1241368 kB
SwapCached:        10448 kB
Active:          3648052 kB
Inactive:         996508 kB
Active(anon):    3334972 kB
Inactive(anon):    84268 kB
Active(file):     313080 kB
Inactive(file):   912240 kB
Unevictable:        6224 kB
Mlocked:            5784 kB
SwapTotal:       4718584 kB
SwapFree:        3678200 kB
Dirty:               148 kB
Writeback:             0 kB
AnonPages:       3399524 kB
Mapped:           615496 kB
Shmem:             16432 kB
KReclaimable:     336380 kB
Slab:             321248 kB
SReclaimable:      89184 kB
SUnreclaim:       232064 kB
KernelStack:       50432 kB
ShadowCallStack:   12644 kB
PageTables:        80292 kB
NFS_Unstable:          0 kB
Bounce:                0 kB
WritebackTmp:          0 kB
CommitLimit:     8677876 kB
Committed_AS:   75391772 kB
VmallocTotal:   263061440 kB
VmallocUsed:      133896 kB
VmallocChunk:          0 kB
Percpu:             2448 kB
CmaTotal:         405504 kB
CmaFree:               0 kB
MemTotal:        7918588 kB
MemFree:          562116 kB
MemAvailable:    1651048 kB
Buffers:            5044 kB
Cached:          1241368 kB
SwapCached:        10448 kB
Active:          3703960 kB
Inactive:         996516 kB
Active(anon):    3390880 kB
Inactive(anon):    84268 kB
Active(file):     313080 kB
Inactive(file):   912248 kB
Unevictable:        6224 kB
Mlocked:            5784 kB
SwapTotal:       4718584 kB
SwapFree:        3678200 kB
Dirty:               172 kB
Writeback:             0 kB
AnonPages:       3455596 kB
Mapped:           615800 kB
Shmem:             16432 kB
KReclaimable:     335748 kB
Slab:             321224 kB
SReclaimable:      89184 kB
SUnreclaim:       232040 kB
KernelStack:       50432 kB
ShadowCallStack:   12656 kB
PageTables:        80700 kB
NFS_Unstable:          0 kB
Bounce:                0 kB
WritebackTmp:          0 kB
CommitLimit:     8677876 kB
Committed_AS:   75539176 kB
VmallocTotal:   263061440 kB
VmallocUsed:      133864 kB
VmallocChunk:          0 kB
Percpu:             2448 kB
CmaTotal:         405504 kB
CmaFree:               0 kB
MemTotal:        7918588 kB
MemFree:          535512 kB
MemAvailable:    1623732 kB
Buffers:            5044 kB
Cached:          1241368 kB
SwapCached:        10448 kB
Active:          3729032 kB
Inactive:         996516 kB
Active(anon):    3415952 kB
Inactive(anon):    84268 kB
Active(file):     313080 kB
Inactive(file):   912248 kB
Unevictable:        6224 kB
Mlocked:            5784 kB
SwapTotal:       4718584 kB
SwapFree:        3678200 kB
Dirty:               172 kB
Writeback:             0 kB
AnonPages:       3480748 kB
Mapped:           616152 kB
Shmem:             16432 kB
KReclaimable:     335036 kB
Slab:             321284 kB
SReclaimable:      89184 kB
SUnreclaim:       232100 kB
KernelStack:       50352 kB
ShadowCallStack:   12624 kB
PageTables:        80796 kB
NFS_Unstable:          0 kB
Bounce:                0 kB
WritebackTmp:          0 kB
CommitLimit:     8677876 kB
Committed_AS:   75587964 kB
VmallocTotal:   263061440 kB
VmallocUsed:      133788 kB
VmallocChunk:          0 kB
Percpu:             2448 kB
CmaTotal:         405504 kB
CmaFree:               0 kB
MemTotal:        7918588 kB
MemFree:          518704 kB
MemAvailable:    1606764 kB
Buffers:            5044 kB
Cached:          1241376 kB
SwapCached:        10448 kB
Active:          3746680 kB
Inactive:         996524 kB
Active(anon):    3433600 kB
Inactive(anon):    84268 kB
Active(file):     313080 kB
Inactive(file):   912256 kB
Unevictable:        6224 kB
Mlocked:            5784 kB
SwapTotal:       4718584 kB
SwapFree:        3678200 kB
Dirty:               200 kB
Writeback:             0 kB
AnonPages:       3498248 kB
Mapped:           616356 kB
Shmem:             16432 kB
KReclaimable:     334868 kB
Slab:             321304 kB
SReclaimable:      89184 kB
SUnreclaim:       232120 kB
KernelStack:       50304 kB
ShadowCallStack:   12600 kB
PageTables:        80848 kB
NFS_Unstable:          0 kB
Bounce:                0 kB
WritebackTmp:          0 kB
CommitLimit:     8677876 kB
Committed_AS:   75653396 kB
VmallocTotal:   263061440 kB
VmallocUsed:      133712 kB
VmallocChunk:          0 kB
Percpu:             2448 kB
CmaTotal:         405504 kB
CmaFree:               0 kB
MemTotal:        7918588 kB
MemFree:          460508 kB
MemAvailable:    1547552 kB
Buffers:            5052 kB
Cached:          1241376 kB
SwapCached:        10448 kB
Active:          3804900 kB
Inactive:         996532 kB
Active(anon):    3491820 kB
Inactive(anon):    84268 kB
Active(file):     313080 kB
Inactive(file):   912264 kB
Unevictable:        6224 kB
Mlocked:            5784 kB
SwapTotal:       4718584 kB
SwapFree:        3678200 kB
Dirty:               216 kB
Writeback:             0 kB
AnonPages:       3556464 kB
Mapped:           616928 kB
Shmem:             16432 kB
KReclaimable:     333844 kB
Slab:             321380 kB
SReclaimable:      89184 kB
SUnreclaim:       232196 kB
KernelStack:       50304 kB
ShadowCallStack:   12600 kB
PageTables:        81064 kB
NFS_Unstable:          0 kB
Bounce:                0 kB
WritebackTmp:          0 kB
CommitLimit:     8677876 kB
Committed_AS:   75751700 kB
VmallocTotal:   263061440 kB
VmallocUsed:      133712 kB
VmallocChunk:          0 kB
Percpu:             2448 kB
CmaTotal:         405504 kB
CmaFree:               0 kB
MemTotal:        7918588 kB
MemFree:          448668 kB
MemAvailable:    1535560 kB
Buffers:            5076 kB
Cached:          1241368 kB
SwapCached:        10448 kB
Active:          3817096 kB
Inactive:         996544 kB
Active(anon):    3504016 kB
Inactive(anon):    84264 kB
Active(file):     313080 kB
Inactive(file):   912280 kB
Unevictable:        6224 kB
Mlocked:            5784 kB
SwapTotal:       4718584 kB
SwapFree:        3678200 kB
Dirty:               216 kB
Writeback:             0 kB
AnonPages:       3568556 kB
Mapped:           616984 kB
Shmem:             16432 kB
KReclaimable:     333676 kB
Slab:             321388 kB
SReclaimable:      89184 kB
SUnreclaim:       232204 kB
KernelStack:       50240 kB
ShadowCallStack:   12600 kB
PageTables:        81000 kB
NFS_Unstable:          0 kB
Bounce:                0 kB
WritebackTmp:          0 kB
CommitLimit:     8677876 kB
Committed_AS:   75784312 kB
VmallocTotal:   263061440 kB
VmallocUsed:      133656 kB
VmallocChunk:          0 kB
Percpu:             2448 kB
CmaTotal:         405504 kB
CmaFree:               8 kB
MemTotal:        7918588 kB
MemFree:          171760 kB
MemAvailable:     829916 kB
Buffers:            2620 kB
Cached:           793924 kB
SwapCached:        10448 kB
Active:          4730124 kB
Inactive:         426116 kB
Active(anon):    4296792 kB
Inactive(anon):    84072 kB
Active(file):     433332 kB
Inactive(file):   342044 kB
Unevictable:        6224 kB
Mlocked:            5784 kB
SwapTotal:       4718584 kB
SwapFree:        3685112 kB
Dirty:               236 kB
Writeback:             0 kB
AnonPages:       4361292 kB
Mapped:           562652 kB
Shmem:             16516 kB
KReclaimable:     273004 kB
Slab:             316632 kB
SReclaimable:      83648 kB
SUnreclaim:       232984 kB
KernelStack:       50032 kB
ShadowCallStack:   12540 kB
PageTables:        84300 kB
NFS_Unstable:          0 kB
Bounce:                0 kB
WritebackTmp:          0 kB
CommitLimit:     8677876 kB
Committed_AS:   77491796 kB
VmallocTotal:   263061440 kB
VmallocUsed:      133416 kB
VmallocChunk:          0 kB
Percpu:             2448 kB
CmaTotal:         405504 kB
CmaFree:               0 kB
MemTotal:        7918588 kB
MemFree:          170644 kB
MemAvailable:     825152 kB
Buffers:            2620 kB
Cached:           790356 kB
SwapCached:        10448 kB
Active:          4734856 kB
Inactive:         422288 kB
Active(anon):    4301260 kB
Inactive(anon):    84076 kB
Active(file):     433596 kB
Inactive(file):   338212 kB
Unevictable:        6224 kB
Mlocked:            5784 kB
SwapTotal:       4718584 kB
SwapFree:        3685112 kB
Dirty:               236 kB
Writeback:             0 kB
AnonPages:       4365804 kB
Mapped:           562252 kB
Shmem:             16516 kB
KReclaimable:     272924 kB
Slab:             316580 kB
SReclaimable:      83616 kB
SUnreclaim:       232964 kB
KernelStack:       50048 kB
ShadowCallStack:   12540 kB
PageTables:        84320 kB
NFS_Unstable:          0 kB
Bounce:                0 kB
WritebackTmp:          0 kB
CommitLimit:     8677876 kB
Committed_AS:   77491796 kB
VmallocTotal:   263061440 kB
VmallocUsed:      133416 kB
VmallocChunk:          0 kB
Percpu:             2448 kB
CmaTotal:         405504 kB
CmaFree:               0 kB
MemTotal:        7918588 kB
MemFree:          174564 kB
MemAvailable:     773180 kB
Buffers:            2620 kB
Cached:           739588 kB
SwapCached:        10448 kB
Active:          4802660 kB
Inactive:         353864 kB
Active(anon):    4351412 kB
Inactive(anon):    84072 kB
Active(file):     451248 kB
Inactive(file):   269792 kB
Unevictable:        6224 kB
Mlocked:            5784 kB
SwapTotal:       4718584 kB
SwapFree:        3685112 kB
Dirty:               236 kB
Writeback:             0 kB
AnonPages:       4415816 kB
Mapped:           538964 kB
Shmem:             16516 kB
KReclaimable:     267784 kB
Slab:             316276 kB
SReclaimable:      83148 kB
SUnreclaim:       233128 kB
KernelStack:       50080 kB
ShadowCallStack:   12544 kB
PageTables:        84684 kB
NFS_Unstable:          0 kB
Bounce:                0 kB
WritebackTmp:          0 kB
CommitLimit:     8677876 kB
Committed_AS:   77622912 kB
VmallocTotal:   263061440 kB
VmallocUsed:      133420 kB
VmallocChunk:          0 kB
Percpu:             2448 kB
CmaTotal:         405504 kB
CmaFree:               0 kB
MemTotal:        7918588 kB
MemFree:          171104 kB
MemAvailable:     736796 kB
Buffers:            2608 kB
Cached:           709108 kB
SwapCached:        10448 kB
Active:          4844360 kB
Inactive:         318468 kB
Active(anon):    4388312 kB
Inactive(anon):    84072 kB
Active(file):     456048 kB
Inactive(file):   234396 kB
Unevictable:        6224 kB
Mlocked:            5784 kB
SwapTotal:       4718584 kB
SwapFree:        3685112 kB
Dirty:               288 kB
Writeback:             0 kB
AnonPages:       4452724 kB
Mapped:           534328 kB
Shmem:             16536 kB
KReclaimable:     265472 kB
Slab:             316000 kB
SReclaimable:      82876 kB
SUnreclaim:       233124 kB
KernelStack:       50064 kB
ShadowCallStack:   12560 kB
PageTables:        84708 kB
NFS_Unstable:          0 kB
Bounce:                0 kB
WritebackTmp:          0 kB
CommitLimit:     8677876 kB
Committed_AS:   77672040 kB
VmallocTotal:   263061440 kB
VmallocUsed:      133396 kB
VmallocChunk:          0 kB
Percpu:             2448 kB
CmaTotal:         405504 kB
CmaFree:               0 kB
MemTotal:        7918588 kB
MemFree:          170260 kB
MemAvailable:     727188 kB
Buffers:            2608 kB
Cached:           701360 kB
SwapCached:        10448 kB
Active:          4853852 kB
Inactive:         310788 kB
Active(anon):    4397792 kB
Inactive(anon):    84068 kB
Active(file):     456060 kB
Inactive(file):   226720 kB
Unevictable:        6224 kB
Mlocked:            5784 kB
SwapTotal:       4718584 kB
SwapFree:        3685112 kB
Dirty:               292 kB
Writeback:             0 kB
AnonPages:       4462524 kB
Mapped:           534348 kB
Shmem:             16536 kB
KReclaimable:     264372 kB
Slab:             315768 kB
SReclaimable:      82624 kB
SUnreclaim:       233144 kB
KernelStack:       50048 kB
ShadowCallStack:   12536 kB
PageTables:        84916 kB
NFS_Unstable:          0 kB
Bounce:                0 kB
WritebackTmp:          0 kB
CommitLimit:     8677876 kB
Committed_AS:   77704808 kB
VmallocTotal:   263061440 kB
VmallocUsed:      133396 kB
VmallocChunk:          0 kB
Percpu:             2448 kB
CmaTotal:         405504 kB
CmaFree:               4 kB
MemTotal:        7918588 kB
MemFree:          170792 kB
MemAvailable:     660008 kB
Buffers:            2528 kB
Cached:           640272 kB
SwapCached:        10448 kB
Active:          4930696 kB
Inactive:         237768 kB
Active(anon):    4462812 kB
Inactive(anon):    84064 kB
Active(file):     467884 kB
Inactive(file):   153704 kB
Unevictable:        6224 kB
Mlocked:            5784 kB
SwapTotal:       4718584 kB
SwapFree:        3685112 kB
Dirty:               380 kB
Writeback:             0 kB
AnonPages:       4527348 kB
Mapped:           533568 kB
Shmem:             16536 kB
KReclaimable:     257852 kB
Slab:             314184 kB
SReclaimable:      81088 kB
SUnreclaim:       233096 kB
KernelStack:       50032 kB
ShadowCallStack:   12540 kB
PageTables:        84896 kB
NFS_Unstable:          0 kB
Bounce:                0 kB
WritebackTmp:          0 kB
CommitLimit:     8677876 kB
Committed_AS:   77852264 kB
VmallocTotal:   263061440 kB
VmallocUsed:      133404 kB
VmallocChunk:          0 kB
Percpu:             2448 kB
CmaTotal:         405504 kB
CmaFree:               0 kB
MemTotal:        7918588 kB
MemFree:          170008 kB
MemAvailable:     646544 kB
Buffers:            2536 kB
Cached:           628752 kB
SwapCached:        10448 kB
Active:          4944424 kB
Inactive:         226288 kB
Active(anon):    4476540 kB
Inactive(anon):    84072 kB
Active(file):     467884 kB
Inactive(file):   142216 kB
Unevictable:        6224 kB
Mlocked:            5784 kB
SwapTotal:       4718584 kB
SwapFree:        3685112 kB
Dirty:               240 kB
Writeback:            64 kB
AnonPages:       4541040 kB
Mapped:           533724 kB
Shmem:             16536 kB
KReclaimable:     256660 kB
Slab:             314016 kB
SReclaimable:      80800 kB
SUnreclaim:       233216 kB
KernelStack:       50064 kB
ShadowCallStack:   12540 kB
PageTables:        85204 kB
NFS_Unstable:          0 kB
Bounce:                0 kB
WritebackTmp:          0 kB
CommitLimit:     8677876 kB
Committed_AS:   77868648 kB
VmallocTotal:   263061440 kB
VmallocUsed:      133396 kB
VmallocChunk:          0 kB
Percpu:             2448 kB
CmaTotal:         405504 kB
CmaFree:               0 kB
MemTotal:        7918588 kB
MemFree:          172092 kB
MemAvailable:     611644 kB
Buffers:            2560 kB
Cached:           594796 kB
SwapCached:        10448 kB
Active:          4978952 kB
Inactive:         191672 kB
Active(anon):    4510384 kB
Inactive(anon):    84072 kB
Active(file):     468568 kB
Inactive(file):   107600 kB
Unevictable:        6224 kB
Mlocked:            5784 kB
SwapTotal:       4718584 kB
SwapFree:        3685112 kB
Dirty:               288 kB
Writeback:             0 kB
AnonPages:       4574912 kB
Mapped:           534232 kB
Shmem:             16536 kB
KReclaimable:     253608 kB
Slab:             313172 kB
SReclaimable:      79988 kB
SUnreclaim:       233184 kB
KernelStack:       50064 kB
ShadowCallStack:   12552 kB
PageTables:        85340 kB
NFS_Unstable:          0 kB
Bounce:                0 kB
WritebackTmp:          0 kB
CommitLimit:     8677876 kB
Committed_AS:   77966952 kB
VmallocTotal:   263061440 kB
VmallocUsed:      133444 kB
VmallocChunk:          0 kB
Percpu:             2448 kB
CmaTotal:         405504 kB
CmaFree:               0 kB
MemTotal:        7918588 kB
MemFree:          173112 kB
MemAvailable:     561592 kB
Buffers:            2560 kB
Cached:           548672 kB
SwapCached:        10448 kB
Active:          5028036 kB
Inactive:         145548 kB
Active(anon):    4559468 kB
Inactive(anon):    84072 kB
Active(file):     468568 kB
Inactive(file):    61476 kB
Unevictable:        6224 kB
Mlocked:            5784 kB
SwapTotal:       4718584 kB
SwapFree:        3685112 kB
Dirty:               300 kB
Writeback:             0 kB
AnonPages:       4623708 kB
Mapped:           534796 kB
Shmem:             16536 kB
KReclaimable:     248660 kB
Slab:             311896 kB
SReclaimable:      78632 kB
SUnreclaim:       233264 kB
KernelStack:       49776 kB
ShadowCallStack:   12468 kB
PageTables:        85532 kB
NFS_Unstable:          0 kB
Bounce:                0 kB
WritebackTmp:          0 kB
CommitLimit:     8677876 kB
Committed_AS:   78065256 kB
VmallocTotal:   263061440 kB
VmallocUsed:      133052 kB
VmallocChunk:          0 kB
Percpu:             2448 kB
CmaTotal:         405504 kB
CmaFree:               0 kB
MemTotal:        7918588 kB
MemFree:          170884 kB
MemAvailable:     555356 kB
Buffers:            2560 kB
Cached:           544832 kB
SwapCached:        10448 kB
Active:          5033972 kB
Inactive:         141688 kB
Active(anon):    4565404 kB
Inactive(anon):    84052 kB
Active(file):     468568 kB
Inactive(file):    57636 kB
Unevictable:        6224 kB
Mlocked:            5784 kB
SwapTotal:       4718584 kB
SwapFree:        3685112 kB
Dirty:               300 kB
Writeback:             0 kB
AnonPages:       4629720 kB
Mapped:           534816 kB
Shmem:             16536 kB
KReclaimable:     248492 kB
Slab:             311772 kB
SReclaimable:      78504 kB
SUnreclaim:       233268 kB
KernelStack:       49792 kB
ShadowCallStack:   12460 kB
PageTables:        85536 kB
NFS_Unstable:          0 kB
Bounce:                0 kB
WritebackTmp:          0 kB
CommitLimit:     8677876 kB
Committed_AS:   78065276 kB
VmallocTotal:   263061440 kB
VmallocUsed:      133072 kB
VmallocChunk:          0 kB
Percpu:             2448 kB
CmaTotal:         405504 kB
CmaFree:              20 kB
MemTotal:        7918588 kB
MemFree:          170448 kB
MemAvailable:     512356 kB
Buffers:             500 kB
Cached:           511700 kB
SwapCached:        10444 kB
Active:          5159180 kB
Inactive:          22512 kB
Active(anon):    4673012 kB
Inactive(anon):    17632 kB
Active(file):     486168 kB
Inactive(file):     4880 kB
Unevictable:        6224 kB
Mlocked:            5784 kB
SwapTotal:       4718584 kB
SwapFree:        3672312 kB
Dirty:               344 kB
Writeback:             0 kB
AnonPages:       4671208 kB
Mapped:           535420 kB
Shmem:             16500 kB
KReclaimable:     239644 kB
Slab:             310860 kB
SReclaimable:      77512 kB
SUnreclaim:       233348 kB
KernelStack:       49760 kB
ShadowCallStack:   12468 kB
PageTables:        85768 kB
NFS_Unstable:          0 kB
Bounce:                0 kB
WritebackTmp:          0 kB
CommitLimit:     8677876 kB
Committed_AS:   78196348 kB
VmallocTotal:   263061440 kB
VmallocUsed:      133036 kB
VmallocChunk:          0 kB
Percpu:             2448 kB
CmaTotal:         405504 kB
CmaFree:             384 kB
MemTotal:        7918588 kB
MemFree:          174476 kB
MemAvailable:     497288 kB
Buffers:             432 kB
Cached:           500480 kB
SwapCached:        10444 kB
Active:           203540 kB
Inactive:        4990968 kB
Active(anon):     138540 kB
Inactive(anon):  4576268 kB
Active(file):      65000 kB
Inactive(file):   414700 kB
Unevictable:        6224 kB
Mlocked:            5784 kB
SwapTotal:       4718584 kB
SwapFree:        3668728 kB
Dirty:               288 kB
Writeback:             0 kB
AnonPages:       4695024 kB
Mapped:           528232 kB
Shmem:             16296 kB
KReclaimable:     224152 kB
Slab:             310276 kB
SReclaimable:      76860 kB
SUnreclaim:       233416 kB
KernelStack:       49808 kB
ShadowCallStack:   12472 kB
PageTables:        85860 kB
NFS_Unstable:          0 kB
Bounce:                0 kB
WritebackTmp:          0 kB
CommitLimit:     8677876 kB
Committed_AS:   78261888 kB
VmallocTotal:   263061440 kB
VmallocUsed:      133072 kB
VmallocChunk:          0 kB
Percpu:             2448 kB
CmaTotal:         405504 kB
CmaFree:             592 kB
MemTotal:        7918588 kB
MemFree:          167852 kB
MemAvailable:     486484 kB
Buffers:             432 kB
Cached:           497452 kB
SwapCached:        10444 kB
Active:           264488 kB
Inactive:        4936972 kB
Active(anon):     197740 kB
Inactive(anon):  4526888 kB
Active(file):      66748 kB
Inactive(file):   410084 kB
Unevictable:        6224 kB
Mlocked:            5784 kB
SwapTotal:       4718584 kB
SwapFree:        3666424 kB
Dirty:               288 kB
Writeback:             4 kB
AnonPages:       4705360 kB
Mapped:           526288 kB
Shmem:             16404 kB
KReclaimable:     221524 kB
Slab:             310180 kB
SReclaimable:      76832 kB
SUnreclaim:       233348 kB
KernelStack:       49760 kB
ShadowCallStack:   12496 kB
PageTables:        85748 kB
NFS_Unstable:          0 kB
Bounce:                0 kB
WritebackTmp:          0 kB
CommitLimit:     8677876 kB
Committed_AS:   78278268 kB
VmallocTotal:   263061440 kB
VmallocUsed:      133056 kB
VmallocChunk:          0 kB
Percpu:             2448 kB
CmaTotal:         405504 kB
CmaFree:              20 kB
MemTotal:        7918588 kB
MemFree:          169040 kB
MemAvailable:     438992 kB
Buffers:             428 kB
Cached:           452876 kB
SwapCached:        10432 kB
Active:           371612 kB
Inactive:        4832236 kB
Active(anon):     296716 kB
Inactive(anon):  4474848 kB
Active(file):      74896 kB
Inactive(file):   357388 kB
Unevictable:        6224 kB
Mlocked:            5784 kB
SwapTotal:       4718584 kB
SwapFree:        3652600 kB
Dirty:               352 kB
Writeback:             0 kB
AnonPages:       4752152 kB
Mapped:           500376 kB
Shmem:             16368 kB
KReclaimable:     213260 kB
Slab:             310296 kB
SReclaimable:      76840 kB
SUnreclaim:       233456 kB
KernelStack:       49776 kB
ShadowCallStack:   12468 kB
PageTables:        86272 kB
NFS_Unstable:          0 kB
Bounce:                0 kB
WritebackTmp:          0 kB
CommitLimit:     8677876 kB
Committed_AS:   78425728 kB
VmallocTotal:   263061440 kB
VmallocUsed:      133052 kB
VmallocChunk:          0 kB
Percpu:             2448 kB
CmaTotal:         405504 kB
CmaFree:               0 kB
MemTotal:        7918588 kB
MemFree:          172904 kB
MemAvailable:     424772 kB
Buffers:             432 kB
Cached:           435272 kB
SwapCached:        10440 kB
Active:           407356 kB
Inactive:        4793704 kB
Active(anon):     318056 kB
Inactive(anon):  4468160 kB
Active(file):      89300 kB
Inactive(file):   325544 kB
Unevictable:        6224 kB
Mlocked:            5784 kB
SwapTotal:       4718584 kB
SwapFree:        3656184 kB
Dirty:               380 kB
Writeback:             0 kB
AnonPages:       4766824 kB
Mapped:           494720 kB
Shmem:             16208 kB
KReclaimable:     211972 kB
Slab:             310368 kB
SReclaimable:      76808 kB
SUnreclaim:       233560 kB
KernelStack:       49792 kB
ShadowCallStack:   12472 kB
PageTables:        86312 kB
NFS_Unstable:          0 kB
Bounce:                0 kB
WritebackTmp:          0 kB
CommitLimit:     8677876 kB
Committed_AS:   78458332 kB
VmallocTotal:   263061440 kB
VmallocUsed:      133072 kB
VmallocChunk:          0 kB
Percpu:             2448 kB
CmaTotal:         405504 kB
CmaFree:             840 kB
MemTotal:        7918588 kB
MemFree:          170916 kB
MemAvailable:     393356 kB
Buffers:             424 kB
Cached:           406824 kB
SwapCached:        10440 kB
Active:           445668 kB
Inactive:        4758480 kB
Active(anon):     349672 kB
Inactive(anon):  4468128 kB
Active(file):      95996 kB
Inactive(file):   290352 kB
Unevictable:        6224 kB
Mlocked:            5784 kB
SwapTotal:       4718584 kB
SwapFree:        3656184 kB
Dirty:               412 kB
Writeback:             0 kB
AnonPages:       4798172 kB
Mapped:           484676 kB
Shmem:             16208 kB
KReclaimable:     210108 kB
Slab:             310260 kB
SReclaimable:      76800 kB
SUnreclaim:       233460 kB
KernelStack:       49792 kB
ShadowCallStack:   12468 kB
PageTables:        86372 kB
NFS_Unstable:          0 kB
Bounce:                0 kB
WritebackTmp:          0 kB
CommitLimit:     8677876 kB
Committed_AS:   78540252 kB
VmallocTotal:   263061440 kB
VmallocUsed:      133076 kB
VmallocChunk:          0 kB
Percpu:             2448 kB
CmaTotal:         405504 kB
CmaFree:               0 kB
MemTotal:        7918588 kB
MemFree:          170948 kB
MemAvailable:     340488 kB
Buffers:             416 kB
Cached:           355452 kB
SwapCached:        10440 kB
Active:           502572 kB
Inactive:        4704268 kB
Active(anon):     403868 kB
Inactive(anon):  4468116 kB
Active(file):      98704 kB
Inactive(file):   236152 kB
Unevictable:        6224 kB
Mlocked:            5784 kB
SwapTotal:       4718584 kB
SwapFree:        3656184 kB
Dirty:               244 kB
Writeback:             0 kB
AnonPages:       4852768 kB
Mapped:           469112 kB
Shmem:             16208 kB
KReclaimable:     207296 kB
Slab:             310320 kB
SReclaimable:      76796 kB
SUnreclaim:       233524 kB
KernelStack:       49808 kB
ShadowCallStack:   12480 kB
PageTables:        86524 kB
NFS_Unstable:          0 kB
Bounce:                0 kB
WritebackTmp:          0 kB
CommitLimit:     8677876 kB
Committed_AS:   78671324 kB
VmallocTotal:   263061440 kB
VmallocUsed:      133092 kB
VmallocChunk:          0 kB
Percpu:             2448 kB
CmaTotal:         405504 kB
CmaFree:               0 kB
MemTotal:        7918588 kB
MemFree:          170668 kB
MemAvailable:     335564 kB
Buffers:             416 kB
Cached:           351284 kB
SwapCached:        10444 kB
Active:           513608 kB
Inactive:        4693160 kB
Active(anon):     408284 kB
Inactive(anon):  4467852 kB
Active(file):     105324 kB
Inactive(file):   225308 kB
Unevictable:        6224 kB
Mlocked:            5784 kB
SwapTotal:       4718584 kB
SwapFree:        3657464 kB
Dirty:               196 kB
Writeback:             0 kB
AnonPages:       4856908 kB
Mapped:           469004 kB
Shmem:             16208 kB
KReclaimable:     206452 kB
Slab:             310344 kB
SReclaimable:      76784 kB
SUnreclaim:       233560 kB
KernelStack:       49808 kB
ShadowCallStack:   12476 kB
PageTables:        86756 kB
NFS_Unstable:          0 kB
Bounce:                0 kB
WritebackTmp:          0 kB
CommitLimit:     8677876 kB
Committed_AS:   78671324 kB
VmallocTotal:   263061440 kB
VmallocUsed:      133048 kB
VmallocChunk:          0 kB
Percpu:             2448 kB
CmaTotal:         405504 kB
CmaFree:               0 kB
MemTotal:        7918588 kB
MemFree:          170492 kB
MemAvailable:     285020 kB
Buffers:             436 kB
Cached:           302320 kB
SwapCached:        10444 kB
Active:           587344 kB
Inactive:        4622088 kB
Active(anon):     459772 kB
Inactive(anon):  4467828 kB
Active(file):     127572 kB
Inactive(file):   154260 kB
Unevictable:        6224 kB
Mlocked:            5784 kB
SwapTotal:       4718584 kB
SwapFree:        3657464 kB
Dirty:               280 kB
Writeback:            20 kB
AnonPages:       4908404 kB
Mapped:           433752 kB
Shmem:             16208 kB
KReclaimable:     203316 kB
Slab:             310352 kB
SReclaimable:      76784 kB
SUnreclaim:       233568 kB
KernelStack:       49808 kB
ShadowCallStack:   12500 kB
PageTables:        86732 kB
NFS_Unstable:          0 kB
Bounce:                0 kB
WritebackTmp:          0 kB
CommitLimit:     8677876 kB
Committed_AS:   78818780 kB
VmallocTotal:   263061440 kB
VmallocUsed:      133096 kB
VmallocChunk:          0 kB
Percpu:             2448 kB
CmaTotal:         405504 kB
CmaFree:               0 kB
MemTotal:        7918588 kB
MemFree:          170324 kB
MemAvailable:     254360 kB
Buffers:             436 kB
Cached:           273192 kB
SwapCached:        10444 kB
Active:           636244 kB
Inactive:        4575992 kB
Active(anon):     492988 kB
Inactive(anon):  4466572 kB
Active(file):     143256 kB
Inactive(file):   109420 kB
Unevictable:        6224 kB
Mlocked:            5784 kB
SwapTotal:       4718584 kB
SwapFree:        3657464 kB
Dirty:               304 kB
Writeback:             0 kB
AnonPages:       4940160 kB
Mapped:           402332 kB
Shmem:             16208 kB
KReclaimable:     200648 kB
Slab:             309964 kB
SReclaimable:      76188 kB
SUnreclaim:       233776 kB
KernelStack:       49824 kB
ShadowCallStack:   12472 kB
PageTables:        87204 kB
NFS_Unstable:          0 kB
Bounce:                0 kB
WritebackTmp:          0 kB
CommitLimit:     8677876 kB
Committed_AS:   78867932 kB
VmallocTotal:   263061440 kB
VmallocUsed:      133096 kB
VmallocChunk:          0 kB
Percpu:             2448 kB
CmaTotal:         405504 kB
CmaFree:              76 kB
MemTotal:        7918588 kB
MemFree:          172200 kB
MemAvailable:     242988 kB
Buffers:             436 kB
Cached:           257532 kB
SwapCached:        10444 kB
Active:           651588 kB
Inactive:        4559556 kB
Active(anon):     507204 kB
Inactive(anon):  4466500 kB
Active(file):     144384 kB
Inactive(file):    93056 kB
Unevictable:        6224 kB
Mlocked:            5784 kB
SwapTotal:       4718584 kB
SwapFree:        3657464 kB
Dirty:               304 kB
Writeback:             0 kB
AnonPages:       4954188 kB
Mapped:           386112 kB
Shmem:             16208 kB
KReclaimable:     199540 kB
Slab:             309496 kB
SReclaimable:      75888 kB
SUnreclaim:       233608 kB
KernelStack:       49760 kB
ShadowCallStack:   12488 kB
PageTables:        86688 kB
NFS_Unstable:          0 kB
Bounce:                0 kB
WritebackTmp:          0 kB
CommitLimit:     8677876 kB
Committed_AS:   78900700 kB
VmallocTotal:   263061440 kB
VmallocUsed:      133072 kB
VmallocChunk:          0 kB
Percpu:             2448 kB
CmaTotal:         405504 kB
CmaFree:               0 kB
MemTotal:        7918588 kB
MemFree:          164976 kB
MemAvailable:     206924 kB
Buffers:             384 kB
Cached:           207960 kB
SwapCached:        10360 kB
Active:           781200 kB
Inactive:        4442128 kB
Active(anon):     593608 kB
Inactive(anon):  4442128 kB
Active(file):     187592 kB
Inactive(file):        0 kB
Unevictable:        6224 kB
Mlocked:            5784 kB
SwapTotal:       4718584 kB
SwapFree:        3651576 kB
Dirty:               328 kB
Writeback:             4 kB
AnonPages:       5016780 kB
Mapped:           338432 kB
Shmem:             16096 kB
KReclaimable:     191708 kB
Slab:             307304 kB
SReclaimable:      73552 kB
SUnreclaim:       233752 kB
KernelStack:       49904 kB
ShadowCallStack:   12500 kB
PageTables:        87536 kB
NFS_Unstable:          0 kB
Bounce:                0 kB
WritebackTmp:          0 kB
CommitLimit:     8677876 kB
Committed_AS:   79064804 kB
VmallocTotal:   263061440 kB
VmallocUsed:      133200 kB
VmallocChunk:          0 kB
Percpu:             2448 kB
CmaTotal:         405504 kB
CmaFree:               0 kB
MemTotal:        7918588 kB
MemFree:          180348 kB
MemAvailable:     258216 kB
Buffers:             392 kB
Cached:           345632 kB
SwapCached:         6532 kB
Active:          2500632 kB
Inactive:        2818236 kB
Active(anon):    2173644 kB
Inactive(anon):  2818236 kB
Active(file):     326988 kB
Inactive(file):        0 kB
Unevictable:        6364 kB
Mlocked:            5924 kB
SwapTotal:       4718584 kB
SwapFree:        3622392 kB
Dirty:               340 kB
Writeback:             4 kB
AnonPages:       4978304 kB
Mapped:           368256 kB
Shmem:             14180 kB
KReclaimable:     124152 kB
Slab:             304460 kB
SReclaimable:      72680 kB
SUnreclaim:       231780 kB
KernelStack:       48336 kB
ShadowCallStack:   12112 kB
PageTables:        83708 kB
NFS_Unstable:          0 kB
Bounce:                0 kB
WritebackTmp:          0 kB
CommitLimit:     8677876 kB
Committed_AS:   72484000 kB
VmallocTotal:   263061440 kB
VmallocUsed:      131236 kB
VmallocChunk:          0 kB
Percpu:             2448 kB
CmaTotal:         405504 kB
CmaFree:               0 kB
MemTotal:        7918588 kB
MemFree:          395792 kB
MemAvailable:     489792 kB
Buffers:             976 kB
Cached:           383584 kB
SwapCached:         9048 kB
Active:          3207996 kB
Inactive:        1941980 kB
Active(anon):    2850604 kB
Inactive(anon):  1933832 kB
Active(file):     357392 kB
Inactive(file):     8148 kB
Unevictable:        6364 kB
Mlocked:            5924 kB
SwapTotal:       4718584 kB
SwapFree:        3391992 kB
Dirty:               252 kB
Writeback:             0 kB
AnonPages:       4768784 kB
Mapped:           384420 kB
Shmem:             14192 kB
KReclaimable:     117860 kB
Slab:             304556 kB
SReclaimable:      72976 kB
SUnreclaim:       231580 kB
KernelStack:       48624 kB
ShadowCallStack:   12180 kB
PageTables:        84300 kB
NFS_Unstable:          0 kB
Bounce:                0 kB
WritebackTmp:          0 kB
CommitLimit:     8677876 kB
Committed_AS:   73869640 kB
VmallocTotal:   263061440 kB
VmallocUsed:      131588 kB
VmallocChunk:          0 kB
Percpu:             2448 kB
CmaTotal:         405504 kB
CmaFree:              52 kB
MemTotal:        7918588 kB
MemFree:          326632 kB
MemAvailable:     423084 kB
Buffers:             988 kB
Cached:           389104 kB
SwapCached:         9040 kB
Active:          3275896 kB
Inactive:        1941584 kB
Active(anon):    2913004 kB
Inactive(anon):  1933280 kB
Active(file):     362892 kB
Inactive(file):     8304 kB
Unevictable:        6364 kB
Mlocked:            5924 kB
SwapTotal:       4718584 kB
SwapFree:        3395576 kB
Dirty:               252 kB
Writeback:             0 kB
AnonPages:       4830520 kB
Mapped:           388140 kB
Shmem:             14244 kB
KReclaimable:     117112 kB
Slab:             304724 kB
SReclaimable:      72980 kB
SUnreclaim:       231744 kB
KernelStack:       48624 kB
ShadowCallStack:   12180 kB
PageTables:        84752 kB
NFS_Unstable:          0 kB
Bounce:                0 kB
WritebackTmp:          0 kB
CommitLimit:     8677876 kB
Committed_AS:   73984420 kB
VmallocTotal:   263061440 kB
VmallocUsed:      131624 kB
VmallocChunk:          0 kB
Percpu:             2448 kB
CmaTotal:         405504 kB
CmaFree:               0 kB
MemTotal:        7918588 kB
MemFree:          313556 kB
MemAvailable:     411476 kB
Buffers:             988 kB
Cached:           392680 kB
SwapCached:         9100 kB
Active:          3290336 kB
Inactive:        1941612 kB
Active(anon):    2924336 kB
Inactive(anon):  1933244 kB
Active(file):     366000 kB
Inactive(file):     8368 kB
Unevictable:        6364 kB
Mlocked:            5924 kB
SwapTotal:       4718584 kB
SwapFree:        3398648 kB
Dirty:               392 kB
Writeback:             0 kB
AnonPages:       4841508 kB
Mapped:           390916 kB
Shmem:             14648 kB
KReclaimable:     116876 kB
Slab:             304780 kB
SReclaimable:      73064 kB
SUnreclaim:       231716 kB
KernelStack:       48624 kB
ShadowCallStack:   12180 kB
PageTables:        84664 kB
NFS_Unstable:          0 kB
Bounce:                0 kB
WritebackTmp:          0 kB
CommitLimit:     8677876 kB
Committed_AS:   74000832 kB
VmallocTotal:   263061440 kB
VmallocUsed:      131588 kB
VmallocChunk:          0 kB
Percpu:             2448 kB
CmaTotal:         405504 kB
CmaFree:               0 kB
MemTotal:        7918588 kB
MemFree:          263416 kB
MemAvailable:     361052 kB
Buffers:             988 kB
Cached:           392688 kB
SwapCached:         9100 kB
Active:          3339880 kB
Inactive:        1941612 kB
Active(anon):    2973880 kB
Inactive(anon):  1933244 kB
Active(file):     366000 kB
Inactive(file):     8368 kB
Unevictable:        6364 kB
Mlocked:            5924 kB
SwapTotal:       4718584 kB
SwapFree:        3399416 kB
Dirty:               224 kB
Writeback:             0 kB
AnonPages:       4891028 kB
Mapped:           391256 kB
Shmem:             14656 kB
KReclaimable:     116308 kB
Slab:             304764 kB
SReclaimable:      73064 kB
SUnreclaim:       231700 kB
KernelStack:       48624 kB
ShadowCallStack:   12188 kB
PageTables:        84916 kB
NFS_Unstable:          0 kB
Bounce:                0 kB
WritebackTmp:          0 kB
CommitLimit:     8677876 kB
Committed_AS:   74115496 kB
VmallocTotal:   263061440 kB
VmallocUsed:      131588 kB
VmallocChunk:          0 kB
Percpu:             2448 kB
CmaTotal:         405504 kB
CmaFree:               0 kB
MemTotal:        7918588 kB
MemFree:          235816 kB
MemAvailable:     403900 kB
Buffers:             988 kB
Cached:           397912 kB
SwapCached:         9100 kB
Active:          3378472 kB
Inactive:        1931980 kB
Active(anon):    3007360 kB
Inactive(anon):  1923608 kB
Active(file):     371112 kB
Inactive(file):     8372 kB
Unevictable:        6364 kB
Mlocked:            5924 kB
SwapTotal:       4718584 kB
SwapFree:        3393016 kB
Dirty:               224 kB
Writeback:             0 kB
AnonPages:       4914880 kB
Mapped:           394044 kB
Shmem:             14764 kB
KReclaimable:     115128 kB
Slab:             304076 kB
SReclaimable:      72388 kB
SUnreclaim:       231688 kB
KernelStack:       48624 kB
ShadowCallStack:   12180 kB
PageTables:        85008 kB
NFS_Unstable:          0 kB
Bounce:                0 kB
WritebackTmp:          0 kB
CommitLimit:     8677876 kB
Committed_AS:   74181040 kB
VmallocTotal:   263061440 kB
VmallocUsed:      131572 kB
VmallocChunk:          0 kB
Percpu:             2448 kB
CmaTotal:         405504 kB
CmaFree:               0 kB
MemTotal:        7918588 kB
MemFree:          215616 kB
MemAvailable:     390252 kB
Buffers:            1012 kB
Cached:           404572 kB
SwapCached:         9100 kB
Active:          3397532 kB
Inactive:        1931996 kB
Active(anon):    3019768 kB
Inactive(anon):  1923592 kB
Active(file):     377764 kB
Inactive(file):     8404 kB
Unevictable:        6364 kB
Mlocked:            5924 kB
SwapTotal:       4718584 kB
SwapFree:        3393272 kB
Dirty:                52 kB
Writeback:            24 kB
AnonPages:       4927180 kB
