MemTotal:        7918584 kB
MemFree:         3140708 kB
MemAvailable:    4702484 kB
Buffers:            6068 kB
Cached:          1445652 kB
SwapCached:        44784 kB
Active:          1446164 kB
Inactive:         637880 kB
Active(anon):     611044 kB
Inactive(anon):    43724 kB
Active(file):     835120 kB
Inactive(file):   594156 kB
Unevictable:        6544 kB
Mlocked:            6104 kB
SwapTotal:       4718584 kB
SwapFree:        2649348 kB
Dirty:             18172 kB
Writeback:             8 kB
AnonPages:        630068 kB
Mapped:           509680 kB
Shmem:             17548 kB
KReclaimable:     522724 kB
Slab:             320536 kB
SReclaimable:      90840 kB
SUnreclaim:       229696 kB
KernelStack:       46640 kB
ShadowCallStack:   11680 kB
PageTables:        65684 kB
NFS_Unstable:          0 kB
Bounce:                0 kB
WritebackTmp:          0 kB
CommitLimit:     8677876 kB
Committed_AS:   65096172 kB
VmallocTotal:   263061440 kB
VmallocUsed:      129048 kB
VmallocChunk:          0 kB
Percpu:             2520 kB
CmaTotal:         405504 kB
CmaFree:          295604 kB
MemTotal:        7918584 kB
MemFree:         3134260 kB
MemAvailable:    5124236 kB
Buffers:            6124 kB
Cached:          1456452 kB
SwapCached:        45496 kB
Active:          1453508 kB
Inactive:         638168 kB
Active(anon):     608384 kB
Inactive(anon):    43676 kB
Active(file):     845124 kB
Inactive(file):   594492 kB
Unevictable:        6544 kB
Mlocked:            6104 kB
SwapTotal:       4718584 kB
SwapFree:        2663940 kB
Dirty:             18288 kB
Writeback:             0 kB
AnonPages:        626116 kB
Mapped:           554228 kB
Shmem:             18152 kB
KReclaimable:     940584 kB
Slab:             320560 kB
SReclaimable:      90940 kB
SUnreclaim:       229620 kB
KernelStack:       46976 kB
ShadowCallStack:   11788 kB
PageTables:        65736 kB
NFS_Unstable:          0 kB
Bounce:                0 kB
WritebackTmp:          0 kB
CommitLimit:     8677876 kB
Committed_AS:   65179036 kB
VmallocTotal:   263061440 kB
VmallocUsed:      129452 kB
VmallocChunk:          0 kB
Percpu:             2520 kB
CmaTotal:         405504 kB
CmaFree:          295612 kB
MemTotal:        7918584 kB
MemFree:         3105344 kB
MemAvailable:    4879200 kB
Buffers:            6184 kB
Cached:          1456640 kB
SwapCached:        45780 kB
Active:          1478404 kB
Inactive:         638260 kB
Active(anon):     633128 kB
Inactive(anon):    43676 kB
Active(file):     845276 kB
Inactive(file):   594584 kB
Unevictable:        6544 kB
Mlocked:            6104 kB
SwapTotal:       4718584 kB
SwapFree:        2663940 kB
Dirty:             18392 kB
Writeback:             0 kB
AnonPages:        651096 kB
Mapped:           565312 kB
Shmem:             18160 kB
KReclaimable:     724220 kB
Slab:             321036 kB
SReclaimable:      90956 kB
SUnreclaim:       230080 kB
KernelStack:       46960 kB
ShadowCallStack:   11792 kB
PageTables:        66200 kB
NFS_Unstable:          0 kB
Bounce:                0 kB
WritebackTmp:          0 kB
CommitLimit:     8677876 kB
Committed_AS:   65208124 kB
VmallocTotal:   263061440 kB
VmallocUsed:      129536 kB
VmallocChunk:          0 kB
Percpu:             2520 kB
CmaTotal:         405504 kB
CmaFree:          295612 kB
MemTotal:        7918584 kB
MemFree:         3102116 kB
MemAvailable:    4875560 kB
Buffers:            6196 kB
Cached:          1456988 kB
SwapCached:        45796 kB
Active:          1483804 kB
Inactive:         638300 kB
Active(anon):     638212 kB
Inactive(anon):    43676 kB
Active(file):     845592 kB
Inactive(file):   594624 kB
Unevictable:        6544 kB
Mlocked:            6104 kB
SwapTotal:       4718584 kB
SwapFree:        2664452 kB
Dirty:             18420 kB
Writeback:             0 kB
AnonPages:        655820 kB
Mapped:           566876 kB
Shmem:             18160 kB
KReclaimable:     723452 kB
Slab:             321028 kB
SReclaimable:      90956 kB
SUnreclaim:       230072 kB
KernelStack:       46992 kB
ShadowCallStack:   11792 kB
PageTables:        66168 kB
NFS_Unstable:          0 kB
Bounce:                0 kB
WritebackTmp:          0 kB
CommitLimit:     8677876 kB
Committed_AS:   65208124 kB
VmallocTotal:   263061440 kB
VmallocUsed:      129536 kB
VmallocChunk:          0 kB
Percpu:             2520 kB
CmaTotal:         405504 kB
CmaFree:          295612 kB
MemTotal:        7918584 kB
MemFree:         3102084 kB
MemAvailable:    4875528 kB
Buffers:            6196 kB
Cached:          1457008 kB
SwapCached:        45804 kB
Active:          1484812 kB
Inactive:         638300 kB
Active(anon):     639220 kB
Inactive(anon):    43676 kB
Active(file):     845592 kB
Inactive(file):   594624 kB
Unevictable:        6544 kB
Mlocked:            6104 kB
SwapTotal:       4718584 kB
SwapFree:        2664452 kB
Dirty:             18428 kB
Writeback:             0 kB
AnonPages:        656816 kB
Mapped:           567672 kB
Shmem:             18180 kB
KReclaimable:     723452 kB
Slab:             321184 kB
SReclaimable:      90956 kB
SUnreclaim:       230228 kB
KernelStack:       47008 kB
ShadowCallStack:   11796 kB
PageTables:        66208 kB
NFS_Unstable:          0 kB
Bounce:                0 kB
WritebackTmp:          0 kB
CommitLimit:     8677876 kB
Committed_AS:   65208136 kB
VmallocTotal:   263061440 kB
VmallocUsed:      129520 kB
VmallocChunk:          0 kB
Percpu:             2520 kB
CmaTotal:         405504 kB
CmaFree:          296760 kB
MemTotal:        7918584 kB
MemFree:         3071752 kB
MemAvailable:    4743776 kB
Buffers:            6196 kB
Cached:          1457064 kB
SwapCached:        45804 kB
Active:          1516108 kB
Inactive:         638300 kB
Active(anon):     670516 kB
Inactive(anon):    43676 kB
Active(file):     845592 kB
Inactive(file):   594624 kB
Unevictable:        6544 kB
Mlocked:            6104 kB
SwapTotal:       4718584 kB
SwapFree:        2664452 kB
Dirty:             18428 kB
Writeback:             0 kB
AnonPages:        688016 kB
Mapped:           568540 kB
Shmem:             18236 kB
KReclaimable:     622032 kB
Slab:             321360 kB
SReclaimable:      90956 kB
SUnreclaim:       230404 kB
KernelStack:       46912 kB
ShadowCallStack:   11780 kB
PageTables:        66248 kB
NFS_Unstable:          0 kB
Bounce:                0 kB
WritebackTmp:          0 kB
CommitLimit:     8677876 kB
Committed_AS:   65208048 kB
VmallocTotal:   263061440 kB
VmallocUsed:      129244 kB
VmallocChunk:          0 kB
Percpu:             2520 kB
CmaTotal:         405504 kB
CmaFree:          296760 kB
MemTotal:        7918584 kB
MemFree:         3053908 kB
MemAvailable:    4725936 kB
Buffers:            6196 kB
Cached:          1457168 kB
SwapCached:        45804 kB
Active:          1533856 kB
Inactive:         638300 kB
Active(anon):     688264 kB
Inactive(anon):    43676 kB
Active(file):     845592 kB
Inactive(file):   594624 kB
Unevictable:        6544 kB
Mlocked:            6104 kB
SwapTotal:       4718584 kB
SwapFree:        2664452 kB
Dirty:             18360 kB
Writeback:             0 kB
AnonPages:        705448 kB
Mapped:           570252 kB
Shmem:             18340 kB
KReclaimable:     622036 kB
Slab:             321308 kB
SReclaimable:      90956 kB
SUnreclaim:       230352 kB
KernelStack:       46912 kB
ShadowCallStack:   11776 kB
PageTables:        66296 kB
NFS_Unstable:          0 kB
Bounce:                0 kB
WritebackTmp:          0 kB
CommitLimit:     8677876 kB
Committed_AS:   65228084 kB
VmallocTotal:   263061440 kB
VmallocUsed:      129144 kB
VmallocChunk:          0 kB
Percpu:             2520 kB
CmaTotal:         405504 kB
CmaFree:          296760 kB
MemTotal:        7918584 kB
MemFree:         2967548 kB
MemAvailable:    4761720 kB
Buffers:            6200 kB
Cached:          1457576 kB
SwapCached:        45804 kB
Active:          1620000 kB
Inactive:         638304 kB
Active(anon):     773840 kB
Inactive(anon):    43676 kB
Active(file):     846160 kB
Inactive(file):   594628 kB
Unevictable:        6544 kB
Mlocked:            6104 kB
SwapTotal:       4718584 kB
SwapFree:        2664452 kB
Dirty:             18372 kB
Writeback:             0 kB
AnonPages:        791480 kB
Mapped:           582412 kB
Shmem:             18180 kB
KReclaimable:     743608 kB
Slab:             321036 kB
SReclaimable:      90956 kB
SUnreclaim:       230080 kB
KernelStack:       46800 kB
ShadowCallStack:   11740 kB
PageTables:        66592 kB
NFS_Unstable:          0 kB
Bounce:                0 kB
WritebackTmp:          0 kB
CommitLimit:     8677876 kB
Committed_AS:   65448048 kB
VmallocTotal:   263061440 kB
VmallocUsed:      129056 kB
VmallocChunk:          0 kB
Percpu:             2520 kB
CmaTotal:         405504 kB
CmaFree:          296760 kB
MemTotal:        7918584 kB
MemFree:         2876048 kB
MemAvailable:    4602652 kB
Buffers:            6200 kB
Cached:          1457596 kB
SwapCached:        45808 kB
Active:          1710080 kB
Inactive:         638324 kB
Active(anon):     863920 kB
Inactive(anon):    43676 kB
Active(file):     846160 kB
Inactive(file):   594648 kB
Unevictable:        6544 kB
Mlocked:            6104 kB
SwapTotal:       4718584 kB
SwapFree:        2664452 kB
Dirty:             18372 kB
Writeback:             0 kB
AnonPages:        881512 kB
Mapped:           654976 kB
Shmem:             18180 kB
KReclaimable:     676020 kB
Slab:             321472 kB
SReclaimable:      90956 kB
SUnreclaim:       230516 kB
KernelStack:       46880 kB
ShadowCallStack:   11764 kB
PageTables:        67076 kB
NFS_Unstable:          0 kB
Bounce:                0 kB
WritebackTmp:          0 kB
CommitLimit:     8677876 kB
Committed_AS:   65589756 kB
VmallocTotal:   263061440 kB
VmallocUsed:      129116 kB
VmallocChunk:          0 kB
Percpu:             2520 kB
CmaTotal:         405504 kB
CmaFree:          296760 kB
MemTotal:        7918584 kB
MemFree:         2794144 kB
MemAvailable:    4491652 kB
Buffers:            6232 kB
Cached:          1476148 kB
SwapCached:        45972 kB
Active:          1792512 kB
Inactive:         638304 kB
Active(anon):     927908 kB
Inactive(anon):    43520 kB
Active(file):     864604 kB
Inactive(file):   594784 kB
Unevictable:        6544 kB
Mlocked:            6104 kB
SwapTotal:       4718584 kB
SwapFree:        2665732 kB
Dirty:             18384 kB
Writeback:             0 kB
AnonPages:        945428 kB
Mapped:           690264 kB
Shmem:             18184 kB
KReclaimable:     628344 kB
Slab:             321604 kB
SReclaimable:      90956 kB
SUnreclaim:       230648 kB
KernelStack:       46880 kB
ShadowCallStack:   11764 kB
PageTables:        67368 kB
NFS_Unstable:          0 kB
Bounce:                0 kB
WritebackTmp:          0 kB
CommitLimit:     8677876 kB
Committed_AS:   65730084 kB
VmallocTotal:   263061440 kB
VmallocUsed:      129116 kB
VmallocChunk:          0 kB
Percpu:             2520 kB
CmaTotal:         405504 kB
CmaFree:          296760 kB
MemTotal:        7918584 kB
MemFree:         2680172 kB
MemAvailable:    4376248 kB
Buffers:            6232 kB
Cached:          1476928 kB
SwapCached:        46484 kB
Active:          1906440 kB
Inactive:         638292 kB
Active(anon):    1040932 kB
Inactive(anon):    43516 kB
Active(file):     865508 kB
Inactive(file):   594776 kB
Unevictable:        6544 kB
Mlocked:            6104 kB
SwapTotal:       4718584 kB
SwapFree:        2672388 kB
Dirty:             18404 kB
Writeback:             0 kB
AnonPages:       1057584 kB
Mapped:           692372 kB
Shmem:             18196 kB
KReclaimable:     626016 kB
Slab:             321556 kB
SReclaimable:      90956 kB
SUnreclaim:       230600 kB
KernelStack:       46880 kB
ShadowCallStack:   11780 kB
PageTables:        67900 kB
NFS_Unstable:          0 kB
Bounce:                0 kB
WritebackTmp:          0 kB
CommitLimit:     8677876 kB
Committed_AS:   66008612 kB
VmallocTotal:   263061440 kB
VmallocUsed:      129132 kB
VmallocChunk:          0 kB
Percpu:             2520 kB
CmaTotal:         405504 kB
CmaFree:          296760 kB
MemTotal:        7918584 kB
MemFree:         2601300 kB
MemAvailable:    4294188 kB
Buffers:            6232 kB
Cached:          1474996 kB
SwapCached:        46592 kB
Active:          1984652 kB
Inactive:         638204 kB
Active(anon):    1121192 kB
Inactive(anon):    43488 kB
Active(file):     863460 kB
Inactive(file):   594716 kB
Unevictable:        6544 kB
Mlocked:            6104 kB
SwapTotal:       4718584 kB
SwapFree:        2673412 kB
Dirty:             18412 kB
Writeback:             0 kB
AnonPages:       1137832 kB
Mapped:           693104 kB
Shmem:             18248 kB
KReclaimable:     624936 kB
Slab:             321568 kB
SReclaimable:      90956 kB
SUnreclaim:       230612 kB
KernelStack:       46880 kB
ShadowCallStack:   11772 kB
PageTables:        68392 kB
NFS_Unstable:          0 kB
Bounce:                0 kB
WritebackTmp:          0 kB
CommitLimit:     8677876 kB
Committed_AS:   66205224 kB
VmallocTotal:   263061440 kB
VmallocUsed:      129132 kB
VmallocChunk:          0 kB
Percpu:             2520 kB
CmaTotal:         405504 kB
CmaFree:          296760 kB
MemTotal:        7918584 kB
MemFree:         2502244 kB
MemAvailable:    4185128 kB
Buffers:            6232 kB
Cached:          1475000 kB
SwapCached:        46592 kB
Active:          2082632 kB
Inactive:         638204 kB
Active(anon):    1219172 kB
Inactive(anon):    43488 kB
Active(file):     863460 kB
Inactive(file):   594716 kB
Unevictable:        6544 kB
Mlocked:            6104 kB
SwapTotal:       4718584 kB
SwapFree:        2673412 kB
Dirty:             18428 kB
Writeback:             0 kB
AnonPages:       1235612 kB
Mapped:           694016 kB
Shmem:             18248 kB
KReclaimable:     614932 kB
Slab:             321712 kB
SReclaimable:      90956 kB
SUnreclaim:       230756 kB
KernelStack:       46864 kB
ShadowCallStack:   11764 kB
PageTables:        68848 kB
NFS_Unstable:          0 kB
Bounce:                0 kB
WritebackTmp:          0 kB
CommitLimit:     8677876 kB
Committed_AS:   66467372 kB
VmallocTotal:   263061440 kB
VmallocUsed:      129132 kB
VmallocChunk:          0 kB
Percpu:             2520 kB
CmaTotal:         405504 kB
CmaFree:          296760 kB
MemTotal:        7918584 kB
MemFree:         2406956 kB
MemAvailable:    4088912 kB
Buffers:            6260 kB
Cached:          1475020 kB
SwapCached:        46592 kB
Active:          2177268 kB
Inactive:         638252 kB
Active(anon):    1313808 kB
Inactive(anon):    43488 kB
Active(file):     863460 kB
Inactive(file):   594764 kB
Unevictable:        6544 kB
Mlocked:            6104 kB
SwapTotal:       4718584 kB
SwapFree:        2673412 kB
Dirty:             17676 kB
Writeback:             0 kB
AnonPages:       1330532 kB
Mapped:           694644 kB
Shmem:             18248 kB
KReclaimable:     613956 kB
Slab:             321792 kB
SReclaimable:      90956 kB
SUnreclaim:       230836 kB
KernelStack:       46864 kB
ShadowCallStack:   11768 kB
PageTables:        69384 kB
NFS_Unstable:          0 kB
Bounce:                0 kB
WritebackTmp:          0 kB
CommitLimit:     8677876 kB
Committed_AS:   66713212 kB
VmallocTotal:   263061440 kB
VmallocUsed:      129112 kB
VmallocChunk:          0 kB
Percpu:             2520 kB
CmaTotal:         405504 kB
CmaFree:          296760 kB
MemTotal:        7918584 kB
MemFree:         2308464 kB
MemAvailable:    3991172 kB
Buffers:            6292 kB
Cached:          1477160 kB
SwapCached:        46640 kB
Active:          2276004 kB
Inactive:         638324 kB
Active(anon):    1410444 kB
Inactive(anon):    43488 kB
Active(file):     865560 kB
Inactive(file):   594836 kB
Unevictable:        6544 kB
Mlocked:            6104 kB
SwapTotal:       4718584 kB
SwapFree:        2674436 kB
Dirty:             17676 kB
Writeback:             0 kB
AnonPages:       1427076 kB
Mapped:           694584 kB
Shmem:             18248 kB
KReclaimable:     612536 kB
Slab:             321860 kB
SReclaimable:      90960 kB
SUnreclaim:       230900 kB
KernelStack:       46848 kB
ShadowCallStack:   11764 kB
PageTables:        69788 kB
NFS_Unstable:          0 kB
Bounce:                0 kB
WritebackTmp:          0 kB
CommitLimit:     8677876 kB
Committed_AS:   66958972 kB
VmallocTotal:   263061440 kB
VmallocUsed:      129108 kB
VmallocChunk:          0 kB
Percpu:             2520 kB
CmaTotal:         405504 kB
CmaFree:          296760 kB
MemTotal:        7918584 kB
MemFree:         2195748 kB
MemAvailable:    3876768 kB
Buffers:            6300 kB
Cached:          1477152 kB
SwapCached:        46640 kB
Active:          2387788 kB
Inactive:         638324 kB
Active(anon):    1522228 kB
Inactive(anon):    43488 kB
Active(file):     865560 kB
Inactive(file):   594836 kB
Unevictable:        6544 kB
Mlocked:            6104 kB
SwapTotal:       4718584 kB
SwapFree:        2674436 kB
Dirty:             17676 kB
Writeback:             0 kB
AnonPages:       1538892 kB
Mapped:           696052 kB
Shmem:             18248 kB
KReclaimable:     610848 kB
Slab:             321892 kB
SReclaimable:      90960 kB
SUnreclaim:       230932 kB
KernelStack:       46832 kB
ShadowCallStack:   11752 kB
PageTables:        70252 kB
NFS_Unstable:          0 kB
Bounce:                0 kB
WritebackTmp:          0 kB
CommitLimit:     8677876 kB
Committed_AS:   67221116 kB
VmallocTotal:   263061440 kB
VmallocUsed:      129108 kB
VmallocChunk:          0 kB
Percpu:             2520 kB
CmaTotal:         405504 kB
CmaFree:          296760 kB
MemTotal:        7918584 kB
MemFree:         2112648 kB
MemAvailable:    3793260 kB
Buffers:            6300 kB
Cached:          1477100 kB
SwapCached:        46640 kB
Active:          2470212 kB
Inactive:         638332 kB
Active(anon):    1604652 kB
Inactive(anon):    43488 kB
Active(file):     865560 kB
Inactive(file):   594844 kB
Unevictable:        6544 kB
Mlocked:            6104 kB
SwapTotal:       4718584 kB
SwapFree:        2674436 kB
Dirty:             17696 kB
Writeback:             0 kB
AnonPages:       1621368 kB
Mapped:           696616 kB
Shmem:             18188 kB
KReclaimable:     610432 kB
Slab:             321828 kB
SReclaimable:      90960 kB
SUnreclaim:       230868 kB
KernelStack:       46864 kB
ShadowCallStack:   11760 kB
PageTables:        70712 kB
NFS_Unstable:          0 kB
Bounce:                0 kB
WritebackTmp:          0 kB
CommitLimit:     8677876 kB
Committed_AS:   67434048 kB
VmallocTotal:   263061440 kB
VmallocUsed:      129112 kB
VmallocChunk:          0 kB
Percpu:             2520 kB
CmaTotal:         405504 kB
CmaFree:          296760 kB
MemTotal:        7918584 kB
MemFree:         2005708 kB
MemAvailable:    3684160 kB
Buffers:            6300 kB
Cached:          1477116 kB
SwapCached:        46640 kB
Active:          2577512 kB
Inactive:         638332 kB
Active(anon):    1711952 kB
Inactive(anon):    43488 kB
Active(file):     865560 kB
Inactive(file):   594844 kB
Unevictable:        6544 kB
Mlocked:            6104 kB
SwapTotal:       4718584 kB
SwapFree:        2674436 kB
Dirty:             17708 kB
Writeback:             0 kB
AnonPages:       1728640 kB
Mapped:           697992 kB
Shmem:             18204 kB
KReclaimable:     608272 kB
Slab:             321956 kB
SReclaimable:      90960 kB
SUnreclaim:       230996 kB
KernelStack:       46832 kB
ShadowCallStack:   11760 kB
PageTables:        71112 kB
NFS_Unstable:          0 kB
Bounce:                0 kB
WritebackTmp:          0 kB
CommitLimit:     8677876 kB
Committed_AS:   67696216 kB
VmallocTotal:   263061440 kB
VmallocUsed:      129112 kB
VmallocChunk:          0 kB
Percpu:             2520 kB
CmaTotal:         405504 kB
CmaFree:          296760 kB
MemTotal:        7918584 kB
MemFree:         1917544 kB
MemAvailable:    3594980 kB
Buffers:            6308 kB
Cached:          1477116 kB
SwapCached:        46640 kB
Active:          2664804 kB
Inactive:         638340 kB
Active(anon):    1799244 kB
Inactive(anon):    43488 kB
Active(file):     865560 kB
Inactive(file):   594852 kB
Unevictable:        6544 kB
Mlocked:            6104 kB
SwapTotal:       4718584 kB
SwapFree:        2674436 kB
Dirty:             17664 kB
Writeback:             0 kB
AnonPages:       1815948 kB
Mapped:           698672 kB
Shmem:             18204 kB
KReclaimable:     607248 kB
Slab:             322084 kB
SReclaimable:      90960 kB
SUnreclaim:       231124 kB
KernelStack:       46864 kB
ShadowCallStack:   11760 kB
PageTables:        71676 kB
NFS_Unstable:          0 kB
Bounce:                0 kB
WritebackTmp:          0 kB
CommitLimit:     8677876 kB
Committed_AS:   67909208 kB
VmallocTotal:   263061440 kB
VmallocUsed:      129108 kB
VmallocChunk:          0 kB
Percpu:             2520 kB
CmaTotal:         405504 kB
CmaFree:          296760 kB
MemTotal:        7918584 kB
MemFree:         1836084 kB
MemAvailable:    3512732 kB
Buffers:            6308 kB
Cached:          1477124 kB
SwapCached:        46640 kB
Active:          2745672 kB
Inactive:         638340 kB
Active(anon):    1880108 kB
Inactive(anon):    43488 kB
Active(file):     865564 kB
Inactive(file):   594852 kB
Unevictable:        6544 kB
Mlocked:            6104 kB
SwapTotal:       4718584 kB
SwapFree:        2674436 kB
Dirty:             17664 kB
Writeback:             0 kB
AnonPages:       1896644 kB
Mapped:           699460 kB
Shmem:             18208 kB
KReclaimable:     606456 kB
Slab:             322112 kB
SReclaimable:      90960 kB
SUnreclaim:       231152 kB
KernelStack:       46832 kB
ShadowCallStack:   11756 kB
PageTables:        71880 kB
NFS_Unstable:          0 kB
Bounce:                0 kB
WritebackTmp:          0 kB
CommitLimit:     8677876 kB
Committed_AS:   68105820 kB
VmallocTotal:   263061440 kB
VmallocUsed:      129112 kB
VmallocChunk:          0 kB
Percpu:             2520 kB
CmaTotal:         405504 kB
CmaFree:          296760 kB
MemTotal:        7918584 kB
MemFree:         1741316 kB
MemAvailable:    3416508 kB
Buffers:            6308 kB
Cached:          1477144 kB
SwapCached:        46640 kB
Active:          2840228 kB
Inactive:         638340 kB
Active(anon):    1974648 kB
Inactive(anon):    43488 kB
Active(file):     865580 kB
Inactive(file):   594852 kB
Unevictable:        6544 kB
Mlocked:            6104 kB
SwapTotal:       4718584 kB
SwapFree:        2674436 kB
Dirty:             17664 kB
Writeback:             0 kB
AnonPages:       1991368 kB
Mapped:           700456 kB
Shmem:             18212 kB
KReclaimable:     604984 kB
Slab:             322300 kB
SReclaimable:      90960 kB
SUnreclaim:       231340 kB
KernelStack:       46848 kB
ShadowCallStack:   11756 kB
PageTables:        72484 kB
NFS_Unstable:          0 kB
Bounce:                0 kB
WritebackTmp:          0 kB
CommitLimit:     8677876 kB
Committed_AS:   68318816 kB
VmallocTotal:   263061440 kB
VmallocUsed:      129108 kB
VmallocChunk:          0 kB
Percpu:             2520 kB
CmaTotal:         405504 kB
CmaFree:          296760 kB
MemTotal:        7918584 kB
MemFree:         1665912 kB
MemAvailable:    3340392 kB
Buffers:            6316 kB
Cached:          1477144 kB
SwapCached:        46640 kB
Active:          2914916 kB
Inactive:         638348 kB
Active(anon):    2049336 kB
Inactive(anon):    43488 kB
Active(file):     865580 kB
Inactive(file):   594860 kB
Unevictable:        6544 kB
Mlocked:            6104 kB
SwapTotal:       4718584 kB
SwapFree:        2674436 kB
Dirty:             17684 kB
Writeback:             0 kB
AnonPages:       2066104 kB
Mapped:           700952 kB
Shmem:             18212 kB
KReclaimable:     604264 kB
Slab:             322356 kB
SReclaimable:      90960 kB
SUnreclaim:       231396 kB
KernelStack:       46800 kB
ShadowCallStack:   11744 kB
PageTables:        72820 kB
NFS_Unstable:          0 kB
Bounce:                0 kB
WritebackTmp:          0 kB
CommitLimit:     8677876 kB
Committed_AS:   68515264 kB
VmallocTotal:   263061440 kB
VmallocUsed:      129056 kB
VmallocChunk:          0 kB
Percpu:             2520 kB
CmaTotal:         405504 kB
CmaFree:          296760 kB
MemTotal:        7918584 kB
MemFree:         1611144 kB
MemAvailable:    3285216 kB
Buffers:            6316 kB
Cached:          1477144 kB
SwapCached:        46640 kB
Active:          2969336 kB
Inactive:         638348 kB
Active(anon):    2103756 kB
Inactive(anon):    43488 kB
Active(file):     865580 kB
Inactive(file):   594860 kB
Unevictable:        6544 kB
Mlocked:            6104 kB
SwapTotal:       4718584 kB
SwapFree:        2674436 kB
Dirty:             17696 kB
Writeback:             0 kB
AnonPages:       2120472 kB
Mapped:           701264 kB
Shmem:             18212 kB
KReclaimable:     603856 kB
Slab:             322328 kB
SReclaimable:      90960 kB
SUnreclaim:       231368 kB
KernelStack:       46768 kB
ShadowCallStack:   11744 kB
PageTables:        72952 kB
NFS_Unstable:          0 kB
Bounce:                0 kB
WritebackTmp:          0 kB
CommitLimit:     8677876 kB
Committed_AS:   68629900 kB
VmallocTotal:   263061440 kB
VmallocUsed:      129024 kB
VmallocChunk:          0 kB
Percpu:             2520 kB
CmaTotal:         405504 kB
CmaFree:          296760 kB
MemTotal:        7918584 kB
MemFree:         1528704 kB
MemAvailable:    3201296 kB
Buffers:            6340 kB
Cached:          1477144 kB
SwapCached:        46640 kB
Active:          3052960 kB
Inactive:         638360 kB
Active(anon):    2187380 kB
Inactive(anon):    43476 kB
Active(file):     865580 kB
Inactive(file):   594884 kB
Unevictable:        6544 kB
Mlocked:            6104 kB
SwapTotal:       4718584 kB
SwapFree:        2674436 kB
Dirty:             17252 kB
Writeback:             0 kB
AnonPages:       2204064 kB
Mapped:           702112 kB
Shmem:             18212 kB
KReclaimable:     602352 kB
Slab:             322432 kB
SReclaimable:      90960 kB
SUnreclaim:       231472 kB
KernelStack:       46800 kB
ShadowCallStack:   11744 kB
PageTables:        73564 kB
NFS_Unstable:          0 kB
Bounce:                0 kB
WritebackTmp:          0 kB
CommitLimit:     8677876 kB
Committed_AS:   68826508 kB
VmallocTotal:   263061440 kB
VmallocUsed:      129024 kB
VmallocChunk:          0 kB
Percpu:             2520 kB
CmaTotal:         405504 kB
CmaFree:          296760 kB
MemTotal:        7918584 kB
MemFree:         1452080 kB
MemAvailable:    3123712 kB
Buffers:            6340 kB
Cached:          1477144 kB
SwapCached:        46640 kB
Active:          3128552 kB
Inactive:         638324 kB
Active(anon):    2262972 kB
Inactive(anon):    43440 kB
Active(file):     865580 kB
Inactive(file):   594884 kB
Unevictable:        6544 kB
Mlocked:            6104 kB
SwapTotal:       4718584 kB
SwapFree:        2674436 kB
Dirty:             17292 kB
Writeback:             0 kB
AnonPages:       2279612 kB
Mapped:           702900 kB
Shmem:             18212 kB
KReclaimable:     601392 kB
Slab:             322528 kB
SReclaimable:      90960 kB
SUnreclaim:       231568 kB
KernelStack:       46800 kB
ShadowCallStack:   11744 kB
PageTables:        73944 kB
NFS_Unstable:          0 kB
Bounce:                0 kB
WritebackTmp:          0 kB
CommitLimit:     8677876 kB
Committed_AS:   69023112 kB
VmallocTotal:   263061440 kB
VmallocUsed:      129016 kB
VmallocChunk:          0 kB
Percpu:             2520 kB
CmaTotal:         405504 kB
CmaFree:          296760 kB
MemTotal:        7918584 kB
MemFree:         1387284 kB
MemAvailable:    3058156 kB
Buffers:            6340 kB
Cached:          1477136 kB
SwapCached:        46640 kB
Active:          3192436 kB
Inactive:         638316 kB
Active(anon):    2326856 kB
Inactive(anon):    43440 kB
Active(file):     865580 kB
Inactive(file):   594876 kB
Unevictable:        6544 kB
Mlocked:            6104 kB
SwapTotal:       4718584 kB
SwapFree:        2674436 kB
Dirty:             17312 kB
Writeback:            12 kB
AnonPages:       2343624 kB
Mapped:           703172 kB
Shmem:             18212 kB
KReclaimable:     600640 kB
Slab:             322360 kB
SReclaimable:      90960 kB
SUnreclaim:       231400 kB
KernelStack:       46688 kB
ShadowCallStack:   11736 kB
PageTables:        74108 kB
NFS_Unstable:          0 kB
Bounce:                0 kB
WritebackTmp:          0 kB
CommitLimit:     8677876 kB
Committed_AS:   69171596 kB
VmallocTotal:   263061440 kB
VmallocUsed:      128948 kB
VmallocChunk:          0 kB
Percpu:             2520 kB
CmaTotal:         405504 kB
CmaFree:          296760 kB
MemTotal:        7918584 kB
MemFree:         1293248 kB
MemAvailable:    2843472 kB
Buffers:            6340 kB
Cached:          1477168 kB
SwapCached:        46640 kB
Active:          3285512 kB
Inactive:         638324 kB
Active(anon):    2419932 kB
Inactive(anon):    43440 kB
Active(file):     865580 kB
Inactive(file):   594884 kB
Unevictable:        6544 kB
Mlocked:            6104 kB
SwapTotal:       4718584 kB
SwapFree:        2674436 kB
Dirty:             17320 kB
Writeback:             0 kB
AnonPages:       2436508 kB
Mapped:           704332 kB
Shmem:             18236 kB
KReclaimable:     479984 kB
Slab:             322460 kB
SReclaimable:      90960 kB
SUnreclaim:       231500 kB
KernelStack:       46816 kB
ShadowCallStack:   11764 kB
PageTables:        74608 kB
NFS_Unstable:          0 kB
Bounce:                0 kB
WritebackTmp:          0 kB
CommitLimit:     8677876 kB
Committed_AS:   69319444 kB
VmallocTotal:   263061440 kB
VmallocUsed:      129072 kB
VmallocChunk:          0 kB
Percpu:             2520 kB
CmaTotal:         405504 kB
CmaFree:          270032 kB
MemTotal:        7918584 kB
MemFree:         1221188 kB
MemAvailable:    2769028 kB
Buffers:            6340 kB
Cached:          1477260 kB
SwapCached:        46640 kB
Active:          3357772 kB
Inactive:         638324 kB
Active(anon):    2492192 kB
Inactive(anon):    43440 kB
Active(file):     865580 kB
Inactive(file):   594884 kB
Unevictable:        6544 kB
Mlocked:            6104 kB
SwapTotal:       4718584 kB
SwapFree:        2674436 kB
Dirty:             17352 kB
Writeback:             0 kB
AnonPages:       2508648 kB
Mapped:           704716 kB
Shmem:             18328 kB
KReclaimable:     477600 kB
Slab:             322556 kB
SReclaimable:      90960 kB
SUnreclaim:       231596 kB
KernelStack:       46848 kB
ShadowCallStack:   11756 kB
PageTables:        74836 kB
NFS_Unstable:          0 kB
Bounce:                0 kB
WritebackTmp:          0 kB
CommitLimit:     8677876 kB
Committed_AS:   69466904 kB
VmallocTotal:   263061440 kB
VmallocUsed:      129104 kB
VmallocChunk:          0 kB
Percpu:             2520 kB
CmaTotal:         405504 kB
CmaFree:          199044 kB
MemTotal:        7918584 kB
MemFree:         1210044 kB
MemAvailable:    2878716 kB
Buffers:            6348 kB
Cached:          1477144 kB
SwapCached:        46640 kB
Active:          3366988 kB
Inactive:         638332 kB
Active(anon):    2501408 kB
Inactive(anon):    43440 kB
Active(file):     865580 kB
Inactive(file):   594892 kB
Unevictable:        6544 kB
Mlocked:            6104 kB
SwapTotal:       4718584 kB
SwapFree:        2674436 kB
Dirty:             17352 kB
Writeback:             0 kB
AnonPages:       2518096 kB
Mapped:           704772 kB
Shmem:             18212 kB
KReclaimable:     598424 kB
Slab:             322576 kB
SReclaimable:      90960 kB
SUnreclaim:       231616 kB
KernelStack:       46704 kB
ShadowCallStack:   11720 kB
PageTables:        75120 kB
NFS_Unstable:          0 kB
Bounce:                0 kB
WritebackTmp:          0 kB
CommitLimit:     8677876 kB
Committed_AS:   69597580 kB
VmallocTotal:   263061440 kB
VmallocUsed:      128928 kB
VmallocChunk:          0 kB
Percpu:             2520 kB
CmaTotal:         405504 kB
CmaFree:          187628 kB
MemTotal:        7918584 kB
MemFree:         1131172 kB
MemAvailable:    2799012 kB
Buffers:            6348 kB
Cached:          1477144 kB
SwapCached:        46640 kB
Active:          3445152 kB
Inactive:         638332 kB
Active(anon):    2579572 kB
Inactive(anon):    43440 kB
Active(file):     865580 kB
Inactive(file):   594892 kB
Unevictable:        6544 kB
Mlocked:            6104 kB
SwapTotal:       4718584 kB
SwapFree:        2674436 kB
Dirty:             17352 kB
Writeback:             0 kB
AnonPages:       2596160 kB
Mapped:           705108 kB
Shmem:             18212 kB
KReclaimable:     597592 kB
Slab:             322680 kB
SReclaimable:      90960 kB
SUnreclaim:       231720 kB
KernelStack:       46752 kB
ShadowCallStack:   11732 kB
PageTables:        75292 kB
NFS_Unstable:          0 kB
Bounce:                0 kB
WritebackTmp:          0 kB
CommitLimit:     8677876 kB
Committed_AS:   69777800 kB
VmallocTotal:   263061440 kB
VmallocUsed:      128932 kB
VmallocChunk:          0 kB
Percpu:             2520 kB
CmaTotal:         405504 kB
CmaFree:          110068 kB
MemTotal:        7918584 kB
MemFree:         1070800 kB
MemAvailable:    2737816 kB
Buffers:            6348 kB
Cached:          1477144 kB
SwapCached:        46640 kB
Active:          3506300 kB
Inactive:         638332 kB
Active(anon):    2640720 kB
Inactive(anon):    43440 kB
Active(file):     865580 kB
Inactive(file):   594892 kB
Unevictable:        6544 kB
Mlocked:            6104 kB
SwapTotal:       4718584 kB
SwapFree:        2674436 kB
Dirty:             17404 kB
Writeback:             0 kB
AnonPages:       2657324 kB
Mapped:           705864 kB
Shmem:             18212 kB
KReclaimable:     596768 kB
Slab:             322584 kB
SReclaimable:      90960 kB
SUnreclaim:       231624 kB
KernelStack:       46672 kB
ShadowCallStack:   11716 kB
PageTables:        75600 kB
NFS_Unstable:          0 kB
Bounce:                0 kB
WritebackTmp:          0 kB
CommitLimit:     8677876 kB
Committed_AS:   69908872 kB
VmallocTotal:   263061440 kB
VmallocUsed:      128928 kB
VmallocChunk:          0 kB
Percpu:             2520 kB
CmaTotal:         405504 kB
CmaFree:           49648 kB
MemTotal:        7918584 kB
MemFree:         1005024 kB
MemAvailable:    2671184 kB
Buffers:            6356 kB
Cached:          1477152 kB
SwapCached:        46640 kB
Active:          3572576 kB
Inactive:         638320 kB
Active(anon):    2706996 kB
Inactive(anon):    43420 kB
Active(file):     865580 kB
Inactive(file):   594900 kB
Unevictable:        6544 kB
Mlocked:            6104 kB
SwapTotal:       4718584 kB
SwapFree:        2674436 kB
Dirty:             17408 kB
Writeback:             0 kB
AnonPages:       2723652 kB
Mapped:           706240 kB
Shmem:             18220 kB
KReclaimable:     595904 kB
Slab:             322772 kB
SReclaimable:      90960 kB
SUnreclaim:       231812 kB
KernelStack:       46720 kB
ShadowCallStack:   11728 kB
PageTables:        75996 kB
NFS_Unstable:          0 kB
Bounce:                0 kB
WritebackTmp:          0 kB
CommitLimit:     8677876 kB
Committed_AS:   70056340 kB
VmallocTotal:   263061440 kB
VmallocUsed:      128936 kB
VmallocChunk:          0 kB
Percpu:             2520 kB
CmaTotal:         405504 kB
CmaFree:               0 kB
MemTotal:        7918584 kB
MemFree:          935720 kB
MemAvailable:    2601072 kB
Buffers:            6356 kB
Cached:          1477156 kB
SwapCached:        46640 kB
Active:          3641096 kB
Inactive:         638320 kB
Active(anon):    2775516 kB
Inactive(anon):    43420 kB
Active(file):     865580 kB
Inactive(file):   594900 kB
Unevictable:        6544 kB
Mlocked:            6104 kB
SwapTotal:       4718584 kB
SwapFree:        2674436 kB
Dirty:             17432 kB
Writeback:             0 kB
AnonPages:       2791904 kB
Mapped:           706932 kB
Shmem:             18224 kB
KReclaimable:     595096 kB
Slab:             322856 kB
SReclaimable:      90960 kB
SUnreclaim:       231896 kB
KernelStack:       46624 kB
ShadowCallStack:   11700 kB
PageTables:        76236 kB
NFS_Unstable:          0 kB
Bounce:                0 kB
WritebackTmp:          0 kB
CommitLimit:     8677876 kB
Committed_AS:   70236568 kB
VmallocTotal:   263061440 kB
VmallocUsed:      128804 kB
VmallocChunk:          0 kB
Percpu:             2520 kB
CmaTotal:         405504 kB
CmaFree:               0 kB
MemTotal:        7918584 kB
MemFree:          878952 kB
MemAvailable:    2543528 kB
Buffers:            6384 kB
Cached:          1477160 kB
SwapCached:        46640 kB
Active:          3697964 kB
Inactive:         638344 kB
Active(anon):    2832384 kB
Inactive(anon):    43420 kB
Active(file):     865580 kB
Inactive(file):   594924 kB
Unevictable:        6544 kB
Mlocked:            6104 kB
SwapTotal:       4718584 kB
SwapFree:        2674436 kB
Dirty:               580 kB
Writeback:           172 kB
AnonPages:       2848892 kB
Mapped:           707304 kB
Shmem:             18224 kB
KReclaimable:     594296 kB
Slab:             322860 kB
SReclaimable:      90960 kB
SUnreclaim:       231900 kB
KernelStack:       46608 kB
ShadowCallStack:   11692 kB
PageTables:        76516 kB
NFS_Unstable:          0 kB
Bounce:                0 kB
WritebackTmp:          0 kB
CommitLimit:     8677876 kB
Committed_AS:   70367640 kB
VmallocTotal:   263061440 kB
VmallocUsed:      128812 kB
VmallocChunk:          0 kB
Percpu:             2520 kB
CmaTotal:         405504 kB
CmaFree:               0 kB
MemTotal:        7918584 kB
MemFree:          816912 kB
MemAvailable:    2480804 kB
Buffers:            6384 kB
Cached:          1477164 kB
SwapCached:        46640 kB
Active:          3759692 kB
Inactive:         638356 kB
Active(anon):    2894112 kB
Inactive(anon):    43420 kB
Active(file):     865580 kB
Inactive(file):   594936 kB
Unevictable:        6544 kB
Mlocked:            6104 kB
SwapTotal:       4718584 kB
SwapFree:        2674436 kB
Dirty:               364 kB
Writeback:             0 kB
AnonPages:       2910736 kB
Mapped:           707716 kB
Shmem:             18224 kB
KReclaimable:     593600 kB
Slab:             322900 kB
SReclaimable:      90960 kB
SUnreclaim:       231940 kB
KernelStack:       46608 kB
ShadowCallStack:   11704 kB
PageTables:        76752 kB
NFS_Unstable:          0 kB
Bounce:                0 kB
WritebackTmp:          0 kB
CommitLimit:     8677876 kB
Committed_AS:   70515096 kB
VmallocTotal:   263061440 kB
VmallocUsed:      128812 kB
VmallocChunk:          0 kB
Percpu:             2520 kB
CmaTotal:         405504 kB
CmaFree:               0 kB
MemTotal:        7918584 kB
MemFree:          754780 kB
MemAvailable:    2417952 kB
Buffers:            6384 kB
Cached:          1477164 kB
SwapCached:        46748 kB
Active:          3821840 kB
Inactive:         638356 kB
Active(anon):    2956260 kB
Inactive(anon):    43420 kB
Active(file):     865580 kB
Inactive(file):   594936 kB
Unevictable:        6544 kB
Mlocked:            6104 kB
SwapTotal:       4718584 kB
SwapFree:        2674436 kB
Dirty:               376 kB
Writeback:             0 kB
AnonPages:       2972812 kB
Mapped:           708196 kB
Shmem:             18224 kB
KReclaimable:     592880 kB
Slab:             322944 kB
SReclaimable:      90960 kB
SUnreclaim:       231984 kB
KernelStack:       46576 kB
ShadowCallStack:   11696 kB
PageTables:        77024 kB
NFS_Unstable:          0 kB
Bounce:                0 kB
WritebackTmp:          0 kB
CommitLimit:     8677876 kB
Committed_AS:   70646168 kB
VmallocTotal:   263061440 kB
VmallocUsed:      128812 kB
VmallocChunk:          0 kB
Percpu:             2520 kB
CmaTotal:         405504 kB
CmaFree:               0 kB
MemTotal:        7918584 kB
MemFree:          698388 kB
MemAvailable:    2360744 kB
Buffers:            6384 kB
Cached:          1477164 kB
SwapCached:        46748 kB
Active:          3878636 kB
Inactive:         638356 kB
Active(anon):    3013056 kB
Inactive(anon):    43420 kB
Active(file):     865580 kB
Inactive(file):   594936 kB
Unevictable:        6544 kB
Mlocked:            6104 kB
SwapTotal:       4718584 kB
SwapFree:        2674692 kB
Dirty:               376 kB
Writeback:             0 kB
AnonPages:       3029680 kB
Mapped:           708728 kB
Shmem:             18224 kB
KReclaimable:     592064 kB
Slab:             322996 kB
SReclaimable:      90960 kB
SUnreclaim:       232036 kB
KernelStack:       46608 kB
ShadowCallStack:   11704 kB
PageTables:        77312 kB
NFS_Unstable:          0 kB
Bounce:                0 kB
WritebackTmp:          0 kB
CommitLimit:     8677876 kB
Committed_AS:   70777240 kB
VmallocTotal:   263061440 kB
VmallocUsed:      128812 kB
VmallocChunk:          0 kB
Percpu:             2520 kB
CmaTotal:         405504 kB
CmaFree:               0 kB
MemTotal:        7918584 kB
MemFree:          643924 kB
MemAvailable:    2305608 kB
Buffers:            6384 kB
Cached:          1477164 kB
SwapCached:        46748 kB
Active:          3931524 kB
Inactive:         638356 kB
Active(anon):    3065944 kB
Inactive(anon):    43420 kB
Active(file):     865580 kB
Inactive(file):   594936 kB
Unevictable:        6544 kB
Mlocked:            6104 kB
SwapTotal:       4718584 kB
SwapFree:        2674692 kB
Dirty:               388 kB
Writeback:             0 kB
AnonPages:       3082448 kB
Mapped:           709144 kB
Shmem:             18224 kB
KReclaimable:     591392 kB
Slab:             323036 kB
SReclaimable:      90960 kB
SUnreclaim:       232076 kB
KernelStack:       46624 kB
ShadowCallStack:   11700 kB
PageTables:        77376 kB
NFS_Unstable:          0 kB
Bounce:                0 kB
WritebackTmp:          0 kB
CommitLimit:     8677876 kB
Committed_AS:   70908316 kB
VmallocTotal:   263061440 kB
VmallocUsed:      128804 kB
VmallocChunk:          0 kB
Percpu:             2520 kB
CmaTotal:         405504 kB
CmaFree:               0 kB
MemTotal:        7918584 kB
MemFree:          572284 kB
MemAvailable:    2233132 kB
Buffers:            6392 kB
Cached:          1477160 kB
SwapCached:        46748 kB
Active:          4002964 kB
Inactive:         638360 kB
Active(anon):    3137384 kB
Inactive(anon):    43420 kB
Active(file):     865580 kB
Inactive(file):   594940 kB
Unevictable:        6544 kB
Mlocked:            6104 kB
SwapTotal:       4718584 kB
SwapFree:        2674692 kB
Dirty:               412 kB
Writeback:             0 kB
AnonPages:       3153920 kB
Mapped:           709692 kB
Shmem:             18224 kB
KReclaimable:     590552 kB
Slab:             322960 kB
SReclaimable:      90960 kB
SUnreclaim:       232000 kB
KernelStack:       46576 kB
ShadowCallStack:   11692 kB
PageTables:        77852 kB
NFS_Unstable:          0 kB
Bounce:                0 kB
WritebackTmp:          0 kB
CommitLimit:     8677876 kB
Committed_AS:   71039328 kB
VmallocTotal:   263061440 kB
VmallocUsed:      128784 kB
VmallocChunk:          0 kB
Percpu:             2520 kB
CmaTotal:         405504 kB
CmaFree:               0 kB
MemTotal:        7918584 kB
MemFree:          519852 kB
MemAvailable:    2180048 kB
Buffers:            6392 kB
Cached:          1477164 kB
SwapCached:        46748 kB
Active:          4055616 kB
Inactive:         638364 kB
Active(anon):    3190036 kB
Inactive(anon):    43420 kB
Active(file):     865580 kB
Inactive(file):   594944 kB
Unevictable:        6544 kB
Mlocked:            6104 kB
SwapTotal:       4718584 kB
SwapFree:        2674692 kB
Dirty:               412 kB
Writeback:             0 kB
AnonPages:       3206564 kB
Mapped:           710168 kB
Shmem:             18224 kB
KReclaimable:     589896 kB
Slab:             323048 kB
SReclaimable:      90960 kB
SUnreclaim:       232088 kB
KernelStack:       46608 kB
ShadowCallStack:   11696 kB
PageTables:        78092 kB
NFS_Unstable:          0 kB
Bounce:                0 kB
WritebackTmp:          0 kB
CommitLimit:     8677876 kB
Committed_AS:   71170400 kB
VmallocTotal:   263061440 kB
VmallocUsed:      128788 kB
VmallocChunk:          0 kB
Percpu:             2520 kB
CmaTotal:         405504 kB
CmaFree:               0 kB
MemTotal:        7918584 kB
MemFree:          459116 kB
MemAvailable:    2118608 kB
Buffers:            6392 kB
Cached:          1477164 kB
SwapCached:        46748 kB
Active:          4115072 kB
Inactive:         638364 kB
Active(anon):    3249492 kB
Inactive(anon):    43420 kB
Active(file):     865580 kB
Inactive(file):   594944 kB
Unevictable:        6544 kB
Mlocked:            6104 kB
SwapTotal:       4718584 kB
SwapFree:        2674692 kB
Dirty:               412 kB
Writeback:             0 kB
AnonPages:       3266020 kB
Mapped:           710484 kB
Shmem:             18224 kB
KReclaimable:     589192 kB
Slab:             323072 kB
SReclaimable:      90960 kB
SUnreclaim:       232112 kB
KernelStack:       46592 kB
ShadowCallStack:   11696 kB
PageTables:        78272 kB
NFS_Unstable:          0 kB
Bounce:                0 kB
WritebackTmp:          0 kB
CommitLimit:     8677876 kB
Committed_AS:   71301472 kB
VmallocTotal:   263061440 kB
VmallocUsed:      128788 kB
VmallocChunk:          0 kB
Percpu:             2520 kB
CmaTotal:         405504 kB
CmaFree:               0 kB
MemTotal:        7918584 kB
MemFree:          410408 kB
MemAvailable:    2069196 kB
Buffers:            6392 kB
Cached:          1477168 kB
SwapCached:        46748 kB
Active:          4163768 kB
Inactive:         638364 kB
Active(anon):    3298188 kB
Inactive(anon):    43420 kB
Active(file):     865580 kB
Inactive(file):   594944 kB
Unevictable:        6544 kB
Mlocked:            6104 kB
SwapTotal:       4718584 kB
SwapFree:        2674692 kB
Dirty:               412 kB
Writeback:             0 kB
AnonPages:       3314856 kB
Mapped:           710924 kB
Shmem:             18228 kB
KReclaimable:     588488 kB
Slab:             323220 kB
SReclaimable:      90960 kB
SUnreclaim:       232260 kB
KernelStack:       46592 kB
ShadowCallStack:   11700 kB
PageTables:        78492 kB
NFS_Unstable:          0 kB
Bounce:                0 kB
WritebackTmp:          0 kB
CommitLimit:     8677876 kB
Committed_AS:   71399780 kB
VmallocTotal:   263061440 kB
VmallocUsed:      128792 kB
VmallocChunk:          0 kB
Percpu:             2520 kB
CmaTotal:         405504 kB
CmaFree:               0 kB
MemTotal:        7918584 kB
MemFree:          344608 kB
MemAvailable:    2002704 kB
Buffers:            6392 kB
Cached:          1477172 kB
SwapCached:        46748 kB
Active:          4230192 kB
Inactive:         638368 kB
Active(anon):    3364612 kB
Inactive(anon):    43420 kB
Active(file):     865580 kB
Inactive(file):   594948 kB
Unevictable:        6544 kB
Mlocked:            6104 kB
SwapTotal:       4718584 kB
SwapFree:        2674692 kB
Dirty:               424 kB
Writeback:             0 kB
AnonPages:       3381092 kB
Mapped:           711376 kB
Shmem:             18228 kB
KReclaimable:     587792 kB
Slab:             323100 kB
SReclaimable:      90960 kB
SUnreclaim:       232140 kB
KernelStack:       46560 kB
ShadowCallStack:   11688 kB
PageTables:        78904 kB
NFS_Unstable:          0 kB
Bounce:                0 kB
WritebackTmp:          0 kB
CommitLimit:     8677876 kB
Committed_AS:   71547236 kB
VmallocTotal:   263061440 kB
VmallocUsed:      128800 kB
VmallocChunk:          0 kB
Percpu:             2520 kB
CmaTotal:         405504 kB
CmaFree:               4 kB
MemTotal:        7918584 kB
MemFree:          291792 kB
MemAvailable:    1949336 kB
Buffers:            6416 kB
Cached:          1477172 kB
SwapCached:        46748 kB
Active:          4281656 kB
Inactive:         638392 kB
Active(anon):    3416076 kB
Inactive(anon):    43420 kB
Active(file):     865580 kB
Inactive(file):   594972 kB
Unevictable:        6544 kB
Mlocked:            6104 kB
SwapTotal:       4718584 kB
SwapFree:        2674692 kB
Dirty:               448 kB
Writeback:             0 kB
AnonPages:       3432648 kB
Mapped:           711884 kB
Shmem:             18228 kB
KReclaimable:     587216 kB
Slab:             323252 kB
SReclaimable:      90960 kB
SUnreclaim:       232292 kB
KernelStack:       46592 kB
ShadowCallStack:   11688 kB
PageTables:        79288 kB
NFS_Unstable:          0 kB
Bounce:                0 kB
WritebackTmp:          0 kB
CommitLimit:     8677876 kB
Committed_AS:   71678256 kB
VmallocTotal:   263061440 kB
VmallocUsed:      128788 kB
VmallocChunk:          0 kB
Percpu:             2520 kB
CmaTotal:         405504 kB
CmaFree:               0 kB
MemTotal:        7918584 kB
MemFree:          235824 kB
MemAvailable:    1892480 kB
Buffers:            6416 kB
Cached:          1477172 kB
SwapCached:        46748 kB
Active:          4337728 kB
Inactive:         638392 kB
Active(anon):    3472148 kB
Inactive(anon):    43420 kB
Active(file):     865580 kB
Inactive(file):   594972 kB
Unevictable:        6544 kB
Mlocked:            6104 kB
SwapTotal:       4718584 kB
SwapFree:        2674692 kB
Dirty:               532 kB
Writeback:             0 kB
AnonPages:       3488844 kB
Mapped:           712340 kB
Shmem:             18228 kB
KReclaimable:     586328 kB
Slab:             323248 kB
SReclaimable:      90960 kB
SUnreclaim:       232288 kB
KernelStack:       46528 kB
ShadowCallStack:   11672 kB
PageTables:        79408 kB
NFS_Unstable:          0 kB
Bounce:                0 kB
WritebackTmp:          0 kB
CommitLimit:     8677876 kB
Committed_AS:   71792696 kB
VmallocTotal:   263061440 kB
VmallocUsed:      128676 kB
VmallocChunk:          0 kB
Percpu:             2520 kB
CmaTotal:         405504 kB
CmaFree:               0 kB
MemTotal:        7918584 kB
MemFree:          175264 kB
MemAvailable:    1831288 kB
Buffers:            6416 kB
Cached:          1477172 kB
SwapCached:        46748 kB
Active:          4397484 kB
Inactive:         638392 kB
Active(anon):    3531904 kB
Inactive(anon):    43420 kB
Active(file):     865580 kB
Inactive(file):   594972 kB
Unevictable:        6544 kB
Mlocked:            6104 kB
SwapTotal:       4718584 kB
SwapFree:        2674692 kB
Dirty:               532 kB
Writeback:             0 kB
AnonPages:       3548284 kB
Mapped:           712720 kB
Shmem:             18228 kB
KReclaimable:     585696 kB
Slab:             323204 kB
SReclaimable:      90960 kB
SUnreclaim:       232244 kB
KernelStack:       46480 kB
ShadowCallStack:   11660 kB
PageTables:        79512 kB
NFS_Unstable:          0 kB
Bounce:                0 kB
WritebackTmp:          0 kB
CommitLimit:     8677876 kB
Committed_AS:   71940100 kB
VmallocTotal:   263061440 kB
VmallocUsed:      128668 kB
VmallocChunk:          0 kB
Percpu:             2520 kB
CmaTotal:         405504 kB
CmaFree:               0 kB
MemTotal:        7918584 kB
MemFree:          161460 kB
MemAvailable:    1791816 kB
Buffers:            6344 kB
Cached:          1469288 kB
SwapCached:        45592 kB
Active:          4536068 kB
Inactive:         547676 kB
Active(anon):    3589832 kB
Inactive(anon):    41316 kB
Active(file):     946236 kB
Inactive(file):   506360 kB
Unevictable:        6544 kB
Mlocked:            6104 kB
SwapTotal:       4718584 kB
SwapFree:        2675460 kB
Dirty:               592 kB
Writeback:             0 kB
AnonPages:       3605428 kB
Mapped:           709384 kB
Shmem:             18228 kB
KReclaimable:     567984 kB
Slab:             320684 kB
SReclaimable:      88400 kB
SUnreclaim:       232284 kB
KernelStack:       46480 kB
ShadowCallStack:   11664 kB
PageTables:        79852 kB
NFS_Unstable:          0 kB
Bounce:                0 kB
WritebackTmp:          0 kB
CommitLimit:     8677876 kB
Committed_AS:   72054784 kB
VmallocTotal:   263061440 kB
VmallocUsed:      128652 kB
VmallocChunk:          0 kB
Percpu:             2520 kB
CmaTotal:         405504 kB
CmaFree:               0 kB
MemTotal:        7918584 kB
MemFree:          163800 kB
MemAvailable:    1747772 kB
Buffers:            3220 kB
Cached:          1433816 kB
SwapCached:        45592 kB
Active:          4580736 kB
Inactive:         508764 kB
Active(anon):    3634200 kB
Inactive(anon):    41304 kB
Active(file):     946536 kB
Inactive(file):   467460 kB
Unevictable:        6544 kB
Mlocked:            6104 kB
SwapTotal:       4718584 kB
SwapFree:        2675460 kB
Dirty:               604 kB
Writeback:             0 kB
AnonPages:       3649796 kB
Mapped:           709332 kB
Shmem:             18232 kB
KReclaimable:     560200 kB
Slab:             320740 kB
SReclaimable:      88352 kB
SUnreclaim:       232388 kB
KernelStack:       46496 kB
ShadowCallStack:   11660 kB
PageTables:        80308 kB
NFS_Unstable:          0 kB
Bounce:                0 kB
WritebackTmp:          0 kB
CommitLimit:     8677876 kB
Committed_AS:   72136604 kB
VmallocTotal:   263061440 kB
VmallocUsed:      128604 kB
VmallocChunk:          0 kB
Percpu:             2520 kB
CmaTotal:         405504 kB
CmaFree:               0 kB
MemTotal:        7918584 kB
MemFree:          163328 kB
MemAvailable:    1513884 kB
Buffers:            3204 kB
Cached:          1341776 kB
SwapCached:        45592 kB
Active:          4683560 kB
Inactive:         416620 kB
Active(anon):    3737024 kB
Inactive(anon):    41320 kB
Active(file):     946536 kB
Inactive(file):   375300 kB
Unevictable:        6544 kB
Mlocked:            6104 kB
SwapTotal:       4718584 kB
SwapFree:        2675460 kB
Dirty:               604 kB
Writeback:             0 kB
AnonPages:       3752600 kB
Mapped:           710400 kB
Shmem:             18336 kB
KReclaimable:     418944 kB
Slab:             319368 kB
SReclaimable:      86928 kB
SUnreclaim:       232440 kB
KernelStack:       46592 kB
ShadowCallStack:   11684 kB
PageTables:        80264 kB
NFS_Unstable:          0 kB
Bounce:                0 kB
WritebackTmp:          0 kB
CommitLimit:     8677876 kB
Committed_AS:   72284456 kB
VmallocTotal:   263061440 kB
VmallocUsed:      128764 kB
VmallocChunk:          0 kB
Percpu:             2520 kB
CmaTotal:         405504 kB
CmaFree:               0 kB
MemTotal:        7918584 kB
MemFree:          182096 kB
MemAvailable:    1623472 kB
Buffers:            3240 kB
Cached:          1308516 kB
SwapCached:        45592 kB
Active:          4702280 kB
Inactive:         383468 kB
Active(anon):    3755720 kB
Inactive(anon):    41312 kB
Active(file):     946560 kB
Inactive(file):   342156 kB
Unevictable:        6544 kB
Mlocked:            6104 kB
SwapTotal:       4718584 kB
SwapFree:        2675972 kB
Dirty:               608 kB
Writeback:             0 kB
AnonPages:       3771324 kB
Mapped:           703880 kB
Shmem:             18232 kB
KReclaimable:     542884 kB
Slab:             318476 kB
SReclaimable:      86060 kB
SUnreclaim:       232416 kB
KernelStack:       46400 kB
ShadowCallStack:   11644 kB
PageTables:        80572 kB
NFS_Unstable:          0 kB
Bounce:                0 kB
WritebackTmp:          0 kB
CommitLimit:     8677876 kB
Committed_AS:   72414924 kB
VmallocTotal:   263061440 kB
VmallocUsed:      128532 kB
VmallocChunk:          0 kB
Percpu:             2520 kB
CmaTotal:         405504 kB
CmaFree:              36 kB
MemTotal:        7918584 kB
MemFree:          165488 kB
MemAvailable:    1579536 kB
Buffers:            3188 kB
Cached:          1286136 kB
SwapCached:        45592 kB
Active:          4744588 kB
Inactive:         361032 kB
Active(anon):    3798024 kB
Inactive(anon):    41312 kB
Active(file):     946564 kB
Inactive(file):   319720 kB
Unevictable:        6544 kB
Mlocked:            6104 kB
SwapTotal:       4718584 kB
SwapFree:        2675972 kB
Dirty:               608 kB
Writeback:             0 kB
AnonPages:       3813572 kB
Mapped:           697436 kB
Shmem:             18232 kB
KReclaimable:     537988 kB
Slab:             318308 kB
SReclaimable:      85836 kB
SUnreclaim:       232472 kB
KernelStack:       46304 kB
ShadowCallStack:   11628 kB
PageTables:        80572 kB
NFS_Unstable:          0 kB
Bounce:                0 kB
WritebackTmp:          0 kB
CommitLimit:     8677876 kB
Committed_AS:   72513020 kB
VmallocTotal:   263061440 kB
VmallocUsed:      128444 kB
VmallocChunk:          0 kB
Percpu:             2520 kB
CmaTotal:         405504 kB
CmaFree:               0 kB
MemTotal:        7918584 kB
MemFree:          162660 kB
MemAvailable:    1525748 kB
Buffers:            3188 kB
Cached:          1244464 kB
SwapCached:        45604 kB
Active:          4799412 kB
Inactive:         319316 kB
Active(anon):    3852832 kB
Inactive(anon):    41308 kB
Active(file):     946580 kB
Inactive(file):   278008 kB
Unevictable:        6544 kB
Mlocked:            6104 kB
SwapTotal:       4718584 kB
SwapFree:        2675972 kB
Dirty:               612 kB
Writeback:             0 kB
AnonPages:       3868404 kB
Mapped:           682668 kB
Shmem:             18240 kB
KReclaimable:     528724 kB
Slab:             317892 kB
SReclaimable:      85348 kB
SUnreclaim:       232544 kB
KernelStack:       46304 kB
ShadowCallStack:   11628 kB
PageTables:        80896 kB
NFS_Unstable:          0 kB
Bounce:                0 kB
WritebackTmp:          0 kB
CommitLimit:     8677876 kB
Committed_AS:   72627716 kB
VmallocTotal:   263061440 kB
VmallocUsed:      128452 kB
VmallocChunk:          0 kB
Percpu:             2520 kB
CmaTotal:         405504 kB
CmaFree:               0 kB
MemTotal:        7918584 kB
MemFree:          161804 kB
MemAvailable:    1457628 kB
Buffers:            3180 kB
Cached:          1188176 kB
SwapCached:        45608 kB
Active:          4866104 kB
Inactive:         263016 kB
Active(anon):    3919508 kB
Inactive(anon):    41300 kB
Active(file):     946596 kB
Inactive(file):   221716 kB
Unevictable:        6544 kB
Mlocked:            6104 kB
SwapTotal:       4718584 kB
SwapFree:        2675972 kB
Dirty:               652 kB
Writeback:             0 kB
AnonPages:       3935076 kB
Mapped:           669072 kB
Shmem:             18240 kB
KReclaimable:     517736 kB
Slab:             317260 kB
SReclaimable:      84728 kB
SUnreclaim:       232532 kB
KernelStack:       46336 kB
ShadowCallStack:   11632 kB
PageTables:        81212 kB
NFS_Unstable:          0 kB
Bounce:                0 kB
WritebackTmp:          0 kB
CommitLimit:     8677876 kB
Committed_AS:   72775176 kB
VmallocTotal:   263061440 kB
VmallocUsed:      128452 kB
VmallocChunk:          0 kB
Percpu:             2520 kB
CmaTotal:         405504 kB
CmaFree:               0 kB
MemTotal:        7918584 kB
MemFree:          163756 kB
MemAvailable:    1399520 kB
Buffers:            3184 kB
Cached:          1138244 kB
SwapCached:        45608 kB
Active:          4923068 kB
Inactive:         213096 kB
Active(anon):    3976472 kB
Inactive(anon):    41312 kB
Active(file):     946596 kB
Inactive(file):   171784 kB
Unevictable:        6544 kB
Mlocked:            6104 kB
SwapTotal:       4718584 kB
SwapFree:        2675972 kB
Dirty:               652 kB
Writeback:             0 kB
AnonPages:       3991992 kB
Mapped:           669304 kB
Shmem:             18240 kB
KReclaimable:     507608 kB
Slab:             315744 kB
SReclaimable:      83216 kB
SUnreclaim:       232528 kB
KernelStack:       46304 kB
ShadowCallStack:   11632 kB
PageTables:        81388 kB
NFS_Unstable:          0 kB
Bounce:                0 kB
WritebackTmp:          0 kB
CommitLimit:     8677876 kB
Committed_AS:   72906244 kB
VmallocTotal:   263061440 kB
VmallocUsed:      128452 kB
VmallocChunk:          0 kB
Percpu:             2520 kB
CmaTotal:         405504 kB
CmaFree:               0 kB
MemTotal:        7918584 kB
MemFree:          165404 kB
MemAvailable:    1338100 kB
Buffers:            3168 kB
Cached:          1085536 kB
SwapCached:        45608 kB
Active:          4982444 kB
Inactive:         160368 kB
Active(anon):    4035844 kB
Inactive(anon):    41312 kB
Active(file):     946600 kB
Inactive(file):   119056 kB
Unevictable:        6544 kB
Mlocked:            6104 kB
SwapTotal:       4718584 kB
SwapFree:        2675972 kB
Dirty:               344 kB
Writeback:             0 kB
AnonPages:       4051412 kB
Mapped:           668616 kB
Shmem:             18240 kB
KReclaimable:     497264 kB
Slab:             314284 kB
SReclaimable:      81768 kB
SUnreclaim:       232516 kB
KernelStack:       46336 kB
ShadowCallStack:   11632 kB
PageTables:        81748 kB
NFS_Unstable:          0 kB
Bounce:                0 kB
WritebackTmp:          0 kB
CommitLimit:     8677876 kB
Committed_AS:   73037968 kB
VmallocTotal:   263061440 kB
VmallocUsed:      128452 kB
VmallocChunk:          0 kB
Percpu:             2520 kB
CmaTotal:         405504 kB
CmaFree:               0 kB
MemTotal:        7918584 kB
MemFree:          162632 kB
MemAvailable:    1276660 kB
Buffers:            3168 kB
Cached:          1035936 kB
SwapCached:        45608 kB
Active:          5044148 kB
Inactive:         110588 kB
Active(anon):    4097548 kB
Inactive(anon):    41304 kB
Active(file):     946600 kB
Inactive(file):    69284 kB
Unevictable:        6544 kB
Mlocked:            6104 kB
SwapTotal:       4718584 kB
SwapFree:        2675972 kB
Dirty:               384 kB
Writeback:             0 kB
AnonPages:       4113444 kB
Mapped:           668964 kB
Shmem:             18240 kB
KReclaimable:     488368 kB
Slab:             313208 kB
SReclaimable:      80680 kB
SUnreclaim:       232528 kB
KernelStack:       46304 kB
ShadowCallStack:   11620 kB
PageTables:        81828 kB
NFS_Unstable:          0 kB
Bounce:                0 kB
WritebackTmp:          0 kB
CommitLimit:     8677876 kB
Committed_AS:   73169040 kB
VmallocTotal:   263061440 kB
VmallocUsed:      128436 kB
VmallocChunk:          0 kB
Percpu:             2520 kB
CmaTotal:         405504 kB
CmaFree:               0 kB
MemTotal:        7918584 kB
MemFree:          166348 kB
MemAvailable:    1228036 kB
Buffers:            1616 kB
Cached:           995104 kB
SwapCached:        45608 kB
Active:          5092440 kB
Inactive:          68360 kB
Active(anon):    4145820 kB
Inactive(anon):    41308 kB
Active(file):     946620 kB
Inactive(file):    27052 kB
Unevictable:        6544 kB
Mlocked:            6104 kB
SwapTotal:       4718584 kB
SwapFree:        2675972 kB
Dirty:               216 kB
Writeback:             0 kB
AnonPages:       4161392 kB
Mapped:           668084 kB
Shmem:             18240 kB
KReclaimable:     478240 kB
Slab:             311900 kB
SReclaimable:      79384 kB
SUnreclaim:       232516 kB
KernelStack:       46336 kB
ShadowCallStack:   11628 kB
PageTables:        82188 kB
NFS_Unstable:          0 kB
Bounce:                0 kB
WritebackTmp:          0 kB
CommitLimit:     8677876 kB
Committed_AS:   73283728 kB
VmallocTotal:   263061440 kB
VmallocUsed:      128440 kB
VmallocChunk:          0 kB
Percpu:             2520 kB
CmaTotal:         405504 kB
CmaFree:              40 kB
MemTotal:        7918584 kB
MemFree:          165416 kB
MemAvailable:    1161036 kB
Buffers:             500 kB
Cached:           950392 kB
SwapCached:        45188 kB
Active:          1264276 kB
Inactive:        3917324 kB
Active(anon):    1149792 kB
Inactive(anon):  3104140 kB
Active(file):     114484 kB
Inactive(file):   813184 kB
Unevictable:        6544 kB
Mlocked:            6104 kB
SwapTotal:       4718584 kB
SwapFree:        2675972 kB
Dirty:               228 kB
Writeback:             0 kB
AnonPages:       4228740 kB
Mapped:           651836 kB
Shmem:             18268 kB
KReclaimable:     458176 kB
Slab:             311912 kB
SReclaimable:      79256 kB
SUnreclaim:       232656 kB
KernelStack:       46352 kB
ShadowCallStack:   11612 kB
PageTables:        82116 kB
NFS_Unstable:          0 kB
Bounce:                0 kB
WritebackTmp:          0 kB
CommitLimit:     8677876 kB
Committed_AS:   73404588 kB
VmallocTotal:   263061440 kB
VmallocUsed:      128456 kB
VmallocChunk:          0 kB
Percpu:             2520 kB
CmaTotal:         405504 kB
CmaFree:               0 kB
MemTotal:        7918584 kB
MemFree:          163516 kB
MemAvailable:    1118748 kB
Buffers:             600 kB
Cached:           917716 kB
SwapCached:        45188 kB
Active:          1318568 kB
Inactive:        3872516 kB
Active(anon):    1192056 kB
Inactive(anon):  3103828 kB
Active(file):     126512 kB
Inactive(file):   768688 kB
Unevictable:        6544 kB
Mlocked:            6104 kB
SwapTotal:       4718584 kB
SwapFree:        2675972 kB
Dirty:               296 kB
Writeback:             0 kB
AnonPages:       4270496 kB
Mapped:           629456 kB
Shmem:             18268 kB
KReclaimable:     450256 kB
Slab:             311928 kB
SReclaimable:      79256 kB
SUnreclaim:       232672 kB
KernelStack:       46320 kB
ShadowCallStack:   11620 kB
PageTables:        82572 kB
NFS_Unstable:          0 kB
Bounce:                0 kB
WritebackTmp:          0 kB
CommitLimit:     8677876 kB
Committed_AS:   73502892 kB
VmallocTotal:   263061440 kB
VmallocUsed:      128416 kB
VmallocChunk:          0 kB
Percpu:             2520 kB
CmaTotal:         405504 kB
CmaFree:               0 kB
MemTotal:        7918584 kB
MemFree:          161260 kB
MemAvailable:    1078596 kB
Buffers:             608 kB
Cached:           900172 kB
SwapCached:        37840 kB
Active:          1419376 kB
Inactive:        3779160 kB
Active(anon):    1283048 kB
Inactive(anon):  3036568 kB
Active(file):     136328 kB
Inactive(file):   742592 kB
Unevictable:        6544 kB
Mlocked:            6104 kB
SwapTotal:       4718584 kB
SwapFree:        2652164 kB
Dirty:               184 kB
Writeback:             4 kB
AnonPages:       4300032 kB
Mapped:           617852 kB
Shmem:             17056 kB
KReclaimable:     436832 kB
Slab:             312200 kB
SReclaimable:      79256 kB
SUnreclaim:       232944 kB
KernelStack:       46256 kB
ShadowCallStack:   11616 kB
PageTables:        82932 kB
NFS_Unstable:          0 kB
Bounce:                0 kB
WritebackTmp:          0 kB
CommitLimit:     8677876 kB
Committed_AS:   73633812 kB
VmallocTotal:   263061440 kB
VmallocUsed:      128352 kB
VmallocChunk:          0 kB
Percpu:             2520 kB
CmaTotal:         405504 kB
CmaFree:               0 kB
MemTotal:        7918584 kB
MemFree:          168196 kB
MemAvailable:     934764 kB
Buffers:             844 kB
Cached:           922304 kB
SwapCached:        28124 kB
Active:          2768384 kB
Inactive:        2526820 kB
Active(anon):    2612296 kB
Inactive(anon):  1780264 kB
Active(file):     156088 kB
Inactive(file):   746556 kB
Unevictable:        6544 kB
Mlocked:            6104 kB
SwapTotal:       4718584 kB
SwapFree:        1481284 kB
Dirty:               208 kB
Writeback:             0 kB
AnonPages:       4378724 kB
Mapped:           629236 kB
Shmem:             15696 kB
KReclaimable:     254148 kB
Slab:             312760 kB
SReclaimable:      79212 kB
SUnreclaim:       233548 kB
KernelStack:       45968 kB
ShadowCallStack:   11536 kB
PageTables:        87916 kB
NFS_Unstable:          0 kB
Bounce:                0 kB
WritebackTmp:          0 kB
CommitLimit:     8677876 kB
Committed_AS:   76173196 kB
VmallocTotal:   263061440 kB
VmallocUsed:      127936 kB
VmallocChunk:          0 kB
Percpu:             2520 kB
CmaTotal:         405504 kB
CmaFree:               0 kB
MemTotal:        7918584 kB
MemFree:          168220 kB
MemAvailable:     933136 kB
Buffers:             844 kB
Cached:           922912 kB
SwapCached:        28124 kB
Active:          2812972 kB
Inactive:        2484176 kB
Active(anon):    2656288 kB
Inactive(anon):  1737620 kB
Active(file):     156684 kB
Inactive(file):   746556 kB
Unevictable:        6544 kB
Mlocked:            6104 kB
SwapTotal:       4718584 kB
SwapFree:        1438404 kB
Dirty:               208 kB
Writeback:             8 kB
AnonPages:       4379864 kB
Mapped:           629512 kB
Shmem:             15696 kB
KReclaimable:     251900 kB
Slab:             312828 kB
SReclaimable:      79212 kB
SUnreclaim:       233616 kB
KernelStack:       45968 kB
ShadowCallStack:   11540 kB
PageTables:        88168 kB
NFS_Unstable:          0 kB
Bounce:                0 kB
WritebackTmp:          0 kB
CommitLimit:     8677876 kB
Committed_AS:   76255116 kB
VmallocTotal:   263061440 kB
VmallocUsed:      127988 kB
VmallocChunk:          0 kB
Percpu:             2520 kB
CmaTotal:         405504 kB
CmaFree:               0 kB
MemTotal:        7918584 kB
MemFree:          166232 kB
MemAvailable:     926572 kB
Buffers:             868 kB
Cached:           922884 kB
SwapCached:        28124 kB
Active:          2886136 kB
Inactive:        2416456 kB
Active(anon):    2729452 kB
Inactive(anon):  1669876 kB
Active(file):     156684 kB
Inactive(file):   746580 kB
Unevictable:        6544 kB
Mlocked:            6104 kB
SwapTotal:       4718584 kB
SwapFree:        1370360 kB
Dirty:               208 kB
Writeback:             0 kB
AnonPages:       4385132 kB
Mapped:           630048 kB
Shmem:             15696 kB
KReclaimable:     247300 kB
Slab:             312784 kB
SReclaimable:      79212 kB
SUnreclaim:       233572 kB
KernelStack:       45936 kB
ShadowCallStack:   11528 kB
PageTables:        88076 kB
NFS_Unstable:          0 kB
Bounce:                0 kB
WritebackTmp:          0 kB
CommitLimit:     8677876 kB
Committed_AS:   76402576 kB
VmallocTotal:   263061440 kB
VmallocUsed:      127992 kB
VmallocChunk:          0 kB
Percpu:             2520 kB
CmaTotal:         405504 kB
CmaFree:               0 kB
MemTotal:        7918584 kB
MemFree:          168852 kB
MemAvailable:     924428 kB
Buffers:             876 kB
Cached:           926592 kB
SwapCached:        28124 kB
Active:          2957408 kB
Inactive:        2350644 kB
Active(anon):    2797040 kB
Inactive(anon):  1604056 kB
Active(file):     160368 kB
Inactive(file):   746588 kB
Unevictable:        6544 kB
Mlocked:            6104 kB
SwapTotal:       4718584 kB
SwapFree:        1305592 kB
Dirty:               228 kB
Writeback:             0 kB
AnonPages:       4387304 kB
Mapped:           631748 kB
Shmem:             15696 kB
KReclaimable:     235164 kB
Slab:             312928 kB
SReclaimable:      79212 kB
SUnreclaim:       233716 kB
KernelStack:       46000 kB
ShadowCallStack:   11536 kB
PageTables:        88888 kB
NFS_Unstable:          0 kB
Bounce:                0 kB
WritebackTmp:          0 kB
CommitLimit:     8677876 kB
Committed_AS:   76533648 kB
VmallocTotal:   263061440 kB
VmallocUsed:      127992 kB
VmallocChunk:          0 kB
Percpu:             2520 kB
CmaTotal:         405504 kB
CmaFree:               0 kB
MemTotal:        7918584 kB
MemFree:          166672 kB
MemAvailable:     918992 kB
Buffers:             876 kB
Cached:           926584 kB
SwapCached:        28124 kB
Active:          3001236 kB
Inactive:        2315952 kB
Active(anon):    2840868 kB
Inactive(anon):  1569364 kB
Active(file):     160368 kB
Inactive(file):   746588 kB
Unevictable:        6544 kB
Mlocked:            6104 kB
SwapTotal:       4718584 kB
SwapFree:        1271160 kB
Dirty:               256 kB
Writeback:             4 kB
AnonPages:       4396344 kB
Mapped:           632072 kB
Shmem:             15696 kB
KReclaimable:     228652 kB
Slab:             312932 kB
SReclaimable:      79212 kB
SUnreclaim:       233720 kB
KernelStack:       45952 kB
ShadowCallStack:   11548 kB
PageTables:        88856 kB
NFS_Unstable:          0 kB
Bounce:                0 kB
WritebackTmp:          0 kB
CommitLimit:     8677876 kB
Committed_AS:   76599180 kB
VmallocTotal:   263061440 kB
VmallocUsed:      127992 kB
VmallocChunk:          0 kB
Percpu:             2520 kB
CmaTotal:         405504 kB
CmaFree:               0 kB
MemTotal:        7918584 kB
MemFree:          168300 kB
MemAvailable:     915096 kB
Buffers:             876 kB
Cached:           926596 kB
SwapCached:        28124 kB
Active:          3072476 kB
Inactive:        2252632 kB
Active(anon):    2912108 kB
Inactive(anon):  1506032 kB
Active(file):     160368 kB
Inactive(file):   746600 kB
Unevictable:        6544 kB
Mlocked:            6104 kB
SwapTotal:       4718584 kB
SwapFree:        1208200 kB
Dirty:               268 kB
Writeback:             0 kB
AnonPages:       4404216 kB
Mapped:           632512 kB
Shmem:             15696 kB
KReclaimable:     217580 kB
Slab:             312964 kB
SReclaimable:      79212 kB
SUnreclaim:       233752 kB
KernelStack:       45952 kB
ShadowCallStack:   11540 kB
PageTables:        89068 kB
NFS_Unstable:          0 kB
Bounce:                0 kB
WritebackTmp:          0 kB
CommitLimit:     8677876 kB
Committed_AS:   76746636 kB
VmallocTotal:   263061440 kB
VmallocUsed:      127992 kB
VmallocChunk:          0 kB
Percpu:             2520 kB
CmaTotal:         405504 kB
CmaFree:               0 kB
MemTotal:        7918584 kB
MemFree:          165640 kB
MemAvailable:     908044 kB
Buffers:             876 kB
Cached:           926608 kB
SwapCached:        28124 kB
Active:          3129976 kB
Inactive:        2206336 kB
Active(anon):    2969608 kB
Inactive(anon):  1459736 kB
Active(file):     160368 kB
Inactive(file):   746600 kB
Unevictable:        6544 kB
Mlocked:            6104 kB
SwapTotal:       4718584 kB
SwapFree:        1162096 kB
Dirty:               268 kB
Writeback:            12 kB
AnonPages:       4415484 kB
Mapped:           632972 kB
Shmem:             15696 kB
KReclaimable:     208796 kB
Slab:             313192 kB
SReclaimable:      79212 kB
SUnreclaim:       233980 kB
KernelStack:       45968 kB
ShadowCallStack:   11536 kB
PageTables:        89708 kB
NFS_Unstable:          0 kB
Bounce:                0 kB
WritebackTmp:          0 kB
CommitLimit:     8677876 kB
Committed_AS:   76861328 kB
VmallocTotal:   263061440 kB
VmallocUsed:      127992 kB
VmallocChunk:          0 kB
Percpu:             2520 kB
CmaTotal:         405504 kB
CmaFree:               0 kB
MemTotal:        7918584 kB
MemFree:          169524 kB
MemAvailable:     907476 kB
Buffers:             884 kB
Cached:           926584 kB
SwapCached:        28124 kB
Active:          3188312 kB
Inactive:        2149280 kB
Active(anon):    3027944 kB
Inactive(anon):  1402676 kB
Active(file):     160368 kB
Inactive(file):   746604 kB
Unevictable:        6544 kB
Mlocked:            6104 kB
SwapTotal:       4718584 kB
SwapFree:        1106172 kB
Dirty:               268 kB
Writeback:             0 kB
AnonPages:       4416728 kB
Mapped:           633476 kB
Shmem:             15696 kB
KReclaimable:     199884 kB
Slab:             313156 kB
SReclaimable:      79212 kB
SUnreclaim:       233944 kB
KernelStack:       45984 kB
ShadowCallStack:   11544 kB
PageTables:        89404 kB
NFS_Unstable:          0 kB
Bounce:                0 kB
WritebackTmp:          0 kB
CommitLimit:     8677876 kB
Committed_AS:   76959628 kB
VmallocTotal:   263061440 kB
VmallocUsed:      128028 kB
VmallocChunk:          0 kB
Percpu:             2520 kB
CmaTotal:         405504 kB
CmaFree:               0 kB
MemTotal:        7918584 kB
MemFree:          147692 kB
MemAvailable:     828996 kB
Buffers:             884 kB
Cached:           926620 kB
SwapCached:        28128 kB
Active:          3296908 kB
Inactive:        2031928 kB
Active(anon):    3136540 kB
Inactive(anon):  1285296 kB
Active(file):     160368 kB
Inactive(file):   746632 kB
Unevictable:        6544 kB
Mlocked:            6104 kB
SwapTotal:       4718584 kB
SwapFree:         989492 kB
Dirty:               324 kB
Writeback:             0 kB
AnonPages:       4408120 kB
Mapped:           634172 kB
Shmem:             15708 kB
KReclaimable:     111108 kB
Slab:             313508 kB
SReclaimable:      79212 kB
SUnreclaim:       234296 kB
KernelStack:       46064 kB
ShadowCallStack:   11540 kB
PageTables:        89604 kB
NFS_Unstable:          0 kB
Bounce:                0 kB
WritebackTmp:          0 kB
CommitLimit:     8677876 kB
Committed_AS:   77091096 kB
VmallocTotal:   263061440 kB
VmallocUsed:      128168 kB
VmallocChunk:          0 kB
Percpu:             2520 kB
CmaTotal:         405504 kB
CmaFree:               0 kB
MemTotal:        7918584 kB
MemFree:          166844 kB
MemAvailable:     860960 kB
Buffers:             892 kB
Cached:           927384 kB
SwapCached:        28124 kB
Active:          3353052 kB
Inactive:        1952720 kB
Active(anon):    3192048 kB
Inactive(anon):  1206080 kB
Active(file):     161004 kB
Inactive(file):   746640 kB
Unevictable:        6544 kB
Mlocked:            6104 kB
SwapTotal:       4718584 kB
SwapFree:         910988 kB
Dirty:               372 kB
Writeback:             0 kB
AnonPages:       4383904 kB
Mapped:           634904 kB
Shmem:             15824 kB
KReclaimable:     110868 kB
Slab:             313672 kB
SReclaimable:      79212 kB
SUnreclaim:       234460 kB
KernelStack:       46080 kB
ShadowCallStack:   11572 kB
PageTables:        89932 kB
NFS_Unstable:          0 kB
Bounce:                0 kB
WritebackTmp:          0 kB
CommitLimit:     8677876 kB
Committed_AS:   77173016 kB
VmallocTotal:   263061440 kB
VmallocUsed:      128184 kB
VmallocChunk:          0 kB
Percpu:             2520 kB
CmaTotal:         405504 kB
CmaFree:               0 kB
MemTotal:        7918584 kB
MemFree:          166540 kB
MemAvailable:     920020 kB
Buffers:             892 kB
Cached:           927280 kB
SwapCached:        28124 kB
Active:          3381212 kB
Inactive:        1928512 kB
Active(anon):    3220208 kB
Inactive(anon):  1181848 kB
Active(file):     161004 kB
Inactive(file):   746664 kB
Unevictable:        6544 kB
Mlocked:            6104 kB
SwapTotal:       4718584 kB
SwapFree:         887592 kB
Dirty:               384 kB
Writeback:             0 kB
AnonPages:       4388244 kB
Mapped:           634744 kB
Shmem:             15700 kB
KReclaimable:     229548 kB
Slab:             313308 kB
SReclaimable:      79212 kB
SUnreclaim:       234096 kB
KernelStack:       45984 kB
ShadowCallStack:   11540 kB
PageTables:        90176 kB
NFS_Unstable:          0 kB
Bounce:                0 kB
WritebackTmp:          0 kB
CommitLimit:     8677876 kB
Committed_AS:   77287312 kB
VmallocTotal:   263061440 kB
VmallocUsed:      128004 kB
VmallocChunk:          0 kB
Percpu:             2520 kB
CmaTotal:         405504 kB
CmaFree:              48 kB
MemTotal:        7918584 kB
MemFree:          173080 kB
MemAvailable:     924668 kB
Buffers:             892 kB
Cached:           927524 kB
SwapCached:        28124 kB
Active:          3453668 kB
Inactive:        1851028 kB
Active(anon):    3292432 kB
Inactive(anon):  1104364 kB
Active(file):     161236 kB
Inactive(file):   746664 kB
Unevictable:        6544 kB
Mlocked:            6104 kB
SwapTotal:       4718584 kB
SwapFree:         810268 kB
Dirty:               388 kB
Writeback:             8 kB
AnonPages:       4382704 kB
Mapped:           635160 kB
Shmem:             15700 kB
KReclaimable:     225300 kB
Slab:             313420 kB
SReclaimable:      79212 kB
SUnreclaim:       234208 kB
KernelStack:       46016 kB
ShadowCallStack:   11544 kB
PageTables:        90648 kB
NFS_Unstable:          0 kB
Bounce:                0 kB
WritebackTmp:          0 kB
CommitLimit:     8677876 kB
Committed_AS:   77418384 kB
VmallocTotal:   263061440 kB
VmallocUsed:      127996 kB
VmallocChunk:          0 kB
Percpu:             2520 kB
CmaTotal:         405504 kB
CmaFree:              48 kB
MemTotal:        7918584 kB
MemFree:          168588 kB
MemAvailable:     918616 kB
Buffers:             916 kB
Cached:           927404 kB
SwapCached:        27408 kB
Active:          3504204 kB
Inactive:        1804008 kB
Active(anon):    3342968 kB
Inactive(anon):  1057320 kB
Active(file):     161236 kB
Inactive(file):   746688 kB
Unevictable:        6544 kB
Mlocked:            6104 kB
SwapTotal:       4718584 kB
SwapFree:         772988 kB
Dirty:               396 kB
Writeback:             4 kB
AnonPages:       4386360 kB
Mapped:           635228 kB
Shmem:             15528 kB
KReclaimable:     222132 kB
Slab:             313432 kB
SReclaimable:      79260 kB
SUnreclaim:       234172 kB
KernelStack:       45984 kB
ShadowCallStack:   11548 kB
PageTables:        90440 kB
NFS_Unstable:          0 kB
Bounce:                0 kB
WritebackTmp:          0 kB
CommitLimit:     8677876 kB
Committed_AS:   77483924 kB
VmallocTotal:   263061440 kB
VmallocUsed:      128028 kB
VmallocChunk:          0 kB
Percpu:             2520 kB
CmaTotal:         405504 kB
CmaFree:            3104 kB
MemTotal:        7918584 kB
MemFree:          321452 kB
MemAvailable:    1066468 kB
Buffers:             916 kB
Cached:           927608 kB
SwapCached:        27412 kB
Active:          3572472 kB
Inactive:        1589780 kB
Active(anon):    3410984 kB
Inactive(anon):   843076 kB
Active(file):     161488 kB
Inactive(file):   746704 kB
Unevictable:        6544 kB
Mlocked:            6104 kB
SwapTotal:       4718584 kB
SwapFree:         560376 kB
Dirty:               316 kB
Writeback:             0 kB
AnonPages:       4240392 kB
Mapped:           635820 kB
Shmem:             15528 kB
KReclaimable:     211572 kB
Slab:             313564 kB
SReclaimable:      79276 kB
SUnreclaim:       234288 kB
KernelStack:       45984 kB
ShadowCallStack:   11532 kB
PageTables:        90944 kB
NFS_Unstable:          0 kB
Bounce:                0 kB
WritebackTmp:          0 kB
CommitLimit:     8677876 kB
Committed_AS:   77598608 kB
VmallocTotal:   263061440 kB
VmallocUsed:      128028 kB
VmallocChunk:          0 kB
Percpu:             2520 kB
CmaTotal:         405504 kB
CmaFree:          155880 kB
MemTotal:        7918584 kB
MemFree:          333312 kB
MemAvailable:    1075500 kB
Buffers:             916 kB
Cached:           927612 kB
SwapCached:        27408 kB
Active:          3633312 kB
Inactive:        1521916 kB
Active(anon):    3471824 kB
Inactive(anon):   775212 kB
Active(file):     161488 kB
Inactive(file):   746704 kB
Unevictable:        6544 kB
Mlocked:            6104 kB
SwapTotal:       4718584 kB
SwapFree:         492888 kB
Dirty:               184 kB
Writeback:             0 kB
AnonPages:       4233364 kB
Mapped:           636096 kB
Shmem:             15528 kB
KReclaimable:     205916 kB
Slab:             313604 kB
SReclaimable:      79292 kB
SUnreclaim:       234312 kB
KernelStack:       45952 kB
ShadowCallStack:   11536 kB
PageTables:        90984 kB
NFS_Unstable:          0 kB
Bounce:                0 kB
WritebackTmp:          0 kB
CommitLimit:     8677876 kB
Committed_AS:   77696912 kB
VmallocTotal:   263061440 kB
VmallocUsed:      128012 kB
VmallocChunk:          0 kB
Percpu:             2520 kB
CmaTotal:         405504 kB
CmaFree:          155772 kB
MemTotal:        7918584 kB
MemFree:          275108 kB
MemAvailable:    1016976 kB
Buffers:             916 kB
Cached:           927632 kB
SwapCached:        27408 kB
Active:          3692020 kB
Inactive:        1521928 kB
Active(anon):    3530532 kB
Inactive(anon):   775212 kB
Active(file):     161488 kB
Inactive(file):   746716 kB
Unevictable:        6544 kB
Mlocked:            6104 kB
SwapTotal:       4718584 kB
SwapFree:         492888 kB
Dirty:               200 kB
Writeback:             0 kB
AnonPages:       4292028 kB
Mapped:           636584 kB
Shmem:             15536 kB
KReclaimable:     205252 kB
Slab:             313756 kB
SReclaimable:      79292 kB
SUnreclaim:       234464 kB
KernelStack:       45968 kB
ShadowCallStack:   11536 kB
PageTables:        91132 kB
NFS_Unstable:          0 kB
Bounce:                0 kB
WritebackTmp:          0 kB
CommitLimit:     8677876 kB
Committed_AS:   77811600 kB
VmallocTotal:   263061440 kB
VmallocUsed:      128008 kB
VmallocChunk:          0 kB
Percpu:             2520 kB
CmaTotal:         405504 kB
CmaFree:           97940 kB
MemTotal:        7918584 kB
MemFree:          204140 kB
MemAvailable:     945872 kB
Buffers:             916 kB
Cached:           927632 kB
SwapCached:        27408 kB
Active:          3761772 kB
Inactive:        1521928 kB
Active(anon):    3600284 kB
Inactive(anon):   775212 kB
Active(file):     161488 kB
Inactive(file):   746716 kB
Unevictable:        6544 kB
Mlocked:            6104 kB
SwapTotal:       4718584 kB
SwapFree:         492888 kB
Dirty:               200 kB
Writeback:             0 kB
AnonPages:       4361764 kB
Mapped:           636952 kB
Shmem:             15536 kB
KReclaimable:     204980 kB
Slab:             313604 kB
SReclaimable:      79308 kB
SUnreclaim:       234296 kB
KernelStack:       45968 kB
ShadowCallStack:   11520 kB
PageTables:        91408 kB
NFS_Unstable:          0 kB
Bounce:                0 kB
WritebackTmp:          0 kB
CommitLimit:     8677876 kB
Committed_AS:   77926292 kB
VmallocTotal:   263061440 kB
VmallocUsed:      127992 kB
VmallocChunk:          0 kB
Percpu:             2520 kB
CmaTotal:         405504 kB
CmaFree:           27688 kB
MemTotal:        7918584 kB
MemFree:          161196 kB
MemAvailable:     904820 kB
Buffers:             924 kB
Cached:           929776 kB
SwapCached:        27420 kB
Active:          3103920 kB
Inactive:        2223188 kB
Active(anon):    2939100 kB
Inactive(anon):  1477656 kB
Active(file):     164820 kB
Inactive(file):   745532 kB
Unevictable:        6544 kB
Mlocked:            6104 kB
SwapTotal:       4718584 kB
SwapFree:         481104 kB
Dirty:               200 kB
Writeback:             0 kB
AnonPages:       4402972 kB
Mapped:           637732 kB
Shmem:             15540 kB
KReclaimable:     204468 kB
Slab:             313676 kB
SReclaimable:      79308 kB
SUnreclaim:       234368 kB
KernelStack:       45936 kB
ShadowCallStack:   11528 kB
PageTables:        91448 kB
NFS_Unstable:          0 kB
Bounce:                0 kB
WritebackTmp:          0 kB
CommitLimit:     8677876 kB
Committed_AS:   78024596 kB
VmallocTotal:   263061440 kB
VmallocUsed:      127992 kB
VmallocChunk:          0 kB
Percpu:             2520 kB
CmaTotal:         405504 kB
CmaFree:              56 kB
MemTotal:        7918584 kB
MemFree:          158660 kB
MemAvailable:     899996 kB
Buffers:             924 kB
Cached:           929776 kB
SwapCached:        28556 kB
Active:          3170756 kB
Inactive:        2161000 kB
Active(anon):    3005936 kB
Inactive(anon):  1415468 kB
Active(file):     164820 kB
Inactive(file):   745532 kB
Unevictable:        6544 kB
Mlocked:            6104 kB
SwapTotal:       4718584 kB
SwapFree:         418116 kB
Dirty:               212 kB
Writeback:             0 kB
AnonPages:       4406484 kB
Mapped:           638228 kB
Shmem:             15540 kB
KReclaimable:     199892 kB
Slab:             314036 kB
SReclaimable:      79340 kB
SUnreclaim:       234696 kB
KernelStack:       45968 kB
ShadowCallStack:   11540 kB
PageTables:        91804 kB
NFS_Unstable:          0 kB
Bounce:                0 kB
WritebackTmp:          0 kB
CommitLimit:     8677876 kB
Committed_AS:   78122900 kB
VmallocTotal:   263061440 kB
VmallocUsed:      127980 kB
VmallocChunk:          0 kB
Percpu:             2520 kB
CmaTotal:         405504 kB
CmaFree:              24 kB
MemTotal:        7918584 kB
MemFree:          154488 kB
MemAvailable:     894184 kB
Buffers:             932 kB
Cached:           930608 kB
SwapCached:        28352 kB
Active:          3246096 kB
Inactive:        2093484 kB
Active(anon):    3080368 kB
Inactive(anon):  1347940 kB
Active(file):     165728 kB
Inactive(file):   745544 kB
Unevictable:        6544 kB
Mlocked:            6104 kB
SwapTotal:       4718584 kB
SwapFree:         352068 kB
Dirty:                60 kB
Writeback:           548 kB
AnonPages:       4413856 kB
Mapped:           638584 kB
Shmem:             15540 kB
KReclaimable:     194772 kB
Slab:             314164 kB
SReclaimable:      79340 kB
SUnreclaim:       234824 kB
KernelStack:       45952 kB
ShadowCallStack:   11540 kB
PageTables:        92124 kB
NFS_Unstable:          0 kB
Bounce:                0 kB
WritebackTmp:          0 kB
CommitLimit:     8677876 kB
Committed_AS:   78270360 kB
VmallocTotal:   263061440 kB
VmallocUsed:      127988 kB
VmallocChunk:          0 kB
Percpu:             2520 kB
CmaTotal:         405504 kB
CmaFree:               0 kB
MemTotal:        7918584 kB
MemFree:          154188 kB
MemAvailable:     891912 kB
Buffers:             932 kB
Cached:           930920 kB
SwapCached:        50716 kB
Active:          3302576 kB
Inactive:        2042816 kB
Active(anon):    3136848 kB
Inactive(anon):  1297260 kB
Active(file):     165728 kB
Inactive(file):   745556 kB
Unevictable:        6544 kB
Mlocked:            6104 kB
SwapTotal:       4718584 kB
SwapFree:         279892 kB
Dirty:                92 kB
Writeback:             0 kB
AnonPages:       4396744 kB
Mapped:           638828 kB
Shmem:             15540 kB
KReclaimable:     190804 kB
Slab:             314120 kB
SReclaimable:      79340 kB
SUnreclaim:       234780 kB
KernelStack:       46000 kB
ShadowCallStack:   11528 kB
PageTables:        92224 kB
NFS_Unstable:          0 kB
Bounce:                0 kB
WritebackTmp:          0 kB
CommitLimit:     8677876 kB
Committed_AS:   78352276 kB
VmallocTotal:   263061440 kB
VmallocUsed:      128024 kB
VmallocChunk:          0 kB
Percpu:             2520 kB
CmaTotal:         405504 kB
CmaFree:               0 kB
MemTotal:        7918584 kB
MemFree:          146188 kB
MemAvailable:     882824 kB
Buffers:             932 kB
Cached:           930860 kB
SwapCached:        36368 kB
Active:          3359324 kB
Inactive:        1995396 kB
Active(anon):    3193596 kB
Inactive(anon):  1249840 kB
Active(file):     165728 kB
Inactive(file):   745556 kB
Unevictable:        6544 kB
Mlocked:            6104 kB
SwapTotal:       4718584 kB
SwapFree:         248716 kB
Dirty:                92 kB
Writeback:             0 kB
AnonPages:       4420528 kB
Mapped:           639348 kB
Shmem:             15540 kB
KReclaimable:     188628 kB
Slab:             314088 kB
SReclaimable:      79340 kB
SUnreclaim:       234748 kB
KernelStack:       45936 kB
ShadowCallStack:   11536 kB
PageTables:        92336 kB
NFS_Unstable:          0 kB
Bounce:                0 kB
WritebackTmp:          0 kB
CommitLimit:     8677876 kB
Committed_AS:   78434196 kB
VmallocTotal:   263061440 kB
VmallocUsed:      127992 kB
VmallocChunk:          0 kB
Percpu:             2520 kB
CmaTotal:         405504 kB
CmaFree:               0 kB
MemTotal:        7918584 kB
MemFree:          170320 kB
MemAvailable:     901008 kB
Buffers:             956 kB
Cached:           931428 kB
SwapCached:        27856 kB
Active:          3421440 kB
Inactive:        1912268 kB
Active(anon):    3255096 kB
Inactive(anon):  1166620 kB
Active(file):     166344 kB
Inactive(file):   745648 kB
Unevictable:        6544 kB
Mlocked:            6104 kB
SwapTotal:       4718584 kB
SwapFree:         175512 kB
Dirty:               244 kB
Writeback:           144 kB
AnonPages:       4407480 kB
Mapped:           638932 kB
Shmem:             15568 kB
KReclaimable:     183508 kB
Slab:             314060 kB
SReclaimable:      79340 kB
SUnreclaim:       234720 kB
KernelStack:       45936 kB
ShadowCallStack:   11532 kB
PageTables:        92496 kB
NFS_Unstable:          0 kB
Bounce:                0 kB
WritebackTmp:          0 kB
CommitLimit:     8677876 kB
Committed_AS:   78516116 kB
VmallocTotal:   263061440 kB
VmallocUsed:      127972 kB
VmallocChunk:          0 kB
Percpu:             2520 kB
CmaTotal:         405504 kB
CmaFree:               0 kB
MemTotal:        7918584 kB
MemFree:          142668 kB
MemAvailable:     875052 kB
Buffers:             956 kB
Cached:           931180 kB
SwapCached:        30864 kB
Active:          3475056 kB
Inactive:        1890344 kB
Active(anon):    3308712 kB
Inactive(anon):  1144696 kB
Active(file):     166344 kB
Inactive(file):   745648 kB
Unevictable:        6544 kB
Mlocked:            6104 kB
SwapTotal:       4718584 kB
SwapFree:         151332 kB
Dirty:               244 kB
Writeback:          4020 kB
AnonPages:       4435480 kB
Mapped:           639296 kB
Shmem:             15568 kB
KReclaimable:     178708 kB
Slab:             314728 kB
SReclaimable:      79340 kB
SUnreclaim:       235388 kB
KernelStack:       45968 kB
ShadowCallStack:   11544 kB
PageTables:        92884 kB
NFS_Unstable:          0 kB
Bounce:                0 kB
WritebackTmp:          0 kB
CommitLimit:     8677876 kB
Committed_AS:   78598036 kB
VmallocTotal:   263061440 kB
VmallocUsed:      127992 kB
VmallocChunk:          0 kB
Percpu:             2520 kB
CmaTotal:         405504 kB
CmaFree:               0 kB
MemTotal:        7918584 kB
MemFree:          143272 kB
MemAvailable:     870008 kB
Buffers:             964 kB
Cached:           932828 kB
SwapCached:        24352 kB
Active:          3554528 kB
Inactive:        1822648 kB
Active(anon):    3386908 kB
Inactive(anon):  1076740 kB
Active(file):     167620 kB
Inactive(file):   745908 kB
Unevictable:        6544 kB
Mlocked:            6104 kB
SwapTotal:       4718584 kB
SwapFree:          92244 kB
Dirty:               372 kB
Writeback:            64 kB
AnonPages:       4448284 kB
Mapped:           640304 kB
Shmem:             15568 kB
KReclaimable:     164340 kB
Slab:             314368 kB
SReclaimable:      79308 kB
SUnreclaim:       235060 kB
KernelStack:       45952 kB
ShadowCallStack:   11520 kB
PageTables:        92844 kB
NFS_Unstable:          0 kB
Bounce:                0 kB
WritebackTmp:          0 kB
CommitLimit:     8677876 kB
Committed_AS:   78729108 kB
VmallocTotal:   263061440 kB
VmallocUsed:      127992 kB
VmallocChunk:          0 kB
Percpu:             2520 kB
CmaTotal:         405504 kB
CmaFree:               0 kB
MemTotal:        7918584 kB
MemFree:          132296 kB
MemAvailable:     854948 kB
Buffers:             964 kB
Cached:           932924 kB
SwapCached:        19360 kB
Active:          3625588 kB
Inactive:        1771624 kB
Active(anon):    3457968 kB
Inactive(anon):  1025704 kB
Active(file):     167620 kB
Inactive(file):   745920 kB
Unevictable:        6544 kB
Mlocked:            6104 kB
SwapTotal:       4718584 kB
SwapFree:          46748 kB
Dirty:               384 kB
Writeback:             0 kB
AnonPages:       4469472 kB
Mapped:           640496 kB
Shmem:             15572 kB
KReclaimable:     156148 kB
Slab:             314208 kB
SReclaimable:      79308 kB
SUnreclaim:       234900 kB
KernelStack:       45968 kB
ShadowCallStack:   11544 kB
PageTables:        93556 kB
NFS_Unstable:          0 kB
Bounce:                0 kB
WritebackTmp:          0 kB
CommitLimit:     8677876 kB
Committed_AS:   78843796 kB
VmallocTotal:   263061440 kB
VmallocUsed:      127996 kB
VmallocChunk:          0 kB
Percpu:             2520 kB
CmaTotal:         405504 kB
CmaFree:               0 kB
MemTotal:        7918584 kB
MemFree:          119008 kB
MemAvailable:     839136 kB
Buffers:             964 kB
Cached:           933388 kB
SwapCached:        12436 kB
Active:          3690132 kB
Inactive:        1725004 kB
Active(anon):    3521964 kB
Inactive(anon):   979084 kB
Active(file):     168168 kB
Inactive(file):   745920 kB
Unevictable:        6544 kB
Mlocked:            6104 kB
SwapTotal:       4718584 kB
SwapFree:           7872 kB
Dirty:               384 kB
Writeback:             0 kB
AnonPages:       4486524 kB
Mapped:           640988 kB
Shmem:             15572 kB
KReclaimable:     150004 kB
Slab:             313964 kB
SReclaimable:      79308 kB
SUnreclaim:       234656 kB
KernelStack:       45968 kB
ShadowCallStack:   11540 kB
PageTables:        93368 kB
NFS_Unstable:          0 kB
Bounce:                0 kB
WritebackTmp:          0 kB
CommitLimit:     8677876 kB
Committed_AS:   78958484 kB
VmallocTotal:   263061440 kB
VmallocUsed:      128016 kB
VmallocChunk:          0 kB
Percpu:             2520 kB
CmaTotal:         405504 kB
CmaFree:               0 kB
MemTotal:        7918584 kB
MemFree:          170868 kB
MemAvailable:     819864 kB
Buffers:             960 kB
Cached:           874836 kB
SwapCached:         2616 kB
Active:          3745516 kB
Inactive:        1643068 kB
Active(anon):    3573996 kB
Inactive(anon):   959336 kB
Active(file):     171520 kB
Inactive(file):   683732 kB
Unevictable:        6544 kB
Mlocked:            6104 kB
SwapTotal:       4718584 kB
SwapFree:              4 kB
Dirty:               384 kB
Writeback:             0 kB
AnonPages:       4519148 kB
Mapped:           613256 kB
Shmem:             15572 kB
KReclaimable:     125416 kB
Slab:             314008 kB
SReclaimable:      79296 kB
SUnreclaim:       234712 kB
KernelStack:       45920 kB
ShadowCallStack:   11528 kB
PageTables:        93272 kB
NFS_Unstable:          0 kB
Bounce:                0 kB
WritebackTmp:          0 kB
CommitLimit:     8677876 kB
Committed_AS:   79040404 kB
VmallocTotal:   263061440 kB
VmallocUsed:      127996 kB
VmallocChunk:          0 kB
Percpu:             2520 kB
CmaTotal:         405504 kB
CmaFree:               4 kB
MemTotal:        7918584 kB
MemFree:          166568 kB
MemAvailable:     766284 kB
Buffers:             952 kB
Cached:           830520 kB
SwapCached:         2560 kB
Active:          3809592 kB
Inactive:        1593692 kB
Active(anon):    3633876 kB
Inactive(anon):   958316 kB
Active(file):     175716 kB
Inactive(file):   635376 kB
Unevictable:        6544 kB
Mlocked:            6104 kB
SwapTotal:       4718584 kB
SwapFree:              0 kB
Dirty:               388 kB
Writeback:             0 kB
AnonPages:       4578372 kB
Mapped:           593012 kB
Shmem:             15572 kB
KReclaimable:     115176 kB
Slab:             314192 kB
SReclaimable:      79296 kB
SUnreclaim:       234896 kB
KernelStack:       45968 kB
ShadowCallStack:   11540 kB
PageTables:        93852 kB
NFS_Unstable:          0 kB
Bounce:                0 kB
WritebackTmp:          0 kB
CommitLimit:     8677876 kB
Committed_AS:   79140756 kB
VmallocTotal:   263061440 kB
VmallocUsed:      127996 kB
VmallocChunk:          0 kB
Percpu:             2520 kB
CmaTotal:         405504 kB
CmaFree:               0 kB
MemTotal:        7918584 kB
MemFree:          168260 kB
MemAvailable:     684432 kB
Buffers:             940 kB
Cached:           752344 kB
SwapCached:         2560 kB
Active:          3901432 kB
Inactive:        1510752 kB
Active(anon):    3722644 kB
Inactive(anon):   956872 kB
Active(file):     178788 kB
Inactive(file):   553880 kB
Unevictable:        6544 kB
Mlocked:            6104 kB
SwapTotal:       4718584 kB
SwapFree:              0 kB
Dirty:               392 kB
Writeback:             0 kB
AnonPages:       4665576 kB
Mapped:           557660 kB
Shmem:             15572 kB
KReclaimable:     104936 kB
Slab:             314228 kB
SReclaimable:      79296 kB
SUnreclaim:       234932 kB
KernelStack:       45936 kB
ShadowCallStack:   11532 kB
PageTables:        93952 kB
NFS_Unstable:          0 kB
Bounce:                0 kB
WritebackTmp:          0 kB
CommitLimit:     8677876 kB
Committed_AS:   79271828 kB
VmallocTotal:   263061440 kB
VmallocUsed:      127992 kB
VmallocChunk:          0 kB
Percpu:             2520 kB
CmaTotal:         405504 kB
CmaFree:               0 kB
MemTotal:        7918584 kB
MemFree:          279976 kB
MemAvailable:     496804 kB
Buffers:            1644 kB
Cached:           456748 kB
SwapCached:         2560 kB
Active:          3980284 kB
Inactive:        1211820 kB
Active(anon):    3798836 kB
Inactive(anon):   955508 kB
Active(file):     181448 kB
Inactive(file):   256312 kB
Unevictable:        6544 kB
Mlocked:            6104 kB
SwapTotal:       4718584 kB
SwapFree:              0 kB
Dirty:               440 kB
Writeback:             0 kB
AnonPages:       4740368 kB
Mapped:           513516 kB
Shmem:             15672 kB
KReclaimable:      96060 kB
Slab:             313816 kB
SReclaimable:      78612 kB
SUnreclaim:       235204 kB
KernelStack:       46064 kB
ShadowCallStack:   11568 kB
PageTables:        94280 kB
NFS_Unstable:          0 kB
Bounce:                0 kB
WritebackTmp:          0 kB
CommitLimit:     8677876 kB
Committed_AS:   79337760 kB
VmallocTotal:   263061440 kB
VmallocUsed:      128160 kB
VmallocChunk:          0 kB
Percpu:             2520 kB
CmaTotal:         405504 kB
CmaFree:             108 kB
MemTotal:        7918584 kB
MemFree:          251060 kB
MemAvailable:     529068 kB
Buffers:            1644 kB
Cached:           456892 kB
SwapCached:         2560 kB
Active:          4008760 kB
Inactive:        1211964 kB
Active(anon):    3827068 kB
Inactive(anon):   955504 kB
Active(file):     181692 kB
Inactive(file):   256460 kB
Unevictable:        6544 kB
Mlocked:            6104 kB
SwapTotal:       4718584 kB
SwapFree:             12 kB
Dirty:               440 kB
Writeback:             0 kB
AnonPages:       4768620 kB
