MemTotal:        7918588 kB
MemFree:          423248 kB
MemAvailable:    3671488 kB
Buffers:          117936 kB
Cached:          3107884 kB
SwapCached:            0 kB
Active:          3453364 kB
Inactive:        1733232 kB
Active(anon):    1930680 kB
Inactive(anon):    64796 kB
Active(file):    1522684 kB
Inactive(file):  1668436 kB
Unevictable:        6196 kB
Mlocked:            5756 kB
SwapTotal:       4718584 kB
SwapFree:        4718584 kB
Dirty:            158432 kB
Writeback:             0 kB
AnonPages:       1966980 kB
Mapped:           998660 kB
Shmem:             30072 kB
KReclaimable:     447344 kB
Slab:             319928 kB
SReclaimable:      97148 kB
SUnreclaim:       222780 kB
KernelStack:       49104 kB
ShadowCallStack:   12300 kB
PageTables:        68184 kB
NFS_Unstable:          0 kB
Bounce:                0 kB
WritebackTmp:          0 kB
CommitLimit:     8677876 kB
Committed_AS:   69343468 kB
VmallocTotal:   263061440 kB
VmallocUsed:      132452 kB
VmallocChunk:          0 kB
Percpu:             2520 kB
CmaTotal:         405504 kB
CmaFree:          112600 kB
MemTotal:        7918588 kB
MemFree:          454584 kB
MemAvailable:    3785028 kB
Buffers:          117944 kB
Cached:          3107868 kB
SwapCached:            0 kB
Active:          3421488 kB
Inactive:        1733276 kB
Active(anon):    1898696 kB
Inactive(anon):    64800 kB
Active(file):    1522792 kB
Inactive(file):  1668476 kB
Unevictable:        6196 kB
Mlocked:            5756 kB
SwapTotal:       4718584 kB
SwapFree:        4718584 kB
Dirty:            158436 kB
Writeback:             0 kB
AnonPages:       1935180 kB
Mapped:           999148 kB
Shmem:             29916 kB
KReclaimable:     529400 kB
Slab:             320152 kB
SReclaimable:      97180 kB
SUnreclaim:       222972 kB
KernelStack:       48944 kB
ShadowCallStack:   12260 kB
PageTables:        68256 kB
NFS_Unstable:          0 kB
Bounce:                0 kB
WritebackTmp:          0 kB
CommitLimit:     8677876 kB
Committed_AS:   69361452 kB
VmallocTotal:   263061440 kB
VmallocUsed:      132244 kB
VmallocChunk:          0 kB
Percpu:             2520 kB
CmaTotal:         405504 kB
CmaFree:          124800 kB
MemTotal:        7918588 kB
MemFree:          450740 kB
MemAvailable:    3780444 kB
Buffers:          117952 kB
Cached:          3107868 kB
SwapCached:            0 kB
Active:          3424868 kB
Inactive:        1733280 kB
Active(anon):    1902076 kB
Inactive(anon):    64796 kB
Active(file):    1522792 kB
Inactive(file):  1668484 kB
Unevictable:        6196 kB
Mlocked:            5756 kB
SwapTotal:       4718584 kB
SwapFree:        4718584 kB
Dirty:            158456 kB
Writeback:             0 kB
AnonPages:       1938576 kB
Mapped:           999836 kB
Shmem:             29916 kB
KReclaimable:     528652 kB
Slab:             320328 kB
SReclaimable:      97200 kB
SUnreclaim:       223128 kB
KernelStack:       48960 kB
ShadowCallStack:   12248 kB
PageTables:        68176 kB
NFS_Unstable:          0 kB
Bounce:                0 kB
WritebackTmp:          0 kB
CommitLimit:     8677876 kB
Committed_AS:   69361456 kB
VmallocTotal:   263061440 kB
VmallocUsed:      132244 kB
VmallocChunk:          0 kB
Percpu:             2520 kB
CmaTotal:         405504 kB
CmaFree:          124800 kB
MemTotal:        7918588 kB
MemFree:          452360 kB
MemAvailable:    3782016 kB
Buffers:          117952 kB
Cached:          3107888 kB
SwapCached:            0 kB
Active:          3425376 kB
Inactive:        1733280 kB
Active(anon):    1902584 kB
Inactive(anon):    64796 kB
Active(file):    1522792 kB
Inactive(file):  1668484 kB
Unevictable:        6196 kB
Mlocked:            5756 kB
SwapTotal:       4718584 kB
SwapFree:        4718584 kB
Dirty:            158464 kB
Writeback:             0 kB
AnonPages:       1939004 kB
Mapped:          1000352 kB
Shmem:             29936 kB
KReclaimable:     528604 kB
Slab:             320336 kB
SReclaimable:      97200 kB
SUnreclaim:       223136 kB
KernelStack:       48928 kB
ShadowCallStack:   12244 kB
PageTables:        68360 kB
NFS_Unstable:          0 kB
Bounce:                0 kB
WritebackTmp:          0 kB
CommitLimit:     8677876 kB
Committed_AS:   69361412 kB
VmallocTotal:   263061440 kB
VmallocUsed:      132216 kB
VmallocChunk:          0 kB
Percpu:             2520 kB
CmaTotal:         405504 kB
CmaFree:          126584 kB
MemTotal:        7918588 kB
MemFree:          458376 kB
MemAvailable:    3808364 kB
Buffers:          117952 kB
Cached:          3107888 kB
SwapCached:            0 kB
Active:          3420360 kB
Inactive:        1733280 kB
Active(anon):    1897568 kB
Inactive(anon):    64796 kB
Active(file):    1522792 kB
Inactive(file):  1668484 kB
Unevictable:        6196 kB
Mlocked:            5756 kB
SwapTotal:       4718584 kB
SwapFree:        4718584 kB
Dirty:            158464 kB
Writeback:             0 kB
AnonPages:       1933960 kB
Mapped:          1000344 kB
Shmem:             29936 kB
KReclaimable:     548936 kB
Slab:             320428 kB
SReclaimable:      97328 kB
SUnreclaim:       223100 kB
KernelStack:       48768 kB
ShadowCallStack:   12196 kB
PageTables:        68312 kB
NFS_Unstable:          0 kB
Bounce:                0 kB
WritebackTmp:          0 kB
CommitLimit:     8677876 kB
Committed_AS:   69360928 kB
VmallocTotal:   263061440 kB
VmallocUsed:      131712 kB
VmallocChunk:          0 kB
Percpu:             2520 kB
CmaTotal:         405504 kB
CmaFree:          129872 kB
MemTotal:        7918588 kB
MemFree:          431224 kB
MemAvailable:    3781228 kB
Buffers:          117952 kB
Cached:          3107888 kB
SwapCached:            0 kB
Active:          3447632 kB
Inactive:        1733284 kB
Active(anon):    1924840 kB
Inactive(anon):    64800 kB
Active(file):    1522792 kB
Inactive(file):  1668484 kB
Unevictable:        6196 kB
Mlocked:            5756 kB
SwapTotal:       4718584 kB
SwapFree:        4718584 kB
Dirty:             18608 kB
Writeback:             0 kB
AnonPages:       1961160 kB
Mapped:          1002096 kB
Shmem:             29936 kB
KReclaimable:     548952 kB
Slab:             320348 kB
SReclaimable:      97344 kB
SUnreclaim:       223004 kB
KernelStack:       48752 kB
ShadowCallStack:   12220 kB
PageTables:        68268 kB
NFS_Unstable:          0 kB
Bounce:                0 kB
WritebackTmp:          0 kB
CommitLimit:     8677876 kB
Committed_AS:   69384340 kB
VmallocTotal:   263061440 kB
VmallocUsed:      131744 kB
VmallocChunk:          0 kB
Percpu:             2520 kB
CmaTotal:         405504 kB
CmaFree:          129872 kB
MemTotal:        7918588 kB
MemFree:          228544 kB
MemAvailable:    3516704 kB
Buffers:          117952 kB
Cached:          3107888 kB
SwapCached:            0 kB
Active:          3638308 kB
Inactive:        1733280 kB
Active(anon):    2115516 kB
Inactive(anon):    64796 kB
Active(file):    1522792 kB
Inactive(file):  1668484 kB
Unevictable:        6196 kB
Mlocked:            5756 kB
SwapTotal:       4718584 kB
SwapFree:        4718584 kB
Dirty:             18620 kB
Writeback:             0 kB
AnonPages:       2152076 kB
Mapped:          1084580 kB
Shmem:             29936 kB
KReclaimable:     495300 kB
Slab:             320692 kB
SReclaimable:      97360 kB
SUnreclaim:       223332 kB
KernelStack:       48736 kB
ShadowCallStack:   12212 kB
PageTables:        68940 kB
NFS_Unstable:          0 kB
Bounce:                0 kB
WritebackTmp:          0 kB
CommitLimit:     8677876 kB
Committed_AS:   69703764 kB
VmallocTotal:   263061440 kB
VmallocUsed:      131764 kB
VmallocChunk:          0 kB
Percpu:             2520 kB
CmaTotal:         405504 kB
CmaFree:               0 kB
MemTotal:        7918588 kB
MemFree:          213960 kB
MemAvailable:    3515820 kB
Buffers:          117960 kB
Cached:          3107904 kB
SwapCached:            0 kB
Active:          3652512 kB
Inactive:        1733304 kB
Active(anon):    2129720 kB
Inactive(anon):    64796 kB
Active(file):    1522792 kB
Inactive(file):  1668508 kB
Unevictable:        6196 kB
Mlocked:            5756 kB
SwapTotal:       4718584 kB
SwapFree:        4718584 kB
Dirty:             18620 kB
Writeback:             0 kB
AnonPages:       2166260 kB
Mapped:          1075332 kB
Shmem:             29936 kB
KReclaimable:     508976 kB
Slab:             320896 kB
SReclaimable:      97360 kB
SUnreclaim:       223536 kB
KernelStack:       48800 kB
ShadowCallStack:   12224 kB
PageTables:        69172 kB
NFS_Unstable:          0 kB
Bounce:                0 kB
WritebackTmp:          0 kB
CommitLimit:     8677876 kB
Committed_AS:   69743196 kB
VmallocTotal:   263061440 kB
VmallocUsed:      131784 kB
VmallocChunk:          0 kB
Percpu:             2520 kB
CmaTotal:         405504 kB
CmaFree:               0 kB
MemTotal:        7918588 kB
MemFree:          153252 kB
MemAvailable:    3378312 kB
Buffers:          117984 kB
Cached:          3046552 kB
SwapCached:            0 kB
Active:          3745048 kB
Inactive:        1671980 kB
Active(anon):    2222256 kB
Inactive(anon):    64800 kB
Active(file):    1522792 kB
Inactive(file):  1607180 kB
Unevictable:        6196 kB
Mlocked:            5756 kB
SwapTotal:       4718584 kB
SwapFree:        4718584 kB
Dirty:             18628 kB
Writeback:             0 kB
AnonPages:       2258740 kB
Mapped:          1098808 kB
Shmem:             29936 kB
KReclaimable:     485312 kB
Slab:             320300 kB
SReclaimable:      96604 kB
SUnreclaim:       223696 kB
KernelStack:       48800 kB
ShadowCallStack:   12224 kB
PageTables:        69660 kB
NFS_Unstable:          0 kB
Bounce:                0 kB
WritebackTmp:          0 kB
CommitLimit:     8677876 kB
Committed_AS:   69998224 kB
VmallocTotal:   263061440 kB
VmallocUsed:      131768 kB
VmallocChunk:          0 kB
Percpu:             2520 kB
CmaTotal:         405504 kB
CmaFree:               0 kB
MemTotal:        7918588 kB
MemFree:          154512 kB
MemAvailable:    3298108 kB
Buffers:          118008 kB
Cached:          2973660 kB
SwapCached:            0 kB
Active:          3825316 kB
Inactive:        1599084 kB
Active(anon):    2302492 kB
Inactive(anon):    64808 kB
Active(file):    1522824 kB
Inactive(file):  1534276 kB
Unevictable:        6196 kB
Mlocked:            5756 kB
SwapTotal:       4718584 kB
SwapFree:        4718584 kB
Dirty:             18640 kB
Writeback:             0 kB
AnonPages:       2338960 kB
Mapped:          1099476 kB
Shmem:             29940 kB
KReclaimable:     476720 kB
Slab:             320352 kB
SReclaimable:      96588 kB
SUnreclaim:       223764 kB
KernelStack:       48816 kB
ShadowCallStack:   12236 kB
PageTables:        69884 kB
NFS_Unstable:          0 kB
Bounce:                0 kB
WritebackTmp:          0 kB
CommitLimit:     8677876 kB
Committed_AS:   70243992 kB
VmallocTotal:   263061440 kB
VmallocUsed:      131800 kB
VmallocChunk:          0 kB
Percpu:             2520 kB
CmaTotal:         405504 kB
CmaFree:               0 kB
MemTotal:        7918588 kB
MemFree:          154308 kB
MemAvailable:    3179568 kB
Buffers:          118008 kB
Cached:          2867748 kB
SwapCached:            0 kB
Active:          3940972 kB
Inactive:        1493004 kB
Active(anon):    2417996 kB
Inactive(anon):    64800 kB
Active(file):    1522976 kB
Inactive(file):  1428204 kB
Unevictable:        6196 kB
Mlocked:            5756 kB
SwapTotal:       4718584 kB
SwapFree:        4718584 kB
Dirty:             17444 kB
Writeback:             0 kB
AnonPages:       2454508 kB
Mapped:          1100428 kB
Shmem:             29948 kB
KReclaimable:     464304 kB
Slab:             320560 kB
SReclaimable:      96588 kB
SUnreclaim:       223972 kB
KernelStack:       48752 kB
ShadowCallStack:   12212 kB
PageTables:        70500 kB
NFS_Unstable:          0 kB
Bounce:                0 kB
WritebackTmp:          0 kB
CommitLimit:     8677876 kB
Committed_AS:   70489708 kB
VmallocTotal:   263061440 kB
VmallocUsed:      131760 kB
VmallocChunk:          0 kB
Percpu:             2520 kB
CmaTotal:         405504 kB
CmaFree:               0 kB
MemTotal:        7918588 kB
MemFree:          159560 kB
MemAvailable:    3178448 kB
Buffers:          118016 kB
Cached:          2861880 kB
SwapCached:            0 kB
Active:          3940092 kB
Inactive:        1487140 kB
Active(anon):    2417116 kB
Inactive(anon):    64796 kB
Active(file):    1522976 kB
Inactive(file):  1422344 kB
Unevictable:        6196 kB
Mlocked:            5756 kB
SwapTotal:       4718584 kB
SwapFree:        4718584 kB
Dirty:             17500 kB
Writeback:             0 kB
AnonPages:       2453532 kB
Mapped:          1100392 kB
Shmem:             29948 kB
KReclaimable:     463792 kB
Slab:             320600 kB
SReclaimable:      96588 kB
SUnreclaim:       224012 kB
KernelStack:       48800 kB
ShadowCallStack:   12216 kB
PageTables:        70824 kB
NFS_Unstable:          0 kB
Bounce:                0 kB
WritebackTmp:          0 kB
CommitLimit:     8677876 kB
Committed_AS:   70489660 kB
VmallocTotal:   263061440 kB
VmallocUsed:      131728 kB
VmallocChunk:          0 kB
Percpu:             2520 kB
CmaTotal:         405504 kB
CmaFree:               0 kB
MemTotal:        7918588 kB
MemFree:          152728 kB
MemAvailable:    3145320 kB
Buffers:          118016 kB
Cached:          2838444 kB
SwapCached:            0 kB
Active:          3974584 kB
Inactive:        1463416 kB
Active(anon):    2451608 kB
Inactive(anon):    64800 kB
Active(file):    1522976 kB
Inactive(file):  1398616 kB
Unevictable:        6196 kB
Mlocked:            5756 kB
SwapTotal:       4718584 kB
SwapFree:        4718584 kB
Dirty:             17500 kB
Writeback:             0 kB
AnonPages:       2488132 kB
Mapped:          1100876 kB
Shmem:             29948 kB
KReclaimable:     460720 kB
Slab:             320684 kB
SReclaimable:      96588 kB
SUnreclaim:       224096 kB
KernelStack:       48768 kB
ShadowCallStack:   12216 kB
PageTables:        70756 kB
NFS_Unstable:          0 kB
Bounce:                0 kB
WritebackTmp:          0 kB
CommitLimit:     8677876 kB
Committed_AS:   70571580 kB
VmallocTotal:   263061440 kB
VmallocUsed:      131744 kB
VmallocChunk:          0 kB
Percpu:             2520 kB
CmaTotal:         405504 kB
CmaFree:               0 kB
MemTotal:        7918588 kB
MemFree:          157512 kB
MemAvailable:    3134748 kB
Buffers:          118024 kB
Cached:          2825408 kB
SwapCached:            0 kB
Active:          3984352 kB
Inactive:        1450604 kB
Active(anon):    2461376 kB
Inactive(anon):    64792 kB
Active(file):    1522976 kB
Inactive(file):  1385812 kB
Unevictable:        6196 kB
Mlocked:            5756 kB
SwapTotal:       4718584 kB
SwapFree:        4718584 kB
Dirty:             17576 kB
Writeback:             0 kB
AnonPages:       2497820 kB
Mapped:          1100864 kB
Shmem:             29948 kB
KReclaimable:     458672 kB
Slab:             320720 kB
SReclaimable:      96588 kB
SUnreclaim:       224132 kB
KernelStack:       48752 kB
ShadowCallStack:   12208 kB
PageTables:        70888 kB
NFS_Unstable:          0 kB
Bounce:                0 kB
WritebackTmp:          0 kB
CommitLimit:     8677876 kB
Committed_AS:   70571532 kB
VmallocTotal:   263061440 kB
VmallocUsed:      131744 kB
VmallocChunk:          0 kB
Percpu:             2520 kB
CmaTotal:         405504 kB
CmaFree:              56 kB
MemTotal:        7918588 kB
MemFree:          156828 kB
MemAvailable:    3133996 kB
Buffers:          118024 kB
Cached:          2825272 kB
SwapCached:            0 kB
Active:          3985196 kB
Inactive:        1450532 kB
Active(anon):    2462220 kB
Inactive(anon):    64788 kB
Active(file):    1522976 kB
Inactive(file):  1385744 kB
Unevictable:        6196 kB
Mlocked:            5756 kB
SwapTotal:       4718584 kB
SwapFree:        4718584 kB
Dirty:             17508 kB
Writeback:             0 kB
AnonPages:       2498660 kB
Mapped:          1100872 kB
Shmem:             29948 kB
KReclaimable:     458672 kB
Slab:             320588 kB
SReclaimable:      96588 kB
SUnreclaim:       224000 kB
KernelStack:       48752 kB
ShadowCallStack:   12212 kB
PageTables:        70836 kB
NFS_Unstable:          0 kB
Bounce:                0 kB
WritebackTmp:          0 kB
CommitLimit:     8677876 kB
Committed_AS:   70575624 kB
VmallocTotal:   263061440 kB
VmallocUsed:      131728 kB
VmallocChunk:          0 kB
Percpu:             2520 kB
CmaTotal:         405504 kB
CmaFree:               0 kB
MemTotal:        7918588 kB
MemFree:          155352 kB
MemAvailable:    3091788 kB
Buffers:          118024 kB
Cached:          2788508 kB
SwapCached:            0 kB
Active:          4027340 kB
Inactive:        1413760 kB
Active(anon):    2504348 kB
Inactive(anon):    64796 kB
Active(file):    1522992 kB
Inactive(file):  1348964 kB
Unevictable:        6196 kB
Mlocked:            5756 kB
SwapTotal:       4718584 kB
SwapFree:        4718584 kB
Dirty:             17520 kB
Writeback:             0 kB
AnonPages:       2540772 kB
Mapped:          1101360 kB
Shmem:             29948 kB
KReclaimable:     454704 kB
Slab:             320488 kB
SReclaimable:      96588 kB
SUnreclaim:       223900 kB
KernelStack:       48752 kB
ShadowCallStack:   12208 kB
PageTables:        71096 kB
NFS_Unstable:          0 kB
Bounce:                0 kB
WritebackTmp:          0 kB
CommitLimit:     8677876 kB
Committed_AS:   70690316 kB
VmallocTotal:   263061440 kB
VmallocUsed:      131728 kB
VmallocChunk:          0 kB
Percpu:             2520 kB
CmaTotal:         405504 kB
CmaFree:               0 kB
MemTotal:        7918588 kB
MemFree:          155132 kB
MemAvailable:    3091348 kB
Buffers:          118024 kB
Cached:          2788420 kB
SwapCached:            0 kB
Active:          4028188 kB
Inactive:        1413672 kB
Active(anon):    2505196 kB
Inactive(anon):    64800 kB
Active(file):    1522992 kB
Inactive(file):  1348872 kB
Unevictable:        6196 kB
Mlocked:            5756 kB
SwapTotal:       4718584 kB
SwapFree:        4718584 kB
Dirty:             17540 kB
Writeback:             0 kB
AnonPages:       2541652 kB
Mapped:          1101260 kB
Shmem:             29952 kB
KReclaimable:     454576 kB
Slab:             320496 kB
SReclaimable:      96588 kB
SUnreclaim:       223908 kB
KernelStack:       48752 kB
ShadowCallStack:   12212 kB
PageTables:        71036 kB
NFS_Unstable:          0 kB
Bounce:                0 kB
WritebackTmp:          0 kB
CommitLimit:     8677876 kB
Committed_AS:   70690316 kB
VmallocTotal:   263061440 kB
VmallocUsed:      131720 kB
VmallocChunk:          0 kB
Percpu:             2520 kB
CmaTotal:         405504 kB
CmaFree:               0 kB
MemTotal:        7918588 kB
MemFree:          155292 kB
MemAvailable:    3073636 kB
Buffers:          118024 kB
Cached:          2772036 kB
SwapCached:            0 kB
Active:          4044928 kB
Inactive:        1397336 kB
Active(anon):    2521936 kB
Inactive(anon):    64800 kB
Active(file):    1522992 kB
Inactive(file):  1332536 kB
Unevictable:        6196 kB
Mlocked:            5756 kB
SwapTotal:       4718584 kB
SwapFree:        4718584 kB
Dirty:             17548 kB
Writeback:             0 kB
AnonPages:       2558572 kB
Mapped:          1101516 kB
Shmem:             29952 kB
KReclaimable:     453040 kB
Slab:             320464 kB
SReclaimable:      96588 kB
SUnreclaim:       223876 kB
KernelStack:       48800 kB
ShadowCallStack:   12224 kB
PageTables:        71328 kB
NFS_Unstable:          0 kB
Bounce:                0 kB
WritebackTmp:          0 kB
CommitLimit:     8677876 kB
Committed_AS:   70739472 kB
VmallocTotal:   263061440 kB
VmallocUsed:      131724 kB
VmallocChunk:          0 kB
Percpu:             2520 kB
CmaTotal:         405504 kB
CmaFree:               0 kB
MemTotal:        7918588 kB
MemFree:          154732 kB
MemAvailable:    3047184 kB
Buffers:          118048 kB
Cached:          2748764 kB
SwapCached:            0 kB
Active:          4071180 kB
Inactive:        1374016 kB
Active(anon):    2548188 kB
Inactive(anon):    64800 kB
Active(file):    1522992 kB
Inactive(file):  1309216 kB
Unevictable:        6196 kB
Mlocked:            5756 kB
SwapTotal:       4718584 kB
SwapFree:        4718584 kB
Dirty:             17552 kB
Writeback:             0 kB
AnonPages:       2584624 kB
Mapped:          1101824 kB
Shmem:             29976 kB
KReclaimable:     450468 kB
Slab:             320580 kB
SReclaimable:      96576 kB
SUnreclaim:       224004 kB
KernelStack:       48784 kB
ShadowCallStack:   12212 kB
PageTables:        71232 kB
NFS_Unstable:          0 kB
Bounce:                0 kB
WritebackTmp:          0 kB
CommitLimit:     8677876 kB
Committed_AS:   70810152 kB
VmallocTotal:   263061440 kB
VmallocUsed:      131740 kB
VmallocChunk:          0 kB
Percpu:             2520 kB
CmaTotal:         405504 kB
CmaFree:               0 kB
MemTotal:        7918588 kB
MemFree:          153472 kB
MemAvailable:    3045936 kB
Buffers:          118048 kB
Cached:          2748772 kB
SwapCached:            0 kB
Active:          4073052 kB
Inactive:        1374024 kB
Active(anon):    2550060 kB
Inactive(anon):    64800 kB
Active(file):    1522992 kB
Inactive(file):  1309224 kB
Unevictable:        6196 kB
Mlocked:            5756 kB
SwapTotal:       4718584 kB
SwapFree:        4718584 kB
Dirty:             17592 kB
Writeback:             0 kB
AnonPages:       2586528 kB
Mapped:          1101760 kB
Shmem:             29976 kB
KReclaimable:     450472 kB
Slab:             320580 kB
SReclaimable:      96576 kB
SUnreclaim:       224004 kB
KernelStack:       48704 kB
ShadowCallStack:   12216 kB
PageTables:        71044 kB
NFS_Unstable:          0 kB
Bounce:                0 kB
WritebackTmp:          0 kB
CommitLimit:     8677876 kB
Committed_AS:   70810096 kB
VmallocTotal:   263061440 kB
VmallocUsed:      131720 kB
VmallocChunk:          0 kB
Percpu:             2520 kB
CmaTotal:         405504 kB
CmaFree:               0 kB
MemTotal:        7918588 kB
MemFree:          192840 kB
MemAvailable:    3002836 kB
Buffers:          118048 kB
Cached:          2669392 kB
SwapCached:            0 kB
Active:          4115260 kB
Inactive:        1294364 kB
Active(anon):    2592148 kB
Inactive(anon):    64804 kB
Active(file):    1523112 kB
Inactive(file):  1229560 kB
Unevictable:        6196 kB
Mlocked:            5756 kB
SwapTotal:       4718584 kB
SwapFree:        4718584 kB
Dirty:             17600 kB
Writeback:             0 kB
AnonPages:       2628596 kB
Mapped:          1102220 kB
Shmem:             30140 kB
KReclaimable:     447548 kB
Slab:             320468 kB
SReclaimable:      96448 kB
SUnreclaim:       224020 kB
KernelStack:       48768 kB
ShadowCallStack:   12208 kB
PageTables:        71588 kB
NFS_Unstable:          0 kB
Bounce:                0 kB
WritebackTmp:          0 kB
CommitLimit:     8677876 kB
Committed_AS:   70892020 kB
VmallocTotal:   263061440 kB
VmallocUsed:      131724 kB
VmallocChunk:          0 kB
Percpu:             2520 kB
CmaTotal:         405504 kB
CmaFree:              48 kB
MemTotal:        7918588 kB
MemFree:          153872 kB
MemAvailable:    2917320 kB
Buffers:          118064 kB
Cached:          2628920 kB
SwapCached:            0 kB
Active:          4198984 kB
Inactive:        1253836 kB
Active(anon):    2675652 kB
Inactive(anon):    64792 kB
Active(file):    1523332 kB
Inactive(file):  1189044 kB
Unevictable:        6196 kB
Mlocked:            5756 kB
SwapTotal:       4718584 kB
SwapFree:        4718584 kB
Dirty:             17656 kB
Writeback:             0 kB
AnonPages:       2712076 kB
Mapped:          1103132 kB
Shmem:             29980 kB
KReclaimable:     441296 kB
Slab:             320512 kB
SReclaimable:      96360 kB
SUnreclaim:       224152 kB
KernelStack:       48752 kB
ShadowCallStack:   12208 kB
PageTables:        71864 kB
NFS_Unstable:          0 kB
Bounce:                0 kB
WritebackTmp:          0 kB
CommitLimit:     8677876 kB
Committed_AS:   71088756 kB
VmallocTotal:   263061440 kB
VmallocUsed:      131724 kB
VmallocChunk:          0 kB
Percpu:             2520 kB
CmaTotal:         405504 kB
CmaFree:               0 kB
MemTotal:        7918588 kB
MemFree:          156800 kB
MemAvailable:    2913852 kB
Buffers:          118064 kB
Cached:          2623548 kB
SwapCached:            0 kB
Active:          4202564 kB
Inactive:        1248400 kB
Active(anon):    2679168 kB
Inactive(anon):    64792 kB
Active(file):    1523396 kB
Inactive(file):  1183608 kB
Unevictable:        6196 kB
Mlocked:            5756 kB
SwapTotal:       4718584 kB
SwapFree:        4718584 kB
Dirty:             17660 kB
Writeback:             0 kB
AnonPages:       2715772 kB
Mapped:          1103168 kB
Shmem:             29980 kB
KReclaimable:     440272 kB
Slab:             320564 kB
SReclaimable:      96360 kB
SUnreclaim:       224204 kB
KernelStack:       48752 kB
ShadowCallStack:   12208 kB
PageTables:        71916 kB
NFS_Unstable:          0 kB
Bounce:                0 kB
WritebackTmp:          0 kB
CommitLimit:     8677876 kB
Committed_AS:   71105140 kB
VmallocTotal:   263061440 kB
VmallocUsed:      131740 kB
VmallocChunk:          0 kB
Percpu:             2520 kB
CmaTotal:         405504 kB
CmaFree:               0 kB
MemTotal:        7918588 kB
MemFree:          157380 kB
MemAvailable:    2861968 kB
Buffers:          118088 kB
Cached:          2587508 kB
SwapCached:            0 kB
Active:          4244648 kB
Inactive:        1212336 kB
Active(anon):    2721204 kB
Inactive(anon):    64800 kB
Active(file):    1523444 kB
Inactive(file):  1147536 kB
Unevictable:        6196 kB
Mlocked:            5756 kB
SwapTotal:       4718584 kB
SwapFree:        4718584 kB
Dirty:             17660 kB
Writeback:             0 kB
AnonPages:       2757636 kB
Mapped:          1103488 kB
Shmem:             29988 kB
KReclaimable:     432024 kB
Slab:             320532 kB
SReclaimable:      96304 kB
SUnreclaim:       224228 kB
KernelStack:       48768 kB
ShadowCallStack:   12208 kB
PageTables:        72128 kB
NFS_Unstable:          0 kB
Bounce:                0 kB
WritebackTmp:          0 kB
CommitLimit:     8677876 kB
Committed_AS:   71187068 kB
VmallocTotal:   263061440 kB
VmallocUsed:      131724 kB
VmallocChunk:          0 kB
Percpu:             2520 kB
CmaTotal:         405504 kB
CmaFree:               0 kB
MemTotal:        7918588 kB
MemFree:          159988 kB
MemAvailable:    2869180 kB
Buffers:          118088 kB
Cached:          2584444 kB
SwapCached:            0 kB
Active:          4246064 kB
Inactive:        1209272 kB
Active(anon):    2722620 kB
Inactive(anon):    64800 kB
Active(file):    1523444 kB
Inactive(file):  1144472 kB
Unevictable:        6196 kB
Mlocked:            5756 kB
SwapTotal:       4718584 kB
SwapFree:        4718584 kB
Dirty:               360 kB
Writeback:             0 kB
AnonPages:       2759252 kB
Mapped:          1103464 kB
Shmem:             29988 kB
KReclaimable:     431500 kB
Slab:             320428 kB
SReclaimable:      96292 kB
SUnreclaim:       224136 kB
KernelStack:       48752 kB
ShadowCallStack:   12200 kB
PageTables:        71940 kB
NFS_Unstable:          0 kB
Bounce:                0 kB
WritebackTmp:          0 kB
CommitLimit:     8677876 kB
Committed_AS:   71187068 kB
VmallocTotal:   263061440 kB
VmallocUsed:      131728 kB
VmallocChunk:          0 kB
Percpu:             2520 kB
CmaTotal:         405504 kB
CmaFree:               0 kB
MemTotal:        7918588 kB
MemFree:          152944 kB
MemAvailable:    2828152 kB
Buffers:          118008 kB
Cached:          2560376 kB
SwapCached:            0 kB
Active:          4291224 kB
Inactive:        1180564 kB
Active(anon):    2763176 kB
Inactive(anon):    64788 kB
Active(file):    1528048 kB
Inactive(file):  1115776 kB
Unevictable:        6196 kB
Mlocked:            5756 kB
SwapTotal:       4718584 kB
SwapFree:        4718584 kB
Dirty:               364 kB
Writeback:             0 kB
AnonPages:       2799404 kB
Mapped:          1101720 kB
Shmem:             29988 kB
KReclaimable:     421608 kB
Slab:             320124 kB
SReclaimable:      96000 kB
SUnreclaim:       224124 kB
KernelStack:       48720 kB
ShadowCallStack:   12192 kB
PageTables:        72024 kB
NFS_Unstable:          0 kB
Bounce:                0 kB
WritebackTmp:          0 kB
CommitLimit:     8677876 kB
Committed_AS:   71285372 kB
VmallocTotal:   263061440 kB
VmallocUsed:      131704 kB
VmallocChunk:          0 kB
Percpu:             2520 kB
CmaTotal:         405504 kB
CmaFree:               0 kB
MemTotal:        7918588 kB
MemFree:          159160 kB
MemAvailable:    2812908 kB
Buffers:          118008 kB
Cached:          2542328 kB
SwapCached:            0 kB
Active:          4317528 kB
Inactive:        1150464 kB
Active(anon):    2777616 kB
Inactive(anon):    64800 kB
Active(file):    1539912 kB
Inactive(file):  1085664 kB
Unevictable:        6196 kB
Mlocked:            5756 kB
SwapTotal:       4718584 kB
SwapFree:        4718584 kB
Dirty:               440 kB
Writeback:             0 kB
AnonPages:       2814052 kB
Mapped:          1093812 kB
Shmem:             29988 kB
KReclaimable:     418396 kB
Slab:             319984 kB
SReclaimable:      95924 kB
SUnreclaim:       224060 kB
KernelStack:       48688 kB
ShadowCallStack:   12200 kB
PageTables:        72092 kB
NFS_Unstable:          0 kB
Bounce:                0 kB
WritebackTmp:          0 kB
CommitLimit:     8677876 kB
Committed_AS:   71334528 kB
VmallocTotal:   263061440 kB
VmallocUsed:      131708 kB
VmallocChunk:          0 kB
Percpu:             2520 kB
CmaTotal:         405504 kB
CmaFree:               8 kB
MemTotal:        7918588 kB
MemFree:          153500 kB
MemAvailable:    2784064 kB
Buffers:          118016 kB
Cached:          2524488 kB
SwapCached:            0 kB
Active:          4374392 kB
Inactive:        1103944 kB
Active(anon):    2805652 kB
Inactive(anon):    64796 kB
Active(file):    1568740 kB
Inactive(file):  1039148 kB
Unevictable:        6196 kB
Mlocked:            5756 kB
SwapTotal:       4718584 kB
SwapFree:        4718584 kB
Dirty:               468 kB
Writeback:             0 kB
AnonPages:       2842036 kB
Mapped:          1090964 kB
Shmem:             29988 kB
KReclaimable:     412900 kB
Slab:             319900 kB
SReclaimable:      95612 kB
SUnreclaim:       224288 kB
KernelStack:       48720 kB
ShadowCallStack:   12204 kB
PageTables:        72460 kB
NFS_Unstable:          0 kB
Bounce:                0 kB
WritebackTmp:          0 kB
CommitLimit:     8677876 kB
Committed_AS:   71383676 kB
VmallocTotal:   263061440 kB
VmallocUsed:      131720 kB
VmallocChunk:          0 kB
Percpu:             2520 kB
CmaTotal:         405504 kB
CmaFree:               0 kB
MemTotal:        7918588 kB
MemFree:          162996 kB
MemAvailable:    2783552 kB
Buffers:          118016 kB
Cached:          2515632 kB
SwapCached:            0 kB
Active:          4375716 kB
Inactive:        1094072 kB
Active(anon):    2805952 kB
Inactive(anon):    64804 kB
Active(file):    1569764 kB
Inactive(file):  1029268 kB
Unevictable:        6196 kB
Mlocked:            5756 kB
SwapTotal:       4718584 kB
SwapFree:        4718584 kB
Dirty:               492 kB
Writeback:             0 kB
AnonPages:       2842308 kB
Mapped:          1087720 kB
Shmem:             29988 kB
KReclaimable:     411748 kB
Slab:             319608 kB
SReclaimable:      95484 kB
SUnreclaim:       224124 kB
KernelStack:       48736 kB
ShadowCallStack:   12208 kB
PageTables:        72400 kB
NFS_Unstable:          0 kB
Bounce:                0 kB
WritebackTmp:          0 kB
CommitLimit:     8677876 kB
Committed_AS:   71383676 kB
VmallocTotal:   263061440 kB
VmallocUsed:      131704 kB
VmallocChunk:          0 kB
Percpu:             2520 kB
CmaTotal:         405504 kB
CmaFree:               0 kB
MemTotal:        7918588 kB
MemFree:          156304 kB
MemAvailable:    2747472 kB
Buffers:          118016 kB
Cached:          2489764 kB
SwapCached:            0 kB
Active:          4419464 kB
Inactive:        1059452 kB
Active(anon):    2841056 kB
Inactive(anon):    64800 kB
Active(file):    1578408 kB
Inactive(file):   994652 kB
Unevictable:        6196 kB
Mlocked:            5756 kB
SwapTotal:       4718584 kB
SwapFree:        4718584 kB
Dirty:               492 kB
Writeback:             0 kB
AnonPages:       2877660 kB
Mapped:          1075264 kB
Shmem:             29992 kB
KReclaimable:     408332 kB
Slab:             319480 kB
SReclaimable:      95332 kB
SUnreclaim:       224148 kB
KernelStack:       48720 kB
ShadowCallStack:   12208 kB
PageTables:        72380 kB
NFS_Unstable:          0 kB
Bounce:                0 kB
WritebackTmp:          0 kB
CommitLimit:     8677876 kB
Committed_AS:   71481984 kB
VmallocTotal:   263061440 kB
VmallocUsed:      131704 kB
VmallocChunk:          0 kB
Percpu:             2520 kB
CmaTotal:         405504 kB
CmaFree:               0 kB
MemTotal:        7918588 kB
MemFree:          155712 kB
MemAvailable:    2739868 kB
Buffers:          118016 kB
Cached:          2483736 kB
SwapCached:            0 kB
Active:          4429608 kB
Inactive:        1050816 kB
Active(anon):    2848504 kB
Inactive(anon):    64796 kB
Active(file):    1581104 kB
Inactive(file):   986020 kB
Unevictable:        6196 kB
Mlocked:            5756 kB
SwapTotal:       4718584 kB
SwapFree:        4718584 kB
Dirty:               496 kB
Writeback:             0 kB
AnonPages:       2884876 kB
Mapped:          1071904 kB
Shmem:             30000 kB
KReclaimable:     407256 kB
Slab:             319468 kB
SReclaimable:      95280 kB
SUnreclaim:       224188 kB
KernelStack:       48720 kB
ShadowCallStack:   12204 kB
PageTables:        72660 kB
NFS_Unstable:          0 kB
Bounce:                0 kB
WritebackTmp:          0 kB
CommitLimit:     8677876 kB
Committed_AS:   71498380 kB
VmallocTotal:   263061440 kB
VmallocUsed:      131704 kB
VmallocChunk:          0 kB
Percpu:             2520 kB
CmaTotal:         405504 kB
CmaFree:               0 kB
MemTotal:        7918588 kB
MemFree:          155768 kB
MemAvailable:    2739924 kB
Buffers:          118016 kB
Cached:          2483736 kB
SwapCached:            0 kB
Active:          4429512 kB
Inactive:        1050816 kB
Active(anon):    2848408 kB
Inactive(anon):    64796 kB
Active(file):    1581104 kB
Inactive(file):   986020 kB
Unevictable:        6196 kB
Mlocked:            5756 kB
SwapTotal:       4718584 kB
SwapFree:        4718584 kB
Dirty:               584 kB
Writeback:             0 kB
AnonPages:       2884924 kB
Mapped:          1072200 kB
Shmem:             30000 kB
KReclaimable:     407256 kB
Slab:             319624 kB
SReclaimable:      95280 kB
SUnreclaim:       224344 kB
KernelStack:       48800 kB
ShadowCallStack:   12216 kB
PageTables:        72696 kB
NFS_Unstable:          0 kB
Bounce:                0 kB
WritebackTmp:          0 kB
CommitLimit:     8677876 kB
Committed_AS:   71498372 kB
VmallocTotal:   263061440 kB
VmallocUsed:      131716 kB
VmallocChunk:          0 kB
Percpu:             2520 kB
CmaTotal:         405504 kB
CmaFree:               0 kB
MemTotal:        7918588 kB
MemFree:          153032 kB
MemAvailable:    2698052 kB
Buffers:          118040 kB
Cached:          2448880 kB
SwapCached:            0 kB
Active:          4474492 kB
Inactive:        1012592 kB
Active(anon):    2889992 kB
Inactive(anon):    64800 kB
Active(file):    1584500 kB
Inactive(file):   947792 kB
Unevictable:        6196 kB
Mlocked:            5756 kB
SwapTotal:       4718584 kB
SwapFree:        4718584 kB
Dirty:               588 kB
Writeback:             0 kB
AnonPages:       2926392 kB
Mapped:          1069468 kB
Shmem:             30000 kB
KReclaimable:     402952 kB
Slab:             318752 kB
SReclaimable:      94560 kB
SUnreclaim:       224192 kB
KernelStack:       48704 kB
ShadowCallStack:   12208 kB
PageTables:        72652 kB
NFS_Unstable:          0 kB
Bounce:                0 kB
WritebackTmp:          0 kB
CommitLimit:     8677876 kB
Committed_AS:   71580292 kB
VmallocTotal:   263061440 kB
VmallocUsed:      131716 kB
VmallocChunk:          0 kB
Percpu:             2520 kB
CmaTotal:         405504 kB
CmaFree:               0 kB
MemTotal:        7918588 kB
MemFree:          156552 kB
MemAvailable:    2696588 kB
Buffers:          118048 kB
Cached:          2444528 kB
SwapCached:            0 kB
Active:          4474760 kB
Inactive:        1008244 kB
Active(anon):    2890260 kB
Inactive(anon):    64796 kB
Active(file):    1584500 kB
Inactive(file):   943448 kB
Unevictable:        6196 kB
Mlocked:            5756 kB
SwapTotal:       4718584 kB
SwapFree:        4718584 kB
Dirty:               508 kB
Writeback:             0 kB
AnonPages:       2926868 kB
Mapped:          1069584 kB
Shmem:             30000 kB
KReclaimable:     402312 kB
Slab:             318676 kB
SReclaimable:      94432 kB
SUnreclaim:       224244 kB
KernelStack:       48736 kB
ShadowCallStack:   12212 kB
PageTables:        72712 kB
NFS_Unstable:          0 kB
Bounce:                0 kB
WritebackTmp:          0 kB
CommitLimit:     8677876 kB
Committed_AS:   71580296 kB
VmallocTotal:   263061440 kB
VmallocUsed:      131716 kB
VmallocChunk:          0 kB
Percpu:             2520 kB
CmaTotal:         405504 kB
CmaFree:               0 kB
MemTotal:        7918588 kB
MemFree:          159188 kB
MemAvailable:    2530664 kB
Buffers:          118048 kB
Cached:          2385132 kB
SwapCached:            0 kB
Active:          4533196 kB
Inactive:         937056 kB
Active(anon):    2936932 kB
Inactive(anon):    64800 kB
Active(file):    1596264 kB
Inactive(file):   872256 kB
Unevictable:        6196 kB
Mlocked:            5756 kB
SwapTotal:       4718584 kB
SwapFree:        4718584 kB
Dirty:               516 kB
Writeback:             0 kB
AnonPages:       2973480 kB
Mapped:          1068872 kB
Shmem:             30032 kB
KReclaimable:     293180 kB
Slab:             317556 kB
SReclaimable:      93076 kB
SUnreclaim:       224480 kB
KernelStack:       48832 kB
ShadowCallStack:   12232 kB
PageTables:        72936 kB
NFS_Unstable:          0 kB
Bounce:                0 kB
WritebackTmp:          0 kB
CommitLimit:     8677876 kB
Committed_AS:   71629884 kB
VmallocTotal:   263061440 kB
VmallocUsed:      131860 kB
VmallocChunk:          0 kB
Percpu:             2520 kB
CmaTotal:         405504 kB
CmaFree:               0 kB
MemTotal:        7918588 kB
MemFree:          158168 kB
MemAvailable:    2493372 kB
Buffers:          118048 kB
Cached:          2355600 kB
SwapCached:            0 kB
Active:          4567096 kB
Inactive:         907432 kB
Active(anon):    2970832 kB
Inactive(anon):    64800 kB
Active(file):    1596264 kB
Inactive(file):   842632 kB
Unevictable:        6196 kB
Mlocked:            5756 kB
SwapTotal:       4718584 kB
SwapFree:        4718584 kB
Dirty:               516 kB
Writeback:             0 kB
AnonPages:       3006944 kB
Mapped:          1069348 kB
Shmem:             30128 kB
KReclaimable:     286532 kB
Slab:             317096 kB
SReclaimable:      92572 kB
SUnreclaim:       224524 kB
KernelStack:       48816 kB
ShadowCallStack:   12224 kB
PageTables:        72796 kB
NFS_Unstable:          0 kB
Bounce:                0 kB
WritebackTmp:          0 kB
CommitLimit:     8677876 kB
Committed_AS:   71692172 kB
VmallocTotal:   263061440 kB
VmallocUsed:      131868 kB
VmallocChunk:          0 kB
Percpu:             2520 kB
CmaTotal:         405504 kB
CmaFree:               0 kB
MemTotal:        7918588 kB
MemFree:          196708 kB
MemAvailable:    2653416 kB
Buffers:          118048 kB
Cached:          2355404 kB
SwapCached:            0 kB
Active:          4526620 kB
Inactive:         907364 kB
Active(anon):    2930356 kB
Inactive(anon):    64804 kB
Active(file):    1596264 kB
Inactive(file):   842560 kB
Unevictable:        6196 kB
Mlocked:            5756 kB
SwapTotal:       4718584 kB
SwapFree:        4718584 kB
Dirty:               576 kB
Writeback:             0 kB
AnonPages:       2966796 kB
Mapped:          1068624 kB
Shmem:             30000 kB
KReclaimable:     408108 kB
Slab:             317068 kB
SReclaimable:      92572 kB
SUnreclaim:       224496 kB
KernelStack:       48720 kB
ShadowCallStack:   12196 kB
PageTables:        72848 kB
NFS_Unstable:          0 kB
Bounce:                0 kB
WritebackTmp:          0 kB
CommitLimit:     8677876 kB
Committed_AS:   71691780 kB
VmallocTotal:   263061440 kB
VmallocUsed:      131704 kB
VmallocChunk:          0 kB
Percpu:             2520 kB
CmaTotal:         405504 kB
CmaFree:             308 kB
MemTotal:        7918588 kB
MemFree:          158620 kB
MemAvailable:    2615332 kB
Buffers:          118056 kB
Cached:          2355400 kB
SwapCached:            0 kB
Active:          4566800 kB
Inactive:         907360 kB
Active(anon):    2970536 kB
Inactive(anon):    64796 kB
Active(file):    1596264 kB
Inactive(file):   842564 kB
Unevictable:        6196 kB
Mlocked:            5756 kB
SwapTotal:       4718584 kB
SwapFree:        4718584 kB
Dirty:               588 kB
Writeback:             0 kB
AnonPages:       3007016 kB
Mapped:          1068904 kB
Shmem:             30000 kB
KReclaimable:     408108 kB
Slab:             317056 kB
SReclaimable:      92572 kB
SUnreclaim:       224484 kB
KernelStack:       48704 kB
ShadowCallStack:   12204 kB
PageTables:        73232 kB
NFS_Unstable:          0 kB
Bounce:                0 kB
WritebackTmp:          0 kB
CommitLimit:     8677876 kB
Committed_AS:   71773696 kB
VmallocTotal:   263061440 kB
VmallocUsed:      131684 kB
VmallocChunk:          0 kB
Percpu:             2520 kB
CmaTotal:         405504 kB
CmaFree:             308 kB
MemTotal:        7918588 kB
MemFree:          153648 kB
MemAvailable:    2610340 kB
Buffers:          118056 kB
Cached:          2355624 kB
SwapCached:            0 kB
Active:          4569204 kB
Inactive:         907580 kB
Active(anon):    2972940 kB
Inactive(anon):    64792 kB
Active(file):    1596264 kB
Inactive(file):   842788 kB
Unevictable:        6196 kB
Mlocked:            5756 kB
SwapTotal:       4718584 kB
SwapFree:        4718584 kB
Dirty:               196 kB
Writeback:             4 kB
AnonPages:       3009432 kB
Mapped:          1069080 kB
Shmem:             30000 kB
KReclaimable:     407864 kB
Slab:             316844 kB
SReclaimable:      92328 kB
SUnreclaim:       224516 kB
KernelStack:       48736 kB
ShadowCallStack:   12216 kB
PageTables:        73156 kB
NFS_Unstable:          0 kB
Bounce:                0 kB
WritebackTmp:          0 kB
CommitLimit:     8677876 kB
Committed_AS:   71773696 kB
VmallocTotal:   263061440 kB
VmallocUsed:      131720 kB
VmallocChunk:          0 kB
Percpu:             2520 kB
CmaTotal:         405504 kB
CmaFree:               8 kB
MemTotal:        7918588 kB
MemFree:          153396 kB
MemAvailable:    2610088 kB
Buffers:          118056 kB
Cached:          2355624 kB
SwapCached:            0 kB
Active:          4570772 kB
Inactive:         907588 kB
Active(anon):    2974508 kB
Inactive(anon):    64800 kB
Active(file):    1596264 kB
Inactive(file):   842788 kB
Unevictable:        6196 kB
Mlocked:            5756 kB
SwapTotal:       4718584 kB
SwapFree:        4718584 kB
Dirty:               176 kB
Writeback:             0 kB
AnonPages:       3010908 kB
Mapped:          1069008 kB
Shmem:             30000 kB
KReclaimable:     407864 kB
Slab:             316808 kB
SReclaimable:      92328 kB
SUnreclaim:       224480 kB
KernelStack:       48720 kB
ShadowCallStack:   12204 kB
PageTables:        73188 kB
NFS_Unstable:          0 kB
Bounce:                0 kB
WritebackTmp:          0 kB
CommitLimit:     8677876 kB
Committed_AS:   71773696 kB
VmallocTotal:   263061440 kB
VmallocUsed:      131700 kB
VmallocChunk:          0 kB
Percpu:             2520 kB
CmaTotal:         405504 kB
CmaFree:               0 kB
MemTotal:        7918588 kB
MemFree:          154272 kB
MemAvailable:    2568692 kB
Buffers:          118056 kB
Cached:          2317860 kB
SwapCached:            0 kB
Active:          4611064 kB
Inactive:         869848 kB
Active(anon):    3014800 kB
Inactive(anon):    64800 kB
Active(file):    1596264 kB
Inactive(file):   805048 kB
Unevictable:        6196 kB
Mlocked:            5756 kB
SwapTotal:       4718584 kB
SwapFree:        4718584 kB
Dirty:               176 kB
Writeback:             0 kB
AnonPages:       3051196 kB
Mapped:          1069468 kB
Shmem:             30004 kB
KReclaimable:     403332 kB
Slab:             315932 kB
SReclaimable:      91420 kB
SUnreclaim:       224512 kB
KernelStack:       48720 kB
ShadowCallStack:   12196 kB
PageTables:        73228 kB
NFS_Unstable:          0 kB
Bounce:                0 kB
WritebackTmp:          0 kB
CommitLimit:     8677876 kB
Committed_AS:   71888388 kB
VmallocTotal:   263061440 kB
VmallocUsed:      131736 kB
VmallocChunk:          0 kB
Percpu:             2520 kB
CmaTotal:         405504 kB
CmaFree:               0 kB
MemTotal:        7918588 kB
MemFree:          156232 kB
MemAvailable:    2565516 kB
Buffers:          118056 kB
Cached:          2313388 kB
SwapCached:            0 kB
Active:          4613784 kB
Inactive:         865344 kB
Active(anon):    3017520 kB
Inactive(anon):    64796 kB
Active(file):    1596264 kB
Inactive(file):   800548 kB
Unevictable:        6196 kB
Mlocked:            5756 kB
SwapTotal:       4718584 kB
SwapFree:        4718584 kB
Dirty:               188 kB
Writeback:             0 kB
AnonPages:       3053932 kB
Mapped:          1069420 kB
Shmem:             30004 kB
KReclaimable:     402696 kB
Slab:             315704 kB
SReclaimable:      91296 kB
SUnreclaim:       224408 kB
KernelStack:       48720 kB
ShadowCallStack:   12208 kB
PageTables:        73352 kB
NFS_Unstable:          0 kB
Bounce:                0 kB
WritebackTmp:          0 kB
CommitLimit:     8677876 kB
Committed_AS:   71888392 kB
VmallocTotal:   263061440 kB
VmallocUsed:      131688 kB
VmallocChunk:          0 kB
Percpu:             2520 kB
CmaTotal:         405504 kB
CmaFree:               0 kB
MemTotal:        7918588 kB
MemFree:          154820 kB
MemAvailable:    2549168 kB
Buffers:          118080 kB
Cached:          2300332 kB
SwapCached:            0 kB
Active:          4629664 kB
Inactive:         852316 kB
Active(anon):    3033400 kB
Inactive(anon):    64800 kB
Active(file):    1596264 kB
Inactive(file):   787516 kB
Unevictable:        6196 kB
Mlocked:            5756 kB
SwapTotal:       4718584 kB
SwapFree:        4718584 kB
Dirty:               252 kB
Writeback:             0 kB
AnonPages:       3069840 kB
Mapped:          1069824 kB
Shmem:             30004 kB
KReclaimable:     400792 kB
Slab:             315356 kB
SReclaimable:      90928 kB
SUnreclaim:       224428 kB
KernelStack:       48720 kB
ShadowCallStack:   12204 kB
PageTables:        73468 kB
NFS_Unstable:          0 kB
Bounce:                0 kB
WritebackTmp:          0 kB
CommitLimit:     8677876 kB
Committed_AS:   71937540 kB
VmallocTotal:   263061440 kB
VmallocUsed:      131680 kB
VmallocChunk:          0 kB
Percpu:             2520 kB
CmaTotal:         405504 kB
CmaFree:               0 kB
MemTotal:        7918588 kB
MemFree:          154596 kB
MemAvailable:    2523720 kB
Buffers:          118088 kB
Cached:          2278252 kB
SwapCached:            0 kB
Active:          4661260 kB
Inactive:         823980 kB
Active(anon):    3058728 kB
Inactive(anon):    64804 kB
Active(file):    1602532 kB
Inactive(file):   759176 kB
Unevictable:        6196 kB
Mlocked:            5756 kB
SwapTotal:       4718584 kB
SwapFree:        4718584 kB
Dirty:               324 kB
Writeback:             0 kB
AnonPages:       3095184 kB
Mapped:          1069444 kB
Shmem:             30004 kB
KReclaimable:     397640 kB
Slab:             314812 kB
SReclaimable:      90336 kB
SUnreclaim:       224476 kB
KernelStack:       48624 kB
ShadowCallStack:   12192 kB
PageTables:        73292 kB
NFS_Unstable:          0 kB
Bounce:                0 kB
WritebackTmp:          0 kB
CommitLimit:     8677876 kB
Committed_AS:   71970256 kB
VmallocTotal:   263061440 kB
VmallocUsed:      131652 kB
VmallocChunk:          0 kB
Percpu:             2520 kB
CmaTotal:         405504 kB
CmaFree:               0 kB
MemTotal:        7918588 kB
MemFree:          153800 kB
MemAvailable:    2522924 kB
Buffers:          118088 kB
Cached:          2278252 kB
SwapCached:            0 kB
Active:          4661192 kB
Inactive:         823972 kB
Active(anon):    3058660 kB
Inactive(anon):    64796 kB
Active(file):    1602532 kB
Inactive(file):   759176 kB
Unevictable:        6196 kB
Mlocked:            5756 kB
SwapTotal:       4718584 kB
SwapFree:        4718584 kB
Dirty:               324 kB
Writeback:             0 kB
AnonPages:       3095228 kB
Mapped:          1069652 kB
Shmem:             30004 kB
KReclaimable:     397640 kB
Slab:             314840 kB
SReclaimable:      90336 kB
SUnreclaim:       224504 kB
KernelStack:       48688 kB
ShadowCallStack:   12204 kB
PageTables:        73648 kB
NFS_Unstable:          0 kB
Bounce:                0 kB
WritebackTmp:          0 kB
CommitLimit:     8677876 kB
Committed_AS:   71970256 kB
VmallocTotal:   263061440 kB
VmallocUsed:      131684 kB
VmallocChunk:          0 kB
Percpu:             2520 kB
CmaTotal:         405504 kB
CmaFree:               0 kB
MemTotal:        7918588 kB
MemFree:          180952 kB
MemAvailable:    2491556 kB
Buffers:          117868 kB
Cached:          2225788 kB
SwapCached:            0 kB
Active:          4704272 kB
Inactive:         761592 kB
Active(anon):    3092044 kB
Inactive(anon):    64796 kB
Active(file):    1612228 kB
Inactive(file):   696796 kB
Unevictable:        6196 kB
Mlocked:            5756 kB
SwapTotal:       4718584 kB
SwapFree:        4718584 kB
Dirty:               324 kB
Writeback:             0 kB
AnonPages:       3128404 kB
Mapped:          1067988 kB
Shmem:             30004 kB
KReclaimable:     391804 kB
Slab:             314652 kB
SReclaimable:      90132 kB
SUnreclaim:       224520 kB
KernelStack:       48720 kB
ShadowCallStack:   12196 kB
PageTables:        73788 kB
NFS_Unstable:          0 kB
Bounce:                0 kB
WritebackTmp:          0 kB
CommitLimit:     8677876 kB
Committed_AS:   72068560 kB
VmallocTotal:   263061440 kB
VmallocUsed:      131660 kB
VmallocChunk:          0 kB
Percpu:             2520 kB
CmaTotal:         405504 kB
CmaFree:           26944 kB
MemTotal:        7918588 kB
MemFree:          201644 kB
MemAvailable:    2478972 kB
Buffers:          117868 kB
Cached:          2196896 kB
SwapCached:            0 kB
Active:          4721688 kB
Inactive:         725712 kB
Active(anon):    3102372 kB
Inactive(anon):    64800 kB
Active(file):    1619316 kB
Inactive(file):   660912 kB
Unevictable:        6196 kB
Mlocked:            5756 kB
SwapTotal:       4718584 kB
SwapFree:        4718584 kB
Dirty:               324 kB
Writeback:             0 kB
AnonPages:       3138448 kB
Mapped:          1066072 kB
Shmem:             30008 kB
KReclaimable:     387324 kB
Slab:             314672 kB
SReclaimable:      90132 kB
SUnreclaim:       224540 kB
KernelStack:       48704 kB
ShadowCallStack:   12192 kB
PageTables:        73544 kB
NFS_Unstable:          0 kB
Bounce:                0 kB
WritebackTmp:          0 kB
CommitLimit:     8677876 kB
Committed_AS:   72084948 kB
VmallocTotal:   263061440 kB
VmallocUsed:      131668 kB
VmallocChunk:          0 kB
Percpu:             2520 kB
CmaTotal:         405504 kB
CmaFree:           45600 kB
MemTotal:        7918588 kB
MemFree:          201092 kB
MemAvailable:    2478160 kB
Buffers:          117876 kB
Cached:          2196856 kB
SwapCached:            0 kB
Active:          4722272 kB
Inactive:         725580 kB
Active(anon):    3102956 kB
Inactive(anon):    64800 kB
Active(file):    1619316 kB
Inactive(file):   660780 kB
Unevictable:        6196 kB
Mlocked:            5756 kB
SwapTotal:       4718584 kB
SwapFree:        4718584 kB
Dirty:               324 kB
Writeback:             0 kB
AnonPages:       3139496 kB
Mapped:          1065988 kB
Shmem:             30008 kB
KReclaimable:     387196 kB
Slab:             314728 kB
SReclaimable:      90132 kB
SUnreclaim:       224596 kB
KernelStack:       48672 kB
ShadowCallStack:   12212 kB
PageTables:        73608 kB
NFS_Unstable:          0 kB
Bounce:                0 kB
WritebackTmp:          0 kB
CommitLimit:     8677876 kB
Committed_AS:   72084948 kB
VmallocTotal:   263061440 kB
VmallocUsed:      131668 kB
VmallocChunk:          0 kB
Percpu:             2520 kB
CmaTotal:         405504 kB
CmaFree:           45672 kB
MemTotal:        7918588 kB
MemFree:          178648 kB
MemAvailable:    2436332 kB
Buffers:          117884 kB
Cached:          2179516 kB
SwapCached:            0 kB
Active:          4766824 kB
Inactive:         705520 kB
Active(anon):    3144792 kB
Inactive(anon):    64792 kB
Active(file):    1622032 kB
Inactive(file):   640728 kB
Unevictable:        6196 kB
Mlocked:            5756 kB
SwapTotal:       4718584 kB
SwapFree:        4718584 kB
Dirty:               344 kB
Writeback:             0 kB
AnonPages:       3181184 kB
Mapped:          1066348 kB
Shmem:             30012 kB
KReclaimable:     385148 kB
Slab:             314844 kB
SReclaimable:      90132 kB
SUnreclaim:       224712 kB
KernelStack:       48688 kB
ShadowCallStack:   12188 kB
PageTables:        74040 kB
NFS_Unstable:          0 kB
Bounce:                0 kB
WritebackTmp:          0 kB
CommitLimit:     8677876 kB
Committed_AS:   72183152 kB
VmallocTotal:   263061440 kB
VmallocUsed:      131660 kB
VmallocChunk:          0 kB
Percpu:             2520 kB
CmaTotal:         405504 kB
CmaFree:           24452 kB
MemTotal:        7918588 kB
MemFree:          178368 kB
MemAvailable:    2436052 kB
Buffers:          117884 kB
Cached:          2179516 kB
SwapCached:            0 kB
Active:          4766720 kB
Inactive:         705528 kB
Active(anon):    3144688 kB
Inactive(anon):    64800 kB
Active(file):    1622032 kB
Inactive(file):   640728 kB
Unevictable:        6196 kB
Mlocked:            5756 kB
SwapTotal:       4718584 kB
SwapFree:        4718584 kB
Dirty:               344 kB
Writeback:             0 kB
AnonPages:       3181076 kB
Mapped:          1066168 kB
Shmem:             30012 kB
KReclaimable:     385148 kB
Slab:             314760 kB
SReclaimable:      90132 kB
SUnreclaim:       224628 kB
KernelStack:       48624 kB
ShadowCallStack:   12188 kB
PageTables:        73804 kB
NFS_Unstable:          0 kB
Bounce:                0 kB
WritebackTmp:          0 kB
CommitLimit:     8677876 kB
Committed_AS:   72183104 kB
VmallocTotal:   263061440 kB
VmallocUsed:      131620 kB
VmallocChunk:          0 kB
Percpu:             2520 kB
CmaTotal:         405504 kB
CmaFree:           24452 kB
MemTotal:        7918588 kB
MemFree:          177084 kB
MemAvailable:    2424540 kB
Buffers:          117884 kB
Cached:          2169800 kB
SwapCached:            0 kB
Active:          4779584 kB
Inactive:         695796 kB
Active(anon):    3157536 kB
Inactive(anon):    64800 kB
Active(file):    1622048 kB
Inactive(file):   630996 kB
Unevictable:        6196 kB
Mlocked:            5756 kB
SwapTotal:       4718584 kB
SwapFree:        4718584 kB
Dirty:               344 kB
Writeback:             0 kB
AnonPages:       3193936 kB
Mapped:          1066452 kB
Shmem:             30012 kB
KReclaimable:     384636 kB
Slab:             314772 kB
SReclaimable:      90132 kB
SUnreclaim:       224640 kB
KernelStack:       48544 kB
ShadowCallStack:   12180 kB
PageTables:        74100 kB
NFS_Unstable:          0 kB
Bounce:                0 kB
WritebackTmp:          0 kB
CommitLimit:     8677876 kB
Committed_AS:   72215608 kB
VmallocTotal:   263061440 kB
VmallocUsed:      131516 kB
VmallocChunk:          0 kB
Percpu:             2520 kB
CmaTotal:         405504 kB
CmaFree:           22128 kB
MemTotal:        7918588 kB
MemFree:          153976 kB
MemAvailable:    2395064 kB
Buffers:          117884 kB
Cached:          2163944 kB
SwapCached:            0 kB
Active:          4809228 kB
Inactive:         689904 kB
Active(anon):    3187148 kB
Inactive(anon):    64796 kB
Active(file):    1622080 kB
Inactive(file):   625108 kB
Unevictable:        6196 kB
Mlocked:            5756 kB
SwapTotal:       4718584 kB
SwapFree:        4718584 kB
Dirty:               348 kB
Writeback:             0 kB
AnonPages:       3223556 kB
Mapped:          1066588 kB
Shmem:             30012 kB
KReclaimable:     384124 kB
Slab:             314664 kB
SReclaimable:      90132 kB
SUnreclaim:       224532 kB
KernelStack:       48544 kB
ShadowCallStack:   12156 kB
PageTables:        74076 kB
NFS_Unstable:          0 kB
Bounce:                0 kB
WritebackTmp:          0 kB
CommitLimit:     8677876 kB
Committed_AS:   72264604 kB
VmallocTotal:   263061440 kB
VmallocUsed:      131464 kB
VmallocChunk:          0 kB
Percpu:             2520 kB
CmaTotal:         405504 kB
CmaFree:               0 kB
MemTotal:        7918588 kB
MemFree:          153308 kB
MemAvailable:    2392892 kB
Buffers:          117908 kB
Cached:          2162416 kB
SwapCached:            0 kB
Active:          4810240 kB
Inactive:         688404 kB
Active(anon):    3188160 kB
Inactive(anon):    64800 kB
Active(file):    1622080 kB
Inactive(file):   623604 kB
Unevictable:        6196 kB
Mlocked:            5756 kB
SwapTotal:       4718584 kB
SwapFree:        4718584 kB
Dirty:               352 kB
Writeback:             0 kB
AnonPages:       3224476 kB
Mapped:          1066588 kB
Shmem:             30012 kB
KReclaimable:     384124 kB
Slab:             314596 kB
SReclaimable:      90132 kB
SUnreclaim:       224464 kB
KernelStack:       48496 kB
ShadowCallStack:   12156 kB
PageTables:        73936 kB
NFS_Unstable:          0 kB
Bounce:                0 kB
WritebackTmp:          0 kB
CommitLimit:     8677876 kB
Committed_AS:   72264604 kB
VmallocTotal:   263061440 kB
VmallocUsed:      131428 kB
VmallocChunk:          0 kB
Percpu:             2520 kB
CmaTotal:         405504 kB
CmaFree:              88 kB
MemTotal:        7918588 kB
MemFree:          152488 kB
MemAvailable:    2352620 kB
Buffers:          117908 kB
Cached:          2126068 kB
SwapCached:            0 kB
Active:          4849760 kB
Inactive:         652056 kB
Active(anon):    3227680 kB
Inactive(anon):    64800 kB
Active(file):    1622080 kB
Inactive(file):   587256 kB
Unevictable:        6196 kB
Mlocked:            5756 kB
SwapTotal:       4718584 kB
SwapFree:        4718584 kB
Dirty:               364 kB
Writeback:             0 kB
AnonPages:       3264076 kB
Mapped:          1066904 kB
Shmem:             30012 kB
KReclaimable:     381020 kB
Slab:             314584 kB
SReclaimable:      90100 kB
SUnreclaim:       224484 kB
KernelStack:       48496 kB
ShadowCallStack:   12148 kB
PageTables:        74336 kB
NFS_Unstable:          0 kB
Bounce:                0 kB
WritebackTmp:          0 kB
CommitLimit:     8677876 kB
Committed_AS:   72379192 kB
VmallocTotal:   263061440 kB
VmallocUsed:      131416 kB
VmallocChunk:          0 kB
Percpu:             2520 kB
CmaTotal:         405504 kB
CmaFree:               0 kB
MemTotal:        7918588 kB
MemFree:          153808 kB
MemAvailable:    2349080 kB
Buffers:          117908 kB
Cached:          2121720 kB
SwapCached:            0 kB
Active:          4852288 kB
Inactive:         647708 kB
Active(anon):    3230208 kB
Inactive(anon):    64800 kB
Active(file):    1622080 kB
Inactive(file):   582908 kB
Unevictable:        6196 kB
Mlocked:            5756 kB
SwapTotal:       4718584 kB
SwapFree:        4718584 kB
Dirty:                88 kB
Writeback:             0 kB
AnonPages:       3266568 kB
Mapped:          1066872 kB
Shmem:             30012 kB
KReclaimable:     380508 kB
Slab:             314660 kB
SReclaimable:      90100 kB
SUnreclaim:       224560 kB
KernelStack:       48432 kB
ShadowCallStack:   12132 kB
PageTables:        74368 kB
NFS_Unstable:          0 kB
Bounce:                0 kB
WritebackTmp:          0 kB
CommitLimit:     8677876 kB
Committed_AS:   72378980 kB
VmallocTotal:   263061440 kB
VmallocUsed:      131340 kB
VmallocChunk:          0 kB
Percpu:             2520 kB
CmaTotal:         405504 kB
CmaFree:               0 kB
MemTotal:        7918588 kB
MemFree:          155016 kB
MemAvailable:    2350288 kB
Buffers:          117908 kB
Cached:          2121720 kB
SwapCached:            0 kB
Active:          4852404 kB
Inactive:         647712 kB
Active(anon):    3230324 kB
Inactive(anon):    64804 kB
Active(file):    1622080 kB
Inactive(file):   582908 kB
Unevictable:        6196 kB
Mlocked:            5756 kB
SwapTotal:       4718584 kB
SwapFree:        4718584 kB
Dirty:                88 kB
Writeback:             0 kB
AnonPages:       3266752 kB
Mapped:          1066956 kB
Shmem:             30012 kB
KReclaimable:     380508 kB
Slab:             314728 kB
SReclaimable:      90100 kB
SUnreclaim:       224628 kB
KernelStack:       48400 kB
ShadowCallStack:   12132 kB
PageTables:        74320 kB
NFS_Unstable:          0 kB
Bounce:                0 kB
WritebackTmp:          0 kB
CommitLimit:     8677876 kB
Committed_AS:   72378876 kB
VmallocTotal:   263061440 kB
VmallocUsed:      131304 kB
VmallocChunk:          0 kB
Percpu:             2520 kB
CmaTotal:         405504 kB
CmaFree:               0 kB
MemTotal:        7918588 kB
MemFree:          142740 kB
MemAvailable:    2147100 kB
Buffers:          117908 kB
Cached:          2042908 kB
SwapCached:            0 kB
Active:          4933044 kB
Inactive:         568256 kB
Active(anon):    3310496 kB
Inactive(anon):    64800 kB
Active(file):    1622548 kB
Inactive(file):   503456 kB
Unevictable:        6196 kB
Mlocked:            5756 kB
SwapTotal:       4718584 kB
SwapFree:        4718584 kB
Dirty:                88 kB
Writeback:             0 kB
AnonPages:       3346872 kB
Mapped:          1067720 kB
Shmem:             30100 kB
KReclaimable:     268580 kB
Slab:             314852 kB
SReclaimable:      89980 kB
SUnreclaim:       224872 kB
KernelStack:       48448 kB
ShadowCallStack:   12152 kB
PageTables:        74404 kB
NFS_Unstable:          0 kB
Bounce:                0 kB
WritebackTmp:          0 kB
CommitLimit:     8677876 kB
Committed_AS:   72477476 kB
VmallocTotal:   263061440 kB
VmallocUsed:      131436 kB
VmallocChunk:          0 kB
Percpu:             2520 kB
CmaTotal:         405504 kB
CmaFree:               0 kB
MemTotal:        7918588 kB
MemFree:          180044 kB
MemAvailable:    2304836 kB
Buffers:          117916 kB
Cached:          2041400 kB
SwapCached:            0 kB
Active:          4895672 kB
Inactive:         566920 kB
Active(anon):    3273124 kB
Inactive(anon):    64792 kB
Active(file):    1622548 kB
Inactive(file):   502128 kB
Unevictable:        6196 kB
Mlocked:            5756 kB
SwapTotal:       4718584 kB
SwapFree:        4718584 kB
Dirty:               140 kB
Writeback:             0 kB
AnonPages:       3309332 kB
Mapped:          1067104 kB
Shmem:             30012 kB
KReclaimable:     390340 kB
Slab:             314716 kB
SReclaimable:      89900 kB
SUnreclaim:       224816 kB
KernelStack:       48368 kB
ShadowCallStack:   12116 kB
PageTables:        74428 kB
NFS_Unstable:          0 kB
Bounce:                0 kB
WritebackTmp:          0 kB
CommitLimit:     8677876 kB
Committed_AS:   72477076 kB
VmallocTotal:   263061440 kB
VmallocUsed:      131264 kB
VmallocChunk:          0 kB
Percpu:             2520 kB
CmaTotal:         405504 kB
CmaFree:             116 kB
MemTotal:        7918588 kB
MemFree:          163552 kB
MemAvailable:    2288528 kB
Buffers:          117916 kB
Cached:          2041408 kB
SwapCached:            0 kB
Active:          4912372 kB
Inactive:         566936 kB
Active(anon):    3289824 kB
Inactive(anon):    64792 kB
Active(file):    1622548 kB
Inactive(file):   502144 kB
Unevictable:        6196 kB
Mlocked:            5756 kB
SwapTotal:       4718584 kB
SwapFree:        4718584 kB
Dirty:               196 kB
Writeback:             0 kB
AnonPages:       3326292 kB
Mapped:          1067400 kB
Shmem:             30012 kB
KReclaimable:     390508 kB
Slab:             314660 kB
SReclaimable:      89900 kB
SUnreclaim:       224760 kB
KernelStack:       48368 kB
ShadowCallStack:   12112 kB
PageTables:        74668 kB
NFS_Unstable:          0 kB
Bounce:                0 kB
WritebackTmp:          0 kB
CommitLimit:     8677876 kB
Committed_AS:   72526228 kB
VmallocTotal:   263061440 kB
VmallocUsed:      131264 kB
VmallocChunk:          0 kB
Percpu:             2520 kB
CmaTotal:         405504 kB
CmaFree:               0 kB
MemTotal:        7918588 kB
MemFree:          148196 kB
MemAvailable:    2261636 kB
Buffers:          117940 kB
Cached:          2031012 kB
SwapCached:            0 kB
Active:          4938184 kB
Inactive:         556556 kB
Active(anon):    3315636 kB
Inactive(anon):    64796 kB
Active(file):    1622548 kB
Inactive(file):   491760 kB
Unevictable:        6196 kB
Mlocked:            5756 kB
SwapTotal:       4718584 kB
SwapFree:        4718584 kB
Dirty:               168 kB
Writeback:             0 kB
AnonPages:       3352024 kB
Mapped:          1067704 kB
Shmem:             30016 kB
KReclaimable:     389356 kB
Slab:             314568 kB
SReclaimable:      89772 kB
SUnreclaim:       224796 kB
KernelStack:       48368 kB
ShadowCallStack:   12108 kB
PageTables:        74520 kB
NFS_Unstable:          0 kB
Bounce:                0 kB
WritebackTmp:          0 kB
CommitLimit:     8677876 kB
Committed_AS:   72575384 kB
VmallocTotal:   263061440 kB
VmallocUsed:      131256 kB
VmallocChunk:          0 kB
Percpu:             2520 kB
CmaTotal:         405504 kB
CmaFree:               0 kB
MemTotal:        7918588 kB
MemFree:          147744 kB
MemAvailable:    2261032 kB
Buffers:          117940 kB
Cached:          2030860 kB
SwapCached:            0 kB
Active:          4938872 kB
Inactive:         556400 kB
Active(anon):    3316324 kB
Inactive(anon):    64792 kB
Active(file):    1622548 kB
Inactive(file):   491608 kB
Unevictable:        6196 kB
Mlocked:            5756 kB
SwapTotal:       4718584 kB
SwapFree:        4718584 kB
Dirty:                16 kB
Writeback:             0 kB
AnonPages:       3352676 kB
Mapped:          1067676 kB
Shmem:             30016 kB
KReclaimable:     389356 kB
Slab:             314584 kB
SReclaimable:      89772 kB
SUnreclaim:       224812 kB
KernelStack:       48400 kB
ShadowCallStack:   12116 kB
PageTables:        74700 kB
NFS_Unstable:          0 kB
Bounce:                0 kB
WritebackTmp:          0 kB
CommitLimit:     8677876 kB
Committed_AS:   72575384 kB
VmallocTotal:   263061440 kB
VmallocUsed:      131264 kB
VmallocChunk:          0 kB
Percpu:             2520 kB
CmaTotal:         405504 kB
CmaFree:               0 kB
MemTotal:        7918588 kB
MemFree:          140960 kB
MemAvailable:    2224240 kB
Buffers:          117940 kB
Cached:          2003800 kB
SwapCached:            0 kB
Active:          4975764 kB
Inactive:         529348 kB
Active(anon):    3353216 kB
Inactive(anon):    64800 kB
Active(file):    1622548 kB
Inactive(file):   464548 kB
Unevictable:        6196 kB
Mlocked:            5756 kB
SwapTotal:       4718584 kB
SwapFree:        4718584 kB
Dirty:                32 kB
Writeback:             0 kB
AnonPages:       3389532 kB
Mapped:          1067728 kB
Shmem:             30016 kB
KReclaimable:     386408 kB
Slab:             314164 kB
SReclaimable:      89408 kB
SUnreclaim:       224756 kB
KernelStack:       48384 kB
ShadowCallStack:   12116 kB
PageTables:        74848 kB
NFS_Unstable:          0 kB
Bounce:                0 kB
WritebackTmp:          0 kB
CommitLimit:     8677876 kB
Committed_AS:   72673692 kB
VmallocTotal:   263061440 kB
VmallocUsed:      131264 kB
VmallocChunk:          0 kB
Percpu:             2520 kB
CmaTotal:         405504 kB
CmaFree:             128 kB
MemTotal:        7918588 kB
MemFree:          140680 kB
MemAvailable:    2216596 kB
Buffers:          117964 kB
Cached:          1997600 kB
SwapCached:            0 kB
Active:          4982616 kB
Inactive:         523148 kB
Active(anon):    3360068 kB
Inactive(anon):    64792 kB
Active(file):    1622548 kB
Inactive(file):   458356 kB
Unevictable:        6196 kB
Mlocked:            5756 kB
SwapTotal:       4718584 kB
SwapFree:        4718584 kB
Dirty:               112 kB
Writeback:             0 kB
AnonPages:       3396520 kB
Mapped:          1067944 kB
Shmem:             30032 kB
KReclaimable:     385236 kB
Slab:             314000 kB
SReclaimable:      89260 kB
SUnreclaim:       224740 kB
KernelStack:       48368 kB
ShadowCallStack:   12108 kB
PageTables:        74872 kB
NFS_Unstable:          0 kB
Bounce:                0 kB
WritebackTmp:          0 kB
CommitLimit:     8677876 kB
Committed_AS:   72673708 kB
VmallocTotal:   263061440 kB
VmallocUsed:      131256 kB
VmallocChunk:          0 kB
Percpu:             2520 kB
CmaTotal:         405504 kB
CmaFree:               0 kB
MemTotal:        7918588 kB
MemFree:          143096 kB
MemAvailable:    2216016 kB
Buffers:          117964 kB
Cached:          1995296 kB
SwapCached:            0 kB
Active:          4983344 kB
Inactive:         520852 kB
Active(anon):    3360796 kB
Inactive(anon):    64800 kB
Active(file):    1622548 kB
Inactive(file):   456052 kB
Unevictable:        6196 kB
Mlocked:            5756 kB
SwapTotal:       4718584 kB
SwapFree:        4718584 kB
Dirty:               144 kB
Writeback:             0 kB
AnonPages:       3397144 kB
Mapped:          1068056 kB
Shmem:             30032 kB
KReclaimable:     384544 kB
Slab:             313896 kB
SReclaimable:      89080 kB
SUnreclaim:       224816 kB
KernelStack:       48368 kB
ShadowCallStack:   12116 kB
PageTables:        74920 kB
NFS_Unstable:          0 kB
Bounce:                0 kB
WritebackTmp:          0 kB
CommitLimit:     8677876 kB
Committed_AS:   72690088 kB
VmallocTotal:   263061440 kB
VmallocUsed:      131260 kB
VmallocChunk:          0 kB
Percpu:             2520 kB
CmaTotal:         405504 kB
CmaFree:               0 kB
MemTotal:        7918588 kB
MemFree:          137780 kB
MemAvailable:    2172824 kB
Buffers:          117972 kB
Cached:          1962256 kB
SwapCached:            0 kB
Active:          5052108 kB
Inactive:         461632 kB
Active(anon):    3422420 kB
Inactive(anon):    45684 kB
Active(file):    1629688 kB
Inactive(file):   415948 kB
Unevictable:        6196 kB
Mlocked:            5756 kB
SwapTotal:       4718584 kB
SwapFree:        4718584 kB
Dirty:               144 kB
Writeback:             0 kB
AnonPages:       3439492 kB
Mapped:          1062068 kB
Shmem:             30032 kB
KReclaimable:     379632 kB
Slab:             313008 kB
SReclaimable:      88136 kB
SUnreclaim:       224872 kB
KernelStack:       48352 kB
ShadowCallStack:   12128 kB
PageTables:        75256 kB
NFS_Unstable:          0 kB
Bounce:                0 kB
WritebackTmp:          0 kB
CommitLimit:     8677876 kB
Committed_AS:   72773036 kB
VmallocTotal:   263061440 kB
VmallocUsed:      131248 kB
VmallocChunk:          0 kB
Percpu:             2520 kB
CmaTotal:         405504 kB
CmaFree:               0 kB
MemTotal:        7918588 kB
MemFree:          156032 kB
MemAvailable:    2172656 kB
Buffers:          117212 kB
Cached:          1946828 kB
SwapCached:            0 kB
Active:          5059928 kB
Inactive:         437712 kB
Active(anon):    3424008 kB
Inactive(anon):    44252 kB
Active(file):    1635920 kB
Inactive(file):   393460 kB
Unevictable:        6196 kB
Mlocked:            5756 kB
SwapTotal:       4718584 kB
SwapFree:        4718584 kB
Dirty:                72 kB
Writeback:             0 kB
AnonPages:       3439804 kB
Mapped:          1061888 kB
Shmem:             30032 kB
KReclaimable:     377468 kB
Slab:             312516 kB
SReclaimable:      87636 kB
SUnreclaim:       224880 kB
KernelStack:       48368 kB
ShadowCallStack:   12116 kB
PageTables:        75064 kB
NFS_Unstable:          0 kB
Bounce:                0 kB
WritebackTmp:          0 kB
CommitLimit:     8677876 kB
Committed_AS:   72773032 kB
VmallocTotal:   263061440 kB
VmallocUsed:      131272 kB
VmallocChunk:          0 kB
Percpu:             2520 kB
CmaTotal:         405504 kB
CmaFree:               0 kB
MemTotal:        7918588 kB
MemFree:          155940 kB
MemAvailable:    2157392 kB
Buffers:          117212 kB
Cached:          1932768 kB
SwapCached:            0 kB
Active:          5074468 kB
Inactive:         423792 kB
Active(anon):    3438548 kB
Inactive(anon):    44260 kB
Active(file):    1635920 kB
Inactive(file):   379532 kB
Unevictable:        6196 kB
Mlocked:            5756 kB
SwapTotal:       4718584 kB
SwapFree:        4718584 kB
Dirty:                88 kB
Writeback:             0 kB
AnonPages:       3454404 kB
Mapped:          1062056 kB
Shmem:             30032 kB
KReclaimable:     376224 kB
Slab:             312272 kB
SReclaimable:      87420 kB
SUnreclaim:       224852 kB
KernelStack:       48400 kB
ShadowCallStack:   12108 kB
PageTables:        75044 kB
NFS_Unstable:          0 kB
Bounce:                0 kB
WritebackTmp:          0 kB
CommitLimit:     8677876 kB
Committed_AS:   72822184 kB
VmallocTotal:   263061440 kB
VmallocUsed:      131256 kB
VmallocChunk:          0 kB
Percpu:             2520 kB
CmaTotal:         405504 kB
CmaFree:               0 kB
MemTotal:        7918588 kB
MemFree:          160644 kB
MemAvailable:    2130092 kB
Buffers:          117220 kB
Cached:          1904240 kB
SwapCached:            0 kB
Active:          5101848 kB
Inactive:         395132 kB
Active(anon):    3465928 kB
Inactive(anon):    44252 kB
Active(file):    1635920 kB
Inactive(file):   350880 kB
Unevictable:        6196 kB
Mlocked:            5756 kB
SwapTotal:       4718584 kB
SwapFree:        4718584 kB
Dirty:               160 kB
Writeback:             0 kB
AnonPages:       3481740 kB
Mapped:          1062372 kB
Shmem:             30032 kB
KReclaimable:     372872 kB
Slab:             311528 kB
SReclaimable:      86628 kB
SUnreclaim:       224900 kB
KernelStack:       48400 kB
ShadowCallStack:   12112 kB
PageTables:        75388 kB
NFS_Unstable:          0 kB
Bounce:                0 kB
WritebackTmp:          0 kB
CommitLimit:     8677876 kB
Committed_AS:   72871340 kB
VmallocTotal:   263061440 kB
VmallocUsed:      131264 kB
VmallocChunk:          0 kB
Percpu:             2520 kB
CmaTotal:         405504 kB
CmaFree:             184 kB
MemTotal:        7918588 kB
MemFree:          159636 kB
MemAvailable:    2129084 kB
Buffers:          117220 kB
Cached:          1904240 kB
SwapCached:            0 kB
Active:          5101936 kB
Inactive:         395140 kB
Active(anon):    3466016 kB
Inactive(anon):    44260 kB
Active(file):    1635920 kB
Inactive(file):   350880 kB
Unevictable:        6196 kB
Mlocked:            5756 kB
SwapTotal:       4718584 kB
SwapFree:        4718584 kB
Dirty:               212 kB
Writeback:             0 kB
AnonPages:       3482060 kB
Mapped:          1062372 kB
Shmem:             30032 kB
KReclaimable:     372872 kB
Slab:             311604 kB
SReclaimable:      86628 kB
SUnreclaim:       224976 kB
KernelStack:       48352 kB
ShadowCallStack:   12112 kB
PageTables:        75236 kB
NFS_Unstable:          0 kB
Bounce:                0 kB
WritebackTmp:          0 kB
CommitLimit:     8677876 kB
Committed_AS:   72871336 kB
VmallocTotal:   263061440 kB
VmallocUsed:      131260 kB
VmallocChunk:          0 kB
Percpu:             2520 kB
CmaTotal:         405504 kB
CmaFree:             184 kB
MemTotal:        7918588 kB
MemFree:          153492 kB
MemAvailable:    2094252 kB
Buffers:          117220 kB
Cached:          1878260 kB
SwapCached:            0 kB
Active:          5136504 kB
Inactive:         369092 kB
Active(anon):    3500584 kB
Inactive(anon):    44252 kB
Active(file):    1635920 kB
Inactive(file):   324840 kB
Unevictable:        6196 kB
Mlocked:            5756 kB
SwapTotal:       4718584 kB
SwapFree:        4718584 kB
Dirty:               148 kB
Writeback:             0 kB
AnonPages:       3516660 kB
Mapped:          1062508 kB
Shmem:             30032 kB
KReclaimable:     370224 kB
Slab:             311004 kB
SReclaimable:      86028 kB
SUnreclaim:       224976 kB
KernelStack:       48336 kB
ShadowCallStack:   12112 kB
PageTables:        75404 kB
NFS_Unstable:          0 kB
Bounce:                0 kB
WritebackTmp:          0 kB
CommitLimit:     8677876 kB
Committed_AS:   72969644 kB
VmallocTotal:   263061440 kB
VmallocUsed:      131260 kB
VmallocChunk:          0 kB
Percpu:             2520 kB
CmaTotal:         405504 kB
CmaFree:               0 kB
MemTotal:        7918588 kB
MemFree:          155588 kB
MemAvailable:    2084496 kB
Buffers:          117220 kB
Cached:          1867888 kB
SwapCached:            0 kB
Active:          5144348 kB
Inactive:         358780 kB
Active(anon):    3508536 kB
Inactive(anon):    44260 kB
Active(file):    1635812 kB
Inactive(file):   314520 kB
Unevictable:        6196 kB
Mlocked:            5756 kB
SwapTotal:       4718584 kB
SwapFree:        4718584 kB
Dirty:               164 kB
Writeback:             0 kB
AnonPages:       3524364 kB
Mapped:          1062624 kB
Shmem:             30032 kB
KReclaimable:     368800 kB
Slab:             310552 kB
SReclaimable:      85628 kB
SUnreclaim:       224924 kB
KernelStack:       48368 kB
ShadowCallStack:   12112 kB
PageTables:        75608 kB
NFS_Unstable:          0 kB
Bounce:                0 kB
WritebackTmp:          0 kB
CommitLimit:     8677876 kB
Committed_AS:   72969640 kB
VmallocTotal:   263061440 kB
VmallocUsed:      131248 kB
VmallocChunk:          0 kB
Percpu:             2520 kB
CmaTotal:         405504 kB
CmaFree:               8 kB
MemTotal:        7918588 kB
MemFree:          156208 kB
MemAvailable:    2085264 kB
Buffers:          117220 kB
Cached:          1867888 kB
SwapCached:            0 kB
Active:          5145060 kB
Inactive:         358780 kB
Active(anon):    3509140 kB
Inactive(anon):    44252 kB
Active(file):    1635920 kB
Inactive(file):   314528 kB
Unevictable:        6196 kB
Mlocked:            5756 kB
SwapTotal:       4718584 kB
SwapFree:        4718584 kB
Dirty:                 0 kB
Writeback:             0 kB
AnonPages:       3525016 kB
Mapped:          1062604 kB
Shmem:             30032 kB
KReclaimable:     368832 kB
Slab:             310456 kB
SReclaimable:      85660 kB
SUnreclaim:       224796 kB
KernelStack:       48400 kB
ShadowCallStack:   12120 kB
PageTables:        75672 kB
NFS_Unstable:          0 kB
Bounce:                0 kB
WritebackTmp:          0 kB
CommitLimit:     8677876 kB
Committed_AS:   72969640 kB
VmallocTotal:   263061440 kB
VmallocUsed:      131244 kB
VmallocChunk:          0 kB
Percpu:             2520 kB
CmaTotal:         405504 kB
CmaFree:              16 kB
MemTotal:        7918588 kB
MemFree:          154836 kB
MemAvailable:    2041976 kB
Buffers:          117244 kB
Cached:          1830016 kB
SwapCached:            0 kB
Active:          5187788 kB
Inactive:         320936 kB
Active(anon):    3551868 kB
Inactive(anon):    44260 kB
Active(file):    1635920 kB
Inactive(file):   276676 kB
Unevictable:        6196 kB
Mlocked:            5756 kB
SwapTotal:       4718584 kB
SwapFree:        4718584 kB
Dirty:               100 kB
Writeback:             0 kB
AnonPages:       3567656 kB
Mapped:          1063176 kB
Shmem:             30036 kB
KReclaimable:     364768 kB
Slab:             309508 kB
SReclaimable:      84668 kB
SUnreclaim:       224840 kB
KernelStack:       48368 kB
ShadowCallStack:   12116 kB
PageTables:        75740 kB
NFS_Unstable:          0 kB
Bounce:                0 kB
WritebackTmp:          0 kB
CommitLimit:     8677876 kB
Committed_AS:   73084800 kB
VmallocTotal:   263061440 kB
VmallocUsed:      131280 kB
VmallocChunk:          0 kB
Percpu:             2520 kB
CmaTotal:         405504 kB
CmaFree:               0 kB
MemTotal:        7918588 kB
MemFree:          154576 kB
MemAvailable:    2041760 kB
Buffers:          117244 kB
Cached:          1830060 kB
SwapCached:            0 kB
Active:          5187748 kB
Inactive:         320968 kB
Active(anon):    3551828 kB
Inactive(anon):    44248 kB
Active(file):    1635920 kB
Inactive(file):   276720 kB
Unevictable:        6196 kB
Mlocked:            5756 kB
SwapTotal:       4718584 kB
SwapFree:        4718584 kB
Dirty:               160 kB
Writeback:             0 kB
AnonPages:       3567664 kB
Mapped:          1063288 kB
Shmem:             30036 kB
KReclaimable:     364768 kB
Slab:             309600 kB
SReclaimable:      84668 kB
SUnreclaim:       224932 kB
KernelStack:       48384 kB
ShadowCallStack:   12124 kB
PageTables:        75836 kB
NFS_Unstable:          0 kB
Bounce:                0 kB
WritebackTmp:          0 kB
CommitLimit:     8677876 kB
Committed_AS:   73084800 kB
VmallocTotal:   263061440 kB
VmallocUsed:      131268 kB
VmallocChunk:          0 kB
Percpu:             2520 kB
CmaTotal:         405504 kB
CmaFree:               0 kB
MemTotal:        7918588 kB
MemFree:          155508 kB
MemAvailable:    2023968 kB
Buffers:          117244 kB
Cached:          1812796 kB
SwapCached:            0 kB
Active:          5205176 kB
Inactive:         303572 kB
Active(anon):    3569256 kB
Inactive(anon):    44260 kB
Active(file):    1635920 kB
Inactive(file):   259312 kB
Unevictable:        6196 kB
Mlocked:            5756 kB
SwapTotal:       4718584 kB
SwapFree:        4718584 kB
Dirty:               160 kB
Writeback:             0 kB
AnonPages:       3585068 kB
Mapped:          1063536 kB
Shmem:             30036 kB
KReclaimable:     363452 kB
Slab:             309376 kB
SReclaimable:      84376 kB
SUnreclaim:       225000 kB
KernelStack:       48352 kB
ShadowCallStack:   12112 kB
PageTables:        75668 kB
NFS_Unstable:          0 kB
Bounce:                0 kB
WritebackTmp:          0 kB
CommitLimit:     8677876 kB
Committed_AS:   73133952 kB
VmallocTotal:   263061440 kB
VmallocUsed:      131264 kB
VmallocChunk:          0 kB
Percpu:             2520 kB
CmaTotal:         405504 kB
CmaFree:               0 kB
MemTotal:        7918588 kB
MemFree:          156328 kB
MemAvailable:    1996824 kB
Buffers:          107436 kB
Cached:          1797024 kB
SwapCached:            0 kB
Active:          5231436 kB
Inactive:         278136 kB
Active(anon):    3595516 kB
Inactive(anon):    44260 kB
Active(file):    1635920 kB
Inactive(file):   233876 kB
Unevictable:        6196 kB
Mlocked:            5756 kB
SwapTotal:       4718584 kB
SwapFree:        4718584 kB
Dirty:               160 kB
Writeback:             0 kB
AnonPages:       3611092 kB
Mapped:          1063508 kB
Shmem:             30036 kB
KReclaimable:     360924 kB
Slab:             308944 kB
SReclaimable:      83896 kB
SUnreclaim:       225048 kB
KernelStack:       48352 kB
ShadowCallStack:   12104 kB
PageTables:        75608 kB
NFS_Unstable:          0 kB
Bounce:                0 kB
WritebackTmp:          0 kB
CommitLimit:     8677876 kB
Committed_AS:   73183104 kB
VmallocTotal:   263061440 kB
VmallocUsed:      131248 kB
VmallocChunk:          0 kB
Percpu:             2520 kB
CmaTotal:         405504 kB
CmaFree:               0 kB
MemTotal:        7918588 kB
MemFree:          155904 kB
MemAvailable:    1996252 kB
Buffers:          107436 kB
Cached:          1796860 kB
SwapCached:            0 kB
Active:          5231604 kB
Inactive:         277972 kB
Active(anon):    3595684 kB
Inactive(anon):    44260 kB
Active(file):    1635920 kB
Inactive(file):   233712 kB
Unevictable:        6196 kB
Mlocked:            5756 kB
SwapTotal:       4718584 kB
SwapFree:        4718584 kB
Dirty:               164 kB
Writeback:             0 kB
AnonPages:       3611548 kB
Mapped:          1063644 kB
Shmem:             30036 kB
KReclaimable:     360940 kB
Slab:             308916 kB
SReclaimable:      83912 kB
SUnreclaim:       225004 kB
KernelStack:       48352 kB
ShadowCallStack:   12120 kB
PageTables:        75748 kB
NFS_Unstable:          0 kB
Bounce:                0 kB
WritebackTmp:          0 kB
CommitLimit:     8677876 kB
Committed_AS:   73183104 kB
VmallocTotal:   263061440 kB
VmallocUsed:      131260 kB
VmallocChunk:          0 kB
Percpu:             2520 kB
CmaTotal:         405504 kB
CmaFree:               4 kB
MemTotal:        7918588 kB
MemFree:          154512 kB
MemAvailable:    1798556 kB
Buffers:           44340 kB
Cached:          1782740 kB
SwapCached:            0 kB
Active:          5299972 kB
Inactive:         200568 kB
Active(anon):    3664052 kB
Inactive(anon):    44268 kB
Active(file):    1635920 kB
Inactive(file):   156300 kB
Unevictable:        6196 kB
Mlocked:            5756 kB
SwapTotal:       4718584 kB
SwapFree:        4718584 kB
Dirty:                28 kB
Writeback:             0 kB
AnonPages:       3679800 kB
Mapped:          1064532 kB
Shmem:             30076 kB
KReclaimable:     241576 kB
Slab:             307660 kB
SReclaimable:      82436 kB
SUnreclaim:       225224 kB
KernelStack:       48480 kB
ShadowCallStack:   12144 kB
PageTables:        75944 kB
NFS_Unstable:          0 kB
Bounce:                0 kB
WritebackTmp:          0 kB
CommitLimit:     8677876 kB
Committed_AS:   73265320 kB
VmallocTotal:   263061440 kB
VmallocUsed:      131372 kB
VmallocChunk:          0 kB
Percpu:             2520 kB
CmaTotal:         405504 kB
CmaFree:               0 kB
MemTotal:        7918588 kB
MemFree:          157336 kB
MemAvailable:    1787136 kB
Buffers:           43888 kB
Cached:          1769960 kB
SwapCached:            0 kB
Active:          5312304 kB
Inactive:         187364 kB
Active(anon):    3676384 kB
Inactive(anon):    44260 kB
Active(file):    1635920 kB
Inactive(file):   143104 kB
Unevictable:        6196 kB
Mlocked:            5756 kB
SwapTotal:       4718584 kB
SwapFree:        4718584 kB
Dirty:               140 kB
Writeback:             0 kB
AnonPages:       3692092 kB
Mapped:          1064656 kB
Shmem:             30196 kB
KReclaimable:     239476 kB
Slab:             307668 kB
SReclaimable:      82384 kB
SUnreclaim:       225284 kB
KernelStack:       48448 kB
ShadowCallStack:   12136 kB
PageTables:        76224 kB
NFS_Unstable:          0 kB
Bounce:                0 kB
WritebackTmp:          0 kB
CommitLimit:     8677876 kB
Committed_AS:   73281700 kB
VmallocTotal:   263061440 kB
VmallocUsed:      131392 kB
VmallocChunk:          0 kB
Percpu:             2520 kB
CmaTotal:         405504 kB
CmaFree:               0 kB
MemTotal:        7918588 kB
MemFree:          193184 kB
MemAvailable:    1951660 kB
Buffers:           43888 kB
Cached:          1769800 kB
SwapCached:            0 kB
Active:          5274728 kB
Inactive:         187360 kB
Active(anon):    3638808 kB
Inactive(anon):    44256 kB
Active(file):    1635920 kB
Inactive(file):   143104 kB
Unevictable:        6196 kB
Mlocked:            5756 kB
SwapTotal:       4718584 kB
SwapFree:        4718584 kB
Dirty:               140 kB
Writeback:             0 kB
AnonPages:       3654564 kB
Mapped:          1063988 kB
Shmem:             30036 kB
KReclaimable:     369676 kB
Slab:             307524 kB
SReclaimable:      82384 kB
SUnreclaim:       225140 kB
KernelStack:       48304 kB
ShadowCallStack:   12100 kB
PageTables:        76112 kB
NFS_Unstable:          0 kB
Bounce:                0 kB
WritebackTmp:          0 kB
CommitLimit:     8677876 kB
Committed_AS:   73281304 kB
VmallocTotal:   263061440 kB
VmallocUsed:      131220 kB
VmallocChunk:          0 kB
Percpu:             2520 kB
CmaTotal:         405504 kB
CmaFree:              76 kB
MemTotal:        7918588 kB
MemFree:          156124 kB
MemAvailable:    1910244 kB
Buffers:           43788 kB
Cached:          1765548 kB
SwapCached:            0 kB
Active:          5317112 kB
Inactive:         183008 kB
Active(anon):    3681192 kB
Inactive(anon):    44256 kB
Active(file):    1635920 kB
Inactive(file):   138752 kB
Unevictable:        6196 kB
Mlocked:            5756 kB
SwapTotal:       4718584 kB
SwapFree:        4718584 kB
Dirty:               140 kB
Writeback:             0 kB
AnonPages:       3696880 kB
Mapped:          1064204 kB
Shmem:             30036 kB
KReclaimable:     369672 kB
Slab:             307576 kB
SReclaimable:      82380 kB
SUnreclaim:       225196 kB
KernelStack:       48320 kB
ShadowCallStack:   12104 kB
PageTables:        76360 kB
NFS_Unstable:          0 kB
Bounce:                0 kB
WritebackTmp:          0 kB
CommitLimit:     8677876 kB
Committed_AS:   73379608 kB
VmallocTotal:   263061440 kB
VmallocUsed:      131212 kB
VmallocChunk:          0 kB
Percpu:             2520 kB
CmaTotal:         405504 kB
CmaFree:              12 kB
MemTotal:        7918588 kB
MemFree:          156172 kB
MemAvailable:    1910292 kB
Buffers:           43788 kB
Cached:          1765548 kB
SwapCached:            0 kB
Active:          5316980 kB
Inactive:         183008 kB
Active(anon):    3681060 kB
Inactive(anon):    44256 kB
Active(file):    1635920 kB
Inactive(file):   138752 kB
Unevictable:        6196 kB
Mlocked:            5756 kB
SwapTotal:       4718584 kB
SwapFree:        4718584 kB
Dirty:               140 kB
Writeback:             0 kB
AnonPages:       3696828 kB
Mapped:          1064344 kB
Shmem:             30036 kB
KReclaimable:     369672 kB
Slab:             307504 kB
SReclaimable:      82380 kB
SUnreclaim:       225124 kB
KernelStack:       48336 kB
ShadowCallStack:   12108 kB
PageTables:        76448 kB
NFS_Unstable:          0 kB
Bounce:                0 kB
WritebackTmp:          0 kB
CommitLimit:     8677876 kB
Committed_AS:   73379608 kB
VmallocTotal:   263061440 kB
VmallocUsed:      131200 kB
VmallocChunk:          0 kB
Percpu:             2520 kB
CmaTotal:         405504 kB
CmaFree:              12 kB
MemTotal:        7918588 kB
MemFree:          157832 kB
MemAvailable:    1896820 kB
Buffers:           43028 kB
Cached:          1752552 kB
SwapCached:            0 kB
Active:          5330196 kB
Inactive:         169256 kB
Active(anon):    3694276 kB
Inactive(anon):    44260 kB
Active(file):    1635920 kB
Inactive(file):   124996 kB
Unevictable:        6196 kB
Mlocked:            5756 kB
SwapTotal:       4718584 kB
SwapFree:        4718584 kB
Dirty:               124 kB
Writeback:            20 kB
AnonPages:       3710112 kB
Mapped:          1064560 kB
Shmem:             30036 kB
KReclaimable:     368296 kB
Slab:             307460 kB
SReclaimable:      82380 kB
SUnreclaim:       225080 kB
KernelStack:       48288 kB
ShadowCallStack:   12100 kB
PageTables:        75992 kB
NFS_Unstable:          0 kB
Bounce:                0 kB
WritebackTmp:          0 kB
CommitLimit:     8677876 kB
Committed_AS:   73428760 kB
VmallocTotal:   263061440 kB
VmallocUsed:      131224 kB
VmallocChunk:          0 kB
Percpu:             2520 kB
CmaTotal:         405504 kB
CmaFree:               0 kB
MemTotal:        7918588 kB
MemFree:          153392 kB
MemAvailable:    1866484 kB
Buffers:           39868 kB
Cached:          1732640 kB
SwapCached:            0 kB
Active:          5360332 kB
Inactive:         146184 kB
Active(anon):    3724412 kB
Inactive(anon):    44260 kB
Active(file):    1635920 kB
Inactive(file):   101924 kB
Unevictable:        6196 kB
Mlocked:            5756 kB
SwapTotal:       4718584 kB
SwapFree:        4718584 kB
Dirty:                32 kB
Writeback:             0 kB
AnonPages:       3740228 kB
Mapped:          1064432 kB
Shmem:             30036 kB
KReclaimable:     365472 kB
Slab:             307496 kB
SReclaimable:      82300 kB
SUnreclaim:       225196 kB
KernelStack:       48336 kB
ShadowCallStack:   12108 kB
PageTables:        76536 kB
NFS_Unstable:          0 kB
Bounce:                0 kB
WritebackTmp:          0 kB
CommitLimit:     8677876 kB
Committed_AS:   73494296 kB
VmallocTotal:   263061440 kB
VmallocUsed:      131224 kB
VmallocChunk:          0 kB
Percpu:             2520 kB
CmaTotal:         405504 kB
CmaFree:               0 kB
MemTotal:        7918588 kB
MemFree:          153580 kB
MemAvailable:    1865132 kB
Buffers:           38716 kB
Cached:          1732424 kB
SwapCached:            0 kB
Active:          5360216 kB
Inactive:         144808 kB
Active(anon):    3724296 kB
Inactive(anon):    44252 kB
Active(file):    1635920 kB
Inactive(file):   100556 kB
Unevictable:        6196 kB
Mlocked:            5756 kB
SwapTotal:       4718584 kB
SwapFree:        4718584 kB
Dirty:                52 kB
Writeback:             0 kB
AnonPages:       3740296 kB
Mapped:          1064428 kB
Shmem:             30036 kB
KReclaimable:     365300 kB
Slab:             307332 kB
SReclaimable:      82128 kB
SUnreclaim:       225204 kB
KernelStack:       48336 kB
ShadowCallStack:   12104 kB
PageTables:        76536 kB
NFS_Unstable:          0 kB
Bounce:                0 kB
WritebackTmp:          0 kB
CommitLimit:     8677876 kB
Committed_AS:   73494300 kB
VmallocTotal:   263061440 kB
VmallocUsed:      131224 kB
VmallocChunk:          0 kB
Percpu:             2520 kB
CmaTotal:         405504 kB
CmaFree:               0 kB
MemTotal:        7918588 kB
MemFree:          150344 kB
MemAvailable:    1831012 kB
Buffers:           30596 kB
Cached:          1712856 kB
SwapCached:            0 kB
Active:          5396276 kB
Inactive:         117212 kB
Active(anon):    3760356 kB
Inactive(anon):    44260 kB
Active(file):    1635920 kB
Inactive(file):    72952 kB
Unevictable:        6196 kB
Mlocked:            5756 kB
SwapTotal:       4718584 kB
SwapFree:        4718584 kB
Dirty:               124 kB
Writeback:             0 kB
AnonPages:       3776220 kB
Mapped:          1064708 kB
Shmem:             30036 kB
KReclaimable:     362020 kB
Slab:             306048 kB
SReclaimable:      80896 kB
SUnreclaim:       225152 kB
KernelStack:       48320 kB
ShadowCallStack:   12112 kB
PageTables:        76564 kB
NFS_Unstable:          0 kB
Bounce:                0 kB
WritebackTmp:          0 kB
CommitLimit:     8677876 kB
Committed_AS:   73576220 kB
VmallocTotal:   263061440 kB
VmallocUsed:      131220 kB
VmallocChunk:          0 kB
Percpu:             2520 kB
CmaTotal:         405504 kB
CmaFree:               0 kB
MemTotal:        7918588 kB
MemFree:          155304 kB
MemAvailable:    1824920 kB
Buffers:           30568 kB
Cached:          1703072 kB
SwapCached:            0 kB
Active:          5401336 kB
Inactive:         107316 kB
Active(anon):    3765416 kB
Inactive(anon):    44260 kB
Active(file):    1635920 kB
Inactive(file):    63056 kB
Unevictable:        6196 kB
Mlocked:            5756 kB
SwapTotal:       4718584 kB
SwapFree:        4718584 kB
Dirty:               124 kB
Writeback:             0 kB
AnonPages:       3781076 kB
Mapped:          1064772 kB
Shmem:             30036 kB
KReclaimable:     360864 kB
Slab:             305900 kB
SReclaimable:      80764 kB
SUnreclaim:       225136 kB
KernelStack:       48336 kB
ShadowCallStack:   12096 kB
PageTables:        76616 kB
NFS_Unstable:          0 kB
Bounce:                0 kB
WritebackTmp:          0 kB
CommitLimit:     8677876 kB
Committed_AS:   73592604 kB
VmallocTotal:   263061440 kB
VmallocUsed:      131224 kB
VmallocChunk:          0 kB
Percpu:             2520 kB
CmaTotal:         405504 kB
CmaFree:               0 kB
MemTotal:        7918588 kB
MemFree:          154256 kB
MemAvailable:    1823872 kB
Buffers:           30568 kB
Cached:          1703072 kB
SwapCached:            0 kB
Active:          5401860 kB
Inactive:         107316 kB
Active(anon):    3765940 kB
Inactive(anon):    44260 kB
Active(file):    1635920 kB
Inactive(file):    63056 kB
Unevictable:        6196 kB
Mlocked:            5756 kB
SwapTotal:       4718584 kB
SwapFree:        4718584 kB
Dirty:               124 kB
Writeback:             0 kB
AnonPages:       3781964 kB
Mapped:          1064780 kB
Shmem:             30036 kB
KReclaimable:     360864 kB
Slab:             306004 kB
SReclaimable:      80764 kB
SUnreclaim:       225240 kB
KernelStack:       48304 kB
ShadowCallStack:   12104 kB
PageTables:        76556 kB
NFS_Unstable:          0 kB
Bounce:                0 kB
WritebackTmp:          0 kB
CommitLimit:     8677876 kB
Committed_AS:   73592604 kB
VmallocTotal:   263061440 kB
VmallocUsed:      131224 kB
VmallocChunk:          0 kB
Percpu:             2520 kB
CmaTotal:         405504 kB
CmaFree:               0 kB
MemTotal:        7918588 kB
MemFree:          145048 kB
MemAvailable:    1781728 kB
Buffers:           19452 kB
Cached:          1684552 kB
SwapCached:            0 kB
Active:          5443612 kB
Inactive:          77680 kB
Active(anon):    3807692 kB
Inactive(anon):    44260 kB
Active(file):    1635920 kB
Inactive(file):    33420 kB
Unevictable:        6196 kB
Mlocked:            5756 kB
SwapTotal:       4718584 kB
SwapFree:        4718584 kB
Dirty:                48 kB
Writeback:             0 kB
AnonPages:       3823632 kB
Mapped:          1065160 kB
Shmem:             30036 kB
KReclaimable:     357564 kB
Slab:             304752 kB
SReclaimable:      79512 kB
SUnreclaim:       225240 kB
KernelStack:       48336 kB
ShadowCallStack:   12108 kB
PageTables:        76900 kB
NFS_Unstable:          0 kB
Bounce:                0 kB
WritebackTmp:          0 kB
CommitLimit:     8677876 kB
Committed_AS:   73690904 kB
VmallocTotal:   263061440 kB
VmallocUsed:      131192 kB
VmallocChunk:          0 kB
Percpu:             2520 kB
CmaTotal:         405504 kB
CmaFree:               0 kB
MemTotal:        7918588 kB
MemFree:          146576 kB
MemAvailable:    1781620 kB
Buffers:           18012 kB
Cached:          1684456 kB
SwapCached:            0 kB
Active:          5443184 kB
Inactive:          76140 kB
Active(anon):    3807264 kB
Inactive(anon):    44256 kB
Active(file):    1635920 kB
Inactive(file):    31884 kB
Unevictable:        6196 kB
Mlocked:            5756 kB
SwapTotal:       4718584 kB
SwapFree:        4718584 kB
Dirty:                16 kB
Writeback:             0 kB
AnonPages:       3823012 kB
Mapped:          1065148 kB
Shmem:             30036 kB
KReclaimable:     357464 kB
Slab:             304716 kB
SReclaimable:      79412 kB
SUnreclaim:       225304 kB
KernelStack:       48336 kB
ShadowCallStack:   12108 kB
PageTables:        76840 kB
NFS_Unstable:          0 kB
Bounce:                0 kB
WritebackTmp:          0 kB
CommitLimit:     8677876 kB
Committed_AS:   73690904 kB
VmallocTotal:   263061440 kB
VmallocUsed:      131192 kB
VmallocChunk:          0 kB
Percpu:             2520 kB
CmaTotal:         405504 kB
CmaFree:               0 kB
MemTotal:        7918588 kB
MemFree:          144428 kB
MemAvailable:    1766156 kB
Buffers:            8716 kB
Cached:          1681856 kB
SwapCached:            0 kB
Active:          5458580 kB
Inactive:          64204 kB
Active(anon):    3822660 kB
Inactive(anon):    44256 kB
Active(file):    1635920 kB
Inactive(file):    19948 kB
Unevictable:        6196 kB
Mlocked:            5756 kB
SwapTotal:       4718584 kB
SwapFree:        4718584 kB
Dirty:                16 kB
Writeback:             0 kB
AnonPages:       3838484 kB
Mapped:          1065404 kB
Shmem:             30036 kB
KReclaimable:     356084 kB
Slab:             304176 kB
SReclaimable:      78928 kB
SUnreclaim:       225248 kB
KernelStack:       48352 kB
ShadowCallStack:   12104 kB
PageTables:        77196 kB
NFS_Unstable:          0 kB
Bounce:                0 kB
WritebackTmp:          0 kB
CommitLimit:     8677876 kB
Committed_AS:   73723676 kB
VmallocTotal:   263061440 kB
VmallocUsed:      131208 kB
VmallocChunk:          0 kB
Percpu:             2520 kB
CmaTotal:         405504 kB
CmaFree:               0 kB
MemTotal:        7918588 kB
MemFree:          160728 kB
MemAvailable:    1759324 kB
Buffers:            6124 kB
Cached:          1665892 kB
SwapCached:            0 kB
Active:          5484048 kB
Inactive:          22320 kB
Active(anon):    3848128 kB
Inactive(anon):    20320 kB
Active(file):    1635920 kB
Inactive(file):     2000 kB
Unevictable:        6196 kB
Mlocked:            5756 kB
SwapTotal:       4718584 kB
SwapFree:        4693496 kB
Dirty:               148 kB
Writeback:             4 kB
AnonPages:       3840676 kB
