MemTotal:        7918588 kB
MemFree:         3215060 kB
MemAvailable:    4730892 kB
Buffers:            4260 kB
Cached:          1389800 kB
SwapCached:        26956 kB
Active:          1296156 kB
Inactive:         819612 kB
Active(anon):     626188 kB
Inactive(anon):   113264 kB
Active(file):     669968 kB
Inactive(file):   706348 kB
Unevictable:        6348 kB
Mlocked:            5908 kB
SwapTotal:       4718584 kB
SwapFree:        3954832 kB
Dirty:            181540 kB
Writeback:             0 kB
AnonPages:        722828 kB
Mapped:           484704 kB
Shmem:             13108 kB
KReclaimable:     603468 kB
Slab:             322960 kB
SReclaimable:      94164 kB
SUnreclaim:       228796 kB
KernelStack:       49440 kB
ShadowCallStack:   12408 kB
PageTables:        63244 kB
NFS_Unstable:          0 kB
Bounce:                0 kB
WritebackTmp:          0 kB
CommitLimit:     8677876 kB
Committed_AS:   66155712 kB
VmallocTotal:   263061440 kB
VmallocUsed:      132556 kB
VmallocChunk:          0 kB
Percpu:             2448 kB
CmaTotal:         405504 kB
CmaFree:          276676 kB
MemTotal:        7918588 kB
MemFree:         3224992 kB
MemAvailable:    5034844 kB
Buffers:            4304 kB
Cached:          1404224 kB
SwapCached:        27360 kB
Active:          1285156 kB
Inactive:         820232 kB
Active(anon):     601940 kB
Inactive(anon):   113236 kB
Active(file):     683216 kB
Inactive(file):   706996 kB
Unevictable:        6348 kB
Mlocked:            5908 kB
SwapTotal:       4718584 kB
SwapFree:        3956112 kB
Dirty:            181368 kB
Writeback:             0 kB
AnonPages:        697824 kB
Mapped:           517796 kB
Shmem:             13700 kB
KReclaimable:     883592 kB
Slab:             323104 kB
SReclaimable:      94248 kB
SUnreclaim:       228856 kB
KernelStack:       49776 kB
ShadowCallStack:   12484 kB
PageTables:        63520 kB
NFS_Unstable:          0 kB
Bounce:                0 kB
WritebackTmp:          0 kB
CommitLimit:     8677876 kB
Committed_AS:   66200928 kB
VmallocTotal:   263061440 kB
VmallocUsed:      132980 kB
VmallocChunk:          0 kB
Percpu:             2448 kB
CmaTotal:         405504 kB
CmaFree:          276676 kB
MemTotal:        7918588 kB
MemFree:         3202104 kB
MemAvailable:    4838464 kB
Buffers:            4312 kB
Cached:          1404800 kB
SwapCached:        27392 kB
Active:          1308212 kB
Inactive:         820244 kB
Active(anon):     624468 kB
Inactive(anon):   113220 kB
Active(file):     683744 kB
Inactive(file):   707024 kB
Unevictable:        6348 kB
Mlocked:            5908 kB
SwapTotal:       4718584 kB
SwapFree:        3956112 kB
Dirty:            181372 kB
Writeback:             0 kB
AnonPages:        720280 kB
Mapped:           538172 kB
Shmem:             13728 kB
KReclaimable:     709544 kB
Slab:             323448 kB
SReclaimable:      94248 kB
SUnreclaim:       229200 kB
KernelStack:       49664 kB
ShadowCallStack:   12452 kB
PageTables:        63792 kB
NFS_Unstable:          0 kB
Bounce:                0 kB
WritebackTmp:          0 kB
CommitLimit:     8677876 kB
Committed_AS:   66224044 kB
VmallocTotal:   263061440 kB
VmallocUsed:      132844 kB
VmallocChunk:          0 kB
Percpu:             2448 kB
CmaTotal:         405504 kB
CmaFree:          276752 kB
MemTotal:        7918588 kB
MemFree:         3198896 kB
MemAvailable:    4834656 kB
Buffers:            4328 kB
Cached:          1404952 kB
SwapCached:        27392 kB
Active:          1311504 kB
Inactive:         820260 kB
Active(anon):     627608 kB
Inactive(anon):   113220 kB
Active(file):     683896 kB
Inactive(file):   707040 kB
Unevictable:        6348 kB
Mlocked:            5908 kB
SwapTotal:       4718584 kB
SwapFree:        3956112 kB
Dirty:            181400 kB
Writeback:             0 kB
AnonPages:        723372 kB
Mapped:           538784 kB
Shmem:             13728 kB
KReclaimable:     708776 kB
Slab:             323616 kB
SReclaimable:      94248 kB
SUnreclaim:       229368 kB
KernelStack:       49648 kB
ShadowCallStack:   12448 kB
PageTables:        63920 kB
NFS_Unstable:          0 kB
Bounce:                0 kB
WritebackTmp:          0 kB
CommitLimit:     8677876 kB
Committed_AS:   66224048 kB
VmallocTotal:   263061440 kB
VmallocUsed:      132844 kB
VmallocChunk:          0 kB
Percpu:             2448 kB
CmaTotal:         405504 kB
CmaFree:          276752 kB
MemTotal:        7918588 kB
MemFree:         3190932 kB
MemAvailable:    4826772 kB
Buffers:            4328 kB
Cached:          1405064 kB
SwapCached:        27560 kB
Active:          1325708 kB
Inactive:         820144 kB
Active(anon):     641772 kB
Inactive(anon):   113096 kB
Active(file):     683936 kB
Inactive(file):   707048 kB
Unevictable:        6348 kB
Mlocked:            5908 kB
SwapTotal:       4718584 kB
SwapFree:        3971216 kB
Dirty:            181408 kB
Writeback:             0 kB
AnonPages:        737064 kB
Mapped:           539976 kB
Shmem:             13820 kB
KReclaimable:     708808 kB
Slab:             323552 kB
SReclaimable:      94280 kB
SUnreclaim:       229272 kB
KernelStack:       49616 kB
ShadowCallStack:   12436 kB
PageTables:        63788 kB
NFS_Unstable:          0 kB
Bounce:                0 kB
WritebackTmp:          0 kB
CommitLimit:     8677876 kB
Committed_AS:   66224012 kB
VmallocTotal:   263061440 kB
VmallocUsed:      132828 kB
VmallocChunk:          0 kB
Percpu:             2448 kB
CmaTotal:         405504 kB
CmaFree:          277840 kB
MemTotal:        7918588 kB
MemFree:         3194772 kB
MemAvailable:    4850768 kB
Buffers:            4328 kB
Cached:          1405148 kB
SwapCached:        27568 kB
Active:          1320588 kB
Inactive:         820148 kB
Active(anon):     636652 kB
Inactive(anon):   113100 kB
Active(file):     683936 kB
Inactive(file):   707048 kB
Unevictable:        6348 kB
Mlocked:            5908 kB
SwapTotal:       4718584 kB
SwapFree:        3971472 kB
Dirty:            181408 kB
Writeback:             0 kB
AnonPages:        732104 kB
Mapped:           540184 kB
Shmem:             13876 kB
KReclaimable:     728964 kB
Slab:             323560 kB
SReclaimable:      94280 kB
SUnreclaim:       229280 kB
KernelStack:       49456 kB
ShadowCallStack:   12408 kB
PageTables:        63784 kB
NFS_Unstable:          0 kB
Bounce:                0 kB
WritebackTmp:          0 kB
CommitLimit:     8677876 kB
Committed_AS:   66223524 kB
VmallocTotal:   263061440 kB
VmallocUsed:      132332 kB
VmallocChunk:          0 kB
Percpu:             2448 kB
CmaTotal:         405504 kB
CmaFree:          277776 kB
MemTotal:        7918588 kB
MemFree:         3174752 kB
MemAvailable:    4830764 kB
Buffers:            4328 kB
Cached:          1405168 kB
SwapCached:        27596 kB
Active:          1341968 kB
Inactive:         820160 kB
Active(anon):     658032 kB
Inactive(anon):   113096 kB
Active(file):     683936 kB
Inactive(file):   707064 kB
Unevictable:        6348 kB
Mlocked:            5908 kB
SwapTotal:       4718584 kB
SwapFree:        3971728 kB
Dirty:             19112 kB
Writeback:             0 kB
AnonPages:        753544 kB
Mapped:           541828 kB
Shmem:             13880 kB
KReclaimable:     728964 kB
Slab:             323536 kB
SReclaimable:      94280 kB
SUnreclaim:       229256 kB
KernelStack:       49440 kB
ShadowCallStack:   12412 kB
PageTables:        63764 kB
NFS_Unstable:          0 kB
Bounce:                0 kB
WritebackTmp:          0 kB
CommitLimit:     8677876 kB
Committed_AS:   66243720 kB
VmallocTotal:   263061440 kB
VmallocUsed:      132384 kB
VmallocChunk:          0 kB
Percpu:             2448 kB
CmaTotal:         405504 kB
CmaFree:          277776 kB
MemTotal:        7918588 kB
MemFree:         3022416 kB
MemAvailable:    4646536 kB
Buffers:            4332 kB
Cached:          1406028 kB
SwapCached:        27596 kB
Active:          1494120 kB
Inactive:         820164 kB
Active(anon):     809324 kB
Inactive(anon):   113096 kB
Active(file):     684796 kB
Inactive(file):   707068 kB
Unevictable:        6348 kB
Mlocked:            5908 kB
SwapTotal:       4718584 kB
SwapFree:        3971728 kB
Dirty:             18916 kB
Writeback:             0 kB
AnonPages:        904756 kB
Mapped:           587940 kB
Shmem:             13880 kB
KReclaimable:     696208 kB
Slab:             323796 kB
SReclaimable:      94296 kB
SUnreclaim:       229500 kB
KernelStack:       49456 kB
ShadowCallStack:   12404 kB
PageTables:        64228 kB
NFS_Unstable:          0 kB
Bounce:                0 kB
WritebackTmp:          0 kB
CommitLimit:     8677876 kB
Committed_AS:   66508772 kB
VmallocTotal:   263061440 kB
VmallocUsed:      132368 kB
VmallocChunk:          0 kB
Percpu:             2448 kB
CmaTotal:         405504 kB
CmaFree:          277776 kB
MemTotal:        7918588 kB
MemFree:         2964704 kB
MemAvailable:    4554020 kB
Buffers:            4344 kB
Cached:          1406060 kB
SwapCached:        27616 kB
Active:          1550496 kB
Inactive:         820196 kB
Active(anon):     865688 kB
Inactive(anon):   113096 kB
Active(file):     684808 kB
Inactive(file):   707100 kB
Unevictable:        6348 kB
Mlocked:            5908 kB
SwapTotal:       4718584 kB
SwapFree:        3971728 kB
Dirty:             18932 kB
Writeback:             0 kB
AnonPages:        961116 kB
Mapped:           627092 kB
Shmem:             13880 kB
KReclaimable:     661360 kB
Slab:             324104 kB
SReclaimable:      94296 kB
SUnreclaim:       229808 kB
KernelStack:       49504 kB
ShadowCallStack:   12420 kB
PageTables:        64692 kB
NFS_Unstable:          0 kB
Bounce:                0 kB
WritebackTmp:          0 kB
CommitLimit:     8677876 kB
Committed_AS:   66605632 kB
VmallocTotal:   263061440 kB
VmallocUsed:      132380 kB
VmallocChunk:          0 kB
Percpu:             2448 kB
CmaTotal:         405504 kB
CmaFree:          277776 kB
MemTotal:        7918588 kB
MemFree:         2770348 kB
MemAvailable:    4368496 kB
Buffers:            4372 kB
Cached:          1406088 kB
SwapCached:        27640 kB
Active:          1744216 kB
Inactive:         820244 kB
Active(anon):    1059408 kB
Inactive(anon):   113100 kB
Active(file):     684808 kB
Inactive(file):   707144 kB
Unevictable:        6348 kB
Mlocked:            5908 kB
SwapTotal:       4718584 kB
SwapFree:        3971984 kB
Dirty:             18936 kB
Writeback:             0 kB
AnonPages:       1154944 kB
Mapped:           615948 kB
Shmem:             13892 kB
KReclaimable:     670148 kB
Slab:             323916 kB
SReclaimable:      94312 kB
SUnreclaim:       229604 kB
KernelStack:       49472 kB
ShadowCallStack:   12424 kB
PageTables:        65156 kB
NFS_Unstable:          0 kB
Bounce:                0 kB
WritebackTmp:          0 kB
CommitLimit:     8677876 kB
Committed_AS:   67058404 kB
VmallocTotal:   263061440 kB
VmallocUsed:      132412 kB
VmallocChunk:          0 kB
Percpu:             2448 kB
CmaTotal:         405504 kB
CmaFree:          277776 kB
MemTotal:        7918588 kB
MemFree:         2467096 kB
MemAvailable:    4040560 kB
Buffers:            4372 kB
Cached:          1406092 kB
SwapCached:        27640 kB
Active:          2047308 kB
Inactive:         820244 kB
Active(anon):    1362500 kB
Inactive(anon):   113096 kB
Active(file):     684808 kB
Inactive(file):   707148 kB
Unevictable:        6348 kB
Mlocked:            5908 kB
SwapTotal:       4718584 kB
SwapFree:        3971984 kB
Dirty:             18936 kB
Writeback:             0 kB
AnonPages:       1457944 kB
Mapped:           615916 kB
Shmem:             13892 kB
KReclaimable:     645460 kB
Slab:             323956 kB
SReclaimable:      94328 kB
SUnreclaim:       229628 kB
KernelStack:       49504 kB
ShadowCallStack:   12416 kB
PageTables:        65884 kB
NFS_Unstable:          0 kB
Bounce:                0 kB
WritebackTmp:          0 kB
CommitLimit:     8677876 kB
Committed_AS:   67451720 kB
VmallocTotal:   263061440 kB
VmallocUsed:      132420 kB
VmallocChunk:          0 kB
Percpu:             2448 kB
CmaTotal:         405504 kB
CmaFree:          277776 kB
MemTotal:        7918588 kB
MemFree:         2753576 kB
MemAvailable:    4337516 kB
Buffers:            4372 kB
Cached:          1425052 kB
SwapCached:        27652 kB
Active:          1755708 kB
Inactive:         820308 kB
Active(anon):    1052004 kB
Inactive(anon):   113096 kB
Active(file):     703704 kB
Inactive(file):   707212 kB
Unevictable:        6348 kB
Mlocked:            5908 kB
SwapTotal:       4718584 kB
SwapFree:        3972496 kB
Dirty:             17828 kB
Writeback:             0 kB
AnonPages:       1138656 kB
Mapped:           638168 kB
Shmem:             13892 kB
KReclaimable:     636976 kB
Slab:             324252 kB
SReclaimable:      94348 kB
SUnreclaim:       229904 kB
KernelStack:       49536 kB
ShadowCallStack:   12432 kB
PageTables:        66196 kB
NFS_Unstable:          0 kB
Bounce:                0 kB
WritebackTmp:          0 kB
CommitLimit:     8677876 kB
Committed_AS:   67573692 kB
VmallocTotal:   263061440 kB
VmallocUsed:      132448 kB
VmallocChunk:          0 kB
Percpu:             2448 kB
CmaTotal:         405504 kB
CmaFree:          277776 kB
MemTotal:        7918588 kB
MemFree:         2659624 kB
MemAvailable:    4235292 kB
Buffers:            4372 kB
Cached:          1425056 kB
SwapCached:        27652 kB
Active:          1853412 kB
Inactive:         820312 kB
Active(anon):    1149708 kB
Inactive(anon):   113100 kB
Active(file):     703704 kB
Inactive(file):   707212 kB
Unevictable:        6348 kB
Mlocked:            5908 kB
SwapTotal:       4718584 kB
SwapFree:        3972496 kB
Dirty:             17828 kB
Writeback:             0 kB
AnonPages:       1245140 kB
Mapped:           646700 kB
Shmem:             13896 kB
KReclaimable:     628704 kB
Slab:             324300 kB
SReclaimable:      94364 kB
SUnreclaim:       229936 kB
KernelStack:       49168 kB
ShadowCallStack:   12324 kB
PageTables:        65756 kB
NFS_Unstable:          0 kB
Bounce:                0 kB
WritebackTmp:          0 kB
CommitLimit:     8677876 kB
Committed_AS:   67147532 kB
VmallocTotal:   263061440 kB
VmallocUsed:      131972 kB
VmallocChunk:          0 kB
Percpu:             2448 kB
CmaTotal:         405504 kB
CmaFree:          277776 kB
MemTotal:        7918588 kB
MemFree:         2330396 kB
MemAvailable:    3901852 kB
Buffers:            4372 kB
Cached:          1425056 kB
SwapCached:        27652 kB
Active:          2182728 kB
Inactive:         820312 kB
Active(anon):    1479024 kB
Inactive(anon):   113100 kB
Active(file):     703704 kB
Inactive(file):   707212 kB
Unevictable:        6348 kB
Mlocked:            5908 kB
SwapTotal:       4718584 kB
SwapFree:        3972496 kB
Dirty:             17828 kB
Writeback:             0 kB
AnonPages:       1574460 kB
Mapped:           648460 kB
Shmem:             13896 kB
KReclaimable:     624492 kB
Slab:             324316 kB
SReclaimable:      94364 kB
SUnreclaim:       229952 kB
KernelStack:       49088 kB
ShadowCallStack:   12316 kB
PageTables:        66228 kB
NFS_Unstable:          0 kB
Bounce:                0 kB
WritebackTmp:          0 kB
CommitLimit:     8677876 kB
Committed_AS:   67557236 kB
VmallocTotal:   263061440 kB
VmallocUsed:      131948 kB
VmallocChunk:          0 kB
Percpu:             2448 kB
CmaTotal:         405504 kB
CmaFree:          277776 kB
MemTotal:        7918588 kB
MemFree:         2859116 kB
MemAvailable:    4430444 kB
Buffers:            4384 kB
Cached:          1425072 kB
SwapCached:        27652 kB
Active:          1651460 kB
Inactive:         820328 kB
Active(anon):     947756 kB
Inactive(anon):   113092 kB
Active(file):     703704 kB
Inactive(file):   707236 kB
Unevictable:        6348 kB
Mlocked:            5908 kB
SwapTotal:       4718584 kB
SwapFree:        3972496 kB
Dirty:             17876 kB
Writeback:             0 kB
AnonPages:       1028524 kB
Mapped:           648572 kB
Shmem:             13900 kB
KReclaimable:     624340 kB
Slab:             324216 kB
SReclaimable:      94316 kB
SUnreclaim:       229900 kB
KernelStack:       49136 kB
ShadowCallStack:   12324 kB
PageTables:        66292 kB
NFS_Unstable:          0 kB
Bounce:                0 kB
WritebackTmp:          0 kB
CommitLimit:     8677876 kB
Committed_AS:   67647380 kB
VmallocTotal:   263061440 kB
VmallocUsed:      131964 kB
VmallocChunk:          0 kB
Percpu:             2448 kB
CmaTotal:         405504 kB
CmaFree:          277776 kB
MemTotal:        7918588 kB
MemFree:         2619312 kB
MemAvailable:    4190612 kB
Buffers:            4392 kB
Cached:          1425100 kB
SwapCached:        27652 kB
Active:          1894828 kB
Inactive:         820364 kB
Active(anon):    1191124 kB
Inactive(anon):   113100 kB
Active(file):     703704 kB
Inactive(file):   707264 kB
Unevictable:        6348 kB
Mlocked:            5908 kB
SwapTotal:       4718584 kB
SwapFree:        3972496 kB
Dirty:             17896 kB
Writeback:             0 kB
AnonPages:       1286580 kB
Mapped:           648904 kB
Shmem:             13908 kB
KReclaimable:     624284 kB
Slab:             324168 kB
SReclaimable:      94316 kB
SUnreclaim:       229852 kB
KernelStack:       49120 kB
ShadowCallStack:   12328 kB
PageTables:        65704 kB
NFS_Unstable:          0 kB
Bounce:                0 kB
WritebackTmp:          0 kB
CommitLimit:     8677876 kB
Committed_AS:   67229416 kB
VmallocTotal:   263061440 kB
VmallocUsed:      131944 kB
VmallocChunk:          0 kB
Percpu:             2448 kB
CmaTotal:         405504 kB
CmaFree:          277776 kB
MemTotal:        7918588 kB
MemFree:         2266368 kB
MemAvailable:    3838832 kB
Buffers:            4392 kB
Cached:          1426460 kB
SwapCached:        27660 kB
Active:          2246912 kB
Inactive:         820396 kB
Active(anon):    1541900 kB
Inactive(anon):   113096 kB
Active(file):     705012 kB
Inactive(file):   707300 kB
Unevictable:        6348 kB
Mlocked:            5908 kB
SwapTotal:       4718584 kB
SwapFree:        3972752 kB
Dirty:             17388 kB
Writeback:             0 kB
AnonPages:       1637312 kB
Mapped:           649504 kB
Shmem:             13916 kB
KReclaimable:     624104 kB
Slab:             324208 kB
SReclaimable:      94316 kB
SUnreclaim:       229892 kB
KernelStack:       49152 kB
ShadowCallStack:   12324 kB
PageTables:        66636 kB
NFS_Unstable:          0 kB
Bounce:                0 kB
WritebackTmp:          0 kB
CommitLimit:     8677876 kB
Committed_AS:   67623516 kB
VmallocTotal:   263061440 kB
VmallocUsed:      131920 kB
VmallocChunk:          0 kB
Percpu:             2448 kB
CmaTotal:         405504 kB
CmaFree:          277776 kB
MemTotal:        7918588 kB
MemFree:         2708392 kB
MemAvailable:    4280816 kB
Buffers:            4392 kB
Cached:          1426596 kB
SwapCached:        27660 kB
Active:          1806044 kB
Inactive:         820396 kB
Active(anon):    1100912 kB
Inactive(anon):   113096 kB
Active(file):     705132 kB
Inactive(file):   707300 kB
Unevictable:        6348 kB
Mlocked:            5908 kB
SwapTotal:       4718584 kB
SwapFree:        3972752 kB
Dirty:             17236 kB
Writeback:             0 kB
AnonPages:       1196232 kB
Mapped:           649844 kB
Shmem:             13940 kB
KReclaimable:     623944 kB
Slab:             324328 kB
SReclaimable:      94316 kB
SUnreclaim:       230012 kB
KernelStack:       49056 kB
ShadowCallStack:   12312 kB
PageTables:        65452 kB
NFS_Unstable:          0 kB
Bounce:                0 kB
WritebackTmp:          0 kB
CommitLimit:     8677876 kB
Committed_AS:   67295744 kB
VmallocTotal:   263061440 kB
VmallocUsed:      131924 kB
VmallocChunk:          0 kB
Percpu:             2448 kB
CmaTotal:         405504 kB
CmaFree:          277776 kB
MemTotal:        7918588 kB
MemFree:         2382528 kB
MemAvailable:    3954872 kB
Buffers:            4392 kB
Cached:          1426596 kB
SwapCached:        27660 kB
Active:          2130288 kB
Inactive:         820400 kB
Active(anon):    1425156 kB
Inactive(anon):   113100 kB
Active(file):     705132 kB
Inactive(file):   707300 kB
Unevictable:        6348 kB
Mlocked:            5908 kB
SwapTotal:       4718584 kB
SwapFree:        3972752 kB
Dirty:             17236 kB
Writeback:             0 kB
AnonPages:       1520548 kB
Mapped:           649940 kB
Shmem:             13940 kB
KReclaimable:     623864 kB
Slab:             324376 kB
SReclaimable:      94332 kB
SUnreclaim:       230044 kB
KernelStack:       49088 kB
ShadowCallStack:   12324 kB
PageTables:        66100 kB
NFS_Unstable:          0 kB
Bounce:                0 kB
WritebackTmp:          0 kB
CommitLimit:     8677876 kB
Committed_AS:   67418728 kB
VmallocTotal:   263061440 kB
VmallocUsed:      131944 kB
VmallocChunk:          0 kB
Percpu:             2448 kB
CmaTotal:         405504 kB
CmaFree:          277776 kB
MemTotal:        7918588 kB
MemFree:         2734560 kB
MemAvailable:    4306776 kB
Buffers:            4392 kB
Cached:          1426596 kB
SwapCached:        27660 kB
Active:          1777704 kB
Inactive:         820392 kB
Active(anon):    1072572 kB
Inactive(anon):   113092 kB
Active(file):     705132 kB
Inactive(file):   707300 kB
Unevictable:        6348 kB
Mlocked:            5908 kB
SwapTotal:       4718584 kB
SwapFree:        3972752 kB
Dirty:             17236 kB
Writeback:             0 kB
AnonPages:       1149868 kB
Mapped:           650072 kB
Shmem:             13940 kB
KReclaimable:     623736 kB
Slab:             324376 kB
SReclaimable:      94332 kB
SUnreclaim:       230044 kB
KernelStack:       49104 kB
ShadowCallStack:   12308 kB
PageTables:        66776 kB
NFS_Unstable:          0 kB
Bounce:                0 kB
WritebackTmp:          0 kB
CommitLimit:     8677876 kB
Committed_AS:   67697276 kB
VmallocTotal:   263061440 kB
VmallocUsed:      131924 kB
VmallocChunk:          0 kB
Percpu:             2448 kB
CmaTotal:         405504 kB
CmaFree:          277776 kB
MemTotal:        7918588 kB
MemFree:         2371460 kB
MemAvailable:    3824000 kB
Buffers:            4400 kB
Cached:          1426936 kB
SwapCached:        27664 kB
Active:          2141876 kB
Inactive:         820464 kB
Active(anon):    1436476 kB
Inactive(anon):   113100 kB
Active(file):     705400 kB
Inactive(file):   707364 kB
Unevictable:        6348 kB
Mlocked:            5908 kB
SwapTotal:       4718584 kB
SwapFree:        3972752 kB
Dirty:             17280 kB
Writeback:             0 kB
AnonPages:       1531788 kB
Mapped:           650624 kB
Shmem:             13956 kB
KReclaimable:     503728 kB
Slab:             324412 kB
SReclaimable:      94348 kB
SUnreclaim:       230064 kB
KernelStack:       49232 kB
ShadowCallStack:   12348 kB
PageTables:        66376 kB
NFS_Unstable:          0 kB
Bounce:                0 kB
WritebackTmp:          0 kB
CommitLimit:     8677876 kB
Committed_AS:   67451888 kB
VmallocTotal:   263061440 kB
VmallocUsed:      132080 kB
VmallocChunk:          0 kB
Percpu:             2448 kB
CmaTotal:         405504 kB
CmaFree:          277776 kB
MemTotal:        7918588 kB
MemFree:         2690124 kB
MemAvailable:    4140776 kB
Buffers:            4400 kB
Cached:          1427024 kB
SwapCached:        27664 kB
Active:          1822408 kB
Inactive:         820464 kB
Active(anon):    1117008 kB
Inactive(anon):   113092 kB
Active(file):     705400 kB
Inactive(file):   707372 kB
Unevictable:        6348 kB
Mlocked:            5908 kB
SwapTotal:       4718584 kB
SwapFree:        3972752 kB
Dirty:             17304 kB
Writeback:             0 kB
AnonPages:       1212120 kB
Mapped:           650752 kB
Shmem:             14036 kB
KReclaimable:     501832 kB
Slab:             324332 kB
SReclaimable:      94316 kB
SUnreclaim:       230016 kB
KernelStack:       49216 kB
ShadowCallStack:   12344 kB
PageTables:        66400 kB
NFS_Unstable:          0 kB
Bounce:                0 kB
WritebackTmp:          0 kB
CommitLimit:     8677876 kB
Committed_AS:   67296144 kB
VmallocTotal:   263061440 kB
VmallocUsed:      132112 kB
VmallocChunk:          0 kB
Percpu:             2448 kB
CmaTotal:         405504 kB
CmaFree:          277776 kB
MemTotal:        7918588 kB
MemFree:         2335848 kB
MemAvailable:    3907928 kB
Buffers:            4400 kB
Cached:          1426932 kB
SwapCached:        27664 kB
Active:          2176696 kB
Inactive:         820468 kB
Active(anon):    1471296 kB
Inactive(anon):   113096 kB
Active(file):     705400 kB
Inactive(file):   707372 kB
Unevictable:        6348 kB
Mlocked:            5908 kB
SwapTotal:       4718584 kB
SwapFree:        3972752 kB
Dirty:             17304 kB
Writeback:             0 kB
AnonPages:       1566660 kB
Mapped:           650216 kB
Shmem:             13944 kB
KReclaimable:     623260 kB
Slab:             324320 kB
SReclaimable:      94316 kB
SUnreclaim:       230004 kB
KernelStack:       49072 kB
ShadowCallStack:   12328 kB
PageTables:        66280 kB
NFS_Unstable:          0 kB
Bounce:                0 kB
WritebackTmp:          0 kB
CommitLimit:     8677876 kB
Committed_AS:   67492384 kB
VmallocTotal:   263061440 kB
VmallocUsed:      131884 kB
VmallocChunk:          0 kB
Percpu:             2448 kB
CmaTotal:         405504 kB
CmaFree:          277776 kB
MemTotal:        7918588 kB
MemFree:         2643476 kB
MemAvailable:    4214548 kB
Buffers:            4400 kB
Cached:          1426932 kB
SwapCached:        27664 kB
Active:          1870436 kB
Inactive:         820468 kB
Active(anon):    1165036 kB
Inactive(anon):   113096 kB
Active(file):     705400 kB
Inactive(file):   707372 kB
Unevictable:        6348 kB
Mlocked:            5908 kB
SwapTotal:       4718584 kB
SwapFree:        3972752 kB
Dirty:             17304 kB
Writeback:             0 kB
AnonPages:       1260536 kB
Mapped:           650460 kB
Shmem:             13944 kB
KReclaimable:     622504 kB
Slab:             324368 kB
SReclaimable:      94300 kB
SUnreclaim:       230068 kB
KernelStack:       49104 kB
ShadowCallStack:   12316 kB
PageTables:        66140 kB
NFS_Unstable:          0 kB
Bounce:                0 kB
WritebackTmp:          0 kB
CommitLimit:     8677876 kB
Committed_AS:   67344848 kB
VmallocTotal:   263061440 kB
VmallocUsed:      131916 kB
VmallocChunk:          0 kB
Percpu:             2448 kB
CmaTotal:         405504 kB
CmaFree:          277776 kB
MemTotal:        7918588 kB
MemFree:         2230104 kB
MemAvailable:    3801348 kB
Buffers:            4400 kB
Cached:          1426932 kB
SwapCached:        27664 kB
Active:          2282780 kB
Inactive:         820324 kB
Active(anon):    1577380 kB
Inactive(anon):   112952 kB
Active(file):     705400 kB
Inactive(file):   707372 kB
Unevictable:        6348 kB
Mlocked:            5908 kB
SwapTotal:       4718584 kB
SwapFree:        3972752 kB
Dirty:             17304 kB
Writeback:             0 kB
AnonPages:       1672780 kB
Mapped:           650548 kB
Shmem:             13944 kB
KReclaimable:     622424 kB
Slab:             324272 kB
SReclaimable:      94300 kB
SUnreclaim:       229972 kB
KernelStack:       49168 kB
ShadowCallStack:   12316 kB
PageTables:        66604 kB
NFS_Unstable:          0 kB
Bounce:                0 kB
WritebackTmp:          0 kB
CommitLimit:     8677876 kB
Committed_AS:   67803708 kB
VmallocTotal:   263061440 kB
VmallocUsed:      131924 kB
VmallocChunk:          0 kB
Percpu:             2448 kB
CmaTotal:         405504 kB
CmaFree:          277776 kB
MemTotal:        7918588 kB
MemFree:         2466852 kB
MemAvailable:    4037968 kB
Buffers:            4400 kB
Cached:          1426936 kB
SwapCached:        27664 kB
Active:          2047020 kB
Inactive:         819992 kB
Active(anon):    1341620 kB
Inactive(anon):   112620 kB
Active(file):     705400 kB
Inactive(file):   707372 kB
Unevictable:        6348 kB
Mlocked:            5908 kB
SwapTotal:       4718584 kB
SwapFree:        3972752 kB
Dirty:             17304 kB
Writeback:             0 kB
AnonPages:       1436492 kB
Mapped:           650600 kB
Shmem:             13948 kB
KReclaimable:     622296 kB
Slab:             324328 kB
SReclaimable:      94300 kB
SUnreclaim:       230028 kB
KernelStack:       49104 kB
ShadowCallStack:   12324 kB
PageTables:        65932 kB
NFS_Unstable:          0 kB
Bounce:                0 kB
WritebackTmp:          0 kB
CommitLimit:     8677876 kB
Committed_AS:   67394004 kB
VmallocTotal:   263061440 kB
VmallocUsed:      131924 kB
VmallocChunk:          0 kB
Percpu:             2448 kB
CmaTotal:         405504 kB
CmaFree:          277776 kB
MemTotal:        7918588 kB
MemFree:         2614804 kB
MemAvailable:    4185896 kB
Buffers:            4408 kB
Cached:          1426936 kB
SwapCached:        27664 kB
Active:          1896924 kB
Inactive:         820000 kB
Active(anon):    1191524 kB
Inactive(anon):   112620 kB
Active(file):     705400 kB
Inactive(file):   707380 kB
Unevictable:        6348 kB
Mlocked:            5908 kB
SwapTotal:       4718584 kB
SwapFree:        3972752 kB
Dirty:             17312 kB
Writeback:             0 kB
AnonPages:       1271624 kB
Mapped:           650536 kB
Shmem:             13948 kB
KReclaimable:     622264 kB
Slab:             324432 kB
SReclaimable:      94300 kB
SUnreclaim:       230132 kB
KernelStack:       49136 kB
ShadowCallStack:   12316 kB
PageTables:        67232 kB
NFS_Unstable:          0 kB
Bounce:                0 kB
WritebackTmp:          0 kB
CommitLimit:     8677876 kB
Committed_AS:   67844688 kB
VmallocTotal:   263061440 kB
VmallocUsed:      131920 kB
VmallocChunk:          0 kB
Percpu:             2448 kB
CmaTotal:         405504 kB
CmaFree:          277776 kB
MemTotal:        7918588 kB
MemFree:         2220944 kB
MemAvailable:    3792020 kB
Buffers:            4408 kB
Cached:          1426940 kB
SwapCached:        27664 kB
Active:          2291992 kB
Inactive:         820000 kB
Active(anon):    1586592 kB
Inactive(anon):   112620 kB
Active(file):     705400 kB
Inactive(file):   707380 kB
Unevictable:        6348 kB
Mlocked:            5908 kB
SwapTotal:       4718584 kB
SwapFree:        3972752 kB
Dirty:             17312 kB
Writeback:             0 kB
AnonPages:       1681628 kB
Mapped:           650756 kB
Shmem:             13952 kB
KReclaimable:     622248 kB
Slab:             324308 kB
SReclaimable:      94300 kB
SUnreclaim:       230008 kB
KernelStack:       49104 kB
ShadowCallStack:   12308 kB
PageTables:        66648 kB
NFS_Unstable:          0 kB
Bounce:                0 kB
WritebackTmp:          0 kB
CommitLimit:     8677876 kB
Committed_AS:   67607080 kB
VmallocTotal:   263061440 kB
VmallocUsed:      131908 kB
VmallocChunk:          0 kB
Percpu:             2448 kB
CmaTotal:         405504 kB
CmaFree:          277768 kB
MemTotal:        7918588 kB
MemFree:         2380652 kB
MemAvailable:    3951664 kB
Buffers:            4408 kB
Cached:          1426940 kB
SwapCached:        27664 kB
Active:          2133036 kB
Inactive:         819996 kB
Active(anon):    1427636 kB
Inactive(anon):   112616 kB
Active(file):     705400 kB
Inactive(file):   707380 kB
Unevictable:        6348 kB
Mlocked:            5908 kB
SwapTotal:       4718584 kB
SwapFree:        3972752 kB
Dirty:             17316 kB
Writeback:             0 kB
AnonPages:       1522452 kB
Mapped:           650772 kB
Shmem:             13952 kB
KReclaimable:     622184 kB
Slab:             324356 kB
SReclaimable:      94300 kB
SUnreclaim:       230056 kB
KernelStack:       49104 kB
ShadowCallStack:   12324 kB
PageTables:        66436 kB
NFS_Unstable:          0 kB
Bounce:                0 kB
WritebackTmp:          0 kB
CommitLimit:     8677876 kB
Committed_AS:   67623464 kB
VmallocTotal:   263061440 kB
VmallocUsed:      131924 kB
VmallocChunk:          0 kB
Percpu:             2448 kB
CmaTotal:         405504 kB
CmaFree:          277776 kB
MemTotal:        7918588 kB
MemFree:         2479496 kB
MemAvailable:    4050468 kB
Buffers:            4408 kB
Cached:          1426940 kB
SwapCached:        27664 kB
Active:          2034288 kB
Inactive:         820000 kB
Active(anon):    1328888 kB
Inactive(anon):   112620 kB
Active(file):     705400 kB
Inactive(file):   707380 kB
Unevictable:        6348 kB
Mlocked:            5908 kB
SwapTotal:       4718584 kB
SwapFree:        3972752 kB
Dirty:             17316 kB
Writeback:             0 kB
AnonPages:       1423736 kB
Mapped:           650932 kB
Shmem:             13952 kB
KReclaimable:     622144 kB
Slab:             324244 kB
SReclaimable:      94332 kB
SUnreclaim:       229912 kB
KernelStack:       49056 kB
ShadowCallStack:   12308 kB
PageTables:        66236 kB
NFS_Unstable:          0 kB
Bounce:                0 kB
WritebackTmp:          0 kB
CommitLimit:     8677876 kB
Committed_AS:   67459544 kB
VmallocTotal:   263061440 kB
VmallocUsed:      131908 kB
VmallocChunk:          0 kB
Percpu:             2448 kB
CmaTotal:         405504 kB
CmaFree:          277776 kB
MemTotal:        7918588 kB
MemFree:         2591296 kB
MemAvailable:    4162460 kB
Buffers:            4416 kB
Cached:          1427112 kB
SwapCached:        27664 kB
Active:          1922176 kB
Inactive:         820004 kB
Active(anon):    1216608 kB
Inactive(anon):   112616 kB
Active(file):     705568 kB
Inactive(file):   707388 kB
Unevictable:        6348 kB
Mlocked:            5908 kB
SwapTotal:       4718584 kB
SwapFree:        3972752 kB
Dirty:             17316 kB
Writeback:             0 kB
AnonPages:       1311484 kB
Mapped:           651472 kB
Shmem:             13956 kB
KReclaimable:     622160 kB
Slab:             324280 kB
SReclaimable:      94348 kB
SUnreclaim:       229932 kB
KernelStack:       49056 kB
ShadowCallStack:   12308 kB
PageTables:        66192 kB
NFS_Unstable:          0 kB
Bounce:                0 kB
WritebackTmp:          0 kB
CommitLimit:     8677876 kB
Committed_AS:   67475932 kB
VmallocTotal:   263061440 kB
VmallocUsed:      131868 kB
VmallocChunk:          0 kB
Percpu:             2448 kB
CmaTotal:         405504 kB
CmaFree:          277776 kB
MemTotal:        7918588 kB
MemFree:         2265024 kB
MemAvailable:    3836140 kB
Buffers:            4424 kB
Cached:          1427120 kB
SwapCached:        27664 kB
Active:          2247488 kB
Inactive:         820020 kB
Active(anon):    1541920 kB
Inactive(anon):   112616 kB
Active(file):     705568 kB
Inactive(file):   707404 kB
Unevictable:        6348 kB
Mlocked:            5908 kB
SwapTotal:       4718584 kB
SwapFree:        3972752 kB
Dirty:             17260 kB
Writeback:             0 kB
AnonPages:       1608744 kB
Mapped:           651424 kB
Shmem:             13956 kB
KReclaimable:     622096 kB
Slab:             324332 kB
SReclaimable:      94364 kB
SUnreclaim:       229968 kB
KernelStack:       48896 kB
ShadowCallStack:   12272 kB
PageTables:        66712 kB
NFS_Unstable:          0 kB
Bounce:                0 kB
WritebackTmp:          0 kB
CommitLimit:     8677876 kB
Committed_AS:   67950756 kB
VmallocTotal:   263061440 kB
VmallocUsed:      131696 kB
VmallocChunk:          0 kB
Percpu:             2448 kB
CmaTotal:         405504 kB
CmaFree:          277776 kB
MemTotal:        7918588 kB
MemFree:         2075696 kB
MemAvailable:    3646704 kB
Buffers:            4428 kB
Cached:          1427128 kB
SwapCached:        27664 kB
Active:          2437948 kB
Inactive:         820036 kB
Active(anon):    1732380 kB
Inactive(anon):   112620 kB
Active(file):     705568 kB
Inactive(file):   707416 kB
Unevictable:        6348 kB
Mlocked:            5908 kB
SwapTotal:       4718584 kB
SwapFree:        3972752 kB
Dirty:               236 kB
Writeback:             0 kB
AnonPages:       1827396 kB
Mapped:           651460 kB
Shmem:             13956 kB
KReclaimable:     621976 kB
Slab:             324348 kB
SReclaimable:      94316 kB
SUnreclaim:       230032 kB
KernelStack:       48912 kB
ShadowCallStack:   12268 kB
PageTables:        67000 kB
NFS_Unstable:          0 kB
Bounce:                0 kB
WritebackTmp:          0 kB
CommitLimit:     8677876 kB
Committed_AS:   67966932 kB
VmallocTotal:   263061440 kB
VmallocUsed:      131640 kB
VmallocChunk:          0 kB
Percpu:             2448 kB
CmaTotal:         405504 kB
CmaFree:          277780 kB
MemTotal:        7918588 kB
MemFree:         2071516 kB
MemAvailable:    3642508 kB
Buffers:            4428 kB
Cached:          1427128 kB
SwapCached:        27664 kB
Active:          2442000 kB
Inactive:         820000 kB
Active(anon):    1736432 kB
Inactive(anon):   112584 kB
Active(file):     705568 kB
Inactive(file):   707416 kB
Unevictable:        6348 kB
Mlocked:            5908 kB
SwapTotal:       4718584 kB
SwapFree:        3972752 kB
Dirty:               300 kB
Writeback:             0 kB
AnonPages:       1831412 kB
Mapped:           651876 kB
Shmem:             13956 kB
KReclaimable:     621960 kB
Slab:             324300 kB
SReclaimable:      94316 kB
SUnreclaim:       229984 kB
KernelStack:       48816 kB
ShadowCallStack:   12252 kB
PageTables:        66872 kB
NFS_Unstable:          0 kB
Bounce:                0 kB
WritebackTmp:          0 kB
CommitLimit:     8677876 kB
Committed_AS:   67983164 kB
VmallocTotal:   263061440 kB
VmallocUsed:      131548 kB
VmallocChunk:          0 kB
Percpu:             2448 kB
CmaTotal:         405504 kB
CmaFree:          277780 kB
MemTotal:        7918588 kB
MemFree:         2080888 kB
MemAvailable:    3651832 kB
Buffers:            4428 kB
Cached:          1427128 kB
SwapCached:        27664 kB
Active:          2432720 kB
Inactive:         819992 kB
Active(anon):    1727152 kB
Inactive(anon):   112576 kB
Active(file):     705568 kB
Inactive(file):   707416 kB
Unevictable:        6348 kB
Mlocked:            5908 kB
SwapTotal:       4718584 kB
SwapFree:        3972752 kB
Dirty:               300 kB
Writeback:             0 kB
AnonPages:       1821944 kB
Mapped:           651660 kB
Shmem:             13956 kB
KReclaimable:     621912 kB
Slab:             324188 kB
SReclaimable:      94316 kB
SUnreclaim:       229872 kB
KernelStack:       48800 kB
ShadowCallStack:   12244 kB
PageTables:        67160 kB
NFS_Unstable:          0 kB
Bounce:                0 kB
WritebackTmp:          0 kB
CommitLimit:     8677876 kB
Committed_AS:   68007756 kB
VmallocTotal:   263061440 kB
VmallocUsed:      131548 kB
VmallocChunk:          0 kB
Percpu:             2448 kB
CmaTotal:         405504 kB
CmaFree:          277776 kB
MemTotal:        7918588 kB
MemFree:         2516236 kB
MemAvailable:    4087060 kB
Buffers:            4428 kB
Cached:          1427136 kB
SwapCached:        27664 kB
Active:          1996440 kB
Inactive:         820000 kB
Active(anon):    1290872 kB
Inactive(anon):   112576 kB
Active(file):     705568 kB
Inactive(file):   707424 kB
Unevictable:        6348 kB
Mlocked:            5908 kB
SwapTotal:       4718584 kB
SwapFree:        3972752 kB
Dirty:               300 kB
Writeback:             0 kB
AnonPages:       1385400 kB
Mapped:           652020 kB
Shmem:             13956 kB
KReclaimable:     621784 kB
Slab:             324200 kB
SReclaimable:      94300 kB
SUnreclaim:       229900 kB
KernelStack:       48784 kB
ShadowCallStack:   12232 kB
PageTables:        66328 kB
NFS_Unstable:          0 kB
Bounce:                0 kB
WritebackTmp:          0 kB
CommitLimit:     8677876 kB
Committed_AS:   67589840 kB
VmallocTotal:   263061440 kB
VmallocUsed:      131556 kB
VmallocChunk:          0 kB
Percpu:             2448 kB
CmaTotal:         405504 kB
CmaFree:          277776 kB
MemTotal:        7918588 kB
MemFree:         2436380 kB
MemAvailable:    4007092 kB
Buffers:            4436 kB
Cached:          1427164 kB
SwapCached:        27664 kB
Active:          2076336 kB
Inactive:         820016 kB
Active(anon):    1370768 kB
Inactive(anon):   112560 kB
Active(file):     705568 kB
Inactive(file):   707456 kB
Unevictable:        6348 kB
Mlocked:            5908 kB
SwapTotal:       4718584 kB
SwapFree:        3972752 kB
Dirty:               344 kB
Writeback:             0 kB
AnonPages:       1465444 kB
Mapped:           652328 kB
Shmem:             13960 kB
KReclaimable:     621640 kB
Slab:             324160 kB
SReclaimable:      94300 kB
SUnreclaim:       229860 kB
KernelStack:       48736 kB
ShadowCallStack:   12228 kB
PageTables:        66260 kB
NFS_Unstable:          0 kB
Bounce:                0 kB
WritebackTmp:          0 kB
CommitLimit:     8677876 kB
Committed_AS:   67605868 kB
VmallocTotal:   263061440 kB
VmallocUsed:      131404 kB
VmallocChunk:          0 kB
Percpu:             2448 kB
CmaTotal:         405504 kB
CmaFree:          277776 kB
MemTotal:        7918588 kB
MemFree:         2280300 kB
MemAvailable:    3850980 kB
Buffers:            4436 kB
Cached:          1427164 kB
SwapCached:        27664 kB
Active:          2234080 kB
Inactive:         820020 kB
Active(anon):    1528512 kB
Inactive(anon):   112564 kB
Active(file):     705568 kB
Inactive(file):   707456 kB
Unevictable:        6348 kB
Mlocked:            5908 kB
SwapTotal:       4718584 kB
SwapFree:        3972752 kB
Dirty:               344 kB
Writeback:             0 kB
AnonPages:       1623308 kB
Mapped:           652320 kB
Shmem:             13960 kB
KReclaimable:     621608 kB
Slab:             324140 kB
SReclaimable:      94284 kB
SUnreclaim:       229856 kB
KernelStack:       48624 kB
ShadowCallStack:   12208 kB
PageTables:        67152 kB
NFS_Unstable:          0 kB
Bounce:                0 kB
WritebackTmp:          0 kB
CommitLimit:     8677876 kB
Committed_AS:   67843324 kB
VmallocTotal:   263061440 kB
VmallocUsed:      131356 kB
VmallocChunk:          0 kB
Percpu:             2448 kB
CmaTotal:         405504 kB
CmaFree:          277776 kB
MemTotal:        7918588 kB
MemFree:         2146136 kB
MemAvailable:    3716704 kB
Buffers:            4436 kB
Cached:          1427168 kB
SwapCached:        27664 kB
Active:          2367824 kB
Inactive:         820016 kB
Active(anon):    1662256 kB
Inactive(anon):   112560 kB
Active(file):     705568 kB
Inactive(file):   707456 kB
Unevictable:        6348 kB
Mlocked:            5908 kB
SwapTotal:       4718584 kB
SwapFree:        3972752 kB
Dirty:               416 kB
Writeback:             0 kB
AnonPages:       1757076 kB
Mapped:           652644 kB
Shmem:             13964 kB
KReclaimable:     621496 kB
Slab:             324180 kB
SReclaimable:      94284 kB
SUnreclaim:       229896 kB
KernelStack:       48608 kB
ShadowCallStack:   12200 kB
PageTables:        67068 kB
NFS_Unstable:          0 kB
Bounce:                0 kB
WritebackTmp:          0 kB
CommitLimit:     8677876 kB
Committed_AS:   67843328 kB
VmallocTotal:   263061440 kB
VmallocUsed:      131352 kB
VmallocChunk:          0 kB
Percpu:             2448 kB
CmaTotal:         405504 kB
CmaFree:          277776 kB
MemTotal:        7918588 kB
MemFree:         2405104 kB
MemAvailable:    3975356 kB
Buffers:            4436 kB
Cached:          1427168 kB
SwapCached:        27664 kB
Active:          2108504 kB
Inactive:         820020 kB
Active(anon):    1402936 kB
Inactive(anon):   112564 kB
Active(file):     705568 kB
Inactive(file):   707456 kB
Unevictable:        6348 kB
Mlocked:            5908 kB
SwapTotal:       4718584 kB
SwapFree:        3972752 kB
Dirty:               420 kB
Writeback:             0 kB
AnonPages:       1497704 kB
Mapped:           652660 kB
Shmem:             13964 kB
KReclaimable:     621432 kB
Slab:             324208 kB
SReclaimable:      94284 kB
SUnreclaim:       229924 kB
KernelStack:       48608 kB
ShadowCallStack:   12184 kB
PageTables:        67288 kB
NFS_Unstable:          0 kB
Bounce:                0 kB
WritebackTmp:          0 kB
CommitLimit:     8677876 kB
Committed_AS:   67876044 kB
VmallocTotal:   263061440 kB
VmallocUsed:      131276 kB
VmallocChunk:          0 kB
Percpu:             2448 kB
CmaTotal:         405504 kB
CmaFree:          277776 kB
MemTotal:        7918588 kB
MemFree:         2213976 kB
MemAvailable:    3784464 kB
Buffers:            4436 kB
Cached:          1427168 kB
SwapCached:        27664 kB
Active:          2298912 kB
Inactive:         820012 kB
Active(anon):    1593344 kB
Inactive(anon):   112556 kB
Active(file):     705568 kB
Inactive(file):   707456 kB
Unevictable:        6348 kB
Mlocked:            5908 kB
SwapTotal:       4718584 kB
SwapFree:        3972752 kB
Dirty:               420 kB
Writeback:             0 kB
AnonPages:       1688124 kB
Mapped:           652696 kB
Shmem:             13964 kB
KReclaimable:     621416 kB
Slab:             324244 kB
SReclaimable:      94284 kB
SUnreclaim:       229960 kB
KernelStack:       48656 kB
ShadowCallStack:   12200 kB
PageTables:        67316 kB
NFS_Unstable:          0 kB
Bounce:                0 kB
WritebackTmp:          0 kB
CommitLimit:     8677876 kB
Committed_AS:   67908812 kB
VmallocTotal:   263061440 kB
VmallocUsed:      131304 kB
VmallocChunk:          0 kB
Percpu:             2448 kB
CmaTotal:         405504 kB
CmaFree:          277776 kB
MemTotal:        7918588 kB
MemFree:         2322392 kB
MemAvailable:    3892808 kB
Buffers:            4444 kB
Cached:          1427188 kB
SwapCached:        27664 kB
Active:          2190280 kB
Inactive:         820032 kB
Active(anon):    1484712 kB
Inactive(anon):   112560 kB
Active(file):     705568 kB
Inactive(file):   707472 kB
Unevictable:        6348 kB
Mlocked:            5908 kB
SwapTotal:       4718584 kB
SwapFree:        3972752 kB
Dirty:               432 kB
Writeback:             0 kB
AnonPages:       1579628 kB
Mapped:           652832 kB
Shmem:             13976 kB
KReclaimable:     621328 kB
Slab:             324324 kB
SReclaimable:      94284 kB
SUnreclaim:       230040 kB
KernelStack:       48592 kB
ShadowCallStack:   12204 kB
PageTables:        67216 kB
NFS_Unstable:          0 kB
Bounce:                0 kB
WritebackTmp:          0 kB
CommitLimit:     8677876 kB
Committed_AS:   67925208 kB
VmallocTotal:   263061440 kB
VmallocUsed:      131324 kB
VmallocChunk:          0 kB
Percpu:             2448 kB
CmaTotal:         405504 kB
CmaFree:          277776 kB
MemTotal:        7918588 kB
MemFree:         2017960 kB
MemAvailable:    3466888 kB
Buffers:            4444 kB
Cached:          1427352 kB
SwapCached:        27664 kB
Active:          2494732 kB
Inactive:         820040 kB
Active(anon):    1789048 kB
Inactive(anon):   112564 kB
Active(file):     705684 kB
Inactive(file):   707476 kB
Unevictable:        6348 kB
Mlocked:            5908 kB
SwapTotal:       4718584 kB
SwapFree:        3972752 kB
Dirty:               444 kB
Writeback:             0 kB
AnonPages:       1884032 kB
Mapped:           653356 kB
Shmem:             14020 kB
KReclaimable:     499720 kB
Slab:             324272 kB
SReclaimable:      94284 kB
SUnreclaim:       229988 kB
KernelStack:       48736 kB
ShadowCallStack:   12224 kB
PageTables:        67212 kB
NFS_Unstable:          0 kB
Bounce:                0 kB
WritebackTmp:          0 kB
CommitLimit:     8677876 kB
Committed_AS:   67941988 kB
VmallocTotal:   263061440 kB
VmallocUsed:      131480 kB
VmallocChunk:          0 kB
Percpu:             2448 kB
CmaTotal:         405504 kB
CmaFree:          277776 kB
MemTotal:        7918588 kB
MemFree:         2138720 kB
MemAvailable:    3709060 kB
Buffers:            4444 kB
Cached:          1427304 kB
SwapCached:        27664 kB
Active:          2373704 kB
Inactive:         820040 kB
Active(anon):    1668020 kB
Inactive(anon):   112564 kB
Active(file):     705684 kB
Inactive(file):   707476 kB
Unevictable:        6348 kB
Mlocked:            5908 kB
SwapTotal:       4718584 kB
SwapFree:        3972752 kB
Dirty:               448 kB
Writeback:             0 kB
AnonPages:       1762648 kB
Mapped:           652820 kB
Shmem:             13972 kB
KReclaimable:     621132 kB
Slab:             324248 kB
SReclaimable:      94284 kB
SUnreclaim:       229964 kB
KernelStack:       48640 kB
ShadowCallStack:   12208 kB
PageTables:        67196 kB
NFS_Unstable:          0 kB
Bounce:                0 kB
WritebackTmp:          0 kB
CommitLimit:     8677876 kB
Committed_AS:   67974364 kB
VmallocTotal:   263061440 kB
VmallocUsed:      131320 kB
VmallocChunk:          0 kB
Percpu:             2448 kB
CmaTotal:         405504 kB
CmaFree:          277788 kB
MemTotal:        7918588 kB
MemFree:         2152536 kB
MemAvailable:    3722672 kB
Buffers:            4444 kB
Cached:          1427308 kB
SwapCached:        27664 kB
Active:          2361036 kB
Inactive:         820032 kB
Active(anon):    1655352 kB
Inactive(anon):   112556 kB
Active(file):     705684 kB
Inactive(file):   707476 kB
Unevictable:        6348 kB
Mlocked:            5908 kB
SwapTotal:       4718584 kB
SwapFree:        3972752 kB
Dirty:               448 kB
Writeback:             0 kB
AnonPages:       1750300 kB
Mapped:           653120 kB
Shmem:             13976 kB
KReclaimable:     620928 kB
Slab:             324184 kB
SReclaimable:      94284 kB
SUnreclaim:       229900 kB
KernelStack:       48656 kB
ShadowCallStack:   12192 kB
PageTables:        67512 kB
NFS_Unstable:          0 kB
Bounce:                0 kB
WritebackTmp:          0 kB
CommitLimit:     8677876 kB
Committed_AS:   68007108 kB
VmallocTotal:   263061440 kB
VmallocUsed:      131256 kB
VmallocChunk:          0 kB
Percpu:             2448 kB
CmaTotal:         405504 kB
CmaFree:          277776 kB
MemTotal:        7918588 kB
MemFree:         2108436 kB
MemAvailable:    3678564 kB
Buffers:            4452 kB
Cached:          1427300 kB
SwapCached:        27664 kB
Active:          2406568 kB
Inactive:         820036 kB
Active(anon):    1700884 kB
Inactive(anon):   112560 kB
Active(file):     705684 kB
Inactive(file):   707476 kB
Unevictable:        6348 kB
Mlocked:            5908 kB
SwapTotal:       4718584 kB
SwapFree:        3972752 kB
Dirty:               448 kB
Writeback:             0 kB
AnonPages:       1795692 kB
Mapped:           653136 kB
Shmem:             13976 kB
KReclaimable:     620920 kB
Slab:             324208 kB
SReclaimable:      94284 kB
SUnreclaim:       229924 kB
KernelStack:       48592 kB
ShadowCallStack:   12184 kB
PageTables:        67400 kB
NFS_Unstable:          0 kB
Bounce:                0 kB
WritebackTmp:          0 kB
CommitLimit:     8677876 kB
Committed_AS:   68023472 kB
VmallocTotal:   263061440 kB
VmallocUsed:      131288 kB
VmallocChunk:          0 kB
Percpu:             2448 kB
CmaTotal:         405504 kB
CmaFree:          277776 kB
MemTotal:        7918588 kB
MemFree:         2256540 kB
MemAvailable:    3826836 kB
Buffers:            4460 kB
Cached:          1427256 kB
SwapCached:        27744 kB
Active:          2257516 kB
Inactive:         820012 kB
Active(anon):    1551832 kB
Inactive(anon):   112508 kB
Active(file):     705684 kB
Inactive(file):   707504 kB
Unevictable:        6348 kB
Mlocked:            5908 kB
SwapTotal:       4718584 kB
SwapFree:        3973264 kB
Dirty:               544 kB
Writeback:             0 kB
AnonPages:       1646732 kB
Mapped:           653104 kB
Shmem:             13912 kB
KReclaimable:     621060 kB
Slab:             324204 kB
SReclaimable:      94268 kB
SUnreclaim:       229936 kB
KernelStack:       48576 kB
ShadowCallStack:   12192 kB
PageTables:        67632 kB
NFS_Unstable:          0 kB
Bounce:                0 kB
WritebackTmp:          0 kB
CommitLimit:     8677876 kB
Committed_AS:   68056172 kB
VmallocTotal:   263061440 kB
VmallocUsed:      131284 kB
VmallocChunk:          0 kB
Percpu:             2448 kB
CmaTotal:         405504 kB
CmaFree:          277840 kB
MemTotal:        7918588 kB
MemFree:         2052696 kB
MemAvailable:    3622944 kB
Buffers:            4460 kB
Cached:          1427256 kB
SwapCached:        27744 kB
Active:          2461424 kB
Inactive:         820008 kB
Active(anon):    1755740 kB
Inactive(anon):   112504 kB
Active(file):     705684 kB
Inactive(file):   707504 kB
Unevictable:        6348 kB
Mlocked:            5908 kB
SwapTotal:       4718584 kB
SwapFree:        3973264 kB
Dirty:               400 kB
Writeback:             0 kB
AnonPages:       1850628 kB
Mapped:           653132 kB
Shmem:             13912 kB
KReclaimable:     621012 kB
Slab:             324192 kB
SReclaimable:      94268 kB
SUnreclaim:       229924 kB
KernelStack:       48624 kB
ShadowCallStack:   12180 kB
PageTables:        67724 kB
NFS_Unstable:          0 kB
Bounce:                0 kB
WritebackTmp:          0 kB
CommitLimit:     8677876 kB
Committed_AS:   68088940 kB
VmallocTotal:   263061440 kB
VmallocUsed:      131304 kB
VmallocChunk:          0 kB
Percpu:             2448 kB
CmaTotal:         405504 kB
CmaFree:          277840 kB
MemTotal:        7918588 kB
MemFree:         2100276 kB
MemAvailable:    3670372 kB
Buffers:            4460 kB
Cached:          1427256 kB
SwapCached:        27744 kB
Active:          2412644 kB
Inactive:         820016 kB
Active(anon):    1706960 kB
Inactive(anon):   112512 kB
Active(file):     705684 kB
Inactive(file):   707504 kB
Unevictable:        6348 kB
Mlocked:            5908 kB
SwapTotal:       4718584 kB
SwapFree:        3973264 kB
Dirty:               304 kB
Writeback:             0 kB
AnonPages:       1801680 kB
Mapped:           653404 kB
Shmem:             13912 kB
KReclaimable:     620860 kB
Slab:             324196 kB
SReclaimable:      94268 kB
SUnreclaim:       229928 kB
KernelStack:       48592 kB
ShadowCallStack:   12204 kB
PageTables:        67656 kB
NFS_Unstable:          0 kB
Bounce:                0 kB
WritebackTmp:          0 kB
CommitLimit:     8677876 kB
Committed_AS:   68138092 kB
VmallocTotal:   263061440 kB
VmallocUsed:      131248 kB
VmallocChunk:          0 kB
Percpu:             2448 kB
CmaTotal:         405504 kB
CmaFree:          277840 kB
MemTotal:        7918588 kB
MemFree:         2169372 kB
MemAvailable:    3739292 kB
Buffers:            4460 kB
Cached:          1427256 kB
SwapCached:        27744 kB
Active:          2344184 kB
Inactive:         820016 kB
Active(anon):    1638500 kB
Inactive(anon):   112512 kB
Active(file):     705684 kB
Inactive(file):   707504 kB
Unevictable:        6348 kB
Mlocked:            5908 kB
SwapTotal:       4718584 kB
SwapFree:        3973264 kB
Dirty:               308 kB
Writeback:             0 kB
AnonPages:       1733392 kB
Mapped:           653408 kB
Shmem:             13912 kB
KReclaimable:     620684 kB
Slab:             324208 kB
SReclaimable:      94268 kB
SUnreclaim:       229940 kB
KernelStack:       48608 kB
ShadowCallStack:   12200 kB
PageTables:        67768 kB
NFS_Unstable:          0 kB
Bounce:                0 kB
WritebackTmp:          0 kB
CommitLimit:     8677876 kB
Committed_AS:   68170860 kB
VmallocTotal:   263061440 kB
VmallocUsed:      131304 kB
VmallocChunk:          0 kB
Percpu:             2448 kB
CmaTotal:         405504 kB
CmaFree:          277840 kB
MemTotal:        7918588 kB
MemFree:         2157520 kB
MemAvailable:    3727344 kB
Buffers:            4460 kB
Cached:          1427256 kB
SwapCached:        27744 kB
Active:          2356444 kB
Inactive:         820012 kB
Active(anon):    1650760 kB
Inactive(anon):   112508 kB
Active(file):     705684 kB
Inactive(file):   707504 kB
Unevictable:        6348 kB
Mlocked:            5908 kB
SwapTotal:       4718584 kB
SwapFree:        3973264 kB
Dirty:               308 kB
Writeback:             0 kB
AnonPages:       1745588 kB
Mapped:           653408 kB
Shmem:             13912 kB
KReclaimable:     620588 kB
Slab:             324256 kB
SReclaimable:      94268 kB
SUnreclaim:       229988 kB
KernelStack:       48608 kB
ShadowCallStack:   12192 kB
PageTables:        67936 kB
NFS_Unstable:          0 kB
Bounce:                0 kB
WritebackTmp:          0 kB
CommitLimit:     8677876 kB
Committed_AS:   68220012 kB
VmallocTotal:   263061440 kB
VmallocUsed:      131304 kB
VmallocChunk:          0 kB
Percpu:             2448 kB
CmaTotal:         405504 kB
CmaFree:          277840 kB
MemTotal:        7918588 kB
MemFree:         2045772 kB
MemAvailable:    3615380 kB
Buffers:            4468 kB
Cached:          1427268 kB
SwapCached:        27748 kB
Active:          2465052 kB
Inactive:         820024 kB
Active(anon):    1759368 kB
Inactive(anon):   112504 kB
Active(file):     705684 kB
Inactive(file):   707520 kB
Unevictable:        6348 kB
Mlocked:            5908 kB
SwapTotal:       4718584 kB
SwapFree:        3973264 kB
Dirty:               320 kB
Writeback:             0 kB
AnonPages:       1825788 kB
Mapped:           653512 kB
Shmem:             13916 kB
KReclaimable:     620356 kB
Slab:             324252 kB
SReclaimable:      94268 kB
SUnreclaim:       229984 kB
KernelStack:       48592 kB
ShadowCallStack:   12184 kB
PageTables:        67912 kB
NFS_Unstable:          0 kB
Bounce:                0 kB
WritebackTmp:          0 kB
CommitLimit:     8677876 kB
Committed_AS:   68269116 kB
VmallocTotal:   263061440 kB
VmallocUsed:      131284 kB
VmallocChunk:          0 kB
Percpu:             2448 kB
CmaTotal:         405504 kB
CmaFree:          277840 kB
MemTotal:        7918588 kB
MemFree:         2075096 kB
MemAvailable:    3644608 kB
Buffers:            4468 kB
Cached:          1427276 kB
SwapCached:        27748 kB
Active:          2438832 kB
Inactive:         820028 kB
Active(anon):    1733140 kB
Inactive(anon):   112508 kB
Active(file):     705692 kB
Inactive(file):   707520 kB
Unevictable:        6348 kB
Mlocked:            5908 kB
SwapTotal:       4718584 kB
SwapFree:        3973264 kB
Dirty:               148 kB
Writeback:             0 kB
AnonPages:       1827984 kB
Mapped:           653656 kB
Shmem:             13916 kB
KReclaimable:     620252 kB
Slab:             324316 kB
SReclaimable:      94268 kB
SUnreclaim:       230048 kB
KernelStack:       48560 kB
ShadowCallStack:   12176 kB
PageTables:        68328 kB
NFS_Unstable:          0 kB
Bounce:                0 kB
WritebackTmp:          0 kB
CommitLimit:     8677876 kB
Committed_AS:   68494408 kB
VmallocTotal:   263061440 kB
VmallocUsed:      131268 kB
VmallocChunk:          0 kB
Percpu:             2448 kB
CmaTotal:         405504 kB
CmaFree:          277840 kB
MemTotal:        7918588 kB
MemFree:         2029600 kB
MemAvailable:    3598960 kB
Buffers:            4468 kB
Cached:          1427276 kB
SwapCached:        27748 kB
Active:          2483700 kB
Inactive:         820028 kB
Active(anon):    1778008 kB
Inactive(anon):   112508 kB
Active(file):     705692 kB
Inactive(file):   707520 kB
Unevictable:        6348 kB
Mlocked:            5908 kB
SwapTotal:       4718584 kB
SwapFree:        3973264 kB
Dirty:               160 kB
Writeback:             0 kB
AnonPages:       1872764 kB
Mapped:           653752 kB
Shmem:             13916 kB
KReclaimable:     620100 kB
Slab:             324272 kB
SReclaimable:      94268 kB
SUnreclaim:       230004 kB
KernelStack:       48544 kB
ShadowCallStack:   12188 kB
PageTables:        68312 kB
NFS_Unstable:          0 kB
Bounce:                0 kB
WritebackTmp:          0 kB
CommitLimit:     8677876 kB
Committed_AS:   68592504 kB
VmallocTotal:   263061440 kB
VmallocUsed:      131184 kB
VmallocChunk:          0 kB
Percpu:             2448 kB
CmaTotal:         405504 kB
CmaFree:          277848 kB
MemTotal:        7918588 kB
MemFree:         1993200 kB
MemAvailable:    3562120 kB
Buffers:            4468 kB
Cached:          1427276 kB
SwapCached:        27748 kB
Active:          2520012 kB
Inactive:         820032 kB
Active(anon):    1814320 kB
Inactive(anon):   112512 kB
Active(file):     705692 kB
Inactive(file):   707520 kB
Unevictable:        6348 kB
Mlocked:            5908 kB
SwapTotal:       4718584 kB
SwapFree:        3973264 kB
Dirty:               200 kB
Writeback:             0 kB
AnonPages:       1909072 kB
Mapped:           654004 kB
Shmem:             13916 kB
KReclaimable:     619660 kB
Slab:             324224 kB
SReclaimable:      94268 kB
SUnreclaim:       229956 kB
KernelStack:       48544 kB
ShadowCallStack:   12176 kB
PageTables:        68384 kB
NFS_Unstable:          0 kB
Bounce:                0 kB
WritebackTmp:          0 kB
CommitLimit:     8677876 kB
Committed_AS:   68690812 kB
VmallocTotal:   263061440 kB
VmallocUsed:      131224 kB
VmallocChunk:          0 kB
Percpu:             2448 kB
CmaTotal:         405504 kB
CmaFree:          277840 kB
MemTotal:        7918588 kB
MemFree:         1938500 kB
MemAvailable:    3507092 kB
Buffers:            4468 kB
Cached:          1427284 kB
SwapCached:        27748 kB
Active:          2574944 kB
Inactive:         820036 kB
Active(anon):    1869252 kB
Inactive(anon):   112516 kB
Active(file):     705692 kB
Inactive(file):   707520 kB
Unevictable:        6348 kB
Mlocked:            5908 kB
SwapTotal:       4718584 kB
SwapFree:        3973264 kB
Dirty:               300 kB
Writeback:             0 kB
AnonPages:       1964108 kB
Mapped:           654392 kB
Shmem:             13924 kB
KReclaimable:     619332 kB
Slab:             324220 kB
SReclaimable:      94268 kB
SUnreclaim:       229952 kB
KernelStack:       48544 kB
ShadowCallStack:   12180 kB
PageTables:        68776 kB
NFS_Unstable:          0 kB
Bounce:                0 kB
WritebackTmp:          0 kB
CommitLimit:     8677876 kB
Committed_AS:   68789120 kB
VmallocTotal:   263061440 kB
VmallocUsed:      131208 kB
VmallocChunk:          0 kB
Percpu:             2448 kB
CmaTotal:         405504 kB
CmaFree:          277840 kB
MemTotal:        7918588 kB
MemFree:         1877340 kB
MemAvailable:    3444940 kB
Buffers:            4476 kB
Cached:          1427308 kB
SwapCached:        27748 kB
Active:          2636560 kB
Inactive:         820048 kB
Active(anon):    1930868 kB
Inactive(anon):   112512 kB
Active(file):     705692 kB
Inactive(file):   707536 kB
Unevictable:        6348 kB
Mlocked:            5908 kB
SwapTotal:       4718584 kB
SwapFree:        3973264 kB
Dirty:               328 kB
Writeback:             0 kB
AnonPages:       2025596 kB
Mapped:           654808 kB
Shmem:             13940 kB
KReclaimable:     618324 kB
Slab:             324264 kB
SReclaimable:      94268 kB
SUnreclaim:       229996 kB
KernelStack:       48544 kB
ShadowCallStack:   12168 kB
PageTables:        68836 kB
NFS_Unstable:          0 kB
Bounce:                0 kB
WritebackTmp:          0 kB
CommitLimit:     8677876 kB
Committed_AS:   68920208 kB
VmallocTotal:   263061440 kB
VmallocUsed:      131188 kB
VmallocChunk:          0 kB
Percpu:             2448 kB
CmaTotal:         405504 kB
CmaFree:          277840 kB
MemTotal:        7918588 kB
MemFree:         1822468 kB
MemAvailable:    3389492 kB
Buffers:            4476 kB
Cached:          1427308 kB
SwapCached:        27748 kB
Active:          2690416 kB
Inactive:         820044 kB
Active(anon):    1984724 kB
Inactive(anon):   112508 kB
Active(file):     705692 kB
Inactive(file):   707536 kB
Unevictable:        6348 kB
Mlocked:            5908 kB
SwapTotal:       4718584 kB
SwapFree:        3973264 kB
Dirty:               328 kB
Writeback:             0 kB
AnonPages:       2079544 kB
Mapped:           655424 kB
Shmem:             13940 kB
KReclaimable:     617748 kB
Slab:             324324 kB
SReclaimable:      94268 kB
SUnreclaim:       230056 kB
KernelStack:       48496 kB
ShadowCallStack:   12172 kB
PageTables:        69304 kB
NFS_Unstable:          0 kB
Bounce:                0 kB
WritebackTmp:          0 kB
CommitLimit:     8677876 kB
Committed_AS:   69034792 kB
VmallocTotal:   263061440 kB
VmallocUsed:      131164 kB
VmallocChunk:          0 kB
Percpu:             2448 kB
CmaTotal:         405504 kB
CmaFree:          277840 kB
MemTotal:        7918588 kB
MemFree:         1767164 kB
MemAvailable:    3325112 kB
Buffers:            4476 kB
Cached:          1427312 kB
SwapCached:        27748 kB
Active:          2745104 kB
Inactive:         820048 kB
Active(anon):    2039412 kB
Inactive(anon):   112512 kB
Active(file):     705692 kB
Inactive(file):   707536 kB
Unevictable:        6348 kB
Mlocked:            5908 kB
SwapTotal:       4718584 kB
SwapFree:        3973264 kB
Dirty:               328 kB
Writeback:             0 kB
AnonPages:       2134260 kB
Mapped:           641428 kB
Shmem:             13944 kB
KReclaimable:     608672 kB
Slab:             324416 kB
SReclaimable:      94268 kB
SUnreclaim:       230148 kB
KernelStack:       48480 kB
ShadowCallStack:   12152 kB
PageTables:        69420 kB
NFS_Unstable:          0 kB
Bounce:                0 kB
WritebackTmp:          0 kB
CommitLimit:     8677876 kB
Committed_AS:   69165664 kB
VmallocTotal:   263061440 kB
VmallocUsed:      131104 kB
VmallocChunk:          0 kB
Percpu:             2448 kB
CmaTotal:         405504 kB
CmaFree:          277844 kB
MemTotal:        7918588 kB
MemFree:         1707852 kB
MemAvailable:    3265320 kB
Buffers:            4476 kB
Cached:          1427312 kB
SwapCached:        27748 kB
Active:          2803976 kB
Inactive:         820040 kB
Active(anon):    2098284 kB
Inactive(anon):   112504 kB
Active(file):     705692 kB
Inactive(file):   707536 kB
Unevictable:        6348 kB
Mlocked:            5908 kB
SwapTotal:       4718584 kB
SwapFree:        3973264 kB
Dirty:               328 kB
Writeback:             0 kB
AnonPages:       2193052 kB
Mapped:           641740 kB
Shmem:             13944 kB
KReclaimable:     608192 kB
Slab:             324396 kB
SReclaimable:      94268 kB
SUnreclaim:       230128 kB
KernelStack:       48400 kB
ShadowCallStack:   12144 kB
PageTables:        69648 kB
NFS_Unstable:          0 kB
Bounce:                0 kB
WritebackTmp:          0 kB
CommitLimit:     8677876 kB
Committed_AS:   69296580 kB
VmallocTotal:   263061440 kB
VmallocUsed:      131040 kB
VmallocChunk:          0 kB
Percpu:             2448 kB
CmaTotal:         405504 kB
CmaFree:          277968 kB
MemTotal:        7918588 kB
MemFree:         1651128 kB
MemAvailable:    3208084 kB
Buffers:            4476 kB
Cached:          1427312 kB
SwapCached:        27748 kB
Active:          2860716 kB
Inactive:         820040 kB
Active(anon):    2155024 kB
Inactive(anon):   112504 kB
Active(file):     705692 kB
Inactive(file):   707536 kB
Unevictable:        6348 kB
Mlocked:            5908 kB
SwapTotal:       4718584 kB
SwapFree:        3973264 kB
Dirty:               328 kB
Writeback:             0 kB
AnonPages:       2249700 kB
Mapped:           642208 kB
Shmem:             13944 kB
KReclaimable:     607680 kB
Slab:             324436 kB
SReclaimable:      94268 kB
SUnreclaim:       230168 kB
KernelStack:       48416 kB
ShadowCallStack:   12144 kB
PageTables:        70028 kB
NFS_Unstable:          0 kB
Bounce:                0 kB
WritebackTmp:          0 kB
CommitLimit:     8677876 kB
Committed_AS:   69427652 kB
VmallocTotal:   263061440 kB
VmallocUsed:      131044 kB
VmallocChunk:          0 kB
Percpu:             2448 kB
CmaTotal:         405504 kB
CmaFree:          277968 kB
MemTotal:        7918588 kB
MemFree:         1604544 kB
MemAvailable:    3160956 kB
Buffers:            4612 kB
Cached:          1427340 kB
SwapCached:        27760 kB
Active:          2907216 kB
Inactive:         820052 kB
Active(anon):    2201524 kB
Inactive(anon):   112356 kB
Active(file):     705692 kB
Inactive(file):   707696 kB
Unevictable:        6348 kB
Mlocked:            5908 kB
SwapTotal:       4718584 kB
SwapFree:        3973264 kB
Dirty:               396 kB
Writeback:             0 kB
AnonPages:       2296228 kB
Mapped:           642472 kB
Shmem:             13948 kB
KReclaimable:     606976 kB
Slab:             324412 kB
SReclaimable:      94268 kB
SUnreclaim:       230144 kB
KernelStack:       48352 kB
ShadowCallStack:   12132 kB
PageTables:        69868 kB
NFS_Unstable:          0 kB
Bounce:                0 kB
WritebackTmp:          0 kB
CommitLimit:     8677876 kB
Committed_AS:   69525852 kB
VmallocTotal:   263061440 kB
VmallocUsed:      130984 kB
VmallocChunk:          0 kB
Percpu:             2448 kB
CmaTotal:         405504 kB
CmaFree:          277956 kB
MemTotal:        7918588 kB
MemFree:         1549960 kB
MemAvailable:    3105808 kB
Buffers:            4612 kB
Cached:          1427388 kB
SwapCached:        27764 kB
Active:          2962004 kB
Inactive:         820056 kB
Active(anon):    2256268 kB
Inactive(anon):   112360 kB
Active(file):     705736 kB
Inactive(file):   707696 kB
Unevictable:        6348 kB
Mlocked:            5908 kB
SwapTotal:       4718584 kB
SwapFree:        3973264 kB
Dirty:               396 kB
Writeback:             0 kB
AnonPages:       2350848 kB
Mapped:           642860 kB
Shmem:             13952 kB
KReclaimable:     606368 kB
Slab:             324356 kB
SReclaimable:      94268 kB
SUnreclaim:       230088 kB
KernelStack:       48288 kB
ShadowCallStack:   12100 kB
PageTables:        70332 kB
NFS_Unstable:          0 kB
Bounce:                0 kB
WritebackTmp:          0 kB
CommitLimit:     8677876 kB
Committed_AS:   69673104 kB
VmallocTotal:   263061440 kB
VmallocUsed:      130904 kB
VmallocChunk:          0 kB
Percpu:             2448 kB
CmaTotal:         405504 kB
CmaFree:          277968 kB
MemTotal:        7918588 kB
MemFree:         1459592 kB
MemAvailable:    2885024 kB
Buffers:            4612 kB
Cached:          1427412 kB
SwapCached:        27764 kB
Active:          3051936 kB
Inactive:         820044 kB
Active(anon):    2346200 kB
Inactive(anon):   112348 kB
Active(file):     705736 kB
Inactive(file):   707696 kB
Unevictable:        6348 kB
Mlocked:            5908 kB
SwapTotal:       4718584 kB
SwapFree:        3973520 kB
Dirty:                96 kB
Writeback:             0 kB
AnonPages:       2440640 kB
Mapped:           643584 kB
Shmem:             13976 kB
KReclaimable:     475952 kB
Slab:             324396 kB
SReclaimable:      94268 kB
SUnreclaim:       230128 kB
KernelStack:       48336 kB
ShadowCallStack:   12116 kB
PageTables:        70692 kB
NFS_Unstable:          0 kB
Bounce:                0 kB
WritebackTmp:          0 kB
CommitLimit:     8677876 kB
Committed_AS:   69787980 kB
VmallocTotal:   263061440 kB
VmallocUsed:      130980 kB
VmallocChunk:          0 kB
Percpu:             2448 kB
CmaTotal:         405504 kB
CmaFree:          277968 kB
MemTotal:        7918588 kB
MemFree:         1430996 kB
MemAvailable:    2855876 kB
Buffers:            4612 kB
Cached:          1427548 kB
SwapCached:        27764 kB
Active:          3079348 kB
Inactive:         820044 kB
Active(anon):    2373612 kB
Inactive(anon):   112348 kB
Active(file):     705736 kB
Inactive(file):   707696 kB
Unevictable:        6348 kB
Mlocked:            5908 kB
SwapTotal:       4718584 kB
SwapFree:        3973520 kB
Dirty:               100 kB
Writeback:             0 kB
AnonPages:       2467968 kB
Mapped:           644120 kB
Shmem:             14112 kB
KReclaimable:     475400 kB
Slab:             324556 kB
SReclaimable:      94268 kB
SUnreclaim:       230288 kB
KernelStack:       48352 kB
ShadowCallStack:   12128 kB
PageTables:        70780 kB
NFS_Unstable:          0 kB
Bounce:                0 kB
WritebackTmp:          0 kB
CommitLimit:     8677876 kB
Committed_AS:   69853516 kB
VmallocTotal:   263061440 kB
VmallocUsed:      130996 kB
VmallocChunk:          0 kB
Percpu:             2448 kB
CmaTotal:         405504 kB
CmaFree:          277968 kB
MemTotal:        7918588 kB
MemFree:         1426104 kB
MemAvailable:    2980696 kB
Buffers:            4612 kB
Cached:          1427396 kB
SwapCached:        27764 kB
Active:          3085496 kB
Inactive:         820036 kB
Active(anon):    2379760 kB
Inactive(anon):   112340 kB
Active(file):     705736 kB
Inactive(file):   707696 kB
Unevictable:        6348 kB
Mlocked:            5908 kB
SwapTotal:       4718584 kB
SwapFree:        3973520 kB
Dirty:               100 kB
Writeback:             0 kB
AnonPages:       2474312 kB
Mapped:           643740 kB
Shmem:             13960 kB
KReclaimable:     605112 kB
Slab:             324564 kB
SReclaimable:      94268 kB
SUnreclaim:       230296 kB
KernelStack:       48224 kB
ShadowCallStack:   12092 kB
PageTables:        70772 kB
NFS_Unstable:          0 kB
Bounce:                0 kB
WritebackTmp:          0 kB
CommitLimit:     8677876 kB
Committed_AS:   69935048 kB
VmallocTotal:   263061440 kB
VmallocUsed:      130840 kB
VmallocChunk:          0 kB
Percpu:             2448 kB
CmaTotal:         405504 kB
CmaFree:          277968 kB
MemTotal:        7918588 kB
MemFree:         1388904 kB
MemAvailable:    2943208 kB
Buffers:            4620 kB
Cached:          1427404 kB
SwapCached:        27764 kB
Active:          3122640 kB
Inactive:         820060 kB
Active(anon):    2416904 kB
Inactive(anon):   112348 kB
Active(file):     705736 kB
Inactive(file):   707712 kB
Unevictable:        6348 kB
Mlocked:            5908 kB
SwapTotal:       4718584 kB
SwapFree:        3973520 kB
Dirty:               184 kB
Writeback:             0 kB
AnonPages:       2511436 kB
Mapped:           643756 kB
Shmem:             13960 kB
KReclaimable:     604808 kB
Slab:             324496 kB
SReclaimable:      94268 kB
SUnreclaim:       230228 kB
KernelStack:       48224 kB
ShadowCallStack:   12104 kB
PageTables:        71072 kB
NFS_Unstable:          0 kB
Bounce:                0 kB
WritebackTmp:          0 kB
CommitLimit:     8677876 kB
Committed_AS:   70016972 kB
VmallocTotal:   263061440 kB
VmallocUsed:      130824 kB
VmallocChunk:          0 kB
Percpu:             2448 kB
CmaTotal:         405504 kB
CmaFree:          277968 kB
MemTotal:        7918588 kB
MemFree:         1342896 kB
MemAvailable:    2896632 kB
Buffers:            4620 kB
Cached:          1427404 kB
SwapCached:        27764 kB
Active:          3167428 kB
Inactive:         820056 kB
Active(anon):    2461692 kB
Inactive(anon):   112344 kB
Active(file):     705736 kB
Inactive(file):   707712 kB
Unevictable:        6348 kB
Mlocked:            5908 kB
SwapTotal:       4718584 kB
SwapFree:        3973520 kB
Dirty:               184 kB
Writeback:             0 kB
AnonPages:       2556248 kB
Mapped:           644284 kB
Shmem:             13960 kB
KReclaimable:     604240 kB
Slab:             324532 kB
SReclaimable:      94268 kB
SUnreclaim:       230264 kB
KernelStack:       48240 kB
ShadowCallStack:   12092 kB
PageTables:        71288 kB
NFS_Unstable:          0 kB
Bounce:                0 kB
WritebackTmp:          0 kB
CommitLimit:     8677876 kB
Committed_AS:   70131552 kB
VmallocTotal:   263061440 kB
VmallocUsed:      130804 kB
VmallocChunk:          0 kB
Percpu:             2448 kB
CmaTotal:         405504 kB
CmaFree:          277968 kB
MemTotal:        7918588 kB
MemFree:         1314552 kB
MemAvailable:    2868048 kB
Buffers:            4620 kB
Cached:          1427408 kB
SwapCached:        27764 kB
Active:          3195596 kB
Inactive:         820056 kB
Active(anon):    2489860 kB
Inactive(anon):   112344 kB
Active(file):     705736 kB
Inactive(file):   707712 kB
Unevictable:        6348 kB
Mlocked:            5908 kB
SwapTotal:       4718584 kB
SwapFree:        3973520 kB
Dirty:               184 kB
Writeback:             0 kB
AnonPages:       2584712 kB
Mapped:           644476 kB
Shmem:             13964 kB
KReclaimable:     604000 kB
Slab:             324512 kB
SReclaimable:      94268 kB
SUnreclaim:       230244 kB
KernelStack:       48176 kB
ShadowCallStack:   12096 kB
PageTables:        71332 kB
NFS_Unstable:          0 kB
Bounce:                0 kB
WritebackTmp:          0 kB
CommitLimit:     8677876 kB
Committed_AS:   70197092 kB
VmallocTotal:   263061440 kB
VmallocUsed:      130804 kB
VmallocChunk:          0 kB
Percpu:             2448 kB
CmaTotal:         405504 kB
CmaFree:          272256 kB
MemTotal:        7918588 kB
MemFree:         1274720 kB
MemAvailable:    2827728 kB
Buffers:            4620 kB
Cached:          1427408 kB
SwapCached:        27764 kB
Active:          3235584 kB
Inactive:         820048 kB
Active(anon):    2529848 kB
Inactive(anon):   112336 kB
Active(file):     705736 kB
Inactive(file):   707712 kB
Unevictable:        6348 kB
Mlocked:            5908 kB
SwapTotal:       4718584 kB
SwapFree:        3973520 kB
Dirty:               200 kB
Writeback:             0 kB
AnonPages:       2624440 kB
Mapped:           644840 kB
Shmem:             13964 kB
KReclaimable:     603512 kB
Slab:             324532 kB
SReclaimable:      94268 kB
SUnreclaim:       230264 kB
KernelStack:       48176 kB
ShadowCallStack:   12084 kB
PageTables:        71580 kB
NFS_Unstable:          0 kB
Bounce:                0 kB
WritebackTmp:          0 kB
CommitLimit:     8677876 kB
Committed_AS:   70246244 kB
VmallocTotal:   263061440 kB
VmallocUsed:      130780 kB
VmallocChunk:          0 kB
Percpu:             2448 kB
CmaTotal:         405504 kB
CmaFree:          232460 kB
MemTotal:        7918588 kB
MemFree:         1236108 kB
MemAvailable:    2788580 kB
Buffers:            4620 kB
Cached:          1427412 kB
SwapCached:        27764 kB
Active:          3273840 kB
Inactive:         820056 kB
Active(anon):    2568104 kB
Inactive(anon):   112344 kB
Active(file):     705736 kB
Inactive(file):   707712 kB
Unevictable:        6348 kB
Mlocked:            5908 kB
SwapTotal:       4718584 kB
SwapFree:        3973520 kB
Dirty:               148 kB
Writeback:             0 kB
AnonPages:       2662484 kB
Mapped:           645308 kB
Shmem:             13968 kB
KReclaimable:     602976 kB
Slab:             324624 kB
SReclaimable:      94268 kB
SUnreclaim:       230356 kB
KernelStack:       48176 kB
ShadowCallStack:   12100 kB
PageTables:        71544 kB
NFS_Unstable:          0 kB
Bounce:                0 kB
WritebackTmp:          0 kB
CommitLimit:     8677876 kB
Committed_AS:   70344552 kB
VmallocTotal:   263061440 kB
VmallocUsed:      130780 kB
VmallocChunk:          0 kB
Percpu:             2448 kB
CmaTotal:         405504 kB
CmaFree:          193860 kB
MemTotal:        7918588 kB
MemFree:         1198800 kB
MemAvailable:    2751032 kB
Buffers:            4628 kB
Cached:          1427420 kB
SwapCached:        27764 kB
Active:          3311208 kB
Inactive:         820068 kB
Active(anon):    2605472 kB
Inactive(anon):   112340 kB
Active(file):     705736 kB
Inactive(file):   707728 kB
Unevictable:        6348 kB
Mlocked:            5908 kB
SwapTotal:       4718584 kB
SwapFree:        3973520 kB
Dirty:               184 kB
Writeback:             0 kB
AnonPages:       2700212 kB
Mapped:           645456 kB
Shmem:             13968 kB
KReclaimable:     602720 kB
Slab:             324688 kB
SReclaimable:      94268 kB
SUnreclaim:       230420 kB
KernelStack:       48192 kB
ShadowCallStack:   12092 kB
PageTables:        71852 kB
NFS_Unstable:          0 kB
Bounce:                0 kB
WritebackTmp:          0 kB
CommitLimit:     8677876 kB
Committed_AS:   70393704 kB
VmallocTotal:   263061440 kB
VmallocUsed:      130804 kB
VmallocChunk:          0 kB
Percpu:             2448 kB
CmaTotal:         405504 kB
CmaFree:          156968 kB
MemTotal:        7918588 kB
MemFree:         1163228 kB
MemAvailable:    2714972 kB
Buffers:            4628 kB
Cached:          1427420 kB
SwapCached:        27764 kB
Active:          3347512 kB
Inactive:         820068 kB
Active(anon):    2641776 kB
Inactive(anon):   112340 kB
Active(file):     705736 kB
Inactive(file):   707728 kB
Unevictable:        6348 kB
Mlocked:            5908 kB
SwapTotal:       4718584 kB
SwapFree:        3973520 kB
Dirty:               184 kB
Writeback:             0 kB
AnonPages:       2736328 kB
Mapped:           645720 kB
Shmem:             13968 kB
KReclaimable:     602232 kB
Slab:             324656 kB
SReclaimable:      94268 kB
SUnreclaim:       230388 kB
KernelStack:       48176 kB
ShadowCallStack:   12084 kB
PageTables:        71952 kB
NFS_Unstable:          0 kB
Bounce:                0 kB
WritebackTmp:          0 kB
CommitLimit:     8677876 kB
Committed_AS:   70492008 kB
VmallocTotal:   263061440 kB
VmallocUsed:      130804 kB
VmallocChunk:          0 kB
Percpu:             2448 kB
CmaTotal:         405504 kB
CmaFree:          120952 kB
MemTotal:        7918588 kB
MemFree:         1132212 kB
MemAvailable:    2683596 kB
Buffers:            4628 kB
Cached:          1427420 kB
SwapCached:        27764 kB
Active:          3378112 kB
Inactive:         820064 kB
Active(anon):    2672376 kB
Inactive(anon):   112336 kB
Active(file):     705736 kB
Inactive(file):   707728 kB
Unevictable:        6348 kB
Mlocked:            5908 kB
SwapTotal:       4718584 kB
SwapFree:        3973520 kB
Dirty:               192 kB
Writeback:             0 kB
AnonPages:       2767084 kB
Mapped:           646148 kB
Shmem:             13968 kB
KReclaimable:     601872 kB
Slab:             324676 kB
SReclaimable:      94268 kB
SUnreclaim:       230408 kB
KernelStack:       48224 kB
ShadowCallStack:   12092 kB
PageTables:        72084 kB
NFS_Unstable:          0 kB
Bounce:                0 kB
WritebackTmp:          0 kB
CommitLimit:     8677876 kB
Committed_AS:   70557544 kB
VmallocTotal:   263061440 kB
VmallocUsed:      130804 kB
VmallocChunk:          0 kB
Percpu:             2448 kB
CmaTotal:         405504 kB
CmaFree:           89996 kB
MemTotal:        7918588 kB
MemFree:         1096164 kB
MemAvailable:    2647348 kB
Buffers:            4628 kB
Cached:          1427420 kB
SwapCached:        27764 kB
Active:          3415240 kB
Inactive:         820068 kB
Active(anon):    2709504 kB
Inactive(anon):   112340 kB
Active(file):     705736 kB
Inactive(file):   707728 kB
Unevictable:        6348 kB
Mlocked:            5908 kB
SwapTotal:       4718584 kB
SwapFree:        3973520 kB
Dirty:               192 kB
Writeback:             0 kB
AnonPages:       2803824 kB
Mapped:           646280 kB
Shmem:             13968 kB
KReclaimable:     601672 kB
Slab:             324532 kB
SReclaimable:      94268 kB
SUnreclaim:       230264 kB
KernelStack:       48160 kB
ShadowCallStack:   12084 kB
PageTables:        72100 kB
NFS_Unstable:          0 kB
Bounce:                0 kB
WritebackTmp:          0 kB
CommitLimit:     8677876 kB
Committed_AS:   70623080 kB
VmallocTotal:   263061440 kB
VmallocUsed:      130780 kB
VmallocChunk:          0 kB
Percpu:             2448 kB
CmaTotal:         405504 kB
CmaFree:           53752 kB
MemTotal:        7918588 kB
MemFree:         1058840 kB
MemAvailable:    2609408 kB
Buffers:            4628 kB
Cached:          1427428 kB
SwapCached:        27764 kB
Active:          3452612 kB
Inactive:         820068 kB
Active(anon):    2746876 kB
Inactive(anon):   112340 kB
Active(file):     705736 kB
Inactive(file):   707728 kB
Unevictable:        6348 kB
Mlocked:            5908 kB
SwapTotal:       4718584 kB
SwapFree:        3973520 kB
Dirty:               128 kB
Writeback:             0 kB
AnonPages:       2841456 kB
Mapped:           646528 kB
Shmem:             13976 kB
KReclaimable:     601056 kB
Slab:             324704 kB
SReclaimable:      94268 kB
SUnreclaim:       230436 kB
KernelStack:       48208 kB
ShadowCallStack:   12088 kB
PageTables:        72492 kB
NFS_Unstable:          0 kB
Bounce:                0 kB
WritebackTmp:          0 kB
CommitLimit:     8677876 kB
Committed_AS:   70721388 kB
VmallocTotal:   263061440 kB
VmallocUsed:      130768 kB
VmallocChunk:          0 kB
Percpu:             2448 kB
CmaTotal:         405504 kB
CmaFree:           16968 kB
MemTotal:        7918588 kB
MemFree:         1022308 kB
MemAvailable:    2572556 kB
Buffers:            4644 kB
Cached:          1427428 kB
SwapCached:        27764 kB
Active:          3489644 kB
Inactive:         820084 kB
Active(anon):    2783908 kB
Inactive(anon):   112340 kB
Active(file):     705736 kB
Inactive(file):   707744 kB
Unevictable:        6348 kB
Mlocked:            5908 kB
SwapTotal:       4718584 kB
SwapFree:        3973520 kB
Dirty:               156 kB
Writeback:             0 kB
AnonPages:       2878508 kB
Mapped:           646712 kB
Shmem:             13976 kB
KReclaimable:     600720 kB
Slab:             324604 kB
SReclaimable:      94268 kB
SUnreclaim:       230336 kB
KernelStack:       48176 kB
ShadowCallStack:   12084 kB
PageTables:        72412 kB
NFS_Unstable:          0 kB
Bounce:                0 kB
WritebackTmp:          0 kB
CommitLimit:     8677876 kB
Committed_AS:   70786928 kB
VmallocTotal:   263061440 kB
VmallocUsed:      130804 kB
VmallocChunk:          0 kB
Percpu:             2448 kB
CmaTotal:         405504 kB
CmaFree:               0 kB
MemTotal:        7918588 kB
MemFree:          986332 kB
MemAvailable:    2536236 kB
Buffers:            4644 kB
Cached:          1427440 kB
SwapCached:        27764 kB
Active:          3524372 kB
Inactive:         820096 kB
Active(anon):    2818636 kB
Inactive(anon):   112344 kB
Active(file):     705736 kB
Inactive(file):   707752 kB
Unevictable:        6348 kB
Mlocked:            5908 kB
SwapTotal:       4718584 kB
SwapFree:        3973520 kB
Dirty:                88 kB
Writeback:             0 kB
AnonPages:       2913184 kB
Mapped:           647000 kB
Shmem:             13980 kB
KReclaimable:     600368 kB
Slab:             324784 kB
SReclaimable:      94268 kB
SUnreclaim:       230516 kB
KernelStack:       48256 kB
ShadowCallStack:   12096 kB
PageTables:        72724 kB
NFS_Unstable:          0 kB
Bounce:                0 kB
WritebackTmp:          0 kB
CommitLimit:     8677876 kB
Committed_AS:   70868848 kB
VmallocTotal:   263061440 kB
VmallocUsed:      130808 kB
VmallocChunk:          0 kB
Percpu:             2448 kB
CmaTotal:         405504 kB
CmaFree:               0 kB
MemTotal:        7918588 kB
MemFree:          948764 kB
MemAvailable:    2498292 kB
Buffers:            4644 kB
Cached:          1427440 kB
SwapCached:        27764 kB
Active:          3562876 kB
Inactive:         820092 kB
Active(anon):    2857140 kB
Inactive(anon):   112340 kB
Active(file):     705736 kB
Inactive(file):   707752 kB
Unevictable:        6348 kB
Mlocked:            5908 kB
SwapTotal:       4718584 kB
SwapFree:        3973520 kB
Dirty:                88 kB
Writeback:             0 kB
AnonPages:       2951616 kB
Mapped:           647192 kB
Shmem:             13980 kB
KReclaimable:     599992 kB
Slab:             324652 kB
SReclaimable:      94268 kB
SUnreclaim:       230384 kB
KernelStack:       48144 kB
ShadowCallStack:   12088 kB
PageTables:        72676 kB
NFS_Unstable:          0 kB
Bounce:                0 kB
WritebackTmp:          0 kB
CommitLimit:     8677876 kB
Committed_AS:   70934384 kB
VmallocTotal:   263061440 kB
VmallocUsed:      130800 kB
VmallocChunk:          0 kB
Percpu:             2448 kB
CmaTotal:         405504 kB
CmaFree:               8 kB
MemTotal:        7918588 kB
MemFree:          911212 kB
MemAvailable:    2461116 kB
Buffers:            4644 kB
Cached:          1428128 kB
SwapCached:        27764 kB
Active:          3599396 kB
Inactive:         820088 kB
Active(anon):    2892972 kB
Inactive(anon):   112336 kB
Active(file):     706424 kB
Inactive(file):   707752 kB
Unevictable:        6348 kB
Mlocked:            5908 kB
SwapTotal:       4718584 kB
SwapFree:        3973776 kB
Dirty:                28 kB
Writeback:             0 kB
AnonPages:       2987648 kB
Mapped:           647660 kB
Shmem:             13980 kB
KReclaimable:     599680 kB
Slab:             324772 kB
SReclaimable:      94268 kB
SUnreclaim:       230504 kB
KernelStack:       48208 kB
ShadowCallStack:   12104 kB
PageTables:        73000 kB
NFS_Unstable:          0 kB
Bounce:                0 kB
WritebackTmp:          0 kB
CommitLimit:     8677876 kB
Committed_AS:   70999920 kB
VmallocTotal:   263061440 kB
VmallocUsed:      130804 kB
VmallocChunk:          0 kB
Percpu:             2448 kB
CmaTotal:         405504 kB
CmaFree:               0 kB
MemTotal:        7918588 kB
MemFree:          875576 kB
MemAvailable:    2425856 kB
Buffers:            4644 kB
Cached:          1428968 kB
SwapCached:        27764 kB
Active:          3634880 kB
Inactive:         820092 kB
Active(anon):    2927616 kB
Inactive(anon):   112340 kB
Active(file):     707264 kB
Inactive(file):   707752 kB
Unevictable:        6348 kB
Mlocked:            5908 kB
SwapTotal:       4718584 kB
SwapFree:        3973776 kB
Dirty:                60 kB
Writeback:             0 kB
AnonPages:       3022172 kB
Mapped:           648164 kB
Shmem:             13980 kB
KReclaimable:     599216 kB
Slab:             324788 kB
SReclaimable:      94268 kB
SUnreclaim:       230520 kB
KernelStack:       48176 kB
ShadowCallStack:   12092 kB
PageTables:        73040 kB
NFS_Unstable:          0 kB
Bounce:                0 kB
WritebackTmp:          0 kB
CommitLimit:     8677876 kB
Committed_AS:   71098224 kB
VmallocTotal:   263061440 kB
VmallocUsed:      130804 kB
VmallocChunk:          0 kB
Percpu:             2448 kB
CmaTotal:         405504 kB
CmaFree:               0 kB
MemTotal:        7918588 kB
MemFree:          840288 kB
MemAvailable:    2390156 kB
Buffers:            4652 kB
Cached:          1428976 kB
SwapCached:        27764 kB
Active:          3670540 kB
Inactive:         820100 kB
Active(anon):    2963276 kB
Inactive(anon):   112336 kB
Active(file):     707264 kB
Inactive(file):   707764 kB
Unevictable:        6348 kB
Mlocked:            5908 kB
SwapTotal:       4718584 kB
SwapFree:        3973776 kB
Dirty:                88 kB
Writeback:             0 kB
AnonPages:       3057624 kB
Mapped:           648464 kB
Shmem:             13980 kB
KReclaimable:     598792 kB
Slab:             324756 kB
SReclaimable:      94268 kB
SUnreclaim:       230488 kB
KernelStack:       48176 kB
ShadowCallStack:   12080 kB
PageTables:        73236 kB
NFS_Unstable:          0 kB
Bounce:                0 kB
WritebackTmp:          0 kB
CommitLimit:     8677876 kB
Committed_AS:   71163760 kB
VmallocTotal:   263061440 kB
VmallocUsed:      130796 kB
VmallocChunk:          0 kB
Percpu:             2448 kB
CmaTotal:         405504 kB
CmaFree:               0 kB
MemTotal:        7918588 kB
MemFree:          804276 kB
MemAvailable:    2353916 kB
Buffers:            4652 kB
Cached:          1428976 kB
SwapCached:        27764 kB
Active:          3706076 kB
Inactive:         820108 kB
Active(anon):    2998812 kB
Inactive(anon):   112340 kB
Active(file):     707264 kB
Inactive(file):   707768 kB
Unevictable:        6348 kB
Mlocked:            5908 kB
SwapTotal:       4718584 kB
SwapFree:        3973776 kB
Dirty:                88 kB
Writeback:             0 kB
AnonPages:       3093380 kB
Mapped:           648740 kB
Shmem:             13980 kB
KReclaimable:     598560 kB
Slab:             324808 kB
SReclaimable:      94268 kB
SUnreclaim:       230540 kB
KernelStack:       48208 kB
ShadowCallStack:   12100 kB
PageTables:        73352 kB
NFS_Unstable:          0 kB
Bounce:                0 kB
WritebackTmp:          0 kB
CommitLimit:     8677876 kB
Committed_AS:   71229296 kB
VmallocTotal:   263061440 kB
VmallocUsed:      130804 kB
VmallocChunk:          0 kB
Percpu:             2448 kB
CmaTotal:         405504 kB
CmaFree:               0 kB
MemTotal:        7918588 kB
MemFree:          761408 kB
MemAvailable:    2310328 kB
Buffers:            4652 kB
Cached:          1428976 kB
SwapCached:        27764 kB
Active:          3748240 kB
Inactive:         820108 kB
Active(anon):    3040976 kB
Inactive(anon):   112340 kB
Active(file):     707264 kB
Inactive(file):   707768 kB
Unevictable:        6348 kB
Mlocked:            5908 kB
SwapTotal:       4718584 kB
SwapFree:        3973776 kB
Dirty:                88 kB
Writeback:             0 kB
AnonPages:       3135464 kB
Mapped:           649204 kB
Shmem:             13980 kB
KReclaimable:     597840 kB
Slab:             324768 kB
SReclaimable:      94268 kB
SUnreclaim:       230500 kB
KernelStack:       48160 kB
ShadowCallStack:   12084 kB
PageTables:        73468 kB
NFS_Unstable:          0 kB
Bounce:                0 kB
WritebackTmp:          0 kB
CommitLimit:     8677876 kB
Committed_AS:   71311216 kB
VmallocTotal:   263061440 kB
VmallocUsed:      130788 kB
VmallocChunk:          0 kB
Percpu:             2448 kB
CmaTotal:         405504 kB
CmaFree:               0 kB
MemTotal:        7918588 kB
MemFree:          729348 kB
MemAvailable:    2278136 kB
Buffers:            4652 kB
Cached:          1429052 kB
SwapCached:        27764 kB
Active:          3781636 kB
Inactive:         820104 kB
Active(anon):    3074296 kB
Inactive(anon):   112336 kB
Active(file):     707340 kB
Inactive(file):   707768 kB
Unevictable:        6348 kB
Mlocked:            5908 kB
SwapTotal:       4718584 kB
SwapFree:        3973776 kB
Dirty:                88 kB
Writeback:             0 kB
AnonPages:       3168832 kB
Mapped:           649368 kB
Shmem:             13980 kB
KReclaimable:     597632 kB
Slab:             324872 kB
SReclaimable:      94268 kB
SUnreclaim:       230604 kB
KernelStack:       48240 kB
ShadowCallStack:   12088 kB
PageTables:        73808 kB
NFS_Unstable:          0 kB
Bounce:                0 kB
WritebackTmp:          0 kB
CommitLimit:     8677876 kB
Committed_AS:   71409608 kB
VmallocTotal:   263061440 kB
VmallocUsed:      130856 kB
VmallocChunk:          0 kB
Percpu:             2448 kB
CmaTotal:         405504 kB
CmaFree:               0 kB
MemTotal:        7918588 kB
MemFree:          660724 kB
MemAvailable:    2087696 kB
Buffers:            4652 kB
Cached:          1429172 kB
SwapCached:        27764 kB
Active:          3848560 kB
Inactive:         820088 kB
Active(anon):    3141220 kB
Inactive(anon):   112320 kB
Active(file):     707340 kB
Inactive(file):   707768 kB
Unevictable:        6348 kB
Mlocked:            5908 kB
SwapTotal:       4718584 kB
SwapFree:        3973776 kB
Dirty:                32 kB
Writeback:             0 kB
AnonPages:       3235632 kB
Mapped:           650268 kB
Shmem:             14100 kB
KReclaimable:     475816 kB
Slab:             324912 kB
SReclaimable:      94268 kB
SUnreclaim:       230644 kB
KernelStack:       48304 kB
ShadowCallStack:   12116 kB
PageTables:        73860 kB
NFS_Unstable:          0 kB
Bounce:                0 kB
WritebackTmp:          0 kB
CommitLimit:     8677876 kB
Committed_AS:   71459068 kB
VmallocTotal:   263061440 kB
VmallocUsed:      130976 kB
VmallocChunk:          0 kB
Percpu:             2448 kB
CmaTotal:         405504 kB
CmaFree:               0 kB
MemTotal:        7918588 kB
MemFree:          668792 kB
MemAvailable:    2217120 kB
Buffers:            4660 kB
Cached:          1429220 kB
SwapCached:        27764 kB
Active:          3839680 kB
Inactive:         820104 kB
Active(anon):    3132340 kB
Inactive(anon):   112320 kB
Active(file):     707340 kB
Inactive(file):   707784 kB
Unevictable:        6348 kB
Mlocked:            5908 kB
SwapTotal:       4718584 kB
SwapFree:        3973776 kB
Dirty:                60 kB
Writeback:             0 kB
AnonPages:       3226832 kB
Mapped:           649708 kB
Shmem:             14140 kB
KReclaimable:     597156 kB
Slab:             324952 kB
SReclaimable:      94268 kB
SUnreclaim:       230684 kB
KernelStack:       48256 kB
ShadowCallStack:   12088 kB
PageTables:        73876 kB
NFS_Unstable:          0 kB
Bounce:                0 kB
WritebackTmp:          0 kB
CommitLimit:     8677876 kB
Committed_AS:   71540592 kB
VmallocTotal:   263061440 kB
VmallocUsed:      130800 kB
VmallocChunk:          0 kB
Percpu:             2448 kB
CmaTotal:         405504 kB
CmaFree:               0 kB
MemTotal:        7918588 kB
MemFree:          642164 kB
MemAvailable:    2190136 kB
Buffers:            4660 kB
Cached:          1429060 kB
SwapCached:        27764 kB
Active:          3866652 kB
Inactive:         820108 kB
Active(anon):    3159312 kB
Inactive(anon):   112324 kB
Active(file):     707340 kB
Inactive(file):   707784 kB
Unevictable:        6348 kB
Mlocked:            5908 kB
SwapTotal:       4718584 kB
SwapFree:        3973776 kB
Dirty:                60 kB
Writeback:             0 kB
AnonPages:       3253796 kB
Mapped:           650044 kB
Shmem:             13980 kB
KReclaimable:     596800 kB
Slab:             324896 kB
SReclaimable:      94268 kB
SUnreclaim:       230628 kB
KernelStack:       48176 kB
ShadowCallStack:   12084 kB
PageTables:        74008 kB
NFS_Unstable:          0 kB
Bounce:                0 kB
WritebackTmp:          0 kB
CommitLimit:     8677876 kB
Committed_AS:   71573360 kB
VmallocTotal:   263061440 kB
VmallocUsed:      130784 kB
VmallocChunk:          0 kB
Percpu:             2448 kB
CmaTotal:         405504 kB
CmaFree:               0 kB
MemTotal:        7918588 kB
MemFree:          612924 kB
MemAvailable:    2160456 kB
Buffers:            4660 kB
Cached:          1429060 kB
SwapCached:        27764 kB
Active:          3897088 kB
Inactive:         820104 kB
Active(anon):    3189748 kB
Inactive(anon):   112320 kB
Active(file):     707340 kB
Inactive(file):   707784 kB
Unevictable:        6348 kB
Mlocked:            5908 kB
SwapTotal:       4718584 kB
SwapFree:        3973776 kB
Dirty:                72 kB
Writeback:             0 kB
AnonPages:       3284292 kB
Mapped:           650172 kB
Shmem:             13980 kB
KReclaimable:     596360 kB
Slab:             324980 kB
SReclaimable:      94268 kB
SUnreclaim:       230712 kB
KernelStack:       48208 kB
ShadowCallStack:   12092 kB
PageTables:        74232 kB
NFS_Unstable:          0 kB
Bounce:                0 kB
WritebackTmp:          0 kB
CommitLimit:     8677876 kB
Committed_AS:   71639920 kB
VmallocTotal:   263061440 kB
VmallocUsed:      130804 kB
VmallocChunk:          0 kB
Percpu:             2448 kB
CmaTotal:         405504 kB
CmaFree:               0 kB
MemTotal:        7918588 kB
MemFree:          576820 kB
MemAvailable:    2124016 kB
Buffers:            4660 kB
Cached:          1429060 kB
SwapCached:        27764 kB
Active:          3931964 kB
Inactive:         820104 kB
Active(anon):    3224624 kB
Inactive(anon):   112320 kB
Active(file):     707340 kB
Inactive(file):   707784 kB
Unevictable:        6348 kB
Mlocked:            5908 kB
SwapTotal:       4718584 kB
SwapFree:        3973776 kB
Dirty:                88 kB
Writeback:             0 kB
AnonPages:       3319104 kB
Mapped:           650764 kB
Shmem:             13980 kB
KReclaimable:     596024 kB
Slab:             324876 kB
SReclaimable:      94268 kB
SUnreclaim:       230608 kB
KernelStack:       48224 kB
ShadowCallStack:   12084 kB
PageTables:        74200 kB
NFS_Unstable:          0 kB
Bounce:                0 kB
WritebackTmp:          0 kB
CommitLimit:     8677876 kB
Committed_AS:   71721844 kB
VmallocTotal:   263061440 kB
VmallocUsed:      130836 kB
VmallocChunk:          0 kB
Percpu:             2448 kB
CmaTotal:         405504 kB
CmaFree:               0 kB
MemTotal:        7918588 kB
MemFree:          547908 kB
MemAvailable:    2094928 kB
Buffers:            4660 kB
Cached:          1429064 kB
SwapCached:        27764 kB
Active:          3961208 kB
Inactive:         820104 kB
Active(anon):    3253868 kB
Inactive(anon):   112320 kB
Active(file):     707340 kB
Inactive(file):   707784 kB
Unevictable:        6348 kB
Mlocked:            5908 kB
SwapTotal:       4718584 kB
SwapFree:        3973776 kB
Dirty:                44 kB
Writeback:             0 kB
AnonPages:       3348476 kB
Mapped:           650720 kB
Shmem:             13984 kB
KReclaimable:     595848 kB
Slab:             324920 kB
SReclaimable:      94268 kB
SUnreclaim:       230652 kB
KernelStack:       48192 kB
ShadowCallStack:   12088 kB
PageTables:        74388 kB
NFS_Unstable:          0 kB
Bounce:                0 kB
WritebackTmp:          0 kB
CommitLimit:     8677876 kB
Committed_AS:   71770996 kB
VmallocTotal:   263061440 kB
VmallocUsed:      130800 kB
VmallocChunk:          0 kB
Percpu:             2448 kB
CmaTotal:         405504 kB
CmaFree:               0 kB
MemTotal:        7918588 kB
MemFree:          513324 kB
MemAvailable:    2059916 kB
Buffers:            4676 kB
Cached:          1429064 kB
SwapCached:        27764 kB
Active:          3995952 kB
Inactive:         820108 kB
Active(anon):    3288612 kB
Inactive(anon):   112320 kB
Active(file):     707340 kB
Inactive(file):   707788 kB
Unevictable:        6348 kB
Mlocked:            5908 kB
SwapTotal:       4718584 kB
SwapFree:        3973776 kB
Dirty:                88 kB
Writeback:             0 kB
AnonPages:       3383156 kB
