MemTotal:        7918588 kB
MemFree:         3257480 kB
MemAvailable:    4601848 kB
Buffers:            4364 kB
Cached:          1212984 kB
SwapCached:         8536 kB
Active:           908396 kB
Inactive:        1019064 kB
Active(anon):     672228 kB
Inactive(anon):    57852 kB
Active(file):     236168 kB
Inactive(file):   961212 kB
Unevictable:        6400 kB
Mlocked:            5960 kB
SwapTotal:       4718584 kB
SwapFree:        3946596 kB
Dirty:            145384 kB
Writeback:             0 kB
AnonPages:        712120 kB
Mapped:           426296 kB
Shmem:             15292 kB
KReclaimable:     627324 kB
Slab:             319032 kB
SReclaimable:      87944 kB
SUnreclaim:       231088 kB
KernelStack:       49760 kB
ShadowCallStack:   12464 kB
PageTables:        65384 kB
NFS_Unstable:          0 kB
Bounce:                0 kB
WritebackTmp:          0 kB
CommitLimit:     8677876 kB
Committed_AS:   66090372 kB
VmallocTotal:   263061440 kB
VmallocUsed:      134080 kB
VmallocChunk:          0 kB
Percpu:             2448 kB
CmaTotal:         405504 kB
CmaFree:          303352 kB
MemTotal:        7918588 kB
MemFree:         3272700 kB
MemAvailable:    4961876 kB
Buffers:            4372 kB
Cached:          1218520 kB
SwapCached:         8696 kB
Active:           892844 kB
Inactive:        1019332 kB
Active(anon):     651992 kB
Inactive(anon):    57844 kB
Active(file):     240852 kB
Inactive(file):   961488 kB
Unevictable:        6400 kB
Mlocked:            5960 kB
SwapTotal:       4718584 kB
SwapFree:        3947108 kB
Dirty:            145392 kB
Writeback:             0 kB
AnonPages:        691044 kB
Mapped:           470212 kB
Shmem:             15876 kB
KReclaimable:     967172 kB
Slab:             318804 kB
SReclaimable:      88044 kB
SUnreclaim:       230760 kB
KernelStack:       50128 kB
ShadowCallStack:   12592 kB
PageTables:        65532 kB
NFS_Unstable:          0 kB
Bounce:                0 kB
WritebackTmp:          0 kB
CommitLimit:     8677876 kB
Committed_AS:   66165044 kB
VmallocTotal:   263061440 kB
VmallocUsed:      134512 kB
VmallocChunk:          0 kB
Percpu:             2448 kB
CmaTotal:         405504 kB
CmaFree:          303444 kB
MemTotal:        7918588 kB
MemFree:         3241164 kB
MemAvailable:    4715904 kB
Buffers:            4696 kB
Cached:          1219984 kB
SwapCached:         8724 kB
Active:           921800 kB
Inactive:        1019852 kB
Active(anon):     679696 kB
Inactive(anon):    57844 kB
Active(file):     242104 kB
Inactive(file):   962008 kB
Unevictable:        6400 kB
Mlocked:            5960 kB
SwapTotal:       4718584 kB
SwapFree:        3949412 kB
Dirty:            145452 kB
Writeback:             0 kB
AnonPages:        718752 kB
Mapped:           481652 kB
Shmem:             15892 kB
KReclaimable:     750964 kB
Slab:             319256 kB
SReclaimable:      88060 kB
SUnreclaim:       231196 kB
KernelStack:       50176 kB
ShadowCallStack:   12568 kB
PageTables:        66108 kB
NFS_Unstable:          0 kB
Bounce:                0 kB
WritebackTmp:          0 kB
CommitLimit:     8677876 kB
Committed_AS:   66194284 kB
VmallocTotal:   263061440 kB
VmallocUsed:      134628 kB
VmallocChunk:          0 kB
Percpu:             2448 kB
CmaTotal:         405504 kB
CmaFree:          303448 kB
MemTotal:        7918588 kB
MemFree:         3237820 kB
MemAvailable:    4712668 kB
Buffers:            4704 kB
Cached:          1220836 kB
SwapCached:         8724 kB
Active:           925568 kB
Inactive:        1019844 kB
Active(anon):     682604 kB
Inactive(anon):    57836 kB
Active(file):     242964 kB
Inactive(file):   962008 kB
Unevictable:        6400 kB
Mlocked:            5960 kB
SwapTotal:       4718584 kB
SwapFree:        3949924 kB
Dirty:            144160 kB
Writeback:             4 kB
AnonPages:        721948 kB
Mapped:           482044 kB
Shmem:             15892 kB
KReclaimable:     750212 kB
Slab:             319264 kB
SReclaimable:      88076 kB
SUnreclaim:       231188 kB
KernelStack:       50176 kB
ShadowCallStack:   12560 kB
PageTables:        66144 kB
NFS_Unstable:          0 kB
Bounce:                0 kB
WritebackTmp:          0 kB
CommitLimit:     8677876 kB
Committed_AS:   66194284 kB
VmallocTotal:   263061440 kB
VmallocUsed:      134652 kB
VmallocChunk:          0 kB
Percpu:             2448 kB
CmaTotal:         405504 kB
CmaFree:          303448 kB
MemTotal:        7918588 kB
MemFree:         3242936 kB
MemAvailable:    4718560 kB
Buffers:            4704 kB
Cached:          1221660 kB
SwapCached:         8728 kB
Active:           923268 kB
Inactive:        1019840 kB
Active(anon):     679588 kB
Inactive(anon):    57796 kB
Active(file):     243680 kB
Inactive(file):   962044 kB
Unevictable:        6400 kB
Mlocked:            5960 kB
SwapTotal:       4718584 kB
SwapFree:        3956836 kB
Dirty:            144300 kB
Writeback:             0 kB
AnonPages:        718592 kB
Mapped:           482752 kB
Shmem:             15964 kB
KReclaimable:     750236 kB
Slab:             319348 kB
SReclaimable:      88092 kB
SUnreclaim:       231256 kB
KernelStack:       50176 kB
ShadowCallStack:   12564 kB
PageTables:        66060 kB
NFS_Unstable:          0 kB
Bounce:                0 kB
WritebackTmp:          0 kB
CommitLimit:     8677876 kB
Committed_AS:   66194232 kB
VmallocTotal:   263061440 kB
VmallocUsed:      134628 kB
VmallocChunk:          0 kB
Percpu:             2448 kB
CmaTotal:         405504 kB
CmaFree:          305056 kB
MemTotal:        7918588 kB
MemFree:         3211676 kB
MemAvailable:    4585940 kB
Buffers:            4704 kB
Cached:          1221720 kB
SwapCached:         8728 kB
Active:           955696 kB
Inactive:        1019836 kB
Active(anon):     712016 kB
Inactive(anon):    57792 kB
Active(file):     243680 kB
Inactive(file):   962044 kB
Unevictable:        6400 kB
Mlocked:            5960 kB
SwapTotal:       4718584 kB
SwapFree:        3957092 kB
Dirty:            144300 kB
Writeback:             0 kB
AnonPages:        750720 kB
Mapped:           483432 kB
Shmem:             16024 kB
KReclaimable:     648876 kB
Slab:             319432 kB
SReclaimable:      88092 kB
SUnreclaim:       231340 kB
KernelStack:       50096 kB
ShadowCallStack:   12524 kB
PageTables:        66016 kB
NFS_Unstable:          0 kB
Bounce:                0 kB
WritebackTmp:          0 kB
CommitLimit:     8677876 kB
Committed_AS:   66194164 kB
VmallocTotal:   263061440 kB
VmallocUsed:      134316 kB
VmallocChunk:          0 kB
Percpu:             2448 kB
CmaTotal:         405504 kB
CmaFree:          305128 kB
MemTotal:        7918588 kB
MemFree:         3229396 kB
MemAvailable:    4726716 kB
Buffers:            4704 kB
Cached:          1223208 kB
SwapCached:         8728 kB
Active:           937940 kB
Inactive:        1019828 kB
Active(anon):     692732 kB
Inactive(anon):    57784 kB
Active(file):     245208 kB
Inactive(file):   962044 kB
Unevictable:        6400 kB
Mlocked:            5960 kB
SwapTotal:       4718584 kB
SwapFree:        3957348 kB
Dirty:            144300 kB
Writeback:             0 kB
AnonPages:        731508 kB
Mapped:           485028 kB
Shmem:             15984 kB
KReclaimable:     770404 kB
Slab:             319348 kB
SReclaimable:      88108 kB
SUnreclaim:       231240 kB
KernelStack:       49968 kB
ShadowCallStack:   12524 kB
PageTables:        66084 kB
NFS_Unstable:          0 kB
Bounce:                0 kB
WritebackTmp:          0 kB
CommitLimit:     8677876 kB
Committed_AS:   66214012 kB
VmallocTotal:   263061440 kB
VmallocUsed:      134156 kB
VmallocChunk:          0 kB
Percpu:             2448 kB
CmaTotal:         405504 kB
CmaFree:          305156 kB
MemTotal:        7918588 kB
MemFree:         3146336 kB
MemAvailable:    4643860 kB
Buffers:            4708 kB
Cached:          1223388 kB
SwapCached:         8728 kB
Active:          1020452 kB
Inactive:        1019832 kB
Active(anon):     775060 kB
Inactive(anon):    57788 kB
Active(file):     245392 kB
Inactive(file):   962044 kB
Unevictable:        6400 kB
Mlocked:            5960 kB
SwapTotal:       4718584 kB
SwapFree:        3957348 kB
Dirty:            144300 kB
Writeback:             0 kB
AnonPages:        814024 kB
Mapped:           498268 kB
Shmem:             15984 kB
KReclaimable:     770424 kB
Slab:             319168 kB
SReclaimable:      88124 kB
SUnreclaim:       231044 kB
KernelStack:       50048 kB
ShadowCallStack:   12512 kB
PageTables:        66384 kB
NFS_Unstable:          0 kB
Bounce:                0 kB
WritebackTmp:          0 kB
CommitLimit:     8677876 kB
Committed_AS:   66377092 kB
VmallocTotal:   263061440 kB
VmallocUsed:      134156 kB
VmallocChunk:          0 kB
Percpu:             2448 kB
CmaTotal:         405504 kB
CmaFree:          305148 kB
MemTotal:        7918588 kB
MemFree:         3014112 kB
MemAvailable:    4443852 kB
Buffers:            4740 kB
Cached:          1223548 kB
SwapCached:         8740 kB
Active:          1152020 kB
Inactive:        1019932 kB
Active(anon):     906576 kB
Inactive(anon):    57780 kB
Active(file):     245444 kB
Inactive(file):   962152 kB
Unevictable:        6400 kB
Mlocked:            5960 kB
SwapTotal:       4718584 kB
SwapFree:        3957348 kB
Dirty:             17660 kB
Writeback:            84 kB
AnonPages:        945460 kB
Mapped:           571092 kB
Shmem:             16016 kB
KReclaimable:     702480 kB
Slab:             319400 kB
SReclaimable:      88236 kB
SUnreclaim:       231164 kB
KernelStack:       50064 kB
ShadowCallStack:   12532 kB
PageTables:        66888 kB
NFS_Unstable:          0 kB
Bounce:                0 kB
WritebackTmp:          0 kB
CommitLimit:     8677876 kB
Committed_AS:   66576268 kB
VmallocTotal:   263061440 kB
VmallocUsed:      134164 kB
VmallocChunk:          0 kB
Percpu:             2448 kB
CmaTotal:         405504 kB
CmaFree:          305164 kB
MemTotal:        7918588 kB
MemFree:         2937172 kB
MemAvailable:    4323792 kB
Buffers:            4756 kB
Cached:          1229452 kB
SwapCached:         8752 kB
Active:          1228276 kB
Inactive:        1020004 kB
Active(anon):     976976 kB
Inactive(anon):    57788 kB
Active(file):     251300 kB
Inactive(file):   962216 kB
Unevictable:        6400 kB
Mlocked:            5960 kB
SwapTotal:       4718584 kB
SwapFree:        3957348 kB
Dirty:             17532 kB
Writeback:            16 kB
AnonPages:       1016064 kB
Mapped:           595832 kB
Shmem:             16020 kB
KReclaimable:     653440 kB
Slab:             319580 kB
SReclaimable:      88236 kB
SUnreclaim:       231344 kB
KernelStack:       50048 kB
ShadowCallStack:   12536 kB
PageTables:        67212 kB
NFS_Unstable:          0 kB
Bounce:                0 kB
WritebackTmp:          0 kB
CommitLimit:     8677876 kB
Committed_AS:   66733084 kB
VmallocTotal:   263061440 kB
VmallocUsed:      134236 kB
VmallocChunk:          0 kB
Percpu:             2448 kB
CmaTotal:         405504 kB
CmaFree:          305156 kB
MemTotal:        7918588 kB
MemFree:         2851616 kB
MemAvailable:    4237360 kB
Buffers:            4756 kB
Cached:          1229604 kB
SwapCached:         8752 kB
Active:          1314964 kB
Inactive:        1020056 kB
Active(anon):    1063596 kB
Inactive(anon):    57768 kB
Active(file):     251368 kB
Inactive(file):   962288 kB
Unevictable:        6400 kB
Mlocked:            5960 kB
SwapTotal:       4718584 kB
SwapFree:        3957348 kB
Dirty:             17680 kB
Writeback:             0 kB
AnonPages:       1102492 kB
Mapped:           597184 kB
Shmem:             16028 kB
KReclaimable:     652424 kB
Slab:             319776 kB
SReclaimable:      88252 kB
SUnreclaim:       231524 kB
KernelStack:       50064 kB
ShadowCallStack:   12540 kB
PageTables:        67716 kB
NFS_Unstable:          0 kB
Bounce:                0 kB
WritebackTmp:          0 kB
CommitLimit:     8677876 kB
Committed_AS:   66978844 kB
VmallocTotal:   263061440 kB
VmallocUsed:      134236 kB
VmallocChunk:          0 kB
Percpu:             2448 kB
CmaTotal:         405504 kB
CmaFree:          305156 kB
MemTotal:        7918588 kB
MemFree:         2761112 kB
MemAvailable:    4145616 kB
Buffers:            4756 kB
Cached:          1229544 kB
SwapCached:         8752 kB
Active:          1404812 kB
Inactive:        1019700 kB
Active(anon):    1153444 kB
Inactive(anon):    57412 kB
Active(file):     251368 kB
Inactive(file):   962288 kB
Unevictable:        6400 kB
Mlocked:            5960 kB
SwapTotal:       4718584 kB
SwapFree:        3957348 kB
Dirty:             17684 kB
Writeback:             0 kB
AnonPages:       1192132 kB
Mapped:           597964 kB
Shmem:             15968 kB
KReclaimable:     651184 kB
Slab:             319712 kB
SReclaimable:      88252 kB
SUnreclaim:       231460 kB
KernelStack:       50064 kB
ShadowCallStack:   12540 kB
PageTables:        68188 kB
NFS_Unstable:          0 kB
Bounce:                0 kB
WritebackTmp:          0 kB
CommitLimit:     8677876 kB
Committed_AS:   67191776 kB
VmallocTotal:   263061440 kB
VmallocUsed:      134232 kB
VmallocChunk:          0 kB
Percpu:             2448 kB
CmaTotal:         405504 kB
CmaFree:          305284 kB
MemTotal:        7918588 kB
MemFree:         2653368 kB
MemAvailable:    4027940 kB
Buffers:            4784 kB
Cached:          1229540 kB
SwapCached:         8752 kB
Active:          1512216 kB
Inactive:        1019736 kB
Active(anon):    1260848 kB
Inactive(anon):    57424 kB
Active(file):     251368 kB
Inactive(file):   962312 kB
Unevictable:        6400 kB
Mlocked:            5960 kB
SwapTotal:       4718584 kB
SwapFree:        3957604 kB
Dirty:             17640 kB
Writeback:            64 kB
AnonPages:       1299528 kB
Mapped:           598984 kB
Shmem:             15968 kB
KReclaimable:     641228 kB
Slab:             319788 kB
SReclaimable:      88220 kB
SUnreclaim:       231568 kB
KernelStack:       50016 kB
ShadowCallStack:   12528 kB
PageTables:        68636 kB
NFS_Unstable:          0 kB
Bounce:                0 kB
WritebackTmp:          0 kB
CommitLimit:     8677876 kB
Committed_AS:   67453872 kB
VmallocTotal:   263061440 kB
VmallocUsed:      134228 kB
VmallocChunk:          0 kB
Percpu:             2448 kB
CmaTotal:         405504 kB
CmaFree:          305380 kB
MemTotal:        7918588 kB
MemFree:         2566876 kB
MemAvailable:    3940660 kB
Buffers:            4784 kB
Cached:          1229588 kB
SwapCached:         8752 kB
Active:          1600176 kB
Inactive:        1019780 kB
Active(anon):    1348808 kB
Inactive(anon):    57424 kB
Active(file):     251368 kB
Inactive(file):   962356 kB
Unevictable:        6400 kB
Mlocked:            5960 kB
SwapTotal:       4718584 kB
SwapFree:        3962212 kB
Dirty:             17668 kB
Writeback:             0 kB
AnonPages:       1387448 kB
Mapped:           599464 kB
Shmem:             15972 kB
KReclaimable:     640396 kB
Slab:             319784 kB
SReclaimable:      88220 kB
SUnreclaim:       231564 kB
KernelStack:       50032 kB
ShadowCallStack:   12532 kB
PageTables:        69048 kB
NFS_Unstable:          0 kB
Bounce:                0 kB
WritebackTmp:          0 kB
CommitLimit:     8677876 kB
Committed_AS:   67683204 kB
VmallocTotal:   263061440 kB
VmallocUsed:      134208 kB
VmallocChunk:          0 kB
Percpu:             2448 kB
CmaTotal:         405504 kB
CmaFree:          305380 kB
MemTotal:        7918588 kB
MemFree:         2468760 kB
MemAvailable:    3840560 kB
Buffers:            4784 kB
Cached:          1229596 kB
SwapCached:         8752 kB
Active:          1697164 kB
Inactive:        1019768 kB
Active(anon):    1445796 kB
Inactive(anon):    57412 kB
Active(file):     251368 kB
Inactive(file):   962356 kB
Unevictable:        6400 kB
Mlocked:            5960 kB
SwapTotal:       4718584 kB
SwapFree:        3962212 kB
Dirty:             17668 kB
Writeback:             0 kB
AnonPages:       1484284 kB
Mapped:           600408 kB
Shmem:             15980 kB
KReclaimable:     638412 kB
Slab:             319864 kB
SReclaimable:      88220 kB
SUnreclaim:       231644 kB
KernelStack:       50032 kB
ShadowCallStack:   12536 kB
PageTables:        69568 kB
NFS_Unstable:          0 kB
Bounce:                0 kB
WritebackTmp:          0 kB
CommitLimit:     8677876 kB
Committed_AS:   67912592 kB
VmallocTotal:   263061440 kB
VmallocUsed:      134212 kB
VmallocChunk:          0 kB
Percpu:             2448 kB
CmaTotal:         405504 kB
CmaFree:          305380 kB
MemTotal:        7918588 kB
MemFree:         2365236 kB
MemAvailable:    3737156 kB
Buffers:            4784 kB
Cached:          1230856 kB
SwapCached:         8752 kB
Active:          1800080 kB
Inactive:        1019780 kB
Active(anon):    1547464 kB
Inactive(anon):    57424 kB
Active(file):     252616 kB
Inactive(file):   962356 kB
Unevictable:        6400 kB
Mlocked:            5960 kB
SwapTotal:       4718584 kB
SwapFree:        3962724 kB
Dirty:             17668 kB
Writeback:             0 kB
AnonPages:       1586048 kB
Mapped:           602232 kB
Shmem:             15992 kB
KReclaimable:     637284 kB
Slab:             319916 kB
SReclaimable:      88220 kB
SUnreclaim:       231696 kB
KernelStack:       50064 kB
ShadowCallStack:   12520 kB
PageTables:        70300 kB
NFS_Unstable:          0 kB
Bounce:                0 kB
WritebackTmp:          0 kB
CommitLimit:     8677876 kB
Committed_AS:   68158356 kB
VmallocTotal:   263061440 kB
VmallocUsed:      134192 kB
VmallocChunk:          0 kB
Percpu:             2448 kB
CmaTotal:         405504 kB
CmaFree:          305380 kB
MemTotal:        7918588 kB
MemFree:         2274460 kB
MemAvailable:    3645252 kB
Buffers:            4784 kB
Cached:          1230856 kB
SwapCached:         8752 kB
Active:          1891112 kB
Inactive:        1019776 kB
Active(anon):    1638496 kB
Inactive(anon):    57420 kB
Active(file):     252616 kB
Inactive(file):   962356 kB
Unevictable:        6400 kB
Mlocked:            5960 kB
SwapTotal:       4718584 kB
SwapFree:        3962724 kB
Dirty:             17668 kB
Writeback:             0 kB
AnonPages:       1677152 kB
Mapped:           602852 kB
Shmem:             15992 kB
KReclaimable:     636156 kB
Slab:             319892 kB
SReclaimable:      88220 kB
SUnreclaim:       231672 kB
KernelStack:       50016 kB
ShadowCallStack:   12528 kB
PageTables:        70592 kB
NFS_Unstable:          0 kB
Bounce:                0 kB
WritebackTmp:          0 kB
CommitLimit:     8677876 kB
Committed_AS:   68387728 kB
VmallocTotal:   263061440 kB
VmallocUsed:      134188 kB
VmallocChunk:          0 kB
Percpu:             2448 kB
CmaTotal:         405504 kB
CmaFree:          305380 kB
MemTotal:        7918588 kB
MemFree:         2180324 kB
MemAvailable:    3550128 kB
Buffers:            4784 kB
Cached:          1231156 kB
SwapCached:         8752 kB
Active:          1983856 kB
Inactive:        1019772 kB
Active(anon):    1730940 kB
Inactive(anon):    57416 kB
Active(file):     252916 kB
Inactive(file):   962356 kB
Unevictable:        6400 kB
Mlocked:            5960 kB
SwapTotal:       4718584 kB
SwapFree:        3962724 kB
Dirty:             17668 kB
Writeback:             0 kB
AnonPages:       1769624 kB
Mapped:           603736 kB
Shmem:             15992 kB
KReclaimable:     634868 kB
Slab:             320012 kB
SReclaimable:      88220 kB
SUnreclaim:       231792 kB
KernelStack:       49984 kB
ShadowCallStack:   12524 kB
PageTables:        70736 kB
NFS_Unstable:          0 kB
Bounce:                0 kB
WritebackTmp:          0 kB
CommitLimit:     8677876 kB
Committed_AS:   68633488 kB
VmallocTotal:   263061440 kB
VmallocUsed:      134208 kB
VmallocChunk:          0 kB
Percpu:             2448 kB
CmaTotal:         405504 kB
CmaFree:          305380 kB
MemTotal:        7918588 kB
MemFree:         2082740 kB
MemAvailable:    3451560 kB
Buffers:            4800 kB
Cached:          1231156 kB
SwapCached:         8752 kB
Active:          2080700 kB
Inactive:        1019796 kB
Active(anon):    1827784 kB
Inactive(anon):    57424 kB
Active(file):     252916 kB
Inactive(file):   962372 kB
Unevictable:        6400 kB
Mlocked:            5960 kB
SwapTotal:       4718584 kB
SwapFree:        3962724 kB
Dirty:             17788 kB
Writeback:             0 kB
AnonPages:       1866348 kB
Mapped:           604448 kB
Shmem:             15992 kB
KReclaimable:     633868 kB
Slab:             320016 kB
SReclaimable:      88220 kB
SUnreclaim:       231796 kB
KernelStack:       50016 kB
ShadowCallStack:   12536 kB
PageTables:        71352 kB
NFS_Unstable:          0 kB
Bounce:                0 kB
WritebackTmp:          0 kB
CommitLimit:     8677876 kB
Committed_AS:   68830100 kB
VmallocTotal:   263061440 kB
VmallocUsed:      134208 kB
VmallocChunk:          0 kB
Percpu:             2448 kB
CmaTotal:         405504 kB
CmaFree:          305380 kB
MemTotal:        7918588 kB
MemFree:         2000764 kB
MemAvailable:    3368544 kB
Buffers:            4800 kB
Cached:          1231160 kB
SwapCached:         8752 kB
Active:          2163648 kB
Inactive:        1019788 kB
Active(anon):    1910732 kB
Inactive(anon):    57416 kB
Active(file):     252916 kB
Inactive(file):   962372 kB
Unevictable:        6400 kB
Mlocked:            5960 kB
SwapTotal:       4718584 kB
SwapFree:        3962980 kB
Dirty:             17796 kB
Writeback:             0 kB
AnonPages:       1949200 kB
Mapped:           605248 kB
Shmem:             15996 kB
KReclaimable:     632828 kB
Slab:             320068 kB
SReclaimable:      88220 kB
SUnreclaim:       231848 kB
KernelStack:       50000 kB
ShadowCallStack:   12524 kB
PageTables:        71812 kB
NFS_Unstable:          0 kB
Bounce:                0 kB
WritebackTmp:          0 kB
CommitLimit:     8677876 kB
Committed_AS:   69043096 kB
VmallocTotal:   263061440 kB
VmallocUsed:      134208 kB
VmallocChunk:          0 kB
Percpu:             2448 kB
CmaTotal:         405504 kB
CmaFree:          305372 kB
MemTotal:        7918588 kB
MemFree:         1905000 kB
MemAvailable:    3271268 kB
Buffers:            4800 kB
Cached:          1231164 kB
SwapCached:         8752 kB
Active:          2258352 kB
Inactive:        1019796 kB
Active(anon):    2005436 kB
Inactive(anon):    57424 kB
Active(file):     252916 kB
Inactive(file):   962372 kB
Unevictable:        6400 kB
Mlocked:            5960 kB
SwapTotal:       4718584 kB
SwapFree:        3962980 kB
Dirty:             17852 kB
Writeback:             0 kB
AnonPages:       2044016 kB
Mapped:           606132 kB
Shmem:             16000 kB
KReclaimable:     631316 kB
Slab:             320096 kB
SReclaimable:      88220 kB
SUnreclaim:       231876 kB
KernelStack:       50032 kB
ShadowCallStack:   12532 kB
PageTables:        72180 kB
NFS_Unstable:          0 kB
Bounce:                0 kB
WritebackTmp:          0 kB
CommitLimit:     8677876 kB
Committed_AS:   69272472 kB
VmallocTotal:   263061440 kB
VmallocUsed:      134204 kB
VmallocChunk:          0 kB
Percpu:             2448 kB
CmaTotal:         405504 kB
CmaFree:          305484 kB
MemTotal:        7918588 kB
MemFree:         1840912 kB
MemAvailable:    3206580 kB
Buffers:            4800 kB
Cached:          1231168 kB
SwapCached:         8752 kB
Active:          2321472 kB
Inactive:        1019788 kB
Active(anon):    2068556 kB
Inactive(anon):    57416 kB
Active(file):     252916 kB
Inactive(file):   962372 kB
Unevictable:        6400 kB
Mlocked:            5960 kB
SwapTotal:       4718584 kB
SwapFree:        3962980 kB
Dirty:             17852 kB
Writeback:             0 kB
AnonPages:       2107256 kB
Mapped:           606600 kB
Shmem:             16004 kB
KReclaimable:     630716 kB
Slab:             320248 kB
SReclaimable:      88220 kB
SUnreclaim:       232028 kB
KernelStack:       50000 kB
ShadowCallStack:   12528 kB
PageTables:        72656 kB
NFS_Unstable:          0 kB
Bounce:                0 kB
WritebackTmp:          0 kB
CommitLimit:     8677876 kB
Committed_AS:   69436316 kB
VmallocTotal:   263061440 kB
VmallocUsed:      134212 kB
VmallocChunk:          0 kB
Percpu:             2448 kB
CmaTotal:         405504 kB
CmaFree:          305484 kB
MemTotal:        7918588 kB
MemFree:         1766180 kB
MemAvailable:    3131064 kB
Buffers:            4824 kB
Cached:          1231184 kB
SwapCached:         8752 kB
Active:          2395428 kB
Inactive:        1019832 kB
Active(anon):    2142512 kB
Inactive(anon):    57420 kB
Active(file):     252916 kB
Inactive(file):   962412 kB
Unevictable:        6400 kB
Mlocked:            5960 kB
SwapTotal:       4718584 kB
SwapFree:        3962980 kB
Dirty:             17856 kB
Writeback:             0 kB
AnonPages:       2181196 kB
Mapped:           607140 kB
Shmem:             16004 kB
KReclaimable:     629892 kB
Slab:             320156 kB
SReclaimable:      88220 kB
SUnreclaim:       231936 kB
KernelStack:       49984 kB
ShadowCallStack:   12508 kB
PageTables:        72940 kB
NFS_Unstable:          0 kB
Bounce:                0 kB
WritebackTmp:          0 kB
CommitLimit:     8677876 kB
Committed_AS:   69600104 kB
VmallocTotal:   263061440 kB
VmallocUsed:      134184 kB
VmallocChunk:          0 kB
Percpu:             2448 kB
CmaTotal:         405504 kB
CmaFree:          305484 kB
MemTotal:        7918588 kB
MemFree:         1679756 kB
MemAvailable:    3043160 kB
Buffers:            4824 kB
Cached:          1231176 kB
SwapCached:         8752 kB
Active:          2483472 kB
Inactive:        1019816 kB
Active(anon):    2230556 kB
Inactive(anon):    57412 kB
Active(file):     252916 kB
Inactive(file):   962404 kB
Unevictable:        6400 kB
Mlocked:            5960 kB
SwapTotal:       4718584 kB
SwapFree:        3962980 kB
Dirty:             17856 kB
Writeback:             0 kB
AnonPages:       2269128 kB
Mapped:           607884 kB
Shmem:             16004 kB
KReclaimable:     628420 kB
Slab:             320192 kB
SReclaimable:      88220 kB
SUnreclaim:       231972 kB
KernelStack:       50000 kB
ShadowCallStack:   12520 kB
PageTables:        73212 kB
NFS_Unstable:          0 kB
Bounce:                0 kB
WritebackTmp:          0 kB
CommitLimit:     8677876 kB
Committed_AS:   69796712 kB
VmallocTotal:   263061440 kB
VmallocUsed:      134184 kB
VmallocChunk:          0 kB
Percpu:             2448 kB
CmaTotal:         405504 kB
CmaFree:          271296 kB
MemTotal:        7918588 kB
MemFree:         1623780 kB
MemAvailable:    2986552 kB
Buffers:            4824 kB
Cached:          1231184 kB
SwapCached:         8752 kB
Active:          2539172 kB
Inactive:        1019820 kB
Active(anon):    2286256 kB
Inactive(anon):    57416 kB
Active(file):     252916 kB
Inactive(file):   962404 kB
Unevictable:        6400 kB
Mlocked:            5960 kB
SwapTotal:       4718584 kB
SwapFree:        3963236 kB
Dirty:             17868 kB
Writeback:             0 kB
AnonPages:       2324664 kB
Mapped:           608228 kB
Shmem:             16012 kB
KReclaimable:     627788 kB
Slab:             320116 kB
SReclaimable:      88236 kB
SUnreclaim:       231880 kB
KernelStack:       50016 kB
ShadowCallStack:   12524 kB
PageTables:        73504 kB
NFS_Unstable:          0 kB
Bounce:                0 kB
WritebackTmp:          0 kB
CommitLimit:     8677876 kB
Committed_AS:   69927796 kB
VmallocTotal:   263061440 kB
VmallocUsed:      134192 kB
VmallocChunk:          0 kB
Percpu:             2448 kB
CmaTotal:         405504 kB
CmaFree:          215572 kB
MemTotal:        7918588 kB
MemFree:         1542344 kB
MemAvailable:    2903788 kB
Buffers:            4824 kB
Cached:          1231184 kB
SwapCached:         8752 kB
Active:          2620004 kB
Inactive:        1019820 kB
Active(anon):    2367088 kB
Inactive(anon):    57416 kB
Active(file):     252916 kB
Inactive(file):   962404 kB
Unevictable:        6400 kB
Mlocked:            5960 kB
SwapTotal:       4718584 kB
SwapFree:        3963236 kB
Dirty:             17876 kB
Writeback:             0 kB
AnonPages:       2405636 kB
Mapped:           609056 kB
Shmem:             16012 kB
KReclaimable:     626460 kB
Slab:             320224 kB
SReclaimable:      88236 kB
SUnreclaim:       231988 kB
KernelStack:       50016 kB
ShadowCallStack:   12524 kB
PageTables:        73804 kB
NFS_Unstable:          0 kB
Bounce:                0 kB
WritebackTmp:          0 kB
CommitLimit:     8677876 kB
Committed_AS:   70108016 kB
VmallocTotal:   263061440 kB
VmallocUsed:      134184 kB
VmallocChunk:          0 kB
Percpu:             2448 kB
CmaTotal:         405504 kB
CmaFree:          134120 kB
MemTotal:        7918588 kB
MemFree:         1453272 kB
MemAvailable:    2693820 kB
Buffers:            4824 kB
Cached:          1231240 kB
SwapCached:         8752 kB
Active:          2709548 kB
Inactive:        1019832 kB
Active(anon):    2456632 kB
Inactive(anon):    57420 kB
Active(file):     252916 kB
Inactive(file):   962412 kB
Unevictable:        6400 kB
Mlocked:            5960 kB
SwapTotal:       4718584 kB
SwapFree:        3963236 kB
Dirty:             17936 kB
Writeback:             0 kB
AnonPages:       2495148 kB
Mapped:           610072 kB
Shmem:             16060 kB
KReclaimable:     505556 kB
Slab:             320328 kB
SReclaimable:      88236 kB
SUnreclaim:       232092 kB
KernelStack:       50112 kB
ShadowCallStack:   12552 kB
PageTables:        74116 kB
NFS_Unstable:          0 kB
Bounce:                0 kB
WritebackTmp:          0 kB
CommitLimit:     8677876 kB
Committed_AS:   70224124 kB
VmallocTotal:   263061440 kB
VmallocUsed:      134360 kB
VmallocChunk:          0 kB
Percpu:             2448 kB
CmaTotal:         405504 kB
CmaFree:           45308 kB
MemTotal:        7918588 kB
MemFree:         1400780 kB
MemAvailable:    2640216 kB
Buffers:            4824 kB
Cached:          1231308 kB
SwapCached:         8752 kB
Active:          2762932 kB
Inactive:        1019828 kB
Active(anon):    2510016 kB
Inactive(anon):    57416 kB
Active(file):     252916 kB
Inactive(file):   962412 kB
Unevictable:        6400 kB
Mlocked:            5960 kB
SwapTotal:       4718584 kB
SwapFree:        3963236 kB
Dirty:             17936 kB
Writeback:             0 kB
AnonPages:       2548424 kB
Mapped:           610328 kB
Shmem:             16128 kB
KReclaimable:     504444 kB
Slab:             320456 kB
SReclaimable:      88252 kB
SUnreclaim:       232204 kB
KernelStack:       50112 kB
ShadowCallStack:   12540 kB
PageTables:        74360 kB
NFS_Unstable:          0 kB
Bounce:                0 kB
WritebackTmp:          0 kB
CommitLimit:     8677876 kB
Committed_AS:   70355196 kB
VmallocTotal:   263061440 kB
VmallocUsed:      134360 kB
VmallocChunk:          0 kB
Percpu:             2448 kB
CmaTotal:         405504 kB
CmaFree:               4 kB
MemTotal:        7918588 kB
MemFree:         1357056 kB
MemAvailable:    2716836 kB
Buffers:            4832 kB
Cached:          1231752 kB
SwapCached:         8752 kB
Active:          2806488 kB
Inactive:        1019836 kB
Active(anon):    2553172 kB
Inactive(anon):    57416 kB
Active(file):     253316 kB
Inactive(file):   962420 kB
Unevictable:        6400 kB
Mlocked:            5960 kB
SwapTotal:       4718584 kB
SwapFree:        3963236 kB
Dirty:             17936 kB
Writeback:             0 kB
AnonPages:       2591600 kB
Mapped:           610720 kB
Shmem:             16172 kB
KReclaimable:     624380 kB
Slab:             320400 kB
SReclaimable:      88252 kB
SUnreclaim:       232148 kB
KernelStack:       50048 kB
ShadowCallStack:   12528 kB
PageTables:        74720 kB
NFS_Unstable:          0 kB
Bounce:                0 kB
WritebackTmp:          0 kB
CommitLimit:     8677876 kB
Committed_AS:   70535024 kB
VmallocTotal:   263061440 kB
VmallocUsed:      134204 kB
VmallocChunk:          0 kB
Percpu:             2448 kB
CmaTotal:         405504 kB
CmaFree:           23016 kB
MemTotal:        7918588 kB
MemFree:         1315708 kB
MemAvailable:    2675144 kB
Buffers:            4832 kB
Cached:          1231616 kB
SwapCached:         8752 kB
Active:          2848636 kB
Inactive:        1019836 kB
Active(anon):    2595296 kB
Inactive(anon):    57416 kB
Active(file):     253340 kB
Inactive(file):   962420 kB
Unevictable:        6400 kB
Mlocked:            5960 kB
SwapTotal:       4718584 kB
SwapFree:        3963236 kB
Dirty:             17948 kB
Writeback:             0 kB
AnonPages:       2634104 kB
Mapped:           610788 kB
Shmem:             16012 kB
KReclaimable:     624012 kB
Slab:             320400 kB
SReclaimable:      88284 kB
SUnreclaim:       232116 kB
KernelStack:       49984 kB
ShadowCallStack:   12536 kB
PageTables:        74700 kB
NFS_Unstable:          0 kB
Bounce:                0 kB
WritebackTmp:          0 kB
CommitLimit:     8677876 kB
Committed_AS:   70616944 kB
VmallocTotal:   263061440 kB
VmallocUsed:      134184 kB
VmallocChunk:          0 kB
Percpu:             2448 kB
CmaTotal:         405504 kB
CmaFree:              28 kB
MemTotal:        7918588 kB
MemFree:         1249944 kB
MemAvailable:    2608796 kB
Buffers:            4832 kB
Cached:          1231616 kB
SwapCached:         8752 kB
Active:          2913716 kB
Inactive:        1019836 kB
Active(anon):    2660376 kB
Inactive(anon):    57416 kB
Active(file):     253340 kB
Inactive(file):   962420 kB
Unevictable:        6400 kB
Mlocked:            5960 kB
SwapTotal:       4718584 kB
SwapFree:        3963236 kB
Dirty:             17956 kB
Writeback:             0 kB
AnonPages:       2699044 kB
Mapped:           611284 kB
Shmem:             16012 kB
KReclaimable:     623428 kB
Slab:             320512 kB
SReclaimable:      88300 kB
SUnreclaim:       232212 kB
KernelStack:       50016 kB
ShadowCallStack:   12528 kB
PageTables:        75092 kB
NFS_Unstable:          0 kB
Bounce:                0 kB
WritebackTmp:          0 kB
CommitLimit:     8677876 kB
Committed_AS:   70748016 kB
VmallocTotal:   263061440 kB
VmallocUsed:      134212 kB
VmallocChunk:          0 kB
Percpu:             2448 kB
CmaTotal:         405504 kB
CmaFree:               0 kB
MemTotal:        7918588 kB
MemFree:         1195196 kB
MemAvailable:    2553144 kB
Buffers:            4832 kB
Cached:          1231624 kB
SwapCached:         8752 kB
Active:          2968024 kB
Inactive:        1019840 kB
Active(anon):    2714684 kB
Inactive(anon):    57420 kB
Active(file):     253340 kB
Inactive(file):   962420 kB
Unevictable:        6400 kB
Mlocked:            5960 kB
SwapTotal:       4718584 kB
SwapFree:        3963236 kB
Dirty:             17956 kB
Writeback:             0 kB
AnonPages:       2753168 kB
Mapped:           611720 kB
Shmem:             16020 kB
KReclaimable:     622524 kB
Slab:             320532 kB
SReclaimable:      88300 kB
SUnreclaim:       232232 kB
KernelStack:       49952 kB
ShadowCallStack:   12524 kB
PageTables:        75484 kB
NFS_Unstable:          0 kB
Bounce:                0 kB
WritebackTmp:          0 kB
CommitLimit:     8677876 kB
Committed_AS:   70879096 kB
VmallocTotal:   263061440 kB
VmallocUsed:      134188 kB
VmallocChunk:          0 kB
Percpu:             2448 kB
CmaTotal:         405504 kB
CmaFree:               0 kB
MemTotal:        7918588 kB
MemFree:         1174016 kB
MemAvailable:    2531708 kB
Buffers:            4856 kB
Cached:          1231624 kB
SwapCached:         8752 kB
Active:          2989244 kB
Inactive:        1019852 kB
Active(anon):    2735904 kB
Inactive(anon):    57408 kB
Active(file):     253340 kB
Inactive(file):   962444 kB
Unevictable:        6400 kB
Mlocked:            5960 kB
SwapTotal:       4718584 kB
SwapFree:        3963236 kB
Dirty:             17956 kB
Writeback:             0 kB
AnonPages:       2774460 kB
Mapped:           611992 kB
Shmem:             16020 kB
KReclaimable:     622244 kB
Slab:             320544 kB
SReclaimable:      88268 kB
SUnreclaim:       232276 kB
KernelStack:       49840 kB
ShadowCallStack:   12484 kB
PageTables:        75476 kB
NFS_Unstable:          0 kB
Bounce:                0 kB
WritebackTmp:          0 kB
CommitLimit:     8677876 kB
Committed_AS:   70911292 kB
VmallocTotal:   263061440 kB
VmallocUsed:      133968 kB
VmallocChunk:          0 kB
Percpu:             2448 kB
CmaTotal:         405504 kB
CmaFree:               0 kB
MemTotal:        7918588 kB
MemFree:         1102112 kB
MemAvailable:    2459092 kB
Buffers:            4856 kB
Cached:          1231624 kB
SwapCached:         8752 kB
Active:          3060140 kB
Inactive:        1019852 kB
Active(anon):    2806800 kB
Inactive(anon):    57408 kB
Active(file):     253340 kB
Inactive(file):   962444 kB
Unevictable:        6400 kB
Mlocked:            5960 kB
SwapTotal:       4718584 kB
SwapFree:        3963236 kB
Dirty:             17960 kB
Writeback:             0 kB
AnonPages:       2845376 kB
Mapped:           612404 kB
Shmem:             16020 kB
KReclaimable:     621532 kB
Slab:             320528 kB
SReclaimable:      88268 kB
SUnreclaim:       232260 kB
KernelStack:       49808 kB
ShadowCallStack:   12476 kB
PageTables:        75800 kB
NFS_Unstable:          0 kB
Bounce:                0 kB
WritebackTmp:          0 kB
CommitLimit:     8677876 kB
Committed_AS:   71107904 kB
VmallocTotal:   263061440 kB
VmallocUsed:      133976 kB
VmallocChunk:          0 kB
Percpu:             2448 kB
CmaTotal:         405504 kB
CmaFree:               0 kB
MemTotal:        7918588 kB
MemFree:         1055760 kB
MemAvailable:    2412036 kB
Buffers:            4856 kB
Cached:          1231624 kB
SwapCached:         8752 kB
Active:          3106116 kB
Inactive:        1019848 kB
Active(anon):    2852776 kB
Inactive(anon):    57404 kB
Active(file):     253340 kB
Inactive(file):   962444 kB
Unevictable:        6400 kB
Mlocked:            5960 kB
SwapTotal:       4718584 kB
SwapFree:        3963236 kB
Dirty:               248 kB
Writeback:             0 kB
AnonPages:       2891320 kB
Mapped:           612844 kB
Shmem:             16020 kB
KReclaimable:     620828 kB
Slab:             320668 kB
SReclaimable:      88268 kB
SUnreclaim:       232400 kB
KernelStack:       49808 kB
ShadowCallStack:   12492 kB
PageTables:        75900 kB
NFS_Unstable:          0 kB
Bounce:                0 kB
WritebackTmp:          0 kB
CommitLimit:     8677876 kB
Committed_AS:   71189820 kB
VmallocTotal:   263061440 kB
VmallocUsed:      133968 kB
VmallocChunk:          0 kB
Percpu:             2448 kB
CmaTotal:         405504 kB
CmaFree:               0 kB
MemTotal:        7918588 kB
MemFree:         1011284 kB
MemAvailable:    2367176 kB
Buffers:            4856 kB
Cached:          1231624 kB
SwapCached:         8752 kB
Active:          3151224 kB
Inactive:        1019848 kB
Active(anon):    2897884 kB
Inactive(anon):    57404 kB
Active(file):     253340 kB
Inactive(file):   962444 kB
Unevictable:        6400 kB
Mlocked:            5960 kB
SwapTotal:       4718584 kB
SwapFree:        3963236 kB
Dirty:               248 kB
Writeback:             0 kB
AnonPages:       2936532 kB
Mapped:           613108 kB
Shmem:             16020 kB
KReclaimable:     620444 kB
Slab:             320728 kB
SReclaimable:      88268 kB
SUnreclaim:       232460 kB
KernelStack:       49792 kB
ShadowCallStack:   12476 kB
PageTables:        76084 kB
NFS_Unstable:          0 kB
Bounce:                0 kB
WritebackTmp:          0 kB
CommitLimit:     8677876 kB
Committed_AS:   71271584 kB
VmallocTotal:   263061440 kB
VmallocUsed:      133912 kB
VmallocChunk:          0 kB
Percpu:             2448 kB
CmaTotal:         405504 kB
CmaFree:               0 kB
MemTotal:        7918588 kB
MemFree:          941320 kB
MemAvailable:    2295796 kB
Buffers:            4856 kB
Cached:          1231624 kB
SwapCached:         8752 kB
Active:          3219640 kB
Inactive:        1019848 kB
Active(anon):    2966300 kB
Inactive(anon):    57404 kB
Active(file):     253340 kB
Inactive(file):   962444 kB
Unevictable:        6400 kB
Mlocked:            5960 kB
SwapTotal:       4718584 kB
SwapFree:        3963236 kB
Dirty:               248 kB
Writeback:             0 kB
AnonPages:       3004860 kB
Mapped:           613936 kB
Shmem:             16020 kB
KReclaimable:     619028 kB
Slab:             320648 kB
SReclaimable:      88268 kB
SUnreclaim:       232380 kB
KernelStack:       49776 kB
ShadowCallStack:   12472 kB
PageTables:        76424 kB
NFS_Unstable:          0 kB
Bounce:                0 kB
WritebackTmp:          0 kB
CommitLimit:     8677876 kB
Committed_AS:   71435424 kB
VmallocTotal:   263061440 kB
VmallocUsed:      133912 kB
VmallocChunk:          0 kB
Percpu:             2448 kB
CmaTotal:         405504 kB
CmaFree:               0 kB
MemTotal:        7918588 kB
MemFree:          904428 kB
MemAvailable:    2258616 kB
Buffers:            4856 kB
Cached:          1231624 kB
SwapCached:         8752 kB
Active:          3255868 kB
Inactive:        1019844 kB
Active(anon):    3002528 kB
Inactive(anon):    57400 kB
Active(file):     253340 kB
Inactive(file):   962444 kB
Unevictable:        6400 kB
Mlocked:            5960 kB
SwapTotal:       4718584 kB
SwapFree:        3963236 kB
Dirty:               248 kB
Writeback:             0 kB
AnonPages:       3041048 kB
Mapped:           614240 kB
Shmem:             16020 kB
KReclaimable:     618740 kB
Slab:             320744 kB
SReclaimable:      88268 kB
SUnreclaim:       232476 kB
KernelStack:       49728 kB
ShadowCallStack:   12456 kB
PageTables:        76632 kB
NFS_Unstable:          0 kB
Bounce:                0 kB
WritebackTmp:          0 kB
CommitLimit:     8677876 kB
Committed_AS:   71533524 kB
VmallocTotal:   263061440 kB
VmallocUsed:      133816 kB
VmallocChunk:          0 kB
Percpu:             2448 kB
CmaTotal:         405504 kB
CmaFree:               0 kB
MemTotal:        7918588 kB
MemFree:          849532 kB
MemAvailable:    2203896 kB
Buffers:            4872 kB
Cached:          1232008 kB
SwapCached:         8752 kB
Active:          3310480 kB
Inactive:        1019868 kB
Active(anon):    3056760 kB
Inactive(anon):    57408 kB
Active(file):     253720 kB
Inactive(file):   962460 kB
Unevictable:        6400 kB
Mlocked:            5960 kB
SwapTotal:       4718584 kB
SwapFree:        3963236 kB
Dirty:               392 kB
Writeback:             0 kB
AnonPages:       3095396 kB
Mapped:           614792 kB
Shmem:             16024 kB
KReclaimable:     618520 kB
Slab:             320684 kB
SReclaimable:      88268 kB
SUnreclaim:       232416 kB
KernelStack:       49744 kB
ShadowCallStack:   12472 kB
PageTables:        76912 kB
NFS_Unstable:          0 kB
Bounce:                0 kB
WritebackTmp:          0 kB
CommitLimit:     8677876 kB
Committed_AS:   71664532 kB
VmallocTotal:   263061440 kB
VmallocUsed:      133816 kB
VmallocChunk:          0 kB
Percpu:             2448 kB
CmaTotal:         405504 kB
CmaFree:               0 kB
MemTotal:        7918588 kB
MemFree:          799140 kB
MemAvailable:    2152844 kB
Buffers:            4872 kB
Cached:          1232100 kB
SwapCached:         8752 kB
Active:          3362188 kB
Inactive:        1019864 kB
Active(anon):    3108312 kB
Inactive(anon):    57404 kB
Active(file):     253876 kB
Inactive(file):   962460 kB
Unevictable:        6400 kB
Mlocked:            5960 kB
SwapTotal:       4718584 kB
SwapFree:        3963236 kB
Dirty:               252 kB
Writeback:             0 kB
AnonPages:       3146824 kB
Mapped:           615204 kB
Shmem:             15960 kB
KReclaimable:     617704 kB
Slab:             320648 kB
SReclaimable:      88268 kB
SUnreclaim:       232380 kB
KernelStack:       49712 kB
ShadowCallStack:   12448 kB
PageTables:        77096 kB
NFS_Unstable:          0 kB
Bounce:                0 kB
WritebackTmp:          0 kB
CommitLimit:     8677876 kB
Committed_AS:   71762836 kB
VmallocTotal:   263061440 kB
VmallocUsed:      133828 kB
VmallocChunk:          0 kB
Percpu:             2448 kB
CmaTotal:         405504 kB
CmaFree:               4 kB
MemTotal:        7918588 kB
MemFree:          768868 kB
MemAvailable:    2122396 kB
Buffers:            4872 kB
Cached:          1232104 kB
SwapCached:         8752 kB
Active:          3391888 kB
Inactive:        1019856 kB
Active(anon):    3138012 kB
Inactive(anon):    57396 kB
Active(file):     253876 kB
Inactive(file):   962460 kB
Unevictable:        6400 kB
Mlocked:            5960 kB
SwapTotal:       4718584 kB
SwapFree:        3963236 kB
Dirty:               268 kB
Writeback:             0 kB
AnonPages:       3176540 kB
Mapped:           615324 kB
Shmem:             15964 kB
KReclaimable:     617528 kB
Slab:             320772 kB
SReclaimable:      88268 kB
SUnreclaim:       232504 kB
KernelStack:       49728 kB
ShadowCallStack:   12444 kB
PageTables:        77188 kB
NFS_Unstable:          0 kB
Bounce:                0 kB
WritebackTmp:          0 kB
CommitLimit:     8677876 kB
Committed_AS:   71811888 kB
VmallocTotal:   263061440 kB
VmallocUsed:      133788 kB
VmallocChunk:          0 kB
Percpu:             2448 kB
CmaTotal:         405504 kB
CmaFree:               0 kB
MemTotal:        7918588 kB
MemFree:          691172 kB
MemAvailable:    2043116 kB
Buffers:            4872 kB
Cached:          1232108 kB
SwapCached:         8752 kB
Active:          3470080 kB
Inactive:        1019860 kB
Active(anon):    3216204 kB
Inactive(anon):    57400 kB
Active(file):     253876 kB
Inactive(file):   962460 kB
Unevictable:        6400 kB
Mlocked:            5960 kB
SwapTotal:       4718584 kB
SwapFree:        3963236 kB
Dirty:               344 kB
Writeback:             0 kB
AnonPages:       3254904 kB
Mapped:           616168 kB
Shmem:             15968 kB
KReclaimable:     615944 kB
Slab:             320848 kB
SReclaimable:      88268 kB
SUnreclaim:       232580 kB
KernelStack:       49664 kB
ShadowCallStack:   12444 kB
PageTables:        77548 kB
NFS_Unstable:          0 kB
Bounce:                0 kB
WritebackTmp:          0 kB
CommitLimit:     8677876 kB
Committed_AS:   72008500 kB
VmallocTotal:   263061440 kB
VmallocUsed:      133788 kB
VmallocChunk:          0 kB
Percpu:             2448 kB
CmaTotal:         405504 kB
CmaFree:               0 kB
MemTotal:        7918588 kB
MemFree:          649696 kB
MemAvailable:    2001268 kB
Buffers:            4872 kB
Cached:          1232112 kB
SwapCached:         8752 kB
Active:          3510612 kB
Inactive:        1019868 kB
Active(anon):    3256736 kB
Inactive(anon):    57404 kB
Active(file):     253876 kB
Inactive(file):   962464 kB
Unevictable:        6400 kB
Mlocked:            5960 kB
SwapTotal:       4718584 kB
SwapFree:        3963236 kB
Dirty:               344 kB
Writeback:             0 kB
AnonPages:       3295448 kB
Mapped:           616404 kB
Shmem:             15968 kB
KReclaimable:     615568 kB
Slab:             320908 kB
SReclaimable:      88268 kB
SUnreclaim:       232640 kB
KernelStack:       49696 kB
ShadowCallStack:   12456 kB
PageTables:        77672 kB
NFS_Unstable:          0 kB
Bounce:                0 kB
WritebackTmp:          0 kB
CommitLimit:     8677876 kB
Committed_AS:   72074036 kB
VmallocTotal:   263061440 kB
VmallocUsed:      133792 kB
VmallocChunk:          0 kB
Percpu:             2448 kB
CmaTotal:         405504 kB
CmaFree:               0 kB
MemTotal:        7918588 kB
MemFree:          625464 kB
MemAvailable:    1976860 kB
Buffers:            4904 kB
Cached:          1232112 kB
SwapCached:         8752 kB
Active:          3534556 kB
Inactive:        1019900 kB
Active(anon):    3280680 kB
Inactive(anon):    57404 kB
Active(file):     253876 kB
Inactive(file):   962496 kB
Unevictable:        6400 kB
Mlocked:            5960 kB
SwapTotal:       4718584 kB
SwapFree:        3963236 kB
Dirty:               396 kB
Writeback:             0 kB
AnonPages:       3319072 kB
Mapped:           616684 kB
Shmem:             15968 kB
KReclaimable:     615360 kB
Slab:             320984 kB
SReclaimable:      88268 kB
SUnreclaim:       232716 kB
KernelStack:       49680 kB
ShadowCallStack:   12444 kB
PageTables:        77840 kB
NFS_Unstable:          0 kB
Bounce:                0 kB
WritebackTmp:          0 kB
CommitLimit:     8677876 kB
Committed_AS:   72123136 kB
VmallocTotal:   263061440 kB
VmallocUsed:      133768 kB
VmallocChunk:          0 kB
Percpu:             2448 kB
CmaTotal:         405504 kB
CmaFree:               0 kB
MemTotal:        7918588 kB
MemFree:          554616 kB
MemAvailable:    1905052 kB
Buffers:            4904 kB
Cached:          1232112 kB
SwapCached:         8752 kB
Active:          3604768 kB
Inactive:        1019896 kB
Active(anon):    3350892 kB
Inactive(anon):    57400 kB
Active(file):     253876 kB
Inactive(file):   962496 kB
Unevictable:        6400 kB
Mlocked:            5960 kB
SwapTotal:       4718584 kB
SwapFree:        3963236 kB
Dirty:               396 kB
Writeback:             0 kB
AnonPages:       3389420 kB
Mapped:           617268 kB
Shmem:             15968 kB
KReclaimable:     614400 kB
Slab:             320964 kB
SReclaimable:      88268 kB
SUnreclaim:       232696 kB
KernelStack:       49664 kB
ShadowCallStack:   12436 kB
PageTables:        78020 kB
NFS_Unstable:          0 kB
Bounce:                0 kB
WritebackTmp:          0 kB
CommitLimit:     8677876 kB
Committed_AS:   72286932 kB
VmallocTotal:   263061440 kB
VmallocUsed:      133736 kB
VmallocChunk:          0 kB
Percpu:             2448 kB
CmaTotal:         405504 kB
CmaFree:               0 kB
MemTotal:        7918588 kB
MemFree:          518100 kB
MemAvailable:    1868176 kB
Buffers:            4904 kB
Cached:          1232152 kB
SwapCached:         8752 kB
Active:          3641612 kB
Inactive:        1019900 kB
Active(anon):    3387696 kB
Inactive(anon):    57404 kB
Active(file):     253916 kB
Inactive(file):   962496 kB
Unevictable:        6400 kB
Mlocked:            5960 kB
SwapTotal:       4718584 kB
SwapFree:        3963236 kB
Dirty:               376 kB
Writeback:             0 kB
AnonPages:       3426376 kB
Mapped:           617640 kB
Shmem:             15968 kB
KReclaimable:     614000 kB
Slab:             321012 kB
SReclaimable:      88268 kB
SUnreclaim:       232744 kB
KernelStack:       49664 kB
ShadowCallStack:   12440 kB
PageTables:        78324 kB
NFS_Unstable:          0 kB
Bounce:                0 kB
WritebackTmp:          0 kB
CommitLimit:     8677876 kB
Committed_AS:   72368852 kB
VmallocTotal:   263061440 kB
VmallocUsed:      133732 kB
VmallocChunk:          0 kB
Percpu:             2448 kB
CmaTotal:         405504 kB
CmaFree:               0 kB
MemTotal:        7918588 kB
MemFree:          457232 kB
MemAvailable:    1806460 kB
Buffers:            4904 kB
Cached:          1232152 kB
SwapCached:         8752 kB
Active:          3701652 kB
Inactive:        1019900 kB
Active(anon):    3447736 kB
Inactive(anon):    57404 kB
Active(file):     253916 kB
Inactive(file):   962496 kB
Unevictable:        6400 kB
Mlocked:            5960 kB
SwapTotal:       4718584 kB
SwapFree:        3963236 kB
Dirty:               376 kB
Writeback:             0 kB
AnonPages:       3486432 kB
Mapped:           618128 kB
Shmem:             15968 kB
KReclaimable:     613152 kB
Slab:             321012 kB
SReclaimable:      88268 kB
SUnreclaim:       232744 kB
KernelStack:       49648 kB
ShadowCallStack:   12440 kB
PageTables:        78524 kB
NFS_Unstable:          0 kB
Bounce:                0 kB
WritebackTmp:          0 kB
CommitLimit:     8677876 kB
Committed_AS:   72483540 kB
VmallocTotal:   263061440 kB
VmallocUsed:      133736 kB
VmallocChunk:          0 kB
Percpu:             2448 kB
CmaTotal:         405504 kB
CmaFree:               0 kB
MemTotal:        7918588 kB
MemFree:          412380 kB
MemAvailable:    1760728 kB
Buffers:            4904 kB
Cached:          1232152 kB
SwapCached:         8752 kB
Active:          3746424 kB
Inactive:        1019896 kB
Active(anon):    3492508 kB
Inactive(anon):    57400 kB
Active(file):     253916 kB
Inactive(file):   962496 kB
Unevictable:        6400 kB
Mlocked:            5960 kB
SwapTotal:       4718584 kB
SwapFree:        3963236 kB
Dirty:               384 kB
Writeback:             0 kB
AnonPages:       3531064 kB
Mapped:           618636 kB
Shmem:             15968 kB
KReclaimable:     612272 kB
Slab:             321176 kB
SReclaimable:      88268 kB
SUnreclaim:       232908 kB
KernelStack:       49696 kB
ShadowCallStack:   12448 kB
PageTables:        78840 kB
NFS_Unstable:          0 kB
Bounce:                0 kB
WritebackTmp:          0 kB
CommitLimit:     8677876 kB
Committed_AS:   72598228 kB
VmallocTotal:   263061440 kB
VmallocUsed:      133752 kB
VmallocChunk:          0 kB
Percpu:             2448 kB
CmaTotal:         405504 kB
CmaFree:               0 kB
MemTotal:        7918588 kB
MemFree:          340152 kB
MemAvailable:    1557900 kB
Buffers:            4912 kB
Cached:          1232272 kB
SwapCached:         8752 kB
Active:          3818620 kB
Inactive:        1019908 kB
Active(anon):    3564704 kB
Inactive(anon):    57404 kB
Active(file):     253916 kB
Inactive(file):   962504 kB
Unevictable:        6400 kB
Mlocked:            5960 kB
SwapTotal:       4718584 kB
SwapFree:        3963236 kB
Dirty:               340 kB
Writeback:             0 kB
AnonPages:       3603208 kB
Mapped:           612360 kB
Shmem:             16088 kB
KReclaimable:     481664 kB
Slab:             321092 kB
SReclaimable:      88268 kB
SUnreclaim:       232824 kB
KernelStack:       49808 kB
ShadowCallStack:   12476 kB
PageTables:        79016 kB
NFS_Unstable:          0 kB
Bounce:                0 kB
WritebackTmp:          0 kB
CommitLimit:     8677876 kB
Committed_AS:   72680648 kB
VmallocTotal:   263061440 kB
VmallocUsed:      133912 kB
VmallocChunk:          0 kB
Percpu:             2448 kB
CmaTotal:         405504 kB
CmaFree:               0 kB
MemTotal:        7918588 kB
MemFree:          315204 kB
MemAvailable:    1662184 kB
Buffers:            4912 kB
Cached:          1232152 kB
SwapCached:         8752 kB
Active:          3843916 kB
Inactive:        1019908 kB
Active(anon):    3590000 kB
Inactive(anon):    57404 kB
Active(file):     253916 kB
Inactive(file):   962504 kB
Unevictable:        6400 kB
Mlocked:            5960 kB
SwapTotal:       4718584 kB
SwapFree:        3963236 kB
Dirty:               344 kB
Writeback:             0 kB
AnonPages:       3628604 kB
Mapped:           612252 kB
Shmem:             15968 kB
KReclaimable:     610896 kB
Slab:             321024 kB
SReclaimable:      88188 kB
SUnreclaim:       232836 kB
KernelStack:       49680 kB
ShadowCallStack:   12444 kB
PageTables:        79204 kB
NFS_Unstable:          0 kB
Bounce:                0 kB
WritebackTmp:          0 kB
CommitLimit:     8677876 kB
Committed_AS:   72827708 kB
VmallocTotal:   263061440 kB
VmallocUsed:      133772 kB
VmallocChunk:          0 kB
Percpu:             2448 kB
CmaTotal:         405504 kB
CmaFree:               0 kB
MemTotal:        7918588 kB
MemFree:          283720 kB
MemAvailable:    1630404 kB
Buffers:            4912 kB
Cached:          1232152 kB
SwapCached:         8752 kB
Active:          3874268 kB
Inactive:        1019896 kB
Active(anon):    3620352 kB
Inactive(anon):    57392 kB
Active(file):     253916 kB
Inactive(file):   962504 kB
Unevictable:        6400 kB
Mlocked:            5960 kB
SwapTotal:       4718584 kB
SwapFree:        3963236 kB
Dirty:               344 kB
Writeback:             0 kB
AnonPages:       3658964 kB
Mapped:           612348 kB
Shmem:             15968 kB
KReclaimable:     610600 kB
Slab:             321156 kB
SReclaimable:      88188 kB
SUnreclaim:       232968 kB
KernelStack:       49664 kB
ShadowCallStack:   12440 kB
PageTables:        79264 kB
NFS_Unstable:          0 kB
Bounce:                0 kB
WritebackTmp:          0 kB
CommitLimit:     8677876 kB
Committed_AS:   72909632 kB
VmallocTotal:   263061440 kB
VmallocUsed:      133768 kB
VmallocChunk:          0 kB
Percpu:             2448 kB
CmaTotal:         405504 kB
CmaFree:               0 kB
MemTotal:        7918588 kB
MemFree:          236736 kB
MemAvailable:    1582732 kB
Buffers:            4912 kB
Cached:          1232156 kB
SwapCached:         8752 kB
Active:          3921652 kB
Inactive:        1019908 kB
Active(anon):    3667736 kB
Inactive(anon):    57404 kB
Active(file):     253916 kB
Inactive(file):   962504 kB
Unevictable:        6400 kB
Mlocked:            5960 kB
SwapTotal:       4718584 kB
SwapFree:        3963236 kB
Dirty:               344 kB
Writeback:             0 kB
AnonPages:       3706500 kB
Mapped:           612824 kB
Shmem:             15972 kB
KReclaimable:     609912 kB
Slab:             321044 kB
SReclaimable:      88188 kB
SUnreclaim:       232856 kB
KernelStack:       49632 kB
ShadowCallStack:   12448 kB
PageTables:        79396 kB
NFS_Unstable:          0 kB
Bounce:                0 kB
WritebackTmp:          0 kB
CommitLimit:     8677876 kB
Committed_AS:   73007936 kB
VmallocTotal:   263061440 kB
VmallocUsed:      133768 kB
VmallocChunk:          0 kB
Percpu:             2448 kB
CmaTotal:         405504 kB
CmaFree:               0 kB
MemTotal:        7918588 kB
MemFree:          181740 kB
MemAvailable:    1615384 kB
Buffers:            4912 kB
Cached:          1232152 kB
SwapCached:         8748 kB
Active:          3985440 kB
Inactive:        1012356 kB
Active(anon):    3731524 kB
Inactive(anon):    49852 kB
Active(file):     253916 kB
Inactive(file):   962504 kB
Unevictable:        6400 kB
Mlocked:            5960 kB
SwapTotal:       4718584 kB
SwapFree:        3961956 kB
Dirty:               344 kB
Writeback:             0 kB
AnonPages:       3762424 kB
Mapped:           613272 kB
Shmem:             15968 kB
KReclaimable:     607448 kB
Slab:             321060 kB
SReclaimable:      88060 kB
SUnreclaim:       233000 kB
KernelStack:       49664 kB
ShadowCallStack:   12448 kB
PageTables:        79764 kB
NFS_Unstable:          0 kB
Bounce:                0 kB
WritebackTmp:          0 kB
CommitLimit:     8677876 kB
Committed_AS:   73138960 kB
VmallocTotal:   263061440 kB
VmallocUsed:      133756 kB
VmallocChunk:          0 kB
Percpu:             2448 kB
CmaTotal:         405504 kB
CmaFree:               8 kB
MemTotal:        7918588 kB
MemFree:          166580 kB
MemAvailable:    1576756 kB
Buffers:            4940 kB
Cached:          1214648 kB
SwapCached:         8748 kB
Active:          4031632 kB
Inactive:         987252 kB
Active(anon):    3773496 kB
Inactive(anon):    46472 kB
Active(file):     258136 kB
Inactive(file):   940780 kB
Unevictable:        6400 kB
Mlocked:            5960 kB
SwapTotal:       4718584 kB
SwapFree:        3961700 kB
Dirty:               352 kB
Writeback:             0 kB
AnonPages:       3800932 kB
Mapped:           609248 kB
Shmem:             15968 kB
KReclaimable:     601484 kB
Slab:             319972 kB
SReclaimable:      87004 kB
SUnreclaim:       232968 kB
KernelStack:       49616 kB
ShadowCallStack:   12432 kB
PageTables:        79788 kB
NFS_Unstable:          0 kB
Bounce:                0 kB
WritebackTmp:          0 kB
CommitLimit:     8677876 kB
Committed_AS:   73204496 kB
VmallocTotal:   263061440 kB
VmallocUsed:      133736 kB
VmallocChunk:          0 kB
Percpu:             2448 kB
CmaTotal:         405504 kB
CmaFree:               0 kB
MemTotal:        7918588 kB
MemFree:          167660 kB
MemAvailable:    1526828 kB
Buffers:            4932 kB
Cached:          1173280 kB
SwapCached:         8748 kB
Active:          4086636 kB
Inactive:         939572 kB
Active(anon):    3822400 kB
Inactive(anon):    46244 kB
Active(file):     264236 kB
Inactive(file):   893328 kB
Unevictable:        6400 kB
Mlocked:            5960 kB
SwapTotal:       4718584 kB
SwapFree:        3961700 kB
Dirty:               428 kB
Writeback:             0 kB
AnonPages:       3849840 kB
Mapped:           600900 kB
Shmem:             15972 kB
KReclaimable:     591828 kB
Slab:             319872 kB
SReclaimable:      86860 kB
SUnreclaim:       233012 kB
KernelStack:       49632 kB
ShadowCallStack:   12432 kB
PageTables:        80296 kB
NFS_Unstable:          0 kB
Bounce:                0 kB
WritebackTmp:          0 kB
CommitLimit:     8677876 kB
Committed_AS:   73318976 kB
VmallocTotal:   263061440 kB
VmallocUsed:      133656 kB
VmallocChunk:          0 kB
Percpu:             2448 kB
CmaTotal:         405504 kB
CmaFree:               0 kB
MemTotal:        7918588 kB
MemFree:          167000 kB
MemAvailable:    1481920 kB
Buffers:            4932 kB
Cached:          1136808 kB
SwapCached:         8748 kB
Active:          4137928 kB
Inactive:         894372 kB
Active(anon):    3865064 kB
Inactive(anon):    46240 kB
Active(file):     272864 kB
Inactive(file):   848132 kB
Unevictable:        6400 kB
Mlocked:            5960 kB
SwapTotal:       4718584 kB
SwapFree:        3961700 kB
Dirty:               428 kB
Writeback:             0 kB
AnonPages:       3892464 kB
Mapped:           593900 kB
Shmem:             15972 kB
KReclaimable:     584148 kB
Slab:             319932 kB
SReclaimable:      86860 kB
SUnreclaim:       233072 kB
KernelStack:       49600 kB
ShadowCallStack:   12424 kB
PageTables:        80728 kB
NFS_Unstable:          0 kB
Bounce:                0 kB
WritebackTmp:          0 kB
CommitLimit:     8677876 kB
Committed_AS:   73417280 kB
VmallocTotal:   263061440 kB
VmallocUsed:      133636 kB
VmallocChunk:          0 kB
Percpu:             2448 kB
CmaTotal:         405504 kB
CmaFree:               0 kB
MemTotal:        7918588 kB
MemFree:          168836 kB
MemAvailable:    1449308 kB
Buffers:            4904 kB
Cached:          1108948 kB
SwapCached:         8748 kB
Active:          4183936 kB
Inactive:         854568 kB
Active(anon):    3899060 kB
Inactive(anon):    46240 kB
Active(file):     284876 kB
Inactive(file):   808328 kB
Unevictable:        6400 kB
Mlocked:            5960 kB
SwapTotal:       4718584 kB
SwapFree:        3961700 kB
Dirty:               432 kB
Writeback:             0 kB
AnonPages:       3926596 kB
Mapped:           591164 kB
Shmem:             15972 kB
KReclaimable:     577492 kB
Slab:             319928 kB
SReclaimable:      86860 kB
SUnreclaim:       233068 kB
KernelStack:       49600 kB
ShadowCallStack:   12424 kB
PageTables:        80600 kB
NFS_Unstable:          0 kB
Bounce:                0 kB
WritebackTmp:          0 kB
CommitLimit:     8677876 kB
Committed_AS:   73499224 kB
VmallocTotal:   263061440 kB
VmallocUsed:      133640 kB
VmallocChunk:          0 kB
Percpu:             2448 kB
CmaTotal:         405504 kB
CmaFree:               0 kB
MemTotal:        7918588 kB
MemFree:          166008 kB
MemAvailable:    1397840 kB
Buffers:            4900 kB
Cached:          1070052 kB
SwapCached:         8748 kB
Active:          4250432 kB
Inactive:         812572 kB
Active(anon):    3962556 kB
Inactive(anon):    46236 kB
Active(file):     287876 kB
Inactive(file):   766336 kB
Unevictable:        6400 kB
Mlocked:            5960 kB
SwapTotal:       4718584 kB
SwapFree:        3961700 kB
Dirty:               432 kB
Writeback:             0 kB
AnonPages:       3989980 kB
Mapped:           580036 kB
Shmem:             15972 kB
KReclaimable:     567844 kB
Slab:             319924 kB
SReclaimable:      86860 kB
SUnreclaim:       233064 kB
KernelStack:       49600 kB
ShadowCallStack:   12424 kB
PageTables:        81148 kB
NFS_Unstable:          0 kB
Bounce:                0 kB
WritebackTmp:          0 kB
CommitLimit:     8677876 kB
Committed_AS:   73630220 kB
VmallocTotal:   263061440 kB
VmallocUsed:      133652 kB
VmallocChunk:          0 kB
Percpu:             2448 kB
CmaTotal:         405504 kB
CmaFree:               0 kB
MemTotal:        7918588 kB
MemFree:          165544 kB
MemAvailable:    1369408 kB
Buffers:            4896 kB
Cached:          1047044 kB
SwapCached:         8748 kB
Active:          4285584 kB
Inactive:         783444 kB
Active(anon):    3991492 kB
Inactive(anon):    46244 kB
Active(file):     294092 kB
Inactive(file):   737200 kB
Unevictable:        6400 kB
Mlocked:            5960 kB
SwapTotal:       4718584 kB
SwapFree:        3961700 kB
Dirty:               432 kB
Writeback:             0 kB
AnonPages:       4018900 kB
Mapped:           574540 kB
Shmem:             15972 kB
KReclaimable:     562796 kB
Slab:             319892 kB
SReclaimable:      86860 kB
SUnreclaim:       233032 kB
KernelStack:       49568 kB
ShadowCallStack:   12416 kB
PageTables:        80880 kB
NFS_Unstable:          0 kB
Bounce:                0 kB
WritebackTmp:          0 kB
CommitLimit:     8677876 kB
Committed_AS:   73679320 kB
VmallocTotal:   263061440 kB
VmallocUsed:      133628 kB
VmallocChunk:          0 kB
Percpu:             2448 kB
CmaTotal:         405504 kB
CmaFree:               0 kB
MemTotal:        7918588 kB
MemFree:          171516 kB
MemAvailable:    1311920 kB
Buffers:            4896 kB
Cached:          1018016 kB
SwapCached:         8748 kB
Active:          4388856 kB
Inactive:         706872 kB
Active(anon):    4047216 kB
Inactive(anon):    46240 kB
Active(file):     341640 kB
Inactive(file):   660632 kB
Unevictable:        6400 kB
Mlocked:            5960 kB
SwapTotal:       4718584 kB
SwapFree:        3961700 kB
Dirty:               100 kB
Writeback:             0 kB
AnonPages:       4074620 kB
Mapped:           563120 kB
Shmem:             15980 kB
KReclaimable:     528356 kB
Slab:             319768 kB
SReclaimable:      86796 kB
SUnreclaim:       232972 kB
KernelStack:       49392 kB
ShadowCallStack:   12404 kB
PageTables:        80656 kB
NFS_Unstable:          0 kB
Bounce:                0 kB
WritebackTmp:          0 kB
CommitLimit:     8677876 kB
Committed_AS:   73793496 kB
VmallocTotal:   263061440 kB
VmallocUsed:      133432 kB
VmallocChunk:          0 kB
Percpu:             2448 kB
CmaTotal:         405504 kB
CmaFree:               0 kB
MemTotal:        7918588 kB
MemFree:          168068 kB
MemAvailable:    1249868 kB
Buffers:            4896 kB
Cached:           973400 kB
SwapCached:         8748 kB
Active:          4494368 kB
Inactive:         619008 kB
Active(anon):    4109668 kB
Inactive(anon):    46240 kB
Active(file):     384700 kB
Inactive(file):   572768 kB
Unevictable:        6400 kB
Mlocked:            5960 kB
SwapTotal:       4718584 kB
SwapFree:        3961700 kB
Dirty:                92 kB
Writeback:             0 kB
AnonPages:       4137080 kB
Mapped:           549996 kB
Shmem:             15980 kB
KReclaimable:     514556 kB
Slab:             319420 kB
SReclaimable:      86372 kB
SUnreclaim:       233048 kB
KernelStack:       49408 kB
ShadowCallStack:   12384 kB
PageTables:        81364 kB
NFS_Unstable:          0 kB
Bounce:                0 kB
WritebackTmp:          0 kB
CommitLimit:     8677876 kB
Committed_AS:   73940952 kB
VmallocTotal:   263061440 kB
VmallocUsed:      133448 kB
VmallocChunk:          0 kB
Percpu:             2448 kB
CmaTotal:         405504 kB
CmaFree:               0 kB
MemTotal:        7918588 kB
MemFree:          167052 kB
MemAvailable:    1222376 kB
Buffers:            4896 kB
Cached:           951688 kB
SwapCached:         8748 kB
Active:          4528500 kB
Inactive:         590272 kB
Active(anon):    4136620 kB
Inactive(anon):    46236 kB
Active(file):     391880 kB
Inactive(file):   544036 kB
Unevictable:        6400 kB
Mlocked:            5960 kB
SwapTotal:       4718584 kB
SwapFree:        3961700 kB
Dirty:               120 kB
Writeback:             0 kB
AnonPages:       4164228 kB
Mapped:           539360 kB
Shmem:             15980 kB
KReclaimable:     509632 kB
Slab:             319300 kB
SReclaimable:      86200 kB
SUnreclaim:       233100 kB
KernelStack:       49392 kB
ShadowCallStack:   12368 kB
PageTables:        81592 kB
NFS_Unstable:          0 kB
Bounce:                0 kB
WritebackTmp:          0 kB
CommitLimit:     8677876 kB
Committed_AS:   74006384 kB
VmallocTotal:   263061440 kB
VmallocUsed:      133392 kB
VmallocChunk:          0 kB
Percpu:             2448 kB
CmaTotal:         405504 kB
CmaFree:               0 kB
MemTotal:        7918588 kB
MemFree:          168000 kB
MemAvailable:    1159472 kB
Buffers:            4896 kB
Cached:           898724 kB
SwapCached:         8748 kB
Active:          4604996 kB
Inactive:         522776 kB
Active(anon):    4198572 kB
Inactive(anon):    46236 kB
Active(file):     406424 kB
Inactive(file):   476540 kB
Unevictable:        6400 kB
Mlocked:            5960 kB
SwapTotal:       4718584 kB
SwapFree:        3961700 kB
Dirty:               124 kB
Writeback:             0 kB
AnonPages:       4225964 kB
Mapped:           523964 kB
Shmem:             15980 kB
KReclaimable:     498732 kB
Slab:             318660 kB
SReclaimable:      85548 kB
SUnreclaim:       233112 kB
KernelStack:       49328 kB
ShadowCallStack:   12356 kB
PageTables:        81848 kB
NFS_Unstable:          0 kB
Bounce:                0 kB
WritebackTmp:          0 kB
CommitLimit:     8677876 kB
Committed_AS:   74153736 kB
VmallocTotal:   263061440 kB
VmallocUsed:      133360 kB
VmallocChunk:          0 kB
Percpu:             2448 kB
CmaTotal:         405504 kB
CmaFree:               0 kB
MemTotal:        7918588 kB
MemFree:          172896 kB
MemAvailable:    1114708 kB
Buffers:            4920 kB
Cached:           856440 kB
SwapCached:         8748 kB
Active:          4648524 kB
Inactive:         480516 kB
Active(anon):    4242100 kB
Inactive(anon):    46236 kB
Active(file):     406424 kB
Inactive(file):   434280 kB
Unevictable:        6400 kB
Mlocked:            5960 kB
SwapTotal:       4718584 kB
SwapFree:        3961700 kB
Dirty:               172 kB
Writeback:             0 kB
AnonPages:       4269496 kB
Mapped:           524308 kB
Shmem:             15980 kB
KReclaimable:     491332 kB
Slab:             317680 kB
SReclaimable:      84452 kB
SUnreclaim:       233228 kB
KernelStack:       49312 kB
ShadowCallStack:   12352 kB
PageTables:        82036 kB
NFS_Unstable:          0 kB
Bounce:                0 kB
WritebackTmp:          0 kB
CommitLimit:     8677876 kB
Committed_AS:   74235552 kB
VmallocTotal:   263061440 kB
VmallocUsed:      133320 kB
VmallocChunk:          0 kB
Percpu:             2448 kB
CmaTotal:         405504 kB
CmaFree:               0 kB
MemTotal:        7918588 kB
MemFree:          175028 kB
MemAvailable:    1069324 kB
Buffers:            4920 kB
Cached:           817048 kB
SwapCached:         8748 kB
Active:          4706076 kB
Inactive:         429384 kB
Active(anon):    4287836 kB
Inactive(anon):    46240 kB
Active(file):     418240 kB
Inactive(file):   383144 kB
Unevictable:        6400 kB
Mlocked:            5960 kB
SwapTotal:       4718584 kB
SwapFree:        3961700 kB
Dirty:               200 kB
Writeback:             0 kB
AnonPages:       4315324 kB
Mapped:           523504 kB
Shmem:             15988 kB
KReclaimable:     483136 kB
Slab:             316852 kB
SReclaimable:      83696 kB
SUnreclaim:       233156 kB
KernelStack:       49248 kB
ShadowCallStack:   12336 kB
PageTables:        81984 kB
NFS_Unstable:          0 kB
Bounce:                0 kB
WritebackTmp:          0 kB
CommitLimit:     8677876 kB
Committed_AS:   74350044 kB
VmallocTotal:   263061440 kB
VmallocUsed:      133264 kB
VmallocChunk:          0 kB
Percpu:             2448 kB
CmaTotal:         405504 kB
CmaFree:               0 kB
MemTotal:        7918588 kB
MemFree:          166000 kB
MemAvailable:    1017996 kB
Buffers:            4920 kB
Cached:           781076 kB
SwapCached:         8748 kB
Active:          4755644 kB
Inactive:         393248 kB
Active(anon):    4337320 kB
Inactive(anon):    46240 kB
Active(file):     418324 kB
Inactive(file):   347008 kB
Unevictable:        6400 kB
Mlocked:            5960 kB
SwapTotal:       4718584 kB
SwapFree:        3961700 kB
Dirty:               204 kB
Writeback:             0 kB
AnonPages:       4364644 kB
Mapped:           523960 kB
Shmem:             15988 kB
KReclaimable:     476888 kB
Slab:             315684 kB
SReclaimable:      82544 kB
SUnreclaim:       233140 kB
KernelStack:       49104 kB
ShadowCallStack:   12308 kB
PageTables:        82360 kB
NFS_Unstable:          0 kB
Bounce:                0 kB
WritebackTmp:          0 kB
CommitLimit:     8677876 kB
Committed_AS:   74464728 kB
VmallocTotal:   263061440 kB
VmallocUsed:      133052 kB
VmallocChunk:          0 kB
Percpu:             2448 kB
CmaTotal:         405504 kB
CmaFree:               0 kB
MemTotal:        7918588 kB
MemFree:          166808 kB
MemAvailable:     974116 kB
Buffers:            4920 kB
Cached:           742700 kB
SwapCached:         8748 kB
Active:          4798272 kB
Inactive:         354968 kB
Active(anon):    4379948 kB
Inactive(anon):    46244 kB
Active(file):     418324 kB
Inactive(file):   308724 kB
Unevictable:        6400 kB
Mlocked:            5960 kB
SwapTotal:       4718584 kB
SwapFree:        3961700 kB
Dirty:               204 kB
Writeback:             0 kB
AnonPages:       4407408 kB
Mapped:           524372 kB
Shmem:             15988 kB
KReclaimable:     470484 kB
Slab:             314912 kB
SReclaimable:      81676 kB
SUnreclaim:       233236 kB
KernelStack:       49104 kB
ShadowCallStack:   12292 kB
PageTables:        82524 kB
NFS_Unstable:          0 kB
Bounce:                0 kB
WritebackTmp:          0 kB
CommitLimit:     8677876 kB
Committed_AS:   74546648 kB
VmallocTotal:   263061440 kB
VmallocUsed:      133048 kB
VmallocChunk:          0 kB
Percpu:             2448 kB
CmaTotal:         405504 kB
CmaFree:               0 kB
MemTotal:        7918588 kB
MemFree:          171604 kB
MemAvailable:     936064 kB
Buffers:            4920 kB
Cached:           707248 kB
SwapCached:         8748 kB
Active:          4842712 kB
Inactive:         313368 kB
Active(anon):    4418340 kB
Inactive(anon):    46236 kB
Active(file):     424372 kB
Inactive(file):   267132 kB
Unevictable:        6400 kB
Mlocked:            5960 kB
SwapTotal:       4718584 kB
SwapFree:        3961700 kB
Dirty:               204 kB
Writeback:             0 kB
AnonPages:       4445700 kB
Mapped:           524192 kB
Shmem:             15988 kB
KReclaimable:     463180 kB
Slab:             313900 kB
SReclaimable:      80588 kB
SUnreclaim:       233312 kB
KernelStack:       49104 kB
ShadowCallStack:   12300 kB
PageTables:        82872 kB
NFS_Unstable:          0 kB
Bounce:                0 kB
WritebackTmp:          0 kB
CommitLimit:     8677876 kB
Committed_AS:   74644952 kB
VmallocTotal:   263061440 kB
VmallocUsed:      133044 kB
VmallocChunk:          0 kB
Percpu:             2448 kB
CmaTotal:         405504 kB
CmaFree:               0 kB
MemTotal:        7918588 kB
MemFree:          174512 kB
MemAvailable:     884868 kB
Buffers:            2852 kB
Cached:           673208 kB
SwapCached:         8748 kB
Active:          4787844 kB
Inactive:         380744 kB
Active(anon):    4383796 kB
Inactive(anon):   129436 kB
Active(file):     404048 kB
Inactive(file):   251308 kB
Unevictable:        6400 kB
Mlocked:            5960 kB
SwapTotal:       4718584 kB
SwapFree:        3954532 kB
Dirty:               208 kB
Writeback:             0 kB
AnonPages:       4494484 kB
Mapped:           523212 kB
Shmem:             15992 kB
KReclaimable:     445224 kB
Slab:             313024 kB
SReclaimable:      79784 kB
SUnreclaim:       233240 kB
KernelStack:       49104 kB
ShadowCallStack:   12276 kB
PageTables:        83040 kB
NFS_Unstable:          0 kB
Bounce:                0 kB
WritebackTmp:          0 kB
CommitLimit:     8677876 kB
Committed_AS:   74776032 kB
VmallocTotal:   263061440 kB
VmallocUsed:      133068 kB
VmallocChunk:          0 kB
Percpu:             2448 kB
CmaTotal:         405504 kB
CmaFree:               0 kB
MemTotal:        7918588 kB
MemFree:          170268 kB
MemAvailable:     678984 kB
Buffers:            2844 kB
Cached:           598800 kB
SwapCached:         8748 kB
Active:          4871852 kB
Inactive:         303868 kB
Active(anon):    4465484 kB
Inactive(anon):   129416 kB
Active(file):     406368 kB
Inactive(file):   174452 kB
Unevictable:        6400 kB
Mlocked:            5960 kB
SwapTotal:       4718584 kB
SwapFree:        3954532 kB
Dirty:               220 kB
Writeback:             0 kB
AnonPages:       4576148 kB
Mapped:           524544 kB
Shmem:             16060 kB
KReclaimable:     318120 kB
Slab:             311560 kB
SReclaimable:      78064 kB
SUnreclaim:       233496 kB
KernelStack:       49184 kB
ShadowCallStack:   12308 kB
PageTables:        83160 kB
NFS_Unstable:          0 kB
Bounce:                0 kB
WritebackTmp:          0 kB
CommitLimit:     8677876 kB
Committed_AS:   74858244 kB
VmallocTotal:   263061440 kB
VmallocUsed:      133180 kB
VmallocChunk:          0 kB
Percpu:             2448 kB
CmaTotal:         405504 kB
CmaFree:               0 kB
MemTotal:        7918588 kB
MemFree:          203428 kB
MemAvailable:     795856 kB
Buffers:             780 kB
Cached:           566668 kB
SwapCached:         8748 kB
Active:          4876788 kB
Inactive:         269016 kB
Active(anon):    4469584 kB
Inactive(anon):   129428 kB
Active(file):     407204 kB
Inactive(file):   139588 kB
Unevictable:        6400 kB
Mlocked:            5960 kB
SwapTotal:       4718584 kB
SwapFree:        3954532 kB
Dirty:               220 kB
Writeback:             0 kB
AnonPages:       4580188 kB
Mapped:           522600 kB
Shmem:             15980 kB
KReclaimable:     435860 kB
Slab:             310952 kB
SReclaimable:      77492 kB
SUnreclaim:       233460 kB
KernelStack:       49072 kB
ShadowCallStack:   12292 kB
PageTables:        83352 kB
NFS_Unstable:          0 kB
Bounce:                0 kB
WritebackTmp:          0 kB
CommitLimit:     8677876 kB
Committed_AS:   74956152 kB
VmallocTotal:   263061440 kB
VmallocUsed:      133028 kB
VmallocChunk:          0 kB
Percpu:             2448 kB
CmaTotal:         405504 kB
CmaFree:               0 kB
MemTotal:        7918588 kB
MemFree:          169648 kB
MemAvailable:     751848 kB
Buffers:             780 kB
Cached:           557788 kB
SwapCached:         8748 kB
Active:          4921068 kB
Inactive:         260200 kB
Active(anon):    4513864 kB
Inactive(anon):   129424 kB
Active(file):     407204 kB
Inactive(file):   130776 kB
Unevictable:        6400 kB
Mlocked:            5960 kB
SwapTotal:       4718584 kB
SwapFree:        3954532 kB
Dirty:               220 kB
Writeback:             0 kB
AnonPages:       4624372 kB
Mapped:           522968 kB
Shmem:             15980 kB
KReclaimable:     434444 kB
Slab:             310944 kB
SReclaimable:      77492 kB
SUnreclaim:       233452 kB
KernelStack:       49088 kB
ShadowCallStack:   12276 kB
PageTables:        83224 kB
NFS_Unstable:          0 kB
Bounce:                0 kB
WritebackTmp:          0 kB
CommitLimit:     8677876 kB
Committed_AS:   75071360 kB
VmallocTotal:   263061440 kB
VmallocUsed:      133028 kB
VmallocChunk:          0 kB
Percpu:             2448 kB
CmaTotal:         405504 kB
CmaFree:               0 kB
MemTotal:        7918588 kB
MemFree:          171840 kB
MemAvailable:     703596 kB
Buffers:             780 kB
Cached:           512916 kB
SwapCached:         8748 kB
Active:          4967984 kB
Inactive:         215036 kB
Active(anon):    4560560 kB
Inactive(anon):   129420 kB
Active(file):     407424 kB
Inactive(file):    85616 kB
Unevictable:        6400 kB
Mlocked:            5960 kB
SwapTotal:       4718584 kB
SwapFree:        3954532 kB
Dirty:               220 kB
Writeback:             0 kB
AnonPages:       4671152 kB
Mapped:           522920 kB
Shmem:             15980 kB
KReclaimable:     428940 kB
Slab:             311064 kB
SReclaimable:      77492 kB
SUnreclaim:       233572 kB
KernelStack:       49088 kB
ShadowCallStack:   12292 kB
PageTables:        83968 kB
NFS_Unstable:          0 kB
Bounce:                0 kB
WritebackTmp:          0 kB
CommitLimit:     8677876 kB
Committed_AS:   75169664 kB
VmallocTotal:   263061440 kB
VmallocUsed:      133004 kB
VmallocChunk:          0 kB
Percpu:             2448 kB
CmaTotal:         405504 kB
CmaFree:               0 kB
MemTotal:        7918588 kB
MemFree:          174012 kB
MemAvailable:     635828 kB
Buffers:             432 kB
Cached:           464384 kB
SwapCached:         8748 kB
Active:           571156 kB
Inactive:        4622216 kB
Active(anon):     487192 kB
Inactive(anon):  4262024 kB
Active(file):      83964 kB
Inactive(file):   360192 kB
Unevictable:        6404 kB
Mlocked:            5964 kB
SwapTotal:       4718584 kB
SwapFree:        3954532 kB
Dirty:               220 kB
Writeback:             0 kB
AnonPages:       4730348 kB
Mapped:           511528 kB
Shmem:             15980 kB
KReclaimable:     416076 kB
Slab:             311060 kB
SReclaimable:      77444 kB
SUnreclaim:       233616 kB
KernelStack:       49056 kB
ShadowCallStack:   12288 kB
PageTables:        84092 kB
NFS_Unstable:          0 kB
Bounce:                0 kB
WritebackTmp:          0 kB
CommitLimit:     8677876 kB
Committed_AS:   75284352 kB
VmallocTotal:   263061440 kB
VmallocUsed:      133008 kB
VmallocChunk:          0 kB
Percpu:             2448 kB
CmaTotal:         405504 kB
CmaFree:             128 kB
MemTotal:        7918588 kB
MemFree:          461672 kB
MemAvailable:     592396 kB
Buffers:             492 kB
Cached:           244412 kB
SwapCached:         8668 kB
Active:           857888 kB
Inactive:        4128008 kB
Active(anon):     642184 kB
Inactive(anon):  4119076 kB
Active(file):     215704 kB
Inactive(file):     8932 kB
Unevictable:        6408 kB
Mlocked:            5968 kB
SwapTotal:       4718584 kB
SwapFree:        3928420 kB
Dirty:               256 kB
Writeback:             0 kB
AnonPages:       4742636 kB
Mapped:           327908 kB
Shmem:             15548 kB
KReclaimable:     332216 kB
Slab:             308024 kB
SReclaimable:      74400 kB
SUnreclaim:       233624 kB
KernelStack:       48736 kB
ShadowCallStack:   12232 kB
PageTables:        83496 kB
NFS_Unstable:          0 kB
Bounce:                0 kB
WritebackTmp:          0 kB
CommitLimit:     8677876 kB
Committed_AS:   74072580 kB
VmallocTotal:   263061440 kB
VmallocUsed:      132568 kB
VmallocChunk:          0 kB
Percpu:             2448 kB
CmaTotal:         405504 kB
CmaFree:             900 kB
MemTotal:        7918588 kB
MemFree:          338304 kB
MemAvailable:     575688 kB
Buffers:             512 kB
Cached:           365880 kB
SwapCached:         8724 kB
Active:          1009100 kB
Inactive:        4107272 kB
Active(anon):     671124 kB
Inactive(anon):  4098300 kB
Active(file):     337976 kB
Inactive(file):     8972 kB
Unevictable:        6408 kB
Mlocked:            5968 kB
SwapTotal:       4718584 kB
SwapFree:        3957092 kB
Dirty:               288 kB
Writeback:             0 kB
AnonPages:       4751912 kB
Mapped:           361888 kB
Shmem:             14764 kB
KReclaimable:     402504 kB
Slab:             306812 kB
SReclaimable:      74396 kB
SUnreclaim:       232416 kB
KernelStack:       46688 kB
ShadowCallStack:   11704 kB
PageTables:        79436 kB
NFS_Unstable:          0 kB
Bounce:                0 kB
WritebackTmp:          0 kB
CommitLimit:     8677876 kB
Committed_AS:   68759796 kB
VmallocTotal:   263061440 kB
VmallocUsed:      130020 kB
VmallocChunk:          0 kB
Percpu:             2448 kB
CmaTotal:         405504 kB
CmaFree:             744 kB
MemTotal:        7918588 kB
MemFree:          274412 kB
MemAvailable:     513632 kB
Buffers:             512 kB
Cached:           371360 kB
SwapCached:         8724 kB
Active:          1073320 kB
Inactive:        4107256 kB
Active(anon):     730040 kB
Inactive(anon):  4098284 kB
Active(file):     343280 kB
Inactive(file):     8972 kB
Unevictable:        6408 kB
Mlocked:            5968 kB
SwapTotal:       4718584 kB
SwapFree:        3957092 kB
Dirty:               116 kB
Writeback:             0 kB
AnonPages:       4810784 kB
Mapped:           363808 kB
Shmem:             14764 kB
KReclaimable:     401688 kB
Slab:             306720 kB
SReclaimable:      74396 kB
SUnreclaim:       232324 kB
KernelStack:       46736 kB
ShadowCallStack:   11720 kB
PageTables:        79884 kB
NFS_Unstable:          0 kB
Bounce:                0 kB
WritebackTmp:          0 kB
CommitLimit:     8677876 kB
Committed_AS:   68890868 kB
VmallocTotal:   263061440 kB
VmallocUsed:      130044 kB
VmallocChunk:          0 kB
Percpu:             2448 kB
CmaTotal:         405504 kB
CmaFree:             744 kB
MemTotal:        7918588 kB
MemFree:          232760 kB
MemAvailable:     473900 kB
Buffers:             512 kB
Cached:           381472 kB
SwapCached:         8712 kB
Active:          1143300 kB
Inactive:        4079864 kB
Active(anon):     789672 kB
Inactive(anon):  4070744 kB
Active(file):     353628 kB
Inactive(file):     9120 kB
Unevictable:        6408 kB
Mlocked:            5968 kB
SwapTotal:       4718584 kB
SwapFree:        3948900 kB
Dirty:                92 kB
Writeback:             4 kB
AnonPages:       4843248 kB
Mapped:           369964 kB
Shmem:             14556 kB
KReclaimable:     398360 kB
Slab:             306520 kB
SReclaimable:      74396 kB
SUnreclaim:       232124 kB
KernelStack:       46736 kB
ShadowCallStack:   11688 kB
PageTables:        79876 kB
NFS_Unstable:          0 kB
Bounce:                0 kB
WritebackTmp:          0 kB
CommitLimit:     8677876 kB
Committed_AS:   68989172 kB
VmallocTotal:   263061440 kB
VmallocUsed:      130056 kB
VmallocChunk:          0 kB
Percpu:             2448 kB
CmaTotal:         405504 kB
CmaFree:              88 kB
MemTotal:        7918588 kB
MemFree:          207412 kB
MemAvailable:     571208 kB
Buffers:             568 kB
Cached:           397532 kB
SwapCached:         8408 kB
Active:          1255560 kB
Inactive:        4017660 kB
Active(anon):     876588 kB
Inactive(anon):  4017600 kB
Active(file):     378972 kB
Inactive(file):       60 kB
Unevictable:        6408 kB
Mlocked:            5968 kB
SwapTotal:       4718584 kB
SwapFree:        3928676 kB
Dirty:               120 kB
Writeback:             0 kB
AnonPages:       4877008 kB
Mapped:           370616 kB
Shmem:             14324 kB
KReclaimable:     374988 kB
Slab:             306716 kB
SReclaimable:      74320 kB
SUnreclaim:       232396 kB
KernelStack:       46880 kB
ShadowCallStack:   11736 kB
PageTables:        80496 kB
NFS_Unstable:          0 kB
Bounce:                0 kB
WritebackTmp:          0 kB
CommitLimit:     8677876 kB
Committed_AS:   69134088 kB
VmallocTotal:   263061440 kB
VmallocUsed:      130200 kB
VmallocChunk:          0 kB
Percpu:             2448 kB
CmaTotal:         405504 kB
CmaFree:               0 kB
MemTotal:        7918588 kB
MemFree:          171744 kB
MemAvailable:     534736 kB
Buffers:             712 kB
Cached:           431812 kB
SwapCached:         8308 kB
Active:          1324804 kB
Inactive:        4017416 kB
Active(anon):     911360 kB
Inactive(anon):  4017348 kB
Active(file):     413444 kB
Inactive(file):       68 kB
Unevictable:        6408 kB
Mlocked:            5968 kB
SwapTotal:       4718584 kB
SwapFree:        3929188 kB
Dirty:               336 kB
Writeback:             0 kB
AnonPages:       4911536 kB
Mapped:           370736 kB
Shmem:             14332 kB
KReclaimable:     339704 kB
Slab:             306740 kB
SReclaimable:      74308 kB
SUnreclaim:       232432 kB
KernelStack:       46832 kB
ShadowCallStack:   11732 kB
PageTables:        80312 kB
NFS_Unstable:          0 kB
Bounce:                0 kB
WritebackTmp:          0 kB
CommitLimit:     8677876 kB
Committed_AS:   69169396 kB
VmallocTotal:   263061440 kB
VmallocUsed:      130160 kB
VmallocChunk:          0 kB
Percpu:             2448 kB
CmaTotal:         405504 kB
CmaFree:               0 kB
MemTotal:        7918588 kB
MemFree:          169784 kB
MemAvailable:     491788 kB
Buffers:             720 kB
Cached:           439756 kB
SwapCached:         3244 kB
Active:          1548076 kB
Inactive:        3837460 kB
Active(anon):    1126628 kB
Inactive(anon):  3837444 kB
Active(file):     421448 kB
Inactive(file):       16 kB
Unevictable:        6408 kB
Mlocked:            5968 kB
SwapTotal:       4718584 kB
SwapFree:        3919204 kB
Dirty:               336 kB
Writeback:             0 kB
AnonPages:       4951604 kB
Mapped:           373912 kB
Shmem:             14300 kB
KReclaimable:     290764 kB
Slab:             306760 kB
SReclaimable:      74308 kB
SUnreclaim:       232452 kB
KernelStack:       46816 kB
ShadowCallStack:   11724 kB
PageTables:        80740 kB
NFS_Unstable:          0 kB
Bounce:                0 kB
WritebackTmp:          0 kB
CommitLimit:     8677876 kB
Committed_AS:   69284172 kB
VmallocTotal:   263061440 kB
VmallocUsed:      130168 kB
VmallocChunk:          0 kB
Percpu:             2448 kB
CmaTotal:         405504 kB
CmaFree:               0 kB
MemTotal:        7918588 kB
MemFree:          165736 kB
MemAvailable:     441352 kB
Buffers:             720 kB
Cached:           442788 kB
SwapCached:         3224 kB
Active:          1866272 kB
Inactive:        3571004 kB
Active(anon):    1441784 kB
Inactive(anon):  3570900 kB
Active(file):     424488 kB
Inactive(file):      104 kB
Unevictable:        6408 kB
Mlocked:            5968 kB
SwapTotal:       4718584 kB
SwapFree:        3913316 kB
Dirty:               336 kB
Writeback:             0 kB
AnonPages:       5000196 kB
Mapped:           374704 kB
Shmem:             14236 kB
KReclaimable:     239972 kB
Slab:             306840 kB
SReclaimable:      74308 kB
SUnreclaim:       232532 kB
KernelStack:       46800 kB
ShadowCallStack:   11740 kB
PageTables:        80684 kB
NFS_Unstable:          0 kB
Bounce:                0 kB
WritebackTmp:          0 kB
CommitLimit:     8677876 kB
Committed_AS:   69398860 kB
VmallocTotal:   263061440 kB
VmallocUsed:      130176 kB
VmallocChunk:          0 kB
Percpu:             2448 kB
CmaTotal:         405504 kB
CmaFree:               0 kB
MemTotal:        7918588 kB
MemFree:          165016 kB
MemAvailable:     437132 kB
Buffers:             720 kB
Cached:           443676 kB
SwapCached:         3220 kB
Active:          1949332 kB
Inactive:        3495284 kB
Active(anon):    1523964 kB
Inactive(anon):  3495176 kB
Active(file):     425368 kB
Inactive(file):      108 kB
Unevictable:        6408 kB
Mlocked:            5968 kB
SwapTotal:       4718584 kB
SwapFree:        3874660 kB
Dirty:               336 kB
Writeback:             0 kB
AnonPages:       5007168 kB
Mapped:           375608 kB
Shmem:             14236 kB
KReclaimable:     231204 kB
Slab:             306736 kB
SReclaimable:      74308 kB
SUnreclaim:       232428 kB
KernelStack:       46848 kB
ShadowCallStack:   11736 kB
PageTables:        80988 kB
NFS_Unstable:          0 kB
Bounce:                0 kB
WritebackTmp:          0 kB
CommitLimit:     8677876 kB
Committed_AS:   69497168 kB
VmallocTotal:   263061440 kB
VmallocUsed:      130176 kB
VmallocChunk:          0 kB
Percpu:             2448 kB
CmaTotal:         405504 kB
CmaFree:               0 kB
MemTotal:        7918588 kB
MemFree:          166188 kB
MemAvailable:     436280 kB
Buffers:             896 kB
Cached:           445172 kB
SwapCached:         3216 kB
Active:          1997564 kB
Inactive:        3453500 kB
Active(anon):    1570996 kB
Inactive(anon):  3452916 kB
Active(file):     426568 kB
Inactive(file):      584 kB
Unevictable:        6408 kB
Mlocked:            5968 kB
SwapTotal:       4718584 kB
SwapFree:        3836260 kB
Dirty:               200 kB
Writeback:             0 kB
AnonPages:       5011416 kB
Mapped:           378100 kB
Shmem:             14236 kB
KReclaimable:     223804 kB
Slab:             306740 kB
SReclaimable:      74292 kB
SUnreclaim:       232448 kB
KernelStack:       46832 kB
ShadowCallStack:   11732 kB
PageTables:        81108 kB
NFS_Unstable:          0 kB
Bounce:                0 kB
WritebackTmp:          0 kB
CommitLimit:     8677876 kB
Committed_AS:   69595468 kB
VmallocTotal:   263061440 kB
VmallocUsed:      130176 kB
VmallocChunk:          0 kB
Percpu:             2448 kB
CmaTotal:         405504 kB
CmaFree:               0 kB
MemTotal:        7918588 kB
MemFree:          166424 kB
MemAvailable:     438040 kB
Buffers:            1020 kB
Cached:           449752 kB
SwapCached:         3216 kB
Active:          2059660 kB
Inactive:        3394888 kB
Active(anon):    1628588 kB
Inactive(anon):  3394096 kB
Active(file):     431072 kB
Inactive(file):      792 kB
Unevictable:        6408 kB
Mlocked:            5968 kB
SwapTotal:       4718584 kB
SwapFree:        3781476 kB
Dirty:               180 kB
Writeback:            64 kB
AnonPages:       5010228 kB
Mapped:           380152 kB
Shmem:             14236 kB
KReclaimable:     217428 kB
Slab:             307452 kB
SReclaimable:      74948 kB
SUnreclaim:       232504 kB
KernelStack:       46784 kB
ShadowCallStack:   11728 kB
PageTables:        81344 kB
NFS_Unstable:          0 kB
Bounce:                0 kB
WritebackTmp:          0 kB
CommitLimit:     8677876 kB
Committed_AS:   69710156 kB
VmallocTotal:   263061440 kB
VmallocUsed:      130176 kB
VmallocChunk:          0 kB
Percpu:             2448 kB
CmaTotal:         405504 kB
CmaFree:               0 kB
MemTotal:        7918588 kB
MemFree:          167344 kB
MemAvailable:     443416 kB
Buffers:            1024 kB
Cached:           457668 kB
SwapCached:         3224 kB
Active:          2112588 kB
Inactive:        3349192 kB
Active(anon):    1673672 kB
Inactive(anon):  3348328 kB
Active(file):     438916 kB
Inactive(file):      864 kB
Unevictable:        6408 kB
Mlocked:            5968 kB
SwapTotal:       4718584 kB
SwapFree:        3741284 kB
Dirty:               188 kB
Writeback:             0 kB
AnonPages:       5009316 kB
Mapped:           383420 kB
Shmem:             14236 kB
KReclaimable:     210512 kB
Slab:             307104 kB
SReclaimable:      74520 kB
SUnreclaim:       232584 kB
KernelStack:       46832 kB
ShadowCallStack:   11732 kB
PageTables:        81424 kB
NFS_Unstable:          0 kB
Bounce:                0 kB
WritebackTmp:          0 kB
CommitLimit:     8677876 kB
Committed_AS:   69792100 kB
VmallocTotal:   263061440 kB
VmallocUsed:      130168 kB
VmallocChunk:          0 kB
Percpu:             2448 kB
CmaTotal:         405504 kB
CmaFree:               0 kB
MemTotal:        7918588 kB
MemFree:          171400 kB
MemAvailable:     447592 kB
Buffers:            1024 kB
Cached:           461228 kB
SwapCached:         3224 kB
Active:          2176616 kB
Inactive:        3283724 kB
Active(anon):    1734424 kB
Inactive(anon):  3282584 kB
Active(file):     442192 kB
Inactive(file):     1140 kB
Unevictable:        6408 kB
Mlocked:            5968 kB
SwapTotal:       4718584 kB
SwapFree:        3683684 kB
Dirty:               248 kB
Writeback:             0 kB
AnonPages:       5004436 kB
Mapped:           386324 kB
Shmem:             14240 kB
KReclaimable:     203648 kB
Slab:             307144 kB
SReclaimable:      74520 kB
SUnreclaim:       232624 kB
KernelStack:       46816 kB
ShadowCallStack:   11736 kB
PageTables:        81844 kB
NFS_Unstable:          0 kB
Bounce:                0 kB
WritebackTmp:          0 kB
CommitLimit:     8677876 kB
Committed_AS:   69906772 kB
VmallocTotal:   263061440 kB
VmallocUsed:      130152 kB
VmallocChunk:          0 kB
Percpu:             2448 kB
CmaTotal:         405504 kB
CmaFree:               0 kB
MemTotal:        7918588 kB
MemFree:          168284 kB
MemAvailable:     443276 kB
Buffers:            1024 kB
Cached:           461228 kB
SwapCached:         3224 kB
Active:          2213020 kB
Inactive:        3253020 kB
Active(anon):    1770828 kB
Inactive(anon):  3251880 kB
Active(file):     442192 kB
Inactive(file):     1140 kB
Unevictable:        6408 kB
Mlocked:            5968 kB
SwapTotal:       4718584 kB
SwapFree:        3653732 kB
Dirty:               248 kB
Writeback:             0 kB
AnonPages:       5010004 kB
Mapped:           386768 kB
Shmem:             14240 kB
KReclaimable:     201248 kB
Slab:             307148 kB
SReclaimable:      74520 kB
SUnreclaim:       232628 kB
KernelStack:       46816 kB
ShadowCallStack:   11720 kB
PageTables:        81696 kB
NFS_Unstable:          0 kB
Bounce:                0 kB
WritebackTmp:          0 kB
CommitLimit:     8677876 kB
Committed_AS:   69972304 kB
VmallocTotal:   263061440 kB
VmallocUsed:      130156 kB
VmallocChunk:          0 kB
Percpu:             2448 kB
CmaTotal:         405504 kB
CmaFree:               0 kB
MemTotal:        7918588 kB
MemFree:          166056 kB
MemAvailable:     439776 kB
Buffers:            1024 kB
Cached:           462452 kB
SwapCached:         3224 kB
Active:          2271708 kB
Inactive:        3199792 kB
Active(anon):    1828296 kB
Inactive(anon):  3198652 kB
Active(file):     443412 kB
Inactive(file):     1140 kB
Unevictable:        6408 kB
Mlocked:            5968 kB
SwapTotal:       4718584 kB
SwapFree:        3603044 kB
Dirty:                28 kB
Writeback:             4 kB
AnonPages:       5014444 kB
Mapped:           388936 kB
Shmem:             14240 kB
KReclaimable:     196264 kB
Slab:             307184 kB
SReclaimable:      74520 kB
SUnreclaim:       232664 kB
KernelStack:       46784 kB
ShadowCallStack:   11728 kB
PageTables:        82008 kB
NFS_Unstable:          0 kB
Bounce:                0 kB
WritebackTmp:          0 kB
CommitLimit:     8677876 kB
Committed_AS:   70103376 kB
VmallocTotal:   263061440 kB
VmallocUsed:      130152 kB
VmallocChunk:          0 kB
Percpu:             2448 kB
CmaTotal:         405504 kB
CmaFree:               0 kB
MemTotal:        7918588 kB
MemFree:          166796 kB
MemAvailable:     442352 kB
Buffers:            1032 kB
Cached:           467804 kB
SwapCached:         3240 kB
Active:          2341612 kB
Inactive:        3134872 kB
Active(anon):    1892888 kB
Inactive(anon):  3133688 kB
Active(file):     448724 kB
Inactive(file):     1184 kB
Unevictable:        6408 kB
Mlocked:            5968 kB
SwapTotal:       4718584 kB
SwapFree:        3541860 kB
Dirty:               148 kB
Writeback:             0 kB
AnonPages:       5013748 kB
Mapped:           392284 kB
Shmem:             14252 kB
KReclaimable:     189224 kB
Slab:             307060 kB
SReclaimable:      74472 kB
SUnreclaim:       232588 kB
KernelStack:       46848 kB
ShadowCallStack:   11740 kB
PageTables:        82412 kB
NFS_Unstable:          0 kB
Bounce:                0 kB
WritebackTmp:          0 kB
CommitLimit:     8677876 kB
Committed_AS:   70234452 kB
VmallocTotal:   263061440 kB
VmallocUsed:      130204 kB
VmallocChunk:          0 kB
Percpu:             2448 kB
CmaTotal:         405504 kB
CmaFree:              16 kB
MemTotal:        7918588 kB
MemFree:          224396 kB
MemAvailable:     406496 kB
Buffers:            1176 kB
Cached:           468652 kB
SwapCached:         3260 kB
Active:          2418024 kB
Inactive:        2937808 kB
Active(anon):    1968548 kB
Inactive(anon):  2936428 kB
Active(file):     449476 kB
Inactive(file):     1380 kB
Unevictable:        6408 kB
Mlocked:            5968 kB
SwapTotal:       4718584 kB
SwapFree:        3354468 kB
Dirty:               148 kB
Writeback:             0 kB
AnonPages:       4892140 kB
Mapped:           393624 kB
Shmem:             14288 kB
KReclaimable:     131484 kB
Slab:             307076 kB
SReclaimable:      74460 kB
SUnreclaim:       232616 kB
KernelStack:       46960 kB
ShadowCallStack:   11764 kB
PageTables:        82292 kB
NFS_Unstable:          0 kB
Bounce:                0 kB
WritebackTmp:          0 kB
CommitLimit:     8677876 kB
Committed_AS:   70316780 kB
VmallocTotal:   263061440 kB
VmallocUsed:      130400 kB
VmallocChunk:          0 kB
Percpu:             2448 kB
CmaTotal:         405504 kB
CmaFree:               0 kB
MemTotal:        7918588 kB
MemFree:          172788 kB
MemAvailable:     392180 kB
Buffers:            1176 kB
Cached:           469488 kB
SwapCached:         3260 kB
Active:          2509228 kB
Inactive:        2887104 kB
Active(anon):    2059052 kB
Inactive(anon):  2885708 kB
Active(file):     450176 kB
Inactive(file):     1396 kB
Unevictable:        6408 kB
Mlocked:            5968 kB
SwapTotal:       4718584 kB
SwapFree:        3346020 kB
Dirty:               148 kB
Writeback:             0 kB
AnonPages:       4932024 kB
