MemTotal:        7918588 kB
MemFree:         3034196 kB
MemAvailable:    4714652 kB
Buffers:            4240 kB
Cached:          1438860 kB
SwapCached:         8492 kB
Active:          1520684 kB
Inactive:         630596 kB
Active(anon):     688788 kB
Inactive(anon):    38460 kB
Active(file):     831896 kB
Inactive(file):   592136 kB
Unevictable:        6636 kB
Mlocked:            6196 kB
SwapTotal:       4718584 kB
SwapFree:        3919680 kB
Dirty:            157872 kB
Writeback:             0 kB
AnonPages:        710708 kB
Mapped:           535328 kB
Shmem:             14152 kB
KReclaimable:     646648 kB
Slab:             323436 kB
SReclaimable:      94244 kB
SUnreclaim:       229192 kB
KernelStack:       49296 kB
ShadowCallStack:   12360 kB
PageTables:        64372 kB
NFS_Unstable:          0 kB
Bounce:                0 kB
WritebackTmp:          0 kB
CommitLimit:     8677876 kB
Committed_AS:   64974200 kB
VmallocTotal:   263061440 kB
VmallocUsed:      132632 kB
VmallocChunk:          0 kB
Percpu:             2448 kB
CmaTotal:         405504 kB
CmaFree:          290984 kB
MemTotal:        7918588 kB
MemFree:         3051936 kB
MemAvailable:    5090144 kB
Buffers:            4272 kB
Cached:          1456704 kB
SwapCached:         8652 kB
Active:          1502908 kB
Inactive:         631328 kB
Active(anon):     654440 kB
Inactive(anon):    38460 kB
Active(file):     848468 kB
Inactive(file):   592868 kB
Unevictable:        6636 kB
Mlocked:            6196 kB
SwapTotal:       4718584 kB
SwapFree:        3921472 kB
Dirty:            157876 kB
Writeback:             0 kB
AnonPages:        675712 kB
Mapped:           569696 kB
Shmem:             14740 kB
KReclaimable:     987096 kB
Slab:             323344 kB
SReclaimable:      94276 kB
SUnreclaim:       229068 kB
KernelStack:       49648 kB
ShadowCallStack:   12448 kB
PageTables:        64412 kB
NFS_Unstable:          0 kB
Bounce:                0 kB
WritebackTmp:          0 kB
CommitLimit:     8677876 kB
Committed_AS:   65018944 kB
VmallocTotal:   263061440 kB
VmallocUsed:      133000 kB
VmallocChunk:          0 kB
Percpu:             2448 kB
CmaTotal:         405504 kB
CmaFree:          290988 kB
MemTotal:        7918588 kB
MemFree:         3027804 kB
MemAvailable:    4849788 kB
Buffers:            4288 kB
Cached:          1456804 kB
SwapCached:         8660 kB
Active:          1526888 kB
Inactive:         631364 kB
Active(anon):     678348 kB
Inactive(anon):    38460 kB
Active(file):     848540 kB
Inactive(file):   592904 kB
Unevictable:        6636 kB
Mlocked:            6196 kB
SwapTotal:       4718584 kB
SwapFree:        3921472 kB
Dirty:            157892 kB
Writeback:             0 kB
AnonPages:        699608 kB
Mapped:           578592 kB
Shmem:             14748 kB
KReclaimable:     770764 kB
Slab:             323784 kB
SReclaimable:      94292 kB
SUnreclaim:       229492 kB
KernelStack:       49504 kB
ShadowCallStack:   12412 kB
PageTables:        64820 kB
NFS_Unstable:          0 kB
Bounce:                0 kB
WritebackTmp:          0 kB
CommitLimit:     8677876 kB
Committed_AS:   65042520 kB
VmallocTotal:   263061440 kB
VmallocUsed:      132920 kB
VmallocChunk:          0 kB
Percpu:             2448 kB
CmaTotal:         405504 kB
CmaFree:          290984 kB
MemTotal:        7918588 kB
MemFree:         3022716 kB
MemAvailable:    4843944 kB
Buffers:            4296 kB
Cached:          1456812 kB
SwapCached:         8660 kB
Active:          1531036 kB
Inactive:         631376 kB
Active(anon):     682496 kB
Inactive(anon):    38460 kB
Active(file):     848540 kB
Inactive(file):   592916 kB
Unevictable:        6636 kB
Mlocked:            6196 kB
SwapTotal:       4718584 kB
SwapFree:        3921472 kB
Dirty:            157956 kB
Writeback:             0 kB
AnonPages:        703840 kB
Mapped:           579320 kB
Shmem:             14752 kB
KReclaimable:     769996 kB
Slab:             323840 kB
SReclaimable:      94292 kB
SUnreclaim:       229548 kB
KernelStack:       49488 kB
ShadowCallStack:   12412 kB
PageTables:        64700 kB
NFS_Unstable:          0 kB
Bounce:                0 kB
WritebackTmp:          0 kB
CommitLimit:     8677876 kB
Committed_AS:   65042524 kB
VmallocTotal:   263061440 kB
VmallocUsed:      132932 kB
VmallocChunk:          0 kB
Percpu:             2448 kB
CmaTotal:         405504 kB
CmaFree:          290984 kB
MemTotal:        7918588 kB
MemFree:         3019900 kB
MemAvailable:    4841088 kB
Buffers:            4328 kB
Cached:          1456792 kB
SwapCached:         8668 kB
Active:          1539920 kB
Inactive:         631384 kB
Active(anon):     691380 kB
Inactive(anon):    38460 kB
Active(file):     848540 kB
Inactive(file):   592924 kB
Unevictable:        6636 kB
Mlocked:            6196 kB
SwapTotal:       4718584 kB
SwapFree:        3932480 kB
Dirty:            157944 kB
Writeback:             4 kB
AnonPages:        712544 kB
Mapped:           579896 kB
Shmem:             14764 kB
KReclaimable:     769948 kB
Slab:             323800 kB
SReclaimable:      94292 kB
SUnreclaim:       229508 kB
KernelStack:       49520 kB
ShadowCallStack:   12424 kB
PageTables:        64884 kB
NFS_Unstable:          0 kB
Bounce:                0 kB
WritebackTmp:          0 kB
CommitLimit:     8677876 kB
Committed_AS:   65042528 kB
VmallocTotal:   263061440 kB
VmallocUsed:      132948 kB
VmallocChunk:          0 kB
Percpu:             2448 kB
CmaTotal:         405504 kB
CmaFree:          291720 kB
MemTotal:        7918588 kB
MemFree:         3026468 kB
MemAvailable:    4867904 kB
Buffers:            4328 kB
Cached:          1456964 kB
SwapCached:         8668 kB
Active:          1532744 kB
Inactive:         631392 kB
Active(anon):     684196 kB
Inactive(anon):    38432 kB
Active(file):     848548 kB
Inactive(file):   592960 kB
Unevictable:        6636 kB
Mlocked:            6196 kB
SwapTotal:       4718584 kB
SwapFree:        3932480 kB
Dirty:             17612 kB
Writeback:             0 kB
AnonPages:        705272 kB
Mapped:           580228 kB
Shmem:             14884 kB
KReclaimable:     790152 kB
Slab:             323860 kB
SReclaimable:      94292 kB
SUnreclaim:       229568 kB
KernelStack:       49344 kB
ShadowCallStack:   12372 kB
PageTables:        64776 kB
NFS_Unstable:          0 kB
Bounce:                0 kB
WritebackTmp:          0 kB
CommitLimit:     8677876 kB
Committed_AS:   65042044 kB
VmallocTotal:   263061440 kB
VmallocUsed:      132472 kB
VmallocChunk:          0 kB
Percpu:             2448 kB
CmaTotal:         405504 kB
CmaFree:          291740 kB
MemTotal:        7918588 kB
MemFree:         3006132 kB
MemAvailable:    4847568 kB
Buffers:            4328 kB
Cached:          1456964 kB
SwapCached:         8668 kB
Active:          1554852 kB
Inactive:         631392 kB
Active(anon):     706304 kB
Inactive(anon):    38432 kB
Active(file):     848548 kB
Inactive(file):   592960 kB
Unevictable:        6636 kB
Mlocked:            6196 kB
SwapTotal:       4718584 kB
SwapFree:        3932480 kB
Dirty:             17656 kB
Writeback:             0 kB
AnonPages:        727324 kB
Mapped:           581816 kB
Shmem:             14884 kB
KReclaimable:     790152 kB
Slab:             323944 kB
SReclaimable:      94292 kB
SUnreclaim:       229652 kB
KernelStack:       49376 kB
ShadowCallStack:   12368 kB
PageTables:        64844 kB
NFS_Unstable:          0 kB
Bounce:                0 kB
WritebackTmp:          0 kB
CommitLimit:     8677876 kB
Committed_AS:   65062596 kB
VmallocTotal:   263061440 kB
VmallocUsed:      132488 kB
VmallocChunk:          0 kB
Percpu:             2448 kB
CmaTotal:         405504 kB
CmaFree:          291740 kB
MemTotal:        7918588 kB
MemFree:         2854128 kB
MemAvailable:    4663884 kB
Buffers:            4332 kB
Cached:          1458184 kB
SwapCached:         8668 kB
Active:          1706584 kB
Inactive:         631396 kB
Active(anon):     856820 kB
Inactive(anon):    38432 kB
Active(file):     849764 kB
Inactive(file):   592964 kB
Unevictable:        6636 kB
Mlocked:            6196 kB
SwapTotal:       4718584 kB
SwapFree:        3932480 kB
Dirty:             17660 kB
Writeback:             0 kB
AnonPages:        877864 kB
Mapped:           627996 kB
Shmem:             14888 kB
KReclaimable:     757252 kB
Slab:             324072 kB
SReclaimable:      94292 kB
SUnreclaim:       229780 kB
KernelStack:       49360 kB
ShadowCallStack:   12376 kB
PageTables:        65280 kB
NFS_Unstable:          0 kB
Bounce:                0 kB
WritebackTmp:          0 kB
CommitLimit:     8677876 kB
Committed_AS:   65327444 kB
VmallocTotal:   263061440 kB
VmallocUsed:      132508 kB
VmallocChunk:          0 kB
Percpu:             2448 kB
CmaTotal:         405504 kB
CmaFree:          291740 kB
MemTotal:        7918588 kB
MemFree:         2794212 kB
MemAvailable:    4569360 kB
Buffers:            4332 kB
Cached:          1458784 kB
SwapCached:         8668 kB
Active:          1766224 kB
Inactive:         631416 kB
Active(anon):     915888 kB
Inactive(anon):    38432 kB
Active(file):     850336 kB
Inactive(file):   592984 kB
Unevictable:        6636 kB
Mlocked:            6196 kB
SwapTotal:       4718584 kB
SwapFree:        3932480 kB
Dirty:             17668 kB
Writeback:             0 kB
AnonPages:        936924 kB
Mapped:           667544 kB
Shmem:             14896 kB
KReclaimable:     722052 kB
Slab:             324288 kB
SReclaimable:      94292 kB
SUnreclaim:       229996 kB
KernelStack:       49392 kB
ShadowCallStack:   12384 kB
PageTables:        65600 kB
NFS_Unstable:          0 kB
Bounce:                0 kB
WritebackTmp:          0 kB
CommitLimit:     8677876 kB
Committed_AS:   65424296 kB
VmallocTotal:   263061440 kB
VmallocUsed:      132484 kB
VmallocChunk:          0 kB
Percpu:             2448 kB
CmaTotal:         405504 kB
CmaFree:          291740 kB
MemTotal:        7918588 kB
MemFree:         2701520 kB
MemAvailable:    4452208 kB
Buffers:            4352 kB
Cached:          1482040 kB
SwapCached:         8684 kB
Active:          1859216 kB
Inactive:         631548 kB
Active(anon):     985736 kB
Inactive(anon):    38432 kB
Active(file):     873480 kB
Inactive(file):   593116 kB
Unevictable:        6636 kB
Mlocked:            6196 kB
SwapTotal:       4718584 kB
SwapFree:        3932992 kB
Dirty:             17812 kB
Writeback:             0 kB
AnonPages:       1006856 kB
Mapped:           703612 kB
Shmem:             14896 kB
KReclaimable:     674316 kB
Slab:             324320 kB
SReclaimable:      94296 kB
SUnreclaim:       230024 kB
KernelStack:       49424 kB
ShadowCallStack:   12392 kB
PageTables:        66000 kB
NFS_Unstable:          0 kB
Bounce:                0 kB
WritebackTmp:          0 kB
CommitLimit:     8677876 kB
Committed_AS:   65581064 kB
VmallocTotal:   263061440 kB
VmallocUsed:      132564 kB
VmallocChunk:          0 kB
Percpu:             2448 kB
CmaTotal:         405504 kB
CmaFree:          291740 kB
MemTotal:        7918588 kB
MemFree:         2599132 kB
MemAvailable:    4347692 kB
Buffers:            4352 kB
Cached:          1482052 kB
SwapCached:         8684 kB
Active:          1959808 kB
Inactive:         631548 kB
Active(anon):    1086328 kB
Inactive(anon):    38432 kB
Active(file):     873480 kB
Inactive(file):   593116 kB
Unevictable:        6636 kB
Mlocked:            6196 kB
SwapTotal:       4718584 kB
SwapFree:        3932992 kB
Dirty:             17876 kB
Writeback:             0 kB
AnonPages:       1107248 kB
Mapped:           702712 kB
Shmem:             14908 kB
KReclaimable:     672188 kB
Slab:             324496 kB
SReclaimable:      94296 kB
SUnreclaim:       230200 kB
KernelStack:       49424 kB
ShadowCallStack:   12392 kB
PageTables:        66568 kB
NFS_Unstable:          0 kB
Bounce:                0 kB
WritebackTmp:          0 kB
CommitLimit:     8677876 kB
Committed_AS:   65826836 kB
VmallocTotal:   263061440 kB
VmallocUsed:      132568 kB
VmallocChunk:          0 kB
Percpu:             2448 kB
CmaTotal:         405504 kB
CmaFree:          291932 kB
MemTotal:        7918588 kB
MemFree:         2503664 kB
MemAvailable:    4250940 kB
Buffers:            4376 kB
Cached:          1482088 kB
SwapCached:         8684 kB
Active:          2054112 kB
Inactive:         631600 kB
Active(anon):    1180632 kB
Inactive(anon):    38432 kB
Active(file):     873480 kB
Inactive(file):   593168 kB
Unevictable:        6636 kB
Mlocked:            6196 kB
SwapTotal:       4718584 kB
SwapFree:        3933248 kB
Dirty:             17992 kB
Writeback:             0 kB
AnonPages:       1201648 kB
Mapped:           703696 kB
Shmem:             14916 kB
KReclaimable:     670852 kB
Slab:             324588 kB
SReclaimable:      94296 kB
SUnreclaim:       230292 kB
KernelStack:       49424 kB
ShadowCallStack:   12392 kB
PageTables:        66956 kB
NFS_Unstable:          0 kB
Bounce:                0 kB
WritebackTmp:          0 kB
CommitLimit:     8677876 kB
Committed_AS:   66056220 kB
VmallocTotal:   263061440 kB
VmallocUsed:      132552 kB
VmallocChunk:          0 kB
Percpu:             2448 kB
CmaTotal:         405504 kB
CmaFree:          291932 kB
MemTotal:        7918588 kB
MemFree:         2400196 kB
MemAvailable:    4137476 kB
Buffers:            4376 kB
Cached:          1482092 kB
SwapCached:         8684 kB
Active:          2157516 kB
Inactive:         631600 kB
Active(anon):    1284036 kB
Inactive(anon):    38432 kB
Active(file):     873480 kB
Inactive(file):   593168 kB
Unevictable:        6636 kB
Mlocked:            6196 kB
SwapTotal:       4718584 kB
SwapFree:        3933248 kB
Dirty:             17992 kB
Writeback:             0 kB
AnonPages:       1305268 kB
Mapped:           704532 kB
Shmem:             14920 kB
KReclaimable:     660856 kB
Slab:             324568 kB
SReclaimable:      94296 kB
SUnreclaim:       230272 kB
KernelStack:       49424 kB
ShadowCallStack:   12380 kB
PageTables:        67368 kB
NFS_Unstable:          0 kB
Bounce:                0 kB
WritebackTmp:          0 kB
CommitLimit:     8677876 kB
Committed_AS:   66301932 kB
VmallocTotal:   263061440 kB
VmallocUsed:      132548 kB
VmallocChunk:          0 kB
Percpu:             2448 kB
CmaTotal:         405504 kB
CmaFree:          291932 kB
MemTotal:        7918588 kB
MemFree:         2323284 kB
MemAvailable:    4059904 kB
Buffers:            4376 kB
Cached:          1482112 kB
SwapCached:         8684 kB
Active:          2233772 kB
Inactive:         631620 kB
Active(anon):    1360292 kB
Inactive(anon):    38432 kB
Active(file):     873480 kB
Inactive(file):   593188 kB
Unevictable:        6636 kB
Mlocked:            6196 kB
SwapTotal:       4718584 kB
SwapFree:        3933504 kB
Dirty:             18012 kB
Writeback:             0 kB
AnonPages:       1381304 kB
Mapped:           704988 kB
Shmem:             14920 kB
KReclaimable:     660176 kB
Slab:             324632 kB
SReclaimable:      94296 kB
SUnreclaim:       230336 kB
KernelStack:       49392 kB
ShadowCallStack:   12392 kB
PageTables:        67880 kB
NFS_Unstable:          0 kB
Bounce:                0 kB
WritebackTmp:          0 kB
CommitLimit:     8677876 kB
Committed_AS:   66514884 kB
VmallocTotal:   263061440 kB
VmallocUsed:      132532 kB
VmallocChunk:          0 kB
Percpu:             2448 kB
CmaTotal:         405504 kB
CmaFree:          292124 kB
MemTotal:        7918588 kB
MemFree:         2236456 kB
MemAvailable:    3974260 kB
Buffers:            4404 kB
Cached:          1484496 kB
SwapCached:         8684 kB
Active:          2319664 kB
Inactive:         631652 kB
Active(anon):    1443816 kB
Inactive(anon):    38432 kB
Active(file):     875848 kB
Inactive(file):   593220 kB
Unevictable:        6636 kB
Mlocked:            6196 kB
SwapTotal:       4718584 kB
SwapFree:        3933760 kB
Dirty:             18156 kB
Writeback:             0 kB
AnonPages:       1464784 kB
Mapped:           706740 kB
Shmem:             14932 kB
KReclaimable:     658960 kB
Slab:             324688 kB
SReclaimable:      94296 kB
SUnreclaim:       230392 kB
KernelStack:       49392 kB
ShadowCallStack:   12384 kB
PageTables:        68272 kB
NFS_Unstable:          0 kB
Bounce:                0 kB
WritebackTmp:          0 kB
CommitLimit:     8677876 kB
Committed_AS:   66727872 kB
VmallocTotal:   263061440 kB
VmallocUsed:      132528 kB
VmallocChunk:          0 kB
Percpu:             2448 kB
CmaTotal:         405504 kB
CmaFree:          292276 kB
MemTotal:        7918588 kB
MemFree:         2145200 kB
MemAvailable:    3881700 kB
Buffers:            4404 kB
Cached:          1484508 kB
SwapCached:         8684 kB
Active:          2409892 kB
Inactive:         631652 kB
Active(anon):    1534044 kB
Inactive(anon):    38432 kB
Active(file):     875848 kB
Inactive(file):   593220 kB
Unevictable:        6636 kB
Mlocked:            6196 kB
SwapTotal:       4718584 kB
SwapFree:        3933760 kB
Dirty:             18156 kB
Writeback:             0 kB
AnonPages:       1555036 kB
Mapped:           707924 kB
Shmem:             14944 kB
KReclaimable:     657656 kB
Slab:             324796 kB
SReclaimable:      94296 kB
SUnreclaim:       230500 kB
KernelStack:       49392 kB
ShadowCallStack:   12392 kB
PageTables:        68764 kB
NFS_Unstable:          0 kB
Bounce:                0 kB
WritebackTmp:          0 kB
CommitLimit:     8677876 kB
Committed_AS:   66957260 kB
VmallocTotal:   263061440 kB
VmallocUsed:      132532 kB
VmallocChunk:          0 kB
Percpu:             2448 kB
CmaTotal:         405504 kB
CmaFree:          292300 kB
MemTotal:        7918588 kB
MemFree:         2011832 kB
MemAvailable:    3625784 kB
Buffers:            4412 kB
Cached:          1484532 kB
SwapCached:         8684 kB
Active:          2544820 kB
Inactive:         631656 kB
Active(anon):    1668972 kB
Inactive(anon):    38432 kB
Active(file):     875848 kB
Inactive(file):   593224 kB
Unevictable:        6636 kB
Mlocked:            6196 kB
SwapTotal:       4718584 kB
SwapFree:        3934016 kB
Dirty:             18088 kB
Writeback:             0 kB
AnonPages:       1690016 kB
Mapped:           709196 kB
Shmem:             14972 kB
KReclaimable:     535104 kB
Slab:             324780 kB
SReclaimable:      94296 kB
SUnreclaim:       230484 kB
KernelStack:       49488 kB
ShadowCallStack:   12408 kB
PageTables:        69320 kB
NFS_Unstable:          0 kB
Bounce:                0 kB
WritebackTmp:          0 kB
CommitLimit:     8677876 kB
Committed_AS:   67186984 kB
VmallocTotal:   263061440 kB
VmallocUsed:      132684 kB
VmallocChunk:          0 kB
Percpu:             2448 kB
CmaTotal:         405504 kB
CmaFree:          292300 kB
MemTotal:        7918588 kB
MemFree:         1910320 kB
MemAvailable:    3513908 kB
Buffers:            4412 kB
Cached:          1484672 kB
SwapCached:         8684 kB
Active:          2644840 kB
Inactive:         631660 kB
Active(anon):    1768992 kB
Inactive(anon):    38432 kB
Active(file):     875848 kB
Inactive(file):   593228 kB
Unevictable:        6636 kB
Mlocked:            6196 kB
SwapTotal:       4718584 kB
SwapFree:        3934016 kB
Dirty:             18088 kB
Writeback:             0 kB
AnonPages:       1789776 kB
Mapped:           710380 kB
Shmem:             15108 kB
KReclaimable:     524736 kB
Slab:             324716 kB
SReclaimable:      94296 kB
SUnreclaim:       230420 kB
KernelStack:       49456 kB
ShadowCallStack:   12404 kB
PageTables:        69824 kB
NFS_Unstable:          0 kB
Bounce:                0 kB
WritebackTmp:          0 kB
CommitLimit:     8677876 kB
Committed_AS:   67449080 kB
VmallocTotal:   263061440 kB
VmallocUsed:      132628 kB
VmallocChunk:          0 kB
Percpu:             2448 kB
CmaTotal:         405504 kB
CmaFree:          292408 kB
MemTotal:        7918588 kB
MemFree:         1861376 kB
MemAvailable:    3594100 kB
Buffers:            4412 kB
Cached:          1484512 kB
SwapCached:         8684 kB
Active:          2692720 kB
Inactive:         631660 kB
Active(anon):    1816872 kB
Inactive(anon):    38432 kB
Active(file):     875848 kB
Inactive(file):   593228 kB
Unevictable:        6636 kB
Mlocked:            6196 kB
SwapTotal:       4718584 kB
SwapFree:        3934016 kB
Dirty:             18088 kB
Writeback:             0 kB
AnonPages:       1838040 kB
Mapped:           710200 kB
Shmem:             14948 kB
KReclaimable:     653872 kB
Slab:             324692 kB
SReclaimable:      94296 kB
SUnreclaim:       230396 kB
KernelStack:       49360 kB
ShadowCallStack:   12376 kB
PageTables:        70044 kB
NFS_Unstable:          0 kB
Bounce:                0 kB
WritebackTmp:          0 kB
CommitLimit:     8677876 kB
Committed_AS:   67661720 kB
VmallocTotal:   263061440 kB
VmallocUsed:      132496 kB
VmallocChunk:          0 kB
Percpu:             2448 kB
CmaTotal:         405504 kB
CmaFree:          292408 kB
MemTotal:        7918588 kB
MemFree:         1777400 kB
MemAvailable:    3508676 kB
Buffers:            4420 kB
Cached:          1484544 kB
SwapCached:         8684 kB
Active:          2776904 kB
Inactive:         631676 kB
Active(anon):    1901056 kB
Inactive(anon):    38432 kB
Active(file):     875848 kB
Inactive(file):   593244 kB
Unevictable:        6636 kB
Mlocked:            6196 kB
SwapTotal:       4718584 kB
SwapFree:        3934272 kB
Dirty:             18096 kB
Writeback:             0 kB
AnonPages:       1922104 kB
Mapped:           711580 kB
Shmem:             14972 kB
KReclaimable:     652408 kB
Slab:             324724 kB
SReclaimable:      94280 kB
SUnreclaim:       230444 kB
KernelStack:       49376 kB
ShadowCallStack:   12380 kB
PageTables:        70508 kB
NFS_Unstable:          0 kB
Bounce:                0 kB
WritebackTmp:          0 kB
CommitLimit:     8677876 kB
Committed_AS:   67858328 kB
VmallocTotal:   263061440 kB
VmallocUsed:      132508 kB
VmallocChunk:          0 kB
Percpu:             2448 kB
CmaTotal:         405504 kB
CmaFree:          292408 kB
MemTotal:        7918588 kB
MemFree:         1681132 kB
MemAvailable:    3410640 kB
Buffers:            4420 kB
Cached:          1484556 kB
SwapCached:         8684 kB
Active:          2872600 kB
Inactive:         631680 kB
Active(anon):    1996752 kB
Inactive(anon):    38432 kB
Active(file):     875848 kB
Inactive(file):   593248 kB
Unevictable:        6636 kB
Mlocked:            6196 kB
SwapTotal:       4718584 kB
SwapFree:        3934272 kB
Dirty:             18152 kB
Writeback:             0 kB
AnonPages:       2017684 kB
Mapped:           712860 kB
Shmem:             14980 kB
KReclaimable:     650636 kB
Slab:             324832 kB
SReclaimable:      94280 kB
SUnreclaim:       230552 kB
KernelStack:       49360 kB
ShadowCallStack:   12380 kB
PageTables:        71144 kB
NFS_Unstable:          0 kB
Bounce:                0 kB
WritebackTmp:          0 kB
CommitLimit:     8677876 kB
Committed_AS:   68087716 kB
VmallocTotal:   263061440 kB
VmallocUsed:      132492 kB
VmallocChunk:          0 kB
Percpu:             2448 kB
CmaTotal:         405504 kB
CmaFree:          292408 kB
MemTotal:        7918588 kB
MemFree:         1597880 kB
MemAvailable:    3326868 kB
Buffers:            4420 kB
Cached:          1484564 kB
SwapCached:         8684 kB
Active:          2955948 kB
Inactive:         631680 kB
Active(anon):    2080100 kB
Inactive(anon):    38432 kB
Active(file):     875848 kB
Inactive(file):   593248 kB
Unevictable:        6636 kB
Mlocked:            6196 kB
SwapTotal:       4718584 kB
SwapFree:        3934272 kB
Dirty:             18164 kB
Writeback:             0 kB
AnonPages:       2101024 kB
Mapped:           713200 kB
Shmem:             14988 kB
KReclaimable:     650116 kB
Slab:             324912 kB
SReclaimable:      94280 kB
SUnreclaim:       230632 kB
KernelStack:       49376 kB
ShadowCallStack:   12380 kB
PageTables:        71400 kB
NFS_Unstable:          0 kB
Bounce:                0 kB
WritebackTmp:          0 kB
CommitLimit:     8677876 kB
Committed_AS:   68300716 kB
VmallocTotal:   263061440 kB
VmallocUsed:      132512 kB
VmallocChunk:          0 kB
Percpu:             2448 kB
CmaTotal:         405504 kB
CmaFree:          292408 kB
MemTotal:        7918588 kB
MemFree:         1519940 kB
MemAvailable:    3248168 kB
Buffers:            4420 kB
Cached:          1484572 kB
SwapCached:         8684 kB
Active:          3033684 kB
Inactive:         631680 kB
Active(anon):    2157836 kB
Inactive(anon):    38432 kB
Active(file):     875848 kB
Inactive(file):   593248 kB
Unevictable:        6636 kB
Mlocked:            6196 kB
SwapTotal:       4718584 kB
SwapFree:        3934272 kB
Dirty:             18164 kB
Writeback:             0 kB
AnonPages:       2178732 kB
Mapped:           713828 kB
Shmem:             14996 kB
KReclaimable:     649356 kB
Slab:             324912 kB
SReclaimable:      94296 kB
SUnreclaim:       230616 kB
KernelStack:       49360 kB
ShadowCallStack:   12384 kB
PageTables:        71612 kB
NFS_Unstable:          0 kB
Bounce:                0 kB
WritebackTmp:          0 kB
CommitLimit:     8677876 kB
Committed_AS:   68464552 kB
VmallocTotal:   263061440 kB
VmallocUsed:      132508 kB
VmallocChunk:          0 kB
Percpu:             2448 kB
CmaTotal:         405504 kB
CmaFree:          292408 kB
MemTotal:        7918588 kB
MemFree:         1453064 kB
MemAvailable:    3179844 kB
Buffers:            4420 kB
Cached:          1484572 kB
SwapCached:         8684 kB
Active:          3100092 kB
Inactive:         631680 kB
Active(anon):    2224244 kB
Inactive(anon):    38432 kB
Active(file):     875848 kB
Inactive(file):   593248 kB
Unevictable:        6636 kB
Mlocked:            6196 kB
SwapTotal:       4718584 kB
SwapFree:        3934272 kB
Dirty:             18164 kB
Writeback:             0 kB
AnonPages:       2245200 kB
Mapped:           714864 kB
Shmem:             14996 kB
KReclaimable:     647908 kB
Slab:             325024 kB
SReclaimable:      94296 kB
SUnreclaim:       230728 kB
KernelStack:       49392 kB
ShadowCallStack:   12384 kB
PageTables:        72076 kB
NFS_Unstable:          0 kB
Bounce:                0 kB
WritebackTmp:          0 kB
CommitLimit:     8677876 kB
Committed_AS:   68628392 kB
VmallocTotal:   263061440 kB
VmallocUsed:      132528 kB
VmallocChunk:          0 kB
Percpu:             2448 kB
CmaTotal:         405504 kB
CmaFree:          292408 kB
MemTotal:        7918588 kB
MemFree:         1382192 kB
MemAvailable:    3108192 kB
Buffers:            4444 kB
Cached:          1484560 kB
SwapCached:         8684 kB
Active:          3170328 kB
Inactive:         631684 kB
Active(anon):    2294480 kB
Inactive(anon):    38432 kB
Active(file):     875848 kB
Inactive(file):   593252 kB
Unevictable:        6636 kB
Mlocked:            6196 kB
SwapTotal:       4718584 kB
SwapFree:        3934272 kB
Dirty:             18156 kB
Writeback:            20 kB
AnonPages:       2315580 kB
Mapped:           715272 kB
Shmem:             15004 kB
KReclaimable:     647124 kB
Slab:             324940 kB
SReclaimable:      94296 kB
SUnreclaim:       230644 kB
KernelStack:       49344 kB
ShadowCallStack:   12376 kB
PageTables:        72396 kB
NFS_Unstable:          0 kB
Bounce:                0 kB
WritebackTmp:          0 kB
CommitLimit:     8677876 kB
Committed_AS:   68808572 kB
VmallocTotal:   263061440 kB
VmallocUsed:      132512 kB
VmallocChunk:          0 kB
Percpu:             2448 kB
CmaTotal:         405504 kB
CmaFree:          292408 kB
MemTotal:        7918588 kB
MemFree:         1314208 kB
MemAvailable:    3039180 kB
Buffers:            4444 kB
Cached:          1484588 kB
SwapCached:         8684 kB
Active:          3237256 kB
Inactive:         631712 kB
Active(anon):    2361408 kB
Inactive(anon):    38432 kB
Active(file):     875848 kB
Inactive(file):   593280 kB
Unevictable:        6636 kB
Mlocked:            6196 kB
SwapTotal:       4718584 kB
SwapFree:        3934272 kB
Dirty:             18176 kB
Writeback:             0 kB
AnonPages:       2382296 kB
Mapped:           715936 kB
Shmem:             15004 kB
KReclaimable:     646068 kB
Slab:             325048 kB
SReclaimable:      94296 kB
SUnreclaim:       230752 kB
KernelStack:       49376 kB
ShadowCallStack:   12380 kB
PageTables:        72664 kB
NFS_Unstable:          0 kB
Bounce:                0 kB
WritebackTmp:          0 kB
CommitLimit:     8677876 kB
Committed_AS:   68939644 kB
VmallocTotal:   263061440 kB
VmallocUsed:      132504 kB
VmallocChunk:          0 kB
Percpu:             2448 kB
CmaTotal:         405504 kB
CmaFree:          292408 kB
MemTotal:        7918588 kB
MemFree:         1234564 kB
MemAvailable:    2958544 kB
Buffers:            4444 kB
Cached:          1484588 kB
SwapCached:         8684 kB
Active:          3316924 kB
Inactive:         631712 kB
Active(anon):    2441076 kB
Inactive(anon):    38432 kB
Active(file):     875848 kB
Inactive(file):   593280 kB
Unevictable:        6636 kB
Mlocked:            6196 kB
SwapTotal:       4718584 kB
SwapFree:        3934272 kB
Dirty:             17784 kB
Writeback:           140 kB
AnonPages:       2461968 kB
Mapped:           716492 kB
Shmem:             15004 kB
KReclaimable:     645076 kB
Slab:             325100 kB
SReclaimable:      94296 kB
SUnreclaim:       230804 kB
KernelStack:       49344 kB
ShadowCallStack:   12412 kB
PageTables:        72876 kB
NFS_Unstable:          0 kB
Bounce:                0 kB
WritebackTmp:          0 kB
CommitLimit:     8677876 kB
Committed_AS:   69120844 kB
VmallocTotal:   263061440 kB
VmallocUsed:      132488 kB
VmallocChunk:          0 kB
Percpu:             2448 kB
CmaTotal:         405504 kB
CmaFree:          292408 kB
MemTotal:        7918588 kB
MemFree:         1166284 kB
MemAvailable:    2889856 kB
Buffers:            4444 kB
Cached:          1484588 kB
SwapCached:         8684 kB
Active:          3385528 kB
Inactive:         631712 kB
Active(anon):    2509680 kB
Inactive(anon):    38432 kB
Active(file):     875848 kB
Inactive(file):   593280 kB
Unevictable:        6636 kB
Mlocked:            6196 kB
SwapTotal:       4718584 kB
SwapFree:        3934272 kB
Dirty:             17740 kB
Writeback:             0 kB
AnonPages:       2530556 kB
Mapped:           716748 kB
Shmem:             15004 kB
KReclaimable:     644668 kB
Slab:             325184 kB
SReclaimable:      94296 kB
SUnreclaim:       230888 kB
KernelStack:       49248 kB
ShadowCallStack:   12348 kB
PageTables:        73384 kB
NFS_Unstable:          0 kB
Bounce:                0 kB
WritebackTmp:          0 kB
CommitLimit:     8677876 kB
Committed_AS:   69284680 kB
VmallocTotal:   263061440 kB
VmallocUsed:      132368 kB
VmallocChunk:          0 kB
Percpu:             2448 kB
CmaTotal:         405504 kB
CmaFree:          292408 kB
MemTotal:        7918588 kB
MemFree:         1095196 kB
MemAvailable:    2817668 kB
Buffers:            4444 kB
Cached:          1484596 kB
SwapCached:         8684 kB
Active:          3456056 kB
Inactive:         631716 kB
Active(anon):    2580208 kB
Inactive(anon):    38432 kB
Active(file):     875848 kB
Inactive(file):   593284 kB
Unevictable:        6636 kB
Mlocked:            6196 kB
SwapTotal:       4718584 kB
SwapFree:        3934272 kB
Dirty:             17744 kB
Writeback:             0 kB
AnonPages:       2601120 kB
Mapped:           717544 kB
Shmem:             15008 kB
KReclaimable:     643564 kB
Slab:             325216 kB
SReclaimable:      94296 kB
SUnreclaim:       230920 kB
KernelStack:       49248 kB
ShadowCallStack:   12348 kB
PageTables:        73676 kB
NFS_Unstable:          0 kB
Bounce:                0 kB
WritebackTmp:          0 kB
CommitLimit:     8677876 kB
Committed_AS:   69448524 kB
VmallocTotal:   263061440 kB
VmallocUsed:      132344 kB
VmallocChunk:          0 kB
Percpu:             2448 kB
CmaTotal:         405504 kB
CmaFree:          292408 kB
MemTotal:        7918588 kB
MemFree:         1041440 kB
MemAvailable:    2763424 kB
Buffers:            4444 kB
Cached:          1484604 kB
SwapCached:         8684 kB
Active:          3507896 kB
Inactive:         631724 kB
Active(anon):    2632048 kB
Inactive(anon):    38432 kB
Active(file):     875848 kB
Inactive(file):   593292 kB
Unevictable:        6636 kB
Mlocked:            6196 kB
SwapTotal:       4718584 kB
SwapFree:        3934272 kB
Dirty:             17748 kB
Writeback:             0 kB
AnonPages:       2653220 kB
Mapped:           717956 kB
Shmem:             15008 kB
KReclaimable:     643068 kB
Slab:             325232 kB
SReclaimable:      94296 kB
SUnreclaim:       230936 kB
KernelStack:       49184 kB
ShadowCallStack:   12364 kB
PageTables:        73824 kB
NFS_Unstable:          0 kB
Bounce:                0 kB
WritebackTmp:          0 kB
CommitLimit:     8677876 kB
Committed_AS:   69563212 kB
VmallocTotal:   263061440 kB
VmallocUsed:      132344 kB
VmallocChunk:          0 kB
Percpu:             2448 kB
CmaTotal:         405504 kB
CmaFree:          242328 kB
MemTotal:        7918588 kB
MemFree:          981396 kB
MemAvailable:    2702676 kB
Buffers:            4452 kB
Cached:          1484596 kB
SwapCached:         8684 kB
Active:          3567324 kB
Inactive:         631724 kB
Active(anon):    2691476 kB
Inactive(anon):    38432 kB
Active(file):     875848 kB
Inactive(file):   593292 kB
Unevictable:        6636 kB
Mlocked:            6196 kB
SwapTotal:       4718584 kB
SwapFree:        3934272 kB
Dirty:             17752 kB
Writeback:             0 kB
AnonPages:       2712180 kB
Mapped:           718316 kB
Shmem:             15008 kB
KReclaimable:     642364 kB
Slab:             325312 kB
SReclaimable:      94296 kB
SUnreclaim:       231016 kB
KernelStack:       49216 kB
ShadowCallStack:   12344 kB
PageTables:        74148 kB
NFS_Unstable:          0 kB
Bounce:                0 kB
WritebackTmp:          0 kB
CommitLimit:     8677876 kB
Committed_AS:   69710668 kB
VmallocTotal:   263061440 kB
VmallocUsed:      132348 kB
VmallocChunk:          0 kB
Percpu:             2448 kB
CmaTotal:         405504 kB
CmaFree:          182108 kB
MemTotal:        7918588 kB
MemFree:          923604 kB
MemAvailable:    2644092 kB
Buffers:            4460 kB
Cached:          1484608 kB
SwapCached:         8684 kB
Active:          3624864 kB
Inactive:         631740 kB
Active(anon):    2749016 kB
Inactive(anon):    38432 kB
Active(file):     875848 kB
Inactive(file):   593308 kB
Unevictable:        6636 kB
Mlocked:            6196 kB
SwapTotal:       4718584 kB
SwapFree:        3934272 kB
Dirty:               744 kB
Writeback:             0 kB
AnonPages:       2769936 kB
Mapped:           718720 kB
Shmem:             15012 kB
KReclaimable:     641556 kB
Slab:             325480 kB
SReclaimable:      94280 kB
SUnreclaim:       231200 kB
KernelStack:       49248 kB
ShadowCallStack:   12356 kB
PageTables:        74444 kB
NFS_Unstable:          0 kB
Bounce:                0 kB
WritebackTmp:          0 kB
CommitLimit:     8677876 kB
Committed_AS:   69841744 kB
VmallocTotal:   263061440 kB
VmallocUsed:      132352 kB
VmallocChunk:          0 kB
Percpu:             2448 kB
CmaTotal:         405504 kB
CmaFree:          125016 kB
MemTotal:        7918588 kB
MemFree:          859272 kB
MemAvailable:    2579128 kB
Buffers:            4460 kB
Cached:          1484612 kB
SwapCached:         8684 kB
Active:          3689320 kB
Inactive:         631740 kB
Active(anon):    2813472 kB
Inactive(anon):    38432 kB
Active(file):     875848 kB
Inactive(file):   593308 kB
Unevictable:        6636 kB
Mlocked:            6196 kB
SwapTotal:       4718584 kB
SwapFree:        3934528 kB
Dirty:               748 kB
Writeback:             0 kB
AnonPages:       2834284 kB
Mapped:           719260 kB
Shmem:             15016 kB
KReclaimable:     640924 kB
Slab:             325380 kB
SReclaimable:      94280 kB
SUnreclaim:       231100 kB
KernelStack:       49232 kB
ShadowCallStack:   12364 kB
PageTables:        74640 kB
NFS_Unstable:          0 kB
Bounce:                0 kB
WritebackTmp:          0 kB
CommitLimit:     8677876 kB
Committed_AS:   69989204 kB
VmallocTotal:   263061440 kB
VmallocUsed:      132352 kB
VmallocChunk:          0 kB
Percpu:             2448 kB
CmaTotal:         405504 kB
CmaFree:           60624 kB
MemTotal:        7918588 kB
MemFree:          796552 kB
MemAvailable:    2515464 kB
Buffers:            4460 kB
Cached:          1484612 kB
SwapCached:         8684 kB
Active:          3752332 kB
Inactive:         631740 kB
Active(anon):    2876484 kB
Inactive(anon):    38432 kB
Active(file):     875848 kB
Inactive(file):   593308 kB
Unevictable:        6636 kB
Mlocked:            6196 kB
SwapTotal:       4718584 kB
SwapFree:        3934528 kB
Dirty:               768 kB
Writeback:             0 kB
AnonPages:       2897436 kB
Mapped:           719828 kB
Shmem:             15016 kB
KReclaimable:     639980 kB
Slab:             325432 kB
SReclaimable:      94232 kB
SUnreclaim:       231200 kB
KernelStack:       49216 kB
ShadowCallStack:   12348 kB
PageTables:        75164 kB
NFS_Unstable:          0 kB
Bounce:                0 kB
WritebackTmp:          0 kB
CommitLimit:     8677876 kB
Committed_AS:   70136660 kB
VmallocTotal:   263061440 kB
VmallocUsed:      132340 kB
VmallocChunk:          0 kB
Percpu:             2448 kB
CmaTotal:         405504 kB
CmaFree:               0 kB
MemTotal:        7918588 kB
MemFree:          732932 kB
MemAvailable:    2451020 kB
Buffers:            4484 kB
Cached:          1484588 kB
SwapCached:         8684 kB
Active:          3815896 kB
Inactive:         631564 kB
Active(anon):    2940048 kB
Inactive(anon):    38256 kB
Active(file):     875848 kB
Inactive(file):   593308 kB
Unevictable:        6636 kB
Mlocked:            6196 kB
SwapTotal:       4718584 kB
SwapFree:        3934784 kB
Dirty:               772 kB
Writeback:             0 kB
AnonPages:       2960600 kB
Mapped:           720436 kB
Shmem:             15016 kB
KReclaimable:     639156 kB
Slab:             325376 kB
SReclaimable:      94232 kB
SUnreclaim:       231144 kB
KernelStack:       49216 kB
ShadowCallStack:   12364 kB
PageTables:        75192 kB
NFS_Unstable:          0 kB
Bounce:                0 kB
WritebackTmp:          0 kB
CommitLimit:     8677876 kB
Committed_AS:   70284116 kB
VmallocTotal:   263061440 kB
VmallocUsed:      132304 kB
VmallocChunk:          0 kB
Percpu:             2448 kB
CmaTotal:         405504 kB
CmaFree:               0 kB
MemTotal:        7918588 kB
MemFree:          676548 kB
MemAvailable:    2394116 kB
Buffers:            4484 kB
Cached:          1484620 kB
SwapCached:         8684 kB
Active:          3872608 kB
Inactive:         631596 kB
Active(anon):    2996760 kB
Inactive(anon):    38256 kB
Active(file):     875848 kB
Inactive(file):   593340 kB
Unevictable:        6636 kB
Mlocked:            6196 kB
SwapTotal:       4718584 kB
SwapFree:        3934784 kB
Dirty:               808 kB
Writeback:             0 kB
AnonPages:       3017516 kB
Mapped:           720692 kB
Shmem:             15016 kB
KReclaimable:     638604 kB
Slab:             325512 kB
SReclaimable:      94232 kB
SUnreclaim:       231280 kB
KernelStack:       49232 kB
ShadowCallStack:   12352 kB
PageTables:        75528 kB
NFS_Unstable:          0 kB
Bounce:                0 kB
WritebackTmp:          0 kB
CommitLimit:     8677876 kB
Committed_AS:   70412564 kB
VmallocTotal:   263061440 kB
VmallocUsed:      132288 kB
VmallocChunk:          0 kB
Percpu:             2448 kB
CmaTotal:         405504 kB
CmaFree:               0 kB
MemTotal:        7918588 kB
MemFree:          608452 kB
MemAvailable:    2325044 kB
Buffers:            4484 kB
Cached:          1484624 kB
SwapCached:         8684 kB
Active:          3941120 kB
Inactive:         631596 kB
Active(anon):    3065272 kB
Inactive(anon):    38256 kB
Active(file):     875848 kB
Inactive(file):   593340 kB
Unevictable:        6636 kB
Mlocked:            6196 kB
SwapTotal:       4718584 kB
SwapFree:        3934784 kB
Dirty:               396 kB
Writeback:             0 kB
AnonPages:       3086000 kB
Mapped:           721252 kB
Shmem:             15020 kB
KReclaimable:     637628 kB
Slab:             325476 kB
SReclaimable:      94232 kB
SUnreclaim:       231244 kB
KernelStack:       49248 kB
ShadowCallStack:   12356 kB
PageTables:        75864 kB
NFS_Unstable:          0 kB
Bounce:                0 kB
WritebackTmp:          0 kB
CommitLimit:     8677876 kB
Committed_AS:   70576408 kB
VmallocTotal:   263061440 kB
VmallocUsed:      132336 kB
VmallocChunk:          0 kB
Percpu:             2448 kB
CmaTotal:         405504 kB
CmaFree:               0 kB
MemTotal:        7918588 kB
MemFree:          511652 kB
MemAvailable:    2107724 kB
Buffers:            4484 kB
Cached:          1484648 kB
SwapCached:         8684 kB
Active:          4036788 kB
Inactive:         631596 kB
Active(anon):    3160940 kB
Inactive(anon):    38256 kB
Active(file):     875848 kB
Inactive(file):   593340 kB
Unevictable:        6636 kB
Mlocked:            6196 kB
SwapTotal:       4718584 kB
SwapFree:        3934784 kB
Dirty:               396 kB
Writeback:             0 kB
AnonPages:       3182052 kB
Mapped:           722196 kB
Shmem:             15044 kB
KReclaimable:     517108 kB
Slab:             325616 kB
SReclaimable:      94232 kB
SUnreclaim:       231384 kB
KernelStack:       49360 kB
ShadowCallStack:   12376 kB
PageTables:        76236 kB
NFS_Unstable:          0 kB
Bounce:                0 kB
WritebackTmp:          0 kB
CommitLimit:     8677876 kB
Committed_AS:   70724260 kB
VmallocTotal:   263061440 kB
VmallocUsed:      132520 kB
VmallocChunk:          0 kB
Percpu:             2448 kB
CmaTotal:         405504 kB
CmaFree:               0 kB
MemTotal:        7918588 kB
MemFree:          442524 kB
MemAvailable:    2036124 kB
Buffers:            4484 kB
Cached:          1484768 kB
SwapCached:         8684 kB
Active:          4104856 kB
Inactive:         631592 kB
Active(anon):    3229008 kB
Inactive(anon):    38252 kB
Active(file):     875848 kB
Inactive(file):   593340 kB
Unevictable:        6636 kB
Mlocked:            6196 kB
SwapTotal:       4718584 kB
SwapFree:        3934784 kB
Dirty:               396 kB
Writeback:             0 kB
AnonPages:       3249564 kB
Mapped:           722952 kB
Shmem:             15164 kB
KReclaimable:     514636 kB
Slab:             325648 kB
SReclaimable:      94232 kB
SUnreclaim:       231416 kB
KernelStack:       49360 kB
ShadowCallStack:   12376 kB
PageTables:        76504 kB
NFS_Unstable:          0 kB
Bounce:                0 kB
WritebackTmp:          0 kB
CommitLimit:     8677876 kB
Committed_AS:   70855332 kB
VmallocTotal:   263061440 kB
VmallocUsed:      132520 kB
VmallocChunk:          0 kB
Percpu:             2448 kB
CmaTotal:         405504 kB
CmaFree:               0 kB
MemTotal:        7918588 kB
MemFree:          408940 kB
MemAvailable:    2123228 kB
Buffers:            4484 kB
Cached:          1484632 kB
SwapCached:         8684 kB
Active:          4138916 kB
Inactive:         631596 kB
Active(anon):    3263068 kB
Inactive(anon):    38248 kB
Active(file):     875848 kB
Inactive(file):   593348 kB
Unevictable:        6636 kB
Mlocked:            6196 kB
SwapTotal:       4718584 kB
SwapFree:        3934784 kB
Dirty:               408 kB
Writeback:             0 kB
AnonPages:       3283800 kB
Mapped:           722856 kB
Shmem:             15020 kB
KReclaimable:     635316 kB
Slab:             325696 kB
SReclaimable:      94232 kB
SUnreclaim:       231464 kB
KernelStack:       49232 kB
ShadowCallStack:   12352 kB
PageTables:        76716 kB
NFS_Unstable:          0 kB
Bounce:                0 kB
WritebackTmp:          0 kB
CommitLimit:     8677876 kB
Committed_AS:   71002340 kB
VmallocTotal:   263061440 kB
VmallocUsed:      132368 kB
VmallocChunk:          0 kB
Percpu:             2448 kB
CmaTotal:         405504 kB
CmaFree:               0 kB
MemTotal:        7918588 kB
MemFree:          363640 kB
MemAvailable:    2077528 kB
Buffers:            4492 kB
Cached:          1484636 kB
SwapCached:         8684 kB
Active:          4183924 kB
Inactive:         631604 kB
Active(anon):    3308076 kB
Inactive(anon):    38248 kB
Active(file):     875848 kB
Inactive(file):   593356 kB
Unevictable:        6636 kB
Mlocked:            6196 kB
SwapTotal:       4718584 kB
SwapFree:        3934784 kB
Dirty:               436 kB
Writeback:             0 kB
AnonPages:       3329056 kB
Mapped:           723104 kB
Shmem:             15024 kB
KReclaimable:     634908 kB
Slab:             325684 kB
SReclaimable:      94232 kB
SUnreclaim:       231452 kB
KernelStack:       49232 kB
ShadowCallStack:   12348 kB
PageTables:        77008 kB
NFS_Unstable:          0 kB
Bounce:                0 kB
WritebackTmp:          0 kB
CommitLimit:     8677876 kB
Committed_AS:   71117032 kB
VmallocTotal:   263061440 kB
VmallocUsed:      132316 kB
VmallocChunk:          0 kB
Percpu:             2448 kB
CmaTotal:         405504 kB
CmaFree:               0 kB
MemTotal:        7918588 kB
MemFree:          292164 kB
MemAvailable:    2005100 kB
Buffers:            4492 kB
Cached:          1484636 kB
SwapCached:         8684 kB
Active:          4254976 kB
Inactive:         631604 kB
Active(anon):    3379128 kB
Inactive(anon):    38248 kB
Active(file):     875848 kB
Inactive(file):   593356 kB
Unevictable:        6636 kB
Mlocked:            6196 kB
SwapTotal:       4718584 kB
SwapFree:        3934784 kB
Dirty:               148 kB
Writeback:             0 kB
AnonPages:       3399748 kB
Mapped:           723684 kB
Shmem:             15024 kB
KReclaimable:     633956 kB
Slab:             325668 kB
SReclaimable:      94232 kB
SUnreclaim:       231436 kB
KernelStack:       49200 kB
ShadowCallStack:   12344 kB
PageTables:        77032 kB
NFS_Unstable:          0 kB
Bounce:                0 kB
WritebackTmp:          0 kB
CommitLimit:     8677876 kB
Committed_AS:   71264488 kB
VmallocTotal:   263061440 kB
VmallocUsed:      132320 kB
VmallocChunk:          0 kB
Percpu:             2448 kB
CmaTotal:         405504 kB
CmaFree:               0 kB
MemTotal:        7918588 kB
MemFree:          218716 kB
MemAvailable:    1931888 kB
Buffers:            4492 kB
Cached:          1485644 kB
SwapCached:         8684 kB
Active:          4327660 kB
Inactive:         631608 kB
Active(anon):    3450812 kB
Inactive(anon):    38248 kB
Active(file):     876848 kB
Inactive(file):   593360 kB
Unevictable:        6636 kB
Mlocked:            6196 kB
SwapTotal:       4718584 kB
SwapFree:        3934784 kB
Dirty:               148 kB
Writeback:             4 kB
AnonPages:       3471648 kB
Mapped:           724312 kB
Shmem:             15028 kB
KReclaimable:     633188 kB
Slab:             325576 kB
SReclaimable:      94232 kB
SUnreclaim:       231344 kB
KernelStack:       49200 kB
ShadowCallStack:   12352 kB
PageTables:        77576 kB
NFS_Unstable:          0 kB
Bounce:                0 kB
WritebackTmp:          0 kB
CommitLimit:     8677876 kB
Committed_AS:   71428336 kB
VmallocTotal:   263061440 kB
VmallocUsed:      132328 kB
VmallocChunk:          0 kB
Percpu:             2448 kB
CmaTotal:         405504 kB
CmaFree:              32 kB
MemTotal:        7918588 kB
MemFree:          211628 kB
MemAvailable:    1897792 kB
Buffers:            4476 kB
Cached:          1474888 kB
SwapCached:         8684 kB
Active:          4280356 kB
Inactive:         719580 kB
Active(anon):    3475480 kB
Inactive(anon):    65028 kB
Active(file):     804876 kB
Inactive(file):   654552 kB
Unevictable:        6636 kB
Mlocked:            6196 kB
SwapTotal:       4718584 kB
SwapFree:        3934272 kB
Dirty:               156 kB
Writeback:             0 kB
AnonPages:       3522980 kB
Mapped:           720348 kB
Shmem:             15036 kB
KReclaimable:     616960 kB
Slab:             322852 kB
SReclaimable:      91336 kB
SUnreclaim:       231516 kB
KernelStack:       49216 kB
ShadowCallStack:   12348 kB
PageTables:        77752 kB
NFS_Unstable:          0 kB
Bounce:                0 kB
WritebackTmp:          0 kB
CommitLimit:     8677876 kB
Committed_AS:   71543028 kB
VmallocTotal:   263061440 kB
VmallocUsed:      132312 kB
VmallocChunk:          0 kB
Percpu:             2448 kB
CmaTotal:         405504 kB
CmaFree:               0 kB
MemTotal:        7918588 kB
MemFree:          208404 kB
MemAvailable:    1829256 kB
Buffers:            2272 kB
Cached:          1424292 kB
SwapCached:         8684 kB
Active:          4352092 kB
Inactive:         662980 kB
Active(anon):    3543340 kB
Inactive(anon):    65028 kB
Active(file):     808752 kB
Inactive(file):   597952 kB
Unevictable:        6636 kB
Mlocked:            6196 kB
SwapTotal:       4718584 kB
SwapFree:        3934272 kB
Dirty:               180 kB
Writeback:             0 kB
AnonPages:       3591000 kB
Mapped:           719764 kB
Shmem:             15036 kB
KReclaimable:     604372 kB
Slab:             323100 kB
SReclaimable:      91236 kB
SUnreclaim:       231864 kB
KernelStack:       49216 kB
ShadowCallStack:   12344 kB
PageTables:        77948 kB
NFS_Unstable:          0 kB
Bounce:                0 kB
WritebackTmp:          0 kB
CommitLimit:     8677876 kB
Committed_AS:   71690436 kB
VmallocTotal:   263061440 kB
VmallocUsed:      132308 kB
VmallocChunk:          0 kB
Percpu:             2448 kB
CmaTotal:         405504 kB
CmaFree:               0 kB
MemTotal:        7918588 kB
MemFree:          206824 kB
MemAvailable:    1770460 kB
Buffers:            2272 kB
Cached:          1376904 kB
SwapCached:         8684 kB
Active:          4409588 kB
Inactive:         615356 kB
Active(anon):    3600676 kB
Inactive(anon):    65032 kB
Active(file):     808912 kB
Inactive(file):   550324 kB
Unevictable:        6636 kB
Mlocked:            6196 kB
SwapTotal:       4718584 kB
SwapFree:        3934272 kB
Dirty:               256 kB
Writeback:             0 kB
AnonPages:       3648176 kB
Mapped:           720060 kB
Shmem:             15040 kB
KReclaimable:     594624 kB
Slab:             322224 kB
SReclaimable:      90488 kB
SUnreclaim:       231736 kB
KernelStack:       49216 kB
ShadowCallStack:   12348 kB
PageTables:        78304 kB
NFS_Unstable:          0 kB
Bounce:                0 kB
WritebackTmp:          0 kB
CommitLimit:     8677876 kB
Committed_AS:   71805128 kB
VmallocTotal:   263061440 kB
VmallocUsed:      132296 kB
VmallocChunk:          0 kB
Percpu:             2448 kB
CmaTotal:         405504 kB
CmaFree:               0 kB
MemTotal:        7918588 kB
MemFree:          209912 kB
MemAvailable:    1716688 kB
Buffers:            2280 kB
Cached:          1329552 kB
SwapCached:         8684 kB
Active:          4463548 kB
Inactive:         568000 kB
Active(anon):    3654628 kB
Inactive(anon):    65028 kB
Active(file):     808920 kB
Inactive(file):   502972 kB
Unevictable:        6636 kB
Mlocked:            6196 kB
SwapTotal:       4718584 kB
SwapFree:        3934272 kB
Dirty:               236 kB
Writeback:             0 kB
AnonPages:       3702200 kB
Mapped:           720360 kB
Shmem:             15040 kB
KReclaimable:     585108 kB
Slab:             320956 kB
SReclaimable:      89252 kB
SUnreclaim:       231704 kB
KernelStack:       49216 kB
ShadowCallStack:   12340 kB
PageTables:        78608 kB
NFS_Unstable:          0 kB
Bounce:                0 kB
WritebackTmp:          0 kB
CommitLimit:     8677876 kB
Committed_AS:   71936204 kB
VmallocTotal:   263061440 kB
VmallocUsed:      132312 kB
VmallocChunk:          0 kB
Percpu:             2448 kB
CmaTotal:         405504 kB
CmaFree:               0 kB
MemTotal:        7918588 kB
MemFree:          207284 kB
MemAvailable:    1644624 kB
Buffers:            2204 kB
Cached:          1277188 kB
SwapCached:         8684 kB
Active:          4579872 kB
Inactive:         469608 kB
Active(anon):    3724996 kB
Inactive(anon):    65032 kB
Active(file):     854876 kB
Inactive(file):   404576 kB
Unevictable:        6636 kB
Mlocked:            6196 kB
SwapTotal:       4718584 kB
SwapFree:        3934272 kB
Dirty:               236 kB
Writeback:             0 kB
AnonPages:       3772488 kB
Mapped:           706640 kB
Shmem:             15040 kB
KReclaimable:     568112 kB
Slab:             320444 kB
SReclaimable:      88592 kB
SUnreclaim:       231852 kB
KernelStack:       49216 kB
ShadowCallStack:   12340 kB
PageTables:        78864 kB
NFS_Unstable:          0 kB
Bounce:                0 kB
WritebackTmp:          0 kB
CommitLimit:     8677876 kB
Committed_AS:   72083656 kB
VmallocTotal:   263061440 kB
VmallocUsed:      132312 kB
VmallocChunk:          0 kB
Percpu:             2448 kB
CmaTotal:         405504 kB
CmaFree:               0 kB
MemTotal:        7918588 kB
MemFree:          206392 kB
MemAvailable:    1584372 kB
Buffers:            2204 kB
Cached:          1228548 kB
SwapCached:         8684 kB
Active:          4657904 kB
Inactive:         402708 kB
Active(anon):    3784876 kB
Inactive(anon):    64988 kB
Active(file):     873028 kB
Inactive(file):   337720 kB
Unevictable:        6636 kB
Mlocked:            6196 kB
SwapTotal:       4718584 kB
SwapFree:        3934272 kB
Dirty:               240 kB
Writeback:             0 kB
AnonPages:       3832228 kB
Mapped:           683812 kB
Shmem:             15040 kB
KReclaimable:     557456 kB
Slab:             320208 kB
SReclaimable:      88184 kB
SUnreclaim:       232024 kB
KernelStack:       49152 kB
ShadowCallStack:   12348 kB
PageTables:        79136 kB
NFS_Unstable:          0 kB
Bounce:                0 kB
WritebackTmp:          0 kB
CommitLimit:     8677876 kB
Committed_AS:   72214416 kB
VmallocTotal:   263061440 kB
VmallocUsed:      132248 kB
VmallocChunk:          0 kB
Percpu:             2448 kB
CmaTotal:         405504 kB
CmaFree:               0 kB
MemTotal:        7918588 kB
MemFree:          209436 kB
MemAvailable:    1523960 kB
Buffers:            2184 kB
Cached:          1175532 kB
SwapCached:         8684 kB
Active:          4721264 kB
Inactive:         346300 kB
Active(anon):    3844916 kB
Inactive(anon):    65000 kB
Active(file):     876348 kB
Inactive(file):   281300 kB
Unevictable:        6636 kB
Mlocked:            6196 kB
SwapTotal:       4718584 kB
SwapFree:        3934272 kB
Dirty:               240 kB
Writeback:             0 kB
AnonPages:       3892348 kB
Mapped:           680544 kB
Shmem:             15044 kB
KReclaimable:     547100 kB
Slab:             318680 kB
SReclaimable:      86924 kB
SUnreclaim:       231756 kB
KernelStack:       49120 kB
ShadowCallStack:   12344 kB
PageTables:        79120 kB
NFS_Unstable:          0 kB
Bounce:                0 kB
WritebackTmp:          0 kB
CommitLimit:     8677876 kB
Committed_AS:   72345492 kB
VmallocTotal:   263061440 kB
VmallocUsed:      132188 kB
VmallocChunk:          0 kB
Percpu:             2448 kB
CmaTotal:         405504 kB
CmaFree:               0 kB
MemTotal:        7918588 kB
MemFree:          209280 kB
MemAvailable:    1458828 kB
Buffers:            2012 kB
Cached:          1121800 kB
SwapCached:         8684 kB
Active:          4797052 kB
Inactive:         280532 kB
Active(anon):    3908848 kB
Inactive(anon):    64996 kB
Active(file):     888204 kB
Inactive(file):   215536 kB
Unevictable:        6636 kB
Mlocked:            6196 kB
SwapTotal:       4718584 kB
SwapFree:        3934272 kB
Dirty:               248 kB
Writeback:             0 kB
AnonPages:       3956304 kB
Mapped:           679452 kB
Shmem:             15044 kB
KReclaimable:     536032 kB
Slab:             317288 kB
SReclaimable:      85584 kB
SUnreclaim:       231704 kB
KernelStack:       49072 kB
ShadowCallStack:   12320 kB
PageTables:        79480 kB
NFS_Unstable:          0 kB
Bounce:                0 kB
WritebackTmp:          0 kB
CommitLimit:     8677876 kB
Committed_AS:   72492960 kB
VmallocTotal:   263061440 kB
VmallocUsed:      132188 kB
VmallocChunk:          0 kB
Percpu:             2448 kB
CmaTotal:         405504 kB
CmaFree:               0 kB
MemTotal:        7918588 kB
MemFree:          209004 kB
MemAvailable:    1409724 kB
Buffers:            2012 kB
Cached:          1080696 kB
SwapCached:         8684 kB
Active:          4845472 kB
Inactive:         239432 kB
Active(anon):    3957152 kB
Inactive(anon):    65000 kB
Active(file):     888320 kB
Inactive(file):   174432 kB
Unevictable:        6636 kB
Mlocked:            6196 kB
SwapTotal:       4718584 kB
SwapFree:        3934272 kB
Dirty:               260 kB
Writeback:             0 kB
AnonPages:       4004624 kB
Mapped:           679840 kB
Shmem:             15056 kB
KReclaimable:     528192 kB
Slab:             316324 kB
SReclaimable:      84536 kB
SUnreclaim:       231788 kB
KernelStack:       49104 kB
ShadowCallStack:   12320 kB
PageTables:        79832 kB
NFS_Unstable:          0 kB
Bounce:                0 kB
WritebackTmp:          0 kB
CommitLimit:     8677876 kB
Committed_AS:   72591212 kB
VmallocTotal:   263061440 kB
VmallocUsed:      132172 kB
VmallocChunk:          0 kB
Percpu:             2448 kB
CmaTotal:         405504 kB
CmaFree:               0 kB
MemTotal:        7918588 kB
MemFree:          209012 kB
MemAvailable:    1345036 kB
Buffers:            2004 kB
Cached:          1025764 kB
SwapCached:         8684 kB
Active:          4909296 kB
Inactive:         184404 kB
Active(anon):    4020976 kB
Inactive(anon):    65000 kB
Active(file):     888320 kB
Inactive(file):   119404 kB
Unevictable:        6636 kB
Mlocked:            6196 kB
SwapTotal:       4718584 kB
SwapFree:        3934272 kB
Dirty:               260 kB
Writeback:             0 kB
AnonPages:       4068408 kB
Mapped:           680352 kB
Shmem:             15056 kB
KReclaimable:     518524 kB
Slab:             315084 kB
SReclaimable:      83332 kB
SUnreclaim:       231752 kB
KernelStack:       49088 kB
ShadowCallStack:   12336 kB
PageTables:        79628 kB
NFS_Unstable:          0 kB
Bounce:                0 kB
WritebackTmp:          0 kB
CommitLimit:     8677876 kB
Committed_AS:   72705904 kB
VmallocTotal:   263061440 kB
VmallocUsed:      132156 kB
VmallocChunk:          0 kB
Percpu:             2448 kB
CmaTotal:         405504 kB
CmaFree:               0 kB
MemTotal:        7918588 kB
MemFree:          210328 kB
MemAvailable:    1285472 kB
Buffers:             516 kB
Cached:           990940 kB
SwapCached:         8684 kB
Active:          1145884 kB
Inactive:        3970696 kB
Active(anon):     955348 kB
Inactive(anon):  3189844 kB
Active(file):     190536 kB
Inactive(file):   780852 kB
Unevictable:        6636 kB
Mlocked:            6196 kB
SwapTotal:       4718584 kB
SwapFree:        3932480 kB
Dirty:               260 kB
Writeback:             0 kB
AnonPages:       4127684 kB
Mapped:           675264 kB
Shmem:             15052 kB
KReclaimable:     493980 kB
Slab:             314240 kB
SReclaimable:      82420 kB
SUnreclaim:       231820 kB
KernelStack:       49040 kB
ShadowCallStack:   12296 kB
PageTables:        80148 kB
NFS_Unstable:          0 kB
Bounce:                0 kB
WritebackTmp:          0 kB
CommitLimit:     8677876 kB
Committed_AS:   72870448 kB
VmallocTotal:   263061440 kB
VmallocUsed:      132116 kB
VmallocChunk:          0 kB
Percpu:             2448 kB
CmaTotal:         405504 kB
CmaFree:               0 kB
MemTotal:        7918588 kB
MemFree:          208140 kB
MemAvailable:    1235484 kB
Buffers:             540 kB
Cached:           951680 kB
SwapCached:         8684 kB
Active:          1211280 kB
Inactive:        3913820 kB
Active(anon):    1003624 kB
Inactive(anon):  3189376 kB
Active(file):     207656 kB
Inactive(file):   724444 kB
Unevictable:        6636 kB
Mlocked:            6196 kB
SwapTotal:       4718584 kB
SwapFree:        3932480 kB
Dirty:               292 kB
Writeback:             0 kB
AnonPages:       4175492 kB
Mapped:           657488 kB
Shmem:             15060 kB
KReclaimable:     485468 kB
Slab:             314068 kB
SReclaimable:      82292 kB
SUnreclaim:       231776 kB
KernelStack:       49072 kB
ShadowCallStack:   12312 kB
PageTables:        80564 kB
NFS_Unstable:          0 kB
Bounce:                0 kB
WritebackTmp:          0 kB
CommitLimit:     8677876 kB
Committed_AS:   72985140 kB
VmallocTotal:   263061440 kB
VmallocUsed:      132116 kB
VmallocChunk:          0 kB
Percpu:             2448 kB
CmaTotal:         405504 kB
CmaFree:               0 kB
MemTotal:        7918588 kB
MemFree:          205624 kB
MemAvailable:    1209292 kB
Buffers:             540 kB
Cached:           948668 kB
SwapCached:         4592 kB
Active:          1349328 kB
Inactive:        3790044 kB
Active(anon):    1138072 kB
Inactive(anon):  3071556 kB
Active(file):     211256 kB
Inactive(file):   718488 kB
Unevictable:        6636 kB
Mlocked:            6196 kB
SwapTotal:       4718584 kB
SwapFree:        3888704 kB
Dirty:               292 kB
Writeback:             4 kB
AnonPages:       4195772 kB
Mapped:           656448 kB
Shmem:             14520 kB
KReclaimable:     464148 kB
Slab:             314104 kB
SReclaimable:      82292 kB
SUnreclaim:       231812 kB
KernelStack:       48960 kB
ShadowCallStack:   12276 kB
PageTables:        80864 kB
NFS_Unstable:          0 kB
Bounce:                0 kB
WritebackTmp:          0 kB
CommitLimit:     8677876 kB
Committed_AS:   73099524 kB
VmallocTotal:   263061440 kB
VmallocUsed:      131976 kB
VmallocChunk:          0 kB
Percpu:             2448 kB
CmaTotal:         405504 kB
CmaFree:               0 kB
MemTotal:        7918588 kB
MemFree:          202248 kB
MemAvailable:    1187404 kB
Buffers:             540 kB
Cached:           948192 kB
SwapCached:         2760 kB
Active:          1446564 kB
Inactive:        3702052 kB
Active(anon):    1235308 kB
Inactive(anon):  2983548 kB
Active(file):     211256 kB
Inactive(file):   718504 kB
Unevictable:        6636 kB
Mlocked:            6196 kB
SwapTotal:       4718584 kB
SwapFree:        3844672 kB
Dirty:               292 kB
Writeback:             0 kB
AnonPages:       4206552 kB
Mapped:           656228 kB
Shmem:             14056 kB
KReclaimable:     445620 kB
Slab:             314096 kB
SReclaimable:      82292 kB
SUnreclaim:       231804 kB
KernelStack:       48880 kB
ShadowCallStack:   12264 kB
PageTables:        80736 kB
NFS_Unstable:          0 kB
Bounce:                0 kB
WritebackTmp:          0 kB
CommitLimit:     8677876 kB
Committed_AS:   73214052 kB
VmallocTotal:   263061440 kB
VmallocUsed:      131912 kB
VmallocChunk:          0 kB
Percpu:             2448 kB
CmaTotal:         405504 kB
CmaFree:               0 kB
MemTotal:        7918588 kB
MemFree:          208508 kB
MemAvailable:    1133080 kB
Buffers:             540 kB
Cached:           948136 kB
SwapCached:         2532 kB
Active:          1660164 kB
Inactive:        3542084 kB
Active(anon):    1448708 kB
Inactive(anon):  2823772 kB
Active(file):     211456 kB
Inactive(file):   718312 kB
Unevictable:        6636 kB
Mlocked:            6196 kB
SwapTotal:       4718584 kB
SwapFree:        3840064 kB
Dirty:                92 kB
Writeback:             0 kB
AnonPages:       4260204 kB
Mapped:           656764 kB
Shmem:             14008 kB
KReclaimable:     385028 kB
Slab:             314204 kB
SReclaimable:      82292 kB
SUnreclaim:       231912 kB
KernelStack:       48896 kB
ShadowCallStack:   12256 kB
PageTables:        81352 kB
NFS_Unstable:          0 kB
Bounce:                0 kB
WritebackTmp:          0 kB
CommitLimit:     8677876 kB
Committed_AS:   73361404 kB
VmallocTotal:   263061440 kB
VmallocUsed:      131892 kB
VmallocChunk:          0 kB
Percpu:             2448 kB
CmaTotal:         405504 kB
CmaFree:               0 kB
MemTotal:        7918588 kB
MemFree:          213440 kB
MemAvailable:    1076940 kB
Buffers:             540 kB
Cached:           948156 kB
SwapCached:         2504 kB
Active:          1930276 kB
Inactive:        3327088 kB
Active(anon):    1718820 kB
Inactive(anon):  2608744 kB
Active(file):     211456 kB
Inactive(file):   718344 kB
Unevictable:        6636 kB
Mlocked:            6196 kB
SwapTotal:       4718584 kB
SwapFree:        3839808 kB
Dirty:                96 kB
Writeback:             0 kB
AnonPages:       4315380 kB
Mapped:           657084 kB
Shmem:             13996 kB
KReclaimable:     323924 kB
Slab:             314224 kB
SReclaimable:      82292 kB
SUnreclaim:       231932 kB
KernelStack:       48864 kB
ShadowCallStack:   12252 kB
PageTables:        81548 kB
NFS_Unstable:          0 kB
Bounce:                0 kB
WritebackTmp:          0 kB
CommitLimit:     8677876 kB
Committed_AS:   73476044 kB
VmallocTotal:   263061440 kB
VmallocUsed:      131868 kB
VmallocChunk:          0 kB
Percpu:             2448 kB
CmaTotal:         405504 kB
CmaFree:               0 kB
MemTotal:        7918588 kB
MemFree:          209476 kB
MemAvailable:     874868 kB
Buffers:             452 kB
Cached:           840604 kB
SwapCached:         2504 kB
Active:          2114288 kB
Inactive:        3123768 kB
Active(anon):    1807316 kB
Inactive(anon):  2608696 kB
Active(file):     306972 kB
Inactive(file):   515072 kB
Unevictable:        6636 kB
Mlocked:            6196 kB
SwapTotal:       4718584 kB
SwapFree:        3841856 kB
Dirty:               120 kB
Writeback:             0 kB
AnonPages:       4403792 kB
Mapped:           605236 kB
Shmem:             14112 kB
KReclaimable:     224620 kB
Slab:             314368 kB
SReclaimable:      82260 kB
SUnreclaim:       232108 kB
KernelStack:       48928 kB
ShadowCallStack:   12260 kB
PageTables:        81860 kB
NFS_Unstable:          0 kB
Bounce:                0 kB
WritebackTmp:          0 kB
CommitLimit:     8677876 kB
Committed_AS:   73574640 kB
VmallocTotal:   263061440 kB
VmallocUsed:      131944 kB
VmallocChunk:          0 kB
Percpu:             2448 kB
CmaTotal:         405504 kB
CmaFree:               4 kB
MemTotal:        7918588 kB
MemFree:          234804 kB
MemAvailable:     966168 kB
Buffers:             448 kB
Cached:           798352 kB
SwapCached:         2512 kB
Active:          2145572 kB
Inactive:        3069096 kB
Active(anon):    1827064 kB
Inactive(anon):  2607772 kB
Active(file):     318508 kB
Inactive(file):   461324 kB
Unevictable:        6636 kB
Mlocked:            6196 kB
SwapTotal:       4718584 kB
SwapFree:        3845184 kB
Dirty:               168 kB
Writeback:             0 kB
AnonPages:       4422592 kB
Mapped:           589380 kB
Shmem:             14008 kB
KReclaimable:     341756 kB
Slab:             314364 kB
SReclaimable:      82256 kB
SUnreclaim:       232108 kB
KernelStack:       48640 kB
ShadowCallStack:   12196 kB
PageTables:        81896 kB
NFS_Unstable:          0 kB
Bounce:                0 kB
WritebackTmp:          0 kB
CommitLimit:     8677876 kB
Committed_AS:   73688100 kB
VmallocTotal:   263061440 kB
VmallocUsed:      131652 kB
VmallocChunk:          0 kB
Percpu:             2448 kB
CmaTotal:         405504 kB
CmaFree:             864 kB
MemTotal:        7918588 kB
MemFree:          206452 kB
MemAvailable:     914408 kB
Buffers:             448 kB
Cached:           776932 kB
SwapCached:         2512 kB
Active:          2201040 kB
Inactive:        3045484 kB
Active(anon):    1880312 kB
Inactive(anon):  2607740 kB
Active(file):     320728 kB
Inactive(file):   437744 kB
Unevictable:        6636 kB
Mlocked:            6196 kB
SwapTotal:       4718584 kB
SwapFree:        3845184 kB
Dirty:               192 kB
Writeback:             0 kB
AnonPages:       4475884 kB
Mapped:           585512 kB
Shmem:             14008 kB
KReclaimable:     339708 kB
Slab:             314300 kB
SReclaimable:      82252 kB
SUnreclaim:       232048 kB
KernelStack:       48656 kB
ShadowCallStack:   12200 kB
PageTables:        82272 kB
NFS_Unstable:          0 kB
Bounce:                0 kB
WritebackTmp:          0 kB
CommitLimit:     8677876 kB
Committed_AS:   73802960 kB
VmallocTotal:   263061440 kB
VmallocUsed:      131596 kB
VmallocChunk:          0 kB
Percpu:             2448 kB
CmaTotal:         405504 kB
CmaFree:              16 kB
MemTotal:        7918588 kB
MemFree:          211064 kB
MemAvailable:     850560 kB
Buffers:             452 kB
Cached:           713996 kB
SwapCached:         2512 kB
Active:          2267808 kB
Inactive:        2978136 kB
Active(anon):    1942672 kB
Inactive(anon):  2607732 kB
Active(file):     325136 kB
Inactive(file):   370404 kB
Unevictable:        6636 kB
Mlocked:            6196 kB
SwapTotal:       4718584 kB
SwapFree:        3845952 kB
Dirty:               128 kB
Writeback:             0 kB
AnonPages:       4538172 kB
Mapped:           568044 kB
Shmem:             14008 kB
KReclaimable:     334180 kB
Slab:             314136 kB
SReclaimable:      82124 kB
SUnreclaim:       232012 kB
KernelStack:       48592 kB
ShadowCallStack:   12184 kB
PageTables:        82464 kB
NFS_Unstable:          0 kB
Bounce:                0 kB
WritebackTmp:          0 kB
CommitLimit:     8677876 kB
Committed_AS:   73933820 kB
VmallocTotal:   263061440 kB
VmallocUsed:      131528 kB
VmallocChunk:          0 kB
Percpu:             2448 kB
CmaTotal:         405504 kB
CmaFree:               0 kB
MemTotal:        7918588 kB
MemFree:          206508 kB
MemAvailable:     793944 kB
Buffers:             452 kB
Cached:           665696 kB
SwapCached:         2512 kB
Active:          2325724 kB
Inactive:        2928100 kB
Active(anon):    1998876 kB
Inactive(anon):  2607708 kB
Active(file):     326848 kB
Inactive(file):   320392 kB
Unevictable:        6636 kB
Mlocked:            6196 kB
SwapTotal:       4718584 kB
SwapFree:        3846208 kB
Dirty:                28 kB
Writeback:             0 kB
AnonPages:       4594424 kB
Mapped:           562248 kB
Shmem:             14008 kB
KReclaimable:     330420 kB
Slab:             314160 kB
SReclaimable:      82124 kB
SUnreclaim:       232036 kB
KernelStack:       48560 kB
ShadowCallStack:   12176 kB
PageTables:        82704 kB
NFS_Unstable:          0 kB
Bounce:                0 kB
WritebackTmp:          0 kB
CommitLimit:     8677876 kB
Committed_AS:   74048404 kB
VmallocTotal:   263061440 kB
VmallocUsed:      131532 kB
VmallocChunk:          0 kB
Percpu:             2448 kB
CmaTotal:         405504 kB
CmaFree:               0 kB
MemTotal:        7918588 kB
MemFree:          213604 kB
MemAvailable:     745848 kB
Buffers:             452 kB
Cached:           614660 kB
SwapCached:         2516 kB
Active:          2375028 kB
Inactive:        2875600 kB
Active(anon):    2046720 kB
Inactive(anon):  2607708 kB
Active(file):     328308 kB
Inactive(file):   267892 kB
Unevictable:        6636 kB
Mlocked:            6196 kB
SwapTotal:       4718584 kB
SwapFree:        3846208 kB
Dirty:                84 kB
Writeback:             0 kB
AnonPages:       4642192 kB
Mapped:           561440 kB
Shmem:             14012 kB
KReclaimable:     326268 kB
Slab:             314264 kB
SReclaimable:      82124 kB
SUnreclaim:       232140 kB
KernelStack:       48576 kB
ShadowCallStack:   12184 kB
PageTables:        82936 kB
NFS_Unstable:          0 kB
Bounce:                0 kB
WritebackTmp:          0 kB
CommitLimit:     8677876 kB
Committed_AS:   74146708 kB
VmallocTotal:   263061440 kB
VmallocUsed:      131476 kB
VmallocChunk:          0 kB
Percpu:             2448 kB
CmaTotal:         405504 kB
CmaFree:               0 kB
MemTotal:        7918588 kB
MemFree:          208412 kB
MemAvailable:     682408 kB
Buffers:             468 kB
Cached:           560724 kB
SwapCached:         2516 kB
Active:          2444664 kB
Inactive:        2813536 kB
Active(anon):    2109528 kB
Inactive(anon):  2606584 kB
Active(file):     335136 kB
Inactive(file):   206952 kB
Unevictable:        6636 kB
Mlocked:            6196 kB
SwapTotal:       4718584 kB
SwapFree:        3847744 kB
Dirty:               132 kB
Writeback:            20 kB
AnonPages:       4703784 kB
Mapped:           552752 kB
Shmem:             14060 kB
KReclaimable:     322132 kB
Slab:             314120 kB
SReclaimable:      82124 kB
SUnreclaim:       231996 kB
KernelStack:       48576 kB
ShadowCallStack:   12200 kB
PageTables:        83052 kB
NFS_Unstable:          0 kB
Bounce:                0 kB
WritebackTmp:          0 kB
CommitLimit:     8677876 kB
Committed_AS:   74277788 kB
VmallocTotal:   263061440 kB
VmallocUsed:      131492 kB
VmallocChunk:          0 kB
Percpu:             2448 kB
CmaTotal:         405504 kB
CmaFree:               0 kB
MemTotal:        7918588 kB
MemFree:          208516 kB
MemAvailable:     620172 kB
Buffers:             464 kB
Cached:           502752 kB
SwapCached:         2516 kB
Active:          2511648 kB
Inactive:        2750848 kB
Active(anon):    2171656 kB
Inactive(anon):  2606584 kB
Active(file):     339992 kB
Inactive(file):   144264 kB
Unevictable:        6636 kB
Mlocked:            6196 kB
SwapTotal:       4718584 kB
SwapFree:        3847744 kB
Dirty:               132 kB
Writeback:             0 kB
AnonPages:       4766048 kB
Mapped:           539016 kB
Shmem:             14060 kB
KReclaimable:     317624 kB
Slab:             314172 kB
SReclaimable:      82088 kB
SUnreclaim:       232084 kB
KernelStack:       48560 kB
ShadowCallStack:   12176 kB
PageTables:        83508 kB
NFS_Unstable:          0 kB
Bounce:                0 kB
WritebackTmp:          0 kB
CommitLimit:     8677876 kB
Committed_AS:   74425240 kB
VmallocTotal:   263061440 kB
VmallocUsed:      131496 kB
VmallocChunk:          0 kB
Percpu:             2448 kB
CmaTotal:         405504 kB
CmaFree:               0 kB
MemTotal:        7918588 kB
MemFree:          209712 kB
MemAvailable:     573192 kB
Buffers:             460 kB
Cached:           457688 kB
SwapCached:         2516 kB
Active:          2557924 kB
Inactive:        2704792 kB
Active(anon):    2216972 kB
Inactive(anon):  2606560 kB
Active(file):     340952 kB
Inactive(file):    98232 kB
Unevictable:        6636 kB
Mlocked:            6196 kB
SwapTotal:       4718584 kB
SwapFree:        3848000 kB
Dirty:               132 kB
Writeback:             0 kB
AnonPages:       4811272 kB
Mapped:           536140 kB
Shmem:             14064 kB
KReclaimable:     314520 kB
Slab:             314200 kB
SReclaimable:      82088 kB
SUnreclaim:       232112 kB
KernelStack:       48496 kB
ShadowCallStack:   12168 kB
PageTables:        83532 kB
NFS_Unstable:          0 kB
Bounce:                0 kB
WritebackTmp:          0 kB
CommitLimit:     8677876 kB
Committed_AS:   74507060 kB
VmallocTotal:   263061440 kB
VmallocUsed:      131448 kB
VmallocChunk:          0 kB
Percpu:             2448 kB
CmaTotal:         405504 kB
CmaFree:               0 kB
MemTotal:        7918588 kB
MemFree:          208972 kB
MemAvailable:     497860 kB
Buffers:             456 kB
Cached:           388500 kB
SwapCached:         2516 kB
Active:          2644572 kB
Inactive:        2622800 kB
Active(anon):    2290828 kB
Inactive(anon):  2606560 kB
Active(file):     353744 kB
Inactive(file):    16240 kB
Unevictable:        6636 kB
Mlocked:            6196 kB
SwapTotal:       4718584 kB
SwapFree:        3848000 kB
Dirty:               132 kB
Writeback:             0 kB
AnonPages:       4885136 kB
Mapped:           519528 kB
Shmem:             14072 kB
KReclaimable:     309128 kB
Slab:             314260 kB
SReclaimable:      82088 kB
SUnreclaim:       232172 kB
KernelStack:       48528 kB
ShadowCallStack:   12168 kB
PageTables:        83856 kB
NFS_Unstable:          0 kB
Bounce:                0 kB
WritebackTmp:          0 kB
CommitLimit:     8677876 kB
Committed_AS:   74654520 kB
VmallocTotal:   263061440 kB
VmallocUsed:      131432 kB
VmallocChunk:          0 kB
Percpu:             2448 kB
CmaTotal:         405504 kB
CmaFree:               0 kB
MemTotal:        7918588 kB
MemFree:          208556 kB
MemAvailable:     467388 kB
Buffers:             456 kB
Cached:           378672 kB
SwapCached:         2508 kB
Active:          2995092 kB
Inactive:        2293324 kB
Active(anon):    2634936 kB
Inactive(anon):  2293324 kB
Active(file):     360156 kB
Inactive(file):        0 kB
Unevictable:        6640 kB
Mlocked:            6200 kB
SwapTotal:       4718584 kB
SwapFree:        3813952 kB
Dirty:                28 kB
Writeback:             0 kB
AnonPages:       4916032 kB
Mapped:           510164 kB
Shmem:             14068 kB
KReclaimable:     288900 kB
Slab:             314248 kB
SReclaimable:      82084 kB
SUnreclaim:       232164 kB
KernelStack:       48496 kB
ShadowCallStack:   12168 kB
PageTables:        84092 kB
NFS_Unstable:          0 kB
Bounce:                0 kB
WritebackTmp:          0 kB
CommitLimit:     8677876 kB
Committed_AS:   74801976 kB
VmallocTotal:   263061440 kB
VmallocUsed:      131444 kB
VmallocChunk:          0 kB
Percpu:             2448 kB
CmaTotal:         405504 kB
CmaFree:               0 kB
MemTotal:        7918588 kB
MemFree:          207340 kB
MemAvailable:     453052 kB
Buffers:             456 kB
Cached:           378680 kB
SwapCached:         2508 kB
Active:          3068440 kB
Inactive:        2230880 kB
Active(anon):    2708284 kB
Inactive(anon):  2230880 kB
Active(file):     360156 kB
Inactive(file):        0 kB
Unevictable:        6640 kB
Mlocked:            6200 kB
SwapTotal:       4718584 kB
SwapFree:        3760704 kB
Dirty:                28 kB
Writeback:             0 kB
AnonPages:       4926944 kB
Mapped:           510796 kB
Shmem:             14076 kB
KReclaimable:     275780 kB
Slab:             314320 kB
SReclaimable:      82084 kB
SUnreclaim:       232236 kB
KernelStack:       48512 kB
ShadowCallStack:   12168 kB
PageTables:        84372 kB
NFS_Unstable:          0 kB
Bounce:                0 kB
WritebackTmp:          0 kB
CommitLimit:     8677876 kB
Committed_AS:   74916672 kB
VmallocTotal:   263061440 kB
VmallocUsed:      131448 kB
VmallocChunk:          0 kB
Percpu:             2448 kB
CmaTotal:         405504 kB
CmaFree:               0 kB
MemTotal:        7918588 kB
MemFree:          209068 kB
MemAvailable:     446084 kB
Buffers:             464 kB
Cached:           378696 kB
SwapCached:         2508 kB
Active:          3129676 kB
Inactive:        2177512 kB
Active(anon):    2769504 kB
Inactive(anon):  2177512 kB
Active(file):     360172 kB
Inactive(file):        0 kB
Unevictable:        6640 kB
Mlocked:            6200 kB
SwapTotal:       4718584 kB
SwapFree:        3708992 kB
Dirty:                80 kB
Writeback:             0 kB
AnonPages:       4934744 kB
Mapped:           511024 kB
Shmem:             14084 kB
KReclaimable:     267068 kB
Slab:             314264 kB
SReclaimable:      82084 kB
SUnreclaim:       232180 kB
KernelStack:       48512 kB
ShadowCallStack:   12172 kB
PageTables:        84624 kB
NFS_Unstable:          0 kB
Bounce:                0 kB
WritebackTmp:          0 kB
CommitLimit:     8677876 kB
Committed_AS:   75047704 kB
VmallocTotal:   263061440 kB
VmallocUsed:      131432 kB
VmallocChunk:          0 kB
Percpu:             2448 kB
CmaTotal:         405504 kB
CmaFree:               0 kB
MemTotal:        7918588 kB
MemFree:          209828 kB
MemAvailable:     441576 kB
Buffers:             464 kB
Cached:           382100 kB
SwapCached:         2508 kB
Active:          3192504 kB
Inactive:        2121052 kB
Active(anon):    2828928 kB
Inactive(anon):  2121052 kB
Active(file):     363576 kB
Inactive(file):        0 kB
Unevictable:        6640 kB
Mlocked:            6200 kB
SwapTotal:       4718584 kB
SwapFree:        3654720 kB
Dirty:                80 kB
Writeback:             0 kB
AnonPages:       4937668 kB
Mapped:           511972 kB
Shmem:             14084 kB
KReclaimable:     258396 kB
Slab:             314356 kB
SReclaimable:      82084 kB
SUnreclaim:       232272 kB
KernelStack:       48496 kB
ShadowCallStack:   12168 kB
PageTables:        84924 kB
NFS_Unstable:          0 kB
Bounce:                0 kB
WritebackTmp:          0 kB
CommitLimit:     8677876 kB
Committed_AS:   75162388 kB
VmallocTotal:   263061440 kB
VmallocUsed:      131452 kB
VmallocChunk:          0 kB
Percpu:             2448 kB
CmaTotal:         405504 kB
CmaFree:               0 kB
MemTotal:        7918588 kB
MemFree:          209648 kB
MemAvailable:     432932 kB
Buffers:             464 kB
Cached:           382540 kB
SwapCached:         2508 kB
Active:          3252732 kB
Inactive:        2071204 kB
Active(anon):    2888720 kB
Inactive(anon):  2071200 kB
Active(file):     364012 kB
Inactive(file):        4 kB
Unevictable:        6640 kB
Mlocked:            6200 kB
SwapTotal:       4718584 kB
SwapFree:        3608128 kB
Dirty:               132 kB
Writeback:             0 kB
AnonPages:       4947644 kB
Mapped:           512580 kB
Shmem:             14084 kB
KReclaimable:     249492 kB
Slab:             314384 kB
SReclaimable:      82084 kB
SUnreclaim:       232300 kB
KernelStack:       48512 kB
ShadowCallStack:   12164 kB
PageTables:        85120 kB
NFS_Unstable:          0 kB
Bounce:                0 kB
WritebackTmp:          0 kB
CommitLimit:     8677876 kB
Committed_AS:   75260692 kB
VmallocTotal:   263061440 kB
VmallocUsed:      131428 kB
VmallocChunk:          0 kB
Percpu:             2448 kB
CmaTotal:         405504 kB
CmaFree:               0 kB
MemTotal:        7918588 kB
MemFree:          209716 kB
MemAvailable:     426008 kB
Buffers:             464 kB
Cached:           383432 kB
SwapCached:         2508 kB
Active:          3324084 kB
Inactive:        2006096 kB
Active(anon):    2959176 kB
Inactive(anon):  2006096 kB
Active(file):     364908 kB
Inactive(file):        0 kB
Unevictable:        6640 kB
Mlocked:            6200 kB
SwapTotal:       4718584 kB
SwapFree:        3547712 kB
Dirty:               284 kB
Writeback:             0 kB
AnonPages:       4952972 kB
Mapped:           513092 kB
Shmem:             14084 kB
KReclaimable:     240692 kB
Slab:             314464 kB
SReclaimable:      82084 kB
SUnreclaim:       232380 kB
KernelStack:       48512 kB
ShadowCallStack:   12164 kB
PageTables:        85272 kB
NFS_Unstable:          0 kB
Bounce:                0 kB
WritebackTmp:          0 kB
CommitLimit:     8677876 kB
Committed_AS:   75391764 kB
VmallocTotal:   263061440 kB
VmallocUsed:      131432 kB
VmallocChunk:          0 kB
Percpu:             2448 kB
CmaTotal:         405504 kB
CmaFree:               0 kB
MemTotal:        7918588 kB
MemFree:          209992 kB
MemAvailable:     427392 kB
Buffers:             488 kB
Cached:           386800 kB
SwapCached:         2508 kB
Active:          3370440 kB
Inactive:        1964496 kB
Active(anon):    3002140 kB
Inactive(anon):  1964496 kB
Active(file):     368300 kB
Inactive(file):        0 kB
Unevictable:        6640 kB
Mlocked:            6200 kB
SwapTotal:       4718584 kB
SwapFree:        3507520 kB
Dirty:               284 kB
Writeback:             0 kB
AnonPages:       4954320 kB
Mapped:           513728 kB
Shmem:             14084 kB
KReclaimable:     236124 kB
Slab:             314620 kB
SReclaimable:      82084 kB
SUnreclaim:       232536 kB
KernelStack:       48512 kB
ShadowCallStack:   12164 kB
PageTables:        85568 kB
NFS_Unstable:          0 kB
Bounce:                0 kB
WritebackTmp:          0 kB
CommitLimit:     8677876 kB
Committed_AS:   75457300 kB
VmallocTotal:   263061440 kB
VmallocUsed:      131432 kB
VmallocChunk:          0 kB
Percpu:             2448 kB
CmaTotal:         405504 kB
CmaFree:               0 kB
MemTotal:        7918588 kB
MemFree:          207076 kB
MemAvailable:     422064 kB
Buffers:             488 kB
Cached:           387792 kB
SwapCached:         2508 kB
Active:          3431188 kB
Inactive:        1912348 kB
Active(anon):    3061912 kB
Inactive(anon):  1912332 kB
Active(file):     369276 kB
Inactive(file):       16 kB
Unevictable:        6640 kB
Mlocked:            6200 kB
SwapTotal:       4718584 kB
SwapFree:        3457856 kB
Dirty:                28 kB
Writeback:             8 kB
AnonPages:       4962052 kB
Mapped:           514524 kB
Shmem:             14084 kB
KReclaimable:     229316 kB
Slab:             314716 kB
SReclaimable:      82084 kB
SUnreclaim:       232632 kB
KernelStack:       48512 kB
ShadowCallStack:   12152 kB
PageTables:        85768 kB
NFS_Unstable:          0 kB
Bounce:                0 kB
WritebackTmp:          0 kB
CommitLimit:     8677876 kB
Committed_AS:   75571988 kB
VmallocTotal:   263061440 kB
VmallocUsed:      131448 kB
VmallocChunk:          0 kB
Percpu:             2448 kB
CmaTotal:         405504 kB
CmaFree:               0 kB
MemTotal:        7918588 kB
MemFree:          208460 kB
MemAvailable:     419464 kB
Buffers:             496 kB
Cached:           388260 kB
SwapCached:         2512 kB
Active:          3511360 kB
Inactive:        1838008 kB
Active(anon):    3141596 kB
Inactive(anon):  1838008 kB
Active(file):     369764 kB
Inactive(file):        0 kB
Unevictable:        6640 kB
Mlocked:            6200 kB
SwapTotal:       4718584 kB
SwapFree:        3389760 kB
Dirty:               120 kB
Writeback:             0 kB
AnonPages:       4967036 kB
Mapped:           515028 kB
Shmem:             14088 kB
KReclaimable:     220404 kB
Slab:             314744 kB
SReclaimable:      82084 kB
SUnreclaim:       232660 kB
KernelStack:       48512 kB
ShadowCallStack:   12164 kB
PageTables:        85940 kB
NFS_Unstable:          0 kB
Bounce:                0 kB
WritebackTmp:          0 kB
CommitLimit:     8677876 kB
Committed_AS:   75735832 kB
VmallocTotal:   263061440 kB
VmallocUsed:      131424 kB
VmallocChunk:          0 kB
Percpu:             2448 kB
CmaTotal:         405504 kB
CmaFree:               0 kB
MemTotal:        7918588 kB
MemFree:          207216 kB
MemAvailable:     416980 kB
Buffers:             496 kB
Cached:           388260 kB
SwapCached:         2512 kB
Active:          3551924 kB
Inactive:        1800928 kB
Active(anon):    3182160 kB
Inactive(anon):  1800928 kB
Active(file):     369764 kB
Inactive(file):        0 kB
Unevictable:        6640 kB
Mlocked:            6200 kB
SwapTotal:       4718584 kB
SwapFree:        3354432 kB
Dirty:               120 kB
Writeback:             0 kB
AnonPages:       4970752 kB
Mapped:           515096 kB
Shmem:             14088 kB
KReclaimable:     217924 kB
Slab:             314720 kB
SReclaimable:      82084 kB
SUnreclaim:       232636 kB
KernelStack:       48512 kB
ShadowCallStack:   12172 kB
PageTables:        86080 kB
NFS_Unstable:          0 kB
Bounce:                0 kB
WritebackTmp:          0 kB
CommitLimit:     8677876 kB
Committed_AS:   75784984 kB
VmallocTotal:   263061440 kB
VmallocUsed:      131416 kB
VmallocChunk:          0 kB
Percpu:             2448 kB
CmaTotal:         405504 kB
CmaFree:               0 kB
MemTotal:        7918588 kB
MemFree:          209652 kB
MemAvailable:     419920 kB
Buffers:             496 kB
Cached:           392164 kB
SwapCached:         2512 kB
Active:          3622344 kB
Inactive:        1733720 kB
Active(anon):    3248680 kB
Inactive(anon):  1733716 kB
Active(file):     373664 kB
Inactive(file):        4 kB
Unevictable:        6640 kB
Mlocked:            6200 kB
SwapTotal:       4718584 kB
SwapFree:        3291456 kB
Dirty:               148 kB
Writeback:             0 kB
AnonPages:       4970132 kB
Mapped:           516212 kB
Shmem:             14088 kB
KReclaimable:     211124 kB
Slab:             314772 kB
SReclaimable:      82084 kB
SUnreclaim:       232688 kB
KernelStack:       48512 kB
ShadowCallStack:   12164 kB
PageTables:        86308 kB
NFS_Unstable:          0 kB
Bounce:                0 kB
WritebackTmp:          0 kB
CommitLimit:     8677876 kB
Committed_AS:   75899672 kB
VmallocTotal:   263061440 kB
VmallocUsed:      131428 kB
VmallocChunk:          0 kB
Percpu:             2448 kB
CmaTotal:         405504 kB
CmaFree:               0 kB
MemTotal:        7918588 kB
MemFree:          246256 kB
MemAvailable:     440576 kB
Buffers:             504 kB
Cached:           407900 kB
SwapCached:         2512 kB
Active:          2907948 kB
Inactive:        2353152 kB
Active(anon):    2677564 kB
Inactive(anon):  2194440 kB
Active(file):     230384 kB
Inactive(file):   158712 kB
Unevictable:        6640 kB
Mlocked:            6200 kB
SwapTotal:       4718584 kB
SwapFree:        3078464 kB
Dirty:               176 kB
Writeback:             0 kB
AnonPages:       4859740 kB
Mapped:           520528 kB
Shmem:             14088 kB
KReclaimable:     148372 kB
Slab:             314688 kB
SReclaimable:      82084 kB
SUnreclaim:       232604 kB
KernelStack:       48624 kB
ShadowCallStack:   12204 kB
PageTables:        86648 kB
NFS_Unstable:          0 kB
Bounce:                0 kB
WritebackTmp:          0 kB
CommitLimit:     8677876 kB
Committed_AS:   76014812 kB
VmallocTotal:   263061440 kB
VmallocUsed:      131664 kB
VmallocChunk:          0 kB
Percpu:             2448 kB
CmaTotal:         405504 kB
CmaFree:               0 kB
MemTotal:        7918588 kB
MemFree:          209296 kB
MemAvailable:     403700 kB
Buffers:             504 kB
Cached:           408080 kB
SwapCached:         2512 kB
Active:          2960252 kB
Inactive:        2327492 kB
Active(anon):    2729692 kB
Inactive(anon):  2168560 kB
Active(file):     230560 kB
Inactive(file):   158932 kB
Unevictable:        6640 kB
Mlocked:            6200 kB
SwapTotal:       4718584 kB
SwapFree:        3053376 kB
Dirty:               276 kB
Writeback:             0 kB
AnonPages:       4885736 kB
Mapped:           521028 kB
Shmem:             14188 kB
KReclaimable:     147752 kB
Slab:             314848 kB
SReclaimable:      82084 kB
SUnreclaim:       232764 kB
KernelStack:       48672 kB
ShadowCallStack:   12220 kB
PageTables:        86748 kB
NFS_Unstable:          0 kB
Bounce:                0 kB
WritebackTmp:          0 kB
CommitLimit:     8677876 kB
Committed_AS:   76129496 kB
VmallocTotal:   263061440 kB
VmallocUsed:      131660 kB
VmallocChunk:          0 kB
Percpu:             2448 kB
CmaTotal:         405504 kB
CmaFree:               0 kB
MemTotal:        7918588 kB
MemFree:          207088 kB
MemAvailable:     484128 kB
Buffers:             504 kB
Cached:           408868 kB
SwapCached:         2512 kB
Active:          2982140 kB
Inactive:        2307524 kB
Active(anon):    2750720 kB
Inactive(anon):  2148588 kB
Active(file):     231420 kB
Inactive(file):   158936 kB
Unevictable:        6640 kB
Mlocked:            6200 kB
SwapTotal:       4718584 kB
SwapFree:        3034176 kB
Dirty:                92 kB
Writeback:             0 kB
AnonPages:       4887032 kB
Mapped:           520924 kB
Shmem:             14084 kB
KReclaimable:     276908 kB
Slab:             314980 kB
SReclaimable:      82084 kB
SUnreclaim:       232896 kB
KernelStack:       48528 kB
ShadowCallStack:   12176 kB
PageTables:        87004 kB
NFS_Unstable:          0 kB
Bounce:                0 kB
WritebackTmp:          0 kB
CommitLimit:     8677876 kB
Committed_AS:   76211020 kB
VmallocTotal:   263061440 kB
VmallocUsed:      131476 kB
VmallocChunk:          0 kB
Percpu:             2448 kB
CmaTotal:         405504 kB
CmaFree:               0 kB
MemTotal:        7918588 kB
MemFree:          209040 kB
MemAvailable:     483116 kB
Buffers:             504 kB
Cached:           408948 kB
SwapCached:         2512 kB
Active:          3044128 kB
Inactive:        2244180 kB
Active(anon):    2812576 kB
Inactive(anon):  2085244 kB
Active(file):     231552 kB
Inactive(file):   158936 kB
Unevictable:        6640 kB
Mlocked:            6200 kB
SwapTotal:       4718584 kB
SwapFree:        2973760 kB
Dirty:                96 kB
Writeback:             0 kB
AnonPages:       4885568 kB
Mapped:           521316 kB
Shmem:             14084 kB
KReclaimable:     273812 kB
Slab:             314928 kB
SReclaimable:      82132 kB
SUnreclaim:       232796 kB
KernelStack:       48496 kB
ShadowCallStack:   12176 kB
PageTables:        86624 kB
NFS_Unstable:          0 kB
Bounce:                0 kB
WritebackTmp:          0 kB
CommitLimit:     8677876 kB
Committed_AS:   76325708 kB
VmallocTotal:   263061440 kB
VmallocUsed:      131436 kB
VmallocChunk:          0 kB
Percpu:             2448 kB
CmaTotal:         405504 kB
CmaFree:               0 kB
MemTotal:        7918588 kB
MemFree:          208412 kB
MemAvailable:     482640 kB
Buffers:             504 kB
Cached:           412864 kB
SwapCached:         2512 kB
Active:          3114004 kB
Inactive:        2176116 kB
Active(anon):    2878576 kB
Inactive(anon):  2017172 kB
Active(file):     235428 kB
Inactive(file):   158944 kB
Unevictable:        6640 kB
Mlocked:            6200 kB
SwapTotal:       4718584 kB
SwapFree:        2909504 kB
Dirty:               120 kB
Writeback:             8 kB
AnonPages:       4883808 kB
Mapped:           522448 kB
Shmem:             14084 kB
KReclaimable:     270080 kB
Slab:             315260 kB
SReclaimable:      82276 kB
SUnreclaim:       232984 kB
KernelStack:       48496 kB
ShadowCallStack:   12168 kB
PageTables:        87244 kB
NFS_Unstable:          0 kB
Bounce:                0 kB
WritebackTmp:          0 kB
CommitLimit:     8677876 kB
Committed_AS:   76459200 kB
VmallocTotal:   263061440 kB
VmallocUsed:      131444 kB
VmallocChunk:          0 kB
Percpu:             2448 kB
CmaTotal:         405504 kB
CmaFree:               0 kB
MemTotal:        7918588 kB
MemFree:          209308 kB
MemAvailable:     484160 kB
Buffers:             528 kB
Cached:           415756 kB
SwapCached:         2512 kB
Active:          3159896 kB
Inactive:        2133600 kB
Active(anon):    2921592 kB
Inactive(anon):  1974620 kB
Active(file):     238304 kB
Inactive(file):   158980 kB
Unevictable:        6640 kB
Mlocked:            6200 kB
SwapTotal:       4718584 kB
SwapFree:        2869568 kB
Dirty:               148 kB
Writeback:             4 kB
AnonPages:       4883684 kB
Mapped:           522804 kB
Shmem:             14088 kB
KReclaimable:     267792 kB
Slab:             315216 kB
SReclaimable:      82372 kB
SUnreclaim:       232844 kB
KernelStack:       48544 kB
ShadowCallStack:   12160 kB
PageTables:        87360 kB
NFS_Unstable:          0 kB
Bounce:                0 kB
WritebackTmp:          0 kB
CommitLimit:     8677876 kB
Committed_AS:   76524740 kB
VmallocTotal:   263061440 kB
VmallocUsed:      131460 kB
VmallocChunk:          0 kB
Percpu:             2448 kB
CmaTotal:         405504 kB
CmaFree:               0 kB
MemTotal:        7918588 kB
MemFree:          206644 kB
MemAvailable:     479280 kB
Buffers:             528 kB
Cached:           416580 kB
SwapCached:         2512 kB
Active:          3229284 kB
Inactive:        2068524 kB
Active(anon):    2990184 kB
Inactive(anon):  1909532 kB
Active(file):     239100 kB
Inactive(file):   158992 kB
Unevictable:        6640 kB
Mlocked:            6200 kB
SwapTotal:       4718584 kB
SwapFree:        2808640 kB
Dirty:               176 kB
Writeback:             0 kB
AnonPages:       4887548 kB
Mapped:           523348 kB
Shmem:             14120 kB
KReclaimable:     264768 kB
Slab:             315444 kB
SReclaimable:      82500 kB
SUnreclaim:       232944 kB
KernelStack:       48496 kB
ShadowCallStack:   12184 kB
PageTables:        87844 kB
NFS_Unstable:          0 kB
Bounce:                0 kB
WritebackTmp:          0 kB
CommitLimit:     8677876 kB
Committed_AS:   76639384 kB
VmallocTotal:   263061440 kB
VmallocUsed:      131424 kB
VmallocChunk:          0 kB
Percpu:             2448 kB
CmaTotal:         405504 kB
CmaFree:               0 kB
MemTotal:        7918588 kB
MemFree:          209244 kB
MemAvailable:     481744 kB
Buffers:             528 kB
Cached:           420608 kB
SwapCached:         2512 kB
Active:          3312392 kB
Inactive:        1985692 kB
Active(anon):    3069292 kB
Inactive(anon):  1826676 kB
Active(file):     243100 kB
Inactive(file):   159016 kB
Unevictable:        6640 kB
Mlocked:            6200 kB
SwapTotal:       4718584 kB
SwapFree:        2732352 kB
Dirty:               192 kB
Writeback:             4 kB
AnonPages:       4883344 kB
Mapped:           524936 kB
Shmem:             14120 kB
KReclaimable:     260608 kB
Slab:             315844 kB
SReclaimable:      82596 kB
SUnreclaim:       233248 kB
KernelStack:       48512 kB
ShadowCallStack:   12144 kB
PageTables:        87828 kB
NFS_Unstable:          0 kB
Bounce:                0 kB
WritebackTmp:          0 kB
CommitLimit:     8677876 kB
Committed_AS:   76770452 kB
VmallocTotal:   263061440 kB
VmallocUsed:      131428 kB
VmallocChunk:          0 kB
Percpu:             2448 kB
CmaTotal:         405504 kB
CmaFree:               0 kB
MemTotal:        7918588 kB
MemFree:          209724 kB
MemAvailable:     480092 kB
Buffers:             528 kB
Cached:           420780 kB
SwapCached:         2524 kB
Active:          3360640 kB
Inactive:        1936684 kB
Active(anon):    3117392 kB
Inactive(anon):  1777652 kB
Active(file):     243248 kB
Inactive(file):   159032 kB
Unevictable:        6640 kB
Mlocked:            6200 kB
SwapTotal:       4718584 kB
SwapFree:        2686528 kB
Dirty:               192 kB
Writeback:             4 kB
AnonPages:       4882496 kB
Mapped:           525404 kB
Shmem:             14120 kB
KReclaimable:     258312 kB
Slab:             315844 kB
SReclaimable:      82740 kB
SUnreclaim:       233104 kB
KernelStack:       48528 kB
ShadowCallStack:   12164 kB
PageTables:        88236 kB
NFS_Unstable:          0 kB
Bounce:                0 kB
WritebackTmp:          0 kB
CommitLimit:     8677876 kB
Committed_AS:   76852372 kB
VmallocTotal:   263061440 kB
VmallocUsed:      131436 kB
VmallocChunk:          0 kB
Percpu:             2448 kB
CmaTotal:         405504 kB
CmaFree:               0 kB
MemTotal:        7918588 kB
MemFree:          210636 kB
MemAvailable:     480360 kB
Buffers:             528 kB
Cached:           422744 kB
SwapCached:         2524 kB
Active:          3422296 kB
Inactive:        1874956 kB
Active(anon):    3177076 kB
Inactive(anon):  1715924 kB
Active(file):     245220 kB
Inactive(file):   159032 kB
Unevictable:        6640 kB
Mlocked:            6200 kB
SwapTotal:       4718584 kB
SwapFree:        2627136 kB
Dirty:               192 kB
Writeback:             0 kB
AnonPages:       4880672 kB
Mapped:           525924 kB
Shmem:             14124 kB
KReclaimable:     255696 kB
Slab:             315880 kB
SReclaimable:      82916 kB
SUnreclaim:       232964 kB
KernelStack:       48480 kB
ShadowCallStack:   12172 kB
PageTables:        88428 kB
NFS_Unstable:          0 kB
Bounce:                0 kB
WritebackTmp:          0 kB
CommitLimit:     8677876 kB
Committed_AS:   76950680 kB
VmallocTotal:   263061440 kB
VmallocUsed:      131432 kB
VmallocChunk:          0 kB
Percpu:             2448 kB
CmaTotal:         405504 kB
CmaFree:               0 kB
MemTotal:        7918588 kB
MemFree:          208944 kB
MemAvailable:     476712 kB
Buffers:             528 kB
Cached:           423692 kB
SwapCached:         2524 kB
Active:          3500580 kB
Inactive:        1801224 kB
Active(anon):    3254432 kB
Inactive(anon):  1642180 kB
Active(file):     246148 kB
Inactive(file):   159044 kB
Unevictable:        6640 kB
Mlocked:            6200 kB
SwapTotal:       4718584 kB
SwapFree:        2558016 kB
Dirty:               204 kB
Writeback:             0 kB
AnonPages:       4884412 kB
Mapped:           526896 kB
Shmem:             14124 kB
KReclaimable:     252800 kB
Slab:             316180 kB
SReclaimable:      83092 kB
SUnreclaim:       233088 kB
KernelStack:       48512 kB
ShadowCallStack:   12164 kB
PageTables:        88632 kB
NFS_Unstable:          0 kB
Bounce:                0 kB
WritebackTmp:          0 kB
CommitLimit:     8677876 kB
Committed_AS:   77081752 kB
VmallocTotal:   263061440 kB
VmallocUsed:      131432 kB
VmallocChunk:          0 kB
Percpu:             2448 kB
CmaTotal:         405504 kB
CmaFree:               0 kB
MemTotal:        7918588 kB
MemFree:          207840 kB
MemAvailable:     473648 kB
Buffers:             536 kB
Cached:           423692 kB
SwapCached:         2524 kB
Active:          3558460 kB
Inactive:        1745352 kB
Active(anon):    3312312 kB
Inactive(anon):  1586300 kB
Active(file):     246148 kB
Inactive(file):   159052 kB
Unevictable:        6640 kB
Mlocked:            6200 kB
SwapTotal:       4718584 kB
SwapFree:        2504000 kB
Dirty:               208 kB
Writeback:             0 kB
AnonPages:       4886316 kB
