MemTotal:        7918584 kB
MemFree:         3557080 kB
MemAvailable:    4997248 kB
Buffers:            3884 kB
Cached:          1260192 kB
SwapCached:        15904 kB
Active:          1147228 kB
Inactive:         702832 kB
Active(anon):     541772 kB
Inactive(anon):    61648 kB
Active(file):     605456 kB
Inactive(file):   641184 kB
Unevictable:        6544 kB
Mlocked:            6104 kB
SwapTotal:       4718584 kB
SwapFree:        3933096 kB
Dirty:            179712 kB
Writeback:             0 kB
AnonPages:        587968 kB
Mapped:           418012 kB
Shmem:             12628 kB
KReclaimable:     583752 kB
Slab:             316948 kB
SReclaimable:      93184 kB
SUnreclaim:       223764 kB
KernelStack:       46352 kB
ShadowCallStack:   11620 kB
PageTables:        61316 kB
NFS_Unstable:          0 kB
Bounce:                0 kB
WritebackTmp:          0 kB
CommitLimit:     8677876 kB
Committed_AS:   62030232 kB
VmallocTotal:   263061440 kB
VmallocUsed:      128740 kB
VmallocChunk:          0 kB
Percpu:             2520 kB
CmaTotal:         405504 kB
CmaFree:          287608 kB
MemTotal:        7918584 kB
MemFree:         3541120 kB
MemAvailable:    5204452 kB
Buffers:            3924 kB
Cached:          1270864 kB
SwapCached:        16068 kB
Active:          1163088 kB
Inactive:         703456 kB
Active(anon):     548308 kB
Inactive(anon):    61640 kB
Active(file):     614780 kB
Inactive(file):   641816 kB
Unevictable:        6544 kB
Mlocked:            6104 kB
SwapTotal:       4718584 kB
SwapFree:        3934120 kB
Dirty:            179812 kB
Writeback:             0 kB
AnonPages:        593736 kB
Mapped:           455452 kB
Shmem:             13212 kB
KReclaimable:     796960 kB
Slab:             317232 kB
SReclaimable:      93200 kB
SUnreclaim:       224032 kB
KernelStack:       46896 kB
ShadowCallStack:   11732 kB
PageTables:        61348 kB
NFS_Unstable:          0 kB
Bounce:                0 kB
WritebackTmp:          0 kB
CommitLimit:     8677876 kB
Committed_AS:   62068064 kB
VmallocTotal:   263061440 kB
VmallocUsed:      129336 kB
VmallocChunk:          0 kB
Percpu:             2520 kB
CmaTotal:         405504 kB
CmaFree:          287608 kB
MemTotal:        7918584 kB
MemFree:         3552344 kB
MemAvailable:    5129880 kB
Buffers:            3956 kB
Cached:          1270748 kB
SwapCached:        16080 kB
Active:          1149824 kB
Inactive:         703484 kB
Active(anon):     534896 kB
Inactive(anon):    61584 kB
Active(file):     614928 kB
Inactive(file):   641900 kB
Unevictable:        6544 kB
Mlocked:            6104 kB
SwapTotal:       4718584 kB
SwapFree:        3934120 kB
Dirty:            179880 kB
Writeback:             0 kB
AnonPages:        580300 kB
Mapped:           463988 kB
Shmem:             13068 kB
KReclaimable:     710932 kB
Slab:             317568 kB
SReclaimable:      93232 kB
SUnreclaim:       224336 kB
KernelStack:       46736 kB
ShadowCallStack:   11712 kB
PageTables:        61744 kB
NFS_Unstable:          0 kB
Bounce:                0 kB
WritebackTmp:          0 kB
CommitLimit:     8677876 kB
Committed_AS:   62091560 kB
VmallocTotal:   263061440 kB
VmallocUsed:      129184 kB
VmallocChunk:          0 kB
Percpu:             2520 kB
CmaTotal:         405504 kB
CmaFree:          287608 kB
MemTotal:        7918584 kB
MemFree:         3548512 kB
MemAvailable:    5125344 kB
Buffers:            3972 kB
Cached:          1270780 kB
SwapCached:        16080 kB
Active:          1153784 kB
Inactive:         703532 kB
Active(anon):     538856 kB
Inactive(anon):    61584 kB
Active(file):     614928 kB
Inactive(file):   641948 kB
Unevictable:        6544 kB
Mlocked:            6104 kB
SwapTotal:       4718584 kB
SwapFree:        3934376 kB
Dirty:            179932 kB
Writeback:             4 kB
AnonPages:        584100 kB
Mapped:           464632 kB
Shmem:             13068 kB
KReclaimable:     710180 kB
Slab:             317544 kB
SReclaimable:      93248 kB
SUnreclaim:       224296 kB
KernelStack:       46736 kB
ShadowCallStack:   11704 kB
PageTables:        61608 kB
NFS_Unstable:          0 kB
Bounce:                0 kB
WritebackTmp:          0 kB
CommitLimit:     8677876 kB
Committed_AS:   62091556 kB
VmallocTotal:   263061440 kB
VmallocUsed:      129184 kB
VmallocChunk:          0 kB
Percpu:             2520 kB
CmaTotal:         405504 kB
CmaFree:          287608 kB
MemTotal:        7918584 kB
MemFree:         3544972 kB
MemAvailable:    5122184 kB
Buffers:            3972 kB
Cached:          1271200 kB
SwapCached:        16092 kB
Active:          1159700 kB
Inactive:         702676 kB
Active(anon):     544404 kB
Inactive(anon):    60700 kB
Active(file):     615296 kB
Inactive(file):   641976 kB
Unevictable:        6544 kB
Mlocked:            6104 kB
SwapTotal:       4718584 kB
SwapFree:        3936424 kB
Dirty:            179972 kB
Writeback:             0 kB
AnonPages:        588880 kB
Mapped:           465456 kB
Shmem:             13092 kB
KReclaimable:     710164 kB
Slab:             317540 kB
SReclaimable:      93264 kB
SUnreclaim:       224276 kB
KernelStack:       46704 kB
ShadowCallStack:   11720 kB
PageTables:        61644 kB
NFS_Unstable:          0 kB
Bounce:                0 kB
WritebackTmp:          0 kB
CommitLimit:     8677876 kB
Committed_AS:   62091568 kB
VmallocTotal:   263061440 kB
VmallocUsed:      129188 kB
VmallocChunk:          0 kB
Percpu:             2520 kB
CmaTotal:         405504 kB
CmaFree:          288700 kB
MemTotal:        7918584 kB
MemFree:         3547252 kB
MemAvailable:    5144652 kB
Buffers:            3972 kB
Cached:          1271212 kB
SwapCached:        16096 kB
Active:          1157932 kB
Inactive:         701960 kB
Active(anon):     542636 kB
Inactive(anon):    59984 kB
Active(file):     615296 kB
Inactive(file):   641976 kB
Unevictable:        6544 kB
Mlocked:            6104 kB
SwapTotal:       4718584 kB
SwapFree:        3936680 kB
Dirty:             17684 kB
Writeback:             0 kB
AnonPages:        586396 kB
Mapped:           465528 kB
Shmem:             13104 kB
KReclaimable:     730352 kB
Slab:             317580 kB
SReclaimable:      93264 kB
SUnreclaim:       224316 kB
KernelStack:       46560 kB
ShadowCallStack:   11668 kB
PageTables:        61804 kB
NFS_Unstable:          0 kB
Bounce:                0 kB
WritebackTmp:          0 kB
CommitLimit:     8677876 kB
Committed_AS:   62091088 kB
VmallocTotal:   263061440 kB
VmallocUsed:      128692 kB
VmallocChunk:          0 kB
Percpu:             2520 kB
CmaTotal:         405504 kB
CmaFree:          288700 kB
MemTotal:        7918584 kB
MemFree:         3528416 kB
MemAvailable:    5126848 kB
Buffers:            3972 kB
Cached:          1271220 kB
SwapCached:        16096 kB
Active:          1179020 kB
Inactive:         701960 kB
Active(anon):     563656 kB
Inactive(anon):    59984 kB
Active(file):     615364 kB
Inactive(file):   641976 kB
Unevictable:        6544 kB
Mlocked:            6104 kB
SwapTotal:       4718584 kB
SwapFree:        3937704 kB
Dirty:             17684 kB
Writeback:             0 kB
AnonPages:        607264 kB
Mapped:           467548 kB
Shmem:             13044 kB
KReclaimable:     731316 kB
Slab:             317544 kB
SReclaimable:      93280 kB
SUnreclaim:       224264 kB
KernelStack:       46576 kB
ShadowCallStack:   11672 kB
PageTables:        61872 kB
NFS_Unstable:          0 kB
Bounce:                0 kB
WritebackTmp:          0 kB
CommitLimit:     8677876 kB
Committed_AS:   62111776 kB
VmallocTotal:   263061440 kB
VmallocUsed:      128688 kB
VmallocChunk:          0 kB
Percpu:             2520 kB
CmaTotal:         405504 kB
CmaFree:          288700 kB
MemTotal:        7918584 kB
MemFree:         3392368 kB
MemAvailable:    4958080 kB
Buffers:            3972 kB
Cached:          1271404 kB
SwapCached:        16096 kB
Active:          1314920 kB
Inactive:         701968 kB
Active(anon):     699384 kB
Inactive(anon):    59984 kB
Active(file):     615536 kB
Inactive(file):   641984 kB
Unevictable:        6544 kB
Mlocked:            6104 kB
SwapTotal:       4718584 kB
SwapFree:        3937704 kB
Dirty:             17692 kB
Writeback:             0 kB
AnonPages:        743364 kB
Mapped:           513156 kB
Shmem:             13048 kB
KReclaimable:     698416 kB
Slab:             317564 kB
SReclaimable:      93280 kB
SUnreclaim:       224284 kB
KernelStack:       46544 kB
ShadowCallStack:   11660 kB
PageTables:        62208 kB
NFS_Unstable:          0 kB
Bounce:                0 kB
WritebackTmp:          0 kB
CommitLimit:     8677876 kB
Committed_AS:   62352272 kB
VmallocTotal:   263061440 kB
VmallocUsed:      128740 kB
VmallocChunk:          0 kB
Percpu:             2520 kB
CmaTotal:         405504 kB
CmaFree:          288700 kB
MemTotal:        7918584 kB
MemFree:         3318464 kB
MemAvailable:    4849288 kB
Buffers:            3992 kB
Cached:          1271440 kB
SwapCached:        16104 kB
Active:          1387504 kB
Inactive:         702020 kB
Active(anon):     771964 kB
Inactive(anon):    59984 kB
Active(file):     615540 kB
Inactive(file):   642036 kB
Unevictable:        6544 kB
Mlocked:            6104 kB
SwapTotal:       4718584 kB
SwapFree:        3937704 kB
Dirty:             17720 kB
Writeback:             0 kB
AnonPages:        815556 kB
Mapped:           552632 kB
Shmem:             13048 kB
KReclaimable:     663472 kB
Slab:             317800 kB
SReclaimable:      93280 kB
SUnreclaim:       224520 kB
KernelStack:       46608 kB
ShadowCallStack:   11664 kB
PageTables:        62624 kB
NFS_Unstable:          0 kB
Bounce:                0 kB
WritebackTmp:          0 kB
CommitLimit:     8677876 kB
Committed_AS:   62473748 kB
VmallocTotal:   263061440 kB
VmallocUsed:      128768 kB
VmallocChunk:          0 kB
Percpu:             2520 kB
CmaTotal:         405504 kB
CmaFree:          288700 kB
MemTotal:        7918584 kB
MemFree:         3227444 kB
MemAvailable:    4712452 kB
Buffers:            4016 kB
Cached:          1274496 kB
SwapCached:        16112 kB
Active:          1477412 kB
Inactive:         702068 kB
Active(anon):     858844 kB
Inactive(anon):    59984 kB
Active(file):     618568 kB
Inactive(file):   642084 kB
Unevictable:        6544 kB
Mlocked:            6104 kB
SwapTotal:       4718584 kB
SwapFree:        3937704 kB
Dirty:             17860 kB
Writeback:            20 kB
AnonPages:        902712 kB
Mapped:           584748 kB
Shmem:             13052 kB
KReclaimable:     614580 kB
Slab:             317996 kB
SReclaimable:      93280 kB
SUnreclaim:       224716 kB
KernelStack:       46688 kB
ShadowCallStack:   11688 kB
PageTables:        63028 kB
NFS_Unstable:          0 kB
Bounce:                0 kB
WritebackTmp:          0 kB
CommitLimit:     8677876 kB
Committed_AS:   62646948 kB
VmallocTotal:   263061440 kB
VmallocUsed:      128828 kB
VmallocChunk:          0 kB
Percpu:             2520 kB
CmaTotal:         405504 kB
CmaFree:          288700 kB
MemTotal:        7918584 kB
MemFree:         3119788 kB
MemAvailable:    4603640 kB
Buffers:            4016 kB
Cached:          1274580 kB
SwapCached:        16112 kB
Active:          1584676 kB
Inactive:         702152 kB
Active(anon):     966108 kB
Inactive(anon):    59984 kB
Active(file):     618568 kB
Inactive(file):   642168 kB
Unevictable:        6544 kB
Mlocked:            6104 kB
SwapTotal:       4718584 kB
SwapFree:        3937704 kB
Dirty:             17928 kB
Writeback:             0 kB
AnonPages:       1009864 kB
Mapped:           586172 kB
Shmem:             13052 kB
KReclaimable:     613340 kB
Slab:             318192 kB
SReclaimable:      93280 kB
SUnreclaim:       224912 kB
KernelStack:       46688 kB
ShadowCallStack:   11692 kB
PageTables:        63456 kB
NFS_Unstable:          0 kB
Bounce:                0 kB
WritebackTmp:          0 kB
CommitLimit:     8677876 kB
Committed_AS:   62925472 kB
VmallocTotal:   263061440 kB
VmallocUsed:      128824 kB
VmallocChunk:          0 kB
Percpu:             2520 kB
CmaTotal:         405504 kB
CmaFree:          288700 kB
MemTotal:        7918584 kB
MemFree:         3025516 kB
MemAvailable:    4508288 kB
Buffers:            4040 kB
Cached:          1274584 kB
SwapCached:        16112 kB
Active:          1679056 kB
Inactive:         702004 kB
Active(anon):    1060488 kB
Inactive(anon):    59812 kB
Active(file):     618568 kB
Inactive(file):   642192 kB
Unevictable:        6544 kB
Mlocked:            6104 kB
SwapTotal:       4718584 kB
SwapFree:        3937960 kB
Dirty:             17928 kB
Writeback:            24 kB
AnonPages:       1104140 kB
Mapped:           587004 kB
Shmem:             13056 kB
KReclaimable:     612236 kB
Slab:             318152 kB
SReclaimable:      93280 kB
SUnreclaim:       224872 kB
KernelStack:       46624 kB
ShadowCallStack:   11684 kB
PageTables:        63944 kB
NFS_Unstable:          0 kB
Bounce:                0 kB
WritebackTmp:          0 kB
CommitLimit:     8677876 kB
Committed_AS:   63154852 kB
VmallocTotal:   263061440 kB
VmallocUsed:      128804 kB
VmallocChunk:          0 kB
Percpu:             2520 kB
CmaTotal:         405504 kB
CmaFree:          288700 kB
MemTotal:        7918584 kB
MemFree:         2922156 kB
MemAvailable:    4394804 kB
Buffers:            4040 kB
Cached:          1274620 kB
SwapCached:        16112 kB
Active:          1781132 kB
Inactive:         702004 kB
Active(anon):    1162564 kB
Inactive(anon):    59784 kB
Active(file):     618568 kB
Inactive(file):   642220 kB
Unevictable:        6544 kB
Mlocked:            6104 kB
SwapTotal:       4718584 kB
SwapFree:        3937960 kB
Dirty:             17948 kB
Writeback:             0 kB
AnonPages:       1206032 kB
Mapped:           587748 kB
Shmem:             13064 kB
KReclaimable:     602336 kB
Slab:             318316 kB
SReclaimable:      93280 kB
SUnreclaim:       225036 kB
KernelStack:       46656 kB
ShadowCallStack:   11688 kB
PageTables:        64416 kB
NFS_Unstable:          0 kB
Bounce:                0 kB
WritebackTmp:          0 kB
CommitLimit:     8677876 kB
Committed_AS:   63416952 kB
VmallocTotal:   263061440 kB
VmallocUsed:      128804 kB
VmallocChunk:          0 kB
Percpu:             2520 kB
CmaTotal:         405504 kB
CmaFree:          288700 kB
MemTotal:        7918584 kB
MemFree:         2833132 kB
MemAvailable:    4304984 kB
Buffers:            4064 kB
Cached:          1274644 kB
SwapCached:        16112 kB
Active:          1869696 kB
Inactive:         702052 kB
Active(anon):    1251128 kB
Inactive(anon):    59784 kB
Active(file):     618568 kB
Inactive(file):   642268 kB
Unevictable:        6544 kB
Mlocked:            6104 kB
SwapTotal:       4718584 kB
SwapFree:        3937960 kB
Dirty:             17972 kB
Writeback:             0 kB
AnonPages:       1294808 kB
Mapped:           588776 kB
Shmem:             13064 kB
KReclaimable:     601240 kB
Slab:             318216 kB
SReclaimable:      93280 kB
SUnreclaim:       224936 kB
KernelStack:       46576 kB
ShadowCallStack:   11680 kB
PageTables:        64796 kB
NFS_Unstable:          0 kB
Bounce:                0 kB
WritebackTmp:          0 kB
CommitLimit:     8677876 kB
Committed_AS:   63613516 kB
VmallocTotal:   263061440 kB
VmallocUsed:      128772 kB
VmallocChunk:          0 kB
Percpu:             2520 kB
CmaTotal:         405504 kB
CmaFree:          288700 kB
MemTotal:        7918584 kB
MemFree:         2730712 kB
MemAvailable:    4200900 kB
Buffers:            4064 kB
Cached:          1274648 kB
SwapCached:        16112 kB
Active:          1971908 kB
Inactive:         701804 kB
Active(anon):    1353340 kB
Inactive(anon):    59536 kB
Active(file):     618568 kB
Inactive(file):   642268 kB
Unevictable:        6544 kB
Mlocked:            6104 kB
SwapTotal:       4718584 kB
SwapFree:        3938728 kB
Dirty:             17972 kB
Writeback:             0 kB
AnonPages:       1396720 kB
Mapped:           589708 kB
Shmem:             13068 kB
KReclaimable:     599576 kB
Slab:             318484 kB
SReclaimable:      93280 kB
SUnreclaim:       225204 kB
KernelStack:       46624 kB
ShadowCallStack:   11684 kB
PageTables:        65408 kB
NFS_Unstable:          0 kB
Bounce:                0 kB
WritebackTmp:          0 kB
CommitLimit:     8677876 kB
Committed_AS:   63875660 kB
VmallocTotal:   263061440 kB
VmallocUsed:      128780 kB
VmallocChunk:          0 kB
Percpu:             2520 kB
CmaTotal:         405504 kB
CmaFree:          288700 kB
MemTotal:        7918584 kB
MemFree:         2631916 kB
MemAvailable:    4100848 kB
Buffers:            4064 kB
Cached:          1274648 kB
SwapCached:        16112 kB
Active:          2070352 kB
Inactive:         701804 kB
Active(anon):    1451784 kB
Inactive(anon):    59536 kB
Active(file):     618568 kB
Inactive(file):   642268 kB
Unevictable:        6544 kB
Mlocked:            6104 kB
SwapTotal:       4718584 kB
SwapFree:        3938728 kB
Dirty:             17972 kB
Writeback:             0 kB
AnonPages:       1494992 kB
Mapped:           588060 kB
Shmem:             13068 kB
KReclaimable:     598320 kB
Slab:             318332 kB
SReclaimable:      93280 kB
SUnreclaim:       225052 kB
KernelStack:       46592 kB
ShadowCallStack:   11676 kB
PageTables:        65788 kB
NFS_Unstable:          0 kB
Bounce:                0 kB
WritebackTmp:          0 kB
CommitLimit:     8677876 kB
Committed_AS:   64137804 kB
VmallocTotal:   263061440 kB
VmallocUsed:      128768 kB
VmallocChunk:          0 kB
Percpu:             2520 kB
CmaTotal:         405504 kB
CmaFree:          288700 kB
MemTotal:        7918584 kB
MemFree:         2504096 kB
MemAvailable:    3841780 kB
Buffers:            4064 kB
Cached:          1274748 kB
SwapCached:        16112 kB
Active:          2197660 kB
Inactive:         701748 kB
Active(anon):    1579092 kB
Inactive(anon):    59480 kB
Active(file):     618568 kB
Inactive(file):   642268 kB
Unevictable:        6544 kB
Mlocked:            6104 kB
SwapTotal:       4718584 kB
SwapFree:        3938728 kB
Dirty:             17972 kB
Writeback:             0 kB
AnonPages:       1622236 kB
Mapped:           589388 kB
Shmem:             13168 kB
KReclaimable:     467072 kB
Slab:             318400 kB
SReclaimable:      93280 kB
SUnreclaim:       225120 kB
KernelStack:       46704 kB
ShadowCallStack:   11708 kB
PageTables:        66384 kB
NFS_Unstable:          0 kB
Bounce:                0 kB
WritebackTmp:          0 kB
CommitLimit:     8677876 kB
Committed_AS:   64334812 kB
VmallocTotal:   263061440 kB
VmallocUsed:      128908 kB
VmallocChunk:          0 kB
Percpu:             2520 kB
CmaTotal:         405504 kB
CmaFree:          288700 kB
MemTotal:        7918584 kB
MemFree:         2429160 kB
MemAvailable:    3894652 kB
Buffers:            4064 kB
Cached:          1274648 kB
SwapCached:        16112 kB
Active:          2271912 kB
Inactive:         701752 kB
Active(anon):    1653344 kB
Inactive(anon):    59480 kB
Active(file):     618568 kB
Inactive(file):   642272 kB
Unevictable:        6544 kB
Mlocked:            6104 kB
SwapTotal:       4718584 kB
SwapFree:        3938984 kB
Dirty:             17980 kB
Writeback:             0 kB
AnonPages:       1696692 kB
Mapped:           590064 kB
Shmem:             13064 kB
KReclaimable:     594876 kB
Slab:             318428 kB
SReclaimable:      93296 kB
SUnreclaim:       225132 kB
KernelStack:       46592 kB
ShadowCallStack:   11704 kB
PageTables:        66812 kB
NFS_Unstable:          0 kB
Bounce:                0 kB
WritebackTmp:          0 kB
CommitLimit:     8677876 kB
Committed_AS:   64596564 kB
VmallocTotal:   263061440 kB
VmallocUsed:      128752 kB
VmallocChunk:          0 kB
Percpu:             2520 kB
CmaTotal:         405504 kB
CmaFree:          288700 kB
MemTotal:        7918584 kB
MemFree:         2331800 kB
MemAvailable:    3796148 kB
Buffers:            4072 kB
Cached:          1274660 kB
SwapCached:        16112 kB
Active:          2368776 kB
Inactive:         701764 kB
Active(anon):    1750208 kB
Inactive(anon):    59480 kB
Active(file):     618568 kB
Inactive(file):   642284 kB
Unevictable:        6544 kB
Mlocked:            6104 kB
SwapTotal:       4718584 kB
SwapFree:        3938984 kB
Dirty:             17996 kB
Writeback:             0 kB
AnonPages:       1793380 kB
Mapped:           590972 kB
Shmem:             13072 kB
KReclaimable:     593720 kB
Slab:             318476 kB
SReclaimable:      93296 kB
SUnreclaim:       225180 kB
KernelStack:       46608 kB
ShadowCallStack:   11680 kB
PageTables:        67144 kB
NFS_Unstable:          0 kB
Bounce:                0 kB
WritebackTmp:          0 kB
CommitLimit:     8677876 kB
Committed_AS:   64825936 kB
VmallocTotal:   263061440 kB
VmallocUsed:      128784 kB
VmallocChunk:          0 kB
Percpu:             2520 kB
CmaTotal:         405504 kB
CmaFree:          288700 kB
MemTotal:        7918584 kB
MemFree:         2245764 kB
MemAvailable:    3709360 kB
Buffers:            4072 kB
Cached:          1274664 kB
SwapCached:        16112 kB
Active:          2454444 kB
Inactive:         701764 kB
Active(anon):    1835876 kB
Inactive(anon):    59480 kB
Active(file):     618568 kB
Inactive(file):   642284 kB
Unevictable:        6544 kB
Mlocked:            6104 kB
SwapTotal:       4718584 kB
SwapFree:        3938984 kB
Dirty:             17996 kB
Writeback:             0 kB
AnonPages:       1879300 kB
Mapped:           591524 kB
Shmem:             13076 kB
KReclaimable:     592968 kB
Slab:             318504 kB
SReclaimable:      93296 kB
SUnreclaim:       225208 kB
KernelStack:       46592 kB
ShadowCallStack:   11692 kB
PageTables:        67740 kB
NFS_Unstable:          0 kB
Bounce:                0 kB
WritebackTmp:          0 kB
CommitLimit:     8677876 kB
Committed_AS:   65038932 kB
VmallocTotal:   263061440 kB
VmallocUsed:      128788 kB
VmallocChunk:          0 kB
Percpu:             2520 kB
CmaTotal:         405504 kB
CmaFree:          288700 kB
MemTotal:        7918584 kB
MemFree:         2151864 kB
MemAvailable:    3613332 kB
Buffers:            4072 kB
Cached:          1274664 kB
SwapCached:        16112 kB
Active:          2547744 kB
Inactive:         701764 kB
Active(anon):    1929176 kB
Inactive(anon):    59480 kB
Active(file):     618568 kB
Inactive(file):   642284 kB
Unevictable:        6544 kB
Mlocked:            6104 kB
SwapTotal:       4718584 kB
SwapFree:        3938984 kB
Dirty:             17996 kB
Writeback:             0 kB
AnonPages:       1972508 kB
Mapped:           593200 kB
Shmem:             13076 kB
KReclaimable:     590840 kB
Slab:             318672 kB
SReclaimable:      93296 kB
SUnreclaim:       225376 kB
KernelStack:       46592 kB
ShadowCallStack:   11676 kB
PageTables:        67984 kB
NFS_Unstable:          0 kB
Bounce:                0 kB
WritebackTmp:          0 kB
CommitLimit:     8677876 kB
Committed_AS:   65251924 kB
VmallocTotal:   263061440 kB
VmallocUsed:      128788 kB
VmallocChunk:          0 kB
Percpu:             2520 kB
CmaTotal:         405504 kB
CmaFree:          288692 kB
MemTotal:        7918584 kB
MemFree:         2089092 kB
MemAvailable:    3550120 kB
Buffers:            4072 kB
Cached:          1274664 kB
SwapCached:        16112 kB
Active:          2610492 kB
Inactive:         701764 kB
Active(anon):    1991924 kB
Inactive(anon):    59480 kB
Active(file):     618568 kB
Inactive(file):   642284 kB
Unevictable:        6544 kB
Mlocked:            6104 kB
SwapTotal:       4718584 kB
SwapFree:        3938984 kB
Dirty:             17996 kB
Writeback:             0 kB
AnonPages:       2035136 kB
Mapped:           593560 kB
Shmem:             13076 kB
KReclaimable:     590400 kB
Slab:             318796 kB
SReclaimable:      93296 kB
SUnreclaim:       225500 kB
KernelStack:       46624 kB
ShadowCallStack:   11692 kB
PageTables:        68420 kB
NFS_Unstable:          0 kB
Bounce:                0 kB
WritebackTmp:          0 kB
CommitLimit:     8677876 kB
Committed_AS:   65399380 kB
VmallocTotal:   263061440 kB
VmallocUsed:      128772 kB
VmallocChunk:          0 kB
Percpu:             2520 kB
CmaTotal:         405504 kB
CmaFree:          288700 kB
MemTotal:        7918584 kB
MemFree:         2023340 kB
MemAvailable:    3423128 kB
Buffers:            4072 kB
Cached:          1274672 kB
SwapCached:        16124 kB
Active:          2675592 kB
Inactive:         701772 kB
Active(anon):    2057024 kB
Inactive(anon):    59480 kB
Active(file):     618568 kB
Inactive(file):   642292 kB
Unevictable:        6544 kB
Mlocked:            6104 kB
SwapTotal:       4718584 kB
SwapFree:        3938984 kB
Dirty:             18004 kB
Writeback:             0 kB
AnonPages:       2100268 kB
Mapped:           594040 kB
Shmem:             13076 kB
KReclaimable:     529152 kB
Slab:             318940 kB
SReclaimable:      93296 kB
SUnreclaim:       225644 kB
KernelStack:       46608 kB
ShadowCallStack:   11680 kB
PageTables:        69188 kB
NFS_Unstable:          0 kB
Bounce:                0 kB
WritebackTmp:          0 kB
CommitLimit:     8677876 kB
Committed_AS:   65563168 kB
VmallocTotal:   263061440 kB
VmallocUsed:      128768 kB
VmallocChunk:          0 kB
Percpu:             2520 kB
CmaTotal:         405504 kB
CmaFree:          288700 kB
MemTotal:        7918584 kB
MemFree:         1940424 kB
MemAvailable:    3338724 kB
Buffers:            4112 kB
Cached:          1274680 kB
SwapCached:        16124 kB
Active:          2756176 kB
Inactive:         701812 kB
Active(anon):    2137608 kB
Inactive(anon):    59480 kB
Active(file):     618568 kB
Inactive(file):   642332 kB
Unevictable:        6544 kB
Mlocked:            6104 kB
SwapTotal:       4718584 kB
SwapFree:        3938984 kB
Dirty:             18004 kB
Writeback:             0 kB
AnonPages:       2180932 kB
Mapped:           594820 kB
Shmem:             13084 kB
KReclaimable:     527624 kB
Slab:             319008 kB
SReclaimable:      93296 kB
SUnreclaim:       225712 kB
KernelStack:       46608 kB
ShadowCallStack:   11684 kB
PageTables:        69552 kB
NFS_Unstable:          0 kB
Bounce:                0 kB
WritebackTmp:          0 kB
CommitLimit:     8677876 kB
Committed_AS:   65743400 kB
VmallocTotal:   263061440 kB
VmallocUsed:      128748 kB
VmallocChunk:          0 kB
Percpu:             2520 kB
CmaTotal:         405504 kB
CmaFree:          288700 kB
MemTotal:        7918584 kB
MemFree:         1875348 kB
MemAvailable:    3273248 kB
Buffers:            4112 kB
Cached:          1274680 kB
SwapCached:        16124 kB
Active:          2821460 kB
Inactive:         701812 kB
Active(anon):    2202892 kB
Inactive(anon):    59480 kB
Active(file):     618568 kB
Inactive(file):   642332 kB
Unevictable:        6544 kB
Mlocked:            6104 kB
SwapTotal:       4718584 kB
SwapFree:        3938984 kB
Dirty:             18004 kB
Writeback:             0 kB
AnonPages:       2246220 kB
Mapped:           595280 kB
Shmem:             13084 kB
KReclaimable:     527224 kB
Slab:             318948 kB
SReclaimable:      93296 kB
SUnreclaim:       225652 kB
KernelStack:       46608 kB
ShadowCallStack:   11680 kB
PageTables:        69784 kB
NFS_Unstable:          0 kB
Bounce:                0 kB
WritebackTmp:          0 kB
CommitLimit:     8677876 kB
Committed_AS:   65907240 kB
VmallocTotal:   263061440 kB
VmallocUsed:      128752 kB
VmallocChunk:          0 kB
Percpu:             2520 kB
CmaTotal:         405504 kB
CmaFree:          288700 kB
MemTotal:        7918584 kB
MemFree:         1799652 kB
MemAvailable:    3196656 kB
Buffers:            4112 kB
Cached:          1274680 kB
SwapCached:        16124 kB
Active:          2896828 kB
Inactive:         701812 kB
Active(anon):    2278260 kB
Inactive(anon):    59480 kB
Active(file):     618568 kB
Inactive(file):   642332 kB
Unevictable:        6544 kB
Mlocked:            6104 kB
SwapTotal:       4718584 kB
SwapFree:        3938984 kB
Dirty:             17660 kB
Writeback:           344 kB
AnonPages:       2321232 kB
Mapped:           595736 kB
Shmem:             13084 kB
KReclaimable:     526328 kB
Slab:             318932 kB
SReclaimable:      93296 kB
SUnreclaim:       225636 kB
KernelStack:       46576 kB
ShadowCallStack:   11672 kB
PageTables:        70072 kB
NFS_Unstable:          0 kB
Bounce:                0 kB
WritebackTmp:          0 kB
CommitLimit:     8677876 kB
Committed_AS:   66088488 kB
VmallocTotal:   263061440 kB
VmallocUsed:      128748 kB
VmallocChunk:          0 kB
Percpu:             2520 kB
CmaTotal:         405504 kB
CmaFree:          288700 kB
MemTotal:        7918584 kB
MemFree:         1726540 kB
MemAvailable:    3122496 kB
Buffers:            4112 kB
Cached:          1274680 kB
SwapCached:        16124 kB
Active:          2970144 kB
Inactive:         701812 kB
Active(anon):    2351576 kB
Inactive(anon):    59480 kB
Active(file):     618568 kB
Inactive(file):   642332 kB
Unevictable:        6544 kB
Mlocked:            6104 kB
SwapTotal:       4718584 kB
SwapFree:        3938984 kB
Dirty:             17500 kB
Writeback:             0 kB
AnonPages:       2394964 kB
Mapped:           596292 kB
Shmem:             13084 kB
KReclaimable:     525280 kB
Slab:             319076 kB
SReclaimable:      93296 kB
SUnreclaim:       225780 kB
KernelStack:       46592 kB
ShadowCallStack:   11676 kB
PageTables:        70464 kB
NFS_Unstable:          0 kB
Bounce:                0 kB
WritebackTmp:          0 kB
CommitLimit:     8677876 kB
Committed_AS:   66252328 kB
VmallocTotal:   263061440 kB
VmallocUsed:      128768 kB
VmallocChunk:          0 kB
Percpu:             2520 kB
CmaTotal:         405504 kB
CmaFree:          288700 kB
MemTotal:        7918584 kB
MemFree:         1679440 kB
MemAvailable:    3075044 kB
Buffers:            4112 kB
Cached:          1274680 kB
SwapCached:        16124 kB
Active:          3017260 kB
Inactive:         701812 kB
Active(anon):    2398692 kB
Inactive(anon):    59480 kB
Active(file):     618568 kB
Inactive(file):   642332 kB
Unevictable:        6544 kB
Mlocked:            6104 kB
SwapTotal:       4718584 kB
SwapFree:        3938984 kB
Dirty:             17500 kB
Writeback:             0 kB
AnonPages:       2442032 kB
Mapped:           596664 kB
Shmem:             13084 kB
KReclaimable:     524928 kB
Slab:             319048 kB
SReclaimable:      93296 kB
SUnreclaim:       225752 kB
KernelStack:       46560 kB
ShadowCallStack:   11672 kB
PageTables:        70544 kB
NFS_Unstable:          0 kB
Bounce:                0 kB
WritebackTmp:          0 kB
CommitLimit:     8677876 kB
Committed_AS:   66367016 kB
VmallocTotal:   263061440 kB
VmallocUsed:      128756 kB
VmallocChunk:          0 kB
Percpu:             2520 kB
CmaTotal:         405504 kB
CmaFree:          288700 kB
MemTotal:        7918584 kB
MemFree:         1606320 kB
MemAvailable:    3000916 kB
Buffers:            4112 kB
Cached:          1274688 kB
SwapCached:        16124 kB
Active:          3089624 kB
Inactive:         701820 kB
Active(anon):    2471056 kB
Inactive(anon):    59480 kB
Active(file):     618568 kB
Inactive(file):   642340 kB
Unevictable:        6544 kB
Mlocked:            6104 kB
SwapTotal:       4718584 kB
SwapFree:        3938984 kB
Dirty:             17508 kB
Writeback:             0 kB
AnonPages:       2514352 kB
Mapped:           597276 kB
Shmem:             13084 kB
KReclaimable:     523912 kB
Slab:             319192 kB
SReclaimable:      93296 kB
SUnreclaim:       225896 kB
KernelStack:       46608 kB
ShadowCallStack:   11680 kB
PageTables:        70984 kB
NFS_Unstable:          0 kB
Bounce:                0 kB
WritebackTmp:          0 kB
CommitLimit:     8677876 kB
Committed_AS:   66514472 kB
VmallocTotal:   263061440 kB
VmallocUsed:      128764 kB
VmallocChunk:          0 kB
Percpu:             2520 kB
CmaTotal:         405504 kB
CmaFree:          288700 kB
MemTotal:        7918584 kB
MemFree:         1544028 kB
MemAvailable:    2939804 kB
Buffers:            4124 kB
Cached:          1276564 kB
SwapCached:        16124 kB
Active:          3150496 kB
Inactive:         701820 kB
Active(anon):    2530044 kB
Inactive(anon):    59480 kB
Active(file):     620452 kB
Inactive(file):   642340 kB
Unevictable:        6544 kB
Mlocked:            6104 kB
SwapTotal:       4718584 kB
SwapFree:        3939240 kB
Dirty:             17508 kB
Writeback:             0 kB
AnonPages:       2573164 kB
Mapped:           598396 kB
Shmem:             13088 kB
KReclaimable:     523208 kB
Slab:             319240 kB
SReclaimable:      93296 kB
SUnreclaim:       225944 kB
KernelStack:       46592 kB
ShadowCallStack:   11680 kB
PageTables:        71420 kB
NFS_Unstable:          0 kB
Bounce:                0 kB
WritebackTmp:          0 kB
CommitLimit:     8677876 kB
Committed_AS:   66678312 kB
VmallocTotal:   263061440 kB
VmallocUsed:      128764 kB
VmallocChunk:          0 kB
Percpu:             2520 kB
CmaTotal:         405504 kB
CmaFree:          268212 kB
MemTotal:        7918584 kB
MemFree:         1482020 kB
MemAvailable:    2877220 kB
Buffers:            4124 kB
Cached:          1276712 kB
SwapCached:        16124 kB
Active:          3213268 kB
Inactive:         701828 kB
Active(anon):    2592680 kB
Inactive(anon):    59480 kB
Active(file):     620588 kB
Inactive(file):   642348 kB
Unevictable:        6544 kB
Mlocked:            6104 kB
SwapTotal:       4718584 kB
SwapFree:        3939240 kB
Dirty:             17520 kB
Writeback:             0 kB
AnonPages:       2635968 kB
Mapped:           598928 kB
Shmem:             13092 kB
KReclaimable:     522488 kB
Slab:             319348 kB
SReclaimable:      93296 kB
SUnreclaim:       226052 kB
KernelStack:       46624 kB
ShadowCallStack:   11684 kB
PageTables:        71492 kB
NFS_Unstable:          0 kB
Bounce:                0 kB
WritebackTmp:          0 kB
CommitLimit:     8677876 kB
Committed_AS:   66809384 kB
VmallocTotal:   263061440 kB
VmallocUsed:      128768 kB
VmallocChunk:          0 kB
Percpu:             2520 kB
CmaTotal:         405504 kB
CmaFree:          207064 kB
MemTotal:        7918584 kB
MemFree:         1410588 kB
MemAvailable:    2804924 kB
Buffers:            4124 kB
Cached:          1276720 kB
SwapCached:        16124 kB
Active:          3284016 kB
Inactive:         701828 kB
Active(anon):    2663428 kB
Inactive(anon):    59480 kB
Active(file):     620588 kB
Inactive(file):   642348 kB
Unevictable:        6544 kB
Mlocked:            6104 kB
SwapTotal:       4718584 kB
SwapFree:        3939240 kB
Dirty:               164 kB
Writeback:             0 kB
AnonPages:       2706712 kB
Mapped:           599388 kB
Shmem:             13100 kB
KReclaimable:     521624 kB
Slab:             319292 kB
SReclaimable:      93296 kB
SUnreclaim:       225996 kB
KernelStack:       46624 kB
ShadowCallStack:   11676 kB
PageTables:        71808 kB
NFS_Unstable:          0 kB
Bounce:                0 kB
WritebackTmp:          0 kB
CommitLimit:     8677876 kB
Committed_AS:   66956852 kB
VmallocTotal:   263061440 kB
VmallocUsed:      128780 kB
VmallocChunk:          0 kB
Percpu:             2520 kB
CmaTotal:         405504 kB
CmaFree:          136220 kB
MemTotal:        7918584 kB
MemFree:         1352852 kB
MemAvailable:    2746500 kB
Buffers:            4124 kB
Cached:          1276720 kB
SwapCached:        16124 kB
Active:          3341488 kB
Inactive:         701828 kB
Active(anon):    2720900 kB
Inactive(anon):    59480 kB
Active(file):     620588 kB
Inactive(file):   642348 kB
Unevictable:        6544 kB
Mlocked:            6104 kB
SwapTotal:       4718584 kB
SwapFree:        3939240 kB
Dirty:               164 kB
Writeback:             0 kB
AnonPages:       2764064 kB
Mapped:           599884 kB
Shmem:             13100 kB
KReclaimable:     520936 kB
Slab:             319428 kB
SReclaimable:      93296 kB
SUnreclaim:       226132 kB
KernelStack:       46592 kB
ShadowCallStack:   11676 kB
PageTables:        72072 kB
NFS_Unstable:          0 kB
Bounce:                0 kB
WritebackTmp:          0 kB
CommitLimit:     8677876 kB
Committed_AS:   67104304 kB
VmallocTotal:   263061440 kB
VmallocUsed:      128764 kB
VmallocChunk:          0 kB
Percpu:             2520 kB
CmaTotal:         405504 kB
CmaFree:           79420 kB
MemTotal:        7918584 kB
MemFree:         1299124 kB
MemAvailable:    2691980 kB
Buffers:            4148 kB
Cached:          1276716 kB
SwapCached:        16124 kB
Active:          3394852 kB
Inactive:         701844 kB
Active(anon):    2774264 kB
Inactive(anon):    59480 kB
Active(file):     620588 kB
Inactive(file):   642364 kB
Unevictable:        6544 kB
Mlocked:            6104 kB
SwapTotal:       4718584 kB
SwapFree:        3939496 kB
Dirty:               248 kB
Writeback:            20 kB
AnonPages:       2817572 kB
Mapped:           600412 kB
Shmem:             13104 kB
KReclaimable:     520128 kB
Slab:             319452 kB
SReclaimable:      93296 kB
SUnreclaim:       226156 kB
KernelStack:       46592 kB
ShadowCallStack:   11684 kB
PageTables:        72444 kB
NFS_Unstable:          0 kB
Bounce:                0 kB
WritebackTmp:          0 kB
CommitLimit:     8677876 kB
Committed_AS:   67235380 kB
VmallocTotal:   263061440 kB
VmallocUsed:      128748 kB
VmallocChunk:          0 kB
Percpu:             2520 kB
CmaTotal:         405504 kB
CmaFree:           25700 kB
MemTotal:        7918584 kB
MemFree:         1235396 kB
MemAvailable:    2631912 kB
Buffers:            4148 kB
Cached:          1281092 kB
SwapCached:        16124 kB
Active:          3460384 kB
Inactive:         701848 kB
Active(anon):    2835428 kB
Inactive(anon):    59476 kB
Active(file):     624956 kB
Inactive(file):   642372 kB
Unevictable:        6544 kB
Mlocked:            6104 kB
SwapTotal:       4718584 kB
SwapFree:        3940008 kB
Dirty:               248 kB
Writeback:             0 kB
AnonPages:       2878672 kB
Mapped:           602500 kB
Shmem:             13104 kB
KReclaimable:     519412 kB
Slab:             319596 kB
SReclaimable:      93292 kB
SUnreclaim:       226304 kB
KernelStack:       46624 kB
ShadowCallStack:   11688 kB
PageTables:        72616 kB
NFS_Unstable:          0 kB
Bounce:                0 kB
WritebackTmp:          0 kB
CommitLimit:     8677876 kB
Committed_AS:   67382836 kB
VmallocTotal:   263061440 kB
VmallocUsed:      128768 kB
VmallocChunk:          0 kB
Percpu:             2520 kB
CmaTotal:         405504 kB
CmaFree:               0 kB
MemTotal:        7918584 kB
MemFree:         1154784 kB
MemAvailable:    2550460 kB
Buffers:            4148 kB
Cached:          1281092 kB
SwapCached:        16124 kB
Active:          3540704 kB
Inactive:         701848 kB
Active(anon):    2915748 kB
Inactive(anon):    59476 kB
Active(file):     624956 kB
Inactive(file):   642372 kB
Unevictable:        6544 kB
Mlocked:            6104 kB
SwapTotal:       4718584 kB
SwapFree:        3940008 kB
Dirty:               248 kB
Writeback:             0 kB
AnonPages:       2958804 kB
Mapped:           603300 kB
Shmem:             13104 kB
KReclaimable:     518572 kB
Slab:             319492 kB
SReclaimable:      93292 kB
SUnreclaim:       226200 kB
KernelStack:       46576 kB
ShadowCallStack:   11668 kB
PageTables:        72932 kB
NFS_Unstable:          0 kB
Bounce:                0 kB
WritebackTmp:          0 kB
CommitLimit:     8677876 kB
Committed_AS:   67563060 kB
VmallocTotal:   263061440 kB
VmallocUsed:      128760 kB
VmallocChunk:          0 kB
Percpu:             2520 kB
CmaTotal:         405504 kB
CmaFree:               0 kB
MemTotal:        7918584 kB
MemFree:         1089884 kB
MemAvailable:    2484592 kB
Buffers:            4148 kB
Cached:          1281092 kB
SwapCached:        16124 kB
Active:          3603268 kB
Inactive:         701848 kB
Active(anon):    2978312 kB
Inactive(anon):    59476 kB
Active(file):     624956 kB
Inactive(file):   642372 kB
Unevictable:        6544 kB
Mlocked:            6104 kB
SwapTotal:       4718584 kB
SwapFree:        3940008 kB
Dirty:               176 kB
Writeback:             0 kB
AnonPages:       3021480 kB
Mapped:           604096 kB
Shmem:             13104 kB
KReclaimable:     517604 kB
Slab:             319672 kB
SReclaimable:      93292 kB
SUnreclaim:       226380 kB
KernelStack:       46592 kB
ShadowCallStack:   11672 kB
PageTables:        73324 kB
NFS_Unstable:          0 kB
Bounce:                0 kB
WritebackTmp:          0 kB
CommitLimit:     8677876 kB
Committed_AS:   67726904 kB
VmallocTotal:   263061440 kB
VmallocUsed:      128772 kB
VmallocChunk:          0 kB
Percpu:             2520 kB
CmaTotal:         405504 kB
CmaFree:               0 kB
MemTotal:        7918584 kB
MemFree:         1001796 kB
MemAvailable:    2265784 kB
Buffers:            4148 kB
Cached:          1281136 kB
SwapCached:        16124 kB
Active:          3694684 kB
Inactive:         701856 kB
Active(anon):    3069728 kB
Inactive(anon):    59476 kB
Active(file):     624956 kB
Inactive(file):   642380 kB
Unevictable:        6544 kB
Mlocked:            6104 kB
SwapTotal:       4718584 kB
SwapFree:        3940008 kB
Dirty:               220 kB
Writeback:             0 kB
AnonPages:       3113024 kB
Mapped:           604712 kB
Shmem:             13140 kB
KReclaimable:     386876 kB
Slab:             319676 kB
SReclaimable:      93292 kB
SUnreclaim:       226384 kB
KernelStack:       46688 kB
ShadowCallStack:   11704 kB
PageTables:        73556 kB
NFS_Unstable:          0 kB
Bounce:                0 kB
WritebackTmp:          0 kB
CommitLimit:     8677876 kB
Committed_AS:   67809224 kB
VmallocTotal:   263061440 kB
VmallocUsed:      128932 kB
VmallocChunk:          0 kB
Percpu:             2520 kB
CmaTotal:         405504 kB
CmaFree:               0 kB
MemTotal:        7918584 kB
MemFree:          939524 kB
MemAvailable:    2202736 kB
Buffers:            4156 kB
Cached:          1281264 kB
SwapCached:        16124 kB
Active:          3756900 kB
Inactive:         701864 kB
Active(anon):    3131944 kB
Inactive(anon):    59476 kB
Active(file):     624956 kB
Inactive(file):   642388 kB
Unevictable:        6544 kB
Mlocked:            6104 kB
SwapTotal:       4718584 kB
SwapFree:        3940008 kB
Dirty:               288 kB
Writeback:             0 kB
AnonPages:       3174876 kB
Mapped:           605208 kB
Shmem:             13268 kB
KReclaimable:     386092 kB
Slab:             319716 kB
SReclaimable:      93308 kB
SUnreclaim:       226408 kB
KernelStack:       46720 kB
ShadowCallStack:   11708 kB
PageTables:        73932 kB
NFS_Unstable:          0 kB
Bounce:                0 kB
WritebackTmp:          0 kB
CommitLimit:     8677876 kB
Committed_AS:   67973060 kB
VmallocTotal:   263061440 kB
VmallocUsed:      128940 kB
VmallocChunk:          0 kB
Percpu:             2520 kB
CmaTotal:         405504 kB
CmaFree:               0 kB
MemTotal:        7918584 kB
MemFree:          919552 kB
MemAvailable:    2312336 kB
Buffers:            4164 kB
Cached:          1281108 kB
SwapCached:        16124 kB
Active:          3774492 kB
Inactive:         701876 kB
Active(anon):    3149536 kB
Inactive(anon):    59476 kB
Active(file):     624956 kB
Inactive(file):   642400 kB
Unevictable:        6544 kB
Mlocked:            6104 kB
SwapTotal:       4718584 kB
SwapFree:        3940008 kB
Dirty:               292 kB
Writeback:             0 kB
AnonPages:       3192944 kB
Mapped:           605104 kB
Shmem:             13108 kB
KReclaimable:     515652 kB
Slab:             319760 kB
SReclaimable:      93308 kB
SUnreclaim:       226452 kB
KernelStack:       46608 kB
ShadowCallStack:   11676 kB
PageTables:        74224 kB
NFS_Unstable:          0 kB
Bounce:                0 kB
WritebackTmp:          0 kB
CommitLimit:     8677876 kB
Committed_AS:   68103736 kB
VmallocTotal:   263061440 kB
VmallocUsed:      128768 kB
VmallocChunk:          0 kB
Percpu:             2520 kB
CmaTotal:         405504 kB
CmaFree:               0 kB
MemTotal:        7918584 kB
MemFree:          857112 kB
MemAvailable:    2249272 kB
Buffers:            4164 kB
Cached:          1281116 kB
SwapCached:        16124 kB
Active:          3837148 kB
Inactive:         701876 kB
Active(anon):    3212192 kB
Inactive(anon):    59476 kB
Active(file):     624956 kB
Inactive(file):   642400 kB
Unevictable:        6544 kB
Mlocked:            6104 kB
SwapTotal:       4718584 kB
SwapFree:        3940008 kB
Dirty:               292 kB
Writeback:             0 kB
AnonPages:       3255524 kB
Mapped:           605588 kB
Shmem:             13116 kB
KReclaimable:     515028 kB
Slab:             319680 kB
SReclaimable:      93308 kB
SUnreclaim:       226372 kB
KernelStack:       46608 kB
ShadowCallStack:   11672 kB
PageTables:        74512 kB
NFS_Unstable:          0 kB
Bounce:                0 kB
WritebackTmp:          0 kB
CommitLimit:     8677876 kB
Committed_AS:   68234816 kB
VmallocTotal:   263061440 kB
VmallocUsed:      128772 kB
VmallocChunk:          0 kB
Percpu:             2520 kB
CmaTotal:         405504 kB
CmaFree:               0 kB
MemTotal:        7918584 kB
MemFree:          791132 kB
MemAvailable:    2182340 kB
Buffers:            4164 kB
Cached:          1281116 kB
SwapCached:        16124 kB
Active:          3901992 kB
Inactive:         701876 kB
Active(anon):    3277036 kB
Inactive(anon):    59476 kB
Active(file):     624956 kB
Inactive(file):   642400 kB
Unevictable:        6544 kB
Mlocked:            6104 kB
SwapTotal:       4718584 kB
SwapFree:        3940008 kB
Dirty:               292 kB
Writeback:             0 kB
AnonPages:       3320396 kB
Mapped:           606168 kB
Shmem:             13116 kB
KReclaimable:     514076 kB
Slab:             319768 kB
SReclaimable:      93324 kB
SUnreclaim:       226444 kB
KernelStack:       46576 kB
ShadowCallStack:   11676 kB
PageTables:        74592 kB
NFS_Unstable:          0 kB
Bounce:                0 kB
WritebackTmp:          0 kB
CommitLimit:     8677876 kB
Committed_AS:   68382272 kB
VmallocTotal:   263061440 kB
VmallocUsed:      128768 kB
VmallocChunk:          0 kB
Percpu:             2520 kB
CmaTotal:         405504 kB
CmaFree:               0 kB
MemTotal:        7918584 kB
MemFree:          727556 kB
MemAvailable:    2118048 kB
Buffers:            4164 kB
Cached:          1281136 kB
SwapCached:        16124 kB
Active:          3965476 kB
Inactive:         701896 kB
Active(anon):    3340520 kB
Inactive(anon):    59476 kB
Active(file):     624956 kB
Inactive(file):   642420 kB
Unevictable:        6544 kB
Mlocked:            6104 kB
SwapTotal:       4718584 kB
SwapFree:        3940008 kB
Dirty:               308 kB
Writeback:             0 kB
AnonPages:       3383704 kB
Mapped:           606724 kB
Shmem:             13116 kB
KReclaimable:     513340 kB
Slab:             319840 kB
SReclaimable:      93324 kB
SUnreclaim:       226516 kB
KernelStack:       46640 kB
ShadowCallStack:   11680 kB
PageTables:        74920 kB
NFS_Unstable:          0 kB
Bounce:                0 kB
WritebackTmp:          0 kB
CommitLimit:     8677876 kB
Committed_AS:   68513344 kB
VmallocTotal:   263061440 kB
VmallocUsed:      128768 kB
VmallocChunk:          0 kB
Percpu:             2520 kB
CmaTotal:         405504 kB
CmaFree:               0 kB
MemTotal:        7918584 kB
MemFree:          671592 kB
MemAvailable:    2061644 kB
Buffers:            4188 kB
Cached:          1281240 kB
SwapCached:        16124 kB
Active:          4021180 kB
Inactive:         701920 kB
Active(anon):    3396128 kB
Inactive(anon):    59476 kB
Active(file):     625052 kB
Inactive(file):   642444 kB
Unevictable:        6544 kB
Mlocked:            6104 kB
SwapTotal:       4718584 kB
SwapFree:        3940008 kB
Dirty:               328 kB
Writeback:             0 kB
AnonPages:       3439352 kB
Mapped:           607024 kB
Shmem:             13124 kB
KReclaimable:     512780 kB
Slab:             319900 kB
SReclaimable:      93356 kB
SUnreclaim:       226544 kB
KernelStack:       46608 kB
ShadowCallStack:   11680 kB
PageTables:        75084 kB
NFS_Unstable:          0 kB
Bounce:                0 kB
WritebackTmp:          0 kB
CommitLimit:     8677876 kB
Committed_AS:   68628040 kB
VmallocTotal:   263061440 kB
VmallocUsed:      128764 kB
VmallocChunk:          0 kB
Percpu:             2520 kB
CmaTotal:         405504 kB
CmaFree:               0 kB
MemTotal:        7918584 kB
MemFree:          608516 kB
MemAvailable:    1997664 kB
Buffers:            4188 kB
Cached:          1281240 kB
SwapCached:        16124 kB
Active:          4084900 kB
Inactive:         701920 kB
Active(anon):    3459848 kB
Inactive(anon):    59476 kB
Active(file):     625052 kB
Inactive(file):   642444 kB
Unevictable:        6544 kB
Mlocked:            6104 kB
SwapTotal:       4718584 kB
SwapFree:        3940008 kB
Dirty:               328 kB
Writeback:             0 kB
AnonPages:       3502952 kB
Mapped:           607752 kB
Shmem:             13124 kB
KReclaimable:     511876 kB
Slab:             319888 kB
SReclaimable:      93356 kB
SUnreclaim:       226532 kB
KernelStack:       46592 kB
ShadowCallStack:   11676 kB
PageTables:        75516 kB
NFS_Unstable:          0 kB
Bounce:                0 kB
WritebackTmp:          0 kB
CommitLimit:     8677876 kB
Committed_AS:   68742684 kB
VmallocTotal:   263061440 kB
VmallocUsed:      128744 kB
VmallocChunk:          0 kB
Percpu:             2520 kB
CmaTotal:         405504 kB
CmaFree:               0 kB
MemTotal:        7918584 kB
MemFree:          547860 kB
MemAvailable:    1938064 kB
Buffers:            4188 kB
Cached:          1282468 kB
SwapCached:        16144 kB
Active:          4144496 kB
Inactive:         701920 kB
Active(anon):    3518204 kB
Inactive(anon):    59476 kB
Active(file):     626292 kB
Inactive(file):   642444 kB
Unevictable:        6544 kB
Mlocked:            6104 kB
SwapTotal:       4718584 kB
SwapFree:        3940008 kB
Dirty:               328 kB
Writeback:             0 kB
AnonPages:       3561444 kB
Mapped:           608428 kB
Shmem:             13128 kB
KReclaimable:     511692 kB
Slab:             320500 kB
SReclaimable:      93788 kB
SUnreclaim:       226712 kB
KernelStack:       46592 kB
ShadowCallStack:   11672 kB
PageTables:        75684 kB
NFS_Unstable:          0 kB
Bounce:                0 kB
WritebackTmp:          0 kB
CommitLimit:     8677876 kB
Committed_AS:   68890144 kB
VmallocTotal:   263061440 kB
VmallocUsed:      128748 kB
VmallocChunk:          0 kB
Percpu:             2520 kB
CmaTotal:         405504 kB
CmaFree:               0 kB
MemTotal:        7918584 kB
MemFree:          491820 kB
MemAvailable:    1881404 kB
Buffers:            4188 kB
Cached:          1282544 kB
SwapCached:        16144 kB
Active:          4200152 kB
Inactive:         701920 kB
Active(anon):    3573800 kB
Inactive(anon):    59476 kB
Active(file):     626352 kB
Inactive(file):   642444 kB
Unevictable:        6544 kB
Mlocked:            6104 kB
SwapTotal:       4718584 kB
SwapFree:        3940008 kB
Dirty:               308 kB
Writeback:             0 kB
AnonPages:       3616988 kB
Mapped:           608840 kB
Shmem:             13128 kB
KReclaimable:     511012 kB
Slab:             320552 kB
SReclaimable:      93788 kB
SUnreclaim:       226764 kB
KernelStack:       46592 kB
ShadowCallStack:   11680 kB
PageTables:        75788 kB
NFS_Unstable:          0 kB
Bounce:                0 kB
WritebackTmp:          0 kB
CommitLimit:     8677876 kB
Committed_AS:   68988444 kB
VmallocTotal:   263061440 kB
VmallocUsed:      128744 kB
VmallocChunk:          0 kB
Percpu:             2520 kB
CmaTotal:         405504 kB
CmaFree:               0 kB
MemTotal:        7918584 kB
MemFree:          432072 kB
MemAvailable:    1820912 kB
Buffers:            4188 kB
Cached:          1282544 kB
SwapCached:        16144 kB
Active:          4258972 kB
Inactive:         701920 kB
Active(anon):    3632620 kB
Inactive(anon):    59476 kB
Active(file):     626352 kB
Inactive(file):   642444 kB
Unevictable:        6544 kB
Mlocked:            6104 kB
SwapTotal:       4718584 kB
SwapFree:        3940008 kB
Dirty:               332 kB
Writeback:             0 kB
AnonPages:       3675976 kB
Mapped:           609340 kB
Shmem:             13128 kB
KReclaimable:     510268 kB
Slab:             320420 kB
SReclaimable:      93788 kB
SUnreclaim:       226632 kB
KernelStack:       46608 kB
ShadowCallStack:   11668 kB
PageTables:        76156 kB
NFS_Unstable:          0 kB
Bounce:                0 kB
WritebackTmp:          0 kB
CommitLimit:     8677876 kB
Committed_AS:   69135904 kB
VmallocTotal:   263061440 kB
VmallocUsed:      128748 kB
VmallocChunk:          0 kB
Percpu:             2520 kB
CmaTotal:         405504 kB
CmaFree:               0 kB
MemTotal:        7918584 kB
MemFree:          377372 kB
MemAvailable:    1765636 kB
Buffers:            4188 kB
Cached:          1282552 kB
SwapCached:        16144 kB
Active:          4313292 kB
Inactive:         701928 kB
Active(anon):    3686940 kB
Inactive(anon):    59476 kB
Active(file):     626352 kB
Inactive(file):   642452 kB
Unevictable:        6544 kB
Mlocked:            6104 kB
SwapTotal:       4718584 kB
SwapFree:        3940264 kB
Dirty:               472 kB
Writeback:             0 kB
AnonPages:       3730028 kB
Mapped:           609764 kB
Shmem:             13128 kB
KReclaimable:     509684 kB
Slab:             320576 kB
SReclaimable:      93788 kB
SUnreclaim:       226788 kB
KernelStack:       46592 kB
ShadowCallStack:   11676 kB
PageTables:        76388 kB
NFS_Unstable:          0 kB
Bounce:                0 kB
WritebackTmp:          0 kB
CommitLimit:     8677876 kB
Committed_AS:   69250588 kB
VmallocTotal:   263061440 kB
VmallocUsed:      128744 kB
VmallocChunk:          0 kB
Percpu:             2520 kB
CmaTotal:         405504 kB
CmaFree:               0 kB
MemTotal:        7918584 kB
MemFree:          316864 kB
MemAvailable:    1704288 kB
Buffers:            4196 kB
Cached:          1282556 kB
SwapCached:        16144 kB
Active:          4374004 kB
Inactive:         701936 kB
Active(anon):    3747652 kB
Inactive(anon):    59476 kB
Active(file):     626352 kB
Inactive(file):   642460 kB
Unevictable:        6544 kB
Mlocked:            6104 kB
SwapTotal:       4718584 kB
SwapFree:        3940264 kB
Dirty:               484 kB
Writeback:             0 kB
AnonPages:       3790900 kB
Mapped:           610496 kB
Shmem:             13132 kB
KReclaimable:     508836 kB
Slab:             320592 kB
SReclaimable:      93788 kB
SUnreclaim:       226804 kB
KernelStack:       46624 kB
ShadowCallStack:   11676 kB
PageTables:        76604 kB
NFS_Unstable:          0 kB
Bounce:                0 kB
WritebackTmp:          0 kB
CommitLimit:     8677876 kB
Committed_AS:   69381664 kB
VmallocTotal:   263061440 kB
VmallocUsed:      128744 kB
VmallocChunk:          0 kB
Percpu:             2520 kB
CmaTotal:         405504 kB
CmaFree:               0 kB
MemTotal:        7918584 kB
MemFree:          258904 kB
MemAvailable:    1645584 kB
Buffers:            4196 kB
Cached:          1282556 kB
SwapCached:        16144 kB
Active:          4431276 kB
Inactive:         701936 kB
Active(anon):    3804924 kB
Inactive(anon):    59476 kB
Active(file):     626352 kB
Inactive(file):   642460 kB
Unevictable:        6544 kB
Mlocked:            6104 kB
SwapTotal:       4718584 kB
SwapFree:        3940264 kB
Dirty:               484 kB
Writeback:             0 kB
AnonPages:       3848176 kB
Mapped:           610792 kB
Shmem:             13132 kB
KReclaimable:     508092 kB
Slab:             320600 kB
SReclaimable:      93788 kB
SUnreclaim:       226812 kB
KernelStack:       46592 kB
ShadowCallStack:   11684 kB
PageTables:        76928 kB
NFS_Unstable:          0 kB
Bounce:                0 kB
WritebackTmp:          0 kB
CommitLimit:     8677876 kB
Committed_AS:   69512736 kB
VmallocTotal:   263061440 kB
VmallocUsed:      128748 kB
VmallocChunk:          0 kB
Percpu:             2520 kB
CmaTotal:         405504 kB
CmaFree:               0 kB
MemTotal:        7918584 kB
MemFree:          252060 kB
MemAvailable:    1616676 kB
Buffers:            3560 kB
Cached:          1272784 kB
SwapCached:        16144 kB
Active:          4475700 kB
Inactive:         694068 kB
Active(anon):    3845200 kB
Inactive(anon):    66176 kB
Active(file):     630500 kB
Inactive(file):   627892 kB
Unevictable:        6544 kB
Mlocked:            6104 kB
SwapTotal:       4718584 kB
SwapFree:        3940264 kB
Dirty:               488 kB
Writeback:             0 kB
AnonPages:       3895108 kB
Mapped:           607032 kB
Shmem:             13144 kB
KReclaimable:     496448 kB
Slab:             318196 kB
SReclaimable:      91336 kB
SUnreclaim:       226860 kB
KernelStack:       46592 kB
ShadowCallStack:   11684 kB
PageTables:        77184 kB
NFS_Unstable:          0 kB
Bounce:                0 kB
WritebackTmp:          0 kB
CommitLimit:     8677876 kB
Committed_AS:   69611044 kB
VmallocTotal:   263061440 kB
VmallocUsed:      128764 kB
VmallocChunk:          0 kB
Percpu:             2520 kB
CmaTotal:         405504 kB
CmaFree:             128 kB
MemTotal:        7918584 kB
MemFree:          232376 kB
MemAvailable:    1536456 kB
Buffers:            2508 kB
Cached:          1221724 kB
SwapCached:        16144 kB
Active:          4555556 kB
Inactive:         641172 kB
Active(anon):    3924268 kB
Inactive(anon):    66168 kB
Active(file):     631288 kB
Inactive(file):   575004 kB
Unevictable:        6544 kB
Mlocked:            6104 kB
SwapTotal:       4718584 kB
SwapFree:        3940264 kB
Dirty:               488 kB
Writeback:             0 kB
AnonPages:       3974284 kB
Mapped:           607844 kB
Shmem:             13144 kB
KReclaimable:     488012 kB
Slab:             318392 kB
SReclaimable:      91556 kB
SUnreclaim:       226836 kB
KernelStack:       46624 kB
ShadowCallStack:   11680 kB
PageTables:        77456 kB
NFS_Unstable:          0 kB
Bounce:                0 kB
WritebackTmp:          0 kB
CommitLimit:     8677876 kB
Committed_AS:   69775476 kB
VmallocTotal:   263061440 kB
VmallocUsed:      128740 kB
VmallocChunk:          0 kB
Percpu:             2520 kB
CmaTotal:         405504 kB
CmaFree:               0 kB
MemTotal:        7918584 kB
MemFree:          233204 kB
MemAvailable:    1479484 kB
Buffers:            2532 kB
Cached:          1171804 kB
SwapCached:        16144 kB
Active:          4612444 kB
Inactive:         591236 kB
Active(anon):    3981140 kB
Inactive(anon):    66176 kB
Active(file):     631304 kB
Inactive(file):   525060 kB
Unevictable:        6544 kB
Mlocked:            6104 kB
SwapTotal:       4718584 kB
SwapFree:        3940264 kB
Dirty:               496 kB
Writeback:            20 kB
AnonPages:       4030916 kB
Mapped:           608316 kB
Shmem:             13148 kB
KReclaimable:     480140 kB
Slab:             317248 kB
SReclaimable:      90516 kB
SUnreclaim:       226732 kB
KernelStack:       46560 kB
ShadowCallStack:   11676 kB
PageTables:        77444 kB
NFS_Unstable:          0 kB
Bounce:                0 kB
WritebackTmp:          0 kB
CommitLimit:     8677876 kB
Committed_AS:   69922936 kB
VmallocTotal:   263061440 kB
VmallocUsed:      128744 kB
VmallocChunk:          0 kB
Percpu:             2520 kB
CmaTotal:         405504 kB
CmaFree:               0 kB
MemTotal:        7918584 kB
MemFree:          233620 kB
MemAvailable:    1434792 kB
Buffers:            2520 kB
Cached:          1133536 kB
SwapCached:        16144 kB
Active:          4656128 kB
Inactive:         552948 kB
Active(anon):    4024824 kB
Inactive(anon):    66176 kB
Active(file):     631304 kB
Inactive(file):   486772 kB
Unevictable:        6544 kB
Mlocked:            6104 kB
SwapTotal:       4718584 kB
SwapFree:        3940264 kB
Dirty:               532 kB
Writeback:             0 kB
AnonPages:       4074656 kB
Mapped:           608500 kB
Shmem:             13152 kB
KReclaimable:     473320 kB
Slab:             316508 kB
SReclaimable:      89600 kB
SUnreclaim:       226908 kB
KernelStack:       46624 kB
ShadowCallStack:   11684 kB
PageTables:        78056 kB
NFS_Unstable:          0 kB
Bounce:                0 kB
WritebackTmp:          0 kB
CommitLimit:     8677876 kB
Committed_AS:   70021244 kB
VmallocTotal:   263061440 kB
VmallocUsed:      128748 kB
VmallocChunk:          0 kB
Percpu:             2520 kB
CmaTotal:         405504 kB
CmaFree:               0 kB
MemTotal:        7918584 kB
MemFree:          247264 kB
MemAvailable:    1367016 kB
Buffers:            2444 kB
Cached:          1068408 kB
SwapCached:        16144 kB
Active:          4768768 kB
Inactive:         441940 kB
Active(anon):    4091812 kB
Inactive(anon):    66176 kB
Active(file):     676956 kB
Inactive(file):   375764 kB
Unevictable:        6544 kB
Mlocked:            6104 kB
SwapTotal:       4718584 kB
SwapFree:        3940264 kB
Dirty:               564 kB
Writeback:             0 kB
AnonPages:       4141616 kB
Mapped:           596608 kB
Shmem:             13152 kB
KReclaimable:     457256 kB
Slab:             315172 kB
SReclaimable:      88280 kB
SUnreclaim:       226892 kB
KernelStack:       46592 kB
ShadowCallStack:   11660 kB
PageTables:        77980 kB
NFS_Unstable:          0 kB
Bounce:                0 kB
WritebackTmp:          0 kB
CommitLimit:     8677876 kB
Committed_AS:   70152316 kB
VmallocTotal:   263061440 kB
VmallocUsed:      128732 kB
VmallocChunk:          0 kB
Percpu:             2520 kB
CmaTotal:         405504 kB
CmaFree:               0 kB
MemTotal:        7918584 kB
MemFree:          233988 kB
MemAvailable:    1296184 kB
Buffers:            2444 kB
Cached:          1020256 kB
SwapCached:        16152 kB
Active:          4853892 kB
Inactive:         378320 kB
Active(anon):    4161328 kB
Inactive(anon):    66172 kB
Active(file):     692564 kB
Inactive(file):   312148 kB
Unevictable:        6544 kB
Mlocked:            6104 kB
SwapTotal:       4718584 kB
SwapFree:        3940264 kB
Dirty:                96 kB
Writeback:             0 kB
AnonPages:       4211416 kB
Mapped:           576724 kB
Shmem:             13164 kB
KReclaimable:     447708 kB
Slab:             314752 kB
SReclaimable:      87644 kB
SUnreclaim:       227108 kB
KernelStack:       46608 kB
ShadowCallStack:   11676 kB
PageTables:        78696 kB
NFS_Unstable:          0 kB
Bounce:                0 kB
WritebackTmp:          0 kB
CommitLimit:     8677876 kB
Committed_AS:   70299772 kB
VmallocTotal:   263061440 kB
VmallocUsed:      128748 kB
VmallocChunk:          0 kB
Percpu:             2520 kB
CmaTotal:         405504 kB
CmaFree:               0 kB
MemTotal:        7918584 kB
MemFree:          234220 kB
MemAvailable:    1238248 kB
Buffers:            2424 kB
Cached:           970204 kB
SwapCached:        16152 kB
Active:          4919328 kB
Inactive:         320040 kB
Active(anon):    4218528 kB
Inactive(anon):    66176 kB
Active(file):     700800 kB
Inactive(file):   253864 kB
Unevictable:        6544 kB
Mlocked:            6104 kB
SwapTotal:       4718584 kB
SwapFree:        3940264 kB
Dirty:               120 kB
Writeback:             0 kB
AnonPages:       4268328 kB
Mapped:           569436 kB
Shmem:             13164 kB
KReclaimable:     439588 kB
Slab:             313852 kB
SReclaimable:      86836 kB
SUnreclaim:       227016 kB
KernelStack:       46528 kB
ShadowCallStack:   11680 kB
PageTables:        78484 kB
NFS_Unstable:          0 kB
Bounce:                0 kB
WritebackTmp:          0 kB
CommitLimit:     8677876 kB
Committed_AS:   70414356 kB
VmallocTotal:   263061440 kB
VmallocUsed:      128692 kB
VmallocChunk:          0 kB
Percpu:             2520 kB
CmaTotal:         405504 kB
CmaFree:               0 kB
MemTotal:        7918584 kB
MemFree:          236468 kB
MemAvailable:    1035160 kB
Buffers:            2248 kB
Cached:           894180 kB
SwapCached:        16152 kB
Active:          5012072 kB
Inactive:         231372 kB
Active(anon):    4298936 kB
Inactive(anon):    66176 kB
Active(file):     713136 kB
Inactive(file):   165196 kB
Unevictable:        6544 kB
Mlocked:            6104 kB
SwapTotal:       4718584 kB
SwapFree:        3940264 kB
Dirty:               156 kB
Writeback:             0 kB
AnonPages:       4348864 kB
Mapped:           569160 kB
Shmem:             13176 kB
KReclaimable:     310584 kB
Slab:             312028 kB
SReclaimable:      85032 kB
SUnreclaim:       226996 kB
KernelStack:       46656 kB
ShadowCallStack:   11684 kB
PageTables:        78764 kB
NFS_Unstable:          0 kB
Bounce:                0 kB
WritebackTmp:          0 kB
CommitLimit:     8677876 kB
Committed_AS:   70513004 kB
VmallocTotal:   263061440 kB
VmallocUsed:      128832 kB
VmallocChunk:          0 kB
Percpu:             2520 kB
CmaTotal:         405504 kB
CmaFree:               0 kB
MemTotal:        7918584 kB
MemFree:          232104 kB
MemAvailable:     973800 kB
Buffers:            2248 kB
Cached:           843716 kB
SwapCached:        16152 kB
Active:          5072260 kB
Inactive:         180820 kB
Active(anon):    4359044 kB
Inactive(anon):    66176 kB
Active(file):     713216 kB
Inactive(file):   114644 kB
Unevictable:        6544 kB
Mlocked:            6104 kB
SwapTotal:       4718584 kB
SwapFree:        3940264 kB
Dirty:               208 kB
Writeback:             0 kB
AnonPages:       4408712 kB
Mapped:           569412 kB
Shmem:             13296 kB
KReclaimable:     304060 kB
Slab:             310816 kB
SReclaimable:      83612 kB
SUnreclaim:       227204 kB
KernelStack:       46576 kB
ShadowCallStack:   11680 kB
PageTables:        79248 kB
NFS_Unstable:          0 kB
Bounce:                0 kB
WritebackTmp:          0 kB
CommitLimit:     8677876 kB
Committed_AS:   70627484 kB
VmallocTotal:   263061440 kB
VmallocUsed:      128764 kB
VmallocChunk:          0 kB
Percpu:             2520 kB
CmaTotal:         405504 kB
CmaFree:               0 kB
MemTotal:        7918584 kB
MemFree:          236712 kB
MemAvailable:    1078852 kB
Buffers:            2248 kB
Cached:           824700 kB
SwapCached:        16152 kB
Active:          5088400 kB
Inactive:         161924 kB
Active(anon):    4375184 kB
Inactive(anon):    66176 kB
Active(file):     713216 kB
Inactive(file):    95748 kB
Unevictable:        6544 kB
Mlocked:            6104 kB
SwapTotal:       4718584 kB
SwapFree:        3940264 kB
Dirty:               208 kB
Writeback:             0 kB
AnonPages:       4425132 kB
Mapped:           569156 kB
Shmem:             13164 kB
KReclaimable:     423400 kB
Slab:             310212 kB
SReclaimable:      83116 kB
SUnreclaim:       227096 kB
KernelStack:       46480 kB
ShadowCallStack:   11668 kB
PageTables:        79404 kB
NFS_Unstable:          0 kB
Bounce:                0 kB
WritebackTmp:          0 kB
CommitLimit:     8677876 kB
Committed_AS:   70758164 kB
VmallocTotal:   263061440 kB
VmallocUsed:      128604 kB
VmallocChunk:          0 kB
Percpu:             2520 kB
CmaTotal:         405504 kB
CmaFree:             148 kB
MemTotal:        7918584 kB
MemFree:          244116 kB
MemAvailable:    1020440 kB
Buffers:             480 kB
Cached:           781880 kB
SwapCached:        16084 kB
Active:          1255600 kB
Inactive:        4004064 kB
Active(anon):    1002528 kB
Inactive(anon):  3492792 kB
Active(file):     253072 kB
Inactive(file):   511272 kB
Unevictable:        6544 kB
Mlocked:            6104 kB
SwapTotal:       4718584 kB
SwapFree:        3933608 kB
Dirty:               212 kB
Writeback:             0 kB
AnonPages:       4479152 kB
Mapped:           564228 kB
Shmem:             13124 kB
KReclaimable:     402204 kB
Slab:             309048 kB
SReclaimable:      81932 kB
SUnreclaim:       227116 kB
KernelStack:       46304 kB
ShadowCallStack:   11600 kB
PageTables:        79332 kB
NFS_Unstable:          0 kB
Bounce:                0 kB
WritebackTmp:          0 kB
CommitLimit:     8677876 kB
Committed_AS:   70872748 kB
VmallocTotal:   263061440 kB
VmallocUsed:      128372 kB
VmallocChunk:          0 kB
Percpu:             2520 kB
CmaTotal:         405504 kB
CmaFree:               0 kB
MemTotal:        7918584 kB
MemFree:          233068 kB
MemAvailable:     974376 kB
Buffers:             464 kB
Cached:           757264 kB
SwapCached:        16072 kB
Active:          1324784 kB
Inactive:        3957040 kB
Active(anon):    1064796 kB
Inactive(anon):  3477212 kB
Active(file):     259988 kB
Inactive(file):   479828 kB
Unevictable:        6544 kB
Mlocked:            6104 kB
SwapTotal:       4718584 kB
SwapFree:        3931048 kB
Dirty:               124 kB
Writeback:             0 kB
AnonPages:       4525788 kB
Mapped:           551568 kB
Shmem:             13104 kB
KReclaimable:     391716 kB
Slab:             309084 kB
SReclaimable:      81900 kB
SUnreclaim:       227184 kB
KernelStack:       46256 kB
ShadowCallStack:   11600 kB
PageTables:        79848 kB
NFS_Unstable:          0 kB
Bounce:                0 kB
WritebackTmp:          0 kB
CommitLimit:     8677876 kB
Committed_AS:   70970968 kB
VmallocTotal:   263061440 kB
VmallocUsed:      128332 kB
VmallocChunk:          0 kB
Percpu:             2520 kB
CmaTotal:         405504 kB
CmaFree:              16 kB
MemTotal:        7918584 kB
MemFree:          234940 kB
MemAvailable:     905164 kB
Buffers:             464 kB
Cached:           694580 kB
SwapCached:        16072 kB
Active:          1400952 kB
Inactive:        3886496 kB
Active(anon):    1133304 kB
Inactive(anon):  3477044 kB
Active(file):     267648 kB
Inactive(file):   409452 kB
Unevictable:        6544 kB
Mlocked:            6104 kB
SwapTotal:       4718584 kB
SwapFree:        3931048 kB
Dirty:               144 kB
Writeback:             0 kB
AnonPages:       4594144 kB
Mapped:           520924 kB
Shmem:             13112 kB
KReclaimable:     383348 kB
Slab:             309380 kB
SReclaimable:      81900 kB
SUnreclaim:       227480 kB
KernelStack:       46240 kB
ShadowCallStack:   11584 kB
PageTables:        80284 kB
NFS_Unstable:          0 kB
Bounce:                0 kB
WritebackTmp:          0 kB
CommitLimit:     8677876 kB
Committed_AS:   71101920 kB
VmallocTotal:   263061440 kB
VmallocUsed:      128316 kB
VmallocChunk:          0 kB
Percpu:             2520 kB
CmaTotal:         405504 kB
CmaFree:               0 kB
MemTotal:        7918584 kB
MemFree:          233696 kB
MemAvailable:     861572 kB
Buffers:             484 kB
Cached:           656868 kB
SwapCached:        16072 kB
Active:          1448304 kB
Inactive:        3844748 kB
Active(anon):    1176804 kB
Inactive(anon):  3476888 kB
Active(file):     271500 kB
Inactive(file):   367860 kB
Unevictable:        6544 kB
Mlocked:            6104 kB
SwapTotal:       4718584 kB
SwapFree:        3931048 kB
Dirty:               212 kB
Writeback:             0 kB
AnonPages:       4637516 kB
Mapped:           505932 kB
Shmem:             13116 kB
KReclaimable:     378740 kB
Slab:             309272 kB
SReclaimable:      81900 kB
SUnreclaim:       227372 kB
KernelStack:       46176 kB
ShadowCallStack:   11576 kB
PageTables:        80136 kB
NFS_Unstable:          0 kB
Bounce:                0 kB
WritebackTmp:          0 kB
CommitLimit:     8677876 kB
Committed_AS:   71200076 kB
VmallocTotal:   263061440 kB
VmallocUsed:      128232 kB
VmallocChunk:          0 kB
Percpu:             2520 kB
CmaTotal:         405504 kB
CmaFree:               0 kB
MemTotal:        7918584 kB
MemFree:          230500 kB
MemAvailable:     803384 kB
Buffers:             452 kB
Cached:           608580 kB
SwapCached:        16072 kB
Active:          1508748 kB
Inactive:        3793168 kB
Active(anon):    1234020 kB
Inactive(anon):  3476872 kB
Active(file):     274728 kB
Inactive(file):   316296 kB
Unevictable:        6544 kB
Mlocked:            6104 kB
SwapTotal:       4718584 kB
SwapFree:        3931048 kB
Dirty:               212 kB
Writeback:             0 kB
AnonPages:       4694764 kB
Mapped:           491304 kB
Shmem:             13116 kB
KReclaimable:     372084 kB
Slab:             309428 kB
SReclaimable:      81900 kB
SUnreclaim:       227528 kB
KernelStack:       46192 kB
ShadowCallStack:   11568 kB
PageTables:        80732 kB
NFS_Unstable:          0 kB
Bounce:                0 kB
WritebackTmp:          0 kB
CommitLimit:     8677876 kB
Committed_AS:   71314760 kB
VmallocTotal:   263061440 kB
VmallocUsed:      128240 kB
VmallocChunk:          0 kB
Percpu:             2520 kB
CmaTotal:         405504 kB
CmaFree:               0 kB
MemTotal:        7918584 kB
MemFree:          233696 kB
MemAvailable:     742592 kB
Buffers:             452 kB
Cached:           550488 kB
SwapCached:        16072 kB
Active:          1569584 kB
Inactive:        3733556 kB
Active(anon):    1293812 kB
Inactive(anon):  3476312 kB
Active(file):     275772 kB
Inactive(file):   257244 kB
Unevictable:        6544 kB
Mlocked:            6104 kB
SwapTotal:       4718584 kB
SwapFree:        3931048 kB
Dirty:               212 kB
Writeback:             0 kB
AnonPages:       4753972 kB
Mapped:           483036 kB
Shmem:             13116 kB
KReclaimable:     366104 kB
Slab:             309320 kB
SReclaimable:      81896 kB
SUnreclaim:       227424 kB
KernelStack:       46176 kB
ShadowCallStack:   11572 kB
PageTables:        80808 kB
NFS_Unstable:          0 kB
Bounce:                0 kB
WritebackTmp:          0 kB
CommitLimit:     8677876 kB
Committed_AS:   71478600 kB
VmallocTotal:   263061440 kB
VmallocUsed:      128228 kB
VmallocChunk:          0 kB
Percpu:             2520 kB
CmaTotal:         405504 kB
CmaFree:             120 kB
MemTotal:        7918584 kB
MemFree:          235000 kB
MemAvailable:     692384 kB
Buffers:             452 kB
Cached:           503516 kB
SwapCached:        16072 kB
Active:          1620072 kB
Inactive:        3685488 kB
Active(anon):    1343188 kB
Inactive(anon):  3476292 kB
Active(file):     276884 kB
Inactive(file):   209196 kB
Unevictable:        6544 kB
Mlocked:            6104 kB
SwapTotal:       4718584 kB
SwapFree:        3931048 kB
Dirty:               212 kB
Writeback:             0 kB
AnonPages:       4803376 kB
Mapped:           481720 kB
Shmem:             13116 kB
KReclaimable:     361528 kB
Slab:             309280 kB
SReclaimable:      81896 kB
SUnreclaim:       227384 kB
KernelStack:       46208 kB
ShadowCallStack:   11568 kB
PageTables:        80944 kB
NFS_Unstable:          0 kB
Bounce:                0 kB
WritebackTmp:          0 kB
CommitLimit:     8677876 kB
Committed_AS:   71576904 kB
VmallocTotal:   263061440 kB
VmallocUsed:      128224 kB
VmallocChunk:          0 kB
Percpu:             2520 kB
CmaTotal:         405504 kB
CmaFree:             120 kB
MemTotal:        7918584 kB
MemFree:          232440 kB
MemAvailable:     622792 kB
Buffers:             452 kB
Cached:           442048 kB
SwapCached:        16072 kB
Active:          1688756 kB
Inactive:        3623472 kB
Active(anon):    1411528 kB
Inactive(anon):  3476292 kB
Active(file):     277228 kB
Inactive(file):   147180 kB
Unevictable:        6544 kB
Mlocked:            6104 kB
SwapTotal:       4718584 kB
SwapFree:        3931048 kB
Dirty:               100 kB
Writeback:             0 kB
AnonPages:       4871664 kB
Mapped:           481964 kB
Shmem:             13120 kB
KReclaimable:     356168 kB
Slab:             309308 kB
SReclaimable:      81896 kB
SUnreclaim:       227412 kB
KernelStack:       46176 kB
ShadowCallStack:   11584 kB
PageTables:        80992 kB
NFS_Unstable:          0 kB
Bounce:                0 kB
WritebackTmp:          0 kB
CommitLimit:     8677876 kB
Committed_AS:   71691600 kB
VmallocTotal:   263061440 kB
VmallocUsed:      128248 kB
VmallocChunk:          0 kB
Percpu:             2520 kB
CmaTotal:         405504 kB
CmaFree:               0 kB
MemTotal:        7918584 kB
MemFree:          231376 kB
MemAvailable:     556692 kB
Buffers:             468 kB
Cached:           384372 kB
SwapCached:        16072 kB
Active:          1770840 kB
Inactive:        3548416 kB
Active(anon):    1476340 kB
Inactive(anon):  3476104 kB
Active(file):     294500 kB
Inactive(file):    72312 kB
Unevictable:        6544 kB
Mlocked:            6104 kB
SwapTotal:       4718584 kB
SwapFree:        3931304 kB
Dirty:               348 kB
Writeback:             0 kB
AnonPages:       4936176 kB
Mapped:           474096 kB
Shmem:             13120 kB
KReclaimable:     348728 kB
Slab:             309456 kB
SReclaimable:      81832 kB
SUnreclaim:       227624 kB
KernelStack:       46208 kB
ShadowCallStack:   11552 kB
PageTables:        81480 kB
NFS_Unstable:          0 kB
Bounce:                0 kB
WritebackTmp:          0 kB
CommitLimit:     8677876 kB
Committed_AS:   71839208 kB
VmallocTotal:   263061440 kB
VmallocUsed:      128288 kB
VmallocChunk:          0 kB
Percpu:             2520 kB
CmaTotal:         405504 kB
CmaFree:              16 kB
MemTotal:        7918584 kB
MemFree:          236160 kB
MemAvailable:     491488 kB
Buffers:             460 kB
Cached:           321684 kB
SwapCached:        16072 kB
Active:          1841400 kB
Inactive:        3477436 kB
Active(anon):    1539080 kB
Inactive(anon):  3475572 kB
Active(file):     302320 kB
Inactive(file):     1864 kB
Unevictable:        6544 kB
Mlocked:            6104 kB
SwapTotal:       4718584 kB
SwapFree:        3931304 kB
Dirty:               408 kB
Writeback:             0 kB
AnonPages:       4998416 kB
Mapped:           454452 kB
Shmem:             13120 kB
KReclaimable:     341368 kB
Slab:             309492 kB
SReclaimable:      81832 kB
SUnreclaim:       227660 kB
KernelStack:       46224 kB
ShadowCallStack:   11584 kB
PageTables:        81592 kB
NFS_Unstable:          0 kB
Bounce:                0 kB
WritebackTmp:          0 kB
CommitLimit:     8677876 kB
Committed_AS:   71970280 kB
VmallocTotal:   263061440 kB
VmallocUsed:      128308 kB
VmallocChunk:          0 kB
Percpu:             2520 kB
CmaTotal:         405504 kB
CmaFree:            3224 kB
MemTotal:        7918584 kB
MemFree:          222348 kB
MemAvailable:     426424 kB
Buffers:             460 kB
Cached:           338240 kB
SwapCached:         9852 kB
Active:          1978216 kB
Inactive:        3363136 kB
Active(anon):    1657068 kB
Inactive(anon):  3363136 kB
Active(file):     321148 kB
Inactive(file):        0 kB
Unevictable:        6544 kB
Mlocked:            6104 kB
SwapTotal:       4718584 kB
SwapFree:        3908520 kB
Dirty:               412 kB
Writeback:             4 kB
AnonPages:       5009060 kB
Mapped:           456068 kB
Shmem:             12596 kB
KReclaimable:     330496 kB
Slab:             307652 kB
SReclaimable:      81832 kB
SUnreclaim:       225820 kB
KernelStack:       45120 kB
ShadowCallStack:   11316 kB
PageTables:        78944 kB
NFS_Unstable:          0 kB
Bounce:                0 kB
WritebackTmp:          0 kB
CommitLimit:     8677876 kB
Committed_AS:   66746944 kB
VmallocTotal:   263061440 kB
VmallocUsed:      126908 kB
VmallocChunk:          0 kB
Percpu:             2520 kB
CmaTotal:         405504 kB
CmaFree:               4 kB
MemTotal:        7918584 kB
MemFree:          261692 kB
MemAvailable:     487944 kB
Buffers:             816 kB
Cached:           354820 kB
SwapCached:        10020 kB
Active:          2249516 kB
Inactive:        3124912 kB
Active(anon):    1911424 kB
Inactive(anon):  3124344 kB
Active(file):     338092 kB
Inactive(file):      568 kB
Unevictable:        6544 kB
Mlocked:            6104 kB
SwapTotal:       4718584 kB
SwapFree:        3910568 kB
Dirty:               364 kB
Writeback:             0 kB
AnonPages:       5022692 kB
Mapped:           457944 kB
Shmem:             12144 kB
KReclaimable:     326968 kB
Slab:             307572 kB
SReclaimable:      82664 kB
SUnreclaim:       224908 kB
KernelStack:       43744 kB
ShadowCallStack:   10964 kB
PageTables:        76076 kB
NFS_Unstable:          0 kB
Bounce:                0 kB
WritebackTmp:          0 kB
CommitLimit:     8677876 kB
Committed_AS:   62829820 kB
VmallocTotal:   263061440 kB
VmallocUsed:      125116 kB
VmallocChunk:          0 kB
Percpu:             2520 kB
CmaTotal:         405504 kB
CmaFree:             128 kB
MemTotal:        7918584 kB
MemFree:          239252 kB
MemAvailable:     472708 kB
Buffers:             540 kB
Cached:           356828 kB
SwapCached:        10048 kB
Active:          2471920 kB
Inactive:        2966316 kB
Active(anon):    2131544 kB
Inactive(anon):  2966276 kB
Active(file):     340376 kB
Inactive(file):       40 kB
Unevictable:        6544 kB
Mlocked:            6104 kB
SwapTotal:       4718584 kB
SwapFree:        3910056 kB
Dirty:               128 kB
Writeback:           164 kB
AnonPages:       5084452 kB
Mapped:           459256 kB
Shmem:             12144 kB
KReclaimable:     283264 kB
Slab:             306956 kB
SReclaimable:      82032 kB
SUnreclaim:       224924 kB
KernelStack:       43792 kB
ShadowCallStack:   10976 kB
PageTables:        76340 kB
NFS_Unstable:          0 kB
Bounce:                0 kB
WritebackTmp:          0 kB
CommitLimit:     8677876 kB
Committed_AS:   62944616 kB
VmallocTotal:   263061440 kB
VmallocUsed:      125172 kB
VmallocChunk:          0 kB
Percpu:             2520 kB
CmaTotal:         405504 kB
CmaFree:               0 kB
MemTotal:        7918584 kB
MemFree:          236056 kB
MemAvailable:     427700 kB
Buffers:             568 kB
Cached:           359476 kB
SwapCached:        10084 kB
Active:          2759948 kB
Inactive:        2728968 kB
Active(anon):    2416996 kB
Inactive(anon):  2728968 kB
Active(file):     342952 kB
Inactive(file):        0 kB
Unevictable:        6544 kB
Mlocked:            6104 kB
SwapTotal:       4718584 kB
SwapFree:        3899304 kB
Dirty:                88 kB
Writeback:             0 kB
AnonPages:       5132704 kB
Mapped:           459484 kB
Shmem:             12144 kB
KReclaimable:     235308 kB
Slab:             306964 kB
SReclaimable:      82028 kB
SUnreclaim:       224936 kB
KernelStack:       43760 kB
ShadowCallStack:   10972 kB
PageTables:        76380 kB
NFS_Unstable:          0 kB
Bounce:                0 kB
WritebackTmp:          0 kB
CommitLimit:     8677876 kB
Committed_AS:   63059304 kB
VmallocTotal:   263061440 kB
VmallocUsed:      125172 kB
VmallocChunk:          0 kB
Percpu:             2520 kB
CmaTotal:         405504 kB
CmaFree:              28 kB
MemTotal:        7918584 kB
MemFree:          233716 kB
MemAvailable:     422100 kB
Buffers:             568 kB
Cached:           359484 kB
SwapCached:        10088 kB
Active:          2803948 kB
Inactive:        2694264 kB
Active(anon):    2460852 kB
Inactive(anon):  2694264 kB
Active(file):     343096 kB
Inactive(file):        0 kB
Unevictable:        6544 kB
Mlocked:            6104 kB
SwapTotal:       4718584 kB
SwapFree:        3868584 kB
Dirty:                88 kB
Writeback:             0 kB
AnonPages:       5141996 kB
Mapped:           459964 kB
Shmem:             12148 kB
KReclaimable:     228500 kB
Slab:             306992 kB
SReclaimable:      82028 kB
SUnreclaim:       224964 kB
KernelStack:       43776 kB
ShadowCallStack:   10972 kB
PageTables:        76732 kB
NFS_Unstable:          0 kB
Bounce:                0 kB
WritebackTmp:          0 kB
CommitLimit:     8677876 kB
Committed_AS:   63108460 kB
VmallocTotal:   263061440 kB
VmallocUsed:      125140 kB
VmallocChunk:          0 kB
Percpu:             2520 kB
CmaTotal:         405504 kB
CmaFree:               0 kB
MemTotal:        7918584 kB
MemFree:          236804 kB
MemAvailable:     419628 kB
Buffers:             568 kB
Cached:           359464 kB
SwapCached:        10100 kB
Active:          2873756 kB
Inactive:        2630568 kB
Active(anon):    2530660 kB
Inactive(anon):  2630568 kB
Active(file):     343096 kB
Inactive(file):        0 kB
Unevictable:        6544 kB
Mlocked:            6104 kB
SwapTotal:       4718584 kB
SwapFree:        3809448 kB
Dirty:                88 kB
Writeback:             0 kB
AnonPages:       5147756 kB
Mapped:           460312 kB
Shmem:             12148 kB
KReclaimable:     217380 kB
Slab:             307028 kB
SReclaimable:      82028 kB
SUnreclaim:       225000 kB
KernelStack:       43728 kB
ShadowCallStack:   10964 kB
PageTables:        76836 kB
NFS_Unstable:          0 kB
Bounce:                0 kB
WritebackTmp:          0 kB
CommitLimit:     8677876 kB
Committed_AS:   63255916 kB
VmallocTotal:   263061440 kB
VmallocUsed:      125140 kB
VmallocChunk:          0 kB
Percpu:             2520 kB
CmaTotal:         405504 kB
CmaFree:               0 kB
MemTotal:        7918584 kB
MemFree:          234436 kB
MemAvailable:     415408 kB
Buffers:             568 kB
Cached:           361992 kB
SwapCached:        10124 kB
Active:          2942616 kB
Inactive:        2570356 kB
Active(anon):    2597012 kB
Inactive(anon):  2570356 kB
Active(file):     345604 kB
Inactive(file):        0 kB
Unevictable:        6544 kB
Mlocked:            6104 kB
SwapTotal:       4718584 kB
SwapFree:        3750568 kB
Dirty:               112 kB
Writeback:             0 kB
AnonPages:       5154312 kB
Mapped:           461136 kB
Shmem:             12148 kB
KReclaimable:     208660 kB
Slab:             307048 kB
SReclaimable:      82028 kB
SUnreclaim:       225020 kB
KernelStack:       43712 kB
ShadowCallStack:   10980 kB
PageTables:        77272 kB
NFS_Unstable:          0 kB
Bounce:                0 kB
WritebackTmp:          0 kB
CommitLimit:     8677876 kB
Committed_AS:   63386912 kB
VmallocTotal:   263061440 kB
VmallocUsed:      125100 kB
VmallocChunk:          0 kB
Percpu:             2520 kB
CmaTotal:         405504 kB
CmaFree:               0 kB
MemTotal:        7918584 kB
MemFree:          237752 kB
MemAvailable:     418652 kB
Buffers:             668 kB
Cached:           366060 kB
SwapCached:        10124 kB
Active:          3013280 kB
Inactive:        2504936 kB
Active(anon):    2663344 kB
Inactive(anon):  2504936 kB
Active(file):     349936 kB
Inactive(file):        0 kB
Unevictable:        6544 kB
Mlocked:            6104 kB
SwapTotal:       4718584 kB
SwapFree:        3689384 kB
Dirty:                 0 kB
Writeback:             0 kB
AnonPages:       5155076 kB
Mapped:           462292 kB
Shmem:             12148 kB
KReclaimable:     199852 kB
Slab:             307108 kB
SReclaimable:      82028 kB
SUnreclaim:       225080 kB
KernelStack:       43712 kB
ShadowCallStack:   10944 kB
PageTables:        77476 kB
NFS_Unstable:          0 kB
Bounce:                0 kB
WritebackTmp:          0 kB
CommitLimit:     8677876 kB
Committed_AS:   63501600 kB
VmallocTotal:   263061440 kB
VmallocUsed:      125072 kB
VmallocChunk:          0 kB
Percpu:             2520 kB
CmaTotal:         405504 kB
CmaFree:               0 kB
MemTotal:        7918584 kB
MemFree:          232328 kB
MemAvailable:     411076 kB
Buffers:             676 kB
Cached:           366368 kB
SwapCached:        10124 kB
Active:          3060604 kB
Inactive:        2466428 kB
Active(anon):    2710520 kB
Inactive(anon):  2466428 kB
Active(file):     350084 kB
Inactive(file):        0 kB
Unevictable:        6544 kB
Mlocked:            6104 kB
SwapTotal:       4718584 kB
SwapFree:        3652264 kB
Dirty:               124 kB
Writeback:             0 kB
AnonPages:       5163884 kB
Mapped:           462596 kB
Shmem:             12152 kB
KReclaimable:     195252 kB
Slab:             307056 kB
SReclaimable:      82028 kB
SUnreclaim:       225028 kB
KernelStack:       43712 kB
ShadowCallStack:   10964 kB
PageTables:        77568 kB
NFS_Unstable:          0 kB
Bounce:                0 kB
WritebackTmp:          0 kB
CommitLimit:     8677876 kB
Committed_AS:   63567136 kB
VmallocTotal:   263061440 kB
VmallocUsed:      125092 kB
VmallocChunk:          0 kB
Percpu:             2520 kB
CmaTotal:         405504 kB
CmaFree:               0 kB
MemTotal:        7918584 kB
MemFree:          232248 kB
MemAvailable:     370160 kB
Buffers:             676 kB
Cached:           366716 kB
SwapCached:        10124 kB
Active:          3159044 kB
Inactive:        2328636 kB
Active(anon):    2808572 kB
Inactive(anon):  2328636 kB
Active(file):     350472 kB
Inactive(file):        0 kB
Unevictable:        6544 kB
Mlocked:            6104 kB
SwapTotal:       4718584 kB
SwapFree:        3517608 kB
Dirty:               128 kB
Writeback:             4 kB
AnonPages:       5123960 kB
Mapped:           463572 kB
Shmem:             12204 kB
KReclaimable:     112804 kB
Slab:             307072 kB
SReclaimable:      82028 kB
SUnreclaim:       225044 kB
KernelStack:       43808 kB
ShadowCallStack:   10956 kB
PageTables:        77792 kB
NFS_Unstable:          0 kB
Bounce:                0 kB
WritebackTmp:          0 kB
CommitLimit:     8677876 kB
Committed_AS:   63682224 kB
VmallocTotal:   263061440 kB
VmallocUsed:      125264 kB
VmallocChunk:          0 kB
Percpu:             2520 kB
CmaTotal:         405504 kB
CmaFree:               0 kB
MemTotal:        7918584 kB
MemFree:          266992 kB
MemAvailable:     468604 kB
Buffers:             676 kB
Cached:           366764 kB
SwapCached:        10124 kB
Active:          3189252 kB
Inactive:        2257016 kB
Active(anon):    2838780 kB
Inactive(anon):  2257016 kB
Active(file):     350472 kB
Inactive(file):        0 kB
Unevictable:        6544 kB
Mlocked:            6104 kB
SwapTotal:       4718584 kB
SwapFree:        3447720 kB
Dirty:               132 kB
Writeback:             0 kB
AnonPages:       5082636 kB
Mapped:           463556 kB
Shmem:             12156 kB
KReclaimable:     240204 kB
Slab:             307020 kB
SReclaimable:      82028 kB
SUnreclaim:       224992 kB
KernelStack:       43696 kB
ShadowCallStack:   10960 kB
PageTables:        78220 kB
NFS_Unstable:          0 kB
Bounce:                0 kB
WritebackTmp:          0 kB
CommitLimit:     8677876 kB
Committed_AS:   63812900 kB
VmallocTotal:   263061440 kB
VmallocUsed:      125132 kB
VmallocChunk:          0 kB
Percpu:             2520 kB
CmaTotal:         405504 kB
CmaFree:               0 kB
MemTotal:        7918584 kB
MemFree:          236272 kB
MemAvailable:     438320 kB
Buffers:             968 kB
Cached:           367864 kB
SwapCached:        10256 kB
Active:          3249140 kB
Inactive:        2228420 kB
Active(anon):    2897652 kB
Inactive(anon):  2228104 kB
Active(file):     351488 kB
Inactive(file):      316 kB
Unevictable:        6544 kB
Mlocked:            6104 kB
SwapTotal:       4718584 kB
SwapFree:        3420072 kB
Dirty:               136 kB
Writeback:             4 kB
AnonPages:       5112136 kB
Mapped:           466704 kB
Shmem:             12172 kB
KReclaimable:     238416 kB
Slab:             307044 kB
SReclaimable:      82028 kB
SUnreclaim:       225016 kB
KernelStack:       44016 kB
ShadowCallStack:   11000 kB
PageTables:        79004 kB
NFS_Unstable:          0 kB
Bounce:                0 kB
WritebackTmp:          0 kB
CommitLimit:     8677876 kB
Committed_AS:   65219232 kB
VmallocTotal:   263061440 kB
VmallocUsed:      125444 kB
VmallocChunk:          0 kB
Percpu:             2520 kB
CmaTotal:         405504 kB
CmaFree:               0 kB
MemTotal:        7918584 kB
MemFree:          232976 kB
MemAvailable:     439776 kB
Buffers:             968 kB
Cached:           374200 kB
SwapCached:        10260 kB
Active:          3310972 kB
Inactive:        2172300 kB
Active(anon):    2953240 kB
Inactive(anon):  2171868 kB
Active(file):     357732 kB
Inactive(file):      432 kB
Unevictable:        6544 kB
Mlocked:            6104 kB
SwapTotal:       4718584 kB
SwapFree:        3365544 kB
Dirty:               164 kB
Writeback:             0 kB
AnonPages:       5111976 kB
Mapped:           468640 kB
Shmem:             12196 kB
KReclaimable:     235196 kB
Slab:             307108 kB
SReclaimable:      82028 kB
SUnreclaim:       225080 kB
KernelStack:       44016 kB
ShadowCallStack:   11032 kB
PageTables:        79148 kB
NFS_Unstable:          0 kB
Bounce:                0 kB
WritebackTmp:          0 kB
CommitLimit:     8677876 kB
Committed_AS:   65317540 kB
VmallocTotal:   263061440 kB
VmallocUsed:      125492 kB
VmallocChunk:          0 kB
Percpu:             2520 kB
CmaTotal:         405504 kB
CmaFree:               0 kB
MemTotal:        7918584 kB
MemFree:          233252 kB
MemAvailable:     438204 kB
Buffers:            1008 kB
Cached:           374220 kB
SwapCached:        10260 kB
Active:          3382556 kB
Inactive:        2102412 kB
Active(anon):    3024824 kB
Inactive(anon):  2101904 kB
Active(file):     357732 kB
Inactive(file):      508 kB
Unevictable:        6544 kB
Mlocked:            6104 kB
SwapTotal:       4718584 kB
SwapFree:        3296680 kB
Dirty:               184 kB
Writeback:             8 kB
AnonPages:       5113372 kB
Mapped:           469100 kB
Shmem:             12196 kB
KReclaimable:     231348 kB
Slab:             307128 kB
SReclaimable:      82028 kB
SUnreclaim:       225100 kB
KernelStack:       44032 kB
ShadowCallStack:   11032 kB
PageTables:        79324 kB
NFS_Unstable:          0 kB
Bounce:                0 kB
WritebackTmp:          0 kB
CommitLimit:     8677876 kB
Committed_AS:   65464996 kB
VmallocTotal:   263061440 kB
VmallocUsed:      125484 kB
VmallocChunk:          0 kB
Percpu:             2520 kB
CmaTotal:         405504 kB
CmaFree:               0 kB
MemTotal:        7918584 kB
MemFree:          233264 kB
MemAvailable:     437240 kB
Buffers:            1008 kB
Cached:           374260 kB
SwapCached:        10268 kB
Active:          3425932 kB
Inactive:        2060932 kB
Active(anon):    3068252 kB
Inactive(anon):  2060352 kB
Active(file):     357680 kB
Inactive(file):      580 kB
Unevictable:        6544 kB
Mlocked:            6104 kB
SwapTotal:       4718584 kB
SwapFree:        3256232 kB
Dirty:               164 kB
Writeback:             0 kB
AnonPages:       5115424 kB
Mapped:           469240 kB
Shmem:             12200 kB
KReclaimable:     229356 kB
Slab:             307120 kB
SReclaimable:      82028 kB
SUnreclaim:       225092 kB
KernelStack:       44016 kB
ShadowCallStack:   11040 kB
PageTables:        79628 kB
NFS_Unstable:          0 kB
Bounce:                0 kB
WritebackTmp:          0 kB
CommitLimit:     8677876 kB
Committed_AS:   65530532 kB
VmallocTotal:   263061440 kB
VmallocUsed:      125508 kB
VmallocChunk:          0 kB
Percpu:             2520 kB
CmaTotal:         405504 kB
CmaFree:               0 kB
MemTotal:        7918584 kB
MemFree:          231228 kB
MemAvailable:     433604 kB
Buffers:            1008 kB
Cached:           374264 kB
SwapCached:        10268 kB
Active:          3495312 kB
Inactive:        1994632 kB
Active(anon):    3137632 kB
Inactive(anon):  1994052 kB
Active(file):     357680 kB
Inactive(file):      580 kB
Unevictable:        6544 kB
Mlocked:            6104 kB
SwapTotal:       4718584 kB
SwapFree:        3190696 kB
Dirty:               164 kB
Writeback:             8 kB
AnonPages:       5118384 kB
Mapped:           469580 kB
Shmem:             12200 kB
KReclaimable:     226156 kB
Slab:             307148 kB
SReclaimable:      82028 kB
SUnreclaim:       225120 kB
KernelStack:       44000 kB
ShadowCallStack:   11032 kB
PageTables:        79704 kB
NFS_Unstable:          0 kB
Bounce:                0 kB
WritebackTmp:          0 kB
CommitLimit:     8677876 kB
Committed_AS:   65661608 kB
VmallocTotal:   263061440 kB
VmallocUsed:      125500 kB
VmallocChunk:          0 kB
Percpu:             2520 kB
CmaTotal:         405504 kB
CmaFree:               0 kB
MemTotal:        7918584 kB
MemFree:          234072 kB
MemAvailable:     440116 kB
Buffers:            1008 kB
Cached:           380256 kB
SwapCached:        10268 kB
Active:          3573816 kB
Inactive:        1916224 kB
Active(anon):    3210300 kB
Inactive(anon):  1915644 kB
Active(file):     363516 kB
Inactive(file):      580 kB
Unevictable:        6544 kB
Mlocked:            6104 kB
SwapTotal:       4718584 kB
SwapFree:        3114152 kB
Dirty:               164 kB
Writeback:             0 kB
AnonPages:       5112544 kB
Mapped:           470408 kB
Shmem:             12208 kB
KReclaimable:     221820 kB
Slab:             307100 kB
SReclaimable:      81948 kB
SUnreclaim:       225152 kB
KernelStack:       43936 kB
ShadowCallStack:   11032 kB
PageTables:        79996 kB
NFS_Unstable:          0 kB
Bounce:                0 kB
WritebackTmp:          0 kB
CommitLimit:     8677876 kB
Committed_AS:   65776212 kB
VmallocTotal:   263061440 kB
VmallocUsed:      125416 kB
VmallocChunk:          0 kB
Percpu:             2520 kB
CmaTotal:         405504 kB
CmaFree:               0 kB
MemTotal:        7918584 kB
MemFree:          236324 kB
MemAvailable:     441708 kB
Buffers:            1008 kB
Cached:           380432 kB
SwapCached:        10268 kB
Active:          3624300 kB
Inactive:        1864996 kB
Active(anon):    3260468 kB
Inactive(anon):  1864408 kB
Active(file):     363832 kB
Inactive(file):      588 kB
Unevictable:        6544 kB
Mlocked:            6104 kB
SwapTotal:       4718584 kB
SwapFree:        3065000 kB
Dirty:               188 kB
Writeback:             8 kB
AnonPages:       5111352 kB
Mapped:           470800 kB
Shmem:             12208 kB
KReclaimable:     219852 kB
Slab:             307108 kB
SReclaimable:      81948 kB
SUnreclaim:       225160 kB
KernelStack:       43952 kB
ShadowCallStack:   11000 kB
PageTables:        80312 kB
NFS_Unstable:          0 kB
Bounce:                0 kB
WritebackTmp:          0 kB
CommitLimit:     8677876 kB
Committed_AS:   65858132 kB
VmallocTotal:   263061440 kB
VmallocUsed:      125416 kB
VmallocChunk:          0 kB
Percpu:             2520 kB
CmaTotal:         405504 kB
CmaFree:               0 kB
MemTotal:        7918584 kB
MemFree:          237496 kB
MemAvailable:     440836 kB
Buffers:            1008 kB
Cached:           380428 kB
SwapCached:        10268 kB
Active:          3691960 kB
Inactive:        1797060 kB
Active(anon):    3328128 kB
Inactive(anon):  1796472 kB
Active(file):     363832 kB
Inactive(file):      588 kB
Unevictable:        6544 kB
Mlocked:            6104 kB
SwapTotal:       4718584 kB
SwapFree:        2997928 kB
Dirty:               100 kB
Writeback:             0 kB
AnonPages:       5111384 kB
Mapped:           471296 kB
Shmem:             12208 kB
KReclaimable:     215764 kB
Slab:             306964 kB
SReclaimable:      81788 kB
SUnreclaim:       225176 kB
KernelStack:       43952 kB
ShadowCallStack:   11016 kB
PageTables:        80496 kB
NFS_Unstable:          0 kB
Bounce:                0 kB
WritebackTmp:          0 kB
CommitLimit:     8677876 kB
Committed_AS:   65956436 kB
VmallocTotal:   263061440 kB
VmallocUsed:      125380 kB
VmallocChunk:          0 kB
Percpu:             2520 kB
CmaTotal:         405504 kB
CmaFree:               0 kB
MemTotal:        7918584 kB
MemFree:          234496 kB
MemAvailable:     436308 kB
Buffers:            1016 kB
Cached:           380456 kB
SwapCached:        10272 kB
Active:          3771068 kB
Inactive:        1725248 kB
Active(anon):    3407236 kB
Inactive(anon):  1724652 kB
Active(file):     363832 kB
Inactive(file):      596 kB
Unevictable:        6544 kB
Mlocked:            6104 kB
SwapTotal:       4718584 kB
SwapFree:        2928040 kB
Dirty:               156 kB
Writeback:             4 kB
AnonPages:       5118572 kB
Mapped:           471696 kB
Shmem:             12208 kB
KReclaimable:     212692 kB
Slab:             306980 kB
SReclaimable:      81788 kB
SUnreclaim:       225192 kB
KernelStack:       43952 kB
ShadowCallStack:   11012 kB
PageTables:        80720 kB
NFS_Unstable:          0 kB
Bounce:                0 kB
WritebackTmp:          0 kB
CommitLimit:     8677876 kB
Committed_AS:   66103892 kB
VmallocTotal:   263061440 kB
VmallocUsed:      125344 kB
VmallocChunk:          0 kB
Percpu:             2520 kB
CmaTotal:         405504 kB
CmaFree:               0 kB
MemTotal:        7918584 kB
MemFree:          233740 kB
MemAvailable:     435608 kB
Buffers:            1016 kB
Cached:           381704 kB
SwapCached:        10300 kB
Active:          3824036 kB
Inactive:        1674160 kB
Active(anon):    3458944 kB
Inactive(anon):  1673560 kB
Active(file):     365092 kB
Inactive(file):      600 kB
Unevictable:        6544 kB
Mlocked:            6104 kB
SwapTotal:       4718584 kB
SwapFree:        2879912 kB
Dirty:               180 kB
Writeback:             0 kB
AnonPages:       5119276 kB
