MemTotal:        7918588 kB
MemFree:         3305652 kB
MemAvailable:    4828244 kB
Buffers:            4032 kB
Cached:          1377120 kB
SwapCached:        11280 kB
Active:          1292032 kB
Inactive:         711784 kB
Active(anon):     574908 kB
Inactive(anon):    66812 kB
Active(file):     717124 kB
Inactive(file):   644972 kB
Unevictable:        6420 kB
Mlocked:            5980 kB
SwapTotal:       4718584 kB
SwapFree:        3675836 kB
Dirty:            157128 kB
Writeback:             0 kB
AnonPages:        624968 kB
Mapped:           489308 kB
Shmem:             14184 kB
KReclaimable:     550720 kB
Slab:             317832 kB
SReclaimable:      90252 kB
SUnreclaim:       227580 kB
KernelStack:       47296 kB
ShadowCallStack:   11816 kB
PageTables:        62128 kB
NFS_Unstable:          0 kB
Bounce:                0 kB
WritebackTmp:          0 kB
CommitLimit:     8677876 kB
Committed_AS:   62269224 kB
VmallocTotal:   263061440 kB
VmallocUsed:      129884 kB
VmallocChunk:          0 kB
Percpu:             2448 kB
CmaTotal:         405504 kB
CmaFree:          300876 kB
MemTotal:        7918588 kB
MemFree:         3288512 kB
MemAvailable:    5047204 kB
Buffers:            4076 kB
Cached:          1393628 kB
SwapCached:        11440 kB
Active:          1308444 kB
Inactive:         712556 kB
Active(anon):     576168 kB
Inactive(anon):    66840 kB
Active(file):     732276 kB
Inactive(file):   645716 kB
Unevictable:        6420 kB
Mlocked:            5980 kB
SwapTotal:       4718584 kB
SwapFree:        3678140 kB
Dirty:            157132 kB
Writeback:             0 kB
AnonPages:        625456 kB
Mapped:           523204 kB
Shmem:             15028 kB
KReclaimable:     770924 kB
Slab:             317856 kB
SReclaimable:      90276 kB
SUnreclaim:       227580 kB
KernelStack:       47680 kB
ShadowCallStack:   11964 kB
PageTables:        61764 kB
NFS_Unstable:          0 kB
Bounce:                0 kB
WritebackTmp:          0 kB
CommitLimit:     8677876 kB
Committed_AS:   62301016 kB
VmallocTotal:   263061440 kB
VmallocUsed:      130376 kB
VmallocChunk:          0 kB
Percpu:             2448 kB
CmaTotal:         405504 kB
CmaFree:          300876 kB
MemTotal:        7918588 kB
MemFree:         3259692 kB
MemAvailable:    4802664 kB
Buffers:            4116 kB
Cached:          1394000 kB
SwapCached:        11476 kB
Active:          1335768 kB
Inactive:         712680 kB
Active(anon):     603144 kB
Inactive(anon):    66828 kB
Active(file):     732624 kB
Inactive(file):   645852 kB
Unevictable:        6420 kB
Mlocked:            5980 kB
SwapTotal:       4718584 kB
SwapFree:        3678396 kB
Dirty:            157156 kB
Writeback:             0 kB
AnonPages:        652348 kB
Mapped:           534276 kB
Shmem:             14948 kB
KReclaimable:     554720 kB
Slab:             318200 kB
SReclaimable:      90276 kB
SUnreclaim:       227924 kB
KernelStack:       47680 kB
ShadowCallStack:   11944 kB
PageTables:        62588 kB
NFS_Unstable:          0 kB
Bounce:                0 kB
WritebackTmp:          0 kB
CommitLimit:     8677876 kB
Committed_AS:   62330080 kB
VmallocTotal:   263061440 kB
VmallocUsed:      130428 kB
VmallocChunk:          0 kB
Percpu:             2448 kB
CmaTotal:         405504 kB
CmaFree:          300876 kB
MemTotal:        7918588 kB
MemFree:         3254904 kB
MemAvailable:    4797136 kB
Buffers:            4124 kB
Cached:          1394008 kB
SwapCached:        11476 kB
Active:          1339816 kB
Inactive:         712700 kB
Active(anon):     607192 kB
Inactive(anon):    66824 kB
Active(file):     732624 kB
Inactive(file):   645876 kB
Unevictable:        6420 kB
Mlocked:            5980 kB
SwapTotal:       4718584 kB
SwapFree:        3678652 kB
Dirty:            157208 kB
Writeback:             4 kB
AnonPages:        656304 kB
Mapped:           534876 kB
Shmem:             14948 kB
KReclaimable:     553956 kB
Slab:             318232 kB
SReclaimable:      90280 kB
SUnreclaim:       227952 kB
KernelStack:       47680 kB
ShadowCallStack:   11948 kB
PageTables:        62672 kB
NFS_Unstable:          0 kB
Bounce:                0 kB
WritebackTmp:          0 kB
CommitLimit:     8677876 kB
Committed_AS:   62330036 kB
VmallocTotal:   263061440 kB
VmallocUsed:      130396 kB
VmallocChunk:          0 kB
Percpu:             2448 kB
CmaTotal:         405504 kB
CmaFree:          300876 kB
MemTotal:        7918588 kB
MemFree:         3251688 kB
MemAvailable:    4793912 kB
Buffers:            4124 kB
Cached:          1394032 kB
SwapCached:        11476 kB
Active:          1345748 kB
Inactive:         712704 kB
Active(anon):     613124 kB
Inactive(anon):    66820 kB
Active(file):     732624 kB
Inactive(file):   645884 kB
Unevictable:        6420 kB
Mlocked:            5980 kB
SwapTotal:       4718584 kB
SwapFree:        3682492 kB
Dirty:            157228 kB
Writeback:             0 kB
AnonPages:        662368 kB
Mapped:           535744 kB
Shmem:             14964 kB
KReclaimable:     553940 kB
Slab:             318212 kB
SReclaimable:      90264 kB
SUnreclaim:       227948 kB
KernelStack:       47648 kB
ShadowCallStack:   11940 kB
PageTables:        62724 kB
NFS_Unstable:          0 kB
Bounce:                0 kB
WritebackTmp:          0 kB
CommitLimit:     8677876 kB
Committed_AS:   62329916 kB
VmallocTotal:   263061440 kB
VmallocUsed:      130344 kB
VmallocChunk:          0 kB
Percpu:             2448 kB
CmaTotal:         405504 kB
CmaFree:          301964 kB
MemTotal:        7918588 kB
MemFree:         3249668 kB
MemAvailable:    4791844 kB
Buffers:            4124 kB
Cached:          1394048 kB
SwapCached:        11476 kB
Active:          1351592 kB
Inactive:         711768 kB
Active(anon):     618968 kB
Inactive(anon):    65884 kB
Active(file):     732624 kB
Inactive(file):   645884 kB
Unevictable:        6420 kB
Mlocked:            5980 kB
SwapTotal:       4718584 kB
SwapFree:        3687612 kB
Dirty:            157228 kB
Writeback:             0 kB
AnonPages:        667172 kB
Mapped:           537068 kB
Shmem:             14980 kB
KReclaimable:     553892 kB
Slab:             318276 kB
SReclaimable:      90264 kB
SUnreclaim:       228012 kB
KernelStack:       47648 kB
ShadowCallStack:   11936 kB
PageTables:        62612 kB
NFS_Unstable:          0 kB
Bounce:                0 kB
WritebackTmp:          0 kB
CommitLimit:     8677876 kB
Committed_AS:   62329936 kB
VmallocTotal:   263061440 kB
VmallocUsed:      130372 kB
VmallocChunk:          0 kB
Percpu:             2448 kB
CmaTotal:         405504 kB
CmaFree:          302088 kB
MemTotal:        7918588 kB
MemFree:         3233244 kB
MemAvailable:    4775412 kB
Buffers:            4148 kB
Cached:          1394052 kB
SwapCached:        11476 kB
Active:          1368200 kB
Inactive:         711748 kB
Active(anon):     635576 kB
Inactive(anon):    65856 kB
Active(file):     732624 kB
Inactive(file):   645892 kB
Unevictable:        6420 kB
Mlocked:            5980 kB
SwapTotal:       4718584 kB
SwapFree:        3687612 kB
Dirty:             18400 kB
Writeback:           124 kB
AnonPages:        683924 kB
Mapped:           538776 kB
Shmem:             15000 kB
KReclaimable:     553876 kB
Slab:             318148 kB
SReclaimable:      90248 kB
SUnreclaim:       227900 kB
KernelStack:       47632 kB
ShadowCallStack:   11936 kB
PageTables:        62656 kB
NFS_Unstable:          0 kB
Bounce:                0 kB
WritebackTmp:          0 kB
CommitLimit:     8677876 kB
Committed_AS:   62350392 kB
VmallocTotal:   263061440 kB
VmallocUsed:      130372 kB
VmallocChunk:          0 kB
Percpu:             2448 kB
CmaTotal:         405504 kB
CmaFree:          302128 kB
MemTotal:        7918588 kB
MemFree:         3207196 kB
MemAvailable:    4750048 kB
Buffers:            4152 kB
Cached:          1394732 kB
SwapCached:        11476 kB
Active:          1394044 kB
Inactive:         711772 kB
Active(anon):     660764 kB
Inactive(anon):    65852 kB
Active(file):     733280 kB
Inactive(file):   645920 kB
Unevictable:        6420 kB
Mlocked:            5980 kB
SwapTotal:       4718584 kB
SwapFree:        3687612 kB
Dirty:             18156 kB
Writeback:             0 kB
AnonPages:        709184 kB
Mapped:           547408 kB
Shmem:             15000 kB
KReclaimable:     553876 kB
Slab:             318100 kB
SReclaimable:      90248 kB
SUnreclaim:       227852 kB
KernelStack:       47648 kB
ShadowCallStack:   11944 kB
PageTables:        62728 kB
NFS_Unstable:          0 kB
Bounce:                0 kB
WritebackTmp:          0 kB
CommitLimit:     8677876 kB
Committed_AS:   62447820 kB
VmallocTotal:   263061440 kB
VmallocUsed:      130356 kB
VmallocChunk:          0 kB
Percpu:             2448 kB
CmaTotal:         405504 kB
CmaFree:          302128 kB
MemTotal:        7918588 kB
MemFree:         3018664 kB
MemAvailable:    4493444 kB
Buffers:            4160 kB
Cached:          1394752 kB
SwapCached:        11476 kB
Active:          1580744 kB
Inactive:         711784 kB
Active(anon):     847464 kB
Inactive(anon):    65836 kB
Active(file):     733280 kB
Inactive(file):   645948 kB
Unevictable:        6420 kB
Mlocked:            5980 kB
SwapTotal:       4718584 kB
SwapFree:        3687612 kB
Dirty:             18164 kB
Writeback:             0 kB
AnonPages:        895628 kB
Mapped:           625048 kB
Shmem:             15000 kB
KReclaimable:     485776 kB
Slab:             318436 kB
SReclaimable:      90248 kB
SUnreclaim:       228188 kB
KernelStack:       47680 kB
ShadowCallStack:   11940 kB
PageTables:        63604 kB
NFS_Unstable:          0 kB
Bounce:                0 kB
WritebackTmp:          0 kB
CommitLimit:     8677876 kB
Committed_AS:   62712364 kB
VmallocTotal:   263061440 kB
VmallocUsed:      130348 kB
VmallocChunk:          0 kB
Percpu:             2448 kB
CmaTotal:         405504 kB
CmaFree:          302128 kB
MemTotal:        7918588 kB
MemFree:         2976228 kB
MemAvailable:    4404288 kB
Buffers:            4192 kB
Cached:          1394788 kB
SwapCached:        11488 kB
Active:          1623764 kB
Inactive:         711912 kB
Active(anon):     890484 kB
Inactive(anon):    65840 kB
Active(file):     733280 kB
Inactive(file):   646072 kB
Unevictable:        6420 kB
Mlocked:            5980 kB
SwapTotal:       4718584 kB
SwapFree:        3688124 kB
Dirty:             18188 kB
Writeback:             0 kB
AnonPages:        938716 kB
Mapped:           647168 kB
Shmem:             14944 kB
KReclaimable:     438932 kB
Slab:             318468 kB
SReclaimable:      90248 kB
SUnreclaim:       228220 kB
KernelStack:       47552 kB
ShadowCallStack:   11920 kB
PageTables:        63724 kB
NFS_Unstable:          0 kB
Bounce:                0 kB
WritebackTmp:          0 kB
CommitLimit:     8677876 kB
Committed_AS:   62819508 kB
VmallocTotal:   263061440 kB
VmallocUsed:      130228 kB
VmallocChunk:          0 kB
Percpu:             2448 kB
CmaTotal:         405504 kB
CmaFree:          302128 kB
MemTotal:        7918588 kB
MemFree:         2862104 kB
MemAvailable:    4287828 kB
Buffers:            4192 kB
Cached:          1394788 kB
SwapCached:        11488 kB
Active:          1736628 kB
Inactive:         711912 kB
Active(anon):    1003348 kB
Inactive(anon):    65840 kB
Active(file):     733280 kB
Inactive(file):   646072 kB
Unevictable:        6420 kB
Mlocked:            5980 kB
SwapTotal:       4718584 kB
SwapFree:        3688124 kB
Dirty:             18188 kB
Writeback:             0 kB
AnonPages:       1051584 kB
Mapped:           649188 kB
Shmem:             14944 kB
KReclaimable:     436596 kB
Slab:             318540 kB
SReclaimable:      90248 kB
SUnreclaim:       228292 kB
KernelStack:       47552 kB
ShadowCallStack:   11912 kB
PageTables:        64284 kB
NFS_Unstable:          0 kB
Bounce:                0 kB
WritebackTmp:          0 kB
CommitLimit:     8677876 kB
Committed_AS:   63098036 kB
VmallocTotal:   263061440 kB
VmallocUsed:      130236 kB
VmallocChunk:          0 kB
Percpu:             2448 kB
CmaTotal:         405504 kB
CmaFree:          302128 kB
MemTotal:        7918588 kB
MemFree:         2767728 kB
MemAvailable:    4192256 kB
Buffers:            4216 kB
Cached:          1394820 kB
SwapCached:        11488 kB
Active:          1831076 kB
Inactive:         711964 kB
Active(anon):    1097796 kB
Inactive(anon):    65840 kB
Active(file):     733280 kB
Inactive(file):   646124 kB
Unevictable:        6420 kB
Mlocked:            5980 kB
SwapTotal:       4718584 kB
SwapFree:        3688380 kB
Dirty:             18204 kB
Writeback:             0 kB
AnonPages:       1145984 kB
Mapped:           649992 kB
Shmem:             14948 kB
KReclaimable:     435348 kB
Slab:             318580 kB
SReclaimable:      90248 kB
SUnreclaim:       228332 kB
KernelStack:       47504 kB
ShadowCallStack:   11916 kB
PageTables:        64544 kB
NFS_Unstable:          0 kB
Bounce:                0 kB
WritebackTmp:          0 kB
CommitLimit:     8677876 kB
Committed_AS:   63327364 kB
VmallocTotal:   263061440 kB
VmallocUsed:      130216 kB
VmallocChunk:          0 kB
Percpu:             2448 kB
CmaTotal:         405504 kB
CmaFree:          302128 kB
MemTotal:        7918588 kB
MemFree:         2667024 kB
MemAvailable:    4081388 kB
Buffers:            4216 kB
Cached:          1394828 kB
SwapCached:        11488 kB
Active:          1931952 kB
Inactive:         711968 kB
Active(anon):    1198672 kB
Inactive(anon):    65836 kB
Active(file):     733280 kB
Inactive(file):   646132 kB
Unevictable:        6420 kB
Mlocked:            5980 kB
SwapTotal:       4718584 kB
SwapFree:        3688380 kB
Dirty:             18212 kB
Writeback:             0 kB
AnonPages:       1246744 kB
Mapped:           650976 kB
Shmem:             14948 kB
KReclaimable:     425176 kB
Slab:             318692 kB
SReclaimable:      90248 kB
SUnreclaim:       228444 kB
KernelStack:       47520 kB
ShadowCallStack:   11904 kB
PageTables:        65304 kB
NFS_Unstable:          0 kB
Bounce:                0 kB
WritebackTmp:          0 kB
CommitLimit:     8677876 kB
Committed_AS:   63589456 kB
VmallocTotal:   263061440 kB
VmallocUsed:      130196 kB
VmallocChunk:          0 kB
Percpu:             2448 kB
CmaTotal:         405504 kB
CmaFree:          302128 kB
MemTotal:        7918588 kB
MemFree:         2577068 kB
MemAvailable:    3990508 kB
Buffers:            4216 kB
Cached:          1394848 kB
SwapCached:        11488 kB
Active:          2020844 kB
Inactive:         711988 kB
Active(anon):    1287564 kB
Inactive(anon):    65836 kB
Active(file):     733280 kB
Inactive(file):   646152 kB
Unevictable:        6420 kB
Mlocked:            5980 kB
SwapTotal:       4718584 kB
SwapFree:        3688380 kB
Dirty:             18232 kB
Writeback:             0 kB
AnonPages:       1335812 kB
Mapped:           649300 kB
Shmem:             14948 kB
KReclaimable:     424232 kB
Slab:             318724 kB
SReclaimable:      90248 kB
SUnreclaim:       228476 kB
KernelStack:       47504 kB
ShadowCallStack:   11908 kB
PageTables:        65616 kB
NFS_Unstable:          0 kB
Bounce:                0 kB
WritebackTmp:          0 kB
CommitLimit:     8677876 kB
Committed_AS:   63818788 kB
VmallocTotal:   263061440 kB
VmallocUsed:      130172 kB
VmallocChunk:          0 kB
Percpu:             2448 kB
CmaTotal:         405504 kB
CmaFree:          302132 kB
MemTotal:        7918588 kB
MemFree:         2482884 kB
MemAvailable:    3896064 kB
Buffers:            4216 kB
Cached:          1395820 kB
SwapCached:        11488 kB
Active:          2115408 kB
Inactive:         711768 kB
Active(anon):    1381168 kB
Inactive(anon):    65612 kB
Active(file):     734240 kB
Inactive(file):   646156 kB
Unevictable:        6420 kB
Mlocked:            5980 kB
SwapTotal:       4718584 kB
SwapFree:        3689404 kB
Dirty:             18168 kB
Writeback:             0 kB
AnonPages:       1429060 kB
Mapped:           650292 kB
Shmem:             14956 kB
KReclaimable:     423008 kB
Slab:             318668 kB
SReclaimable:      90248 kB
SUnreclaim:       228420 kB
KernelStack:       47392 kB
ShadowCallStack:   11872 kB
PageTables:        66228 kB
NFS_Unstable:          0 kB
Bounce:                0 kB
WritebackTmp:          0 kB
CommitLimit:     8677876 kB
Committed_AS:   64064244 kB
VmallocTotal:   263061440 kB
VmallocUsed:      130052 kB
VmallocChunk:          0 kB
Percpu:             2448 kB
CmaTotal:         405504 kB
CmaFree:          302128 kB
MemTotal:        7918588 kB
MemFree:         2385672 kB
MemAvailable:    3797412 kB
Buffers:            4216 kB
Cached:          1395824 kB
SwapCached:        11488 kB
Active:          2212012 kB
Inactive:         711768 kB
Active(anon):    1477772 kB
Inactive(anon):    65612 kB
Active(file):     734240 kB
Inactive(file):   646156 kB
Unevictable:        6420 kB
Mlocked:            5980 kB
SwapTotal:       4718584 kB
SwapFree:        3689404 kB
Dirty:             18168 kB
Writeback:             0 kB
AnonPages:       1525996 kB
Mapped:           651436 kB
Shmem:             14960 kB
KReclaimable:     421568 kB
Slab:             318700 kB
SReclaimable:      90248 kB
SUnreclaim:       228452 kB
KernelStack:       47376 kB
ShadowCallStack:   11864 kB
PageTables:        66640 kB
NFS_Unstable:          0 kB
Bounce:                0 kB
WritebackTmp:          0 kB
CommitLimit:     8677876 kB
Committed_AS:   64310004 kB
VmallocTotal:   263061440 kB
VmallocUsed:      130056 kB
VmallocChunk:          0 kB
Percpu:             2448 kB
CmaTotal:         405504 kB
CmaFree:          302128 kB
MemTotal:        7918588 kB
MemFree:         2280528 kB
MemAvailable:    3690940 kB
Buffers:            4248 kB
Cached:          1395828 kB
SwapCached:        11488 kB
Active:          2316484 kB
Inactive:         711800 kB
Active(anon):    1582244 kB
Inactive(anon):    65612 kB
Active(file):     734240 kB
Inactive(file):   646188 kB
Unevictable:        6420 kB
Mlocked:            5980 kB
SwapTotal:       4718584 kB
SwapFree:        3689404 kB
Dirty:             18168 kB
Writeback:             0 kB
AnonPages:       1630264 kB
Mapped:           652432 kB
Shmem:             14964 kB
KReclaimable:     420208 kB
Slab:             318828 kB
SReclaimable:      90248 kB
SUnreclaim:       228580 kB
KernelStack:       47376 kB
ShadowCallStack:   11868 kB
PageTables:        67160 kB
NFS_Unstable:          0 kB
Bounce:                0 kB
WritebackTmp:          0 kB
CommitLimit:     8677876 kB
Committed_AS:   64555720 kB
VmallocTotal:   263061440 kB
VmallocUsed:      130036 kB
VmallocChunk:          0 kB
Percpu:             2448 kB
CmaTotal:         405504 kB
CmaFree:          302128 kB
MemTotal:        7918588 kB
MemFree:         2181824 kB
MemAvailable:    3590796 kB
Buffers:            4248 kB
Cached:          1395828 kB
SwapCached:        11488 kB
Active:          2414804 kB
Inactive:         711796 kB
Active(anon):    1680564 kB
Inactive(anon):    65608 kB
Active(file):     734240 kB
Inactive(file):   646188 kB
Unevictable:        6420 kB
Mlocked:            5980 kB
SwapTotal:       4718584 kB
SwapFree:        3689404 kB
Dirty:             18068 kB
Writeback:             0 kB
AnonPages:       1728316 kB
Mapped:           653480 kB
Shmem:             14964 kB
KReclaimable:     418768 kB
Slab:             318848 kB
SReclaimable:      90264 kB
SUnreclaim:       228584 kB
KernelStack:       47360 kB
ShadowCallStack:   11880 kB
PageTables:        67672 kB
NFS_Unstable:          0 kB
Bounce:                0 kB
WritebackTmp:          0 kB
CommitLimit:     8677876 kB
Committed_AS:   64801476 kB
VmallocTotal:   263061440 kB
VmallocUsed:      130060 kB
VmallocChunk:          0 kB
Percpu:             2448 kB
CmaTotal:         405504 kB
CmaFree:          302128 kB
MemTotal:        7918588 kB
MemFree:         2096976 kB
MemAvailable:    3504628 kB
Buffers:            4248 kB
Cached:          1395840 kB
SwapCached:        11488 kB
Active:          2499536 kB
Inactive:         711808 kB
Active(anon):    1765296 kB
Inactive(anon):    65612 kB
Active(file):     734240 kB
Inactive(file):   646196 kB
Unevictable:        6420 kB
Mlocked:            5980 kB
SwapTotal:       4718584 kB
SwapFree:        3689404 kB
Dirty:             18076 kB
Writeback:             0 kB
AnonPages:       1813328 kB
Mapped:           654236 kB
Shmem:             14968 kB
KReclaimable:     417440 kB
Slab:             319052 kB
SReclaimable:      90264 kB
SUnreclaim:       228788 kB
KernelStack:       47376 kB
ShadowCallStack:   11876 kB
PageTables:        68088 kB
NFS_Unstable:          0 kB
Bounce:                0 kB
WritebackTmp:          0 kB
CommitLimit:     8677876 kB
Committed_AS:   64998088 kB
VmallocTotal:   263061440 kB
VmallocUsed:      130016 kB
VmallocChunk:          0 kB
Percpu:             2448 kB
CmaTotal:         405504 kB
CmaFree:          302128 kB
MemTotal:        7918588 kB
MemFree:         2008012 kB
MemAvailable:    3414504 kB
Buffers:            4248 kB
Cached:          1395840 kB
SwapCached:        11488 kB
Active:          2587864 kB
Inactive:         711808 kB
Active(anon):    1853624 kB
Inactive(anon):    65612 kB
Active(file):     734240 kB
Inactive(file):   646196 kB
Unevictable:        6420 kB
Mlocked:            5980 kB
SwapTotal:       4718584 kB
SwapFree:        3689404 kB
Dirty:             18076 kB
Writeback:             0 kB
AnonPages:       1901640 kB
Mapped:           654784 kB
Shmem:             14968 kB
KReclaimable:     416280 kB
Slab:             318920 kB
SReclaimable:      90264 kB
SUnreclaim:       228656 kB
KernelStack:       47376 kB
ShadowCallStack:   11876 kB
PageTables:        68472 kB
NFS_Unstable:          0 kB
Bounce:                0 kB
WritebackTmp:          0 kB
CommitLimit:     8677876 kB
Committed_AS:   65211080 kB
VmallocTotal:   263061440 kB
VmallocUsed:      130036 kB
VmallocChunk:          0 kB
Percpu:             2448 kB
CmaTotal:         405504 kB
CmaFree:          302128 kB
MemTotal:        7918588 kB
MemFree:         1907416 kB
MemAvailable:    3312580 kB
Buffers:            4248 kB
Cached:          1395840 kB
SwapCached:        11488 kB
Active:          2686844 kB
Inactive:         711808 kB
Active(anon):    1952604 kB
Inactive(anon):    65612 kB
Active(file):     734240 kB
Inactive(file):   646196 kB
Unevictable:        6420 kB
Mlocked:            5980 kB
SwapTotal:       4718584 kB
SwapFree:        3689404 kB
Dirty:             18076 kB
Writeback:             0 kB
AnonPages:       2000604 kB
Mapped:           655880 kB
Shmem:             14968 kB
KReclaimable:     414952 kB
Slab:             319000 kB
SReclaimable:      90264 kB
SUnreclaim:       228736 kB
KernelStack:       47360 kB
ShadowCallStack:   11852 kB
PageTables:        69012 kB
NFS_Unstable:          0 kB
Bounce:                0 kB
WritebackTmp:          0 kB
CommitLimit:     8677876 kB
Committed_AS:   65473224 kB
VmallocTotal:   263061440 kB
VmallocUsed:      130052 kB
VmallocChunk:          0 kB
Percpu:             2448 kB
CmaTotal:         405504 kB
CmaFree:          302128 kB
MemTotal:        7918588 kB
MemFree:         1833936 kB
MemAvailable:    3238508 kB
Buffers:            4248 kB
Cached:          1395868 kB
SwapCached:        11488 kB
Active:          2760476 kB
Inactive:         711808 kB
Active(anon):    2026236 kB
Inactive(anon):    65612 kB
Active(file):     734240 kB
Inactive(file):   646196 kB
Unevictable:        6420 kB
Mlocked:            5980 kB
SwapTotal:       4718584 kB
SwapFree:        3689404 kB
Dirty:             18076 kB
Writeback:             0 kB
AnonPages:       2074268 kB
Mapped:           656352 kB
Shmem:             14996 kB
KReclaimable:     414360 kB
Slab:             319116 kB
SReclaimable:      90264 kB
SUnreclaim:       228852 kB
KernelStack:       47376 kB
ShadowCallStack:   11888 kB
PageTables:        69452 kB
NFS_Unstable:          0 kB
Bounce:                0 kB
WritebackTmp:          0 kB
CommitLimit:     8677876 kB
Committed_AS:   65637092 kB
VmallocTotal:   263061440 kB
VmallocUsed:      130056 kB
VmallocChunk:          0 kB
Percpu:             2448 kB
CmaTotal:         405504 kB
CmaFree:          302128 kB
MemTotal:        7918588 kB
MemFree:         1776556 kB
MemAvailable:    3180584 kB
Buffers:            4256 kB
Cached:          1395876 kB
SwapCached:        11488 kB
Active:          2817464 kB
Inactive:         711824 kB
Active(anon):    2083224 kB
Inactive(anon):    65612 kB
Active(file):     734240 kB
Inactive(file):   646212 kB
Unevictable:        6420 kB
Mlocked:            5980 kB
SwapTotal:       4718584 kB
SwapFree:        3689404 kB
Dirty:             18088 kB
Writeback:             0 kB
AnonPages:       2131188 kB
Mapped:           656708 kB
Shmem:             14996 kB
KReclaimable:     413800 kB
Slab:             319136 kB
SReclaimable:      90264 kB
SUnreclaim:       228872 kB
KernelStack:       47376 kB
ShadowCallStack:   11868 kB
PageTables:        69580 kB
NFS_Unstable:          0 kB
Bounce:                0 kB
WritebackTmp:          0 kB
CommitLimit:     8677876 kB
Committed_AS:   65751724 kB
VmallocTotal:   263061440 kB
VmallocUsed:      129984 kB
VmallocChunk:          0 kB
Percpu:             2448 kB
CmaTotal:         405504 kB
CmaFree:          302128 kB
MemTotal:        7918588 kB
MemFree:         1693528 kB
MemAvailable:    3096236 kB
Buffers:            4264 kB
Cached:          1395868 kB
SwapCached:        11488 kB
Active:          2900548 kB
Inactive:         711820 kB
Active(anon):    2166308 kB
Inactive(anon):    65608 kB
Active(file):     734240 kB
Inactive(file):   646212 kB
Unevictable:        6420 kB
Mlocked:            5980 kB
SwapTotal:       4718584 kB
SwapFree:        3689404 kB
Dirty:             18088 kB
Writeback:             0 kB
AnonPages:       2214308 kB
Mapped:           657620 kB
Shmem:             14996 kB
KReclaimable:     412480 kB
Slab:             319168 kB
SReclaimable:      90264 kB
SUnreclaim:       228904 kB
KernelStack:       47376 kB
ShadowCallStack:   11868 kB
PageTables:        69904 kB
NFS_Unstable:          0 kB
Bounce:                0 kB
WritebackTmp:          0 kB
CommitLimit:     8677876 kB
Committed_AS:   65948376 kB
VmallocTotal:   263061440 kB
VmallocUsed:      130036 kB
VmallocChunk:          0 kB
Percpu:             2448 kB
CmaTotal:         405504 kB
CmaFree:          302128 kB
MemTotal:        7918588 kB
MemFree:         1624796 kB
MemAvailable:    2965784 kB
Buffers:            4264 kB
Cached:          1395880 kB
SwapCached:        11488 kB
Active:          2967428 kB
Inactive:         711820 kB
Active(anon):    2233188 kB
Inactive(anon):    65600 kB
Active(file):     734240 kB
Inactive(file):   646220 kB
Unevictable:        6420 kB
Mlocked:            5980 kB
SwapTotal:       4718584 kB
SwapFree:        3689660 kB
Dirty:             18152 kB
Writeback:             0 kB
AnonPages:       2280932 kB
Mapped:           657988 kB
Shmem:             15000 kB
KReclaimable:     350752 kB
Slab:             319196 kB
SReclaimable:      90264 kB
SUnreclaim:       228932 kB
KernelStack:       47360 kB
ShadowCallStack:   11864 kB
PageTables:        70608 kB
NFS_Unstable:          0 kB
Bounce:                0 kB
WritebackTmp:          0 kB
CommitLimit:     8677876 kB
Committed_AS:   66112176 kB
VmallocTotal:   263061440 kB
VmallocUsed:      130012 kB
VmallocChunk:          0 kB
Percpu:             2448 kB
CmaTotal:         405504 kB
CmaFree:          246636 kB
MemTotal:        7918588 kB
MemFree:         1563984 kB
MemAvailable:    2904308 kB
Buffers:            4264 kB
Cached:          1395888 kB
SwapCached:        11488 kB
Active:          3028912 kB
Inactive:         711800 kB
Active(anon):    2294672 kB
Inactive(anon):    65580 kB
Active(file):     734240 kB
Inactive(file):   646220 kB
Unevictable:        6420 kB
Mlocked:            5980 kB
SwapTotal:       4718584 kB
SwapFree:        3689660 kB
Dirty:             18152 kB
Writeback:             0 kB
AnonPages:       2342532 kB
Mapped:           658416 kB
Shmem:             15008 kB
KReclaimable:     350088 kB
Slab:             319356 kB
SReclaimable:      90264 kB
SUnreclaim:       229092 kB
KernelStack:       47392 kB
ShadowCallStack:   11868 kB
PageTables:        70916 kB
NFS_Unstable:          0 kB
Bounce:                0 kB
WritebackTmp:          0 kB
CommitLimit:     8677876 kB
Committed_AS:   66243256 kB
VmallocTotal:   263061440 kB
VmallocUsed:      130016 kB
VmallocChunk:          0 kB
Percpu:             2448 kB
CmaTotal:         405504 kB
CmaFree:          186804 kB
MemTotal:        7918588 kB
MemFree:         1487796 kB
MemAvailable:    2827228 kB
Buffers:            4288 kB
Cached:          1395888 kB
SwapCached:        11488 kB
Active:          3103836 kB
Inactive:         711828 kB
Active(anon):    2369596 kB
Inactive(anon):    65588 kB
Active(file):     734240 kB
Inactive(file):   646240 kB
Unevictable:        6420 kB
Mlocked:            5980 kB
SwapTotal:       4718584 kB
SwapFree:        3689660 kB
Dirty:             18152 kB
Writeback:            20 kB
AnonPages:       2417292 kB
Mapped:           659192 kB
Shmem:             15012 kB
KReclaimable:     349176 kB
Slab:             319284 kB
SReclaimable:      90264 kB
SUnreclaim:       229020 kB
KernelStack:       47376 kB
ShadowCallStack:   11868 kB
PageTables:        71140 kB
NFS_Unstable:          0 kB
Bounce:                0 kB
WritebackTmp:          0 kB
CommitLimit:     8677876 kB
Committed_AS:   66424508 kB
VmallocTotal:   263061440 kB
VmallocUsed:      130016 kB
VmallocChunk:          0 kB
Percpu:             2448 kB
CmaTotal:         405504 kB
CmaFree:          111256 kB
MemTotal:        7918588 kB
MemFree:         1429504 kB
MemAvailable:    2768228 kB
Buffers:            4288 kB
Cached:          1395900 kB
SwapCached:        11488 kB
Active:          3162728 kB
Inactive:         711840 kB
Active(anon):    2428488 kB
Inactive(anon):    65588 kB
Active(file):     734240 kB
Inactive(file):   646252 kB
Unevictable:        6420 kB
Mlocked:            5980 kB
SwapTotal:       4718584 kB
SwapFree:        3689916 kB
Dirty:             17212 kB
Writeback:             0 kB
AnonPages:       2476412 kB
Mapped:           659596 kB
Shmem:             15012 kB
KReclaimable:     348456 kB
Slab:             319360 kB
SReclaimable:      90248 kB
SUnreclaim:       229112 kB
KernelStack:       47360 kB
ShadowCallStack:   11864 kB
PageTables:        71484 kB
NFS_Unstable:          0 kB
Bounce:                0 kB
WritebackTmp:          0 kB
CommitLimit:     8677876 kB
Committed_AS:   66555580 kB
VmallocTotal:   263061440 kB
VmallocUsed:      130012 kB
VmallocChunk:          0 kB
Percpu:             2448 kB
CmaTotal:         405504 kB
CmaFree:           52984 kB
MemTotal:        7918588 kB
MemFree:         1375032 kB
MemAvailable:    2713160 kB
Buffers:            4288 kB
Cached:          1396072 kB
SwapCached:        11488 kB
Active:          3217468 kB
Inactive:         711840 kB
Active(anon):    2483056 kB
Inactive(anon):    65588 kB
Active(file):     734412 kB
Inactive(file):   646252 kB
Unevictable:        6420 kB
Mlocked:            5980 kB
SwapTotal:       4718584 kB
SwapFree:        3689916 kB
Dirty:             17212 kB
Writeback:             0 kB
AnonPages:       2530760 kB
Mapped:           660108 kB
Shmem:             15012 kB
KReclaimable:     347688 kB
Slab:             319268 kB
SReclaimable:      90248 kB
SUnreclaim:       229020 kB
KernelStack:       47360 kB
ShadowCallStack:   11864 kB
PageTables:        71616 kB
NFS_Unstable:          0 kB
Bounce:                0 kB
WritebackTmp:          0 kB
CommitLimit:     8677876 kB
Committed_AS:   66686652 kB
VmallocTotal:   263061440 kB
VmallocUsed:      130016 kB
VmallocChunk:          0 kB
Percpu:             2448 kB
CmaTotal:         405504 kB
CmaFree:               0 kB
MemTotal:        7918588 kB
MemFree:         1302556 kB
MemAvailable:    2640060 kB
Buffers:            4288 kB
Cached:          1396224 kB
SwapCached:        11488 kB
Active:          3290192 kB
Inactive:         711844 kB
Active(anon):    2555628 kB
Inactive(anon):    65592 kB
Active(file):     734564 kB
Inactive(file):   646252 kB
Unevictable:        6420 kB
Mlocked:            5980 kB
SwapTotal:       4718584 kB
SwapFree:        3689916 kB
Dirty:             17228 kB
Writeback:             0 kB
AnonPages:       2603512 kB
Mapped:           660644 kB
Shmem:             15012 kB
KReclaimable:     346912 kB
Slab:             319500 kB
SReclaimable:      90248 kB
SUnreclaim:       229252 kB
KernelStack:       47312 kB
ShadowCallStack:   11872 kB
PageTables:        72028 kB
NFS_Unstable:          0 kB
Bounce:                0 kB
WritebackTmp:          0 kB
CommitLimit:     8677876 kB
Committed_AS:   66850492 kB
VmallocTotal:   263061440 kB
VmallocUsed:      129980 kB
VmallocChunk:          0 kB
Percpu:             2448 kB
CmaTotal:         405504 kB
CmaFree:               0 kB
MemTotal:        7918588 kB
MemFree:         1230216 kB
MemAvailable:    2567008 kB
Buffers:            4288 kB
Cached:          1396224 kB
SwapCached:        11488 kB
Active:          3362124 kB
Inactive:         711836 kB
Active(anon):    2627560 kB
Inactive(anon):    65584 kB
Active(file):     734564 kB
Inactive(file):   646252 kB
Unevictable:        6420 kB
Mlocked:            5980 kB
SwapTotal:       4718584 kB
SwapFree:        3689916 kB
Dirty:             17240 kB
Writeback:             0 kB
AnonPages:       2675504 kB
Mapped:           661100 kB
Shmem:             15012 kB
KReclaimable:     346200 kB
Slab:             319528 kB
SReclaimable:      90248 kB
SUnreclaim:       229280 kB
KernelStack:       47344 kB
ShadowCallStack:   11860 kB
PageTables:        72392 kB
NFS_Unstable:          0 kB
Bounce:                0 kB
WritebackTmp:          0 kB
CommitLimit:     8677876 kB
Committed_AS:   67014332 kB
VmallocTotal:   263061440 kB
VmallocUsed:      129972 kB
VmallocChunk:          0 kB
Percpu:             2448 kB
CmaTotal:         405504 kB
CmaFree:               0 kB
MemTotal:        7918588 kB
MemFree:         1181032 kB
MemAvailable:    2517224 kB
Buffers:            4288 kB
Cached:          1396224 kB
SwapCached:        11488 kB
Active:          3410524 kB
Inactive:         711836 kB
Active(anon):    2675960 kB
Inactive(anon):    65584 kB
Active(file):     734564 kB
Inactive(file):   646252 kB
Unevictable:        6420 kB
Mlocked:            5980 kB
SwapTotal:       4718584 kB
SwapFree:        3689916 kB
Dirty:             17240 kB
Writeback:             0 kB
AnonPages:       2724008 kB
Mapped:           661372 kB
Shmem:             15012 kB
KReclaimable:     345600 kB
Slab:             319500 kB
SReclaimable:      90248 kB
SUnreclaim:       229252 kB
KernelStack:       47312 kB
ShadowCallStack:   11864 kB
PageTables:        72512 kB
NFS_Unstable:          0 kB
Bounce:                0 kB
WritebackTmp:          0 kB
CommitLimit:     8677876 kB
Committed_AS:   67112636 kB
VmallocTotal:   263061440 kB
VmallocUsed:      129976 kB
VmallocChunk:          0 kB
Percpu:             2448 kB
CmaTotal:         405504 kB
CmaFree:               0 kB
MemTotal:        7918588 kB
MemFree:         1111956 kB
MemAvailable:    2447452 kB
Buffers:            4296 kB
Cached:          1396240 kB
SwapCached:        11488 kB
Active:          3479484 kB
Inactive:         711852 kB
Active(anon):    2744920 kB
Inactive(anon):    65584 kB
Active(file):     734564 kB
Inactive(file):   646268 kB
Unevictable:        6420 kB
Mlocked:            5980 kB
SwapTotal:       4718584 kB
SwapFree:        3689916 kB
Dirty:               344 kB
Writeback:             0 kB
AnonPages:       2792828 kB
Mapped:           661908 kB
Shmem:             15020 kB
KReclaimable:     344888 kB
Slab:             319580 kB
SReclaimable:      90248 kB
SUnreclaim:       229332 kB
KernelStack:       47344 kB
ShadowCallStack:   11864 kB
PageTables:        72880 kB
NFS_Unstable:          0 kB
Bounce:                0 kB
WritebackTmp:          0 kB
CommitLimit:     8677876 kB
Committed_AS:   67276484 kB
VmallocTotal:   263061440 kB
VmallocUsed:      129972 kB
VmallocChunk:          0 kB
Percpu:             2448 kB
CmaTotal:         405504 kB
CmaFree:               0 kB
MemTotal:        7918588 kB
MemFree:         1046816 kB
MemAvailable:    2381528 kB
Buffers:            4296 kB
Cached:          1396240 kB
SwapCached:        11488 kB
Active:          3544444 kB
Inactive:         711860 kB
Active(anon):    2809880 kB
Inactive(anon):    65592 kB
Active(file):     734564 kB
Inactive(file):   646268 kB
Unevictable:        6420 kB
Mlocked:            5980 kB
SwapTotal:       4718584 kB
SwapFree:        3689916 kB
Dirty:               360 kB
Writeback:             0 kB
AnonPages:       2857712 kB
Mapped:           662448 kB
Shmem:             15020 kB
KReclaimable:     344104 kB
Slab:             319588 kB
SReclaimable:      90248 kB
SUnreclaim:       229340 kB
KernelStack:       47328 kB
ShadowCallStack:   11864 kB
PageTables:        73112 kB
NFS_Unstable:          0 kB
Bounce:                0 kB
WritebackTmp:          0 kB
CommitLimit:     8677876 kB
Committed_AS:   67423940 kB
VmallocTotal:   263061440 kB
VmallocUsed:      129980 kB
VmallocChunk:          0 kB
Percpu:             2448 kB
CmaTotal:         405504 kB
CmaFree:               0 kB
MemTotal:        7918588 kB
MemFree:          993972 kB
MemAvailable:    2327996 kB
Buffers:            4296 kB
Cached:          1396240 kB
SwapCached:        11488 kB
Active:          3597608 kB
Inactive:         711852 kB
Active(anon):    2863044 kB
Inactive(anon):    65584 kB
Active(file):     734564 kB
Inactive(file):   646268 kB
Unevictable:        6420 kB
Mlocked:            5980 kB
SwapTotal:       4718584 kB
SwapFree:        3689916 kB
Dirty:               360 kB
Writeback:             0 kB
AnonPages:       2911000 kB
Mapped:           662764 kB
Shmem:             15020 kB
KReclaimable:     343416 kB
Slab:             319636 kB
SReclaimable:      90248 kB
SUnreclaim:       229388 kB
KernelStack:       47312 kB
ShadowCallStack:   11852 kB
PageTables:        73428 kB
NFS_Unstable:          0 kB
Bounce:                0 kB
WritebackTmp:          0 kB
CommitLimit:     8677876 kB
Committed_AS:   67538628 kB
VmallocTotal:   263061440 kB
VmallocUsed:      129980 kB
VmallocChunk:          0 kB
Percpu:             2448 kB
CmaTotal:         405504 kB
CmaFree:               0 kB
MemTotal:        7918588 kB
MemFree:          925648 kB
MemAvailable:    2258936 kB
Buffers:            4296 kB
Cached:          1396240 kB
SwapCached:        11488 kB
Active:          3665340 kB
Inactive:         711852 kB
Active(anon):    2930776 kB
Inactive(anon):    65584 kB
Active(file):     734564 kB
Inactive(file):   646268 kB
Unevictable:        6420 kB
Mlocked:            5980 kB
SwapTotal:       4718584 kB
SwapFree:        3690172 kB
Dirty:               372 kB
Writeback:             0 kB
AnonPages:       2978892 kB
Mapped:           663352 kB
Shmem:             15020 kB
KReclaimable:     342680 kB
Slab:             319728 kB
SReclaimable:      90248 kB
SUnreclaim:       229480 kB
KernelStack:       47344 kB
ShadowCallStack:   11860 kB
PageTables:        73792 kB
NFS_Unstable:          0 kB
Bounce:                0 kB
WritebackTmp:          0 kB
CommitLimit:     8677876 kB
Committed_AS:   67702468 kB
VmallocTotal:   263061440 kB
VmallocUsed:      129980 kB
VmallocChunk:          0 kB
Percpu:             2448 kB
CmaTotal:         405504 kB
CmaFree:               0 kB
MemTotal:        7918588 kB
MemFree:          865752 kB
MemAvailable:    2198220 kB
Buffers:            4320 kB
Cached:          1396236 kB
SwapCached:        11488 kB
Active:          3723572 kB
Inactive:         711872 kB
Active(anon):    2989008 kB
Inactive(anon):    65584 kB
Active(file):     734564 kB
Inactive(file):   646288 kB
Unevictable:        6420 kB
Mlocked:            5980 kB
SwapTotal:       4718584 kB
SwapFree:        3690172 kB
Dirty:               376 kB
Writeback:            20 kB
AnonPages:       3037044 kB
Mapped:           663920 kB
Shmem:             15020 kB
KReclaimable:     341840 kB
Slab:             319716 kB
SReclaimable:      90248 kB
SUnreclaim:       229468 kB
KernelStack:       47360 kB
ShadowCallStack:   11864 kB
PageTables:        73864 kB
NFS_Unstable:          0 kB
Bounce:                0 kB
WritebackTmp:          0 kB
CommitLimit:     8677876 kB
Committed_AS:   67849928 kB
VmallocTotal:   263061440 kB
VmallocUsed:      130000 kB
VmallocChunk:          0 kB
Percpu:             2448 kB
CmaTotal:         405504 kB
CmaFree:               0 kB
MemTotal:        7918588 kB
MemFree:          811452 kB
MemAvailable:    2143240 kB
Buffers:            4320 kB
Cached:          1396244 kB
SwapCached:        11488 kB
Active:          3778996 kB
Inactive:         711872 kB
Active(anon):    3044432 kB
Inactive(anon):    65576 kB
Active(file):     734564 kB
Inactive(file):   646296 kB
Unevictable:        6420 kB
Mlocked:            5980 kB
SwapTotal:       4718584 kB
SwapFree:        3690172 kB
Dirty:               416 kB
Writeback:             0 kB
AnonPages:       3092320 kB
Mapped:           664284 kB
Shmem:             15020 kB
KReclaimable:     341152 kB
Slab:             319808 kB
SReclaimable:      90248 kB
SUnreclaim:       229560 kB
KernelStack:       47376 kB
ShadowCallStack:   11864 kB
PageTables:        74364 kB
NFS_Unstable:          0 kB
Bounce:                0 kB
WritebackTmp:          0 kB
CommitLimit:     8677876 kB
Committed_AS:   67981000 kB
VmallocTotal:   263061440 kB
VmallocUsed:      129980 kB
VmallocChunk:          0 kB
Percpu:             2448 kB
CmaTotal:         405504 kB
CmaFree:               0 kB
MemTotal:        7918588 kB
MemFree:          749384 kB
MemAvailable:    2080456 kB
Buffers:            4328 kB
Cached:          1396248 kB
SwapCached:        11488 kB
Active:          3839808 kB
Inactive:         711892 kB
Active(anon):    3105244 kB
Inactive(anon):    65584 kB
Active(file):     734564 kB
Inactive(file):   646308 kB
Unevictable:        6420 kB
Mlocked:            5980 kB
SwapTotal:       4718584 kB
SwapFree:        3690172 kB
Dirty:               488 kB
Writeback:             0 kB
AnonPages:       3153260 kB
Mapped:           664812 kB
Shmem:             15020 kB
KReclaimable:     340424 kB
Slab:             319904 kB
SReclaimable:      90248 kB
SUnreclaim:       229656 kB
KernelStack:       47344 kB
ShadowCallStack:   11868 kB
PageTables:        74524 kB
NFS_Unstable:          0 kB
Bounce:                0 kB
WritebackTmp:          0 kB
CommitLimit:     8677876 kB
Committed_AS:   68112072 kB
VmallocTotal:   263061440 kB
VmallocUsed:      129988 kB
VmallocChunk:          0 kB
Percpu:             2448 kB
CmaTotal:         405504 kB
CmaFree:               0 kB
MemTotal:        7918588 kB
MemFree:          699472 kB
MemAvailable:    2029872 kB
Buffers:            4328 kB
Cached:          1396248 kB
SwapCached:        11488 kB
Active:          3889388 kB
Inactive:         711892 kB
Active(anon):    3154824 kB
Inactive(anon):    65584 kB
Active(file):     734564 kB
Inactive(file):   646308 kB
Unevictable:        6420 kB
Mlocked:            5980 kB
SwapTotal:       4718584 kB
SwapFree:        3690428 kB
Dirty:               496 kB
Writeback:             0 kB
AnonPages:       3202740 kB
Mapped:           665164 kB
Shmem:             15020 kB
KReclaimable:     339752 kB
Slab:             320000 kB
SReclaimable:      90248 kB
SUnreclaim:       229752 kB
KernelStack:       47344 kB
ShadowCallStack:   11860 kB
PageTables:        74756 kB
NFS_Unstable:          0 kB
Bounce:                0 kB
WritebackTmp:          0 kB
CommitLimit:     8677876 kB
Committed_AS:   68226708 kB
VmallocTotal:   263061440 kB
VmallocUsed:      129976 kB
VmallocChunk:          0 kB
Percpu:             2448 kB
CmaTotal:         405504 kB
CmaFree:               0 kB
MemTotal:        7918588 kB
MemFree:          637660 kB
MemAvailable:    1967420 kB
Buffers:            4328 kB
Cached:          1396248 kB
SwapCached:        11488 kB
Active:          3951460 kB
Inactive:         711892 kB
Active(anon):    3216896 kB
Inactive(anon):    65584 kB
Active(file):     734564 kB
Inactive(file):   646308 kB
Unevictable:        6420 kB
Mlocked:            5980 kB
SwapTotal:       4718584 kB
SwapFree:        3690428 kB
Dirty:               508 kB
Writeback:             0 kB
AnonPages:       3264984 kB
Mapped:           665584 kB
Shmem:             15020 kB
KReclaimable:     339112 kB
Slab:             319936 kB
SReclaimable:      90248 kB
SUnreclaim:       229688 kB
KernelStack:       47296 kB
ShadowCallStack:   11868 kB
PageTables:        75048 kB
NFS_Unstable:          0 kB
Bounce:                0 kB
WritebackTmp:          0 kB
CommitLimit:     8677876 kB
Committed_AS:   68374164 kB
VmallocTotal:   263061440 kB
VmallocUsed:      129972 kB
VmallocChunk:          0 kB
Percpu:             2448 kB
CmaTotal:         405504 kB
CmaFree:               0 kB
MemTotal:        7918588 kB
MemFree:          581200 kB
MemAvailable:    1910292 kB
Buffers:            4328 kB
Cached:          1396256 kB
SwapCached:        11488 kB
Active:          4007640 kB
Inactive:         711892 kB
Active(anon):    3273072 kB
Inactive(anon):    65584 kB
Active(file):     734568 kB
Inactive(file):   646308 kB
Unevictable:        6420 kB
Mlocked:            5980 kB
SwapTotal:       4718584 kB
SwapFree:        3690428 kB
Dirty:               528 kB
Writeback:             0 kB
AnonPages:       3321016 kB
Mapped:           666272 kB
Shmem:             15024 kB
KReclaimable:     338440 kB
Slab:             319972 kB
SReclaimable:      90248 kB
SUnreclaim:       229724 kB
KernelStack:       47328 kB
ShadowCallStack:   11856 kB
PageTables:        75296 kB
NFS_Unstable:          0 kB
Bounce:                0 kB
WritebackTmp:          0 kB
CommitLimit:     8677876 kB
Committed_AS:   68488852 kB
VmallocTotal:   263061440 kB
VmallocUsed:      129972 kB
VmallocChunk:          0 kB
Percpu:             2448 kB
CmaTotal:         405504 kB
CmaFree:               0 kB
MemTotal:        7918588 kB
MemFree:          535816 kB
MemAvailable:    1864332 kB
Buffers:            4336 kB
Cached:          1396376 kB
SwapCached:        11488 kB
Active:          4052868 kB
Inactive:         711904 kB
Active(anon):    3318184 kB
Inactive(anon):    65584 kB
Active(file):     734684 kB
Inactive(file):   646320 kB
Unevictable:        6420 kB
Mlocked:            5980 kB
SwapTotal:       4718584 kB
SwapFree:        3690428 kB
Dirty:               532 kB
Writeback:             0 kB
AnonPages:       3366124 kB
Mapped:           666704 kB
Shmem:             15024 kB
KReclaimable:     337736 kB
Slab:             319928 kB
SReclaimable:      90248 kB
SUnreclaim:       229680 kB
KernelStack:       47344 kB
ShadowCallStack:   11856 kB
PageTables:        75428 kB
NFS_Unstable:          0 kB
Bounce:                0 kB
WritebackTmp:          0 kB
CommitLimit:     8677876 kB
Committed_AS:   68587160 kB
VmallocTotal:   263061440 kB
VmallocUsed:      129980 kB
VmallocChunk:          0 kB
Percpu:             2448 kB
CmaTotal:         405504 kB
CmaFree:               0 kB
MemTotal:        7918588 kB
MemFree:          478596 kB
MemAvailable:    1806528 kB
Buffers:            4336 kB
Cached:          1396384 kB
SwapCached:        11488 kB
Active:          4109924 kB
Inactive:         711912 kB
Active(anon):    3375240 kB
Inactive(anon):    65584 kB
Active(file):     734684 kB
Inactive(file):   646328 kB
Unevictable:        6420 kB
Mlocked:            5980 kB
SwapTotal:       4718584 kB
SwapFree:        3690428 kB
Dirty:               536 kB
Writeback:             0 kB
AnonPages:       3423116 kB
Mapped:           667068 kB
Shmem:             15024 kB
KReclaimable:     337144 kB
Slab:             320088 kB
SReclaimable:      90248 kB
SUnreclaim:       229840 kB
KernelStack:       47344 kB
ShadowCallStack:   11868 kB
PageTables:        75704 kB
NFS_Unstable:          0 kB
Bounce:                0 kB
WritebackTmp:          0 kB
CommitLimit:     8677876 kB
Committed_AS:   68701844 kB
VmallocTotal:   263061440 kB
VmallocUsed:      129944 kB
VmallocChunk:          0 kB
Percpu:             2448 kB
CmaTotal:         405504 kB
CmaFree:               0 kB
MemTotal:        7918588 kB
MemFree:          415560 kB
MemAvailable:    1742756 kB
Buffers:            4336 kB
Cached:          1396384 kB
SwapCached:        11488 kB
Active:          4172184 kB
Inactive:         711912 kB
Active(anon):    3437500 kB
Inactive(anon):    65584 kB
Active(file):     734684 kB
Inactive(file):   646328 kB
Unevictable:        6420 kB
Mlocked:            5980 kB
SwapTotal:       4718584 kB
SwapFree:        3690428 kB
Dirty:               556 kB
Writeback:             0 kB
AnonPages:       3485384 kB
Mapped:           667528 kB
Shmem:             15024 kB
KReclaimable:     336408 kB
Slab:             320144 kB
SReclaimable:      90248 kB
SUnreclaim:       229896 kB
KernelStack:       47328 kB
ShadowCallStack:   11872 kB
PageTables:        75972 kB
NFS_Unstable:          0 kB
Bounce:                0 kB
WritebackTmp:          0 kB
CommitLimit:     8677876 kB
Committed_AS:   68849300 kB
VmallocTotal:   263061440 kB
VmallocUsed:      129972 kB
VmallocChunk:          0 kB
Percpu:             2448 kB
CmaTotal:         405504 kB
CmaFree:               0 kB
MemTotal:        7918588 kB
MemFree:          374992 kB
MemAvailable:    1701652 kB
Buffers:            4336 kB
Cached:          1396384 kB
SwapCached:        11488 kB
Active:          4212156 kB
Inactive:         711912 kB
Active(anon):    3477472 kB
Inactive(anon):    65584 kB
Active(file):     734684 kB
Inactive(file):   646328 kB
Unevictable:        6420 kB
Mlocked:            5980 kB
SwapTotal:       4718584 kB
SwapFree:        3690428 kB
Dirty:               580 kB
Writeback:             0 kB
AnonPages:       3525364 kB
Mapped:           667984 kB
Shmem:             15024 kB
KReclaimable:     335872 kB
Slab:             320108 kB
SReclaimable:      90248 kB
SUnreclaim:       229860 kB
KernelStack:       47328 kB
ShadowCallStack:   11856 kB
PageTables:        76160 kB
NFS_Unstable:          0 kB
Bounce:                0 kB
WritebackTmp:          0 kB
CommitLimit:     8677876 kB
Committed_AS:   68931180 kB
VmallocTotal:   263061440 kB
VmallocUsed:      129944 kB
VmallocChunk:          0 kB
Percpu:             2448 kB
CmaTotal:         405504 kB
CmaFree:               0 kB
MemTotal:        7918588 kB
MemFree:          320060 kB
MemAvailable:    1646128 kB
Buffers:            4360 kB
Cached:          1396384 kB
SwapCached:        11488 kB
Active:          4267232 kB
Inactive:         711936 kB
Active(anon):    3532548 kB
Inactive(anon):    65584 kB
Active(file):     734684 kB
Inactive(file):   646352 kB
Unevictable:        6420 kB
Mlocked:            5980 kB
SwapTotal:       4718584 kB
SwapFree:        3690428 kB
Dirty:               596 kB
Writeback:             0 kB
AnonPages:       3580292 kB
Mapped:           668448 kB
Shmem:             15024 kB
KReclaimable:     335256 kB
Slab:             320232 kB
SReclaimable:      90248 kB
SUnreclaim:       229984 kB
KernelStack:       47152 kB
ShadowCallStack:   11820 kB
PageTables:        76428 kB
NFS_Unstable:          0 kB
Bounce:                0 kB
WritebackTmp:          0 kB
CommitLimit:     8677876 kB
Committed_AS:   69078632 kB
VmallocTotal:   263061440 kB
VmallocUsed:      129736 kB
VmallocChunk:          0 kB
Percpu:             2448 kB
CmaTotal:         405504 kB
CmaFree:               0 kB
MemTotal:        7918588 kB
MemFree:          261540 kB
MemAvailable:    1586944 kB
Buffers:            4360 kB
Cached:          1396396 kB
SwapCached:        11488 kB
Active:          4324564 kB
Inactive:         711944 kB
Active(anon):    3589880 kB
Inactive(anon):    65584 kB
Active(file):     734684 kB
Inactive(file):   646360 kB
Unevictable:        6420 kB
Mlocked:            5980 kB
SwapTotal:       4718584 kB
SwapFree:        3690428 kB
Dirty:               584 kB
Writeback:             0 kB
AnonPages:       3637752 kB
Mapped:           668804 kB
Shmem:             15028 kB
KReclaimable:     334584 kB
Slab:             320236 kB
SReclaimable:      90248 kB
SUnreclaim:       229988 kB
KernelStack:       47136 kB
ShadowCallStack:   11816 kB
PageTables:        76640 kB
NFS_Unstable:          0 kB
Bounce:                0 kB
WritebackTmp:          0 kB
CommitLimit:     8677876 kB
Committed_AS:   69209712 kB
VmallocTotal:   263061440 kB
VmallocUsed:      129732 kB
VmallocChunk:          0 kB
Percpu:             2448 kB
CmaTotal:         405504 kB
CmaFree:               0 kB
MemTotal:        7918588 kB
MemFree:          229792 kB
MemAvailable:    1554732 kB
Buffers:            4360 kB
Cached:          1396396 kB
SwapCached:        11488 kB
Active:          4356292 kB
Inactive:         711940 kB
Active(anon):    3621608 kB
Inactive(anon):    65580 kB
Active(file):     734684 kB
Inactive(file):   646360 kB
Unevictable:        6420 kB
Mlocked:            5980 kB
SwapTotal:       4718584 kB
SwapFree:        3690428 kB
Dirty:               588 kB
Writeback:             0 kB
AnonPages:       3669540 kB
Mapped:           669076 kB
Shmem:             15028 kB
KReclaimable:     334120 kB
Slab:             320136 kB
SReclaimable:      90248 kB
SUnreclaim:       229888 kB
KernelStack:       47120 kB
ShadowCallStack:   11836 kB
PageTables:        76768 kB
NFS_Unstable:          0 kB
Bounce:                0 kB
WritebackTmp:          0 kB
CommitLimit:     8677876 kB
Committed_AS:   69291628 kB
VmallocTotal:   263061440 kB
VmallocUsed:      129736 kB
VmallocChunk:          0 kB
Percpu:             2448 kB
CmaTotal:         405504 kB
CmaFree:               0 kB
MemTotal:        7918588 kB
MemFree:          172304 kB
MemAvailable:    1496508 kB
Buffers:            4360 kB
Cached:          1396396 kB
SwapCached:        11488 kB
Active:          4414252 kB
Inactive:         711944 kB
Active(anon):    3679568 kB
Inactive(anon):    65584 kB
Active(file):     734684 kB
Inactive(file):   646360 kB
Unevictable:        6420 kB
Mlocked:            5980 kB
SwapTotal:       4718584 kB
SwapFree:        3690428 kB
Dirty:               592 kB
Writeback:             0 kB
AnonPages:       3727588 kB
Mapped:           669704 kB
Shmem:             15028 kB
KReclaimable:     333384 kB
Slab:             320268 kB
SReclaimable:      90248 kB
SUnreclaim:       230020 kB
KernelStack:       47120 kB
ShadowCallStack:   11804 kB
PageTables:        77056 kB
NFS_Unstable:          0 kB
Bounce:                0 kB
WritebackTmp:          0 kB
CommitLimit:     8677876 kB
Committed_AS:   69422544 kB
VmallocTotal:   263061440 kB
VmallocUsed:      129676 kB
VmallocChunk:          0 kB
Percpu:             2448 kB
CmaTotal:         405504 kB
CmaFree:               0 kB
MemTotal:        7918588 kB
MemFree:          171436 kB
MemAvailable:    1453216 kB
Buffers:            2568 kB
Cached:          1361736 kB
SwapCached:        11488 kB
Active:          4486248 kB
Inactive:         664892 kB
Active(anon):    3742248 kB
Inactive(anon):    64308 kB
Active(file):     744000 kB
Inactive(file):   600584 kB
Unevictable:        6420 kB
Mlocked:            5980 kB
SwapTotal:       4718584 kB
SwapFree:        3690172 kB
Dirty:               592 kB
Writeback:             0 kB
AnonPages:       3788744 kB
Mapped:           666828 kB
Shmem:             15040 kB
KReclaimable:     327420 kB
Slab:             318392 kB
SReclaimable:      88460 kB
SUnreclaim:       229932 kB
KernelStack:       47104 kB
ShadowCallStack:   11800 kB
PageTables:        77184 kB
NFS_Unstable:          0 kB
Bounce:                0 kB
WritebackTmp:          0 kB
CommitLimit:     8677876 kB
Committed_AS:   69553624 kB
VmallocTotal:   263061440 kB
VmallocUsed:      129636 kB
VmallocChunk:          0 kB
Percpu:             2448 kB
CmaTotal:         405504 kB
CmaFree:               0 kB
MemTotal:        7918588 kB
MemFree:          168664 kB
MemAvailable:    1420108 kB
Buffers:            2568 kB
Cached:          1334116 kB
SwapCached:        11488 kB
Active:          4519492 kB
Inactive:         635432 kB
Active(anon):    3773660 kB
Inactive(anon):    64304 kB
Active(file):     745832 kB
Inactive(file):   571128 kB
Unevictable:        6420 kB
Mlocked:            5980 kB
SwapTotal:       4718584 kB
SwapFree:        3690172 kB
Dirty:               592 kB
Writeback:             0 kB
AnonPages:       3820216 kB
Mapped:           667436 kB
Shmem:             15040 kB
KReclaimable:     324708 kB
Slab:             318364 kB
SReclaimable:      88356 kB
SUnreclaim:       230008 kB
KernelStack:       47088 kB
ShadowCallStack:   11796 kB
PageTables:        77420 kB
NFS_Unstable:          0 kB
Bounce:                0 kB
WritebackTmp:          0 kB
CommitLimit:     8677876 kB
Committed_AS:   69635496 kB
VmallocTotal:   263061440 kB
VmallocUsed:      129660 kB
VmallocChunk:          0 kB
Percpu:             2448 kB
CmaTotal:         405504 kB
CmaFree:               8 kB
MemTotal:        7918588 kB
MemFree:          166936 kB
MemAvailable:    1350912 kB
Buffers:            2568 kB
Cached:          1272816 kB
SwapCached:        11488 kB
Active:          4587176 kB
Inactive:         574008 kB
Active(anon):    3841344 kB
Inactive(anon):    64304 kB
Active(file):     745832 kB
Inactive(file):   509704 kB
Unevictable:        6420 kB
Mlocked:            5980 kB
SwapTotal:       4718584 kB
SwapFree:        3690172 kB
Dirty:               608 kB
Writeback:             0 kB
AnonPages:       3888040 kB
Mapped:           667872 kB
Shmem:             15040 kB
KReclaimable:     318664 kB
Slab:             317108 kB
SReclaimable:      87104 kB
SUnreclaim:       230004 kB
KernelStack:       47056 kB
ShadowCallStack:   11808 kB
PageTables:        77512 kB
NFS_Unstable:          0 kB
Bounce:                0 kB
WritebackTmp:          0 kB
CommitLimit:     8677876 kB
Committed_AS:   69766572 kB
VmallocTotal:   263061440 kB
VmallocUsed:      129652 kB
VmallocChunk:          0 kB
Percpu:             2448 kB
CmaTotal:         405504 kB
CmaFree:               0 kB
MemTotal:        7918588 kB
MemFree:          165456 kB
MemAvailable:    1297144 kB
Buffers:            2504 kB
Cached:          1225708 kB
SwapCached:        11488 kB
Active:          4656620 kB
Inactive:         511624 kB
Active(anon):    3895452 kB
Inactive(anon):    64304 kB
Active(file):     761168 kB
Inactive(file):   447320 kB
Unevictable:        6420 kB
Mlocked:            5980 kB
SwapTotal:       4718584 kB
SwapFree:        3690172 kB
Dirty:               612 kB
Writeback:             0 kB
AnonPages:       3942056 kB
Mapped:           657528 kB
Shmem:             15040 kB
KReclaimable:     313424 kB
Slab:             316128 kB
SReclaimable:      86136 kB
SUnreclaim:       229992 kB
KernelStack:       47088 kB
ShadowCallStack:   11796 kB
PageTables:        78012 kB
NFS_Unstable:          0 kB
Bounce:                0 kB
WritebackTmp:          0 kB
CommitLimit:     8677876 kB
Committed_AS:   69881256 kB
VmallocTotal:   263061440 kB
VmallocUsed:      129656 kB
VmallocChunk:          0 kB
Percpu:             2448 kB
CmaTotal:         405504 kB
CmaFree:               0 kB
MemTotal:        7918588 kB
MemFree:          166684 kB
MemAvailable:    1252704 kB
Buffers:            2496 kB
Cached:          1185676 kB
SwapCached:        11488 kB
Active:          4737736 kB
Inactive:         434400 kB
Active(anon):    3939440 kB
Inactive(anon):    64304 kB
Active(file):     798296 kB
Inactive(file):   370096 kB
Unevictable:        6420 kB
Mlocked:            5980 kB
SwapTotal:       4718584 kB
SwapFree:        3690172 kB
Dirty:               612 kB
Writeback:             0 kB
AnonPages:       3986240 kB
Mapped:           645704 kB
Shmem:             15040 kB
KReclaimable:     307852 kB
Slab:             315684 kB
SReclaimable:      85652 kB
SUnreclaim:       230032 kB
KernelStack:       47024 kB
ShadowCallStack:   11812 kB
PageTables:        77844 kB
NFS_Unstable:          0 kB
Bounce:                0 kB
WritebackTmp:          0 kB
CommitLimit:     8677876 kB
Committed_AS:   69979456 kB
VmallocTotal:   263061440 kB
VmallocUsed:      129616 kB
VmallocChunk:          0 kB
Percpu:             2448 kB
CmaTotal:         405504 kB
CmaFree:               0 kB
MemTotal:        7918588 kB
MemFree:          167056 kB
MemAvailable:    1193136 kB
Buffers:            2468 kB
Cached:          1130752 kB
SwapCached:        11488 kB
Active:          4814460 kB
Inactive:         362952 kB
Active(anon):    3999452 kB
Inactive(anon):    64304 kB
Active(file):     815008 kB
Inactive(file):   298648 kB
Unevictable:        6420 kB
Mlocked:            5980 kB
SwapTotal:       4718584 kB
SwapFree:        3690172 kB
Dirty:               636 kB
Writeback:             0 kB
AnonPages:       4046108 kB
Mapped:           626720 kB
Shmem:             15048 kB
KReclaimable:     302648 kB
Slab:             315304 kB
SReclaimable:      85160 kB
SUnreclaim:       230144 kB
KernelStack:       47024 kB
ShadowCallStack:   11800 kB
PageTables:        78296 kB
NFS_Unstable:          0 kB
Bounce:                0 kB
WritebackTmp:          0 kB
CommitLimit:     8677876 kB
Committed_AS:   70094152 kB
VmallocTotal:   263061440 kB
VmallocUsed:      129596 kB
VmallocChunk:          0 kB
Percpu:             2448 kB
CmaTotal:         405504 kB
CmaFree:               0 kB
MemTotal:        7918588 kB
MemFree:          168568 kB
MemAvailable:    1134268 kB
Buffers:            2444 kB
Cached:          1075868 kB
SwapCached:        11488 kB
Active:          4871308 kB
Inactive:         307804 kB
Active(anon):    4056228 kB
Inactive(anon):    64304 kB
Active(file):     815080 kB
Inactive(file):   243500 kB
Unevictable:        6420 kB
Mlocked:            5980 kB
SwapTotal:       4718584 kB
SwapFree:        3690172 kB
Dirty:               636 kB
Writeback:             0 kB
AnonPages:       4102872 kB
Mapped:           627136 kB
Shmem:             15048 kB
KReclaimable:     297344 kB
Slab:             313884 kB
SReclaimable:      83680 kB
SUnreclaim:       230204 kB
KernelStack:       47056 kB
ShadowCallStack:   11796 kB
PageTables:        78632 kB
NFS_Unstable:          0 kB
Bounce:                0 kB
WritebackTmp:          0 kB
CommitLimit:     8677876 kB
Committed_AS:   70209488 kB
VmallocTotal:   263061440 kB
VmallocUsed:      129616 kB
VmallocChunk:          0 kB
Percpu:             2448 kB
CmaTotal:         405504 kB
CmaFree:               0 kB
MemTotal:        7918588 kB
MemFree:          169996 kB
MemAvailable:    1081476 kB
Buffers:            2328 kB
Cached:          1027324 kB
SwapCached:        11488 kB
Active:          4935140 kB
Inactive:         247280 kB
Active(anon):    4108420 kB
Inactive(anon):    64296 kB
Active(file):     826720 kB
Inactive(file):   182984 kB
Unevictable:        6420 kB
Mlocked:            5980 kB
SwapTotal:       4718584 kB
SwapFree:        3690172 kB
Dirty:               644 kB
Writeback:             0 kB
AnonPages:       4154980 kB
Mapped:           626192 kB
Shmem:             15048 kB
KReclaimable:     292000 kB
Slab:             312680 kB
SReclaimable:      82520 kB
SUnreclaim:       230160 kB
KernelStack:       47024 kB
ShadowCallStack:   11776 kB
PageTables:        78768 kB
NFS_Unstable:          0 kB
Bounce:                0 kB
WritebackTmp:          0 kB
CommitLimit:     8677876 kB
Committed_AS:   70324072 kB
VmallocTotal:   263061440 kB
VmallocUsed:      129572 kB
VmallocChunk:          0 kB
Percpu:             2448 kB
CmaTotal:         405504 kB
CmaFree:               0 kB
MemTotal:        7918588 kB
MemFree:          168640 kB
MemAvailable:    1030388 kB
Buffers:            2320 kB
Cached:           981120 kB
SwapCached:        11488 kB
Active:          4985380 kB
Inactive:         201268 kB
Active(anon):    4158504 kB
Inactive(anon):    64304 kB
Active(file):     826876 kB
Inactive(file):   136964 kB
Unevictable:        6420 kB
Mlocked:            5980 kB
SwapTotal:       4718584 kB
SwapFree:        3690172 kB
Dirty:               492 kB
Writeback:             0 kB
AnonPages:       4205068 kB
Mapped:           626300 kB
Shmem:             15048 kB
KReclaimable:     288132 kB
Slab:             311388 kB
SReclaimable:      81276 kB
SUnreclaim:       230112 kB
KernelStack:       46960 kB
ShadowCallStack:   11768 kB
PageTables:        78796 kB
NFS_Unstable:          0 kB
Bounce:                0 kB
WritebackTmp:          0 kB
CommitLimit:     8677876 kB
Committed_AS:   70422272 kB
VmallocTotal:   263061440 kB
VmallocUsed:      129532 kB
VmallocChunk:          0 kB
Percpu:             2448 kB
CmaTotal:         405504 kB
CmaFree:               0 kB
MemTotal:        7918588 kB
MemFree:          167916 kB
MemAvailable:     976336 kB
Buffers:            1220 kB
Cached:           934148 kB
SwapCached:        11488 kB
Active:          5054864 kB
Inactive:         137008 kB
Active(anon):    4211948 kB
Inactive(anon):    64292 kB
Active(file):     842916 kB
Inactive(file):    72716 kB
Unevictable:        6420 kB
Mlocked:            5980 kB
SwapTotal:       4718584 kB
SwapFree:        3690428 kB
Dirty:               500 kB
Writeback:             0 kB
AnonPages:       4258500 kB
Mapped:           625416 kB
Shmem:             15052 kB
KReclaimable:     283012 kB
Slab:             310000 kB
SReclaimable:      79876 kB
SUnreclaim:       230124 kB
KernelStack:       46944 kB
ShadowCallStack:   11760 kB
PageTables:        79412 kB
NFS_Unstable:          0 kB
Bounce:                0 kB
WritebackTmp:          0 kB
CommitLimit:     8677876 kB
Committed_AS:   70536808 kB
VmallocTotal:   263061440 kB
VmallocUsed:      129476 kB
VmallocChunk:          0 kB
Percpu:             2448 kB
CmaTotal:         405504 kB
CmaFree:             108 kB
MemTotal:        7918588 kB
MemFree:          166432 kB
MemAvailable:     920492 kB
Buffers:             480 kB
Cached:           885004 kB
SwapCached:        11488 kB
Active:          5045520 kB
Inactive:         151312 kB
Active(anon):    4233856 kB
Inactive(anon):    97228 kB
Active(file):     811664 kB
Inactive(file):    54084 kB
Unevictable:        6420 kB
Mlocked:            5980 kB
SwapTotal:       4718584 kB
SwapFree:        3690428 kB
Dirty:               500 kB
Writeback:             0 kB
AnonPages:       4313324 kB
Mapped:           611772 kB
Shmem:             15052 kB
KReclaimable:     278536 kB
Slab:             309924 kB
SReclaimable:      79680 kB
SUnreclaim:       230244 kB
KernelStack:       46944 kB
ShadowCallStack:   11760 kB
PageTables:        79640 kB
NFS_Unstable:          0 kB
Bounce:                0 kB
WritebackTmp:          0 kB
CommitLimit:     8677876 kB
Committed_AS:   70651500 kB
VmallocTotal:   263061440 kB
VmallocUsed:      129476 kB
VmallocChunk:          0 kB
Percpu:             2448 kB
CmaTotal:         405504 kB
CmaFree:             128 kB
MemTotal:        7918588 kB
MemFree:          167532 kB
MemAvailable:     883692 kB
Buffers:             472 kB
Cached:           857676 kB
SwapCached:        11484 kB
Active:           457760 kB
Inactive:        4748540 kB
Active(anon):     388324 kB
Inactive(anon):  3979500 kB
Active(file):      69436 kB
Inactive(file):   769040 kB
Unevictable:        6420 kB
Mlocked:            5980 kB
SwapTotal:       4718584 kB
SwapFree:        3687868 kB
Dirty:               500 kB
Writeback:             0 kB
AnonPages:       4350092 kB
Mapped:           600296 kB
Shmem:             15056 kB
KReclaimable:     267908 kB
Slab:             309888 kB
SReclaimable:      79676 kB
SUnreclaim:       230212 kB
KernelStack:       46864 kB
ShadowCallStack:   11756 kB
PageTables:        79580 kB
NFS_Unstable:          0 kB
Bounce:                0 kB
WritebackTmp:          0 kB
CommitLimit:     8677876 kB
Committed_AS:   70749700 kB
VmallocTotal:   263061440 kB
VmallocUsed:      129440 kB
VmallocChunk:          0 kB
Percpu:             2448 kB
CmaTotal:         405504 kB
CmaFree:               0 kB
MemTotal:        7918588 kB
MemFree:          169716 kB
MemAvailable:     826684 kB
Buffers:             444 kB
Cached:           807500 kB
SwapCached:        11468 kB
Active:           584004 kB
Inactive:        4627424 kB
Active(anon):     486700 kB
Inactive(anon):  3936524 kB
Active(file):      97304 kB
Inactive(file):   690900 kB
Unevictable:        6420 kB
Mlocked:            5980 kB
SwapTotal:       4718584 kB
SwapFree:        3685308 kB
Dirty:               524 kB
Writeback:             0 kB
AnonPages:       4405484 kB
Mapped:           576004 kB
Shmem:             15056 kB
KReclaimable:     258988 kB
Slab:             309816 kB
SReclaimable:      79532 kB
SUnreclaim:       230284 kB
KernelStack:       46832 kB
ShadowCallStack:   11732 kB
PageTables:        79916 kB
NFS_Unstable:          0 kB
Bounce:                0 kB
WritebackTmp:          0 kB
CommitLimit:     8677876 kB
Committed_AS:   70864132 kB
VmallocTotal:   263061440 kB
VmallocUsed:      129320 kB
VmallocChunk:          0 kB
Percpu:             2448 kB
CmaTotal:         405504 kB
CmaFree:             248 kB
MemTotal:        7918588 kB
MemFree:          165488 kB
MemAvailable:     768572 kB
Buffers:             400 kB
Cached:           757592 kB
SwapCached:        11468 kB
Active:           644916 kB
Inactive:        4571712 kB
Active(anon):     542096 kB
Inactive(anon):  3936280 kB
Active(file):     102820 kB
Inactive(file):   635432 kB
Unevictable:        6420 kB
Mlocked:            5980 kB
SwapTotal:       4718584 kB
SwapFree:        3685308 kB
Dirty:                60 kB
Writeback:             0 kB
AnonPages:       4460652 kB
Mapped:           552480 kB
Shmem:             15056 kB
KReclaimable:     255560 kB
Slab:             309784 kB
SReclaimable:      79496 kB
SUnreclaim:       230288 kB
KernelStack:       46832 kB
ShadowCallStack:   11732 kB
PageTables:        80096 kB
NFS_Unstable:          0 kB
Bounce:                0 kB
WritebackTmp:          0 kB
CommitLimit:     8677876 kB
Committed_AS:   70978816 kB
VmallocTotal:   263061440 kB
VmallocUsed:      129344 kB
VmallocChunk:          0 kB
Percpu:             2448 kB
CmaTotal:         405504 kB
CmaFree:             248 kB
MemTotal:        7918588 kB
MemFree:          167656 kB
MemAvailable:     722860 kB
Buffers:             396 kB
Cached:           711844 kB
SwapCached:        11468 kB
Active:           703176 kB
Inactive:        4513816 kB
Active(anon):     588712 kB
Inactive(anon):  3936124 kB
Active(file):     114464 kB
Inactive(file):   577692 kB
Unevictable:        6420 kB
Mlocked:            5980 kB
SwapTotal:       4718584 kB
SwapFree:        3685308 kB
Dirty:                60 kB
Writeback:             0 kB
AnonPages:       4507308 kB
Mapped:           530856 kB
Shmem:             15056 kB
KReclaimable:     253272 kB
Slab:             309664 kB
SReclaimable:      79496 kB
SUnreclaim:       230168 kB
KernelStack:       46784 kB
ShadowCallStack:   11736 kB
PageTables:        80340 kB
NFS_Unstable:          0 kB
Bounce:                0 kB
WritebackTmp:          0 kB
CommitLimit:     8677876 kB
Committed_AS:   71060632 kB
VmallocTotal:   263061440 kB
VmallocUsed:      129292 kB
VmallocChunk:          0 kB
Percpu:             2448 kB
CmaTotal:         405504 kB
CmaFree:             248 kB
MemTotal:        7918588 kB
MemFree:          165612 kB
MemAvailable:     667432 kB
Buffers:             388 kB
Cached:           660796 kB
SwapCached:        11468 kB
Active:           769032 kB
Inactive:        4452700 kB
Active(anon):     644272 kB
Inactive(anon):  3936116 kB
Active(file):     124760 kB
Inactive(file):   516584 kB
Unevictable:        6420 kB
Mlocked:            5980 kB
SwapTotal:       4718584 kB
SwapFree:        3685308 kB
Dirty:                72 kB
Writeback:             0 kB
AnonPages:       4562752 kB
Mapped:           511916 kB
Shmem:             15056 kB
KReclaimable:     250700 kB
Slab:             309724 kB
SReclaimable:      79492 kB
SUnreclaim:       230232 kB
KernelStack:       46880 kB
ShadowCallStack:   11744 kB
PageTables:        80708 kB
NFS_Unstable:          0 kB
Bounce:                0 kB
WritebackTmp:          0 kB
CommitLimit:     8677876 kB
Committed_AS:   71175364 kB
VmallocTotal:   263061440 kB
VmallocUsed:      129428 kB
VmallocChunk:          0 kB
Percpu:             2448 kB
CmaTotal:         405504 kB
CmaFree:             240 kB
MemTotal:        7918588 kB
MemFree:          169188 kB
MemAvailable:     610748 kB
Buffers:             384 kB
Cached:           603844 kB
SwapCached:        11468 kB
Active:           831216 kB
Inactive:        4387964 kB
Active(anon):     698612 kB
Inactive(anon):  3936080 kB
Active(file):     132604 kB
Inactive(file):   451884 kB
Unevictable:        6420 kB
Mlocked:            5980 kB
SwapTotal:       4718584 kB
SwapFree:        3685308 kB
Dirty:                72 kB
Writeback:             0 kB
AnonPages:       4616852 kB
Mapped:           497104 kB
Shmem:             15056 kB
KReclaimable:     247296 kB
Slab:             309712 kB
SReclaimable:      79488 kB
SUnreclaim:       230224 kB
KernelStack:       46896 kB
ShadowCallStack:   11748 kB
PageTables:        80784 kB
NFS_Unstable:          0 kB
Bounce:                0 kB
WritebackTmp:          0 kB
CommitLimit:     8677876 kB
Committed_AS:   71290008 kB
VmallocTotal:   263061440 kB
VmallocUsed:      129396 kB
VmallocChunk:          0 kB
Percpu:             2448 kB
CmaTotal:         405504 kB
CmaFree:             248 kB
MemTotal:        7918588 kB
MemFree:          173780 kB
MemAvailable:     587016 kB
Buffers:             404 kB
Cached:           580072 kB
SwapCached:         6588 kB
Active:           925528 kB
Inactive:        4289016 kB
Active(anon):     781576 kB
Inactive(anon):  3871880 kB
Active(file):     143952 kB
Inactive(file):   417136 kB
Unevictable:        6420 kB
Mlocked:            5980 kB
SwapTotal:       4718584 kB
SwapFree:        3663804 kB
Dirty:                72 kB
Writeback:            20 kB
AnonPages:       4639356 kB
Mapped:           482612 kB
Shmem:             14876 kB
KReclaimable:     242220 kB
Slab:             309632 kB
SReclaimable:      79428 kB
SUnreclaim:       230204 kB
KernelStack:       46864 kB
ShadowCallStack:   11756 kB
PageTables:        80600 kB
NFS_Unstable:          0 kB
Bounce:                0 kB
WritebackTmp:          0 kB
CommitLimit:     8677876 kB
Committed_AS:   71371824 kB
VmallocTotal:   263061440 kB
VmallocUsed:      129324 kB
VmallocChunk:          0 kB
Percpu:             2448 kB
CmaTotal:         405504 kB
CmaFree:             256 kB
MemTotal:        7918588 kB
MemFree:          164744 kB
MemAvailable:     575212 kB
Buffers:             412 kB
Cached:           582796 kB
SwapCached:         4656 kB
Active:          1214488 kB
Inactive:        4007296 kB
Active(anon):    1067124 kB
Inactive(anon):  3590356 kB
Active(file):     147364 kB
Inactive(file):   416940 kB
Unevictable:        6420 kB
Mlocked:            5980 kB
SwapTotal:       4718584 kB
SwapFree:        3615676 kB
Dirty:               204 kB
Writeback:             0 kB
AnonPages:       4645288 kB
Mapped:           482800 kB
Shmem:             14224 kB
KReclaimable:     230252 kB
Slab:             309716 kB
SReclaimable:      79412 kB
SUnreclaim:       230304 kB
KernelStack:       46848 kB
ShadowCallStack:   11736 kB
PageTables:        81160 kB
NFS_Unstable:          0 kB
Bounce:                0 kB
WritebackTmp:          0 kB
CommitLimit:     8677876 kB
Committed_AS:   71502904 kB
VmallocTotal:   263061440 kB
VmallocUsed:      129376 kB
VmallocChunk:          0 kB
Percpu:             2448 kB
CmaTotal:         405504 kB
CmaFree:             248 kB
MemTotal:        7918588 kB
MemFree:          166420 kB
MemAvailable:     552200 kB
Buffers:             412 kB
Cached:           582800 kB
SwapCached:         4644 kB
Active:          2617608 kB
Inactive:        2648928 kB
Active(anon):    2470232 kB
Inactive(anon):  2232000 kB
Active(file):     147376 kB
Inactive(file):   416928 kB
Unevictable:        6420 kB
Mlocked:            5980 kB
SwapTotal:       4718584 kB
SwapFree:        3603900 kB
Dirty:               204 kB
Writeback:             0 kB
AnonPages:       4689568 kB
Mapped:           483172 kB
Shmem:             14224 kB
KReclaimable:     180876 kB
Slab:             309700 kB
SReclaimable:      79412 kB
SUnreclaim:       230288 kB
KernelStack:       46848 kB
ShadowCallStack:   11748 kB
PageTables:        81064 kB
NFS_Unstable:          0 kB
Bounce:                0 kB
WritebackTmp:          0 kB
CommitLimit:     8677876 kB
Committed_AS:   71601208 kB
VmallocTotal:   263061440 kB
VmallocUsed:      129360 kB
VmallocChunk:          0 kB
Percpu:             2448 kB
CmaTotal:         405504 kB
CmaFree:             248 kB
MemTotal:        7918588 kB
MemFree:          168504 kB
MemAvailable:     548764 kB
Buffers:             412 kB
Cached:           582800 kB
SwapCached:         4636 kB
Active:          2879976 kB
Inactive:        2395952 kB
Active(anon):    2732600 kB
Inactive(anon):  1979024 kB
Active(file):     147376 kB
Inactive(file):   416928 kB
Unevictable:        6420 kB
Mlocked:            5980 kB
SwapTotal:       4718584 kB
SwapFree:        3581372 kB
Dirty:               204 kB
Writeback:             0 kB
AnonPages:       4699316 kB
Mapped:           483456 kB
Shmem:             14224 kB
KReclaimable:     169836 kB
Slab:             309740 kB
SReclaimable:      79412 kB
SUnreclaim:       230328 kB
KernelStack:       46864 kB
ShadowCallStack:   11740 kB
PageTables:        81568 kB
NFS_Unstable:          0 kB
Bounce:                0 kB
WritebackTmp:          0 kB
CommitLimit:     8677876 kB
Committed_AS:   71683128 kB
VmallocTotal:   263061440 kB
VmallocUsed:      129372 kB
VmallocChunk:          0 kB
Percpu:             2448 kB
CmaTotal:         405504 kB
CmaFree:             248 kB
MemTotal:        7918588 kB
MemFree:          169352 kB
MemAvailable:     550604 kB
Buffers:             412 kB
Cached:           585208 kB
SwapCached:         4636 kB
Active:          2948536 kB
Inactive:        2326732 kB
Active(anon):    2798764 kB
Inactive(anon):  1909796 kB
Active(file):     149772 kB
Inactive(file):   416936 kB
Unevictable:        6420 kB
Mlocked:            5980 kB
SwapTotal:       4718584 kB
SwapFree:        3515836 kB
Dirty:               212 kB
Writeback:             0 kB
AnonPages:       4696148 kB
Mapped:           484172 kB
Shmem:             14228 kB
KReclaimable:     167012 kB
Slab:             309668 kB
SReclaimable:      79412 kB
SUnreclaim:       230256 kB
KernelStack:       46864 kB
ShadowCallStack:   11740 kB
PageTables:        81892 kB
NFS_Unstable:          0 kB
Bounce:                0 kB
WritebackTmp:          0 kB
CommitLimit:     8677876 kB
Committed_AS:   71814204 kB
VmallocTotal:   263061440 kB
VmallocUsed:      129360 kB
VmallocChunk:          0 kB
Percpu:             2448 kB
CmaTotal:         405504 kB
CmaFree:              24 kB
MemTotal:        7918588 kB
MemFree:          171344 kB
MemAvailable:     551592 kB
Buffers:             436 kB
Cached:           585504 kB
SwapCached:         4636 kB
Active:          3020908 kB
Inactive:        2254176 kB
Active(anon):    2870876 kB
Inactive(anon):  1837176 kB
Active(file):     150032 kB
Inactive(file):   417000 kB
Unevictable:        6420 kB
Mlocked:            5980 kB
SwapTotal:       4718584 kB
SwapFree:        3448252 kB
Dirty:               208 kB
Writeback:            28 kB
AnonPages:       4695368 kB
Mapped:           484764 kB
Shmem:             14228 kB
KReclaimable:     164356 kB
Slab:             309668 kB
SReclaimable:      79412 kB
SUnreclaim:       230256 kB
KernelStack:       46864 kB
ShadowCallStack:   11724 kB
PageTables:        81580 kB
NFS_Unstable:          0 kB
Bounce:                0 kB
WritebackTmp:          0 kB
CommitLimit:     8677876 kB
Committed_AS:   71945276 kB
VmallocTotal:   263061440 kB
VmallocUsed:      129388 kB
VmallocChunk:          0 kB
Percpu:             2448 kB
CmaTotal:         405504 kB
CmaFree:              24 kB
MemTotal:        7918588 kB
MemFree:          165196 kB
MemAvailable:     547492 kB
Buffers:             436 kB
Cached:           587804 kB
SwapCached:         4636 kB
Active:          2782760 kB
Inactive:        2498656 kB
Active(anon):    2643036 kB
Inactive(anon):  2069076 kB
Active(file):     139724 kB
Inactive(file):   429580 kB
Unevictable:        6420 kB
Mlocked:            5980 kB
SwapTotal:       4718584 kB
SwapFree:        3412668 kB
Dirty:               216 kB
Writeback:             0 kB
AnonPages:       4699596 kB
Mapped:           485092 kB
Shmem:             14228 kB
KReclaimable:     163908 kB
Slab:             309696 kB
SReclaimable:      79412 kB
SUnreclaim:       230284 kB
KernelStack:       46864 kB
ShadowCallStack:   11740 kB
PageTables:        82060 kB
NFS_Unstable:          0 kB
Bounce:                0 kB
WritebackTmp:          0 kB
CommitLimit:     8677876 kB
Committed_AS:   72027196 kB
VmallocTotal:   263061440 kB
VmallocUsed:      129372 kB
VmallocChunk:          0 kB
Percpu:             2448 kB
CmaTotal:         405504 kB
CmaFree:              20 kB
MemTotal:        7918588 kB
MemFree:          168304 kB
MemAvailable:     549884 kB
Buffers:             436 kB
Cached:           588448 kB
SwapCached:         4636 kB
Active:          2845888 kB
Inactive:        2431364 kB
Active(anon):    2705500 kB
Inactive(anon):  2001780 kB
Active(file):     140388 kB
Inactive(file):   429584 kB
Unevictable:        6420 kB
Mlocked:            5980 kB
SwapTotal:       4718584 kB
SwapFree:        3351740 kB
Dirty:               108 kB
Writeback:             0 kB
AnonPages:       4694600 kB
Mapped:           485692 kB
Shmem:             14228 kB
KReclaimable:     161140 kB
Slab:             309800 kB
SReclaimable:      79412 kB
SUnreclaim:       230388 kB
KernelStack:       46912 kB
ShadowCallStack:   11752 kB
PageTables:        82188 kB
NFS_Unstable:          0 kB
Bounce:                0 kB
WritebackTmp:          0 kB
CommitLimit:     8677876 kB
Committed_AS:   72125500 kB
VmallocTotal:   263061440 kB
VmallocUsed:      129460 kB
VmallocChunk:          0 kB
Percpu:             2448 kB
CmaTotal:         405504 kB
CmaFree:              24 kB
MemTotal:        7918588 kB
MemFree:          166764 kB
MemAvailable:     547764 kB
Buffers:             436 kB
Cached:           589120 kB
SwapCached:         4636 kB
Active:          2905956 kB
Inactive:        2374412 kB
Active(anon):    2764908 kB
Inactive(anon):  1944816 kB
Active(file):     141048 kB
Inactive(file):   429596 kB
Unevictable:        6420 kB
Mlocked:            5980 kB
SwapTotal:       4718584 kB
SwapFree:        3299004 kB
Dirty:               132 kB
Writeback:             0 kB
AnonPages:       4697116 kB
Mapped:           485888 kB
Shmem:             14228 kB
KReclaimable:     158636 kB
Slab:             309944 kB
SReclaimable:      79412 kB
SUnreclaim:       230532 kB
KernelStack:       46944 kB
ShadowCallStack:   11760 kB
PageTables:        82608 kB
NFS_Unstable:          0 kB
Bounce:                0 kB
WritebackTmp:          0 kB
CommitLimit:     8677876 kB
Committed_AS:   72240188 kB
VmallocTotal:   263061440 kB
VmallocUsed:      129488 kB
VmallocChunk:          0 kB
Percpu:             2448 kB
CmaTotal:         405504 kB
CmaFree:             148 kB
MemTotal:        7918588 kB
MemFree:          168160 kB
MemAvailable:     549032 kB
Buffers:             436 kB
Cached:           589300 kB
SwapCached:         4636 kB
Active:          2958296 kB
Inactive:        2321296 kB
Active(anon):    2817076 kB
Inactive(anon):  1891696 kB
Active(file):     141220 kB
Inactive(file):   429600 kB
Unevictable:        6420 kB
Mlocked:            5980 kB
SwapTotal:       4718584 kB
SwapFree:        3253436 kB
Dirty:               132 kB
Writeback:             0 kB
AnonPages:       4696116 kB
Mapped:           486432 kB
Shmem:             14236 kB
KReclaimable:     158028 kB
Slab:             309880 kB
SReclaimable:      79412 kB
SUnreclaim:       230468 kB
KernelStack:       46928 kB
ShadowCallStack:   11752 kB
PageTables:        82828 kB
NFS_Unstable:          0 kB
Bounce:                0 kB
WritebackTmp:          0 kB
CommitLimit:     8677876 kB
Committed_AS:   72305732 kB
VmallocTotal:   263061440 kB
VmallocUsed:      129456 kB
VmallocChunk:          0 kB
Percpu:             2448 kB
CmaTotal:         405504 kB
CmaFree:               0 kB
MemTotal:        7918588 kB
MemFree:          168664 kB
MemAvailable:     549304 kB
Buffers:             460 kB
Cached:           589404 kB
SwapCached:         4636 kB
Active:          3035036 kB
Inactive:        2241664 kB
Active(anon):    2893720 kB
Inactive(anon):  1812056 kB
Active(file):     141316 kB
Inactive(file):   429608 kB
Unevictable:        6420 kB
Mlocked:            5980 kB
SwapTotal:       4718584 kB
SwapFree:        3182012 kB
Dirty:               208 kB
Writeback:             0 kB
AnonPages:       4693276 kB
Mapped:           486860 kB
Shmem:             14240 kB
KReclaimable:     157356 kB
Slab:             310032 kB
SReclaimable:      79412 kB
SUnreclaim:       230620 kB
KernelStack:       46960 kB
ShadowCallStack:   11756 kB
PageTables:        83612 kB
NFS_Unstable:          0 kB
Bounce:                0 kB
WritebackTmp:          0 kB
CommitLimit:     8677876 kB
Committed_AS:   72453192 kB
VmallocTotal:   263061440 kB
VmallocUsed:      129476 kB
VmallocChunk:          0 kB
Percpu:             2448 kB
CmaTotal:         405504 kB
CmaFree:               0 kB
MemTotal:        7918588 kB
MemFree:          167812 kB
MemAvailable:     547224 kB
Buffers:             460 kB
Cached:           589412 kB
SwapCached:         4636 kB
Active:          3080184 kB
Inactive:        2200496 kB
Active(anon):    2938868 kB
Inactive(anon):  1770860 kB
Active(file):     141316 kB
Inactive(file):   429636 kB
Unevictable:        6420 kB
Mlocked:            5980 kB
SwapTotal:       4718584 kB
SwapFree:        3143868 kB
Dirty:               216 kB
Writeback:             0 kB
AnonPages:       4697308 kB
Mapped:           487040 kB
Shmem:             14240 kB
KReclaimable:     154844 kB
Slab:             309900 kB
SReclaimable:      79412 kB
SUnreclaim:       230488 kB
KernelStack:       46912 kB
ShadowCallStack:   11752 kB
PageTables:        83060 kB
NFS_Unstable:          0 kB
Bounce:                0 kB
WritebackTmp:          0 kB
CommitLimit:     8677876 kB
Committed_AS:   72535112 kB
VmallocTotal:   263061440 kB
VmallocUsed:      129472 kB
VmallocChunk:          0 kB
Percpu:             2448 kB
CmaTotal:         405504 kB
CmaFree:               0 kB
MemTotal:        7918588 kB
MemFree:          288712 kB
MemAvailable:     664652 kB
Buffers:             460 kB
Cached:           589296 kB
SwapCached:         4456 kB
Active:          3312552 kB
Inactive:        1848156 kB
Active(anon):    3171236 kB
Inactive(anon):  1418520 kB
Active(file):     141316 kB
Inactive(file):   429636 kB
Unevictable:        6420 kB
Mlocked:            5980 kB
SwapTotal:       4718584 kB
SwapFree:        2964156 kB
Dirty:                92 kB
Writeback:             0 kB
AnonPages:       4577484 kB
Mapped:           487616 kB
Shmem:             14120 kB
KReclaimable:     147900 kB
Slab:             309928 kB
SReclaimable:      79412 kB
SUnreclaim:       230516 kB
KernelStack:       46944 kB
ShadowCallStack:   11760 kB
PageTables:        83476 kB
NFS_Unstable:          0 kB
Bounce:                0 kB
WritebackTmp:          0 kB
CommitLimit:     8677876 kB
Committed_AS:   72666184 kB
VmallocTotal:   263061440 kB
VmallocUsed:      129472 kB
VmallocChunk:          0 kB
Percpu:             2448 kB
CmaTotal:         405504 kB
CmaFree:          123204 kB
MemTotal:        7918588 kB
MemFree:          226188 kB
MemAvailable:     601840 kB
Buffers:             460 kB
Cached:           589296 kB
SwapCached:         4456 kB
Active:          3375004 kB
Inactive:        1848152 kB
Active(anon):    3233688 kB
Inactive(anon):  1418516 kB
Active(file):     141316 kB
Inactive(file):   429636 kB
Unevictable:        6420 kB
Mlocked:            5980 kB
SwapTotal:       4718584 kB
SwapFree:        2964156 kB
Dirty:                92 kB
Writeback:             0 kB
AnonPages:       4639944 kB
Mapped:           487988 kB
Shmem:             14120 kB
KReclaimable:     147324 kB
Slab:             310000 kB
SReclaimable:      79412 kB
SUnreclaim:       230588 kB
KernelStack:       46928 kB
ShadowCallStack:   11768 kB
PageTables:        83696 kB
NFS_Unstable:          0 kB
Bounce:                0 kB
WritebackTmp:          0 kB
CommitLimit:     8677876 kB
Committed_AS:   72780876 kB
VmallocTotal:   263061440 kB
VmallocUsed:      129476 kB
VmallocChunk:          0 kB
Percpu:             2448 kB
CmaTotal:         405504 kB
CmaFree:           60480 kB
MemTotal:        7918588 kB
MemFree:          169188 kB
MemAvailable:     544584 kB
Buffers:             460 kB
Cached:           589296 kB
SwapCached:         4456 kB
Active:          3430728 kB
Inactive:        1848144 kB
Active(anon):    3289412 kB
Inactive(anon):  1418508 kB
Active(file):     141316 kB
Inactive(file):   429636 kB
Unevictable:        6420 kB
Mlocked:            5980 kB
SwapTotal:       4718584 kB
SwapFree:        2964156 kB
Dirty:                92 kB
Writeback:             0 kB
AnonPages:       4695652 kB
Mapped:           488308 kB
Shmem:             14120 kB
KReclaimable:     146812 kB
Slab:             309972 kB
SReclaimable:      79412 kB
SUnreclaim:       230560 kB
KernelStack:       46912 kB
ShadowCallStack:   11752 kB
PageTables:        83816 kB
NFS_Unstable:          0 kB
Bounce:                0 kB
WritebackTmp:          0 kB
CommitLimit:     8677876 kB
Committed_AS:   72911944 kB
VmallocTotal:   263061440 kB
VmallocUsed:      129476 kB
VmallocChunk:          0 kB
Percpu:             2448 kB
CmaTotal:         405504 kB
CmaFree:            3660 kB
MemTotal:        7918588 kB
MemFree:          159236 kB
MemAvailable:     534364 kB
Buffers:             468 kB
Cached:           589300 kB
SwapCached:         4460 kB
Active:          3491552 kB
Inactive:        1797132 kB
Active(anon):    3350236 kB
Inactive(anon):  1367476 kB
Active(file):     141316 kB
Inactive(file):   429656 kB
Unevictable:        6420 kB
Mlocked:            5980 kB
SwapTotal:       4718584 kB
SwapFree:        2915516 kB
Dirty:               164 kB
Writeback:             0 kB
AnonPages:       4705456 kB
Mapped:           488556 kB
Shmem:             14120 kB
KReclaimable:     146236 kB
Slab:             309996 kB
SReclaimable:      79412 kB
SUnreclaim:       230584 kB
KernelStack:       46928 kB
ShadowCallStack:   11752 kB
PageTables:        83988 kB
NFS_Unstable:          0 kB
Bounce:                0 kB
WritebackTmp:          0 kB
CommitLimit:     8677876 kB
Committed_AS:   73010248 kB
VmallocTotal:   263061440 kB
VmallocUsed:      129472 kB
VmallocChunk:          0 kB
Percpu:             2448 kB
CmaTotal:         405504 kB
CmaFree:               0 kB
MemTotal:        7918588 kB
MemFree:          147188 kB
MemAvailable:     522012 kB
Buffers:             476 kB
Cached:           589332 kB
SwapCached:         4460 kB
Active:          3555084 kB
Inactive:        1747288 kB
Active(anon):    3413768 kB
Inactive(anon):  1317620 kB
Active(file):     141316 kB
Inactive(file):   429668 kB
Unevictable:        6420 kB
Mlocked:            5980 kB
SwapTotal:       4718584 kB
SwapFree:        2867900 kB
Dirty:               188 kB
Writeback:            16 kB
AnonPages:       4718928 kB
Mapped:           489024 kB
Shmem:             14120 kB
KReclaimable:     145604 kB
Slab:             310072 kB
SReclaimable:      79412 kB
SUnreclaim:       230660 kB
KernelStack:       46944 kB
ShadowCallStack:   11768 kB
PageTables:        84324 kB
NFS_Unstable:          0 kB
Bounce:                0 kB
WritebackTmp:          0 kB
CommitLimit:     8677876 kB
Committed_AS:   73124936 kB
VmallocTotal:   263061440 kB
VmallocUsed:      129476 kB
VmallocChunk:          0 kB
Percpu:             2448 kB
CmaTotal:         405504 kB
CmaFree:               0 kB
MemTotal:        7918588 kB
MemFree:          139864 kB
MemAvailable:     512252 kB
Buffers:             476 kB
Cached:           591240 kB
SwapCached:         4460 kB
Active:          3611964 kB
Inactive:        1696948 kB
Active(anon):    3468744 kB
Inactive(anon):  1267280 kB
Active(file):     143220 kB
Inactive(file):   429668 kB
Unevictable:        6420 kB
Mlocked:            5980 kB
SwapTotal:       4718584 kB
SwapFree:        2822076 kB
Dirty:               188 kB
Writeback:             0 kB
AnonPages:       4723580 kB
Mapped:           489504 kB
Shmem:             14148 kB
KReclaimable:     145116 kB
Slab:             310140 kB
SReclaimable:      79428 kB
SUnreclaim:       230712 kB
KernelStack:       46928 kB
ShadowCallStack:   11780 kB
PageTables:        84468 kB
NFS_Unstable:          0 kB
Bounce:                0 kB
WritebackTmp:          0 kB
CommitLimit:     8677876 kB
Committed_AS:   73223260 kB
VmallocTotal:   263061440 kB
VmallocUsed:      129500 kB
VmallocChunk:          0 kB
Percpu:             2448 kB
CmaTotal:         405504 kB
CmaFree:               8 kB
MemTotal:        7918588 kB
MemFree:          127160 kB
MemAvailable:     499924 kB
Buffers:             476 kB
Cached:           591900 kB
SwapCached:         4460 kB
Active:          3674140 kB
Inactive:        1646084 kB
Active(anon):    3530264 kB
Inactive(anon):  1216416 kB
Active(file):     143876 kB
Inactive(file):   429668 kB
Unevictable:        6420 kB
Mlocked:            5980 kB
SwapTotal:       4718584 kB
SwapFree:        2773692 kB
Dirty:               188 kB
Writeback:             0 kB
AnonPages:       4734308 kB
Mapped:           489884 kB
Shmem:             14148 kB
KReclaimable:     144556 kB
Slab:             310164 kB
SReclaimable:      79428 kB
SUnreclaim:       230736 kB
KernelStack:       46944 kB
ShadowCallStack:   11768 kB
PageTables:        84808 kB
NFS_Unstable:          0 kB
Bounce:                0 kB
WritebackTmp:          0 kB
CommitLimit:     8677876 kB
Committed_AS:   73354332 kB
VmallocTotal:   263061440 kB
VmallocUsed:      129476 kB
VmallocChunk:          0 kB
Percpu:             2448 kB
CmaTotal:         405504 kB
CmaFree:               0 kB
MemTotal:        7918588 kB
MemFree:          119060 kB
MemAvailable:     496396 kB
Buffers:             476 kB
Cached:           592608 kB
SwapCached:         4460 kB
Active:          3722828 kB
Inactive:        1606200 kB
Active(anon):    3578240 kB
Inactive(anon):  1176532 kB
Active(file):     144588 kB
Inactive(file):   429668 kB
Unevictable:        6420 kB
Mlocked:            5980 kB
SwapTotal:       4718584 kB
SwapFree:        2736060 kB
Dirty:               188 kB
Writeback:             0 kB
AnonPages:       4742152 kB
Mapped:           490396 kB
Shmem:             14152 kB
KReclaimable:     144084 kB
Slab:             310164 kB
SReclaimable:      79476 kB
SUnreclaim:       230688 kB
KernelStack:       46944 kB
ShadowCallStack:   11756 kB
PageTables:        84676 kB
NFS_Unstable:          0 kB
Bounce:                0 kB
WritebackTmp:          0 kB
CommitLimit:     8677876 kB
Committed_AS:   73436296 kB
VmallocTotal:   263061440 kB
VmallocUsed:      129496 kB
VmallocChunk:          0 kB
Percpu:             2448 kB
CmaTotal:         405504 kB
CmaFree:               0 kB
MemTotal:        7918588 kB
MemFree:          108184 kB
MemAvailable:     485164 kB
Buffers:             500 kB
Cached:           592596 kB
SwapCached:         4460 kB
Active:          3786584 kB
Inactive:        1551300 kB
Active(anon):    3641996 kB
Inactive(anon):  1121612 kB
Active(file):     144588 kB
Inactive(file):   429688 kB
Unevictable:        6420 kB
Mlocked:            5980 kB
SwapTotal:       4718584 kB
SwapFree:        2684860 kB
Dirty:               188 kB
Writeback:             0 kB
AnonPages:       4751428 kB
Mapped:           490864 kB
Shmem:             14152 kB
KReclaimable:     143332 kB
Slab:             310192 kB
SReclaimable:      79476 kB
SUnreclaim:       230716 kB
KernelStack:       46944 kB
ShadowCallStack:   11768 kB
PageTables:        84924 kB
NFS_Unstable:          0 kB
Bounce:                0 kB
WritebackTmp:          0 kB
CommitLimit:     8677876 kB
Committed_AS:   73550940 kB
VmallocTotal:   263061440 kB
VmallocUsed:      129500 kB
VmallocChunk:          0 kB
Percpu:             2448 kB
CmaTotal:         405504 kB
CmaFree:               0 kB
MemTotal:        7918588 kB
MemFree:           95992 kB
MemAvailable:     474376 kB
Buffers:             500 kB
Cached:           594232 kB
SwapCached:         4460 kB
Active:          3848744 kB
Inactive:        1500824 kB
Active(anon):    3702548 kB
Inactive(anon):  1071124 kB
Active(file):     146196 kB
Inactive(file):   429700 kB
Unevictable:        6420 kB
Mlocked:            5980 kB
SwapTotal:       4718584 kB
SwapFree:        2638780 kB
Dirty:                92 kB
Writeback:             0 kB
AnonPages:       4761096 kB
Mapped:           491304 kB
Shmem:             14152 kB
KReclaimable:     142900 kB
Slab:             310464 kB
SReclaimable:      79492 kB
SUnreclaim:       230972 kB
KernelStack:       47008 kB
ShadowCallStack:   11776 kB
PageTables:        85480 kB
NFS_Unstable:          0 kB
Bounce:                0 kB
WritebackTmp:          0 kB
CommitLimit:     8677876 kB
Committed_AS:   73665628 kB
VmallocTotal:   263061440 kB
VmallocUsed:      129536 kB
VmallocChunk:          0 kB
Percpu:             2448 kB
CmaTotal:         405504 kB
CmaFree:               0 kB
MemTotal:        7918588 kB
MemFree:           92224 kB
MemAvailable:     470716 kB
Buffers:             500 kB
Cached:           594612 kB
SwapCached:         4460 kB
Active:          3905464 kB
Inactive:        1446036 kB
Active(anon):    3758884 kB
Inactive(anon):  1016332 kB
Active(file):     146580 kB
Inactive(file):   429704 kB
Unevictable:        6420 kB
Mlocked:            5980 kB
SwapTotal:       4718584 kB
SwapFree:        2587836 kB
Dirty:               120 kB
Writeback:             0 kB
AnonPages:       4762696 kB
Mapped:           491672 kB
Shmem:             14152 kB
KReclaimable:     142340 kB
Slab:             310392 kB
SReclaimable:      79492 kB
SUnreclaim:       230900 kB
KernelStack:       46960 kB
ShadowCallStack:   11768 kB
PageTables:        85424 kB
NFS_Unstable:          0 kB
Bounce:                0 kB
WritebackTmp:          0 kB
CommitLimit:     8677876 kB
Committed_AS:   73763936 kB
VmallocTotal:   263061440 kB
VmallocUsed:      129540 kB
VmallocChunk:          0 kB
Percpu:             2448 kB
CmaTotal:         405504 kB
CmaFree:               0 kB
MemTotal:        7918588 kB
MemFree:           90636 kB
MemAvailable:     468840 kB
Buffers:             500 kB
Cached:           594632 kB
SwapCached:         4464 kB
Active:          3958476 kB
Inactive:        1394936 kB
Active(anon):    3811896 kB
Inactive(anon):   965228 kB
Active(file):     146580 kB
Inactive(file):   429708 kB
Unevictable:        6420 kB
Mlocked:            5980 kB
SwapTotal:       4718584 kB
SwapFree:        2538940 kB
Dirty:               124 kB
Writeback:             0 kB
AnonPages:       4764688 kB
Mapped:           492056 kB
Shmem:             14156 kB
KReclaimable:     141756 kB
Slab:             310468 kB
SReclaimable:      79556 kB
SUnreclaim:       230912 kB
KernelStack:       46992 kB
ShadowCallStack:   11772 kB
PageTables:        85764 kB
NFS_Unstable:          0 kB
Bounce:                0 kB
WritebackTmp:          0 kB
CommitLimit:     8677876 kB
Committed_AS:   73845856 kB
VmallocTotal:   263061440 kB
VmallocUsed:      129536 kB
VmallocChunk:          0 kB
Percpu:             2448 kB
CmaTotal:         405504 kB
CmaFree:               0 kB
MemTotal:        7918588 kB
MemFree:           90220 kB
MemAvailable:     468256 kB
Buffers:             500 kB
Cached:           594616 kB
SwapCached:         4464 kB
Active:          4020576 kB
Inactive:        1331336 kB
Active(anon):    3873996 kB
Inactive(anon):   901628 kB
Active(file):     146580 kB
Inactive(file):   429708 kB
Unevictable:        6420 kB
Mlocked:            5980 kB
SwapTotal:       4718584 kB
SwapFree:        2479036 kB
Dirty:               124 kB
Writeback:             0 kB
AnonPages:       4763388 kB
