MemTotal:        7918584 kB
MemFree:         3542792 kB
MemAvailable:    4730556 kB
Buffers:            4116 kB
Cached:          1136384 kB
SwapCached:         4680 kB
Active:           767156 kB
Inactive:        1045564 kB
Active(anon):     371764 kB
Inactive(anon):   318708 kB
Active(file):     395392 kB
Inactive(file):   726856 kB
Unevictable:        6356 kB
Mlocked:            5916 kB
SwapTotal:       4718584 kB
SwapFree:        4018168 kB
Dirty:             18608 kB
Writeback:            12 kB
AnonPages:        674688 kB
Mapped:           402436 kB
Shmem:             13468 kB
KReclaimable:     611388 kB
Slab:             315268 kB
SReclaimable:      87460 kB
SUnreclaim:       227808 kB
KernelStack:       49616 kB
ShadowCallStack:   12444 kB
PageTables:        66896 kB
NFS_Unstable:          0 kB
Bounce:                0 kB
WritebackTmp:          0 kB
CommitLimit:     8677876 kB
Committed_AS:   70075224 kB
VmallocTotal:   263061440 kB
VmallocUsed:      132856 kB
VmallocChunk:          0 kB
Percpu:             2520 kB
CmaTotal:         405504 kB
CmaFree:          252312 kB
MemTotal:        7918584 kB
MemFree:         3556368 kB
MemAvailable:    4976032 kB
Buffers:            4164 kB
Cached:          1142952 kB
SwapCached:         4756 kB
Active:           751624 kB
Inactive:        1045756 kB
Active(anon):     350412 kB
Inactive(anon):   318408 kB
Active(file):     401212 kB
Inactive(file):   727348 kB
Unevictable:        6356 kB
Mlocked:            5916 kB
SwapTotal:       4718584 kB
SwapFree:        4018168 kB
Dirty:             18636 kB
Writeback:             0 kB
AnonPages:        652936 kB
Mapped:           441968 kB
Shmem:             13772 kB
KReclaimable:     836976 kB
Slab:             314940 kB
SReclaimable:      87528 kB
SUnreclaim:       227412 kB
KernelStack:       49952 kB
ShadowCallStack:   12540 kB
PageTables:        67396 kB
NFS_Unstable:          0 kB
Bounce:                0 kB
WritebackTmp:          0 kB
CommitLimit:     8677876 kB
Committed_AS:   70131280 kB
VmallocTotal:   263061440 kB
VmallocUsed:      133224 kB
VmallocChunk:          0 kB
Percpu:             2520 kB
CmaTotal:         405504 kB
CmaFree:          252364 kB
MemTotal:        7918584 kB
MemFree:         3536928 kB
MemAvailable:    4829484 kB
Buffers:            4172 kB
Cached:          1143036 kB
SwapCached:         4764 kB
Active:           770264 kB
Inactive:        1045132 kB
Active(anon):     369040 kB
Inactive(anon):   317704 kB
Active(file):     401224 kB
Inactive(file):   727428 kB
Unevictable:        6356 kB
Mlocked:            5916 kB
SwapTotal:       4718584 kB
SwapFree:        4018680 kB
Dirty:             18660 kB
Writeback:             0 kB
AnonPages:        670600 kB
Mapped:           449132 kB
Shmem:             13772 kB
KReclaimable:     709776 kB
Slab:             315224 kB
SReclaimable:      87544 kB
SUnreclaim:       227680 kB
KernelStack:       49936 kB
ShadowCallStack:   12516 kB
PageTables:        67468 kB
NFS_Unstable:          0 kB
Bounce:                0 kB
WritebackTmp:          0 kB
CommitLimit:     8677876 kB
Committed_AS:   70137516 kB
VmallocTotal:   263061440 kB
VmallocUsed:      133248 kB
VmallocChunk:          0 kB
Percpu:             2520 kB
CmaTotal:         405504 kB
CmaFree:          252448 kB
MemTotal:        7918584 kB
MemFree:         3532812 kB
MemAvailable:    4824692 kB
Buffers:            4200 kB
Cached:          1143084 kB
SwapCached:         4764 kB
Active:           773584 kB
Inactive:        1045200 kB
Active(anon):     372360 kB
Inactive(anon):   317696 kB
Active(file):     401224 kB
Inactive(file):   727504 kB
Unevictable:        6356 kB
Mlocked:            5916 kB
SwapTotal:       4718584 kB
SwapFree:        4018680 kB
Dirty:             18740 kB
Writeback:             0 kB
AnonPages:        673856 kB
Mapped:           449888 kB
Shmem:             13772 kB
KReclaimable:     709024 kB
Slab:             315240 kB
SReclaimable:      87560 kB
SUnreclaim:       227680 kB
KernelStack:       49904 kB
ShadowCallStack:   12508 kB
PageTables:        67308 kB
NFS_Unstable:          0 kB
Bounce:                0 kB
WritebackTmp:          0 kB
CommitLimit:     8677876 kB
Committed_AS:   70137516 kB
VmallocTotal:   263061440 kB
VmallocUsed:      133252 kB
VmallocChunk:          0 kB
Percpu:             2520 kB
CmaTotal:         405504 kB
CmaFree:          252452 kB
MemTotal:        7918584 kB
MemFree:         3521496 kB
MemAvailable:    4823848 kB
Buffers:            4212 kB
Cached:          1153556 kB
SwapCached:         4764 kB
Active:           788344 kB
Inactive:        1043708 kB
Active(anon):     376644 kB
Inactive(anon):   316160 kB
Active(file):     411700 kB
Inactive(file):   727548 kB
Unevictable:        6356 kB
Mlocked:            5916 kB
SwapTotal:       4718584 kB
SwapFree:        4019448 kB
Dirty:             18756 kB
Writeback:             0 kB
AnonPages:        676696 kB
Mapped:           452248 kB
Shmem:             13736 kB
KReclaimable:     708976 kB
Slab:             315232 kB
SReclaimable:      87560 kB
SUnreclaim:       227672 kB
KernelStack:       49936 kB
ShadowCallStack:   12508 kB
PageTables:        67548 kB
NFS_Unstable:          0 kB
Bounce:                0 kB
WritebackTmp:          0 kB
CommitLimit:     8677876 kB
Committed_AS:   70137420 kB
VmallocTotal:   263061440 kB
VmallocUsed:      133232 kB
VmallocChunk:          0 kB
Percpu:             2520 kB
CmaTotal:         405504 kB
CmaFree:          253736 kB
MemTotal:        7918584 kB
MemFree:         3524376 kB
MemAvailable:    4847384 kB
Buffers:            4236 kB
Cached:          1154048 kB
SwapCached:         4764 kB
Active:           786532 kB
Inactive:        1042960 kB
Active(anon):     374316 kB
Inactive(anon):   315412 kB
Active(file):     412216 kB
Inactive(file):   727548 kB
Unevictable:        6356 kB
Mlocked:            5916 kB
SwapTotal:       4718584 kB
SwapFree:        4019448 kB
Dirty:             18756 kB
Writeback:             0 kB
AnonPages:        673544 kB
Mapped:           451536 kB
Shmem:             13736 kB
KReclaimable:     729116 kB
Slab:             315236 kB
SReclaimable:      87560 kB
SUnreclaim:       227676 kB
KernelStack:       49744 kB
ShadowCallStack:   12464 kB
PageTables:        67276 kB
NFS_Unstable:          0 kB
Bounce:                0 kB
WritebackTmp:          0 kB
CommitLimit:     8677876 kB
Committed_AS:   70136936 kB
VmallocTotal:   263061440 kB
VmallocUsed:      132752 kB
VmallocChunk:          0 kB
Percpu:             2520 kB
CmaTotal:         405504 kB
CmaFree:          253736 kB
MemTotal:        7918584 kB
MemFree:         3501320 kB
MemAvailable:    4824612 kB
Buffers:            4236 kB
Cached:          1154264 kB
SwapCached:         4764 kB
Active:           810212 kB
Inactive:        1043008 kB
Active(anon):     397832 kB
Inactive(anon):   315408 kB
Active(file):     412380 kB
Inactive(file):   727600 kB
Unevictable:        6356 kB
Mlocked:            5916 kB
SwapTotal:       4718584 kB
SwapFree:        4019448 kB
Dirty:             18776 kB
Writeback:             0 kB
AnonPages:        697208 kB
Mapped:           453408 kB
Shmem:             13736 kB
KReclaimable:     729184 kB
Slab:             315240 kB
SReclaimable:      87564 kB
SUnreclaim:       227676 kB
KernelStack:       49760 kB
ShadowCallStack:   12464 kB
PageTables:        67440 kB
NFS_Unstable:          0 kB
Bounce:                0 kB
WritebackTmp:          0 kB
CommitLimit:     8677876 kB
Committed_AS:   70155736 kB
VmallocTotal:   263061440 kB
VmallocUsed:      132752 kB
VmallocChunk:          0 kB
Percpu:             2520 kB
CmaTotal:         405504 kB
CmaFree:          253736 kB
MemTotal:        7918584 kB
MemFree:         3307352 kB
MemAvailable:    4565348 kB
Buffers:            4240 kB
Cached:          1154496 kB
SwapCached:         4776 kB
Active:          1002788 kB
Inactive:        1043004 kB
Active(anon):     590180 kB
Inactive(anon):   315400 kB
Active(file):     412608 kB
Inactive(file):   727604 kB
Unevictable:        6356 kB
Mlocked:            5916 kB
SwapTotal:       4718584 kB
SwapFree:        4019448 kB
Dirty:             18708 kB
Writeback:             0 kB
AnonPages:        889512 kB
Mapped:           534700 kB
Shmem:             13740 kB
KReclaimable:     663656 kB
Slab:             315628 kB
SReclaimable:      87708 kB
SUnreclaim:       227920 kB
KernelStack:       49808 kB
ShadowCallStack:   12480 kB
PageTables:        68104 kB
NFS_Unstable:          0 kB
Bounce:                0 kB
WritebackTmp:          0 kB
CommitLimit:     8677876 kB
Committed_AS:   70478316 kB
VmallocTotal:   263061440 kB
VmallocUsed:      132764 kB
VmallocChunk:          0 kB
Percpu:             2520 kB
CmaTotal:         405504 kB
CmaFree:          253736 kB
MemTotal:        7918584 kB
MemFree:         3292128 kB
MemAvailable:    4548320 kB
Buffers:            4240 kB
Cached:          1154524 kB
SwapCached:         4776 kB
Active:          1018200 kB
Inactive:        1043036 kB
Active(anon):     605592 kB
Inactive(anon):   315408 kB
Active(file):     412608 kB
Inactive(file):   727628 kB
Unevictable:        6356 kB
Mlocked:            5916 kB
SwapTotal:       4718584 kB
SwapFree:        4019448 kB
Dirty:             18724 kB
Writeback:             0 kB
AnonPages:        904876 kB
Mapped:           537956 kB
Shmem:             13744 kB
KReclaimable:     661828 kB
Slab:             315620 kB
SReclaimable:      87708 kB
SUnreclaim:       227912 kB
KernelStack:       49808 kB
ShadowCallStack:   12476 kB
PageTables:        68360 kB
NFS_Unstable:          0 kB
Bounce:                0 kB
WritebackTmp:          0 kB
CommitLimit:     8677876 kB
Committed_AS:   70517708 kB
VmallocTotal:   263061440 kB
VmallocUsed:      132776 kB
VmallocChunk:          0 kB
Percpu:             2520 kB
CmaTotal:         405504 kB
CmaFree:          253736 kB
MemTotal:        7918584 kB
MemFree:         3222128 kB
MemAvailable:    4443300 kB
Buffers:            4264 kB
Cached:          1157164 kB
SwapCached:         4784 kB
Active:          1086052 kB
Inactive:        1043156 kB
Active(anon):     670924 kB
Inactive(anon):   315388 kB
Active(file):     415128 kB
Inactive(file):   727768 kB
Unevictable:        6356 kB
Mlocked:            5916 kB
SwapTotal:       4718584 kB
SwapFree:        4019704 kB
Dirty:             17956 kB
Writeback:             0 kB
AnonPages:        970124 kB
Mapped:           549280 kB
Shmem:             13748 kB
KReclaimable:     624148 kB
Slab:             315828 kB
SReclaimable:      87708 kB
SUnreclaim:       228120 kB
KernelStack:       49888 kB
ShadowCallStack:   12484 kB
PageTables:        68656 kB
NFS_Unstable:          0 kB
Bounce:                0 kB
WritebackTmp:          0 kB
CommitLimit:     8677876 kB
Committed_AS:   70674524 kB
VmallocTotal:   263061440 kB
VmallocUsed:      132868 kB
VmallocChunk:          0 kB
Percpu:             2520 kB
CmaTotal:         405504 kB
CmaFree:          253736 kB
MemTotal:        7918584 kB
MemFree:         3112976 kB
MemAvailable:    4332992 kB
Buffers:            4264 kB
Cached:          1157200 kB
SwapCached:         4784 kB
Active:          1197300 kB
Inactive:        1043164 kB
Active(anon):     782144 kB
Inactive(anon):   315388 kB
Active(file):     415156 kB
Inactive(file):   727776 kB
Unevictable:        6356 kB
Mlocked:            5916 kB
SwapTotal:       4718584 kB
SwapFree:        4019704 kB
Dirty:             17960 kB
Writeback:             0 kB
AnonPages:       1081432 kB
Mapped:           550464 kB
Shmem:             13748 kB
KReclaimable:     622956 kB
Slab:             315752 kB
SReclaimable:      87708 kB
SUnreclaim:       228044 kB
KernelStack:       49840 kB
ShadowCallStack:   12504 kB
PageTables:        68996 kB
NFS_Unstable:          0 kB
Bounce:                0 kB
WritebackTmp:          0 kB
CommitLimit:     8677876 kB
Committed_AS:   70969440 kB
VmallocTotal:   263061440 kB
VmallocUsed:      132888 kB
VmallocChunk:          0 kB
Percpu:             2520 kB
CmaTotal:         405504 kB
CmaFree:          253736 kB
MemTotal:        7918584 kB
MemFree:         3027068 kB
MemAvailable:    4245700 kB
Buffers:            4264 kB
Cached:          1157208 kB
SwapCached:         4784 kB
Active:          1281888 kB
Inactive:        1042692 kB
Active(anon):     866732 kB
Inactive(anon):   314916 kB
Active(file):     415156 kB
Inactive(file):   727776 kB
Unevictable:        6356 kB
Mlocked:            5916 kB
SwapTotal:       4718584 kB
SwapFree:        4019704 kB
Dirty:             17960 kB
Writeback:             0 kB
AnonPages:       1165560 kB
Mapped:           551120 kB
Shmem:             13756 kB
KReclaimable:     621572 kB
Slab:             315812 kB
SReclaimable:      87708 kB
SUnreclaim:       228104 kB
KernelStack:       49888 kB
ShadowCallStack:   12488 kB
PageTables:        69528 kB
NFS_Unstable:          0 kB
Bounce:                0 kB
WritebackTmp:          0 kB
CommitLimit:     8677876 kB
Committed_AS:   71182436 kB
VmallocTotal:   263061440 kB
VmallocUsed:      132876 kB
VmallocChunk:          0 kB
Percpu:             2520 kB
CmaTotal:         405504 kB
CmaFree:          253736 kB
MemTotal:        7918584 kB
MemFree:         2925160 kB
MemAvailable:    4134176 kB
Buffers:            4264 kB
Cached:          1157212 kB
SwapCached:         4784 kB
Active:          1384048 kB
Inactive:        1042704 kB
Active(anon):     968892 kB
Inactive(anon):   314924 kB
Active(file):     415156 kB
Inactive(file):   727780 kB
Unevictable:        6356 kB
Mlocked:            5916 kB
SwapTotal:       4718584 kB
SwapFree:        4019704 kB
Dirty:             17972 kB
Writeback:             0 kB
AnonPages:       1267708 kB
Mapped:           552092 kB
Shmem:             13756 kB
KReclaimable:     611952 kB
Slab:             315868 kB
SReclaimable:      87708 kB
SUnreclaim:       228160 kB
KernelStack:       49840 kB
ShadowCallStack:   12488 kB
PageTables:        70080 kB
NFS_Unstable:          0 kB
Bounce:                0 kB
WritebackTmp:          0 kB
CommitLimit:     8677876 kB
Committed_AS:   71395380 kB
VmallocTotal:   263061440 kB
VmallocUsed:      132872 kB
VmallocChunk:          0 kB
Percpu:             2520 kB
CmaTotal:         405504 kB
CmaFree:          253736 kB
MemTotal:        7918584 kB
MemFree:         2842676 kB
MemAvailable:    4050604 kB
Buffers:            4264 kB
Cached:          1157236 kB
SwapCached:         4784 kB
Active:          1472344 kB
Inactive:        1035696 kB
Active(anon):    1057188 kB
Inactive(anon):   307892 kB
Active(file):     415156 kB
Inactive(file):   727804 kB
Unevictable:        6356 kB
Mlocked:            5916 kB
SwapTotal:       4718584 kB
SwapFree:        4019704 kB
Dirty:             17988 kB
Writeback:             0 kB
AnonPages:       1349136 kB
Mapped:           550596 kB
Shmem:             13756 kB
KReclaimable:     610840 kB
Slab:             315972 kB
SReclaimable:      87708 kB
SUnreclaim:       228264 kB
KernelStack:       49840 kB
ShadowCallStack:   12484 kB
PageTables:        70536 kB
NFS_Unstable:          0 kB
Bounce:                0 kB
WritebackTmp:          0 kB
CommitLimit:     8677876 kB
Committed_AS:   71624708 kB
VmallocTotal:   263061440 kB
VmallocUsed:      132864 kB
VmallocChunk:          0 kB
Percpu:             2520 kB
CmaTotal:         405504 kB
CmaFree:          253736 kB
MemTotal:        7918584 kB
MemFree:         2746272 kB
MemAvailable:    3952712 kB
Buffers:            4264 kB
Cached:          1157236 kB
SwapCached:         4784 kB
Active:          1567944 kB
Inactive:        1035668 kB
Active(anon):    1152788 kB
Inactive(anon):   307864 kB
Active(file):     415156 kB
Inactive(file):   727804 kB
Unevictable:        6356 kB
Mlocked:            5916 kB
SwapTotal:       4718584 kB
SwapFree:        4019704 kB
Dirty:             17344 kB
Writeback:             0 kB
AnonPages:       1444524 kB
Mapped:           551348 kB
Shmem:             13756 kB
KReclaimable:     609352 kB
Slab:             316072 kB
SReclaimable:      87708 kB
SUnreclaim:       228364 kB
KernelStack:       49824 kB
ShadowCallStack:   12488 kB
PageTables:        71008 kB
NFS_Unstable:          0 kB
Bounce:                0 kB
WritebackTmp:          0 kB
CommitLimit:     8677876 kB
Committed_AS:   71886852 kB
VmallocTotal:   263061440 kB
VmallocUsed:      132840 kB
VmallocChunk:          0 kB
Percpu:             2520 kB
CmaTotal:         405504 kB
CmaFree:          253736 kB
MemTotal:        7918584 kB
MemFree:         2662568 kB
MemAvailable:    3867900 kB
Buffers:            4296 kB
Cached:          1157200 kB
SwapCached:         4784 kB
Active:          1652364 kB
Inactive:        1034904 kB
Active(anon):    1237208 kB
Inactive(anon):   307104 kB
Active(file):     415156 kB
Inactive(file):   727800 kB
Unevictable:        6356 kB
Mlocked:            5916 kB
SwapTotal:       4718584 kB
SwapFree:        4019704 kB
Dirty:             17344 kB
Writeback:            16 kB
AnonPages:       1528352 kB
Mapped:           552276 kB
Shmem:             13756 kB
KReclaimable:     608248 kB
Slab:             316100 kB
SReclaimable:      87708 kB
SUnreclaim:       228392 kB
KernelStack:       49824 kB
ShadowCallStack:   12484 kB
PageTables:        71452 kB
NFS_Unstable:          0 kB
Bounce:                0 kB
WritebackTmp:          0 kB
CommitLimit:     8677876 kB
Committed_AS:   72099848 kB
VmallocTotal:   263061440 kB
VmallocUsed:      132836 kB
VmallocChunk:          0 kB
Percpu:             2520 kB
CmaTotal:         405504 kB
CmaFree:          253736 kB
MemTotal:        7918584 kB
MemFree:         2577620 kB
MemAvailable:    3782308 kB
Buffers:            4296 kB
Cached:          1157248 kB
SwapCached:         4784 kB
Active:          1737540 kB
Inactive:        1034928 kB
Active(anon):    1322384 kB
Inactive(anon):   307092 kB
Active(file):     415156 kB
Inactive(file):   727836 kB
Unevictable:        6356 kB
Mlocked:            5916 kB
SwapTotal:       4718584 kB
SwapFree:        4019704 kB
Dirty:             17472 kB
Writeback:             0 kB
AnonPages:       1613388 kB
Mapped:           552860 kB
Shmem:             13768 kB
KReclaimable:     607568 kB
Slab:             316136 kB
SReclaimable:      87708 kB
SUnreclaim:       228428 kB
KernelStack:       49808 kB
ShadowCallStack:   12476 kB
PageTables:        71748 kB
NFS_Unstable:          0 kB
Bounce:                0 kB
WritebackTmp:          0 kB
CommitLimit:     8677876 kB
Committed_AS:   72312848 kB
VmallocTotal:   263061440 kB
VmallocUsed:      132852 kB
VmallocChunk:          0 kB
Percpu:             2520 kB
CmaTotal:         405504 kB
CmaFree:          253736 kB
MemTotal:        7918584 kB
MemFree:         2481788 kB
MemAvailable:    3685116 kB
Buffers:            4296 kB
Cached:          1157252 kB
SwapCached:         4784 kB
Active:          1831972 kB
Inactive:        1034928 kB
Active(anon):    1416816 kB
Inactive(anon):   307092 kB
Active(file):     415156 kB
Inactive(file):   727836 kB
Unevictable:        6356 kB
Mlocked:            5916 kB
SwapTotal:       4718584 kB
SwapFree:        4019704 kB
Dirty:             17472 kB
Writeback:             0 kB
AnonPages:       1707776 kB
Mapped:           553744 kB
Shmem:             13772 kB
KReclaimable:     606208 kB
Slab:             316156 kB
SReclaimable:      87708 kB
SUnreclaim:       228448 kB
KernelStack:       49840 kB
ShadowCallStack:   12484 kB
PageTables:        72272 kB
NFS_Unstable:          0 kB
Bounce:                0 kB
WritebackTmp:          0 kB
CommitLimit:     8677876 kB
Committed_AS:   72509460 kB
VmallocTotal:   263061440 kB
VmallocUsed:      132852 kB
VmallocChunk:          0 kB
Percpu:             2520 kB
CmaTotal:         405504 kB
CmaFree:          253736 kB
MemTotal:        7918584 kB
MemFree:         2412716 kB
MemAvailable:    3615388 kB
Buffers:            4304 kB
Cached:          1157260 kB
SwapCached:         4784 kB
Active:          1901032 kB
Inactive:        1034944 kB
Active(anon):    1485876 kB
Inactive(anon):   307092 kB
Active(file):     415156 kB
Inactive(file):   727852 kB
Unevictable:        6356 kB
Mlocked:            5916 kB
SwapTotal:       4718584 kB
SwapFree:        4019704 kB
Dirty:             17564 kB
Writeback:             0 kB
AnonPages:       1776848 kB
Mapped:           554252 kB
Shmem:             13772 kB
KReclaimable:     605536 kB
Slab:             316172 kB
SReclaimable:      87708 kB
SUnreclaim:       228464 kB
KernelStack:       49840 kB
ShadowCallStack:   12484 kB
PageTables:        72644 kB
NFS_Unstable:          0 kB
Bounce:                0 kB
WritebackTmp:          0 kB
CommitLimit:     8677876 kB
Committed_AS:   72689684 kB
VmallocTotal:   263061440 kB
VmallocUsed:      132852 kB
VmallocChunk:          0 kB
Percpu:             2520 kB
CmaTotal:         405504 kB
CmaFree:          253736 kB
MemTotal:        7918584 kB
MemFree:         2337784 kB
MemAvailable:    3539560 kB
Buffers:            4304 kB
Cached:          1157260 kB
SwapCached:         4784 kB
Active:          1975560 kB
Inactive:        1034940 kB
Active(anon):    1560404 kB
Inactive(anon):   307088 kB
Active(file):     415156 kB
Inactive(file):   727852 kB
Unevictable:        6356 kB
Mlocked:            5916 kB
SwapTotal:       4718584 kB
SwapFree:        4019704 kB
Dirty:             17564 kB
Writeback:             0 kB
AnonPages:       1851456 kB
Mapped:           554764 kB
Shmem:             13772 kB
KReclaimable:     604640 kB
Slab:             316236 kB
SReclaimable:      87708 kB
SUnreclaim:       228528 kB
KernelStack:       49808 kB
ShadowCallStack:   12480 kB
PageTables:        73020 kB
NFS_Unstable:          0 kB
Bounce:                0 kB
WritebackTmp:          0 kB
CommitLimit:     8677876 kB
Committed_AS:   72853528 kB
VmallocTotal:   263061440 kB
VmallocUsed:      132848 kB
VmallocChunk:          0 kB
Percpu:             2520 kB
CmaTotal:         405504 kB
CmaFree:          253736 kB
MemTotal:        7918584 kB
MemFree:         2263472 kB
MemAvailable:    3464192 kB
Buffers:            4304 kB
Cached:          1157264 kB
SwapCached:         4784 kB
Active:          2048868 kB
Inactive:        1034940 kB
Active(anon):    1633712 kB
Inactive(anon):   307088 kB
Active(file):     415156 kB
Inactive(file):   727852 kB
Unevictable:        6356 kB
Mlocked:            5916 kB
SwapTotal:       4718584 kB
SwapFree:        4019704 kB
Dirty:             17568 kB
Writeback:             0 kB
AnonPages:       1924724 kB
Mapped:           555424 kB
Shmem:             13776 kB
KReclaimable:     603584 kB
Slab:             316240 kB
SReclaimable:      87708 kB
SUnreclaim:       228532 kB
KernelStack:       49840 kB
ShadowCallStack:   12492 kB
PageTables:        73268 kB
NFS_Unstable:          0 kB
Bounce:                0 kB
WritebackTmp:          0 kB
CommitLimit:     8677876 kB
Committed_AS:   73017368 kB
VmallocTotal:   263061440 kB
VmallocUsed:      132852 kB
VmallocChunk:          0 kB
Percpu:             2520 kB
CmaTotal:         405504 kB
CmaFree:          253736 kB
MemTotal:        7918584 kB
MemFree:         2169176 kB
MemAvailable:    3249032 kB
Buffers:            4312 kB
Cached:          1157284 kB
SwapCached:         4784 kB
Active:          2143896 kB
Inactive:        1034800 kB
Active(anon):    1728740 kB
Inactive(anon):   306940 kB
Active(file):     415156 kB
Inactive(file):   727860 kB
Unevictable:        6356 kB
Mlocked:            5916 kB
SwapTotal:       4718584 kB
SwapFree:        4019960 kB
Dirty:             17588 kB
Writeback:             0 kB
AnonPages:       2019720 kB
Mapped:           556356 kB
Shmem:             13796 kB
KReclaimable:     482712 kB
Slab:             316268 kB
SReclaimable:      87708 kB
SUnreclaim:       228560 kB
KernelStack:       49936 kB
ShadowCallStack:   12516 kB
PageTables:        73628 kB
NFS_Unstable:          0 kB
Bounce:                0 kB
WritebackTmp:          0 kB
CommitLimit:     8677876 kB
Committed_AS:   73148836 kB
VmallocTotal:   263061440 kB
VmallocUsed:      132988 kB
VmallocChunk:          0 kB
Percpu:             2520 kB
CmaTotal:         405504 kB
CmaFree:          253868 kB
MemTotal:        7918584 kB
MemFree:         2087716 kB
MemAvailable:    3156540 kB
Buffers:            4312 kB
Cached:          1157428 kB
SwapCached:         4784 kB
Active:          2224652 kB
Inactive:        1034768 kB
Active(anon):    1809496 kB
Inactive(anon):   306908 kB
Active(file):     415156 kB
Inactive(file):   727860 kB
Unevictable:        6356 kB
Mlocked:            5916 kB
SwapTotal:       4718584 kB
SwapFree:        4019960 kB
Dirty:             17600 kB
Writeback:             0 kB
AnonPages:       2100120 kB
Mapped:           557284 kB
Shmem:             13940 kB
KReclaimable:     471680 kB
Slab:             316284 kB
SReclaimable:      87724 kB
SUnreclaim:       228560 kB
KernelStack:       49920 kB
ShadowCallStack:   12504 kB
PageTables:        74008 kB
NFS_Unstable:          0 kB
Bounce:                0 kB
WritebackTmp:          0 kB
CommitLimit:     8677876 kB
Committed_AS:   73345404 kB
VmallocTotal:   263061440 kB
VmallocUsed:      133004 kB
VmallocChunk:          0 kB
Percpu:             2520 kB
CmaTotal:         405504 kB
CmaFree:          253860 kB
MemTotal:        7918584 kB
MemFree:         2070248 kB
MemAvailable:    3268756 kB
Buffers:            4312 kB
Cached:          1157432 kB
SwapCached:         4784 kB
Active:          2241696 kB
Inactive:        1034756 kB
Active(anon):    1826540 kB
Inactive(anon):   306896 kB
Active(file):     415156 kB
Inactive(file):   727860 kB
Unevictable:        6356 kB
Mlocked:            5916 kB
SwapTotal:       4718584 kB
SwapFree:        4019960 kB
Dirty:             17604 kB
Writeback:             0 kB
AnonPages:       2117384 kB
Mapped:           556888 kB
Shmem:             13944 kB
KReclaimable:     601364 kB
Slab:             316284 kB
SReclaimable:      87724 kB
SUnreclaim:       228560 kB
KernelStack:       49808 kB
ShadowCallStack:   12488 kB
PageTables:        73996 kB
NFS_Unstable:          0 kB
Bounce:                0 kB
WritebackTmp:          0 kB
CommitLimit:     8677876 kB
Committed_AS:   73476084 kB
VmallocTotal:   263061440 kB
VmallocUsed:      132836 kB
VmallocChunk:          0 kB
Percpu:             2520 kB
CmaTotal:         405504 kB
CmaFree:          253860 kB
MemTotal:        7918584 kB
MemFree:         2019660 kB
MemAvailable:    3217724 kB
Buffers:            4312 kB
Cached:          1157280 kB
SwapCached:         4784 kB
Active:          2292164 kB
Inactive:        1034772 kB
Active(anon):    1877008 kB
Inactive(anon):   306904 kB
Active(file):     415156 kB
Inactive(file):   727868 kB
Unevictable:        6356 kB
Mlocked:            5916 kB
SwapTotal:       4718584 kB
SwapFree:        4019960 kB
Dirty:             17608 kB
Writeback:             0 kB
AnonPages:       2167792 kB
Mapped:           557144 kB
Shmem:             13784 kB
KReclaimable:     600912 kB
Slab:             316256 kB
SReclaimable:      87724 kB
SUnreclaim:       228532 kB
KernelStack:       49824 kB
ShadowCallStack:   12480 kB
PageTables:        74412 kB
NFS_Unstable:          0 kB
Bounce:                0 kB
WritebackTmp:          0 kB
CommitLimit:     8677876 kB
Committed_AS:   73590772 kB
VmallocTotal:   263061440 kB
VmallocUsed:      132832 kB
VmallocChunk:          0 kB
Percpu:             2520 kB
CmaTotal:         405504 kB
CmaFree:          253860 kB
MemTotal:        7918584 kB
MemFree:         1946288 kB
MemAvailable:    3142464 kB
Buffers:            4336 kB
Cached:          1157280 kB
SwapCached:         4784 kB
Active:          2365736 kB
Inactive:        1034796 kB
Active(anon):    1950580 kB
Inactive(anon):   306904 kB
Active(file):     415156 kB
Inactive(file):   727892 kB
Unevictable:        6356 kB
Mlocked:            5916 kB
SwapTotal:       4718584 kB
SwapFree:        4020216 kB
Dirty:               216 kB
Writeback:             0 kB
AnonPages:       2241384 kB
Mapped:           558036 kB
Shmem:             13784 kB
KReclaimable:     599000 kB
Slab:             316288 kB
SReclaimable:      87724 kB
SUnreclaim:       228564 kB
KernelStack:       49808 kB
ShadowCallStack:   12484 kB
PageTables:        74776 kB
NFS_Unstable:          0 kB
Bounce:                0 kB
WritebackTmp:          0 kB
CommitLimit:     8677876 kB
Committed_AS:   73754620 kB
VmallocTotal:   263061440 kB
VmallocUsed:      132852 kB
VmallocChunk:          0 kB
Percpu:             2520 kB
CmaTotal:         405504 kB
CmaFree:          253860 kB
MemTotal:        7918584 kB
MemFree:         1906124 kB
MemAvailable:    3101876 kB
Buffers:            4336 kB
Cached:          1157280 kB
SwapCached:         4784 kB
Active:          2405636 kB
Inactive:        1034796 kB
Active(anon):    1990480 kB
Inactive(anon):   306904 kB
Active(file):     415156 kB
Inactive(file):   727892 kB
Unevictable:        6356 kB
Mlocked:            5916 kB
SwapTotal:       4718584 kB
SwapFree:        4020216 kB
Dirty:               220 kB
Writeback:             0 kB
AnonPages:       2281380 kB
Mapped:           558456 kB
Shmem:             13784 kB
KReclaimable:     598576 kB
Slab:             316288 kB
SReclaimable:      87724 kB
SUnreclaim:       228564 kB
KernelStack:       49792 kB
ShadowCallStack:   12488 kB
PageTables:        74700 kB
NFS_Unstable:          0 kB
Bounce:                0 kB
WritebackTmp:          0 kB
CommitLimit:     8677876 kB
Committed_AS:   73852920 kB
VmallocTotal:   263061440 kB
VmallocUsed:      132832 kB
VmallocChunk:          0 kB
Percpu:             2520 kB
CmaTotal:         405504 kB
CmaFree:          253860 kB
MemTotal:        7918584 kB
MemFree:         1849480 kB
MemAvailable:    3044448 kB
Buffers:            4336 kB
Cached:          1157280 kB
SwapCached:         4784 kB
Active:          2461464 kB
Inactive:        1034800 kB
Active(anon):    2046308 kB
Inactive(anon):   306908 kB
Active(file):     415156 kB
Inactive(file):   727892 kB
Unevictable:        6356 kB
Mlocked:            5916 kB
SwapTotal:       4718584 kB
SwapFree:        4020216 kB
Dirty:               220 kB
Writeback:             0 kB
AnonPages:       2337152 kB
Mapped:           558776 kB
Shmem:             13784 kB
KReclaimable:     597792 kB
Slab:             316308 kB
SReclaimable:      87724 kB
SUnreclaim:       228584 kB
KernelStack:       49824 kB
ShadowCallStack:   12480 kB
PageTables:        75144 kB
NFS_Unstable:          0 kB
Bounce:                0 kB
WritebackTmp:          0 kB
CommitLimit:     8677876 kB
Committed_AS:   73967608 kB
VmallocTotal:   263061440 kB
VmallocUsed:      132848 kB
VmallocChunk:          0 kB
Percpu:             2520 kB
CmaTotal:         405504 kB
CmaFree:          253860 kB
MemTotal:        7918584 kB
MemFree:         1808120 kB
MemAvailable:    3002360 kB
Buffers:            4336 kB
Cached:          1157288 kB
SwapCached:         4784 kB
Active:          2502776 kB
Inactive:        1034804 kB
Active(anon):    2087620 kB
Inactive(anon):   306904 kB
Active(file):     415156 kB
Inactive(file):   727900 kB
Unevictable:        6356 kB
Mlocked:            5916 kB
SwapTotal:       4718584 kB
SwapFree:        4020216 kB
Dirty:               244 kB
Writeback:             0 kB
AnonPages:       2378396 kB
Mapped:           559552 kB
Shmem:             13784 kB
KReclaimable:     597056 kB
Slab:             316372 kB
SReclaimable:      87740 kB
SUnreclaim:       228632 kB
KernelStack:       49824 kB
ShadowCallStack:   12488 kB
PageTables:        75340 kB
NFS_Unstable:          0 kB
Bounce:                0 kB
WritebackTmp:          0 kB
CommitLimit:     8677876 kB
Committed_AS:   74066936 kB
VmallocTotal:   263061440 kB
VmallocUsed:      132832 kB
VmallocChunk:          0 kB
Percpu:             2520 kB
CmaTotal:         405504 kB
CmaFree:          253860 kB
MemTotal:        7918584 kB
MemFree:         1784308 kB
MemAvailable:    2978072 kB
Buffers:            4336 kB
Cached:          1157288 kB
SwapCached:         4784 kB
Active:          2526172 kB
Inactive:        1034800 kB
Active(anon):    2111016 kB
Inactive(anon):   306900 kB
Active(file):     415156 kB
Inactive(file):   727900 kB
Unevictable:        6356 kB
Mlocked:            5916 kB
SwapTotal:       4718584 kB
SwapFree:        4020216 kB
Dirty:               244 kB
Writeback:             0 kB
AnonPages:       2402040 kB
Mapped:           559692 kB
Shmem:             13784 kB
KReclaimable:     596832 kB
Slab:             316372 kB
SReclaimable:      87740 kB
SUnreclaim:       228632 kB
KernelStack:       49824 kB
ShadowCallStack:   12492 kB
PageTables:        75224 kB
NFS_Unstable:          0 kB
Bounce:                0 kB
WritebackTmp:          0 kB
CommitLimit:     8677876 kB
Committed_AS:   74132476 kB
VmallocTotal:   263061440 kB
VmallocUsed:      132828 kB
VmallocChunk:          0 kB
Percpu:             2520 kB
CmaTotal:         405504 kB
CmaFree:          253860 kB
MemTotal:        7918584 kB
MemFree:         1719028 kB
MemAvailable:    2911964 kB
Buffers:            4336 kB
Cached:          1157288 kB
SwapCached:         4784 kB
Active:          2590648 kB
Inactive:        1034800 kB
Active(anon):    2175492 kB
Inactive(anon):   306900 kB
Active(file):     415156 kB
Inactive(file):   727900 kB
Unevictable:        6356 kB
Mlocked:            5916 kB
SwapTotal:       4718584 kB
SwapFree:        4020216 kB
Dirty:               248 kB
Writeback:             0 kB
AnonPages:       2466260 kB
Mapped:           560320 kB
Shmem:             13784 kB
KReclaimable:     595752 kB
Slab:             316452 kB
SReclaimable:      87788 kB
SUnreclaim:       228664 kB
KernelStack:       49808 kB
ShadowCallStack:   12476 kB
PageTables:        75848 kB
NFS_Unstable:          0 kB
Bounce:                0 kB
WritebackTmp:          0 kB
CommitLimit:     8677876 kB
Committed_AS:   74263548 kB
VmallocTotal:   263061440 kB
VmallocUsed:      132828 kB
VmallocChunk:          0 kB
Percpu:             2520 kB
CmaTotal:         405504 kB
CmaFree:          253860 kB
MemTotal:        7918584 kB
MemFree:         1700828 kB
MemAvailable:    2893684 kB
Buffers:            4344 kB
Cached:          1157288 kB
SwapCached:         4784 kB
Active:          2609032 kB
Inactive:        1034792 kB
Active(anon):    2193876 kB
Inactive(anon):   306892 kB
Active(file):     415156 kB
Inactive(file):   727900 kB
Unevictable:        6356 kB
Mlocked:            5916 kB
SwapTotal:       4718584 kB
SwapFree:        4020216 kB
Dirty:               248 kB
Writeback:             0 kB
AnonPages:       2484800 kB
Mapped:           560492 kB
Shmem:             13792 kB
KReclaimable:     595672 kB
Slab:             316456 kB
SReclaimable:      87788 kB
SUnreclaim:       228668 kB
KernelStack:       49760 kB
ShadowCallStack:   12484 kB
PageTables:        75860 kB
NFS_Unstable:          0 kB
Bounce:                0 kB
WritebackTmp:          0 kB
CommitLimit:     8677876 kB
Committed_AS:   74312548 kB
VmallocTotal:   263061440 kB
VmallocUsed:      132772 kB
VmallocChunk:          0 kB
Percpu:             2520 kB
CmaTotal:         405504 kB
CmaFree:          253860 kB
MemTotal:        7918584 kB
MemFree:         1645440 kB
MemAvailable:    2837536 kB
Buffers:            4344 kB
Cached:          1157296 kB
SwapCached:         4784 kB
Active:          2664664 kB
Inactive:        1034804 kB
Active(anon):    2249508 kB
Inactive(anon):   306896 kB
Active(file):     415156 kB
Inactive(file):   727908 kB
Unevictable:        6356 kB
Mlocked:            5916 kB
SwapTotal:       4718584 kB
SwapFree:        4020216 kB
Dirty:               252 kB
Writeback:             0 kB
AnonPages:       2540348 kB
Mapped:           560972 kB
Shmem:             13792 kB
KReclaimable:     594904 kB
Slab:             316480 kB
SReclaimable:      87788 kB
SUnreclaim:       228692 kB
KernelStack:       49760 kB
ShadowCallStack:   12464 kB
PageTables:        76076 kB
NFS_Unstable:          0 kB
Bounce:                0 kB
WritebackTmp:          0 kB
CommitLimit:     8677876 kB
Committed_AS:   74427180 kB
VmallocTotal:   263061440 kB
VmallocUsed:      132736 kB
VmallocChunk:          0 kB
Percpu:             2520 kB
CmaTotal:         405504 kB
CmaFree:          253860 kB
MemTotal:        7918584 kB
MemFree:         1603560 kB
MemAvailable:    2794816 kB
Buffers:            4352 kB
Cached:          1157304 kB
SwapCached:         4784 kB
Active:          2707000 kB
Inactive:        1034820 kB
Active(anon):    2291844 kB
Inactive(anon):   306896 kB
Active(file):     415156 kB
Inactive(file):   727924 kB
Unevictable:        6356 kB
Mlocked:            5916 kB
SwapTotal:       4718584 kB
SwapFree:        4020216 kB
Dirty:               260 kB
Writeback:             0 kB
AnonPages:       2582584 kB
Mapped:           561448 kB
Shmem:             13792 kB
KReclaimable:     594048 kB
Slab:             316472 kB
SReclaimable:      87788 kB
SUnreclaim:       228684 kB
KernelStack:       49760 kB
ShadowCallStack:   12464 kB
PageTables:        76252 kB
NFS_Unstable:          0 kB
Bounce:                0 kB
WritebackTmp:          0 kB
CommitLimit:     8677876 kB
Committed_AS:   74509100 kB
VmallocTotal:   263061440 kB
VmallocUsed:      132744 kB
VmallocChunk:          0 kB
Percpu:             2520 kB
CmaTotal:         405504 kB
CmaFree:          253860 kB
MemTotal:        7918584 kB
MemFree:         1564404 kB
MemAvailable:    2755404 kB
Buffers:            4352 kB
Cached:          1157376 kB
SwapCached:         4784 kB
Active:          2744740 kB
Inactive:        1034820 kB
Active(anon):    2329512 kB
Inactive(anon):   306896 kB
Active(file):     415228 kB
Inactive(file):   727924 kB
Unevictable:        6356 kB
Mlocked:            5916 kB
SwapTotal:       4718584 kB
SwapFree:        4020216 kB
Dirty:               260 kB
Writeback:             0 kB
AnonPages:       2620172 kB
Mapped:           561812 kB
Shmem:             13792 kB
KReclaimable:     593720 kB
Slab:             316516 kB
SReclaimable:      87788 kB
SUnreclaim:       228728 kB
KernelStack:       49728 kB
ShadowCallStack:   12476 kB
PageTables:        76348 kB
NFS_Unstable:          0 kB
Bounce:                0 kB
WritebackTmp:          0 kB
CommitLimit:     8677876 kB
Committed_AS:   74607404 kB
VmallocTotal:   263061440 kB
VmallocUsed:      132748 kB
VmallocChunk:          0 kB
Percpu:             2520 kB
CmaTotal:         405504 kB
CmaFree:          253860 kB
MemTotal:        7918584 kB
MemFree:         1522880 kB
MemAvailable:    2713136 kB
Buffers:            4352 kB
Cached:          1157376 kB
SwapCached:         4784 kB
Active:          2786860 kB
Inactive:        1034820 kB
Active(anon):    2371632 kB
Inactive(anon):   306896 kB
Active(file):     415228 kB
Inactive(file):   727924 kB
Unevictable:        6356 kB
Mlocked:            5916 kB
SwapTotal:       4718584 kB
SwapFree:        4020216 kB
Dirty:               260 kB
Writeback:             0 kB
AnonPages:       2662280 kB
Mapped:           562140 kB
Shmem:             13792 kB
KReclaimable:     592976 kB
Slab:             316564 kB
SReclaimable:      87788 kB
SUnreclaim:       228776 kB
KernelStack:       49760 kB
ShadowCallStack:   12464 kB
PageTables:        76600 kB
NFS_Unstable:          0 kB
Bounce:                0 kB
WritebackTmp:          0 kB
CommitLimit:     8677876 kB
Committed_AS:   74705712 kB
VmallocTotal:   263061440 kB
VmallocUsed:      132732 kB
VmallocChunk:          0 kB
Percpu:             2520 kB
CmaTotal:         405504 kB
CmaFree:          253860 kB
MemTotal:        7918584 kB
MemFree:         1505984 kB
MemAvailable:    2696220 kB
Buffers:            4376 kB
Cached:          1157652 kB
SwapCached:         4784 kB
Active:          2803608 kB
Inactive:        1034844 kB
Active(anon):    2388104 kB
Inactive(anon):   306896 kB
Active(file):     415504 kB
Inactive(file):   727948 kB
Unevictable:        6356 kB
Mlocked:            5916 kB
SwapTotal:       4718584 kB
SwapFree:        4020216 kB
Dirty:               264 kB
Writeback:             0 kB
AnonPages:       2678808 kB
Mapped:           562372 kB
Shmem:             13792 kB
KReclaimable:     592656 kB
Slab:             316600 kB
SReclaimable:      87788 kB
SUnreclaim:       228812 kB
KernelStack:       49760 kB
ShadowCallStack:   12464 kB
PageTables:        76516 kB
NFS_Unstable:          0 kB
Bounce:                0 kB
WritebackTmp:          0 kB
CommitLimit:     8677876 kB
Committed_AS:   74722092 kB
VmallocTotal:   263061440 kB
VmallocUsed:      132752 kB
VmallocChunk:          0 kB
Percpu:             2520 kB
CmaTotal:         405504 kB
CmaFree:          253860 kB
MemTotal:        7918584 kB
MemFree:         1455516 kB
MemAvailable:    2645240 kB
Buffers:            4376 kB
Cached:          1157652 kB
SwapCached:         4784 kB
Active:          2853848 kB
Inactive:        1034840 kB
Active(anon):    2438344 kB
Inactive(anon):   306892 kB
Active(file):     415504 kB
Inactive(file):   727948 kB
Unevictable:        6356 kB
Mlocked:            5916 kB
SwapTotal:       4718584 kB
SwapFree:        4020216 kB
Dirty:               264 kB
Writeback:             0 kB
AnonPages:       2729124 kB
Mapped:           562732 kB
Shmem:             13792 kB
KReclaimable:     592144 kB
Slab:             316616 kB
SReclaimable:      87788 kB
SUnreclaim:       228828 kB
KernelStack:       49696 kB
ShadowCallStack:   12448 kB
PageTables:        76856 kB
NFS_Unstable:          0 kB
Bounce:                0 kB
WritebackTmp:          0 kB
CommitLimit:     8677876 kB
Committed_AS:   74869444 kB
VmallocTotal:   263061440 kB
VmallocUsed:      132712 kB
VmallocChunk:          0 kB
Percpu:             2520 kB
CmaTotal:         405504 kB
CmaFree:          253860 kB
MemTotal:        7918584 kB
MemFree:         1417364 kB
MemAvailable:    2606268 kB
Buffers:            4376 kB
Cached:          1157656 kB
SwapCached:         4784 kB
Active:          2891468 kB
Inactive:        1034848 kB
Active(anon):    2475964 kB
Inactive(anon):   306896 kB
Active(file):     415504 kB
Inactive(file):   727952 kB
Unevictable:        6356 kB
Mlocked:            5916 kB
SwapTotal:       4718584 kB
SwapFree:        4020216 kB
Dirty:               276 kB
Writeback:             0 kB
AnonPages:       2766868 kB
Mapped:           563148 kB
Shmem:             13792 kB
KReclaimable:     591320 kB
Slab:             316584 kB
SReclaimable:      87788 kB
SUnreclaim:       228796 kB
KernelStack:       49696 kB
ShadowCallStack:   12440 kB
PageTables:        76916 kB
NFS_Unstable:          0 kB
Bounce:                0 kB
WritebackTmp:          0 kB
CommitLimit:     8677876 kB
Committed_AS:   74934980 kB
VmallocTotal:   263061440 kB
VmallocUsed:      132708 kB
VmallocChunk:          0 kB
Percpu:             2520 kB
CmaTotal:         405504 kB
CmaFree:          253852 kB
MemTotal:        7918584 kB
MemFree:         1390460 kB
MemAvailable:    2579096 kB
Buffers:            4376 kB
Cached:          1157668 kB
SwapCached:         4784 kB
Active:          2918712 kB
Inactive:        1034852 kB
Active(anon):    2503208 kB
Inactive(anon):   306896 kB
Active(file):     415504 kB
Inactive(file):   727956 kB
Unevictable:        6356 kB
Mlocked:            5916 kB
SwapTotal:       4718584 kB
SwapFree:        4020216 kB
Dirty:               304 kB
Writeback:             0 kB
AnonPages:       2793948 kB
Mapped:           563332 kB
Shmem:             13800 kB
KReclaimable:     591048 kB
Slab:             316736 kB
SReclaimable:      87788 kB
SUnreclaim:       228948 kB
KernelStack:       49728 kB
ShadowCallStack:   12456 kB
PageTables:        77212 kB
NFS_Unstable:          0 kB
Bounce:                0 kB
WritebackTmp:          0 kB
CommitLimit:     8677876 kB
Committed_AS:   75000524 kB
VmallocTotal:   263061440 kB
VmallocUsed:      132708 kB
VmallocChunk:          0 kB
Percpu:             2520 kB
CmaTotal:         405504 kB
CmaFree:          253860 kB
MemTotal:        7918584 kB
MemFree:         1353588 kB
MemAvailable:    2541816 kB
Buffers:            4376 kB
Cached:          1157668 kB
SwapCached:         4784 kB
Active:          2954592 kB
Inactive:        1034852 kB
Active(anon):    2539088 kB
Inactive(anon):   306896 kB
Active(file):     415504 kB
Inactive(file):   727956 kB
Unevictable:        6356 kB
Mlocked:            5916 kB
SwapTotal:       4718584 kB
SwapFree:        4020216 kB
Dirty:               304 kB
Writeback:             0 kB
AnonPages:       2829804 kB
Mapped:           563700 kB
Shmem:             13800 kB
KReclaimable:     590640 kB
Slab:             316744 kB
SReclaimable:      87788 kB
SUnreclaim:       228956 kB
KernelStack:       49712 kB
ShadowCallStack:   12460 kB
PageTables:        77260 kB
NFS_Unstable:          0 kB
Bounce:                0 kB
WritebackTmp:          0 kB
CommitLimit:     8677876 kB
Committed_AS:   75098828 kB
VmallocTotal:   263061440 kB
VmallocUsed:      132712 kB
VmallocChunk:          0 kB
Percpu:             2520 kB
CmaTotal:         405504 kB
CmaFree:          253860 kB
MemTotal:        7918584 kB
MemFree:         1323448 kB
MemAvailable:    2511044 kB
Buffers:            4384 kB
Cached:          1157660 kB
SwapCached:         4784 kB
Active:          2984676 kB
Inactive:        1034852 kB
Active(anon):    2569172 kB
Inactive(anon):   306896 kB
Active(file):     415504 kB
Inactive(file):   727956 kB
Unevictable:        6356 kB
Mlocked:            5916 kB
SwapTotal:       4718584 kB
SwapFree:        4020216 kB
Dirty:               308 kB
Writeback:             0 kB
AnonPages:       2859984 kB
Mapped:           563956 kB
Shmem:             13800 kB
KReclaimable:     590008 kB
Slab:             316748 kB
SReclaimable:      87788 kB
SUnreclaim:       228960 kB
KernelStack:       49696 kB
ShadowCallStack:   12472 kB
PageTables:        77488 kB
NFS_Unstable:          0 kB
Bounce:                0 kB
WritebackTmp:          0 kB
CommitLimit:     8677876 kB
Committed_AS:   75131596 kB
VmallocTotal:   263061440 kB
VmallocUsed:      132712 kB
VmallocChunk:          0 kB
Percpu:             2520 kB
CmaTotal:         405504 kB
CmaFree:          253860 kB
MemTotal:        7918584 kB
MemFree:         1265592 kB
MemAvailable:    2452488 kB
Buffers:            4384 kB
Cached:          1157672 kB
SwapCached:         4784 kB
Active:          3041440 kB
Inactive:        1034864 kB
Active(anon):    2625936 kB
Inactive(anon):   306896 kB
Active(file):     415504 kB
Inactive(file):   727968 kB
Unevictable:        6356 kB
Mlocked:            5916 kB
SwapTotal:       4718584 kB
SwapFree:        4020216 kB
Dirty:               308 kB
Writeback:             0 kB
AnonPages:       2916728 kB
Mapped:           564484 kB
Shmem:             13800 kB
KReclaimable:     589296 kB
Slab:             316832 kB
SReclaimable:      87788 kB
SUnreclaim:       229044 kB
KernelStack:       49728 kB
ShadowCallStack:   12456 kB
PageTables:        77760 kB
NFS_Unstable:          0 kB
Bounce:                0 kB
WritebackTmp:          0 kB
CommitLimit:     8677876 kB
Committed_AS:   75279052 kB
VmallocTotal:   263061440 kB
VmallocUsed:      132692 kB
VmallocChunk:          0 kB
Percpu:             2520 kB
CmaTotal:         405504 kB
CmaFree:          253860 kB
MemTotal:        7918584 kB
MemFree:         1194008 kB
MemAvailable:    2250100 kB
Buffers:            4384 kB
Cached:          1157852 kB
SwapCached:         4784 kB
Active:          3113808 kB
Inactive:        1034860 kB
Active(anon):    2698252 kB
Inactive(anon):   306884 kB
Active(file):     415556 kB
Inactive(file):   727976 kB
Unevictable:        6356 kB
Mlocked:            5916 kB
SwapTotal:       4718584 kB
SwapFree:        4020216 kB
Dirty:               316 kB
Writeback:             0 kB
AnonPages:       2988804 kB
Mapped:           565700 kB
Shmem:             13920 kB
KReclaimable:     458432 kB
Slab:             316996 kB
SReclaimable:      87788 kB
SUnreclaim:       229208 kB
KernelStack:       49840 kB
ShadowCallStack:   12480 kB
PageTables:        77944 kB
NFS_Unstable:          0 kB
Bounce:                0 kB
WritebackTmp:          0 kB
CommitLimit:     8677876 kB
Committed_AS:   75344984 kB
VmallocTotal:   263061440 kB
VmallocUsed:      132884 kB
VmallocChunk:          0 kB
Percpu:             2520 kB
CmaTotal:         405504 kB
CmaFree:          203248 kB
MemTotal:        7918584 kB
MemFree:         1210632 kB
MemAvailable:    2396732 kB
Buffers:            4384 kB
Cached:          1157736 kB
SwapCached:         4784 kB
Active:          3097332 kB
Inactive:        1034868 kB
Active(anon):    2681776 kB
Inactive(anon):   306892 kB
Active(file):     415556 kB
Inactive(file):   727976 kB
Unevictable:        6356 kB
Mlocked:            5916 kB
SwapTotal:       4718584 kB
SwapFree:        4020216 kB
Dirty:               316 kB
Writeback:             0 kB
AnonPages:       2972532 kB
Mapped:           565116 kB
Shmem:             13804 kB
KReclaimable:     588440 kB
Slab:             316904 kB
SReclaimable:      87788 kB
SUnreclaim:       229116 kB
KernelStack:       49712 kB
ShadowCallStack:   12452 kB
PageTables:        78084 kB
NFS_Unstable:          0 kB
Bounce:                0 kB
WritebackTmp:          0 kB
CommitLimit:     8677876 kB
Committed_AS:   75410084 kB
VmallocTotal:   263061440 kB
VmallocUsed:      132676 kB
VmallocChunk:          0 kB
Percpu:             2520 kB
CmaTotal:         405504 kB
CmaFree:          216724 kB
MemTotal:        7918584 kB
MemFree:         1160220 kB
MemAvailable:    2345544 kB
Buffers:            4384 kB
Cached:          1157736 kB
SwapCached:         4784 kB
Active:          3147584 kB
Inactive:        1034872 kB
Active(anon):    2732028 kB
Inactive(anon):   306896 kB
Active(file):     415556 kB
Inactive(file):   727976 kB
Unevictable:        6356 kB
Mlocked:            5916 kB
SwapTotal:       4718584 kB
SwapFree:        4020216 kB
Dirty:                96 kB
Writeback:             0 kB
AnonPages:       3022992 kB
Mapped:           565436 kB
Shmem:             13804 kB
KReclaimable:     587664 kB
Slab:             316936 kB
SReclaimable:      87804 kB
SUnreclaim:       229132 kB
KernelStack:       49680 kB
ShadowCallStack:   12452 kB
PageTables:        78124 kB
NFS_Unstable:          0 kB
Bounce:                0 kB
WritebackTmp:          0 kB
CommitLimit:     8677876 kB
Committed_AS:   75524768 kB
VmallocTotal:   263061440 kB
VmallocUsed:      132692 kB
VmallocChunk:          0 kB
Percpu:             2520 kB
CmaTotal:         405504 kB
CmaFree:          169092 kB
MemTotal:        7918584 kB
MemFree:         1136940 kB
MemAvailable:    2322192 kB
Buffers:            4408 kB
Cached:          1158324 kB
SwapCached:         4784 kB
Active:          3170780 kB
Inactive:        1034868 kB
Active(anon):    2754616 kB
Inactive(anon):   306892 kB
Active(file):     416164 kB
Inactive(file):   727976 kB
Unevictable:        6356 kB
Mlocked:            5916 kB
SwapTotal:       4718584 kB
SwapFree:        4020216 kB
Dirty:                96 kB
Writeback:             0 kB
AnonPages:       3045424 kB
Mapped:           566124 kB
Shmem:             13808 kB
KReclaimable:     586984 kB
Slab:             316920 kB
SReclaimable:      87804 kB
SUnreclaim:       229116 kB
KernelStack:       49712 kB
ShadowCallStack:   12460 kB
PageTables:        78248 kB
NFS_Unstable:          0 kB
Bounce:                0 kB
WritebackTmp:          0 kB
CommitLimit:     8677876 kB
Committed_AS:   75573924 kB
VmallocTotal:   263061440 kB
VmallocUsed:      132692 kB
VmallocChunk:          0 kB
Percpu:             2520 kB
CmaTotal:         405504 kB
CmaFree:          146664 kB
MemTotal:        7918584 kB
MemFree:         1098928 kB
MemAvailable:    2283900 kB
Buffers:            4408 kB
Cached:          1158348 kB
SwapCached:         4784 kB
Active:          3208368 kB
Inactive:        1034896 kB
Active(anon):    2792204 kB
Inactive(anon):   306896 kB
Active(file):     416164 kB
Inactive(file):   728000 kB
Unevictable:        6356 kB
Mlocked:            5916 kB
SwapTotal:       4718584 kB
SwapFree:        4020216 kB
Dirty:               164 kB
Writeback:             0 kB
AnonPages:       3082948 kB
Mapped:           566396 kB
Shmem:             13808 kB
KReclaimable:     586680 kB
Slab:             316992 kB
SReclaimable:      87804 kB
SUnreclaim:       229188 kB
KernelStack:       49712 kB
ShadowCallStack:   12452 kB
PageTables:        78516 kB
NFS_Unstable:          0 kB
Bounce:                0 kB
WritebackTmp:          0 kB
CommitLimit:     8677876 kB
Committed_AS:   75672228 kB
VmallocTotal:   263061440 kB
VmallocUsed:      132688 kB
VmallocChunk:          0 kB
Percpu:             2520 kB
CmaTotal:         405504 kB
CmaFree:          108728 kB
MemTotal:        7918584 kB
MemFree:         1062852 kB
MemAvailable:    2247376 kB
Buffers:            4416 kB
Cached:          1158356 kB
SwapCached:         4784 kB
Active:          3244508 kB
Inactive:        1034912 kB
Active(anon):    2828344 kB
Inactive(anon):   306896 kB
Active(file):     416164 kB
Inactive(file):   728016 kB
Unevictable:        6356 kB
Mlocked:            5916 kB
SwapTotal:       4718584 kB
SwapFree:        4020216 kB
Dirty:               124 kB
Writeback:             0 kB
AnonPages:       3119068 kB
Mapped:           566636 kB
Shmem:             13808 kB
KReclaimable:     586216 kB
Slab:             316988 kB
SReclaimable:      87804 kB
SUnreclaim:       229184 kB
KernelStack:       49712 kB
ShadowCallStack:   12452 kB
PageTables:        78668 kB
NFS_Unstable:          0 kB
Bounce:                0 kB
WritebackTmp:          0 kB
CommitLimit:     8677876 kB
Committed_AS:   75754148 kB
VmallocTotal:   263061440 kB
VmallocUsed:      132692 kB
VmallocChunk:          0 kB
Percpu:             2520 kB
CmaTotal:         405504 kB
CmaFree:           72352 kB
MemTotal:        7918584 kB
MemFree:         1053236 kB
MemAvailable:    2237664 kB
Buffers:            4416 kB
Cached:          1158360 kB
SwapCached:         4784 kB
Active:          3255436 kB
Inactive:        1034864 kB
Active(anon):    2839272 kB
Inactive(anon):   306848 kB
Active(file):     416164 kB
Inactive(file):   728016 kB
Unevictable:        6356 kB
Mlocked:            5916 kB
SwapTotal:       4718584 kB
SwapFree:        4020216 kB
Dirty:               280 kB
Writeback:             0 kB
AnonPages:       3129940 kB
Mapped:           566784 kB
Shmem:             13812 kB
KReclaimable:     586120 kB
Slab:             317024 kB
SReclaimable:      87804 kB
SUnreclaim:       229220 kB
KernelStack:       49712 kB
ShadowCallStack:   12452 kB
PageTables:        78696 kB
NFS_Unstable:          0 kB
Bounce:                0 kB
WritebackTmp:          0 kB
CommitLimit:     8677876 kB
Committed_AS:   75754156 kB
VmallocTotal:   263061440 kB
VmallocUsed:      132656 kB
VmallocChunk:          0 kB
Percpu:             2520 kB
CmaTotal:         405504 kB
CmaFree:           63264 kB
MemTotal:        7918584 kB
MemFree:          991180 kB
MemAvailable:    2174832 kB
Buffers:            4416 kB
Cached:          1158360 kB
SwapCached:         4784 kB
Active:          3316676 kB
Inactive:        1034864 kB
Active(anon):    2900512 kB
Inactive(anon):   306848 kB
Active(file):     416164 kB
Inactive(file):   728016 kB
Unevictable:        6356 kB
Mlocked:            5916 kB
SwapTotal:       4718584 kB
SwapFree:        4020216 kB
Dirty:               280 kB
Writeback:             0 kB
AnonPages:       3191196 kB
Mapped:           567284 kB
Shmem:             13812 kB
KReclaimable:     585344 kB
Slab:             317048 kB
SReclaimable:      87804 kB
SUnreclaim:       229244 kB
KernelStack:       49712 kB
ShadowCallStack:   12448 kB
PageTables:        78976 kB
NFS_Unstable:          0 kB
Bounce:                0 kB
WritebackTmp:          0 kB
CommitLimit:     8677876 kB
Committed_AS:   75901612 kB
VmallocTotal:   263061440 kB
VmallocUsed:      132708 kB
VmallocChunk:          0 kB
Percpu:             2520 kB
CmaTotal:         405504 kB
CmaFree:            1496 kB
MemTotal:        7918584 kB
MemFree:          963236 kB
MemAvailable:    2146456 kB
Buffers:            4424 kB
Cached:          1158360 kB
SwapCached:         4784 kB
Active:          3346176 kB
Inactive:        1034872 kB
Active(anon):    2930012 kB
Inactive(anon):   306848 kB
Active(file):     416164 kB
Inactive(file):   728024 kB
Unevictable:        6356 kB
Mlocked:            5916 kB
SwapTotal:       4718584 kB
SwapFree:        4020216 kB
Dirty:               280 kB
Writeback:             0 kB
AnonPages:       3220716 kB
Mapped:           567512 kB
Shmem:             13812 kB
KReclaimable:     584904 kB
Slab:             317156 kB
SReclaimable:      87820 kB
SUnreclaim:       229336 kB
KernelStack:       49712 kB
ShadowCallStack:   12452 kB
PageTables:        79096 kB
NFS_Unstable:          0 kB
Bounce:                0 kB
WritebackTmp:          0 kB
CommitLimit:     8677876 kB
Committed_AS:   75967152 kB
VmallocTotal:   263061440 kB
VmallocUsed:      132692 kB
VmallocChunk:          0 kB
Percpu:             2520 kB
CmaTotal:         405504 kB
CmaFree:               0 kB
MemTotal:        7918584 kB
MemFree:          938504 kB
MemAvailable:    2123640 kB
Buffers:            4504 kB
Cached:          1160616 kB
SwapCached:         4784 kB
Active:          3371172 kB
Inactive:        1034988 kB
Active(anon):    2952964 kB
Inactive(anon):   306844 kB
Active(file):     418208 kB
Inactive(file):   728144 kB
Unevictable:        6356 kB
Mlocked:            5916 kB
SwapTotal:       4718584 kB
SwapFree:        4020216 kB
Dirty:               348 kB
Writeback:             0 kB
AnonPages:       3243580 kB
Mapped:           567884 kB
Shmem:             13816 kB
KReclaimable:     584656 kB
Slab:             317152 kB
SReclaimable:      87820 kB
SUnreclaim:       229332 kB
KernelStack:       49648 kB
ShadowCallStack:   12456 kB
PageTables:        79352 kB
NFS_Unstable:          0 kB
Bounce:                0 kB
WritebackTmp:          0 kB
CommitLimit:     8677876 kB
Committed_AS:   76032640 kB
VmallocTotal:   263061440 kB
VmallocUsed:      132672 kB
VmallocChunk:          0 kB
Percpu:             2520 kB
CmaTotal:         405504 kB
CmaFree:               0 kB
MemTotal:        7918584 kB
MemFree:          885876 kB
MemAvailable:    2070196 kB
Buffers:            4504 kB
Cached:          1160636 kB
SwapCached:         4784 kB
Active:          3422824 kB
Inactive:        1035048 kB
Active(anon):    3004488 kB
Inactive(anon):   306848 kB
Active(file):     418336 kB
Inactive(file):   728200 kB
Unevictable:        6356 kB
Mlocked:            5916 kB
SwapTotal:       4718584 kB
SwapFree:        4020216 kB
Dirty:               380 kB
Writeback:             0 kB
AnonPages:       3295236 kB
Mapped:           568500 kB
Shmem:             13820 kB
KReclaimable:     583656 kB
Slab:             317196 kB
SReclaimable:      87820 kB
SUnreclaim:       229376 kB
KernelStack:       49696 kB
ShadowCallStack:   12448 kB
PageTables:        79468 kB
NFS_Unstable:          0 kB
Bounce:                0 kB
WritebackTmp:          0 kB
CommitLimit:     8677876 kB
Committed_AS:   76147332 kB
VmallocTotal:   263061440 kB
VmallocUsed:      132672 kB
VmallocChunk:          0 kB
Percpu:             2520 kB
CmaTotal:         405504 kB
CmaFree:               0 kB
MemTotal:        7918584 kB
MemFree:          868340 kB
MemAvailable:    2053188 kB
Buffers:            4504 kB
Cached:          1160636 kB
SwapCached:         4784 kB
Active:          3440296 kB
Inactive:        1035048 kB
Active(anon):    3021960 kB
Inactive(anon):   306848 kB
Active(file):     418336 kB
Inactive(file):   728200 kB
Unevictable:        6356 kB
Mlocked:            5916 kB
SwapTotal:       4718584 kB
SwapFree:        4020216 kB
Dirty:               384 kB
Writeback:             0 kB
AnonPages:       3312620 kB
Mapped:           568628 kB
Shmem:             13820 kB
KReclaimable:     584184 kB
Slab:             318056 kB
SReclaimable:      88652 kB
SUnreclaim:       229404 kB
KernelStack:       49664 kB
ShadowCallStack:   12436 kB
PageTables:        79744 kB
NFS_Unstable:          0 kB
Bounce:                0 kB
WritebackTmp:          0 kB
CommitLimit:     8677876 kB
Committed_AS:   76163720 kB
VmallocTotal:   263061440 kB
VmallocUsed:      132672 kB
VmallocChunk:          0 kB
Percpu:             2520 kB
CmaTotal:         405504 kB
CmaFree:               0 kB
MemTotal:        7918584 kB
MemFree:          821228 kB
MemAvailable:    2005712 kB
Buffers:            4504 kB
Cached:          1160644 kB
SwapCached:         4784 kB
Active:          3486244 kB
Inactive:        1035044 kB
Active(anon):    3067908 kB
Inactive(anon):   306840 kB
Active(file):     418336 kB
Inactive(file):   728204 kB
Unevictable:        6356 kB
Mlocked:            5916 kB
SwapTotal:       4718584 kB
SwapFree:        4020216 kB
Dirty:               408 kB
Writeback:             0 kB
AnonPages:       3358596 kB
Mapped:           569104 kB
Shmem:             13824 kB
KReclaimable:     583816 kB
Slab:             318148 kB
SReclaimable:      88764 kB
SUnreclaim:       229384 kB
KernelStack:       49696 kB
ShadowCallStack:   12456 kB
PageTables:        79748 kB
NFS_Unstable:          0 kB
Bounce:                0 kB
WritebackTmp:          0 kB
CommitLimit:     8677876 kB
Committed_AS:   76294792 kB
VmallocTotal:   263061440 kB
VmallocUsed:      132672 kB
VmallocChunk:          0 kB
Percpu:             2520 kB
CmaTotal:         405504 kB
CmaFree:               0 kB
MemTotal:        7918584 kB
MemFree:          788280 kB
MemAvailable:    1972276 kB
Buffers:            4528 kB
Cached:          1160668 kB
SwapCached:         4784 kB
Active:          3518152 kB
Inactive:        1035064 kB
Active(anon):    3099816 kB
Inactive(anon):   306828 kB
Active(file):     418336 kB
Inactive(file):   728236 kB
Unevictable:        6356 kB
Mlocked:            5916 kB
SwapTotal:       4718584 kB
SwapFree:        4020216 kB
Dirty:                28 kB
Writeback:             0 kB
AnonPages:       3390408 kB
Mapped:           569348 kB
Shmem:             13840 kB
KReclaimable:     583296 kB
Slab:             318216 kB
SReclaimable:      88764 kB
SUnreclaim:       229452 kB
KernelStack:       49680 kB
ShadowCallStack:   12448 kB
PageTables:        79820 kB
NFS_Unstable:          0 kB
Bounce:                0 kB
WritebackTmp:          0 kB
CommitLimit:     8677876 kB
Committed_AS:   76351124 kB
VmallocTotal:   263061440 kB
VmallocUsed:      132656 kB
VmallocChunk:          0 kB
Percpu:             2520 kB
CmaTotal:         405504 kB
CmaFree:               0 kB
MemTotal:        7918584 kB
MemFree:          771844 kB
MemAvailable:    1955424 kB
Buffers:            4528 kB
Cached:          1160672 kB
SwapCached:         4784 kB
Active:          3536460 kB
Inactive:        1035060 kB
Active(anon):    3118124 kB
Inactive(anon):   306824 kB
Active(file):     418336 kB
Inactive(file):   728236 kB
Unevictable:        6356 kB
Mlocked:            5916 kB
SwapTotal:       4718584 kB
SwapFree:        4020472 kB
Dirty:                56 kB
Writeback:             0 kB
AnonPages:       3408732 kB
Mapped:           569632 kB
Shmem:             13844 kB
KReclaimable:     582880 kB
Slab:             318220 kB
SReclaimable:      88764 kB
SUnreclaim:       229456 kB
KernelStack:       49648 kB
ShadowCallStack:   12452 kB
PageTables:        80088 kB
NFS_Unstable:          0 kB
Bounce:                0 kB
WritebackTmp:          0 kB
CommitLimit:     8677876 kB
Committed_AS:   76383832 kB
VmallocTotal:   263061440 kB
VmallocUsed:      132632 kB
VmallocChunk:          0 kB
Percpu:             2520 kB
CmaTotal:         405504 kB
CmaFree:               0 kB
MemTotal:        7918584 kB
MemFree:          708068 kB
MemAvailable:    1890536 kB
Buffers:            4528 kB
Cached:          1160680 kB
SwapCached:         4784 kB
Active:          3598316 kB
Inactive:        1034992 kB
Active(anon):    3179980 kB
Inactive(anon):   306748 kB
Active(file):     418336 kB
Inactive(file):   728244 kB
Unevictable:        6356 kB
Mlocked:            5916 kB
SwapTotal:       4718584 kB
SwapFree:        4020472 kB
Dirty:                84 kB
Writeback:             0 kB
AnonPages:       3470576 kB
Mapped:           570304 kB
Shmem:             13844 kB
KReclaimable:     581760 kB
Slab:             318256 kB
SReclaimable:      88748 kB
SUnreclaim:       229508 kB
KernelStack:       49648 kB
ShadowCallStack:   12436 kB
PageTables:        80200 kB
NFS_Unstable:          0 kB
Bounce:                0 kB
WritebackTmp:          0 kB
CommitLimit:     8677876 kB
Committed_AS:   76531180 kB
VmallocTotal:   263061440 kB
VmallocUsed:      132576 kB
VmallocChunk:          0 kB
Percpu:             2520 kB
CmaTotal:         405504 kB
CmaFree:               0 kB
MemTotal:        7918584 kB
MemFree:          692696 kB
MemAvailable:    1874996 kB
Buffers:            4528 kB
Cached:          1160688 kB
SwapCached:         4784 kB
Active:          3612420 kB
Inactive:        1034980 kB
Active(anon):    3194084 kB
Inactive(anon):   306736 kB
Active(file):     418336 kB
Inactive(file):   728244 kB
Unevictable:        6356 kB
Mlocked:            5916 kB
SwapTotal:       4718584 kB
SwapFree:        4020472 kB
Dirty:                84 kB
Writeback:             0 kB
AnonPages:       3484480 kB
Mapped:           570348 kB
Shmem:             13852 kB
KReclaimable:     581592 kB
Slab:             318272 kB
SReclaimable:      88748 kB
SUnreclaim:       229524 kB
KernelStack:       49568 kB
ShadowCallStack:   12424 kB
PageTables:        80288 kB
NFS_Unstable:          0 kB
Bounce:                0 kB
WritebackTmp:          0 kB
CommitLimit:     8677876 kB
Committed_AS:   76547212 kB
VmallocTotal:   263061440 kB
VmallocUsed:      132468 kB
VmallocChunk:          0 kB
Percpu:             2520 kB
CmaTotal:         405504 kB
CmaFree:               0 kB
MemTotal:        7918584 kB
MemFree:          659448 kB
MemAvailable:    1842740 kB
Buffers:            4528 kB
Cached:          1161992 kB
SwapCached:         4784 kB
Active:          3646016 kB
Inactive:        1034988 kB
Active(anon):    3226376 kB
Inactive(anon):   306744 kB
Active(file):     419640 kB
Inactive(file):   728244 kB
Unevictable:        6356 kB
Mlocked:            5916 kB
SwapTotal:       4718584 kB
SwapFree:        4020472 kB
Dirty:                92 kB
Writeback:             0 kB
AnonPages:       3516900 kB
Mapped:           570676 kB
Shmem:             13852 kB
KReclaimable:     581280 kB
Slab:             318280 kB
SReclaimable:      88748 kB
SUnreclaim:       229532 kB
KernelStack:       49536 kB
ShadowCallStack:   12408 kB
PageTables:        80492 kB
NFS_Unstable:          0 kB
Bounce:                0 kB
WritebackTmp:          0 kB
CommitLimit:     8677876 kB
Committed_AS:   76629128 kB
VmallocTotal:   263061440 kB
VmallocUsed:      132464 kB
VmallocChunk:          0 kB
Percpu:             2520 kB
CmaTotal:         405504 kB
CmaFree:               0 kB
MemTotal:        7918584 kB
MemFree:          609636 kB
MemAvailable:    1791936 kB
Buffers:            4536 kB
Cached:          1161992 kB
SwapCached:         4784 kB
Active:          3696836 kB
Inactive:        1035000 kB
Active(anon):    3277196 kB
Inactive(anon):   306748 kB
Active(file):     419640 kB
Inactive(file):   728252 kB
Unevictable:        6356 kB
Mlocked:            5916 kB
SwapTotal:       4718584 kB
SwapFree:        4020472 kB
Dirty:               144 kB
Writeback:             0 kB
AnonPages:       3567740 kB
Mapped:           571248 kB
Shmem:             13852 kB
KReclaimable:     580280 kB
Slab:             318300 kB
SReclaimable:      88748 kB
SUnreclaim:       229552 kB
KernelStack:       49488 kB
ShadowCallStack:   12396 kB
PageTables:        80620 kB
NFS_Unstable:          0 kB
Bounce:                0 kB
WritebackTmp:          0 kB
CommitLimit:     8677876 kB
Committed_AS:   76743664 kB
VmallocTotal:   263061440 kB
VmallocUsed:      132396 kB
VmallocChunk:          0 kB
Percpu:             2520 kB
CmaTotal:         405504 kB
CmaFree:               0 kB
MemTotal:        7918584 kB
MemFree:          603792 kB
MemAvailable:    1786028 kB
Buffers:            4536 kB
Cached:          1161992 kB
SwapCached:         4784 kB
Active:          3702476 kB
Inactive:        1035000 kB
Active(anon):    3282836 kB
Inactive(anon):   306748 kB
Active(file):     419640 kB
Inactive(file):   728252 kB
Unevictable:        6356 kB
Mlocked:            5916 kB
SwapTotal:       4718584 kB
SwapFree:        4020472 kB
Dirty:               144 kB
Writeback:             0 kB
AnonPages:       3573524 kB
Mapped:           571264 kB
Shmem:             13852 kB
KReclaimable:     580216 kB
Slab:             318336 kB
SReclaimable:      88748 kB
SUnreclaim:       229588 kB
KernelStack:       49488 kB
ShadowCallStack:   12400 kB
PageTables:        80612 kB
NFS_Unstable:          0 kB
Bounce:                0 kB
WritebackTmp:          0 kB
CommitLimit:     8677876 kB
Committed_AS:   76743556 kB
VmallocTotal:   263061440 kB
VmallocUsed:      132352 kB
VmallocChunk:          0 kB
Percpu:             2520 kB
CmaTotal:         405504 kB
CmaFree:               0 kB
MemTotal:        7918584 kB
MemFree:          551968 kB
MemAvailable:    1733604 kB
Buffers:            4544 kB
Cached:          1162000 kB
SwapCached:         4784 kB
Active:          3753328 kB
Inactive:        1035004 kB
Active(anon):    3333688 kB
Inactive(anon):   306736 kB
Active(file):     419640 kB
Inactive(file):   728268 kB
Unevictable:        6356 kB
Mlocked:            5916 kB
SwapTotal:       4718584 kB
SwapFree:        4020472 kB
Dirty:               224 kB
Writeback:             0 kB
AnonPages:       3624196 kB
Mapped:           571676 kB
Shmem:             13852 kB
KReclaimable:     579600 kB
Slab:             318448 kB
SReclaimable:      88748 kB
SUnreclaim:       229700 kB
KernelStack:       49424 kB
ShadowCallStack:   12384 kB
PageTables:        80976 kB
NFS_Unstable:          0 kB
Bounce:                0 kB
WritebackTmp:          0 kB
CommitLimit:     8677876 kB
Committed_AS:   76874524 kB
VmallocTotal:   263061440 kB
VmallocUsed:      132316 kB
VmallocChunk:          0 kB
Percpu:             2520 kB
CmaTotal:         405504 kB
CmaFree:               0 kB
MemTotal:        7918584 kB
MemFree:          482908 kB
MemAvailable:    1542956 kB
Buffers:            4544 kB
Cached:          1162424 kB
SwapCached:         4784 kB
Active:          3825956 kB
Inactive:        1031880 kB
Active(anon):    3405952 kB
Inactive(anon):   303612 kB
Active(file):     420004 kB
Inactive(file):   728268 kB
Unevictable:        6356 kB
Mlocked:            5916 kB
SwapTotal:       4718584 kB
SwapFree:        4026616 kB
Dirty:               224 kB
Writeback:             0 kB
AnonPages:       3693296 kB
Mapped:           572936 kB
Shmem:             13912 kB
KReclaimable:     457648 kB
Slab:             318516 kB
SReclaimable:      88748 kB
SUnreclaim:       229768 kB
KernelStack:       49456 kB
ShadowCallStack:   12384 kB
PageTables:        80912 kB
NFS_Unstable:          0 kB
Bounce:                0 kB
WritebackTmp:          0 kB
CommitLimit:     8677876 kB
Committed_AS:   76956632 kB
VmallocTotal:   263061440 kB
VmallocUsed:      132424 kB
VmallocChunk:          0 kB
Percpu:             2520 kB
CmaTotal:         405504 kB
CmaFree:             936 kB
MemTotal:        7918584 kB
MemFree:          508168 kB
MemAvailable:    1689488 kB
Buffers:            4544 kB
Cached:          1162400 kB
SwapCached:         4784 kB
Active:          3801544 kB
Inactive:        1031880 kB
Active(anon):    3381540 kB
Inactive(anon):   303612 kB
Active(file):     420004 kB
Inactive(file):   728268 kB
Unevictable:        6356 kB
Mlocked:            5916 kB
SwapTotal:       4718584 kB
SwapFree:        4026616 kB
Dirty:               244 kB
Writeback:             0 kB
AnonPages:       3668920 kB
Mapped:           572596 kB
Shmem:             13888 kB
KReclaimable:     578920 kB
Slab:             318456 kB
SReclaimable:      88748 kB
SUnreclaim:       229708 kB
KernelStack:       49312 kB
ShadowCallStack:   12360 kB
PageTables:        81160 kB
NFS_Unstable:          0 kB
Bounce:                0 kB
WritebackTmp:          0 kB
CommitLimit:     8677876 kB
Committed_AS:   76972632 kB
VmallocTotal:   263061440 kB
VmallocUsed:      132268 kB
VmallocChunk:          0 kB
Percpu:             2520 kB
CmaTotal:         405504 kB
CmaFree:              72 kB
MemTotal:        7918584 kB
MemFree:          443736 kB
MemAvailable:    1624212 kB
Buffers:            4568 kB
Cached:          1162388 kB
SwapCached:         4784 kB
Active:          3866568 kB
Inactive:        1031892 kB
Active(anon):    3446564 kB
Inactive(anon):   303612 kB
Active(file):     420004 kB
Inactive(file):   728280 kB
Unevictable:        6356 kB
Mlocked:            5916 kB
SwapTotal:       4718584 kB
SwapFree:        4026616 kB
Dirty:               268 kB
Writeback:             0 kB
AnonPages:       3733972 kB
Mapped:           573056 kB
Shmem:             13888 kB
KReclaimable:     578064 kB
Slab:             318384 kB
SReclaimable:      88716 kB
SUnreclaim:       229668 kB
KernelStack:       49360 kB
ShadowCallStack:   12372 kB
PageTables:        81424 kB
NFS_Unstable:          0 kB
Bounce:                0 kB
WritebackTmp:          0 kB
CommitLimit:     8677876 kB
Committed_AS:   77120088 kB
VmallocTotal:   263061440 kB
VmallocUsed:      132248 kB
VmallocChunk:          0 kB
Percpu:             2520 kB
CmaTotal:         405504 kB
CmaFree:               0 kB
MemTotal:        7918584 kB
MemFree:          428608 kB
MemAvailable:    1608672 kB
Buffers:            4568 kB
Cached:          1162400 kB
SwapCached:         4784 kB
Active:          3881764 kB
Inactive:        1031896 kB
Active(anon):    3461760 kB
Inactive(anon):   303604 kB
Active(file):     420004 kB
Inactive(file):   728292 kB
Unevictable:        6356 kB
Mlocked:            5916 kB
SwapTotal:       4718584 kB
SwapFree:        4026872 kB
Dirty:               252 kB
Writeback:             0 kB
AnonPages:       3749044 kB
Mapped:           573368 kB
Shmem:             13888 kB
KReclaimable:     577640 kB
Slab:             318420 kB
SReclaimable:      88716 kB
SUnreclaim:       229704 kB
KernelStack:       49312 kB
ShadowCallStack:   12360 kB
PageTables:        81504 kB
NFS_Unstable:          0 kB
Bounce:                0 kB
WritebackTmp:          0 kB
CommitLimit:     8677876 kB
Committed_AS:   77152756 kB
VmallocTotal:   263061440 kB
VmallocUsed:      132212 kB
VmallocChunk:          0 kB
Percpu:             2520 kB
CmaTotal:         405504 kB
CmaFree:               0 kB
MemTotal:        7918584 kB
MemFree:          393404 kB
MemAvailable:    1573172 kB
Buffers:            4568 kB
Cached:          1162412 kB
SwapCached:         4784 kB
Active:          3915268 kB
Inactive:        1031912 kB
Active(anon):    3495264 kB
Inactive(anon):   303612 kB
Active(file):     420004 kB
Inactive(file):   728300 kB
Unevictable:        6356 kB
Mlocked:            5916 kB
SwapTotal:       4718584 kB
SwapFree:        4026872 kB
Dirty:               260 kB
Writeback:             0 kB
AnonPages:       3782620 kB
Mapped:           573492 kB
Shmem:             13892 kB
KReclaimable:     577336 kB
Slab:             318360 kB
SReclaimable:      88716 kB
SUnreclaim:       229644 kB
KernelStack:       49328 kB
ShadowCallStack:   12360 kB
PageTables:        81584 kB
NFS_Unstable:          0 kB
Bounce:                0 kB
WritebackTmp:          0 kB
CommitLimit:     8677876 kB
Committed_AS:   77234680 kB
VmallocTotal:   263061440 kB
VmallocUsed:      132212 kB
VmallocChunk:          0 kB
Percpu:             2520 kB
CmaTotal:         405504 kB
CmaFree:               0 kB
MemTotal:        7918584 kB
MemFree:          345720 kB
MemAvailable:    1524408 kB
Buffers:            4568 kB
Cached:          1162252 kB
SwapCached:         4784 kB
Active:          3962816 kB
Inactive:        1031828 kB
Active(anon):    3542812 kB
Inactive(anon):   303528 kB
Active(file):     420004 kB
Inactive(file):   728300 kB
Unevictable:        6356 kB
Mlocked:            5916 kB
SwapTotal:       4718584 kB
SwapFree:        4026872 kB
Dirty:               260 kB
Writeback:             0 kB
AnonPages:       3830224 kB
Mapped:           574064 kB
Shmem:             13732 kB
KReclaimable:     576256 kB
Slab:             318436 kB
SReclaimable:      88716 kB
SUnreclaim:       229720 kB
KernelStack:       49312 kB
ShadowCallStack:   12352 kB
PageTables:        81820 kB
NFS_Unstable:          0 kB
Bounce:                0 kB
WritebackTmp:          0 kB
CommitLimit:     8677876 kB
Committed_AS:   77349204 kB
VmallocTotal:   263061440 kB
VmallocUsed:      132192 kB
VmallocChunk:          0 kB
Percpu:             2520 kB
CmaTotal:         405504 kB
CmaFree:               0 kB
MemTotal:        7918584 kB
MemFree:          342036 kB
MemAvailable:    1520700 kB
Buffers:            4568 kB
Cached:          1162268 kB
SwapCached:         4784 kB
Active:          3965668 kB
Inactive:        1031844 kB
Active(anon):    3545664 kB
Inactive(anon):   303528 kB
Active(file):     420004 kB
Inactive(file):   728316 kB
Unevictable:        6356 kB
Mlocked:            5916 kB
SwapTotal:       4718584 kB
SwapFree:        4026872 kB
Dirty:               324 kB
Writeback:             0 kB
AnonPages:       3833004 kB
Mapped:           574916 kB
Shmem:             13732 kB
KReclaimable:     576216 kB
Slab:             318476 kB
SReclaimable:      88716 kB
SUnreclaim:       229760 kB
KernelStack:       49376 kB
ShadowCallStack:   12380 kB
PageTables:        81704 kB
NFS_Unstable:          0 kB
Bounce:                0 kB
WritebackTmp:          0 kB
CommitLimit:     8677876 kB
Committed_AS:   77349516 kB
VmallocTotal:   263061440 kB
VmallocUsed:      132304 kB
VmallocChunk:          0 kB
Percpu:             2520 kB
CmaTotal:         405504 kB
CmaFree:              28 kB
MemTotal:        7918584 kB
MemFree:          285944 kB
MemAvailable:    1464128 kB
Buffers:            4568 kB
Cached:          1162380 kB
SwapCached:         4784 kB
Active:          4023628 kB
Inactive:        1031680 kB
Active(anon):    3603520 kB
Inactive(anon):   303364 kB
Active(file):     420108 kB
Inactive(file):   728316 kB
Unevictable:        6356 kB
Mlocked:            5916 kB
SwapTotal:       4718584 kB
SwapFree:        4027128 kB
Dirty:               412 kB
Writeback:             0 kB
AnonPages:       3890788 kB
Mapped:           575236 kB
Shmem:             13740 kB
KReclaimable:     575632 kB
Slab:             318532 kB
SReclaimable:      88716 kB
SUnreclaim:       229816 kB
KernelStack:       49424 kB
ShadowCallStack:   12380 kB
PageTables:        82104 kB
NFS_Unstable:          0 kB
Bounce:                0 kB
WritebackTmp:          0 kB
CommitLimit:     8677876 kB
Committed_AS:   77496980 kB
VmallocTotal:   263061440 kB
VmallocUsed:      132316 kB
VmallocChunk:          0 kB
Percpu:             2520 kB
CmaTotal:         405504 kB
CmaFree:               0 kB
MemTotal:        7918584 kB
MemFree:          270652 kB
MemAvailable:    1595200 kB
Buffers:            4576 kB
Cached:          1162368 kB
SwapCached:         4784 kB
Active:          4100076 kB
Inactive:         977908 kB
Active(anon):    3679956 kB
Inactive(anon):   249596 kB
Active(file):     420120 kB
Inactive(file):   728312 kB
Unevictable:        6356 kB
Mlocked:            5916 kB
SwapTotal:       4718584 kB
SwapFree:        4023544 kB
Dirty:               412 kB
Writeback:             0 kB
AnonPages:       3913428 kB
Mapped:           575620 kB
Shmem:             13728 kB
KReclaimable:     566340 kB
Slab:             316628 kB
SReclaimable:      86812 kB
SUnreclaim:       229816 kB
KernelStack:       49392 kB
ShadowCallStack:   12372 kB
PageTables:        82060 kB
NFS_Unstable:          0 kB
Bounce:                0 kB
WritebackTmp:          0 kB
CommitLimit:     8677876 kB
Committed_AS:   77529752 kB
VmallocTotal:   263061440 kB
VmallocUsed:      132332 kB
VmallocChunk:          0 kB
Percpu:             2520 kB
CmaTotal:         405504 kB
CmaFree:               0 kB
MemTotal:        7918584 kB
MemFree:          247676 kB
MemAvailable:    1572008 kB
Buffers:            4576 kB
Cached:          1162376 kB
SwapCached:         4784 kB
Active:          4123092 kB
Inactive:         977916 kB
Active(anon):    3702972 kB
Inactive(anon):   249596 kB
Active(file):     420120 kB
Inactive(file):   728320 kB
Unevictable:        6356 kB
Mlocked:            5916 kB
SwapTotal:       4718584 kB
SwapFree:        4023544 kB
Dirty:               424 kB
Writeback:             0 kB
AnonPages:       3936452 kB
Mapped:           575780 kB
Shmem:             13728 kB
KReclaimable:     566116 kB
Slab:             316644 kB
SReclaimable:      86812 kB
SUnreclaim:       229832 kB
KernelStack:       49424 kB
ShadowCallStack:   12380 kB
PageTables:        82316 kB
NFS_Unstable:          0 kB
Bounce:                0 kB
WritebackTmp:          0 kB
CommitLimit:     8677876 kB
Committed_AS:   77595284 kB
VmallocTotal:   263061440 kB
VmallocUsed:      132312 kB
VmallocChunk:          0 kB
Percpu:             2520 kB
CmaTotal:         405504 kB
CmaFree:               0 kB
MemTotal:        7918584 kB
MemFree:          200420 kB
MemAvailable:    1515548 kB
Buffers:            4576 kB
Cached:          1162312 kB
SwapCached:         4784 kB
Active:          4234532 kB
Inactive:         920780 kB
Active(anon):    3814408 kB
Inactive(anon):   192464 kB
Active(file):     420124 kB
Inactive(file):   728316 kB
Unevictable:        6356 kB
Mlocked:            5916 kB
SwapTotal:       4718584 kB
SwapFree:        4019448 kB
Dirty:               424 kB
Writeback:             0 kB
AnonPages:       3990876 kB
Mapped:           576292 kB
Shmem:             13664 kB
KReclaimable:     556912 kB
Slab:             316692 kB
SReclaimable:      86808 kB
SUnreclaim:       229884 kB
KernelStack:       49424 kB
ShadowCallStack:   12384 kB
PageTables:        82656 kB
NFS_Unstable:          0 kB
Bounce:                0 kB
WritebackTmp:          0 kB
CommitLimit:     8677876 kB
Committed_AS:   77726356 kB
VmallocTotal:   263061440 kB
VmallocUsed:      132316 kB
VmallocChunk:          0 kB
Percpu:             2520 kB
CmaTotal:         405504 kB
CmaFree:              16 kB
MemTotal:        7918584 kB
MemFree:          195168 kB
MemAvailable:    1509736 kB
Buffers:            4576 kB
Cached:          1162312 kB
SwapCached:         4784 kB
Active:          4242616 kB
Inactive:         920788 kB
Active(anon):    3822492 kB
Inactive(anon):   192472 kB
Active(file):     420124 kB
Inactive(file):   728316 kB
Unevictable:        6356 kB
Mlocked:            5916 kB
SwapTotal:       4718584 kB
SwapFree:        4019448 kB
Dirty:               424 kB
Writeback:             0 kB
AnonPages:       3998768 kB
Mapped:           576540 kB
Shmem:             13664 kB
KReclaimable:     556352 kB
Slab:             316304 kB
SReclaimable:      86320 kB
SUnreclaim:       229984 kB
KernelStack:       49440 kB
ShadowCallStack:   12384 kB
PageTables:        82664 kB
NFS_Unstable:          0 kB
Bounce:                0 kB
WritebackTmp:          0 kB
CommitLimit:     8677876 kB
Committed_AS:   77726356 kB
VmallocTotal:   263061440 kB
VmallocUsed:      132348 kB
VmallocChunk:          0 kB
Percpu:             2520 kB
CmaTotal:         405504 kB
CmaFree:               0 kB
MemTotal:        7918584 kB
MemFree:          193476 kB
MemAvailable:    1486112 kB
Buffers:            4600 kB
Cached:          1162256 kB
SwapCached:         4780 kB
Active:          4381816 kB
Inactive:         799476 kB
Active(anon):    3961636 kB
Inactive(anon):    71128 kB
Active(file):     420180 kB
Inactive(file):   728348 kB
Unevictable:        6356 kB
Mlocked:            5916 kB
SwapTotal:       4718584 kB
SwapFree:        3996920 kB
Dirty:               424 kB
Writeback:             0 kB
AnonPages:       4016896 kB
Mapped:           576632 kB
Shmem:             13544 kB
KReclaimable:     534332 kB
Slab:             316252 kB
SReclaimable:      86308 kB
SUnreclaim:       229944 kB
KernelStack:       49392 kB
ShadowCallStack:   12372 kB
PageTables:        82644 kB
NFS_Unstable:          0 kB
Bounce:                0 kB
WritebackTmp:          0 kB
CommitLimit:     8677876 kB
Committed_AS:   77841052 kB
VmallocTotal:   263061440 kB
VmallocUsed:      132332 kB
VmallocChunk:          0 kB
Percpu:             2520 kB
CmaTotal:         405504 kB
CmaFree:             256 kB
MemTotal:        7918584 kB
MemFree:          197184 kB
MemAvailable:    1442048 kB
Buffers:            4600 kB
Cached:          1128044 kB
SwapCached:         4780 kB
Active:          4455116 kB
Inactive:         731788 kB
Active(anon):    4032736 kB
Inactive(anon):    39672 kB
Active(file):     422380 kB
Inactive(file):   692116 kB
Unevictable:        6356 kB
Mlocked:            5916 kB
SwapTotal:       4718584 kB
SwapFree:        3989496 kB
Dirty:               248 kB
Writeback:             4 kB
AnonPages:       4056756 kB
Mapped:           561544 kB
Shmem:             13272 kB
KReclaimable:     520592 kB
Slab:             316300 kB
SReclaimable:      86304 kB
SUnreclaim:       229996 kB
KernelStack:       49392 kB
ShadowCallStack:   12380 kB
PageTables:        82692 kB
NFS_Unstable:          0 kB
Bounce:                0 kB
WritebackTmp:          0 kB
CommitLimit:     8677876 kB
Committed_AS:   77922976 kB
VmallocTotal:   263061440 kB
VmallocUsed:      132324 kB
VmallocChunk:          0 kB
Percpu:             2520 kB
CmaTotal:         405504 kB
CmaFree:             120 kB
MemTotal:        7918584 kB
MemFree:          194604 kB
MemAvailable:    1439540 kB
Buffers:            4612 kB
Cached:          1128056 kB
SwapCached:         4780 kB
Active:          4459172 kB
Inactive:         731784 kB
Active(anon):    4036672 kB
Inactive(anon):    39672 kB
Active(file):     422500 kB
Inactive(file):   692112 kB
Unevictable:        6356 kB
Mlocked:            5916 kB
SwapTotal:       4718584 kB
SwapFree:        3989496 kB
Dirty:               188 kB
Writeback:             0 kB
AnonPages:       4060700 kB
Mapped:           561412 kB
Shmem:             13272 kB
KReclaimable:     520548 kB
Slab:             316320 kB
SReclaimable:      86292 kB
SUnreclaim:       230028 kB
KernelStack:       49408 kB
ShadowCallStack:   12376 kB
PageTables:        82996 kB
NFS_Unstable:          0 kB
Bounce:                0 kB
WritebackTmp:          0 kB
CommitLimit:     8677876 kB
Committed_AS:   77939356 kB
VmallocTotal:   263061440 kB
VmallocUsed:      132332 kB
VmallocChunk:          0 kB
Percpu:             2520 kB
CmaTotal:         405504 kB
CmaFree:             112 kB
MemTotal:        7918584 kB
MemFree:          196024 kB
MemAvailable:    1374700 kB
Buffers:            3004 kB
Cached:          1084156 kB
SwapCached:         4780 kB
Active:          4577940 kB
Inactive:         630588 kB
Active(anon):    4099980 kB
Inactive(anon):    39676 kB
Active(file):     477960 kB
Inactive(file):   590912 kB
Unevictable:        6356 kB
Mlocked:            5916 kB
SwapTotal:       4718584 kB
SwapFree:        3989496 kB
Dirty:               188 kB
Writeback:             0 kB
AnonPages:       4124176 kB
Mapped:           545936 kB
Shmem:             13272 kB
KReclaimable:     500028 kB
Slab:             315848 kB
SReclaimable:      85812 kB
SUnreclaim:       230036 kB
KernelStack:       49408 kB
ShadowCallStack:   12372 kB
PageTables:        83224 kB
NFS_Unstable:          0 kB
Bounce:                0 kB
WritebackTmp:          0 kB
CommitLimit:     8677876 kB
Committed_AS:   78070428 kB
VmallocTotal:   263061440 kB
VmallocUsed:      132312 kB
VmallocChunk:          0 kB
Percpu:             2520 kB
CmaTotal:         405504 kB
CmaFree:              72 kB
MemTotal:        7918584 kB
MemFree:          196748 kB
MemAvailable:    1354336 kB
Buffers:            3004 kB
Cached:          1066160 kB
SwapCached:         4780 kB
Active:          4598924 kB
Inactive:         612672 kB
Active(anon):    4120816 kB
Inactive(anon):    39672 kB
Active(file):     478108 kB
Inactive(file):   573000 kB
Unevictable:        6356 kB
Mlocked:            5916 kB
SwapTotal:       4718584 kB
SwapFree:        3989496 kB
Dirty:               188 kB
Writeback:             0 kB
AnonPages:       4144880 kB
Mapped:           546276 kB
Shmem:             13272 kB
KReclaimable:     496704 kB
Slab:             315708 kB
SReclaimable:      85560 kB
SUnreclaim:       230148 kB
KernelStack:       49408 kB
ShadowCallStack:   12384 kB
PageTables:        83324 kB
NFS_Unstable:          0 kB
Bounce:                0 kB
WritebackTmp:          0 kB
CommitLimit:     8677876 kB
Committed_AS:   78086812 kB
VmallocTotal:   263061440 kB
VmallocUsed:      132320 kB
VmallocChunk:          0 kB
Percpu:             2520 kB
CmaTotal:         405504 kB
CmaFree:               0 kB
MemTotal:        7918584 kB
MemFree:          196716 kB
MemAvailable:    1327992 kB
Buffers:            3004 kB
Cached:          1043224 kB
SwapCached:         4780 kB
Active:          4624408 kB
Inactive:         589724 kB
Active(anon):    4146284 kB
Inactive(anon):    39672 kB
Active(file):     478124 kB
Inactive(file):   550052 kB
Unevictable:        6356 kB
Mlocked:            5916 kB
SwapTotal:       4718584 kB
SwapFree:        3989496 kB
Dirty:               224 kB
Writeback:             0 kB
AnonPages:       4170260 kB
Mapped:           546424 kB
Shmem:             13272 kB
KReclaimable:     493324 kB
Slab:             315488 kB
SReclaimable:      85452 kB
SUnreclaim:       230036 kB
KernelStack:       49424 kB
ShadowCallStack:   12388 kB
PageTables:        83308 kB
NFS_Unstable:          0 kB
Bounce:                0 kB
WritebackTmp:          0 kB
CommitLimit:     8677876 kB
Committed_AS:   78152348 kB
VmallocTotal:   263061440 kB
VmallocUsed:      132332 kB
VmallocChunk:          0 kB
Percpu:             2520 kB
CmaTotal:         405504 kB
CmaFree:               0 kB
MemTotal:        7918584 kB
MemFree:          197364 kB
MemAvailable:    1267708 kB
Buffers:            3004 kB
Cached:           991988 kB
SwapCached:         4780 kB
Active:          4682828 kB
Inactive:         538472 kB
Active(anon):    4204696 kB
Inactive(anon):    39668 kB
Active(file):     478132 kB
Inactive(file):   498804 kB
Unevictable:        6356 kB
Mlocked:            5916 kB
SwapTotal:       4718584 kB
SwapFree:        3989496 kB
Dirty:               228 kB
Writeback:             0 kB
AnonPages:       4228716 kB
Mapped:           546984 kB
Shmem:             13272 kB
KReclaimable:     483632 kB
Slab:             314200 kB
SReclaimable:      83992 kB
SUnreclaim:       230208 kB
KernelStack:       49424 kB
ShadowCallStack:   12376 kB
PageTables:        83660 kB
NFS_Unstable:          0 kB
Bounce:                0 kB
WritebackTmp:          0 kB
CommitLimit:     8677876 kB
Committed_AS:   78283944 kB
VmallocTotal:   263061440 kB
VmallocUsed:      132332 kB
VmallocChunk:          0 kB
Percpu:             2520 kB
CmaTotal:         405504 kB
CmaFree:               0 kB
MemTotal:        7918584 kB
MemFree:          194356 kB
MemAvailable:    1262472 kB
Buffers:            3004 kB
Cached:           990956 kB
SwapCached:         4780 kB
Active:          4696916 kB
Inactive:         529532 kB
Active(anon):    4210872 kB
Inactive(anon):    39672 kB
Active(file):     486044 kB
Inactive(file):   489860 kB
Unevictable:        6356 kB
Mlocked:            5916 kB
SwapTotal:       4718584 kB
SwapFree:        3989496 kB
Dirty:               264 kB
Writeback:             0 kB
AnonPages:       4234888 kB
Mapped:           548828 kB
Shmem:             13272 kB
KReclaimable:     482436 kB
Slab:             314088 kB
SReclaimable:      83876 kB
SUnreclaim:       230212 kB
KernelStack:       49440 kB
ShadowCallStack:   12380 kB
PageTables:        83640 kB
NFS_Unstable:          0 kB
Bounce:                0 kB
WritebackTmp:          0 kB
CommitLimit:     8677876 kB
Committed_AS:   78283940 kB
VmallocTotal:   263061440 kB
VmallocUsed:      132328 kB
VmallocChunk:          0 kB
Percpu:             2520 kB
CmaTotal:         405504 kB
CmaFree:               0 kB
MemTotal:        7918584 kB
MemFree:          194176 kB
MemAvailable:    1215764 kB
Buffers:            3012 kB
Cached:           951436 kB
SwapCached:         4780 kB
Active:          4743112 kB
Inactive:         490028 kB
Active(anon):    4257068 kB
Inactive(anon):    39672 kB
Active(file):     486044 kB
Inactive(file):   450356 kB
Unevictable:        6356 kB
Mlocked:            5916 kB
SwapTotal:       4718584 kB
SwapFree:        3989496 kB
Dirty:               264 kB
Writeback:             0 kB
AnonPages:       4281112 kB
Mapped:           549280 kB
Shmem:             13272 kB
KReclaimable:     475412 kB
Slab:             313284 kB
SReclaimable:      83052 kB
SUnreclaim:       230232 kB
KernelStack:       49408 kB
ShadowCallStack:   12388 kB
PageTables:        83892 kB
NFS_Unstable:          0 kB
Bounce:                0 kB
WritebackTmp:          0 kB
CommitLimit:     8677876 kB
Committed_AS:   78415012 kB
VmallocTotal:   263061440 kB
VmallocUsed:      132332 kB
VmallocChunk:          0 kB
Percpu:             2520 kB
CmaTotal:         405504 kB
CmaFree:               0 kB
MemTotal:        7918584 kB
MemFree:          196768 kB
MemAvailable:    1017424 kB
Buffers:            2936 kB
Cached:           884004 kB
SwapCached:         4780 kB
Active:          4869572 kB
Inactive:         372336 kB
Active(anon):    4333484 kB
Inactive(anon):    39672 kB
Active(file):     536088 kB
Inactive(file):   332664 kB
Unevictable:        6356 kB
Mlocked:            5916 kB
SwapTotal:       4718584 kB
SwapFree:        3989496 kB
Dirty:               268 kB
Writeback:             0 kB
AnonPages:       4357368 kB
Mapped:           530848 kB
Shmem:             13320 kB
KReclaimable:     342128 kB
Slab:             312240 kB
SReclaimable:      81784 kB
SUnreclaim:       230456 kB
KernelStack:       49520 kB
ShadowCallStack:   12396 kB
PageTables:        83928 kB
NFS_Unstable:          0 kB
Bounce:                0 kB
WritebackTmp:          0 kB
CommitLimit:     8677876 kB
Committed_AS:   78480964 kB
VmallocTotal:   263061440 kB
VmallocUsed:      132472 kB
VmallocChunk:          0 kB
Percpu:             2520 kB
CmaTotal:         405504 kB
CmaFree:               0 kB
MemTotal:        7918584 kB
MemFree:          195892 kB
MemAvailable:    1007876 kB
Buffers:            2960 kB
Cached:           878212 kB
SwapCached:         4780 kB
Active:          4879904 kB
Inactive:         364316 kB
Active(anon):    4341904 kB
Inactive(anon):    39680 kB
Active(file):     538000 kB
Inactive(file):   324636 kB
Unevictable:        6356 kB
Mlocked:            5916 kB
SwapTotal:       4718584 kB
SwapFree:        3989496 kB
Dirty:               276 kB
Writeback:             0 kB
AnonPages:       4365748 kB
Mapped:           527896 kB
Shmem:             13360 kB
KReclaimable:     339572 kB
Slab:             312252 kB
SReclaimable:      81724 kB
SUnreclaim:       230528 kB
KernelStack:       49552 kB
ShadowCallStack:   12404 kB
PageTables:        84116 kB
NFS_Unstable:          0 kB
Bounce:                0 kB
WritebackTmp:          0 kB
CommitLimit:     8677876 kB
Committed_AS:   78497352 kB
VmallocTotal:   263061440 kB
VmallocUsed:      132516 kB
VmallocChunk:          0 kB
Percpu:             2520 kB
CmaTotal:         405504 kB
CmaFree:               0 kB
MemTotal:        7918584 kB
MemFree:          194524 kB
MemAvailable:    1101496 kB
Buffers:            2960 kB
Cached:           854360 kB
SwapCached:         4780 kB
Active:          4915344 kB
Inactive:         333448 kB
Active(anon):    4369876 kB
Inactive(anon):    39672 kB
Active(file):     545468 kB
Inactive(file):   293776 kB
Unevictable:        6356 kB
Mlocked:            5916 kB
SwapTotal:       4718584 kB
SwapFree:        3989752 kB
Dirty:               280 kB
Writeback:             0 kB
AnonPages:       4393868 kB
Mapped:           517036 kB
Shmem:             13292 kB
KReclaimable:     457952 kB
Slab:             311976 kB
SReclaimable:      81528 kB
SUnreclaim:       230448 kB
KernelStack:       49424 kB
ShadowCallStack:   12380 kB
PageTables:        84364 kB
NFS_Unstable:          0 kB
Bounce:                0 kB
WritebackTmp:          0 kB
CommitLimit:     8677876 kB
Committed_AS:   78644412 kB
VmallocTotal:   263061440 kB
VmallocUsed:      132348 kB
VmallocChunk:          0 kB
Percpu:             2520 kB
CmaTotal:         405504 kB
CmaFree:               0 kB
MemTotal:        7918584 kB
MemFree:          196436 kB
MemAvailable:    1085040 kB
Buffers:            2964 kB
Cached:           838964 kB
SwapCached:         4780 kB
Active:          4936696 kB
Inactive:         312464 kB
Active(anon):    4385616 kB
Inactive(anon):    39672 kB
Active(file):     551080 kB
Inactive(file):   272792 kB
Unevictable:        6356 kB
Mlocked:            5916 kB
SwapTotal:       4718584 kB
SwapFree:        3989752 kB
Dirty:               268 kB
Writeback:             0 kB
AnonPages:       4409684 kB
Mapped:           512504 kB
Shmem:             13292 kB
KReclaimable:     454956 kB
Slab:             311708 kB
SReclaimable:      81292 kB
SUnreclaim:       230416 kB
KernelStack:       49392 kB
ShadowCallStack:   12392 kB
PageTables:        84464 kB
NFS_Unstable:          0 kB
Bounce:                0 kB
WritebackTmp:          0 kB
CommitLimit:     8677876 kB
Committed_AS:   78677176 kB
VmallocTotal:   263061440 kB
VmallocUsed:      132312 kB
VmallocChunk:          0 kB
Percpu:             2520 kB
CmaTotal:         405504 kB
CmaFree:               0 kB
MemTotal:        7918584 kB
MemFree:          196536 kB
MemAvailable:    1056928 kB
Buffers:            2944 kB
Cached:           815264 kB
SwapCached:         4780 kB
Active:          4966384 kB
Inactive:         286200 kB
Active(anon):    4412780 kB
Inactive(anon):    39672 kB
Active(file):     553604 kB
Inactive(file):   246528 kB
Unevictable:        6356 kB
Mlocked:            5916 kB
SwapTotal:       4718584 kB
SwapFree:        3989752 kB
Dirty:               288 kB
Writeback:             0 kB
AnonPages:       4436844 kB
Mapped:           509348 kB
Shmem:             13292 kB
KReclaimable:     450484 kB
Slab:             311320 kB
SReclaimable:      80876 kB
SUnreclaim:       230444 kB
KernelStack:       49424 kB
ShadowCallStack:   12380 kB
PageTables:        84564 kB
NFS_Unstable:          0 kB
Bounce:                0 kB
WritebackTmp:          0 kB
CommitLimit:     8677876 kB
Committed_AS:   78742712 kB
VmallocTotal:   263061440 kB
VmallocUsed:      132328 kB
VmallocChunk:          0 kB
Percpu:             2520 kB
CmaTotal:         405504 kB
CmaFree:               0 kB
MemTotal:        7918584 kB
MemFree:          196572 kB
MemAvailable:     997600 kB
Buffers:            2924 kB
Cached:           764084 kB
SwapCached:         4780 kB
Active:          5024288 kB
Inactive:         234996 kB
Active(anon):    4470684 kB
Inactive(anon):    39668 kB
Active(file):     553604 kB
Inactive(file):   195328 kB
Unevictable:        6356 kB
Mlocked:            5916 kB
SwapTotal:       4718584 kB
SwapFree:        3990008 kB
Dirty:               288 kB
Writeback:             0 kB
AnonPages:       4494680 kB
Mapped:           510040 kB
Shmem:             13292 kB
KReclaimable:     442320 kB
Slab:             310032 kB
SReclaimable:      79528 kB
SUnreclaim:       230504 kB
KernelStack:       49424 kB
ShadowCallStack:   12380 kB
PageTables:        84868 kB
NFS_Unstable:          0 kB
Bounce:                0 kB
WritebackTmp:          0 kB
CommitLimit:     8677876 kB
Committed_AS:   78857400 kB
VmallocTotal:   263061440 kB
VmallocUsed:      132332 kB
VmallocChunk:          0 kB
Percpu:             2520 kB
CmaTotal:         405504 kB
CmaFree:               0 kB
MemTotal:        7918584 kB
MemFree:          194312 kB
MemAvailable:     993524 kB
Buffers:            2924 kB
Cached:           762812 kB
SwapCached:         4780 kB
Active:          5027992 kB
Inactive:         233720 kB
Active(anon):    4474388 kB
Inactive(anon):    39672 kB
Active(file):     553604 kB
Inactive(file):   194048 kB
Unevictable:        6356 kB
Mlocked:            5916 kB
SwapTotal:       4718584 kB
SwapFree:        3990008 kB
Dirty:               288 kB
Writeback:             0 kB
AnonPages:       4498492 kB
