MemTotal:        7918588 kB
MemFree:         3296356 kB
MemAvailable:    4715164 kB
Buffers:            4040 kB
Cached:          1180836 kB
SwapCached:         8044 kB
Active:           941164 kB
Inactive:         944856 kB
Active(anon):     506192 kB
Inactive(anon):   214848 kB
Active(file):     434972 kB
Inactive(file):   730008 kB
Unevictable:        6640 kB
Mlocked:            6200 kB
SwapTotal:       4718584 kB
SwapFree:        3907188 kB
Dirty:            150696 kB
Writeback:            12 kB
AnonPages:        703472 kB
Mapped:           429192 kB
Shmem:             14992 kB
KReclaimable:     644052 kB
Slab:             323184 kB
SReclaimable:      94268 kB
SUnreclaim:       228916 kB
KernelStack:       48736 kB
ShadowCallStack:   12248 kB
PageTables:        64428 kB
NFS_Unstable:          0 kB
Bounce:                0 kB
WritebackTmp:          0 kB
CommitLimit:     8677876 kB
Committed_AS:   64986752 kB
VmallocTotal:   263061440 kB
VmallocUsed:      132000 kB
VmallocChunk:          0 kB
Percpu:             2448 kB
CmaTotal:         405504 kB
CmaFree:          277984 kB
MemTotal:        7918588 kB
MemFree:         3282060 kB
MemAvailable:    4922968 kB
Buffers:            4048 kB
Cached:          1192028 kB
SwapCached:         8160 kB
Active:           954912 kB
Inactive:         945716 kB
Active(anon):     510160 kB
Inactive(anon):   214740 kB
Active(file):     444752 kB
Inactive(file):   730976 kB
Unevictable:        6640 kB
Mlocked:            6200 kB
SwapTotal:       4718584 kB
SwapFree:        3907956 kB
Dirty:            150708 kB
Writeback:             0 kB
AnonPages:        706684 kB
Mapped:           466312 kB
Shmem:             15444 kB
KReclaimable:     855404 kB
Slab:             323360 kB
SReclaimable:      94332 kB
SUnreclaim:       229028 kB
KernelStack:       49216 kB
ShadowCallStack:   12356 kB
PageTables:        64520 kB
NFS_Unstable:          0 kB
Bounce:                0 kB
WritebackTmp:          0 kB
CommitLimit:     8677876 kB
Committed_AS:   65019388 kB
VmallocTotal:   263061440 kB
VmallocUsed:      132520 kB
VmallocChunk:          0 kB
Percpu:             2448 kB
CmaTotal:         405504 kB
CmaFree:          277984 kB
MemTotal:        7918588 kB
MemFree:         3292692 kB
MemAvailable:    4847920 kB
Buffers:            4096 kB
Cached:          1191944 kB
SwapCached:         8184 kB
Active:           942572 kB
Inactive:         945796 kB
Active(anon):     497796 kB
Inactive(anon):   214728 kB
Active(file):     444776 kB
Inactive(file):   731068 kB
Unevictable:        6640 kB
Mlocked:            6200 kB
SwapTotal:       4718584 kB
SwapFree:        3907956 kB
Dirty:            150768 kB
Writeback:             0 kB
AnonPages:        694396 kB
Mapped:           476884 kB
Shmem:             15292 kB
KReclaimable:     769608 kB
Slab:             323476 kB
SReclaimable:      94332 kB
SUnreclaim:       229144 kB
KernelStack:       49136 kB
ShadowCallStack:   12324 kB
PageTables:        64984 kB
NFS_Unstable:          0 kB
Bounce:                0 kB
WritebackTmp:          0 kB
CommitLimit:     8677876 kB
Committed_AS:   65048080 kB
VmallocTotal:   263061440 kB
VmallocUsed:      132444 kB
VmallocChunk:          0 kB
Percpu:             2448 kB
CmaTotal:         405504 kB
CmaFree:          277984 kB
MemTotal:        7918588 kB
MemFree:         3288660 kB
MemAvailable:    4843128 kB
Buffers:            4104 kB
Cached:          1191944 kB
SwapCached:         8184 kB
Active:           945872 kB
Inactive:         945784 kB
Active(anon):     501096 kB
Inactive(anon):   214708 kB
Active(file):     444776 kB
Inactive(file):   731076 kB
Unevictable:        6640 kB
Mlocked:            6200 kB
SwapTotal:       4718584 kB
SwapFree:        3907956 kB
Dirty:            150788 kB
Writeback:             0 kB
AnonPages:        697704 kB
Mapped:           477428 kB
Shmem:             15292 kB
KReclaimable:     768840 kB
Slab:             323484 kB
SReclaimable:      94332 kB
SUnreclaim:       229152 kB
KernelStack:       49088 kB
ShadowCallStack:   12324 kB
PageTables:        65176 kB
NFS_Unstable:          0 kB
Bounce:                0 kB
WritebackTmp:          0 kB
CommitLimit:     8677876 kB
Committed_AS:   65048084 kB
VmallocTotal:   263061440 kB
VmallocUsed:      132444 kB
VmallocChunk:          0 kB
Percpu:             2448 kB
CmaTotal:         405504 kB
CmaFree:          277984 kB
MemTotal:        7918588 kB
MemFree:         3291136 kB
MemAvailable:    4845600 kB
Buffers:            4104 kB
Cached:          1191972 kB
SwapCached:         8184 kB
Active:           963824 kB
Inactive:         928264 kB
Active(anon):     519048 kB
Inactive(anon):   197176 kB
Active(file):     444776 kB
Inactive(file):   731088 kB
Unevictable:        6640 kB
Mlocked:            6200 kB
SwapTotal:       4718584 kB
SwapFree:        3909492 kB
Dirty:            150800 kB
Writeback:             0 kB
AnonPages:        697920 kB
Mapped:           478332 kB
Shmem:             15308 kB
KReclaimable:     768824 kB
Slab:             323620 kB
SReclaimable:      94332 kB
SUnreclaim:       229288 kB
KernelStack:       49120 kB
ShadowCallStack:   12316 kB
PageTables:        65096 kB
NFS_Unstable:          0 kB
Bounce:                0 kB
WritebackTmp:          0 kB
CommitLimit:     8677876 kB
Committed_AS:   65048036 kB
VmallocTotal:   263061440 kB
VmallocUsed:      132456 kB
VmallocChunk:          0 kB
Percpu:             2448 kB
CmaTotal:         405504 kB
CmaFree:          279412 kB
MemTotal:        7918588 kB
MemFree:         3298480 kB
MemAvailable:    4873120 kB
Buffers:            4104 kB
Cached:          1192044 kB
SwapCached:         8184 kB
Active:           957256 kB
Inactive:         927352 kB
Active(anon):     512480 kB
Inactive(anon):   196260 kB
Active(file):     444776 kB
Inactive(file):   731092 kB
Unevictable:        6640 kB
Mlocked:            6200 kB
SwapTotal:       4718584 kB
SwapFree:        3909492 kB
Dirty:            150808 kB
Writeback:             0 kB
AnonPages:        690692 kB
Mapped:           478680 kB
Shmem:             15376 kB
KReclaimable:     788996 kB
Slab:             323540 kB
SReclaimable:      94332 kB
SUnreclaim:       229208 kB
KernelStack:       48944 kB
ShadowCallStack:   12268 kB
PageTables:        64848 kB
NFS_Unstable:          0 kB
Bounce:                0 kB
WritebackTmp:          0 kB
CommitLimit:     8677876 kB
Committed_AS:   65047552 kB
VmallocTotal:   263061440 kB
VmallocUsed:      131992 kB
VmallocChunk:          0 kB
Percpu:             2448 kB
CmaTotal:         405504 kB
CmaFree:          279400 kB
MemTotal:        7918588 kB
MemFree:         3277848 kB
MemAvailable:    4852936 kB
Buffers:            4108 kB
Cached:          1192472 kB
SwapCached:         8184 kB
Active:           978500 kB
Inactive:         927352 kB
Active(anon):     533296 kB
Inactive(anon):   196256 kB
Active(file):     445204 kB
Inactive(file):   731096 kB
Unevictable:        6640 kB
Mlocked:            6200 kB
SwapTotal:       4718584 kB
SwapFree:        3909492 kB
Dirty:             17856 kB
Writeback:             0 kB
AnonPages:        711348 kB
Mapped:           480468 kB
Shmem:             15376 kB
KReclaimable:     789012 kB
Slab:             323516 kB
SReclaimable:      94348 kB
SUnreclaim:       229168 kB
KernelStack:       48944 kB
ShadowCallStack:   12284 kB
PageTables:        65076 kB
NFS_Unstable:          0 kB
Bounce:                0 kB
WritebackTmp:          0 kB
CommitLimit:     8677876 kB
Committed_AS:   65068052 kB
VmallocTotal:   263061440 kB
VmallocUsed:      131944 kB
VmallocChunk:          0 kB
Percpu:             2448 kB
CmaTotal:         405504 kB
CmaFree:          279400 kB
MemTotal:        7918588 kB
MemFree:         3122704 kB
MemAvailable:    4543624 kB
Buffers:            4140 kB
Cached:          1192684 kB
SwapCached:         8184 kB
Active:          1134904 kB
Inactive:         927368 kB
Active(anon):     689556 kB
Inactive(anon):   196240 kB
Active(file):     445348 kB
Inactive(file):   731128 kB
Unevictable:        6640 kB
Mlocked:            6200 kB
SwapTotal:       4718584 kB
SwapFree:        3909492 kB
Dirty:             17856 kB
Writeback:             0 kB
AnonPages:        867644 kB
Mapped:           506864 kB
Shmem:             15444 kB
KReclaimable:     634668 kB
Slab:             323608 kB
SReclaimable:      94348 kB
SUnreclaim:       229260 kB
KernelStack:       49056 kB
ShadowCallStack:   12292 kB
PageTables:        65296 kB
NFS_Unstable:          0 kB
Bounce:                0 kB
WritebackTmp:          0 kB
CommitLimit:     8677876 kB
Committed_AS:   65288588 kB
VmallocTotal:   263061440 kB
VmallocUsed:      132116 kB
VmallocChunk:          0 kB
Percpu:             2448 kB
CmaTotal:         405504 kB
CmaFree:          279612 kB
MemTotal:        7918588 kB
MemFree:         3067472 kB
MemAvailable:    4575124 kB
Buffers:            4140 kB
Cached:          1192640 kB
SwapCached:         8192 kB
Active:          1186772 kB
Inactive:         927392 kB
Active(anon):     741420 kB
Inactive(anon):   196240 kB
Active(file):     445352 kB
Inactive(file):   731152 kB
Unevictable:        6640 kB
Mlocked:            6200 kB
SwapTotal:       4718584 kB
SwapFree:        3909492 kB
Dirty:             17888 kB
Writeback:             0 kB
AnonPages:        919464 kB
Mapped:           565396 kB
Shmem:             15372 kB
KReclaimable:     721372 kB
Slab:             323692 kB
SReclaimable:      94348 kB
SUnreclaim:       229344 kB
KernelStack:       48992 kB
ShadowCallStack:   12292 kB
PageTables:        65688 kB
NFS_Unstable:          0 kB
Bounce:                0 kB
WritebackTmp:          0 kB
CommitLimit:     8677876 kB
Committed_AS:   65430028 kB
VmallocTotal:   263061440 kB
VmallocUsed:      132020 kB
VmallocChunk:          0 kB
Percpu:             2448 kB
CmaTotal:         405504 kB
CmaFree:          279612 kB
MemTotal:        7918588 kB
MemFree:         2980908 kB
MemAvailable:    4441100 kB
Buffers:            4164 kB
Cached:          1194000 kB
SwapCached:         8200 kB
Active:          1273996 kB
Inactive:         927504 kB
Active(anon):     827376 kB
Inactive(anon):   196240 kB
Active(file):     446620 kB
Inactive(file):   731264 kB
Unevictable:        6640 kB
Mlocked:            6200 kB
SwapTotal:       4718584 kB
SwapFree:        3909492 kB
Dirty:             17968 kB
Writeback:             0 kB
AnonPages:       1005468 kB
Mapped:           596740 kB
Shmem:             15376 kB
KReclaimable:     672532 kB
Slab:             323988 kB
SReclaimable:      94348 kB
SUnreclaim:       229640 kB
KernelStack:       49024 kB
ShadowCallStack:   12296 kB
PageTables:        66244 kB
NFS_Unstable:          0 kB
Bounce:                0 kB
WritebackTmp:          0 kB
CommitLimit:     8677876 kB
Committed_AS:   65611440 kB
VmallocTotal:   263061440 kB
VmallocUsed:      132076 kB
VmallocChunk:          0 kB
Percpu:             2448 kB
CmaTotal:         405504 kB
CmaFree:          279612 kB
MemTotal:        7918588 kB
MemFree:         2846260 kB
MemAvailable:    4307776 kB
Buffers:            4164 kB
Cached:          1196704 kB
SwapCached:         8200 kB
Active:          1409004 kB
Inactive:         926812 kB
Active(anon):     959684 kB
Inactive(anon):   195548 kB
Active(file):     449320 kB
Inactive(file):   731264 kB
Unevictable:        6640 kB
Mlocked:            6200 kB
SwapTotal:       4718584 kB
SwapFree:        3915380 kB
Dirty:             17968 kB
Writeback:             0 kB
AnonPages:       1136888 kB
Mapped:           600144 kB
Shmem:             15380 kB
KReclaimable:     671156 kB
Slab:             324024 kB
SReclaimable:      94348 kB
SUnreclaim:       229676 kB
KernelStack:       49024 kB
ShadowCallStack:   12296 kB
PageTables:        66676 kB
NFS_Unstable:          0 kB
Bounce:                0 kB
WritebackTmp:          0 kB
CommitLimit:     8677876 kB
Committed_AS:   65906352 kB
VmallocTotal:   263061440 kB
VmallocUsed:      132056 kB
VmallocChunk:          0 kB
Percpu:             2448 kB
CmaTotal:         405504 kB
CmaFree:          279612 kB
MemTotal:        7918588 kB
MemFree:         2745124 kB
MemAvailable:    4205516 kB
Buffers:            4164 kB
Cached:          1196748 kB
SwapCached:         8200 kB
Active:          1510040 kB
Inactive:         926384 kB
Active(anon):    1060700 kB
Inactive(anon):   195120 kB
Active(file):     449340 kB
Inactive(file):   731264 kB
Unevictable:        6640 kB
Mlocked:            6200 kB
SwapTotal:       4718584 kB
SwapFree:        3915380 kB
Dirty:             18064 kB
Writeback:             0 kB
AnonPages:       1237372 kB
Mapped:           600800 kB
Shmem:             15404 kB
KReclaimable:     670012 kB
Slab:             323984 kB
SReclaimable:      94332 kB
SUnreclaim:       229652 kB
KernelStack:       48992 kB
ShadowCallStack:   12304 kB
PageTables:        67160 kB
NFS_Unstable:          0 kB
Bounce:                0 kB
WritebackTmp:          0 kB
CommitLimit:     8677876 kB
Committed_AS:   66135736 kB
VmallocTotal:   263061440 kB
VmallocUsed:      132056 kB
VmallocChunk:          0 kB
Percpu:             2448 kB
CmaTotal:         405504 kB
CmaFree:          279612 kB
MemTotal:        7918588 kB
MemFree:         2654208 kB
MemAvailable:    4104900 kB
Buffers:            4164 kB
Cached:          1196752 kB
SwapCached:         8200 kB
Active:          1605624 kB
Inactive:         921236 kB
Active(anon):    1156284 kB
Inactive(anon):   189972 kB
Active(file):     449340 kB
Inactive(file):   731264 kB
Unevictable:        6640 kB
Mlocked:            6200 kB
SwapTotal:       4718584 kB
SwapFree:        3915380 kB
Dirty:             17344 kB
Writeback:             0 kB
AnonPages:       1327996 kB
Mapped:           599044 kB
Shmem:             15408 kB
KReclaimable:     660312 kB
Slab:             324140 kB
SReclaimable:      94332 kB
SUnreclaim:       229808 kB
KernelStack:       48992 kB
ShadowCallStack:   12292 kB
PageTables:        67604 kB
NFS_Unstable:          0 kB
Bounce:                0 kB
WritebackTmp:          0 kB
CommitLimit:     8677876 kB
Committed_AS:   66365064 kB
VmallocTotal:   263061440 kB
VmallocUsed:      132052 kB
VmallocChunk:          0 kB
Percpu:             2448 kB
CmaTotal:         405504 kB
CmaFree:          279612 kB
MemTotal:        7918588 kB
MemFree:         2571488 kB
MemAvailable:    4021168 kB
Buffers:            4164 kB
Cached:          1196776 kB
SwapCached:         8200 kB
Active:          1687324 kB
Inactive:         921268 kB
Active(anon):    1237984 kB
Inactive(anon):   189984 kB
Active(file):     449340 kB
Inactive(file):   731284 kB
Unevictable:        6640 kB
Mlocked:            6200 kB
SwapTotal:       4718584 kB
SwapFree:        3915380 kB
Dirty:             17368 kB
Writeback:             0 kB
AnonPages:       1409836 kB
Mapped:           599708 kB
Shmem:             15412 kB
KReclaimable:     659280 kB
Slab:             324172 kB
SReclaimable:      94332 kB
SUnreclaim:       229840 kB
KernelStack:       48976 kB
ShadowCallStack:   12284 kB
PageTables:        68120 kB
NFS_Unstable:          0 kB
Bounce:                0 kB
WritebackTmp:          0 kB
CommitLimit:     8677876 kB
Committed_AS:   66578012 kB
VmallocTotal:   263061440 kB
VmallocUsed:      132020 kB
VmallocChunk:          0 kB
Percpu:             2448 kB
CmaTotal:         405504 kB
CmaFree:          279612 kB
MemTotal:        7918588 kB
MemFree:         2475568 kB
MemAvailable:    3924660 kB
Buffers:            4172 kB
Cached:          1197608 kB
SwapCached:         8200 kB
Active:          1783208 kB
Inactive:         920944 kB
Active(anon):    1333056 kB
Inactive(anon):   189644 kB
Active(file):     450152 kB
Inactive(file):   731300 kB
Unevictable:        6640 kB
Mlocked:            6200 kB
SwapTotal:       4718584 kB
SwapFree:        3915380 kB
Dirty:             17484 kB
Writeback:             0 kB
AnonPages:       1504512 kB
Mapped:           600852 kB
Shmem:             15424 kB
KReclaimable:     657864 kB
Slab:             324212 kB
SReclaimable:      94332 kB
SUnreclaim:       229880 kB
KernelStack:       48976 kB
ShadowCallStack:   12284 kB
PageTables:        68552 kB
NFS_Unstable:          0 kB
Bounce:                0 kB
WritebackTmp:          0 kB
CommitLimit:     8677876 kB
Committed_AS:   66807396 kB
VmallocTotal:   263061440 kB
VmallocUsed:      132016 kB
VmallocChunk:          0 kB
Percpu:             2448 kB
CmaTotal:         405504 kB
CmaFree:          279612 kB
MemTotal:        7918588 kB
MemFree:         2383552 kB
MemAvailable:    3770676 kB
Buffers:            4172 kB
Cached:          1197608 kB
SwapCached:         8200 kB
Active:          1875544 kB
Inactive:         920928 kB
Active(anon):    1425392 kB
Inactive(anon):   189628 kB
Active(file):     450152 kB
Inactive(file):   731300 kB
Unevictable:        6640 kB
Mlocked:            6200 kB
SwapTotal:       4718584 kB
SwapFree:        3915636 kB
Dirty:             17568 kB
Writeback:             0 kB
AnonPages:       1596648 kB
Mapped:           601812 kB
Shmem:             15424 kB
KReclaimable:     595896 kB
Slab:             324188 kB
SReclaimable:      94332 kB
SUnreclaim:       229856 kB
KernelStack:       48992 kB
ShadowCallStack:   12284 kB
PageTables:        69400 kB
NFS_Unstable:          0 kB
Bounce:                0 kB
WritebackTmp:          0 kB
CommitLimit:     8677876 kB
Committed_AS:   67036772 kB
VmallocTotal:   263061440 kB
VmallocUsed:      132004 kB
VmallocChunk:          0 kB
Percpu:             2448 kB
CmaTotal:         405504 kB
CmaFree:          279612 kB
MemTotal:        7918588 kB
MemFree:         2285040 kB
MemAvailable:    3670948 kB
Buffers:            4172 kB
Cached:          1197608 kB
SwapCached:         8200 kB
Active:          1972480 kB
Inactive:         920924 kB
Active(anon):    1522328 kB
Inactive(anon):   189624 kB
Active(file):     450152 kB
Inactive(file):   731300 kB
Unevictable:        6640 kB
Mlocked:            6200 kB
SwapTotal:       4718584 kB
SwapFree:        3915636 kB
Dirty:             17568 kB
Writeback:             0 kB
AnonPages:       1693840 kB
Mapped:           602664 kB
Shmem:             15424 kB
KReclaimable:     594680 kB
Slab:             324308 kB
SReclaimable:      94332 kB
SUnreclaim:       229976 kB
KernelStack:       48960 kB
ShadowCallStack:   12296 kB
PageTables:        69700 kB
NFS_Unstable:          0 kB
Bounce:                0 kB
WritebackTmp:          0 kB
CommitLimit:     8677876 kB
Committed_AS:   67249764 kB
VmallocTotal:   263061440 kB
VmallocUsed:      132016 kB
VmallocChunk:          0 kB
Percpu:             2448 kB
CmaTotal:         405504 kB
CmaFree:          279612 kB
MemTotal:        7918588 kB
MemFree:         2186620 kB
MemAvailable:    3570584 kB
Buffers:            4196 kB
Cached:          1197608 kB
SwapCached:         8200 kB
Active:          2070300 kB
Inactive:         920948 kB
Active(anon):    1620148 kB
Inactive(anon):   189624 kB
Active(file):     450152 kB
Inactive(file):   731324 kB
Unevictable:        6640 kB
Mlocked:            6200 kB
SwapTotal:       4718584 kB
SwapFree:        3915636 kB
Dirty:             17596 kB
Writeback:             0 kB
AnonPages:       1791560 kB
Mapped:           603820 kB
Shmem:             15424 kB
KReclaimable:     592712 kB
Slab:             324364 kB
SReclaimable:      94332 kB
SUnreclaim:       230032 kB
KernelStack:       48960 kB
ShadowCallStack:   12288 kB
PageTables:        70200 kB
NFS_Unstable:          0 kB
Bounce:                0 kB
WritebackTmp:          0 kB
CommitLimit:     8677876 kB
Committed_AS:   67528296 kB
VmallocTotal:   263061440 kB
VmallocUsed:      132044 kB
VmallocChunk:          0 kB
Percpu:             2448 kB
CmaTotal:         405504 kB
CmaFree:          279612 kB
MemTotal:        7918588 kB
MemFree:         2088740 kB
MemAvailable:    3471612 kB
Buffers:            4204 kB
Cached:          1197608 kB
SwapCached:         8200 kB
Active:          2167220 kB
Inactive:         920940 kB
Active(anon):    1717068 kB
Inactive(anon):   189612 kB
Active(file):     450152 kB
Inactive(file):   731328 kB
Unevictable:        6640 kB
Mlocked:            6200 kB
SwapTotal:       4718584 kB
SwapFree:        3915636 kB
Dirty:             17596 kB
Writeback:             0 kB
AnonPages:       1888344 kB
Mapped:           604556 kB
Shmem:             15428 kB
KReclaimable:     591616 kB
Slab:             324624 kB
SReclaimable:      94332 kB
SUnreclaim:       230292 kB
KernelStack:       49024 kB
ShadowCallStack:   12288 kB
PageTables:        70648 kB
NFS_Unstable:          0 kB
Bounce:                0 kB
WritebackTmp:          0 kB
CommitLimit:     8677876 kB
Committed_AS:   67757672 kB
VmallocTotal:   263061440 kB
VmallocUsed:      132052 kB
VmallocChunk:          0 kB
Percpu:             2448 kB
CmaTotal:         405504 kB
CmaFree:          279612 kB
MemTotal:        7918588 kB
MemFree:         1996104 kB
MemAvailable:    3378104 kB
Buffers:            4204 kB
Cached:          1197748 kB
SwapCached:         8200 kB
Active:          2259560 kB
Inactive:         920956 kB
Active(anon):    1809292 kB
Inactive(anon):   189624 kB
Active(file):     450268 kB
Inactive(file):   731332 kB
Unevictable:        6640 kB
Mlocked:            6200 kB
SwapTotal:       4718584 kB
SwapFree:        3915892 kB
Dirty:             17596 kB
Writeback:             0 kB
AnonPages:       1980712 kB
Mapped:           605388 kB
Shmem:             15448 kB
KReclaimable:     590624 kB
Slab:             324548 kB
SReclaimable:      94332 kB
SUnreclaim:       230216 kB
KernelStack:       48976 kB
ShadowCallStack:   12300 kB
PageTables:        71268 kB
NFS_Unstable:          0 kB
Bounce:                0 kB
WritebackTmp:          0 kB
CommitLimit:     8677876 kB
Committed_AS:   67987068 kB
VmallocTotal:   263061440 kB
VmallocUsed:      132044 kB
VmallocChunk:          0 kB
Percpu:             2448 kB
CmaTotal:         405504 kB
CmaFree:          279612 kB
MemTotal:        7918588 kB
MemFree:         1885932 kB
MemAvailable:    3265668 kB
Buffers:            4204 kB
Cached:          1197760 kB
SwapCached:         8200 kB
Active:          2369056 kB
Inactive:         920960 kB
Active(anon):    1918788 kB
Inactive(anon):   189620 kB
Active(file):     450268 kB
Inactive(file):   731340 kB
Unevictable:        6640 kB
Mlocked:            6200 kB
SwapTotal:       4718584 kB
SwapFree:        3915892 kB
Dirty:             17608 kB
Writeback:             0 kB
AnonPages:       2090240 kB
Mapped:           606820 kB
Shmem:             15452 kB
KReclaimable:     588352 kB
Slab:             324516 kB
SReclaimable:      94348 kB
SUnreclaim:       230168 kB
KernelStack:       48976 kB
ShadowCallStack:   12280 kB
PageTables:        71848 kB
NFS_Unstable:          0 kB
Bounce:                0 kB
WritebackTmp:          0 kB
CommitLimit:     8677876 kB
Committed_AS:   68249216 kB
VmallocTotal:   263061440 kB
VmallocUsed:      132020 kB
VmallocChunk:          0 kB
Percpu:             2448 kB
CmaTotal:         405504 kB
CmaFree:          279612 kB
MemTotal:        7918588 kB
MemFree:         1803700 kB
MemAvailable:    3182824 kB
Buffers:            4204 kB
Cached:          1197796 kB
SwapCached:         8200 kB
Active:          2450980 kB
Inactive:         920964 kB
Active(anon):    2000712 kB
Inactive(anon):   189620 kB
Active(file):     450268 kB
Inactive(file):   731344 kB
Unevictable:        6640 kB
Mlocked:            6200 kB
SwapTotal:       4718584 kB
SwapFree:        3915892 kB
Dirty:             17616 kB
Writeback:             0 kB
AnonPages:       2172188 kB
Mapped:           607664 kB
Shmem:             15484 kB
KReclaimable:     587736 kB
Slab:             324572 kB
SReclaimable:      94364 kB
SUnreclaim:       230208 kB
KernelStack:       49008 kB
ShadowCallStack:   12296 kB
PageTables:        72260 kB
NFS_Unstable:          0 kB
Bounce:                0 kB
WritebackTmp:          0 kB
CommitLimit:     8677876 kB
Committed_AS:   68429468 kB
VmallocTotal:   263061440 kB
VmallocUsed:      132056 kB
VmallocChunk:          0 kB
Percpu:             2448 kB
CmaTotal:         405504 kB
CmaFree:          279612 kB
MemTotal:        7918588 kB
MemFree:         1737628 kB
MemAvailable:    3116196 kB
Buffers:            4204 kB
Cached:          1197800 kB
SwapCached:         8200 kB
Active:          2516412 kB
Inactive:         920972 kB
Active(anon):    2066144 kB
Inactive(anon):   189624 kB
Active(file):     450268 kB
Inactive(file):   731348 kB
Unevictable:        6640 kB
Mlocked:            6200 kB
SwapTotal:       4718584 kB
SwapFree:        3916148 kB
Dirty:             17616 kB
Writeback:             0 kB
AnonPages:       2237492 kB
Mapped:           607840 kB
Shmem:             15484 kB
KReclaimable:     587176 kB
Slab:             324672 kB
SReclaimable:      94364 kB
SUnreclaim:       230308 kB
KernelStack:       48976 kB
ShadowCallStack:   12280 kB
PageTables:        72316 kB
NFS_Unstable:          0 kB
Bounce:                0 kB
WritebackTmp:          0 kB
CommitLimit:     8677876 kB
Committed_AS:   68593252 kB
VmallocTotal:   263061440 kB
VmallocUsed:      132036 kB
VmallocChunk:          0 kB
Percpu:             2448 kB
CmaTotal:         405504 kB
CmaFree:          279612 kB
MemTotal:        7918588 kB
MemFree:         1656184 kB
MemAvailable:    3033016 kB
Buffers:            4212 kB
Cached:          1197808 kB
SwapCached:         8200 kB
Active:          2597780 kB
Inactive:         920976 kB
Active(anon):    2147512 kB
Inactive(anon):   189620 kB
Active(file):     450268 kB
Inactive(file):   731356 kB
Unevictable:        6640 kB
Mlocked:            6200 kB
SwapTotal:       4718584 kB
SwapFree:        3916404 kB
Dirty:             17616 kB
Writeback:             0 kB
AnonPages:       2318928 kB
Mapped:           608732 kB
Shmem:             15492 kB
KReclaimable:     585432 kB
Slab:             324840 kB
SReclaimable:      94364 kB
SUnreclaim:       230476 kB
KernelStack:       48992 kB
ShadowCallStack:   12288 kB
PageTables:        72920 kB
NFS_Unstable:          0 kB
Bounce:                0 kB
WritebackTmp:          0 kB
CommitLimit:     8677876 kB
Committed_AS:   68789860 kB
VmallocTotal:   263061440 kB
VmallocUsed:      132028 kB
VmallocChunk:          0 kB
Percpu:             2448 kB
CmaTotal:         405504 kB
CmaFree:          279612 kB
MemTotal:        7918588 kB
MemFree:         1574756 kB
MemAvailable:    2950864 kB
Buffers:            4212 kB
Cached:          1197816 kB
SwapCached:         8200 kB
Active:          2678884 kB
Inactive:         920984 kB
Active(anon):    2228616 kB
Inactive(anon):   189624 kB
Active(file):     450268 kB
Inactive(file):   731360 kB
Unevictable:        6640 kB
Mlocked:            6200 kB
SwapTotal:       4718584 kB
SwapFree:        3916404 kB
Dirty:             17640 kB
Writeback:             0 kB
AnonPages:       2399908 kB
Mapped:           609280 kB
Shmem:             15496 kB
KReclaimable:     584704 kB
Slab:             324780 kB
SReclaimable:      94364 kB
SUnreclaim:       230416 kB
KernelStack:       48976 kB
ShadowCallStack:   12276 kB
PageTables:        73244 kB
NFS_Unstable:          0 kB
Bounce:                0 kB
WritebackTmp:          0 kB
CommitLimit:     8677876 kB
Committed_AS:   68987500 kB
VmallocTotal:   263061440 kB
VmallocUsed:      132032 kB
VmallocChunk:          0 kB
Percpu:             2448 kB
CmaTotal:         405504 kB
CmaFree:          279612 kB
MemTotal:        7918588 kB
MemFree:         1523984 kB
MemAvailable:    2899612 kB
Buffers:            4212 kB
Cached:          1197836 kB
SwapCached:         8200 kB
Active:          2729452 kB
Inactive:         921000 kB
Active(anon):    2279184 kB
Inactive(anon):   189624 kB
Active(file):     450268 kB
Inactive(file):   731376 kB
Unevictable:        6640 kB
Mlocked:            6200 kB
SwapTotal:       4718584 kB
SwapFree:        3916404 kB
Dirty:             17656 kB
Writeback:             0 kB
AnonPages:       2450616 kB
Mapped:           609728 kB
Shmem:             15500 kB
KReclaimable:     584208 kB
Slab:             324976 kB
SReclaimable:      94364 kB
SUnreclaim:       230612 kB
KernelStack:       48992 kB
ShadowCallStack:   12284 kB
PageTables:        73476 kB
NFS_Unstable:          0 kB
Bounce:                0 kB
WritebackTmp:          0 kB
CommitLimit:     8677876 kB
Committed_AS:   69085804 kB
VmallocTotal:   263061440 kB
VmallocUsed:      132036 kB
VmallocChunk:          0 kB
Percpu:             2448 kB
CmaTotal:         405504 kB
CmaFree:          279612 kB
MemTotal:        7918588 kB
MemFree:         1439296 kB
MemAvailable:    2813812 kB
Buffers:            4212 kB
Cached:          1197840 kB
SwapCached:         8200 kB
Active:          2814284 kB
Inactive:         920996 kB
Active(anon):    2364016 kB
Inactive(anon):   189620 kB
Active(file):     450268 kB
Inactive(file):   731376 kB
Unevictable:        6640 kB
Mlocked:            6200 kB
SwapTotal:       4718584 kB
SwapFree:        3916404 kB
Dirty:             17660 kB
Writeback:             0 kB
AnonPages:       2535324 kB
Mapped:           610380 kB
Shmem:             15504 kB
KReclaimable:     583096 kB
Slab:             324996 kB
SReclaimable:      94364 kB
SUnreclaim:       230632 kB
KernelStack:       48944 kB
ShadowCallStack:   12292 kB
PageTables:        73772 kB
NFS_Unstable:          0 kB
Bounce:                0 kB
WritebackTmp:          0 kB
CommitLimit:     8677876 kB
Committed_AS:   69282416 kB
VmallocTotal:   263061440 kB
VmallocUsed:      132028 kB
VmallocChunk:          0 kB
Percpu:             2448 kB
CmaTotal:         405504 kB
CmaFree:          279612 kB
MemTotal:        7918588 kB
MemFree:         1375156 kB
MemAvailable:    2749000 kB
Buffers:            4236 kB
Cached:          1197840 kB
SwapCached:         8200 kB
Active:          2877928 kB
Inactive:         921024 kB
Active(anon):    2427660 kB
Inactive(anon):   189624 kB
Active(file):     450268 kB
Inactive(file):   731400 kB
Unevictable:        6640 kB
Mlocked:            6200 kB
SwapTotal:       4718584 kB
SwapFree:        3916404 kB
Dirty:             17664 kB
Writeback:             0 kB
AnonPages:       2599016 kB
Mapped:           610880 kB
Shmem:             15504 kB
KReclaimable:     582400 kB
Slab:             324952 kB
SReclaimable:      94348 kB
SUnreclaim:       230604 kB
KernelStack:       48928 kB
ShadowCallStack:   12288 kB
PageTables:        74136 kB
NFS_Unstable:          0 kB
Bounce:                0 kB
WritebackTmp:          0 kB
CommitLimit:     8677876 kB
Committed_AS:   69429868 kB
VmallocTotal:   263061440 kB
VmallocUsed:      131968 kB
VmallocChunk:          0 kB
Percpu:             2448 kB
CmaTotal:         405504 kB
CmaFree:          279612 kB
MemTotal:        7918588 kB
MemFree:         1269668 kB
MemAvailable:    2522504 kB
Buffers:            4236 kB
Cached:          1197840 kB
SwapCached:         8200 kB
Active:          2981836 kB
Inactive:         921016 kB
Active(anon):    2531568 kB
Inactive(anon):   189616 kB
Active(file):     450268 kB
Inactive(file):   731400 kB
Unevictable:        6640 kB
Mlocked:            6200 kB
SwapTotal:       4718584 kB
SwapFree:        3916404 kB
Dirty:             17664 kB
Writeback:             0 kB
AnonPages:       2702852 kB
Mapped:           612152 kB
Shmem:             15504 kB
KReclaimable:     461392 kB
Slab:             325040 kB
SReclaimable:      94348 kB
SUnreclaim:       230692 kB
KernelStack:       49024 kB
ShadowCallStack:   12264 kB
PageTables:        74284 kB
NFS_Unstable:          0 kB
Bounce:                0 kB
WritebackTmp:          0 kB
CommitLimit:     8677876 kB
Committed_AS:   69594104 kB
VmallocTotal:   263061440 kB
VmallocUsed:      132124 kB
VmallocChunk:          0 kB
Percpu:             2448 kB
CmaTotal:         405504 kB
CmaFree:          279612 kB
MemTotal:        7918588 kB
MemFree:         1211244 kB
MemAvailable:    2453272 kB
Buffers:            4236 kB
Cached:          1198004 kB
SwapCached:         8200 kB
Active:          3040232 kB
Inactive:         921012 kB
Active(anon):    2589964 kB
Inactive(anon):   189604 kB
Active(file):     450268 kB
Inactive(file):   731408 kB
Unevictable:        6640 kB
Mlocked:            6200 kB
SwapTotal:       4718584 kB
SwapFree:        3916404 kB
Dirty:             17672 kB
Writeback:             0 kB
AnonPages:       2761136 kB
Mapped:           612736 kB
Shmem:             15660 kB
KReclaimable:     450576 kB
Slab:             325064 kB
SReclaimable:      94348 kB
SUnreclaim:       230716 kB
KernelStack:       49040 kB
ShadowCallStack:   12300 kB
PageTables:        74784 kB
NFS_Unstable:          0 kB
Bounce:                0 kB
WritebackTmp:          0 kB
CommitLimit:     8677876 kB
Committed_AS:   69708792 kB
VmallocTotal:   263061440 kB
VmallocUsed:      132128 kB
VmallocChunk:          0 kB
Percpu:             2448 kB
CmaTotal:         405504 kB
CmaFree:          242376 kB
MemTotal:        7918588 kB
MemFree:         1182448 kB
MemAvailable:    2553876 kB
Buffers:            4236 kB
Cached:          1197848 kB
SwapCached:         8200 kB
Active:          3067312 kB
Inactive:         921004 kB
Active(anon):    2617044 kB
Inactive(anon):   189596 kB
Active(file):     450268 kB
Inactive(file):   731408 kB
Unevictable:        6640 kB
Mlocked:            6200 kB
SwapTotal:       4718584 kB
SwapFree:        3916404 kB
Dirty:             17672 kB
Writeback:             0 kB
AnonPages:       2788280 kB
Mapped:           612508 kB
Shmem:             15504 kB
KReclaimable:     579976 kB
Slab:             325040 kB
SReclaimable:      94348 kB
SUnreclaim:       230692 kB
KernelStack:       48944 kB
ShadowCallStack:   12264 kB
PageTables:        75068 kB
NFS_Unstable:          0 kB
Bounce:                0 kB
WritebackTmp:          0 kB
CommitLimit:     8677876 kB
Committed_AS:   69872240 kB
VmallocTotal:   263061440 kB
VmallocUsed:      131956 kB
VmallocChunk:          0 kB
Percpu:             2448 kB
CmaTotal:         405504 kB
CmaFree:          213924 kB
MemTotal:        7918588 kB
MemFree:         1110480 kB
MemAvailable:    2481124 kB
Buffers:            4236 kB
Cached:          1197856 kB
SwapCached:         8200 kB
Active:          3138448 kB
Inactive:         921008 kB
Active(anon):    2688180 kB
Inactive(anon):   189600 kB
Active(file):     450268 kB
Inactive(file):   731408 kB
Unevictable:        6640 kB
Mlocked:            6200 kB
SwapTotal:       4718584 kB
SwapFree:        3916404 kB
Dirty:             17672 kB
Writeback:             0 kB
AnonPages:       2859512 kB
Mapped:           612908 kB
Shmem:             15512 kB
KReclaimable:     579192 kB
Slab:             325032 kB
SReclaimable:      94348 kB
SUnreclaim:       230684 kB
KernelStack:       48912 kB
ShadowCallStack:   12272 kB
PageTables:        75288 kB
NFS_Unstable:          0 kB
Bounce:                0 kB
WritebackTmp:          0 kB
CommitLimit:     8677876 kB
Committed_AS:   70019704 kB
VmallocTotal:   263061440 kB
VmallocUsed:      131956 kB
VmallocChunk:          0 kB
Percpu:             2448 kB
CmaTotal:         405504 kB
CmaFree:          142616 kB
MemTotal:        7918588 kB
MemFree:         1044944 kB
MemAvailable:    2414848 kB
Buffers:            4248 kB
Cached:          1197868 kB
SwapCached:         8200 kB
Active:          3204348 kB
Inactive:         921028 kB
Active(anon):    2754080 kB
Inactive(anon):   189600 kB
Active(file):     450268 kB
Inactive(file):   731428 kB
Unevictable:        6640 kB
Mlocked:            6200 kB
SwapTotal:       4718584 kB
SwapFree:        3916404 kB
Dirty:               628 kB
Writeback:             0 kB
AnonPages:       2925428 kB
Mapped:           613392 kB
Shmem:             15516 kB
KReclaimable:     578432 kB
Slab:             325108 kB
SReclaimable:      94332 kB
SUnreclaim:       230776 kB
KernelStack:       48912 kB
ShadowCallStack:   12272 kB
PageTables:        75656 kB
NFS_Unstable:          0 kB
Bounce:                0 kB
WritebackTmp:          0 kB
CommitLimit:     8677876 kB
Committed_AS:   70199928 kB
VmallocTotal:   263061440 kB
VmallocUsed:      131956 kB
VmallocChunk:          0 kB
Percpu:             2448 kB
CmaTotal:         405504 kB
CmaFree:           77340 kB
MemTotal:        7918588 kB
MemFree:          976596 kB
MemAvailable:    2345652 kB
Buffers:            4256 kB
Cached:          1197868 kB
SwapCached:         8200 kB
Active:          3272568 kB
Inactive:         921040 kB
Active(anon):    2822300 kB
Inactive(anon):   189604 kB
Active(file):     450268 kB
Inactive(file):   731436 kB
Unevictable:        6640 kB
Mlocked:            6200 kB
SwapTotal:       4718584 kB
SwapFree:        3916404 kB
Dirty:               692 kB
Writeback:             0 kB
AnonPages:       2993508 kB
Mapped:           613900 kB
Shmem:             15516 kB
KReclaimable:     577576 kB
Slab:             325056 kB
SReclaimable:      94332 kB
SUnreclaim:       230724 kB
KernelStack:       48944 kB
ShadowCallStack:   12264 kB
PageTables:        75964 kB
NFS_Unstable:          0 kB
Bounce:                0 kB
WritebackTmp:          0 kB
CommitLimit:     8677876 kB
Committed_AS:   70347384 kB
VmallocTotal:   263061440 kB
VmallocUsed:      131968 kB
VmallocChunk:          0 kB
Percpu:             2448 kB
CmaTotal:         405504 kB
CmaFree:            9424 kB
MemTotal:        7918588 kB
MemFree:          935740 kB
MemAvailable:    2304260 kB
Buffers:            4256 kB
Cached:          1197876 kB
SwapCached:         8200 kB
Active:          3314532 kB
Inactive:         921036 kB
Active(anon):    2864264 kB
Inactive(anon):   189600 kB
Active(file):     450268 kB
Inactive(file):   731436 kB
Unevictable:        6640 kB
Mlocked:            6200 kB
SwapTotal:       4718584 kB
SwapFree:        3916404 kB
Dirty:               712 kB
Writeback:             0 kB
AnonPages:       3035648 kB
Mapped:           614340 kB
Shmem:             15516 kB
KReclaimable:     577040 kB
Slab:             325028 kB
SReclaimable:      94332 kB
SUnreclaim:       230696 kB
KernelStack:       48944 kB
ShadowCallStack:   12264 kB
PageTables:        76124 kB
NFS_Unstable:          0 kB
Bounce:                0 kB
WritebackTmp:          0 kB
CommitLimit:     8677876 kB
Committed_AS:   70429308 kB
VmallocTotal:   263061440 kB
VmallocUsed:      131972 kB
VmallocChunk:          0 kB
Percpu:             2448 kB
CmaTotal:         405504 kB
CmaFree:               0 kB
MemTotal:        7918588 kB
MemFree:          870308 kB
MemAvailable:    2238148 kB
Buffers:            4256 kB
Cached:          1197876 kB
SwapCached:         8200 kB
Active:          3379988 kB
Inactive:         921044 kB
Active(anon):    2929720 kB
Inactive(anon):   189600 kB
Active(file):     450268 kB
Inactive(file):   731444 kB
Unevictable:        6640 kB
Mlocked:            6200 kB
SwapTotal:       4718584 kB
SwapFree:        3916404 kB
Dirty:               716 kB
Writeback:             0 kB
AnonPages:       3101056 kB
Mapped:           614792 kB
Shmem:             15516 kB
KReclaimable:     576352 kB
Slab:             325256 kB
SReclaimable:      94332 kB
SUnreclaim:       230924 kB
KernelStack:       48896 kB
ShadowCallStack:   12272 kB
PageTables:        76160 kB
NFS_Unstable:          0 kB
Bounce:                0 kB
WritebackTmp:          0 kB
CommitLimit:     8677876 kB
Committed_AS:   70560376 kB
VmallocTotal:   263061440 kB
VmallocUsed:      131976 kB
VmallocChunk:          0 kB
Percpu:             2448 kB
CmaTotal:         405504 kB
CmaFree:               0 kB
MemTotal:        7918588 kB
MemFree:          797336 kB
MemAvailable:    2164344 kB
Buffers:            4272 kB
Cached:          1197868 kB
SwapCached:         8200 kB
Active:          3451356 kB
Inactive:         921044 kB
Active(anon):    3001088 kB
Inactive(anon):   189600 kB
Active(file):     450268 kB
Inactive(file):   731444 kB
Unevictable:        6640 kB
Mlocked:            6200 kB
SwapTotal:       4718584 kB
SwapFree:        3916404 kB
Dirty:               732 kB
Writeback:             0 kB
AnonPages:       3172276 kB
Mapped:           615244 kB
Shmem:             15520 kB
KReclaimable:     575520 kB
Slab:             325288 kB
SReclaimable:      94348 kB
SUnreclaim:       230940 kB
KernelStack:       48896 kB
ShadowCallStack:   12280 kB
PageTables:        76748 kB
NFS_Unstable:          0 kB
Bounce:                0 kB
WritebackTmp:          0 kB
CommitLimit:     8677876 kB
Committed_AS:   70740608 kB
VmallocTotal:   263061440 kB
VmallocUsed:      131932 kB
VmallocChunk:          0 kB
Percpu:             2448 kB
CmaTotal:         405504 kB
CmaFree:               0 kB
MemTotal:        7918588 kB
MemFree:          732612 kB
MemAvailable:    2098920 kB
Buffers:            4304 kB
Cached:          1197908 kB
SwapCached:         8200 kB
Active:          3517388 kB
Inactive:         921124 kB
Active(anon):    3067120 kB
Inactive(anon):   189604 kB
Active(file):     450268 kB
Inactive(file):   731520 kB
Unevictable:        6640 kB
Mlocked:            6200 kB
SwapTotal:       4718584 kB
SwapFree:        3916404 kB
Dirty:               740 kB
Writeback:             0 kB
AnonPages:       3238436 kB
Mapped:           615872 kB
Shmem:             15520 kB
KReclaimable:     574744 kB
Slab:             325280 kB
SReclaimable:      94348 kB
SUnreclaim:       230932 kB
KernelStack:       48912 kB
ShadowCallStack:   12268 kB
PageTables:        77008 kB
NFS_Unstable:          0 kB
Bounce:                0 kB
WritebackTmp:          0 kB
CommitLimit:     8677876 kB
Committed_AS:   70871676 kB
VmallocTotal:   263061440 kB
VmallocUsed:      131936 kB
VmallocChunk:          0 kB
Percpu:             2448 kB
CmaTotal:         405504 kB
CmaFree:               0 kB
MemTotal:        7918588 kB
MemFree:          661496 kB
MemAvailable:    2026940 kB
Buffers:            4304 kB
Cached:          1197908 kB
SwapCached:         8200 kB
Active:          3587372 kB
Inactive:         921120 kB
Active(anon):    3137104 kB
Inactive(anon):   189600 kB
Active(file):     450268 kB
Inactive(file):   731520 kB
Unevictable:        6640 kB
Mlocked:            6200 kB
SwapTotal:       4718584 kB
SwapFree:        3916404 kB
Dirty:               740 kB
Writeback:             0 kB
AnonPages:       3308420 kB
Mapped:           616328 kB
Shmem:             15520 kB
KReclaimable:     573880 kB
Slab:             325336 kB
SReclaimable:      94348 kB
SUnreclaim:       230988 kB
KernelStack:       48896 kB
ShadowCallStack:   12264 kB
PageTables:        77308 kB
NFS_Unstable:          0 kB
Bounce:                0 kB
WritebackTmp:          0 kB
CommitLimit:     8677876 kB
Committed_AS:   71035516 kB
VmallocTotal:   263061440 kB
VmallocUsed:      131916 kB
VmallocChunk:          0 kB
Percpu:             2448 kB
CmaTotal:         405504 kB
CmaFree:               0 kB
MemTotal:        7918588 kB
MemFree:          603004 kB
MemAvailable:    1968416 kB
Buffers:            4304 kB
Cached:          1198596 kB
SwapCached:         8200 kB
Active:          3645444 kB
Inactive:         921116 kB
Active(anon):    3194488 kB
Inactive(anon):   189596 kB
Active(file):     450956 kB
Inactive(file):   731520 kB
Unevictable:        6640 kB
Mlocked:            6200 kB
SwapTotal:       4718584 kB
SwapFree:        3916404 kB
Dirty:               740 kB
Writeback:             0 kB
AnonPages:       3365760 kB
Mapped:           616924 kB
Shmem:             15520 kB
KReclaimable:     573160 kB
Slab:             325404 kB
SReclaimable:      94348 kB
SUnreclaim:       231056 kB
KernelStack:       48928 kB
ShadowCallStack:   12260 kB
PageTables:        77396 kB
NFS_Unstable:          0 kB
Bounce:                0 kB
WritebackTmp:          0 kB
CommitLimit:     8677876 kB
Committed_AS:   71166588 kB
VmallocTotal:   263061440 kB
VmallocUsed:      131916 kB
VmallocChunk:          0 kB
Percpu:             2448 kB
CmaTotal:         405504 kB
CmaFree:               0 kB
MemTotal:        7918588 kB
MemFree:          560844 kB
MemAvailable:    1925904 kB
Buffers:            4304 kB
Cached:          1198660 kB
SwapCached:         8200 kB
Active:          3687748 kB
Inactive:         921128 kB
Active(anon):    3236736 kB
Inactive(anon):   189600 kB
Active(file):     451012 kB
Inactive(file):   731528 kB
Unevictable:        6640 kB
Mlocked:            6200 kB
SwapTotal:       4718584 kB
SwapFree:        3916404 kB
Dirty:               748 kB
Writeback:             0 kB
AnonPages:       3408056 kB
Mapped:           617356 kB
Shmem:             15520 kB
KReclaimable:     572744 kB
Slab:             325496 kB
SReclaimable:      94348 kB
SUnreclaim:       231148 kB
KernelStack:       48912 kB
ShadowCallStack:   12268 kB
PageTables:        77784 kB
NFS_Unstable:          0 kB
Bounce:                0 kB
WritebackTmp:          0 kB
CommitLimit:     8677876 kB
Committed_AS:   71264892 kB
VmallocTotal:   263061440 kB
VmallocUsed:      131916 kB
VmallocChunk:          0 kB
Percpu:             2448 kB
CmaTotal:         405504 kB
CmaFree:               0 kB
MemTotal:        7918588 kB
MemFree:          487796 kB
MemAvailable:    1851856 kB
Buffers:            4304 kB
Cached:          1198664 kB
SwapCached:         8200 kB
Active:          3760036 kB
Inactive:         921128 kB
Active(anon):    3309024 kB
Inactive(anon):   189600 kB
Active(file):     451012 kB
Inactive(file):   731528 kB
Unevictable:        6640 kB
Mlocked:            6200 kB
SwapTotal:       4718584 kB
SwapFree:        3916404 kB
Dirty:               748 kB
Writeback:             0 kB
AnonPages:       3480316 kB
Mapped:           617792 kB
Shmem:             15524 kB
KReclaimable:     571744 kB
Slab:             325468 kB
SReclaimable:      94348 kB
SUnreclaim:       231120 kB
KernelStack:       48912 kB
ShadowCallStack:   12268 kB
PageTables:        78108 kB
NFS_Unstable:          0 kB
Bounce:                0 kB
WritebackTmp:          0 kB
CommitLimit:     8677876 kB
Committed_AS:   71428736 kB
VmallocTotal:   263061440 kB
VmallocUsed:      131904 kB
VmallocChunk:          0 kB
Percpu:             2448 kB
CmaTotal:         405504 kB
CmaFree:               0 kB
MemTotal:        7918588 kB
MemFree:          423232 kB
MemAvailable:    1786544 kB
Buffers:            4312 kB
Cached:          1198660 kB
SwapCached:         8200 kB
Active:          3823648 kB
Inactive:         921132 kB
Active(anon):    3372636 kB
Inactive(anon):   189600 kB
Active(file):     451012 kB
Inactive(file):   731532 kB
Unevictable:        6640 kB
Mlocked:            6200 kB
SwapTotal:       4718584 kB
SwapFree:        3916404 kB
Dirty:               576 kB
Writeback:           172 kB
AnonPages:       3543992 kB
Mapped:           618260 kB
Shmem:             15524 kB
KReclaimable:     570992 kB
Slab:             325440 kB
SReclaimable:      94348 kB
SUnreclaim:       231092 kB
KernelStack:       48896 kB
ShadowCallStack:   12256 kB
PageTables:        78296 kB
NFS_Unstable:          0 kB
Bounce:                0 kB
WritebackTmp:          0 kB
CommitLimit:     8677876 kB
Committed_AS:   71559812 kB
VmallocTotal:   263061440 kB
VmallocUsed:      131916 kB
VmallocChunk:          0 kB
Percpu:             2448 kB
CmaTotal:         405504 kB
CmaFree:               0 kB
MemTotal:        7918588 kB
MemFree:          355596 kB
MemAvailable:    1718436 kB
Buffers:            4312 kB
Cached:          1198668 kB
SwapCached:         8204 kB
Active:          3891764 kB
Inactive:         921144 kB
Active(anon):    3440752 kB
Inactive(anon):   189604 kB
Active(file):     451012 kB
Inactive(file):   731540 kB
Unevictable:        6640 kB
Mlocked:            6200 kB
SwapTotal:       4718584 kB
SwapFree:        3916404 kB
Dirty:               400 kB
Writeback:             0 kB
AnonPages:       3612052 kB
Mapped:           618856 kB
Shmem:             15524 kB
KReclaimable:     570512 kB
Slab:             325680 kB
SReclaimable:      94332 kB
SUnreclaim:       231348 kB
KernelStack:       48928 kB
ShadowCallStack:   12272 kB
PageTables:        78648 kB
NFS_Unstable:          0 kB
Bounce:                0 kB
WritebackTmp:          0 kB
CommitLimit:     8677876 kB
Committed_AS:   71723652 kB
VmallocTotal:   263061440 kB
VmallocUsed:      131932 kB
VmallocChunk:          0 kB
Percpu:             2448 kB
CmaTotal:         405504 kB
CmaFree:               0 kB
MemTotal:        7918588 kB
MemFree:          291056 kB
MemAvailable:    1652888 kB
Buffers:            4312 kB
Cached:          1198668 kB
SwapCached:         8204 kB
Active:          3955804 kB
Inactive:         921144 kB
Active(anon):    3504792 kB
Inactive(anon):   189604 kB
Active(file):     451012 kB
Inactive(file):   731540 kB
Unevictable:        6640 kB
Mlocked:            6200 kB
SwapTotal:       4718584 kB
SwapFree:        3916404 kB
Dirty:               400 kB
Writeback:             0 kB
AnonPages:       3676268 kB
Mapped:           619240 kB
Shmem:             15524 kB
KReclaimable:     569504 kB
Slab:             325540 kB
SReclaimable:      94332 kB
SUnreclaim:       231208 kB
KernelStack:       48832 kB
ShadowCallStack:   12252 kB
PageTables:        78836 kB
NFS_Unstable:          0 kB
Bounce:                0 kB
WritebackTmp:          0 kB
CommitLimit:     8677876 kB
Committed_AS:   71838292 kB
VmallocTotal:   263061440 kB
VmallocUsed:      131896 kB
VmallocChunk:          0 kB
Percpu:             2448 kB
CmaTotal:         405504 kB
CmaFree:               0 kB
MemTotal:        7918588 kB
MemFree:          227532 kB
MemAvailable:    1588628 kB
Buffers:            4312 kB
Cached:          1198676 kB
SwapCached:         8204 kB
Active:          4019504 kB
Inactive:         921152 kB
Active(anon):    3568492 kB
Inactive(anon):   189604 kB
Active(file):     451012 kB
Inactive(file):   731548 kB
Unevictable:        6640 kB
Mlocked:            6200 kB
SwapTotal:       4718584 kB
SwapFree:        3916404 kB
Dirty:               412 kB
Writeback:             0 kB
AnonPages:       3739780 kB
Mapped:           619648 kB
Shmem:             15524 kB
KReclaimable:     568760 kB
Slab:             325656 kB
SReclaimable:      94332 kB
SUnreclaim:       231324 kB
KernelStack:       48880 kB
ShadowCallStack:   12260 kB
PageTables:        79136 kB
NFS_Unstable:          0 kB
Bounce:                0 kB
WritebackTmp:          0 kB
CommitLimit:     8677876 kB
Committed_AS:   72002132 kB
VmallocTotal:   263061440 kB
VmallocUsed:      131876 kB
VmallocChunk:          0 kB
Percpu:             2448 kB
CmaTotal:         405504 kB
CmaFree:               0 kB
MemTotal:        7918588 kB
MemFree:          211516 kB
MemAvailable:    1524092 kB
Buffers:            2540 kB
Cached:          1165208 kB
SwapCached:         8204 kB
Active:          4143464 kB
Inactive:         824476 kB
Active(anon):    3631560 kB
Inactive(anon):   189028 kB
Active(file):     511904 kB
Inactive(file):   635448 kB
Unevictable:        6640 kB
Mlocked:            6200 kB
SwapTotal:       4718584 kB
SwapFree:        3916404 kB
Dirty:               412 kB
Writeback:             0 kB
AnonPages:       3802252 kB
Mapped:           616232 kB
Shmem:             15524 kB
KReclaimable:     555448 kB
Slab:             323116 kB
SReclaimable:      91808 kB
SUnreclaim:       231308 kB
KernelStack:       48848 kB
ShadowCallStack:   12252 kB
PageTables:        79148 kB
NFS_Unstable:          0 kB
Bounce:                0 kB
WritebackTmp:          0 kB
CommitLimit:     8677876 kB
Committed_AS:   72133204 kB
VmallocTotal:   263061440 kB
VmallocUsed:      131892 kB
VmallocChunk:          0 kB
Percpu:             2448 kB
CmaTotal:         405504 kB
CmaFree:               0 kB
MemTotal:        7918588 kB
MemFree:          207612 kB
MemAvailable:    1474408 kB
Buffers:            2516 kB
Cached:          1125928 kB
SwapCached:         8204 kB
Active:          4206960 kB
Inactive:         785196 kB
Active(anon):    3695052 kB
Inactive(anon):   189032 kB
Active(file):     511908 kB
Inactive(file):   596164 kB
Unevictable:        6640 kB
Mlocked:            6200 kB
SwapTotal:       4718584 kB
SwapFree:        3916404 kB
Dirty:               240 kB
Writeback:             0 kB
AnonPages:       3865680 kB
Mapped:           616792 kB
Shmem:             15528 kB
KReclaimable:     548948 kB
Slab:             323024 kB
SReclaimable:      91644 kB
SUnreclaim:       231380 kB
KernelStack:       48688 kB
ShadowCallStack:   12204 kB
PageTables:        79460 kB
NFS_Unstable:          0 kB
Bounce:                0 kB
WritebackTmp:          0 kB
CommitLimit:     8677876 kB
Committed_AS:   72264284 kB
VmallocTotal:   263061440 kB
VmallocUsed:      131632 kB
VmallocChunk:          0 kB
Percpu:             2448 kB
CmaTotal:         405504 kB
CmaFree:               0 kB
MemTotal:        7918588 kB
MemFree:          208252 kB
MemAvailable:    1415644 kB
Buffers:            2556 kB
Cached:          1076008 kB
SwapCached:         8204 kB
Active:          4264736 kB
Inactive:         735172 kB
Active(anon):    3752808 kB
Inactive(anon):   189024 kB
Active(file):     511928 kB
Inactive(file):   546148 kB
Unevictable:        6640 kB
Mlocked:            6200 kB
SwapTotal:       4718584 kB
SwapFree:        3916404 kB
Dirty:               196 kB
Writeback:             0 kB
AnonPages:       3923432 kB
Mapped:           617244 kB
Shmem:             15528 kB
KReclaimable:     539540 kB
Slab:             322000 kB
SReclaimable:      90604 kB
SUnreclaim:       231396 kB
KernelStack:       48640 kB
ShadowCallStack:   12216 kB
PageTables:        79928 kB
NFS_Unstable:          0 kB
Bounce:                0 kB
WritebackTmp:          0 kB
CommitLimit:     8677876 kB
Committed_AS:   72378968 kB
VmallocTotal:   263061440 kB
VmallocUsed:      131636 kB
VmallocChunk:          0 kB
Percpu:             2448 kB
CmaTotal:         405504 kB
CmaFree:               0 kB
MemTotal:        7918588 kB
MemFree:          205752 kB
MemAvailable:    1348172 kB
Buffers:            2476 kB
Cached:          1025004 kB
SwapCached:         8204 kB
Active:          4365040 kB
Inactive:         649580 kB
Active(anon):    3818576 kB
Inactive(anon):   189020 kB
Active(file):     546464 kB
Inactive(file):   460560 kB
Unevictable:        6640 kB
Mlocked:            6200 kB
SwapTotal:       4718584 kB
SwapFree:        3916404 kB
Dirty:               200 kB
Writeback:             0 kB
AnonPages:       3989380 kB
Mapped:           607864 kB
Shmem:             15552 kB
KReclaimable:     525620 kB
Slab:             320972 kB
SReclaimable:      89492 kB
SUnreclaim:       231480 kB
KernelStack:       48704 kB
ShadowCallStack:   12204 kB
PageTables:        80500 kB
NFS_Unstable:          0 kB
Bounce:                0 kB
WritebackTmp:          0 kB
CommitLimit:     8677876 kB
Committed_AS:   72510084 kB
VmallocTotal:   263061440 kB
VmallocUsed:      131632 kB
VmallocChunk:          0 kB
Percpu:             2448 kB
CmaTotal:         405504 kB
CmaFree:               0 kB
MemTotal:        7918588 kB
MemFree:          210908 kB
MemAvailable:    1130124 kB
Buffers:            2456 kB
Cached:           935020 kB
SwapCached:         8204 kB
Active:          4492444 kB
Inactive:         526364 kB
Active(anon):    3912936 kB
Inactive(anon):   189028 kB
Active(file):     579508 kB
Inactive(file):   337336 kB
Unevictable:        6640 kB
Mlocked:            6200 kB
SwapTotal:       4718584 kB
SwapFree:        3916404 kB
Dirty:               224 kB
Writeback:             0 kB
AnonPages:       4083508 kB
Mapped:           578248 kB
Shmem:             15636 kB
KReclaimable:     392596 kB
Slab:             320092 kB
SReclaimable:      88540 kB
SUnreclaim:       231552 kB
KernelStack:       48784 kB
ShadowCallStack:   12244 kB
PageTables:        80516 kB
NFS_Unstable:          0 kB
Bounce:                0 kB
WritebackTmp:          0 kB
CommitLimit:     8677876 kB
Committed_AS:   72641532 kB
VmallocTotal:   263061440 kB
VmallocUsed:      131824 kB
VmallocChunk:          0 kB
Percpu:             2448 kB
CmaTotal:         405504 kB
CmaFree:               0 kB
MemTotal:        7918588 kB
MemFree:          240264 kB
MemAvailable:    1249984 kB
Buffers:            2456 kB
Cached:           907072 kB
SwapCached:         8204 kB
Active:          4495356 kB
Inactive:         497964 kB
Active(anon):    3915244 kB
Inactive(anon):   189028 kB
Active(file):     580112 kB
Inactive(file):   308936 kB
Unevictable:        6640 kB
Mlocked:            6200 kB
SwapTotal:       4718584 kB
SwapFree:        3916404 kB
Dirty:               224 kB
Writeback:             0 kB
AnonPages:       4085960 kB
Mapped:           576952 kB
Shmem:             15576 kB
KReclaimable:     510896 kB
Slab:             319324 kB
SReclaimable:      87736 kB
SUnreclaim:       231588 kB
KernelStack:       48672 kB
ShadowCallStack:   12208 kB
PageTables:        80608 kB
NFS_Unstable:          0 kB
Bounce:                0 kB
WritebackTmp:          0 kB
CommitLimit:     8677876 kB
Committed_AS:   72739460 kB
VmallocTotal:   263061440 kB
VmallocUsed:      131648 kB
VmallocChunk:          0 kB
Percpu:             2448 kB
CmaTotal:         405504 kB
CmaFree:             484 kB
MemTotal:        7918588 kB
MemFree:          207252 kB
MemAvailable:    1167336 kB
Buffers:            2300 kB
Cached:           865808 kB
SwapCached:         8204 kB
Active:          4576488 kB
Inactive:         455604 kB
Active(anon):    3995428 kB
Inactive(anon):   189036 kB
Active(file):     581060 kB
Inactive(file):   266568 kB
Unevictable:        6640 kB
Mlocked:            6200 kB
SwapTotal:       4718584 kB
SwapFree:        3916404 kB
Dirty:               224 kB
Writeback:             0 kB
AnonPages:       4166024 kB
Mapped:           577140 kB
Shmem:             15576 kB
KReclaimable:     502680 kB
Slab:             318416 kB
SReclaimable:      86736 kB
SUnreclaim:       231680 kB
KernelStack:       48688 kB
ShadowCallStack:   12212 kB
PageTables:        80988 kB
NFS_Unstable:          0 kB
Bounce:                0 kB
WritebackTmp:          0 kB
CommitLimit:     8677876 kB
Committed_AS:   72903896 kB
VmallocTotal:   263061440 kB
VmallocUsed:      131600 kB
VmallocChunk:          0 kB
Percpu:             2448 kB
CmaTotal:         405504 kB
CmaFree:               0 kB
MemTotal:        7918588 kB
MemFree:          212084 kB
MemAvailable:    1096148 kB
Buffers:            2276 kB
Cached:           801700 kB
SwapCached:         8204 kB
Active:          4658020 kB
Inactive:         380524 kB
Active(anon):    4066080 kB
Inactive(anon):   189024 kB
Active(file):     591940 kB
Inactive(file):   191500 kB
Unevictable:        6640 kB
Mlocked:            6200 kB
SwapTotal:       4718584 kB
SwapFree:        3916404 kB
Dirty:               228 kB
Writeback:             0 kB
AnonPages:       4236756 kB
Mapped:           576620 kB
Shmem:             15576 kB
KReclaimable:     490848 kB
Slab:             316976 kB
SReclaimable:      85328 kB
SUnreclaim:       231648 kB
KernelStack:       48560 kB
ShadowCallStack:   12188 kB
PageTables:        81136 kB
NFS_Unstable:          0 kB
Bounce:                0 kB
WritebackTmp:          0 kB
CommitLimit:     8677876 kB
Committed_AS:   73051352 kB
VmallocTotal:   263061440 kB
VmallocUsed:      131536 kB
VmallocChunk:          0 kB
Percpu:             2448 kB
CmaTotal:         405504 kB
CmaFree:               0 kB
MemTotal:        7918588 kB
MemFree:          206556 kB
MemAvailable:    1044556 kB
Buffers:            2276 kB
Cached:           761880 kB
SwapCached:         8204 kB
Active:          4709676 kB
Inactive:         340764 kB
Active(anon):    4117736 kB
Inactive(anon):   189028 kB
Active(file):     591940 kB
Inactive(file):   151736 kB
Unevictable:        6640 kB
Mlocked:            6200 kB
SwapTotal:       4718584 kB
SwapFree:        3916404 kB
Dirty:               228 kB
Writeback:             0 kB
AnonPages:       4288648 kB
Mapped:           577088 kB
Shmem:             15576 kB
KReclaimable:     484548 kB
Slab:             315836 kB
SReclaimable:      84188 kB
SUnreclaim:       231648 kB
KernelStack:       48528 kB
ShadowCallStack:   12176 kB
PageTables:        81392 kB
NFS_Unstable:          0 kB
Bounce:                0 kB
WritebackTmp:          0 kB
CommitLimit:     8677876 kB
Committed_AS:   73166040 kB
VmallocTotal:   263061440 kB
VmallocUsed:      131452 kB
VmallocChunk:          0 kB
Percpu:             2448 kB
CmaTotal:         405504 kB
CmaFree:               0 kB
MemTotal:        7918588 kB
MemFree:          208308 kB
MemAvailable:     987164 kB
Buffers:             624 kB
Cached:           718688 kB
SwapCached:         8204 kB
Active:          4804740 kB
Inactive:         257372 kB
Active(anon):    4172176 kB
Inactive(anon):   190928 kB
Active(file):     632564 kB
Inactive(file):    66444 kB
Unevictable:        6640 kB
Mlocked:            6200 kB
SwapTotal:       4718584 kB
SwapFree:        3916404 kB
Dirty:               248 kB
Writeback:             0 kB
AnonPages:       4344592 kB
Mapped:           572108 kB
Shmem:             15584 kB
KReclaimable:     470072 kB
Slab:             315016 kB
SReclaimable:      83312 kB
SUnreclaim:       231704 kB
KernelStack:       48256 kB
ShadowCallStack:   12120 kB
PageTables:        81556 kB
NFS_Unstable:          0 kB
Bounce:                0 kB
WritebackTmp:          0 kB
CommitLimit:     8677876 kB
Committed_AS:   73264092 kB
VmallocTotal:   263061440 kB
VmallocUsed:      131136 kB
VmallocChunk:          0 kB
Percpu:             2448 kB
CmaTotal:         405504 kB
CmaFree:               0 kB
MemTotal:        7918588 kB
MemFree:          205280 kB
MemAvailable:     932580 kB
Buffers:             532 kB
Cached:           685300 kB
SwapCached:         8204 kB
Active:          4941856 kB
Inactive:         139520 kB
Active(anon):    4291944 kB
Inactive(anon):   124092 kB
Active(file):     649912 kB
Inactive(file):    15428 kB
Unevictable:        6640 kB
Mlocked:            6200 kB
SwapTotal:       4718584 kB
SwapFree:        3915892 kB
Dirty:               248 kB
Writeback:             0 kB
AnonPages:       4397736 kB
Mapped:           556928 kB
Shmem:             15588 kB
KReclaimable:     452184 kB
Slab:             314964 kB
SReclaimable:      83232 kB
SUnreclaim:       231732 kB
KernelStack:       48256 kB
ShadowCallStack:   12112 kB
PageTables:        81848 kB
NFS_Unstable:          0 kB
Bounce:                0 kB
WritebackTmp:          0 kB
CommitLimit:     8677876 kB
Committed_AS:   73395172 kB
VmallocTotal:   263061440 kB
VmallocUsed:      131136 kB
VmallocChunk:          0 kB
Percpu:             2448 kB
CmaTotal:         405504 kB
CmaFree:               0 kB
MemTotal:        7918588 kB
MemFree:          209816 kB
MemAvailable:     888164 kB
Buffers:             500 kB
Cached:           667152 kB
SwapCached:         8104 kB
Active:           573080 kB
Inactive:        4527704 kB
Active(anon):     486380 kB
Inactive(anon):  3966964 kB
Active(file):      86700 kB
Inactive(file):   560740 kB
Unevictable:        6640 kB
Mlocked:            6200 kB
SwapTotal:       4718584 kB
SwapFree:        3885684 kB
Dirty:               248 kB
Writeback:             0 kB
AnonPages:       4435212 kB
Mapped:           548388 kB
Shmem:             15308 kB
KReclaimable:     421132 kB
Slab:             314908 kB
SReclaimable:      83220 kB
SUnreclaim:       231688 kB
KernelStack:       48272 kB
ShadowCallStack:   12104 kB
PageTables:        82148 kB
NFS_Unstable:          0 kB
Bounce:                0 kB
WritebackTmp:          0 kB
CommitLimit:     8677876 kB
Committed_AS:   73526188 kB
VmallocTotal:   263061440 kB
VmallocUsed:      131080 kB
VmallocChunk:          0 kB
Percpu:             2448 kB
CmaTotal:         405504 kB
CmaFree:             528 kB
MemTotal:        7918588 kB
MemFree:          209312 kB
MemAvailable:     838156 kB
Buffers:             528 kB
Cached:           623464 kB
SwapCached:         8104 kB
Active:           624500 kB
Inactive:        4480912 kB
Active(anon):     534732 kB
Inactive(anon):  3966900 kB
Active(file):      89768 kB
Inactive(file):   514012 kB
Unevictable:        6640 kB
Mlocked:            6200 kB
SwapTotal:       4718584 kB
SwapFree:        3885684 kB
Dirty:               252 kB
Writeback:             0 kB
AnonPages:       4483688 kB
Mapped:           531684 kB
Shmem:             15308 kB
KReclaimable:     415288 kB
Slab:             314888 kB
SReclaimable:      83216 kB
SUnreclaim:       231672 kB
KernelStack:       48208 kB
ShadowCallStack:   12100 kB
PageTables:        82268 kB
NFS_Unstable:          0 kB
Bounce:                0 kB
WritebackTmp:          0 kB
CommitLimit:     8677876 kB
Committed_AS:   73608084 kB
VmallocTotal:   263061440 kB
VmallocUsed:      131080 kB
VmallocChunk:          0 kB
Percpu:             2448 kB
CmaTotal:         405504 kB
CmaFree:               0 kB
MemTotal:        7918588 kB
MemFree:          207384 kB
MemAvailable:     784164 kB
Buffers:             528 kB
Cached:           576416 kB
SwapCached:         8104 kB
Active:           678928 kB
Inactive:        4431976 kB
Active(anon):     587596 kB
Inactive(anon):  3966772 kB
Active(file):      91332 kB
Inactive(file):   465204 kB
Unevictable:        6640 kB
Mlocked:            6200 kB
SwapTotal:       4718584 kB
SwapFree:        3885684 kB
Dirty:               252 kB
Writeback:             0 kB
AnonPages:       4536236 kB
Mapped:           515616 kB
Shmem:             15308 kB
KReclaimable:     410468 kB
Slab:             314904 kB
SReclaimable:      83212 kB
SUnreclaim:       231692 kB
KernelStack:       48160 kB
ShadowCallStack:   12080 kB
PageTables:        82212 kB
NFS_Unstable:          0 kB
Bounce:                0 kB
WritebackTmp:          0 kB
CommitLimit:     8677876 kB
Committed_AS:   73722588 kB
VmallocTotal:   263061440 kB
VmallocUsed:      131032 kB
VmallocChunk:          0 kB
Percpu:             2448 kB
CmaTotal:         405504 kB
CmaFree:               0 kB
MemTotal:        7918588 kB
MemFree:          207008 kB
MemAvailable:     711172 kB
Buffers:             520 kB
Cached:           511372 kB
SwapCached:         8104 kB
Active:           765424 kB
Inactive:        4354648 kB
Active(anon):     663256 kB
Inactive(anon):  3965136 kB
Active(file):     102168 kB
Inactive(file):   389512 kB
Unevictable:        6640 kB
Mlocked:            6200 kB
SwapTotal:       4718584 kB
SwapFree:        3885684 kB
Dirty:               264 kB
Writeback:             0 kB
AnonPages:       4610360 kB
Mapped:           509728 kB
Shmem:             15308 kB
KReclaimable:     402708 kB
Slab:             315064 kB
SReclaimable:      83212 kB
SUnreclaim:       231852 kB
KernelStack:       48128 kB
ShadowCallStack:   12072 kB
PageTables:        82912 kB
NFS_Unstable:          0 kB
Bounce:                0 kB
WritebackTmp:          0 kB
CommitLimit:     8677876 kB
Committed_AS:   73869840 kB
VmallocTotal:   263061440 kB
VmallocUsed:      130952 kB
VmallocChunk:          0 kB
Percpu:             2448 kB
CmaTotal:         405504 kB
CmaFree:               0 kB
MemTotal:        7918588 kB
MemFree:          208696 kB
MemAvailable:     666540 kB
Buffers:             520 kB
Cached:           469712 kB
SwapCached:         8104 kB
Active:           811180 kB
Inactive:        4311100 kB
Active(anon):     707164 kB
Inactive(anon):  3965100 kB
Active(file):     104016 kB
Inactive(file):   346000 kB
Unevictable:        6640 kB
Mlocked:            6200 kB
SwapTotal:       4718584 kB
SwapFree:        3885684 kB
Dirty:               264 kB
Writeback:             0 kB
AnonPages:       4654144 kB
Mapped:           510148 kB
Shmem:             15312 kB
KReclaimable:     398052 kB
Slab:             315052 kB
SReclaimable:      83084 kB
SUnreclaim:       231968 kB
KernelStack:       48128 kB
ShadowCallStack:   12080 kB
PageTables:        82996 kB
NFS_Unstable:          0 kB
Bounce:                0 kB
WritebackTmp:          0 kB
CommitLimit:     8677876 kB
Committed_AS:   73951760 kB
VmallocTotal:   263061440 kB
VmallocUsed:      130956 kB
VmallocChunk:          0 kB
Percpu:             2448 kB
CmaTotal:         405504 kB
CmaFree:               0 kB
MemTotal:        7918588 kB
MemFree:          210904 kB
MemAvailable:     618548 kB
Buffers:             520 kB
Cached:           424464 kB
SwapCached:         8104 kB
Active:           859868 kB
Inactive:        4265136 kB
Active(anon):     755060 kB
Inactive(anon):  3965088 kB
Active(file):     104808 kB
Inactive(file):   300048 kB
Unevictable:        6640 kB
Mlocked:            6200 kB
SwapTotal:       4718584 kB
SwapFree:        3885684 kB
Dirty:               264 kB
Writeback:             0 kB
AnonPages:       4702156 kB
Mapped:           510156 kB
Shmem:             15312 kB
KReclaimable:     393012 kB
Slab:             315012 kB
SReclaimable:      83084 kB
SUnreclaim:       231928 kB
KernelStack:       48064 kB
ShadowCallStack:   12068 kB
PageTables:        83072 kB
NFS_Unstable:          0 kB
Bounce:                0 kB
WritebackTmp:          0 kB
CommitLimit:     8677876 kB
Committed_AS:   74066344 kB
VmallocTotal:   263061440 kB
VmallocUsed:      130936 kB
VmallocChunk:          0 kB
Percpu:             2448 kB
CmaTotal:         405504 kB
CmaFree:               0 kB
MemTotal:        7918588 kB
MemFree:          209208 kB
MemAvailable:     543796 kB
Buffers:             428 kB
Cached:           358664 kB
SwapCached:         8104 kB
Active:           934268 kB
Inactive:        4197992 kB
Active(anon):     828540 kB
Inactive(anon):  3964844 kB
Active(file):     105728 kB
Inactive(file):   233148 kB
Unevictable:        6640 kB
Mlocked:            6200 kB
SwapTotal:       4718584 kB
SwapFree:        3885684 kB
Dirty:               140 kB
Writeback:             0 kB
AnonPages:       4775244 kB
Mapped:           498340 kB
Shmem:             15312 kB
KReclaimable:     385936 kB
Slab:             315076 kB
SReclaimable:      83056 kB
SUnreclaim:       232020 kB
KernelStack:       48064 kB
ShadowCallStack:   12064 kB
PageTables:        83452 kB
NFS_Unstable:          0 kB
Bounce:                0 kB
WritebackTmp:          0 kB
CommitLimit:     8677876 kB
Committed_AS:   74213696 kB
VmallocTotal:   263061440 kB
VmallocUsed:      130860 kB
VmallocChunk:          0 kB
Percpu:             2448 kB
CmaTotal:         405504 kB
CmaFree:               0 kB
MemTotal:        7918588 kB
MemFree:          207996 kB
MemAvailable:     497424 kB
Buffers:             428 kB
Cached:           317652 kB
SwapCached:         8104 kB
Active:           985392 kB
Inactive:        4152156 kB
Active(anon):     875216 kB
Inactive(anon):  3964688 kB
Active(file):     110176 kB
Inactive(file):   187468 kB
Unevictable:        6640 kB
Mlocked:            6200 kB
SwapTotal:       4718584 kB
SwapFree:        3885684 kB
Dirty:               140 kB
Writeback:             0 kB
AnonPages:       4821900 kB
Mapped:           475228 kB
Shmem:             15320 kB
KReclaimable:     382008 kB
Slab:             315060 kB
SReclaimable:      83056 kB
SUnreclaim:       232004 kB
KernelStack:       48016 kB
ShadowCallStack:   12044 kB
PageTables:        83540 kB
NFS_Unstable:          0 kB
Bounce:                0 kB
WritebackTmp:          0 kB
CommitLimit:     8677876 kB
Committed_AS:   74295520 kB
VmallocTotal:   263061440 kB
VmallocUsed:      130836 kB
VmallocChunk:          0 kB
Percpu:             2448 kB
CmaTotal:         405504 kB
CmaFree:               0 kB
MemTotal:        7918588 kB
MemFree:          207860 kB
MemAvailable:     443840 kB
Buffers:             432 kB
Cached:           279352 kB
SwapCached:         8104 kB
Active:          1045948 kB
Inactive:        4105344 kB
Active(anon):     927064 kB
Inactive(anon):  3964668 kB
Active(file):     118884 kB
Inactive(file):   140676 kB
Unevictable:        6640 kB
Mlocked:            6200 kB
SwapTotal:       4718584 kB
SwapFree:        3885684 kB
Dirty:               192 kB
Writeback:             0 kB
AnonPages:       4873612 kB
Mapped:           435796 kB
Shmem:             15320 kB
KReclaimable:     366644 kB
Slab:             314100 kB
SReclaimable:      81988 kB
SUnreclaim:       232112 kB
KernelStack:       48016 kB
ShadowCallStack:   12044 kB
PageTables:        84200 kB
NFS_Unstable:          0 kB
Bounce:                0 kB
WritebackTmp:          0 kB
CommitLimit:     8677876 kB
Committed_AS:   74410208 kB
VmallocTotal:   263061440 kB
VmallocUsed:      130832 kB
VmallocChunk:          0 kB
Percpu:             2448 kB
CmaTotal:         405504 kB
CmaFree:               0 kB
MemTotal:        7918588 kB
MemFree:          210608 kB
MemAvailable:     387608 kB
Buffers:             384 kB
Cached:           229892 kB
SwapCached:         8104 kB
Active:          1141820 kB
Inactive:        4032916 kB
Active(anon):    1000068 kB
Inactive(anon):  3964668 kB
Active(file):     141752 kB
Inactive(file):    68248 kB
Unevictable:        6640 kB
Mlocked:            6200 kB
SwapTotal:       4718584 kB
SwapFree:        3885684 kB
Dirty:               192 kB
Writeback:             0 kB
AnonPages:       4946504 kB
Mapped:           384044 kB
Shmem:             15320 kB
KReclaimable:     340964 kB
Slab:             311824 kB
SReclaimable:      79740 kB
SUnreclaim:       232084 kB
KernelStack:       48016 kB
ShadowCallStack:   12040 kB
PageTables:        83844 kB
NFS_Unstable:          0 kB
Bounce:                0 kB
WritebackTmp:          0 kB
CommitLimit:     8677876 kB
Committed_AS:   74557672 kB
VmallocTotal:   263061440 kB
VmallocUsed:      130820 kB
VmallocChunk:          0 kB
Percpu:             2448 kB
CmaTotal:         405504 kB
CmaFree:               0 kB
MemTotal:        7918588 kB
MemFree:          208816 kB
MemAvailable:     360564 kB
Buffers:             368 kB
Cached:           200816 kB
SwapCached:         8104 kB
Active:          1189132 kB
Inactive:        3996812 kB
Active(anon):    1041592 kB
Inactive(anon):  3963400 kB
Active(file):     147540 kB
Inactive(file):    33412 kB
Unevictable:        6640 kB
Mlocked:            6200 kB
SwapTotal:       4718584 kB
SwapFree:        3885684 kB
Dirty:               128 kB
Writeback:             0 kB
AnonPages:       4986908 kB
Mapped:           351720 kB
Shmem:             15328 kB
KReclaimable:     330236 kB
Slab:             311920 kB
SReclaimable:      79700 kB
SUnreclaim:       232220 kB
KernelStack:       48032 kB
ShadowCallStack:   12048 kB
PageTables:        84416 kB
NFS_Unstable:          0 kB
Bounce:                0 kB
WritebackTmp:          0 kB
CommitLimit:     8677876 kB
Committed_AS:   74655976 kB
VmallocTotal:   263061440 kB
VmallocUsed:      130816 kB
VmallocChunk:          0 kB
Percpu:             2448 kB
CmaTotal:         405504 kB
CmaFree:               0 kB
MemTotal:        7918588 kB
MemFree:          200944 kB
MemAvailable:     319972 kB
Buffers:             384 kB
Cached:           202172 kB
SwapCached:         3816 kB
Active:          1329120 kB
Inactive:        3887572 kB
Active(anon):    1146464 kB
Inactive(anon):  3887564 kB
Active(file):     182656 kB
Inactive(file):        8 kB
Unevictable:        6640 kB
Mlocked:            6200 kB
SwapTotal:       4718584 kB
SwapFree:        3864180 kB
Dirty:                28 kB
Writeback:            68 kB
AnonPages:       5019736 kB
Mapped:           330748 kB
Shmem:             15032 kB
KReclaimable:     300756 kB
Slab:             311612 kB
SReclaimable:      79700 kB
SUnreclaim:       231912 kB
KernelStack:       47280 kB
ShadowCallStack:   11936 kB
PageTables:        83832 kB
NFS_Unstable:          0 kB
Bounce:                0 kB
WritebackTmp:          0 kB
CommitLimit:     8677876 kB
Committed_AS:   73460532 kB
VmallocTotal:   263061440 kB
VmallocUsed:      129948 kB
VmallocChunk:          0 kB
Percpu:             2448 kB
CmaTotal:         405504 kB
CmaFree:               4 kB
MemTotal:        7918588 kB
MemFree:          210020 kB
MemAvailable:     347236 kB
Buffers:             392 kB
Cached:           309812 kB
SwapCached:         2536 kB
Active:          2135776 kB
Inactive:        3160432 kB
Active(anon):    1844540 kB
Inactive(anon):  3160432 kB
Active(file):     291236 kB
Inactive(file):        0 kB
Unevictable:        6640 kB
Mlocked:            6200 kB
SwapTotal:       4718584 kB
SwapFree:        3829620 kB
Dirty:                56 kB
Writeback:             0 kB
AnonPages:       4992604 kB
Mapped:           363180 kB
Shmem:             14036 kB
KReclaimable:     229884 kB
Slab:             311980 kB
SReclaimable:      80456 kB
SUnreclaim:       231524 kB
KernelStack:       45472 kB
ShadowCallStack:   11408 kB
PageTables:        80460 kB
NFS_Unstable:          0 kB
Bounce:                0 kB
WritebackTmp:          0 kB
CommitLimit:     8677876 kB
Committed_AS:   68180224 kB
VmallocTotal:   263061440 kB
VmallocUsed:      127584 kB
VmallocChunk:          0 kB
Percpu:             2448 kB
CmaTotal:         405504 kB
CmaFree:               0 kB
MemTotal:        7918588 kB
MemFree:          202468 kB
MemAvailable:     348524 kB
Buffers:             772 kB
Cached:           319220 kB
SwapCached:         2564 kB
Active:          2201228 kB
Inactive:        3101952 kB
Active(anon):    1900960 kB
Inactive(anon):  3101212 kB
Active(file):     300268 kB
Inactive(file):      740 kB
Unevictable:        6640 kB
Mlocked:            6200 kB
SwapTotal:       4718584 kB
SwapFree:        3778164 kB
Dirty:               184 kB
Writeback:             0 kB
AnonPages:       4989944 kB
Mapped:           368920 kB
Shmem:             14092 kB
KReclaimable:     228024 kB
Slab:             311492 kB
SReclaimable:      80060 kB
SUnreclaim:       231432 kB
KernelStack:       45472 kB
ShadowCallStack:   11396 kB
PageTables:        80432 kB
NFS_Unstable:          0 kB
Bounce:                0 kB
WritebackTmp:          0 kB
CommitLimit:     8677876 kB
Committed_AS:   68294968 kB
VmallocTotal:   263061440 kB
VmallocUsed:      127572 kB
VmallocChunk:          0 kB
Percpu:             2448 kB
CmaTotal:         405504 kB
CmaFree:               0 kB
MemTotal:        7918588 kB
MemFree:          205644 kB
MemAvailable:     351564 kB
Buffers:             772 kB
Cached:           357572 kB
SwapCached:         2560 kB
Active:          2343176 kB
Inactive:        2912936 kB
Active(anon):    2004788 kB
Inactive(anon):  2912196 kB
Active(file):     338388 kB
Inactive(file):      740 kB
Unevictable:        6640 kB
Mlocked:            6200 kB
SwapTotal:       4718584 kB
SwapFree:        3599732 kB
Dirty:               184 kB
Writeback:             0 kB
AnonPages:       4904404 kB
Mapped:           387132 kB
Shmem:             14140 kB
KReclaimable:     151512 kB
Slab:             311504 kB
SReclaimable:      80060 kB
SUnreclaim:       231444 kB
KernelStack:       45616 kB
ShadowCallStack:   11432 kB
PageTables:        80952 kB
NFS_Unstable:          0 kB
Bounce:                0 kB
WritebackTmp:          0 kB
CommitLimit:     8677876 kB
Committed_AS:   68393668 kB
VmallocTotal:   263061440 kB
VmallocUsed:      127744 kB
VmallocChunk:          0 kB
Percpu:             2448 kB
CmaTotal:         405504 kB
CmaFree:               0 kB
MemTotal:        7918588 kB
MemFree:          215108 kB
MemAvailable:     366092 kB
Buffers:             772 kB
Cached:           362852 kB
SwapCached:         2560 kB
Active:          2406396 kB
Inactive:        2829652 kB
Active(anon):    2062772 kB
Inactive(anon):  2828808 kB
Active(file):     343624 kB
Inactive(file):      844 kB
Unevictable:        6640 kB
Mlocked:            6200 kB
SwapTotal:       4718584 kB
SwapFree:        3522164 kB
Dirty:               184 kB
Writeback:             0 kB
AnonPages:       4879124 kB
Mapped:           388788 kB
Shmem:             14252 kB
KReclaimable:     150960 kB
Slab:             311600 kB
SReclaimable:      80060 kB
SUnreclaim:       231540 kB
KernelStack:       45568 kB
ShadowCallStack:   11440 kB
PageTables:        81144 kB
NFS_Unstable:          0 kB
Bounce:                0 kB
WritebackTmp:          0 kB
CommitLimit:     8677876 kB
Committed_AS:   68491972 kB
VmallocTotal:   263061440 kB
VmallocUsed:      127760 kB
VmallocChunk:          0 kB
Percpu:             2448 kB
CmaTotal:         405504 kB
CmaFree:               0 kB
MemTotal:        7918588 kB
MemFree:          219760 kB
MemAvailable:     457340 kB
Buffers:             792 kB
Cached:           365476 kB
SwapCached:         2560 kB
Active:          2433080 kB
Inactive:        2799872 kB
Active(anon):    2086748 kB
Inactive(anon):  2798936 kB
Active(file):     346332 kB
Inactive(file):      936 kB
Unevictable:        6640 kB
Mlocked:            6200 kB
SwapTotal:       4718584 kB
SwapFree:        3492980 kB
Dirty:               208 kB
Writeback:             0 kB
AnonPages:       4873220 kB
Mapped:           390652 kB
Shmem:             14096 kB
KReclaimable:     280536 kB
Slab:             311572 kB
SReclaimable:      80060 kB
SUnreclaim:       231512 kB
KernelStack:       45504 kB
ShadowCallStack:   11408 kB
PageTables:        81440 kB
NFS_Unstable:          0 kB
Bounce:                0 kB
WritebackTmp:          0 kB
CommitLimit:     8677876 kB
Committed_AS:   68606264 kB
VmallocTotal:   263061440 kB
VmallocUsed:      127580 kB
VmallocChunk:          0 kB
Percpu:             2448 kB
CmaTotal:         405504 kB
CmaFree:               0 kB
MemTotal:        7918588 kB
MemFree:          218280 kB
MemAvailable:     500600 kB
Buffers:             908 kB
Cached:           421936 kB
SwapCached:         2636 kB
Active:          2552108 kB
Inactive:        2685768 kB
Active(anon):    2150884 kB
Inactive(anon):  2683196 kB
Active(file):     401224 kB
Inactive(file):     2572 kB
Unevictable:        6640 kB
Mlocked:            6200 kB
SwapTotal:       4718584 kB
SwapFree:        3383924 kB
Dirty:                72 kB
Writeback:             0 kB
AnonPages:       4821608 kB
Mapped:           397976 kB
Shmem:             14144 kB
KReclaimable:     268748 kB
Slab:             311468 kB
SReclaimable:      79988 kB
SUnreclaim:       231480 kB
KernelStack:       45504 kB
ShadowCallStack:   11424 kB
PageTables:        81624 kB
NFS_Unstable:          0 kB
Bounce:                0 kB
WritebackTmp:          0 kB
CommitLimit:     8677876 kB
Committed_AS:   68721148 kB
VmallocTotal:   263061440 kB
VmallocUsed:      127652 kB
VmallocChunk:          0 kB
Percpu:             2448 kB
CmaTotal:         405504 kB
CmaFree:               0 kB
MemTotal:        7918588 kB
MemFree:          220168 kB
MemAvailable:     503944 kB
Buffers:             916 kB
Cached:           426516 kB
SwapCached:         2636 kB
Active:          2621196 kB
Inactive:        2615896 kB
Active(anon):    2215512 kB
Inactive(anon):  2613192 kB
Active(file):     405684 kB
Inactive(file):     2704 kB
Unevictable:        6640 kB
Mlocked:            6200 kB
SwapTotal:       4718584 kB
SwapFree:        3317620 kB
Dirty:               268 kB
Writeback:             0 kB
AnonPages:       4816192 kB
Mapped:           399788 kB
Shmem:             14144 kB
KReclaimable:     265612 kB
Slab:             311404 kB
SReclaimable:      79988 kB
SUnreclaim:       231416 kB
KernelStack:       45488 kB
ShadowCallStack:   11420 kB
PageTables:        81728 kB
NFS_Unstable:          0 kB
Bounce:                0 kB
WritebackTmp:          0 kB
CommitLimit:     8677876 kB
Committed_AS:   68819448 kB
VmallocTotal:   263061440 kB
VmallocUsed:      127652 kB
VmallocChunk:          0 kB
Percpu:             2448 kB
CmaTotal:         405504 kB
CmaFree:               0 kB
MemTotal:        7918588 kB
MemFree:          216124 kB
MemAvailable:     498260 kB
Buffers:             916 kB
Cached:           428376 kB
SwapCached:         2636 kB
Active:          2692100 kB
Inactive:        2551668 kB
Active(anon):    2284568 kB
Inactive(anon):  2548964 kB
Active(file):     407532 kB
Inactive(file):     2704 kB
Unevictable:        6640 kB
Mlocked:            6200 kB
SwapTotal:       4718584 kB
SwapFree:        3258740 kB
Dirty:               268 kB
Writeback:             4 kB
AnonPages:       4821112 kB
Mapped:           400936 kB
Shmem:             14148 kB
KReclaimable:     262124 kB
Slab:             311576 kB
SReclaimable:      80116 kB
SUnreclaim:       231460 kB
KernelStack:       45536 kB
ShadowCallStack:   11420 kB
PageTables:        82012 kB
NFS_Unstable:          0 kB
Bounce:                0 kB
WritebackTmp:          0 kB
CommitLimit:     8677876 kB
Committed_AS:   68934140 kB
VmallocTotal:   263061440 kB
VmallocUsed:      127656 kB
VmallocChunk:          0 kB
Percpu:             2448 kB
CmaTotal:         405504 kB
CmaFree:               0 kB
MemTotal:        7918588 kB
MemFree:          220428 kB
MemAvailable:     503688 kB
Buffers:             916 kB
Cached:           432200 kB
SwapCached:         2636 kB
Active:          2753304 kB
Inactive:        2488868 kB
Active(anon):    2341944 kB
Inactive(anon):  2486164 kB
Active(file):     411360 kB
Inactive(file):     2704 kB
Unevictable:        6640 kB
Mlocked:            6200 kB
SwapTotal:       4718584 kB
SwapFree:        3198580 kB
Dirty:               268 kB
Writeback:             0 kB
AnonPages:       4815676 kB
Mapped:           401892 kB
Shmem:             14148 kB
KReclaimable:     259420 kB
Slab:             311592 kB
SReclaimable:      80116 kB
SUnreclaim:       231476 kB
KernelStack:       45520 kB
ShadowCallStack:   11424 kB
PageTables:        82164 kB
NFS_Unstable:          0 kB
Bounce:                0 kB
WritebackTmp:          0 kB
CommitLimit:     8677876 kB
Committed_AS:   69032444 kB
VmallocTotal:   263061440 kB
VmallocUsed:      127656 kB
VmallocChunk:          0 kB
Percpu:             2448 kB
CmaTotal:         405504 kB
CmaFree:               0 kB
MemTotal:        7918588 kB
MemFree:          218956 kB
MemAvailable:     503356 kB
Buffers:            1092 kB
Cached:           436948 kB
SwapCached:         2636 kB
Active:          2828728 kB
Inactive:        2417836 kB
Active(anon):    2412748 kB
Inactive(anon):  2414828 kB
Active(file):     415980 kB
Inactive(file):     3008 kB
Unevictable:        6640 kB
Mlocked:            6200 kB
SwapTotal:       4718584 kB
SwapFree:        3131764 kB
Dirty:               384 kB
Writeback:             0 kB
AnonPages:       4815204 kB
Mapped:           404780 kB
Shmem:             14148 kB
KReclaimable:     255636 kB
Slab:             311548 kB
SReclaimable:      80036 kB
SUnreclaim:       231512 kB
KernelStack:       45520 kB
ShadowCallStack:   11420 kB
PageTables:        82436 kB
NFS_Unstable:          0 kB
Bounce:                0 kB
WritebackTmp:          0 kB
CommitLimit:     8677876 kB
Committed_AS:   69147136 kB
VmallocTotal:   263061440 kB
VmallocUsed:      127656 kB
VmallocChunk:          0 kB
Percpu:             2448 kB
CmaTotal:         405504 kB
CmaFree:               0 kB
MemTotal:        7918588 kB
MemFree:          214220 kB
MemAvailable:     497272 kB
Buffers:            1108 kB
Cached:           438656 kB
SwapCached:         2644 kB
Active:          2904324 kB
Inactive:        2347468 kB
Active(anon):    2486724 kB
Inactive(anon):  2344372 kB
Active(file):     417600 kB
Inactive(file):     3096 kB
Unevictable:        6640 kB
Mlocked:            6200 kB
SwapTotal:       4718584 kB
SwapFree:        3066484 kB
Dirty:               228 kB
Writeback:             4 kB
AnonPages:       4818640 kB
Mapped:           406384 kB
Shmem:             14160 kB
KReclaimable:     252580 kB
Slab:             311556 kB
SReclaimable:      80036 kB
SUnreclaim:       231520 kB
KernelStack:       45568 kB
ShadowCallStack:   11420 kB
PageTables:        82500 kB
NFS_Unstable:          0 kB
Bounce:                0 kB
WritebackTmp:          0 kB
CommitLimit:     8677876 kB
Committed_AS:   69261828 kB
VmallocTotal:   263061440 kB
VmallocUsed:      127736 kB
VmallocChunk:          0 kB
Percpu:             2448 kB
CmaTotal:         405504 kB
CmaFree:               0 kB
MemTotal:        7918588 kB
MemFree:          217004 kB
MemAvailable:     503276 kB
Buffers:            1108 kB
Cached:           445168 kB
SwapCached:         2644 kB
Active:          2970684 kB
Inactive:        2281284 kB
Active(anon):    2546588 kB
Inactive(anon):  2278168 kB
Active(file):     424096 kB
Inactive(file):     3116 kB
Unevictable:        6640 kB
Mlocked:            6200 kB
SwapTotal:       4718584 kB
SwapFree:        3005812 kB
Dirty:               156 kB
Writeback:             0 kB
AnonPages:       4812324 kB
Mapped:           411244 kB
Shmem:             14160 kB
KReclaimable:     249284 kB
Slab:             311600 kB
SReclaimable:      80036 kB
SUnreclaim:       231564 kB
KernelStack:       45552 kB
ShadowCallStack:   11428 kB
PageTables:        82816 kB
NFS_Unstable:          0 kB
Bounce:                0 kB
WritebackTmp:          0 kB
CommitLimit:     8677876 kB
Committed_AS:   69376516 kB
VmallocTotal:   263061440 kB
VmallocUsed:      127688 kB
VmallocChunk:          0 kB
Percpu:             2448 kB
CmaTotal:         405504 kB
CmaFree:               0 kB
MemTotal:        7918588 kB
MemFree:          218236 kB
MemAvailable:     506968 kB
Buffers:            1108 kB
Cached:           450860 kB
SwapCached:         2644 kB
Active:          3038620 kB
Inactive:        2213580 kB
Active(anon):    2609284 kB
Inactive(anon):  2210196 kB
Active(file):     429336 kB
Inactive(file):     3384 kB
Unevictable:        6640 kB
Mlocked:            6200 kB
SwapTotal:       4718584 kB
SwapFree:        2942580 kB
Dirty:               220 kB
Writeback:             4 kB
AnonPages:       4807036 kB
Mapped:           414760 kB
Shmem:             14164 kB
KReclaimable:     246236 kB
Slab:             311608 kB
SReclaimable:      80036 kB
SUnreclaim:       231572 kB
KernelStack:       45552 kB
ShadowCallStack:   11424 kB
PageTables:        83372 kB
NFS_Unstable:          0 kB
Bounce:                0 kB
WritebackTmp:          0 kB
CommitLimit:     8677876 kB
Committed_AS:   69474824 kB
VmallocTotal:   263061440 kB
VmallocUsed:      127696 kB
VmallocChunk:          0 kB
Percpu:             2448 kB
CmaTotal:         405504 kB
CmaFree:               0 kB
MemTotal:        7918588 kB
MemFree:          219972 kB
MemAvailable:     505636 kB
Buffers:            1108 kB
Cached:           450920 kB
SwapCached:         2644 kB
Active:          2779320 kB
Inactive:        2471760 kB
Active(anon):    2389188 kB
Inactive(anon):  2428916 kB
Active(file):     390132 kB
Inactive(file):    42844 kB
Unevictable:        6640 kB
Mlocked:            6200 kB
SwapTotal:       4718584 kB
SwapFree:        2866036 kB
Dirty:               228 kB
Writeback:             0 kB
AnonPages:       4805652 kB
Mapped:           415520 kB
Shmem:             14148 kB
KReclaimable:     242912 kB
Slab:             311688 kB
SReclaimable:      80088 kB
SUnreclaim:       231600 kB
KernelStack:       45552 kB
ShadowCallStack:   11428 kB
PageTables:        83356 kB
NFS_Unstable:          0 kB
Bounce:                0 kB
WritebackTmp:          0 kB
CommitLimit:     8677876 kB
Committed_AS:   69622276 kB
VmallocTotal:   263061440 kB
VmallocUsed:      127696 kB
VmallocChunk:          0 kB
Percpu:             2448 kB
CmaTotal:         405504 kB
CmaFree:               0 kB
MemTotal:        7918588 kB
MemFree:          214876 kB
MemAvailable:     500360 kB
Buffers:            1108 kB
Cached:           451872 kB
SwapCached:         2644 kB
Active:          2834684 kB
Inactive:        2424348 kB
Active(anon):    2443604 kB
Inactive(anon):  2381500 kB
Active(file):     391080 kB
Inactive(file):    42848 kB
Unevictable:        6640 kB
Mlocked:            6200 kB
SwapTotal:       4718584 kB
SwapFree:        2823028 kB
Dirty:               232 kB
Writeback:             0 kB
AnonPages:       4812380 kB
Mapped:           416324 kB
Shmem:             14152 kB
KReclaimable:     241040 kB
Slab:             311808 kB
SReclaimable:      80184 kB
SUnreclaim:       231624 kB
KernelStack:       45536 kB
ShadowCallStack:   11432 kB
PageTables:        83220 kB
NFS_Unstable:          0 kB
Bounce:                0 kB
WritebackTmp:          0 kB
CommitLimit:     8677876 kB
Committed_AS:   69687812 kB
VmallocTotal:   263061440 kB
VmallocUsed:      127696 kB
VmallocChunk:          0 kB
Percpu:             2448 kB
CmaTotal:         405504 kB
CmaFree:               0 kB
MemTotal:        7918588 kB
MemFree:          215772 kB
MemAvailable:     499676 kB
Buffers:            1116 kB
Cached:           451884 kB
SwapCached:         2644 kB
Active:          2898832 kB
Inactive:        2360400 kB
Active(anon):    2507744 kB
Inactive(anon):  2317544 kB
Active(file):     391088 kB
Inactive(file):    42856 kB
Unevictable:        6640 kB
Mlocked:            6200 kB
SwapTotal:       4718584 kB
SwapFree:        2762100 kB
Dirty:               288 kB
Writeback:             0 kB
AnonPages:       4812880 kB
Mapped:           416768 kB
Shmem:             14152 kB
KReclaimable:     237848 kB
Slab:             311964 kB
SReclaimable:      80312 kB
SUnreclaim:       231652 kB
KernelStack:       45536 kB
ShadowCallStack:   11428 kB
PageTables:        83784 kB
NFS_Unstable:          0 kB
Bounce:                0 kB
WritebackTmp:          0 kB
CommitLimit:     8677876 kB
Committed_AS:   69802512 kB
VmallocTotal:   263061440 kB
VmallocUsed:      127676 kB
VmallocChunk:          0 kB
Percpu:             2448 kB
CmaTotal:         405504 kB
CmaFree:               0 kB
MemTotal:        7918588 kB
MemFree:          215732 kB
MemAvailable:     499388 kB
Buffers:            1120 kB
Cached:           452908 kB
SwapCached:         2644 kB
Active:          2972400 kB
Inactive:        2289120 kB
Active(anon):    2580292 kB
Inactive(anon):  2246248 kB
Active(file):     392108 kB
Inactive(file):    42872 kB
Unevictable:        6640 kB
Mlocked:            6200 kB
SwapTotal:       4718584 kB
SwapFree:        2694260 kB
Dirty:               132 kB
Writeback:             0 kB
AnonPages:       4814040 kB
Mapped:           417492 kB
Shmem:             14156 kB
KReclaimable:     235280 kB
Slab:             312132 kB
SReclaimable:      80456 kB
SUnreclaim:       231676 kB
KernelStack:       45536 kB
ShadowCallStack:   11424 kB
PageTables:        83916 kB
NFS_Unstable:          0 kB
Bounce:                0 kB
WritebackTmp:          0 kB
CommitLimit:     8677876 kB
Committed_AS:   69933584 kB
VmallocTotal:   263061440 kB
VmallocUsed:      127672 kB
VmallocChunk:          0 kB
Percpu:             2448 kB
CmaTotal:         405504 kB
CmaFree:               0 kB
MemTotal:        7918588 kB
MemFree:          215212 kB
MemAvailable:     498156 kB
Buffers:            1120 kB
Cached:           453492 kB
SwapCached:         2644 kB
Active:          3036160 kB
Inactive:        2227760 kB
Active(anon):    2643484 kB
Inactive(anon):  2184888 kB
Active(file):     392676 kB
Inactive(file):    42872 kB
Unevictable:        6640 kB
Mlocked:            6200 kB
SwapTotal:       4718584 kB
SwapFree:        2638452 kB
Dirty:               132 kB
Writeback:             0 kB
AnonPages:       4815928 kB
Mapped:           418596 kB
Shmem:             14160 kB
KReclaimable:     232720 kB
Slab:             312148 kB
SReclaimable:      80456 kB
SUnreclaim:       231692 kB
KernelStack:       45552 kB
ShadowCallStack:   11428 kB
PageTables:        84156 kB
NFS_Unstable:          0 kB
Bounce:                0 kB
WritebackTmp:          0 kB
CommitLimit:     8677876 kB
Committed_AS:   70048276 kB
VmallocTotal:   263061440 kB
VmallocUsed:      127712 kB
VmallocChunk:          0 kB
Percpu:             2448 kB
CmaTotal:         405504 kB
CmaFree:               0 kB
MemTotal:        7918588 kB
MemFree:          213500 kB
MemAvailable:     495468 kB
Buffers:            1120 kB
Cached:           453488 kB
SwapCached:         2648 kB
Active:          3095984 kB
Inactive:        2169680 kB
Active(anon):    2703308 kB
Inactive(anon):  2126808 kB
Active(file):     392676 kB
Inactive(file):    42872 kB
Unevictable:        6640 kB
Mlocked:            6200 kB
SwapTotal:       4718584 kB
SwapFree:        2583412 kB
Dirty:               132 kB
Writeback:             0 kB
AnonPages:       4817816 kB
Mapped:           418944 kB
Shmem:             14160 kB
KReclaimable:     230768 kB
Slab:             312280 kB
SReclaimable:      80568 kB
SUnreclaim:       231712 kB
KernelStack:       45552 kB
ShadowCallStack:   11428 kB
PageTables:        84356 kB
NFS_Unstable:          0 kB
Bounce:                0 kB
WritebackTmp:          0 kB
CommitLimit:     8677876 kB
Committed_AS:   70146580 kB
VmallocTotal:   263061440 kB
VmallocUsed:      127680 kB
VmallocChunk:          0 kB
Percpu:             2448 kB
CmaTotal:         405504 kB
CmaFree:               0 kB
MemTotal:        7918588 kB
MemFree:          217392 kB
MemAvailable:     550536 kB
Buffers:            1664 kB
Cached:           510148 kB
SwapCached:         5312 kB
Active:          3242736 kB
Inactive:        2027076 kB
Active(anon):    2795692 kB
Inactive(anon):  1981604 kB
Active(file):     447044 kB
Inactive(file):    45472 kB
Unevictable:        6640 kB
Mlocked:            6200 kB
SwapTotal:       4718584 kB
SwapFree:        2453876 kB
Dirty:               452 kB
Writeback:             0 kB
AnonPages:       4761984 kB
Mapped:           452056 kB
Shmem:             14352 kB
KReclaimable:     219180 kB
Slab:             312640 kB
SReclaimable:      80876 kB
SUnreclaim:       231764 kB
KernelStack:       46064 kB
ShadowCallStack:   11504 kB
PageTables:        85540 kB
NFS_Unstable:          0 kB
Bounce:                0 kB
WritebackTmp:          0 kB
CommitLimit:     8677876 kB
Committed_AS:   71569204 kB
VmallocTotal:   263061440 kB
VmallocUsed:      128248 kB
VmallocChunk:          0 kB
Percpu:             2448 kB
CmaTotal:         405504 kB
CmaFree:               0 kB
MemTotal:        7918588 kB
MemFree:          219004 kB
MemAvailable:     554348 kB
Buffers:            1888 kB
Cached:           516292 kB
SwapCached:         5340 kB
Active:          3326824 kB
Inactive:        1948372 kB
Active(anon):    2874196 kB
Inactive(anon):  1902196 kB
Active(file):     452628 kB
Inactive(file):    46176 kB
Unevictable:        6640 kB
Mlocked:            6200 kB
SwapTotal:       4718584 kB
SwapFree:        2385012 kB
Dirty:               736 kB
Writeback:             0 kB
AnonPages:       4761284 kB
Mapped:           457024 kB
Shmem:             14472 kB
KReclaimable:     211004 kB
Slab:             312800 kB
SReclaimable:      81036 kB
SUnreclaim:       231764 kB
KernelStack:       46160 kB
ShadowCallStack:   11588 kB
PageTables:        85608 kB
NFS_Unstable:          0 kB
Bounce:                0 kB
WritebackTmp:          0 kB
CommitLimit:     8677876 kB
Committed_AS:   71689592 kB
VmallocTotal:   263061440 kB
VmallocUsed:      128416 kB
VmallocChunk:          0 kB
Percpu:             2448 kB
CmaTotal:         405504 kB
CmaFree:               0 kB
MemTotal:        7918588 kB
MemFree:          221892 kB
MemAvailable:     562360 kB
Buffers:            1900 kB
Cached:           524448 kB
SwapCached:         5472 kB
Active:          3398228 kB
Inactive:        1878664 kB
Active(anon):    2937496 kB
Inactive(anon):  1832460 kB
Active(file):     460732 kB
Inactive(file):    46204 kB
Unevictable:        6640 kB
Mlocked:            6200 kB
SwapTotal:       4718584 kB
SwapFree:        2335348 kB
Dirty:               744 kB
Writeback:             4 kB
AnonPages:       4754588 kB
Mapped:           460768 kB
Shmem:             14516 kB
KReclaimable:     204988 kB
Slab:             312916 kB
SReclaimable:      81164 kB
SUnreclaim:       231752 kB
KernelStack:       46096 kB
ShadowCallStack:   11564 kB
PageTables:        85320 kB
NFS_Unstable:          0 kB
Bounce:                0 kB
WritebackTmp:          0 kB
CommitLimit:     8677876 kB
Committed_AS:   71787792 kB
VmallocTotal:   263061440 kB
VmallocUsed:      128408 kB
VmallocChunk:          0 kB
Percpu:             2448 kB
CmaTotal:         405504 kB
CmaFree:             464 kB
MemTotal:        7918588 kB
MemFree:          216804 kB
MemAvailable:     555280 kB
Buffers:            1900 kB
Cached:           524492 kB
SwapCached:         5472 kB
Active:          3456876 kB
Inactive:        1827368 kB
Active(anon):    2996120 kB
Inactive(anon):  1781156 kB
Active(file):     460756 kB
Inactive(file):    46212 kB
Unevictable:        6640 kB
Mlocked:            6200 kB
SwapTotal:       4718584 kB
SwapFree:        2288876 kB
Dirty:               768 kB
Writeback:             0 kB
AnonPages:       4761948 kB
