MemTotal:        7918588 kB
MemFree:         2669968 kB
MemAvailable:    3917736 kB
Buffers:           42456 kB
Cached:          1146180 kB
SwapCached:         3448 kB
Active:          1924392 kB
Inactive:         492720 kB
Active(anon):    1217264 kB
Inactive(anon):    34520 kB
Active(file):     707128 kB
Inactive(file):   458200 kB
Unevictable:        6152 kB
Mlocked:            5712 kB
SwapTotal:       4718584 kB
SwapFree:        3570680 kB
Dirty:               904 kB
Writeback:             0 kB
AnonPages:       1231608 kB
Mapped:           438712 kB
Shmem:             18728 kB
KReclaimable:     595544 kB
Slab:             320396 kB
SReclaimable:      84448 kB
SUnreclaim:       235948 kB
KernelStack:       49024 kB
ShadowCallStack:   12280 kB
PageTables:        69696 kB
NFS_Unstable:          0 kB
Bounce:                0 kB
WritebackTmp:          0 kB
CommitLimit:     8677876 kB
Committed_AS:   73281464 kB
VmallocTotal:   263061440 kB
VmallocUsed:      132396 kB
VmallocChunk:          0 kB
Percpu:             2448 kB
CmaTotal:         405504 kB
CmaFree:          243980 kB
MemTotal:        7918588 kB
MemFree:         2666304 kB
MemAvailable:    3913132 kB
Buffers:           42480 kB
Cached:          1146188 kB
SwapCached:         3448 kB
Active:          1928172 kB
Inactive:         492748 kB
Active(anon):    1221044 kB
Inactive(anon):    34520 kB
Active(file):     707128 kB
Inactive(file):   458228 kB
Unevictable:        6152 kB
Mlocked:            5712 kB
SwapTotal:       4718584 kB
SwapFree:        3570680 kB
Dirty:               920 kB
Writeback:             0 kB
AnonPages:       1235312 kB
Mapped:           439016 kB
Shmem:             18732 kB
KReclaimable:     594576 kB
Slab:             320368 kB
SReclaimable:      84448 kB
SUnreclaim:       235920 kB
KernelStack:       49056 kB
ShadowCallStack:   12276 kB
PageTables:        69724 kB
NFS_Unstable:          0 kB
Bounce:                0 kB
WritebackTmp:          0 kB
CommitLimit:     8677876 kB
Committed_AS:   73294544 kB
VmallocTotal:   263061440 kB
VmallocUsed:      132496 kB
VmallocChunk:          0 kB
Percpu:             2448 kB
CmaTotal:         405504 kB
CmaFree:          243980 kB
MemTotal:        7918588 kB
MemFree:         2848768 kB
MemAvailable:    4093752 kB
Buffers:           42584 kB
Cached:          1145988 kB
SwapCached:         3448 kB
Active:          1744076 kB
Inactive:         492892 kB
Active(anon):    1036948 kB
Inactive(anon):    34520 kB
Active(file):     707128 kB
Inactive(file):   458372 kB
Unevictable:        6152 kB
Mlocked:            5712 kB
SwapTotal:       4718584 kB
SwapFree:        3570680 kB
Dirty:              1148 kB
Writeback:             0 kB
AnonPages:       1051636 kB
Mapped:           496288 kB
Shmem:             18492 kB
KReclaimable:     592588 kB
Slab:             320316 kB
SReclaimable:      84456 kB
SUnreclaim:       235860 kB
KernelStack:       49328 kB
ShadowCallStack:   12348 kB
PageTables:        71132 kB
NFS_Unstable:          0 kB
Bounce:                0 kB
WritebackTmp:          0 kB
CommitLimit:     8677876 kB
Committed_AS:   74799496 kB
VmallocTotal:   263061440 kB
VmallocUsed:      132720 kB
VmallocChunk:          0 kB
Percpu:             2448 kB
CmaTotal:         405504 kB
CmaFree:          243964 kB
MemTotal:        7918588 kB
MemFree:         2816676 kB
MemAvailable:    4477412 kB
Buffers:           42592 kB
Cached:          1146196 kB
SwapCached:         3448 kB
Active:          1776108 kB
Inactive:         492900 kB
Active(anon):    1068980 kB
Inactive(anon):    34520 kB
Active(file):     707128 kB
Inactive(file):   458380 kB
Unevictable:        6152 kB
Mlocked:            5712 kB
SwapTotal:       4718584 kB
SwapFree:        3570680 kB
Dirty:              1104 kB
Writeback:             0 kB
AnonPages:       1083384 kB
Mapped:           541020 kB
Shmem:             18700 kB
KReclaimable:    1008332 kB
Slab:             320000 kB
SReclaimable:      84456 kB
SUnreclaim:       235544 kB
KernelStack:       49904 kB
ShadowCallStack:   12504 kB
PageTables:        70944 kB
NFS_Unstable:          0 kB
Bounce:                0 kB
WritebackTmp:          0 kB
CommitLimit:     8677876 kB
Committed_AS:   74948152 kB
VmallocTotal:   263061440 kB
VmallocUsed:      133412 kB
VmallocChunk:          0 kB
Percpu:             2448 kB
CmaTotal:         405504 kB
CmaFree:          243980 kB
MemTotal:        7918588 kB
MemFree:         2783596 kB
MemAvailable:    4198540 kB
Buffers:           42600 kB
Cached:          1146288 kB
SwapCached:         3448 kB
Active:          1807392 kB
Inactive:         492924 kB
Active(anon):    1100264 kB
Inactive(anon):    34520 kB
Active(file):     707128 kB
Inactive(file):   458404 kB
Unevictable:        6152 kB
Mlocked:            5712 kB
SwapTotal:       4718584 kB
SwapFree:        3570680 kB
Dirty:               108 kB
Writeback:             0 kB
AnonPages:       1114692 kB
Mapped:           560012 kB
Shmem:             18776 kB
KReclaimable:     762516 kB
Slab:             320316 kB
SReclaimable:      84456 kB
SUnreclaim:       235860 kB
KernelStack:       50000 kB
ShadowCallStack:   12520 kB
PageTables:        71720 kB
NFS_Unstable:          0 kB
Bounce:                0 kB
WritebackTmp:          0 kB
CommitLimit:     8677876 kB
Committed_AS:   74979380 kB
VmallocTotal:   263061440 kB
VmallocUsed:      133536 kB
VmallocChunk:          0 kB
Percpu:             2448 kB
CmaTotal:         405504 kB
CmaFree:          243980 kB
MemTotal:        7918588 kB
MemFree:         2778444 kB
MemAvailable:    4192620 kB
Buffers:           42600 kB
Cached:          1146292 kB
SwapCached:         3448 kB
Active:          1811500 kB
Inactive:         492924 kB
Active(anon):    1104372 kB
Inactive(anon):    34520 kB
Active(file):     707128 kB
Inactive(file):   458404 kB
Unevictable:        6152 kB
Mlocked:            5712 kB
SwapTotal:       4718584 kB
SwapFree:        3570680 kB
Dirty:               156 kB
Writeback:             0 kB
AnonPages:       1118524 kB
Mapped:           560440 kB
Shmem:             18780 kB
KReclaimable:     761748 kB
Slab:             320316 kB
SReclaimable:      84456 kB
SUnreclaim:       235860 kB
KernelStack:       50000 kB
ShadowCallStack:   12520 kB
PageTables:        71648 kB
NFS_Unstable:          0 kB
Bounce:                0 kB
WritebackTmp:          0 kB
CommitLimit:     8677876 kB
Committed_AS:   74979384 kB
VmallocTotal:   263061440 kB
VmallocUsed:      133560 kB
VmallocChunk:          0 kB
Percpu:             2448 kB
CmaTotal:         405504 kB
CmaFree:          243980 kB
MemTotal:        7918588 kB
MemFree:         2775216 kB
MemAvailable:    4189400 kB
Buffers:           42608 kB
Cached:          1146296 kB
SwapCached:         3448 kB
Active:          1815668 kB
Inactive:         492932 kB
Active(anon):    1108540 kB
Inactive(anon):    34520 kB
Active(file):     707128 kB
Inactive(file):   458412 kB
Unevictable:        6152 kB
Mlocked:            5712 kB
SwapTotal:       4718584 kB
SwapFree:        3570680 kB
Dirty:               284 kB
Writeback:             0 kB
AnonPages:       1122776 kB
Mapped:           561264 kB
Shmem:             18784 kB
KReclaimable:     761748 kB
Slab:             320316 kB
SReclaimable:      84456 kB
SUnreclaim:       235860 kB
KernelStack:       50000 kB
ShadowCallStack:   12520 kB
PageTables:        71776 kB
NFS_Unstable:          0 kB
Bounce:                0 kB
WritebackTmp:          0 kB
CommitLimit:     8677876 kB
Committed_AS:   74979404 kB
VmallocTotal:   263061440 kB
VmallocUsed:      133576 kB
VmallocChunk:          0 kB
Percpu:             2448 kB
CmaTotal:         405504 kB
CmaFree:          243980 kB
MemTotal:        7918588 kB
MemFree:         2779720 kB
MemAvailable:    4214060 kB
Buffers:           42608 kB
Cached:          1146312 kB
SwapCached:         3448 kB
Active:          1810612 kB
Inactive:         492932 kB
Active(anon):    1103484 kB
Inactive(anon):    34520 kB
Active(file):     707128 kB
Inactive(file):   458412 kB
Unevictable:        6152 kB
Mlocked:            5712 kB
SwapTotal:       4718584 kB
SwapFree:        3570680 kB
Dirty:               284 kB
Writeback:             0 kB
AnonPages:       1117848 kB
Mapped:           561028 kB
Shmem:             18800 kB
KReclaimable:     781904 kB
Slab:             320308 kB
SReclaimable:      84456 kB
SUnreclaim:       235852 kB
KernelStack:       49824 kB
ShadowCallStack:   12476 kB
PageTables:        71636 kB
NFS_Unstable:          0 kB
Bounce:                0 kB
WritebackTmp:          0 kB
CommitLimit:     8677876 kB
Committed_AS:   74978916 kB
VmallocTotal:   263061440 kB
VmallocUsed:      133076 kB
VmallocChunk:          0 kB
Percpu:             2448 kB
CmaTotal:         405504 kB
CmaFree:          244736 kB
MemTotal:        7918588 kB
MemFree:         2757720 kB
MemAvailable:    4192060 kB
Buffers:           42608 kB
Cached:          1146312 kB
SwapCached:         3448 kB
Active:          1833908 kB
Inactive:         492932 kB
Active(anon):    1126780 kB
Inactive(anon):    34520 kB
Active(file):     707128 kB
Inactive(file):   458412 kB
Unevictable:        6152 kB
Mlocked:            5712 kB
SwapTotal:       4718584 kB
SwapFree:        3570680 kB
Dirty:               232 kB
Writeback:             0 kB
AnonPages:       1140832 kB
Mapped:           562176 kB
Shmem:             18800 kB
KReclaimable:     781904 kB
Slab:             320308 kB
SReclaimable:      84456 kB
SUnreclaim:       235852 kB
KernelStack:       49808 kB
ShadowCallStack:   12472 kB
PageTables:        71712 kB
NFS_Unstable:          0 kB
Bounce:                0 kB
WritebackTmp:          0 kB
CommitLimit:     8677876 kB
Committed_AS:   74997752 kB
VmallocTotal:   263061440 kB
VmallocUsed:      133080 kB
VmallocChunk:          0 kB
Percpu:             2448 kB
CmaTotal:         405504 kB
CmaFree:          244736 kB
MemTotal:        7918588 kB
MemFree:         2633540 kB
MemAvailable:    4033808 kB
Buffers:           42616 kB
Cached:          1146312 kB
SwapCached:         3448 kB
Active:          1956648 kB
Inactive:         492940 kB
Active(anon):    1249520 kB
Inactive(anon):    34520 kB
Active(file):     707128 kB
Inactive(file):   458420 kB
Unevictable:        6152 kB
Mlocked:            5712 kB
SwapTotal:       4718584 kB
SwapFree:        3570680 kB
Dirty:               280 kB
Writeback:             0 kB
AnonPages:       1263676 kB
Mapped:           604572 kB
Shmem:             18800 kB
KReclaimable:     747824 kB
Slab:             320436 kB
SReclaimable:      84456 kB
SUnreclaim:       235980 kB
KernelStack:       49840 kB
ShadowCallStack:   12476 kB
PageTables:        72056 kB
NFS_Unstable:          0 kB
Bounce:                0 kB
WritebackTmp:          0 kB
CommitLimit:     8677876 kB
Committed_AS:   75221840 kB
VmallocTotal:   263061440 kB
VmallocUsed:      133124 kB
VmallocChunk:          0 kB
Percpu:             2448 kB
CmaTotal:         405504 kB
CmaFree:          244736 kB
MemTotal:        7918588 kB
MemFree:         2517244 kB
MemAvailable:    3844608 kB
Buffers:           42616 kB
Cached:          1146312 kB
SwapCached:         3448 kB
Active:          2073064 kB
Inactive:         492940 kB
Active(anon):    1365936 kB
Inactive(anon):    34520 kB
Active(file):     707128 kB
Inactive(file):   458420 kB
Unevictable:        6152 kB
Mlocked:            5712 kB
SwapTotal:       4718584 kB
SwapFree:        3570680 kB
Dirty:               368 kB
Writeback:             0 kB
AnonPages:       1380240 kB
Mapped:           648544 kB
Shmem:             18800 kB
KReclaimable:     674920 kB
Slab:             320692 kB
SReclaimable:      84456 kB
SUnreclaim:       236236 kB
KernelStack:       49936 kB
ShadowCallStack:   12500 kB
PageTables:        72688 kB
NFS_Unstable:          0 kB
Bounce:                0 kB
WritebackTmp:          0 kB
CommitLimit:     8677876 kB
Committed_AS:   75441500 kB
VmallocTotal:   263061440 kB
VmallocUsed:      133196 kB
VmallocChunk:          0 kB
Percpu:             2448 kB
CmaTotal:         405504 kB
CmaFree:          244736 kB
MemTotal:        7918588 kB
MemFree:         2430196 kB
MemAvailable:    3747836 kB
Buffers:           42640 kB
Cached:          1146312 kB
SwapCached:         3448 kB
Active:          2160120 kB
Inactive:         492964 kB
Active(anon):    1452992 kB
Inactive(anon):    34520 kB
Active(file):     707128 kB
Inactive(file):   458444 kB
Unevictable:        6152 kB
Mlocked:            5712 kB
SwapTotal:       4718584 kB
SwapFree:        3570680 kB
Dirty:               428 kB
Writeback:             0 kB
AnonPages:       1467256 kB
Mapped:           649980 kB
Shmem:             18800 kB
KReclaimable:     665172 kB
Slab:             320720 kB
SReclaimable:      84456 kB
SUnreclaim:       236264 kB
KernelStack:       49888 kB
ShadowCallStack:   12476 kB
PageTables:        72804 kB
NFS_Unstable:          0 kB
Bounce:                0 kB
WritebackTmp:          0 kB
CommitLimit:     8677876 kB
Committed_AS:   75572572 kB
VmallocTotal:   263061440 kB
VmallocUsed:      133196 kB
VmallocChunk:          0 kB
Percpu:             2448 kB
CmaTotal:         405504 kB
CmaFree:          244740 kB
MemTotal:        7918588 kB
MemFree:         2340576 kB
MemAvailable:    3657256 kB
Buffers:           42648 kB
Cached:          1146388 kB
SwapCached:         3448 kB
Active:          2249224 kB
Inactive:         493048 kB
Active(anon):    1542096 kB
Inactive(anon):    34520 kB
Active(file):     707128 kB
Inactive(file):   458528 kB
Unevictable:        6152 kB
Mlocked:            5712 kB
SwapTotal:       4718584 kB
SwapFree:        3570680 kB
Dirty:               528 kB
Writeback:             0 kB
AnonPages:       1556336 kB
Mapped:           650576 kB
Shmem:             18800 kB
KReclaimable:     664128 kB
Slab:             320808 kB
SReclaimable:      84460 kB
SUnreclaim:       236348 kB
KernelStack:       49872 kB
ShadowCallStack:   12492 kB
PageTables:        73148 kB
NFS_Unstable:          0 kB
Bounce:                0 kB
WritebackTmp:          0 kB
CommitLimit:     8677876 kB
Committed_AS:   75703644 kB
VmallocTotal:   263061440 kB
VmallocUsed:      133192 kB
VmallocChunk:          0 kB
Percpu:             2448 kB
CmaTotal:         405504 kB
CmaFree:          244736 kB
MemTotal:        7918588 kB
MemFree:         2261872 kB
MemAvailable:    3577496 kB
Buffers:           42648 kB
Cached:          1146436 kB
SwapCached:         3448 kB
Active:          2328820 kB
Inactive:         493096 kB
Active(anon):    1621692 kB
Inactive(anon):    34520 kB
Active(file):     707128 kB
Inactive(file):   458576 kB
Unevictable:        6152 kB
Mlocked:            5712 kB
SwapTotal:       4718584 kB
SwapFree:        3570680 kB
Dirty:               588 kB
Writeback:             0 kB
AnonPages:       1636116 kB
Mapped:           651488 kB
Shmem:             18800 kB
KReclaimable:     663024 kB
Slab:             320848 kB
SReclaimable:      84460 kB
SUnreclaim:       236388 kB
KernelStack:       49872 kB
ShadowCallStack:   12488 kB
PageTables:        73308 kB
NFS_Unstable:          0 kB
Bounce:                0 kB
WritebackTmp:          0 kB
CommitLimit:     8677876 kB
Committed_AS:   75851104 kB
VmallocTotal:   263061440 kB
VmallocUsed:      133188 kB
VmallocChunk:          0 kB
Percpu:             2448 kB
CmaTotal:         405504 kB
CmaFree:          244736 kB
MemTotal:        7918588 kB
MemFree:         2179400 kB
MemAvailable:    3493984 kB
Buffers:           42648 kB
Cached:          1146440 kB
SwapCached:         3448 kB
Active:          2411304 kB
Inactive:         493096 kB
Active(anon):    1704176 kB
Inactive(anon):    34520 kB
Active(file):     707128 kB
Inactive(file):   458576 kB
Unevictable:        6152 kB
Mlocked:            5712 kB
SwapTotal:       4718584 kB
SwapFree:        3570680 kB
Dirty:               204 kB
Writeback:             0 kB
AnonPages:       1718588 kB
Mapped:           652464 kB
Shmem:             18804 kB
KReclaimable:     661984 kB
Slab:             320832 kB
SReclaimable:      84460 kB
SUnreclaim:       236372 kB
KernelStack:       49888 kB
ShadowCallStack:   12496 kB
PageTables:        73696 kB
NFS_Unstable:          0 kB
Bounce:                0 kB
WritebackTmp:          0 kB
CommitLimit:     8677876 kB
Committed_AS:   75982176 kB
VmallocTotal:   263061440 kB
VmallocUsed:      133176 kB
VmallocChunk:          0 kB
Percpu:             2448 kB
CmaTotal:         405504 kB
CmaFree:          244736 kB
MemTotal:        7918588 kB
MemFree:         2089732 kB
MemAvailable:    3403004 kB
Buffers:           42672 kB
Cached:          1146440 kB
SwapCached:         3448 kB
Active:          2501912 kB
Inactive:         493120 kB
Active(anon):    1794784 kB
Inactive(anon):    34520 kB
Active(file):     707128 kB
Inactive(file):   458600 kB
Unevictable:        6152 kB
Mlocked:            5712 kB
SwapTotal:       4718584 kB
SwapFree:        3570680 kB
Dirty:               292 kB
Writeback:             0 kB
AnonPages:       1808996 kB
Mapped:           653008 kB
Shmem:             18804 kB
KReclaimable:     660648 kB
Slab:             320836 kB
SReclaimable:      84460 kB
SUnreclaim:       236376 kB
KernelStack:       49872 kB
ShadowCallStack:   12496 kB
PageTables:        73868 kB
NFS_Unstable:          0 kB
Bounce:                0 kB
WritebackTmp:          0 kB
CommitLimit:     8677876 kB
Committed_AS:   76129632 kB
VmallocTotal:   263061440 kB
VmallocUsed:      133180 kB
VmallocChunk:          0 kB
Percpu:             2448 kB
CmaTotal:         405504 kB
CmaFree:          244736 kB
MemTotal:        7918588 kB
MemFree:         1967904 kB
MemAvailable:    3149576 kB
Buffers:           42672 kB
Cached:          1146556 kB
SwapCached:         3448 kB
Active:          2623952 kB
Inactive:         493120 kB
Active(anon):    1916824 kB
Inactive(anon):    34520 kB
Active(file):     707128 kB
Inactive(file):   458600 kB
Unevictable:        6152 kB
Mlocked:            5712 kB
SwapTotal:       4718584 kB
SwapFree:        3570680 kB
Dirty:               316 kB
Writeback:             0 kB
AnonPages:       1930948 kB
Mapped:           654504 kB
Shmem:             18920 kB
KReclaimable:     529048 kB
Slab:             320912 kB
SReclaimable:      84460 kB
SUnreclaim:       236452 kB
KernelStack:       49984 kB
ShadowCallStack:   12520 kB
PageTables:        74340 kB
NFS_Unstable:          0 kB
Bounce:                0 kB
WritebackTmp:          0 kB
CommitLimit:     8677876 kB
Committed_AS:   76261104 kB
VmallocTotal:   263061440 kB
VmallocUsed:      133300 kB
VmallocChunk:          0 kB
Percpu:             2448 kB
CmaTotal:         405504 kB
CmaFree:          244736 kB
MemTotal:        7918588 kB
MemFree:         1932876 kB
MemAvailable:    3244076 kB
Buffers:           42672 kB
Cached:          1146380 kB
SwapCached:         3448 kB
Active:          2659240 kB
Inactive:         493120 kB
Active(anon):    1952112 kB
Inactive(anon):    34520 kB
Active(file):     707128 kB
Inactive(file):   458600 kB
Unevictable:        6152 kB
Mlocked:            5712 kB
SwapTotal:       4718584 kB
SwapFree:        3570680 kB
Dirty:               320 kB
Writeback:             0 kB
AnonPages:       1966128 kB
Mapped:           654572 kB
Shmem:             18744 kB
KReclaimable:     658576 kB
Slab:             320952 kB
SReclaimable:      84460 kB
SUnreclaim:       236492 kB
KernelStack:       49904 kB
ShadowCallStack:   12512 kB
PageTables:        74324 kB
NFS_Unstable:          0 kB
Bounce:                0 kB
WritebackTmp:          0 kB
CommitLimit:     8677876 kB
Committed_AS:   76375332 kB
VmallocTotal:   263061440 kB
VmallocUsed:      133212 kB
VmallocChunk:          0 kB
Percpu:             2448 kB
CmaTotal:         405504 kB
CmaFree:          244736 kB
MemTotal:        7918588 kB
MemFree:         1869604 kB
MemAvailable:    3180216 kB
Buffers:           42680 kB
Cached:          1146380 kB
SwapCached:         3448 kB
Active:          2722164 kB
Inactive:         493128 kB
Active(anon):    2015036 kB
Inactive(anon):    34520 kB
Active(file):     707128 kB
Inactive(file):   458608 kB
Unevictable:        6152 kB
Mlocked:            5712 kB
SwapTotal:       4718584 kB
SwapFree:        3570680 kB
Dirty:               364 kB
Writeback:             0 kB
AnonPages:       2029396 kB
Mapped:           654944 kB
Shmem:             18744 kB
KReclaimable:     657980 kB
Slab:             320960 kB
SReclaimable:      84460 kB
SUnreclaim:       236500 kB
KernelStack:       49888 kB
ShadowCallStack:   12492 kB
PageTables:        74740 kB
NFS_Unstable:          0 kB
Bounce:                0 kB
WritebackTmp:          0 kB
CommitLimit:     8677876 kB
Committed_AS:   76473640 kB
VmallocTotal:   263061440 kB
VmallocUsed:      133192 kB
VmallocChunk:          0 kB
Percpu:             2448 kB
CmaTotal:         405504 kB
CmaFree:          244736 kB
MemTotal:        7918588 kB
MemFree:         1796640 kB
MemAvailable:    3106020 kB
Buffers:           42680 kB
Cached:          1146380 kB
SwapCached:         3448 kB
Active:          2794204 kB
Inactive:         493128 kB
Active(anon):    2087076 kB
Inactive(anon):    34520 kB
Active(file):     707128 kB
Inactive(file):   458608 kB
Unevictable:        6152 kB
Mlocked:            5712 kB
SwapTotal:       4718584 kB
SwapFree:        3570680 kB
Dirty:               376 kB
Writeback:             0 kB
AnonPages:       2101520 kB
Mapped:           655864 kB
Shmem:             18744 kB
KReclaimable:     656748 kB
Slab:             320988 kB
SReclaimable:      84460 kB
SUnreclaim:       236528 kB
KernelStack:       49888 kB
ShadowCallStack:   12492 kB
PageTables:        75000 kB
NFS_Unstable:          0 kB
Bounce:                0 kB
WritebackTmp:          0 kB
CommitLimit:     8677876 kB
Committed_AS:   76571940 kB
VmallocTotal:   263061440 kB
VmallocUsed:      133192 kB
VmallocChunk:          0 kB
Percpu:             2448 kB
CmaTotal:         405504 kB
CmaFree:          244736 kB
MemTotal:        7918588 kB
MemFree:         1746800 kB
MemAvailable:    3055608 kB
Buffers:           42688 kB
Cached:          1146380 kB
SwapCached:         3448 kB
Active:          2844936 kB
Inactive:         493136 kB
Active(anon):    2137808 kB
Inactive(anon):    34520 kB
Active(file):     707128 kB
Inactive(file):   458616 kB
Unevictable:        6152 kB
Mlocked:            5712 kB
SwapTotal:       4718584 kB
SwapFree:        3570680 kB
Dirty:               376 kB
Writeback:             0 kB
AnonPages:       2152168 kB
Mapped:           656288 kB
Shmem:             18744 kB
KReclaimable:     656168 kB
Slab:             321020 kB
SReclaimable:      84464 kB
SUnreclaim:       236556 kB
KernelStack:       49888 kB
ShadowCallStack:   12496 kB
PageTables:        74972 kB
NFS_Unstable:          0 kB
Bounce:                0 kB
WritebackTmp:          0 kB
CommitLimit:     8677876 kB
Committed_AS:   76637476 kB
VmallocTotal:   263061440 kB
VmallocUsed:      133196 kB
VmallocChunk:          0 kB
Percpu:             2448 kB
CmaTotal:         405504 kB
CmaFree:          244736 kB
MemTotal:        7918588 kB
MemFree:         1689724 kB
MemAvailable:    2997972 kB
Buffers:           42712 kB
Cached:          1146356 kB
SwapCached:         3448 kB
Active:          2900936 kB
Inactive:         493136 kB
Active(anon):    2193808 kB
Inactive(anon):    34520 kB
Active(file):     707128 kB
Inactive(file):   458616 kB
Unevictable:        6152 kB
Mlocked:            5712 kB
SwapTotal:       4718584 kB
SwapFree:        3570680 kB
Dirty:               376 kB
Writeback:             0 kB
AnonPages:       2208264 kB
Mapped:           656928 kB
Shmem:             18744 kB
KReclaimable:     655608 kB
Slab:             321036 kB
SReclaimable:      84464 kB
SUnreclaim:       236572 kB
KernelStack:       49840 kB
ShadowCallStack:   12488 kB
PageTables:        74972 kB
NFS_Unstable:          0 kB
Bounce:                0 kB
WritebackTmp:          0 kB
CommitLimit:     8677876 kB
Committed_AS:   76703016 kB
VmallocTotal:   263061440 kB
VmallocUsed:      133192 kB
VmallocChunk:          0 kB
Percpu:             2448 kB
CmaTotal:         405504 kB
CmaFree:          244736 kB
MemTotal:        7918588 kB
MemFree:         1636592 kB
MemAvailable:    2944152 kB
Buffers:           42712 kB
Cached:          1146384 kB
SwapCached:         3448 kB
Active:          2954992 kB
Inactive:         493160 kB
Active(anon):    2247864 kB
Inactive(anon):    34520 kB
Active(file):     707128 kB
Inactive(file):   458640 kB
Unevictable:        6152 kB
Mlocked:            5712 kB
SwapTotal:       4718584 kB
SwapFree:        3570680 kB
Dirty:               404 kB
Writeback:             0 kB
AnonPages:       2262316 kB
Mapped:           657404 kB
Shmem:             18748 kB
KReclaimable:     654896 kB
Slab:             321060 kB
SReclaimable:      84464 kB
SUnreclaim:       236596 kB
KernelStack:       49888 kB
ShadowCallStack:   12504 kB
PageTables:        75276 kB
NFS_Unstable:          0 kB
Bounce:                0 kB
WritebackTmp:          0 kB
CommitLimit:     8677876 kB
Committed_AS:   76784936 kB
VmallocTotal:   263061440 kB
VmallocUsed:      133180 kB
VmallocChunk:          0 kB
Percpu:             2448 kB
CmaTotal:         405504 kB
CmaFree:          244736 kB
MemTotal:        7918588 kB
MemFree:         1580904 kB
MemAvailable:    2887884 kB
Buffers:           42736 kB
Cached:          1146388 kB
SwapCached:         3448 kB
Active:          3010536 kB
Inactive:         493184 kB
Active(anon):    2303408 kB
Inactive(anon):    34520 kB
Active(file):     707128 kB
Inactive(file):   458664 kB
Unevictable:        6152 kB
Mlocked:            5712 kB
SwapTotal:       4718584 kB
SwapFree:        3570680 kB
Dirty:               416 kB
Writeback:             0 kB
AnonPages:       2317756 kB
Mapped:           657912 kB
Shmem:             18752 kB
KReclaimable:     654292 kB
Slab:             321092 kB
SReclaimable:      84468 kB
SUnreclaim:       236624 kB
KernelStack:       49888 kB
ShadowCallStack:   12496 kB
PageTables:        75440 kB
NFS_Unstable:          0 kB
Bounce:                0 kB
WritebackTmp:          0 kB
CommitLimit:     8677876 kB
Committed_AS:   76883244 kB
VmallocTotal:   263061440 kB
VmallocUsed:      133164 kB
VmallocChunk:          0 kB
Percpu:             2448 kB
CmaTotal:         405504 kB
CmaFree:          244736 kB
MemTotal:        7918588 kB
MemFree:         1525244 kB
MemAvailable:    2831424 kB
Buffers:           42744 kB
Cached:          1146380 kB
SwapCached:         3448 kB
Active:          3066484 kB
Inactive:         493184 kB
Active(anon):    2359356 kB
Inactive(anon):    34520 kB
Active(file):     707128 kB
Inactive(file):   458664 kB
Unevictable:        6152 kB
Mlocked:            5712 kB
SwapTotal:       4718584 kB
SwapFree:        3570680 kB
Dirty:               244 kB
Writeback:             0 kB
AnonPages:       2373752 kB
Mapped:           658412 kB
Shmem:             18752 kB
KReclaimable:     653492 kB
Slab:             321132 kB
SReclaimable:      84468 kB
SUnreclaim:       236664 kB
KernelStack:       49888 kB
ShadowCallStack:   12488 kB
PageTables:        75536 kB
NFS_Unstable:          0 kB
Bounce:                0 kB
WritebackTmp:          0 kB
CommitLimit:     8677876 kB
Committed_AS:   76965164 kB
VmallocTotal:   263061440 kB
VmallocUsed:      133176 kB
VmallocChunk:          0 kB
Percpu:             2448 kB
CmaTotal:         405504 kB
CmaFree:          244736 kB
MemTotal:        7918588 kB
MemFree:         1474636 kB
MemAvailable:    2780088 kB
Buffers:           42744 kB
Cached:          1146388 kB
SwapCached:         3448 kB
Active:          3115892 kB
Inactive:         493192 kB
Active(anon):    2408764 kB
Inactive(anon):    34520 kB
Active(file):     707128 kB
Inactive(file):   458672 kB
Unevictable:        6152 kB
Mlocked:            5712 kB
SwapTotal:       4718584 kB
SwapFree:        3570680 kB
Dirty:               224 kB
Writeback:             0 kB
AnonPages:       2423040 kB
Mapped:           659020 kB
Shmem:             18752 kB
KReclaimable:     652756 kB
Slab:             321148 kB
SReclaimable:      84468 kB
SUnreclaim:       236680 kB
KernelStack:       49888 kB
ShadowCallStack:   12504 kB
PageTables:        75656 kB
NFS_Unstable:          0 kB
Bounce:                0 kB
WritebackTmp:          0 kB
CommitLimit:     8677876 kB
Committed_AS:   77047084 kB
VmallocTotal:   263061440 kB
VmallocUsed:      133180 kB
VmallocChunk:          0 kB
Percpu:             2448 kB
CmaTotal:         405504 kB
CmaFree:          244736 kB
MemTotal:        7918588 kB
MemFree:         1409992 kB
MemAvailable:    2714772 kB
Buffers:           42744 kB
Cached:          1146388 kB
SwapCached:         3448 kB
Active:          3180832 kB
Inactive:         493192 kB
Active(anon):    2473704 kB
Inactive(anon):    34520 kB
Active(file):     707128 kB
Inactive(file):   458672 kB
Unevictable:        6152 kB
Mlocked:            5712 kB
SwapTotal:       4718584 kB
SwapFree:        3570680 kB
Dirty:               224 kB
Writeback:             0 kB
AnonPages:       2487992 kB
Mapped:           659416 kB
Shmem:             18752 kB
KReclaimable:     652084 kB
Slab:             321164 kB
SReclaimable:      84468 kB
SUnreclaim:       236696 kB
KernelStack:       49872 kB
ShadowCallStack:   12492 kB
PageTables:        75940 kB
NFS_Unstable:          0 kB
Bounce:                0 kB
WritebackTmp:          0 kB
CommitLimit:     8677876 kB
Committed_AS:   77145392 kB
VmallocTotal:   263061440 kB
VmallocUsed:      133212 kB
VmallocChunk:          0 kB
Percpu:             2448 kB
CmaTotal:         405504 kB
CmaFree:          244736 kB
MemTotal:        7918588 kB
MemFree:         1360064 kB
MemAvailable:    2663940 kB
Buffers:           42744 kB
Cached:          1146388 kB
SwapCached:         3448 kB
Active:          3229652 kB
Inactive:         493192 kB
Active(anon):    2522524 kB
Inactive(anon):    34520 kB
Active(file):     707128 kB
Inactive(file):   458672 kB
Unevictable:        6152 kB
Mlocked:            5712 kB
SwapTotal:       4718584 kB
SwapFree:        3570680 kB
Dirty:               224 kB
Writeback:             0 kB
AnonPages:       2536864 kB
Mapped:           659880 kB
Shmem:             18752 kB
KReclaimable:     651180 kB
Slab:             321192 kB
SReclaimable:      84468 kB
SUnreclaim:       236724 kB
KernelStack:       49888 kB
ShadowCallStack:   12496 kB
PageTables:        76116 kB
NFS_Unstable:          0 kB
Bounce:                0 kB
WritebackTmp:          0 kB
CommitLimit:     8677876 kB
Committed_AS:   77210924 kB
VmallocTotal:   263061440 kB
VmallocUsed:      133196 kB
VmallocChunk:          0 kB
Percpu:             2448 kB
CmaTotal:         405504 kB
CmaFree:          244736 kB
MemTotal:        7918588 kB
MemFree:         1286844 kB
MemAvailable:    2589472 kB
Buffers:           42752 kB
Cached:          1146388 kB
SwapCached:         3448 kB
Active:          3303552 kB
Inactive:         493200 kB
Active(anon):    2596424 kB
Inactive(anon):    34520 kB
Active(file):     707128 kB
Inactive(file):   458680 kB
Unevictable:        6152 kB
Mlocked:            5712 kB
SwapTotal:       4718584 kB
SwapFree:        3570680 kB
Dirty:               352 kB
Writeback:             0 kB
AnonPages:       2610516 kB
Mapped:           660716 kB
Shmem:             18752 kB
KReclaimable:     649924 kB
Slab:             321228 kB
SReclaimable:      84468 kB
SUnreclaim:       236760 kB
KernelStack:       49872 kB
ShadowCallStack:   12500 kB
PageTables:        76280 kB
NFS_Unstable:          0 kB
Bounce:                0 kB
WritebackTmp:          0 kB
CommitLimit:     8677876 kB
Committed_AS:   77309232 kB
VmallocTotal:   263061440 kB
VmallocUsed:      133180 kB
VmallocChunk:          0 kB
Percpu:             2448 kB
CmaTotal:         405504 kB
CmaFree:          244736 kB
MemTotal:        7918588 kB
MemFree:         1242304 kB
MemAvailable:    2544756 kB
Buffers:           42752 kB
Cached:          1146388 kB
SwapCached:         3448 kB
Active:          3347988 kB
Inactive:         493200 kB
Active(anon):    2640860 kB
Inactive(anon):    34520 kB
Active(file):     707128 kB
Inactive(file):   458680 kB
Unevictable:        6152 kB
Mlocked:            5712 kB
SwapTotal:       4718584 kB
SwapFree:        3570680 kB
Dirty:               352 kB
Writeback:             0 kB
AnonPages:       2655192 kB
Mapped:           660888 kB
Shmem:             18752 kB
KReclaimable:     649748 kB
Slab:             321228 kB
SReclaimable:      84468 kB
SUnreclaim:       236760 kB
KernelStack:       49888 kB
ShadowCallStack:   12492 kB
PageTables:        76400 kB
NFS_Unstable:          0 kB
Bounce:                0 kB
WritebackTmp:          0 kB
CommitLimit:     8677876 kB
Committed_AS:   77374764 kB
VmallocTotal:   263061440 kB
VmallocUsed:      133192 kB
VmallocChunk:          0 kB
Percpu:             2448 kB
CmaTotal:         405504 kB
CmaFree:          244736 kB
MemTotal:        7918588 kB
MemFree:         1186184 kB
MemAvailable:    2488324 kB
Buffers:           42776 kB
Cached:          1146388 kB
SwapCached:         3448 kB
Active:          3402612 kB
Inactive:         493224 kB
Active(anon):    2695484 kB
Inactive(anon):    34520 kB
Active(file):     707128 kB
Inactive(file):   458704 kB
Unevictable:        6152 kB
Mlocked:            5712 kB
SwapTotal:       4718584 kB
SwapFree:        3570680 kB
Dirty:               196 kB
Writeback:             0 kB
AnonPages:       2709820 kB
Mapped:           661080 kB
Shmem:             18752 kB
KReclaimable:     649412 kB
Slab:             321224 kB
SReclaimable:      84468 kB
SUnreclaim:       236756 kB
KernelStack:       49920 kB
ShadowCallStack:   12496 kB
PageTables:        76528 kB
NFS_Unstable:          0 kB
Bounce:                0 kB
WritebackTmp:          0 kB
CommitLimit:     8677876 kB
Committed_AS:   77456684 kB
VmallocTotal:   263061440 kB
VmallocUsed:      133196 kB
VmallocChunk:          0 kB
Percpu:             2448 kB
CmaTotal:         405504 kB
CmaFree:          244736 kB
MemTotal:        7918588 kB
MemFree:         1152296 kB
MemAvailable:    2453960 kB
Buffers:           42800 kB
Cached:          1146368 kB
SwapCached:         3448 kB
Active:          3437636 kB
Inactive:         493228 kB
Active(anon):    2730508 kB
Inactive(anon):    34520 kB
Active(file):     707128 kB
Inactive(file):   458708 kB
Unevictable:        6152 kB
Mlocked:            5712 kB
SwapTotal:       4718584 kB
SwapFree:        3570680 kB
Dirty:               268 kB
Writeback:            40 kB
AnonPages:       2744648 kB
Mapped:           661452 kB
Shmem:             18752 kB
KReclaimable:     648932 kB
Slab:             321244 kB
SReclaimable:      84468 kB
SUnreclaim:       236776 kB
KernelStack:       49856 kB
ShadowCallStack:   12488 kB
PageTables:        76660 kB
NFS_Unstable:          0 kB
Bounce:                0 kB
WritebackTmp:          0 kB
CommitLimit:     8677876 kB
Committed_AS:   77505864 kB
VmallocTotal:   263061440 kB
VmallocUsed:      133196 kB
VmallocChunk:          0 kB
Percpu:             2448 kB
CmaTotal:         405504 kB
CmaFree:          244736 kB
MemTotal:        7918588 kB
MemFree:         1108740 kB
MemAvailable:    2409624 kB
Buffers:           42800 kB
Cached:          1146388 kB
SwapCached:         3448 kB
Active:          3480860 kB
Inactive:         493248 kB
Active(anon):    2773732 kB
Inactive(anon):    34520 kB
Active(file):     707128 kB
Inactive(file):   458728 kB
Unevictable:        6152 kB
Mlocked:            5712 kB
SwapTotal:       4718584 kB
SwapFree:        3570680 kB
Dirty:               308 kB
Writeback:             0 kB
AnonPages:       2788044 kB
Mapped:           661948 kB
Shmem:             18752 kB
KReclaimable:     648132 kB
Slab:             321272 kB
SReclaimable:      84468 kB
SUnreclaim:       236804 kB
KernelStack:       49936 kB
ShadowCallStack:   12496 kB
PageTables:        76920 kB
NFS_Unstable:          0 kB
Bounce:                0 kB
WritebackTmp:          0 kB
CommitLimit:     8677876 kB
Committed_AS:   77572400 kB
VmallocTotal:   263061440 kB
VmallocUsed:      133192 kB
VmallocChunk:          0 kB
Percpu:             2448 kB
CmaTotal:         405504 kB
CmaFree:          244736 kB
MemTotal:        7918588 kB
MemFree:         1080528 kB
MemAvailable:    2380596 kB
Buffers:           42800 kB
Cached:          1146388 kB
SwapCached:         3448 kB
Active:          3509352 kB
Inactive:         493248 kB
Active(anon):    2802224 kB
Inactive(anon):    34520 kB
Active(file):     707128 kB
Inactive(file):   458728 kB
Unevictable:        6152 kB
Mlocked:            5712 kB
SwapTotal:       4718584 kB
SwapFree:        3570680 kB
Dirty:               404 kB
Writeback:             0 kB
AnonPages:       2816444 kB
Mapped:           662344 kB
Shmem:             18752 kB
KReclaimable:     647316 kB
Slab:             321296 kB
SReclaimable:      84468 kB
SUnreclaim:       236828 kB
KernelStack:       49888 kB
ShadowCallStack:   12488 kB
PageTables:        76852 kB
NFS_Unstable:          0 kB
Bounce:                0 kB
WritebackTmp:          0 kB
CommitLimit:     8677876 kB
Committed_AS:   77621548 kB
VmallocTotal:   263061440 kB
VmallocUsed:      133192 kB
VmallocChunk:          0 kB
Percpu:             2448 kB
CmaTotal:         405504 kB
CmaFree:          244744 kB
MemTotal:        7918588 kB
MemFree:         1049800 kB
MemAvailable:    2349724 kB
Buffers:           42800 kB
Cached:          1146392 kB
SwapCached:         3448 kB
Active:          3539092 kB
Inactive:         493248 kB
Active(anon):    2831964 kB
Inactive(anon):    34520 kB
Active(file):     707128 kB
Inactive(file):   458728 kB
Unevictable:        6152 kB
Mlocked:            5712 kB
SwapTotal:       4718584 kB
SwapFree:        3570680 kB
Dirty:               412 kB
Writeback:             0 kB
AnonPages:       2846208 kB
Mapped:           662556 kB
Shmem:             18756 kB
KReclaimable:     647172 kB
Slab:             321320 kB
SReclaimable:      84468 kB
SUnreclaim:       236852 kB
KernelStack:       49888 kB
ShadowCallStack:   12504 kB
PageTables:        77012 kB
NFS_Unstable:          0 kB
Bounce:                0 kB
WritebackTmp:          0 kB
CommitLimit:     8677876 kB
Committed_AS:   77670704 kB
VmallocTotal:   263061440 kB
VmallocUsed:      133196 kB
VmallocChunk:          0 kB
Percpu:             2448 kB
CmaTotal:         405504 kB
CmaFree:          244736 kB
MemTotal:        7918588 kB
MemFree:          994944 kB
MemAvailable:    2294476 kB
Buffers:           42800 kB
Cached:          1146396 kB
SwapCached:         3448 kB
Active:          3593624 kB
Inactive:         493248 kB
Active(anon):    2886496 kB
Inactive(anon):    34520 kB
Active(file):     707128 kB
Inactive(file):   458728 kB
Unevictable:        6152 kB
Mlocked:            5712 kB
SwapTotal:       4718584 kB
SwapFree:        3570680 kB
Dirty:               416 kB
Writeback:             0 kB
AnonPages:       2900804 kB
Mapped:           662976 kB
Shmem:             18760 kB
KReclaimable:     646780 kB
Slab:             321352 kB
SReclaimable:      84468 kB
SUnreclaim:       236884 kB
KernelStack:       49888 kB
ShadowCallStack:   12492 kB
PageTables:        77220 kB
NFS_Unstable:          0 kB
Bounce:                0 kB
WritebackTmp:          0 kB
CommitLimit:     8677876 kB
Committed_AS:   77736244 kB
VmallocTotal:   263061440 kB
VmallocUsed:      133176 kB
VmallocChunk:          0 kB
Percpu:             2448 kB
CmaTotal:         405504 kB
CmaFree:          244736 kB
MemTotal:        7918588 kB
MemFree:          925916 kB
MemAvailable:    2224512 kB
Buffers:           42808 kB
Cached:          1146396 kB
SwapCached:         3448 kB
Active:          3662332 kB
Inactive:         493256 kB
Active(anon):    2955204 kB
Inactive(anon):    34520 kB
Active(file):     707128 kB
Inactive(file):   458736 kB
Unevictable:        6152 kB
Mlocked:            5712 kB
SwapTotal:       4718584 kB
SwapFree:        3570680 kB
Dirty:               420 kB
Writeback:             0 kB
AnonPages:       2969612 kB
Mapped:           663564 kB
Shmem:             18760 kB
KReclaimable:     645836 kB
Slab:             321356 kB
SReclaimable:      84468 kB
SUnreclaim:       236888 kB
KernelStack:       49872 kB
ShadowCallStack:   12504 kB
PageTables:        77416 kB
NFS_Unstable:          0 kB
Bounce:                0 kB
WritebackTmp:          0 kB
CommitLimit:     8677876 kB
Committed_AS:   77834548 kB
VmallocTotal:   263061440 kB
VmallocUsed:      133176 kB
VmallocChunk:          0 kB
Percpu:             2448 kB
CmaTotal:         405504 kB
CmaFree:          184520 kB
MemTotal:        7918588 kB
MemFree:          855788 kB
MemAvailable:    2032528 kB
Buffers:           42832 kB
Cached:          1146460 kB
SwapCached:         3448 kB
Active:          3731848 kB
Inactive:         493280 kB
Active(anon):    3024720 kB
Inactive(anon):    34520 kB
Active(file):     707128 kB
Inactive(file):   458760 kB
Unevictable:        6152 kB
Mlocked:            5712 kB
SwapTotal:       4718584 kB
SwapFree:        3570680 kB
Dirty:               244 kB
Writeback:             0 kB
AnonPages:       3038768 kB
Mapped:           664660 kB
Shmem:             18824 kB
KReclaimable:     523956 kB
Slab:             321392 kB
SReclaimable:      84468 kB
SUnreclaim:       236924 kB
KernelStack:       50000 kB
ShadowCallStack:   12524 kB
PageTables:        77488 kB
NFS_Unstable:          0 kB
Bounce:                0 kB
WritebackTmp:          0 kB
CommitLimit:     8677876 kB
Committed_AS:   77867716 kB
VmallocTotal:   263061440 kB
VmallocUsed:      133352 kB
VmallocChunk:          0 kB
Percpu:             2448 kB
CmaTotal:         405504 kB
CmaFree:          116148 kB
MemTotal:        7918588 kB
MemFree:          807324 kB
MemAvailable:    1986272 kB
Buffers:           42832 kB
Cached:          1146544 kB
SwapCached:         3448 kB
Active:          3776468 kB
Inactive:         493280 kB
Active(anon):    3069340 kB
Inactive(anon):    34520 kB
Active(file):     707128 kB
Inactive(file):   458760 kB
Unevictable:        6152 kB
Mlocked:            5712 kB
SwapTotal:       4718584 kB
SwapFree:        3570680 kB
Dirty:               308 kB
Writeback:             0 kB
AnonPages:       3083396 kB
Mapped:           665008 kB
Shmem:             18908 kB
KReclaimable:     523684 kB
Slab:             321416 kB
SReclaimable:      84468 kB
SUnreclaim:       236948 kB
KernelStack:       49840 kB
ShadowCallStack:   12516 kB
PageTables:        77804 kB
NFS_Unstable:          0 kB
Bounce:                0 kB
WritebackTmp:          0 kB
CommitLimit:     8677876 kB
Committed_AS:   77949136 kB
VmallocTotal:   263061440 kB
VmallocUsed:      133140 kB
VmallocChunk:          0 kB
Percpu:             2448 kB
CmaTotal:         405504 kB
CmaFree:           70232 kB
MemTotal:        7918588 kB
MemFree:          827236 kB
MemAvailable:    2124824 kB
Buffers:           42840 kB
Cached:          1146396 kB
SwapCached:         3448 kB
Active:          3760068 kB
Inactive:         493288 kB
Active(anon):    3052940 kB
Inactive(anon):    34520 kB
Active(file):     707128 kB
Inactive(file):   458768 kB
Unevictable:        6152 kB
Mlocked:            5712 kB
SwapTotal:       4718584 kB
SwapFree:        3570680 kB
Dirty:               308 kB
Writeback:             0 kB
AnonPages:       3067280 kB
Mapped:           664384 kB
Shmem:             18760 kB
KReclaimable:     644796 kB
Slab:             321428 kB
SReclaimable:      84468 kB
SUnreclaim:       236960 kB
KernelStack:       49776 kB
ShadowCallStack:   12468 kB
PageTables:        77716 kB
NFS_Unstable:          0 kB
Bounce:                0 kB
WritebackTmp:          0 kB
CommitLimit:     8677876 kB
Committed_AS:   77981644 kB
VmallocTotal:   263061440 kB
VmallocUsed:      133036 kB
VmallocChunk:          0 kB
Percpu:             2448 kB
CmaTotal:         405504 kB
CmaFree:           88164 kB
MemTotal:        7918588 kB
MemFree:          784188 kB
MemAvailable:    2081440 kB
Buffers:           42848 kB
Cached:          1146400 kB
SwapCached:         3448 kB
Active:          3802752 kB
Inactive:         493296 kB
Active(anon):    3095624 kB
Inactive(anon):    34520 kB
Active(file):     707128 kB
Inactive(file):   458776 kB
Unevictable:        6152 kB
Mlocked:            5712 kB
SwapTotal:       4718584 kB
SwapFree:        3570680 kB
Dirty:               336 kB
Writeback:             0 kB
AnonPages:       3109896 kB
Mapped:           664660 kB
Shmem:             18764 kB
KReclaimable:     644452 kB
Slab:             321344 kB
SReclaimable:      84468 kB
SUnreclaim:       236876 kB
KernelStack:       49680 kB
ShadowCallStack:   12444 kB
PageTables:        77716 kB
NFS_Unstable:          0 kB
Bounce:                0 kB
WritebackTmp:          0 kB
CommitLimit:     8677876 kB
Committed_AS:   78046868 kB
VmallocTotal:   263061440 kB
VmallocUsed:      132936 kB
VmallocChunk:          0 kB
Percpu:             2448 kB
CmaTotal:         405504 kB
CmaFree:           47116 kB
MemTotal:        7918588 kB
MemFree:          726584 kB
MemAvailable:    2023152 kB
Buffers:           42872 kB
Cached:          1146376 kB
SwapCached:         3448 kB
Active:          3860484 kB
Inactive:         493296 kB
Active(anon):    3153356 kB
Inactive(anon):    34520 kB
Active(file):     707128 kB
Inactive(file):   458776 kB
Unevictable:        6152 kB
Mlocked:            5712 kB
SwapTotal:       4718584 kB
SwapFree:        3570680 kB
Dirty:               340 kB
Writeback:             0 kB
AnonPages:       3167780 kB
Mapped:           665056 kB
Shmem:             18764 kB
KReclaimable:     643768 kB
Slab:             321392 kB
SReclaimable:      84468 kB
SUnreclaim:       236924 kB
KernelStack:       49664 kB
ShadowCallStack:   12436 kB
PageTables:        77636 kB
NFS_Unstable:          0 kB
Bounce:                0 kB
WritebackTmp:          0 kB
CommitLimit:     8677876 kB
Committed_AS:   78112404 kB
VmallocTotal:   263061440 kB
VmallocUsed:      132936 kB
VmallocChunk:          0 kB
Percpu:             2448 kB
CmaTotal:         405504 kB
CmaFree:               0 kB
MemTotal:        7918588 kB
MemFree:          663876 kB
MemAvailable:    1959200 kB
Buffers:           42872 kB
Cached:          1146400 kB
SwapCached:         3448 kB
Active:          3923760 kB
Inactive:         493320 kB
Active(anon):    3216632 kB
Inactive(anon):    34520 kB
Active(file):     707128 kB
Inactive(file):   458800 kB
Unevictable:        6152 kB
Mlocked:            5712 kB
SwapTotal:       4718584 kB
SwapFree:        3570680 kB
Dirty:               212 kB
Writeback:             0 kB
AnonPages:       3230952 kB
Mapped:           665832 kB
Shmem:             18764 kB
KReclaimable:     642500 kB
Slab:             321432 kB
SReclaimable:      84472 kB
SUnreclaim:       236960 kB
KernelStack:       49680 kB
ShadowCallStack:   12444 kB
PageTables:        78176 kB
NFS_Unstable:          0 kB
Bounce:                0 kB
WritebackTmp:          0 kB
CommitLimit:     8677876 kB
Committed_AS:   78210708 kB
VmallocTotal:   263061440 kB
VmallocUsed:      132968 kB
VmallocChunk:          0 kB
Percpu:             2448 kB
CmaTotal:         405504 kB
CmaFree:               0 kB
MemTotal:        7918588 kB
MemFree:          623208 kB
MemAvailable:    1917696 kB
Buffers:           42896 kB
Cached:          1146372 kB
SwapCached:         3448 kB
Active:          3963200 kB
Inactive:         493316 kB
Active(anon):    3256072 kB
Inactive(anon):    34520 kB
Active(file):     707128 kB
Inactive(file):   458796 kB
Unevictable:        6152 kB
Mlocked:            5712 kB
SwapTotal:       4718584 kB
SwapFree:        3570680 kB
Dirty:               240 kB
Writeback:             0 kB
AnonPages:       3270284 kB
Mapped:           666240 kB
Shmem:             18764 kB
KReclaimable:     641668 kB
Slab:             321472 kB
SReclaimable:      84472 kB
SUnreclaim:       237000 kB
KernelStack:       49712 kB
ShadowCallStack:   12440 kB
PageTables:        78344 kB
NFS_Unstable:          0 kB
Bounce:                0 kB
WritebackTmp:          0 kB
CommitLimit:     8677876 kB
Committed_AS:   78259760 kB
VmallocTotal:   263061440 kB
VmallocUsed:      132892 kB
VmallocChunk:          0 kB
Percpu:             2448 kB
CmaTotal:         405504 kB
CmaFree:               8 kB
MemTotal:        7918588 kB
MemFree:          579424 kB
MemAvailable:    1873332 kB
Buffers:           42896 kB
Cached:          1146400 kB
SwapCached:         3448 kB
Active:          4006588 kB
Inactive:         493344 kB
Active(anon):    3299460 kB
Inactive(anon):    34520 kB
Active(file):     707128 kB
Inactive(file):   458824 kB
Unevictable:        6152 kB
Mlocked:            5712 kB
SwapTotal:       4718584 kB
SwapFree:        3570680 kB
Dirty:               144 kB
Writeback:             0 kB
AnonPages:       3313796 kB
Mapped:           666784 kB
Shmem:             18764 kB
KReclaimable:     641060 kB
Slab:             321504 kB
SReclaimable:      84472 kB
SUnreclaim:       237032 kB
KernelStack:       49648 kB
ShadowCallStack:   12428 kB
PageTables:        78304 kB
NFS_Unstable:          0 kB
Bounce:                0 kB
WritebackTmp:          0 kB
CommitLimit:     8677876 kB
Committed_AS:   78341680 kB
VmallocTotal:   263061440 kB
VmallocUsed:      132896 kB
VmallocChunk:          0 kB
Percpu:             2448 kB
CmaTotal:         405504 kB
CmaFree:               0 kB
MemTotal:        7918588 kB
MemFree:          546312 kB
MemAvailable:    1839788 kB
Buffers:           42896 kB
Cached:          1146400 kB
SwapCached:         3448 kB
Active:          4041496 kB
Inactive:         493344 kB
Active(anon):    3334368 kB
Inactive(anon):    34520 kB
Active(file):     707128 kB
Inactive(file):   458824 kB
Unevictable:        6152 kB
Mlocked:            5712 kB
SwapTotal:       4718584 kB
SwapFree:        3570680 kB
Dirty:               144 kB
Writeback:             0 kB
AnonPages:       3348656 kB
Mapped:           666956 kB
Shmem:             18764 kB
KReclaimable:     640628 kB
Slab:             321520 kB
SReclaimable:      84472 kB
SUnreclaim:       237048 kB
KernelStack:       49648 kB
ShadowCallStack:   12416 kB
PageTables:        78180 kB
NFS_Unstable:          0 kB
Bounce:                0 kB
WritebackTmp:          0 kB
CommitLimit:     8677876 kB
Committed_AS:   78374344 kB
VmallocTotal:   263061440 kB
VmallocUsed:      132856 kB
VmallocChunk:          0 kB
Percpu:             2448 kB
CmaTotal:         405504 kB
CmaFree:               0 kB
MemTotal:        7918588 kB
MemFree:          541704 kB
MemAvailable:    1835132 kB
Buffers:           42896 kB
Cached:          1146400 kB
SwapCached:         3448 kB
Active:          4046276 kB
Inactive:         493344 kB
Active(anon):    3339148 kB
Inactive(anon):    34520 kB
Active(file):     707128 kB
Inactive(file):   458824 kB
Unevictable:        6152 kB
Mlocked:            5712 kB
SwapTotal:       4718584 kB
SwapFree:        3570680 kB
Dirty:               144 kB
Writeback:             0 kB
AnonPages:       3353408 kB
Mapped:           667124 kB
Shmem:             18764 kB
KReclaimable:     640580 kB
Slab:             321508 kB
SReclaimable:      84472 kB
SUnreclaim:       237036 kB
KernelStack:       49616 kB
ShadowCallStack:   12428 kB
PageTables:        78284 kB
NFS_Unstable:          0 kB
Bounce:                0 kB
WritebackTmp:          0 kB
CommitLimit:     8677876 kB
Committed_AS:   78390724 kB
VmallocTotal:   263061440 kB
VmallocUsed:      132872 kB
VmallocChunk:          0 kB
Percpu:             2448 kB
CmaTotal:         405504 kB
CmaFree:               0 kB
MemTotal:        7918588 kB
MemFree:          517096 kB
MemAvailable:    1810356 kB
Buffers:           42896 kB
Cached:          1146400 kB
SwapCached:         3448 kB
Active:          4069924 kB
Inactive:         493344 kB
Active(anon):    3362796 kB
Inactive(anon):    34520 kB
Active(file):     707128 kB
Inactive(file):   458824 kB
Unevictable:        6152 kB
Mlocked:            5712 kB
SwapTotal:       4718584 kB
SwapFree:        3570680 kB
Dirty:               160 kB
Writeback:             0 kB
AnonPages:       3377020 kB
Mapped:           667140 kB
Shmem:             18764 kB
KReclaimable:     640412 kB
Slab:             321492 kB
SReclaimable:      84472 kB
SUnreclaim:       237020 kB
KernelStack:       49632 kB
ShadowCallStack:   12424 kB
PageTables:        78352 kB
NFS_Unstable:          0 kB
Bounce:                0 kB
WritebackTmp:          0 kB
CommitLimit:     8677876 kB
Committed_AS:   78423448 kB
VmallocTotal:   263061440 kB
VmallocUsed:      132828 kB
VmallocChunk:          0 kB
Percpu:             2448 kB
CmaTotal:         405504 kB
CmaFree:               0 kB
MemTotal:        7918588 kB
MemFree:          490128 kB
MemAvailable:    1783244 kB
Buffers:           42896 kB
Cached:          1146404 kB
SwapCached:         3448 kB
Active:          4096704 kB
Inactive:         493344 kB
Active(anon):    3389576 kB
Inactive(anon):    34520 kB
Active(file):     707128 kB
Inactive(file):   458824 kB
Unevictable:        6152 kB
Mlocked:            5712 kB
SwapTotal:       4718584 kB
SwapFree:        3570680 kB
Dirty:               184 kB
Writeback:             0 kB
AnonPages:       3403852 kB
Mapped:           667340 kB
Shmem:             18768 kB
KReclaimable:     640268 kB
Slab:             321492 kB
SReclaimable:      84472 kB
SUnreclaim:       237020 kB
KernelStack:       49584 kB
ShadowCallStack:   12420 kB
PageTables:        78804 kB
NFS_Unstable:          0 kB
Bounce:                0 kB
WritebackTmp:          0 kB
CommitLimit:     8677876 kB
Committed_AS:   78472552 kB
VmallocTotal:   263061440 kB
VmallocUsed:      132812 kB
VmallocChunk:          0 kB
Percpu:             2448 kB
CmaTotal:         405504 kB
CmaFree:               0 kB
MemTotal:        7918588 kB
MemFree:          447368 kB
MemAvailable:    1740324 kB
Buffers:           42912 kB
Cached:          1146404 kB
SwapCached:         3448 kB
Active:          4139116 kB
Inactive:         493360 kB
Active(anon):    3431988 kB
Inactive(anon):    34520 kB
Active(file):     707128 kB
Inactive(file):   458840 kB
Unevictable:        6152 kB
Mlocked:            5712 kB
SwapTotal:       4718584 kB
SwapFree:        3570680 kB
Dirty:               188 kB
Writeback:             0 kB
AnonPages:       3446336 kB
Mapped:           667504 kB
Shmem:             18768 kB
KReclaimable:     640092 kB
Slab:             321528 kB
SReclaimable:      84472 kB
SUnreclaim:       237056 kB
KernelStack:       49584 kB
ShadowCallStack:   12420 kB
PageTables:        78668 kB
NFS_Unstable:          0 kB
Bounce:                0 kB
WritebackTmp:          0 kB
CommitLimit:     8677876 kB
Committed_AS:   78521704 kB
VmallocTotal:   263061440 kB
VmallocUsed:      132800 kB
VmallocChunk:          0 kB
Percpu:             2448 kB
CmaTotal:         405504 kB
CmaFree:               0 kB
MemTotal:        7918588 kB
MemFree:          404128 kB
MemAvailable:    1696784 kB
Buffers:           42936 kB
Cached:          1146400 kB
SwapCached:         3448 kB
Active:          4182860 kB
Inactive:         493380 kB
Active(anon):    3475732 kB
Inactive(anon):    34520 kB
Active(file):     707128 kB
Inactive(file):   458860 kB
Unevictable:        6152 kB
Mlocked:            5712 kB
SwapTotal:       4718584 kB
SwapFree:        3570680 kB
Dirty:               184 kB
Writeback:             0 kB
AnonPages:       3489752 kB
Mapped:           667708 kB
Shmem:             18768 kB
KReclaimable:     639772 kB
Slab:             321532 kB
SReclaimable:      84472 kB
SUnreclaim:       237060 kB
KernelStack:       49584 kB
ShadowCallStack:   12420 kB
PageTables:        78928 kB
NFS_Unstable:          0 kB
Bounce:                0 kB
WritebackTmp:          0 kB
CommitLimit:     8677876 kB
Committed_AS:   78570856 kB
VmallocTotal:   263061440 kB
VmallocUsed:      132816 kB
VmallocChunk:          0 kB
Percpu:             2448 kB
CmaTotal:         405504 kB
CmaFree:               0 kB
MemTotal:        7918588 kB
MemFree:          382820 kB
MemAvailable:    1675240 kB
Buffers:           42936 kB
Cached:          1146404 kB
SwapCached:         3448 kB
Active:          4203464 kB
Inactive:         493384 kB
Active(anon):    3496336 kB
Inactive(anon):    34520 kB
Active(file):     707128 kB
Inactive(file):   458864 kB
Unevictable:        6152 kB
Mlocked:            5712 kB
SwapTotal:       4718584 kB
SwapFree:        3570680 kB
Dirty:               188 kB
Writeback:             0 kB
AnonPages:       3510784 kB
Mapped:           667764 kB
Shmem:             18768 kB
KReclaimable:     639532 kB
Slab:             321544 kB
SReclaimable:      84472 kB
SUnreclaim:       237072 kB
KernelStack:       49552 kB
ShadowCallStack:   12416 kB
PageTables:        79004 kB
NFS_Unstable:          0 kB
Bounce:                0 kB
WritebackTmp:          0 kB
CommitLimit:     8677876 kB
Committed_AS:   78620008 kB
VmallocTotal:   263061440 kB
VmallocUsed:      132816 kB
VmallocChunk:          0 kB
Percpu:             2448 kB
CmaTotal:         405504 kB
CmaFree:               0 kB
MemTotal:        7918588 kB
MemFree:          357476 kB
MemAvailable:    1649672 kB
Buffers:           42960 kB
Cached:          1146404 kB
SwapCached:         3448 kB
Active:          4228848 kB
Inactive:         493408 kB
Active(anon):    3521720 kB
Inactive(anon):    34520 kB
Active(file):     707128 kB
Inactive(file):   458888 kB
Unevictable:        6152 kB
Mlocked:            5712 kB
SwapTotal:       4718584 kB
SwapFree:        3570680 kB
Dirty:               200 kB
Writeback:             0 kB
AnonPages:       3536028 kB
Mapped:           667944 kB
Shmem:             18768 kB
KReclaimable:     639284 kB
Slab:             321520 kB
SReclaimable:      84472 kB
SUnreclaim:       237048 kB
KernelStack:       49536 kB
ShadowCallStack:   12412 kB
PageTables:        79000 kB
NFS_Unstable:          0 kB
Bounce:                0 kB
WritebackTmp:          0 kB
CommitLimit:     8677876 kB
Committed_AS:   78652776 kB
VmallocTotal:   263061440 kB
VmallocUsed:      132816 kB
VmallocChunk:          0 kB
Percpu:             2448 kB
CmaTotal:         405504 kB
CmaFree:               0 kB
MemTotal:        7918588 kB
MemFree:          312376 kB
MemAvailable:    1604188 kB
Buffers:           42960 kB
Cached:          1146408 kB
SwapCached:         3448 kB
Active:          4275056 kB
Inactive:         493408 kB
Active(anon):    3567928 kB
Inactive(anon):    34520 kB
Active(file):     707128 kB
Inactive(file):   458888 kB
Unevictable:        6152 kB
Mlocked:            5712 kB
SwapTotal:       4718584 kB
SwapFree:        3570680 kB
Dirty:               212 kB
Writeback:             0 kB
AnonPages:       3582236 kB
Mapped:           668212 kB
Shmem:             18772 kB
KReclaimable:     638900 kB
Slab:             321612 kB
SReclaimable:      84472 kB
SUnreclaim:       237140 kB
KernelStack:       49568 kB
ShadowCallStack:   12420 kB
PageTables:        78944 kB
NFS_Unstable:          0 kB
Bounce:                0 kB
WritebackTmp:          0 kB
CommitLimit:     8677876 kB
Committed_AS:   78718316 kB
VmallocTotal:   263061440 kB
VmallocUsed:      132812 kB
VmallocChunk:          0 kB
Percpu:             2448 kB
CmaTotal:         405504 kB
CmaFree:               0 kB
MemTotal:        7918588 kB
MemFree:          284028 kB
MemAvailable:    1575416 kB
Buffers:           42960 kB
Cached:          1146408 kB
SwapCached:         3448 kB
Active:          4302896 kB
Inactive:         493408 kB
Active(anon):    3595768 kB
Inactive(anon):    34520 kB
Active(file):     707128 kB
Inactive(file):   458888 kB
Unevictable:        6152 kB
Mlocked:            5712 kB
SwapTotal:       4718584 kB
SwapFree:        3570680 kB
Dirty:               224 kB
Writeback:             0 kB
AnonPages:       3610256 kB
Mapped:           668468 kB
Shmem:             18772 kB
KReclaimable:     638476 kB
Slab:             321580 kB
SReclaimable:      84472 kB
SUnreclaim:       237108 kB
KernelStack:       49536 kB
ShadowCallStack:   12396 kB
PageTables:        79136 kB
NFS_Unstable:          0 kB
Bounce:                0 kB
WritebackTmp:          0 kB
CommitLimit:     8677876 kB
Committed_AS:   78751084 kB
VmallocTotal:   263061440 kB
VmallocUsed:      132796 kB
VmallocChunk:          0 kB
Percpu:             2448 kB
CmaTotal:         405504 kB
CmaFree:               0 kB
MemTotal:        7918588 kB
MemFree:          254172 kB
MemAvailable:    1545368 kB
Buffers:           42968 kB
Cached:          1146408 kB
SwapCached:         3448 kB
Active:          4332784 kB
Inactive:         493416 kB
Active(anon):    3625656 kB
Inactive(anon):    34520 kB
Active(file):     707128 kB
Inactive(file):   458896 kB
Unevictable:        6152 kB
Mlocked:            5712 kB
SwapTotal:       4718584 kB
SwapFree:        3570680 kB
Dirty:               272 kB
Writeback:             0 kB
AnonPages:       3639984 kB
Mapped:           668744 kB
Shmem:             18772 kB
KReclaimable:     638276 kB
Slab:             321664 kB
SReclaimable:      84472 kB
SUnreclaim:       237192 kB
KernelStack:       49584 kB
ShadowCallStack:   12420 kB
PageTables:        79380 kB
NFS_Unstable:          0 kB
Bounce:                0 kB
WritebackTmp:          0 kB
CommitLimit:     8677876 kB
Committed_AS:   78800236 kB
VmallocTotal:   263061440 kB
VmallocUsed:      132800 kB
VmallocChunk:          0 kB
Percpu:             2448 kB
CmaTotal:         405504 kB
CmaFree:               0 kB
MemTotal:        7918588 kB
MemFree:          235984 kB
MemAvailable:    1526932 kB
Buffers:           42968 kB
Cached:          1146408 kB
SwapCached:         3448 kB
Active:          4350560 kB
Inactive:         493416 kB
Active(anon):    3643432 kB
Inactive(anon):    34520 kB
Active(file):     707128 kB
Inactive(file):   458896 kB
Unevictable:        6152 kB
Mlocked:            5712 kB
SwapTotal:       4718584 kB
SwapFree:        3570680 kB
Dirty:               272 kB
Writeback:             0 kB
AnonPages:       3657732 kB
Mapped:           668764 kB
Shmem:             18772 kB
KReclaimable:     638028 kB
Slab:             321644 kB
SReclaimable:      84472 kB
SUnreclaim:       237172 kB
KernelStack:       49520 kB
ShadowCallStack:   12416 kB
PageTables:        79368 kB
NFS_Unstable:          0 kB
Bounce:                0 kB
WritebackTmp:          0 kB
CommitLimit:     8677876 kB
Committed_AS:   78849388 kB
VmallocTotal:   263061440 kB
VmallocUsed:      132780 kB
VmallocChunk:          0 kB
Percpu:             2448 kB
CmaTotal:         405504 kB
CmaFree:               0 kB
MemTotal:        7918588 kB
MemFree:          214136 kB
MemAvailable:    1617304 kB
Buffers:           43000 kB
Cached:          1146396 kB
SwapCached:         3448 kB
Active:          4025872 kB
Inactive:         849236 kB
Active(anon):    3441868 kB
Inactive(anon):   267184 kB
Active(file):     584004 kB
Inactive(file):   582052 kB
Unevictable:        6152 kB
Mlocked:            5712 kB
SwapTotal:       4718584 kB
SwapFree:        3568376 kB
Dirty:               108 kB
Writeback:             0 kB
AnonPages:       3688820 kB
Mapped:           668900 kB
Shmem:             18760 kB
KReclaimable:     627336 kB
Slab:             319576 kB
SReclaimable:      82364 kB
SUnreclaim:       237212 kB
KernelStack:       49584 kB
ShadowCallStack:   12420 kB
PageTables:        79408 kB
NFS_Unstable:          0 kB
Bounce:                0 kB
WritebackTmp:          0 kB
CommitLimit:     8677876 kB
Committed_AS:   78914928 kB
VmallocTotal:   263061440 kB
VmallocUsed:      132796 kB
VmallocChunk:          0 kB
Percpu:             2448 kB
CmaTotal:         405504 kB
CmaFree:               0 kB
MemTotal:        7918588 kB
MemFree:          169696 kB
MemAvailable:    1456032 kB
Buffers:           43000 kB
Cached:          1146412 kB
SwapCached:         3448 kB
Active:          4067096 kB
Inactive:         849236 kB
Active(anon):    3483092 kB
Inactive(anon):   267184 kB
Active(file):     584004 kB
Inactive(file):   582052 kB
Unevictable:        6152 kB
Mlocked:            5712 kB
SwapTotal:       4718584 kB
SwapFree:        3568376 kB
Dirty:               140 kB
Writeback:             0 kB
AnonPages:       3730020 kB
Mapped:           669492 kB
Shmem:             18776 kB
KReclaimable:     510504 kB
Slab:             319636 kB
SReclaimable:      82364 kB
SUnreclaim:       237272 kB
KernelStack:       49664 kB
ShadowCallStack:   12416 kB
PageTables:        79492 kB
NFS_Unstable:          0 kB
Bounce:                0 kB
WritebackTmp:          0 kB
CommitLimit:     8677876 kB
Committed_AS:   78931708 kB
VmallocTotal:   263061440 kB
VmallocUsed:      132956 kB
VmallocChunk:          0 kB
Percpu:             2448 kB
CmaTotal:         405504 kB
CmaFree:             128 kB
MemTotal:        7918588 kB
MemFree:          161624 kB
MemAvailable:    1440072 kB
Buffers:           43000 kB
Cached:          1146504 kB
SwapCached:         3448 kB
Active:          4090644 kB
Inactive:         838944 kB
Active(anon):    3506632 kB
Inactive(anon):   256900 kB
Active(file):     584012 kB
Inactive(file):   582044 kB
Unevictable:        6152 kB
Mlocked:            5712 kB
SwapTotal:       4718584 kB
SwapFree:        3566072 kB
Dirty:               152 kB
Writeback:             0 kB
AnonPages:       3743160 kB
Mapped:           669876 kB
Shmem:             18868 kB
KReclaimable:     502616 kB
Slab:             319208 kB
SReclaimable:      81724 kB
SUnreclaim:       237484 kB
KernelStack:       49696 kB
ShadowCallStack:   12448 kB
PageTables:        79528 kB
NFS_Unstable:          0 kB
Bounce:                0 kB
WritebackTmp:          0 kB
CommitLimit:     8677876 kB
Committed_AS:   78948092 kB
VmallocTotal:   263061440 kB
VmallocUsed:      132984 kB
VmallocChunk:          0 kB
Percpu:             2448 kB
CmaTotal:         405504 kB
CmaFree:              28 kB
MemTotal:        7918588 kB
MemFree:          181932 kB
MemAvailable:    1569492 kB
Buffers:           42996 kB
Cached:          1135876 kB
SwapCached:         3448 kB
Active:          4083908 kB
Inactive:         827736 kB
Active(anon):    3499888 kB
Inactive(anon):   256188 kB
Active(file):     584020 kB
Inactive(file):   571548 kB
Unevictable:        6152 kB
Mlocked:            5712 kB
SwapTotal:       4718584 kB
SwapFree:        3566072 kB
Dirty:               152 kB
Writeback:             0 kB
AnonPages:       3735700 kB
Mapped:           669448 kB
Shmem:             18724 kB
KReclaimable:     622216 kB
Slab:             319052 kB
SReclaimable:      81724 kB
SUnreclaim:       237328 kB
KernelStack:       49584 kB
ShadowCallStack:   12420 kB
PageTables:        79708 kB
NFS_Unstable:          0 kB
Bounce:                0 kB
WritebackTmp:          0 kB
CommitLimit:     8677876 kB
Committed_AS:   78980468 kB
VmallocTotal:   263061440 kB
VmallocUsed:      132812 kB
VmallocChunk:          0 kB
Percpu:             2448 kB
CmaTotal:         405504 kB
CmaFree:             116 kB
MemTotal:        7918588 kB
MemFree:          158512 kB
MemAvailable:    1541808 kB
Buffers:           42996 kB
Cached:          1132092 kB
SwapCached:         3448 kB
Active:          4111908 kB
Inactive:         823952 kB
Active(anon):    3527888 kB
Inactive(anon):   256188 kB
Active(file):     584020 kB
Inactive(file):   567764 kB
Unevictable:        6152 kB
Mlocked:            5712 kB
SwapTotal:       4718584 kB
SwapFree:        3566072 kB
Dirty:               152 kB
Writeback:             0 kB
AnonPages:       3764148 kB
Mapped:           669532 kB
Shmem:             18724 kB
KReclaimable:     621736 kB
Slab:             319028 kB
SReclaimable:      81724 kB
SUnreclaim:       237304 kB
KernelStack:       49568 kB
ShadowCallStack:   12416 kB
PageTables:        79336 kB
NFS_Unstable:          0 kB
Bounce:                0 kB
WritebackTmp:          0 kB
CommitLimit:     8677876 kB
Committed_AS:   79029616 kB
VmallocTotal:   263061440 kB
VmallocUsed:      132812 kB
VmallocChunk:          0 kB
Percpu:             2448 kB
CmaTotal:         405504 kB
CmaFree:              40 kB
MemTotal:        7918588 kB
MemFree:          161756 kB
MemAvailable:    1517524 kB
Buffers:           43020 kB
Cached:          1108996 kB
SwapCached:         3448 kB
Active:          4134752 kB
Inactive:         800880 kB
Active(anon):    3550732 kB
Inactive(anon):   256188 kB
Active(file):     584020 kB
Inactive(file):   544692 kB
Unevictable:        6152 kB
Mlocked:            5712 kB
SwapTotal:       4718584 kB
SwapFree:        3566072 kB
Dirty:               192 kB
Writeback:             0 kB
AnonPages:       3786712 kB
Mapped:           669588 kB
Shmem:             18724 kB
KReclaimable:     617280 kB
Slab:             319040 kB
SReclaimable:      81724 kB
SUnreclaim:       237316 kB
KernelStack:       49440 kB
ShadowCallStack:   12384 kB
PageTables:        79672 kB
NFS_Unstable:          0 kB
Bounce:                0 kB
WritebackTmp:          0 kB
CommitLimit:     8677876 kB
Committed_AS:   79061920 kB
VmallocTotal:   263061440 kB
VmallocUsed:      132632 kB
VmallocChunk:          0 kB
Percpu:             2448 kB
CmaTotal:         405504 kB
CmaFree:               4 kB
MemTotal:        7918588 kB
MemFree:          160048 kB
MemAvailable:    1494636 kB
Buffers:           43020 kB
Cached:          1091232 kB
SwapCached:         3448 kB
Active:          4157848 kB
Inactive:         783028 kB
Active(anon):    3573828 kB
Inactive(anon):   256188 kB
Active(file):     584020 kB
Inactive(file):   526840 kB
Unevictable:        6152 kB
Mlocked:            5712 kB
SwapTotal:       4718584 kB
SwapFree:        3566072 kB
Dirty:               204 kB
Writeback:             0 kB
AnonPages:       3809792 kB
Mapped:           669584 kB
Shmem:             18724 kB
KReclaimable:     613952 kB
Slab:             319008 kB
SReclaimable:      81724 kB
SUnreclaim:       237284 kB
KernelStack:       49440 kB
ShadowCallStack:   12372 kB
PageTables:        79644 kB
NFS_Unstable:          0 kB
Bounce:                0 kB
WritebackTmp:          0 kB
CommitLimit:     8677876 kB
Committed_AS:   79094684 kB
VmallocTotal:   263061440 kB
VmallocUsed:      132636 kB
VmallocChunk:          0 kB
Percpu:             2448 kB
CmaTotal:         405504 kB
CmaFree:               0 kB
MemTotal:        7918588 kB
MemFree:          160948 kB
MemAvailable:    1482352 kB
Buffers:           43044 kB
Cached:          1079568 kB
SwapCached:         3448 kB
Active:          4170316 kB
Inactive:         771464 kB
Active(anon):    3586296 kB
Inactive(anon):   256176 kB
Active(file):     584020 kB
Inactive(file):   515288 kB
Unevictable:        6152 kB
Mlocked:            5712 kB
SwapTotal:       4718584 kB
SwapFree:        3566072 kB
Dirty:               232 kB
Writeback:             0 kB
AnonPages:       3822372 kB
Mapped:           669896 kB
Shmem:             18724 kB
KReclaimable:     612320 kB
Slab:             319008 kB
SReclaimable:      81724 kB
SUnreclaim:       237284 kB
KernelStack:       49424 kB
ShadowCallStack:   12380 kB
PageTables:        79452 kB
NFS_Unstable:          0 kB
Bounce:                0 kB
WritebackTmp:          0 kB
CommitLimit:     8677876 kB
Committed_AS:   79111068 kB
VmallocTotal:   263061440 kB
VmallocUsed:      132628 kB
VmallocChunk:          0 kB
Percpu:             2448 kB
CmaTotal:         405504 kB
CmaFree:               0 kB
MemTotal:        7918588 kB
MemFree:          160640 kB
MemAvailable:    1471148 kB
Buffers:           43044 kB
Cached:          1071968 kB
SwapCached:         3448 kB
Active:          4180668 kB
Inactive:         763876 kB
Active(anon):    3596648 kB
Inactive(anon):   256188 kB
Active(file):     584020 kB
Inactive(file):   507688 kB
Unevictable:        6152 kB
Mlocked:            5712 kB
SwapTotal:       4718584 kB
SwapFree:        3566072 kB
Dirty:               228 kB
Writeback:             0 kB
AnonPages:       3832476 kB
Mapped:           670352 kB
Shmem:             18724 kB
KReclaimable:     609024 kB
Slab:             319004 kB
SReclaimable:      81724 kB
SUnreclaim:       237280 kB
KernelStack:       49392 kB
ShadowCallStack:   12364 kB
PageTables:        79624 kB
NFS_Unstable:          0 kB
Bounce:                0 kB
WritebackTmp:          0 kB
CommitLimit:     8677876 kB
Committed_AS:   79127400 kB
VmallocTotal:   263061440 kB
VmallocUsed:      132600 kB
VmallocChunk:          0 kB
Percpu:             2448 kB
CmaTotal:         405504 kB
CmaFree:               0 kB
MemTotal:        7918588 kB
MemFree:          158488 kB
MemAvailable:    1451036 kB
Buffers:           43044 kB
Cached:          1056668 kB
SwapCached:         3448 kB
Active:          4199416 kB
Inactive:         748476 kB
Active(anon):    3615396 kB
Inactive(anon):   256180 kB
Active(file):     584020 kB
Inactive(file):   492296 kB
Unevictable:        6152 kB
Mlocked:            5712 kB
SwapTotal:       4718584 kB
SwapFree:        3566072 kB
Dirty:               228 kB
Writeback:             0 kB
AnonPages:       3851184 kB
Mapped:           670320 kB
Shmem:             18728 kB
KReclaimable:     606456 kB
Slab:             319024 kB
SReclaimable:      81724 kB
SUnreclaim:       237300 kB
KernelStack:       49424 kB
ShadowCallStack:   12364 kB
PageTables:        79700 kB
NFS_Unstable:          0 kB
Bounce:                0 kB
WritebackTmp:          0 kB
CommitLimit:     8677876 kB
Committed_AS:   79160172 kB
VmallocTotal:   263061440 kB
VmallocUsed:      132612 kB
VmallocChunk:          0 kB
Percpu:             2448 kB
CmaTotal:         405504 kB
CmaFree:               0 kB
MemTotal:        7918588 kB
MemFree:          157604 kB
MemAvailable:    1430636 kB
Buffers:           43044 kB
Cached:          1039936 kB
SwapCached:         3448 kB
Active:          4228228 kB
Inactive:         731840 kB
Active(anon):    3644208 kB
Inactive(anon):   256188 kB
Active(file):     584020 kB
Inactive(file):   475652 kB
Unevictable:        6152 kB
Mlocked:            5712 kB
SwapTotal:       4718584 kB
SwapFree:        3566072 kB
Dirty:                64 kB
Writeback:             0 kB
AnonPages:       3880128 kB
Mapped:           670736 kB
Shmem:             18728 kB
KReclaimable:     603584 kB
Slab:             319020 kB
SReclaimable:      81724 kB
SUnreclaim:       237296 kB
KernelStack:       49360 kB
ShadowCallStack:   12376 kB
PageTables:        79736 kB
NFS_Unstable:          0 kB
Bounce:                0 kB
WritebackTmp:          0 kB
CommitLimit:     8677876 kB
Committed_AS:   79192840 kB
VmallocTotal:   263061440 kB
VmallocUsed:      132576 kB
VmallocChunk:          0 kB
Percpu:             2448 kB
CmaTotal:         405504 kB
CmaFree:               0 kB
MemTotal:        7918588 kB
MemFree:          159944 kB
MemAvailable:    1419272 kB
Buffers:           43044 kB
Cached:          1028368 kB
SwapCached:         3448 kB
Active:          4238900 kB
Inactive:         720268 kB
Active(anon):    3654880 kB
Inactive(anon):   256184 kB
Active(file):     584020 kB
Inactive(file):   464084 kB
Unevictable:        6152 kB
Mlocked:            5712 kB
SwapTotal:       4718584 kB
SwapFree:        3566072 kB
Dirty:                96 kB
Writeback:             0 kB
AnonPages:       3890904 kB
Mapped:           670688 kB
Shmem:             18728 kB
KReclaimable:     601448 kB
Slab:             319020 kB
SReclaimable:      81724 kB
SUnreclaim:       237296 kB
KernelStack:       49440 kB
ShadowCallStack:   12368 kB
PageTables:        80188 kB
NFS_Unstable:          0 kB
Bounce:                0 kB
WritebackTmp:          0 kB
CommitLimit:     8677876 kB
Committed_AS:   79209220 kB
VmallocTotal:   263061440 kB
VmallocUsed:      132560 kB
VmallocChunk:          0 kB
Percpu:             2448 kB
CmaTotal:         405504 kB
CmaFree:               0 kB
MemTotal:        7918588 kB
MemFree:          160136 kB
MemAvailable:    1400384 kB
Buffers:           43052 kB
Cached:          1011984 kB
SwapCached:         3448 kB
Active:          4257928 kB
Inactive:         703892 kB
Active(anon):    3673908 kB
Inactive(anon):   256184 kB
Active(file):     584020 kB
Inactive(file):   447708 kB
Unevictable:        6152 kB
Mlocked:            5712 kB
SwapTotal:       4718584 kB
SwapFree:        3566072 kB
Dirty:               144 kB
Writeback:             0 kB
AnonPages:       3910016 kB
Mapped:           670844 kB
Shmem:             18728 kB
KReclaimable:     598744 kB
Slab:             319056 kB
SReclaimable:      81724 kB
SUnreclaim:       237332 kB
KernelStack:       49392 kB
ShadowCallStack:   12372 kB
PageTables:        80128 kB
NFS_Unstable:          0 kB
Bounce:                0 kB
WritebackTmp:          0 kB
CommitLimit:     8677876 kB
Committed_AS:   79225604 kB
VmallocTotal:   263061440 kB
VmallocUsed:      132572 kB
VmallocChunk:          0 kB
Percpu:             2448 kB
CmaTotal:         405504 kB
CmaFree:               0 kB
MemTotal:        7918588 kB
MemFree:          160912 kB
MemAvailable:    1390728 kB
Buffers:           43060 kB
Cached:          1003420 kB
SwapCached:         3448 kB
Active:          4267656 kB
Inactive:         695248 kB
Active(anon):    3683636 kB
Inactive(anon):   256184 kB
Active(file):     584020 kB
Inactive(file):   439064 kB
Unevictable:        6152 kB
Mlocked:            5712 kB
SwapTotal:       4718584 kB
SwapFree:        3566072 kB
Dirty:               168 kB
Writeback:             0 kB
AnonPages:       3919712 kB
Mapped:           670624 kB
Shmem:             18728 kB
KReclaimable:     596956 kB
Slab:             319108 kB
SReclaimable:      81720 kB
SUnreclaim:       237388 kB
KernelStack:       49360 kB
ShadowCallStack:   12368 kB
PageTables:        80148 kB
NFS_Unstable:          0 kB
Bounce:                0 kB
WritebackTmp:          0 kB
CommitLimit:     8677876 kB
Committed_AS:   79241884 kB
VmallocTotal:   263061440 kB
VmallocUsed:      132548 kB
VmallocChunk:          0 kB
Percpu:             2448 kB
CmaTotal:         405504 kB
CmaFree:               0 kB
MemTotal:        7918588 kB
MemFree:          159804 kB
MemAvailable:    1380932 kB
Buffers:           43084 kB
Cached:           996028 kB
SwapCached:         3448 kB
Active:          4278052 kB
Inactive:         686896 kB
Active(anon):    3692960 kB
Inactive(anon):   256184 kB
Active(file):     585092 kB
Inactive(file):   430712 kB
Unevictable:        6152 kB
Mlocked:            5712 kB
SwapTotal:       4718584 kB
SwapFree:        3566072 kB
Dirty:               180 kB
Writeback:             0 kB
AnonPages:       3928992 kB
Mapped:           668964 kB
Shmem:             18728 kB
KReclaimable:     595548 kB
Slab:             318928 kB
SReclaimable:      81528 kB
SUnreclaim:       237400 kB
KernelStack:       49360 kB
ShadowCallStack:   12364 kB
PageTables:        80172 kB
NFS_Unstable:          0 kB
Bounce:                0 kB
WritebackTmp:          0 kB
CommitLimit:     8677876 kB
Committed_AS:   79258268 kB
VmallocTotal:   263061440 kB
VmallocUsed:      132536 kB
VmallocChunk:          0 kB
Percpu:             2448 kB
CmaTotal:         405504 kB
CmaFree:               0 kB
MemTotal:        7918588 kB
MemFree:          161960 kB
MemAvailable:    1350820 kB
Buffers:           43116 kB
Cached:           985364 kB
SwapCached:         3448 kB
Active:          4398352 kB
Inactive:         585532 kB
Active(anon):    3722652 kB
Inactive(anon):   256188 kB
Active(file):     675700 kB
Inactive(file):   329344 kB
Unevictable:        6152 kB
Mlocked:            5712 kB
SwapTotal:       4718584 kB
SwapFree:        3566072 kB
Dirty:               212 kB
Writeback:             0 kB
AnonPages:       3958676 kB
Mapped:           662928 kB
Shmem:             18732 kB
KReclaimable:     574040 kB
Slab:             318580 kB
SReclaimable:      81212 kB
SUnreclaim:       237368 kB
KernelStack:       49328 kB
ShadowCallStack:   12356 kB
PageTables:        80052 kB
NFS_Unstable:          0 kB
Bounce:                0 kB
WritebackTmp:          0 kB
CommitLimit:     8677876 kB
Committed_AS:   79307428 kB
VmallocTotal:   263061440 kB
VmallocUsed:      132536 kB
VmallocChunk:          0 kB
Percpu:             2448 kB
CmaTotal:         405504 kB
CmaFree:               0 kB
MemTotal:        7918588 kB
MemFree:          157596 kB
MemAvailable:    1338612 kB
Buffers:           43116 kB
Cached:           984740 kB
SwapCached:         3448 kB
Active:          4449740 kB
Inactive:         545536 kB
Active(anon):    3734552 kB
Inactive(anon):   256188 kB
Active(file):     715188 kB
Inactive(file):   289348 kB
Unevictable:        6152 kB
Mlocked:            5712 kB
SwapTotal:       4718584 kB
SwapFree:        3566072 kB
Dirty:                64 kB
Writeback:             0 kB
AnonPages:       3970484 kB
Mapped:           662312 kB
Shmem:             18740 kB
KReclaimable:     566704 kB
Slab:             318496 kB
SReclaimable:      81140 kB
SUnreclaim:       237356 kB
KernelStack:       49344 kB
ShadowCallStack:   12360 kB
PageTables:        80104 kB
NFS_Unstable:          0 kB
Bounce:                0 kB
WritebackTmp:          0 kB
CommitLimit:     8677876 kB
Committed_AS:   79323764 kB
VmallocTotal:   263061440 kB
VmallocUsed:      132516 kB
VmallocChunk:          0 kB
Percpu:             2448 kB
CmaTotal:         405504 kB
CmaFree:               0 kB
MemTotal:        7918588 kB
MemFree:          157780 kB
MemAvailable:    1335520 kB
Buffers:           43116 kB
Cached:           984136 kB
SwapCached:         3448 kB
Active:          4469008 kB
Inactive:         530568 kB
Active(anon):    3739456 kB
Inactive(anon):   256188 kB
Active(file):     729552 kB
Inactive(file):   274380 kB
Unevictable:        6152 kB
Mlocked:            5712 kB
SwapTotal:       4718584 kB
SwapFree:        3566072 kB
Dirty:                80 kB
Writeback:             0 kB
AnonPages:       3975432 kB
Mapped:           661828 kB
Shmem:             18740 kB
KReclaimable:     564032 kB
Slab:             318504 kB
SReclaimable:      81140 kB
SUnreclaim:       237364 kB
KernelStack:       49328 kB
ShadowCallStack:   12356 kB
PageTables:        80128 kB
NFS_Unstable:          0 kB
Bounce:                0 kB
WritebackTmp:          0 kB
CommitLimit:     8677876 kB
Committed_AS:   79323764 kB
VmallocTotal:   263061440 kB
VmallocUsed:      132512 kB
VmallocChunk:          0 kB
Percpu:             2448 kB
CmaTotal:         405504 kB
CmaFree:              84 kB
MemTotal:        7918588 kB
MemFree:          158232 kB
MemAvailable:    1311076 kB
Buffers:           41544 kB
Cached:           966684 kB
SwapCached:         3448 kB
Active:          4507664 kB
Inactive:         496440 kB
Active(anon):    3763148 kB
Inactive(anon):   256184 kB
Active(file):     744516 kB
Inactive(file):   240256 kB
Unevictable:        6152 kB
Mlocked:            5712 kB
SwapTotal:       4718584 kB
SwapFree:        3566072 kB
Dirty:                84 kB
Writeback:             0 kB
AnonPages:       3999036 kB
Mapped:           659868 kB
Shmem:             18740 kB
KReclaimable:     558296 kB
Slab:             318516 kB
SReclaimable:      81140 kB
SUnreclaim:       237376 kB
KernelStack:       49344 kB
ShadowCallStack:   12360 kB
PageTables:        80180 kB
NFS_Unstable:          0 kB
Bounce:                0 kB
WritebackTmp:          0 kB
CommitLimit:     8677876 kB
Committed_AS:   79356532 kB
VmallocTotal:   263061440 kB
VmallocUsed:      132496 kB
VmallocChunk:          0 kB
Percpu:             2448 kB
CmaTotal:         405504 kB
CmaFree:               0 kB
MemTotal:        7918588 kB
MemFree:          160260 kB
MemAvailable:    1275816 kB
Buffers:           38116 kB
Cached:           941660 kB
SwapCached:         3448 kB
Active:          4558524 kB
Inactive:         452512 kB
Active(anon):    3798472 kB
Inactive(anon):   256188 kB
Active(file):     760052 kB
Inactive(file):   196324 kB
Unevictable:        6152 kB
Mlocked:            5712 kB
SwapTotal:       4718584 kB
SwapFree:        3566072 kB
Dirty:               120 kB
Writeback:             0 kB
AnonPages:       4034628 kB
Mapped:           648864 kB
Shmem:             18744 kB
KReclaimable:     549404 kB
Slab:             318484 kB
SReclaimable:      81104 kB
SUnreclaim:       237380 kB
KernelStack:       49408 kB
ShadowCallStack:   12360 kB
PageTables:        80632 kB
NFS_Unstable:          0 kB
Bounce:                0 kB
WritebackTmp:          0 kB
CommitLimit:     8677876 kB
Committed_AS:   79405688 kB
VmallocTotal:   263061440 kB
VmallocUsed:      132516 kB
VmallocChunk:          0 kB
Percpu:             2448 kB
CmaTotal:         405504 kB
CmaFree:               0 kB
MemTotal:        7918588 kB
MemFree:          158772 kB
MemAvailable:    1251408 kB
Buffers:           34344 kB
Cached:           926212 kB
SwapCached:         3448 kB
Active:          4582376 kB
Inactive:         433332 kB
Active(anon):    3822288 kB
Inactive(anon):   256188 kB
Active(file):     760088 kB
Inactive(file):   177144 kB
Unevictable:        6152 kB
Mlocked:            5712 kB
SwapTotal:       4718584 kB
SwapFree:        3566072 kB
Dirty:               124 kB
Writeback:             4 kB
AnonPages:       4058116 kB
Mapped:           649324 kB
Shmem:             18744 kB
KReclaimable:     545628 kB
Slab:             318352 kB
SReclaimable:      80968 kB
SUnreclaim:       237384 kB
KernelStack:       49296 kB
ShadowCallStack:   12356 kB
PageTables:        80276 kB
NFS_Unstable:          0 kB
Bounce:                0 kB
WritebackTmp:          0 kB
CommitLimit:     8677876 kB
Committed_AS:   79438456 kB
VmallocTotal:   263061440 kB
VmallocUsed:      132512 kB
VmallocChunk:          0 kB
Percpu:             2448 kB
CmaTotal:         405504 kB
CmaFree:               0 kB
MemTotal:        7918588 kB
MemFree:          161296 kB
MemAvailable:    1235320 kB
Buffers:           21764 kB
Cached:           922588 kB
SwapCached:         3448 kB
Active:          4598776 kB
Inactive:         417068 kB
Active(anon):    3838636 kB
Inactive(anon):   256180 kB
Active(file):     760140 kB
Inactive(file):   160888 kB
Unevictable:        6152 kB
Mlocked:            5712 kB
SwapTotal:       4718584 kB
SwapFree:        3566072 kB
Dirty:               268 kB
Writeback:             0 kB
AnonPages:       4074392 kB
Mapped:           648936 kB
Shmem:             18744 kB
KReclaimable:     543220 kB
Slab:             318092 kB
SReclaimable:      80688 kB
SUnreclaim:       237404 kB
KernelStack:       49312 kB
ShadowCallStack:   12352 kB
PageTables:        80428 kB
NFS_Unstable:          0 kB
Bounce:                0 kB
WritebackTmp:          0 kB
CommitLimit:     8677876 kB
Committed_AS:   79454840 kB
VmallocTotal:   263061440 kB
VmallocUsed:      132512 kB
VmallocChunk:          0 kB
Percpu:             2448 kB
CmaTotal:         405504 kB
CmaFree:               0 kB
MemTotal:        7918588 kB
MemFree:          160740 kB
MemAvailable:    1230528 kB
Buffers:           17952 kB
Cached:           922668 kB
SwapCached:         3448 kB
Active:          4602848 kB
Inactive:         413404 kB
Active(anon):    3842708 kB
Inactive(anon):   256180 kB
Active(file):     760140 kB
Inactive(file):   157224 kB
Unevictable:        6152 kB
Mlocked:            5712 kB
SwapTotal:       4718584 kB
SwapFree:        3566072 kB
Dirty:               280 kB
Writeback:             0 kB
AnonPages:       4078636 kB
Mapped:           648972 kB
Shmem:             18744 kB
KReclaimable:     542648 kB
Slab:             318120 kB
SReclaimable:      80668 kB
SUnreclaim:       237452 kB
KernelStack:       49344 kB
ShadowCallStack:   12356 kB
PageTables:        80392 kB
NFS_Unstable:          0 kB
Bounce:                0 kB
WritebackTmp:          0 kB
CommitLimit:     8677876 kB
Committed_AS:   79454844 kB
VmallocTotal:   263061440 kB
VmallocUsed:      132508 kB
VmallocChunk:          0 kB
Percpu:             2448 kB
CmaTotal:         405504 kB
CmaFree:               0 kB
MemTotal:        7918588 kB
MemFree:          164292 kB
MemAvailable:    1062408 kB
Buffers:             616 kB
Cached:           903776 kB
SwapCached:         3448 kB
Active:          1114500 kB
Inactive:        3907016 kB
Active(anon):     849072 kB
Inactive(anon):  3291400 kB
Active(file):     265428 kB
Inactive(file):   615616 kB
Unevictable:        6152 kB
Mlocked:            5712 kB
SwapTotal:       4718584 kB
SwapFree:        3555064 kB
Dirty:                16 kB
Writeback:             0 kB
AnonPages:       4119832 kB
Mapped:           649568 kB
Shmem:             18768 kB
KReclaimable:     407296 kB
Slab:             317272 kB
SReclaimable:      79780 kB
SUnreclaim:       237492 kB
KernelStack:       49408 kB
ShadowCallStack:   12380 kB
PageTables:        80464 kB
NFS_Unstable:          0 kB
Bounce:                0 kB
WritebackTmp:          0 kB
CommitLimit:     8677876 kB
Committed_AS:   79471620 kB
VmallocTotal:   263061440 kB
VmallocUsed:      132684 kB
VmallocChunk:          0 kB
Percpu:             2448 kB
CmaTotal:         405504 kB
CmaFree:               0 kB
MemTotal:        7918588 kB
MemFree:          205064 kB
MemAvailable:    1214128 kB
Buffers:             616 kB
Cached:           903708 kB
SwapCached:         3448 kB
Active:          1174064 kB
Inactive:        3817376 kB
Active(anon):     908636 kB
Inactive(anon):  3201728 kB
Active(file):     265428 kB
Inactive(file):   615648 kB
Unevictable:        6152 kB
Mlocked:            5712 kB
SwapTotal:       4718584 kB
SwapFree:        3548664 kB
Dirty:                16 kB
Writeback:             0 kB
AnonPages:       4090144 kB
Mapped:           648852 kB
Shmem:             18676 kB
KReclaimable:     518212 kB
Slab:             316400 kB
SReclaimable:      78908 kB
SUnreclaim:       237492 kB
KernelStack:       49344 kB
ShadowCallStack:   12360 kB
PageTables:        80564 kB
NFS_Unstable:          0 kB
Bounce:                0 kB
WritebackTmp:          0 kB
CommitLimit:     8677876 kB
Committed_AS:   79487608 kB
VmallocTotal:   263061440 kB
VmallocUsed:      132532 kB
VmallocChunk:          0 kB
Percpu:             2448 kB
CmaTotal:         405504 kB
CmaFree:             584 kB
MemTotal:        7918588 kB
MemFree:          197228 kB
MemAvailable:    1206328 kB
Buffers:             640 kB
Cached:           903752 kB
SwapCached:         3448 kB
Active:          1182220 kB
Inactive:        3817376 kB
Active(anon):     916792 kB
Inactive(anon):  3201648 kB
Active(file):     265428 kB
Inactive(file):   615728 kB
Unevictable:        6152 kB
Mlocked:            5712 kB
SwapTotal:       4718584 kB
SwapFree:        3548664 kB
Dirty:                76 kB
Writeback:             0 kB
AnonPages:       4098136 kB
Mapped:           648812 kB
Shmem:             18656 kB
KReclaimable:     518168 kB
Slab:             316348 kB
SReclaimable:      78924 kB
SUnreclaim:       237424 kB
KernelStack:       49328 kB
ShadowCallStack:   12356 kB
PageTables:        80536 kB
NFS_Unstable:          0 kB
Bounce:                0 kB
WritebackTmp:          0 kB
CommitLimit:     8677876 kB
Committed_AS:   79503992 kB
VmallocTotal:   263061440 kB
VmallocUsed:      132484 kB
VmallocChunk:          0 kB
Percpu:             2448 kB
CmaTotal:         405504 kB
CmaFree:             340 kB
MemTotal:        7918588 kB
MemFree:          181120 kB
MemAvailable:    1190184 kB
Buffers:             640 kB
Cached:           903772 kB
SwapCached:         3448 kB
Active:          1199276 kB
Inactive:        3817388 kB
Active(anon):     933848 kB
Inactive(anon):  3201640 kB
Active(file):     265428 kB
Inactive(file):   615748 kB
Unevictable:        6152 kB
Mlocked:            5712 kB
SwapTotal:       4718584 kB
SwapFree:        3548664 kB
Dirty:               104 kB
Writeback:             0 kB
AnonPages:       4115368 kB
Mapped:           648800 kB
Shmem:             18656 kB
KReclaimable:     518112 kB
Slab:             316336 kB
SReclaimable:      78924 kB
SUnreclaim:       237412 kB
KernelStack:       49376 kB
ShadowCallStack:   12360 kB
PageTables:        80680 kB
NFS_Unstable:          0 kB
Bounce:                0 kB
WritebackTmp:          0 kB
CommitLimit:     8677876 kB
Committed_AS:   79520380 kB
VmallocTotal:   263061440 kB
VmallocUsed:      132516 kB
VmallocChunk:          0 kB
Percpu:             2448 kB
CmaTotal:         405504 kB
CmaFree:             340 kB
MemTotal:        7918588 kB
MemFree:          164016 kB
MemAvailable:    1167068 kB
Buffers:             664 kB
Cached:           903800 kB
SwapCached:         3444 kB
Active:          1250096 kB
Inactive:        3787936 kB
Active(anon):     984668 kB
Inactive(anon):  3172136 kB
Active(file):     265428 kB
Inactive(file):   615800 kB
Unevictable:        6152 kB
Mlocked:            5712 kB
SwapTotal:       4718584 kB
SwapFree:        3543800 kB
Dirty:               112 kB
Writeback:             8 kB
AnonPages:       4136696 kB
Mapped:           649324 kB
Shmem:             18656 kB
KReclaimable:     512048 kB
Slab:             316360 kB
SReclaimable:      78940 kB
SUnreclaim:       237420 kB
KernelStack:       49344 kB
ShadowCallStack:   12356 kB
PageTables:        80720 kB
NFS_Unstable:          0 kB
Bounce:                0 kB
WritebackTmp:          0 kB
CommitLimit:     8677876 kB
Committed_AS:   79553144 kB
VmallocTotal:   263061440 kB
VmallocUsed:      132516 kB
VmallocChunk:          0 kB
Percpu:             2448 kB
CmaTotal:         405504 kB
CmaFree:               0 kB
MemTotal:        7918588 kB
MemFree:          168440 kB
MemAvailable:    1165912 kB
Buffers:             672 kB
Cached:           903792 kB
SwapCached:         3444 kB
Active:          1273080 kB
Inactive:        3764408 kB
Active(anon):    1007648 kB
Inactive(anon):  3148608 kB
Active(file):     265432 kB
Inactive(file):   615800 kB
Unevictable:        6152 kB
Mlocked:            5712 kB
SwapTotal:       4718584 kB
SwapFree:        3529976 kB
Dirty:               152 kB
Writeback:             0 kB
AnonPages:       4136052 kB
Mapped:           649268 kB
Shmem:             18652 kB
KReclaimable:     506464 kB
Slab:             316440 kB
SReclaimable:      78988 kB
SUnreclaim:       237452 kB
KernelStack:       49328 kB
ShadowCallStack:   12368 kB
PageTables:        80676 kB
NFS_Unstable:          0 kB
Bounce:                0 kB
WritebackTmp:          0 kB
CommitLimit:     8677876 kB
Committed_AS:   79569528 kB
VmallocTotal:   263061440 kB
VmallocUsed:      132508 kB
VmallocChunk:          0 kB
Percpu:             2448 kB
CmaTotal:         405504 kB
CmaFree:               0 kB
MemTotal:        7918588 kB
MemFree:          174888 kB
MemAvailable:    1153016 kB
Buffers:             668 kB
Cached:           896664 kB
SwapCached:         3444 kB
Active:          1326912 kB
Inactive:        3712852 kB
Active(anon):    1055148 kB
Inactive(anon):  3110432 kB
Active(file):     271764 kB
Inactive(file):   602420 kB
Unevictable:        6152 kB
Mlocked:            5712 kB
SwapTotal:       4718584 kB
SwapFree:        3520248 kB
Dirty:               196 kB
Writeback:             0 kB
AnonPages:       4145472 kB
Mapped:           645820 kB
Shmem:             18568 kB
KReclaimable:     494168 kB
Slab:             316472 kB
SReclaimable:      79020 kB
SUnreclaim:       237452 kB
KernelStack:       49344 kB
ShadowCallStack:   12360 kB
PageTables:        80780 kB
NFS_Unstable:          0 kB
Bounce:                0 kB
WritebackTmp:          0 kB
CommitLimit:     8677876 kB
Committed_AS:   79585912 kB
VmallocTotal:   263061440 kB
VmallocUsed:      132512 kB
VmallocChunk:          0 kB
Percpu:             2448 kB
CmaTotal:         405504 kB
CmaFree:               0 kB
MemTotal:        7918588 kB
MemFree:          172224 kB
MemAvailable:    1141680 kB
Buffers:             668 kB
Cached:           889096 kB
SwapCached:         3444 kB
Active:          1338824 kB
Inactive:        3703892 kB
Active(anon):    1065684 kB
Inactive(anon):  3110432 kB
Active(file):     273140 kB
Inactive(file):   593460 kB
Unevictable:        6152 kB
Mlocked:            5712 kB
SwapTotal:       4718584 kB
SwapFree:        3520248 kB
Dirty:               196 kB
Writeback:             0 kB
AnonPages:       4156012 kB
Mapped:           645864 kB
Shmem:             18568 kB
KReclaimable:     493080 kB
Slab:             316448 kB
SReclaimable:      79020 kB
SUnreclaim:       237428 kB
KernelStack:       49360 kB
ShadowCallStack:   12360 kB
PageTables:        80792 kB
NFS_Unstable:          0 kB
Bounce:                0 kB
WritebackTmp:          0 kB
CommitLimit:     8677876 kB
Committed_AS:   79602296 kB
VmallocTotal:   263061440 kB
VmallocUsed:      132508 kB
VmallocChunk:          0 kB
Percpu:             2448 kB
CmaTotal:         405504 kB
CmaFree:               0 kB
MemTotal:        7918588 kB
MemFree:          162356 kB
MemAvailable:    1130664 kB
Buffers:             668 kB
Cached:           889140 kB
SwapCached:         3444 kB
Active:          1355464 kB
Inactive:        3698936 kB
Active(anon):    1082320 kB
Inactive(anon):  3105420 kB
Active(file):     273144 kB
Inactive(file):   593516 kB
Unevictable:        6152 kB
Mlocked:            5712 kB
SwapTotal:       4718584 kB
SwapFree:        3517944 kB
Dirty:               304 kB
Writeback:             0 kB
AnonPages:       4167712 kB
Mapped:           645820 kB
Shmem:             18568 kB
KReclaimable:     491872 kB
Slab:             316500 kB
SReclaimable:      79068 kB
SUnreclaim:       237432 kB
KernelStack:       49344 kB
ShadowCallStack:   12360 kB
PageTables:        80908 kB
NFS_Unstable:          0 kB
Bounce:                0 kB
WritebackTmp:          0 kB
CommitLimit:     8677876 kB
Committed_AS:   79618684 kB
VmallocTotal:   263061440 kB
VmallocUsed:      132512 kB
VmallocChunk:          0 kB
Percpu:             2448 kB
CmaTotal:         405504 kB
CmaFree:               0 kB
MemTotal:        7918588 kB
MemFree:          165208 kB
MemAvailable:    1108536 kB
Buffers:             676 kB
Cached:           879304 kB
SwapCached:         3444 kB
Active:          1386236 kB
Inactive:        3670280 kB
Active(anon):    1112800 kB
Inactive(anon):  3086876 kB
Active(file):     273436 kB
Inactive(file):   583404 kB
Unevictable:        6152 kB
Mlocked:            5712 kB
SwapTotal:       4718584 kB
SwapFree:        3512056 kB
Dirty:               308 kB
Writeback:             0 kB
AnonPages:       4179600 kB
Mapped:           645840 kB
Shmem:             18560 kB
KReclaimable:     484904 kB
Slab:             316500 kB
SReclaimable:      79028 kB
SUnreclaim:       237472 kB
KernelStack:       49344 kB
ShadowCallStack:   12360 kB
PageTables:        80952 kB
NFS_Unstable:          0 kB
Bounce:                0 kB
WritebackTmp:          0 kB
CommitLimit:     8677876 kB
Committed_AS:   79651448 kB
VmallocTotal:   263061440 kB
VmallocUsed:      132512 kB
VmallocChunk:          0 kB
Percpu:             2448 kB
CmaTotal:         405504 kB
CmaFree:               0 kB
MemTotal:        7918588 kB
MemFree:          164108 kB
MemAvailable:    1104600 kB
Buffers:             676 kB
Cached:           869784 kB
SwapCached:         3444 kB
Active:          1399832 kB
Inactive:        3658068 kB
Active(anon):    1123968 kB
Inactive(anon):  3086608 kB
Active(file):     275864 kB
Inactive(file):   571460 kB
Unevictable:        6152 kB
Mlocked:            5712 kB
SwapTotal:       4718584 kB
SwapFree:        3512056 kB
Dirty:               400 kB
Writeback:             0 kB
AnonPages:       4190456 kB
Mapped:           644932 kB
Shmem:             18560 kB
KReclaimable:     483392 kB
Slab:             316544 kB
SReclaimable:      79028 kB
SUnreclaim:       237516 kB
KernelStack:       49360 kB
ShadowCallStack:   12356 kB
PageTables:        80912 kB
NFS_Unstable:          0 kB
Bounce:                0 kB
WritebackTmp:          0 kB
CommitLimit:     8677876 kB
Committed_AS:   79667832 kB
VmallocTotal:   263061440 kB
VmallocUsed:      132492 kB
VmallocChunk:          0 kB
Percpu:             2448 kB
CmaTotal:         405504 kB
CmaFree:               0 kB
MemTotal:        7918588 kB
MemFree:          157608 kB
MemAvailable:    1093600 kB
Buffers:             700 kB
Cached:           865972 kB
SwapCached:         3444 kB
Active:          1412228 kB
Inactive:        3653864 kB
Active(anon):    1135960 kB
Inactive(anon):  3086600 kB
Active(file):     276268 kB
Inactive(file):   567264 kB
Unevictable:        6152 kB
Mlocked:            5712 kB
SwapTotal:       4718584 kB
SwapFree:        3512312 kB
Dirty:               400 kB
Writeback:             0 kB
AnonPages:       4202336 kB
