MemTotal:        7918588 kB
MemFree:         3339512 kB
MemAvailable:    4657656 kB
Buffers:            3732 kB
Cached:          1245396 kB
SwapCached:         5768 kB
Active:          1364816 kB
Inactive:         618800 kB
Active(anon):     720872 kB
Inactive(anon):    31268 kB
Active(file):     643944 kB
Inactive(file):   587532 kB
Unevictable:        6548 kB
Mlocked:            6108 kB
SwapTotal:       4718584 kB
SwapFree:        4026360 kB
Dirty:            157276 kB
Writeback:             0 kB
AnonPages:        737148 kB
Mapped:           463892 kB
Shmem:             12816 kB
KReclaimable:     509660 kB
Slab:             314512 kB
SReclaimable:      87240 kB
SUnreclaim:       227272 kB
KernelStack:       48944 kB
ShadowCallStack:   12260 kB
PageTables:        63588 kB
NFS_Unstable:          0 kB
Bounce:                0 kB
WritebackTmp:          0 kB
CommitLimit:     8677876 kB
Committed_AS:   64891972 kB
VmallocTotal:   263061440 kB
VmallocUsed:      132204 kB
VmallocChunk:          0 kB
Percpu:             2448 kB
CmaTotal:         405504 kB
CmaFree:          276848 kB
MemTotal:        7918588 kB
MemFree:         3342652 kB
MemAvailable:    4799936 kB
Buffers:            3748 kB
Cached:          1254728 kB
SwapCached:         5828 kB
Active:          1360224 kB
Inactive:         618892 kB
Active(anon):     707348 kB
Inactive(anon):    31272 kB
Active(file):     652876 kB
Inactive(file):   587620 kB
Unevictable:        6548 kB
Mlocked:            6108 kB
SwapTotal:       4718584 kB
SwapFree:        4026872 kB
Dirty:            157284 kB
Writeback:             0 kB
AnonPages:        723324 kB
Mapped:           504572 kB
Shmem:             13144 kB
KReclaimable:     639780 kB
Slab:             314772 kB
SReclaimable:      87320 kB
SUnreclaim:       227452 kB
KernelStack:       49248 kB
ShadowCallStack:   12336 kB
PageTables:        63988 kB
NFS_Unstable:          0 kB
Bounce:                0 kB
WritebackTmp:          0 kB
CommitLimit:     8677876 kB
Committed_AS:   64924424 kB
VmallocTotal:   263061440 kB
VmallocUsed:      132580 kB
VmallocChunk:          0 kB
Percpu:             2448 kB
CmaTotal:         405504 kB
CmaFree:          276848 kB
MemTotal:        7918588 kB
MemFree:         3273032 kB
MemAvailable:    4534880 kB
Buffers:            3788 kB
Cached:          1254808 kB
SwapCached:         5860 kB
Active:          1367516 kB
Inactive:         618972 kB
Active(anon):     714612 kB
Inactive(anon):    31268 kB
Active(file):     652904 kB
Inactive(file):   587704 kB
Unevictable:        6548 kB
Mlocked:            6108 kB
SwapTotal:       4718584 kB
SwapFree:        4027128 kB
Dirty:            157308 kB
Writeback:             0 kB
AnonPages:        730468 kB
Mapped:           515208 kB
Shmem:             13152 kB
KReclaimable:     696256 kB
Slab:             314900 kB
SReclaimable:      87368 kB
SUnreclaim:       227532 kB
KernelStack:       49168 kB
ShadowCallStack:   12312 kB
PageTables:        64204 kB
NFS_Unstable:          0 kB
Bounce:                0 kB
WritebackTmp:          0 kB
CommitLimit:     8677876 kB
Committed_AS:   64953488 kB
VmallocTotal:   263061440 kB
VmallocUsed:      132520 kB
VmallocChunk:          0 kB
Percpu:             2448 kB
CmaTotal:         405504 kB
CmaFree:          276892 kB
MemTotal:        7918588 kB
MemFree:         3290812 kB
MemAvailable:    4553692 kB
Buffers:            3796 kB
Cached:          1256540 kB
SwapCached:         5860 kB
Active:          1349164 kB
Inactive:         618980 kB
Active(anon):     694532 kB
Inactive(anon):    31268 kB
Active(file):     654632 kB
Inactive(file):   587712 kB
Unevictable:        6548 kB
Mlocked:            6108 kB
SwapTotal:       4718584 kB
SwapFree:        4027128 kB
Dirty:            157356 kB
Writeback:             0 kB
AnonPages:        710404 kB
Mapped:           513380 kB
Shmem:             13156 kB
KReclaimable:     695552 kB
Slab:             315084 kB
SReclaimable:      87432 kB
SUnreclaim:       227652 kB
KernelStack:       49184 kB
ShadowCallStack:   12320 kB
PageTables:        64372 kB
NFS_Unstable:          0 kB
Bounce:                0 kB
WritebackTmp:          0 kB
CommitLimit:     8677876 kB
Committed_AS:   64953492 kB
VmallocTotal:   263061440 kB
VmallocUsed:      132488 kB
VmallocChunk:          0 kB
Percpu:             2448 kB
CmaTotal:         405504 kB
CmaFree:          276896 kB
MemTotal:        7918588 kB
MemFree:         3290476 kB
MemAvailable:    4553356 kB
Buffers:            3796 kB
Cached:          1256656 kB
SwapCached:         5872 kB
Active:          1351064 kB
Inactive:         618988 kB
Active(anon):     696424 kB
Inactive(anon):    31268 kB
Active(file):     654640 kB
Inactive(file):   587720 kB
Unevictable:        6548 kB
Mlocked:            6108 kB
SwapTotal:       4718584 kB
SwapFree:        4030712 kB
Dirty:            156372 kB
Writeback:             0 kB
AnonPages:        712216 kB
Mapped:           514160 kB
Shmem:             13256 kB
KReclaimable:     695536 kB
Slab:             315212 kB
SReclaimable:      87416 kB
SUnreclaim:       227796 kB
KernelStack:       49184 kB
ShadowCallStack:   12336 kB
PageTables:        64376 kB
NFS_Unstable:          0 kB
Bounce:                0 kB
WritebackTmp:          0 kB
CommitLimit:     8677876 kB
Committed_AS:   64953496 kB
VmallocTotal:   263061440 kB
VmallocUsed:      132488 kB
VmallocChunk:          0 kB
Percpu:             2448 kB
CmaTotal:         405504 kB
CmaFree:          277008 kB
MemTotal:        7918588 kB
MemFree:         3298268 kB
MemAvailable:    4581304 kB
Buffers:            3796 kB
Cached:          1256664 kB
SwapCached:         5872 kB
Active:          1345852 kB
Inactive:         618996 kB
Active(anon):     691212 kB
Inactive(anon):    31276 kB
Active(file):     654640 kB
Inactive(file):   587720 kB
Unevictable:        6548 kB
Mlocked:            6108 kB
SwapTotal:       4718584 kB
SwapFree:        4030712 kB
Dirty:            156372 kB
Writeback:             0 kB
AnonPages:        707104 kB
Mapped:           514548 kB
Shmem:             13264 kB
KReclaimable:     715692 kB
Slab:             315304 kB
SReclaimable:      87416 kB
SUnreclaim:       227888 kB
KernelStack:       49040 kB
ShadowCallStack:   12284 kB
PageTables:        64264 kB
NFS_Unstable:          0 kB
Bounce:                0 kB
WritebackTmp:          0 kB
CommitLimit:     8677876 kB
Committed_AS:   64953016 kB
VmallocTotal:   263061440 kB
VmallocUsed:      132008 kB
VmallocChunk:          0 kB
Percpu:             2448 kB
CmaTotal:         405504 kB
CmaFree:          212108 kB
MemTotal:        7918588 kB
MemFree:         3279816 kB
MemAvailable:    4562860 kB
Buffers:            3796 kB
Cached:          1256672 kB
SwapCached:         5872 kB
Active:          1365256 kB
Inactive:         618996 kB
Active(anon):     710616 kB
Inactive(anon):    31268 kB
Active(file):     654640 kB
Inactive(file):   587728 kB
Unevictable:        6548 kB
Mlocked:            6108 kB
SwapTotal:       4718584 kB
SwapFree:        4030712 kB
Dirty:            156396 kB
Writeback:             0 kB
AnonPages:        726376 kB
Mapped:           516240 kB
Shmem:             13264 kB
KReclaimable:     715692 kB
Slab:             315268 kB
SReclaimable:      87416 kB
SUnreclaim:       227852 kB
KernelStack:       48992 kB
ShadowCallStack:   12280 kB
PageTables:        64352 kB
NFS_Unstable:          0 kB
Bounce:                0 kB
WritebackTmp:          0 kB
CommitLimit:     8677876 kB
Committed_AS:   64973616 kB
VmallocTotal:   263061440 kB
VmallocUsed:      132028 kB
VmallocChunk:          0 kB
Percpu:             2448 kB
CmaTotal:         405504 kB
CmaFree:          212108 kB
MemTotal:        7918588 kB
MemFree:         3155252 kB
MemAvailable:    4405572 kB
Buffers:            3824 kB
Cached:          1256804 kB
SwapCached:         5872 kB
Active:          1488544 kB
Inactive:         619028 kB
Active(anon):     833776 kB
Inactive(anon):    31268 kB
Active(file):     654768 kB
Inactive(file):   587760 kB
Unevictable:        6548 kB
Mlocked:            6108 kB
SwapTotal:       4718584 kB
SwapFree:        4030712 kB
Dirty:            156512 kB
Writeback:             0 kB
AnonPages:        849488 kB
Mapped:           561284 kB
Shmem:             13264 kB
KReclaimable:     682808 kB
Slab:             315300 kB
SReclaimable:      87432 kB
SUnreclaim:       227868 kB
KernelStack:       48976 kB
ShadowCallStack:   12272 kB
PageTables:        64756 kB
NFS_Unstable:          0 kB
Bounce:                0 kB
WritebackTmp:          0 kB
CommitLimit:     8677876 kB
Committed_AS:   65198088 kB
VmallocTotal:   263061440 kB
VmallocUsed:      132032 kB
VmallocChunk:          0 kB
Percpu:             2448 kB
CmaTotal:         405504 kB
CmaFree:          212108 kB
MemTotal:        7918588 kB
MemFree:         3066116 kB
MemAvailable:    4281540 kB
Buffers:            3824 kB
Cached:          1256824 kB
SwapCached:         5872 kB
Active:          1576684 kB
Inactive:         619048 kB
Active(anon):     921916 kB
Inactive(anon):    31268 kB
Active(file):     654768 kB
Inactive(file):   587780 kB
Unevictable:        6548 kB
Mlocked:            6108 kB
SwapTotal:       4718584 kB
SwapFree:        4030712 kB
Dirty:            156528 kB
Writeback:             0 kB
AnonPages:        937740 kB
Mapped:           600516 kB
Shmem:             13264 kB
KReclaimable:     647892 kB
Slab:             315664 kB
SReclaimable:      87576 kB
SUnreclaim:       228088 kB
KernelStack:       49040 kB
ShadowCallStack:   12272 kB
PageTables:        65160 kB
NFS_Unstable:          0 kB
Bounce:                0 kB
WritebackTmp:          0 kB
CommitLimit:     8677876 kB
Committed_AS:   65335948 kB
VmallocTotal:   263061440 kB
VmallocUsed:      132064 kB
VmallocChunk:          0 kB
Percpu:             2448 kB
CmaTotal:         405504 kB
CmaFree:          212108 kB
MemTotal:        7918588 kB
MemFree:         2998936 kB
MemAvailable:    4166836 kB
Buffers:            3852 kB
Cached:          1257952 kB
SwapCached:         5880 kB
Active:          1644368 kB
Inactive:         619168 kB
Active(anon):     988576 kB
Inactive(anon):    31272 kB
Active(file):     655792 kB
Inactive(file):   587896 kB
Unevictable:        6548 kB
Mlocked:            6108 kB
SwapTotal:       4718584 kB
SwapFree:        4030712 kB
Dirty:             83156 kB
Writeback:         32584 kB
AnonPages:       1004404 kB
Mapped:           621952 kB
Shmem:             13280 kB
KReclaimable:     599228 kB
Slab:             315908 kB
SReclaimable:      87640 kB
SUnreclaim:       228268 kB
KernelStack:       49088 kB
ShadowCallStack:   12304 kB
PageTables:        65492 kB
NFS_Unstable:          0 kB
Bounce:                0 kB
WritebackTmp:          0 kB
CommitLimit:     8677876 kB
Committed_AS:   65492732 kB
VmallocTotal:   263061440 kB
VmallocUsed:      132124 kB
VmallocChunk:          0 kB
Percpu:             2448 kB
CmaTotal:         405504 kB
CmaFree:          212108 kB
MemTotal:        7918588 kB
MemFree:         2895536 kB
MemAvailable:    4062204 kB
Buffers:            3852 kB
Cached:          1257952 kB
SwapCached:         5880 kB
Active:          1746728 kB
Inactive:         619164 kB
Active(anon):    1090936 kB
Inactive(anon):    31268 kB
Active(file):     655792 kB
Inactive(file):   587896 kB
Unevictable:        6548 kB
Mlocked:            6108 kB
SwapTotal:       4718584 kB
SwapFree:        4030712 kB
Dirty:             17600 kB
Writeback:             0 kB
AnonPages:       1106684 kB
Mapped:           623312 kB
Shmem:             13280 kB
KReclaimable:     597996 kB
Slab:             315760 kB
SReclaimable:      87640 kB
SUnreclaim:       228120 kB
KernelStack:       49056 kB
ShadowCallStack:   12292 kB
PageTables:        65868 kB
NFS_Unstable:          0 kB
Bounce:                0 kB
WritebackTmp:          0 kB
CommitLimit:     8677876 kB
Committed_AS:   65754880 kB
VmallocTotal:   263061440 kB
VmallocUsed:      132100 kB
VmallocChunk:          0 kB
Percpu:             2448 kB
CmaTotal:         405504 kB
CmaFree:          212108 kB
MemTotal:        7918588 kB
MemFree:         2803512 kB
MemAvailable:    3968884 kB
Buffers:            3996 kB
Cached:          1258000 kB
SwapCached:         5880 kB
Active:          1838216 kB
Inactive:         619360 kB
Active(anon):    1182424 kB
Inactive(anon):    31272 kB
Active(file):     655792 kB
Inactive(file):   588088 kB
Unevictable:        6548 kB
Mlocked:            6108 kB
SwapTotal:       4718584 kB
SwapFree:        4030968 kB
Dirty:             17644 kB
Writeback:             0 kB
AnonPages:       1198256 kB
Mapped:           624368 kB
Shmem:             13280 kB
KReclaimable:     596508 kB
Slab:             315628 kB
SReclaimable:      87480 kB
SUnreclaim:       228148 kB
KernelStack:       49056 kB
ShadowCallStack:   12288 kB
PageTables:        66424 kB
NFS_Unstable:          0 kB
Bounce:                0 kB
WritebackTmp:          0 kB
CommitLimit:     8677876 kB
Committed_AS:   66000636 kB
VmallocTotal:   263061440 kB
VmallocUsed:      132140 kB
VmallocChunk:          0 kB
Percpu:             2448 kB
CmaTotal:         405504 kB
CmaFree:          212108 kB
MemTotal:        7918588 kB
MemFree:         2703640 kB
MemAvailable:    3859320 kB
Buffers:            3996 kB
Cached:          1258008 kB
SwapCached:         5880 kB
Active:          1936544 kB
Inactive:         619360 kB
Active(anon):    1280752 kB
Inactive(anon):    31272 kB
Active(file):     655792 kB
Inactive(file):   588088 kB
Unevictable:        6548 kB
Mlocked:            6108 kB
SwapTotal:       4718584 kB
SwapFree:        4030968 kB
Dirty:             17644 kB
Writeback:             0 kB
AnonPages:       1296516 kB
Mapped:           625096 kB
Shmem:             13288 kB
KReclaimable:     586816 kB
Slab:             315700 kB
SReclaimable:      87480 kB
SUnreclaim:       228220 kB
KernelStack:       49056 kB
ShadowCallStack:   12292 kB
PageTables:        66804 kB
NFS_Unstable:          0 kB
Bounce:                0 kB
WritebackTmp:          0 kB
CommitLimit:     8677876 kB
Committed_AS:   66246348 kB
VmallocTotal:   263061440 kB
VmallocUsed:      132120 kB
VmallocChunk:          0 kB
Percpu:             2448 kB
CmaTotal:         405504 kB
CmaFree:          212108 kB
MemTotal:        7918588 kB
MemFree:         2624296 kB
MemAvailable:    3778900 kB
Buffers:            4004 kB
Cached:          1258032 kB
SwapCached:         5880 kB
Active:          2017092 kB
Inactive:         619384 kB
Active(anon):    1361300 kB
Inactive(anon):    31268 kB
Active(file):     655792 kB
Inactive(file):   588116 kB
Unevictable:        6548 kB
Mlocked:            6108 kB
SwapTotal:       4718584 kB
SwapFree:        4030968 kB
Dirty:             17728 kB
Writeback:             0 kB
AnonPages:       1376984 kB
Mapped:           625832 kB
Shmem:             13292 kB
KReclaimable:     585712 kB
Slab:             315900 kB
SReclaimable:      87480 kB
SUnreclaim:       228420 kB
KernelStack:       48976 kB
ShadowCallStack:   12264 kB
PageTables:        67388 kB
NFS_Unstable:          0 kB
Bounce:                0 kB
WritebackTmp:          0 kB
CommitLimit:     8677876 kB
Committed_AS:   66475684 kB
VmallocTotal:   263061440 kB
VmallocUsed:      131984 kB
VmallocChunk:          0 kB
Percpu:             2448 kB
CmaTotal:         405504 kB
CmaFree:          212108 kB
MemTotal:        7918588 kB
MemFree:         2488748 kB
MemAvailable:    3552712 kB
Buffers:            4004 kB
Cached:          1258152 kB
SwapCached:         5880 kB
Active:          2150516 kB
Inactive:         619424 kB
Active(anon):    1494724 kB
Inactive(anon):    31252 kB
Active(file):     655792 kB
Inactive(file):   588172 kB
Unevictable:        6548 kB
Mlocked:            6108 kB
SwapTotal:       4718584 kB
SwapFree:        4031736 kB
Dirty:             17728 kB
Writeback:             0 kB
AnonPages:       1510644 kB
Mapped:           627608 kB
Shmem:             13356 kB
KReclaimable:     462720 kB
Slab:             316136 kB
SReclaimable:      87496 kB
SUnreclaim:       228640 kB
KernelStack:       49088 kB
ShadowCallStack:   12296 kB
PageTables:        67932 kB
NFS_Unstable:          0 kB
Bounce:                0 kB
WritebackTmp:          0 kB
CommitLimit:     8677876 kB
Committed_AS:   66705464 kB
VmallocTotal:   263061440 kB
VmallocUsed:      132156 kB
VmallocChunk:          0 kB
Percpu:             2448 kB
CmaTotal:         405504 kB
CmaFree:          212108 kB
MemTotal:        7918588 kB
MemFree:         2380640 kB
MemAvailable:    3439696 kB
Buffers:            4004 kB
Cached:          1258260 kB
SwapCached:         5880 kB
Active:          2258472 kB
Inactive:         619424 kB
Active(anon):    1602680 kB
Inactive(anon):    31252 kB
Active(file):     655792 kB
Inactive(file):   588172 kB
Unevictable:        6548 kB
Mlocked:            6108 kB
SwapTotal:       4718584 kB
SwapFree:        4031736 kB
Dirty:             17728 kB
Writeback:             0 kB
AnonPages:       1618200 kB
Mapped:           628448 kB
Shmem:             13464 kB
KReclaimable:     452904 kB
Slab:             316088 kB
SReclaimable:      87496 kB
SUnreclaim:       228592 kB
KernelStack:       49072 kB
ShadowCallStack:   12296 kB
PageTables:        68476 kB
NFS_Unstable:          0 kB
Bounce:                0 kB
WritebackTmp:          0 kB
CommitLimit:     8677876 kB
Committed_AS:   66967616 kB
VmallocTotal:   263061440 kB
VmallocUsed:      132168 kB
VmallocChunk:          0 kB
Percpu:             2448 kB
CmaTotal:         405504 kB
CmaFree:          212108 kB
MemTotal:        7918588 kB
MemFree:         2334912 kB
MemAvailable:    3486204 kB
Buffers:            4012 kB
Cached:          1258128 kB
SwapCached:         5880 kB
Active:          2303764 kB
Inactive:         619440 kB
Active(anon):    1647972 kB
Inactive(anon):    31252 kB
Active(file):     655792 kB
Inactive(file):   588188 kB
Unevictable:        6548 kB
Mlocked:            6108 kB
SwapTotal:       4718584 kB
SwapFree:        4031736 kB
Dirty:             17752 kB
Writeback:             0 kB
AnonPages:       1663896 kB
Mapped:           628460 kB
Shmem:             13324 kB
KReclaimable:     582328 kB
Slab:             315916 kB
SReclaimable:      87496 kB
SUnreclaim:       228420 kB
KernelStack:       48976 kB
ShadowCallStack:   12264 kB
PageTables:        69056 kB
NFS_Unstable:          0 kB
Bounce:                0 kB
WritebackTmp:          0 kB
CommitLimit:     8677876 kB
Committed_AS:   67196604 kB
VmallocTotal:   263061440 kB
VmallocUsed:      131964 kB
VmallocChunk:          0 kB
Percpu:             2448 kB
CmaTotal:         405504 kB
CmaFree:          212108 kB
MemTotal:        7918588 kB
MemFree:         2230460 kB
MemAvailable:    3380224 kB
Buffers:            4036 kB
Cached:          1258128 kB
SwapCached:         5880 kB
Active:          2407268 kB
Inactive:         619460 kB
Active(anon):    1751476 kB
Inactive(anon):    31248 kB
Active(file):     655792 kB
Inactive(file):   588212 kB
Unevictable:        6548 kB
Mlocked:            6108 kB
SwapTotal:       4718584 kB
SwapFree:        4031736 kB
Dirty:             17752 kB
Writeback:             0 kB
AnonPages:       1767252 kB
Mapped:           629356 kB
Shmem:             13324 kB
KReclaimable:     580776 kB
Slab:             315872 kB
SReclaimable:      87496 kB
SUnreclaim:       228376 kB
KernelStack:       48944 kB
ShadowCallStack:   12260 kB
PageTables:        69208 kB
NFS_Unstable:          0 kB
Bounce:                0 kB
WritebackTmp:          0 kB
CommitLimit:     8677876 kB
Committed_AS:   67443648 kB
VmallocTotal:   263061440 kB
VmallocUsed:      131984 kB
VmallocChunk:          0 kB
Percpu:             2448 kB
CmaTotal:         405504 kB
CmaFree:          212108 kB
MemTotal:        7918588 kB
MemFree:         2147788 kB
MemAvailable:    3296916 kB
Buffers:            4036 kB
Cached:          1258148 kB
SwapCached:         5880 kB
Active:          2490352 kB
Inactive:         619476 kB
Active(anon):    1834560 kB
Inactive(anon):    31252 kB
Active(file):     655792 kB
Inactive(file):   588224 kB
Unevictable:        6548 kB
Mlocked:            6108 kB
SwapTotal:       4718584 kB
SwapFree:        4031736 kB
Dirty:             17752 kB
Writeback:             0 kB
AnonPages:       1850232 kB
Mapped:           629844 kB
Shmem:             13332 kB
KReclaimable:     580128 kB
Slab:             315844 kB
SReclaimable:      87512 kB
SUnreclaim:       228332 kB
KernelStack:       48960 kB
ShadowCallStack:   12268 kB
PageTables:        69788 kB
NFS_Unstable:          0 kB
Bounce:                0 kB
WritebackTmp:          0 kB
CommitLimit:     8677876 kB
Committed_AS:   67640260 kB
VmallocTotal:   263061440 kB
VmallocUsed:      132016 kB
VmallocChunk:          0 kB
Percpu:             2448 kB
CmaTotal:         405504 kB
CmaFree:          212108 kB
MemTotal:        7918588 kB
MemFree:         2061840 kB
MemAvailable:    3210064 kB
Buffers:            4036 kB
Cached:          1258148 kB
SwapCached:         5880 kB
Active:          2574544 kB
Inactive:         619472 kB
Active(anon):    1918752 kB
Inactive(anon):    31248 kB
Active(file):     655792 kB
Inactive(file):   588224 kB
Unevictable:        6548 kB
Mlocked:            6108 kB
SwapTotal:       4718584 kB
SwapFree:        4031736 kB
Dirty:             17752 kB
Writeback:             0 kB
AnonPages:       1934584 kB
Mapped:           630428 kB
Shmem:             13332 kB
KReclaimable:     579224 kB
Slab:             316008 kB
SReclaimable:      87528 kB
SUnreclaim:       228480 kB
KernelStack:       48976 kB
ShadowCallStack:   12268 kB
PageTables:        70192 kB
NFS_Unstable:          0 kB
Bounce:                0 kB
WritebackTmp:          0 kB
CommitLimit:     8677876 kB
Committed_AS:   67836868 kB
VmallocTotal:   263061440 kB
VmallocUsed:      131984 kB
VmallocChunk:          0 kB
Percpu:             2448 kB
CmaTotal:         405504 kB
CmaFree:          212108 kB
MemTotal:        7918588 kB
MemFree:         1986492 kB
MemAvailable:    3133644 kB
Buffers:            4036 kB
Cached:          1258156 kB
SwapCached:         5880 kB
Active:          2650160 kB
Inactive:         619476 kB
Active(anon):    1994368 kB
Inactive(anon):    31252 kB
Active(file):     655792 kB
Inactive(file):   588224 kB
Unevictable:        6548 kB
Mlocked:            6108 kB
SwapTotal:       4718584 kB
SwapFree:        4031736 kB
Dirty:             17752 kB
Writeback:             0 kB
AnonPages:       2010164 kB
Mapped:           631008 kB
Shmem:             13340 kB
KReclaimable:     578152 kB
Slab:             315972 kB
SReclaimable:      87528 kB
SUnreclaim:       228444 kB
KernelStack:       48960 kB
ShadowCallStack:   12272 kB
PageTables:        70444 kB
NFS_Unstable:          0 kB
Bounce:                0 kB
WritebackTmp:          0 kB
CommitLimit:     8677876 kB
Committed_AS:   68000716 kB
VmallocTotal:   263061440 kB
VmallocUsed:      132000 kB
VmallocChunk:          0 kB
Percpu:             2448 kB
CmaTotal:         405504 kB
CmaFree:          212108 kB
MemTotal:        7918588 kB
MemFree:         1905836 kB
MemAvailable:    3052016 kB
Buffers:            4048 kB
Cached:          1258212 kB
SwapCached:         5880 kB
Active:          2731172 kB
Inactive:         619544 kB
Active(anon):    2075380 kB
Inactive(anon):    31252 kB
Active(file):     655792 kB
Inactive(file):   588292 kB
Unevictable:        6548 kB
Mlocked:            6108 kB
SwapTotal:       4718584 kB
SwapFree:        4031736 kB
Dirty:             17716 kB
Writeback:             0 kB
AnonPages:       2091036 kB
Mapped:           631740 kB
Shmem:             13340 kB
KReclaimable:     577112 kB
Slab:             316044 kB
SReclaimable:      87528 kB
SUnreclaim:       228516 kB
KernelStack:       48976 kB
ShadowCallStack:   12268 kB
PageTables:        70904 kB
NFS_Unstable:          0 kB
Bounce:                0 kB
WritebackTmp:          0 kB
CommitLimit:     8677876 kB
Committed_AS:   68197348 kB
VmallocTotal:   263061440 kB
VmallocUsed:      131996 kB
VmallocChunk:          0 kB
Percpu:             2448 kB
CmaTotal:         405504 kB
CmaFree:          212108 kB
MemTotal:        7918588 kB
MemFree:         1829492 kB
MemAvailable:    2974448 kB
Buffers:            4048 kB
Cached:          1258212 kB
SwapCached:         5880 kB
Active:          2807556 kB
Inactive:         619544 kB
Active(anon):    2151764 kB
Inactive(anon):    31252 kB
Active(file):     655792 kB
Inactive(file):   588292 kB
Unevictable:        6548 kB
Mlocked:            6108 kB
SwapTotal:       4718584 kB
SwapFree:        4031992 kB
Dirty:             17716 kB
Writeback:             0 kB
AnonPages:       2167632 kB
Mapped:           632612 kB
Shmem:             13340 kB
KReclaimable:     575888 kB
Slab:             315992 kB
SReclaimable:      87448 kB
SUnreclaim:       228544 kB
KernelStack:       48928 kB
ShadowCallStack:   12268 kB
PageTables:        71164 kB
NFS_Unstable:          0 kB
Bounce:                0 kB
WritebackTmp:          0 kB
CommitLimit:     8677876 kB
Committed_AS:   68377496 kB
VmallocTotal:   263061440 kB
VmallocUsed:      131984 kB
VmallocChunk:          0 kB
Percpu:             2448 kB
CmaTotal:         405504 kB
CmaFree:          212172 kB
MemTotal:        7918588 kB
MemFree:         1779708 kB
MemAvailable:    2923960 kB
Buffers:            4052 kB
Cached:          1258416 kB
SwapCached:         5880 kB
Active:          2856652 kB
Inactive:         619752 kB
Active(anon):    2200860 kB
Inactive(anon):    31252 kB
Active(file):     655792 kB
Inactive(file):   588500 kB
Unevictable:        6548 kB
Mlocked:            6108 kB
SwapTotal:       4718584 kB
SwapFree:        4031992 kB
Dirty:             17764 kB
Writeback:             0 kB
AnonPages:       2216656 kB
Mapped:           633028 kB
Shmem:             13340 kB
KReclaimable:     574976 kB
Slab:             316100 kB
SReclaimable:      87448 kB
SUnreclaim:       228652 kB
KernelStack:       48944 kB
ShadowCallStack:   12260 kB
PageTables:        71412 kB
NFS_Unstable:          0 kB
Bounce:                0 kB
WritebackTmp:          0 kB
CommitLimit:     8677876 kB
Committed_AS:   68508568 kB
VmallocTotal:   263061440 kB
VmallocUsed:      131996 kB
VmallocChunk:          0 kB
Percpu:             2448 kB
CmaTotal:         405504 kB
CmaFree:          212668 kB
MemTotal:        7918588 kB
MemFree:         1714416 kB
MemAvailable:    2857988 kB
Buffers:            4052 kB
Cached:          1258432 kB
SwapCached:         5880 kB
Active:          2921636 kB
Inactive:         619756 kB
Active(anon):    2265844 kB
Inactive(anon):    31248 kB
Active(file):     655792 kB
Inactive(file):   588508 kB
Unevictable:        6548 kB
Mlocked:            6108 kB
SwapTotal:       4718584 kB
SwapFree:        4031992 kB
Dirty:             17772 kB
Writeback:             0 kB
AnonPages:       2281592 kB
Mapped:           633524 kB
Shmem:             13348 kB
KReclaimable:     574288 kB
Slab:             316316 kB
SReclaimable:      87448 kB
SUnreclaim:       228868 kB
KernelStack:       48960 kB
ShadowCallStack:   12272 kB
PageTables:        71796 kB
NFS_Unstable:          0 kB
Bounce:                0 kB
WritebackTmp:          0 kB
CommitLimit:     8677876 kB
Committed_AS:   68639648 kB
VmallocTotal:   263061440 kB
VmallocUsed:      131964 kB
VmallocChunk:          0 kB
Percpu:             2448 kB
CmaTotal:         405504 kB
CmaFree:          212668 kB
MemTotal:        7918588 kB
MemFree:         1655676 kB
MemAvailable:    2798448 kB
Buffers:            4052 kB
Cached:          1258432 kB
SwapCached:         5880 kB
Active:          2979192 kB
Inactive:         619760 kB
Active(anon):    2323400 kB
Inactive(anon):    31252 kB
Active(file):     655792 kB
Inactive(file):   588508 kB
Unevictable:        6548 kB
Mlocked:            6108 kB
SwapTotal:       4718584 kB
SwapFree:        4031992 kB
Dirty:             17776 kB
Writeback:             0 kB
AnonPages:       2339156 kB
Mapped:           634092 kB
Shmem:             13348 kB
KReclaimable:     573488 kB
Slab:             316260 kB
SReclaimable:      87448 kB
SUnreclaim:       228812 kB
KernelStack:       48960 kB
ShadowCallStack:   12264 kB
PageTables:        71980 kB
NFS_Unstable:          0 kB
Bounce:                0 kB
WritebackTmp:          0 kB
CommitLimit:     8677876 kB
Committed_AS:   68787104 kB
VmallocTotal:   263061440 kB
VmallocUsed:      131960 kB
VmallocChunk:          0 kB
Percpu:             2448 kB
CmaTotal:         405504 kB
CmaFree:          212668 kB
MemTotal:        7918588 kB
MemFree:         1603992 kB
MemAvailable:    2746200 kB
Buffers:            4052 kB
Cached:          1258444 kB
SwapCached:         5880 kB
Active:          3031640 kB
Inactive:         619764 kB
Active(anon):    2375848 kB
Inactive(anon):    31244 kB
Active(file):     655792 kB
Inactive(file):   588520 kB
Unevictable:        6548 kB
Mlocked:            6108 kB
SwapTotal:       4718584 kB
SwapFree:        4031992 kB
Dirty:             17808 kB
Writeback:             0 kB
AnonPages:       2391452 kB
Mapped:           634428 kB
Shmem:             13348 kB
KReclaimable:     572912 kB
Slab:             316160 kB
SReclaimable:      87448 kB
SUnreclaim:       228712 kB
KernelStack:       48944 kB
ShadowCallStack:   12264 kB
PageTables:        72252 kB
NFS_Unstable:          0 kB
Bounce:                0 kB
WritebackTmp:          0 kB
CommitLimit:     8677876 kB
Committed_AS:   68918176 kB
VmallocTotal:   263061440 kB
VmallocUsed:      131980 kB
VmallocChunk:          0 kB
Percpu:             2448 kB
CmaTotal:         405504 kB
CmaFree:          212668 kB
MemTotal:        7918588 kB
MemFree:         1547032 kB
MemAvailable:    2688656 kB
Buffers:            4076 kB
Cached:          1258444 kB
SwapCached:         5880 kB
Active:          3086792 kB
Inactive:         619796 kB
Active(anon):    2431000 kB
Inactive(anon):    31252 kB
Active(file):     655792 kB
Inactive(file):   588544 kB
Unevictable:        6548 kB
Mlocked:            6108 kB
SwapTotal:       4718584 kB
SwapFree:        4031992 kB
Dirty:             17808 kB
Writeback:             0 kB
AnonPages:       2446948 kB
Mapped:           634720 kB
Shmem:             13348 kB
KReclaimable:     572304 kB
Slab:             316216 kB
SReclaimable:      87448 kB
SUnreclaim:       228768 kB
KernelStack:       48928 kB
ShadowCallStack:   12264 kB
PageTables:        72480 kB
NFS_Unstable:          0 kB
Bounce:                0 kB
WritebackTmp:          0 kB
CommitLimit:     8677876 kB
Committed_AS:   69050272 kB
VmallocTotal:   263061440 kB
VmallocUsed:      131980 kB
VmallocChunk:          0 kB
Percpu:             2448 kB
CmaTotal:         405504 kB
CmaFree:          212668 kB
MemTotal:        7918588 kB
MemFree:         1492756 kB
MemAvailable:    2633500 kB
Buffers:            4076 kB
Cached:          1258448 kB
SwapCached:         5880 kB
Active:          3143068 kB
Inactive:         619788 kB
Active(anon):    2487276 kB
Inactive(anon):    31244 kB
Active(file):     655792 kB
Inactive(file):   588544 kB
Unevictable:        6548 kB
Mlocked:            6108 kB
SwapTotal:       4718584 kB
SwapFree:        4032248 kB
Dirty:             17816 kB
Writeback:             0 kB
AnonPages:       2503028 kB
Mapped:           635344 kB
Shmem:             13352 kB
KReclaimable:     571424 kB
Slab:             316360 kB
SReclaimable:      87448 kB
SUnreclaim:       228912 kB
KernelStack:       48960 kB
ShadowCallStack:   12268 kB
PageTables:        72652 kB
NFS_Unstable:          0 kB
Bounce:                0 kB
WritebackTmp:          0 kB
CommitLimit:     8677876 kB
Committed_AS:   69148580 kB
VmallocTotal:   263061440 kB
VmallocUsed:      131980 kB
VmallocChunk:          0 kB
Percpu:             2448 kB
CmaTotal:         405504 kB
CmaFree:          212668 kB
MemTotal:        7918588 kB
MemFree:         1436852 kB
MemAvailable:    2576636 kB
Buffers:            4084 kB
Cached:          1258448 kB
SwapCached:         5880 kB
Active:          3196424 kB
Inactive:         619804 kB
Active(anon):    2540632 kB
Inactive(anon):    31252 kB
Active(file):     655792 kB
Inactive(file):   588552 kB
Unevictable:        6548 kB
Mlocked:            6108 kB
SwapTotal:       4718584 kB
SwapFree:        4032248 kB
Dirty:             17824 kB
Writeback:             0 kB
AnonPages:       2556304 kB
Mapped:           635988 kB
Shmem:             13352 kB
KReclaimable:     570456 kB
Slab:             316292 kB
SReclaimable:      87448 kB
SUnreclaim:       228844 kB
KernelStack:       48960 kB
ShadowCallStack:   12272 kB
PageTables:        72960 kB
NFS_Unstable:          0 kB
Bounce:                0 kB
WritebackTmp:          0 kB
CommitLimit:     8677876 kB
Committed_AS:   69279652 kB
VmallocTotal:   263061440 kB
VmallocUsed:      131980 kB
VmallocChunk:          0 kB
Percpu:             2448 kB
CmaTotal:         405504 kB
CmaFree:          212668 kB
MemTotal:        7918588 kB
MemFree:         1383456 kB
MemAvailable:    2522840 kB
Buffers:            4084 kB
Cached:          1258448 kB
SwapCached:         5880 kB
Active:          3249132 kB
Inactive:         619804 kB
Active(anon):    2593340 kB
Inactive(anon):    31252 kB
Active(file):     655792 kB
Inactive(file):   588552 kB
Unevictable:        6548 kB
Mlocked:            6108 kB
SwapTotal:       4718584 kB
SwapFree:        4032248 kB
Dirty:               376 kB
Writeback:             0 kB
AnonPages:       2609200 kB
Mapped:           636292 kB
Shmem:             13352 kB
KReclaimable:     570056 kB
Slab:             316512 kB
SReclaimable:      87464 kB
SUnreclaim:       229048 kB
KernelStack:       48928 kB
ShadowCallStack:   12256 kB
PageTables:        73072 kB
NFS_Unstable:          0 kB
Bounce:                0 kB
WritebackTmp:          0 kB
CommitLimit:     8677876 kB
Committed_AS:   69410728 kB
VmallocTotal:   263061440 kB
VmallocUsed:      131976 kB
VmallocChunk:          0 kB
Percpu:             2448 kB
CmaTotal:         405504 kB
CmaFree:          212668 kB
MemTotal:        7918588 kB
MemFree:         1321456 kB
MemAvailable:    2459736 kB
Buffers:            4084 kB
Cached:          1258460 kB
SwapCached:         5880 kB
Active:          3311688 kB
Inactive:         619808 kB
Active(anon):    2655896 kB
Inactive(anon):    31248 kB
Active(file):     655792 kB
Inactive(file):   588560 kB
Unevictable:        6548 kB
Mlocked:            6108 kB
SwapTotal:       4718584 kB
SwapFree:        4032248 kB
Dirty:               388 kB
Writeback:             0 kB
AnonPages:       2671740 kB
Mapped:           636868 kB
Shmem:             13356 kB
KReclaimable:     568944 kB
Slab:             316616 kB
SReclaimable:      87464 kB
SUnreclaim:       229152 kB
KernelStack:       48976 kB
ShadowCallStack:   12264 kB
PageTables:        73520 kB
NFS_Unstable:          0 kB
Bounce:                0 kB
WritebackTmp:          0 kB
CommitLimit:     8677876 kB
Committed_AS:   69541752 kB
VmallocTotal:   263061440 kB
VmallocUsed:      131964 kB
VmallocChunk:          0 kB
Percpu:             2448 kB
CmaTotal:         405504 kB
CmaFree:          212668 kB
MemTotal:        7918588 kB
MemFree:         1279964 kB
MemAvailable:    2417916 kB
Buffers:            4092 kB
Cached:          1258464 kB
SwapCached:         5880 kB
Active:          3353960 kB
Inactive:         619820 kB
Active(anon):    2698168 kB
Inactive(anon):    31252 kB
Active(file):     655792 kB
Inactive(file):   588568 kB
Unevictable:        6548 kB
Mlocked:            6108 kB
SwapTotal:       4718584 kB
SwapFree:        4032248 kB
Dirty:               408 kB
Writeback:             0 kB
AnonPages:       2713740 kB
Mapped:           637184 kB
Shmem:             13360 kB
KReclaimable:     568608 kB
Slab:             316544 kB
SReclaimable:      87464 kB
SUnreclaim:       229080 kB
KernelStack:       48736 kB
ShadowCallStack:   12204 kB
PageTables:        73456 kB
NFS_Unstable:          0 kB
Bounce:                0 kB
WritebackTmp:          0 kB
CommitLimit:     8677876 kB
Committed_AS:   69639388 kB
VmallocTotal:   263061440 kB
VmallocUsed:      131720 kB
VmallocChunk:          0 kB
Percpu:             2448 kB
CmaTotal:         405504 kB
CmaFree:          212668 kB
MemTotal:        7918588 kB
MemFree:         1213908 kB
MemAvailable:    2351196 kB
Buffers:            4092 kB
Cached:          1258468 kB
SwapCached:         5880 kB
Active:          3420748 kB
Inactive:         619820 kB
Active(anon):    2764956 kB
Inactive(anon):    31252 kB
Active(file):     655792 kB
Inactive(file):   588568 kB
Unevictable:        6548 kB
Mlocked:            6108 kB
SwapTotal:       4718584 kB
SwapFree:        4032248 kB
Dirty:               408 kB
Writeback:             0 kB
AnonPages:       2780748 kB
Mapped:           637672 kB
Shmem:             13364 kB
KReclaimable:     567944 kB
Slab:             316596 kB
SReclaimable:      87480 kB
SUnreclaim:       229116 kB
KernelStack:       48720 kB
ShadowCallStack:   12204 kB
PageTables:        73984 kB
NFS_Unstable:          0 kB
Bounce:                0 kB
WritebackTmp:          0 kB
CommitLimit:     8677876 kB
Committed_AS:   69803180 kB
VmallocTotal:   263061440 kB
VmallocUsed:      131660 kB
VmallocChunk:          0 kB
Percpu:             2448 kB
CmaTotal:         405504 kB
CmaFree:          191044 kB
MemTotal:        7918588 kB
MemFree:         1170052 kB
MemAvailable:    2306392 kB
Buffers:            4092 kB
Cached:          1258496 kB
SwapCached:         5880 kB
Active:          3465440 kB
Inactive:         619820 kB
Active(anon):    2809620 kB
Inactive(anon):    31252 kB
Active(file):     655820 kB
Inactive(file):   588568 kB
Unevictable:        6548 kB
Mlocked:            6108 kB
SwapTotal:       4718584 kB
SwapFree:        4032248 kB
Dirty:               408 kB
Writeback:             0 kB
AnonPages:       2825368 kB
Mapped:           638228 kB
Shmem:             13364 kB
KReclaimable:     566968 kB
Slab:             316612 kB
SReclaimable:      87480 kB
SUnreclaim:       229132 kB
KernelStack:       48704 kB
ShadowCallStack:   12200 kB
PageTables:        74188 kB
NFS_Unstable:          0 kB
Bounce:                0 kB
WritebackTmp:          0 kB
CommitLimit:     8677876 kB
Committed_AS:   69901484 kB
VmallocTotal:   263061440 kB
VmallocUsed:      131664 kB
VmallocChunk:          0 kB
Percpu:             2448 kB
CmaTotal:         405504 kB
CmaFree:          147232 kB
MemTotal:        7918588 kB
MemFree:         1113808 kB
MemAvailable:    2249748 kB
Buffers:            4092 kB
Cached:          1258496 kB
SwapCached:         5880 kB
Active:          3521720 kB
Inactive:         619820 kB
Active(anon):    2865900 kB
Inactive(anon):    31252 kB
Active(file):     655820 kB
Inactive(file):   588568 kB
Unevictable:        6548 kB
Mlocked:            6108 kB
SwapTotal:       4718584 kB
SwapFree:        4032248 kB
Dirty:               408 kB
Writeback:             0 kB
AnonPages:       2881632 kB
Mapped:           638576 kB
Shmem:             13364 kB
KReclaimable:     566568 kB
Slab:             316600 kB
SReclaimable:      87480 kB
SUnreclaim:       229120 kB
KernelStack:       48736 kB
ShadowCallStack:   12208 kB
PageTables:        74428 kB
NFS_Unstable:          0 kB
Bounce:                0 kB
WritebackTmp:          0 kB
CommitLimit:     8677876 kB
Committed_AS:   70032688 kB
VmallocTotal:   263061440 kB
VmallocUsed:      131732 kB
VmallocChunk:          0 kB
Percpu:             2448 kB
CmaTotal:         405504 kB
CmaFree:           90720 kB
MemTotal:        7918588 kB
MemFree:         1010444 kB
MemAvailable:    2065368 kB
Buffers:            4092 kB
Cached:          1258632 kB
SwapCached:         5880 kB
Active:          3624760 kB
Inactive:         619828 kB
Active(anon):    2968940 kB
Inactive(anon):    31252 kB
Active(file):     655820 kB
Inactive(file):   588576 kB
Unevictable:        6548 kB
Mlocked:            6108 kB
SwapTotal:       4718584 kB
SwapFree:        4032248 kB
Dirty:               416 kB
Writeback:             0 kB
AnonPages:       2984572 kB
Mapped:           639920 kB
Shmem:             13492 kB
KReclaimable:     443776 kB
Slab:             316616 kB
SReclaimable:      87432 kB
SUnreclaim:       229184 kB
KernelStack:       48720 kB
ShadowCallStack:   12204 kB
PageTables:        74792 kB
NFS_Unstable:          0 kB
Bounce:                0 kB
WritebackTmp:          0 kB
CommitLimit:     8677876 kB
Committed_AS:   70180096 kB
VmallocTotal:   263061440 kB
VmallocUsed:      131728 kB
VmallocChunk:          0 kB
Percpu:             2448 kB
CmaTotal:         405504 kB
CmaFree:               0 kB
MemTotal:        7918588 kB
MemFree:          995348 kB
MemAvailable:    2129600 kB
Buffers:            4124 kB
Cached:          1258504 kB
SwapCached:         5880 kB
Active:          3638948 kB
Inactive:         619860 kB
Active(anon):    2983128 kB
Inactive(anon):    31252 kB
Active(file):     655820 kB
Inactive(file):   588608 kB
Unevictable:        6548 kB
Mlocked:            6108 kB
SwapTotal:       4718584 kB
SwapFree:        4032248 kB
Dirty:               452 kB
Writeback:             0 kB
AnonPages:       2998848 kB
Mapped:           639656 kB
Shmem:             13364 kB
KReclaimable:     564840 kB
Slab:             316600 kB
SReclaimable:      87432 kB
SUnreclaim:       229168 kB
KernelStack:       48528 kB
ShadowCallStack:   12168 kB
PageTables:        74864 kB
NFS_Unstable:          0 kB
Bounce:                0 kB
WritebackTmp:          0 kB
CommitLimit:     8677876 kB
Committed_AS:   70294076 kB
VmallocTotal:   263061440 kB
VmallocUsed:      131448 kB
VmallocChunk:          0 kB
Percpu:             2448 kB
CmaTotal:         405504 kB
CmaFree:             480 kB
MemTotal:        7918588 kB
MemFree:          941052 kB
MemAvailable:    2074680 kB
Buffers:            4124 kB
Cached:          1258504 kB
SwapCached:         5880 kB
Active:          3694720 kB
Inactive:         619860 kB
Active(anon):    3038900 kB
Inactive(anon):    31252 kB
Active(file):     655820 kB
Inactive(file):   588608 kB
Unevictable:        6548 kB
Mlocked:            6108 kB
SwapTotal:       4718584 kB
SwapFree:        4032248 kB
Dirty:               452 kB
Writeback:             8 kB
AnonPages:       3054488 kB
Mapped:           640004 kB
Shmem:             13364 kB
KReclaimable:     564216 kB
Slab:             316680 kB
SReclaimable:      87400 kB
SUnreclaim:       229280 kB
KernelStack:       48496 kB
ShadowCallStack:   12164 kB
PageTables:        75144 kB
NFS_Unstable:          0 kB
Bounce:                0 kB
WritebackTmp:          0 kB
CommitLimit:     8677876 kB
Committed_AS:   70425152 kB
VmallocTotal:   263061440 kB
VmallocUsed:      131440 kB
VmallocChunk:          0 kB
Percpu:             2448 kB
CmaTotal:         405504 kB
CmaFree:               0 kB
MemTotal:        7918588 kB
MemFree:          889616 kB
MemAvailable:    2022460 kB
Buffers:            4124 kB
Cached:          1258512 kB
SwapCached:         5880 kB
Active:          3745156 kB
Inactive:         619868 kB
Active(anon):    3089336 kB
Inactive(anon):    31252 kB
Active(file):     655820 kB
Inactive(file):   588616 kB
Unevictable:        6548 kB
Mlocked:            6108 kB
SwapTotal:       4718584 kB
SwapFree:        4032248 kB
Dirty:               564 kB
Writeback:             0 kB
AnonPages:       3104788 kB
Mapped:           640392 kB
Shmem:             13364 kB
KReclaimable:     563424 kB
Slab:             316788 kB
SReclaimable:      87400 kB
SUnreclaim:       229388 kB
KernelStack:       48512 kB
ShadowCallStack:   12156 kB
PageTables:        75368 kB
NFS_Unstable:          0 kB
Bounce:                0 kB
WritebackTmp:          0 kB
CommitLimit:     8677876 kB
Committed_AS:   70556220 kB
VmallocTotal:   263061440 kB
VmallocUsed:      131424 kB
VmallocChunk:          0 kB
Percpu:             2448 kB
CmaTotal:         405504 kB
CmaFree:               0 kB
MemTotal:        7918588 kB
MemFree:          841220 kB
MemAvailable:    1973560 kB
Buffers:            4124 kB
Cached:          1258512 kB
SwapCached:         5880 kB
Active:          3793252 kB
Inactive:         619872 kB
Active(anon):    3137432 kB
Inactive(anon):    31256 kB
Active(file):     655820 kB
Inactive(file):   588616 kB
Unevictable:        6548 kB
Mlocked:            6108 kB
SwapTotal:       4718584 kB
SwapFree:        4032248 kB
Dirty:               280 kB
Writeback:             0 kB
AnonPages:       3153044 kB
Mapped:           640712 kB
Shmem:             13364 kB
KReclaimable:     562920 kB
Slab:             316812 kB
SReclaimable:      87400 kB
SUnreclaim:       229412 kB
KernelStack:       48528 kB
ShadowCallStack:   12156 kB
PageTables:        75592 kB
NFS_Unstable:          0 kB
Bounce:                0 kB
WritebackTmp:          0 kB
CommitLimit:     8677876 kB
Committed_AS:   70667552 kB
VmallocTotal:   263061440 kB
VmallocUsed:      131420 kB
VmallocChunk:          0 kB
Percpu:             2448 kB
CmaTotal:         405504 kB
CmaFree:               0 kB
MemTotal:        7918588 kB
MemFree:          783236 kB
MemAvailable:    1914432 kB
Buffers:            4124 kB
Cached:          1258524 kB
SwapCached:         5880 kB
Active:          3850728 kB
Inactive:         619876 kB
Active(anon):    3194908 kB
Inactive(anon):    31252 kB
Active(file):     655820 kB
Inactive(file):   588624 kB
Unevictable:        6548 kB
Mlocked:            6108 kB
SwapTotal:       4718584 kB
SwapFree:        4032248 kB
Dirty:               304 kB
Writeback:             0 kB
AnonPages:       3210612 kB
Mapped:           641240 kB
Shmem:             13368 kB
KReclaimable:     561768 kB
Slab:             316788 kB
SReclaimable:      87400 kB
SUnreclaim:       229388 kB
KernelStack:       48512 kB
ShadowCallStack:   12156 kB
PageTables:        75972 kB
NFS_Unstable:          0 kB
Bounce:                0 kB
WritebackTmp:          0 kB
CommitLimit:     8677876 kB
Committed_AS:   70815012 kB
VmallocTotal:   263061440 kB
VmallocUsed:      131400 kB
VmallocChunk:          0 kB
Percpu:             2448 kB
CmaTotal:         405504 kB
CmaFree:               0 kB
MemTotal:        7918588 kB
MemFree:          739108 kB
MemAvailable:    1869700 kB
Buffers:            4132 kB
Cached:          1258520 kB
SwapCached:         5880 kB
Active:          3893852 kB
Inactive:         619880 kB
Active(anon):    3238032 kB
Inactive(anon):    31252 kB
Active(file):     655820 kB
Inactive(file):   588628 kB
Unevictable:        6548 kB
Mlocked:            6108 kB
SwapTotal:       4718584 kB
SwapFree:        4032248 kB
Dirty:               376 kB
Writeback:             0 kB
AnonPages:       3253728 kB
Mapped:           641672 kB
Shmem:             13368 kB
KReclaimable:     561160 kB
Slab:             316772 kB
SReclaimable:      87400 kB
SUnreclaim:       229372 kB
KernelStack:       48496 kB
ShadowCallStack:   12144 kB
PageTables:        76064 kB
NFS_Unstable:          0 kB
Bounce:                0 kB
WritebackTmp:          0 kB
CommitLimit:     8677876 kB
Committed_AS:   70896932 kB
VmallocTotal:   263061440 kB
VmallocUsed:      131420 kB
VmallocChunk:          0 kB
Percpu:             2448 kB
CmaTotal:         405504 kB
CmaFree:               0 kB
MemTotal:        7918588 kB
MemFree:          706984 kB
MemAvailable:    1837328 kB
Buffers:            4132 kB
Cached:          1258532 kB
SwapCached:         5880 kB
Active:          3927288 kB
Inactive:         619888 kB
Active(anon):    3271468 kB
Inactive(anon):    31252 kB
Active(file):     655820 kB
Inactive(file):   588636 kB
Unevictable:        6548 kB
Mlocked:            6108 kB
SwapTotal:       4718584 kB
SwapFree:        4032248 kB
Dirty:               376 kB
Writeback:             0 kB
AnonPages:       3287228 kB
Mapped:           641996 kB
Shmem:             13372 kB
KReclaimable:     560904 kB
Slab:             316760 kB
SReclaimable:      87400 kB
SUnreclaim:       229360 kB
KernelStack:       48512 kB
ShadowCallStack:   12152 kB
PageTables:        76256 kB
NFS_Unstable:          0 kB
Bounce:                0 kB
WritebackTmp:          0 kB
CommitLimit:     8677876 kB
Committed_AS:   70978852 kB
VmallocTotal:   263061440 kB
VmallocUsed:      131368 kB
VmallocChunk:          0 kB
Percpu:             2448 kB
CmaTotal:         405504 kB
CmaFree:               0 kB
MemTotal:        7918588 kB
MemFree:          629676 kB
MemAvailable:    1758828 kB
Buffers:            4140 kB
Cached:          1258532 kB
SwapCached:         5880 kB
Active:          4004020 kB
Inactive:         619900 kB
Active(anon):    3348200 kB
Inactive(anon):    31256 kB
Active(file):     655820 kB
Inactive(file):   588644 kB
Unevictable:        6548 kB
Mlocked:            6108 kB
SwapTotal:       4718584 kB
SwapFree:        4032248 kB
Dirty:               376 kB
Writeback:             0 kB
AnonPages:       3363900 kB
Mapped:           642740 kB
Shmem:             13372 kB
KReclaimable:     559704 kB
Slab:             316844 kB
SReclaimable:      87400 kB
SUnreclaim:       229444 kB
KernelStack:       48496 kB
ShadowCallStack:   12148 kB
PageTables:        76604 kB
NFS_Unstable:          0 kB
Bounce:                0 kB
WritebackTmp:          0 kB
CommitLimit:     8677876 kB
Committed_AS:   71142648 kB
VmallocTotal:   263061440 kB
VmallocUsed:      131384 kB
VmallocChunk:          0 kB
Percpu:             2448 kB
CmaTotal:         405504 kB
CmaFree:               0 kB
MemTotal:        7918588 kB
MemFree:          590720 kB
MemAvailable:    1719480 kB
Buffers:            4140 kB
Cached:          1258532 kB
SwapCached:         5880 kB
Active:          4043724 kB
Inactive:         619896 kB
Active(anon):    3387904 kB
Inactive(anon):    31252 kB
Active(file):     655820 kB
Inactive(file):   588644 kB
Unevictable:        6548 kB
Mlocked:            6108 kB
SwapTotal:       4718584 kB
SwapFree:        4032248 kB
Dirty:               288 kB
Writeback:             0 kB
AnonPages:       3403556 kB
Mapped:           642976 kB
Shmem:             13372 kB
KReclaimable:     559312 kB
Slab:             316844 kB
SReclaimable:      87400 kB
SUnreclaim:       229444 kB
KernelStack:       48496 kB
ShadowCallStack:   12148 kB
PageTables:        76792 kB
NFS_Unstable:          0 kB
Bounce:                0 kB
WritebackTmp:          0 kB
CommitLimit:     8677876 kB
Committed_AS:   71257336 kB
VmallocTotal:   263061440 kB
VmallocUsed:      131392 kB
VmallocChunk:          0 kB
Percpu:             2448 kB
CmaTotal:         405504 kB
CmaFree:               0 kB
MemTotal:        7918588 kB
MemFree:          538816 kB
MemAvailable:    1667040 kB
Buffers:            4140 kB
Cached:          1258548 kB
SwapCached:         5880 kB
Active:          4095084 kB
Inactive:         619912 kB
Active(anon):    3439264 kB
Inactive(anon):    31252 kB
Active(file):     655820 kB
Inactive(file):   588660 kB
Unevictable:        6548 kB
Mlocked:            6108 kB
SwapTotal:       4718584 kB
SwapFree:        4032248 kB
Dirty:               296 kB
Writeback:             0 kB
AnonPages:       3455008 kB
Mapped:           643376 kB
Shmem:             13372 kB
KReclaimable:     558760 kB
Slab:             316944 kB
SReclaimable:      87400 kB
SUnreclaim:       229544 kB
KernelStack:       48480 kB
ShadowCallStack:   12144 kB
PageTables:        77024 kB
NFS_Unstable:          0 kB
Bounce:                0 kB
WritebackTmp:          0 kB
CommitLimit:     8677876 kB
Committed_AS:   71372024 kB
VmallocTotal:   263061440 kB
VmallocUsed:      131396 kB
VmallocChunk:          0 kB
Percpu:             2448 kB
CmaTotal:         405504 kB
CmaFree:               0 kB
MemTotal:        7918588 kB
MemFree:          472792 kB
MemAvailable:    1599968 kB
Buffers:            4164 kB
Cached:          1258548 kB
SwapCached:         5880 kB
Active:          4160700 kB
Inactive:         619936 kB
Active(anon):    3504880 kB
Inactive(anon):    31252 kB
Active(file):     655820 kB
Inactive(file):   588684 kB
Unevictable:        6548 kB
Mlocked:            6108 kB
SwapTotal:       4718584 kB
SwapFree:        4032248 kB
Dirty:               312 kB
Writeback:             0 kB
AnonPages:       3520548 kB
Mapped:           643984 kB
Shmem:             13372 kB
KReclaimable:     557688 kB
Slab:             316976 kB
SReclaimable:      87400 kB
SUnreclaim:       229576 kB
KernelStack:       48464 kB
ShadowCallStack:   12140 kB
PageTables:        77404 kB
NFS_Unstable:          0 kB
Bounce:                0 kB
WritebackTmp:          0 kB
CommitLimit:     8677876 kB
Committed_AS:   71519480 kB
VmallocTotal:   263061440 kB
VmallocUsed:      131400 kB
VmallocChunk:          0 kB
Percpu:             2448 kB
CmaTotal:         405504 kB
CmaFree:               0 kB
MemTotal:        7918588 kB
MemFree:          436160 kB
MemAvailable:    1563212 kB
Buffers:            4164 kB
Cached:          1258704 kB
SwapCached:         5880 kB
Active:          4197884 kB
Inactive:         619932 kB
Active(anon):    3541908 kB
Inactive(anon):    31248 kB
Active(file):     655976 kB
Inactive(file):   588684 kB
Unevictable:        6548 kB
Mlocked:            6108 kB
SwapTotal:       4718584 kB
SwapFree:        4032248 kB
Dirty:               312 kB
Writeback:             0 kB
AnonPages:       3557748 kB
Mapped:           644380 kB
Shmem:             13372 kB
KReclaimable:     557408 kB
Slab:             317008 kB
SReclaimable:      87400 kB
SUnreclaim:       229608 kB
KernelStack:       48464 kB
ShadowCallStack:   12156 kB
PageTables:        77576 kB
NFS_Unstable:          0 kB
Bounce:                0 kB
WritebackTmp:          0 kB
CommitLimit:     8677876 kB
Committed_AS:   71601400 kB
VmallocTotal:   263061440 kB
VmallocUsed:      131396 kB
VmallocChunk:          0 kB
Percpu:             2448 kB
CmaTotal:         405504 kB
CmaFree:               0 kB
MemTotal:        7918588 kB
MemFree:          355256 kB
MemAvailable:    1759816 kB
Buffers:            3864 kB
Cached:          1257848 kB
SwapCached:         5880 kB
Active:          4292200 kB
Inactive:         608368 kB
Active(anon):    3635952 kB
Inactive(anon):    21112 kB
Active(file):     656248 kB
Inactive(file):   587256 kB
Unevictable:        6548 kB
Mlocked:            6108 kB
SwapTotal:       4718584 kB
SwapFree:        4031992 kB
Dirty:               312 kB
Writeback:             0 kB
AnonPages:       3641380 kB
Mapped:           645296 kB
Shmem:             13372 kB
KReclaimable:     551280 kB
Slab:             315696 kB
SReclaimable:      86168 kB
SUnreclaim:       229528 kB
KernelStack:       48448 kB
ShadowCallStack:   12140 kB
PageTables:        77776 kB
NFS_Unstable:          0 kB
Bounce:                0 kB
WritebackTmp:          0 kB
CommitLimit:     8677876 kB
Committed_AS:   71765240 kB
VmallocTotal:   263061440 kB
VmallocUsed:      131400 kB
VmallocChunk:          0 kB
Percpu:             2448 kB
CmaTotal:         405504 kB
CmaFree:               0 kB
MemTotal:        7918588 kB
MemFree:          304048 kB
MemAvailable:    1708112 kB
Buffers:            3864 kB
Cached:          1257848 kB
SwapCached:         5880 kB
Active:          4344232 kB
Inactive:         608364 kB
Active(anon):    3687984 kB
Inactive(anon):    21108 kB
Active(file):     656248 kB
Inactive(file):   587256 kB
Unevictable:        6548 kB
Mlocked:            6108 kB
SwapTotal:       4718584 kB
SwapFree:        4031992 kB
Dirty:               312 kB
Writeback:             0 kB
AnonPages:       3693548 kB
Mapped:           645516 kB
Shmem:             13372 kB
KReclaimable:     550784 kB
Slab:             315900 kB
SReclaimable:      86152 kB
SUnreclaim:       229748 kB
KernelStack:       48496 kB
ShadowCallStack:   12148 kB
PageTables:        78136 kB
NFS_Unstable:          0 kB
Bounce:                0 kB
WritebackTmp:          0 kB
CommitLimit:     8677876 kB
Committed_AS:   71879928 kB
VmallocTotal:   263061440 kB
VmallocUsed:      131384 kB
VmallocChunk:          0 kB
Percpu:             2448 kB
CmaTotal:         405504 kB
CmaFree:             240 kB
MemTotal:        7918588 kB
MemFree:          272036 kB
MemAvailable:    1675844 kB
Buffers:            3864 kB
Cached:          1257872 kB
SwapCached:         5880 kB
Active:          4376244 kB
Inactive:         608376 kB
Active(anon):    3719996 kB
Inactive(anon):    21112 kB
Active(file):     656248 kB
Inactive(file):   587264 kB
Unevictable:        6548 kB
Mlocked:            6108 kB
SwapTotal:       4718584 kB
SwapFree:        4031992 kB
Dirty:               320 kB
Writeback:             0 kB
AnonPages:       3725596 kB
Mapped:           645832 kB
Shmem:             13388 kB
KReclaimable:     550520 kB
Slab:             315832 kB
SReclaimable:      86152 kB
SUnreclaim:       229680 kB
KernelStack:       48512 kB
ShadowCallStack:   12144 kB
PageTables:        78076 kB
NFS_Unstable:          0 kB
Bounce:                0 kB
WritebackTmp:          0 kB
CommitLimit:     8677876 kB
Committed_AS:   71961808 kB
VmallocTotal:   263061440 kB
VmallocUsed:      131376 kB
VmallocChunk:          0 kB
Percpu:             2448 kB
CmaTotal:         405504 kB
CmaFree:             240 kB
MemTotal:        7918588 kB
MemFree:          220860 kB
MemAvailable:    1605116 kB
Buffers:            3856 kB
Cached:          1241764 kB
SwapCached:         5880 kB
Active:          4445696 kB
Inactive:         591900 kB
Active(anon):    3789096 kB
Inactive(anon):    21108 kB
Active(file):     656600 kB
Inactive(file):   570792 kB
Unevictable:        6548 kB
Mlocked:            6108 kB
SwapTotal:       4718584 kB
SwapFree:        4031992 kB
Dirty:               320 kB
Writeback:             0 kB
AnonPages:       3794612 kB
Mapped:           646432 kB
Shmem:             13392 kB
KReclaimable:     547088 kB
Slab:             315796 kB
SReclaimable:      86016 kB
SUnreclaim:       229780 kB
KernelStack:       48496 kB
ShadowCallStack:   12148 kB
PageTables:        78564 kB
NFS_Unstable:          0 kB
Bounce:                0 kB
WritebackTmp:          0 kB
CommitLimit:     8677876 kB
Committed_AS:   72109356 kB
VmallocTotal:   263061440 kB
VmallocUsed:      131396 kB
VmallocChunk:          0 kB
Percpu:             2448 kB
CmaTotal:         405504 kB
CmaFree:               0 kB
MemTotal:        7918588 kB
MemFree:          220440 kB
MemAvailable:    1590788 kB
Buffers:            3856 kB
Cached:          1230244 kB
SwapCached:         5880 kB
Active:          4476984 kB
Inactive:         580388 kB
Active(anon):    3820384 kB
Inactive(anon):    21116 kB
Active(file):     656600 kB
Inactive(file):   559272 kB
Unevictable:        6548 kB
Mlocked:            6108 kB
SwapTotal:       4718584 kB
SwapFree:        4031992 kB
Dirty:               320 kB
Writeback:             0 kB
AnonPages:       3825956 kB
Mapped:           646788 kB
Shmem:             13392 kB
KReclaimable:     544700 kB
Slab:             315768 kB
SReclaimable:      85940 kB
SUnreclaim:       229828 kB
KernelStack:       48496 kB
ShadowCallStack:   12144 kB
PageTables:        78676 kB
NFS_Unstable:          0 kB
Bounce:                0 kB
WritebackTmp:          0 kB
CommitLimit:     8677876 kB
Committed_AS:   72158420 kB
VmallocTotal:   263061440 kB
VmallocUsed:      131372 kB
VmallocChunk:          0 kB
Percpu:             2448 kB
CmaTotal:         405504 kB
CmaFree:               0 kB
MemTotal:        7918588 kB
MemFree:          221160 kB
MemAvailable:    1543756 kB
Buffers:            3836 kB
Cached:          1189324 kB
SwapCached:         5880 kB
Active:          4522928 kB
Inactive:         539440 kB
Active(anon):    3866328 kB
Inactive(anon):    21112 kB
Active(file):     656600 kB
Inactive(file):   518328 kB
Unevictable:        6548 kB
Mlocked:            6108 kB
SwapTotal:       4718584 kB
SwapFree:        4031992 kB
Dirty:               320 kB
Writeback:             0 kB
AnonPages:       3871900 kB
Mapped:           647072 kB
Shmem:             13396 kB
KReclaimable:     537892 kB
Slab:             315552 kB
SReclaimable:      85844 kB
SUnreclaim:       229708 kB
KernelStack:       48416 kB
ShadowCallStack:   12128 kB
PageTables:        78696 kB
NFS_Unstable:          0 kB
Bounce:                0 kB
WritebackTmp:          0 kB
CommitLimit:     8677876 kB
Committed_AS:   72273012 kB
VmallocTotal:   263061440 kB
VmallocUsed:      131336 kB
VmallocChunk:          0 kB
Percpu:             2448 kB
CmaTotal:         405504 kB
CmaFree:               0 kB
MemTotal:        7918588 kB
MemFree:          220036 kB
MemAvailable:    1484112 kB
Buffers:            3752 kB
Cached:          1140768 kB
SwapCached:         5880 kB
Active:          4582044 kB
Inactive:         490792 kB
Active(anon):    3925444 kB
Inactive(anon):    21104 kB
Active(file):     656600 kB
Inactive(file):   469688 kB
Unevictable:        6548 kB
Mlocked:            6108 kB
SwapTotal:       4718584 kB
SwapFree:        4031992 kB
Dirty:               320 kB
Writeback:             0 kB
AnonPages:       3930860 kB
Mapped:           647624 kB
Shmem:             13396 kB
KReclaimable:     528012 kB
Slab:             315120 kB
SReclaimable:      85220 kB
SUnreclaim:       229900 kB
KernelStack:       48480 kB
ShadowCallStack:   12136 kB
PageTables:        79416 kB
NFS_Unstable:          0 kB
Bounce:                0 kB
WritebackTmp:          0 kB
CommitLimit:     8677876 kB
Committed_AS:   72387700 kB
VmallocTotal:   263061440 kB
VmallocUsed:      131356 kB
VmallocChunk:          0 kB
Percpu:             2448 kB
CmaTotal:         405504 kB
CmaFree:               0 kB
MemTotal:        7918588 kB
MemFree:          219644 kB
MemAvailable:    1465152 kB
Buffers:            3668 kB
Cached:          1125700 kB
SwapCached:         5880 kB
Active:          4600796 kB
Inactive:         475440 kB
Active(anon):    3943988 kB
Inactive(anon):    21112 kB
Active(file):     656808 kB
Inactive(file):   454328 kB
Unevictable:        6548 kB
Mlocked:            6108 kB
SwapTotal:       4718584 kB
SwapFree:        4031992 kB
Dirty:                56 kB
Writeback:             0 kB
AnonPages:       3949560 kB
Mapped:           647832 kB
Shmem:             13396 kB
KReclaimable:     524596 kB
Slab:             314848 kB
SReclaimable:      85084 kB
SUnreclaim:       229764 kB
KernelStack:       48416 kB
ShadowCallStack:   12136 kB
PageTables:        79012 kB
NFS_Unstable:          0 kB
Bounce:                0 kB
WritebackTmp:          0 kB
CommitLimit:     8677876 kB
Committed_AS:   72436848 kB
VmallocTotal:   263061440 kB
VmallocUsed:      131304 kB
VmallocChunk:          0 kB
Percpu:             2448 kB
CmaTotal:         405504 kB
CmaFree:               0 kB
MemTotal:        7918588 kB
MemFree:          220388 kB
MemAvailable:    1217652 kB
Buffers:            3620 kB
Cached:          1018716 kB
SwapCached:         5880 kB
Active:          4786084 kB
Inactive:         305944 kB
Active(anon):    4066892 kB
Inactive(anon):    21112 kB
Active(file):     719192 kB
Inactive(file):   284832 kB
Unevictable:        6548 kB
Mlocked:            6108 kB
SwapTotal:       4718584 kB
SwapFree:        4031992 kB
Dirty:               104 kB
Writeback:             0 kB
AnonPages:       4072392 kB
Mapped:           612192 kB
Shmem:             13476 kB
KReclaimable:     383464 kB
Slab:             314396 kB
SReclaimable:      84368 kB
SUnreclaim:       230028 kB
KernelStack:       48528 kB
ShadowCallStack:   12156 kB
PageTables:        79572 kB
NFS_Unstable:          0 kB
Bounce:                0 kB
WritebackTmp:          0 kB
CommitLimit:     8677876 kB
Committed_AS:   72617364 kB
VmallocTotal:   263061440 kB
VmallocUsed:      131452 kB
VmallocChunk:          0 kB
Percpu:             2448 kB
CmaTotal:         405504 kB
CmaFree:               0 kB
MemTotal:        7918588 kB
MemFree:          259696 kB
MemAvailable:    1357504 kB
Buffers:            3620 kB
Cached:          1000744 kB
SwapCached:         5880 kB
Active:          4768404 kB
Inactive:         288048 kB
Active(anon):    4049212 kB
Inactive(anon):    21112 kB
Active(file):     719192 kB
Inactive(file):   266936 kB
Unevictable:        6548 kB
Mlocked:            6108 kB
SwapTotal:       4718584 kB
SwapFree:        4031992 kB
Dirty:               136 kB
Writeback:             0 kB
AnonPages:       4054776 kB
Mapped:           611672 kB
Shmem:             13400 kB
KReclaimable:     501904 kB
Slab:             313984 kB
SReclaimable:      84016 kB
SUnreclaim:       229968 kB
KernelStack:       48384 kB
ShadowCallStack:   12124 kB
PageTables:        79696 kB
NFS_Unstable:          0 kB
Bounce:                0 kB
WritebackTmp:          0 kB
CommitLimit:     8677876 kB
Committed_AS:   72649692 kB
VmallocTotal:   263061440 kB
VmallocUsed:      131276 kB
VmallocChunk:          0 kB
Percpu:             2448 kB
CmaTotal:         405504 kB
CmaFree:               0 kB
MemTotal:        7918588 kB
MemFree:          225240 kB
MemAvailable:    1307900 kB
Buffers:            3620 kB
Cached:           987944 kB
SwapCached:         5880 kB
Active:          4816624 kB
Inactive:         275248 kB
Active(anon):    4097432 kB
Inactive(anon):    21112 kB
Active(file):     719192 kB
Inactive(file):   254136 kB
Unevictable:        6548 kB
Mlocked:            6108 kB
SwapTotal:       4718584 kB
SwapFree:        4031992 kB
Dirty:               136 kB
Writeback:             0 kB
AnonPages:       4103016 kB
Mapped:           611916 kB
Shmem:             13400 kB
KReclaimable:     499556 kB
Slab:             313744 kB
SReclaimable:      83708 kB
SUnreclaim:       230036 kB
KernelStack:       48288 kB
ShadowCallStack:   12096 kB
PageTables:        79820 kB
NFS_Unstable:          0 kB
Bounce:                0 kB
WritebackTmp:          0 kB
CommitLimit:     8677876 kB
Committed_AS:   72764068 kB
VmallocTotal:   263061440 kB
VmallocUsed:      131156 kB
VmallocChunk:          0 kB
Percpu:             2448 kB
CmaTotal:         405504 kB
CmaFree:               0 kB
MemTotal:        7918588 kB
MemFree:          229624 kB
MemAvailable:    1257340 kB
Buffers:            3628 kB
Cached:           943136 kB
SwapCached:         5880 kB
Active:          4878840 kB
Inactive:         218620 kB
Active(anon):    4147828 kB
Inactive(anon):    21104 kB
Active(file):     731012 kB
Inactive(file):   197516 kB
Unevictable:        6548 kB
Mlocked:            6108 kB
SwapTotal:       4718584 kB
SwapFree:        4031992 kB
Dirty:               200 kB
Writeback:             0 kB
AnonPages:       4153316 kB
Mapped:           611224 kB
Shmem:             13400 kB
KReclaimable:     489412 kB
Slab:             312852 kB
SReclaimable:      82756 kB
SUnreclaim:       230096 kB
KernelStack:       48288 kB
ShadowCallStack:   12096 kB
PageTables:        80312 kB
NFS_Unstable:          0 kB
Bounce:                0 kB
WritebackTmp:          0 kB
CommitLimit:     8677876 kB
Committed_AS:   72878648 kB
VmallocTotal:   263061440 kB
VmallocUsed:      131120 kB
VmallocChunk:          0 kB
Percpu:             2448 kB
CmaTotal:         405504 kB
CmaFree:               0 kB
MemTotal:        7918588 kB
MemFree:          226280 kB
MemAvailable:    1240756 kB
Buffers:            3628 kB
Cached:           931848 kB
SwapCached:         5880 kB
Active:          4897056 kB
Inactive:         205836 kB
Active(anon):    4164544 kB
Inactive(anon):    21108 kB
Active(file):     732512 kB
Inactive(file):   184728 kB
Unevictable:        6548 kB
Mlocked:            6108 kB
SwapTotal:       4718584 kB
SwapFree:        4032248 kB
Dirty:                92 kB
Writeback:             0 kB
AnonPages:       4170128 kB
Mapped:           611488 kB
Shmem:             13400 kB
KReclaimable:     487460 kB
Slab:             312416 kB
SReclaimable:      82444 kB
SUnreclaim:       229972 kB
KernelStack:       48272 kB
ShadowCallStack:   12092 kB
PageTables:        80272 kB
NFS_Unstable:          0 kB
Bounce:                0 kB
WritebackTmp:          0 kB
CommitLimit:     8677876 kB
Committed_AS:   72927800 kB
VmallocTotal:   263061440 kB
VmallocUsed:      131136 kB
VmallocChunk:          0 kB
Percpu:             2448 kB
CmaTotal:         405504 kB
CmaFree:               0 kB
MemTotal:        7918588 kB
MemFree:          219036 kB
MemAvailable:    1171068 kB
Buffers:            3628 kB
Cached:           878092 kB
SwapCached:         5880 kB
Active:          4965240 kB
Inactive:         152076 kB
Active(anon):    4232728 kB
Inactive(anon):    21108 kB
Active(file):     732512 kB
Inactive(file):   130968 kB
Unevictable:        6548 kB
Mlocked:            6108 kB
SwapTotal:       4718584 kB
SwapFree:        4032248 kB
Dirty:               124 kB
Writeback:             0 kB
AnonPages:       4238296 kB
Mapped:           612152 kB
Shmem:             13404 kB
KReclaimable:     478776 kB
Slab:             311472 kB
SReclaimable:      81440 kB
SUnreclaim:       230032 kB
KernelStack:       48192 kB
ShadowCallStack:   12076 kB
PageTables:        80320 kB
NFS_Unstable:          0 kB
Bounce:                0 kB
WritebackTmp:          0 kB
CommitLimit:     8677876 kB
Committed_AS:   73091488 kB
VmallocTotal:   263061440 kB
VmallocUsed:      131044 kB
VmallocChunk:          0 kB
Percpu:             2448 kB
CmaTotal:         405504 kB
CmaFree:               0 kB
MemTotal:        7918588 kB
MemFree:          222496 kB
MemAvailable:    1139172 kB
Buffers:            3636 kB
Cached:           848656 kB
SwapCached:         5880 kB
Active:          4996588 kB
Inactive:         122652 kB
Active(anon):    4264076 kB
Inactive(anon):    21112 kB
Active(file):     732512 kB
Inactive(file):   101540 kB
Unevictable:        6548 kB
Mlocked:            6108 kB
SwapTotal:       4718584 kB
SwapFree:        4032504 kB
Dirty:               176 kB
Writeback:             0 kB
AnonPages:       4269464 kB
Mapped:           612640 kB
Shmem:             13404 kB
KReclaimable:     472848 kB
Slab:             310764 kB
SReclaimable:      80720 kB
SUnreclaim:       230044 kB
KernelStack:       48160 kB
ShadowCallStack:   12064 kB
PageTables:        80528 kB
NFS_Unstable:          0 kB
Bounce:                0 kB
WritebackTmp:          0 kB
CommitLimit:     8677876 kB
Committed_AS:   73140432 kB
VmallocTotal:   263061440 kB
VmallocUsed:      130944 kB
VmallocChunk:          0 kB
Percpu:             2448 kB
CmaTotal:         405504 kB
CmaFree:              64 kB
MemTotal:        7918588 kB
MemFree:          219968 kB
MemAvailable:    1098876 kB
Buffers:            3540 kB
Cached:           818708 kB
SwapCached:         5880 kB
Active:          5051988 kB
Inactive:          76204 kB
Active(anon):    4303080 kB
Inactive(anon):    21108 kB
Active(file):     748908 kB
Inactive(file):    55096 kB
Unevictable:        6548 kB
Mlocked:            6108 kB
SwapTotal:       4718584 kB
SwapFree:        4032504 kB
Dirty:               176 kB
Writeback:             0 kB
AnonPages:       4308796 kB
Mapped:           607036 kB
Shmem:             13408 kB
KReclaimable:     465128 kB
Slab:             310228 kB
SReclaimable:      80080 kB
SUnreclaim:       230148 kB
KernelStack:       48144 kB
ShadowCallStack:   12064 kB
PageTables:        80936 kB
NFS_Unstable:          0 kB
Bounce:                0 kB
WritebackTmp:          0 kB
CommitLimit:     8677876 kB
Committed_AS:   73238740 kB
VmallocTotal:   263061440 kB
VmallocUsed:      130932 kB
VmallocChunk:          0 kB
Percpu:             2448 kB
CmaTotal:         405504 kB
CmaFree:               0 kB
MemTotal:        7918588 kB
MemFree:          224692 kB
MemAvailable:    1032208 kB
Buffers:             940 kB
Cached:           792580 kB
SwapCached:         5868 kB
Active:           262116 kB
Inactive:        4882424 kB
Active(anon):     201764 kB
Inactive(anon):  4167448 kB
Active(file):      60352 kB
Inactive(file):   714976 kB
Unevictable:        6552 kB
Mlocked:            6112 kB
SwapTotal:       4718584 kB
SwapFree:        4020472 kB
Dirty:               176 kB
Writeback:             0 kB
AnonPages:       4353844 kB
Mapped:           600544 kB
Shmem:             13356 kB
KReclaimable:     438796 kB
Slab:             307632 kB
SReclaimable:      77332 kB
SUnreclaim:       230300 kB
KernelStack:       48160 kB
ShadowCallStack:   12068 kB
PageTables:        80944 kB
NFS_Unstable:          0 kB
Bounce:                0 kB
WritebackTmp:          0 kB
CommitLimit:     8677876 kB
Committed_AS:   73353428 kB
VmallocTotal:   263061440 kB
VmallocUsed:      130960 kB
VmallocChunk:          0 kB
Percpu:             2448 kB
CmaTotal:         405504 kB
CmaFree:               0 kB
MemTotal:        7918588 kB
MemFree:          218788 kB
MemAvailable:    1034960 kB
Buffers:             928 kB
Cached:           792168 kB
SwapCached:         5860 kB
Active:           292084 kB
Inactive:        4866408 kB
Active(anon):     226184 kB
Inactive(anon):  4157396 kB
Active(file):      65900 kB
Inactive(file):   709012 kB
Unevictable:        6552 kB
Mlocked:            6112 kB
SwapTotal:       4718584 kB
SwapFree:        4018168 kB
Dirty:               200 kB
Writeback:             0 kB
AnonPages:       4367908 kB
Mapped:           600416 kB
Shmem:             13348 kB
KReclaimable:     431484 kB
Slab:             307556 kB
SReclaimable:      77332 kB
SUnreclaim:       230224 kB
KernelStack:       48160 kB
ShadowCallStack:   12064 kB
PageTables:        80976 kB
NFS_Unstable:          0 kB
Bounce:                0 kB
WritebackTmp:          0 kB
CommitLimit:     8677876 kB
Committed_AS:   73402580 kB
VmallocTotal:   263061440 kB
VmallocUsed:      130976 kB
VmallocChunk:          0 kB
Percpu:             2448 kB
CmaTotal:         405504 kB
CmaFree:               0 kB
MemTotal:        7918588 kB
MemFree:          224020 kB
MemAvailable:     978344 kB
Buffers:             872 kB
Cached:           747404 kB
SwapCached:         5860 kB
Active:           404164 kB
Inactive:        4765052 kB
Active(anon):     282888 kB
Inactive(anon):  4156256 kB
Active(file):     121276 kB
Inactive(file):   608796 kB
Unevictable:        6564 kB
Mlocked:            6124 kB
SwapTotal:       4718584 kB
SwapFree:        4018168 kB
Dirty:                92 kB
Writeback:             0 kB
AnonPages:       4423664 kB
Mapped:           582484 kB
Shmem:             13356 kB
KReclaimable:     414476 kB
Slab:             307464 kB
SReclaimable:      77300 kB
SUnreclaim:       230164 kB
KernelStack:       48128 kB
ShadowCallStack:   12076 kB
PageTables:        81216 kB
NFS_Unstable:          0 kB
Bounce:                0 kB
WritebackTmp:          0 kB
CommitLimit:     8677876 kB
Committed_AS:   73533548 kB
VmallocTotal:   263061440 kB
VmallocUsed:      130964 kB
VmallocChunk:          0 kB
Percpu:             2448 kB
CmaTotal:         405504 kB
CmaFree:               0 kB
MemTotal:        7918588 kB
MemFree:          225084 kB
MemAvailable:     947716 kB
Buffers:             896 kB
Cached:           730092 kB
SwapCached:         5880 kB
Active:           462508 kB
Inactive:        4708628 kB
Active(anon):     339840 kB
Inactive(anon):  4118460 kB
Active(file):     122668 kB
Inactive(file):   590168 kB
Unevictable:        6564 kB
Mlocked:            6124 kB
SwapTotal:       4718584 kB
SwapFree:        4000248 kB
Dirty:               172 kB
Writeback:             0 kB
AnonPages:       4442836 kB
Mapped:           577404 kB
Shmem:             13304 kB
KReclaimable:     408212 kB
Slab:             307520 kB
SReclaimable:      77292 kB
SUnreclaim:       230228 kB
KernelStack:       48112 kB
ShadowCallStack:   12052 kB
PageTables:        81392 kB
NFS_Unstable:          0 kB
Bounce:                0 kB
WritebackTmp:          0 kB
CommitLimit:     8677876 kB
Committed_AS:   73602916 kB
VmallocTotal:   263061440 kB
VmallocUsed:      130940 kB
VmallocChunk:          0 kB
Percpu:             2448 kB
CmaTotal:         405504 kB
CmaFree:             224 kB
MemTotal:        7918588 kB
MemFree:          221176 kB
MemAvailable:     938800 kB
Buffers:             900 kB
Cached:           729828 kB
SwapCached:         4292 kB
Active:           525500 kB
Inactive:        4642952 kB
Active(anon):     402832 kB
Inactive(anon):  4052752 kB
Active(file):     122668 kB
Inactive(file):   590200 kB
Unevictable:        6564 kB
Mlocked:            6124 kB
SwapTotal:       4718584 kB
SwapFree:        3960568 kB
Dirty:               172 kB
Writeback:             4 kB
AnonPages:       4441956 kB
Mapped:           577288 kB
Shmem:             12900 kB
KReclaimable:     403172 kB
Slab:             307604 kB
SReclaimable:      77292 kB
SUnreclaim:       230312 kB
KernelStack:       48112 kB
ShadowCallStack:   12052 kB
PageTables:        81704 kB
NFS_Unstable:          0 kB
Bounce:                0 kB
WritebackTmp:          0 kB
CommitLimit:     8677876 kB
Committed_AS:   73717616 kB
VmallocTotal:   263061440 kB
VmallocUsed:      130936 kB
VmallocChunk:          0 kB
Percpu:             2448 kB
CmaTotal:         405504 kB
CmaFree:               0 kB
MemTotal:        7918588 kB
MemFree:          227584 kB
MemAvailable:     927972 kB
Buffers:             900 kB
Cached:           732668 kB
SwapCached:         1120 kB
Active:           622600 kB
Inactive:        4537828 kB
Active(anon):     496440 kB
Inactive(anon):  3947628 kB
Active(file):     126160 kB
Inactive(file):   590200 kB
Unevictable:        6564 kB
Mlocked:            6124 kB
SwapTotal:       4718584 kB
SwapFree:        3898616 kB
Dirty:               172 kB
Writeback:             4 kB
AnonPages:       4433436 kB
Mapped:           577584 kB
Shmem:             12296 kB
KReclaimable:     390636 kB
Slab:             307604 kB
SReclaimable:      77372 kB
SUnreclaim:       230232 kB
KernelStack:       48128 kB
ShadowCallStack:   12048 kB
PageTables:        81436 kB
NFS_Unstable:          0 kB
Bounce:                0 kB
WritebackTmp:          0 kB
CommitLimit:     8677876 kB
Committed_AS:   73815916 kB
VmallocTotal:   263061440 kB
VmallocUsed:      130940 kB
VmallocChunk:          0 kB
Percpu:             2448 kB
CmaTotal:         405504 kB
CmaFree:               0 kB
MemTotal:        7918588 kB
MemFree:          222644 kB
MemAvailable:     925004 kB
Buffers:             900 kB
Cached:           731984 kB
SwapCached:          916 kB
Active:           791936 kB
Inactive:        4386620 kB
Active(anon):     664952 kB
Inactive(anon):  3797800 kB
Active(file):     126984 kB
Inactive(file):   588820 kB
Unevictable:        6564 kB
Mlocked:            6124 kB
SwapTotal:       4718584 kB
SwapFree:        3894264 kB
Dirty:               196 kB
Writeback:             0 kB
AnonPages:       4452024 kB
Mapped:           576972 kB
Shmem:             12232 kB
KReclaimable:     376780 kB
Slab:             307756 kB
SReclaimable:      77388 kB
SUnreclaim:       230368 kB
KernelStack:       48112 kB
ShadowCallStack:   12060 kB
PageTables:        81996 kB
NFS_Unstable:          0 kB
Bounce:                0 kB
WritebackTmp:          0 kB
CommitLimit:     8677876 kB
Committed_AS:   73865068 kB
VmallocTotal:   263061440 kB
VmallocUsed:      130940 kB
VmallocChunk:          0 kB
Percpu:             2448 kB
CmaTotal:         405504 kB
CmaFree:               0 kB
MemTotal:        7918588 kB
MemFree:          227764 kB
MemAvailable:     891192 kB
Buffers:             820 kB
Cached:           716460 kB
SwapCached:          512 kB
Active:          1074780 kB
Inactive:        4117460 kB
Active(anon):     944988 kB
Inactive(anon):  3546808 kB
Active(file):     129792 kB
Inactive(file):   570652 kB
Unevictable:        6588 kB
Mlocked:            6148 kB
SwapTotal:       4718584 kB
SwapFree:        3870456 kB
Dirty:               196 kB
Writeback:             0 kB
AnonPages:       4481652 kB
Mapped:           572200 kB
Shmem:             11964 kB
KReclaimable:     353208 kB
Slab:             307876 kB
SReclaimable:      77432 kB
SUnreclaim:       230444 kB
KernelStack:       48112 kB
ShadowCallStack:   12052 kB
PageTables:        82268 kB
NFS_Unstable:          0 kB
Bounce:                0 kB
WritebackTmp:          0 kB
CommitLimit:     8677876 kB
Committed_AS:   73996140 kB
VmallocTotal:   263061440 kB
VmallocUsed:      130932 kB
VmallocChunk:          0 kB
Percpu:             2448 kB
CmaTotal:         405504 kB
CmaFree:               0 kB
MemTotal:        7918588 kB
MemFree:          236156 kB
MemAvailable:     833224 kB
Buffers:             812 kB
Cached:           682124 kB
SwapCached:          644 kB
Active:          1383420 kB
Inactive:        3832244 kB
Active(anon):    1247264 kB
Inactive(anon):  3302452 kB
Active(file):     136156 kB
Inactive(file):   529792 kB
Unevictable:        6588 kB
Mlocked:            6148 kB
SwapTotal:       4718584 kB
SwapFree:        3877368 kB
Dirty:               172 kB
Writeback:             0 kB
AnonPages:       4539452 kB
Mapped:           562104 kB
Shmem:             12116 kB
KReclaimable:     321344 kB
Slab:             307972 kB
SReclaimable:      77384 kB
SUnreclaim:       230588 kB
KernelStack:       48112 kB
ShadowCallStack:   12052 kB
PageTables:        82356 kB
NFS_Unstable:          0 kB
Bounce:                0 kB
WritebackTmp:          0 kB
CommitLimit:     8677876 kB
Committed_AS:   74094428 kB
VmallocTotal:   263061440 kB
VmallocUsed:      130936 kB
VmallocChunk:          0 kB
Percpu:             2448 kB
CmaTotal:         405504 kB
CmaFree:               0 kB
MemTotal:        7918588 kB
MemFree:          233560 kB
MemAvailable:     809536 kB
Buffers:             808 kB
Cached:           665384 kB
SwapCached:          644 kB
Active:          1407696 kB
Inactive:        3814148 kB
Active(anon):    1270160 kB
Inactive(anon):  3302452 kB
Active(file):     137536 kB
Inactive(file):   511696 kB
Unevictable:        6588 kB
Mlocked:            6148 kB
SwapTotal:       4718584 kB
SwapFree:        3877368 kB
Dirty:               172 kB
Writeback:             0 kB
AnonPages:       4562312 kB
Mapped:           558636 kB
Shmem:             12116 kB
KReclaimable:     316968 kB
Slab:             307792 kB
SReclaimable:      77272 kB
SUnreclaim:       230520 kB
KernelStack:       48096 kB
ShadowCallStack:   12064 kB
PageTables:        82288 kB
NFS_Unstable:          0 kB
Bounce:                0 kB
WritebackTmp:          0 kB
CommitLimit:     8677876 kB
Committed_AS:   74159964 kB
VmallocTotal:   263061440 kB
VmallocUsed:      130940 kB
VmallocChunk:          0 kB
Percpu:             2448 kB
CmaTotal:         405504 kB
CmaFree:               0 kB
MemTotal:        7918588 kB
MemFree:          219388 kB
MemAvailable:     755856 kB
Buffers:             808 kB
Cached:           647440 kB
SwapCached:          644 kB
Active:          1535712 kB
Inactive:        3720852 kB
Active(anon):    1397984 kB
Inactive(anon):  3227320 kB
Active(file):     137728 kB
Inactive(file):   493532 kB
Unevictable:        6588 kB
Mlocked:            6148 kB
SwapTotal:       4718584 kB
SwapFree:        3876856 kB
Dirty:               172 kB
Writeback:             0 kB
AnonPages:       4614992 kB
Mapped:           556980 kB
Shmem:             12116 kB
KReclaimable:     295432 kB
Slab:             307944 kB
SReclaimable:      77272 kB
SUnreclaim:       230672 kB
KernelStack:       48128 kB
ShadowCallStack:   12056 kB
PageTables:        82724 kB
NFS_Unstable:          0 kB
Bounce:                0 kB
WritebackTmp:          0 kB
CommitLimit:     8677876 kB
Committed_AS:   74274676 kB
VmallocTotal:   263061440 kB
VmallocUsed:      130932 kB
VmallocChunk:          0 kB
Percpu:             2448 kB
CmaTotal:         405504 kB
CmaFree:               0 kB
MemTotal:        7918588 kB
MemFree:          226984 kB
MemAvailable:     729256 kB
Buffers:             808 kB
Cached:           634616 kB
SwapCached:          648 kB
Active:          1665188 kB
Inactive:        3604268 kB
Active(anon):    1526932 kB
Inactive(anon):  3124092 kB
Active(file):     138256 kB
Inactive(file):   480176 kB
Unevictable:        6588 kB
Mlocked:            6148 kB
SwapTotal:       4718584 kB
SwapFree:        3876856 kB
Dirty:               216 kB
Writeback:             0 kB
AnonPages:       4640612 kB
Mapped:           555596 kB
Shmem:             12120 kB
KReclaimable:     274064 kB
Slab:             308028 kB
SReclaimable:      77272 kB
SUnreclaim:       230756 kB
KernelStack:       48128 kB
ShadowCallStack:   12056 kB
PageTables:        82868 kB
NFS_Unstable:          0 kB
Bounce:                0 kB
WritebackTmp:          0 kB
CommitLimit:     8677876 kB
Committed_AS:   74340192 kB
VmallocTotal:   263061440 kB
VmallocUsed:      130936 kB
VmallocChunk:          0 kB
Percpu:             2448 kB
CmaTotal:         405504 kB
CmaFree:               0 kB
MemTotal:        7918588 kB
MemFree:          222668 kB
MemAvailable:     690316 kB
Buffers:             808 kB
Cached:           634744 kB
SwapCached:          648 kB
Active:          1957040 kB
Inactive:        3354176 kB
Active(anon):    1818784 kB
Inactive(anon):  2873868 kB
Active(file):     138256 kB
Inactive(file):   480308 kB
Unevictable:        6588 kB
Mlocked:            6148 kB
SwapTotal:       4718584 kB
SwapFree:        3876088 kB
Dirty:               348 kB
Writeback:             0 kB
AnonPages:       4682272 kB
Mapped:           555892 kB
Shmem:             12116 kB
KReclaimable:     236096 kB
Slab:             308096 kB
SReclaimable:      77272 kB
SUnreclaim:       230824 kB
KernelStack:       48128 kB
ShadowCallStack:   12056 kB
PageTables:        83124 kB
NFS_Unstable:          0 kB
Bounce:                0 kB
WritebackTmp:          0 kB
CommitLimit:     8677876 kB
Committed_AS:   74438496 kB
VmallocTotal:   263061440 kB
VmallocUsed:      130944 kB
VmallocChunk:          0 kB
Percpu:             2448 kB
CmaTotal:         405504 kB
CmaFree:               0 kB
MemTotal:        7918588 kB
MemFree:          196516 kB
MemAvailable:     586684 kB
Buffers:             832 kB
Cached:           635908 kB
SwapCached:         3500 kB
Active:          3710096 kB
Inactive:        1592800 kB
Active(anon):    3590224 kB
Inactive(anon):  1092968 kB
Active(file):     119872 kB
Inactive(file):   499832 kB
Unevictable:        6588 kB
Mlocked:            6148 kB
SwapTotal:       4718584 kB
SwapFree:        3781368 kB
Dirty:                92 kB
Writeback:             4 kB
AnonPages:       4670100 kB
Mapped:           556356 kB
Shmem:             12164 kB
KReclaimable:     152584 kB
Slab:             308316 kB
SReclaimable:      77456 kB
SUnreclaim:       230860 kB
KernelStack:       48240 kB
ShadowCallStack:   12084 kB
PageTables:        83424 kB
NFS_Unstable:          0 kB
Bounce:                0 kB
WritebackTmp:          0 kB
CommitLimit:     8677876 kB
Committed_AS:   74553612 kB
VmallocTotal:   263061440 kB
VmallocUsed:      131092 kB
VmallocChunk:          0 kB
Percpu:             2448 kB
CmaTotal:         405504 kB
CmaFree:              44 kB
MemTotal:        7918588 kB
MemFree:          220440 kB
MemAvailable:     610556 kB
Buffers:             832 kB
Cached:           634832 kB
SwapCached:         3300 kB
Active:          3772968 kB
Inactive:        1474384 kB
Active(anon):    3653080 kB
Inactive(anon):   974564 kB
Active(file):     119888 kB
Inactive(file):   499820 kB
Unevictable:        6592 kB
Mlocked:            6152 kB
SwapTotal:       4718584 kB
SwapFree:        3697656 kB
Dirty:               120 kB
Writeback:             0 kB
AnonPages:       4615776 kB
Mapped:           555780 kB
Shmem:             11084 kB
KReclaimable:     152472 kB
Slab:             308676 kB
SReclaimable:      77616 kB
SUnreclaim:       231060 kB
KernelStack:       48096 kB
ShadowCallStack:   12048 kB
PageTables:        83420 kB
NFS_Unstable:          0 kB
Bounce:                0 kB
WritebackTmp:          0 kB
CommitLimit:     8677876 kB
Committed_AS:   74586380 kB
VmallocTotal:   263061440 kB
VmallocUsed:      130944 kB
VmallocChunk:          0 kB
Percpu:             2448 kB
CmaTotal:         405504 kB
CmaFree:           21628 kB
MemTotal:        7918588 kB
MemFree:          355424 kB
MemAvailable:     696792 kB
Buffers:             732 kB
Cached:           499216 kB
SwapCached:         3224 kB
Active:          4634552 kB
Inactive:         468792 kB
Active(anon):    4512476 kB
Inactive(anon):   106452 kB
Active(file):     122076 kB
Inactive(file):   362340 kB
Unevictable:        6592 kB
Mlocked:            6152 kB
SwapTotal:       4718584 kB
SwapFree:        3670776 kB
Dirty:               120 kB
Writeback:             0 kB
AnonPages:       4607360 kB
Mapped:           535320 kB
Shmem:             10660 kB
KReclaimable:     279944 kB
Slab:             308700 kB
SReclaimable:      77696 kB
SUnreclaim:       231004 kB
KernelStack:       47968 kB
ShadowCallStack:   12016 kB
PageTables:        83536 kB
NFS_Unstable:          0 kB
Bounce:                0 kB
WritebackTmp:          0 kB
CommitLimit:     8677876 kB
Committed_AS:   74733440 kB
VmallocTotal:   263061440 kB
VmallocUsed:      130760 kB
VmallocChunk:          0 kB
Percpu:             2448 kB
CmaTotal:         405504 kB
CmaFree:            4928 kB
MemTotal:        7918588 kB
MemFree:          309508 kB
MemAvailable:     650568 kB
Buffers:             732 kB
Cached:           499740 kB
SwapCached:         3224 kB
Active:          4681912 kB
Inactive:         468796 kB
Active(anon):    4559324 kB
Inactive(anon):   106444 kB
Active(file):     122588 kB
Inactive(file):   362352 kB
Unevictable:        6592 kB
Mlocked:            6152 kB
SwapTotal:       4718584 kB
SwapFree:        3671032 kB
Dirty:               148 kB
Writeback:             0 kB
AnonPages:       4654180 kB
Mapped:           535956 kB
Shmem:             10660 kB
KReclaimable:     279112 kB
Slab:             308736 kB
SReclaimable:      77712 kB
SUnreclaim:       231024 kB
KernelStack:       47984 kB
ShadowCallStack:   12020 kB
PageTables:        83828 kB
NFS_Unstable:          0 kB
Bounce:                0 kB
WritebackTmp:          0 kB
CommitLimit:     8677876 kB
Committed_AS:   74815364 kB
VmallocTotal:   263061440 kB
VmallocUsed:      130740 kB
VmallocChunk:          0 kB
Percpu:             2448 kB
CmaTotal:         405504 kB
CmaFree:            4860 kB
MemTotal:        7918588 kB
MemFree:          249232 kB
MemAvailable:     610432 kB
Buffers:             852 kB
Cached:           520132 kB
SwapCached:         3252 kB
Active:          4744484 kB
Inactive:         468976 kB
Active(anon):    4601592 kB
Inactive(anon):   106452 kB
Active(file):     142892 kB
Inactive(file):   362524 kB
Unevictable:        6592 kB
Mlocked:            6152 kB
SwapTotal:       4718584 kB
SwapFree:        3676920 kB
Dirty:               196 kB
Writeback:             0 kB
AnonPages:       4696284 kB
Mapped:           540580 kB
Shmem:             10696 kB
KReclaimable:     278776 kB
Slab:             308768 kB
SReclaimable:      77712 kB
SUnreclaim:       231056 kB
KernelStack:       47936 kB
ShadowCallStack:   12016 kB
PageTables:        83928 kB
NFS_Unstable:          0 kB
Bounce:                0 kB
WritebackTmp:          0 kB
CommitLimit:     8677876 kB
Committed_AS:   74913664 kB
VmallocTotal:   263061440 kB
VmallocUsed:      130756 kB
VmallocChunk:          0 kB
Percpu:             2448 kB
CmaTotal:         405504 kB
CmaFree:            4860 kB
MemTotal:        7918588 kB
MemFree:          194680 kB
MemAvailable:     594684 kB
Buffers:             860 kB
Cached:           526324 kB
SwapCached:         3252 kB
Active:          4802100 kB
Inactive:         469164 kB
Active(anon):    4653600 kB
Inactive(anon):   106048 kB
Active(file):     148500 kB
Inactive(file):   363116 kB
Unevictable:        6592 kB
Mlocked:            6152 kB
SwapTotal:       4718584 kB
SwapFree:        3680504 kB
Dirty:               320 kB
Writeback:             0 kB
AnonPages:       4747904 kB
Mapped:           543644 kB
Shmem:             10696 kB
KReclaimable:     278612 kB
Slab:             309296 kB
SReclaimable:      78236 kB
SUnreclaim:       231060 kB
KernelStack:       48000 kB
ShadowCallStack:   12020 kB
PageTables:        84424 kB
NFS_Unstable:          0 kB
Bounce:                0 kB
WritebackTmp:          0 kB
CommitLimit:     8677876 kB
Committed_AS:   75011968 kB
VmallocTotal:   263061440 kB
VmallocUsed:      130756 kB
VmallocChunk:          0 kB
Percpu:             2448 kB
CmaTotal:         405504 kB
CmaFree:               4 kB
MemTotal:        7918588 kB
MemFree:          197480 kB
MemAvailable:     567948 kB
Buffers:             860 kB
Cached:           498912 kB
SwapCached:         3328 kB
Active:          4828244 kB
Inactive:         441524 kB
Active(anon):    4679744 kB
Inactive(anon):   106048 kB
Active(file):     148500 kB
Inactive(file):   335476 kB
Unevictable:        6592 kB
Mlocked:            6152 kB
SwapTotal:       4718584 kB
SwapFree:        3685368 kB
Dirty:               172 kB
Writeback:             0 kB
AnonPages:       4773824 kB
Mapped:           543692 kB
Shmem:             10924 kB
KReclaimable:     276716 kB
Slab:             308868 kB
SReclaimable:      77772 kB
SUnreclaim:       231096 kB
KernelStack:       47984 kB
ShadowCallStack:   12028 kB
PageTables:        84336 kB
NFS_Unstable:          0 kB
Bounce:                0 kB
WritebackTmp:          0 kB
CommitLimit:     8677876 kB
Committed_AS:   75061120 kB
VmallocTotal:   263061440 kB
VmallocUsed:      130760 kB
VmallocChunk:          0 kB
Percpu:             2448 kB
CmaTotal:         405504 kB
CmaFree:              72 kB
MemTotal:        7918588 kB
MemFree:          196420 kB
MemAvailable:     509060 kB
Buffers:             808 kB
Cached:           444460 kB
SwapCached:         3328 kB
Active:          4887784 kB
Inactive:         385636 kB
Active(anon):    4737900 kB
Inactive(anon):   106052 kB
Active(file):     149884 kB
Inactive(file):   279584 kB
Unevictable:        6592 kB
Mlocked:            6152 kB
SwapTotal:       4718584 kB
SwapFree:        3685880 kB
Dirty:               176 kB
Writeback:             0 kB
AnonPages:       4831960 kB
Mapped:           529656 kB
Shmem:             10928 kB
KReclaimable:     273396 kB
Slab:             308888 kB
SReclaimable:      77772 kB
SUnreclaim:       231116 kB
KernelStack:       47888 kB
ShadowCallStack:   11996 kB
PageTables:        84536 kB
NFS_Unstable:          0 kB
Bounce:                0 kB
WritebackTmp:          0 kB
CommitLimit:     8677876 kB
Committed_AS:   75208580 kB
VmallocTotal:   263061440 kB
VmallocUsed:      130640 kB
VmallocChunk:          0 kB
Percpu:             2448 kB
CmaTotal:         405504 kB
CmaFree:               0 kB
MemTotal:        7918588 kB
MemFree:          195120 kB
MemAvailable:     461176 kB
Buffers:             588 kB
Cached:           400864 kB
SwapCached:         3336 kB
Active:          4936756 kB
Inactive:         341120 kB
Active(anon):    4786184 kB
Inactive(anon):   106048 kB
Active(file):     150572 kB
Inactive(file):   235072 kB
Unevictable:        6592 kB
Mlocked:            6152 kB
SwapTotal:       4718584 kB
SwapFree:        3686392 kB
Dirty:               200 kB
Writeback:             0 kB
AnonPages:       4880344 kB
Mapped:           516952 kB
Shmem:             10936 kB
KReclaimable:     270636 kB
Slab:             308980 kB
SReclaimable:      77756 kB
SUnreclaim:       231224 kB
KernelStack:       47904 kB
ShadowCallStack:   12012 kB
PageTables:        85076 kB
NFS_Unstable:          0 kB
Bounce:                0 kB
WritebackTmp:          0 kB
CommitLimit:     8677876 kB
Committed_AS:   75290504 kB
VmallocTotal:   263061440 kB
VmallocUsed:      130640 kB
VmallocChunk:          0 kB
Percpu:             2448 kB
CmaTotal:         405504 kB
CmaFree:               0 kB
MemTotal:        7918588 kB
MemFree:          196200 kB
MemAvailable:     439568 kB
Buffers:             564 kB
Cached:           379548 kB
SwapCached:         3336 kB
Active:          4961584 kB
Inactive:         313276 kB
Active(anon):    4804676 kB
Inactive(anon):   106048 kB
Active(file):     156908 kB
Inactive(file):   207228 kB
Unevictable:        6592 kB
Mlocked:            6152 kB
SwapTotal:       4718584 kB
SwapFree:        3686392 kB
Dirty:               200 kB
Writeback:             0 kB
AnonPages:       4898764 kB
Mapped:           507308 kB
Shmem:             10936 kB
KReclaimable:     269456 kB
Slab:             308988 kB
SReclaimable:      77752 kB
SUnreclaim:       231236 kB
KernelStack:       47856 kB
ShadowCallStack:   12000 kB
PageTables:        84768 kB
NFS_Unstable:          0 kB
Bounce:                0 kB
WritebackTmp:          0 kB
CommitLimit:     8677876 kB
Committed_AS:   75339652 kB
VmallocTotal:   263061440 kB
VmallocUsed:      130640 kB
VmallocChunk:          0 kB
Percpu:             2448 kB
CmaTotal:         405504 kB
CmaFree:               0 kB
MemTotal:        7918588 kB
MemFree:          194412 kB
MemAvailable:     359980 kB
Buffers:             884 kB
Cached:           311176 kB
SwapCached:         6380 kB
Active:          5079776 kB
Inactive:         204884 kB
Active(anon):    4882552 kB
Inactive(anon):   106052 kB
Active(file):     197224 kB
Inactive(file):    98832 kB
Unevictable:        6596 kB
Mlocked:            6156 kB
SwapTotal:       4718584 kB
SwapFree:        3696376 kB
Dirty:               260 kB
Writeback:             0 kB
AnonPages:       4973940 kB
Mapped:           434940 kB
Shmem:             11216 kB
KReclaimable:     259736 kB
Slab:             306324 kB
SReclaimable:      74592 kB
SUnreclaim:       231732 kB
KernelStack:       48224 kB
ShadowCallStack:   12072 kB
PageTables:        85608 kB
NFS_Unstable:          0 kB
Bounce:                0 kB
WritebackTmp:          0 kB
CommitLimit:     8677876 kB
Committed_AS:   76794524 kB
VmallocTotal:   263061440 kB
VmallocUsed:      131028 kB
VmallocChunk:          0 kB
Percpu:             2448 kB
CmaTotal:         405504 kB
CmaFree:               0 kB
MemTotal:        7918588 kB
MemFree:          195368 kB
MemAvailable:     327176 kB
Buffers:            1288 kB
Cached:           281592 kB
SwapCached:         6428 kB
Active:          2632512 kB
Inactive:        2657324 kB
Active(anon):    2452608 kB
Inactive(anon):  2570480 kB
Active(file):     179904 kB
Inactive(file):    86844 kB
Unevictable:        6600 kB
Mlocked:            6160 kB
SwapTotal:       4718584 kB
SwapFree:        3698424 kB
Dirty:               488 kB
Writeback:             0 kB
AnonPages:       5008448 kB
Mapped:           405288 kB
Shmem:             11252 kB
KReclaimable:     255284 kB
Slab:             306280 kB
SReclaimable:      74460 kB
SUnreclaim:       231820 kB
KernelStack:       48192 kB
ShadowCallStack:   12072 kB
PageTables:        85904 kB
NFS_Unstable:          0 kB
Bounce:                0 kB
WritebackTmp:          0 kB
CommitLimit:     8677876 kB
Committed_AS:   76860128 kB
VmallocTotal:   263061440 kB
VmallocUsed:      131052 kB
VmallocChunk:          0 kB
Percpu:             2448 kB
CmaTotal:         405504 kB
CmaFree:               0 kB
MemTotal:        7918588 kB
MemFree:          194668 kB
MemAvailable:     307988 kB
Buffers:             700 kB
Cached:           268076 kB
SwapCached:         6444 kB
Active:          2705476 kB
Inactive:        2589448 kB
Active(anon):    2521692 kB
Inactive(anon):  2520368 kB
Active(file):     183784 kB
Inactive(file):    69080 kB
Unevictable:        6600 kB
Mlocked:            6160 kB
SwapTotal:       4718584 kB
SwapFree:        3678200 kB
Dirty:               488 kB
Writeback:             0 kB
AnonPages:       5027592 kB
Mapped:           391592 kB
Shmem:             11032 kB
KReclaimable:     250680 kB
Slab:             306460 kB
SReclaimable:      74480 kB
SUnreclaim:       231980 kB
KernelStack:       48208 kB
ShadowCallStack:   12068 kB
PageTables:        86016 kB
NFS_Unstable:          0 kB
Bounce:                0 kB
WritebackTmp:          0 kB
CommitLimit:     8677876 kB
Committed_AS:   76925560 kB
VmallocTotal:   263061440 kB
VmallocUsed:      131012 kB
VmallocChunk:          0 kB
Percpu:             2448 kB
CmaTotal:         405504 kB
CmaFree:             128 kB
MemTotal:        7918588 kB
MemFree:          195732 kB
MemAvailable:     289416 kB
Buffers:             920 kB
Cached:           252712 kB
SwapCached:         6544 kB
Active:          2828684 kB
Inactive:        2466772 kB
Active(anon):    2591164 kB
Inactive(anon):  2466700 kB
Active(file):     237520 kB
Inactive(file):       72 kB
Unevictable:        6604 kB
Mlocked:            6164 kB
SwapTotal:       4718584 kB
SwapFree:        3639288 kB
Dirty:               596 kB
Writeback:             0 kB
AnonPages:       5043168 kB
