MemTotal:        7918584 kB
MemFree:         1876624 kB
MemAvailable:    3321632 kB
Buffers:            4748 kB
Cached:          1538112 kB
SwapCached:        13400 kB
Active:          2036336 kB
Inactive:        1430896 kB
Active(anon):    1875288 kB
Inactive(anon):    76060 kB
Active(file):     161048 kB
Inactive(file):  1354836 kB
Unevictable:        6544 kB
Mlocked:            6104 kB
SwapTotal:       4718584 kB
SwapFree:        3967008 kB
Dirty:            151676 kB
Writeback:             0 kB
AnonPages:       1926804 kB
Mapped:           548604 kB
Shmem:             22168 kB
KReclaimable:     483188 kB
Slab:             320668 kB
SReclaimable:      94244 kB
SUnreclaim:       226424 kB
KernelStack:       46656 kB
ShadowCallStack:   11700 kB
PageTables:        65908 kB
NFS_Unstable:          0 kB
Bounce:                0 kB
WritebackTmp:          0 kB
CommitLimit:     8677876 kB
Committed_AS:   65116260 kB
VmallocTotal:   263061440 kB
VmallocUsed:      129104 kB
VmallocChunk:          0 kB
Percpu:             2520 kB
CmaTotal:         405504 kB
CmaFree:          219772 kB
MemTotal:        7918584 kB
MemFree:         1870920 kB
MemAvailable:    3735172 kB
Buffers:            4784 kB
Cached:          1540852 kB
SwapCached:        13512 kB
Active:          2040800 kB
Inactive:        1431024 kB
Active(anon):    1877504 kB
Inactive(anon):    76032 kB
Active(file):     163296 kB
Inactive(file):  1354992 kB
Unevictable:        6544 kB
Mlocked:            6104 kB
SwapTotal:       4718584 kB
SwapFree:        3968544 kB
Dirty:            151688 kB
Writeback:             0 kB
AnonPages:       1928468 kB
Mapped:           594152 kB
Shmem:             22540 kB
KReclaimable:     900028 kB
Slab:             320552 kB
SReclaimable:      94356 kB
SUnreclaim:       226196 kB
KernelStack:       47824 kB
ShadowCallStack:   11992 kB
PageTables:        65768 kB
NFS_Unstable:          0 kB
Bounce:                0 kB
WritebackTmp:          0 kB
CommitLimit:     8677876 kB
Committed_AS:   65203856 kB
VmallocTotal:   263061440 kB
VmallocUsed:      130496 kB
VmallocChunk:          0 kB
Percpu:             2520 kB
CmaTotal:         405504 kB
CmaFree:          219772 kB
MemTotal:        7918584 kB
MemFree:         1846812 kB
MemAvailable:    3494848 kB
Buffers:            4800 kB
Cached:          1540944 kB
SwapCached:        13524 kB
Active:          2065240 kB
Inactive:        1431124 kB
Active(anon):    1901944 kB
Inactive(anon):    76032 kB
Active(file):     163296 kB
Inactive(file):  1355092 kB
Unevictable:        6544 kB
Mlocked:            6104 kB
SwapTotal:       4718584 kB
SwapFree:        3968544 kB
Dirty:            151768 kB
Writeback:             0 kB
AnonPages:       1952804 kB
Mapped:           605060 kB
Shmem:             22548 kB
KReclaimable:     683712 kB
Slab:             320892 kB
SReclaimable:      94388 kB
SUnreclaim:       226504 kB
KernelStack:       47760 kB
ShadowCallStack:   11976 kB
PageTables:        66296 kB
NFS_Unstable:          0 kB
Bounce:                0 kB
WritebackTmp:          0 kB
CommitLimit:     8677876 kB
Committed_AS:   65232360 kB
VmallocTotal:   263061440 kB
VmallocUsed:      130512 kB
VmallocChunk:          0 kB
Percpu:             2520 kB
CmaTotal:         405504 kB
CmaFree:          219772 kB
MemTotal:        7918584 kB
MemFree:         1803972 kB
MemAvailable:    3329320 kB
Buffers:            4820 kB
Cached:          1541012 kB
SwapCached:        13524 kB
Active:          2107196 kB
Inactive:        1431156 kB
Active(anon):    1943900 kB
Inactive(anon):    76032 kB
Active(file):     163296 kB
Inactive(file):  1355124 kB
Unevictable:        6544 kB
Mlocked:            6104 kB
SwapTotal:       4718584 kB
SwapFree:        3968544 kB
Dirty:            151784 kB
Writeback:             0 kB
AnonPages:       1994732 kB
Mapped:           606268 kB
Shmem:             22604 kB
KReclaimable:     560992 kB
Slab:             320868 kB
SReclaimable:      94388 kB
SUnreclaim:       226480 kB
KernelStack:       47920 kB
ShadowCallStack:   12008 kB
PageTables:        66456 kB
NFS_Unstable:          0 kB
Bounce:                0 kB
WritebackTmp:          0 kB
CommitLimit:     8677876 kB
Committed_AS:   65232760 kB
VmallocTotal:   263061440 kB
VmallocUsed:      130676 kB
VmallocChunk:          0 kB
Percpu:             2520 kB
CmaTotal:         405504 kB
CmaFree:          219772 kB
MemTotal:        7918584 kB
MemFree:         1797896 kB
MemAvailable:    3323260 kB
Buffers:            4820 kB
Cached:          1541268 kB
SwapCached:        13532 kB
Active:          2113856 kB
Inactive:        1431068 kB
Active(anon):    1950560 kB
Inactive(anon):    75928 kB
Active(file):     163296 kB
Inactive(file):  1355140 kB
Unevictable:        6544 kB
Mlocked:            6104 kB
SwapTotal:       4718584 kB
SwapFree:        3971616 kB
Dirty:            151792 kB
Writeback:             0 kB
AnonPages:       2001072 kB
Mapped:           607332 kB
Shmem:             22844 kB
KReclaimable:     560992 kB
Slab:             320896 kB
SReclaimable:      94404 kB
SUnreclaim:       226492 kB
KernelStack:       47920 kB
ShadowCallStack:   12004 kB
PageTables:        66132 kB
NFS_Unstable:          0 kB
Bounce:                0 kB
WritebackTmp:          0 kB
CommitLimit:     8677876 kB
Committed_AS:   65232772 kB
VmallocTotal:   263061440 kB
VmallocUsed:      130656 kB
VmallocChunk:          0 kB
Percpu:             2520 kB
CmaTotal:         405504 kB
CmaFree:          220808 kB
MemTotal:        7918584 kB
MemFree:         1841312 kB
MemAvailable:    3508176 kB
Buffers:            4856 kB
Cached:          1541128 kB
SwapCached:        13540 kB
Active:          2071132 kB
Inactive:        1431096 kB
Active(anon):    1907836 kB
Inactive(anon):    75916 kB
Active(file):     163296 kB
Inactive(file):  1355180 kB
Unevictable:        6544 kB
Mlocked:            6104 kB
SwapTotal:       4718584 kB
SwapFree:        3971616 kB
Dirty:            150968 kB
Writeback:             0 kB
AnonPages:       1958468 kB
Mapped:           606360 kB
Shmem:             22700 kB
KReclaimable:     702452 kB
Slab:             320780 kB
SReclaimable:      94404 kB
SUnreclaim:       226376 kB
KernelStack:       47600 kB
ShadowCallStack:   11932 kB
PageTables:        66320 kB
NFS_Unstable:          0 kB
Bounce:                0 kB
WritebackTmp:          0 kB
CommitLimit:     8677876 kB
Committed_AS:   65231892 kB
VmallocTotal:   263061440 kB
VmallocUsed:      129976 kB
VmallocChunk:          0 kB
Percpu:             2520 kB
CmaTotal:         405504 kB
CmaFree:          220880 kB
MemTotal:        7918584 kB
MemFree:         1822736 kB
MemAvailable:    3489612 kB
Buffers:            4856 kB
Cached:          1541140 kB
SwapCached:        13540 kB
Active:          2090920 kB
Inactive:        1431108 kB
Active(anon):    1927624 kB
Inactive(anon):    75916 kB
Active(file):     163296 kB
Inactive(file):  1355192 kB
Unevictable:        6544 kB
Mlocked:            6104 kB
SwapTotal:       4718584 kB
SwapFree:        3971616 kB
Dirty:            151320 kB
Writeback:             0 kB
AnonPages:       1978240 kB
Mapped:           608164 kB
Shmem:             22700 kB
KReclaimable:     702452 kB
Slab:             320772 kB
SReclaimable:      94404 kB
SUnreclaim:       226368 kB
KernelStack:       47616 kB
ShadowCallStack:   11936 kB
PageTables:        66260 kB
NFS_Unstable:          0 kB
Bounce:                0 kB
WritebackTmp:          0 kB
CommitLimit:     8677876 kB
Committed_AS:   65252392 kB
VmallocTotal:   263061440 kB
VmallocUsed:      130020 kB
VmallocChunk:          0 kB
Percpu:             2520 kB
CmaTotal:         405504 kB
CmaFree:          220880 kB
MemTotal:        7918584 kB
MemFree:         1678124 kB
MemAvailable:    3312340 kB
Buffers:            4892 kB
Cached:          1541180 kB
SwapCached:        13540 kB
Active:          2235264 kB
Inactive:        1431184 kB
Active(anon):    2071968 kB
Inactive(anon):    75916 kB
Active(file):     163296 kB
Inactive(file):  1355268 kB
Unevictable:        6544 kB
Mlocked:            6104 kB
SwapTotal:       4718584 kB
SwapFree:        3971616 kB
Dirty:            151388 kB
Writeback:             0 kB
AnonPages:       2122684 kB
Mapped:           653464 kB
Shmem:             22700 kB
KReclaimable:     669716 kB
Slab:             320940 kB
SReclaimable:      94420 kB
SUnreclaim:       226520 kB
KernelStack:       47584 kB
ShadowCallStack:   11928 kB
PageTables:        66492 kB
NFS_Unstable:          0 kB
Bounce:                0 kB
WritebackTmp:          0 kB
CommitLimit:     8677876 kB
Committed_AS:   65512996 kB
VmallocTotal:   263061440 kB
VmallocUsed:      130040 kB
VmallocChunk:          0 kB
Percpu:             2520 kB
CmaTotal:         405504 kB
CmaFree:          220880 kB
MemTotal:        7918584 kB
MemFree:         1609436 kB
MemAvailable:    3208372 kB
Buffers:            4892 kB
Cached:          1541204 kB
SwapCached:        13548 kB
Active:          2303864 kB
Inactive:        1431204 kB
Active(anon):    2140568 kB
Inactive(anon):    75916 kB
Active(file):     163296 kB
Inactive(file):  1355288 kB
Unevictable:        6544 kB
Mlocked:            6104 kB
SwapTotal:       4718584 kB
SwapFree:        3971616 kB
Dirty:            151388 kB
Writeback:             0 kB
AnonPages:       2191168 kB
Mapped:           693112 kB
Shmem:             22704 kB
KReclaimable:     634416 kB
Slab:             321080 kB
SReclaimable:      94436 kB
SUnreclaim:       226644 kB
KernelStack:       47696 kB
ShadowCallStack:   11956 kB
PageTables:        67084 kB
NFS_Unstable:          0 kB
Bounce:                0 kB
WritebackTmp:          0 kB
CommitLimit:     8677876 kB
Committed_AS:   65614604 kB
VmallocTotal:   263061440 kB
VmallocUsed:      130068 kB
VmallocChunk:          0 kB
Percpu:             2520 kB
CmaTotal:         405504 kB
CmaFree:          220880 kB
MemTotal:        7918584 kB
MemFree:         1552900 kB
MemAvailable:    3103436 kB
Buffers:            4916 kB
Cached:          1541396 kB
SwapCached:        13548 kB
Active:          2359016 kB
Inactive:        1431324 kB
Active(anon):    2195624 kB
Inactive(anon):    75916 kB
Active(file):     163392 kB
Inactive(file):  1355408 kB
Unevictable:        6544 kB
Mlocked:            6104 kB
SwapTotal:       4718584 kB
SwapFree:        3971616 kB
Dirty:            151392 kB
Writeback:             0 kB
AnonPages:       2246200 kB
Mapped:           720964 kB
Shmem:             22704 kB
KReclaimable:     585800 kB
Slab:             321268 kB
SReclaimable:      94580 kB
SUnreclaim:       226688 kB
KernelStack:       47696 kB
ShadowCallStack:   11960 kB
PageTables:        67296 kB
NFS_Unstable:          0 kB
Bounce:                0 kB
WritebackTmp:          0 kB
CommitLimit:     8677876 kB
Committed_AS:   65771416 kB
VmallocTotal:   263061440 kB
VmallocUsed:      130100 kB
VmallocChunk:          0 kB
Percpu:             2520 kB
CmaTotal:         405504 kB
CmaFree:          220880 kB
MemTotal:        7918584 kB
MemFree:         1453064 kB
MemAvailable:    3002096 kB
Buffers:            4916 kB
Cached:          1541388 kB
SwapCached:        13548 kB
Active:          2459584 kB
Inactive:        1431316 kB
Active(anon):    2296192 kB
Inactive(anon):    75916 kB
Active(file):     163392 kB
Inactive(file):  1355400 kB
Unevictable:        6544 kB
Mlocked:            6104 kB
SwapTotal:       4718584 kB
SwapFree:        3971616 kB
Dirty:             17508 kB
Writeback:             0 kB
AnonPages:       2346800 kB
Mapped:           722548 kB
Shmem:             22704 kB
KReclaimable:     584304 kB
Slab:             321344 kB
SReclaimable:      94580 kB
SUnreclaim:       226764 kB
KernelStack:       47696 kB
ShadowCallStack:   11956 kB
PageTables:        68020 kB
NFS_Unstable:          0 kB
Bounce:                0 kB
WritebackTmp:          0 kB
CommitLimit:     8677876 kB
Committed_AS:   66033556 kB
VmallocTotal:   263061440 kB
VmallocUsed:      130140 kB
VmallocChunk:          0 kB
Percpu:             2520 kB
CmaTotal:         405504 kB
CmaFree:          207088 kB
MemTotal:        7918584 kB
MemFree:         1366096 kB
MemAvailable:    2913984 kB
Buffers:            4916 kB
Cached:          1541392 kB
SwapCached:        13548 kB
Active:          2545632 kB
Inactive:        1431316 kB
Active(anon):    2382240 kB
Inactive(anon):    75916 kB
Active(file):     163392 kB
Inactive(file):  1355400 kB
Unevictable:        6544 kB
Mlocked:            6104 kB
SwapTotal:       4718584 kB
SwapFree:        3971616 kB
Dirty:             17508 kB
Writeback:             0 kB
AnonPages:       2432832 kB
Mapped:           723384 kB
Shmem:             22708 kB
KReclaimable:     583160 kB
Slab:             321352 kB
SReclaimable:      94580 kB
SUnreclaim:       226772 kB
KernelStack:       47696 kB
ShadowCallStack:   11964 kB
PageTables:        68448 kB
NFS_Unstable:          0 kB
Bounce:                0 kB
WritebackTmp:          0 kB
CommitLimit:     8677876 kB
Committed_AS:   66262936 kB
VmallocTotal:   263061440 kB
VmallocUsed:      130140 kB
VmallocChunk:          0 kB
Percpu:             2520 kB
CmaTotal:         405504 kB
CmaFree:          120164 kB
MemTotal:        7918584 kB
MemFree:         1280904 kB
MemAvailable:    2819392 kB
Buffers:            4924 kB
Cached:          1541404 kB
SwapCached:        13548 kB
Active:          2631740 kB
Inactive:        1431336 kB
Active(anon):    2468348 kB
Inactive(anon):    75916 kB
Active(file):     163392 kB
Inactive(file):  1355420 kB
Unevictable:        6544 kB
Mlocked:            6104 kB
SwapTotal:       4718584 kB
SwapFree:        3971616 kB
Dirty:             17568 kB
Writeback:             0 kB
AnonPages:       2518904 kB
Mapped:           723872 kB
Shmem:             22708 kB
KReclaimable:     573740 kB
Slab:             321396 kB
SReclaimable:      94596 kB
SUnreclaim:       226800 kB
KernelStack:       47680 kB
ShadowCallStack:   11952 kB
PageTables:        68856 kB
NFS_Unstable:          0 kB
Bounce:                0 kB
WritebackTmp:          0 kB
CommitLimit:     8677876 kB
Committed_AS:   66475876 kB
VmallocTotal:   263061440 kB
VmallocUsed:      130116 kB
VmallocChunk:          0 kB
Percpu:             2520 kB
CmaTotal:         405504 kB
CmaFree:           34476 kB
MemTotal:        7918584 kB
MemFree:         1205600 kB
MemAvailable:    2743404 kB
Buffers:            4924 kB
Cached:          1541424 kB
SwapCached:        13548 kB
Active:          2707272 kB
Inactive:        1431356 kB
Active(anon):    2543880 kB
Inactive(anon):    75916 kB
Active(file):     163392 kB
Inactive(file):  1355440 kB
Unevictable:        6544 kB
Mlocked:            6104 kB
SwapTotal:       4718584 kB
SwapFree:        3971616 kB
Dirty:             17588 kB
Writeback:             0 kB
AnonPages:       2594400 kB
Mapped:           724432 kB
Shmem:             22708 kB
KReclaimable:     573036 kB
Slab:             321396 kB
SReclaimable:      94596 kB
SUnreclaim:       226800 kB
KernelStack:       47632 kB
ShadowCallStack:   11944 kB
PageTables:        69268 kB
NFS_Unstable:          0 kB
Bounce:                0 kB
WritebackTmp:          0 kB
CommitLimit:     8677876 kB
Committed_AS:   66639672 kB
VmallocTotal:   263061440 kB
VmallocUsed:      130100 kB
VmallocChunk:          0 kB
Percpu:             2520 kB
CmaTotal:         405504 kB
CmaFree:               0 kB
MemTotal:        7918584 kB
MemFree:         1126468 kB
MemAvailable:    2663112 kB
Buffers:            4924 kB
Cached:          1541496 kB
SwapCached:        13548 kB
Active:          2793396 kB
Inactive:        1424520 kB
Active(anon):    2630004 kB
Inactive(anon):    69008 kB
Active(file):     163392 kB
Inactive(file):  1355512 kB
Unevictable:        6544 kB
Mlocked:            6104 kB
SwapTotal:       4718584 kB
SwapFree:        3973408 kB
Dirty:             17660 kB
Writeback:             0 kB
AnonPages:       2673696 kB
Mapped:           725064 kB
Shmem:             22708 kB
KReclaimable:     571804 kB
Slab:             321428 kB
SReclaimable:      94580 kB
SUnreclaim:       226848 kB
KernelStack:       47664 kB
ShadowCallStack:   11956 kB
PageTables:        69572 kB
NFS_Unstable:          0 kB
Bounce:                0 kB
WritebackTmp:          0 kB
CommitLimit:     8677876 kB
Committed_AS:   66836284 kB
VmallocTotal:   263061440 kB
VmallocUsed:      130084 kB
VmallocChunk:          0 kB
Percpu:             2520 kB
CmaTotal:         405504 kB
CmaFree:               0 kB
MemTotal:        7918584 kB
MemFree:         1066264 kB
MemAvailable:    2601952 kB
Buffers:            4960 kB
Cached:          1541496 kB
SwapCached:        13548 kB
Active:          2854532 kB
Inactive:        1424556 kB
Active(anon):    2691140 kB
Inactive(anon):    69008 kB
Active(file):     163392 kB
Inactive(file):  1355548 kB
Unevictable:        6544 kB
Mlocked:            6104 kB
SwapTotal:       4718584 kB
SwapFree:        3973408 kB
Dirty:             17780 kB
Writeback:             0 kB
AnonPages:       2734864 kB
Mapped:           723132 kB
Shmem:             22708 kB
KReclaimable:     570812 kB
Slab:             321500 kB
SReclaimable:      94580 kB
SUnreclaim:       226920 kB
KernelStack:       47616 kB
ShadowCallStack:   11940 kB
PageTables:        69856 kB
NFS_Unstable:          0 kB
Bounce:                0 kB
WritebackTmp:          0 kB
CommitLimit:     8677876 kB
Committed_AS:   66967352 kB
VmallocTotal:   263061440 kB
VmallocUsed:      130076 kB
VmallocChunk:          0 kB
Percpu:             2520 kB
CmaTotal:         405504 kB
CmaFree:               0 kB
MemTotal:        7918584 kB
MemFree:         1051668 kB
MemAvailable:    2587252 kB
Buffers:            4960 kB
Cached:          1541496 kB
SwapCached:        13548 kB
Active:          2868080 kB
Inactive:        1424556 kB
Active(anon):    2704688 kB
Inactive(anon):    69008 kB
Active(file):     163392 kB
Inactive(file):  1355548 kB
Unevictable:        6544 kB
Mlocked:            6104 kB
SwapTotal:       4718584 kB
SwapFree:        3973408 kB
Dirty:             17780 kB
Writeback:             0 kB
AnonPages:       2748364 kB
Mapped:           723312 kB
Shmem:             22708 kB
KReclaimable:     570708 kB
Slab:             321536 kB
SReclaimable:      94580 kB
SUnreclaim:       226956 kB
KernelStack:       47664 kB
ShadowCallStack:   11948 kB
PageTables:        69852 kB
NFS_Unstable:          0 kB
Bounce:                0 kB
WritebackTmp:          0 kB
CommitLimit:     8677876 kB
Committed_AS:   66983736 kB
VmallocTotal:   263061440 kB
VmallocUsed:      130100 kB
VmallocChunk:          0 kB
Percpu:             2520 kB
CmaTotal:         405504 kB
CmaFree:               0 kB
MemTotal:        7918584 kB
MemFree:         1016196 kB
MemAvailable:    2551256 kB
Buffers:            4960 kB
Cached:          1541508 kB
SwapCached:        13548 kB
Active:          2902984 kB
Inactive:        1424568 kB
Active(anon):    2739592 kB
Inactive(anon):    69008 kB
Active(file):     163392 kB
Inactive(file):  1355560 kB
Unevictable:        6544 kB
Mlocked:            6104 kB
SwapTotal:       4718584 kB
SwapFree:        3973408 kB
Dirty:             17792 kB
Writeback:             0 kB
AnonPages:       2783292 kB
Mapped:           723492 kB
Shmem:             22708 kB
KReclaimable:     570172 kB
Slab:             321540 kB
SReclaimable:      94580 kB
SUnreclaim:       226960 kB
KernelStack:       47648 kB
ShadowCallStack:   11944 kB
PageTables:        69984 kB
NFS_Unstable:          0 kB
Bounce:                0 kB
WritebackTmp:          0 kB
CommitLimit:     8677876 kB
Committed_AS:   67082048 kB
VmallocTotal:   263061440 kB
VmallocUsed:      130104 kB
VmallocChunk:          0 kB
Percpu:             2520 kB
CmaTotal:         405504 kB
CmaFree:               0 kB
MemTotal:        7918584 kB
MemFree:          993600 kB
MemAvailable:    2528464 kB
Buffers:            4976 kB
Cached:          1541680 kB
SwapCached:        13552 kB
Active:          2925808 kB
Inactive:        1424620 kB
Active(anon):    2762280 kB
Inactive(anon):    69008 kB
Active(file):     163528 kB
Inactive(file):  1355612 kB
Unevictable:        6544 kB
Mlocked:            6104 kB
SwapTotal:       4718584 kB
SwapFree:        3974176 kB
Dirty:             17792 kB
Writeback:             0 kB
AnonPages:       2805952 kB
Mapped:           723876 kB
Shmem:             22708 kB
KReclaimable:     569788 kB
Slab:             321552 kB
SReclaimable:      94580 kB
SUnreclaim:       226972 kB
KernelStack:       47664 kB
ShadowCallStack:   11952 kB
PageTables:        70232 kB
NFS_Unstable:          0 kB
Bounce:                0 kB
WritebackTmp:          0 kB
CommitLimit:     8677876 kB
Committed_AS:   67131196 kB
VmallocTotal:   263061440 kB
VmallocUsed:      130068 kB
VmallocChunk:          0 kB
Percpu:             2520 kB
CmaTotal:         405504 kB
CmaFree:               0 kB
MemTotal:        7918584 kB
MemFree:          991860 kB
MemAvailable:    2526556 kB
Buffers:            4984 kB
Cached:          1541692 kB
SwapCached:        13556 kB
Active:          2927476 kB
Inactive:        1424628 kB
Active(anon):    2763948 kB
Inactive(anon):    69008 kB
Active(file):     163528 kB
Inactive(file):  1355620 kB
Unevictable:        6544 kB
Mlocked:            6104 kB
SwapTotal:       4718584 kB
SwapFree:        3974176 kB
Dirty:             17796 kB
Writeback:             0 kB
AnonPages:       2807616 kB
Mapped:           723928 kB
Shmem:             22720 kB
KReclaimable:     569612 kB
Slab:             321544 kB
SReclaimable:      94580 kB
SUnreclaim:       226964 kB
KernelStack:       47680 kB
ShadowCallStack:   11956 kB
PageTables:        70232 kB
NFS_Unstable:          0 kB
Bounce:                0 kB
WritebackTmp:          0 kB
CommitLimit:     8677876 kB
Committed_AS:   67131204 kB
VmallocTotal:   263061440 kB
VmallocUsed:      130100 kB
VmallocChunk:          0 kB
Percpu:             2520 kB
CmaTotal:         405504 kB
CmaFree:               0 kB
MemTotal:        7918584 kB
MemFree:          942304 kB
MemAvailable:    2476424 kB
Buffers:            4992 kB
Cached:          1541688 kB
SwapCached:        13556 kB
Active:          2977296 kB
Inactive:        1424628 kB
Active(anon):    2813768 kB
Inactive(anon):    69008 kB
Active(file):     163528 kB
Inactive(file):  1355620 kB
Unevictable:        6544 kB
Mlocked:            6104 kB
SwapTotal:       4718584 kB
SwapFree:        3974176 kB
Dirty:             17796 kB
Writeback:             0 kB
AnonPages:       2857468 kB
Mapped:           724448 kB
Shmem:             22724 kB
KReclaimable:     569036 kB
Slab:             321628 kB
SReclaimable:      94580 kB
SUnreclaim:       227048 kB
KernelStack:       47632 kB
ShadowCallStack:   11940 kB
PageTables:        70340 kB
NFS_Unstable:          0 kB
Bounce:                0 kB
WritebackTmp:          0 kB
CommitLimit:     8677876 kB
Committed_AS:   67245896 kB
VmallocTotal:   263061440 kB
VmallocUsed:      130084 kB
VmallocChunk:          0 kB
Percpu:             2520 kB
CmaTotal:         405504 kB
CmaFree:               0 kB
MemTotal:        7918584 kB
MemFree:          937080 kB
MemAvailable:    2471152 kB
Buffers:            4992 kB
Cached:          1541696 kB
SwapCached:        13556 kB
Active:          2982552 kB
Inactive:        1424636 kB
Active(anon):    2819024 kB
Inactive(anon):    69008 kB
Active(file):     163528 kB
Inactive(file):  1355628 kB
Unevictable:        6544 kB
Mlocked:            6104 kB
SwapTotal:       4718584 kB
SwapFree:        3974176 kB
Dirty:             17796 kB
Writeback:             0 kB
AnonPages:       2862748 kB
Mapped:           724488 kB
Shmem:             22724 kB
KReclaimable:     568980 kB
Slab:             321644 kB
SReclaimable:      94580 kB
SUnreclaim:       227064 kB
KernelStack:       47664 kB
ShadowCallStack:   11956 kB
PageTables:        70348 kB
NFS_Unstable:          0 kB
Bounce:                0 kB
WritebackTmp:          0 kB
CommitLimit:     8677876 kB
Committed_AS:   67245896 kB
VmallocTotal:   263061440 kB
VmallocUsed:      130104 kB
VmallocChunk:          0 kB
Percpu:             2520 kB
CmaTotal:         405504 kB
CmaFree:               0 kB
MemTotal:        7918584 kB
MemFree:          921952 kB
MemAvailable:    2455796 kB
Buffers:            4992 kB
Cached:          1541708 kB
SwapCached:        13556 kB
Active:          2997428 kB
Inactive:        1424648 kB
Active(anon):    2833900 kB
Inactive(anon):    69008 kB
Active(file):     163528 kB
Inactive(file):  1355640 kB
Unevictable:        6544 kB
Mlocked:            6104 kB
SwapTotal:       4718584 kB
SwapFree:        3974176 kB
Dirty:             17808 kB
Writeback:             0 kB
AnonPages:       2877612 kB
Mapped:           724632 kB
Shmem:             22724 kB
KReclaimable:     568740 kB
Slab:             321600 kB
SReclaimable:      94580 kB
SUnreclaim:       227020 kB
KernelStack:       47616 kB
ShadowCallStack:   11944 kB
PageTables:        70444 kB
NFS_Unstable:          0 kB
Bounce:                0 kB
WritebackTmp:          0 kB
CommitLimit:     8677876 kB
Committed_AS:   67278640 kB
VmallocTotal:   263061440 kB
VmallocUsed:      130064 kB
VmallocChunk:          0 kB
Percpu:             2520 kB
CmaTotal:         405504 kB
CmaFree:               0 kB
MemTotal:        7918584 kB
MemFree:          879872 kB
MemAvailable:    2412836 kB
Buffers:            4992 kB
Cached:          1541708 kB
SwapCached:        13556 kB
Active:          3039212 kB
Inactive:        1424648 kB
Active(anon):    2875684 kB
Inactive(anon):    69008 kB
Active(file):     163528 kB
Inactive(file):  1355640 kB
Unevictable:        6544 kB
Mlocked:            6104 kB
SwapTotal:       4718584 kB
SwapFree:        3974176 kB
Dirty:             17636 kB
Writeback:             0 kB
AnonPages:       2919404 kB
Mapped:           724920 kB
Shmem:             22724 kB
KReclaimable:     567860 kB
Slab:             321620 kB
SReclaimable:      94580 kB
SUnreclaim:       227040 kB
KernelStack:       47616 kB
ShadowCallStack:   11952 kB
PageTables:        70564 kB
NFS_Unstable:          0 kB
Bounce:                0 kB
WritebackTmp:          0 kB
CommitLimit:     8677876 kB
Committed_AS:   67376916 kB
VmallocTotal:   263061440 kB
VmallocUsed:      130064 kB
VmallocChunk:          0 kB
Percpu:             2520 kB
CmaTotal:         405504 kB
CmaFree:               0 kB
MemTotal:        7918584 kB
MemFree:          855140 kB
MemAvailable:    2270816 kB
Buffers:            4992 kB
Cached:          1541720 kB
SwapCached:        13556 kB
Active:          3062948 kB
Inactive:        1424648 kB
Active(anon):    2899420 kB
Inactive(anon):    69008 kB
Active(file):     163528 kB
Inactive(file):  1355640 kB
Unevictable:        6544 kB
Mlocked:            6104 kB
SwapTotal:       4718584 kB
SwapFree:        3974176 kB
Dirty:             17636 kB
Writeback:             0 kB
AnonPages:       2943264 kB
Mapped:           725420 kB
Shmem:             22736 kB
KReclaimable:     450572 kB
Slab:             321616 kB
SReclaimable:      94580 kB
SUnreclaim:       227036 kB
KernelStack:       47696 kB
ShadowCallStack:   11940 kB
PageTables:        70728 kB
NFS_Unstable:          0 kB
Bounce:                0 kB
WritebackTmp:          0 kB
CommitLimit:     8677876 kB
Committed_AS:   67377308 kB
VmallocTotal:   263061440 kB
VmallocUsed:      130148 kB
VmallocChunk:          0 kB
Percpu:             2520 kB
CmaTotal:         405504 kB
CmaFree:               0 kB
MemTotal:        7918584 kB
MemFree:          801636 kB
MemAvailable:    2203744 kB
Buffers:            5016 kB
Cached:          1541820 kB
SwapCached:        13556 kB
Active:          3116280 kB
Inactive:        1424672 kB
Active(anon):    2952752 kB
Inactive(anon):    69008 kB
Active(file):     163528 kB
Inactive(file):  1355664 kB
Unevictable:        6544 kB
Mlocked:            6104 kB
SwapTotal:       4718584 kB
SwapFree:        3974176 kB
Dirty:             17636 kB
Writeback:             0 kB
AnonPages:       2996372 kB
Mapped:           726004 kB
Shmem:             22836 kB
KReclaimable:     436980 kB
Slab:             321748 kB
SReclaimable:      94580 kB
SUnreclaim:       227168 kB
KernelStack:       47744 kB
ShadowCallStack:   11980 kB
PageTables:        70952 kB
NFS_Unstable:          0 kB
Bounce:                0 kB
WritebackTmp:          0 kB
CommitLimit:     8677876 kB
Committed_AS:   67472672 kB
VmallocTotal:   263061440 kB
VmallocUsed:      130232 kB
VmallocChunk:          0 kB
Percpu:             2520 kB
CmaTotal:         405504 kB
CmaFree:               0 kB
MemTotal:        7918584 kB
MemFree:          822572 kB
MemAvailable:    2354584 kB
Buffers:            5016 kB
Cached:          1541708 kB
SwapCached:        13556 kB
Active:          3095304 kB
Inactive:        1424672 kB
Active(anon):    2931776 kB
Inactive(anon):    69008 kB
Active(file):     163528 kB
Inactive(file):  1355664 kB
Unevictable:        6544 kB
Mlocked:            6104 kB
SwapTotal:       4718584 kB
SwapFree:        3974176 kB
Dirty:             17636 kB
Writeback:             0 kB
AnonPages:       2975536 kB
Mapped:           725556 kB
Shmem:             22724 kB
KReclaimable:     566884 kB
Slab:             321744 kB
SReclaimable:      94580 kB
SUnreclaim:       227164 kB
KernelStack:       47616 kB
ShadowCallStack:   11944 kB
PageTables:        70936 kB
NFS_Unstable:          0 kB
Bounce:                0 kB
WritebackTmp:          0 kB
CommitLimit:     8677876 kB
Committed_AS:   67505044 kB
VmallocTotal:   263061440 kB
VmallocUsed:      130080 kB
VmallocChunk:          0 kB
Percpu:             2520 kB
CmaTotal:         405504 kB
CmaFree:               0 kB
MemTotal:        7918584 kB
MemFree:          820992 kB
MemAvailable:    2352912 kB
Buffers:            5024 kB
Cached:          1541720 kB
SwapCached:        13556 kB
Active:          3096680 kB
Inactive:        1424692 kB
Active(anon):    2933152 kB
Inactive(anon):    69008 kB
Active(file):     163528 kB
Inactive(file):  1355684 kB
Unevictable:        6544 kB
Mlocked:            6104 kB
SwapTotal:       4718584 kB
SwapFree:        3974176 kB
Dirty:             17716 kB
Writeback:             0 kB
AnonPages:       2976776 kB
Mapped:           725728 kB
Shmem:             22724 kB
KReclaimable:     566772 kB
Slab:             321768 kB
SReclaimable:      94596 kB
SUnreclaim:       227172 kB
KernelStack:       47632 kB
ShadowCallStack:   11948 kB
PageTables:        70928 kB
NFS_Unstable:          0 kB
Bounce:                0 kB
WritebackTmp:          0 kB
CommitLimit:     8677876 kB
Committed_AS:   67505044 kB
VmallocTotal:   263061440 kB
VmallocUsed:      130060 kB
VmallocChunk:          0 kB
Percpu:             2520 kB
CmaTotal:         405504 kB
CmaFree:               0 kB
MemTotal:        7918584 kB
MemFree:          769660 kB
MemAvailable:    2300892 kB
Buffers:            5024 kB
Cached:          1541720 kB
SwapCached:        13556 kB
Active:          3147660 kB
Inactive:        1424692 kB
Active(anon):    2984132 kB
Inactive(anon):    69008 kB
Active(file):     163528 kB
Inactive(file):  1355684 kB
Unevictable:        6544 kB
Mlocked:            6104 kB
SwapTotal:       4718584 kB
SwapFree:        3974176 kB
Dirty:             17716 kB
Writeback:             0 kB
AnonPages:       3027844 kB
Mapped:           726156 kB
Shmem:             22724 kB
KReclaimable:     566084 kB
Slab:             321752 kB
SReclaimable:      94596 kB
SUnreclaim:       227156 kB
KernelStack:       47648 kB
ShadowCallStack:   11948 kB
PageTables:        71248 kB
NFS_Unstable:          0 kB
Bounce:                0 kB
WritebackTmp:          0 kB
CommitLimit:     8677876 kB
Committed_AS:   67636116 kB
VmallocTotal:   263061440 kB
VmallocUsed:      130080 kB
VmallocChunk:          0 kB
Percpu:             2520 kB
CmaTotal:         405504 kB
CmaFree:               0 kB
MemTotal:        7918584 kB
MemFree:          766072 kB
MemAvailable:    2297264 kB
Buffers:            5024 kB
Cached:          1541720 kB
SwapCached:        13556 kB
Active:          3150612 kB
Inactive:        1424692 kB
Active(anon):    2987084 kB
Inactive(anon):    69008 kB
Active(file):     163528 kB
Inactive(file):  1355684 kB
Unevictable:        6544 kB
Mlocked:            6104 kB
SwapTotal:       4718584 kB
SwapFree:        3974176 kB
Dirty:             17716 kB
Writeback:             0 kB
AnonPages:       3030648 kB
Mapped:           726208 kB
Shmem:             22724 kB
KReclaimable:     566044 kB
Slab:             321752 kB
SReclaimable:      94596 kB
SUnreclaim:       227156 kB
KernelStack:       47632 kB
ShadowCallStack:   11932 kB
PageTables:        71184 kB
NFS_Unstable:          0 kB
Bounce:                0 kB
WritebackTmp:          0 kB
CommitLimit:     8677876 kB
Committed_AS:   67635888 kB
VmallocTotal:   263061440 kB
VmallocUsed:      130052 kB
VmallocChunk:          0 kB
Percpu:             2520 kB
CmaTotal:         405504 kB
CmaFree:               0 kB
MemTotal:        7918584 kB
MemFree:          749816 kB
MemAvailable:    2280752 kB
Buffers:            5032 kB
Cached:          1541720 kB
SwapCached:        13556 kB
Active:          3167596 kB
Inactive:        1424700 kB
Active(anon):    3004068 kB
Inactive(anon):    69008 kB
Active(file):     163528 kB
Inactive(file):  1355692 kB
Unevictable:        6544 kB
Mlocked:            6104 kB
SwapTotal:       4718584 kB
SwapFree:        3974176 kB
Dirty:             17716 kB
Writeback:             0 kB
AnonPages:       3047724 kB
Mapped:           726444 kB
Shmem:             22724 kB
KReclaimable:     565780 kB
Slab:             321752 kB
SReclaimable:      94596 kB
SUnreclaim:       227156 kB
KernelStack:       47632 kB
ShadowCallStack:   11936 kB
PageTables:        71168 kB
NFS_Unstable:          0 kB
Bounce:                0 kB
WritebackTmp:          0 kB
CommitLimit:     8677876 kB
Committed_AS:   67701432 kB
VmallocTotal:   263061440 kB
VmallocUsed:      130064 kB
VmallocChunk:          0 kB
Percpu:             2520 kB
CmaTotal:         405504 kB
CmaFree:               0 kB
MemTotal:        7918584 kB
MemFree:          710280 kB
MemAvailable:    2240604 kB
Buffers:            5036 kB
Cached:          1541736 kB
SwapCached:        13556 kB
Active:          3206868 kB
Inactive:        1424712 kB
Active(anon):    3043340 kB
Inactive(anon):    69008 kB
Active(file):     163528 kB
Inactive(file):  1355704 kB
Unevictable:        6544 kB
Mlocked:            6104 kB
SwapTotal:       4718584 kB
SwapFree:        3974176 kB
Dirty:               640 kB
Writeback:             0 kB
AnonPages:       3087188 kB
Mapped:           726828 kB
Shmem:             22732 kB
KReclaimable:     565156 kB
Slab:             321852 kB
SReclaimable:      94596 kB
SUnreclaim:       227256 kB
KernelStack:       47632 kB
ShadowCallStack:   11948 kB
PageTables:        71488 kB
NFS_Unstable:          0 kB
Bounce:                0 kB
WritebackTmp:          0 kB
CommitLimit:     8677876 kB
Committed_AS:   67783352 kB
VmallocTotal:   263061440 kB
VmallocUsed:      130076 kB
VmallocChunk:          0 kB
Percpu:             2520 kB
CmaTotal:         405504 kB
CmaFree:               0 kB
MemTotal:        7918584 kB
MemFree:          712536 kB
MemAvailable:    2242872 kB
Buffers:            5036 kB
Cached:          1541804 kB
SwapCached:        14652 kB
Active:          3204676 kB
Inactive:        1423400 kB
Active(anon):    3041148 kB
Inactive(anon):    67684 kB
Active(file):     163528 kB
Inactive(file):  1355716 kB
Unevictable:        6544 kB
Mlocked:            6104 kB
SwapTotal:       4718584 kB
SwapFree:        3976224 kB
Dirty:               584 kB
Writeback:             0 kB
AnonPages:       3083444 kB
Mapped:           726864 kB
Shmem:             22788 kB
KReclaimable:     565156 kB
Slab:             321892 kB
SReclaimable:      94596 kB
SUnreclaim:       227296 kB
KernelStack:       47664 kB
ShadowCallStack:   11948 kB
PageTables:        71420 kB
NFS_Unstable:          0 kB
Bounce:                0 kB
WritebackTmp:          0 kB
CommitLimit:     8677876 kB
Committed_AS:   67783360 kB
VmallocTotal:   263061440 kB
VmallocUsed:      130076 kB
VmallocChunk:          0 kB
Percpu:             2520 kB
CmaTotal:         405504 kB
CmaFree:             772 kB
MemTotal:        7918584 kB
MemFree:          680632 kB
MemAvailable:    2210544 kB
Buffers:            5036 kB
Cached:          1541804 kB
SwapCached:        14652 kB
Active:          3238424 kB
Inactive:        1423400 kB
Active(anon):    3074896 kB
Inactive(anon):    67684 kB
Active(file):     163528 kB
Inactive(file):  1355716 kB
Unevictable:        6544 kB
Mlocked:            6104 kB
SwapTotal:       4718584 kB
SwapFree:        3976224 kB
Dirty:               596 kB
Writeback:             0 kB
AnonPages:       3117160 kB
Mapped:           727208 kB
Shmem:             22788 kB
KReclaimable:     564732 kB
Slab:             321804 kB
SReclaimable:      94596 kB
SUnreclaim:       227208 kB
KernelStack:       47568 kB
ShadowCallStack:   11928 kB
PageTables:        71484 kB
NFS_Unstable:          0 kB
Bounce:                0 kB
WritebackTmp:          0 kB
CommitLimit:     8677876 kB
Committed_AS:   67864808 kB
VmallocTotal:   263061440 kB
VmallocUsed:      130004 kB
VmallocChunk:          0 kB
Percpu:             2520 kB
CmaTotal:         405504 kB
CmaFree:               0 kB
MemTotal:        7918584 kB
MemFree:          658168 kB
MemAvailable:    2187648 kB
Buffers:            5036 kB
Cached:          1541804 kB
SwapCached:        14652 kB
Active:          3259684 kB
Inactive:        1423400 kB
Active(anon):    3096156 kB
Inactive(anon):    67684 kB
Active(file):     163528 kB
Inactive(file):  1355716 kB
Unevictable:        6544 kB
Mlocked:            6104 kB
SwapTotal:       4718584 kB
SwapFree:        3976224 kB
Dirty:               600 kB
Writeback:             0 kB
AnonPages:       3138436 kB
Mapped:           727376 kB
Shmem:             22788 kB
KReclaimable:     564300 kB
Slab:             321900 kB
SReclaimable:      94596 kB
SUnreclaim:       227304 kB
KernelStack:       47568 kB
ShadowCallStack:   11936 kB
PageTables:        71728 kB
NFS_Unstable:          0 kB
Bounce:                0 kB
WritebackTmp:          0 kB
CommitLimit:     8677876 kB
Committed_AS:   67913960 kB
VmallocTotal:   263061440 kB
VmallocUsed:      129996 kB
VmallocChunk:          0 kB
Percpu:             2520 kB
CmaTotal:         405504 kB
CmaFree:               0 kB
MemTotal:        7918584 kB
MemFree:          657664 kB
MemAvailable:    2187048 kB
Buffers:            5068 kB
Cached:          1541804 kB
SwapCached:        14652 kB
Active:          3260780 kB
Inactive:        1423432 kB
Active(anon):    3097252 kB
Inactive(anon):    67684 kB
Active(file):     163528 kB
Inactive(file):  1355748 kB
Unevictable:        6544 kB
Mlocked:            6104 kB
SwapTotal:       4718584 kB
SwapFree:        3976224 kB
Dirty:               628 kB
Writeback:             0 kB
AnonPages:       3139740 kB
Mapped:           727536 kB
Shmem:             22788 kB
KReclaimable:     564172 kB
Slab:             321888 kB
SReclaimable:      94596 kB
SUnreclaim:       227292 kB
KernelStack:       47584 kB
ShadowCallStack:   11928 kB
PageTables:        71668 kB
NFS_Unstable:          0 kB
Bounce:                0 kB
WritebackTmp:          0 kB
CommitLimit:     8677876 kB
Committed_AS:   67913960 kB
VmallocTotal:   263061440 kB
VmallocUsed:      129996 kB
VmallocChunk:          0 kB
Percpu:             2520 kB
CmaTotal:         405504 kB
CmaFree:               0 kB
MemTotal:        7918584 kB
MemFree:          602788 kB
MemAvailable:    2131468 kB
Buffers:            5068 kB
Cached:          1541804 kB
SwapCached:        14652 kB
Active:          3316368 kB
Inactive:        1423432 kB
Active(anon):    3152840 kB
Inactive(anon):    67684 kB
Active(file):     163528 kB
Inactive(file):  1355748 kB
Unevictable:        6544 kB
Mlocked:            6104 kB
SwapTotal:       4718584 kB
SwapFree:        3976224 kB
Dirty:               288 kB
Writeback:             0 kB
AnonPages:       3195212 kB
Mapped:           727912 kB
Shmem:             22788 kB
KReclaimable:     563468 kB
Slab:             322136 kB
SReclaimable:      94596 kB
SUnreclaim:       227540 kB
KernelStack:       47584 kB
ShadowCallStack:   11924 kB
PageTables:        71900 kB
NFS_Unstable:          0 kB
Bounce:                0 kB
WritebackTmp:          0 kB
CommitLimit:     8677876 kB
Committed_AS:   68045032 kB
VmallocTotal:   263061440 kB
VmallocUsed:      129996 kB
VmallocChunk:          0 kB
Percpu:             2520 kB
CmaTotal:         405504 kB
CmaFree:               0 kB
MemTotal:        7918584 kB
MemFree:          601288 kB
MemAvailable:    2130040 kB
Buffers:            5076 kB
Cached:          1541876 kB
SwapCached:        14652 kB
Active:          3316780 kB
Inactive:        1423512 kB
Active(anon):    3153252 kB
Inactive(anon):    67684 kB
Active(file):     163528 kB
Inactive(file):  1355828 kB
Unevictable:        6544 kB
Mlocked:            6104 kB
SwapTotal:       4718584 kB
SwapFree:        3976224 kB
Dirty:               252 kB
Writeback:             0 kB
AnonPages:       3195556 kB
Mapped:           727996 kB
Shmem:             22788 kB
KReclaimable:     563460 kB
Slab:             322140 kB
SReclaimable:      94596 kB
SUnreclaim:       227544 kB
KernelStack:       47584 kB
ShadowCallStack:   11928 kB
PageTables:        71948 kB
NFS_Unstable:          0 kB
Bounce:                0 kB
WritebackTmp:          0 kB
CommitLimit:     8677876 kB
Committed_AS:   68045032 kB
VmallocTotal:   263061440 kB
VmallocUsed:      130000 kB
VmallocChunk:          0 kB
Percpu:             2520 kB
CmaTotal:         405504 kB
CmaFree:               0 kB
MemTotal:        7918584 kB
MemFree:          582696 kB
MemAvailable:    2111200 kB
Buffers:            5076 kB
Cached:          1541876 kB
SwapCached:        14652 kB
Active:          3335976 kB
Inactive:        1423512 kB
Active(anon):    3172448 kB
Inactive(anon):    67684 kB
Active(file):     163528 kB
Inactive(file):  1355828 kB
Unevictable:        6544 kB
Mlocked:            6104 kB
SwapTotal:       4718584 kB
SwapFree:        3976224 kB
Dirty:               252 kB
Writeback:             0 kB
AnonPages:       3214748 kB
Mapped:           728132 kB
Shmem:             22788 kB
KReclaimable:     563212 kB
Slab:             322208 kB
SReclaimable:      94596 kB
SUnreclaim:       227612 kB
KernelStack:       47568 kB
ShadowCallStack:   11924 kB
PageTables:        72000 kB
NFS_Unstable:          0 kB
Bounce:                0 kB
WritebackTmp:          0 kB
CommitLimit:     8677876 kB
Committed_AS:   68094080 kB
VmallocTotal:   263061440 kB
VmallocUsed:      129960 kB
VmallocChunk:          0 kB
Percpu:             2520 kB
CmaTotal:         405504 kB
CmaFree:               0 kB
MemTotal:        7918584 kB
MemFree:          545660 kB
MemAvailable:    2073500 kB
Buffers:            5076 kB
Cached:          1541876 kB
SwapCached:        14652 kB
Active:          3373356 kB
Inactive:        1423512 kB
Active(anon):    3209828 kB
Inactive(anon):    67684 kB
Active(file):     163528 kB
Inactive(file):  1355828 kB
Unevictable:        6544 kB
Mlocked:            6104 kB
SwapTotal:       4718584 kB
SwapFree:        3976224 kB
Dirty:               260 kB
Writeback:             0 kB
AnonPages:       3252180 kB
Mapped:           728412 kB
Shmem:             22788 kB
KReclaimable:     562548 kB
Slab:             322148 kB
SReclaimable:      94596 kB
SUnreclaim:       227552 kB
KernelStack:       47520 kB
ShadowCallStack:   11924 kB
PageTables:        72152 kB
NFS_Unstable:          0 kB
Bounce:                0 kB
WritebackTmp:          0 kB
CommitLimit:     8677876 kB
Committed_AS:   68176000 kB
VmallocTotal:   263061440 kB
VmallocUsed:      129956 kB
VmallocChunk:          0 kB
Percpu:             2520 kB
CmaTotal:         405504 kB
CmaFree:               0 kB
MemTotal:        7918584 kB
MemFree:          544108 kB
MemAvailable:    2071948 kB
Buffers:            5076 kB
Cached:          1541876 kB
SwapCached:        14652 kB
Active:          3373736 kB
Inactive:        1423512 kB
Active(anon):    3210208 kB
Inactive(anon):    67684 kB
Active(file):     163528 kB
Inactive(file):  1355828 kB
Unevictable:        6544 kB
Mlocked:            6104 kB
SwapTotal:       4718584 kB
SwapFree:        3976224 kB
Dirty:               264 kB
Writeback:             0 kB
AnonPages:       3252564 kB
Mapped:           728576 kB
Shmem:             22788 kB
KReclaimable:     562548 kB
Slab:             322240 kB
SReclaimable:      94596 kB
SUnreclaim:       227644 kB
KernelStack:       47568 kB
ShadowCallStack:   11924 kB
PageTables:        72236 kB
NFS_Unstable:          0 kB
Bounce:                0 kB
WritebackTmp:          0 kB
CommitLimit:     8677876 kB
Committed_AS:   68176000 kB
VmallocTotal:   263061440 kB
VmallocUsed:      129964 kB
VmallocChunk:          0 kB
Percpu:             2520 kB
CmaTotal:         405504 kB
CmaFree:               0 kB
MemTotal:        7918584 kB
MemFree:          505272 kB
MemAvailable:    2032464 kB
Buffers:            5076 kB
Cached:          1541876 kB
SwapCached:        14652 kB
Active:          3412440 kB
Inactive:        1423512 kB
Active(anon):    3248912 kB
Inactive(anon):    67684 kB
Active(file):     163528 kB
Inactive(file):  1355828 kB
Unevictable:        6544 kB
Mlocked:            6104 kB
SwapTotal:       4718584 kB
SwapFree:        3976224 kB
Dirty:               264 kB
Writeback:             0 kB
AnonPages:       3291136 kB
Mapped:           728968 kB
Shmem:             22788 kB
KReclaimable:     561900 kB
Slab:             322212 kB
SReclaimable:      94596 kB
SUnreclaim:       227616 kB
KernelStack:       47504 kB
ShadowCallStack:   11912 kB
PageTables:        72368 kB
NFS_Unstable:          0 kB
Bounce:                0 kB
WritebackTmp:          0 kB
CommitLimit:     8677876 kB
Committed_AS:   68274304 kB
VmallocTotal:   263061440 kB
VmallocUsed:      129960 kB
VmallocChunk:          0 kB
Percpu:             2520 kB
CmaTotal:         405504 kB
CmaFree:               0 kB
MemTotal:        7918584 kB
MemFree:          487880 kB
MemAvailable:    2014796 kB
Buffers:            5084 kB
Cached:          1541896 kB
SwapCached:        14652 kB
Active:          3430072 kB
Inactive:        1423540 kB
Active(anon):    3266544 kB
Inactive(anon):    67684 kB
Active(file):     163528 kB
Inactive(file):  1355856 kB
Unevictable:        6544 kB
Mlocked:            6104 kB
SwapTotal:       4718584 kB
SwapFree:        3976224 kB
Dirty:               364 kB
Writeback:             0 kB
AnonPages:       3308820 kB
Mapped:           729080 kB
Shmem:             22788 kB
KReclaimable:     561596 kB
Slab:             322256 kB
SReclaimable:      94596 kB
SUnreclaim:       227660 kB
KernelStack:       47552 kB
ShadowCallStack:   11920 kB
PageTables:        72540 kB
NFS_Unstable:          0 kB
Bounce:                0 kB
WritebackTmp:          0 kB
CommitLimit:     8677876 kB
Committed_AS:   68307072 kB
VmallocTotal:   263061440 kB
VmallocUsed:      129936 kB
VmallocChunk:          0 kB
Percpu:             2520 kB
CmaTotal:         405504 kB
CmaFree:               0 kB
MemTotal:        7918584 kB
MemFree:          485644 kB
MemAvailable:    2012564 kB
Buffers:            5092 kB
Cached:          1541892 kB
SwapCached:        14652 kB
Active:          3431544 kB
Inactive:        1423544 kB
Active(anon):    3268016 kB
Inactive(anon):    67684 kB
Active(file):     163528 kB
Inactive(file):  1355860 kB
Unevictable:        6544 kB
Mlocked:            6104 kB
SwapTotal:       4718584 kB
SwapFree:        3976224 kB
Dirty:               364 kB
Writeback:             0 kB
AnonPages:       3310340 kB
Mapped:           729084 kB
Shmem:             22788 kB
KReclaimable:     561596 kB
Slab:             322220 kB
SReclaimable:      94596 kB
SUnreclaim:       227624 kB
KernelStack:       47536 kB
ShadowCallStack:   11912 kB
PageTables:        72552 kB
NFS_Unstable:          0 kB
Bounce:                0 kB
WritebackTmp:          0 kB
CommitLimit:     8677876 kB
Committed_AS:   68307072 kB
VmallocTotal:   263061440 kB
VmallocUsed:      129960 kB
VmallocChunk:          0 kB
Percpu:             2520 kB
CmaTotal:         405504 kB
CmaFree:               0 kB
MemTotal:        7918584 kB
MemFree:          430148 kB
MemAvailable:    1956224 kB
Buffers:            5092 kB
Cached:          1541896 kB
SwapCached:        14652 kB
Active:          3487100 kB
Inactive:        1423548 kB
Active(anon):    3323572 kB
Inactive(anon):    67684 kB
Active(file):     163528 kB
Inactive(file):  1355864 kB
Unevictable:        6544 kB
Mlocked:            6104 kB
SwapTotal:       4718584 kB
SwapFree:        3976224 kB
Dirty:               372 kB
Writeback:             0 kB
AnonPages:       3365880 kB
Mapped:           729596 kB
Shmem:             22788 kB
KReclaimable:     560748 kB
Slab:             322236 kB
SReclaimable:      94596 kB
SUnreclaim:       227640 kB
KernelStack:       47488 kB
ShadowCallStack:   11908 kB
PageTables:        72864 kB
NFS_Unstable:          0 kB
Bounce:                0 kB
WritebackTmp:          0 kB
CommitLimit:     8677876 kB
Committed_AS:   68438104 kB
VmallocTotal:   263061440 kB
VmallocUsed:      129936 kB
VmallocChunk:          0 kB
Percpu:             2520 kB
CmaTotal:         405504 kB
CmaFree:               0 kB
MemTotal:        7918584 kB
MemFree:          428860 kB
MemAvailable:    1954960 kB
Buffers:            5116 kB
Cached:          1541900 kB
SwapCached:        14652 kB
Active:          3487640 kB
Inactive:        1423572 kB
Active(anon):    3324112 kB
Inactive(anon):    67684 kB
Active(file):     163528 kB
Inactive(file):  1355888 kB
Unevictable:        6544 kB
Mlocked:            6104 kB
SwapTotal:       4718584 kB
SwapFree:        3976224 kB
Dirty:               372 kB
Writeback:             0 kB
AnonPages:       3366456 kB
Mapped:           729524 kB
Shmem:             22792 kB
KReclaimable:     560748 kB
Slab:             322276 kB
SReclaimable:      94596 kB
SUnreclaim:       227680 kB
KernelStack:       47536 kB
ShadowCallStack:   11924 kB
PageTables:        72736 kB
NFS_Unstable:          0 kB
Bounce:                0 kB
WritebackTmp:          0 kB
CommitLimit:     8677876 kB
Committed_AS:   68438108 kB
VmallocTotal:   263061440 kB
VmallocUsed:      129940 kB
VmallocChunk:          0 kB
Percpu:             2520 kB
CmaTotal:         405504 kB
CmaFree:               0 kB
MemTotal:        7918584 kB
MemFree:          375152 kB
MemAvailable:    1779444 kB
Buffers:            5116 kB
Cached:          1541952 kB
SwapCached:        14652 kB
Active:          3540612 kB
Inactive:        1423572 kB
Active(anon):    3377084 kB
Inactive(anon):    67684 kB
Active(file):     163528 kB
Inactive(file):  1355888 kB
Unevictable:        6544 kB
Mlocked:            6104 kB
SwapTotal:       4718584 kB
SwapFree:        3976224 kB
Dirty:               184 kB
Writeback:           112 kB
AnonPages:       3419408 kB
Mapped:           730448 kB
Shmem:             22844 kB
KReclaimable:     438940 kB
Slab:             322440 kB
SReclaimable:      94612 kB
SUnreclaim:       227828 kB
KernelStack:       47616 kB
ShadowCallStack:   11944 kB
PageTables:        73052 kB
NFS_Unstable:          0 kB
Bounce:                0 kB
WritebackTmp:          0 kB
CommitLimit:     8677876 kB
Committed_AS:   68487660 kB
VmallocTotal:   263061440 kB
VmallocUsed:      130092 kB
VmallocChunk:          0 kB
Percpu:             2520 kB
CmaTotal:         405504 kB
CmaFree:               0 kB
MemTotal:        7918584 kB
MemFree:          370600 kB
MemAvailable:    1895784 kB
Buffers:            5116 kB
Cached:          1542080 kB
SwapCached:        14652 kB
Active:          3545268 kB
Inactive:        1423592 kB
Active(anon):    3381740 kB
Inactive(anon):    67684 kB
Active(file):     163528 kB
Inactive(file):  1355908 kB
Unevictable:        6544 kB
Mlocked:            6104 kB
SwapTotal:       4718584 kB
SwapFree:        3976224 kB
Dirty:               204 kB
Writeback:             0 kB
AnonPages:       3424196 kB
Mapped:           730040 kB
Shmem:             22952 kB
KReclaimable:     559812 kB
Slab:             322356 kB
SReclaimable:      94612 kB
SUnreclaim:       227744 kB
KernelStack:       47552 kB
ShadowCallStack:   11924 kB
PageTables:        72884 kB
NFS_Unstable:          0 kB
Bounce:                0 kB
WritebackTmp:          0 kB
CommitLimit:     8677876 kB
Committed_AS:   68552800 kB
VmallocTotal:   263061440 kB
VmallocUsed:      129940 kB
VmallocChunk:          0 kB
Percpu:             2520 kB
CmaTotal:         405504 kB
CmaFree:               0 kB
MemTotal:        7918584 kB
MemFree:          370220 kB
MemAvailable:    1895556 kB
Buffers:            5116 kB
Cached:          1541920 kB
SwapCached:        14652 kB
Active:          3545564 kB
Inactive:        1423592 kB
Active(anon):    3382036 kB
Inactive(anon):    67684 kB
Active(file):     163528 kB
Inactive(file):  1355908 kB
Unevictable:        6544 kB
Mlocked:            6104 kB
SwapTotal:       4718584 kB
SwapFree:        3976224 kB
Dirty:               308 kB
Writeback:             0 kB
AnonPages:       3424340 kB
Mapped:           730164 kB
Shmem:             22792 kB
KReclaimable:     559964 kB
Slab:             322412 kB
SReclaimable:      94612 kB
SUnreclaim:       227800 kB
KernelStack:       47520 kB
ShadowCallStack:   11908 kB
PageTables:        72840 kB
NFS_Unstable:          0 kB
Bounce:                0 kB
WritebackTmp:          0 kB
CommitLimit:     8677876 kB
Committed_AS:   68552796 kB
VmallocTotal:   263061440 kB
VmallocUsed:      129920 kB
VmallocChunk:          0 kB
Percpu:             2520 kB
CmaTotal:         405504 kB
CmaFree:               0 kB
MemTotal:        7918584 kB
MemFree:          333312 kB
MemAvailable:    1858112 kB
Buffers:            5116 kB
Cached:          1541920 kB
SwapCached:        14652 kB
Active:          3583480 kB
Inactive:        1423592 kB
Active(anon):    3419952 kB
Inactive(anon):    67684 kB
Active(file):     163528 kB
Inactive(file):  1355908 kB
Unevictable:        6544 kB
Mlocked:            6104 kB
SwapTotal:       4718584 kB
SwapFree:        3976224 kB
Dirty:               312 kB
Writeback:             0 kB
AnonPages:       3462200 kB
Mapped:           730620 kB
Shmem:             22792 kB
KReclaimable:     559428 kB
Slab:             322412 kB
SReclaimable:      94612 kB
SUnreclaim:       227800 kB
KernelStack:       47504 kB
ShadowCallStack:   11896 kB
PageTables:        73124 kB
NFS_Unstable:          0 kB
Bounce:                0 kB
WritebackTmp:          0 kB
CommitLimit:     8677876 kB
Committed_AS:   68667484 kB
VmallocTotal:   263061440 kB
VmallocUsed:      129916 kB
VmallocChunk:          0 kB
Percpu:             2520 kB
CmaTotal:         405504 kB
CmaFree:               0 kB
MemTotal:        7918584 kB
MemFree:          317384 kB
MemAvailable:    1841848 kB
Buffers:            5116 kB
Cached:          1541940 kB
SwapCached:        14652 kB
Active:          3598940 kB
Inactive:        1423556 kB
Active(anon):    3435412 kB
Inactive(anon):    67640 kB
Active(file):     163528 kB
Inactive(file):  1355916 kB
Unevictable:        6544 kB
Mlocked:            6104 kB
SwapTotal:       4718584 kB
SwapFree:        3976224 kB
Dirty:               376 kB
Writeback:             0 kB
AnonPages:       3477612 kB
Mapped:           730720 kB
Shmem:             22804 kB
KReclaimable:     559084 kB
Slab:             322372 kB
SReclaimable:      94612 kB
SUnreclaim:       227760 kB
KernelStack:       47520 kB
ShadowCallStack:   11900 kB
PageTables:        73180 kB
NFS_Unstable:          0 kB
Bounce:                0 kB
WritebackTmp:          0 kB
CommitLimit:     8677876 kB
Committed_AS:   68700252 kB
VmallocTotal:   263061440 kB
VmallocUsed:      129936 kB
VmallocChunk:          0 kB
Percpu:             2520 kB
CmaTotal:         405504 kB
CmaFree:               0 kB
MemTotal:        7918584 kB
MemFree:          316200 kB
MemAvailable:    1840584 kB
Buffers:            5128 kB
Cached:          1541948 kB
SwapCached:        14652 kB
Active:          3600428 kB
Inactive:        1423572 kB
Active(anon):    3436900 kB
Inactive(anon):    67640 kB
Active(file):     163528 kB
Inactive(file):  1355932 kB
Unevictable:        6544 kB
Mlocked:            6104 kB
SwapTotal:       4718584 kB
SwapFree:        3976480 kB
Dirty:               444 kB
Writeback:             0 kB
AnonPages:       3479168 kB
Mapped:           730796 kB
Shmem:             22808 kB
KReclaimable:     558988 kB
Slab:             322456 kB
SReclaimable:      94612 kB
SUnreclaim:       227844 kB
KernelStack:       47504 kB
ShadowCallStack:   11924 kB
PageTables:        73152 kB
NFS_Unstable:          0 kB
Bounce:                0 kB
WritebackTmp:          0 kB
CommitLimit:     8677876 kB
Committed_AS:   68700256 kB
VmallocTotal:   263061440 kB
VmallocUsed:      129924 kB
VmallocChunk:          0 kB
Percpu:             2520 kB
CmaTotal:         405504 kB
CmaFree:               0 kB
MemTotal:        7918584 kB
MemFree:          268300 kB
MemAvailable:    1950524 kB
Buffers:            5128 kB
Cached:          1536756 kB
SwapCached:        14652 kB
Active:          3656048 kB
Inactive:        1416760 kB
Active(anon):    3492520 kB
Inactive(anon):    66012 kB
Active(file):     163528 kB
Inactive(file):  1350748 kB
Unevictable:        6544 kB
Mlocked:            6104 kB
SwapTotal:       4718584 kB
SwapFree:        3975712 kB
Dirty:               456 kB
Writeback:             0 kB
AnonPages:       3533168 kB
Mapped:           731160 kB
Shmem:             22800 kB
KReclaimable:     558172 kB
Slab:             322372 kB
SReclaimable:      94564 kB
SUnreclaim:       227808 kB
KernelStack:       47536 kB
ShadowCallStack:   11912 kB
PageTables:        73632 kB
NFS_Unstable:          0 kB
Bounce:                0 kB
WritebackTmp:          0 kB
CommitLimit:     8677876 kB
Committed_AS:   68832300 kB
VmallocTotal:   263061440 kB
VmallocUsed:      129920 kB
VmallocChunk:          0 kB
Percpu:             2520 kB
CmaTotal:         405504 kB
CmaFree:               0 kB
MemTotal:        7918584 kB
MemFree:          266312 kB
MemAvailable:    1948528 kB
Buffers:            5128 kB
Cached:          1536756 kB
SwapCached:        14652 kB
Active:          3656540 kB
Inactive:        1416760 kB
Active(anon):    3493012 kB
Inactive(anon):    66012 kB
Active(file):     163528 kB
Inactive(file):  1350748 kB
Unevictable:        6544 kB
Mlocked:            6104 kB
SwapTotal:       4718584 kB
SwapFree:        3975712 kB
Dirty:               460 kB
Writeback:             0 kB
AnonPages:       3533484 kB
Mapped:           731112 kB
Shmem:             22800 kB
KReclaimable:     558164 kB
Slab:             322452 kB
SReclaimable:      94564 kB
SUnreclaim:       227888 kB
KernelStack:       47520 kB
ShadowCallStack:   11912 kB
PageTables:        73492 kB
NFS_Unstable:          0 kB
Bounce:                0 kB
WritebackTmp:          0 kB
CommitLimit:     8677876 kB
Committed_AS:   68832524 kB
VmallocTotal:   263061440 kB
VmallocUsed:      129900 kB
VmallocChunk:          0 kB
Percpu:             2520 kB
CmaTotal:         405504 kB
CmaFree:               0 kB
MemTotal:        7918584 kB
MemFree:          250128 kB
MemAvailable:    1932056 kB
Buffers:            5128 kB
Cached:          1536756 kB
SwapCached:        14652 kB
Active:          3673708 kB
Inactive:        1416760 kB
Active(anon):    3510180 kB
Inactive(anon):    66012 kB
Active(file):     163528 kB
Inactive(file):  1350748 kB
Unevictable:        6544 kB
Mlocked:            6104 kB
SwapTotal:       4718584 kB
SwapFree:        3975712 kB
Dirty:               460 kB
Writeback:             0 kB
AnonPages:       3550856 kB
Mapped:           731432 kB
Shmem:             22800 kB
KReclaimable:     557876 kB
Slab:             322456 kB
SReclaimable:      94564 kB
SUnreclaim:       227892 kB
KernelStack:       47520 kB
ShadowCallStack:   11912 kB
PageTables:        73592 kB
NFS_Unstable:          0 kB
Bounce:                0 kB
WritebackTmp:          0 kB
CommitLimit:     8677876 kB
Committed_AS:   68881680 kB
VmallocTotal:   263061440 kB
VmallocUsed:      129920 kB
VmallocChunk:          0 kB
Percpu:             2520 kB
CmaTotal:         405504 kB
CmaFree:               0 kB
MemTotal:        7918584 kB
MemFree:          220524 kB
MemAvailable:    1894040 kB
Buffers:            5152 kB
Cached:          1536748 kB
SwapCached:        14084 kB
Active:          3500708 kB
Inactive:        1626712 kB
Active(anon):    3344300 kB
Inactive(anon):   268828 kB
Active(file):     156408 kB
Inactive(file):  1357884 kB
Unevictable:        6544 kB
Mlocked:            6104 kB
SwapTotal:       4718584 kB
SwapFree:        3973152 kB
Dirty:               440 kB
Writeback:            20 kB
AnonPages:       3587860 kB
Mapped:           731656 kB
Shmem:             22800 kB
KReclaimable:     549448 kB
Slab:             321360 kB
SReclaimable:      93428 kB
SUnreclaim:       227932 kB
KernelStack:       47472 kB
ShadowCallStack:   11908 kB
PageTables:        73512 kB
NFS_Unstable:          0 kB
Bounce:                0 kB
WritebackTmp:          0 kB
CommitLimit:     8677876 kB
Committed_AS:   68979980 kB
VmallocTotal:   263061440 kB
VmallocUsed:      129916 kB
VmallocChunk:          0 kB
Percpu:             2520 kB
CmaTotal:         405504 kB
CmaFree:               0 kB
MemTotal:        7918584 kB
MemFree:          219020 kB
MemAvailable:    1892544 kB
Buffers:            5152 kB
Cached:          1536756 kB
SwapCached:        14084 kB
Active:          3501084 kB
Inactive:        1626728 kB
Active(anon):    3344676 kB
Inactive(anon):   268836 kB
Active(file):     156408 kB
Inactive(file):  1357892 kB
Unevictable:        6544 kB
Mlocked:            6104 kB
SwapTotal:       4718584 kB
SwapFree:        3973152 kB
Dirty:               480 kB
Writeback:             0 kB
AnonPages:       3588096 kB
Mapped:           731600 kB
Shmem:             22800 kB
KReclaimable:     549448 kB
Slab:             321376 kB
SReclaimable:      93428 kB
SUnreclaim:       227948 kB
KernelStack:       47504 kB
ShadowCallStack:   11908 kB
PageTables:        73780 kB
NFS_Unstable:          0 kB
Bounce:                0 kB
WritebackTmp:          0 kB
CommitLimit:     8677876 kB
Committed_AS:   68979980 kB
VmallocTotal:   263061440 kB
VmallocUsed:      129916 kB
VmallocChunk:          0 kB
Percpu:             2520 kB
CmaTotal:         405504 kB
CmaFree:               0 kB
MemTotal:        7918584 kB
MemFree:          218740 kB
MemAvailable:    1859360 kB
Buffers:            5140 kB
Cached:          1517844 kB
SwapCached:        12752 kB
Active:          3565540 kB
Inactive:        1575184 kB
Active(anon):    3405132 kB
Inactive(anon):   240188 kB
Active(file):     160408 kB
Inactive(file):  1334996 kB
Unevictable:        6544 kB
Mlocked:            6104 kB
SwapTotal:       4718584 kB
SwapFree:        3967264 kB
Dirty:               492 kB
Writeback:             0 kB
AnonPages:       3621096 kB
Mapped:           724616 kB
Shmem:             22772 kB
KReclaimable:     535440 kB
Slab:             321368 kB
SReclaimable:      93428 kB
SUnreclaim:       227940 kB
KernelStack:       47520 kB
ShadowCallStack:   11912 kB
PageTables:        74116 kB
NFS_Unstable:          0 kB
Bounce:                0 kB
WritebackTmp:          0 kB
CommitLimit:     8677876 kB
Committed_AS:   69061900 kB
VmallocTotal:   263061440 kB
VmallocUsed:      129916 kB
VmallocChunk:          0 kB
Percpu:             2520 kB
CmaTotal:         405504 kB
CmaFree:              16 kB
MemTotal:        7918584 kB
MemFree:          216728 kB
MemAvailable:    1842060 kB
Buffers:            5136 kB
Cached:          1505396 kB
SwapCached:        12752 kB
Active:          3587364 kB
Inactive:        1558776 kB
Active(anon):    3422992 kB
Inactive(anon):   240208 kB
Active(file):     164372 kB
Inactive(file):  1318568 kB
Unevictable:        6544 kB
Mlocked:            6104 kB
SwapTotal:       4718584 kB
SwapFree:        3967264 kB
Dirty:               492 kB
Writeback:             0 kB
AnonPages:       3639048 kB
Mapped:           719524 kB
Shmem:             22784 kB
KReclaimable:     532616 kB
Slab:             321480 kB
SReclaimable:      93428 kB
SUnreclaim:       228052 kB
KernelStack:       47472 kB
ShadowCallStack:   11900 kB
PageTables:        74052 kB
NFS_Unstable:          0 kB
Bounce:                0 kB
WritebackTmp:          0 kB
CommitLimit:     8677876 kB
Committed_AS:   69110948 kB
VmallocTotal:   263061440 kB
VmallocUsed:      129860 kB
VmallocChunk:          0 kB
Percpu:             2520 kB
CmaTotal:         405504 kB
CmaFree:               0 kB
MemTotal:        7918584 kB
MemFree:          215480 kB
MemAvailable:    1840812 kB
Buffers:            5136 kB
Cached:          1505396 kB
SwapCached:        12752 kB
Active:          3588408 kB
Inactive:        1558772 kB
Active(anon):    3424036 kB
Inactive(anon):   240204 kB
Active(file):     164372 kB
Inactive(file):  1318568 kB
Unevictable:        6544 kB
Mlocked:            6104 kB
SwapTotal:       4718584 kB
SwapFree:        3967264 kB
Dirty:               492 kB
Writeback:             0 kB
AnonPages:       3640140 kB
Mapped:           719552 kB
Shmem:             22784 kB
KReclaimable:     532616 kB
Slab:             321424 kB
SReclaimable:      93428 kB
SUnreclaim:       227996 kB
KernelStack:       47408 kB
ShadowCallStack:   11888 kB
PageTables:        74048 kB
NFS_Unstable:          0 kB
Bounce:                0 kB
WritebackTmp:          0 kB
CommitLimit:     8677876 kB
Committed_AS:   69110740 kB
VmallocTotal:   263061440 kB
VmallocUsed:      129820 kB
VmallocChunk:          0 kB
Percpu:             2520 kB
CmaTotal:         405504 kB
CmaFree:               0 kB
MemTotal:        7918584 kB
MemFree:          217388 kB
MemAvailable:    1783900 kB
Buffers:            5096 kB
Cached:          1457256 kB
SwapCached:        12752 kB
Active:          3650260 kB
Inactive:        1503852 kB
Active(anon):    3479224 kB
Inactive(anon):   240208 kB
Active(file):     171036 kB
Inactive(file):  1263644 kB
Unevictable:        6544 kB
Mlocked:            6104 kB
SwapTotal:       4718584 kB
SwapFree:        3967264 kB
Dirty:               492 kB
Writeback:             0 kB
AnonPages:       3695168 kB
Mapped:           700840 kB
Shmem:             22792 kB
KReclaimable:     522056 kB
Slab:             321496 kB
SReclaimable:      93428 kB
SUnreclaim:       228068 kB
KernelStack:       47424 kB
ShadowCallStack:   11884 kB
PageTables:        74128 kB
NFS_Unstable:          0 kB
Bounce:                0 kB
WritebackTmp:          0 kB
CommitLimit:     8677876 kB
Committed_AS:   69258208 kB
VmallocTotal:   263061440 kB
VmallocUsed:      129784 kB
VmallocChunk:          0 kB
Percpu:             2520 kB
CmaTotal:         405504 kB
CmaFree:               0 kB
MemTotal:        7918584 kB
MemFree:          216728 kB
MemAvailable:    1783260 kB
Buffers:            5108 kB
Cached:          1457192 kB
SwapCached:        12752 kB
Active:          3650476 kB
Inactive:        1503864 kB
Active(anon):    3479440 kB
Inactive(anon):   240200 kB
Active(file):     171036 kB
Inactive(file):  1263664 kB
Unevictable:        6544 kB
Mlocked:            6104 kB
SwapTotal:       4718584 kB
SwapFree:        3967264 kB
Dirty:               500 kB
Writeback:             0 kB
AnonPages:       3695432 kB
Mapped:           700772 kB
Shmem:             22792 kB
KReclaimable:     522056 kB
Slab:             321504 kB
SReclaimable:      93428 kB
SUnreclaim:       228076 kB
KernelStack:       47360 kB
ShadowCallStack:   11880 kB
PageTables:        74104 kB
NFS_Unstable:          0 kB
Bounce:                0 kB
WritebackTmp:          0 kB
CommitLimit:     8677876 kB
Committed_AS:   69258100 kB
VmallocTotal:   263061440 kB
VmallocUsed:      129752 kB
VmallocChunk:          0 kB
Percpu:             2520 kB
CmaTotal:         405504 kB
CmaFree:               0 kB
MemTotal:        7918584 kB
MemFree:          218376 kB
MemAvailable:    1766456 kB
Buffers:            5108 kB
Cached:          1442084 kB
SwapCached:        12752 kB
Active:          3668544 kB
Inactive:        1487368 kB
Active(anon):    3496112 kB
Inactive(anon):   240208 kB
Active(file):     172432 kB
Inactive(file):  1247160 kB
Unevictable:        6544 kB
Mlocked:            6104 kB
SwapTotal:       4718584 kB
SwapFree:        3967264 kB
Dirty:               144 kB
Writeback:             0 kB
AnonPages:       3712188 kB
Mapped:           693640 kB
Shmem:             22792 kB
KReclaimable:     518712 kB
Slab:             321420 kB
SReclaimable:      93428 kB
SUnreclaim:       227992 kB
KernelStack:       47360 kB
ShadowCallStack:   11888 kB
PageTables:        74268 kB
NFS_Unstable:          0 kB
Bounce:                0 kB
WritebackTmp:          0 kB
CommitLimit:     8677876 kB
Committed_AS:   69290872 kB
VmallocTotal:   263061440 kB
VmallocUsed:      129760 kB
VmallocChunk:          0 kB
Percpu:             2520 kB
CmaTotal:         405504 kB
CmaFree:               0 kB
MemTotal:        7918584 kB
MemFree:          217596 kB
MemAvailable:    1726380 kB
Buffers:            5104 kB
Cached:          1409156 kB
SwapCached:        12752 kB
Active:          3710816 kB
Inactive:        1451832 kB
Active(anon):    3535784 kB
Inactive(anon):   240208 kB
Active(file):     175032 kB
Inactive(file):  1211624 kB
Unevictable:        6544 kB
Mlocked:            6104 kB
SwapTotal:       4718584 kB
SwapFree:        3967264 kB
Dirty:               160 kB
Writeback:             0 kB
AnonPages:       3751800 kB
Mapped:           678332 kB
Shmem:             22796 kB
KReclaimable:     512352 kB
Slab:             321452 kB
SReclaimable:      93428 kB
SUnreclaim:       228024 kB
KernelStack:       47280 kB
ShadowCallStack:   11860 kB
PageTables:        74440 kB
NFS_Unstable:          0 kB
Bounce:                0 kB
WritebackTmp:          0 kB
CommitLimit:     8677876 kB
Committed_AS:   69388916 kB
VmallocTotal:   263061440 kB
VmallocUsed:      129676 kB
VmallocChunk:          0 kB
Percpu:             2520 kB
CmaTotal:         405504 kB
CmaFree:               0 kB
MemTotal:        7918584 kB
MemFree:          217060 kB
MemAvailable:    1725844 kB
Buffers:            5104 kB
Cached:          1409156 kB
SwapCached:        12752 kB
Active:          3710988 kB
Inactive:        1451832 kB
Active(anon):    3535956 kB
Inactive(anon):   240208 kB
Active(file):     175032 kB
Inactive(file):  1211624 kB
Unevictable:        6544 kB
Mlocked:            6104 kB
SwapTotal:       4718584 kB
SwapFree:        3967264 kB
Dirty:               160 kB
Writeback:             0 kB
AnonPages:       3751792 kB
Mapped:           678388 kB
Shmem:             22796 kB
KReclaimable:     512352 kB
Slab:             321448 kB
SReclaimable:      93428 kB
SUnreclaim:       228020 kB
KernelStack:       47232 kB
ShadowCallStack:   11844 kB
PageTables:        74488 kB
NFS_Unstable:          0 kB
Bounce:                0 kB
WritebackTmp:          0 kB
CommitLimit:     8677876 kB
Committed_AS:   69388816 kB
VmallocTotal:   263061440 kB
VmallocUsed:      129604 kB
VmallocChunk:          0 kB
Percpu:             2520 kB
CmaTotal:         405504 kB
CmaFree:               0 kB
MemTotal:        7918584 kB
MemFree:          215212 kB
MemAvailable:    1688516 kB
Buffers:            5104 kB
Cached:          1378116 kB
SwapCached:        12752 kB
Active:          3748984 kB
Inactive:        1419352 kB
Active(anon):    3572520 kB
Inactive(anon):   240200 kB
Active(file):     176464 kB
Inactive(file):  1179152 kB
Unevictable:        6544 kB
Mlocked:            6104 kB
SwapTotal:       4718584 kB
SwapFree:        3967264 kB
Dirty:               160 kB
Writeback:             0 kB
AnonPages:       3788668 kB
Mapped:           675532 kB
Shmem:             22796 kB
KReclaimable:     507912 kB
Slab:             321496 kB
SReclaimable:      93428 kB
SUnreclaim:       228068 kB
KernelStack:       47280 kB
ShadowCallStack:   11852 kB
PageTables:        75072 kB
NFS_Unstable:          0 kB
Bounce:                0 kB
WritebackTmp:          0 kB
CommitLimit:     8677876 kB
Committed_AS:   69487116 kB
VmallocTotal:   263061440 kB
VmallocUsed:      129620 kB
VmallocChunk:          0 kB
Percpu:             2520 kB
CmaTotal:         405504 kB
CmaFree:               0 kB
MemTotal:        7918584 kB
MemFree:          216288 kB
MemAvailable:    1668204 kB
Buffers:            5128 kB
Cached:          1360212 kB
SwapCached:        12752 kB
Active:          3768912 kB
Inactive:        1401464 kB
Active(anon):    3592436 kB
Inactive(anon):   240208 kB
Active(file):     176476 kB
Inactive(file):  1161256 kB
Unevictable:        6544 kB
Mlocked:            6104 kB
SwapTotal:       4718584 kB
SwapFree:        3967264 kB
Dirty:               360 kB
Writeback:             0 kB
AnonPages:       3808396 kB
Mapped:           674812 kB
Shmem:             22800 kB
KReclaimable:     504408 kB
Slab:             321504 kB
SReclaimable:      93428 kB
SUnreclaim:       228076 kB
KernelStack:       47264 kB
ShadowCallStack:   11868 kB
PageTables:        74728 kB
NFS_Unstable:          0 kB
Bounce:                0 kB
WritebackTmp:          0 kB
CommitLimit:     8677876 kB
Committed_AS:   69503504 kB
VmallocTotal:   263061440 kB
VmallocUsed:      129616 kB
VmallocChunk:          0 kB
Percpu:             2520 kB
CmaTotal:         405504 kB
CmaFree:               0 kB
MemTotal:        7918584 kB
MemFree:          217112 kB
MemAvailable:    1509848 kB
Buffers:            5128 kB
Cached:          1322120 kB
SwapCached:        12752 kB
Active:          3808356 kB
Inactive:        1363364 kB
Active(anon):    3631872 kB
Inactive(anon):   240196 kB
Active(file):     176484 kB
Inactive(file):  1123168 kB
Unevictable:        6544 kB
Mlocked:            6104 kB
SwapTotal:       4718584 kB
SwapFree:        3967264 kB
Dirty:               436 kB
Writeback:            12 kB
AnonPages:       3847584 kB
Mapped:           672932 kB
Shmem:             22824 kB
KReclaimable:     383308 kB
Slab:             321520 kB
SReclaimable:      93428 kB
SUnreclaim:       228092 kB
KernelStack:       47360 kB
ShadowCallStack:   11844 kB
PageTables:        74876 kB
NFS_Unstable:          0 kB
Bounce:                0 kB
WritebackTmp:          0 kB
CommitLimit:     8677876 kB
Committed_AS:   69520284 kB
VmallocTotal:   263061440 kB
VmallocUsed:      129760 kB
VmallocChunk:          0 kB
Percpu:             2520 kB
CmaTotal:         405504 kB
CmaFree:               8 kB
MemTotal:        7918584 kB
MemFree:          216684 kB
MemAvailable:    1451944 kB
Buffers:            5128 kB
Cached:          1272080 kB
SwapCached:        12752 kB
Active:          3864184 kB
Inactive:        1312952 kB
Active(anon):    3687488 kB
Inactive(anon):   240208 kB
Active(file):     176696 kB
Inactive(file):  1072744 kB
Unevictable:        6544 kB
Mlocked:            6104 kB
SwapTotal:       4718584 kB
SwapFree:        3967264 kB
Dirty:               352 kB
Writeback:             0 kB
AnonPages:       3903344 kB
Mapped:           668576 kB
Shmem:             22960 kB
KReclaimable:     376044 kB
Slab:             321692 kB
SReclaimable:      93428 kB
SUnreclaim:       228264 kB
KernelStack:       47344 kB
ShadowCallStack:   11876 kB
PageTables:        75164 kB
NFS_Unstable:          0 kB
Bounce:                0 kB
WritebackTmp:          0 kB
CommitLimit:     8677876 kB
Committed_AS:   69651256 kB
VmallocTotal:   263061440 kB
VmallocUsed:      129700 kB
VmallocChunk:          0 kB
Percpu:             2520 kB
CmaTotal:         405504 kB
CmaFree:               0 kB
MemTotal:        7918584 kB
MemFree:          252148 kB
MemAvailable:    1608984 kB
Buffers:            5128 kB
Cached:          1271924 kB
SwapCached:        12752 kB
Active:          3826920 kB
Inactive:        1312952 kB
Active(anon):    3650224 kB
Inactive(anon):   240208 kB
Active(file):     176696 kB
Inactive(file):  1072744 kB
Unevictable:        6544 kB
Mlocked:            6104 kB
SwapTotal:       4718584 kB
SwapFree:        3967264 kB
Dirty:               352 kB
Writeback:             0 kB
AnonPages:       3866124 kB
Mapped:           667892 kB
Shmem:             22804 kB
KReclaimable:     497620 kB
Slab:             321628 kB
SReclaimable:      93428 kB
SUnreclaim:       228200 kB
KernelStack:       47232 kB
ShadowCallStack:   11836 kB
PageTables:        75184 kB
NFS_Unstable:          0 kB
Bounce:                0 kB
WritebackTmp:          0 kB
CommitLimit:     8677876 kB
Committed_AS:   69650860 kB
VmallocTotal:   263061440 kB
VmallocUsed:      129540 kB
VmallocChunk:          0 kB
Percpu:             2520 kB
CmaTotal:         405504 kB
CmaFree:               0 kB
MemTotal:        7918584 kB
MemFree:          236884 kB
MemAvailable:    1593464 kB
Buffers:            5128 kB
Cached:          1271924 kB
SwapCached:        12752 kB
Active:          3843624 kB
Inactive:        1312948 kB
Active(anon):    3666928 kB
Inactive(anon):   240204 kB
Active(file):     176696 kB
Inactive(file):  1072744 kB
Unevictable:        6544 kB
Mlocked:            6104 kB
SwapTotal:       4718584 kB
SwapFree:        3967264 kB
Dirty:               352 kB
Writeback:             0 kB
AnonPages:       3882984 kB
Mapped:           667948 kB
Shmem:             22804 kB
KReclaimable:     497364 kB
Slab:             321624 kB
SReclaimable:      93428 kB
SUnreclaim:       228196 kB
KernelStack:       47232 kB
ShadowCallStack:   11840 kB
PageTables:        75200 kB
NFS_Unstable:          0 kB
Bounce:                0 kB
WritebackTmp:          0 kB
CommitLimit:     8677876 kB
Committed_AS:   69700012 kB
VmallocTotal:   263061440 kB
VmallocUsed:      129528 kB
VmallocChunk:          0 kB
Percpu:             2520 kB
CmaTotal:         405504 kB
CmaFree:               0 kB
MemTotal:        7918584 kB
MemFree:          215856 kB
MemAvailable:    1553120 kB
Buffers:            5136 kB
Cached:          1255292 kB
SwapCached:        12752 kB
Active:          3882456 kB
Inactive:        1296276 kB
Active(anon):    3705720 kB
Inactive(anon):   240200 kB
Active(file):     176736 kB
Inactive(file):  1056076 kB
Unevictable:        6544 kB
Mlocked:            6104 kB
SwapTotal:       4718584 kB
SwapFree:        3967264 kB
Dirty:               356 kB
Writeback:             0 kB
AnonPages:       3921736 kB
Mapped:           668408 kB
Shmem:             22808 kB
KReclaimable:     494676 kB
Slab:             321640 kB
SReclaimable:      93428 kB
SUnreclaim:       228212 kB
KernelStack:       47168 kB
ShadowCallStack:   11836 kB
PageTables:        75196 kB
NFS_Unstable:          0 kB
Bounce:                0 kB
WritebackTmp:          0 kB
CommitLimit:     8677876 kB
Committed_AS:   69781936 kB
VmallocTotal:   263061440 kB
VmallocUsed:      129540 kB
VmallocChunk:          0 kB
Percpu:             2520 kB
CmaTotal:         405504 kB
CmaFree:               0 kB
MemTotal:        7918584 kB
MemFree:          215892 kB
MemAvailable:    1553160 kB
Buffers:            5136 kB
Cached:          1255296 kB
SwapCached:        12752 kB
Active:          3881912 kB
Inactive:        1296288 kB
Active(anon):    3705176 kB
Inactive(anon):   240208 kB
Active(file):     176736 kB
Inactive(file):  1056080 kB
Unevictable:        6544 kB
Mlocked:            6104 kB
SwapTotal:       4718584 kB
SwapFree:        3967264 kB
Dirty:               368 kB
Writeback:             0 kB
AnonPages:       3921208 kB
Mapped:           668280 kB
Shmem:             22808 kB
KReclaimable:     494676 kB
Slab:             321664 kB
SReclaimable:      93428 kB
SUnreclaim:       228236 kB
KernelStack:       47232 kB
ShadowCallStack:   11840 kB
PageTables:        75368 kB
NFS_Unstable:          0 kB
Bounce:                0 kB
WritebackTmp:          0 kB
CommitLimit:     8677876 kB
Committed_AS:   69781940 kB
VmallocTotal:   263061440 kB
VmallocUsed:      129544 kB
VmallocChunk:          0 kB
Percpu:             2520 kB
CmaTotal:         405504 kB
CmaFree:               0 kB
MemTotal:        7918584 kB
MemFree:          216040 kB
MemAvailable:    1513928 kB
Buffers:            5144 kB
Cached:          1220840 kB
SwapCached:        12752 kB
Active:          3920540 kB
Inactive:        1261884 kB
Active(anon):    3743804 kB
Inactive(anon):   240208 kB
Active(file):     176736 kB
Inactive(file):  1021676 kB
Unevictable:        6544 kB
Mlocked:            6104 kB
SwapTotal:       4718584 kB
SwapFree:        3967264 kB
Dirty:               436 kB
Writeback:             0 kB
AnonPages:       3959864 kB
Mapped:           668316 kB
Shmem:             22808 kB
KReclaimable:     489700 kB
Slab:             321720 kB
SReclaimable:      93428 kB
SUnreclaim:       228292 kB
KernelStack:       47232 kB
ShadowCallStack:   11840 kB
PageTables:        75604 kB
NFS_Unstable:          0 kB
Bounce:                0 kB
WritebackTmp:          0 kB
CommitLimit:     8677876 kB
Committed_AS:   69896624 kB
VmallocTotal:   263061440 kB
VmallocUsed:      129560 kB
VmallocChunk:          0 kB
Percpu:             2520 kB
CmaTotal:         405504 kB
CmaFree:               0 kB
MemTotal:        7918584 kB
MemFree:          218924 kB
MemAvailable:    1497908 kB
Buffers:            5140 kB
Cached:          1205048 kB
SwapCached:        12752 kB
Active:          3940488 kB
Inactive:        1243140 kB
Active(anon):    3760848 kB
Inactive(anon):   240208 kB
Active(file):     179640 kB
Inactive(file):  1002932 kB
Unevictable:        6544 kB
Mlocked:            6104 kB
SwapTotal:       4718584 kB
SwapFree:        3967520 kB
Dirty:               436 kB
Writeback:             0 kB
AnonPages:       3976840 kB
Mapped:           662840 kB
Shmem:             22808 kB
KReclaimable:     486636 kB
Slab:             321732 kB
SReclaimable:      93428 kB
SUnreclaim:       228304 kB
KernelStack:       47232 kB
ShadowCallStack:   11840 kB
PageTables:        75696 kB
NFS_Unstable:          0 kB
Bounce:                0 kB
WritebackTmp:          0 kB
CommitLimit:     8677876 kB
Committed_AS:   69945784 kB
VmallocTotal:   263061440 kB
VmallocUsed:      129552 kB
VmallocChunk:          0 kB
Percpu:             2520 kB
CmaTotal:         405504 kB
CmaFree:               4 kB
MemTotal:        7918584 kB
MemFree:          217804 kB
MemAvailable:    1496756 kB
Buffers:            5140 kB
Cached:          1205048 kB
SwapCached:        12752 kB
Active:          3941268 kB
Inactive:        1243140 kB
Active(anon):    3761628 kB
Inactive(anon):   240208 kB
Active(file):     179640 kB
Inactive(file):  1002932 kB
Unevictable:        6544 kB
Mlocked:            6104 kB
SwapTotal:       4718584 kB
SwapFree:        3967520 kB
Dirty:               436 kB
Writeback:             0 kB
AnonPages:       3977648 kB
Mapped:           662836 kB
Shmem:             22808 kB
KReclaimable:     486604 kB
Slab:             321700 kB
SReclaimable:      93428 kB
SUnreclaim:       228272 kB
KernelStack:       47232 kB
ShadowCallStack:   11832 kB
PageTables:        75500 kB
NFS_Unstable:          0 kB
Bounce:                0 kB
WritebackTmp:          0 kB
CommitLimit:     8677876 kB
Committed_AS:   69945780 kB
VmallocTotal:   263061440 kB
VmallocUsed:      129556 kB
VmallocChunk:          0 kB
Percpu:             2520 kB
CmaTotal:         405504 kB
CmaFree:               4 kB
MemTotal:        7918584 kB
MemFree:          216724 kB
MemAvailable:    1447452 kB
Buffers:            5152 kB
Cached:          1164252 kB
SwapCached:        12752 kB
Active:          3996332 kB
Inactive:        1197012 kB
Active(anon):    3811348 kB
Inactive(anon):   240208 kB
Active(file):     184984 kB
Inactive(file):   956804 kB
Unevictable:        6544 kB
Mlocked:            6104 kB
SwapTotal:       4718584 kB
SwapFree:        3967520 kB
Dirty:               436 kB
Writeback:             0 kB
AnonPages:       4027428 kB
Mapped:           646500 kB
Shmem:             22808 kB
KReclaimable:     479164 kB
Slab:             321796 kB
SReclaimable:      93428 kB
SUnreclaim:       228368 kB
KernelStack:       47232 kB
ShadowCallStack:   11840 kB
PageTables:        75908 kB
NFS_Unstable:          0 kB
Bounce:                0 kB
WritebackTmp:          0 kB
CommitLimit:     8677876 kB
Committed_AS:   70060468 kB
VmallocTotal:   263061440 kB
VmallocUsed:      129540 kB
VmallocChunk:          0 kB
Percpu:             2520 kB
CmaTotal:         405504 kB
CmaFree:               0 kB
MemTotal:        7918584 kB
MemFree:          217948 kB
MemAvailable:    1441084 kB
Buffers:            5152 kB
Cached:          1157720 kB
SwapCached:        12756 kB
Active:          4003060 kB
Inactive:        1188352 kB
Active(anon):    3815948 kB
Inactive(anon):   240204 kB
Active(file):     187112 kB
Inactive(file):   948148 kB
Unevictable:        6544 kB
Mlocked:            6104 kB
SwapTotal:       4718584 kB
SwapFree:        3967776 kB
Dirty:               116 kB
Writeback:             0 kB
AnonPages:       4031976 kB
Mapped:           644396 kB
Shmem:             22808 kB
KReclaimable:     478100 kB
Slab:             321816 kB
SReclaimable:      93428 kB
SUnreclaim:       228388 kB
KernelStack:       47216 kB
ShadowCallStack:   11832 kB
PageTables:        75704 kB
NFS_Unstable:          0 kB
Bounce:                0 kB
WritebackTmp:          0 kB
CommitLimit:     8677876 kB
Committed_AS:   70060472 kB
VmallocTotal:   263061440 kB
VmallocUsed:      129540 kB
VmallocChunk:          0 kB
Percpu:             2520 kB
CmaTotal:         405504 kB
CmaFree:               0 kB
MemTotal:        7918584 kB
MemFree:          215440 kB
MemAvailable:    1421896 kB
Buffers:            5152 kB
Cached:          1143300 kB
SwapCached:        12756 kB
Active:          4022356 kB
Inactive:        1173632 kB
Active(anon):    3834992 kB
Inactive(anon):   240160 kB
Active(file):     187364 kB
Inactive(file):   933472 kB
Unevictable:        6544 kB
Mlocked:            6104 kB
SwapTotal:       4718584 kB
SwapFree:        3967776 kB
Dirty:                 0 kB
Writeback:             0 kB
AnonPages:       4050948 kB
Mapped:           640840 kB
Shmem:             22808 kB
KReclaimable:     475844 kB
Slab:             321820 kB
SReclaimable:      93428 kB
SUnreclaim:       228392 kB
KernelStack:       47232 kB
ShadowCallStack:   11848 kB
PageTables:        75940 kB
NFS_Unstable:          0 kB
Bounce:                0 kB
WritebackTmp:          0 kB
CommitLimit:     8677876 kB
Committed_AS:   70109620 kB
VmallocTotal:   263061440 kB
VmallocUsed:      129544 kB
VmallocChunk:          0 kB
Percpu:             2520 kB
CmaTotal:         405504 kB
CmaFree:               0 kB
MemTotal:        7918584 kB
MemFree:          220964 kB
MemAvailable:    1385188 kB
Buffers:            5148 kB
Cached:          1107376 kB
SwapCached:        12756 kB
Active:          4063184 kB
Inactive:        1135204 kB
Active(anon):    3873320 kB
Inactive(anon):   240160 kB
Active(file):     189864 kB
Inactive(file):   895044 kB
Unevictable:        6544 kB
Mlocked:            6104 kB
SwapTotal:       4718584 kB
SwapFree:        3967776 kB
Dirty:                 0 kB
Writeback:             0 kB
AnonPages:       4089348 kB
Mapped:           630256 kB
Shmem:             22808 kB
KReclaimable:     469540 kB
Slab:             321816 kB
SReclaimable:      93428 kB
SUnreclaim:       228388 kB
KernelStack:       47184 kB
ShadowCallStack:   11832 kB
PageTables:        76160 kB
NFS_Unstable:          0 kB
Bounce:                0 kB
WritebackTmp:          0 kB
CommitLimit:     8677876 kB
Committed_AS:   70191540 kB
VmallocTotal:   263061440 kB
VmallocUsed:      129544 kB
VmallocChunk:          0 kB
Percpu:             2520 kB
CmaTotal:         405504 kB
CmaFree:               0 kB
MemTotal:        7918584 kB
MemFree:          218464 kB
MemAvailable:    1382688 kB
Buffers:            5148 kB
Cached:          1107376 kB
SwapCached:        12756 kB
Active:          4063408 kB
Inactive:        1135208 kB
Active(anon):    3873544 kB
Inactive(anon):   240164 kB
Active(file):     189864 kB
Inactive(file):   895044 kB
Unevictable:        6544 kB
Mlocked:            6104 kB
SwapTotal:       4718584 kB
SwapFree:        3967776 kB
Dirty:                 4 kB
Writeback:             0 kB
AnonPages:       4089440 kB
Mapped:           630116 kB
Shmem:             22808 kB
KReclaimable:     469540 kB
Slab:             321796 kB
SReclaimable:      93428 kB
SUnreclaim:       228368 kB
KernelStack:       47232 kB
ShadowCallStack:   11840 kB
PageTables:        76056 kB
NFS_Unstable:          0 kB
Bounce:                0 kB
WritebackTmp:          0 kB
CommitLimit:     8677876 kB
Committed_AS:   70191540 kB
VmallocTotal:   263061440 kB
VmallocUsed:      129584 kB
VmallocChunk:          0 kB
Percpu:             2520 kB
CmaTotal:         405504 kB
CmaFree:               0 kB
MemTotal:        7918584 kB
MemFree:          215516 kB
MemAvailable:    1347028 kB
Buffers:            5148 kB
Cached:          1079448 kB
SwapCached:        12756 kB
Active:          4101152 kB
Inactive:        1106660 kB
Active(anon):    3910676 kB
Inactive(anon):   240156 kB
Active(file):     190476 kB
Inactive(file):   866504 kB
Unevictable:        6544 kB
Mlocked:            6104 kB
SwapTotal:       4718584 kB
SwapFree:        3967776 kB
Dirty:                52 kB
Writeback:             0 kB
AnonPages:       4126756 kB
Mapped:           625632 kB
Shmem:             22808 kB
KReclaimable:     464756 kB
Slab:             321904 kB
SReclaimable:      93428 kB
SUnreclaim:       228476 kB
KernelStack:       47216 kB
ShadowCallStack:   11836 kB
PageTables:        76520 kB
NFS_Unstable:          0 kB
Bounce:                0 kB
WritebackTmp:          0 kB
CommitLimit:     8677876 kB
Committed_AS:   70273456 kB
VmallocTotal:   263061440 kB
VmallocUsed:      129560 kB
VmallocChunk:          0 kB
Percpu:             2520 kB
CmaTotal:         405504 kB
CmaFree:               0 kB
MemTotal:        7918584 kB
MemFree:          216860 kB
MemAvailable:    1325656 kB
Buffers:            5148 kB
Cached:          1059532 kB
SwapCached:        12756 kB
Active:          4121496 kB
Inactive:        1086112 kB
Active(anon):    3930384 kB
Inactive(anon):   240160 kB
Active(file):     191112 kB
Inactive(file):   845952 kB
Unevictable:        6544 kB
Mlocked:            6104 kB
SwapTotal:       4718584 kB
SwapFree:        3967776 kB
Dirty:               108 kB
Writeback:             4 kB
AnonPages:       4146228 kB
Mapped:           621944 kB
Shmem:             22808 kB
KReclaimable:     461956 kB
Slab:             321900 kB
SReclaimable:      93428 kB
SUnreclaim:       228472 kB
KernelStack:       47216 kB
ShadowCallStack:   11844 kB
PageTables:        76316 kB
NFS_Unstable:          0 kB
Bounce:                0 kB
WritebackTmp:          0 kB
CommitLimit:     8677876 kB
Committed_AS:   70322608 kB
VmallocTotal:   263061440 kB
VmallocUsed:      129560 kB
VmallocChunk:          0 kB
Percpu:             2520 kB
CmaTotal:         405504 kB
CmaFree:               0 kB
MemTotal:        7918584 kB
MemFree:          215760 kB
MemAvailable:    1324424 kB
Buffers:            5148 kB
Cached:          1059504 kB
SwapCached:        12756 kB
Active:          4122720 kB
Inactive:        1086084 kB
Active(anon):    3931608 kB
Inactive(anon):   240160 kB
Active(file):     191112 kB
Inactive(file):   845924 kB
Unevictable:        6544 kB
Mlocked:            6104 kB
SwapTotal:       4718584 kB
SwapFree:        3967776 kB
Dirty:               112 kB
Writeback:             0 kB
AnonPages:       4147504 kB
Mapped:           621860 kB
Shmem:             22808 kB
KReclaimable:     461852 kB
Slab:             321824 kB
SReclaimable:      93356 kB
SUnreclaim:       228468 kB
KernelStack:       47200 kB
ShadowCallStack:   11832 kB
PageTables:        76280 kB
NFS_Unstable:          0 kB
Bounce:                0 kB
WritebackTmp:          0 kB
CommitLimit:     8677876 kB
Committed_AS:   70322608 kB
VmallocTotal:   263061440 kB
VmallocUsed:      129540 kB
VmallocChunk:          0 kB
Percpu:             2520 kB
CmaTotal:         405504 kB
CmaFree:               0 kB
MemTotal:        7918584 kB
MemFree:          216840 kB
MemAvailable:    1269332 kB
Buffers:            5148 kB
Cached:          1010876 kB
SwapCached:        12756 kB
Active:          4177848 kB
Inactive:        1037444 kB
Active(anon):    3986724 kB
Inactive(anon):   240160 kB
Active(file):     191124 kB
Inactive(file):   797284 kB
Unevictable:        6544 kB
Mlocked:            6104 kB
SwapTotal:       4718584 kB
SwapFree:        3967776 kB
Dirty:               112 kB
Writeback:             0 kB
AnonPages:       4202644 kB
Mapped:           622240 kB
Shmem:             22808 kB
KReclaimable:     454308 kB
Slab:             321244 kB
SReclaimable:      92700 kB
SUnreclaim:       228544 kB
KernelStack:       47232 kB
ShadowCallStack:   11840 kB
PageTables:        76656 kB
NFS_Unstable:          0 kB
Bounce:                0 kB
WritebackTmp:          0 kB
CommitLimit:     8677876 kB
Committed_AS:   70453684 kB
VmallocTotal:   263061440 kB
VmallocUsed:      129540 kB
VmallocChunk:          0 kB
Percpu:             2520 kB
CmaTotal:         405504 kB
CmaFree:               0 kB
MemTotal:        7918584 kB
MemFree:          214744 kB
MemAvailable:    1267148 kB
Buffers:            5148 kB
Cached:          1010876 kB
SwapCached:        12756 kB
Active:          4178200 kB
Inactive:        1037440 kB
Active(anon):    3987076 kB
Inactive(anon):   240156 kB
Active(file):     191124 kB
Inactive(file):   797284 kB
Unevictable:        6544 kB
Mlocked:            6104 kB
SwapTotal:       4718584 kB
SwapFree:        3967776 kB
Dirty:                28 kB
Writeback:             0 kB
AnonPages:       4202892 kB
Mapped:           622232 kB
Shmem:             22808 kB
KReclaimable:     454220 kB
Slab:             321228 kB
SReclaimable:      92700 kB
SUnreclaim:       228528 kB
KernelStack:       47264 kB
ShadowCallStack:   11844 kB
PageTables:        76592 kB
NFS_Unstable:          0 kB
Bounce:                0 kB
WritebackTmp:          0 kB
CommitLimit:     8677876 kB
Committed_AS:   70453680 kB
VmallocTotal:   263061440 kB
VmallocUsed:      129560 kB
VmallocChunk:          0 kB
Percpu:             2520 kB
CmaTotal:         405504 kB
CmaFree:               0 kB
MemTotal:        7918584 kB
MemFree:          214864 kB
MemAvailable:    1250196 kB
Buffers:            5172 kB
Cached:           995564 kB
SwapCached:        12756 kB
Active:          4195504 kB
Inactive:        1022148 kB
Active(anon):    4004340 kB
Inactive(anon):   240152 kB
Active(file):     191164 kB
Inactive(file):   781996 kB
Unevictable:        6544 kB
Mlocked:            6104 kB
SwapTotal:       4718584 kB
SwapFree:        3967776 kB
Dirty:               100 kB
Writeback:             0 kB
AnonPages:       4220144 kB
Mapped:           622288 kB
Shmem:             22808 kB
KReclaimable:     452396 kB
Slab:             321032 kB
SReclaimable:      92516 kB
SUnreclaim:       228516 kB
KernelStack:       47184 kB
ShadowCallStack:   11844 kB
PageTables:        76616 kB
NFS_Unstable:          0 kB
Bounce:                0 kB
WritebackTmp:          0 kB
CommitLimit:     8677876 kB
Committed_AS:   70502832 kB
VmallocTotal:   263061440 kB
VmallocUsed:      129540 kB
VmallocChunk:          0 kB
Percpu:             2520 kB
CmaTotal:         405504 kB
CmaFree:               0 kB
MemTotal:        7918584 kB
MemFree:          216716 kB
MemAvailable:    1210256 kB
Buffers:            5172 kB
Cached:           959164 kB
SwapCached:        12756 kB
Active:          4235172 kB
Inactive:         985036 kB
Active(anon):    4043336 kB
Inactive(anon):   240152 kB
Active(file):     191836 kB
Inactive(file):   744884 kB
Unevictable:        6544 kB
Mlocked:            6104 kB
SwapTotal:       4718584 kB
SwapFree:        3967776 kB
Dirty:               132 kB
Writeback:             0 kB
AnonPages:       4259296 kB
Mapped:           616792 kB
Shmem:             22808 kB
KReclaimable:     447044 kB
Slab:             321064 kB
SReclaimable:      92516 kB
SUnreclaim:       228548 kB
KernelStack:       47248 kB
ShadowCallStack:   11844 kB
PageTables:        76944 kB
NFS_Unstable:          0 kB
Bounce:                0 kB
WritebackTmp:          0 kB
CommitLimit:     8677876 kB
Committed_AS:   70584752 kB
VmallocTotal:   263061440 kB
VmallocUsed:      129580 kB
VmallocChunk:          0 kB
Percpu:             2520 kB
CmaTotal:         405504 kB
CmaFree:               0 kB
MemTotal:        7918584 kB
MemFree:          216504 kB
MemAvailable:    1210052 kB
Buffers:            5180 kB
Cached:           959164 kB
SwapCached:        12756 kB
Active:          4234788 kB
Inactive:         985040 kB
Active(anon):    4042952 kB
Inactive(anon):   240148 kB
Active(file):     191836 kB
Inactive(file):   744892 kB
Unevictable:        6544 kB
Mlocked:            6104 kB
SwapTotal:       4718584 kB
SwapFree:        3967776 kB
Dirty:               160 kB
Writeback:             0 kB
AnonPages:       4258748 kB
Mapped:           616780 kB
Shmem:             22808 kB
KReclaimable:     447044 kB
Slab:             321108 kB
SReclaimable:      92516 kB
SUnreclaim:       228592 kB
KernelStack:       47216 kB
ShadowCallStack:   11848 kB
PageTables:        77020 kB
NFS_Unstable:          0 kB
Bounce:                0 kB
WritebackTmp:          0 kB
CommitLimit:     8677876 kB
Committed_AS:   70584752 kB
VmallocTotal:   263061440 kB
VmallocUsed:      129572 kB
VmallocChunk:          0 kB
Percpu:             2520 kB
CmaTotal:         405504 kB
CmaFree:              20 kB
MemTotal:        7918584 kB
MemFree:          222140 kB
MemAvailable:    1018836 kB
Buffers:            3772 kB
Cached:           896292 kB
SwapCached:        12756 kB
Active:          4337860 kB
Inactive:         894616 kB
Active(anon):    4119984 kB
Inactive(anon):   240156 kB
Active(file):     217876 kB
Inactive(file):   654460 kB
Unevictable:        6544 kB
Mlocked:            6104 kB
SwapTotal:       4718584 kB
SwapFree:        3967776 kB
Dirty:               160 kB
Writeback:             0 kB
AnonPages:       4335772 kB
Mapped:           603860 kB
Shmem:             22908 kB
KReclaimable:     314584 kB
Slab:             321104 kB
SReclaimable:      92416 kB
SUnreclaim:       228688 kB
KernelStack:       47376 kB
ShadowCallStack:   11868 kB
PageTables:        77060 kB
NFS_Unstable:          0 kB
Bounce:                0 kB
WritebackTmp:          0 kB
CommitLimit:     8677876 kB
Committed_AS:   70699836 kB
VmallocTotal:   263061440 kB
VmallocUsed:      129732 kB
VmallocChunk:          0 kB
Percpu:             2520 kB
CmaTotal:         405504 kB
CmaFree:               4 kB
MemTotal:        7918584 kB
MemFree:          251532 kB
MemAvailable:    1159852 kB
Buffers:            3260 kB
Cached:           889040 kB
SwapCached:        12756 kB
Active:          4317288 kB
Inactive:         886576 kB
Active(anon):    4099028 kB
Inactive(anon):   240152 kB
Active(file):     218260 kB
Inactive(file):   646424 kB
Unevictable:        6544 kB
Mlocked:            6104 kB
SwapTotal:       4718584 kB
SwapFree:        3967776 kB
Dirty:               160 kB
Writeback:             0 kB
AnonPages:       4314964 kB
Mapped:           602504 kB
Shmem:             22808 kB
KReclaimable:     433860 kB
Slab:             321120 kB
SReclaimable:      92380 kB
SUnreclaim:       228740 kB
KernelStack:       47248 kB
ShadowCallStack:   11844 kB
PageTables:        77348 kB
NFS_Unstable:          0 kB
Bounce:                0 kB
WritebackTmp:          0 kB
CommitLimit:     8677876 kB
Committed_AS:   70715828 kB
VmallocTotal:   263061440 kB
VmallocUsed:      129576 kB
VmallocChunk:          0 kB
Percpu:             2520 kB
CmaTotal:         405504 kB
CmaFree:              20 kB
MemTotal:        7918584 kB
MemFree:          250076 kB
MemAvailable:    1158220 kB
Buffers:            3268 kB
Cached:           889032 kB
SwapCached:        12756 kB
Active:          4318880 kB
Inactive:         886572 kB
Active(anon):    4100620 kB
Inactive(anon):   240148 kB
Active(file):     218260 kB
Inactive(file):   646424 kB
Unevictable:        6544 kB
Mlocked:            6104 kB
SwapTotal:       4718584 kB
SwapFree:        3967776 kB
Dirty:                56 kB
Writeback:             0 kB
AnonPages:       4316452 kB
