MemTotal:        7918588 kB
MemFree:         3289976 kB
MemAvailable:    4854316 kB
Buffers:            4340 kB
Cached:          1369720 kB
SwapCached:         7552 kB
Active:          1407612 kB
Inactive:         647656 kB
Active(anon):     645948 kB
Inactive(anon):    55920 kB
Active(file):     761664 kB
Inactive(file):   591736 kB
Unevictable:        6348 kB
Mlocked:            5908 kB
SwapTotal:       4718584 kB
SwapFree:        3532280 kB
Dirty:            181536 kB
Writeback:             0 kB
AnonPages:        683608 kB
Mapped:           482680 kB
Shmem:             16028 kB
KReclaimable:     609356 kB
Slab:             315100 kB
SReclaimable:      90852 kB
SUnreclaim:       224248 kB
KernelStack:       46704 kB
ShadowCallStack:   11700 kB
PageTables:        61312 kB
NFS_Unstable:          0 kB
Bounce:                0 kB
WritebackTmp:          0 kB
CommitLimit:     8677876 kB
Committed_AS:   61178280 kB
VmallocTotal:   263061440 kB
VmallocUsed:      129432 kB
VmallocChunk:          0 kB
Percpu:             2520 kB
CmaTotal:         405504 kB
CmaFree:          263340 kB
MemTotal:        7918588 kB
MemFree:         3300860 kB
MemAvailable:    5095892 kB
Buffers:            4376 kB
Cached:          1376472 kB
SwapCached:         7612 kB
Active:          1393828 kB
Inactive:         647952 kB
Active(anon):     626248 kB
Inactive(anon):    55912 kB
Active(file):     767580 kB
Inactive(file):   592040 kB
Unevictable:        6348 kB
Mlocked:            5908 kB
SwapTotal:       4718584 kB
SwapFree:        3532536 kB
Dirty:            179500 kB
Writeback:             0 kB
AnonPages:        663240 kB
Mapped:           524324 kB
Shmem:             16596 kB
KReclaimable:     833828 kB
Slab:             315212 kB
SReclaimable:      90932 kB
SUnreclaim:       224280 kB
KernelStack:       47072 kB
ShadowCallStack:   11792 kB
PageTables:        62080 kB
NFS_Unstable:          0 kB
Bounce:                0 kB
WritebackTmp:          0 kB
CommitLimit:     8677876 kB
Committed_AS:   61242572 kB
VmallocTotal:   263061440 kB
VmallocUsed:      129808 kB
VmallocChunk:          0 kB
Percpu:             2520 kB
CmaTotal:         405504 kB
CmaFree:          263340 kB
MemTotal:        7918588 kB
MemFree:         3281568 kB
MemAvailable:    4949016 kB
Buffers:            4400 kB
Cached:          1376568 kB
SwapCached:         7620 kB
Active:          1412888 kB
Inactive:         648008 kB
Active(anon):     645252 kB
Inactive(anon):    55912 kB
Active(file):     767636 kB
Inactive(file):   592096 kB
Unevictable:        6348 kB
Mlocked:            5908 kB
SwapTotal:       4718584 kB
SwapFree:        3532536 kB
Dirty:            179720 kB
Writeback:             0 kB
AnonPages:        682216 kB
Mapped:           530516 kB
Shmem:             16604 kB
KReclaimable:     706132 kB
Slab:             315504 kB
SReclaimable:      90980 kB
SUnreclaim:       224524 kB
KernelStack:       46912 kB
ShadowCallStack:   11760 kB
PageTables:        62056 kB
NFS_Unstable:          0 kB
Bounce:                0 kB
WritebackTmp:          0 kB
CommitLimit:     8677876 kB
Committed_AS:   61247096 kB
VmallocTotal:   263061440 kB
VmallocUsed:      129640 kB
VmallocChunk:          0 kB
Percpu:             2520 kB
CmaTotal:         405504 kB
CmaFree:          263340 kB
MemTotal:        7918588 kB
MemFree:         3277940 kB
MemAvailable:    4944620 kB
Buffers:            4400 kB
Cached:          1376568 kB
SwapCached:         7620 kB
Active:          1416284 kB
Inactive:         648008 kB
Active(anon):     648648 kB
Inactive(anon):    55912 kB
Active(file):     767636 kB
Inactive(file):   592096 kB
Unevictable:        6348 kB
Mlocked:            5908 kB
SwapTotal:       4718584 kB
SwapFree:        3532536 kB
Dirty:            179720 kB
Writeback:             0 kB
AnonPages:        685684 kB
Mapped:           531248 kB
Shmem:             16604 kB
KReclaimable:     705364 kB
Slab:             315528 kB
SReclaimable:      90980 kB
SUnreclaim:       224548 kB
KernelStack:       46912 kB
ShadowCallStack:   11744 kB
PageTables:        61900 kB
NFS_Unstable:          0 kB
Bounce:                0 kB
WritebackTmp:          0 kB
CommitLimit:     8677876 kB
Committed_AS:   61247096 kB
VmallocTotal:   263061440 kB
VmallocUsed:      129648 kB
VmallocChunk:          0 kB
Percpu:             2520 kB
CmaTotal:         405504 kB
CmaFree:          263340 kB
MemTotal:        7918588 kB
MemFree:         3275340 kB
MemAvailable:    4941988 kB
Buffers:            4400 kB
Cached:          1376632 kB
SwapCached:         7620 kB
Active:          1420028 kB
Inactive:         648024 kB
Active(anon):     652392 kB
Inactive(anon):    55912 kB
Active(file):     767636 kB
Inactive(file):   592112 kB
Unevictable:        6348 kB
Mlocked:            5908 kB
SwapTotal:       4718584 kB
SwapFree:        3533304 kB
Dirty:            179752 kB
Writeback:             0 kB
AnonPages:        689328 kB
Mapped:           531968 kB
Shmem:             16652 kB
KReclaimable:     705316 kB
Slab:             315648 kB
SReclaimable:      90980 kB
SUnreclaim:       224668 kB
KernelStack:       46896 kB
ShadowCallStack:   11748 kB
PageTables:        62068 kB
NFS_Unstable:          0 kB
Bounce:                0 kB
WritebackTmp:          0 kB
CommitLimit:     8677876 kB
Committed_AS:   61247060 kB
VmallocTotal:   263061440 kB
VmallocUsed:      129616 kB
VmallocChunk:          0 kB
Percpu:             2520 kB
CmaTotal:         405504 kB
CmaFree:          264348 kB
MemTotal:        7918588 kB
MemFree:         3278452 kB
MemAvailable:    4965304 kB
Buffers:            4400 kB
Cached:          1376632 kB
SwapCached:         7620 kB
Active:          1417048 kB
Inactive:         648016 kB
Active(anon):     649412 kB
Inactive(anon):    55904 kB
Active(file):     767636 kB
Inactive(file):   592112 kB
Unevictable:        6348 kB
Mlocked:            5908 kB
SwapTotal:       4718584 kB
SwapFree:        3533304 kB
Dirty:            179752 kB
Writeback:             8 kB
AnonPages:        686388 kB
Mapped:           531972 kB
Shmem:             16652 kB
KReclaimable:     725520 kB
Slab:             315616 kB
SReclaimable:      90980 kB
SUnreclaim:       224636 kB
KernelStack:       46784 kB
ShadowCallStack:   11708 kB
PageTables:        62028 kB
NFS_Unstable:          0 kB
Bounce:                0 kB
WritebackTmp:          0 kB
CommitLimit:     8677876 kB
Committed_AS:   61246576 kB
VmallocTotal:   263061440 kB
VmallocUsed:      129172 kB
VmallocChunk:          0 kB
Percpu:             2520 kB
CmaTotal:         405504 kB
CmaFree:          264348 kB
MemTotal:        7918588 kB
MemFree:         3254564 kB
MemAvailable:    4941448 kB
Buffers:            4400 kB
Cached:          1376664 kB
SwapCached:         7620 kB
Active:          1441556 kB
Inactive:         648048 kB
Active(anon):     673920 kB
Inactive(anon):    55904 kB
Active(file):     767636 kB
Inactive(file):   592144 kB
Unevictable:        6348 kB
Mlocked:            5908 kB
SwapTotal:       4718584 kB
SwapFree:        3533560 kB
Dirty:            179788 kB
Writeback:             0 kB
AnonPages:        710804 kB
Mapped:           532980 kB
Shmem:             16652 kB
KReclaimable:     725520 kB
Slab:             315636 kB
SReclaimable:      90980 kB
SUnreclaim:       224656 kB
KernelStack:       46752 kB
ShadowCallStack:   11712 kB
PageTables:        62296 kB
NFS_Unstable:          0 kB
Bounce:                0 kB
WritebackTmp:          0 kB
CommitLimit:     8677876 kB
Committed_AS:   61267168 kB
VmallocTotal:   263061440 kB
VmallocUsed:      129160 kB
VmallocChunk:          0 kB
Percpu:             2520 kB
CmaTotal:         405504 kB
CmaFree:          264348 kB
MemTotal:        7918588 kB
MemFree:         3065372 kB
MemAvailable:    4685896 kB
Buffers:            4416 kB
Cached:          1377268 kB
SwapCached:         7620 kB
Active:          1630280 kB
Inactive:         648068 kB
Active(anon):     862044 kB
Inactive(anon):    55904 kB
Active(file):     768236 kB
Inactive(file):   592164 kB
Unevictable:        6348 kB
Mlocked:            5908 kB
SwapTotal:       4718584 kB
SwapFree:        3533560 kB
Dirty:             17472 kB
Writeback:             0 kB
AnonPages:        898972 kB
Mapped:           614748 kB
Shmem:             16652 kB
KReclaimable:     658540 kB
Slab:             315848 kB
SReclaimable:      90980 kB
SUnreclaim:       224868 kB
KernelStack:       46768 kB
ShadowCallStack:   11724 kB
PageTables:        62932 kB
NFS_Unstable:          0 kB
Bounce:                0 kB
WritebackTmp:          0 kB
CommitLimit:     8677876 kB
Committed_AS:   61589656 kB
VmallocTotal:   263061440 kB
VmallocUsed:      129200 kB
VmallocChunk:          0 kB
Percpu:             2520 kB
CmaTotal:         405504 kB
CmaFree:          264348 kB
MemTotal:        7918588 kB
MemFree:         3051320 kB
MemAvailable:    4672340 kB
Buffers:            4416 kB
Cached:          1377284 kB
SwapCached:         7620 kB
Active:          1644464 kB
Inactive:         648084 kB
Active(anon):     876228 kB
Inactive(anon):    55904 kB
Active(file):     768236 kB
Inactive(file):   592180 kB
Unevictable:        6348 kB
Mlocked:            5908 kB
SwapTotal:       4718584 kB
SwapFree:        3533560 kB
Dirty:             17480 kB
Writeback:             0 kB
AnonPages:        913164 kB
Mapped:           616472 kB
Shmem:             16652 kB
KReclaimable:     659020 kB
Slab:             315860 kB
SReclaimable:      90980 kB
SUnreclaim:       224880 kB
KernelStack:       46784 kB
ShadowCallStack:   11716 kB
PageTables:        62920 kB
NFS_Unstable:          0 kB
Bounce:                0 kB
WritebackTmp:          0 kB
CommitLimit:     8677876 kB
Committed_AS:   61629040 kB
VmallocTotal:   263061440 kB
VmallocUsed:      129236 kB
VmallocChunk:          0 kB
Percpu:             2520 kB
CmaTotal:         405504 kB
CmaFree:          264348 kB
MemTotal:        7918588 kB
MemFree:         2971492 kB
MemAvailable:    4572520 kB
Buffers:            4440 kB
Cached:          1395844 kB
SwapCached:         7632 kB
Active:          1722208 kB
Inactive:         648212 kB
Active(anon):     935516 kB
Inactive(anon):    55904 kB
Active(file):     786692 kB
Inactive(file):   592308 kB
Unevictable:        6348 kB
Mlocked:            5908 kB
SwapTotal:       4718584 kB
SwapFree:        3533816 kB
Dirty:             17536 kB
Writeback:             0 kB
AnonPages:        972468 kB
Mapped:           642572 kB
Shmem:             16652 kB
KReclaimable:     620444 kB
Slab:             316116 kB
SReclaimable:      90980 kB
SUnreclaim:       225136 kB
KernelStack:       46832 kB
ShadowCallStack:   11732 kB
PageTables:        63072 kB
NFS_Unstable:          0 kB
Bounce:                0 kB
WritebackTmp:          0 kB
CommitLimit:     8677876 kB
Committed_AS:   61769424 kB
VmallocTotal:   263061440 kB
VmallocUsed:      129264 kB
VmallocChunk:          0 kB
Percpu:             2520 kB
CmaTotal:         405504 kB
CmaFree:          264348 kB
MemTotal:        7918588 kB
MemFree:         2866576 kB
MemAvailable:    4466512 kB
Buffers:            4464 kB
Cached:          1395788 kB
SwapCached:         7632 kB
Active:          1827336 kB
Inactive:         648240 kB
Active(anon):    1040644 kB
Inactive(anon):    55904 kB
Active(file):     786692 kB
Inactive(file):   592336 kB
Unevictable:        6348 kB
Mlocked:            5908 kB
SwapTotal:       4718584 kB
SwapFree:        3533816 kB
Dirty:             17732 kB
Writeback:             0 kB
AnonPages:       1077640 kB
Mapped:           643920 kB
Shmem:             16592 kB
KReclaimable:     619324 kB
Slab:             316196 kB
SReclaimable:      90980 kB
SUnreclaim:       225216 kB
KernelStack:       46800 kB
ShadowCallStack:   11740 kB
PageTables:        63652 kB
NFS_Unstable:          0 kB
Bounce:                0 kB
WritebackTmp:          0 kB
CommitLimit:     8677876 kB
Committed_AS:   62064276 kB
VmallocTotal:   263061440 kB
VmallocUsed:      129296 kB
VmallocChunk:          0 kB
Percpu:             2520 kB
CmaTotal:         405504 kB
CmaFree:          264348 kB
MemTotal:        7918588 kB
MemFree:         2782440 kB
MemAvailable:    4381068 kB
Buffers:            4472 kB
Cached:          1395800 kB
SwapCached:         7632 kB
Active:          1911072 kB
Inactive:         648260 kB
Active(anon):    1124380 kB
Inactive(anon):    55904 kB
Active(file):     786692 kB
Inactive(file):   592356 kB
Unevictable:        6348 kB
Mlocked:            5908 kB
SwapTotal:       4718584 kB
SwapFree:        3534072 kB
Dirty:             17748 kB
Writeback:             0 kB
AnonPages:       1161560 kB
Mapped:           644752 kB
Shmem:             16592 kB
KReclaimable:     617996 kB
Slab:             316292 kB
SReclaimable:      90980 kB
SUnreclaim:       225312 kB
KernelStack:       46816 kB
ShadowCallStack:   11736 kB
PageTables:        64252 kB
NFS_Unstable:          0 kB
Bounce:                0 kB
WritebackTmp:          0 kB
CommitLimit:     8677876 kB
Committed_AS:   62244500 kB
VmallocTotal:   263061440 kB
VmallocUsed:      129312 kB
VmallocChunk:          0 kB
Percpu:             2520 kB
CmaTotal:         405504 kB
CmaFree:          264348 kB
MemTotal:        7918588 kB
MemFree:         2685592 kB
MemAvailable:    4274736 kB
Buffers:            4496 kB
Cached:          1395816 kB
SwapCached:         7632 kB
Active:          2006620 kB
Inactive:         648300 kB
Active(anon):    1219928 kB
Inactive(anon):    55904 kB
Active(file):     786692 kB
Inactive(file):   592396 kB
Unevictable:        6348 kB
Mlocked:            5908 kB
SwapTotal:       4718584 kB
SwapFree:        3534072 kB
Dirty:             17760 kB
Writeback:             0 kB
AnonPages:       1256764 kB
Mapped:           643140 kB
Shmem:             16592 kB
KReclaimable:     608472 kB
Slab:             316384 kB
SReclaimable:      90980 kB
SUnreclaim:       225404 kB
KernelStack:       46848 kB
ShadowCallStack:   11728 kB
PageTables:        64700 kB
NFS_Unstable:          0 kB
Bounce:                0 kB
WritebackTmp:          0 kB
CommitLimit:     8677876 kB
Committed_AS:   62506588 kB
VmallocTotal:   263061440 kB
VmallocUsed:      129272 kB
VmallocChunk:          0 kB
Percpu:             2520 kB
CmaTotal:         405504 kB
CmaFree:          264276 kB
MemTotal:        7918588 kB
MemFree:         2605772 kB
MemAvailable:    4194264 kB
Buffers:            4496 kB
Cached:          1395836 kB
SwapCached:         7632 kB
Active:          2085528 kB
Inactive:         648320 kB
Active(anon):    1298836 kB
Inactive(anon):    55904 kB
Active(file):     786692 kB
Inactive(file):   592416 kB
Unevictable:        6348 kB
Mlocked:            5908 kB
SwapTotal:       4718584 kB
SwapFree:        3534072 kB
Dirty:             17712 kB
Writeback:             0 kB
AnonPages:       1335996 kB
Mapped:           643508 kB
Shmem:             16592 kB
KReclaimable:     607800 kB
Slab:             316332 kB
SReclaimable:      90980 kB
SUnreclaim:       225352 kB
KernelStack:       46768 kB
ShadowCallStack:   11724 kB
PageTables:        64900 kB
NFS_Unstable:          0 kB
Bounce:                0 kB
WritebackTmp:          0 kB
CommitLimit:     8677876 kB
Committed_AS:   62719536 kB
VmallocTotal:   263061440 kB
VmallocUsed:      129252 kB
VmallocChunk:          0 kB
Percpu:             2520 kB
CmaTotal:         405504 kB
CmaFree:          264348 kB
MemTotal:        7918588 kB
MemFree:         2503288 kB
MemAvailable:    4089972 kB
Buffers:            4496 kB
Cached:          1395840 kB
SwapCached:         7632 kB
Active:          2188836 kB
Inactive:         648320 kB
Active(anon):    1402144 kB
Inactive(anon):    55904 kB
Active(file):     786692 kB
Inactive(file):   592416 kB
Unevictable:        6348 kB
Mlocked:            5908 kB
SwapTotal:       4718584 kB
SwapFree:        3534328 kB
Dirty:             17712 kB
Writeback:             0 kB
AnonPages:       1439216 kB
Mapped:           644800 kB
Shmem:             16596 kB
KReclaimable:     605992 kB
Slab:             316428 kB
SReclaimable:      90980 kB
SUnreclaim:       225448 kB
KernelStack:       46832 kB
ShadowCallStack:   11724 kB
PageTables:        65592 kB
NFS_Unstable:          0 kB
Bounce:                0 kB
WritebackTmp:          0 kB
CommitLimit:     8677876 kB
Committed_AS:   62932532 kB
VmallocTotal:   263061440 kB
VmallocUsed:      129256 kB
VmallocChunk:          0 kB
Percpu:             2520 kB
CmaTotal:         405504 kB
CmaFree:          264348 kB
MemTotal:        7918588 kB
MemFree:         2383712 kB
MemAvailable:    3850448 kB
Buffers:            4504 kB
Cached:          1396412 kB
SwapCached:         7632 kB
Active:          2308484 kB
Inactive:         648336 kB
Active(anon):    1521244 kB
Inactive(anon):    55904 kB
Active(file):     787240 kB
Inactive(file):   592432 kB
Unevictable:        6348 kB
Mlocked:            5908 kB
SwapTotal:       4718584 kB
SwapFree:        3535608 kB
Dirty:             17712 kB
Writeback:             0 kB
AnonPages:       1558268 kB
Mapped:           645656 kB
Shmem:             16612 kB
KReclaimable:     485480 kB
Slab:             316308 kB
SReclaimable:      90996 kB
SUnreclaim:       225312 kB
KernelStack:       46896 kB
ShadowCallStack:   11752 kB
PageTables:        66024 kB
NFS_Unstable:          0 kB
Bounce:                0 kB
WritebackTmp:          0 kB
CommitLimit:     8677876 kB
Committed_AS:   63162304 kB
VmallocTotal:   263061440 kB
VmallocUsed:      129392 kB
VmallocChunk:          0 kB
Percpu:             2520 kB
CmaTotal:         405504 kB
CmaFree:          264348 kB
MemTotal:        7918588 kB
MemFree:         2296900 kB
MemAvailable:    3761092 kB
Buffers:            4504 kB
Cached:          1396592 kB
SwapCached:         7632 kB
Active:          2393708 kB
Inactive:         648400 kB
Active(anon):    1606468 kB
Inactive(anon):    55904 kB
Active(file):     787240 kB
Inactive(file):   592496 kB
Unevictable:        6348 kB
Mlocked:            5908 kB
SwapTotal:       4718584 kB
SwapFree:        3535608 kB
Dirty:             17724 kB
Writeback:             0 kB
AnonPages:       1643388 kB
Mapped:           646736 kB
Shmem:             16728 kB
KReclaimable:     482872 kB
Slab:             316548 kB
SReclaimable:      90996 kB
SUnreclaim:       225552 kB
KernelStack:       46928 kB
ShadowCallStack:   11748 kB
PageTables:        66476 kB
NFS_Unstable:          0 kB
Bounce:                0 kB
WritebackTmp:          0 kB
CommitLimit:     8677876 kB
Committed_AS:   63326912 kB
VmallocTotal:   263061440 kB
VmallocUsed:      129428 kB
VmallocChunk:          0 kB
Percpu:             2520 kB
CmaTotal:         405504 kB
CmaFree:          264348 kB
MemTotal:        7918588 kB
MemFree:         2264864 kB
MemAvailable:    3849544 kB
Buffers:            4512 kB
Cached:          1396464 kB
SwapCached:         7632 kB
Active:          2426108 kB
Inactive:         648400 kB
Active(anon):    1638868 kB
Inactive(anon):    55904 kB
Active(file):     787240 kB
Inactive(file):   592496 kB
Unevictable:        6348 kB
Mlocked:            5908 kB
SwapTotal:       4718584 kB
SwapFree:        3535608 kB
Dirty:             17752 kB
Writeback:             0 kB
AnonPages:       1675840 kB
Mapped:           646572 kB
Shmem:             16600 kB
KReclaimable:     603360 kB
Slab:             316424 kB
SReclaimable:      90996 kB
SUnreclaim:       225428 kB
KernelStack:       46768 kB
ShadowCallStack:   11720 kB
PageTables:        66696 kB
NFS_Unstable:          0 kB
Bounce:                0 kB
WritebackTmp:          0 kB
CommitLimit:     8677876 kB
Committed_AS:   63506744 kB
VmallocTotal:   263061440 kB
VmallocUsed:      129268 kB
VmallocChunk:          0 kB
Percpu:             2520 kB
CmaTotal:         405504 kB
CmaFree:          264348 kB
MemTotal:        7918588 kB
MemFree:         2187144 kB
MemAvailable:    3770544 kB
Buffers:            4512 kB
Cached:          1396464 kB
SwapCached:         7632 kB
Active:          2503244 kB
Inactive:         648408 kB
Active(anon):    1716004 kB
Inactive(anon):    55904 kB
Active(file):     787240 kB
Inactive(file):   592504 kB
Unevictable:        6348 kB
Mlocked:            5908 kB
SwapTotal:       4718584 kB
SwapFree:        3535608 kB
Dirty:             17752 kB
Writeback:             0 kB
AnonPages:       1752944 kB
Mapped:           647312 kB
Shmem:             16600 kB
KReclaimable:     602072 kB
Slab:             316452 kB
SReclaimable:      90996 kB
SUnreclaim:       225456 kB
KernelStack:       46800 kB
ShadowCallStack:   11724 kB
PageTables:        67032 kB
NFS_Unstable:          0 kB
Bounce:                0 kB
WritebackTmp:          0 kB
CommitLimit:     8677876 kB
Committed_AS:   63703456 kB
VmallocTotal:   263061440 kB
VmallocUsed:      129292 kB
VmallocChunk:          0 kB
Percpu:             2520 kB
CmaTotal:         405504 kB
CmaFree:          264348 kB
MemTotal:        7918588 kB
MemFree:         2144524 kB
MemAvailable:    3727624 kB
Buffers:            4512 kB
Cached:          1396400 kB
SwapCached:         7632 kB
Active:          2546316 kB
Inactive:         648372 kB
Active(anon):    1759076 kB
Inactive(anon):    55868 kB
Active(file):     787240 kB
Inactive(file):   592504 kB
Unevictable:        6348 kB
Mlocked:            5908 kB
SwapTotal:       4718584 kB
SwapFree:        3535864 kB
Dirty:             17792 kB
Writeback:             0 kB
AnonPages:       1796144 kB
Mapped:           647736 kB
Shmem:             16536 kB
KReclaimable:     601772 kB
Slab:             316396 kB
SReclaimable:      90996 kB
SUnreclaim:       225400 kB
KernelStack:       46832 kB
ShadowCallStack:   11732 kB
PageTables:        66972 kB
NFS_Unstable:          0 kB
Bounce:                0 kB
WritebackTmp:          0 kB
CommitLimit:     8677876 kB
Committed_AS:   63768928 kB
VmallocTotal:   263061440 kB
VmallocUsed:      129292 kB
VmallocChunk:          0 kB
Percpu:             2520 kB
CmaTotal:         405504 kB
CmaFree:          264348 kB
MemTotal:        7918588 kB
MemFree:         2092864 kB
MemAvailable:    3675116 kB
Buffers:            4536 kB
Cached:          1396400 kB
SwapCached:         7632 kB
Active:          2597272 kB
Inactive:         648396 kB
Active(anon):    1810032 kB
Inactive(anon):    55868 kB
Active(file):     787240 kB
Inactive(file):   592528 kB
Unevictable:        6348 kB
Mlocked:            5908 kB
SwapTotal:       4718584 kB
SwapFree:        3535864 kB
Dirty:             17804 kB
Writeback:             0 kB
AnonPages:       1847076 kB
Mapped:           648452 kB
Shmem:             16536 kB
KReclaimable:     600900 kB
Slab:             316584 kB
SReclaimable:      90996 kB
SUnreclaim:       225588 kB
KernelStack:       46848 kB
ShadowCallStack:   11736 kB
PageTables:        67500 kB
NFS_Unstable:          0 kB
Bounce:                0 kB
WritebackTmp:          0 kB
CommitLimit:     8677876 kB
Committed_AS:   63900004 kB
VmallocTotal:   263061440 kB
VmallocUsed:      129296 kB
VmallocChunk:          0 kB
Percpu:             2520 kB
CmaTotal:         405504 kB
CmaFree:          264348 kB
MemTotal:        7918588 kB
MemFree:         2071804 kB
MemAvailable:    3653848 kB
Buffers:            4536 kB
Cached:          1396400 kB
SwapCached:         7632 kB
Active:          2618224 kB
Inactive:         648396 kB
Active(anon):    1830984 kB
Inactive(anon):    55868 kB
Active(file):     787240 kB
Inactive(file):   592528 kB
Unevictable:        6348 kB
Mlocked:            5908 kB
SwapTotal:       4718584 kB
SwapFree:        3535864 kB
Dirty:             17804 kB
Writeback:             0 kB
AnonPages:       1867860 kB
Mapped:           648584 kB
Shmem:             16536 kB
KReclaimable:     600692 kB
Slab:             316524 kB
SReclaimable:      90996 kB
SUnreclaim:       225528 kB
KernelStack:       46784 kB
ShadowCallStack:   11724 kB
PageTables:        67400 kB
NFS_Unstable:          0 kB
Bounce:                0 kB
WritebackTmp:          0 kB
CommitLimit:     8677876 kB
Committed_AS:   63932772 kB
VmallocTotal:   263061440 kB
VmallocUsed:      129296 kB
VmallocChunk:          0 kB
Percpu:             2520 kB
CmaTotal:         405504 kB
CmaFree:          264348 kB
MemTotal:        7918588 kB
MemFree:         2055756 kB
MemAvailable:    3637620 kB
Buffers:            4536 kB
Cached:          1396420 kB
SwapCached:         7632 kB
Active:          2634036 kB
Inactive:         648408 kB
Active(anon):    1846796 kB
Inactive(anon):    55868 kB
Active(file):     787240 kB
Inactive(file):   592540 kB
Unevictable:        6348 kB
Mlocked:            5908 kB
SwapTotal:       4718584 kB
SwapFree:        3535864 kB
Dirty:             17816 kB
Writeback:             0 kB
AnonPages:       1883684 kB
Mapped:           648816 kB
Shmem:             16544 kB
KReclaimable:     600500 kB
Slab:             316612 kB
SReclaimable:      90996 kB
SUnreclaim:       225616 kB
KernelStack:       46800 kB
ShadowCallStack:   11724 kB
PageTables:        67548 kB
NFS_Unstable:          0 kB
Bounce:                0 kB
WritebackTmp:          0 kB
CommitLimit:     8677876 kB
Committed_AS:   63965488 kB
VmallocTotal:   263061440 kB
VmallocUsed:      129276 kB
VmallocChunk:          0 kB
Percpu:             2520 kB
CmaTotal:         405504 kB
CmaFree:          264348 kB
MemTotal:        7918588 kB
MemFree:         2003172 kB
MemAvailable:    3584132 kB
Buffers:            4536 kB
Cached:          1396424 kB
SwapCached:         7632 kB
Active:          2686176 kB
Inactive:         648408 kB
Active(anon):    1898936 kB
Inactive(anon):    55868 kB
Active(file):     787240 kB
Inactive(file):   592540 kB
Unevictable:        6348 kB
Mlocked:            5908 kB
SwapTotal:       4718584 kB
SwapFree:        3535864 kB
Dirty:             17816 kB
Writeback:             0 kB
AnonPages:       1935796 kB
Mapped:           649188 kB
Shmem:             16548 kB
KReclaimable:     599596 kB
Slab:             316592 kB
SReclaimable:      90996 kB
SUnreclaim:       225596 kB
KernelStack:       46768 kB
ShadowCallStack:   11720 kB
PageTables:        67884 kB
NFS_Unstable:          0 kB
Bounce:                0 kB
WritebackTmp:          0 kB
CommitLimit:     8677876 kB
Committed_AS:   64080180 kB
VmallocTotal:   263061440 kB
VmallocUsed:      129276 kB
VmallocChunk:          0 kB
Percpu:             2520 kB
CmaTotal:         405504 kB
CmaFree:          264348 kB
MemTotal:        7918588 kB
MemFree:         2001264 kB
MemAvailable:    3582436 kB
Buffers:            4536 kB
Cached:          1396636 kB
SwapCached:         7632 kB
Active:          2687580 kB
Inactive:         648620 kB
Active(anon):    1900340 kB
Inactive(anon):    55868 kB
Active(file):     787240 kB
Inactive(file):   592752 kB
Unevictable:        6348 kB
Mlocked:            5908 kB
SwapTotal:       4718584 kB
SwapFree:        3535864 kB
Dirty:             17860 kB
Writeback:             0 kB
AnonPages:       1937296 kB
Mapped:           649292 kB
Shmem:             16548 kB
KReclaimable:     599596 kB
Slab:             316680 kB
SReclaimable:      90996 kB
SUnreclaim:       225684 kB
KernelStack:       46816 kB
ShadowCallStack:   11736 kB
PageTables:        67740 kB
NFS_Unstable:          0 kB
Bounce:                0 kB
WritebackTmp:          0 kB
CommitLimit:     8677876 kB
Committed_AS:   64080184 kB
VmallocTotal:   263061440 kB
VmallocUsed:      129280 kB
VmallocChunk:          0 kB
Percpu:             2520 kB
CmaTotal:         405504 kB
CmaFree:          264348 kB
MemTotal:        7918588 kB
MemFree:         1965216 kB
MemAvailable:    3546028 kB
Buffers:            4544 kB
Cached:          1396636 kB
SwapCached:         7632 kB
Active:          2723492 kB
Inactive:         648628 kB
Active(anon):    1936252 kB
Inactive(anon):    55868 kB
Active(file):     787240 kB
Inactive(file):   592760 kB
Unevictable:        6348 kB
Mlocked:            5908 kB
SwapTotal:       4718584 kB
SwapFree:        3535864 kB
Dirty:             17864 kB
Writeback:             0 kB
AnonPages:       1973344 kB
Mapped:           649576 kB
Shmem:             16548 kB
KReclaimable:     599228 kB
Slab:             316704 kB
SReclaimable:      90996 kB
SUnreclaim:       225708 kB
KernelStack:       46816 kB
ShadowCallStack:   11728 kB
PageTables:        67948 kB
NFS_Unstable:          0 kB
Bounce:                0 kB
WritebackTmp:          0 kB
CommitLimit:     8677876 kB
Committed_AS:   64162104 kB
VmallocTotal:   263061440 kB
VmallocUsed:      129272 kB
VmallocChunk:          0 kB
Percpu:             2520 kB
CmaTotal:         405504 kB
CmaFree:          264348 kB
MemTotal:        7918588 kB
MemFree:         1932180 kB
MemAvailable:    3512468 kB
Buffers:            4552 kB
Cached:          1396632 kB
SwapCached:         7632 kB
Active:          2756324 kB
Inactive:         648632 kB
Active(anon):    1969084 kB
Inactive(anon):    55868 kB
Active(file):     787240 kB
Inactive(file):   592764 kB
Unevictable:        6348 kB
Mlocked:            5908 kB
SwapTotal:       4718584 kB
SwapFree:        3535864 kB
Dirty:             17936 kB
Writeback:             0 kB
AnonPages:       2006048 kB
Mapped:           649904 kB
Shmem:             16548 kB
KReclaimable:     598700 kB
Slab:             316680 kB
SReclaimable:      90996 kB
SUnreclaim:       225684 kB
KernelStack:       46816 kB
ShadowCallStack:   11732 kB
PageTables:        67976 kB
NFS_Unstable:          0 kB
Bounce:                0 kB
WritebackTmp:          0 kB
CommitLimit:     8677876 kB
Committed_AS:   64244020 kB
VmallocTotal:   263061440 kB
VmallocUsed:      129272 kB
VmallocChunk:          0 kB
Percpu:             2520 kB
CmaTotal:         405504 kB
CmaFree:          264348 kB
MemTotal:        7918588 kB
MemFree:         1930660 kB
MemAvailable:    3510912 kB
Buffers:            4552 kB
Cached:          1396824 kB
SwapCached:         7632 kB
Active:          2758672 kB
Inactive:         648648 kB
Active(anon):    1971260 kB
Inactive(anon):    55868 kB
Active(file):     787412 kB
Inactive(file):   592780 kB
Unevictable:        6348 kB
Mlocked:            5908 kB
SwapTotal:       4718584 kB
SwapFree:        3535864 kB
Dirty:             17944 kB
Writeback:             0 kB
AnonPages:       2008248 kB
Mapped:           650344 kB
Shmem:             16552 kB
KReclaimable:     598476 kB
Slab:             316644 kB
SReclaimable:      90996 kB
SUnreclaim:       225648 kB
KernelStack:       46800 kB
ShadowCallStack:   11740 kB
PageTables:        68068 kB
NFS_Unstable:          0 kB
Bounce:                0 kB
WritebackTmp:          0 kB
CommitLimit:     8677876 kB
Committed_AS:   64244024 kB
VmallocTotal:   263061440 kB
VmallocUsed:      129272 kB
VmallocChunk:          0 kB
Percpu:             2520 kB
CmaTotal:         405504 kB
CmaFree:          264348 kB
MemTotal:        7918588 kB
MemFree:         1871920 kB
MemAvailable:    3451252 kB
Buffers:            4552 kB
Cached:          1396824 kB
SwapCached:         7632 kB
Active:          2817584 kB
Inactive:         648648 kB
Active(anon):    2030172 kB
Inactive(anon):    55868 kB
Active(file):     787412 kB
Inactive(file):   592780 kB
Unevictable:        6348 kB
Mlocked:            5908 kB
SwapTotal:       4718584 kB
SwapFree:        3535864 kB
Dirty:             17944 kB
Writeback:             0 kB
AnonPages:       2067136 kB
Mapped:           650840 kB
Shmem:             16552 kB
KReclaimable:     597556 kB
Slab:             316756 kB
SReclaimable:      90996 kB
SUnreclaim:       225760 kB
KernelStack:       46832 kB
ShadowCallStack:   11728 kB
PageTables:        68340 kB
NFS_Unstable:          0 kB
Bounce:                0 kB
WritebackTmp:          0 kB
CommitLimit:     8677876 kB
Committed_AS:   64375096 kB
VmallocTotal:   263061440 kB
VmallocUsed:      129268 kB
VmallocChunk:          0 kB
Percpu:             2520 kB
CmaTotal:         405504 kB
CmaFree:          264348 kB
MemTotal:        7918588 kB
MemFree:         1859280 kB
MemAvailable:    3438460 kB
Buffers:            4552 kB
Cached:          1396824 kB
SwapCached:         7632 kB
Active:          2828656 kB
Inactive:         648648 kB
Active(anon):    2041244 kB
Inactive(anon):    55868 kB
Active(file):     787412 kB
Inactive(file):   592780 kB
Unevictable:        6348 kB
Mlocked:            5908 kB
SwapTotal:       4718584 kB
SwapFree:        3535864 kB
Dirty:             17944 kB
Writeback:             0 kB
AnonPages:       2078284 kB
Mapped:           651000 kB
Shmem:             16552 kB
KReclaimable:     597404 kB
Slab:             316740 kB
SReclaimable:      90996 kB
SUnreclaim:       225744 kB
KernelStack:       46784 kB
ShadowCallStack:   11728 kB
PageTables:        68312 kB
NFS_Unstable:          0 kB
Bounce:                0 kB
WritebackTmp:          0 kB
CommitLimit:     8677876 kB
Committed_AS:   64391480 kB
VmallocTotal:   263061440 kB
VmallocUsed:      129272 kB
VmallocChunk:          0 kB
Percpu:             2520 kB
CmaTotal:         405504 kB
CmaFree:          264348 kB
MemTotal:        7918588 kB
MemFree:         1843168 kB
MemAvailable:    3422132 kB
Buffers:            4576 kB
Cached:          1396824 kB
SwapCached:         7632 kB
Active:          2844632 kB
Inactive:         648672 kB
Active(anon):    2057220 kB
Inactive(anon):    55868 kB
Active(file):     787412 kB
Inactive(file):   592804 kB
Unevictable:        6348 kB
Mlocked:            5908 kB
SwapTotal:       4718584 kB
SwapFree:        3536120 kB
Dirty:             17948 kB
Writeback:             0 kB
AnonPages:       2094212 kB
Mapped:           651228 kB
Shmem:             16552 kB
KReclaimable:     597164 kB
Slab:             316792 kB
SReclaimable:      91012 kB
SUnreclaim:       225780 kB
KernelStack:       46816 kB
ShadowCallStack:   11728 kB
PageTables:        68452 kB
NFS_Unstable:          0 kB
Bounce:                0 kB
WritebackTmp:          0 kB
CommitLimit:     8677876 kB
Committed_AS:   64424252 kB
VmallocTotal:   263061440 kB
VmallocUsed:      129280 kB
VmallocChunk:          0 kB
Percpu:             2520 kB
CmaTotal:         405504 kB
CmaFree:          264348 kB
MemTotal:        7918588 kB
MemFree:         1787980 kB
MemAvailable:    3366168 kB
Buffers:            4576 kB
Cached:          1396840 kB
SwapCached:         7632 kB
Active:          2899860 kB
Inactive:         648680 kB
Active(anon):    2112448 kB
Inactive(anon):    55868 kB
Active(file):     787412 kB
Inactive(file):   592812 kB
Unevictable:        6348 kB
Mlocked:            5908 kB
SwapTotal:       4718584 kB
SwapFree:        3536120 kB
Dirty:             17956 kB
Writeback:             0 kB
AnonPages:       2149360 kB
Mapped:           651520 kB
Shmem:             16560 kB
KReclaimable:     596380 kB
Slab:             316852 kB
SReclaimable:      91012 kB
SUnreclaim:       225840 kB
KernelStack:       46752 kB
ShadowCallStack:   11716 kB
PageTables:        68704 kB
NFS_Unstable:          0 kB
Bounce:                0 kB
WritebackTmp:          0 kB
CommitLimit:     8677876 kB
Committed_AS:   64538840 kB
VmallocTotal:   263061440 kB
VmallocUsed:      129232 kB
VmallocChunk:          0 kB
Percpu:             2520 kB
CmaTotal:         405504 kB
CmaFree:          264348 kB
MemTotal:        7918588 kB
MemFree:         1787812 kB
MemAvailable:    3365976 kB
Buffers:            4580 kB
Cached:          1396852 kB
SwapCached:         7632 kB
Active:          2899840 kB
Inactive:         648692 kB
Active(anon):    2112428 kB
Inactive(anon):    55864 kB
Active(file):     787412 kB
Inactive(file):   592828 kB
Unevictable:        6348 kB
Mlocked:            5908 kB
SwapTotal:       4718584 kB
SwapFree:        3536120 kB
Dirty:               660 kB
Writeback:          8684 kB
AnonPages:       2149316 kB
Mapped:           651608 kB
Shmem:             16560 kB
KReclaimable:     596340 kB
Slab:             316792 kB
SReclaimable:      91012 kB
SUnreclaim:       225780 kB
KernelStack:       46672 kB
ShadowCallStack:   11700 kB
PageTables:        68768 kB
NFS_Unstable:          0 kB
Bounce:                0 kB
WritebackTmp:          0 kB
CommitLimit:     8677876 kB
Committed_AS:   64538484 kB
VmallocTotal:   263061440 kB
VmallocUsed:      129084 kB
VmallocChunk:          0 kB
Percpu:             2520 kB
CmaTotal:         405504 kB
CmaFree:          264348 kB
MemTotal:        7918588 kB
MemFree:         1750200 kB
MemAvailable:    3327860 kB
Buffers:            4580 kB
Cached:          1396852 kB
SwapCached:         7632 kB
Active:          2938388 kB
Inactive:         648692 kB
Active(anon):    2150976 kB
Inactive(anon):    55864 kB
Active(file):     787412 kB
Inactive(file):   592828 kB
Unevictable:        6348 kB
Mlocked:            5908 kB
SwapTotal:       4718584 kB
SwapFree:        3536120 kB
Dirty:               268 kB
Writeback:             0 kB
AnonPages:       2188072 kB
Mapped:           651968 kB
Shmem:             16560 kB
KReclaimable:     595836 kB
Slab:             316880 kB
SReclaimable:      91012 kB
SUnreclaim:       225868 kB
KernelStack:       46640 kB
ShadowCallStack:   11688 kB
PageTables:        68624 kB
NFS_Unstable:          0 kB
Bounce:                0 kB
WritebackTmp:          0 kB
CommitLimit:     8677876 kB
Committed_AS:   64636792 kB
VmallocTotal:   263061440 kB
VmallocUsed:      129076 kB
VmallocChunk:          0 kB
Percpu:             2520 kB
CmaTotal:         405504 kB
CmaFree:          264348 kB
MemTotal:        7918588 kB
MemFree:         1719096 kB
MemAvailable:    3296252 kB
Buffers:            4580 kB
Cached:          1396852 kB
SwapCached:         7632 kB
Active:          2969036 kB
Inactive:         648692 kB
Active(anon):    2181624 kB
Inactive(anon):    55864 kB
Active(file):     787412 kB
Inactive(file):   592828 kB
Unevictable:        6348 kB
Mlocked:            5908 kB
SwapTotal:       4718584 kB
SwapFree:        3536120 kB
Dirty:               268 kB
Writeback:             0 kB
AnonPages:       2218648 kB
Mapped:           652300 kB
Shmem:             16560 kB
KReclaimable:     595332 kB
Slab:             317008 kB
SReclaimable:      91012 kB
SUnreclaim:       225996 kB
KernelStack:       46656 kB
ShadowCallStack:   11688 kB
PageTables:        68976 kB
NFS_Unstable:          0 kB
Bounce:                0 kB
WritebackTmp:          0 kB
CommitLimit:     8677876 kB
Committed_AS:   64685940 kB
VmallocTotal:   263061440 kB
VmallocUsed:      129076 kB
VmallocChunk:          0 kB
Percpu:             2520 kB
CmaTotal:         405504 kB
CmaFree:          264348 kB
MemTotal:        7918588 kB
MemFree:         1715848 kB
MemAvailable:    3292856 kB
Buffers:            4588 kB
Cached:          1396872 kB
SwapCached:         7632 kB
Active:          2971628 kB
Inactive:         648720 kB
Active(anon):    2184216 kB
Inactive(anon):    55864 kB
Active(file):     787412 kB
Inactive(file):   592856 kB
Unevictable:        6348 kB
Mlocked:            5908 kB
SwapTotal:       4718584 kB
SwapFree:        3536120 kB
Dirty:               364 kB
Writeback:             0 kB
AnonPages:       2221192 kB
Mapped:           652392 kB
Shmem:             16560 kB
KReclaimable:     595156 kB
Slab:             316948 kB
SReclaimable:      91012 kB
SUnreclaim:       225936 kB
KernelStack:       46704 kB
ShadowCallStack:   11680 kB
PageTables:        69060 kB
NFS_Unstable:          0 kB
Bounce:                0 kB
WritebackTmp:          0 kB
CommitLimit:     8677876 kB
Committed_AS:   64702324 kB
VmallocTotal:   263061440 kB
VmallocUsed:      129076 kB
VmallocChunk:          0 kB
Percpu:             2520 kB
CmaTotal:         405504 kB
CmaFree:          264348 kB
MemTotal:        7918588 kB
MemFree:         1664028 kB
MemAvailable:    3240304 kB
Buffers:            4588 kB
Cached:          1396864 kB
SwapCached:         7632 kB
Active:          3024348 kB
Inactive:         648708 kB
Active(anon):    2236936 kB
Inactive(anon):    55864 kB
Active(file):     787412 kB
Inactive(file):   592844 kB
Unevictable:        6348 kB
Mlocked:            5908 kB
SwapTotal:       4718584 kB
SwapFree:        3536120 kB
Dirty:               464 kB
Writeback:             0 kB
AnonPages:       2273964 kB
Mapped:           652916 kB
Shmem:             16564 kB
KReclaimable:     594436 kB
Slab:             316936 kB
SReclaimable:      91012 kB
SUnreclaim:       225924 kB
KernelStack:       46656 kB
ShadowCallStack:   11692 kB
PageTables:        69248 kB
NFS_Unstable:          0 kB
Bounce:                0 kB
WritebackTmp:          0 kB
CommitLimit:     8677876 kB
Committed_AS:   64833300 kB
VmallocTotal:   263061440 kB
VmallocUsed:      129072 kB
VmallocChunk:          0 kB
Percpu:             2520 kB
CmaTotal:         405504 kB
CmaFree:          264348 kB
MemTotal:        7918588 kB
MemFree:         1610020 kB
MemAvailable:    3055852 kB
Buffers:            4588 kB
Cached:          1396964 kB
SwapCached:         7632 kB
Active:          3078420 kB
Inactive:         648704 kB
Active(anon):    2291008 kB
Inactive(anon):    55856 kB
Active(file):     787412 kB
Inactive(file):   592848 kB
Unevictable:        6348 kB
Mlocked:            5908 kB
SwapTotal:       4718584 kB
SwapFree:        3536120 kB
Dirty:               472 kB
Writeback:             0 kB
AnonPages:       2327920 kB
Mapped:           653652 kB
Shmem:             16660 kB
KReclaimable:     463988 kB
Slab:             317060 kB
SReclaimable:      90996 kB
SUnreclaim:       226064 kB
KernelStack:       46672 kB
ShadowCallStack:   11688 kB
PageTables:        69524 kB
NFS_Unstable:          0 kB
Bounce:                0 kB
WritebackTmp:          0 kB
CommitLimit:     8677876 kB
Committed_AS:   64867224 kB
VmallocTotal:   263061440 kB
VmallocUsed:      129128 kB
VmallocChunk:          0 kB
Percpu:             2520 kB
CmaTotal:         405504 kB
CmaFree:          264348 kB
MemTotal:        7918588 kB
MemFree:         1628152 kB
MemAvailable:    3203612 kB
Buffers:            4588 kB
Cached:          1396868 kB
SwapCached:         7632 kB
Active:          3058500 kB
Inactive:         648704 kB
Active(anon):    2271088 kB
Inactive(anon):    55856 kB
Active(file):     787412 kB
Inactive(file):   592848 kB
Unevictable:        6348 kB
Mlocked:            5908 kB
SwapTotal:       4718584 kB
SwapFree:        3536120 kB
Dirty:               332 kB
Writeback:             0 kB
AnonPages:       2308040 kB
Mapped:           653484 kB
Shmem:             16564 kB
KReclaimable:     593616 kB
Slab:             317004 kB
SReclaimable:      90996 kB
SUnreclaim:       226008 kB
KernelStack:       46544 kB
ShadowCallStack:   11668 kB
PageTables:        69292 kB
NFS_Unstable:          0 kB
Bounce:                0 kB
WritebackTmp:          0 kB
CommitLimit:     8677876 kB
Committed_AS:   64915980 kB
VmallocTotal:   263061440 kB
VmallocUsed:      128952 kB
VmallocChunk:          0 kB
Percpu:             2520 kB
CmaTotal:         405504 kB
CmaFree:          264348 kB
MemTotal:        7918588 kB
MemFree:         1577608 kB
MemAvailable:    3152344 kB
Buffers:            4588 kB
Cached:          1396876 kB
SwapCached:         7632 kB
Active:          3110236 kB
Inactive:         648704 kB
Active(anon):    2322824 kB
Inactive(anon):    55856 kB
Active(file):     787412 kB
Inactive(file):   592848 kB
Unevictable:        6348 kB
Mlocked:            5908 kB
SwapTotal:       4718584 kB
SwapFree:        3536120 kB
Dirty:               332 kB
Writeback:             0 kB
AnonPages:       2359820 kB
Mapped:           653760 kB
Shmem:             16572 kB
KReclaimable:     592892 kB
Slab:             316988 kB
SReclaimable:      90996 kB
SUnreclaim:       225992 kB
KernelStack:       46560 kB
ShadowCallStack:   11668 kB
PageTables:        69656 kB
NFS_Unstable:          0 kB
Bounce:                0 kB
WritebackTmp:          0 kB
CommitLimit:     8677876 kB
Committed_AS:   65030624 kB
VmallocTotal:   263061440 kB
VmallocUsed:      128936 kB
VmallocChunk:          0 kB
Percpu:             2520 kB
CmaTotal:         405504 kB
CmaFree:          264348 kB
MemTotal:        7918588 kB
MemFree:         1576256 kB
MemAvailable:    3151016 kB
Buffers:            4612 kB
Cached:          1396876 kB
SwapCached:         7632 kB
Active:          3110872 kB
Inactive:         648728 kB
Active(anon):    2323460 kB
Inactive(anon):    55856 kB
Active(file):     787412 kB
Inactive(file):   592872 kB
Unevictable:        6348 kB
Mlocked:            5908 kB
SwapTotal:       4718584 kB
SwapFree:        3536120 kB
Dirty:               340 kB
Writeback:             0 kB
AnonPages:       2360264 kB
Mapped:           653736 kB
Shmem:             16572 kB
KReclaimable:     592892 kB
Slab:             317096 kB
SReclaimable:      90996 kB
SUnreclaim:       226100 kB
KernelStack:       46544 kB
ShadowCallStack:   11668 kB
PageTables:        69632 kB
NFS_Unstable:          0 kB
Bounce:                0 kB
WritebackTmp:          0 kB
CommitLimit:     8677876 kB
Committed_AS:   65030624 kB
VmallocTotal:   263061440 kB
VmallocUsed:      128936 kB
VmallocChunk:          0 kB
Percpu:             2520 kB
CmaTotal:         405504 kB
CmaFree:          264348 kB
MemTotal:        7918588 kB
MemFree:         1537936 kB
MemAvailable:    3112224 kB
Buffers:            4620 kB
Cached:          1396876 kB
SwapCached:         7632 kB
Active:          3149956 kB
Inactive:         648736 kB
Active(anon):    2362544 kB
Inactive(anon):    55856 kB
Active(file):     787412 kB
Inactive(file):   592880 kB
Unevictable:        6348 kB
Mlocked:            5908 kB
SwapTotal:       4718584 kB
SwapFree:        3536120 kB
Dirty:               356 kB
Writeback:             0 kB
AnonPages:       2399440 kB
Mapped:           654016 kB
Shmem:             16572 kB
KReclaimable:     592412 kB
Slab:             317064 kB
SReclaimable:      90996 kB
SUnreclaim:       226068 kB
KernelStack:       46560 kB
ShadowCallStack:   11644 kB
PageTables:        69780 kB
NFS_Unstable:          0 kB
Bounce:                0 kB
WritebackTmp:          0 kB
CommitLimit:     8677876 kB
Committed_AS:   65128928 kB
VmallocTotal:   263061440 kB
VmallocUsed:      128912 kB
VmallocChunk:          0 kB
Percpu:             2520 kB
CmaTotal:         405504 kB
CmaFree:          264348 kB
MemTotal:        7918588 kB
MemFree:         1507436 kB
MemAvailable:    3081208 kB
Buffers:            4620 kB
Cached:          1396920 kB
SwapCached:         7632 kB
Active:          3179704 kB
Inactive:         648764 kB
Active(anon):    2392276 kB
Inactive(anon):    55856 kB
Active(file):     787428 kB
Inactive(file):   592908 kB
Unevictable:        6348 kB
Mlocked:            5908 kB
SwapTotal:       4718584 kB
SwapFree:        3536120 kB
Dirty:               388 kB
Writeback:             0 kB
AnonPages:       2429112 kB
Mapped:           654524 kB
Shmem:             16572 kB
KReclaimable:     591852 kB
Slab:             317180 kB
SReclaimable:      90996 kB
SUnreclaim:       226184 kB
KernelStack:       46544 kB
ShadowCallStack:   11652 kB
PageTables:        69968 kB
NFS_Unstable:          0 kB
Bounce:                0 kB
WritebackTmp:          0 kB
CommitLimit:     8677876 kB
Committed_AS:   65178080 kB
VmallocTotal:   263061440 kB
VmallocUsed:      128928 kB
VmallocChunk:          0 kB
Percpu:             2520 kB
CmaTotal:         405504 kB
CmaFree:          264348 kB
MemTotal:        7918588 kB
MemFree:         1505408 kB
MemAvailable:    3079004 kB
Buffers:            4620 kB
Cached:          1396920 kB
SwapCached:         7632 kB
Active:          3181932 kB
Inactive:         648764 kB
Active(anon):    2394504 kB
Inactive(anon):    55856 kB
Active(file):     787428 kB
Inactive(file):   592908 kB
Unevictable:        6348 kB
Mlocked:            5908 kB
SwapTotal:       4718584 kB
SwapFree:        3536120 kB
Dirty:               388 kB
Writeback:             0 kB
AnonPages:       2431672 kB
Mapped:           654592 kB
Shmem:             16572 kB
KReclaimable:     591676 kB
Slab:             317080 kB
SReclaimable:      90996 kB
SUnreclaim:       226084 kB
KernelStack:       46528 kB
ShadowCallStack:   11664 kB
PageTables:        69936 kB
NFS_Unstable:          0 kB
Bounce:                0 kB
WritebackTmp:          0 kB
CommitLimit:     8677876 kB
Committed_AS:   65178080 kB
VmallocTotal:   263061440 kB
VmallocUsed:      128920 kB
VmallocChunk:          0 kB
Percpu:             2520 kB
CmaTotal:         405504 kB
CmaFree:          264348 kB
MemTotal:        7918588 kB
MemFree:         1451456 kB
MemAvailable:    3024428 kB
Buffers:            4620 kB
Cached:          1396920 kB
SwapCached:         7632 kB
Active:          3235656 kB
Inactive:         648764 kB
Active(anon):    2448228 kB
Inactive(anon):    55856 kB
Active(file):     787428 kB
Inactive(file):   592908 kB
Unevictable:        6348 kB
Mlocked:            5908 kB
SwapTotal:       4718584 kB
SwapFree:        3536120 kB
Dirty:               388 kB
Writeback:             0 kB
AnonPages:       2485164 kB
Mapped:           654928 kB
Shmem:             16572 kB
KReclaimable:     591052 kB
Slab:             317084 kB
SReclaimable:      90996 kB
SUnreclaim:       226088 kB
KernelStack:       46512 kB
ShadowCallStack:   11652 kB
PageTables:        70232 kB
NFS_Unstable:          0 kB
Bounce:                0 kB
WritebackTmp:          0 kB
CommitLimit:     8677876 kB
Committed_AS:   65325492 kB
VmallocTotal:   263061440 kB
VmallocUsed:      128912 kB
VmallocChunk:          0 kB
Percpu:             2520 kB
CmaTotal:         405504 kB
CmaFree:          264348 kB
MemTotal:        7918588 kB
MemFree:         1435820 kB
MemAvailable:    3008552 kB
Buffers:            4628 kB
Cached:          1396912 kB
SwapCached:         7632 kB
Active:          3251876 kB
Inactive:         648764 kB
Active(anon):    2464448 kB
Inactive(anon):    55856 kB
Active(file):     787428 kB
Inactive(file):   592908 kB
Unevictable:        6348 kB
Mlocked:            5908 kB
SwapTotal:       4718584 kB
SwapFree:        3536120 kB
Dirty:               388 kB
Writeback:             0 kB
AnonPages:       2501276 kB
Mapped:           654864 kB
Shmem:             16572 kB
KReclaimable:     590812 kB
Slab:             317124 kB
SReclaimable:      90996 kB
SUnreclaim:       226128 kB
KernelStack:       46496 kB
ShadowCallStack:   11648 kB
PageTables:        70212 kB
NFS_Unstable:          0 kB
Bounce:                0 kB
WritebackTmp:          0 kB
CommitLimit:     8677876 kB
Committed_AS:   65358260 kB
VmallocTotal:   263061440 kB
VmallocUsed:      128912 kB
VmallocChunk:          0 kB
Percpu:             2520 kB
CmaTotal:         405504 kB
CmaFree:          264348 kB
MemTotal:        7918588 kB
MemFree:         1422172 kB
MemAvailable:    2994556 kB
Buffers:            4628 kB
Cached:          1396932 kB
SwapCached:         7632 kB
Active:          3265220 kB
Inactive:         648784 kB
Active(anon):    2477792 kB
Inactive(anon):    55856 kB
Active(file):     787428 kB
Inactive(file):   592928 kB
Unevictable:        6348 kB
Mlocked:            5908 kB
SwapTotal:       4718584 kB
SwapFree:        3536120 kB
Dirty:               412 kB
Writeback:             0 kB
AnonPages:       2514788 kB
Mapped:           655324 kB
Shmem:             16572 kB
KReclaimable:     590444 kB
Slab:             317196 kB
SReclaimable:      90996 kB
SUnreclaim:       226200 kB
KernelStack:       46528 kB
ShadowCallStack:   11656 kB
PageTables:        70428 kB
NFS_Unstable:          0 kB
Bounce:                0 kB
WritebackTmp:          0 kB
CommitLimit:     8677876 kB
Committed_AS:   65391032 kB
VmallocTotal:   263061440 kB
VmallocUsed:      128900 kB
VmallocChunk:          0 kB
Percpu:             2520 kB
CmaTotal:         405504 kB
CmaFree:          264348 kB
MemTotal:        7918588 kB
MemFree:         1363960 kB
MemAvailable:    2935600 kB
Buffers:            4628 kB
Cached:          1396932 kB
SwapCached:         7632 kB
Active:          3322860 kB
Inactive:         648784 kB
Active(anon):    2535432 kB
Inactive(anon):    55856 kB
Active(file):     787428 kB
Inactive(file):   592928 kB
Unevictable:        6348 kB
Mlocked:            5908 kB
SwapTotal:       4718584 kB
SwapFree:        3536120 kB
Dirty:               412 kB
Writeback:             0 kB
AnonPages:       2572380 kB
Mapped:           655580 kB
Shmem:             16572 kB
KReclaimable:     589700 kB
Slab:             317324 kB
SReclaimable:      90996 kB
SUnreclaim:       226328 kB
KernelStack:       46544 kB
ShadowCallStack:   11652 kB
PageTables:        70468 kB
NFS_Unstable:          0 kB
Bounce:                0 kB
WritebackTmp:          0 kB
CommitLimit:     8677876 kB
Committed_AS:   65505716 kB
VmallocTotal:   263061440 kB
VmallocUsed:      128896 kB
VmallocChunk:          0 kB
Percpu:             2520 kB
CmaTotal:         405504 kB
CmaFree:          264348 kB
MemTotal:        7918588 kB
MemFree:         1361944 kB
MemAvailable:    2933584 kB
Buffers:            4628 kB
Cached:          1396932 kB
SwapCached:         7632 kB
Active:          3323084 kB
Inactive:         648784 kB
Active(anon):    2535656 kB
Inactive(anon):    55856 kB
Active(file):     787428 kB
Inactive(file):   592928 kB
Unevictable:        6348 kB
Mlocked:            5908 kB
SwapTotal:       4718584 kB
SwapFree:        3536120 kB
Dirty:               392 kB
Writeback:             0 kB
AnonPages:       2572548 kB
Mapped:           655696 kB
Shmem:             16572 kB
KReclaimable:     589700 kB
Slab:             317236 kB
SReclaimable:      90996 kB
SUnreclaim:       226240 kB
KernelStack:       46512 kB
ShadowCallStack:   11652 kB
PageTables:        70524 kB
NFS_Unstable:          0 kB
Bounce:                0 kB
WritebackTmp:          0 kB
CommitLimit:     8677876 kB
Committed_AS:   65505716 kB
VmallocTotal:   263061440 kB
VmallocUsed:      128900 kB
VmallocChunk:          0 kB
Percpu:             2520 kB
CmaTotal:         405504 kB
CmaFree:          264348 kB
MemTotal:        7918588 kB
MemFree:         1326924 kB
MemAvailable:    2897916 kB
Buffers:            4628 kB
Cached:          1396936 kB
SwapCached:         7632 kB
Active:          3360244 kB
Inactive:         648784 kB
Active(anon):    2572816 kB
Inactive(anon):    55856 kB
Active(file):     787428 kB
Inactive(file):   592928 kB
Unevictable:        6348 kB
Mlocked:            5908 kB
SwapTotal:       4718584 kB
SwapFree:        3536120 kB
Dirty:               392 kB
Writeback:             0 kB
AnonPages:       2609716 kB
Mapped:           656156 kB
Shmem:             16576 kB
KReclaimable:     589052 kB
Slab:             317388 kB
SReclaimable:      90996 kB
SUnreclaim:       226392 kB
KernelStack:       46496 kB
ShadowCallStack:   11652 kB
PageTables:        70904 kB
NFS_Unstable:          0 kB
Bounce:                0 kB
WritebackTmp:          0 kB
CommitLimit:     8677876 kB
Committed_AS:   65604024 kB
VmallocTotal:   263061440 kB
VmallocUsed:      128912 kB
VmallocChunk:          0 kB
Percpu:             2520 kB
CmaTotal:         405504 kB
CmaFree:          264348 kB
MemTotal:        7918588 kB
MemFree:         1291132 kB
MemAvailable:    2861604 kB
Buffers:            4652 kB
Cached:          1396944 kB
SwapCached:         7632 kB
Active:          3394364 kB
Inactive:         648816 kB
Active(anon):    2606936 kB
Inactive(anon):    55856 kB
Active(file):     787428 kB
Inactive(file):   592960 kB
Unevictable:        6348 kB
Mlocked:            5908 kB
SwapTotal:       4718584 kB
SwapFree:        3536120 kB
Dirty:               412 kB
Writeback:             0 kB
AnonPages:       2643856 kB
Mapped:           656428 kB
Shmem:             16576 kB
KReclaimable:     588500 kB
Slab:             317400 kB
SReclaimable:      90996 kB
SUnreclaim:       226404 kB
KernelStack:       46512 kB
ShadowCallStack:   11652 kB
PageTables:        70848 kB
NFS_Unstable:          0 kB
Bounce:                0 kB
WritebackTmp:          0 kB
CommitLimit:     8677876 kB
Committed_AS:   65669560 kB
VmallocTotal:   263061440 kB
VmallocUsed:      128900 kB
VmallocChunk:          0 kB
Percpu:             2520 kB
CmaTotal:         405504 kB
CmaFree:          264348 kB
MemTotal:        7918588 kB
MemFree:         1289104 kB
MemAvailable:    2859508 kB
Buffers:            4652 kB
Cached:          1396956 kB
SwapCached:         7632 kB
Active:          3396172 kB
Inactive:         648828 kB
Active(anon):    2608744 kB
Inactive(anon):    55856 kB
Active(file):     787428 kB
Inactive(file):   592972 kB
Unevictable:        6348 kB
Mlocked:            5908 kB
SwapTotal:       4718584 kB
SwapFree:        3536120 kB
Dirty:               424 kB
Writeback:             0 kB
AnonPages:       2645696 kB
Mapped:           656432 kB
Shmem:             16576 kB
KReclaimable:     588420 kB
Slab:             317332 kB
SReclaimable:      90996 kB
SUnreclaim:       226336 kB
KernelStack:       46528 kB
ShadowCallStack:   11664 kB
PageTables:        70908 kB
NFS_Unstable:          0 kB
Bounce:                0 kB
WritebackTmp:          0 kB
CommitLimit:     8677876 kB
Committed_AS:   65669560 kB
VmallocTotal:   263061440 kB
VmallocUsed:      128916 kB
VmallocChunk:          0 kB
Percpu:             2520 kB
CmaTotal:         405504 kB
CmaFree:          264348 kB
MemTotal:        7918588 kB
MemFree:         1237920 kB
MemAvailable:    2807756 kB
Buffers:            4652 kB
Cached:          1396956 kB
SwapCached:         7632 kB
Active:          3448116 kB
Inactive:         648828 kB
Active(anon):    2660688 kB
Inactive(anon):    55856 kB
Active(file):     787428 kB
Inactive(file):   592972 kB
Unevictable:        6348 kB
Mlocked:            5908 kB
SwapTotal:       4718584 kB
SwapFree:        3536120 kB
Dirty:               424 kB
Writeback:             0 kB
AnonPages:       2697524 kB
Mapped:           656764 kB
Shmem:             16576 kB
KReclaimable:     587852 kB
Slab:             317404 kB
SReclaimable:      90996 kB
SUnreclaim:       226408 kB
KernelStack:       46480 kB
ShadowCallStack:   11644 kB
PageTables:        71076 kB
NFS_Unstable:          0 kB
Bounce:                0 kB
WritebackTmp:          0 kB
CommitLimit:     8677876 kB
Committed_AS:   65833348 kB
VmallocTotal:   263061440 kB
VmallocUsed:      128896 kB
VmallocChunk:          0 kB
Percpu:             2520 kB
CmaTotal:         405504 kB
CmaFree:          264352 kB
MemTotal:        7918588 kB
MemFree:         1219008 kB
MemAvailable:    2788500 kB
Buffers:            4652 kB
Cached:          1396956 kB
SwapCached:         7632 kB
Active:          3465972 kB
Inactive:         648828 kB
Active(anon):    2678544 kB
Inactive(anon):    55856 kB
Active(file):     787428 kB
Inactive(file):   592972 kB
Unevictable:        6348 kB
Mlocked:            5908 kB
SwapTotal:       4718584 kB
SwapFree:        3536120 kB
Dirty:               424 kB
Writeback:             0 kB
AnonPages:       2715576 kB
Mapped:           656976 kB
Shmem:             16576 kB
KReclaimable:     587508 kB
Slab:             317404 kB
SReclaimable:      90996 kB
SUnreclaim:       226408 kB
KernelStack:       46544 kB
ShadowCallStack:   11652 kB
PageTables:        71292 kB
NFS_Unstable:          0 kB
Bounce:                0 kB
WritebackTmp:          0 kB
CommitLimit:     8677876 kB
Committed_AS:   65866116 kB
VmallocTotal:   263061440 kB
VmallocUsed:      128896 kB
VmallocChunk:          0 kB
Percpu:             2520 kB
CmaTotal:         405504 kB
CmaFree:          264348 kB
MemTotal:        7918588 kB
MemFree:         1201368 kB
MemAvailable:    2770588 kB
Buffers:            4652 kB
Cached:          1396956 kB
SwapCached:         7632 kB
Active:          3483308 kB
Inactive:         648828 kB
Active(anon):    2695880 kB
Inactive(anon):    55856 kB
Active(file):     787428 kB
Inactive(file):   592972 kB
Unevictable:        6348 kB
Mlocked:            5908 kB
SwapTotal:       4718584 kB
SwapFree:        3536120 kB
Dirty:               424 kB
Writeback:             0 kB
AnonPages:       2732852 kB
Mapped:           657392 kB
Shmem:             16576 kB
KReclaimable:     587236 kB
Slab:             317416 kB
SReclaimable:      90996 kB
SUnreclaim:       226420 kB
KernelStack:       46496 kB
ShadowCallStack:   11656 kB
PageTables:        71316 kB
NFS_Unstable:          0 kB
Bounce:                0 kB
WritebackTmp:          0 kB
CommitLimit:     8677876 kB
Committed_AS:   65915268 kB
VmallocTotal:   263061440 kB
VmallocUsed:      128896 kB
VmallocChunk:          0 kB
Percpu:             2520 kB
CmaTotal:         405504 kB
CmaFree:          264348 kB
MemTotal:        7918588 kB
MemFree:         1149416 kB
MemAvailable:    2717716 kB
Buffers:            4652 kB
Cached:          1396960 kB
SwapCached:         7632 kB
Active:          3536168 kB
Inactive:         648828 kB
Active(anon):    2748740 kB
Inactive(anon):    55856 kB
Active(file):     787428 kB
Inactive(file):   592972 kB
Unevictable:        6348 kB
Mlocked:            5908 kB
SwapTotal:       4718584 kB
SwapFree:        3536120 kB
Dirty:               424 kB
Writeback:             0 kB
AnonPages:       2785788 kB
Mapped:           657704 kB
Shmem:             16580 kB
KReclaimable:     586316 kB
Slab:             317560 kB
SReclaimable:      90996 kB
SUnreclaim:       226564 kB
KernelStack:       46496 kB
ShadowCallStack:   11648 kB
PageTables:        71328 kB
NFS_Unstable:          0 kB
Bounce:                0 kB
WritebackTmp:          0 kB
CommitLimit:     8677876 kB
Committed_AS:   66013580 kB
VmallocTotal:   263061440 kB
VmallocUsed:      128896 kB
VmallocChunk:          0 kB
Percpu:             2520 kB
CmaTotal:         405504 kB
CmaFree:          264348 kB
MemTotal:        7918588 kB
MemFree:         1148156 kB
MemAvailable:    2716464 kB
Buffers:            4668 kB
Cached:          1396952 kB
SwapCached:         7632 kB
Active:          3536276 kB
Inactive:         648836 kB
Active(anon):    2748848 kB
Inactive(anon):    55856 kB
Active(file):     787428 kB
Inactive(file):   592980 kB
Unevictable:        6348 kB
Mlocked:            5908 kB
SwapTotal:       4718584 kB
SwapFree:        3536120 kB
Dirty:               436 kB
Writeback:             0 kB
AnonPages:       2785620 kB
Mapped:           657792 kB
Shmem:             16580 kB
KReclaimable:     586316 kB
Slab:             317456 kB
SReclaimable:      90996 kB
SUnreclaim:       226460 kB
KernelStack:       46480 kB
ShadowCallStack:   11652 kB
PageTables:        71428 kB
NFS_Unstable:          0 kB
Bounce:                0 kB
WritebackTmp:          0 kB
CommitLimit:     8677876 kB
Committed_AS:   66013576 kB
VmallocTotal:   263061440 kB
VmallocUsed:      128900 kB
VmallocChunk:          0 kB
Percpu:             2520 kB
CmaTotal:         405504 kB
CmaFree:          264348 kB
MemTotal:        7918588 kB
MemFree:         1113364 kB
MemAvailable:    2681148 kB
Buffers:            4668 kB
Cached:          1396964 kB
SwapCached:         7632 kB
Active:          3571332 kB
Inactive:         648848 kB
Active(anon):    2783904 kB
Inactive(anon):    55856 kB
Active(file):     787428 kB
Inactive(file):   592992 kB
Unevictable:        6348 kB
Mlocked:            5908 kB
SwapTotal:       4718584 kB
SwapFree:        3536120 kB
Dirty:               456 kB
Writeback:             0 kB
AnonPages:       2820852 kB
Mapped:           658008 kB
Shmem:             16580 kB
KReclaimable:     585780 kB
Slab:             317428 kB
SReclaimable:      90996 kB
SUnreclaim:       226432 kB
KernelStack:       46480 kB
ShadowCallStack:   11652 kB
PageTables:        71744 kB
NFS_Unstable:          0 kB
Bounce:                0 kB
WritebackTmp:          0 kB
CommitLimit:     8677876 kB
Committed_AS:   66095392 kB
VmallocTotal:   263061440 kB
VmallocUsed:      128840 kB
VmallocChunk:          0 kB
Percpu:             2520 kB
CmaTotal:         405504 kB
CmaFree:          262724 kB
MemTotal:        7918588 kB
MemFree:         1041776 kB
MemAvailable:    2487816 kB
Buffers:            4668 kB
Cached:          1396976 kB
SwapCached:         7632 kB
Active:          3644272 kB
Inactive:         648848 kB
Active(anon):    2856844 kB
Inactive(anon):    55856 kB
Active(file):     787428 kB
Inactive(file):   592992 kB
Unevictable:        6348 kB
Mlocked:            5908 kB
SwapTotal:       4718584 kB
SwapFree:        3536120 kB
Dirty:               112 kB
Writeback:             0 kB
AnonPages:       2893616 kB
Mapped:           658916 kB
Shmem:             16592 kB
KReclaimable:     464036 kB
Slab:             317436 kB
SReclaimable:      90996 kB
SUnreclaim:       226440 kB
KernelStack:       46592 kB
ShadowCallStack:   11644 kB
PageTables:        72024 kB
NFS_Unstable:          0 kB
Bounce:                0 kB
WritebackTmp:          0 kB
CommitLimit:     8677876 kB
Committed_AS:   66177656 kB
VmallocTotal:   263061440 kB
VmallocUsed:      128988 kB
VmallocChunk:          0 kB
Percpu:             2520 kB
CmaTotal:         405504 kB
CmaFree:          189840 kB
MemTotal:        7918588 kB
MemFree:         1039828 kB
MemAvailable:    2476764 kB
Buffers:            4668 kB
Cached:          1397104 kB
SwapCached:         7632 kB
Active:          3645928 kB
Inactive:         648848 kB
Active(anon):    2858500 kB
Inactive(anon):    55856 kB
Active(file):     787428 kB
Inactive(file):   592992 kB
Unevictable:        6348 kB
Mlocked:            5908 kB
SwapTotal:       4718584 kB
SwapFree:        3536120 kB
Dirty:                64 kB
Writeback:             0 kB
AnonPages:       2895264 kB
Mapped:           659180 kB
Shmem:             16720 kB
KReclaimable:     454932 kB
Slab:             317512 kB
SReclaimable:      90996 kB
SUnreclaim:       226516 kB
KernelStack:       46448 kB
ShadowCallStack:   11648 kB
PageTables:        71996 kB
NFS_Unstable:          0 kB
Bounce:                0 kB
WritebackTmp:          0 kB
CommitLimit:     8677876 kB
Committed_AS:   66177448 kB
VmallocTotal:   263061440 kB
VmallocUsed:      128904 kB
VmallocChunk:          0 kB
Percpu:             2520 kB
CmaTotal:         405504 kB
CmaFree:          188588 kB
MemTotal:        7918588 kB
MemFree:         1028488 kB
MemAvailable:    2595112 kB
Buffers:            4692 kB
Cached:          1396968 kB
SwapCached:         7632 kB
Active:          3657652 kB
Inactive:         648872 kB
Active(anon):    2870224 kB
Inactive(anon):    55856 kB
Active(file):     787428 kB
Inactive(file):   593016 kB
Unevictable:        6348 kB
Mlocked:            5908 kB
SwapTotal:       4718584 kB
SwapFree:        3536120 kB
Dirty:               136 kB
Writeback:             0 kB
AnonPages:       2907144 kB
Mapped:           658828 kB
Shmem:             16584 kB
KReclaimable:     584596 kB
Slab:             317456 kB
SReclaimable:      90996 kB
SUnreclaim:       226460 kB
KernelStack:       46352 kB
ShadowCallStack:   11612 kB
PageTables:        72144 kB
NFS_Unstable:          0 kB
Bounce:                0 kB
WritebackTmp:          0 kB
CommitLimit:     8677876 kB
Committed_AS:   66324408 kB
VmallocTotal:   263061440 kB
VmallocUsed:      128696 kB
VmallocChunk:          0 kB
Percpu:             2520 kB
CmaTotal:         405504 kB
CmaFree:          176212 kB
MemTotal:        7918588 kB
MemFree:         1007340 kB
MemAvailable:    2573720 kB
Buffers:            4692 kB
Cached:          1396980 kB
SwapCached:         7632 kB
Active:          3677608 kB
Inactive:         648884 kB
Active(anon):    2890180 kB
Inactive(anon):    55856 kB
Active(file):     787428 kB
Inactive(file):   593028 kB
Unevictable:        6348 kB
Mlocked:            5908 kB
SwapTotal:       4718584 kB
SwapFree:        3536120 kB
Dirty:               180 kB
Writeback:             0 kB
AnonPages:       2927104 kB
Mapped:           658896 kB
Shmem:             16584 kB
KReclaimable:     584340 kB
Slab:             317512 kB
SReclaimable:      90996 kB
SUnreclaim:       226516 kB
KernelStack:       46304 kB
ShadowCallStack:   11600 kB
PageTables:        72040 kB
NFS_Unstable:          0 kB
Bounce:                0 kB
WritebackTmp:          0 kB
CommitLimit:     8677876 kB
Committed_AS:   66340740 kB
VmallocTotal:   263061440 kB
VmallocUsed:      128656 kB
VmallocChunk:          0 kB
Percpu:             2520 kB
CmaTotal:         405504 kB
CmaFree:          155756 kB
MemTotal:        7918588 kB
MemFree:          990684 kB
MemAvailable:    2556688 kB
Buffers:            4692 kB
Cached:          1396980 kB
SwapCached:         7632 kB
Active:          3694664 kB
Inactive:         648884 kB
Active(anon):    2907236 kB
Inactive(anon):    55856 kB
Active(file):     787428 kB
Inactive(file):   593028 kB
Unevictable:        6348 kB
Mlocked:            5908 kB
SwapTotal:       4718584 kB
SwapFree:        3536120 kB
Dirty:               180 kB
Writeback:             0 kB
AnonPages:       2944328 kB
Mapped:           659216 kB
Shmem:             16584 kB
KReclaimable:     583964 kB
Slab:             317520 kB
SReclaimable:      90996 kB
SUnreclaim:       226524 kB
KernelStack:       46256 kB
ShadowCallStack:   11580 kB
PageTables:        72264 kB
NFS_Unstable:          0 kB
Bounce:                0 kB
WritebackTmp:          0 kB
CommitLimit:     8677876 kB
Committed_AS:   66389740 kB
VmallocTotal:   263061440 kB
VmallocUsed:      128616 kB
VmallocChunk:          0 kB
Percpu:             2520 kB
CmaTotal:         405504 kB
CmaFree:          139636 kB
MemTotal:        7918588 kB
MemFree:          936976 kB
MemAvailable:    2502044 kB
Buffers:            4692 kB
Cached:          1396980 kB
SwapCached:         7632 kB
Active:          3747516 kB
Inactive:         648884 kB
Active(anon):    2960088 kB
Inactive(anon):    55856 kB
Active(file):     787428 kB
Inactive(file):   593028 kB
Unevictable:        6348 kB
Mlocked:            5908 kB
SwapTotal:       4718584 kB
SwapFree:        3536120 kB
Dirty:               180 kB
Writeback:             0 kB
AnonPages:       2996816 kB
Mapped:           659852 kB
Shmem:             16584 kB
KReclaimable:     583028 kB
Slab:             317620 kB
SReclaimable:      90996 kB
SUnreclaim:       226624 kB
KernelStack:       46192 kB
ShadowCallStack:   11572 kB
PageTables:        72372 kB
NFS_Unstable:          0 kB
Bounce:                0 kB
WritebackTmp:          0 kB
CommitLimit:     8677876 kB
Committed_AS:   66487784 kB
VmallocTotal:   263061440 kB
VmallocUsed:      128516 kB
VmallocChunk:          0 kB
Percpu:             2520 kB
CmaTotal:         405504 kB
CmaFree:           86280 kB
MemTotal:        7918588 kB
MemFree:          937040 kB
MemAvailable:    2502108 kB
Buffers:            4692 kB
Cached:          1396980 kB
SwapCached:         7632 kB
Active:          3747540 kB
Inactive:         648884 kB
Active(anon):    2960112 kB
Inactive(anon):    55856 kB
Active(file):     787428 kB
Inactive(file):   593028 kB
Unevictable:        6348 kB
Mlocked:            5908 kB
SwapTotal:       4718584 kB
SwapFree:        3536120 kB
Dirty:               180 kB
Writeback:             0 kB
AnonPages:       2997216 kB
Mapped:           659724 kB
Shmem:             16584 kB
KReclaimable:     583028 kB
Slab:             317564 kB
SReclaimable:      90996 kB
SUnreclaim:       226568 kB
KernelStack:       46192 kB
ShadowCallStack:   11580 kB
PageTables:        72452 kB
NFS_Unstable:          0 kB
Bounce:                0 kB
WritebackTmp:          0 kB
CommitLimit:     8677876 kB
Committed_AS:   66487780 kB
VmallocTotal:   263061440 kB
VmallocUsed:      128516 kB
VmallocChunk:          0 kB
Percpu:             2520 kB
CmaTotal:         405504 kB
CmaFree:           86372 kB
MemTotal:        7918588 kB
MemFree:          897956 kB
MemAvailable:    2462520 kB
Buffers:            4692 kB
Cached:          1396980 kB
SwapCached:         7632 kB
Active:          3786692 kB
Inactive:         648884 kB
Active(anon):    2999264 kB
Inactive(anon):    55856 kB
Active(file):     787428 kB
Inactive(file):   593028 kB
Unevictable:        6348 kB
Mlocked:            5908 kB
SwapTotal:       4718584 kB
SwapFree:        3536120 kB
Dirty:               180 kB
Writeback:             0 kB
AnonPages:       3036216 kB
Mapped:           660052 kB
Shmem:             16584 kB
KReclaimable:     582524 kB
Slab:             317584 kB
SReclaimable:      90996 kB
SUnreclaim:       226588 kB
KernelStack:       46192 kB
ShadowCallStack:   11568 kB
PageTables:        72520 kB
NFS_Unstable:          0 kB
Bounce:                0 kB
WritebackTmp:          0 kB
CommitLimit:     8677876 kB
Committed_AS:   66569700 kB
VmallocTotal:   263061440 kB
VmallocUsed:      128496 kB
VmallocChunk:          0 kB
Percpu:             2520 kB
CmaTotal:         405504 kB
CmaFree:           47484 kB
MemTotal:        7918588 kB
MemFree:          865720 kB
MemAvailable:    2429812 kB
Buffers:            4700 kB
Cached:          1396980 kB
SwapCached:         7632 kB
Active:          3818200 kB
Inactive:         648892 kB
Active(anon):    3030772 kB
Inactive(anon):    55856 kB
Active(file):     787428 kB
Inactive(file):   593036 kB
Unevictable:        6348 kB
Mlocked:            5908 kB
SwapTotal:       4718584 kB
SwapFree:        3536120 kB
Dirty:               196 kB
Writeback:             0 kB
AnonPages:       3067688 kB
Mapped:           660256 kB
Shmem:             16584 kB
KReclaimable:     582044 kB
Slab:             317664 kB
SReclaimable:      90996 kB
SUnreclaim:       226668 kB
KernelStack:       46208 kB
ShadowCallStack:   11584 kB
PageTables:        72776 kB
NFS_Unstable:          0 kB
Bounce:                0 kB
WritebackTmp:          0 kB
CommitLimit:     8677876 kB
Committed_AS:   66635236 kB
VmallocTotal:   263061440 kB
VmallocUsed:      128516 kB
VmallocChunk:          0 kB
Percpu:             2520 kB
CmaTotal:         405504 kB
CmaFree:           15588 kB
MemTotal:        7918588 kB
MemFree:          863924 kB
MemAvailable:    2427856 kB
Buffers:            4700 kB
Cached:          1396980 kB
SwapCached:         7632 kB
Active:          3819916 kB
Inactive:         648892 kB
Active(anon):    3032488 kB
Inactive(anon):    55856 kB
Active(file):     787428 kB
Inactive(file):   593036 kB
Unevictable:        6348 kB
Mlocked:            5908 kB
SwapTotal:       4718584 kB
SwapFree:        3536120 kB
Dirty:               196 kB
Writeback:             0 kB
AnonPages:       3069368 kB
Mapped:           660456 kB
Shmem:             16584 kB
KReclaimable:     581884 kB
Slab:             317604 kB
SReclaimable:      90996 kB
SUnreclaim:       226608 kB
KernelStack:       46192 kB
ShadowCallStack:   11568 kB
PageTables:        72760 kB
NFS_Unstable:          0 kB
Bounce:                0 kB
WritebackTmp:          0 kB
CommitLimit:     8677876 kB
Committed_AS:   66635236 kB
VmallocTotal:   263061440 kB
VmallocUsed:      128496 kB
VmallocChunk:          0 kB
Percpu:             2520 kB
CmaTotal:         405504 kB
CmaFree:           13656 kB
MemTotal:        7918588 kB
MemFree:          811964 kB
MemAvailable:    2375224 kB
Buffers:            4700 kB
Cached:          1396984 kB
SwapCached:         7632 kB
Active:          3873184 kB
Inactive:         648892 kB
Active(anon):    3085756 kB
Inactive(anon):    55856 kB
Active(file):     787428 kB
Inactive(file):   593036 kB
Unevictable:        6348 kB
Mlocked:            5908 kB
SwapTotal:       4718584 kB
SwapFree:        3536120 kB
Dirty:               196 kB
Writeback:             0 kB
AnonPages:       3122696 kB
Mapped:           660924 kB
Shmem:             16588 kB
KReclaimable:     581212 kB
Slab:             317684 kB
SReclaimable:      90996 kB
SUnreclaim:       226688 kB
KernelStack:       46176 kB
ShadowCallStack:   11568 kB
PageTables:        73048 kB
NFS_Unstable:          0 kB
Bounce:                0 kB
WritebackTmp:          0 kB
CommitLimit:     8677876 kB
Committed_AS:   66766208 kB
VmallocTotal:   263061440 kB
VmallocUsed:      128460 kB
VmallocChunk:          0 kB
Percpu:             2520 kB
CmaTotal:         405504 kB
CmaFree:               0 kB
MemTotal:        7918588 kB
MemFree:          796780 kB
MemAvailable:    2359760 kB
Buffers:            4700 kB
Cached:          1396984 kB
SwapCached:         7632 kB
Active:          3888868 kB
Inactive:         648892 kB
Active(anon):    3101440 kB
Inactive(anon):    55856 kB
Active(file):     787428 kB
Inactive(file):   593036 kB
Unevictable:        6348 kB
Mlocked:            5908 kB
SwapTotal:       4718584 kB
SwapFree:        3536120 kB
Dirty:                28 kB
Writeback:             0 kB
AnonPages:       3138752 kB
Mapped:           661124 kB
Shmem:             16588 kB
KReclaimable:     580932 kB
Slab:             317656 kB
SReclaimable:      90996 kB
SUnreclaim:       226660 kB
KernelStack:       46176 kB
ShadowCallStack:   11552 kB
PageTables:        73116 kB
NFS_Unstable:          0 kB
Bounce:                0 kB
WritebackTmp:          0 kB
CommitLimit:     8677876 kB
Committed_AS:   66782592 kB
VmallocTotal:   263061440 kB
VmallocUsed:      128444 kB
VmallocChunk:          0 kB
Percpu:             2520 kB
CmaTotal:         405504 kB
CmaFree:               0 kB
MemTotal:        7918588 kB
MemFree:          781508 kB
MemAvailable:    2344224 kB
Buffers:            4724 kB
Cached:          1396988 kB
SwapCached:         7632 kB
Active:          3903900 kB
Inactive:         648916 kB
Active(anon):    3116472 kB
Inactive(anon):    55856 kB
Active(file):     787428 kB
Inactive(file):   593060 kB
Unevictable:        6348 kB
Mlocked:            5908 kB
SwapTotal:       4718584 kB
SwapFree:        3536120 kB
Dirty:                76 kB
Writeback:             0 kB
AnonPages:       3153456 kB
Mapped:           661196 kB
Shmem:             16592 kB
KReclaimable:     580644 kB
Slab:             317756 kB
SReclaimable:      90996 kB
SUnreclaim:       226760 kB
KernelStack:       46160 kB
ShadowCallStack:   11564 kB
PageTables:        73256 kB
NFS_Unstable:          0 kB
Bounce:                0 kB
WritebackTmp:          0 kB
CommitLimit:     8677876 kB
Committed_AS:   66831752 kB
VmallocTotal:   263061440 kB
VmallocUsed:      128440 kB
VmallocChunk:          0 kB
Percpu:             2520 kB
CmaTotal:         405504 kB
CmaFree:               0 kB
MemTotal:        7918588 kB
MemFree:          725264 kB
MemAvailable:    2287252 kB
Buffers:            4732 kB
Cached:          1397004 kB
SwapCached:         7632 kB
Active:          3959464 kB
Inactive:         648924 kB
Active(anon):    3172036 kB
Inactive(anon):    55856 kB
Active(file):     787428 kB
Inactive(file):   593068 kB
Unevictable:        6348 kB
Mlocked:            5908 kB
SwapTotal:       4718584 kB
SwapFree:        3536120 kB
Dirty:               172 kB
Writeback:             0 kB
AnonPages:       3208824 kB
Mapped:           661592 kB
Shmem:             16608 kB
KReclaimable:     579908 kB
Slab:             317820 kB
SReclaimable:      90996 kB
SUnreclaim:       226824 kB
KernelStack:       46176 kB
ShadowCallStack:   11564 kB
PageTables:        73488 kB
NFS_Unstable:          0 kB
Bounce:                0 kB
WritebackTmp:          0 kB
CommitLimit:     8677876 kB
Committed_AS:   66946452 kB
VmallocTotal:   263061440 kB
VmallocUsed:      128428 kB
VmallocChunk:          0 kB
Percpu:             2520 kB
CmaTotal:         405504 kB
CmaFree:               4 kB
MemTotal:        7918588 kB
MemFree:          724748 kB
MemAvailable:    2287268 kB
Buffers:            4732 kB
Cached:          1397544 kB
SwapCached:         7632 kB
Active:          3960036 kB
Inactive:         648932 kB
Active(anon):    3172076 kB
Inactive(anon):    55856 kB
Active(file):     787960 kB
Inactive(file):   593076 kB
Unevictable:        6348 kB
Mlocked:            5908 kB
SwapTotal:       4718584 kB
SwapFree:        3536120 kB
Dirty:               200 kB
Writeback:             0 kB
AnonPages:       3209064 kB
Mapped:           661784 kB
Shmem:             16608 kB
KReclaimable:     579900 kB
Slab:             317840 kB
SReclaimable:      90996 kB
SUnreclaim:       226844 kB
KernelStack:       46192 kB
ShadowCallStack:   11564 kB
PageTables:        73444 kB
NFS_Unstable:          0 kB
Bounce:                0 kB
WritebackTmp:          0 kB
CommitLimit:     8677876 kB
Committed_AS:   66946452 kB
VmallocTotal:   263061440 kB
VmallocUsed:      128444 kB
VmallocChunk:          0 kB
Percpu:             2520 kB
CmaTotal:         405504 kB
CmaFree:               0 kB
MemTotal:        7918588 kB
MemFree:          686060 kB
MemAvailable:    2247964 kB
Buffers:            4732 kB
Cached:          1397544 kB
SwapCached:         7632 kB
Active:          3999496 kB
Inactive:         648932 kB
Active(anon):    3211536 kB
Inactive(anon):    55856 kB
Active(file):     787960 kB
Inactive(file):   593076 kB
Unevictable:        6348 kB
Mlocked:            5908 kB
SwapTotal:       4718584 kB
SwapFree:        3536120 kB
Dirty:               200 kB
Writeback:             0 kB
AnonPages:       3248348 kB
Mapped:           662132 kB
Shmem:             16608 kB
KReclaimable:     579284 kB
Slab:             317904 kB
SReclaimable:      90996 kB
SUnreclaim:       226908 kB
KernelStack:       46192 kB
ShadowCallStack:   11576 kB
PageTables:        73592 kB
NFS_Unstable:          0 kB
Bounce:                0 kB
WritebackTmp:          0 kB
CommitLimit:     8677876 kB
Committed_AS:   67044756 kB
VmallocTotal:   263061440 kB
VmallocUsed:      128444 kB
VmallocChunk:          0 kB
Percpu:             2520 kB
CmaTotal:         405504 kB
CmaFree:               0 kB
MemTotal:        7918588 kB
MemFree:          654556 kB
MemAvailable:    2215892 kB
Buffers:            4732 kB
Cached:          1397544 kB
SwapCached:         7632 kB
Active:          4030500 kB
Inactive:         648932 kB
Active(anon):    3242540 kB
Inactive(anon):    55856 kB
Active(file):     787960 kB
Inactive(file):   593076 kB
Unevictable:        6348 kB
Mlocked:            5908 kB
SwapTotal:       4718584 kB
SwapFree:        3536120 kB
Dirty:               244 kB
Writeback:             0 kB
AnonPages:       3279436 kB
Mapped:           662376 kB
Shmem:             16608 kB
KReclaimable:     578716 kB
Slab:             317892 kB
SReclaimable:      90996 kB
SUnreclaim:       226896 kB
KernelStack:       46160 kB
ShadowCallStack:   11556 kB
PageTables:        73792 kB
NFS_Unstable:          0 kB
Bounce:                0 kB
WritebackTmp:          0 kB
CommitLimit:     8677876 kB
Committed_AS:   67110296 kB
VmallocTotal:   263061440 kB
VmallocUsed:      128472 kB
VmallocChunk:          0 kB
Percpu:             2520 kB
CmaTotal:         405504 kB
CmaFree:               0 kB
MemTotal:        7918588 kB
MemFree:          650776 kB
MemAvailable:    2212048 kB
Buffers:            4732 kB
Cached:          1397544 kB
SwapCached:         7632 kB
Active:          4033316 kB
Inactive:         648932 kB
Active(anon):    3245356 kB
Inactive(anon):    55856 kB
Active(file):     787960 kB
Inactive(file):   593076 kB
Unevictable:        6348 kB
Mlocked:            5908 kB
SwapTotal:       4718584 kB
SwapFree:        3536120 kB
Dirty:                 0 kB
Writeback:             0 kB
AnonPages:       3282416 kB
Mapped:           662552 kB
Shmem:             16608 kB
KReclaimable:     578652 kB
Slab:             318024 kB
SReclaimable:      90996 kB
SUnreclaim:       227028 kB
KernelStack:       46160 kB
ShadowCallStack:   11572 kB
PageTables:        73752 kB
NFS_Unstable:          0 kB
Bounce:                0 kB
WritebackTmp:          0 kB
CommitLimit:     8677876 kB
Committed_AS:   67110292 kB
VmallocTotal:   263061440 kB
VmallocUsed:      128472 kB
VmallocChunk:          0 kB
Percpu:             2520 kB
CmaTotal:         405504 kB
CmaFree:               0 kB
MemTotal:        7918588 kB
MemFree:          596264 kB
MemAvailable:    2156776 kB
Buffers:            4740 kB
Cached:          1397536 kB
SwapCached:         7632 kB
Active:          4088172 kB
Inactive:         648932 kB
Active(anon):    3300212 kB
Inactive(anon):    55856 kB
Active(file):     787960 kB
Inactive(file):   593076 kB
Unevictable:        6348 kB
Mlocked:            5908 kB
SwapTotal:       4718584 kB
SwapFree:        3536120 kB
Dirty:                 0 kB
Writeback:             0 kB
AnonPages:       3337208 kB
Mapped:           662864 kB
Shmem:             16608 kB
KReclaimable:     577892 kB
Slab:             318060 kB
SReclaimable:      90996 kB
SUnreclaim:       227064 kB
KernelStack:       46128 kB
ShadowCallStack:   11572 kB
PageTables:        73952 kB
NFS_Unstable:          0 kB
Bounce:                0 kB
WritebackTmp:          0 kB
CommitLimit:     8677876 kB
Committed_AS:   67257748 kB
VmallocTotal:   263061440 kB
VmallocUsed:      128444 kB
VmallocChunk:          0 kB
Percpu:             2520 kB
CmaTotal:         405504 kB
CmaFree:               0 kB
MemTotal:        7918588 kB
MemFree:          580124 kB
MemAvailable:    2140412 kB
Buffers:            4740 kB
Cached:          1397544 kB
SwapCached:         7632 kB
Active:          4104224 kB
Inactive:         648940 kB
Active(anon):    3316264 kB
Inactive(anon):    55856 kB
Active(file):     787960 kB
Inactive(file):   593084 kB
Unevictable:        6348 kB
Mlocked:            5908 kB
SwapTotal:       4718584 kB
SwapFree:        3536120 kB
Dirty:               108 kB
Writeback:             0 kB
AnonPages:       3353480 kB
Mapped:           663080 kB
Shmem:             16608 kB
KReclaimable:     577660 kB
Slab:             317964 kB
SReclaimable:      90996 kB
SUnreclaim:       226968 kB
KernelStack:       46176 kB
ShadowCallStack:   11552 kB
PageTables:        74024 kB
NFS_Unstable:          0 kB
Bounce:                0 kB
WritebackTmp:          0 kB
CommitLimit:     8677876 kB
Committed_AS:   67257696 kB
VmallocTotal:   263061440 kB
VmallocUsed:      128460 kB
VmallocChunk:          0 kB
Percpu:             2520 kB
CmaTotal:         405504 kB
CmaFree:               0 kB
MemTotal:        7918588 kB
MemFree:          562256 kB
MemAvailable:    2122024 kB
Buffers:            4740 kB
Cached:          1397544 kB
SwapCached:         7632 kB
Active:          4122268 kB
Inactive:         648940 kB
Active(anon):    3334308 kB
Inactive(anon):    55856 kB
Active(file):     787960 kB
Inactive(file):   593084 kB
Unevictable:        6348 kB
Mlocked:            5908 kB
SwapTotal:       4718584 kB
SwapFree:        3536120 kB
Dirty:               108 kB
Writeback:             0 kB
AnonPages:       3371228 kB
Mapped:           663440 kB
Shmem:             16608 kB
KReclaimable:     577140 kB
Slab:             318040 kB
SReclaimable:      90996 kB
SUnreclaim:       227044 kB
KernelStack:       46144 kB
ShadowCallStack:   11564 kB
PageTables:        74064 kB
NFS_Unstable:          0 kB
Bounce:                0 kB
WritebackTmp:          0 kB
CommitLimit:     8677876 kB
Committed_AS:   67306852 kB
VmallocTotal:   263061440 kB
VmallocUsed:      128432 kB
VmallocChunk:          0 kB
Percpu:             2520 kB
CmaTotal:         405504 kB
CmaFree:               0 kB
MemTotal:        7918588 kB
MemFree:          481048 kB
MemAvailable:    1920320 kB
Buffers:            4740 kB
Cached:          1397548 kB
SwapCached:         7632 kB
Active:          4203372 kB
Inactive:         648940 kB
Active(anon):    3415412 kB
Inactive(anon):    55856 kB
Active(file):     787960 kB
Inactive(file):   593084 kB
Unevictable:        6348 kB
Mlocked:            5908 kB
SwapTotal:       4718584 kB
SwapFree:        3536120 kB
Dirty:               108 kB
Writeback:             0 kB
AnonPages:       3452344 kB
Mapped:           664200 kB
Shmem:             16612 kB
KReclaimable:     456644 kB
Slab:             317896 kB
SReclaimable:      90996 kB
SUnreclaim:       226900 kB
KernelStack:       46208 kB
ShadowCallStack:   11564 kB
PageTables:        74344 kB
NFS_Unstable:          0 kB
Bounce:                0 kB
WritebackTmp:          0 kB
CommitLimit:     8677876 kB
Committed_AS:   67421932 kB
VmallocTotal:   263061440 kB
VmallocUsed:      128556 kB
VmallocChunk:          0 kB
Percpu:             2520 kB
CmaTotal:         405504 kB
CmaFree:               0 kB
MemTotal:        7918588 kB
MemFree:          469800 kB
MemAvailable:    1898696 kB
Buffers:            4748 kB
Cached:          1397676 kB
SwapCached:         7632 kB
Active:          4213392 kB
Inactive:         648948 kB
Active(anon):    3425432 kB
Inactive(anon):    55856 kB
Active(file):     787960 kB
Inactive(file):   593092 kB
Unevictable:        6348 kB
Mlocked:            5908 kB
SwapTotal:       4718584 kB
SwapFree:        3536120 kB
Dirty:               236 kB
Writeback:             0 kB
AnonPages:       3462260 kB
Mapped:           664356 kB
Shmem:             16740 kB
KReclaimable:     446260 kB
Slab:             318100 kB
SReclaimable:      90996 kB
SUnreclaim:       227104 kB
KernelStack:       46240 kB
ShadowCallStack:   11588 kB
PageTables:        74412 kB
NFS_Unstable:          0 kB
Bounce:                0 kB
WritebackTmp:          0 kB
CommitLimit:     8677876 kB
Committed_AS:   67421856 kB
VmallocTotal:   263061440 kB
VmallocUsed:      128576 kB
VmallocChunk:          0 kB
Percpu:             2520 kB
CmaTotal:         405504 kB
CmaFree:               0 kB
MemTotal:        7918588 kB
MemFree:          467676 kB
MemAvailable:    2026148 kB
Buffers:            4772 kB
Cached:          1397548 kB
SwapCached:         7632 kB
Active:          4215476 kB
Inactive:         648972 kB
Active(anon):    3427516 kB
Inactive(anon):    55856 kB
Active(file):     787960 kB
Inactive(file):   593116 kB
Unevictable:        6348 kB
Mlocked:            5908 kB
SwapTotal:       4718584 kB
SwapFree:        3536120 kB
Dirty:                96 kB
Writeback:             0 kB
AnonPages:       3464388 kB
Mapped:           664196 kB
Shmem:             16612 kB
KReclaimable:     575812 kB
Slab:             317972 kB
SReclaimable:      90996 kB
SUnreclaim:       226976 kB
KernelStack:       46096 kB
ShadowCallStack:   11548 kB
PageTables:        74416 kB
NFS_Unstable:          0 kB
Bounce:                0 kB
WritebackTmp:          0 kB
CommitLimit:     8677876 kB
Committed_AS:   67519740 kB
VmallocTotal:   263061440 kB
VmallocUsed:      128432 kB
VmallocChunk:          0 kB
Percpu:             2520 kB
CmaTotal:         405504 kB
CmaFree:               0 kB
MemTotal:        7918588 kB
MemFree:          439392 kB
MemAvailable:    1997408 kB
Buffers:            4772 kB
Cached:          1397548 kB
SwapCached:         7632 kB
Active:          4245892 kB
Inactive:         648776 kB
Active(anon):    3457932 kB
Inactive(anon):    55660 kB
Active(file):     787960 kB
Inactive(file):   593116 kB
Unevictable:        6348 kB
Mlocked:            5908 kB
SwapTotal:       4718584 kB
SwapFree:        3536632 kB
Dirty:               124 kB
Writeback:             0 kB
AnonPages:       3494620 kB
Mapped:           664436 kB
Shmem:             16612 kB
KReclaimable:     575356 kB
Slab:             318112 kB
SReclaimable:      90996 kB
SUnreclaim:       227116 kB
KernelStack:       46128 kB
ShadowCallStack:   11556 kB
PageTables:        74728 kB
NFS_Unstable:          0 kB
Bounce:                0 kB
WritebackTmp:          0 kB
CommitLimit:     8677876 kB
Committed_AS:   67585276 kB
VmallocTotal:   263061440 kB
VmallocUsed:      128408 kB
VmallocChunk:          0 kB
Percpu:             2520 kB
CmaTotal:         405504 kB
CmaFree:              12 kB
MemTotal:        7918588 kB
MemFree:          434740 kB
MemAvailable:    1992596 kB
Buffers:            4772 kB
Cached:          1397548 kB
SwapCached:         7632 kB
Active:          4247616 kB
Inactive:         648776 kB
Active(anon):    3459656 kB
Inactive(anon):    55660 kB
Active(file):     787960 kB
Inactive(file):   593116 kB
Unevictable:        6348 kB
Mlocked:            5908 kB
SwapTotal:       4718584 kB
SwapFree:        3536632 kB
Dirty:               124 kB
Writeback:             0 kB
AnonPages:       3496500 kB
Mapped:           664556 kB
Shmem:             16612 kB
KReclaimable:     575196 kB
Slab:             318052 kB
SReclaimable:      90996 kB
SUnreclaim:       227056 kB
KernelStack:       46080 kB
ShadowCallStack:   11548 kB
PageTables:        74564 kB
NFS_Unstable:          0 kB
Bounce:                0 kB
WritebackTmp:          0 kB
CommitLimit:     8677876 kB
Committed_AS:   67585280 kB
VmallocTotal:   263061440 kB
VmallocUsed:      128404 kB
VmallocChunk:          0 kB
Percpu:             2520 kB
CmaTotal:         405504 kB
CmaFree:               4 kB
MemTotal:        7918588 kB
MemFree:          383904 kB
MemAvailable:    1941164 kB
Buffers:            4772 kB
Cached:          1397556 kB
SwapCached:         7632 kB
Active:          4299104 kB
Inactive:         648780 kB
Active(anon):    3511144 kB
Inactive(anon):    55660 kB
Active(file):     787960 kB
Inactive(file):   593120 kB
Unevictable:        6348 kB
Mlocked:            5908 kB
SwapTotal:       4718584 kB
SwapFree:        3536632 kB
Dirty:               200 kB
Writeback:             0 kB
AnonPages:       3547880 kB
Mapped:           664980 kB
Shmem:             16616 kB
KReclaimable:     574596 kB
Slab:             318088 kB
SReclaimable:      90996 kB
SUnreclaim:       227092 kB
KernelStack:       46128 kB
ShadowCallStack:   11556 kB
PageTables:        74896 kB
NFS_Unstable:          0 kB
Bounce:                0 kB
WritebackTmp:          0 kB
CommitLimit:     8677876 kB
Committed_AS:   67716352 kB
VmallocTotal:   263061440 kB
VmallocUsed:      128416 kB
VmallocChunk:          0 kB
Percpu:             2520 kB
CmaTotal:         405504 kB
CmaFree:               0 kB
MemTotal:        7918588 kB
MemFree:          368176 kB
MemAvailable:    1925236 kB
Buffers:            4772 kB
Cached:          1397556 kB
SwapCached:         7632 kB
Active:          4313780 kB
Inactive:         648780 kB
Active(anon):    3525820 kB
Inactive(anon):    55660 kB
Active(file):     787960 kB
Inactive(file):   593120 kB
Unevictable:        6348 kB
Mlocked:            5908 kB
SwapTotal:       4718584 kB
SwapFree:        3536632 kB
Dirty:               208 kB
Writeback:             0 kB
AnonPages:       3562520 kB
Mapped:           665012 kB
Shmem:             16616 kB
KReclaimable:     574396 kB
Slab:             318104 kB
SReclaimable:      90996 kB
SUnreclaim:       227108 kB
KernelStack:       46112 kB
ShadowCallStack:   11540 kB
PageTables:        74780 kB
NFS_Unstable:          0 kB
Bounce:                0 kB
WritebackTmp:          0 kB
CommitLimit:     8677876 kB
Committed_AS:   67732736 kB
VmallocTotal:   263061440 kB
VmallocUsed:      128412 kB
VmallocChunk:          0 kB
Percpu:             2520 kB
CmaTotal:         405504 kB
CmaFree:               4 kB
MemTotal:        7918588 kB
MemFree:          354000 kB
MemAvailable:    1910700 kB
Buffers:            4788 kB
Cached:          1397548 kB
SwapCached:         7632 kB
Active:          4329212 kB
Inactive:         648788 kB
Active(anon):    3541252 kB
Inactive(anon):    55660 kB
Active(file):     787960 kB
Inactive(file):   593128 kB
Unevictable:        6348 kB
Mlocked:            5908 kB
SwapTotal:       4718584 kB
SwapFree:        3536632 kB
Dirty:               304 kB
Writeback:             0 kB
AnonPages:       3578012 kB
Mapped:           665312 kB
Shmem:             16616 kB
KReclaimable:     574028 kB
Slab:             318128 kB
SReclaimable:      90996 kB
SUnreclaim:       227132 kB
KernelStack:       46128 kB
ShadowCallStack:   11548 kB
PageTables:        74928 kB
NFS_Unstable:          0 kB
Bounce:                0 kB
WritebackTmp:          0 kB
CommitLimit:     8677876 kB
Committed_AS:   67781888 kB
VmallocTotal:   263061440 kB
VmallocUsed:      128408 kB
VmallocChunk:          0 kB
Percpu:             2520 kB
CmaTotal:         405504 kB
CmaFree:               0 kB
MemTotal:        7918588 kB
MemFree:          297016 kB
MemAvailable:    1852892 kB
Buffers:            4788 kB
Cached:          1397556 kB
SwapCached:         7632 kB
Active:          4385460 kB
Inactive:         648796 kB
Active(anon):    3597500 kB
Inactive(anon):    55660 kB
Active(file):     787960 kB
Inactive(file):   593136 kB
Unevictable:        6348 kB
Mlocked:            5908 kB
SwapTotal:       4718584 kB
SwapFree:        3536632 kB
Dirty:                96 kB
Writeback:             0 kB
AnonPages:       3634132 kB
Mapped:           665796 kB
Shmem:             16616 kB
KReclaimable:     573196 kB
Slab:             318220 kB
SReclaimable:      90996 kB
SUnreclaim:       227224 kB
KernelStack:       46080 kB
ShadowCallStack:   11552 kB
PageTables:        75284 kB
NFS_Unstable:          0 kB
Bounce:                0 kB
WritebackTmp:          0 kB
CommitLimit:     8677876 kB
Committed_AS:   67897224 kB
VmallocTotal:   263061440 kB
VmallocUsed:      128416 kB
VmallocChunk:          0 kB
Percpu:             2520 kB
CmaTotal:         405504 kB
CmaFree:               0 kB
MemTotal:        7918588 kB
MemFree:          296772 kB
MemAvailable:    1852640 kB
Buffers:            4788 kB
Cached:          1397556 kB
SwapCached:         7636 kB
Active:          4385884 kB
Inactive:         648796 kB
Active(anon):    3597924 kB
Inactive(anon):    55660 kB
Active(file):     787960 kB
Inactive(file):   593136 kB
Unevictable:        6348 kB
Mlocked:            5908 kB
SwapTotal:       4718584 kB
SwapFree:        3536632 kB
Dirty:                96 kB
Writeback:             0 kB
AnonPages:       3634620 kB
Mapped:           665784 kB
Shmem:             16616 kB
KReclaimable:     573188 kB
Slab:             318272 kB
SReclaimable:      90996 kB
SUnreclaim:       227276 kB
KernelStack:       46128 kB
ShadowCallStack:   11556 kB
PageTables:        75244 kB
NFS_Unstable:          0 kB
Bounce:                0 kB
WritebackTmp:          0 kB
CommitLimit:     8677876 kB
Committed_AS:   67897224 kB
VmallocTotal:   263061440 kB
VmallocUsed:      128432 kB
VmallocChunk:          0 kB
Percpu:             2520 kB
CmaTotal:         405504 kB
CmaFree:               0 kB
MemTotal:        7918588 kB
MemFree:          257664 kB
MemAvailable:    1813068 kB
Buffers:            4788 kB
Cached:          1397556 kB
SwapCached:         7636 kB
Active:          4424604 kB
Inactive:         648796 kB
Active(anon):    3636644 kB
Inactive(anon):    55660 kB
Active(file):     787960 kB
Inactive(file):   593136 kB
Unevictable:        6348 kB
Mlocked:            5908 kB
SwapTotal:       4718584 kB
SwapFree:        3536632 kB
Dirty:                96 kB
Writeback:             0 kB
AnonPages:       3673280 kB
Mapped:           666104 kB
Shmem:             16616 kB
KReclaimable:     572724 kB
Slab:             318284 kB
SReclaimable:      90996 kB
SUnreclaim:       227288 kB
KernelStack:       46128 kB
ShadowCallStack:   11560 kB
PageTables:        75360 kB
NFS_Unstable:          0 kB
Bounce:                0 kB
WritebackTmp:          0 kB
CommitLimit:     8677876 kB
Committed_AS:   67995528 kB
VmallocTotal:   263061440 kB
VmallocUsed:      128428 kB
VmallocChunk:          0 kB
Percpu:             2520 kB
CmaTotal:         405504 kB
CmaFree:               0 kB
MemTotal:        7918588 kB
MemFree:          226888 kB
MemAvailable:    1781748 kB
Buffers:            4788 kB
Cached:          1397556 kB
SwapCached:         7636 kB
Active:          4456136 kB
Inactive:         648796 kB
Active(anon):    3668176 kB
Inactive(anon):    55660 kB
Active(file):     787960 kB
Inactive(file):   593136 kB
Unevictable:        6348 kB
Mlocked:            5908 kB
SwapTotal:       4718584 kB
SwapFree:        3536632 kB
Dirty:                96 kB
Writeback:             0 kB
AnonPages:       3704984 kB
Mapped:           666296 kB
Shmem:             16616 kB
KReclaimable:     572180 kB
Slab:             318368 kB
SReclaimable:      90996 kB
SUnreclaim:       227372 kB
KernelStack:       46128 kB
ShadowCallStack:   11564 kB
PageTables:        75604 kB
NFS_Unstable:          0 kB
Bounce:                0 kB
WritebackTmp:          0 kB
CommitLimit:     8677876 kB
Committed_AS:   68061064 kB
VmallocTotal:   263061440 kB
VmallocUsed:      128432 kB
VmallocChunk:          0 kB
Percpu:             2520 kB
CmaTotal:         405504 kB
CmaFree:               0 kB
MemTotal:        7918588 kB
MemFree:          224652 kB
MemAvailable:    1779504 kB
Buffers:            4812 kB
Cached:          1397556 kB
SwapCached:         7636 kB
Active:          4457464 kB
Inactive:         648820 kB
Active(anon):    3669504 kB
Inactive(anon):    55660 kB
Active(file):     787960 kB
Inactive(file):   593160 kB
Unevictable:        6348 kB
Mlocked:            5908 kB
SwapTotal:       4718584 kB
SwapFree:        3536632 kB
Dirty:               140 kB
Writeback:             0 kB
AnonPages:       3706368 kB
