MemTotal:        7918588 kB
MemFree:         3303080 kB
MemAvailable:    4725712 kB
Buffers:            4384 kB
Cached:          1331720 kB
SwapCached:         8120 kB
Active:          1382468 kB
Inactive:         637268 kB
Active(anon):     622472 kB
Inactive(anon):    80588 kB
Active(file):     759996 kB
Inactive(file):   556680 kB
Unevictable:        6304 kB
Mlocked:            5864 kB
SwapTotal:       4718584 kB
SwapFree:        3993848 kB
Dirty:            145080 kB
Writeback:             0 kB
AnonPages:        685552 kB
Mapped:           474192 kB
Shmem:             14844 kB
KReclaimable:     496180 kB
Slab:             316376 kB
SReclaimable:      85220 kB
SUnreclaim:       231156 kB
KernelStack:       50400 kB
ShadowCallStack:   12660 kB
PageTables:        66248 kB
NFS_Unstable:          0 kB
Bounce:                0 kB
WritebackTmp:          0 kB
CommitLimit:     8677876 kB
Committed_AS:   68682444 kB
VmallocTotal:   263061440 kB
VmallocUsed:      134900 kB
VmallocChunk:          0 kB
Percpu:             2448 kB
CmaTotal:         405504 kB
CmaFree:          314932 kB
MemTotal:        7918588 kB
MemFree:         3245776 kB
MemAvailable:    4965936 kB
Buffers:            4400 kB
Cached:          1341976 kB
SwapCached:         8228 kB
Active:          1437920 kB
Inactive:         637904 kB
Active(anon):     668516 kB
Inactive(anon):    80564 kB
Active(file):     769404 kB
Inactive(file):   557340 kB
Unevictable:        6304 kB
Mlocked:            5864 kB
SwapTotal:       4718584 kB
SwapFree:        3993848 kB
Dirty:            145112 kB
Writeback:             0 kB
AnonPages:        731116 kB
Mapped:           525816 kB
Shmem:             15056 kB
KReclaimable:     783640 kB
Slab:             316084 kB
SReclaimable:      85180 kB
SUnreclaim:       230904 kB
KernelStack:       50784 kB
ShadowCallStack:   12724 kB
PageTables:        66216 kB
NFS_Unstable:          0 kB
Bounce:                0 kB
WritebackTmp:          0 kB
CommitLimit:     8677876 kB
Committed_AS:   68811860 kB
VmallocTotal:   263061440 kB
VmallocUsed:      135396 kB
VmallocChunk:          0 kB
Percpu:             2448 kB
CmaTotal:         405504 kB
CmaFree:          315000 kB
MemTotal:        7918588 kB
MemFree:         3255968 kB
MemAvailable:    4890184 kB
Buffers:            4448 kB
Cached:          1342268 kB
SwapCached:         8252 kB
Active:          1425804 kB
Inactive:         638004 kB
Active(anon):     656268 kB
Inactive(anon):    80564 kB
Active(file):     769536 kB
Inactive(file):   557440 kB
Unevictable:        6304 kB
Mlocked:            5864 kB
SwapTotal:       4718584 kB
SwapFree:        3994872 kB
Dirty:            145176 kB
Writeback:             0 kB
AnonPages:        718736 kB
Mapped:           537032 kB
Shmem:             15152 kB
KReclaimable:     697464 kB
Slab:             316392 kB
SReclaimable:      85196 kB
SUnreclaim:       231196 kB
KernelStack:       50816 kB
ShadowCallStack:   12748 kB
PageTables:        66544 kB
NFS_Unstable:          0 kB
Bounce:                0 kB
WritebackTmp:          0 kB
CommitLimit:     8677876 kB
Committed_AS:   68843040 kB
VmallocTotal:   263061440 kB
VmallocUsed:      135456 kB
VmallocChunk:          0 kB
Percpu:             2448 kB
CmaTotal:         405504 kB
CmaFree:          315004 kB
MemTotal:        7918588 kB
MemFree:         3252820 kB
MemAvailable:    4886316 kB
Buffers:            4456 kB
Cached:          1342296 kB
SwapCached:         8252 kB
Active:          1429472 kB
Inactive:         638016 kB
Active(anon):     659936 kB
Inactive(anon):    80540 kB
Active(file):     769536 kB
Inactive(file):   557476 kB
Unevictable:        6304 kB
Mlocked:            5864 kB
SwapTotal:       4718584 kB
SwapFree:        3994872 kB
Dirty:            145200 kB
Writeback:             0 kB
AnonPages:        722392 kB
Mapped:           537572 kB
Shmem:             15152 kB
KReclaimable:     696708 kB
Slab:             316356 kB
SReclaimable:      85196 kB
SUnreclaim:       231160 kB
KernelStack:       50832 kB
ShadowCallStack:   12732 kB
PageTables:        66692 kB
NFS_Unstable:          0 kB
Bounce:                0 kB
WritebackTmp:          0 kB
CommitLimit:     8677876 kB
Committed_AS:   68843040 kB
VmallocTotal:   263061440 kB
VmallocUsed:      135488 kB
VmallocChunk:          0 kB
Percpu:             2448 kB
CmaTotal:         405504 kB
CmaFree:          315000 kB
MemTotal:        7918588 kB
MemFree:         3257316 kB
MemAvailable:    4890852 kB
Buffers:            4468 kB
Cached:          1342292 kB
SwapCached:         8248 kB
Active:          1428832 kB
Inactive:         638008 kB
Active(anon):     659296 kB
Inactive(anon):    80532 kB
Active(file):     769536 kB
Inactive(file):   557476 kB
Unevictable:        6304 kB
Mlocked:            5864 kB
SwapTotal:       4718584 kB
SwapFree:        3997944 kB
Dirty:            145200 kB
Writeback:             0 kB
AnonPages:        721536 kB
Mapped:           538328 kB
Shmem:             15156 kB
KReclaimable:     696748 kB
Slab:             316380 kB
SReclaimable:      85228 kB
SUnreclaim:       231152 kB
KernelStack:       50800 kB
ShadowCallStack:   12728 kB
PageTables:        66676 kB
NFS_Unstable:          0 kB
Bounce:                0 kB
WritebackTmp:          0 kB
CommitLimit:     8677876 kB
Committed_AS:   68842984 kB
VmallocTotal:   263061440 kB
VmallocUsed:      135464 kB
VmallocChunk:          0 kB
Percpu:             2448 kB
CmaTotal:         405504 kB
CmaFree:          316024 kB
MemTotal:        7918588 kB
MemFree:         3261344 kB
MemAvailable:    4915108 kB
Buffers:            4496 kB
Cached:          1342432 kB
SwapCached:         8248 kB
Active:          1424168 kB
Inactive:         638044 kB
Active(anon):     654624 kB
Inactive(anon):    80520 kB
Active(file):     769544 kB
Inactive(file):   557524 kB
Unevictable:        6304 kB
Mlocked:            5864 kB
SwapTotal:       4718584 kB
SwapFree:        3998200 kB
Dirty:            144360 kB
Writeback:             0 kB
AnonPages:        716924 kB
Mapped:           539088 kB
Shmem:             15272 kB
KReclaimable:     716920 kB
Slab:             316360 kB
SReclaimable:      85244 kB
SUnreclaim:       231116 kB
KernelStack:       50640 kB
ShadowCallStack:   12692 kB
PageTables:        66676 kB
NFS_Unstable:          0 kB
Bounce:                0 kB
WritebackTmp:          0 kB
CommitLimit:     8677876 kB
Committed_AS:   68842520 kB
VmallocTotal:   263061440 kB
VmallocUsed:      134972 kB
VmallocChunk:          0 kB
Percpu:             2448 kB
CmaTotal:         405504 kB
CmaFree:          316024 kB
MemTotal:        7918588 kB
MemFree:         3252488 kB
MemAvailable:    4906268 kB
Buffers:            4496 kB
Cached:          1342432 kB
SwapCached:         8248 kB
Active:          1433224 kB
Inactive:         638044 kB
Active(anon):     663680 kB
Inactive(anon):    80520 kB
Active(file):     769544 kB
Inactive(file):   557524 kB
Unevictable:        6304 kB
Mlocked:            5864 kB
SwapTotal:       4718584 kB
SwapFree:        3998200 kB
Dirty:            144360 kB
Writeback:             0 kB
AnonPages:        726104 kB
Mapped:           540440 kB
Shmem:             15272 kB
KReclaimable:     716936 kB
Slab:             316376 kB
SReclaimable:      85260 kB
SUnreclaim:       231116 kB
KernelStack:       50592 kB
ShadowCallStack:   12676 kB
PageTables:        66828 kB
NFS_Unstable:          0 kB
Bounce:                0 kB
WritebackTmp:          0 kB
CommitLimit:     8677876 kB
Committed_AS:   68858904 kB
VmallocTotal:   263061440 kB
VmallocUsed:      134964 kB
VmallocChunk:          0 kB
Percpu:             2448 kB
CmaTotal:         405504 kB
CmaFree:          316024 kB
MemTotal:        7918588 kB
MemFree:         3214848 kB
MemAvailable:    4876148 kB
Buffers:            4496 kB
Cached:          1349960 kB
SwapCached:         8248 kB
Active:          1470724 kB
Inactive:         638048 kB
Active(anon):     693664 kB
Inactive(anon):    80520 kB
Active(file):     777060 kB
Inactive(file):   557528 kB
Unevictable:        6304 kB
Mlocked:            5864 kB
SwapTotal:       4718584 kB
SwapFree:        3998200 kB
Dirty:            144384 kB
Writeback:             0 kB
AnonPages:        756172 kB
Mapped:           549240 kB
Shmem:             15272 kB
KReclaimable:     716936 kB
Slab:             316376 kB
SReclaimable:      85260 kB
SUnreclaim:       231116 kB
KernelStack:       50640 kB
ShadowCallStack:   12684 kB
PageTables:        66632 kB
NFS_Unstable:          0 kB
Bounce:                0 kB
WritebackTmp:          0 kB
CommitLimit:     8677876 kB
Committed_AS:   68942000 kB
VmallocTotal:   263061440 kB
VmallocUsed:      134984 kB
VmallocChunk:          0 kB
Percpu:             2448 kB
CmaTotal:         405504 kB
CmaFree:          316024 kB
MemTotal:        7918588 kB
MemFree:         3024012 kB
MemAvailable:    4617416 kB
Buffers:            4496 kB
Cached:          1350168 kB
SwapCached:         8260 kB
Active:          1661260 kB
Inactive:         638100 kB
Active(anon):     884044 kB
Inactive(anon):    80516 kB
Active(file):     777216 kB
Inactive(file):   557584 kB
Unevictable:        6304 kB
Mlocked:            5864 kB
SwapTotal:       4718584 kB
SwapFree:        3998200 kB
Dirty:            144412 kB
Writeback:             0 kB
AnonPages:        946328 kB
Mapped:           627812 kB
Shmem:             15276 kB
KReclaimable:     648828 kB
Slab:             316636 kB
SReclaimable:      85260 kB
SUnreclaim:       231376 kB
KernelStack:       50688 kB
ShadowCallStack:   12696 kB
PageTables:        67436 kB
NFS_Unstable:          0 kB
Bounce:                0 kB
WritebackTmp:          0 kB
CommitLimit:     8677876 kB
Committed_AS:   69223196 kB
VmallocTotal:   263061440 kB
VmallocUsed:      135048 kB
VmallocChunk:          0 kB
Percpu:             2448 kB
CmaTotal:         405504 kB
CmaFree:          316024 kB
MemTotal:        7918588 kB
MemFree:         2983932 kB
MemAvailable:    4541408 kB
Buffers:            4516 kB
Cached:          1361404 kB
SwapCached:         8268 kB
Active:          1700700 kB
Inactive:         638168 kB
Active(anon):     912300 kB
Inactive(anon):    80516 kB
Active(file):     788400 kB
Inactive(file):   557652 kB
Unevictable:        6304 kB
Mlocked:            5864 kB
SwapTotal:       4718584 kB
SwapFree:        3998200 kB
Dirty:            144424 kB
Writeback:             0 kB
AnonPages:        974812 kB
Mapped:           654208 kB
Shmem:             15284 kB
KReclaimable:     601648 kB
Slab:             316792 kB
SReclaimable:      85276 kB
SUnreclaim:       231516 kB
KernelStack:       51024 kB
ShadowCallStack:   12776 kB
PageTables:        67508 kB
NFS_Unstable:          0 kB
Bounce:                0 kB
WritebackTmp:          0 kB
CommitLimit:     8677876 kB
Committed_AS:   69298096 kB
VmallocTotal:   263061440 kB
VmallocUsed:      135508 kB
VmallocChunk:          0 kB
Percpu:             2448 kB
CmaTotal:         405504 kB
CmaFree:          316024 kB
MemTotal:        7918588 kB
MemFree:         2883316 kB
MemAvailable:    4438256 kB
Buffers:            4516 kB
Cached:          1361468 kB
SwapCached:         8268 kB
Active:          1800696 kB
Inactive:         638200 kB
Active(anon):    1012268 kB
Inactive(anon):    80516 kB
Active(file):     788428 kB
Inactive(file):   557684 kB
Unevictable:        6304 kB
Mlocked:            5864 kB
SwapTotal:       4718584 kB
SwapFree:        3998456 kB
Dirty:             17936 kB
Writeback:             0 kB
AnonPages:       1074568 kB
Mapped:           656212 kB
Shmem:             15284 kB
KReclaimable:     599052 kB
Slab:             316848 kB
SReclaimable:      85276 kB
SUnreclaim:       231572 kB
KernelStack:       51040 kB
ShadowCallStack:   12804 kB
PageTables:        68192 kB
NFS_Unstable:          0 kB
Bounce:                0 kB
WritebackTmp:          0 kB
CommitLimit:     8677876 kB
Committed_AS:   69543856 kB
VmallocTotal:   263061440 kB
VmallocUsed:      135492 kB
VmallocChunk:          0 kB
Percpu:             2448 kB
CmaTotal:         405504 kB
CmaFree:          316024 kB
MemTotal:        7918588 kB
MemFree:         2803240 kB
MemAvailable:    4357272 kB
Buffers:            4516 kB
Cached:          1361472 kB
SwapCached:         8268 kB
Active:          1880264 kB
Inactive:         637832 kB
Active(anon):    1091836 kB
Inactive(anon):    80144 kB
Active(file):     788428 kB
Inactive(file):   557688 kB
Unevictable:        6304 kB
Mlocked:            5864 kB
SwapTotal:       4718584 kB
SwapFree:        3998456 kB
Dirty:             17936 kB
Writeback:             0 kB
AnonPages:       1154004 kB
Mapped:           656948 kB
Shmem:             15284 kB
KReclaimable:     598140 kB
Slab:             316864 kB
SReclaimable:      85276 kB
SUnreclaim:       231588 kB
KernelStack:       51056 kB
ShadowCallStack:   12788 kB
PageTables:        68608 kB
NFS_Unstable:          0 kB
Bounce:                0 kB
WritebackTmp:          0 kB
CommitLimit:     8677876 kB
Committed_AS:   69756848 kB
VmallocTotal:   263061440 kB
VmallocUsed:      135484 kB
VmallocChunk:          0 kB
Percpu:             2448 kB
CmaTotal:         405504 kB
CmaFree:          316024 kB
MemTotal:        7918588 kB
MemFree:         2713132 kB
MemAvailable:    4257144 kB
Buffers:            4516 kB
Cached:          1361484 kB
SwapCached:         8268 kB
Active:          1968732 kB
Inactive:         637840 kB
Active(anon):    1180304 kB
Inactive(anon):    80144 kB
Active(file):     788428 kB
Inactive(file):   557696 kB
Unevictable:        6304 kB
Mlocked:            5864 kB
SwapTotal:       4718584 kB
SwapFree:        3998456 kB
Dirty:             17944 kB
Writeback:             0 kB
AnonPages:       1242168 kB
Mapped:           657824 kB
Shmem:             15288 kB
KReclaimable:     588112 kB
Slab:             316944 kB
SReclaimable:      85276 kB
SUnreclaim:       231668 kB
KernelStack:       51024 kB
ShadowCallStack:   12788 kB
PageTables:        68996 kB
NFS_Unstable:          0 kB
Bounce:                0 kB
WritebackTmp:          0 kB
CommitLimit:     8677876 kB
Committed_AS:   69953412 kB
VmallocTotal:   263061440 kB
VmallocUsed:      135472 kB
VmallocChunk:          0 kB
Percpu:             2448 kB
CmaTotal:         405504 kB
CmaFree:          316024 kB
MemTotal:        7918588 kB
MemFree:         2627060 kB
MemAvailable:    4170240 kB
Buffers:            4520 kB
Cached:          1361508 kB
SwapCached:         8268 kB
Active:          2061332 kB
Inactive:         631700 kB
Active(anon):    1272904 kB
Inactive(anon):    73980 kB
Active(file):     788428 kB
Inactive(file):   557720 kB
Unevictable:        6304 kB
Mlocked:            5864 kB
SwapTotal:       4718584 kB
SwapFree:        3998456 kB
Dirty:             17964 kB
Writeback:             4 kB
AnonPages:       1328776 kB
Mapped:           658440 kB
Shmem:             15292 kB
KReclaimable:     587256 kB
Slab:             316972 kB
SReclaimable:      85276 kB
SUnreclaim:       231696 kB
KernelStack:       50960 kB
ShadowCallStack:   12780 kB
PageTables:        69464 kB
NFS_Unstable:          0 kB
Bounce:                0 kB
WritebackTmp:          0 kB
CommitLimit:     8677876 kB
Committed_AS:   70182748 kB
VmallocTotal:   263061440 kB
VmallocUsed:      135464 kB
VmallocChunk:          0 kB
Percpu:             2448 kB
CmaTotal:         405504 kB
CmaFree:          316064 kB
MemTotal:        7918588 kB
MemFree:         2544552 kB
MemAvailable:    4086648 kB
Buffers:            4520 kB
Cached:          1361512 kB
SwapCached:         8268 kB
Active:          2142972 kB
Inactive:         631704 kB
Active(anon):    1354544 kB
Inactive(anon):    73980 kB
Active(file):     788428 kB
Inactive(file):   557724 kB
Unevictable:        6304 kB
Mlocked:            5864 kB
SwapTotal:       4718584 kB
SwapFree:        3998456 kB
Dirty:             17968 kB
Writeback:             0 kB
AnonPages:       1410164 kB
Mapped:           657828 kB
Shmem:             15292 kB
KReclaimable:     586168 kB
Slab:             317028 kB
SReclaimable:      85276 kB
SUnreclaim:       231752 kB
KernelStack:       51040 kB
ShadowCallStack:   12768 kB
PageTables:        69836 kB
NFS_Unstable:          0 kB
Bounce:                0 kB
WritebackTmp:          0 kB
CommitLimit:     8677876 kB
Committed_AS:   70395736 kB
VmallocTotal:   263061440 kB
VmallocUsed:      135464 kB
VmallocChunk:          0 kB
Percpu:             2448 kB
CmaTotal:         405504 kB
CmaFree:          316012 kB
MemTotal:        7918588 kB
MemFree:         2454808 kB
MemAvailable:    3999708 kB
Buffers:            4656 kB
Cached:          1365572 kB
SwapCached:         8268 kB
Active:          2232268 kB
Inactive:         632764 kB
Active(anon):    1440736 kB
Inactive(anon):    73948 kB
Active(file):     791532 kB
Inactive(file):   558816 kB
Unevictable:        6304 kB
Mlocked:            5864 kB
SwapTotal:       4718584 kB
SwapFree:        3999736 kB
Dirty:             18140 kB
Writeback:           100 kB
AnonPages:       1496488 kB
Mapped:           660936 kB
Shmem:             15292 kB
KReclaimable:     584776 kB
Slab:             316924 kB
SReclaimable:      85100 kB
SUnreclaim:       231824 kB
KernelStack:       50976 kB
ShadowCallStack:   12776 kB
PageTables:        70164 kB
NFS_Unstable:          0 kB
Bounce:                0 kB
WritebackTmp:          0 kB
CommitLimit:     8677876 kB
Committed_AS:   70608676 kB
VmallocTotal:   263061440 kB
VmallocUsed:      135420 kB
VmallocChunk:          0 kB
Percpu:             2448 kB
CmaTotal:         405504 kB
CmaFree:          316024 kB
MemTotal:        7918588 kB
MemFree:         2360348 kB
MemAvailable:    3904784 kB
Buffers:            4680 kB
Cached:          1365992 kB
SwapCached:         8268 kB
Active:          2324864 kB
Inactive:         632888 kB
Active(anon):    1533024 kB
Inactive(anon):    73948 kB
Active(file):     791840 kB
Inactive(file):   558940 kB
Unevictable:        6304 kB
Mlocked:            5864 kB
SwapTotal:       4718584 kB
SwapFree:        3999736 kB
Dirty:             18072 kB
Writeback:             0 kB
AnonPages:       1588812 kB
Mapped:           661760 kB
Shmem:             15304 kB
KReclaimable:     583880 kB
Slab:             316948 kB
SReclaimable:      85100 kB
SUnreclaim:       231848 kB
KernelStack:       51008 kB
ShadowCallStack:   12764 kB
PageTables:        70624 kB
NFS_Unstable:          0 kB
Bounce:                0 kB
WritebackTmp:          0 kB
CommitLimit:     8677876 kB
Committed_AS:   70854448 kB
VmallocTotal:   263061440 kB
VmallocUsed:      135448 kB
VmallocChunk:          0 kB
Percpu:             2448 kB
CmaTotal:         405504 kB
CmaFree:          316024 kB
MemTotal:        7918588 kB
MemFree:         2262244 kB
MemAvailable:    3805540 kB
Buffers:            4680 kB
Cached:          1366012 kB
SwapCached:         8268 kB
Active:          2423744 kB
Inactive:         632904 kB
Active(anon):    1631904 kB
Inactive(anon):    73944 kB
Active(file):     791840 kB
Inactive(file):   558960 kB
Unevictable:        6304 kB
Mlocked:            5864 kB
SwapTotal:       4718584 kB
SwapFree:        3999736 kB
Dirty:             18076 kB
Writeback:             0 kB
AnonPages:       1687552 kB
Mapped:           662948 kB
Shmem:             15304 kB
KReclaimable:     582720 kB
Slab:             316988 kB
SReclaimable:      85100 kB
SUnreclaim:       231888 kB
KernelStack:       51008 kB
ShadowCallStack:   12772 kB
PageTables:        71288 kB
NFS_Unstable:          0 kB
Bounce:                0 kB
WritebackTmp:          0 kB
CommitLimit:     8677876 kB
Committed_AS:   71100148 kB
VmallocTotal:   263061440 kB
VmallocUsed:      135444 kB
VmallocChunk:          0 kB
Percpu:             2448 kB
CmaTotal:         405504 kB
CmaFree:          316020 kB
MemTotal:        7918588 kB
MemFree:         2178592 kB
MemAvailable:    3720596 kB
Buffers:            4680 kB
Cached:          1365956 kB
SwapCached:         8268 kB
Active:          2506672 kB
Inactive:         632864 kB
Active(anon):    1714832 kB
Inactive(anon):    73900 kB
Active(file):     791840 kB
Inactive(file):   558964 kB
Unevictable:        6304 kB
Mlocked:            5864 kB
SwapTotal:       4718584 kB
SwapFree:        3999736 kB
Dirty:             18084 kB
Writeback:             0 kB
AnonPages:       1770560 kB
Mapped:           663752 kB
Shmem:             15244 kB
KReclaimable:     581424 kB
Slab:             317028 kB
SReclaimable:      85100 kB
SUnreclaim:       231928 kB
KernelStack:       50992 kB
ShadowCallStack:   12776 kB
PageTables:        71556 kB
NFS_Unstable:          0 kB
Bounce:                0 kB
WritebackTmp:          0 kB
CommitLimit:     8677876 kB
Committed_AS:   71296760 kB
VmallocTotal:   263061440 kB
VmallocUsed:      135444 kB
VmallocChunk:          0 kB
Percpu:             2448 kB
CmaTotal:         405504 kB
CmaFree:          316024 kB
MemTotal:        7918588 kB
MemFree:         2110456 kB
MemAvailable:    3651704 kB
Buffers:            4692 kB
Cached:          1365984 kB
SwapCached:         8268 kB
Active:          2575148 kB
Inactive:         632876 kB
Active(anon):    1783308 kB
Inactive(anon):    73900 kB
Active(file):     791840 kB
Inactive(file):   558976 kB
Unevictable:        6304 kB
Mlocked:            5864 kB
SwapTotal:       4718584 kB
SwapFree:        3999736 kB
Dirty:             18096 kB
Writeback:             0 kB
AnonPages:       1839060 kB
Mapped:           664344 kB
Shmem:             15272 kB
KReclaimable:     580656 kB
Slab:             317060 kB
SReclaimable:      85116 kB
SUnreclaim:       231944 kB
KernelStack:       51008 kB
ShadowCallStack:   12776 kB
PageTables:        71912 kB
NFS_Unstable:          0 kB
Bounce:                0 kB
WritebackTmp:          0 kB
CommitLimit:     8677876 kB
Committed_AS:   71444240 kB
VmallocTotal:   263061440 kB
VmallocUsed:      135444 kB
VmallocChunk:          0 kB
Percpu:             2448 kB
CmaTotal:         405504 kB
CmaFree:          316024 kB
MemTotal:        7918588 kB
MemFree:         2025356 kB
MemAvailable:    3565356 kB
Buffers:            4692 kB
Cached:          1365984 kB
SwapCached:         8268 kB
Active:          2659948 kB
Inactive:         632384 kB
Active(anon):    1868108 kB
Inactive(anon):    73408 kB
Active(file):     791840 kB
Inactive(file):   558976 kB
Unevictable:        6304 kB
Mlocked:            5864 kB
SwapTotal:       4718584 kB
SwapFree:        3999736 kB
Dirty:             18096 kB
Writeback:             0 kB
AnonPages:       1923360 kB
Mapped:           665144 kB
Shmem:             15272 kB
KReclaimable:     579408 kB
Slab:             317108 kB
SReclaimable:      85116 kB
SUnreclaim:       231992 kB
KernelStack:       51008 kB
ShadowCallStack:   12780 kB
PageTables:        72420 kB
NFS_Unstable:          0 kB
Bounce:                0 kB
WritebackTmp:          0 kB
CommitLimit:     8677876 kB
Committed_AS:   71640852 kB
VmallocTotal:   263061440 kB
VmallocUsed:      135428 kB
VmallocChunk:          0 kB
Percpu:             2448 kB
CmaTotal:         405504 kB
CmaFree:          316028 kB
MemTotal:        7918588 kB
MemFree:         1955692 kB
MemAvailable:    3495172 kB
Buffers:            4700 kB
Cached:          1365984 kB
SwapCached:         8268 kB
Active:          2729604 kB
Inactive:         632392 kB
Active(anon):    1937764 kB
Inactive(anon):    73408 kB
Active(file):     791840 kB
Inactive(file):   558984 kB
Unevictable:        6304 kB
Mlocked:            5864 kB
SwapTotal:       4718584 kB
SwapFree:        3999736 kB
Dirty:             18096 kB
Writeback:             0 kB
AnonPages:       1993012 kB
Mapped:           665520 kB
Shmem:             15272 kB
KReclaimable:     578880 kB
Slab:             317128 kB
SReclaimable:      85116 kB
SUnreclaim:       232012 kB
KernelStack:       51008 kB
ShadowCallStack:   12776 kB
PageTables:        72644 kB
NFS_Unstable:          0 kB
Bounce:                0 kB
WritebackTmp:          0 kB
CommitLimit:     8677876 kB
Committed_AS:   71788304 kB
VmallocTotal:   263061440 kB
VmallocUsed:      135448 kB
VmallocChunk:          0 kB
Percpu:             2448 kB
CmaTotal:         405504 kB
CmaFree:          316024 kB
MemTotal:        7918588 kB
MemFree:         1849536 kB
MemAvailable:    3268588 kB
Buffers:            4700 kB
Cached:          1366028 kB
SwapCached:         8268 kB
Active:          2834700 kB
Inactive:         632404 kB
Active(anon):    2042860 kB
Inactive(anon):    73408 kB
Active(file):     791840 kB
Inactive(file):   558996 kB
Unevictable:        6304 kB
Mlocked:            5864 kB
SwapTotal:       4718584 kB
SwapFree:        3999736 kB
Dirty:             18108 kB
Writeback:             0 kB
AnonPages:       2098148 kB
Mapped:           666556 kB
Shmem:             15304 kB
KReclaimable:     458440 kB
Slab:             317152 kB
SReclaimable:      85116 kB
SUnreclaim:       232036 kB
KernelStack:       51104 kB
ShadowCallStack:   12800 kB
PageTables:        72916 kB
NFS_Unstable:          0 kB
Bounce:                0 kB
WritebackTmp:          0 kB
CommitLimit:     8677876 kB
Committed_AS:   71952488 kB
VmallocTotal:   263061440 kB
VmallocUsed:      135568 kB
VmallocChunk:          0 kB
Percpu:             2448 kB
CmaTotal:         405504 kB
CmaFree:          316024 kB
MemTotal:        7918588 kB
MemFree:         1768256 kB
MemAvailable:    3184100 kB
Buffers:            4700 kB
Cached:          1366108 kB
SwapCached:         8268 kB
Active:          2915524 kB
Inactive:         632404 kB
Active(anon):    2123684 kB
Inactive(anon):    73408 kB
Active(file):     791840 kB
Inactive(file):   558996 kB
Unevictable:        6304 kB
Mlocked:            5864 kB
SwapTotal:       4718584 kB
SwapFree:        3999736 kB
Dirty:             18108 kB
Writeback:             0 kB
AnonPages:       2178644 kB
Mapped:           667324 kB
Shmem:             15384 kB
KReclaimable:     455232 kB
Slab:             317288 kB
SReclaimable:      85132 kB
SUnreclaim:       232156 kB
KernelStack:       51104 kB
ShadowCallStack:   12792 kB
PageTables:        73444 kB
NFS_Unstable:          0 kB
Bounce:                0 kB
WritebackTmp:          0 kB
CommitLimit:     8677876 kB
Committed_AS:   72149100 kB
VmallocTotal:   263061440 kB
VmallocUsed:      135580 kB
VmallocChunk:          0 kB
Percpu:             2448 kB
CmaTotal:         405504 kB
CmaFree:          316024 kB
MemTotal:        7918588 kB
MemFree:         1752424 kB
MemAvailable:    3291488 kB
Buffers:            4704 kB
Cached:          1368380 kB
SwapCached:         8268 kB
Active:          2928160 kB
Inactive:         634444 kB
Active(anon):    2136148 kB
Inactive(anon):    73408 kB
Active(file):     792012 kB
Inactive(file):   561036 kB
Unevictable:        6304 kB
Mlocked:            5864 kB
SwapTotal:       4718584 kB
SwapFree:        3999992 kB
Dirty:             18116 kB
Writeback:             0 kB
AnonPages:       2191404 kB
Mapped:           668696 kB
Shmem:             15276 kB
KReclaimable:     576240 kB
Slab:             317224 kB
SReclaimable:      85132 kB
SUnreclaim:       232092 kB
KernelStack:       51008 kB
ShadowCallStack:   12768 kB
PageTables:        73560 kB
NFS_Unstable:          0 kB
Bounce:                0 kB
WritebackTmp:          0 kB
CommitLimit:     8677876 kB
Committed_AS:   72263396 kB
VmallocTotal:   263061440 kB
VmallocUsed:      135416 kB
VmallocChunk:          0 kB
Percpu:             2448 kB
CmaTotal:         405504 kB
CmaFree:          316024 kB
MemTotal:        7918588 kB
MemFree:         1675844 kB
MemAvailable:    3214736 kB
Buffers:            4704 kB
Cached:          1369184 kB
SwapCached:         8268 kB
Active:          3005152 kB
Inactive:         634720 kB
Active(anon):    2212460 kB
Inactive(anon):    73408 kB
Active(file):     792692 kB
Inactive(file):   561312 kB
Unevictable:        6304 kB
Mlocked:            5864 kB
SwapTotal:       4718584 kB
SwapFree:        4000504 kB
Dirty:             18136 kB
Writeback:             0 kB
AnonPages:       2267540 kB
Mapped:           669900 kB
Shmem:             15296 kB
KReclaimable:     575112 kB
Slab:             317288 kB
SReclaimable:      85132 kB
SUnreclaim:       232156 kB
KernelStack:       50960 kB
ShadowCallStack:   12768 kB
PageTables:        73884 kB
NFS_Unstable:          0 kB
Bounce:                0 kB
WritebackTmp:          0 kB
CommitLimit:     8677876 kB
Committed_AS:   72443620 kB
VmallocTotal:   263061440 kB
VmallocUsed:      135408 kB
VmallocChunk:          0 kB
Percpu:             2448 kB
CmaTotal:         405504 kB
CmaFree:          311752 kB
MemTotal:        7918588 kB
MemFree:         1631136 kB
MemAvailable:    3169500 kB
Buffers:            4728 kB
Cached:          1369196 kB
SwapCached:         8268 kB
Active:          3049740 kB
Inactive:         634744 kB
Active(anon):    2257048 kB
Inactive(anon):    73408 kB
Active(file):     792692 kB
Inactive(file):   561336 kB
Unevictable:        6304 kB
Mlocked:            5864 kB
SwapTotal:       4718584 kB
SwapFree:        4000504 kB
Dirty:             18140 kB
Writeback:             0 kB
AnonPages:       2312312 kB
Mapped:           670244 kB
Shmem:             15308 kB
KReclaimable:     574560 kB
Slab:             317312 kB
SReclaimable:      85132 kB
SUnreclaim:       232180 kB
KernelStack:       50992 kB
ShadowCallStack:   12756 kB
PageTables:        74032 kB
NFS_Unstable:          0 kB
Bounce:                0 kB
WritebackTmp:          0 kB
CommitLimit:     8677876 kB
Committed_AS:   72558304 kB
VmallocTotal:   263061440 kB
VmallocUsed:      135392 kB
VmallocChunk:          0 kB
Percpu:             2448 kB
CmaTotal:         405504 kB
CmaFree:          267008 kB
MemTotal:        7918588 kB
MemFree:         1599660 kB
MemAvailable:    3138108 kB
Buffers:            4728 kB
Cached:          1369580 kB
SwapCached:         8268 kB
Active:          3079716 kB
Inactive:         634756 kB
Active(anon):    2286656 kB
Inactive(anon):    73408 kB
Active(file):     793060 kB
Inactive(file):   561348 kB
Unevictable:        6304 kB
Mlocked:            5864 kB
SwapTotal:       4718584 kB
SwapFree:        4001016 kB
Dirty:             18152 kB
Writeback:             0 kB
AnonPages:       2341944 kB
Mapped:           670660 kB
Shmem:             15312 kB
KReclaimable:     574264 kB
Slab:             317288 kB
SReclaimable:      85132 kB
SUnreclaim:       232156 kB
KernelStack:       50992 kB
ShadowCallStack:   12780 kB
PageTables:        74164 kB
NFS_Unstable:          0 kB
Bounce:                0 kB
WritebackTmp:          0 kB
CommitLimit:     8677876 kB
Committed_AS:   72607460 kB
VmallocTotal:   263061440 kB
VmallocUsed:      135428 kB
VmallocChunk:          0 kB
Percpu:             2448 kB
CmaTotal:         405504 kB
CmaFree:          235540 kB
MemTotal:        7918588 kB
MemFree:         1524544 kB
MemAvailable:    3061944 kB
Buffers:            4728 kB
Cached:          1370052 kB
SwapCached:         8268 kB
Active:          3154312 kB
Inactive:         634756 kB
Active(anon):    2360780 kB
Inactive(anon):    73408 kB
Active(file):     793532 kB
Inactive(file):   561348 kB
Unevictable:        6304 kB
Mlocked:            5864 kB
SwapTotal:       4718584 kB
SwapFree:        4001016 kB
Dirty:             18152 kB
Writeback:             0 kB
AnonPages:       2415972 kB
Mapped:           671736 kB
Shmem:             15312 kB
KReclaimable:     572744 kB
Slab:             317344 kB
SReclaimable:      85132 kB
SUnreclaim:       232212 kB
KernelStack:       50992 kB
ShadowCallStack:   12772 kB
PageTables:        74596 kB
NFS_Unstable:          0 kB
Bounce:                0 kB
WritebackTmp:          0 kB
CommitLimit:     8677876 kB
Committed_AS:   72787684 kB
VmallocTotal:   263061440 kB
VmallocUsed:      135428 kB
VmallocChunk:          0 kB
Percpu:             2448 kB
CmaTotal:         405504 kB
CmaFree:          160848 kB
MemTotal:        7918588 kB
MemFree:         1505356 kB
MemAvailable:    3042404 kB
Buffers:            4728 kB
Cached:          1370052 kB
SwapCached:         8268 kB
Active:          3173868 kB
Inactive:         634756 kB
Active(anon):    2380336 kB
Inactive(anon):    73408 kB
Active(file):     793532 kB
Inactive(file):   561348 kB
Unevictable:        6304 kB
Mlocked:            5864 kB
SwapTotal:       4718584 kB
SwapFree:        4001016 kB
Dirty:             17980 kB
Writeback:             0 kB
AnonPages:       2435540 kB
Mapped:           672168 kB
Shmem:             15312 kB
KReclaimable:     572392 kB
Slab:             317348 kB
SReclaimable:      85132 kB
SUnreclaim:       232216 kB
KernelStack:       50944 kB
ShadowCallStack:   12764 kB
PageTables:        74684 kB
NFS_Unstable:          0 kB
Bounce:                0 kB
WritebackTmp:          0 kB
CommitLimit:     8677876 kB
Committed_AS:   72821476 kB
VmallocTotal:   263061440 kB
VmallocUsed:      135424 kB
VmallocChunk:          0 kB
Percpu:             2448 kB
CmaTotal:         405504 kB
CmaFree:          141420 kB
MemTotal:        7918588 kB
MemFree:         1447984 kB
MemAvailable:    2984232 kB
Buffers:            4728 kB
Cached:          1370060 kB
SwapCached:         8268 kB
Active:          3231096 kB
Inactive:         634744 kB
Active(anon):    2437564 kB
Inactive(anon):    73396 kB
Active(file):     793532 kB
Inactive(file):   561348 kB
Unevictable:        6304 kB
Mlocked:            5864 kB
SwapTotal:       4718584 kB
SwapFree:        4001016 kB
Dirty:               288 kB
Writeback:             0 kB
AnonPages:       2492756 kB
Mapped:           672668 kB
Shmem:             15320 kB
KReclaimable:     571592 kB
Slab:             317244 kB
SReclaimable:      85132 kB
SUnreclaim:       232112 kB
KernelStack:       51024 kB
ShadowCallStack:   12772 kB
PageTables:        74844 kB
NFS_Unstable:          0 kB
Bounce:                0 kB
WritebackTmp:          0 kB
CommitLimit:     8677876 kB
Committed_AS:   72968932 kB
VmallocTotal:   263061440 kB
VmallocUsed:      135428 kB
VmallocChunk:          0 kB
Percpu:             2448 kB
CmaTotal:         405504 kB
CmaFree:           85008 kB
MemTotal:        7918588 kB
MemFree:         1412184 kB
MemAvailable:    2947656 kB
Buffers:            4736 kB
Cached:          1370060 kB
SwapCached:         8268 kB
Active:          3266320 kB
Inactive:         634752 kB
Active(anon):    2472788 kB
Inactive(anon):    73396 kB
Active(file):     793532 kB
Inactive(file):   561356 kB
Unevictable:        6304 kB
Mlocked:            5864 kB
SwapTotal:       4718584 kB
SwapFree:        4001016 kB
Dirty:               300 kB
Writeback:             0 kB
AnonPages:       2527824 kB
Mapped:           673036 kB
Shmem:             15320 kB
KReclaimable:     570808 kB
Slab:             317204 kB
SReclaimable:      85132 kB
SUnreclaim:       232072 kB
KernelStack:       50976 kB
ShadowCallStack:   12764 kB
PageTables:        75020 kB
NFS_Unstable:          0 kB
Bounce:                0 kB
WritebackTmp:          0 kB
CommitLimit:     8677876 kB
Committed_AS:   73018084 kB
VmallocTotal:   263061440 kB
VmallocUsed:      135404 kB
VmallocChunk:          0 kB
Percpu:             2448 kB
CmaTotal:         405504 kB
CmaFree:           49680 kB
MemTotal:        7918588 kB
MemFree:         1372916 kB
MemAvailable:    2908044 kB
Buffers:            4736 kB
Cached:          1370076 kB
SwapCached:         8268 kB
Active:          3306028 kB
Inactive:         634744 kB
Active(anon):    2512496 kB
Inactive(anon):    73380 kB
Active(file):     793532 kB
Inactive(file):   561364 kB
Unevictable:        6304 kB
Mlocked:            5864 kB
SwapTotal:       4718584 kB
SwapFree:        4001016 kB
Dirty:               340 kB
Writeback:             0 kB
AnonPages:       2567624 kB
Mapped:           673312 kB
Shmem:             15328 kB
KReclaimable:     570456 kB
Slab:             317228 kB
SReclaimable:      85132 kB
SUnreclaim:       232096 kB
KernelStack:       50800 kB
ShadowCallStack:   12736 kB
PageTables:        75180 kB
NFS_Unstable:          0 kB
Bounce:                0 kB
WritebackTmp:          0 kB
CommitLimit:     8677876 kB
Committed_AS:   73099496 kB
VmallocTotal:   263061440 kB
VmallocUsed:      135216 kB
VmallocChunk:          0 kB
Percpu:             2448 kB
CmaTotal:         405504 kB
CmaFree:           10164 kB
MemTotal:        7918588 kB
MemFree:         1319360 kB
MemAvailable:    2853504 kB
Buffers:            4736 kB
Cached:          1370076 kB
SwapCached:         8268 kB
Active:          3359788 kB
Inactive:         634744 kB
Active(anon):    2566256 kB
Inactive(anon):    73380 kB
Active(file):     793532 kB
Inactive(file):   561364 kB
Unevictable:        6304 kB
Mlocked:            5864 kB
SwapTotal:       4718584 kB
SwapFree:        4001016 kB
Dirty:               352 kB
Writeback:             0 kB
AnonPages:       2621424 kB
Mapped:           673904 kB
Shmem:             15328 kB
KReclaimable:     569472 kB
Slab:             317260 kB
SReclaimable:      85132 kB
SUnreclaim:       232128 kB
KernelStack:       50736 kB
ShadowCallStack:   12720 kB
PageTables:        75360 kB
NFS_Unstable:          0 kB
Bounce:                0 kB
WritebackTmp:          0 kB
CommitLimit:     8677876 kB
Committed_AS:   73213972 kB
VmallocTotal:   263061440 kB
VmallocUsed:      135128 kB
VmallocChunk:          0 kB
Percpu:             2448 kB
CmaTotal:         405504 kB
CmaFree:               0 kB
MemTotal:        7918588 kB
MemFree:         1309180 kB
MemAvailable:    2843228 kB
Buffers:            4744 kB
Cached:          1370076 kB
SwapCached:         8268 kB
Active:          3370200 kB
Inactive:         634752 kB
Active(anon):    2576668 kB
Inactive(anon):    73380 kB
Active(file):     793532 kB
Inactive(file):   561372 kB
Unevictable:        6304 kB
Mlocked:            5864 kB
SwapTotal:       4718584 kB
SwapFree:        4001016 kB
Dirty:               420 kB
Writeback:             0 kB
AnonPages:       2631764 kB
Mapped:           674036 kB
Shmem:             15328 kB
KReclaimable:     569368 kB
Slab:             317256 kB
SReclaimable:      85132 kB
SUnreclaim:       232124 kB
KernelStack:       50784 kB
ShadowCallStack:   12720 kB
PageTables:        75508 kB
NFS_Unstable:          0 kB
Bounce:                0 kB
WritebackTmp:          0 kB
CommitLimit:     8677876 kB
Committed_AS:   73246740 kB
VmallocTotal:   263061440 kB
VmallocUsed:      135128 kB
VmallocChunk:          0 kB
Percpu:             2448 kB
CmaTotal:         405504 kB
CmaFree:               0 kB
MemTotal:        7918588 kB
MemFree:         1255288 kB
MemAvailable:    2788688 kB
Buffers:            4744 kB
Cached:          1370080 kB
SwapCached:         8268 kB
Active:          3425112 kB
Inactive:         634752 kB
Active(anon):    2631580 kB
Inactive(anon):    73380 kB
Active(file):     793532 kB
Inactive(file):   561372 kB
Unevictable:        6304 kB
Mlocked:            5864 kB
SwapTotal:       4718584 kB
SwapFree:        4001016 kB
Dirty:               420 kB
Writeback:             0 kB
AnonPages:       2686584 kB
Mapped:           674424 kB
Shmem:             15332 kB
KReclaimable:     568720 kB
Slab:             317264 kB
SReclaimable:      85132 kB
SUnreclaim:       232132 kB
KernelStack:       50736 kB
ShadowCallStack:   12704 kB
PageTables:        75712 kB
NFS_Unstable:          0 kB
Bounce:                0 kB
WritebackTmp:          0 kB
CommitLimit:     8677876 kB
Committed_AS:   73377816 kB
VmallocTotal:   263061440 kB
VmallocUsed:      135092 kB
VmallocChunk:          0 kB
Percpu:             2448 kB
CmaTotal:         405504 kB
CmaFree:               0 kB
MemTotal:        7918588 kB
MemFree:         1221392 kB
MemAvailable:    2754408 kB
Buffers:            4772 kB
Cached:          1370388 kB
SwapCached:         8268 kB
Active:          3457016 kB
Inactive:         634776 kB
Active(anon):    2663180 kB
Inactive(anon):    73380 kB
Active(file):     793836 kB
Inactive(file):   561396 kB
Unevictable:        6304 kB
Mlocked:            5864 kB
SwapTotal:       4718584 kB
SwapFree:        4001016 kB
Dirty:               268 kB
Writeback:             0 kB
AnonPages:       2718324 kB
Mapped:           675032 kB
Shmem:             15340 kB
KReclaimable:     568008 kB
Slab:             317296 kB
SReclaimable:      85132 kB
SUnreclaim:       232164 kB
KernelStack:       50752 kB
ShadowCallStack:   12712 kB
PageTables:        75856 kB
NFS_Unstable:          0 kB
Bounce:                0 kB
WritebackTmp:          0 kB
CommitLimit:     8677876 kB
Committed_AS:   73426976 kB
VmallocTotal:   263061440 kB
VmallocUsed:      135144 kB
VmallocChunk:          0 kB
Percpu:             2448 kB
CmaTotal:         405504 kB
CmaFree:               0 kB
MemTotal:        7918588 kB
MemFree:         1187216 kB
MemAvailable:    2719976 kB
Buffers:            4772 kB
Cached:          1370400 kB
SwapCached:         8268 kB
Active:          3492148 kB
Inactive:         634784 kB
Active(anon):    2698312 kB
Inactive(anon):    73380 kB
Active(file):     793836 kB
Inactive(file):   561404 kB
Unevictable:        6304 kB
Mlocked:            5864 kB
SwapTotal:       4718584 kB
SwapFree:        4001016 kB
Dirty:               292 kB
Writeback:             0 kB
AnonPages:       2753280 kB
Mapped:           675464 kB
Shmem:             15344 kB
KReclaimable:     567744 kB
Slab:             317296 kB
SReclaimable:      85132 kB
SUnreclaim:       232164 kB
KernelStack:       50672 kB
ShadowCallStack:   12688 kB
PageTables:        76168 kB
NFS_Unstable:          0 kB
Bounce:                0 kB
WritebackTmp:          0 kB
CommitLimit:     8677876 kB
Committed_AS:   73525072 kB
VmallocTotal:   263061440 kB
VmallocUsed:      135040 kB
VmallocChunk:          0 kB
Percpu:             2448 kB
CmaTotal:         405504 kB
CmaFree:               0 kB
MemTotal:        7918588 kB
MemFree:         1147420 kB
MemAvailable:    2679708 kB
Buffers:            4772 kB
Cached:          1370420 kB
SwapCached:         8268 kB
Active:          3532904 kB
Inactive:         634800 kB
Active(anon):    2739068 kB
Inactive(anon):    73380 kB
Active(file):     793836 kB
Inactive(file):   561420 kB
Unevictable:        6304 kB
Mlocked:            5864 kB
SwapTotal:       4718584 kB
SwapFree:        4001016 kB
Dirty:               360 kB
Writeback:             0 kB
AnonPages:       2794248 kB
Mapped:           675872 kB
Shmem:             15348 kB
KReclaimable:     567256 kB
Slab:             317320 kB
SReclaimable:      85132 kB
SUnreclaim:       232188 kB
KernelStack:       50656 kB
ShadowCallStack:   12688 kB
PageTables:        76204 kB
NFS_Unstable:          0 kB
Bounce:                0 kB
WritebackTmp:          0 kB
CommitLimit:     8677876 kB
Committed_AS:   73606892 kB
VmallocTotal:   263061440 kB
VmallocUsed:      135008 kB
VmallocChunk:          0 kB
Percpu:             2448 kB
CmaTotal:         405504 kB
CmaFree:               0 kB
MemTotal:        7918588 kB
MemFree:         1131888 kB
MemAvailable:    2663776 kB
Buffers:            4772 kB
Cached:          1370420 kB
SwapCached:         8268 kB
Active:          3547628 kB
Inactive:         634800 kB
Active(anon):    2753792 kB
Inactive(anon):    73380 kB
Active(file):     793836 kB
Inactive(file):   561420 kB
Unevictable:        6304 kB
Mlocked:            5864 kB
SwapTotal:       4718584 kB
SwapFree:        4001016 kB
Dirty:               440 kB
Writeback:             0 kB
AnonPages:       2809036 kB
Mapped:           676064 kB
Shmem:             15348 kB
KReclaimable:     566856 kB
Slab:             317336 kB
SReclaimable:      85132 kB
SUnreclaim:       232204 kB
KernelStack:       50608 kB
ShadowCallStack:   12680 kB
PageTables:        76144 kB
NFS_Unstable:          0 kB
Bounce:                0 kB
WritebackTmp:          0 kB
CommitLimit:     8677876 kB
Committed_AS:   73623276 kB
VmallocTotal:   263061440 kB
VmallocUsed:      134988 kB
VmallocChunk:          0 kB
Percpu:             2448 kB
CmaTotal:         405504 kB
CmaFree:               0 kB
MemTotal:        7918588 kB
MemFree:         1078952 kB
MemAvailable:    2610336 kB
Buffers:            4772 kB
Cached:          1370424 kB
SwapCached:         8268 kB
Active:          3600744 kB
Inactive:         634800 kB
Active(anon):    2806908 kB
Inactive(anon):    73380 kB
Active(file):     793836 kB
Inactive(file):   561420 kB
Unevictable:        6304 kB
Mlocked:            5864 kB
SwapTotal:       4718584 kB
SwapFree:        4001016 kB
Dirty:               376 kB
Writeback:             0 kB
AnonPages:       2861864 kB
Mapped:           676476 kB
Shmem:             15352 kB
KReclaimable:     566352 kB
Slab:             317360 kB
SReclaimable:      85132 kB
SUnreclaim:       232228 kB
KernelStack:       50688 kB
ShadowCallStack:   12692 kB
PageTables:        76588 kB
NFS_Unstable:          0 kB
Bounce:                0 kB
WritebackTmp:          0 kB
CommitLimit:     8677876 kB
Committed_AS:   73770740 kB
VmallocTotal:   263061440 kB
VmallocUsed:      135004 kB
VmallocChunk:          0 kB
Percpu:             2448 kB
CmaTotal:         405504 kB
CmaFree:               0 kB
MemTotal:        7918588 kB
MemFree:         1039716 kB
MemAvailable:    2570252 kB
Buffers:            4780 kB
Cached:          1370424 kB
SwapCached:         8268 kB
Active:          3638576 kB
Inactive:         634808 kB
Active(anon):    2844740 kB
Inactive(anon):    73380 kB
Active(file):     793836 kB
Inactive(file):   561428 kB
Unevictable:        6304 kB
Mlocked:            5864 kB
SwapTotal:       4718584 kB
SwapFree:        4001016 kB
Dirty:               264 kB
Writeback:             0 kB
AnonPages:       2899684 kB
Mapped:           676892 kB
Shmem:             15352 kB
KReclaimable:     565496 kB
Slab:             317384 kB
SReclaimable:      85132 kB
SUnreclaim:       232252 kB
KernelStack:       50656 kB
ShadowCallStack:   12692 kB
PageTables:        76548 kB
NFS_Unstable:          0 kB
Bounce:                0 kB
WritebackTmp:          0 kB
CommitLimit:     8677876 kB
Committed_AS:   73836280 kB
VmallocTotal:   263061440 kB
VmallocUsed:      135024 kB
VmallocChunk:          0 kB
Percpu:             2448 kB
CmaTotal:         405504 kB
CmaFree:               0 kB
MemTotal:        7918588 kB
MemFree:         1006736 kB
MemAvailable:    2536596 kB
Buffers:            4780 kB
Cached:          1370436 kB
SwapCached:         8268 kB
Active:          3671588 kB
Inactive:         634812 kB
Active(anon):    2877752 kB
Inactive(anon):    73380 kB
Active(file):     793836 kB
Inactive(file):   561432 kB
Unevictable:        6304 kB
Mlocked:            5864 kB
SwapTotal:       4718584 kB
SwapFree:        4001016 kB
Dirty:               264 kB
Writeback:             4 kB
AnonPages:       2932964 kB
Mapped:           677348 kB
Shmem:             15360 kB
KReclaimable:     564816 kB
Slab:             317384 kB
SReclaimable:      85132 kB
SUnreclaim:       232252 kB
KernelStack:       50688 kB
ShadowCallStack:   12692 kB
PageTables:        76696 kB
NFS_Unstable:          0 kB
Bounce:                0 kB
WritebackTmp:          0 kB
CommitLimit:     8677876 kB
Committed_AS:   73934580 kB
VmallocTotal:   263061440 kB
VmallocUsed:      135024 kB
VmallocChunk:          0 kB
Percpu:             2448 kB
CmaTotal:         405504 kB
CmaFree:               0 kB
MemTotal:        7918588 kB
MemFree:          967100 kB
MemAvailable:    2496516 kB
Buffers:            4780 kB
Cached:          1370440 kB
SwapCached:         8268 kB
Active:          3712656 kB
Inactive:         634816 kB
Active(anon):    2918820 kB
Inactive(anon):    73380 kB
Active(file):     793836 kB
Inactive(file):   561436 kB
Unevictable:        6304 kB
Mlocked:            5864 kB
SwapTotal:       4718584 kB
SwapFree:        4001016 kB
Dirty:               296 kB
Writeback:             0 kB
AnonPages:       2973940 kB
Mapped:           677440 kB
Shmem:             15360 kB
KReclaimable:     564368 kB
Slab:             317424 kB
SReclaimable:      85132 kB
SUnreclaim:       232292 kB
KernelStack:       50592 kB
ShadowCallStack:   12680 kB
PageTables:        76880 kB
NFS_Unstable:          0 kB
Bounce:                0 kB
WritebackTmp:          0 kB
CommitLimit:     8677876 kB
Committed_AS:   74016348 kB
VmallocTotal:   263061440 kB
VmallocUsed:      134964 kB
VmallocChunk:          0 kB
Percpu:             2448 kB
CmaTotal:         405504 kB
CmaFree:               0 kB
MemTotal:        7918588 kB
MemFree:          910952 kB
MemAvailable:    2318320 kB
Buffers:            4780 kB
Cached:          1370552 kB
SwapCached:         8268 kB
Active:          3767332 kB
Inactive:         634804 kB
Active(anon):    2973496 kB
Inactive(anon):    73368 kB
Active(file):     793836 kB
Inactive(file):   561436 kB
Unevictable:        6304 kB
Mlocked:            5864 kB
SwapTotal:       4718584 kB
SwapFree:        4001016 kB
Dirty:               324 kB
Writeback:             0 kB
AnonPages:       3028528 kB
Mapped:           678148 kB
Shmem:             15472 kB
KReclaimable:     442320 kB
Slab:             317488 kB
SReclaimable:      85132 kB
SUnreclaim:       232356 kB
KernelStack:       50720 kB
ShadowCallStack:   12704 kB
PageTables:        77160 kB
NFS_Unstable:          0 kB
Bounce:                0 kB
WritebackTmp:          0 kB
CommitLimit:     8677876 kB
Committed_AS:   74033080 kB
VmallocTotal:   263061440 kB
VmallocUsed:      135104 kB
VmallocChunk:          0 kB
Percpu:             2448 kB
CmaTotal:         405504 kB
CmaFree:               0 kB
MemTotal:        7918588 kB
MemFree:          897800 kB
MemAvailable:    2425904 kB
Buffers:            4780 kB
Cached:          1370440 kB
SwapCached:         8268 kB
Active:          3780068 kB
Inactive:         634804 kB
Active(anon):    2986232 kB
Inactive(anon):    73368 kB
Active(file):     793836 kB
Inactive(file):   561436 kB
Unevictable:        6304 kB
Mlocked:            5864 kB
SwapTotal:       4718584 kB
SwapFree:        4001016 kB
Dirty:               324 kB
Writeback:             0 kB
AnonPages:       3041372 kB
Mapped:           678156 kB
Shmem:             15360 kB
KReclaimable:     563056 kB
Slab:             317496 kB
SReclaimable:      85132 kB
SUnreclaim:       232364 kB
KernelStack:       50608 kB
ShadowCallStack:   12676 kB
PageTables:        77096 kB
NFS_Unstable:          0 kB
Bounce:                0 kB
WritebackTmp:          0 kB
CommitLimit:     8677876 kB
Committed_AS:   74163756 kB
VmallocTotal:   263061440 kB
VmallocUsed:      134948 kB
VmallocChunk:          0 kB
Percpu:             2448 kB
CmaTotal:         405504 kB
CmaFree:               0 kB
MemTotal:        7918588 kB
MemFree:          858044 kB
MemAvailable:    2385404 kB
Buffers:            4804 kB
Cached:          1370448 kB
SwapCached:         8268 kB
Active:          3819684 kB
Inactive:         634828 kB
Active(anon):    3025848 kB
Inactive(anon):    73368 kB
Active(file):     793836 kB
Inactive(file):   561460 kB
Unevictable:        6304 kB
Mlocked:            5864 kB
SwapTotal:       4718584 kB
SwapFree:        4001016 kB
Dirty:               340 kB
Writeback:             0 kB
AnonPages:       3080928 kB
Mapped:           678716 kB
Shmem:             15368 kB
KReclaimable:     562288 kB
Slab:             317476 kB
SReclaimable:      85132 kB
SUnreclaim:       232344 kB
KernelStack:       50608 kB
ShadowCallStack:   12676 kB
PageTables:        77456 kB
NFS_Unstable:          0 kB
Bounce:                0 kB
WritebackTmp:          0 kB
CommitLimit:     8677876 kB
Committed_AS:   74245684 kB
VmallocTotal:   263061440 kB
VmallocUsed:      134944 kB
VmallocChunk:          0 kB
Percpu:             2448 kB
CmaTotal:         405504 kB
CmaFree:               0 kB
MemTotal:        7918588 kB
MemFree:          838860 kB
MemAvailable:    2366224 kB
Buffers:            4804 kB
Cached:          1370468 kB
SwapCached:         8268 kB
Active:          3839008 kB
Inactive:         634848 kB
Active(anon):    3045172 kB
Inactive(anon):    73368 kB
Active(file):     793836 kB
Inactive(file):   561480 kB
Unevictable:        6304 kB
Mlocked:            5864 kB
SwapTotal:       4718584 kB
SwapFree:        4001016 kB
Dirty:               364 kB
Writeback:             0 kB
AnonPages:       3100212 kB
Mapped:           678912 kB
Shmem:             15368 kB
KReclaimable:     562272 kB
Slab:             317476 kB
SReclaimable:      85132 kB
SUnreclaim:       232344 kB
KernelStack:       50608 kB
ShadowCallStack:   12676 kB
PageTables:        77552 kB
NFS_Unstable:          0 kB
Bounce:                0 kB
WritebackTmp:          0 kB
CommitLimit:     8677876 kB
Committed_AS:   74294840 kB
VmallocTotal:   263061440 kB
VmallocUsed:      134948 kB
VmallocChunk:          0 kB
Percpu:             2448 kB
CmaTotal:         405504 kB
CmaFree:               0 kB
MemTotal:        7918588 kB
MemFree:          789384 kB
MemAvailable:    2316060 kB
Buffers:            4804 kB
Cached:          1370468 kB
SwapCached:         8268 kB
Active:          3887928 kB
Inactive:         634848 kB
Active(anon):    3094092 kB
Inactive(anon):    73368 kB
Active(file):     793836 kB
Inactive(file):   561480 kB
Unevictable:        6304 kB
Mlocked:            5864 kB
SwapTotal:       4718584 kB
SwapFree:        4001016 kB
Dirty:               364 kB
Writeback:             0 kB
AnonPages:       3149348 kB
Mapped:           679380 kB
Shmem:             15368 kB
KReclaimable:     561584 kB
Slab:             317540 kB
SReclaimable:      85132 kB
SUnreclaim:       232408 kB
KernelStack:       50560 kB
ShadowCallStack:   12668 kB
PageTables:        77692 kB
NFS_Unstable:          0 kB
Bounce:                0 kB
WritebackTmp:          0 kB
CommitLimit:     8677876 kB
Committed_AS:   74409528 kB
VmallocTotal:   263061440 kB
VmallocUsed:      134948 kB
VmallocChunk:          0 kB
Percpu:             2448 kB
CmaTotal:         405504 kB
CmaFree:               0 kB
MemTotal:        7918588 kB
MemFree:          771748 kB
MemAvailable:    2298216 kB
Buffers:            4812 kB
Cached:          1370472 kB
SwapCached:         8268 kB
Active:          3905612 kB
Inactive:         634856 kB
Active(anon):    3111776 kB
Inactive(anon):    73368 kB
Active(file):     793836 kB
Inactive(file):   561488 kB
Unevictable:        6304 kB
Mlocked:            5864 kB
SwapTotal:       4718584 kB
SwapFree:        4001016 kB
Dirty:               384 kB
Writeback:             0 kB
AnonPages:       3166816 kB
Mapped:           679316 kB
Shmem:             15372 kB
KReclaimable:     561368 kB
Slab:             317496 kB
SReclaimable:      85116 kB
SUnreclaim:       232380 kB
KernelStack:       50608 kB
ShadowCallStack:   12676 kB
PageTables:        77828 kB
NFS_Unstable:          0 kB
Bounce:                0 kB
WritebackTmp:          0 kB
CommitLimit:     8677876 kB
Committed_AS:   74442296 kB
VmallocTotal:   263061440 kB
VmallocUsed:      134948 kB
VmallocChunk:          0 kB
Percpu:             2448 kB
CmaTotal:         405504 kB
CmaFree:               0 kB
MemTotal:        7918588 kB
MemFree:          722848 kB
MemAvailable:    2248892 kB
Buffers:            4812 kB
Cached:          1370472 kB
SwapCached:         8268 kB
Active:          3954784 kB
Inactive:         634856 kB
Active(anon):    3160948 kB
Inactive(anon):    73368 kB
Active(file):     793836 kB
Inactive(file):   561488 kB
Unevictable:        6304 kB
Mlocked:            5864 kB
SwapTotal:       4718584 kB
SwapFree:        4001016 kB
Dirty:               384 kB
Writeback:             0 kB
AnonPages:       3215924 kB
Mapped:           679716 kB
Shmem:             15372 kB
KReclaimable:     560944 kB
Slab:             317500 kB
SReclaimable:      85100 kB
SUnreclaim:       232400 kB
KernelStack:       50608 kB
ShadowCallStack:   12676 kB
PageTables:        77996 kB
NFS_Unstable:          0 kB
Bounce:                0 kB
WritebackTmp:          0 kB
CommitLimit:     8677876 kB
Committed_AS:   74556984 kB
VmallocTotal:   263061440 kB
VmallocUsed:      134944 kB
VmallocChunk:          0 kB
Percpu:             2448 kB
CmaTotal:         405504 kB
CmaFree:               0 kB
MemTotal:        7918588 kB
MemFree:          684516 kB
MemAvailable:    2209816 kB
Buffers:            4820 kB
Cached:          1370472 kB
SwapCached:         8268 kB
Active:          3992112 kB
Inactive:         634864 kB
Active(anon):    3198276 kB
Inactive(anon):    73368 kB
Active(file):     793836 kB
Inactive(file):   561496 kB
Unevictable:        6304 kB
Mlocked:            5864 kB
SwapTotal:       4718584 kB
SwapFree:        4001016 kB
Dirty:               388 kB
Writeback:             0 kB
AnonPages:       3253344 kB
Mapped:           680220 kB
Shmem:             15372 kB
KReclaimable:     560192 kB
Slab:             317516 kB
SReclaimable:      85100 kB
SUnreclaim:       232416 kB
KernelStack:       50608 kB
ShadowCallStack:   12676 kB
PageTables:        78200 kB
NFS_Unstable:          0 kB
Bounce:                0 kB
WritebackTmp:          0 kB
CommitLimit:     8677876 kB
Committed_AS:   74638908 kB
VmallocTotal:   263061440 kB
VmallocUsed:      134928 kB
VmallocChunk:          0 kB
Percpu:             2448 kB
CmaTotal:         405504 kB
CmaFree:               0 kB
MemTotal:        7918588 kB
MemFree:          672140 kB
MemAvailable:    2197300 kB
Buffers:            4820 kB
Cached:          1370476 kB
SwapCached:         8268 kB
Active:          4004628 kB
Inactive:         634868 kB
Active(anon):    3210792 kB
Inactive(anon):    73368 kB
Active(file):     793836 kB
Inactive(file):   561500 kB
Unevictable:        6304 kB
Mlocked:            5864 kB
SwapTotal:       4718584 kB
SwapFree:        4001016 kB
Dirty:               388 kB
Writeback:             0 kB
AnonPages:       3265812 kB
Mapped:           680332 kB
Shmem:             15372 kB
KReclaimable:     560048 kB
Slab:             317540 kB
SReclaimable:      85116 kB
SUnreclaim:       232424 kB
KernelStack:       50592 kB
ShadowCallStack:   12668 kB
PageTables:        78276 kB
NFS_Unstable:          0 kB
Bounce:                0 kB
WritebackTmp:          0 kB
CommitLimit:     8677876 kB
Committed_AS:   74638852 kB
VmallocTotal:   263061440 kB
VmallocUsed:      134924 kB
VmallocChunk:          0 kB
Percpu:             2448 kB
CmaTotal:         405504 kB
CmaFree:               0 kB
MemTotal:        7918588 kB
MemFree:          614372 kB
MemAvailable:    2138388 kB
Buffers:            4820 kB
Cached:          1370488 kB
SwapCached:         8268 kB
Active:          4062064 kB
Inactive:         634876 kB
Active(anon):    3268228 kB
Inactive(anon):    73368 kB
Active(file):     793836 kB
Inactive(file):   561508 kB
Unevictable:        6304 kB
Mlocked:            5864 kB
SwapTotal:       4718584 kB
SwapFree:        4001016 kB
Dirty:               400 kB
Writeback:             0 kB
AnonPages:       3323320 kB
Mapped:           681016 kB
Shmem:             15376 kB
KReclaimable:     558896 kB
Slab:             317572 kB
SReclaimable:      85116 kB
SUnreclaim:       232456 kB
KernelStack:       50592 kB
ShadowCallStack:   12668 kB
PageTables:        78584 kB
NFS_Unstable:          0 kB
Bounce:                0 kB
WritebackTmp:          0 kB
CommitLimit:     8677876 kB
Committed_AS:   74786312 kB
VmallocTotal:   263061440 kB
VmallocUsed:      134928 kB
VmallocChunk:          0 kB
Percpu:             2448 kB
CmaTotal:         405504 kB
CmaFree:               0 kB
MemTotal:        7918588 kB
MemFree:          585360 kB
MemAvailable:    2109048 kB
Buffers:            4828 kB
Cached:          1370480 kB
SwapCached:         8268 kB
Active:          4091056 kB
Inactive:         634876 kB
Active(anon):    3297220 kB
Inactive(anon):    73368 kB
Active(file):     793836 kB
Inactive(file):   561508 kB
Unevictable:        6304 kB
Mlocked:            5864 kB
SwapTotal:       4718584 kB
SwapFree:        4001016 kB
Dirty:               400 kB
Writeback:             0 kB
AnonPages:       3352244 kB
Mapped:           681028 kB
Shmem:             15376 kB
KReclaimable:     558568 kB
Slab:             317588 kB
SReclaimable:      85116 kB
SUnreclaim:       232472 kB
KernelStack:       50544 kB
ShadowCallStack:   12664 kB
PageTables:        78580 kB
NFS_Unstable:          0 kB
Bounce:                0 kB
WritebackTmp:          0 kB
CommitLimit:     8677876 kB
Committed_AS:   74835360 kB
VmallocTotal:   263061440 kB
VmallocUsed:      134864 kB
VmallocChunk:          0 kB
Percpu:             2448 kB
CmaTotal:         405504 kB
CmaFree:               0 kB
MemTotal:        7918588 kB
MemFree:          567980 kB
MemAvailable:    2091524 kB
Buffers:            4828 kB
Cached:          1370492 kB
SwapCached:         8268 kB
Active:          4107688 kB
Inactive:         634884 kB
Active(anon):    3313852 kB
Inactive(anon):    73368 kB
Active(file):     793836 kB
Inactive(file):   561516 kB
Unevictable:        6304 kB
Mlocked:            5864 kB
SwapTotal:       4718584 kB
SwapFree:        4001016 kB
Dirty:               416 kB
Writeback:             0 kB
AnonPages:       3368804 kB
Mapped:           681156 kB
Shmem:             15380 kB
KReclaimable:     558416 kB
Slab:             317596 kB
SReclaimable:      85116 kB
SUnreclaim:       232480 kB
KernelStack:       50560 kB
ShadowCallStack:   12672 kB
PageTables:        78608 kB
NFS_Unstable:          0 kB
Bounce:                0 kB
WritebackTmp:          0 kB
CommitLimit:     8677876 kB
Committed_AS:   74868132 kB
VmallocTotal:   263061440 kB
VmallocUsed:      134892 kB
VmallocChunk:          0 kB
Percpu:             2448 kB
CmaTotal:         405504 kB
CmaFree:               0 kB
MemTotal:        7918588 kB
MemFree:          509700 kB
MemAvailable:    2032496 kB
Buffers:            4852 kB
Cached:          1370488 kB
SwapCached:         8268 kB
Active:          4166300 kB
Inactive:         634904 kB
Active(anon):    3372464 kB
Inactive(anon):    73368 kB
Active(file):     793836 kB
Inactive(file):   561536 kB
Unevictable:        6304 kB
Mlocked:            5864 kB
SwapTotal:       4718584 kB
SwapFree:        4001016 kB
Dirty:               204 kB
Writeback:           104 kB
AnonPages:       3427512 kB
Mapped:           681648 kB
Shmem:             15380 kB
KReclaimable:     557648 kB
Slab:             317624 kB
SReclaimable:      85116 kB
SUnreclaim:       232508 kB
KernelStack:       50528 kB
ShadowCallStack:   12652 kB
PageTables:        78936 kB
NFS_Unstable:          0 kB
Bounce:                0 kB
WritebackTmp:          0 kB
CommitLimit:     8677876 kB
Committed_AS:   75015588 kB
VmallocTotal:   263061440 kB
VmallocUsed:      134904 kB
VmallocChunk:          0 kB
Percpu:             2448 kB
CmaTotal:         405504 kB
CmaFree:               0 kB
MemTotal:        7918588 kB
MemFree:          495088 kB
MemAvailable:    2017388 kB
Buffers:            4852 kB
Cached:          1370504 kB
SwapCached:         8268 kB
Active:          4180456 kB
Inactive:         634920 kB
Active(anon):    3386620 kB
Inactive(anon):    73368 kB
Active(file):     793836 kB
Inactive(file):   561552 kB
Unevictable:        6304 kB
Mlocked:            5864 kB
SwapTotal:       4718584 kB
SwapFree:        4001016 kB
Dirty:               140 kB
Writeback:             0 kB
AnonPages:       3441592 kB
Mapped:           682048 kB
Shmem:             15380 kB
KReclaimable:     557136 kB
Slab:             317640 kB
SReclaimable:      85116 kB
SUnreclaim:       232524 kB
KernelStack:       50528 kB
ShadowCallStack:   12652 kB
PageTables:        79036 kB
NFS_Unstable:          0 kB
Bounce:                0 kB
WritebackTmp:          0 kB
CommitLimit:     8677876 kB
Committed_AS:   75031816 kB
VmallocTotal:   263061440 kB
VmallocUsed:      134832 kB
VmallocChunk:          0 kB
Percpu:             2448 kB
CmaTotal:         405504 kB
CmaFree:               0 kB
MemTotal:        7918588 kB
MemFree:          448676 kB
MemAvailable:    1970544 kB
Buffers:            4852 kB
Cached:          1370504 kB
SwapCached:         8268 kB
Active:          4226984 kB
Inactive:         634920 kB
Active(anon):    3433148 kB
Inactive(anon):    73368 kB
Active(file):     793836 kB
Inactive(file):   561552 kB
Unevictable:        6304 kB
Mlocked:            5864 kB
SwapTotal:       4718584 kB
SwapFree:        4001016 kB
Dirty:               140 kB
Writeback:             0 kB
AnonPages:       3488120 kB
Mapped:           682160 kB
Shmem:             15380 kB
KReclaimable:     556704 kB
Slab:             317656 kB
SReclaimable:      85116 kB
SUnreclaim:       232540 kB
KernelStack:       50464 kB
ShadowCallStack:   12644 kB
PageTables:        79236 kB
NFS_Unstable:          0 kB
Bounce:                0 kB
WritebackTmp:          0 kB
CommitLimit:     8677876 kB
Committed_AS:   75146452 kB
VmallocTotal:   263061440 kB
VmallocUsed:      134784 kB
VmallocChunk:          0 kB
Percpu:             2448 kB
CmaTotal:         405504 kB
CmaFree:               0 kB
MemTotal:        7918588 kB
MemFree:          412076 kB
MemAvailable:    1933184 kB
Buffers:            4852 kB
Cached:          1370504 kB
SwapCached:         8268 kB
Active:          4263664 kB
Inactive:         634920 kB
Active(anon):    3469828 kB
Inactive(anon):    73368 kB
Active(file):     793836 kB
Inactive(file):   561552 kB
Unevictable:        6304 kB
Mlocked:            5864 kB
SwapTotal:       4718584 kB
SwapFree:        4001016 kB
Dirty:               168 kB
Writeback:             0 kB
AnonPages:       3524888 kB
Mapped:           682688 kB
Shmem:             15380 kB
KReclaimable:     555944 kB
Slab:             317664 kB
SReclaimable:      85116 kB
SUnreclaim:       232548 kB
KernelStack:       50480 kB
ShadowCallStack:   12636 kB
PageTables:        79300 kB
NFS_Unstable:          0 kB
Bounce:                0 kB
WritebackTmp:          0 kB
CommitLimit:     8677876 kB
Committed_AS:   75228216 kB
VmallocTotal:   263061440 kB
VmallocUsed:      134760 kB
VmallocChunk:          0 kB
Percpu:             2448 kB
CmaTotal:         405504 kB
CmaFree:               0 kB
MemTotal:        7918588 kB
MemFree:          408108 kB
MemAvailable:    1929208 kB
Buffers:            4852 kB
Cached:          1370504 kB
SwapCached:         8268 kB
Active:          4267812 kB
Inactive:         634920 kB
Active(anon):    3473976 kB
Inactive(anon):    73368 kB
Active(file):     793836 kB
Inactive(file):   561552 kB
Unevictable:        6304 kB
Mlocked:            5864 kB
SwapTotal:       4718584 kB
SwapFree:        4001016 kB
Dirty:               168 kB
Writeback:             0 kB
AnonPages:       3529100 kB
Mapped:           682704 kB
Shmem:             15380 kB
KReclaimable:     555936 kB
Slab:             317656 kB
SReclaimable:      85116 kB
SUnreclaim:       232540 kB
KernelStack:       50352 kB
ShadowCallStack:   12612 kB
PageTables:        79388 kB
NFS_Unstable:          0 kB
Bounce:                0 kB
WritebackTmp:          0 kB
CommitLimit:     8677876 kB
Committed_AS:   75244236 kB
VmallocTotal:   263061440 kB
VmallocUsed:      134608 kB
VmallocChunk:          0 kB
Percpu:             2448 kB
CmaTotal:         405504 kB
CmaFree:               0 kB
MemTotal:        7918588 kB
MemFree:          340040 kB
MemAvailable:    1860100 kB
Buffers:            4860 kB
Cached:          1370504 kB
SwapCached:         8268 kB
Active:          4334908 kB
Inactive:         634928 kB
Active(anon):    3541072 kB
Inactive(anon):    73368 kB
Active(file):     793836 kB
Inactive(file):   561560 kB
Unevictable:        6304 kB
Mlocked:            5864 kB
SwapTotal:       4718584 kB
SwapFree:        4001016 kB
Dirty:               196 kB
Writeback:             0 kB
AnonPages:       3596100 kB
Mapped:           683348 kB
Shmem:             15380 kB
KReclaimable:     554888 kB
Slab:             317716 kB
SReclaimable:      85116 kB
SUnreclaim:       232600 kB
KernelStack:       50336 kB
ShadowCallStack:   12608 kB
PageTables:        79728 kB
NFS_Unstable:          0 kB
Bounce:                0 kB
WritebackTmp:          0 kB
CommitLimit:     8677876 kB
Committed_AS:   75408076 kB
VmallocTotal:   263061440 kB
VmallocUsed:      134604 kB
VmallocChunk:          0 kB
Percpu:             2448 kB
CmaTotal:         405504 kB
CmaFree:               0 kB
MemTotal:        7918588 kB
MemFree:          320584 kB
MemAvailable:    1840252 kB
Buffers:            4860 kB
Cached:          1370504 kB
SwapCached:         8268 kB
Active:          4354308 kB
Inactive:         634928 kB
Active(anon):    3560472 kB
Inactive(anon):    73368 kB
Active(file):     793836 kB
Inactive(file):   561560 kB
Unevictable:        6304 kB
Mlocked:            5864 kB
SwapTotal:       4718584 kB
SwapFree:        4001016 kB
Dirty:               196 kB
Writeback:             0 kB
AnonPages:       3615688 kB
Mapped:           683504 kB
Shmem:             15380 kB
KReclaimable:     554496 kB
Slab:             317708 kB
SReclaimable:      85116 kB
SUnreclaim:       232592 kB
KernelStack:       50272 kB
ShadowCallStack:   12596 kB
PageTables:        79852 kB
NFS_Unstable:          0 kB
Bounce:                0 kB
WritebackTmp:          0 kB
CommitLimit:     8677876 kB
Committed_AS:   75440688 kB
VmallocTotal:   263061440 kB
VmallocUsed:      134556 kB
VmallocChunk:          0 kB
Percpu:             2448 kB
CmaTotal:         405504 kB
CmaFree:               0 kB
MemTotal:        7918588 kB
MemFree:          294120 kB
MemAvailable:    1813696 kB
Buffers:            4860 kB
Cached:          1370528 kB
SwapCached:         8268 kB
Active:          4378996 kB
Inactive:         634940 kB
Active(anon):    3585160 kB
Inactive(anon):    73368 kB
Active(file):     793836 kB
Inactive(file):   561572 kB
Unevictable:        6304 kB
Mlocked:            5864 kB
SwapTotal:       4718584 kB
SwapFree:        4001016 kB
Dirty:               212 kB
Writeback:             0 kB
AnonPages:       3640176 kB
Mapped:           684272 kB
Shmem:             15392 kB
KReclaimable:     554392 kB
Slab:             317744 kB
SReclaimable:      85116 kB
SUnreclaim:       232628 kB
KernelStack:       50224 kB
ShadowCallStack:   12588 kB
PageTables:        79784 kB
NFS_Unstable:          0 kB
Bounce:                0 kB
WritebackTmp:          0 kB
CommitLimit:     8677876 kB
Committed_AS:   75506028 kB
VmallocTotal:   263061440 kB
VmallocUsed:      134484 kB
VmallocChunk:          0 kB
Percpu:             2448 kB
CmaTotal:         405504 kB
CmaFree:               0 kB
MemTotal:        7918588 kB
MemFree:          238288 kB
MemAvailable:    1756944 kB
Buffers:            4868 kB
Cached:          1370532 kB
SwapCached:         8268 kB
Active:          4436620 kB
Inactive:         634948 kB
Active(anon):    3642784 kB
Inactive(anon):    73368 kB
Active(file):     793836 kB
Inactive(file):   561580 kB
Unevictable:        6304 kB
Mlocked:            5864 kB
SwapTotal:       4718584 kB
SwapFree:        4001016 kB
Dirty:               212 kB
Writeback:             0 kB
AnonPages:       3697840 kB
Mapped:           684856 kB
Shmem:             15396 kB
KReclaimable:     553464 kB
Slab:             317712 kB
SReclaimable:      85132 kB
SUnreclaim:       232580 kB
KernelStack:       50224 kB
ShadowCallStack:   12588 kB
PageTables:        80056 kB
NFS_Unstable:          0 kB
Bounce:                0 kB
WritebackTmp:          0 kB
CommitLimit:     8677876 kB
Committed_AS:   75620720 kB
VmallocTotal:   263061440 kB
VmallocUsed:      134452 kB
VmallocChunk:          0 kB
Percpu:             2448 kB
CmaTotal:         405504 kB
CmaFree:               0 kB
MemTotal:        7918588 kB
MemFree:          195516 kB
MemAvailable:    1592612 kB
Buffers:            4868 kB
Cached:          1370552 kB
SwapCached:         8268 kB
Active:          4480372 kB
Inactive:         634948 kB
Active(anon):    3686536 kB
Inactive(anon):    73368 kB
Active(file):     793836 kB
Inactive(file):   561580 kB
Unevictable:        6304 kB
Mlocked:            5864 kB
SwapTotal:       4718584 kB
SwapFree:        4001016 kB
Dirty:               212 kB
Writeback:             0 kB
AnonPages:       3741548 kB
Mapped:           685196 kB
Shmem:             15416 kB
KReclaimable:     431904 kB
Slab:             317728 kB
SReclaimable:      85132 kB
SUnreclaim:       232596 kB
KernelStack:       50320 kB
ShadowCallStack:   12568 kB
PageTables:        80160 kB
NFS_Unstable:          0 kB
Bounce:                0 kB
WritebackTmp:          0 kB
CommitLimit:     8677876 kB
Committed_AS:   75637396 kB
VmallocTotal:   263061440 kB
VmallocUsed:      134580 kB
VmallocChunk:          0 kB
Percpu:             2448 kB
CmaTotal:         405504 kB
CmaFree:               0 kB
MemTotal:        7918588 kB
MemFree:          183868 kB
MemAvailable:    1701852 kB
Buffers:            4900 kB
Cached:          1370532 kB
SwapCached:         8268 kB
Active:          4490564 kB
Inactive:         634980 kB
Active(anon):    3696728 kB
Inactive(anon):    73368 kB
Active(file):     793836 kB
Inactive(file):   561612 kB
Unevictable:        6304 kB
Mlocked:            5864 kB
SwapTotal:       4718584 kB
SwapFree:        4001016 kB
Dirty:               220 kB
Writeback:             0 kB
AnonPages:       3751768 kB
Mapped:           685372 kB
Shmem:             15396 kB
KReclaimable:     552760 kB
Slab:             317720 kB
SReclaimable:      85132 kB
SUnreclaim:       232588 kB
KernelStack:       50192 kB
ShadowCallStack:   12580 kB
PageTables:        80388 kB
NFS_Unstable:          0 kB
Bounce:                0 kB
WritebackTmp:          0 kB
CommitLimit:     8677876 kB
Committed_AS:   75768072 kB
VmallocTotal:   263061440 kB
VmallocUsed:      134452 kB
VmallocChunk:          0 kB
Percpu:             2448 kB
CmaTotal:         405504 kB
CmaFree:               0 kB
MemTotal:        7918588 kB
MemFree:          149868 kB
MemAvailable:    1667356 kB
Buffers:            4900 kB
Cached:          1370584 kB
SwapCached:         8272 kB
Active:          4524552 kB
Inactive:         634988 kB
Active(anon):    3730716 kB
Inactive(anon):    73368 kB
Active(file):     793836 kB
Inactive(file):   561620 kB
Unevictable:        6304 kB
Mlocked:            5864 kB
SwapTotal:       4718584 kB
SwapFree:        4001016 kB
Dirty:               228 kB
Writeback:             0 kB
AnonPages:       3785884 kB
Mapped:           685600 kB
Shmem:             15440 kB
KReclaimable:     552256 kB
Slab:             317776 kB
SReclaimable:      85132 kB
SUnreclaim:       232644 kB
KernelStack:       50160 kB
ShadowCallStack:   12572 kB
PageTables:        80520 kB
NFS_Unstable:          0 kB
Bounce:                0 kB
WritebackTmp:          0 kB
CommitLimit:     8677876 kB
Committed_AS:   75849936 kB
VmallocTotal:   263061440 kB
VmallocUsed:      134396 kB
VmallocChunk:          0 kB
Percpu:             2448 kB
CmaTotal:         405504 kB
CmaFree:               0 kB
MemTotal:        7918588 kB
MemFree:          152208 kB
MemAvailable:    1656232 kB
Buffers:            4900 kB
Cached:          1359660 kB
SwapCached:         8272 kB
Active:          4652292 kB
Inactive:         507044 kB
Active(anon):    3767856 kB
Inactive(anon):    46960 kB
Active(file):     884436 kB
Inactive(file):   460084 kB
Unevictable:        6304 kB
Mlocked:            5864 kB
SwapTotal:       4718584 kB
SwapFree:        4001016 kB
Dirty:               236 kB
Writeback:             0 kB
AnonPages:       3796480 kB
Mapped:           685848 kB
Shmem:             15452 kB
KReclaimable:     549728 kB
Slab:             316872 kB
SReclaimable:      84212 kB
SUnreclaim:       232660 kB
KernelStack:       50160 kB
ShadowCallStack:   12564 kB
PageTables:        80612 kB
NFS_Unstable:          0 kB
Bounce:                0 kB
WritebackTmp:          0 kB
CommitLimit:     8677876 kB
Committed_AS:   75866328 kB
VmallocTotal:   263061440 kB
VmallocUsed:      134372 kB
VmallocChunk:          0 kB
Percpu:             2448 kB
CmaTotal:         405504 kB
CmaFree:               0 kB
MemTotal:        7918588 kB
MemFree:          152108 kB
MemAvailable:    1610336 kB
Buffers:            4900 kB
Cached:          1329800 kB
SwapCached:         8272 kB
Active:          4715908 kB
Inactive:         477184 kB
Active(anon):    3831472 kB
Inactive(anon):    46960 kB
Active(file):     884436 kB
Inactive(file):   430224 kB
Unevictable:        6304 kB
Mlocked:            5864 kB
SwapTotal:       4718584 kB
SwapFree:        4001016 kB
Dirty:               236 kB
Writeback:             0 kB
AnonPages:       3860296 kB
Mapped:           674212 kB
Shmem:             15452 kB
KReclaimable:     533792 kB
Slab:             315796 kB
SReclaimable:      83140 kB
SUnreclaim:       232656 kB
KernelStack:       50144 kB
ShadowCallStack:   12560 kB
PageTables:        80900 kB
NFS_Unstable:          0 kB
Bounce:                0 kB
WritebackTmp:          0 kB
CommitLimit:     8677876 kB
Committed_AS:   76014432 kB
VmallocTotal:   263061440 kB
VmallocUsed:      134372 kB
VmallocChunk:          0 kB
Percpu:             2448 kB
CmaTotal:         405504 kB
CmaFree:               0 kB
MemTotal:        7918588 kB
MemFree:          149500 kB
MemAvailable:    1590928 kB
Buffers:            4900 kB
Cached:          1315796 kB
SwapCached:         8272 kB
Active:          4736976 kB
Inactive:         463176 kB
Active(anon):    3852540 kB
Inactive(anon):    46956 kB
Active(file):     884436 kB
Inactive(file):   416220 kB
Unevictable:        6304 kB
Mlocked:            5864 kB
SwapTotal:       4718584 kB
SwapFree:        4001016 kB
Dirty:               236 kB
Writeback:             0 kB
AnonPages:       3880932 kB
Mapped:           673392 kB
Shmem:             15452 kB
KReclaimable:     530996 kB
Slab:             315592 kB
SReclaimable:      82864 kB
SUnreclaim:       232728 kB
KernelStack:       50144 kB
ShadowCallStack:   12568 kB
PageTables:        80984 kB
NFS_Unstable:          0 kB
Bounce:                0 kB
WritebackTmp:          0 kB
CommitLimit:     8677876 kB
Committed_AS:   76047200 kB
VmallocTotal:   263061440 kB
VmallocUsed:      134384 kB
VmallocChunk:          0 kB
Percpu:             2448 kB
CmaTotal:         405504 kB
CmaFree:               0 kB
MemTotal:        7918588 kB
MemFree:          149360 kB
MemAvailable:    1559616 kB
Buffers:            4900 kB
Cached:          1290392 kB
SwapCached:         8272 kB
Active:          4766456 kB
Inactive:         437760 kB
Active(anon):    3882004 kB
Inactive(anon):    46960 kB
Active(file):     884452 kB
Inactive(file):   390800 kB
Unevictable:        6304 kB
Mlocked:            5864 kB
SwapTotal:       4718584 kB
SwapFree:        4001016 kB
Dirty:               236 kB
Writeback:             0 kB
AnonPages:       3910600 kB
Mapped:           663416 kB
Shmem:             15452 kB
KReclaimable:     525228 kB
Slab:             315352 kB
SReclaimable:      82624 kB
SUnreclaim:       232728 kB
KernelStack:       50160 kB
ShadowCallStack:   12564 kB
PageTables:        81112 kB
NFS_Unstable:          0 kB
Bounce:                0 kB
WritebackTmp:          0 kB
CommitLimit:     8677876 kB
Committed_AS:   76129120 kB
VmallocTotal:   263061440 kB
VmallocUsed:      134388 kB
VmallocChunk:          0 kB
Percpu:             2448 kB
CmaTotal:         405504 kB
CmaFree:               0 kB
MemTotal:        7918588 kB
MemFree:          152352 kB
MemAvailable:    1502736 kB
Buffers:            4908 kB
Cached:          1240252 kB
SwapCached:         8272 kB
Active:          4821292 kB
Inactive:         387600 kB
Active(anon):    3936816 kB
Inactive(anon):    46956 kB
Active(file):     884476 kB
Inactive(file):   340644 kB
Unevictable:        6304 kB
Mlocked:            5864 kB
SwapTotal:       4718584 kB
SwapFree:        4001016 kB
Dirty:               248 kB
Writeback:             0 kB
AnonPages:       3965400 kB
Mapped:           645612 kB
Shmem:             15452 kB
KReclaimable:     515488 kB
Slab:             314892 kB
SReclaimable:      82116 kB
SUnreclaim:       232776 kB
KernelStack:       50176 kB
ShadowCallStack:   12564 kB
PageTables:        81404 kB
NFS_Unstable:          0 kB
Bounce:                0 kB
WritebackTmp:          0 kB
CommitLimit:     8677876 kB
Committed_AS:   76227428 kB
VmallocTotal:   263061440 kB
VmallocUsed:      134384 kB
VmallocChunk:          0 kB
Percpu:             2448 kB
CmaTotal:         405504 kB
CmaFree:               0 kB
MemTotal:        7918588 kB
MemFree:          149956 kB
MemAvailable:    1500308 kB
Buffers:            4908 kB
Cached:          1240252 kB
SwapCached:         8272 kB
Active:          4823604 kB
Inactive:         387604 kB
Active(anon):    3939128 kB
Inactive(anon):    46960 kB
Active(file):     884476 kB
Inactive(file):   340644 kB
Unevictable:        6304 kB
Mlocked:            5864 kB
SwapTotal:       4718584 kB
SwapFree:        4001016 kB
Dirty:               248 kB
Writeback:             0 kB
AnonPages:       3967672 kB
Mapped:           645788 kB
Shmem:             15452 kB
KReclaimable:     515456 kB
Slab:             314908 kB
SReclaimable:      82116 kB
SUnreclaim:       232792 kB
KernelStack:       50176 kB
ShadowCallStack:   12564 kB
PageTables:        81200 kB
NFS_Unstable:          0 kB
Bounce:                0 kB
WritebackTmp:          0 kB
CommitLimit:     8677876 kB
Committed_AS:   76227424 kB
VmallocTotal:   263061440 kB
VmallocUsed:      134352 kB
VmallocChunk:          0 kB
Percpu:             2448 kB
CmaTotal:         405504 kB
CmaFree:               0 kB
MemTotal:        7918588 kB
MemFree:          149860 kB
MemAvailable:    1441196 kB
Buffers:            4908 kB
Cached:          1190332 kB
SwapCached:         8272 kB
Active:          4881084 kB
Inactive:         337672 kB
Active(anon):    3996608 kB
Inactive(anon):    46948 kB
Active(file):     884476 kB
Inactive(file):   290724 kB
Unevictable:        6304 kB
Mlocked:            5864 kB
SwapTotal:       4718584 kB
SwapFree:        4001016 kB
Dirty:               156 kB
Writeback:             0 kB
AnonPages:       4025124 kB
Mapped:           646080 kB
Shmem:             15452 kB
KReclaimable:     506360 kB
Slab:             313656 kB
SReclaimable:      80820 kB
SUnreclaim:       232836 kB
KernelStack:       50160 kB
ShadowCallStack:   12564 kB
PageTables:        81832 kB
NFS_Unstable:          0 kB
Bounce:                0 kB
WritebackTmp:          0 kB
CommitLimit:     8677876 kB
Committed_AS:   76358496 kB
VmallocTotal:   263061440 kB
VmallocUsed:      134384 kB
VmallocChunk:          0 kB
Percpu:             2448 kB
CmaTotal:         405504 kB
CmaFree:               0 kB
MemTotal:        7918588 kB
MemFree:          149492 kB
MemAvailable:    1414900 kB
Buffers:            4908 kB
Cached:          1169236 kB
SwapCached:         8272 kB
Active:          4907276 kB
Inactive:         316588 kB
Active(anon):    4022800 kB
Inactive(anon):    46960 kB
Active(file):     884476 kB
Inactive(file):   269628 kB
Unevictable:        6304 kB
Mlocked:            5864 kB
SwapTotal:       4718584 kB
SwapFree:        4001016 kB
Dirty:               156 kB
Writeback:             0 kB
AnonPages:       4051356 kB
Mapped:           644884 kB
Shmem:             15452 kB
KReclaimable:     501528 kB
Slab:             313124 kB
SReclaimable:      80180 kB
SUnreclaim:       232944 kB
KernelStack:       50160 kB
ShadowCallStack:   12572 kB
PageTables:        81660 kB
NFS_Unstable:          0 kB
Bounce:                0 kB
WritebackTmp:          0 kB
CommitLimit:     8677876 kB
Committed_AS:   76391264 kB
VmallocTotal:   263061440 kB
VmallocUsed:      134388 kB
VmallocChunk:          0 kB
Percpu:             2448 kB
CmaTotal:         405504 kB
CmaFree:               0 kB
MemTotal:        7918588 kB
MemFree:          151692 kB
MemAvailable:    1401620 kB
Buffers:            4908 kB
Cached:          1156284 kB
SwapCached:         8272 kB
Active:          4920884 kB
Inactive:         303624 kB
Active(anon):    4036408 kB
Inactive(anon):    46948 kB
Active(file):     884476 kB
Inactive(file):   256676 kB
Unevictable:        6304 kB
Mlocked:            5864 kB
SwapTotal:       4718584 kB
SwapFree:        4001016 kB
Dirty:               156 kB
Writeback:             0 kB
AnonPages:       4065160 kB
Mapped:           645112 kB
Shmem:             15452 kB
KReclaimable:     499000 kB
Slab:             312700 kB
SReclaimable:      79828 kB
SUnreclaim:       232872 kB
KernelStack:       50160 kB
ShadowCallStack:   12572 kB
PageTables:        81980 kB
NFS_Unstable:          0 kB
Bounce:                0 kB
WritebackTmp:          0 kB
CommitLimit:     8677876 kB
Committed_AS:   76424032 kB
VmallocTotal:   263061440 kB
VmallocUsed:      134388 kB
VmallocChunk:          0 kB
Percpu:             2448 kB
CmaTotal:         405504 kB
CmaFree:               0 kB
MemTotal:        7918588 kB
MemFree:          150568 kB
MemAvailable:    1341948 kB
Buffers:            4932 kB
Cached:          1106708 kB
SwapCached:         8272 kB
Active:          4980208 kB
Inactive:         253912 kB
Active(anon):    4095732 kB
Inactive(anon):    46960 kB
Active(file):     884476 kB
Inactive(file):   206952 kB
Unevictable:        6304 kB
Mlocked:            5864 kB
SwapTotal:       4718584 kB
SwapFree:        4001016 kB
Dirty:               156 kB
Writeback:             0 kB
AnonPages:       4124308 kB
Mapped:           645608 kB
Shmem:             15452 kB
KReclaimable:     490176 kB
Slab:             311764 kB
SReclaimable:      78892 kB
SUnreclaim:       232872 kB
KernelStack:       50112 kB
ShadowCallStack:   12556 kB
PageTables:        81660 kB
NFS_Unstable:          0 kB
Bounce:                0 kB
WritebackTmp:          0 kB
CommitLimit:     8677876 kB
Committed_AS:   76571488 kB
VmallocTotal:   263061440 kB
VmallocUsed:      134364 kB
VmallocChunk:          0 kB
Percpu:             2448 kB
CmaTotal:         405504 kB
CmaFree:               0 kB
MemTotal:        7918588 kB
MemFree:          151080 kB
MemAvailable:    1322716 kB
Buffers:            4932 kB
Cached:          1089860 kB
SwapCached:         8272 kB
Active:          4999112 kB
Inactive:         237232 kB
Active(anon):    4114636 kB
Inactive(anon):    46956 kB
Active(file):     884476 kB
Inactive(file):   190276 kB
Unevictable:        6304 kB
Mlocked:            5864 kB
SwapTotal:       4718584 kB
SwapFree:        4001016 kB
Dirty:               292 kB
Writeback:             0 kB
AnonPages:       4143320 kB
Mapped:           645688 kB
Shmem:             15452 kB
KReclaimable:     487108 kB
Slab:             311144 kB
SReclaimable:      78208 kB
SUnreclaim:       232936 kB
KernelStack:       50176 kB
ShadowCallStack:   12560 kB
PageTables:        82128 kB
NFS_Unstable:          0 kB
Bounce:                0 kB
WritebackTmp:          0 kB
CommitLimit:     8677876 kB
Committed_AS:   76587872 kB
VmallocTotal:   263061440 kB
VmallocUsed:      134372 kB
VmallocChunk:          0 kB
Percpu:             2448 kB
CmaTotal:         405504 kB
CmaFree:               4 kB
MemTotal:        7918588 kB
MemFree:          150948 kB
MemAvailable:    1286860 kB
Buffers:            4940 kB
Cached:          1059188 kB
SwapCached:         8272 kB
Active:          5033132 kB
Inactive:         206744 kB
Active(anon):    4148656 kB
Inactive(anon):    46960 kB
Active(file):     884476 kB
Inactive(file):   159784 kB
Unevictable:        6304 kB
Mlocked:            5864 kB
SwapTotal:       4718584 kB
SwapFree:        4001272 kB
Dirty:               300 kB
Writeback:             0 kB
AnonPages:       4177432 kB
Mapped:           646164 kB
Shmem:             15452 kB
KReclaimable:     481876 kB
Slab:             310432 kB
SReclaimable:      77520 kB
SUnreclaim:       232912 kB
KernelStack:       50112 kB
ShadowCallStack:   12556 kB
PageTables:        81772 kB
NFS_Unstable:          0 kB
Bounce:                0 kB
WritebackTmp:          0 kB
CommitLimit:     8677876 kB
Committed_AS:   76669792 kB
VmallocTotal:   263061440 kB
VmallocUsed:      134368 kB
VmallocChunk:          0 kB
Percpu:             2448 kB
CmaTotal:         405504 kB
CmaFree:               0 kB
MemTotal:        7918588 kB
MemFree:          171448 kB
MemAvailable:    1246072 kB
Buffers:            2872 kB
Cached:          1018516 kB
SwapCached:         8264 kB
Active:           697544 kB
Inactive:        4535696 kB
Active(anon):     629040 kB
Inactive(anon):  3602568 kB
Active(file):      68504 kB
Inactive(file):   933128 kB
Unevictable:        6304 kB
Mlocked:            5864 kB
SwapTotal:       4718584 kB
SwapFree:        3986424 kB
Dirty:               364 kB
Writeback:             4 kB
AnonPages:       4213436 kB
Mapped:           645132 kB
Shmem:             15216 kB
KReclaimable:     463216 kB
Slab:             309636 kB
SReclaimable:      76540 kB
SUnreclaim:       233096 kB
KernelStack:       50176 kB
ShadowCallStack:   12560 kB
PageTables:        82460 kB
NFS_Unstable:          0 kB
Bounce:                0 kB
WritebackTmp:          0 kB
CommitLimit:     8677876 kB
Committed_AS:   76768096 kB
VmallocTotal:   263061440 kB
VmallocUsed:      134388 kB
VmallocChunk:          0 kB
Percpu:             2448 kB
CmaTotal:         405504 kB
CmaFree:             380 kB
MemTotal:        7918588 kB
MemFree:          167756 kB
MemAvailable:    1242080 kB
Buffers:            2872 kB
Cached:          1018648 kB
SwapCached:         8264 kB
Active:           701672 kB
Inactive:        4535764 kB
Active(anon):     633168 kB
Inactive(anon):  3602688 kB
Active(file):      68504 kB
Inactive(file):   933076 kB
Unevictable:        6304 kB
Mlocked:            5864 kB
SwapTotal:       4718584 kB
SwapFree:        3986424 kB
Dirty:               368 kB
Writeback:             0 kB
AnonPages:       4217648 kB
Mapped:           645236 kB
Shmem:             15352 kB
KReclaimable:     462968 kB
Slab:             309520 kB
SReclaimable:      76540 kB
SUnreclaim:       232980 kB
KernelStack:       50160 kB
ShadowCallStack:   12556 kB
PageTables:        82220 kB
NFS_Unstable:          0 kB
Bounce:                0 kB
WritebackTmp:          0 kB
CommitLimit:     8677876 kB
Committed_AS:   76768096 kB
VmallocTotal:   263061440 kB
VmallocUsed:      134384 kB
VmallocChunk:          0 kB
Percpu:             2448 kB
CmaTotal:         405504 kB
CmaFree:             384 kB
MemTotal:        7918588 kB
MemFree:          150072 kB
MemAvailable:    1181092 kB
Buffers:            2880 kB
Cached:           981036 kB
SwapCached:         8264 kB
Active:           761672 kB
Inactive:        4498156 kB
Active(anon):     693168 kB
Inactive(anon):  3602684 kB
Active(file):      68504 kB
Inactive(file):   895472 kB
Unevictable:        6304 kB
Mlocked:            5864 kB
SwapTotal:       4718584 kB
SwapFree:        3986424 kB
Dirty:               384 kB
Writeback:             0 kB
AnonPages:       4277584 kB
Mapped:           645624 kB
Shmem:             15352 kB
KReclaimable:     457268 kB
Slab:             308700 kB
SReclaimable:      75608 kB
SUnreclaim:       233092 kB
KernelStack:       50160 kB
ShadowCallStack:   12572 kB
PageTables:        82784 kB
NFS_Unstable:          0 kB
Bounce:                0 kB
WritebackTmp:          0 kB
CommitLimit:     8677876 kB
Committed_AS:   76915552 kB
VmallocTotal:   263061440 kB
VmallocUsed:      134372 kB
VmallocChunk:          0 kB
Percpu:             2448 kB
CmaTotal:         405504 kB
CmaFree:               0 kB
MemTotal:        7918588 kB
MemFree:          149272 kB
MemAvailable:    1153804 kB
Buffers:            2880 kB
Cached:           957792 kB
SwapCached:         8264 kB
Active:           788900 kB
Inactive:        4474984 kB
Active(anon):     720396 kB
Inactive(anon):  3602672 kB
Active(file):      68504 kB
Inactive(file):   872312 kB
Unevictable:        6304 kB
Mlocked:            5864 kB
SwapTotal:       4718584 kB
SwapFree:        3986424 kB
Dirty:               384 kB
Writeback:             0 kB
AnonPages:       4304788 kB
Mapped:           645844 kB
Shmem:             15352 kB
KReclaimable:     453940 kB
Slab:             308312 kB
SReclaimable:      75184 kB
SUnreclaim:       233128 kB
KernelStack:       50160 kB
ShadowCallStack:   12564 kB
PageTables:        82696 kB
NFS_Unstable:          0 kB
Bounce:                0 kB
WritebackTmp:          0 kB
CommitLimit:     8677876 kB
Committed_AS:   76964708 kB
VmallocTotal:   263061440 kB
VmallocUsed:      134352 kB
VmallocChunk:          0 kB
Percpu:             2448 kB
CmaTotal:         405504 kB
CmaFree:               0 kB
MemTotal:        7918588 kB
MemFree:          152132 kB
MemAvailable:    1132504 kB
Buffers:            2880 kB
Cached:           936084 kB
SwapCached:         8264 kB
Active:           810032 kB
Inactive:        4453256 kB
Active(anon):     741528 kB
Inactive(anon):  3602684 kB
Active(file):      68504 kB
Inactive(file):   850572 kB
Unevictable:        6304 kB
Mlocked:            5864 kB
SwapTotal:       4718584 kB
SwapFree:        3986424 kB
Dirty:               388 kB
Writeback:             0 kB
AnonPages:       4325800 kB
Mapped:           646084 kB
Shmem:             15352 kB
KReclaimable:     451520 kB
Slab:             308148 kB
SReclaimable:      75092 kB
SUnreclaim:       233056 kB
KernelStack:       50160 kB
ShadowCallStack:   12568 kB
PageTables:        82704 kB
NFS_Unstable:          0 kB
Bounce:                0 kB
WritebackTmp:          0 kB
CommitLimit:     8677876 kB
Committed_AS:   77030240 kB
VmallocTotal:   263061440 kB
VmallocUsed:      134372 kB
VmallocChunk:          0 kB
Percpu:             2448 kB
CmaTotal:         405504 kB
CmaFree:               0 kB
MemTotal:        7918588 kB
MemFree:          160768 kB
MemAvailable:    1062420 kB
Buffers:             608 kB
Cached:           884384 kB
SwapCached:         8264 kB
Active:           903864 kB
Inactive:        4365196 kB
Active(anon):     812788 kB
Inactive(anon):  3591212 kB
Active(file):      91076 kB
Inactive(file):   773984 kB
Unevictable:        6312 kB
Mlocked:            5872 kB
SwapTotal:       4718584 kB
SwapFree:        3984888 kB
Dirty:               452 kB
Writeback:             0 kB
AnonPages:       4385368 kB
Mapped:           629544 kB
Shmem:             15368 kB
KReclaimable:     435008 kB
Slab:             308064 kB
SReclaimable:      74868 kB
SUnreclaim:       233196 kB
KernelStack:       50176 kB
ShadowCallStack:   12568 kB
PageTables:        83060 kB
NFS_Unstable:          0 kB
Bounce:                0 kB
WritebackTmp:          0 kB
CommitLimit:     8677876 kB
Committed_AS:   77177708 kB
VmallocTotal:   263061440 kB
VmallocUsed:      134376 kB
VmallocChunk:          0 kB
Percpu:             2448 kB
CmaTotal:         405504 kB
CmaFree:             468 kB
MemTotal:        7918588 kB
MemFree:          227152 kB
MemAvailable:     884640 kB
Buffers:             572 kB
Cached:           804248 kB
SwapCached:         8264 kB
Active:          1000260 kB
Inactive:        4220276 kB
Active(anon):     844820 kB
Inactive(anon):  3590924 kB
Active(file):     155440 kB
Inactive(file):   629352 kB
Unevictable:        6312 kB
Mlocked:            5884 kB
SwapTotal:       4718584 kB
SwapFree:        3984888 kB
Dirty:               456 kB
Writeback:             0 kB
AnonPages:       4417404 kB
Mapped:           571880 kB
Shmem:             15420 kB
KReclaimable:     295688 kB
Slab:             308192 kB
SReclaimable:      74780 kB
SUnreclaim:       233412 kB
KernelStack:       50240 kB
ShadowCallStack:   12592 kB
PageTables:        83084 kB
NFS_Unstable:          0 kB
Bounce:                0 kB
WritebackTmp:          0 kB
CommitLimit:     8677876 kB
Committed_AS:   77178104 kB
VmallocTotal:   263061440 kB
VmallocUsed:      134540 kB
VmallocChunk:          0 kB
Percpu:             2448 kB
CmaTotal:         405504 kB
CmaFree:               0 kB
MemTotal:        7918588 kB
MemFree:          169368 kB
MemAvailable:     833992 kB
Buffers:             596 kB
Cached:           812116 kB
SwapCached:         8264 kB
Active:          1059108 kB
Inactive:        4217864 kB
Active(anon):     896036 kB
Inactive(anon):  3588456 kB
Active(file):     163072 kB
Inactive(file):   629408 kB
Unevictable:        6324 kB
Mlocked:            5884 kB
SwapTotal:       4718584 kB
SwapFree:        3984888 kB
Dirty:               464 kB
Writeback:             0 kB
AnonPages:       4466256 kB
Mapped:           576516 kB
Shmem:             15452 kB
KReclaimable:     295136 kB
Slab:             308184 kB
SReclaimable:      74780 kB
SUnreclaim:       233404 kB
KernelStack:       50272 kB
ShadowCallStack:   12584 kB
PageTables:        83384 kB
NFS_Unstable:          0 kB
Bounce:                0 kB
WritebackTmp:          0 kB
CommitLimit:     8677876 kB
Committed_AS:   77276408 kB
VmallocTotal:   263061440 kB
VmallocUsed:      134556 kB
VmallocChunk:          0 kB
Percpu:             2448 kB
CmaTotal:         405504 kB
CmaFree:             316 kB
MemTotal:        7918588 kB
MemFree:          172900 kB
MemAvailable:     986356 kB
Buffers:             600 kB
Cached:           809148 kB
SwapCached:         8264 kB
Active:          1068948 kB
Inactive:        4208360 kB
Active(anon):     899184 kB
Inactive(anon):  3588380 kB
Active(file):     169764 kB
Inactive(file):   619980 kB
Unevictable:        6324 kB
Mlocked:            5884 kB
SwapTotal:       4718584 kB
SwapFree:        3984888 kB
Dirty:               328 kB
Writeback:             0 kB
AnonPages:       4469104 kB
Mapped:           574780 kB
Shmem:             15568 kB
KReclaimable:     413936 kB
Slab:             308292 kB
SReclaimable:      74788 kB
SUnreclaim:       233504 kB
KernelStack:       50176 kB
ShadowCallStack:   12564 kB
PageTables:        83656 kB
NFS_Unstable:          0 kB
Bounce:                0 kB
WritebackTmp:          0 kB
CommitLimit:     8677876 kB
Committed_AS:   77357952 kB
VmallocTotal:   263061440 kB
VmallocUsed:      134400 kB
VmallocChunk:          0 kB
Percpu:             2448 kB
CmaTotal:         405504 kB
CmaFree:               0 kB
MemTotal:        7918588 kB
MemFree:          167276 kB
MemAvailable:     980940 kB
Buffers:             600 kB
Cached:           809348 kB
SwapCached:         8264 kB
Active:          1074352 kB
Inactive:        4208396 kB
Active(anon):     904436 kB
Inactive(anon):  3588380 kB
Active(file):     169916 kB
Inactive(file):   620016 kB
Unevictable:        6324 kB
Mlocked:            5884 kB
SwapTotal:       4718584 kB
SwapFree:        3984888 kB
Dirty:               348 kB
Writeback:             0 kB
AnonPages:       4474456 kB
Mapped:           574916 kB
Shmem:             15408 kB
KReclaimable:     413956 kB
Slab:             308096 kB
SReclaimable:      74792 kB
SUnreclaim:       233304 kB
KernelStack:       50128 kB
ShadowCallStack:   12552 kB
PageTables:        83408 kB
NFS_Unstable:          0 kB
Bounce:                0 kB
WritebackTmp:          0 kB
CommitLimit:     8677876 kB
Committed_AS:   77357952 kB
VmallocTotal:   263061440 kB
VmallocUsed:      134384 kB
VmallocChunk:          0 kB
Percpu:             2448 kB
CmaTotal:         405504 kB
CmaFree:               4 kB
MemTotal:        7918588 kB
MemFree:          152960 kB
MemAvailable:     914536 kB
Buffers:             536 kB
Cached:           763432 kB
SwapCached:         8264 kB
Active:          1143768 kB
Inactive:        4157668 kB
Active(anon):     969128 kB
Inactive(anon):  3588360 kB
Active(file):     174640 kB
Inactive(file):   569308 kB
Unevictable:        6324 kB
Mlocked:            5884 kB
SwapTotal:       4718584 kB
SwapFree:        3984888 kB
Dirty:               356 kB
Writeback:             0 kB
AnonPages:       4539028 kB
Mapped:           555212 kB
Shmem:             15408 kB
KReclaimable:     407852 kB
Slab:             308124 kB
SReclaimable:      74792 kB
SUnreclaim:       233332 kB
KernelStack:       50128 kB
ShadowCallStack:   12556 kB
PageTables:        83916 kB
NFS_Unstable:          0 kB
Bounce:                0 kB
WritebackTmp:          0 kB
CommitLimit:     8677876 kB
Committed_AS:   77521792 kB
VmallocTotal:   263061440 kB
VmallocUsed:      134380 kB
VmallocChunk:          0 kB
Percpu:             2448 kB
CmaTotal:         405504 kB
CmaFree:               0 kB
MemTotal:        7918588 kB
MemFree:          152132 kB
MemAvailable:     892684 kB
Buffers:             536 kB
Cached:           744884 kB
SwapCached:         8264 kB
Active:          1165332 kB
Inactive:        4137720 kB
Active(anon):     989288 kB
Inactive(anon):  3588360 kB
Active(file):     176044 kB
Inactive(file):   549360 kB
Unevictable:        6324 kB
Mlocked:            5884 kB
SwapTotal:       4718584 kB
SwapFree:        3984888 kB
Dirty:               356 kB
Writeback:             0 kB
AnonPages:       4559308 kB
