MemTotal:        7918588 kB
MemFree:         3305300 kB
MemAvailable:    4836600 kB
Buffers:            3936 kB
Cached:          1375664 kB
SwapCached:        11228 kB
Active:          1320052 kB
Inactive:         679284 kB
Active(anon):     619856 kB
Inactive(anon):    18684 kB
Active(file):     700196 kB
Inactive(file):   660600 kB
Unevictable:        6420 kB
Mlocked:            5980 kB
SwapTotal:       4718584 kB
SwapFree:        3695072 kB
Dirty:            156596 kB
Writeback:             0 kB
AnonPages:        621936 kB
Mapped:           484924 kB
Shmem:             14104 kB
KReclaimable:     560728 kB
Slab:             316840 kB
SReclaimable:      90252 kB
SUnreclaim:       226588 kB
KernelStack:       47648 kB
ShadowCallStack:   11924 kB
PageTables:        61648 kB
NFS_Unstable:          0 kB
Bounce:                0 kB
WritebackTmp:          0 kB
CommitLimit:     8677876 kB
Committed_AS:   62245600 kB
VmallocTotal:   263061440 kB
VmallocUsed:      130272 kB
VmallocChunk:          0 kB
Percpu:             2448 kB
CmaTotal:         405504 kB
CmaFree:          295528 kB
MemTotal:        7918588 kB
MemFree:         3291212 kB
MemAvailable:    5055240 kB
Buffers:            3944 kB
Cached:          1388720 kB
SwapCached:        11356 kB
Active:          1333996 kB
Inactive:         680012 kB
Active(anon):     622204 kB
Inactive(anon):    18684 kB
Active(file):     711792 kB
Inactive(file):   661328 kB
Unevictable:        6420 kB
Mlocked:            5980 kB
SwapTotal:       4718584 kB
SwapFree:        3696864 kB
Dirty:            156640 kB
Writeback:             0 kB
AnonPages:        623348 kB
Mapped:           520028 kB
Shmem:             14860 kB
KReclaimable:     781132 kB
Slab:             316828 kB
SReclaimable:      90284 kB
SUnreclaim:       226544 kB
KernelStack:       48112 kB
ShadowCallStack:   12060 kB
PageTables:        61996 kB
NFS_Unstable:          0 kB
Bounce:                0 kB
WritebackTmp:          0 kB
CommitLimit:     8677876 kB
Committed_AS:   62286544 kB
VmallocTotal:   263061440 kB
VmallocUsed:      130888 kB
VmallocChunk:          0 kB
Percpu:             2448 kB
CmaTotal:         405504 kB
CmaFree:          295528 kB
MemTotal:        7918588 kB
MemFree:         3263548 kB
MemAvailable:    4811500 kB
Buffers:            4008 kB
Cached:          1388980 kB
SwapCached:        11392 kB
Active:          1359808 kB
Inactive:         680136 kB
Active(anon):     647836 kB
Inactive(anon):    18684 kB
Active(file):     711972 kB
Inactive(file):   661452 kB
Unevictable:        6420 kB
Mlocked:            5980 kB
SwapTotal:       4718584 kB
SwapFree:        3697120 kB
Dirty:            156728 kB
Writeback:             0 kB
AnonPages:        648944 kB
Mapped:           531508 kB
Shmem:             14880 kB
KReclaimable:     564752 kB
Slab:             317208 kB
SReclaimable:      90284 kB
SUnreclaim:       226924 kB
KernelStack:       48064 kB
ShadowCallStack:   12044 kB
PageTables:        62484 kB
NFS_Unstable:          0 kB
Bounce:                0 kB
WritebackTmp:          0 kB
CommitLimit:     8677876 kB
Committed_AS:   62315572 kB
VmallocTotal:   263061440 kB
VmallocUsed:      130904 kB
VmallocChunk:          0 kB
Percpu:             2448 kB
CmaTotal:         405504 kB
CmaFree:          295528 kB
MemTotal:        7918588 kB
MemFree:         3260872 kB
MemAvailable:    4808096 kB
Buffers:            4016 kB
Cached:          1388980 kB
SwapCached:        11392 kB
Active:          1362728 kB
Inactive:         680144 kB
Active(anon):     650756 kB
Inactive(anon):    18684 kB
Active(file):     711972 kB
Inactive(file):   661460 kB
Unevictable:        6420 kB
Mlocked:            5980 kB
SwapTotal:       4718584 kB
SwapFree:        3697120 kB
Dirty:            156768 kB
Writeback:             0 kB
AnonPages:        651868 kB
Mapped:           532252 kB
Shmem:             14880 kB
KReclaimable:     564016 kB
Slab:             317400 kB
SReclaimable:      90316 kB
SUnreclaim:       227084 kB
KernelStack:       48096 kB
ShadowCallStack:   12048 kB
PageTables:        62576 kB
NFS_Unstable:          0 kB
Bounce:                0 kB
WritebackTmp:          0 kB
CommitLimit:     8677876 kB
Committed_AS:   62315572 kB
VmallocTotal:   263061440 kB
VmallocUsed:      130932 kB
VmallocChunk:          0 kB
Percpu:             2448 kB
CmaTotal:         405504 kB
CmaFree:          295528 kB
MemTotal:        7918588 kB
MemFree:         3256776 kB
MemAvailable:    4804424 kB
Buffers:            4024 kB
Cached:          1389476 kB
SwapCached:        11392 kB
Active:          1369500 kB
Inactive:         680164 kB
Active(anon):     657124 kB
Inactive(anon):    18684 kB
Active(file):     712376 kB
Inactive(file):   661480 kB
Unevictable:        6420 kB
Mlocked:            5980 kB
SwapTotal:       4718584 kB
SwapFree:        3700704 kB
Dirty:            156780 kB
Writeback:             0 kB
AnonPages:        658172 kB
Mapped:           533168 kB
Shmem:             14960 kB
KReclaimable:     564016 kB
Slab:             317456 kB
SReclaimable:      90316 kB
SUnreclaim:       227140 kB
KernelStack:       48096 kB
ShadowCallStack:   12044 kB
PageTables:        62564 kB
NFS_Unstable:          0 kB
Bounce:                0 kB
WritebackTmp:          0 kB
CommitLimit:     8677876 kB
Committed_AS:   62315520 kB
VmallocTotal:   263061440 kB
VmallocUsed:      130896 kB
VmallocChunk:          0 kB
Percpu:             2448 kB
CmaTotal:         405504 kB
CmaFree:          296552 kB
MemTotal:        7918588 kB
MemFree:         3257112 kB
MemAvailable:    4804720 kB
Buffers:            4032 kB
Cached:          1389492 kB
SwapCached:        11392 kB
Active:          1369616 kB
Inactive:         680128 kB
Active(anon):     657240 kB
Inactive(anon):    18640 kB
Active(file):     712376 kB
Inactive(file):   661488 kB
Unevictable:        6420 kB
Mlocked:            5980 kB
SwapTotal:       4718584 kB
SwapFree:        3700704 kB
Dirty:            156848 kB
Writeback:             0 kB
AnonPages:        658244 kB
Mapped:           533388 kB
Shmem:             14976 kB
KReclaimable:     563968 kB
Slab:             317520 kB
SReclaimable:      90316 kB
SUnreclaim:       227204 kB
KernelStack:       48112 kB
ShadowCallStack:   12044 kB
PageTables:        62624 kB
NFS_Unstable:          0 kB
Bounce:                0 kB
WritebackTmp:          0 kB
CommitLimit:     8677876 kB
Committed_AS:   62315536 kB
VmallocTotal:   263061440 kB
VmallocUsed:      130916 kB
VmallocChunk:          0 kB
Percpu:             2448 kB
CmaTotal:         405504 kB
CmaFree:          296552 kB
MemTotal:        7918588 kB
MemFree:         3235888 kB
MemAvailable:    4787932 kB
Buffers:            4032 kB
Cached:          1393928 kB
SwapCached:        11392 kB
Active:          1391824 kB
Inactive:         680128 kB
Active(anon):     675012 kB
Inactive(anon):    18640 kB
Active(file):     716812 kB
Inactive(file):   661488 kB
Unevictable:        6420 kB
Mlocked:            5980 kB
SwapTotal:       4718584 kB
SwapFree:        3700960 kB
Dirty:            156784 kB
Writeback:             0 kB
AnonPages:        675996 kB
Mapped:           535700 kB
Shmem:             14976 kB
KReclaimable:     563968 kB
Slab:             317384 kB
SReclaimable:      90316 kB
SUnreclaim:       227068 kB
KernelStack:       48064 kB
ShadowCallStack:   12040 kB
PageTables:        62560 kB
NFS_Unstable:          0 kB
Bounce:                0 kB
WritebackTmp:          0 kB
CommitLimit:     8677876 kB
Committed_AS:   62335876 kB
VmallocTotal:   263061440 kB
VmallocUsed:      130912 kB
VmallocChunk:          0 kB
Percpu:             2448 kB
CmaTotal:         405504 kB
CmaFree:          296552 kB
MemTotal:        7918588 kB
MemFree:         3194324 kB
MemAvailable:    4747168 kB
Buffers:            4036 kB
Cached:          1394708 kB
SwapCached:        11392 kB
Active:          1433652 kB
Inactive:         680140 kB
Active(anon):     716072 kB
Inactive(anon):    18640 kB
Active(file):     717580 kB
Inactive(file):   661500 kB
Unevictable:        6420 kB
Mlocked:            5980 kB
SwapTotal:       4718584 kB
SwapFree:        3700960 kB
Dirty:            156796 kB
Writeback:             0 kB
AnonPages:        717076 kB
Mapped:           546820 kB
Shmem:             14976 kB
KReclaimable:     563988 kB
Slab:             317516 kB
SReclaimable:      90336 kB
SUnreclaim:       227180 kB
KernelStack:       48112 kB
ShadowCallStack:   12040 kB
PageTables:        62816 kB
NFS_Unstable:          0 kB
Bounce:                0 kB
WritebackTmp:          0 kB
CommitLimit:     8677876 kB
Committed_AS:   62449696 kB
VmallocTotal:   263061440 kB
VmallocUsed:      130916 kB
VmallocChunk:          0 kB
Percpu:             2448 kB
CmaTotal:         405504 kB
CmaFree:          296552 kB
MemTotal:        7918588 kB
MemFree:         3019904 kB
MemAvailable:    4504680 kB
Buffers:            4044 kB
Cached:          1394728 kB
SwapCached:        11392 kB
Active:          1605760 kB
Inactive:         680168 kB
Active(anon):     888176 kB
Inactive(anon):    18640 kB
Active(file):     717584 kB
Inactive(file):   661528 kB
Unevictable:        6420 kB
Mlocked:            5980 kB
SwapTotal:       4718584 kB
SwapFree:        3700960 kB
Dirty:            156812 kB
Writeback:             0 kB
AnonPages:        889248 kB
Mapped:           621388 kB
Shmem:             14976 kB
KReclaimable:     495888 kB
Slab:             317988 kB
SReclaimable:      90336 kB
SUnreclaim:       227652 kB
KernelStack:       48144 kB
ShadowCallStack:   12060 kB
PageTables:        63536 kB
NFS_Unstable:          0 kB
Bounce:                0 kB
WritebackTmp:          0 kB
CommitLimit:     8677876 kB
Committed_AS:   62698020 kB
VmallocTotal:   263061440 kB
VmallocUsed:      130940 kB
VmallocChunk:          0 kB
Percpu:             2448 kB
CmaTotal:         405504 kB
CmaFree:          296552 kB
MemTotal:        7918588 kB
MemFree:         2977636 kB
MemAvailable:    4450936 kB
Buffers:            4072 kB
Cached:          1413260 kB
SwapCached:        11408 kB
Active:          1647408 kB
Inactive:         680244 kB
Active(anon):     911384 kB
Inactive(anon):    18640 kB
Active(file):     736024 kB
Inactive(file):   661604 kB
Unevictable:        6420 kB
Mlocked:            5980 kB
SwapTotal:       4718584 kB
SwapFree:        3700960 kB
Dirty:             89472 kB
Writeback:         34612 kB
AnonPages:        912352 kB
Mapped:           639440 kB
Shmem:             15008 kB
KReclaimable:     465896 kB
Slab:             318164 kB
SReclaimable:      90352 kB
SUnreclaim:       227812 kB
KernelStack:       48160 kB
ShadowCallStack:   12048 kB
PageTables:        63540 kB
NFS_Unstable:          0 kB
Bounce:                0 kB
WritebackTmp:          0 kB
CommitLimit:     8677876 kB
Committed_AS:   62740124 kB
VmallocTotal:   263061440 kB
VmallocUsed:      130932 kB
VmallocChunk:          0 kB
Percpu:             2448 kB
CmaTotal:         405504 kB
CmaFree:          296552 kB
MemTotal:        7918588 kB
MemFree:         2880428 kB
MemAvailable:    4334680 kB
Buffers:            4072 kB
Cached:          1413356 kB
SwapCached:        11408 kB
Active:          1745080 kB
Inactive:         680332 kB
Active(anon):    1009036 kB
Inactive(anon):    18640 kB
Active(file):     736044 kB
Inactive(file):   661692 kB
Unevictable:        6420 kB
Mlocked:            5980 kB
SwapTotal:       4718584 kB
SwapFree:        3700960 kB
Dirty:             17840 kB
Writeback:             0 kB
AnonPages:       1010128 kB
Mapped:           658180 kB
Shmem:             15008 kB
KReclaimable:     446740 kB
Slab:             317904 kB
SReclaimable:      90352 kB
SUnreclaim:       227552 kB
KernelStack:       48192 kB
ShadowCallStack:   12064 kB
PageTables:        64136 kB
NFS_Unstable:          0 kB
Bounce:                0 kB
WritebackTmp:          0 kB
CommitLimit:     8677876 kB
Committed_AS:   62987040 kB
VmallocTotal:   263061440 kB
VmallocUsed:      130932 kB
VmallocChunk:          0 kB
Percpu:             2448 kB
CmaTotal:         405504 kB
CmaFree:          296552 kB
MemTotal:        7918588 kB
MemFree:         2779676 kB
MemAvailable:    4232496 kB
Buffers:            4100 kB
Cached:          1413376 kB
SwapCached:        11408 kB
Active:          1844756 kB
Inactive:         680380 kB
Active(anon):    1108712 kB
Inactive(anon):    18640 kB
Active(file):     736044 kB
Inactive(file):   661740 kB
Unevictable:        6420 kB
Mlocked:            5980 kB
SwapTotal:       4718584 kB
SwapFree:        3701472 kB
Dirty:             17772 kB
Writeback:            20 kB
AnonPages:       1109656 kB
Mapped:           658820 kB
Shmem:             15008 kB
KReclaimable:     445260 kB
Slab:             317924 kB
SReclaimable:      90336 kB
SUnreclaim:       227588 kB
KernelStack:       48160 kB
ShadowCallStack:   12068 kB
PageTables:        64408 kB
NFS_Unstable:          0 kB
Bounce:                0 kB
WritebackTmp:          0 kB
CommitLimit:     8677876 kB
Committed_AS:   63216412 kB
VmallocTotal:   263061440 kB
VmallocUsed:      130996 kB
VmallocChunk:          0 kB
Percpu:             2448 kB
CmaTotal:         405504 kB
CmaFree:          296552 kB
MemTotal:        7918588 kB
MemFree:         2667120 kB
MemAvailable:    4109780 kB
Buffers:            4124 kB
Cached:          1413404 kB
SwapCached:        11408 kB
Active:          1956940 kB
Inactive:         680424 kB
Active(anon):    1220896 kB
Inactive(anon):    18640 kB
Active(file):     736044 kB
Inactive(file):   661784 kB
Unevictable:        6420 kB
Mlocked:            5980 kB
SwapTotal:       4718584 kB
SwapFree:        3701472 kB
Dirty:             17780 kB
Writeback:             0 kB
AnonPages:       1221752 kB
Mapped:           657680 kB
Shmem:             15016 kB
KReclaimable:     435056 kB
Slab:             318092 kB
SReclaimable:      90336 kB
SUnreclaim:       227756 kB
KernelStack:       48128 kB
ShadowCallStack:   12056 kB
PageTables:        65268 kB
NFS_Unstable:          0 kB
Bounce:                0 kB
WritebackTmp:          0 kB
CommitLimit:     8677876 kB
Committed_AS:   63495068 kB
VmallocTotal:   263061440 kB
VmallocUsed:      130972 kB
VmallocChunk:          0 kB
Percpu:             2448 kB
CmaTotal:         405504 kB
CmaFree:          296552 kB
MemTotal:        7918588 kB
MemFree:         2587996 kB
MemAvailable:    4029652 kB
Buffers:            4124 kB
Cached:          1413424 kB
SwapCached:        11408 kB
Active:          2034916 kB
Inactive:         680444 kB
Active(anon):    1298872 kB
Inactive(anon):    18640 kB
Active(file):     736044 kB
Inactive(file):   661804 kB
Unevictable:        6420 kB
Mlocked:            5980 kB
SwapTotal:       4718584 kB
SwapFree:        3701472 kB
Dirty:             17800 kB
Writeback:             0 kB
AnonPages:       1299856 kB
Mapped:           658264 kB
Shmem:             15016 kB
KReclaimable:     434032 kB
Slab:             318288 kB
SReclaimable:      90336 kB
SUnreclaim:       227952 kB
KernelStack:       48144 kB
ShadowCallStack:   12076 kB
PageTables:        65456 kB
NFS_Unstable:          0 kB
Bounce:                0 kB
WritebackTmp:          0 kB
CommitLimit:     8677876 kB
Committed_AS:   63708020 kB
VmallocTotal:   263061440 kB
VmallocUsed:      130952 kB
VmallocChunk:          0 kB
Percpu:             2448 kB
CmaTotal:         405504 kB
CmaFree:          296552 kB
MemTotal:        7918588 kB
MemFree:         2507876 kB
MemAvailable:    3948772 kB
Buffers:            4124 kB
Cached:          1413432 kB
SwapCached:        11408 kB
Active:          2115428 kB
Inactive:         680444 kB
Active(anon):    1379384 kB
Inactive(anon):    18640 kB
Active(file):     736044 kB
Inactive(file):   661804 kB
Unevictable:        6420 kB
Mlocked:            5980 kB
SwapTotal:       4718584 kB
SwapFree:        3701472 kB
Dirty:             17800 kB
Writeback:             0 kB
AnonPages:       1380308 kB
Mapped:           658672 kB
Shmem:             15024 kB
KReclaimable:     433272 kB
Slab:             318292 kB
SReclaimable:      90336 kB
SUnreclaim:       227956 kB
KernelStack:       48096 kB
ShadowCallStack:   12044 kB
PageTables:        66048 kB
NFS_Unstable:          0 kB
Bounce:                0 kB
WritebackTmp:          0 kB
CommitLimit:     8677876 kB
Committed_AS:   63888204 kB
VmallocTotal:   263061440 kB
VmallocUsed:      130920 kB
VmallocChunk:          0 kB
Percpu:             2448 kB
CmaTotal:         405504 kB
CmaFree:          296552 kB
MemTotal:        7918588 kB
MemFree:         2395436 kB
MemAvailable:    3834428 kB
Buffers:            4124 kB
Cached:          1413432 kB
SwapCached:        11408 kB
Active:          2227640 kB
Inactive:         680444 kB
Active(anon):    1491596 kB
Inactive(anon):    18640 kB
Active(file):     736044 kB
Inactive(file):   661804 kB
Unevictable:        6420 kB
Mlocked:            5980 kB
SwapTotal:       4718584 kB
SwapFree:        3701472 kB
Dirty:             17828 kB
Writeback:             0 kB
AnonPages:       1492556 kB
Mapped:           660176 kB
Shmem:             15024 kB
KReclaimable:     431368 kB
Slab:             318452 kB
SReclaimable:      90336 kB
SUnreclaim:       228116 kB
KernelStack:       48112 kB
ShadowCallStack:   12056 kB
PageTables:        66488 kB
NFS_Unstable:          0 kB
Bounce:                0 kB
WritebackTmp:          0 kB
CommitLimit:     8677876 kB
Committed_AS:   64183116 kB
VmallocTotal:   263061440 kB
VmallocUsed:      130932 kB
VmallocChunk:          0 kB
Percpu:             2448 kB
CmaTotal:         405504 kB
CmaFree:          296552 kB
MemTotal:        7918588 kB
MemFree:         2297368 kB
MemAvailable:    3735184 kB
Buffers:            4132 kB
Cached:          1413432 kB
SwapCached:        11408 kB
Active:          2324096 kB
Inactive:         680452 kB
Active(anon):    1588052 kB
Inactive(anon):    18640 kB
Active(file):     736044 kB
Inactive(file):   661812 kB
Unevictable:        6420 kB
Mlocked:            5980 kB
SwapTotal:       4718584 kB
SwapFree:        3701472 kB
Dirty:             17892 kB
Writeback:             0 kB
AnonPages:       1588852 kB
Mapped:           660716 kB
Shmem:             15024 kB
KReclaimable:     430184 kB
Slab:             318628 kB
SReclaimable:      90336 kB
SUnreclaim:       228292 kB
KernelStack:       48096 kB
ShadowCallStack:   12052 kB
PageTables:        66776 kB
NFS_Unstable:          0 kB
Bounce:                0 kB
WritebackTmp:          0 kB
CommitLimit:     8677876 kB
Committed_AS:   64428876 kB
VmallocTotal:   263061440 kB
VmallocUsed:      130936 kB
VmallocChunk:          0 kB
Percpu:             2448 kB
CmaTotal:         405504 kB
CmaFree:          296552 kB
MemTotal:        7918588 kB
MemFree:         2198576 kB
MemAvailable:    3635120 kB
Buffers:            4140 kB
Cached:          1413432 kB
SwapCached:        11408 kB
Active:          2421940 kB
Inactive:         680460 kB
Active(anon):    1685896 kB
Inactive(anon):    18640 kB
Active(file):     736044 kB
Inactive(file):   661820 kB
Unevictable:        6420 kB
Mlocked:            5980 kB
SwapTotal:       4718584 kB
SwapFree:        3701472 kB
Dirty:             17900 kB
Writeback:             0 kB
AnonPages:       1686812 kB
Mapped:           661736 kB
Shmem:             15024 kB
KReclaimable:     428904 kB
Slab:             318424 kB
SReclaimable:      90336 kB
SUnreclaim:       228088 kB
KernelStack:       48064 kB
ShadowCallStack:   12044 kB
PageTables:        67416 kB
NFS_Unstable:          0 kB
Bounce:                0 kB
WritebackTmp:          0 kB
CommitLimit:     8677876 kB
Committed_AS:   64641868 kB
VmallocTotal:   263061440 kB
VmallocUsed:      130936 kB
VmallocChunk:          0 kB
Percpu:             2448 kB
CmaTotal:         405504 kB
CmaFree:          296552 kB
MemTotal:        7918588 kB
MemFree:         2113836 kB
MemAvailable:    3549460 kB
Buffers:            4140 kB
Cached:          1413440 kB
SwapCached:        11408 kB
Active:          2506588 kB
Inactive:         680468 kB
Active(anon):    1770544 kB
Inactive(anon):    18640 kB
Active(file):     736044 kB
Inactive(file):   661828 kB
Unevictable:        6420 kB
Mlocked:            5980 kB
SwapTotal:       4718584 kB
SwapFree:        3701472 kB
Dirty:             17916 kB
Writeback:             0 kB
AnonPages:       1771528 kB
Mapped:           662336 kB
Shmem:             15024 kB
KReclaimable:     427976 kB
Slab:             318632 kB
SReclaimable:      90336 kB
SUnreclaim:       228296 kB
KernelStack:       48112 kB
ShadowCallStack:   12056 kB
PageTables:        67844 kB
NFS_Unstable:          0 kB
Bounce:                0 kB
WritebackTmp:          0 kB
CommitLimit:     8677876 kB
Committed_AS:   64871248 kB
VmallocTotal:   263061440 kB
VmallocUsed:      130936 kB
VmallocChunk:          0 kB
Percpu:             2448 kB
CmaTotal:         405504 kB
CmaFree:          296552 kB
MemTotal:        7918588 kB
MemFree:         2023588 kB
MemAvailable:    3458220 kB
Buffers:            4140 kB
Cached:          1413440 kB
SwapCached:        11408 kB
Active:          2596080 kB
Inactive:         680468 kB
Active(anon):    1860036 kB
Inactive(anon):    18640 kB
Active(file):     736044 kB
Inactive(file):   661828 kB
Unevictable:        6420 kB
Mlocked:            5980 kB
SwapTotal:       4718584 kB
SwapFree:        3701472 kB
Dirty:             17916 kB
Writeback:             0 kB
AnonPages:       1861020 kB
Mapped:           663040 kB
Shmem:             15024 kB
KReclaimable:     426984 kB
Slab:             318688 kB
SReclaimable:      90336 kB
SUnreclaim:       228352 kB
KernelStack:       48096 kB
ShadowCallStack:   12052 kB
PageTables:        68316 kB
NFS_Unstable:          0 kB
Bounce:                0 kB
WritebackTmp:          0 kB
CommitLimit:     8677876 kB
Committed_AS:   65084236 kB
VmallocTotal:   263061440 kB
VmallocUsed:      130952 kB
VmallocChunk:          0 kB
Percpu:             2448 kB
CmaTotal:         405504 kB
CmaFree:          296552 kB
MemTotal:        7918588 kB
MemFree:         1939380 kB
MemAvailable:    3372012 kB
Buffers:            4140 kB
Cached:          1413380 kB
SwapCached:        11408 kB
Active:          2680476 kB
Inactive:         680468 kB
Active(anon):    1944432 kB
Inactive(anon):    18640 kB
Active(file):     736044 kB
Inactive(file):   661828 kB
Unevictable:        6420 kB
Mlocked:            5980 kB
SwapTotal:       4718584 kB
SwapFree:        3701472 kB
Dirty:             17916 kB
Writeback:             0 kB
AnonPages:       1945508 kB
Mapped:           664092 kB
Shmem:             14964 kB
KReclaimable:     424984 kB
Slab:             318952 kB
SReclaimable:      90336 kB
SUnreclaim:       228616 kB
KernelStack:       48144 kB
ShadowCallStack:   12056 kB
PageTables:        68708 kB
NFS_Unstable:          0 kB
Bounce:                0 kB
WritebackTmp:          0 kB
CommitLimit:     8677876 kB
Committed_AS:   65297172 kB
VmallocTotal:   263061440 kB
VmallocUsed:      130956 kB
VmallocChunk:          0 kB
Percpu:             2448 kB
CmaTotal:         405504 kB
CmaFree:          296552 kB
MemTotal:        7918588 kB
MemFree:         1871188 kB
MemAvailable:    3303492 kB
Buffers:            4140 kB
Cached:          1413380 kB
SwapCached:        11408 kB
Active:          2748060 kB
Inactive:         680468 kB
Active(anon):    2012016 kB
Inactive(anon):    18640 kB
Active(file):     736044 kB
Inactive(file):   661828 kB
Unevictable:        6420 kB
Mlocked:            5980 kB
SwapTotal:       4718584 kB
SwapFree:        3701472 kB
Dirty:             17916 kB
Writeback:             0 kB
AnonPages:       2013072 kB
Mapped:           664712 kB
Shmem:             14964 kB
KReclaimable:     424656 kB
Slab:             318780 kB
SReclaimable:      90336 kB
SUnreclaim:       228444 kB
KernelStack:       48096 kB
ShadowCallStack:   12048 kB
PageTables:        68700 kB
NFS_Unstable:          0 kB
Bounce:                0 kB
WritebackTmp:          0 kB
CommitLimit:     8677876 kB
Committed_AS:   65444624 kB
VmallocTotal:   263061440 kB
VmallocUsed:      130952 kB
VmallocChunk:          0 kB
Percpu:             2448 kB
CmaTotal:         405504 kB
CmaFree:          296552 kB
MemTotal:        7918588 kB
MemFree:         1805668 kB
MemAvailable:    3237408 kB
Buffers:            4164 kB
Cached:          1413384 kB
SwapCached:        11408 kB
Active:          2812880 kB
Inactive:         680496 kB
Active(anon):    2076836 kB
Inactive(anon):    18640 kB
Active(file):     736044 kB
Inactive(file):   661856 kB
Unevictable:        6420 kB
Mlocked:            5980 kB
SwapTotal:       4718584 kB
SwapFree:        3701472 kB
Dirty:             17940 kB
Writeback:             0 kB
AnonPages:       2077852 kB
Mapped:           664828 kB
Shmem:             14964 kB
KReclaimable:     424064 kB
Slab:             318912 kB
SReclaimable:      90336 kB
SUnreclaim:       228576 kB
KernelStack:       48128 kB
ShadowCallStack:   12052 kB
PageTables:        69208 kB
NFS_Unstable:          0 kB
Bounce:                0 kB
WritebackTmp:          0 kB
CommitLimit:     8677876 kB
Committed_AS:   65608416 kB
VmallocTotal:   263061440 kB
VmallocUsed:      130920 kB
VmallocChunk:          0 kB
Percpu:             2448 kB
CmaTotal:         405504 kB
CmaFree:          296552 kB
MemTotal:        7918588 kB
MemFree:         1728632 kB
MemAvailable:    3159304 kB
Buffers:            4164 kB
Cached:          1413392 kB
SwapCached:        11408 kB
Active:          2889864 kB
Inactive:         680500 kB
Active(anon):    2153820 kB
Inactive(anon):    18640 kB
Active(file):     736044 kB
Inactive(file):   661860 kB
Unevictable:        6420 kB
Mlocked:            5980 kB
SwapTotal:       4718584 kB
SwapFree:        3701472 kB
Dirty:             17924 kB
Writeback:             0 kB
AnonPages:       2154652 kB
Mapped:           665580 kB
Shmem:             14968 kB
KReclaimable:     422992 kB
Slab:             318784 kB
SReclaimable:      90336 kB
SUnreclaim:       228448 kB
KernelStack:       48080 kB
ShadowCallStack:   12044 kB
PageTables:        69476 kB
NFS_Unstable:          0 kB
Bounce:                0 kB
WritebackTmp:          0 kB
CommitLimit:     8677876 kB
Committed_AS:   65805024 kB
VmallocTotal:   263061440 kB
VmallocUsed:      130940 kB
VmallocChunk:          0 kB
Percpu:             2448 kB
CmaTotal:         405504 kB
CmaFree:          296616 kB
MemTotal:        7918588 kB
MemFree:         1664828 kB
MemAvailable:    3094804 kB
Buffers:            4168 kB
Cached:          1413432 kB
SwapCached:        11408 kB
Active:          2952992 kB
Inactive:         680508 kB
Active(anon):    2216916 kB
Inactive(anon):    18640 kB
Active(file):     736076 kB
Inactive(file):   661868 kB
Unevictable:        6420 kB
Mlocked:            5980 kB
SwapTotal:       4718584 kB
SwapFree:        3701728 kB
Dirty:             17924 kB
Writeback:             0 kB
AnonPages:       2217856 kB
Mapped:           666072 kB
Shmem:             14972 kB
KReclaimable:     422256 kB
Slab:             318844 kB
SReclaimable:      90336 kB
SUnreclaim:       228508 kB
KernelStack:       48112 kB
ShadowCallStack:   12044 kB
PageTables:        70160 kB
NFS_Unstable:          0 kB
Bounce:                0 kB
WritebackTmp:          0 kB
CommitLimit:     8677876 kB
Committed_AS:   65952432 kB
VmallocTotal:   263061440 kB
VmallocUsed:      130912 kB
VmallocChunk:          0 kB
Percpu:             2448 kB
CmaTotal:         405504 kB
CmaFree:          296616 kB
MemTotal:        7918588 kB
MemFree:         1577848 kB
MemAvailable:    3006656 kB
Buffers:            4168 kB
Cached:          1413436 kB
SwapCached:        11408 kB
Active:          3038824 kB
Inactive:         680508 kB
Active(anon):    2302748 kB
Inactive(anon):    18640 kB
Active(file):     736076 kB
Inactive(file):   661868 kB
Unevictable:        6420 kB
Mlocked:            5980 kB
SwapTotal:       4718584 kB
SwapFree:        3701728 kB
Dirty:             17608 kB
Writeback:             0 kB
AnonPages:       2303704 kB
Mapped:           666736 kB
Shmem:             14976 kB
KReclaimable:     421088 kB
Slab:             318896 kB
SReclaimable:      90336 kB
SUnreclaim:       228560 kB
KernelStack:       48000 kB
ShadowCallStack:   12024 kB
PageTables:        70356 kB
NFS_Unstable:          0 kB
Bounce:                0 kB
WritebackTmp:          0 kB
CommitLimit:     8677876 kB
Committed_AS:   66148796 kB
VmallocTotal:   263061440 kB
VmallocUsed:      130816 kB
VmallocChunk:          0 kB
Percpu:             2448 kB
CmaTotal:         405504 kB
CmaFree:          289824 kB
MemTotal:        7918588 kB
MemFree:         1520968 kB
MemAvailable:    2949096 kB
Buffers:            4168 kB
Cached:          1413436 kB
SwapCached:        11408 kB
Active:          3095036 kB
Inactive:         680508 kB
Active(anon):    2358960 kB
Inactive(anon):    18640 kB
Active(file):     736076 kB
Inactive(file):   661868 kB
Unevictable:        6420 kB
Mlocked:            5980 kB
SwapTotal:       4718584 kB
SwapFree:        3701728 kB
Dirty:             17608 kB
Writeback:             0 kB
AnonPages:       2359884 kB
Mapped:           667300 kB
Shmem:             14976 kB
KReclaimable:     420408 kB
Slab:             318980 kB
SReclaimable:      90336 kB
SUnreclaim:       228644 kB
KernelStack:       47968 kB
ShadowCallStack:   12016 kB
PageTables:        70616 kB
NFS_Unstable:          0 kB
Bounce:                0 kB
WritebackTmp:          0 kB
CommitLimit:     8677876 kB
Committed_AS:   66279708 kB
VmallocTotal:   263061440 kB
VmallocUsed:      130768 kB
VmallocChunk:          0 kB
Percpu:             2448 kB
CmaTotal:         405504 kB
CmaFree:          233300 kB
MemTotal:        7918588 kB
MemFree:         1462460 kB
MemAvailable:    2890028 kB
Buffers:            4168 kB
Cached:          1413444 kB
SwapCached:        11408 kB
Active:          3153844 kB
Inactive:         680516 kB
Active(anon):    2417768 kB
Inactive(anon):    18640 kB
Active(file):     736076 kB
Inactive(file):   661876 kB
Unevictable:        6420 kB
Mlocked:            5980 kB
SwapTotal:       4718584 kB
SwapFree:        3701728 kB
Dirty:             17620 kB
Writeback:             0 kB
AnonPages:       2418764 kB
Mapped:           667656 kB
Shmem:             14976 kB
KReclaimable:     419840 kB
Slab:             318844 kB
SReclaimable:      90336 kB
SUnreclaim:       228508 kB
KernelStack:       47920 kB
ShadowCallStack:   12008 kB
PageTables:        70860 kB
NFS_Unstable:          0 kB
Bounce:                0 kB
WritebackTmp:          0 kB
CommitLimit:     8677876 kB
Committed_AS:   66428188 kB
VmallocTotal:   263061440 kB
VmallocUsed:      130752 kB
VmallocChunk:          0 kB
Percpu:             2448 kB
CmaTotal:         405504 kB
CmaFree:          175348 kB
MemTotal:        7918588 kB
MemFree:         1394632 kB
MemAvailable:    2821280 kB
Buffers:            4176 kB
Cached:          1413444 kB
SwapCached:        11408 kB
Active:          3220692 kB
Inactive:         680524 kB
Active(anon):    2484616 kB
Inactive(anon):    18640 kB
Active(file):     736076 kB
Inactive(file):   661884 kB
Unevictable:        6420 kB
Mlocked:            5980 kB
SwapTotal:       4718584 kB
SwapFree:        3701728 kB
Dirty:             17620 kB
Writeback:             0 kB
AnonPages:       2485624 kB
Mapped:           668276 kB
Shmem:             14976 kB
KReclaimable:     418912 kB
Slab:             318872 kB
SReclaimable:      90336 kB
SUnreclaim:       228536 kB
KernelStack:       47984 kB
ShadowCallStack:   12012 kB
PageTables:        71300 kB
NFS_Unstable:          0 kB
Bounce:                0 kB
WritebackTmp:          0 kB
CommitLimit:     8677876 kB
Committed_AS:   66575644 kB
VmallocTotal:   263061440 kB
VmallocUsed:      130756 kB
VmallocChunk:          0 kB
Percpu:             2448 kB
CmaTotal:         405504 kB
CmaFree:          108540 kB
MemTotal:        7918588 kB
MemFree:         1346472 kB
MemAvailable:    2772868 kB
Buffers:            4176 kB
Cached:          1413380 kB
SwapCached:        11408 kB
Active:          3269300 kB
Inactive:         680524 kB
Active(anon):    2533224 kB
Inactive(anon):    18640 kB
Active(file):     736076 kB
Inactive(file):   661884 kB
Unevictable:        6420 kB
Mlocked:            5980 kB
SwapTotal:       4718584 kB
SwapFree:        3701728 kB
Dirty:             17648 kB
Writeback:             0 kB
AnonPages:       2534252 kB
Mapped:           668740 kB
Shmem:             14912 kB
KReclaimable:     418660 kB
Slab:             318956 kB
SReclaimable:      90336 kB
SUnreclaim:       228620 kB
KernelStack:       47968 kB
ShadowCallStack:   12024 kB
PageTables:        71460 kB
NFS_Unstable:          0 kB
Bounce:                0 kB
WritebackTmp:          0 kB
CommitLimit:     8677876 kB
Committed_AS:   66690268 kB
VmallocTotal:   263061440 kB
VmallocUsed:      130756 kB
VmallocChunk:          0 kB
Percpu:             2448 kB
CmaTotal:         405504 kB
CmaFree:           60548 kB
MemTotal:        7918588 kB
MemFree:         1284052 kB
MemAvailable:    2709712 kB
Buffers:            4176 kB
Cached:          1413380 kB
SwapCached:        11408 kB
Active:          3332120 kB
Inactive:         680524 kB
Active(anon):    2596044 kB
Inactive(anon):    18640 kB
Active(file):     736076 kB
Inactive(file):   661884 kB
Unevictable:        6420 kB
Mlocked:            5980 kB
SwapTotal:       4718584 kB
SwapFree:        3701728 kB
Dirty:               224 kB
Writeback:             0 kB
AnonPages:       2597176 kB
Mapped:           669256 kB
Shmem:             14912 kB
KReclaimable:     417924 kB
Slab:             319036 kB
SReclaimable:      90336 kB
SUnreclaim:       228700 kB
KernelStack:       47904 kB
ShadowCallStack:   12012 kB
PageTables:        71740 kB
NFS_Unstable:          0 kB
Bounce:                0 kB
WritebackTmp:          0 kB
CommitLimit:     8677876 kB
Committed_AS:   66837516 kB
VmallocTotal:   263061440 kB
VmallocUsed:      130680 kB
VmallocChunk:          0 kB
Percpu:             2448 kB
CmaTotal:         405504 kB
CmaFree:               0 kB
MemTotal:        7918588 kB
MemFree:         1206688 kB
MemAvailable:    2631120 kB
Buffers:            4176 kB
Cached:          1413520 kB
SwapCached:        11408 kB
Active:          3409596 kB
Inactive:         680524 kB
Active(anon):    2673380 kB
Inactive(anon):    18640 kB
Active(file):     736216 kB
Inactive(file):   661884 kB
Unevictable:        6420 kB
Mlocked:            5980 kB
SwapTotal:       4718584 kB
SwapFree:        3701728 kB
Dirty:               336 kB
Writeback:             0 kB
AnonPages:       2674616 kB
Mapped:           670036 kB
Shmem:             14912 kB
KReclaimable:     416556 kB
Slab:             319080 kB
SReclaimable:      90336 kB
SUnreclaim:       228744 kB
KernelStack:       47872 kB
ShadowCallStack:   11988 kB
PageTables:        72032 kB
NFS_Unstable:          0 kB
Bounce:                0 kB
WritebackTmp:          0 kB
CommitLimit:     8677876 kB
Committed_AS:   67001256 kB
VmallocTotal:   263061440 kB
VmallocUsed:      130628 kB
VmallocChunk:          0 kB
Percpu:             2448 kB
CmaTotal:         405504 kB
CmaFree:               0 kB
MemTotal:        7918588 kB
MemFree:         1155348 kB
MemAvailable:    2579372 kB
Buffers:            4200 kB
Cached:          1413512 kB
SwapCached:        11408 kB
Active:          3461512 kB
Inactive:         680532 kB
Active(anon):    2725296 kB
Inactive(anon):    18640 kB
Active(file):     736216 kB
Inactive(file):   661892 kB
Unevictable:        6420 kB
Mlocked:            5980 kB
SwapTotal:       4718584 kB
SwapFree:        3701728 kB
Dirty:               348 kB
Writeback:             0 kB
AnonPages:       2726336 kB
Mapped:           670180 kB
Shmem:             14920 kB
KReclaimable:     416140 kB
Slab:             319132 kB
SReclaimable:      90352 kB
SUnreclaim:       228780 kB
KernelStack:       47856 kB
ShadowCallStack:   11984 kB
PageTables:        72176 kB
NFS_Unstable:          0 kB
Bounce:                0 kB
WritebackTmp:          0 kB
CommitLimit:     8677876 kB
Committed_AS:   67115948 kB
VmallocTotal:   263061440 kB
VmallocUsed:      130632 kB
VmallocChunk:          0 kB
Percpu:             2448 kB
CmaTotal:         405504 kB
CmaFree:               0 kB
MemTotal:        7918588 kB
MemFree:         1087564 kB
MemAvailable:    2510796 kB
Buffers:            4200 kB
Cached:          1413536 kB
SwapCached:        11408 kB
Active:          3528144 kB
Inactive:         680556 kB
Active(anon):    2791928 kB
Inactive(anon):    18640 kB
Active(file):     736216 kB
Inactive(file):   661916 kB
Unevictable:        6420 kB
Mlocked:            5980 kB
SwapTotal:       4718584 kB
SwapFree:        3702240 kB
Dirty:               448 kB
Writeback:             0 kB
AnonPages:       2793036 kB
Mapped:           670780 kB
Shmem:             14920 kB
KReclaimable:     415324 kB
Slab:             319128 kB
SReclaimable:      90304 kB
SUnreclaim:       228824 kB
KernelStack:       47840 kB
ShadowCallStack:   11992 kB
PageTables:        72556 kB
NFS_Unstable:          0 kB
Bounce:                0 kB
WritebackTmp:          0 kB
CommitLimit:     8677876 kB
Committed_AS:   67246968 kB
VmallocTotal:   263061440 kB
VmallocUsed:      130616 kB
VmallocChunk:          0 kB
Percpu:             2448 kB
CmaTotal:         405504 kB
CmaFree:               0 kB
MemTotal:        7918588 kB
MemFree:         1033644 kB
MemAvailable:    2456196 kB
Buffers:            4200 kB
Cached:          1413536 kB
SwapCached:        11408 kB
Active:          3582236 kB
Inactive:         680556 kB
Active(anon):    2846020 kB
Inactive(anon):    18640 kB
Active(file):     736216 kB
Inactive(file):   661916 kB
Unevictable:        6420 kB
Mlocked:            5980 kB
SwapTotal:       4718584 kB
SwapFree:        3702240 kB
Dirty:               460 kB
Writeback:             0 kB
AnonPages:       2847140 kB
Mapped:           671104 kB
Shmem:             14920 kB
KReclaimable:     414644 kB
Slab:             319216 kB
SReclaimable:      90304 kB
SUnreclaim:       228912 kB
KernelStack:       47840 kB
ShadowCallStack:   11988 kB
PageTables:        72704 kB
NFS_Unstable:          0 kB
Bounce:                0 kB
WritebackTmp:          0 kB
CommitLimit:     8677876 kB
Committed_AS:   67361700 kB
VmallocTotal:   263061440 kB
VmallocUsed:      130632 kB
VmallocChunk:          0 kB
Percpu:             2448 kB
CmaTotal:         405504 kB
CmaFree:               0 kB
MemTotal:        7918588 kB
MemFree:          985772 kB
MemAvailable:    2408212 kB
Buffers:            4208 kB
Cached:          1413536 kB
SwapCached:        11408 kB
Active:          3628964 kB
Inactive:         680564 kB
Active(anon):    2892748 kB
Inactive(anon):    18640 kB
Active(file):     736216 kB
Inactive(file):   661924 kB
Unevictable:        6420 kB
Mlocked:            5980 kB
SwapTotal:       4718584 kB
SwapFree:        3702240 kB
Dirty:               392 kB
Writeback:             0 kB
AnonPages:       2893860 kB
Mapped:           671892 kB
Shmem:             14920 kB
KReclaimable:     414524 kB
Slab:             319636 kB
SReclaimable:      90720 kB
SUnreclaim:       228916 kB
KernelStack:       47856 kB
ShadowCallStack:   11988 kB
PageTables:        72980 kB
NFS_Unstable:          0 kB
Bounce:                0 kB
WritebackTmp:          0 kB
CommitLimit:     8677876 kB
Committed_AS:   67473436 kB
VmallocTotal:   263061440 kB
VmallocUsed:      130616 kB
VmallocChunk:          0 kB
Percpu:             2448 kB
CmaTotal:         405504 kB
CmaFree:               0 kB
MemTotal:        7918588 kB
MemFree:          925196 kB
MemAvailable:    2346484 kB
Buffers:            4208 kB
Cached:          1413540 kB
SwapCached:        11408 kB
Active:          3688352 kB
Inactive:         680564 kB
Active(anon):    2952136 kB
Inactive(anon):    18640 kB
Active(file):     736216 kB
Inactive(file):   661924 kB
Unevictable:        6420 kB
Mlocked:            5980 kB
SwapTotal:       4718584 kB
SwapFree:        3702240 kB
Dirty:               392 kB
Writeback:             0 kB
AnonPages:       2953156 kB
Mapped:           672548 kB
Shmem:             14924 kB
KReclaimable:     413372 kB
Slab:             319744 kB
SReclaimable:      90720 kB
SUnreclaim:       229024 kB
KernelStack:       47824 kB
ShadowCallStack:   11980 kB
PageTables:        73128 kB
NFS_Unstable:          0 kB
Bounce:                0 kB
WritebackTmp:          0 kB
CommitLimit:     8677876 kB
Committed_AS:   67604512 kB
VmallocTotal:   263061440 kB
VmallocUsed:      130632 kB
VmallocChunk:          0 kB
Percpu:             2448 kB
CmaTotal:         405504 kB
CmaFree:               0 kB
MemTotal:        7918588 kB
MemFree:          869412 kB
MemAvailable:    2291484 kB
Buffers:            4208 kB
Cached:          1414696 kB
SwapCached:        11408 kB
Active:          3746012 kB
Inactive:         680588 kB
Active(anon):    3008668 kB
Inactive(anon):    18640 kB
Active(file):     737344 kB
Inactive(file):   661948 kB
Unevictable:        6420 kB
Mlocked:            5980 kB
SwapTotal:       4718584 kB
SwapFree:        3702240 kB
Dirty:               492 kB
Writeback:             0 kB
AnonPages:       3009808 kB
Mapped:           673384 kB
Shmem:             14928 kB
KReclaimable:     413004 kB
Slab:             319880 kB
SReclaimable:      90752 kB
SUnreclaim:       229128 kB
KernelStack:       47856 kB
ShadowCallStack:   11988 kB
PageTables:        73468 kB
NFS_Unstable:          0 kB
Bounce:                0 kB
WritebackTmp:          0 kB
CommitLimit:     8677876 kB
Committed_AS:   67735588 kB
VmallocTotal:   263061440 kB
VmallocUsed:      130616 kB
VmallocChunk:          0 kB
Percpu:             2448 kB
CmaTotal:         405504 kB
CmaFree:               0 kB
MemTotal:        7918588 kB
MemFree:          828040 kB
MemAvailable:    2249704 kB
Buffers:            4216 kB
Cached:          1414696 kB
SwapCached:        11408 kB
Active:          3787092 kB
Inactive:         680596 kB
Active(anon):    3049748 kB
Inactive(anon):    18640 kB
Active(file):     737344 kB
Inactive(file):   661956 kB
Unevictable:        6420 kB
Mlocked:            5980 kB
SwapTotal:       4718584 kB
SwapFree:        3702240 kB
Dirty:               504 kB
Writeback:             0 kB
AnonPages:       3051044 kB
Mapped:           673416 kB
Shmem:             14928 kB
KReclaimable:     412588 kB
Slab:             319844 kB
SReclaimable:      90752 kB
SUnreclaim:       229092 kB
KernelStack:       47856 kB
ShadowCallStack:   11988 kB
PageTables:        73540 kB
NFS_Unstable:          0 kB
Bounce:                0 kB
WritebackTmp:          0 kB
CommitLimit:     8677876 kB
Committed_AS:   67817504 kB
VmallocTotal:   263061440 kB
VmallocUsed:      130624 kB
VmallocChunk:          0 kB
Percpu:             2448 kB
CmaTotal:         405504 kB
CmaFree:               0 kB
MemTotal:        7918588 kB
MemFree:          764776 kB
MemAvailable:    2185456 kB
Buffers:            4216 kB
Cached:          1414696 kB
SwapCached:        11408 kB
Active:          3848512 kB
Inactive:         680596 kB
Active(anon):    3111168 kB
Inactive(anon):    18640 kB
Active(file):     737344 kB
Inactive(file):   661956 kB
Unevictable:        6420 kB
Mlocked:            5980 kB
SwapTotal:       4718584 kB
SwapFree:        3702240 kB
Dirty:               516 kB
Writeback:             0 kB
AnonPages:       3112252 kB
Mapped:           674368 kB
Shmem:             14928 kB
KReclaimable:     411604 kB
Slab:             320036 kB
SReclaimable:      90752 kB
SUnreclaim:       229284 kB
KernelStack:       47856 kB
ShadowCallStack:   11976 kB
PageTables:        73924 kB
NFS_Unstable:          0 kB
Bounce:                0 kB
WritebackTmp:          0 kB
CommitLimit:     8677876 kB
Committed_AS:   67964964 kB
VmallocTotal:   263061440 kB
VmallocUsed:      130628 kB
VmallocChunk:          0 kB
Percpu:             2448 kB
CmaTotal:         405504 kB
CmaFree:               4 kB
MemTotal:        7918588 kB
MemFree:          714948 kB
MemAvailable:    2135168 kB
Buffers:            4216 kB
Cached:          1414704 kB
SwapCached:        11408 kB
Active:          3898812 kB
Inactive:         680600 kB
Active(anon):    3161468 kB
Inactive(anon):    18640 kB
Active(file):     737344 kB
Inactive(file):   661960 kB
Unevictable:        6420 kB
Mlocked:            5980 kB
SwapTotal:       4718584 kB
SwapFree:        3702752 kB
Dirty:               532 kB
Writeback:             0 kB
AnonPages:       3162456 kB
Mapped:           674960 kB
Shmem:             14932 kB
KReclaimable:     411140 kB
Slab:             320052 kB
SReclaimable:      90752 kB
SUnreclaim:       229300 kB
KernelStack:       47856 kB
ShadowCallStack:   11984 kB
PageTables:        74216 kB
NFS_Unstable:          0 kB
Bounce:                0 kB
WritebackTmp:          0 kB
CommitLimit:     8677876 kB
Committed_AS:   68079780 kB
VmallocTotal:   263061440 kB
VmallocUsed:      130600 kB
VmallocChunk:          0 kB
Percpu:             2448 kB
CmaTotal:         405504 kB
CmaFree:               0 kB
MemTotal:        7918588 kB
MemFree:          659968 kB
MemAvailable:    2079484 kB
Buffers:            4216 kB
Cached:          1414704 kB
SwapCached:        11408 kB
Active:          3953124 kB
Inactive:         680600 kB
Active(anon):    3215780 kB
Inactive(anon):    18640 kB
Active(file):     737344 kB
Inactive(file):   661960 kB
Unevictable:        6420 kB
Mlocked:            5980 kB
SwapTotal:       4718584 kB
SwapFree:        3702752 kB
Dirty:               532 kB
Writeback:             0 kB
AnonPages:       3216704 kB
Mapped:           675324 kB
Shmem:             14932 kB
KReclaimable:     410436 kB
Slab:             320084 kB
SReclaimable:      90752 kB
SUnreclaim:       229332 kB
KernelStack:       47824 kB
ShadowCallStack:   11980 kB
PageTables:        74312 kB
NFS_Unstable:          0 kB
Bounce:                0 kB
WritebackTmp:          0 kB
CommitLimit:     8677876 kB
Committed_AS:   68178088 kB
VmallocTotal:   263061440 kB
VmallocUsed:      130612 kB
VmallocChunk:          0 kB
Percpu:             2448 kB
CmaTotal:         405504 kB
CmaFree:               0 kB
MemTotal:        7918588 kB
MemFree:          596404 kB
MemAvailable:    2015172 kB
Buffers:            4216 kB
Cached:          1414832 kB
SwapCached:        11408 kB
Active:          4016508 kB
Inactive:         680612 kB
Active(anon):    3279052 kB
Inactive(anon):    18640 kB
Active(file):     737456 kB
Inactive(file):   661972 kB
Unevictable:        6420 kB
Mlocked:            5980 kB
SwapTotal:       4718584 kB
SwapFree:        3702752 kB
Dirty:               548 kB
Writeback:             0 kB
AnonPages:       3280236 kB
Mapped:           676032 kB
Shmem:             14936 kB
KReclaimable:     409564 kB
Slab:             320004 kB
SReclaimable:      90752 kB
SUnreclaim:       229252 kB
KernelStack:       47840 kB
ShadowCallStack:   11980 kB
PageTables:        74548 kB
NFS_Unstable:          0 kB
Bounce:                0 kB
WritebackTmp:          0 kB
CommitLimit:     8677876 kB
Committed_AS:   68325544 kB
VmallocTotal:   263061440 kB
VmallocUsed:      130608 kB
VmallocChunk:          0 kB
Percpu:             2448 kB
CmaTotal:         405504 kB
CmaFree:              12 kB
MemTotal:        7918588 kB
MemFree:          550408 kB
MemAvailable:    1968844 kB
Buffers:            4240 kB
Cached:          1415000 kB
SwapCached:        11408 kB
Active:          4062432 kB
Inactive:         680652 kB
Active(anon):    3324828 kB
Inactive(anon):    18640 kB
Active(file):     737604 kB
Inactive(file):   662012 kB
Unevictable:        6420 kB
Mlocked:            5980 kB
SwapTotal:       4718584 kB
SwapFree:        3703008 kB
Dirty:               572 kB
Writeback:             0 kB
AnonPages:       3325740 kB
Mapped:           676736 kB
Shmem:             14940 kB
KReclaimable:     409044 kB
Slab:             320080 kB
SReclaimable:      90752 kB
SUnreclaim:       229328 kB
KernelStack:       47968 kB
ShadowCallStack:   12008 kB
PageTables:        74748 kB
NFS_Unstable:          0 kB
Bounce:                0 kB
WritebackTmp:          0 kB
CommitLimit:     8677876 kB
Committed_AS:   68407776 kB
VmallocTotal:   263061440 kB
VmallocUsed:      130720 kB
VmallocChunk:          0 kB
Percpu:             2448 kB
CmaTotal:         405504 kB
CmaFree:               0 kB
MemTotal:        7918588 kB
MemFree:          488852 kB
MemAvailable:    1906144 kB
Buffers:            4240 kB
Cached:          1415000 kB
SwapCached:        11408 kB
Active:          4123500 kB
Inactive:         680652 kB
Active(anon):    3385896 kB
Inactive(anon):    18640 kB
Active(file):     737604 kB
Inactive(file):   662012 kB
Unevictable:        6420 kB
Mlocked:            5980 kB
SwapTotal:       4718584 kB
SwapFree:        3703008 kB
Dirty:               600 kB
Writeback:             0 kB
AnonPages:       3386908 kB
Mapped:           677416 kB
Shmem:             14940 kB
KReclaimable:     407900 kB
Slab:             320236 kB
SReclaimable:      90752 kB
SUnreclaim:       229484 kB
KernelStack:       47936 kB
ShadowCallStack:   12008 kB
PageTables:        74972 kB
NFS_Unstable:          0 kB
Bounce:                0 kB
WritebackTmp:          0 kB
CommitLimit:     8677876 kB
Committed_AS:   68538808 kB
VmallocTotal:   263061440 kB
VmallocUsed:      130700 kB
VmallocChunk:          0 kB
Percpu:             2448 kB
CmaTotal:         405504 kB
CmaFree:               0 kB
MemTotal:        7918588 kB
MemFree:          432636 kB
MemAvailable:    1849528 kB
Buffers:            4240 kB
Cached:          1415004 kB
SwapCached:        11408 kB
Active:          4179784 kB
Inactive:         680652 kB
Active(anon):    3442180 kB
Inactive(anon):    18640 kB
Active(file):     737604 kB
Inactive(file):   662012 kB
Unevictable:        6420 kB
Mlocked:            5980 kB
SwapTotal:       4718584 kB
SwapFree:        3703008 kB
Dirty:               588 kB
Writeback:             0 kB
AnonPages:       3443228 kB
Mapped:           677568 kB
Shmem:             14944 kB
KReclaimable:     407500 kB
Slab:             320136 kB
SReclaimable:      90752 kB
SUnreclaim:       229384 kB
KernelStack:       47888 kB
ShadowCallStack:   12004 kB
PageTables:        75348 kB
NFS_Unstable:          0 kB
Bounce:                0 kB
WritebackTmp:          0 kB
CommitLimit:     8677876 kB
Committed_AS:   68669880 kB
VmallocTotal:   263061440 kB
VmallocUsed:      130660 kB
VmallocChunk:          0 kB
Percpu:             2448 kB
CmaTotal:         405504 kB
CmaFree:               0 kB
MemTotal:        7918588 kB
MemFree:          402412 kB
MemAvailable:    1819040 kB
Buffers:            4240 kB
Cached:          1415004 kB
SwapCached:        11408 kB
Active:          4208916 kB
Inactive:         680652 kB
Active(anon):    3471312 kB
Inactive(anon):    18640 kB
Active(file):     737604 kB
Inactive(file):   662012 kB
Unevictable:        6420 kB
Mlocked:            5980 kB
SwapTotal:       4718584 kB
SwapFree:        3703008 kB
Dirty:               588 kB
Writeback:             0 kB
AnonPages:       3472340 kB
Mapped:           677872 kB
Shmem:             14944 kB
KReclaimable:     407236 kB
Slab:             320284 kB
SReclaimable:      90752 kB
SUnreclaim:       229532 kB
KernelStack:       47920 kB
ShadowCallStack:   12004 kB
PageTables:        75284 kB
NFS_Unstable:          0 kB
Bounce:                0 kB
WritebackTmp:          0 kB
CommitLimit:     8677876 kB
Committed_AS:   68719032 kB
VmallocTotal:   263061440 kB
VmallocUsed:      130676 kB
VmallocChunk:          0 kB
Percpu:             2448 kB
CmaTotal:         405504 kB
CmaFree:               0 kB
MemTotal:        7918588 kB
MemFree:          342436 kB
MemAvailable:    1758428 kB
Buffers:            4252 kB
Cached:          1415052 kB
SwapCached:        11408 kB
Active:          4269096 kB
Inactive:         680712 kB
Active(anon):    3531492 kB
Inactive(anon):    18640 kB
Active(file):     737604 kB
Inactive(file):   662072 kB
Unevictable:        6420 kB
Mlocked:            5980 kB
SwapTotal:       4718584 kB
SwapFree:        3703008 kB
Dirty:               576 kB
Writeback:             0 kB
AnonPages:       3532608 kB
Mapped:           678144 kB
Shmem:             14944 kB
KReclaimable:     406540 kB
Slab:             320248 kB
SReclaimable:      90752 kB
SUnreclaim:       229496 kB
KernelStack:       47872 kB
ShadowCallStack:   12008 kB
PageTables:        75568 kB
NFS_Unstable:          0 kB
Bounce:                0 kB
WritebackTmp:          0 kB
CommitLimit:     8677876 kB
Committed_AS:   68882872 kB
VmallocTotal:   263061440 kB
VmallocUsed:      130660 kB
VmallocChunk:          0 kB
Percpu:             2448 kB
CmaTotal:         405504 kB
CmaFree:               0 kB
MemTotal:        7918588 kB
MemFree:          289960 kB
MemAvailable:    1705264 kB
Buffers:            4252 kB
Cached:          1415056 kB
SwapCached:        11408 kB
Active:          4320368 kB
Inactive:         680712 kB
Active(anon):    3582764 kB
Inactive(anon):    18640 kB
Active(file):     737604 kB
Inactive(file):   662072 kB
Unevictable:        6420 kB
Mlocked:            5980 kB
SwapTotal:       4718584 kB
SwapFree:        3703008 kB
Dirty:               580 kB
Writeback:             0 kB
AnonPages:       3583556 kB
Mapped:           678624 kB
Shmem:             14948 kB
KReclaimable:     405852 kB
Slab:             320300 kB
SReclaimable:      90752 kB
SUnreclaim:       229548 kB
KernelStack:       48016 kB
ShadowCallStack:   12012 kB
PageTables:        75892 kB
NFS_Unstable:          0 kB
Bounce:                0 kB
WritebackTmp:          0 kB
CommitLimit:     8677876 kB
Committed_AS:   68981440 kB
VmallocTotal:   263061440 kB
VmallocUsed:      130736 kB
VmallocChunk:          0 kB
Percpu:             2448 kB
CmaTotal:         405504 kB
CmaFree:               0 kB
MemTotal:        7918588 kB
MemFree:          244284 kB
MemAvailable:    1659012 kB
Buffers:            4252 kB
Cached:          1415056 kB
SwapCached:        11408 kB
Active:          4366436 kB
Inactive:         680712 kB
Active(anon):    3628832 kB
Inactive(anon):    18640 kB
Active(file):     737604 kB
Inactive(file):   662072 kB
Unevictable:        6420 kB
Mlocked:            5980 kB
SwapTotal:       4718584 kB
SwapFree:        3703008 kB
Dirty:               580 kB
Writeback:             0 kB
AnonPages:       3629948 kB
Mapped:           679128 kB
Shmem:             14948 kB
KReclaimable:     405276 kB
Slab:             320332 kB
SReclaimable:      90752 kB
SUnreclaim:       229580 kB
KernelStack:       47968 kB
ShadowCallStack:   12012 kB
PageTables:        75996 kB
NFS_Unstable:          0 kB
Bounce:                0 kB
WritebackTmp:          0 kB
CommitLimit:     8677876 kB
Committed_AS:   69079748 kB
VmallocTotal:   263061440 kB
VmallocUsed:      130760 kB
VmallocChunk:          0 kB
Percpu:             2448 kB
CmaTotal:         405504 kB
CmaFree:               0 kB
MemTotal:        7918588 kB
MemFree:          185544 kB
MemAvailable:    1599616 kB
Buffers:            4260 kB
Cached:          1415060 kB
SwapCached:        11408 kB
Active:          4424400 kB
Inactive:         680720 kB
Active(anon):    3686796 kB
Inactive(anon):    18640 kB
Active(file):     737604 kB
Inactive(file):   662080 kB
Unevictable:        6420 kB
Mlocked:            5980 kB
SwapTotal:       4718584 kB
SwapFree:        3703008 kB
Dirty:               580 kB
Writeback:             0 kB
AnonPages:       3687852 kB
Mapped:           679440 kB
Shmem:             14952 kB
KReclaimable:     404612 kB
Slab:             320452 kB
SReclaimable:      90752 kB
SUnreclaim:       229700 kB
KernelStack:       47952 kB
ShadowCallStack:   12016 kB
PageTables:        76256 kB
NFS_Unstable:          0 kB
Bounce:                0 kB
WritebackTmp:          0 kB
CommitLimit:     8677876 kB
Committed_AS:   69210820 kB
VmallocTotal:   263061440 kB
VmallocUsed:      130756 kB
VmallocChunk:          0 kB
Percpu:             2448 kB
CmaTotal:         405504 kB
CmaFree:               0 kB
MemTotal:        7918588 kB
MemFree:          191476 kB
MemAvailable:    1565960 kB
Buffers:            4236 kB
Cached:          1386140 kB
SwapCached:        11404 kB
Active:          4404528 kB
Inactive:         722740 kB
Active(anon):    3688120 kB
Inactive(anon):    68408 kB
Active(file):     716408 kB
Inactive(file):   654332 kB
Unevictable:        6420 kB
Mlocked:            5980 kB
SwapTotal:       4718584 kB
SwapFree:        3701728 kB
Dirty:               516 kB
Writeback:             0 kB
AnonPages:       3738668 kB
Mapped:           669932 kB
Shmem:             14952 kB
KReclaimable:     393968 kB
Slab:             318000 kB
SReclaimable:      88464 kB
SUnreclaim:       229536 kB
KernelStack:       47936 kB
ShadowCallStack:   12012 kB
PageTables:        76600 kB
NFS_Unstable:          0 kB
Bounce:                0 kB
WritebackTmp:          0 kB
CommitLimit:     8677876 kB
Committed_AS:   69292688 kB
VmallocTotal:   263061440 kB
VmallocUsed:      130756 kB
VmallocChunk:          0 kB
Percpu:             2448 kB
CmaTotal:         405504 kB
CmaFree:              80 kB
MemTotal:        7918588 kB
MemFree:          169488 kB
MemAvailable:    1512976 kB
Buffers:            2448 kB
Cached:          1360420 kB
SwapCached:        11404 kB
Active:          4459308 kB
Inactive:         693972 kB
Active(anon):    3741644 kB
Inactive(anon):    68404 kB
Active(file):     717664 kB
Inactive(file):   625568 kB
Unevictable:        6420 kB
Mlocked:            5980 kB
SwapTotal:       4718584 kB
SwapFree:        3701728 kB
Dirty:               560 kB
Writeback:             0 kB
AnonPages:       3792460 kB
Mapped:           666088 kB
Shmem:             14952 kB
KReclaimable:     390480 kB
Slab:             317872 kB
SReclaimable:      88352 kB
SUnreclaim:       229520 kB
KernelStack:       48000 kB
ShadowCallStack:   12024 kB
PageTables:        76716 kB
NFS_Unstable:          0 kB
Bounce:                0 kB
WritebackTmp:          0 kB
CommitLimit:     8677876 kB
Committed_AS:   69407464 kB
VmallocTotal:   263061440 kB
VmallocUsed:      130820 kB
VmallocChunk:          0 kB
Percpu:             2448 kB
CmaTotal:         405504 kB
CmaFree:               0 kB
MemTotal:        7918588 kB
MemFree:          166500 kB
MemAvailable:    1458572 kB
Buffers:            2452 kB
Cached:          1314528 kB
SwapCached:        11404 kB
Active:          4513232 kB
Inactive:         648068 kB
Active(anon):    3795472 kB
Inactive(anon):    68404 kB
Active(file):     717760 kB
Inactive(file):   579664 kB
Unevictable:        6420 kB
Mlocked:            5980 kB
SwapTotal:       4718584 kB
SwapFree:        3701728 kB
Dirty:               640 kB
Writeback:             0 kB
AnonPages:       3846124 kB
Mapped:           666552 kB
Shmem:             14956 kB
KReclaimable:     384872 kB
Slab:             317556 kB
SReclaimable:      87936 kB
SUnreclaim:       229620 kB
KernelStack:       47968 kB
ShadowCallStack:   12012 kB
PageTables:        76764 kB
NFS_Unstable:          0 kB
Bounce:                0 kB
WritebackTmp:          0 kB
CommitLimit:     8677876 kB
Committed_AS:   69538456 kB
VmallocTotal:   263061440 kB
VmallocUsed:      130752 kB
VmallocChunk:          0 kB
Percpu:             2448 kB
CmaTotal:         405504 kB
CmaFree:               0 kB
MemTotal:        7918588 kB
MemFree:          166004 kB
MemAvailable:    1427468 kB
Buffers:            2452 kB
Cached:          1286352 kB
SwapCached:        11404 kB
Active:          4543936 kB
Inactive:         619808 kB
Active(anon):    3826176 kB
Inactive(anon):    68404 kB
Active(file):     717760 kB
Inactive(file):   551404 kB
Unevictable:        6420 kB
Mlocked:            5980 kB
SwapTotal:       4718584 kB
SwapFree:        3701728 kB
Dirty:               640 kB
Writeback:             0 kB
AnonPages:       3877024 kB
Mapped:           666928 kB
Shmem:             14956 kB
KReclaimable:     382524 kB
Slab:             317212 kB
SReclaimable:      87524 kB
SUnreclaim:       229688 kB
KernelStack:       47984 kB
ShadowCallStack:   12016 kB
PageTables:        77268 kB
NFS_Unstable:          0 kB
Bounce:                0 kB
WritebackTmp:          0 kB
CommitLimit:     8677876 kB
Committed_AS:   69603988 kB
VmallocTotal:   263061440 kB
VmallocUsed:      130772 kB
VmallocChunk:          0 kB
Percpu:             2448 kB
CmaTotal:         405504 kB
CmaFree:               0 kB
MemTotal:        7918588 kB
MemFree:          171836 kB
MemAvailable:    1366836 kB
Buffers:            2436 kB
Cached:          1227220 kB
SwapCached:        11404 kB
Active:          4604704 kB
Inactive:         559616 kB
Active(anon):    3885808 kB
Inactive(anon):    68404 kB
Active(file):     718896 kB
Inactive(file):   491212 kB
Unevictable:        6420 kB
Mlocked:            5980 kB
SwapTotal:       4718584 kB
SwapFree:        3701728 kB
Dirty:               644 kB
Writeback:             0 kB
AnonPages:       3936588 kB
Mapped:           667532 kB
Shmem:             14964 kB
KReclaimable:     375116 kB
Slab:             315856 kB
SReclaimable:      86364 kB
SUnreclaim:       229492 kB
KernelStack:       47952 kB
ShadowCallStack:   12012 kB
PageTables:        77112 kB
NFS_Unstable:          0 kB
Bounce:                0 kB
WritebackTmp:          0 kB
CommitLimit:     8677876 kB
Committed_AS:   69735064 kB
VmallocTotal:   263061440 kB
VmallocUsed:      130756 kB
VmallocChunk:          0 kB
Percpu:             2448 kB
CmaTotal:         405504 kB
CmaFree:               0 kB
MemTotal:        7918588 kB
MemFree:          170488 kB
MemAvailable:    1325236 kB
Buffers:            2352 kB
Cached:          1194488 kB
SwapCached:        11404 kB
Active:          4691032 kB
Inactive:         481100 kB
Active(anon):    3926548 kB
Inactive(anon):    68392 kB
Active(file):     764484 kB
Inactive(file):   412708 kB
Unevictable:        6420 kB
Mlocked:            5980 kB
SwapTotal:       4718584 kB
SwapFree:        3701728 kB
Dirty:               644 kB
Writeback:             0 kB
AnonPages:       3977440 kB
Mapped:           655088 kB
Shmem:             14964 kB
KReclaimable:     367780 kB
Slab:             315268 kB
SReclaimable:      85716 kB
SUnreclaim:       229552 kB
KernelStack:       47968 kB
ShadowCallStack:   12008 kB
PageTables:        77468 kB
NFS_Unstable:          0 kB
Bounce:                0 kB
WritebackTmp:          0 kB
CommitLimit:     8677876 kB
Committed_AS:   69833324 kB
VmallocTotal:   263061440 kB
VmallocUsed:      130736 kB
VmallocChunk:          0 kB
Percpu:             2448 kB
CmaTotal:         405504 kB
CmaFree:               0 kB
MemTotal:        7918588 kB
MemFree:          166876 kB
MemAvailable:    1275868 kB
Buffers:            2352 kB
Cached:          1153856 kB
SwapCached:        11404 kB
Active:          4748740 kB
Inactive:         431404 kB
Active(anon):    3975392 kB
Inactive(anon):    68404 kB
Active(file):     773348 kB
Inactive(file):   363000 kB
Unevictable:        6420 kB
Mlocked:            5980 kB
SwapTotal:       4718584 kB
SwapFree:        3701728 kB
Dirty:               652 kB
Writeback:             0 kB
AnonPages:       4026148 kB
Mapped:           640472 kB
Shmem:             14964 kB
KReclaimable:     362868 kB
Slab:             314856 kB
SReclaimable:      85364 kB
SUnreclaim:       229492 kB
KernelStack:       47872 kB
ShadowCallStack:   11992 kB
PageTables:        77404 kB
NFS_Unstable:          0 kB
Bounce:                0 kB
WritebackTmp:          0 kB
CommitLimit:     8677876 kB
Committed_AS:   69947904 kB
VmallocTotal:   263061440 kB
VmallocUsed:      130692 kB
VmallocChunk:          0 kB
Percpu:             2448 kB
CmaTotal:         405504 kB
CmaFree:               0 kB
MemTotal:        7918588 kB
MemFree:          166236 kB
MemAvailable:    1227908 kB
Buffers:            2332 kB
Cached:          1111788 kB
SwapCached:        11404 kB
Active:          4810708 kB
Inactive:         376408 kB
Active(anon):    4024236 kB
Inactive(anon):    68408 kB
Active(file):     786472 kB
Inactive(file):   308000 kB
Unevictable:        6420 kB
Mlocked:            5980 kB
SwapTotal:       4718584 kB
SwapFree:        3701728 kB
Dirty:               652 kB
Writeback:             0 kB
AnonPages:       4074928 kB
Mapped:           626804 kB
Shmem:             14964 kB
KReclaimable:     357424 kB
Slab:             314324 kB
SReclaimable:      84752 kB
SUnreclaim:       229572 kB
KernelStack:       47872 kB
ShadowCallStack:   11988 kB
PageTables:        78268 kB
NFS_Unstable:          0 kB
Bounce:                0 kB
WritebackTmp:          0 kB
CommitLimit:     8677876 kB
Committed_AS:   70046756 kB
VmallocTotal:   263061440 kB
VmallocUsed:      130632 kB
VmallocChunk:          0 kB
Percpu:             2448 kB
CmaTotal:         405504 kB
CmaFree:               0 kB
MemTotal:        7918588 kB
MemFree:          167756 kB
MemAvailable:    1184436 kB
Buffers:            2332 kB
Cached:          1071432 kB
SwapCached:        11404 kB
Active:          4858128 kB
Inactive:         330452 kB
Active(anon):    4066068 kB
Inactive(anon):    68388 kB
Active(file):     792060 kB
Inactive(file):   262064 kB
Unevictable:        6420 kB
Mlocked:            5980 kB
SwapTotal:       4718584 kB
SwapFree:        3701984 kB
Dirty:               652 kB
Writeback:             0 kB
AnonPages:       4116824 kB
Mapped:           628468 kB
Shmem:             14964 kB
KReclaimable:     352528 kB
Slab:             313400 kB
SReclaimable:      83840 kB
SUnreclaim:       229560 kB
KernelStack:       47808 kB
ShadowCallStack:   11984 kB
PageTables:        77900 kB
NFS_Unstable:          0 kB
Bounce:                0 kB
WritebackTmp:          0 kB
CommitLimit:     8677876 kB
Committed_AS:   70144956 kB
VmallocTotal:   263061440 kB
VmallocUsed:      130592 kB
VmallocChunk:          0 kB
Percpu:             2448 kB
CmaTotal:         405504 kB
CmaFree:               0 kB
MemTotal:        7918588 kB
MemFree:          171904 kB
MemAvailable:    1120292 kB
Buffers:            2280 kB
Cached:          1011128 kB
SwapCached:        11404 kB
Active:          4934348 kB
Inactive:         255628 kB
Active(anon):    4127788 kB
Inactive(anon):    68384 kB
Active(file):     806560 kB
Inactive(file):   187244 kB
Unevictable:        6420 kB
Mlocked:            5980 kB
SwapTotal:       4718584 kB
SwapFree:        3701984 kB
Dirty:               636 kB
Writeback:             8 kB
AnonPages:       4178592 kB
Mapped:           628508 kB
Shmem:             14964 kB
KReclaimable:     344808 kB
Slab:             311912 kB
SReclaimable:      82216 kB
SUnreclaim:       229696 kB
KernelStack:       47824 kB
ShadowCallStack:   11980 kB
PageTables:        78440 kB
NFS_Unstable:          0 kB
Bounce:                0 kB
WritebackTmp:          0 kB
CommitLimit:     8677876 kB
Committed_AS:   70275868 kB
VmallocTotal:   263061440 kB
VmallocUsed:      130552 kB
VmallocChunk:          0 kB
Percpu:             2448 kB
CmaTotal:         405504 kB
CmaFree:               0 kB
MemTotal:        7918588 kB
MemFree:          169004 kB
MemAvailable:    1078788 kB
Buffers:            2276 kB
Cached:           976544 kB
SwapCached:        11404 kB
Active:          4976532 kB
Inactive:         220928 kB
Active(anon):    4169900 kB
Inactive(anon):    68388 kB
Active(file):     806632 kB
Inactive(file):   152540 kB
Unevictable:        6420 kB
Mlocked:            5980 kB
SwapTotal:       4718584 kB
SwapFree:        3701984 kB
Dirty:                60 kB
Writeback:             0 kB
AnonPages:       4220728 kB
Mapped:           628516 kB
Shmem:             14964 kB
KReclaimable:     340836 kB
Slab:             310976 kB
SReclaimable:      81220 kB
SUnreclaim:       229756 kB
KernelStack:       47792 kB
ShadowCallStack:   11972 kB
PageTables:        78644 kB
NFS_Unstable:          0 kB
Bounce:                0 kB
WritebackTmp:          0 kB
CommitLimit:     8677876 kB
Committed_AS:   70357792 kB
VmallocTotal:   263061440 kB
VmallocUsed:      130536 kB
VmallocChunk:          0 kB
Percpu:             2448 kB
CmaTotal:         405504 kB
CmaFree:               0 kB
MemTotal:        7918588 kB
MemFree:          166380 kB
MemAvailable:    1029504 kB
Buffers:            2276 kB
Cached:           934472 kB
SwapCached:        11404 kB
Active:          5025328 kB
Inactive:         178756 kB
Active(anon):    4218696 kB
Inactive(anon):    68380 kB
Active(file):     806632 kB
Inactive(file):   110376 kB
Unevictable:        6420 kB
Mlocked:            5980 kB
SwapTotal:       4718584 kB
SwapFree:        3701984 kB
Dirty:                80 kB
Writeback:             0 kB
AnonPages:       4269472 kB
Mapped:           629124 kB
Shmem:             14968 kB
KReclaimable:     336340 kB
Slab:             310096 kB
SReclaimable:      80308 kB
SUnreclaim:       229788 kB
KernelStack:       47424 kB
ShadowCallStack:   11876 kB
PageTables:        78600 kB
NFS_Unstable:          0 kB
Bounce:                0 kB
WritebackTmp:          0 kB
CommitLimit:     8677876 kB
Committed_AS:   70472272 kB
VmallocTotal:   263061440 kB
VmallocUsed:      130076 kB
VmallocChunk:          0 kB
Percpu:             2448 kB
CmaTotal:         405504 kB
CmaFree:               0 kB
MemTotal:        7918588 kB
MemFree:          161604 kB
MemAvailable:     973000 kB
Buffers:             600 kB
Cached:           890428 kB
SwapCached:        11404 kB
Active:          5100464 kB
Inactive:         114404 kB
Active(anon):    4275104 kB
Inactive(anon):    68392 kB
Active(file):     825360 kB
Inactive(file):    46012 kB
Unevictable:        6420 kB
Mlocked:            5980 kB
SwapTotal:       4718584 kB
SwapFree:        3701984 kB
Dirty:               136 kB
Writeback:             0 kB
AnonPages:       4325712 kB
Mapped:           616492 kB
Shmem:             14972 kB
KReclaimable:     330248 kB
Slab:             309484 kB
SReclaimable:      79648 kB
SUnreclaim:       229836 kB
KernelStack:       47392 kB
ShadowCallStack:   11868 kB
PageTables:        78960 kB
NFS_Unstable:          0 kB
Bounce:                0 kB
WritebackTmp:          0 kB
CommitLimit:     8677876 kB
Committed_AS:   70603244 kB
VmallocTotal:   263061440 kB
VmallocUsed:      130016 kB
VmallocChunk:          0 kB
Percpu:             2448 kB
CmaTotal:         405504 kB
CmaFree:             296 kB
MemTotal:        7918588 kB
MemFree:          167552 kB
MemAvailable:     936312 kB
Buffers:             472 kB
Cached:           861108 kB
SwapCached:        11396 kB
Active:          1154776 kB
Inactive:        4064044 kB
Active(anon):     932976 kB
Inactive(anon):  3444136 kB
Active(file):     221800 kB
Inactive(file):   619908 kB
Unevictable:        6420 kB
Mlocked:            5980 kB
SwapTotal:       4718584 kB
SwapFree:        3699936 kB
Dirty:               140 kB
Writeback:             0 kB
AnonPages:       4359504 kB
Mapped:           601588 kB
Shmem:             14876 kB
KReclaimable:     317276 kB
Slab:             309564 kB
SReclaimable:      79628 kB
SUnreclaim:       229936 kB
KernelStack:       47408 kB
ShadowCallStack:   11876 kB
PageTables:        79588 kB
NFS_Unstable:          0 kB
Bounce:                0 kB
WritebackTmp:          0 kB
CommitLimit:     8677876 kB
Committed_AS:   70668780 kB
VmallocTotal:   263061440 kB
VmallocUsed:      130036 kB
VmallocChunk:          0 kB
Percpu:             2448 kB
CmaTotal:         405504 kB
CmaFree:             100 kB
MemTotal:        7918588 kB
MemFree:          164960 kB
MemAvailable:     884052 kB
Buffers:             456 kB
Cached:           817712 kB
SwapCached:        11396 kB
Active:          1226064 kB
Inactive:        4000160 kB
Active(anon):     988732 kB
Inactive(anon):  3439372 kB
Active(file):     237332 kB
Inactive(file):   560788 kB
Unevictable:        6420 kB
Mlocked:            5980 kB
SwapTotal:       4718584 kB
SwapFree:        3696864 kB
Dirty:               144 kB
Writeback:             0 kB
AnonPages:       4410260 kB
Mapped:           577240 kB
Shmem:             14940 kB
KReclaimable:     311196 kB
Slab:             309428 kB
SReclaimable:      79604 kB
SUnreclaim:       229824 kB
KernelStack:       47360 kB
ShadowCallStack:   11864 kB
PageTables:        79116 kB
NFS_Unstable:          0 kB
Bounce:                0 kB
WritebackTmp:          0 kB
CommitLimit:     8677876 kB
Committed_AS:   70783364 kB
VmallocTotal:   263061440 kB
VmallocUsed:      129992 kB
VmallocChunk:          0 kB
Percpu:             2448 kB
CmaTotal:         405504 kB
CmaFree:               0 kB
MemTotal:        7918588 kB
MemFree:          166100 kB
MemAvailable:     830452 kB
Buffers:             436 kB
Cached:           766896 kB
SwapCached:        11396 kB
Active:          1284904 kB
Inactive:        3943388 kB
Active(anon):    1041360 kB
Inactive(anon):  3439204 kB
Active(file):     243544 kB
Inactive(file):   504184 kB
Unevictable:        6420 kB
Mlocked:            5980 kB
SwapTotal:       4718584 kB
SwapFree:        3696864 kB
Dirty:                92 kB
Writeback:             0 kB
AnonPages:       4463048 kB
Mapped:           553868 kB
Shmem:             14940 kB
KReclaimable:     306848 kB
Slab:             309688 kB
SReclaimable:      79600 kB
SUnreclaim:       230088 kB
KernelStack:       47376 kB
ShadowCallStack:   11864 kB
PageTables:        79800 kB
NFS_Unstable:          0 kB
Bounce:                0 kB
WritebackTmp:          0 kB
CommitLimit:     8677876 kB
Committed_AS:   70898056 kB
VmallocTotal:   263061440 kB
VmallocUsed:      129996 kB
VmallocChunk:          0 kB
Percpu:             2448 kB
CmaTotal:         405504 kB
CmaFree:               0 kB
MemTotal:        7918588 kB
MemFree:          169148 kB
MemAvailable:     805952 kB
Buffers:             428 kB
Cached:           741568 kB
SwapCached:        11396 kB
Active:          1311888 kB
Inactive:        3915340 kB
Active(anon):    1065756 kB
Inactive(anon):  3439180 kB
Active(file):     246132 kB
Inactive(file):   476160 kB
Unevictable:        6420 kB
Mlocked:            5980 kB
SwapTotal:       4718584 kB
SwapFree:        3696864 kB
Dirty:               128 kB
Writeback:             0 kB
AnonPages:       4487360 kB
Mapped:           544336 kB
Shmem:             14940 kB
KReclaimable:     304736 kB
Slab:             309644 kB
SReclaimable:      79600 kB
SUnreclaim:       230044 kB
KernelStack:       47312 kB
ShadowCallStack:   11856 kB
PageTables:        79312 kB
NFS_Unstable:          0 kB
Bounce:                0 kB
WritebackTmp:          0 kB
CommitLimit:     8677876 kB
Committed_AS:   70963592 kB
VmallocTotal:   263061440 kB
VmallocUsed:      130012 kB
VmallocChunk:          0 kB
Percpu:             2448 kB
CmaTotal:         405504 kB
CmaFree:               0 kB
MemTotal:        7918588 kB
MemFree:          168548 kB
MemAvailable:     729580 kB
Buffers:             424 kB
Cached:           671056 kB
SwapCached:        11396 kB
Active:          1391372 kB
Inactive:        3840172 kB
Active(anon):    1140724 kB
Inactive(anon):  3439180 kB
Active(file):     250648 kB
Inactive(file):   400992 kB
Unevictable:        6420 kB
Mlocked:            5980 kB
SwapTotal:       4718584 kB
SwapFree:        3696864 kB
Dirty:               192 kB
Writeback:             0 kB
AnonPages:       4562232 kB
Mapped:           520636 kB
Shmem:             14944 kB
KReclaimable:     299616 kB
Slab:             309736 kB
SReclaimable:      79600 kB
SUnreclaim:       230136 kB
KernelStack:       47376 kB
ShadowCallStack:   11876 kB
PageTables:        80256 kB
NFS_Unstable:          0 kB
Bounce:                0 kB
WritebackTmp:          0 kB
CommitLimit:     8677876 kB
Committed_AS:   71127432 kB
VmallocTotal:   263061440 kB
VmallocUsed:      130016 kB
VmallocChunk:          0 kB
Percpu:             2448 kB
CmaTotal:         405504 kB
CmaFree:               0 kB
MemTotal:        7918588 kB
MemFree:          166560 kB
MemAvailable:     686288 kB
Buffers:             420 kB
Cached:           632776 kB
SwapCached:        11396 kB
Active:          1437400 kB
Inactive:        3798048 kB
Active(anon):    1183196 kB
Inactive(anon):  3438684 kB
Active(file):     254204 kB
Inactive(file):   359364 kB
Unevictable:        6420 kB
Mlocked:            5980 kB
SwapTotal:       4718584 kB
SwapFree:        3696864 kB
Dirty:               192 kB
Writeback:             0 kB
AnonPages:       4604240 kB
Mapped:           508340 kB
Shmem:             14944 kB
KReclaimable:     296384 kB
Slab:             309672 kB
SReclaimable:      79600 kB
SUnreclaim:       230072 kB
KernelStack:       47376 kB
ShadowCallStack:   11860 kB
PageTables:        80316 kB
NFS_Unstable:          0 kB
Bounce:                0 kB
WritebackTmp:          0 kB
CommitLimit:     8677876 kB
Committed_AS:   71212260 kB
VmallocTotal:   263061440 kB
VmallocUsed:      130000 kB
VmallocChunk:          0 kB
Percpu:             2448 kB
CmaTotal:         405504 kB
CmaFree:             384 kB
MemTotal:        7918588 kB
MemFree:          169208 kB
MemAvailable:     657376 kB
Buffers:             420 kB
Cached:           602832 kB
SwapCached:        11396 kB
Active:          1469536 kB
Inactive:        3764160 kB
Active(anon):    1211964 kB
Inactive(anon):  3438108 kB
Active(file):     257572 kB
Inactive(file):   326052 kB
Unevictable:        6420 kB
Mlocked:            5980 kB
SwapTotal:       4718584 kB
SwapFree:        3696864 kB
Dirty:               196 kB
Writeback:             0 kB
AnonPages:       4632468 kB
Mapped:           492900 kB
Shmem:             14944 kB
KReclaimable:     294768 kB
Slab:             309696 kB
SReclaimable:      79600 kB
SUnreclaim:       230096 kB
KernelStack:       47392 kB
ShadowCallStack:   11872 kB
PageTables:        80628 kB
NFS_Unstable:          0 kB
Bounce:                0 kB
WritebackTmp:          0 kB
CommitLimit:     8677876 kB
Committed_AS:   71261412 kB
VmallocTotal:   263061440 kB
VmallocUsed:      129996 kB
VmallocChunk:          0 kB
Percpu:             2448 kB
CmaTotal:         405504 kB
CmaFree:               8 kB
MemTotal:        7918588 kB
MemFree:          168852 kB
MemAvailable:     585016 kB
Buffers:             420 kB
Cached:           535264 kB
SwapCached:        11396 kB
Active:          1543392 kB
Inactive:        3694852 kB
Active(anon):    1284184 kB
Inactive(anon):  3438080 kB
Active(file):     259208 kB
Inactive(file):   256772 kB
Unevictable:        6420 kB
Mlocked:            5980 kB
SwapTotal:       4718584 kB
SwapFree:        3696864 kB
Dirty:               196 kB
Writeback:             0 kB
AnonPages:       4704852 kB
Mapped:           487464 kB
Shmem:             14948 kB
KReclaimable:     290408 kB
Slab:             309796 kB
SReclaimable:      79600 kB
SUnreclaim:       230196 kB
KernelStack:       47392 kB
ShadowCallStack:   11864 kB
PageTables:        80396 kB
NFS_Unstable:          0 kB
Bounce:                0 kB
WritebackTmp:          0 kB
CommitLimit:     8677876 kB
Committed_AS:   71425256 kB
VmallocTotal:   263061440 kB
VmallocUsed:      130040 kB
VmallocChunk:          0 kB
Percpu:             2448 kB
CmaTotal:         405504 kB
CmaFree:               0 kB
MemTotal:        7918588 kB
MemFree:          167108 kB
MemAvailable:     541372 kB
Buffers:             420 kB
Cached:           496692 kB
SwapCached:        11396 kB
Active:          1587492 kB
Inactive:        3653668 kB
Active(anon):    1325608 kB
Inactive(anon):  3438072 kB
Active(file):     261884 kB
Inactive(file):   215596 kB
Unevictable:        6420 kB
Mlocked:            5980 kB
SwapTotal:       4718584 kB
SwapFree:        3696864 kB
Dirty:               124 kB
Writeback:             0 kB
AnonPages:       4746052 kB
Mapped:           479960 kB
Shmem:             14948 kB
KReclaimable:     287008 kB
Slab:             309928 kB
SReclaimable:      79600 kB
SUnreclaim:       230328 kB
KernelStack:       47440 kB
ShadowCallStack:   11876 kB
PageTables:        81196 kB
NFS_Unstable:          0 kB
Bounce:                0 kB
WritebackTmp:          0 kB
CommitLimit:     8677876 kB
Committed_AS:   71507176 kB
VmallocTotal:   263061440 kB
VmallocUsed:      130052 kB
VmallocChunk:          0 kB
Percpu:             2448 kB
CmaTotal:         405504 kB
CmaFree:               0 kB
MemTotal:        7918588 kB
MemFree:          169140 kB
MemAvailable:     498996 kB
Buffers:             444 kB
Cached:           454660 kB
SwapCached:        11396 kB
Active:          1629772 kB
Inactive:        3611580 kB
Active(anon):    1367888 kB
Inactive(anon):  3438072 kB
Active(file):     261884 kB
Inactive(file):   173508 kB
Unevictable:        6420 kB
Mlocked:            5980 kB
SwapTotal:       4718584 kB
SwapFree:        3696864 kB
Dirty:               176 kB
Writeback:             0 kB
AnonPages:       4788340 kB
Mapped:           480336 kB
Shmem:             14952 kB
KReclaimable:     284688 kB
Slab:             309860 kB
SReclaimable:      79600 kB
SUnreclaim:       230260 kB
KernelStack:       47392 kB
ShadowCallStack:   11864 kB
PageTables:        80708 kB
NFS_Unstable:          0 kB
Bounce:                0 kB
WritebackTmp:          0 kB
CommitLimit:     8677876 kB
Committed_AS:   71605488 kB
VmallocTotal:   263061440 kB
VmallocUsed:      130036 kB
VmallocChunk:          0 kB
Percpu:             2448 kB
CmaTotal:         405504 kB
CmaFree:               0 kB
MemTotal:        7918588 kB
MemFree:          170928 kB
MemAvailable:     439732 kB
Buffers:             440 kB
Cached:           397640 kB
SwapCached:        11396 kB
Active:          1690024 kB
Inactive:        3553376 kB
Active(anon):    1427148 kB
Inactive(anon):  3438064 kB
Active(file):     262876 kB
Inactive(file):   115312 kB
Unevictable:        6420 kB
Mlocked:            5980 kB
SwapTotal:       4718584 kB
SwapFree:        3696864 kB
Dirty:               176 kB
Writeback:             0 kB
AnonPages:       4847488 kB
Mapped:           471724 kB
Shmem:             14952 kB
KReclaimable:     280840 kB
Slab:             310020 kB
SReclaimable:      79600 kB
SUnreclaim:       230420 kB
KernelStack:       47424 kB
ShadowCallStack:   11872 kB
PageTables:        81240 kB
NFS_Unstable:          0 kB
Bounce:                0 kB
WritebackTmp:          0 kB
CommitLimit:     8677876 kB
Committed_AS:   71736556 kB
VmallocTotal:   263061440 kB
VmallocUsed:      130052 kB
VmallocChunk:          0 kB
Percpu:             2448 kB
CmaTotal:         405504 kB
CmaFree:               0 kB
MemTotal:        7918588 kB
MemFree:          165836 kB
MemAvailable:     408288 kB
Buffers:             440 kB
Cached:           372512 kB
SwapCached:        11396 kB
Active:          1723412 kB
Inactive:        3525180 kB
Active(anon):    1457832 kB
Inactive(anon):  3437448 kB
Active(file):     265580 kB
Inactive(file):    87732 kB
Unevictable:        6420 kB
Mlocked:            5980 kB
SwapTotal:       4718584 kB
SwapFree:        3696864 kB
Dirty:               176 kB
Writeback:             0 kB
AnonPages:       4877696 kB
Mapped:           464500 kB
Shmem:             14956 kB
KReclaimable:     279364 kB
Slab:             309952 kB
SReclaimable:      79596 kB
SUnreclaim:       230356 kB
KernelStack:       47392 kB
ShadowCallStack:   11880 kB
PageTables:        81460 kB
NFS_Unstable:          0 kB
Bounce:                0 kB
WritebackTmp:          0 kB
CommitLimit:     8677876 kB
Committed_AS:   71802092 kB
VmallocTotal:   263061440 kB
VmallocUsed:      130060 kB
VmallocChunk:          0 kB
Percpu:             2448 kB
CmaTotal:         405504 kB
CmaFree:               0 kB
MemTotal:        7918588 kB
MemFree:          168864 kB
MemAvailable:     353996 kB
Buffers:             436 kB
Cached:           318856 kB
SwapCached:        11396 kB
Active:          1781772 kB
Inactive:        3466352 kB
Active(anon):    1511172 kB
Inactive(anon):  3437448 kB
Active(file):     270600 kB
Inactive(file):    28904 kB
Unevictable:        6420 kB
Mlocked:            5980 kB
SwapTotal:       4718584 kB
SwapFree:        3697120 kB
Dirty:               176 kB
Writeback:             0 kB
AnonPages:       4931048 kB
Mapped:           452520 kB
Shmem:             14956 kB
KReclaimable:     275852 kB
Slab:             309964 kB
SReclaimable:      79596 kB
SUnreclaim:       230368 kB
KernelStack:       47376 kB
ShadowCallStack:   11872 kB
PageTables:        81228 kB
NFS_Unstable:          0 kB
Bounce:                0 kB
WritebackTmp:          0 kB
CommitLimit:     8677876 kB
Committed_AS:   71916824 kB
VmallocTotal:   263061440 kB
VmallocUsed:      130076 kB
VmallocChunk:          0 kB
Percpu:             2448 kB
CmaTotal:         405504 kB
CmaFree:               0 kB
MemTotal:        7918588 kB
MemFree:          148768 kB
MemAvailable:     347224 kB
Buffers:             400 kB
Cached:           340288 kB
SwapCached:         8032 kB
Active:          1950200 kB
Inactive:        3321728 kB
Active(anon):    1628864 kB
Inactive(anon):  3321728 kB
Active(file):     321336 kB
Inactive(file):        0 kB
Unevictable:        6420 kB
Mlocked:            5980 kB
SwapTotal:       4718584 kB
SwapFree:        3657440 kB
Dirty:               108 kB
Writeback:             0 kB
AnonPages:       4935572 kB
Mapped:           441232 kB
Shmem:             14588 kB
KReclaimable:     268856 kB
Slab:             310084 kB
SReclaimable:      79600 kB
SUnreclaim:       230484 kB
KernelStack:       46688 kB
ShadowCallStack:   11692 kB
PageTables:        80324 kB
NFS_Unstable:          0 kB
Bounce:                0 kB
WritebackTmp:          0 kB
CommitLimit:     8677876 kB
Committed_AS:   69377804 kB
VmallocTotal:   263061440 kB
VmallocUsed:      129188 kB
VmallocChunk:          0 kB
Percpu:             2448 kB
CmaTotal:         405504 kB
CmaFree:             128 kB
MemTotal:        7918588 kB
MemFree:          195484 kB
MemAvailable:     375876 kB
Buffers:             400 kB
Cached:           347804 kB
SwapCached:         4752 kB
Active:          2108592 kB
Inactive:        3139644 kB
Active(anon):    1779180 kB
Inactive(anon):  3139592 kB
Active(file):     329412 kB
Inactive(file):       52 kB
Unevictable:        6420 kB
Mlocked:            5980 kB
SwapTotal:       4718584 kB
SwapFree:        3633632 kB
Dirty:                16 kB
Writeback:             0 kB
AnonPages:       4906576 kB
Mapped:           441568 kB
Shmem:             14056 kB
KReclaimable:     239784 kB
Slab:             309896 kB
SReclaimable:      79600 kB
SUnreclaim:       230296 kB
KernelStack:       45680 kB
ShadowCallStack:   11436 kB
PageTables:        78408 kB
NFS_Unstable:          0 kB
Bounce:                0 kB
WritebackTmp:          0 kB
CommitLimit:     8677876 kB
Committed_AS:   66712160 kB
VmallocTotal:   263061440 kB
VmallocUsed:      127880 kB
VmallocChunk:          0 kB
Percpu:             2448 kB
CmaTotal:         405504 kB
CmaFree:               0 kB
MemTotal:        7918588 kB
MemFree:          164132 kB
MemAvailable:     334400 kB
Buffers:             408 kB
Cached:           349560 kB
SwapCached:         4660 kB
Active:          2370744 kB
Inactive:        2933588 kB
Active(anon):    2039540 kB
Inactive(anon):  2933528 kB
Active(file):     331204 kB
Inactive(file):       60 kB
Unevictable:        6420 kB
Mlocked:            5980 kB
SwapTotal:       4718584 kB
SwapFree:        3631072 kB
Dirty:                64 kB
Writeback:             0 kB
AnonPages:       4960824 kB
Mapped:           442332 kB
Shmem:             14020 kB
KReclaimable:     215936 kB
Slab:             309852 kB
SReclaimable:      79568 kB
SUnreclaim:       230284 kB
KernelStack:       45664 kB
ShadowCallStack:   11440 kB
PageTables:        78956 kB
NFS_Unstable:          0 kB
Bounce:                0 kB
WritebackTmp:          0 kB
CommitLimit:     8677876 kB
Committed_AS:   66843232 kB
VmallocTotal:   263061440 kB
VmallocUsed:      127860 kB
VmallocChunk:          0 kB
Percpu:             2448 kB
CmaTotal:         405504 kB
CmaFree:               0 kB
MemTotal:        7918588 kB
MemFree:          167800 kB
MemAvailable:     312992 kB
Buffers:             408 kB
Cached:           349560 kB
SwapCached:         4652 kB
Active:          3317764 kB
Inactive:        2032552 kB
Active(anon):    2986560 kB
Inactive(anon):  2032492 kB
Active(file):     331204 kB
Inactive(file):       60 kB
Unevictable:        6420 kB
Mlocked:            5980 kB
SwapTotal:       4718584 kB
SwapFree:        3630560 kB
Dirty:                64 kB
Writeback:             0 kB
AnonPages:       5006664 kB
Mapped:           442692 kB
Shmem:             14020 kB
KReclaimable:     165784 kB
Slab:             309860 kB
SReclaimable:      79568 kB
SUnreclaim:       230292 kB
KernelStack:       45680 kB
ShadowCallStack:   11436 kB
PageTables:        79400 kB
NFS_Unstable:          0 kB
Bounce:                0 kB
WritebackTmp:          0 kB
CommitLimit:     8677876 kB
Committed_AS:   66941536 kB
VmallocTotal:   263061440 kB
VmallocUsed:      127868 kB
VmallocChunk:          0 kB
Percpu:             2448 kB
CmaTotal:         405504 kB
CmaFree:               0 kB
MemTotal:        7918588 kB
MemFree:          168144 kB
MemAvailable:     291684 kB
Buffers:             416 kB
Cached:           349940 kB
SwapCached:         4448 kB
Active:          4214052 kB
Inactive:        1151648 kB
Active(anon):    4006872 kB
Inactive(anon):  1027048 kB
Active(file):     207180 kB
Inactive(file):   124600 kB
Unevictable:        6420 kB
Mlocked:            5980 kB
SwapTotal:       4718584 kB
SwapFree:        3609312 kB
Dirty:               128 kB
Writeback:             4 kB
AnonPages:       5021796 kB
Mapped:           442912 kB
Shmem:             13888 kB
KReclaimable:     146020 kB
Slab:             309852 kB
SReclaimable:      79564 kB
SUnreclaim:       230288 kB
KernelStack:       45648 kB
ShadowCallStack:   11444 kB
PageTables:        79096 kB
NFS_Unstable:          0 kB
Bounce:                0 kB
WritebackTmp:          0 kB
CommitLimit:     8677876 kB
Committed_AS:   67007072 kB
VmallocTotal:   263061440 kB
VmallocUsed:      127892 kB
VmallocChunk:          0 kB
Percpu:             2448 kB
CmaTotal:         405504 kB
CmaFree:             380 kB
MemTotal:        7918588 kB
MemFree:          154600 kB
MemAvailable:     292836 kB
Buffers:             416 kB
Cached:           352724 kB
SwapCached:         4456 kB
Active:          4383284 kB
Inactive:         994344 kB
Active(anon):    4173332 kB
Inactive(anon):   869732 kB
Active(file):     209952 kB
Inactive(file):   124612 kB
Unevictable:        6420 kB
Mlocked:            5980 kB
SwapTotal:       4718584 kB
SwapFree:        3564256 kB
Dirty:               148 kB
Writeback:             4 kB
AnonPages:       5030948 kB
Mapped:           444532 kB
Shmem:             13892 kB
KReclaimable:     145268 kB
Slab:             309876 kB
SReclaimable:      79564 kB
SUnreclaim:       230312 kB
KernelStack:       45696 kB
ShadowCallStack:   11448 kB
PageTables:        79408 kB
NFS_Unstable:          0 kB
Bounce:                0 kB
WritebackTmp:          0 kB
CommitLimit:     8677876 kB
Committed_AS:   67121760 kB
VmallocTotal:   263061440 kB
VmallocUsed:      127876 kB
VmallocChunk:          0 kB
Percpu:             2448 kB
CmaTotal:         405504 kB
CmaFree:               0 kB
MemTotal:        7918588 kB
MemFree:          143184 kB
MemAvailable:     280984 kB
Buffers:             420 kB
Cached:           356632 kB
SwapCached:         4468 kB
Active:          4437068 kB
Inactive:         953196 kB
Active(anon):    4223212 kB
Inactive(anon):   828576 kB
Active(file):     213856 kB
Inactive(file):   124620 kB
Unevictable:        6420 kB
Mlocked:            5980 kB
SwapTotal:       4718584 kB
SwapFree:        3525344 kB
Dirty:                92 kB
Writeback:             0 kB
AnonPages:       5039148 kB
Mapped:           446560 kB
Shmem:             13896 kB
KReclaimable:     144764 kB
Slab:             309880 kB
SReclaimable:      79564 kB
SUnreclaim:       230316 kB
KernelStack:       45696 kB
ShadowCallStack:   11440 kB
PageTables:        79448 kB
NFS_Unstable:          0 kB
Bounce:                0 kB
WritebackTmp:          0 kB
CommitLimit:     8677876 kB
Committed_AS:   67203684 kB
VmallocTotal:   263061440 kB
VmallocUsed:      127888 kB
VmallocChunk:          0 kB
Percpu:             2448 kB
CmaTotal:         405504 kB
CmaFree:               0 kB
MemTotal:        7918588 kB
MemFree:          132848 kB
MemAvailable:     270456 kB
Buffers:             444 kB
Cached:           356668 kB
SwapCached:         4468 kB
Active:          4485572 kB
Inactive:         913616 kB
Active(anon):    4271716 kB
Inactive(anon):   788944 kB
Active(file):     213856 kB
Inactive(file):   124672 kB
Unevictable:        6420 kB
Mlocked:            5980 kB
SwapTotal:       4718584 kB
SwapFree:        3488480 kB
Dirty:               136 kB
Writeback:             0 kB
AnonPages:       5048428 kB
Mapped:           446872 kB
Shmem:             13896 kB
KReclaimable:     144276 kB
Slab:             309880 kB
SReclaimable:      79548 kB
SUnreclaim:       230332 kB
KernelStack:       45696 kB
ShadowCallStack:   11448 kB
PageTables:        79868 kB
NFS_Unstable:          0 kB
Bounce:                0 kB
WritebackTmp:          0 kB
CommitLimit:     8677876 kB
Committed_AS:   67301988 kB
VmallocTotal:   263061440 kB
VmallocUsed:      127888 kB
VmallocChunk:          0 kB
Percpu:             2448 kB
CmaTotal:         405504 kB
CmaFree:               4 kB
MemTotal:        7918588 kB
MemFree:          122572 kB
MemAvailable:     263908 kB
Buffers:             444 kB
Cached:           356664 kB
SwapCached:         4468 kB
Active:          4547192 kB
Inactive:         861928 kB
Active(anon):    4333336 kB
Inactive(anon):   737256 kB
Active(file):     213856 kB
Inactive(file):   124672 kB
Unevictable:        6420 kB
Mlocked:            5980 kB
SwapTotal:       4718584 kB
SwapFree:        3441120 kB
Dirty:               136 kB
Writeback:             0 kB
AnonPages:       5058420 kB
Mapped:           447544 kB
Shmem:             13896 kB
KReclaimable:     143540 kB
Slab:             309888 kB
SReclaimable:      79532 kB
SUnreclaim:       230356 kB
KernelStack:       45696 kB
ShadowCallStack:   11448 kB
PageTables:        80020 kB
NFS_Unstable:          0 kB
Bounce:                0 kB
WritebackTmp:          0 kB
CommitLimit:     8677876 kB
Committed_AS:   67433060 kB
VmallocTotal:   263061440 kB
VmallocUsed:      127884 kB
VmallocChunk:          0 kB
Percpu:             2448 kB
CmaTotal:         405504 kB
CmaFree:               0 kB
MemTotal:        7918588 kB
MemFree:          112476 kB
MemAvailable:     253568 kB
Buffers:             444 kB
Cached:           356664 kB
SwapCached:         4468 kB
Active:          4587712 kB
Inactive:         831056 kB
Active(anon):    4373856 kB
Inactive(anon):   706384 kB
Active(file):     213856 kB
Inactive(file):   124672 kB
Unevictable:        6420 kB
Mlocked:            5980 kB
SwapTotal:       4718584 kB
SwapFree:        3412192 kB
Dirty:                72 kB
Writeback:             0 kB
AnonPages:       5068148 kB
Mapped:           447940 kB
Shmem:             13896 kB
KReclaimable:     143052 kB
Slab:             309900 kB
SReclaimable:      79532 kB
SUnreclaim:       230368 kB
KernelStack:       45696 kB
ShadowCallStack:   11456 kB
PageTables:        80180 kB
NFS_Unstable:          0 kB
Bounce:                0 kB
WritebackTmp:          0 kB
CommitLimit:     8677876 kB
Committed_AS:   67514980 kB
VmallocTotal:   263061440 kB
VmallocUsed:      127872 kB
VmallocChunk:          0 kB
Percpu:             2448 kB
CmaTotal:         405504 kB
CmaFree:               0 kB
MemTotal:        7918588 kB
MemFree:           98480 kB
MemAvailable:     231024 kB
Buffers:             444 kB
Cached:           356668 kB
SwapCached:         4436 kB
Active:          4653492 kB
Inactive:         778072 kB
Active(anon):    4439636 kB
Inactive(anon):   653392 kB
Active(file):     213856 kB
Inactive(file):   124680 kB
Unevictable:        6420 kB
Mlocked:            5980 kB
SwapTotal:       4718584 kB
SwapFree:        3363552 kB
Dirty:                92 kB
Writeback:             0 kB
AnonPages:       5080748 kB
Mapped:           448184 kB
Shmem:             13888 kB
KReclaimable:     142324 kB
Slab:             309928 kB
SReclaimable:      79532 kB
SUnreclaim:       230396 kB
KernelStack:       45696 kB
ShadowCallStack:   11432 kB
PageTables:        80228 kB
NFS_Unstable:          0 kB
Bounce:                0 kB
WritebackTmp:          0 kB
CommitLimit:     8677876 kB
Committed_AS:   67646048 kB
VmallocTotal:   263061440 kB
VmallocUsed:      127888 kB
VmallocChunk:          0 kB
Percpu:             2448 kB
CmaTotal:         405504 kB
CmaFree:               0 kB
MemTotal:        7918588 kB
MemFree:          281880 kB
MemAvailable:     316688 kB
Buffers:             380 kB
Cached:           244224 kB
SwapCached:         4076 kB
Active:          3250048 kB
Inactive:        1987472 kB
Active(anon):    3159960 kB
Inactive(anon):  1850604 kB
Active(file):      90088 kB
Inactive(file):   136868 kB
Unevictable:        6420 kB
Mlocked:            5980 kB
SwapTotal:       4718584 kB
SwapFree:        3239904 kB
Dirty:                 0 kB
Writeback:             4 kB
AnonPages:       4999600 kB
Mapped:           342272 kB
Shmem:             12952 kB
KReclaimable:     138064 kB
Slab:             306116 kB
SReclaimable:      75720 kB
SUnreclaim:       230396 kB
KernelStack:       45696 kB
ShadowCallStack:   11448 kB
PageTables:        80584 kB
NFS_Unstable:          0 kB
Bounce:                0 kB
WritebackTmp:          0 kB
CommitLimit:     8677876 kB
Committed_AS:   67727968 kB
VmallocTotal:   263061440 kB
VmallocUsed:      127892 kB
VmallocChunk:          0 kB
Percpu:             2448 kB
CmaTotal:         405504 kB
CmaFree:            1644 kB
MemTotal:        7918588 kB
MemFree:          288916 kB
MemAvailable:     325684 kB
Buffers:             388 kB
Cached:           247476 kB
SwapCached:         3480 kB
Active:          3322184 kB
Inactive:        1891120 kB
Active(anon):    3227776 kB
Inactive(anon):  1754220 kB
Active(file):      94408 kB
Inactive(file):   136900 kB
Unevictable:        6420 kB
Mlocked:            5980 kB
SwapTotal:       4718584 kB
SwapFree:        3174112 kB
Dirty:                76 kB
Writeback:             4 kB
AnonPages:       4971904 kB
Mapped:           341888 kB
Shmem:             11872 kB
KReclaimable:     137632 kB
Slab:             306204 kB
SReclaimable:      75712 kB
SUnreclaim:       230492 kB
KernelStack:       45696 kB
ShadowCallStack:   11448 kB
PageTables:        80720 kB
NFS_Unstable:          0 kB
Bounce:                0 kB
WritebackTmp:          0 kB
CommitLimit:     8677876 kB
Committed_AS:   67809888 kB
VmallocTotal:   263061440 kB
VmallocUsed:      127912 kB
VmallocChunk:          0 kB
Percpu:             2448 kB
CmaTotal:         405504 kB
CmaFree:            1644 kB
MemTotal:        7918588 kB
MemFree:          323036 kB
MemAvailable:     362576 kB
Buffers:             388 kB
Cached:           253344 kB
SwapCached:         3296 kB
Active:          3392912 kB
Inactive:        1771292 kB
Active(anon):    3292540 kB
Inactive(anon):  1634388 kB
Active(file):     100372 kB
Inactive(file):   136904 kB
Unevictable:        6420 kB
Mlocked:            5980 kB
SwapTotal:       4718584 kB
SwapFree:        3078112 kB
Dirty:                80 kB
Writeback:             4 kB
AnonPages:       4917116 kB
Mapped:           342976 kB
Shmem:             11772 kB
KReclaimable:     137208 kB
Slab:             306216 kB
SReclaimable:      75712 kB
SUnreclaim:       230504 kB
KernelStack:       45712 kB
ShadowCallStack:   11452 kB
PageTables:        80912 kB
NFS_Unstable:          0 kB
Bounce:                0 kB
WritebackTmp:          0 kB
CommitLimit:     8677876 kB
Committed_AS:   67891808 kB
VmallocTotal:   263061440 kB
VmallocUsed:      127924 kB
VmallocChunk:          0 kB
Percpu:             2448 kB
CmaTotal:         405504 kB
CmaFree:            1644 kB
MemTotal:        7918588 kB
MemFree:          322736 kB
MemAvailable:     366440 kB
Buffers:             564 kB
Cached:           261732 kB
SwapCached:         3272 kB
Active:          3502196 kB
Inactive:        1650772 kB
Active(anon):    3393328 kB
Inactive(anon):  1513552 kB
Active(file):     108868 kB
Inactive(file):   137220 kB
Unevictable:        6420 kB
Mlocked:            5980 kB
SwapTotal:       4718584 kB
SwapFree:        3011040 kB
Dirty:               204 kB
Writeback:             0 kB
AnonPages:       4896860 kB
