MemTotal:        7918588 kB
MemFree:         3206764 kB
MemAvailable:    4600296 kB
Buffers:            4072 kB
Cached:          1105744 kB
SwapCached:           92 kB
Active:          1222888 kB
Inactive:         972676 kB
Active(anon):     691280 kB
Inactive(anon):   414736 kB
Active(file):     531608 kB
Inactive(file):   557940 kB
Unevictable:        6408 kB
Mlocked:            5968 kB
SwapTotal:       4718584 kB
SwapFree:        4361720 kB
Dirty:            156444 kB
Writeback:             0 kB
AnonPages:       1092104 kB
Mapped:           451312 kB
Shmem:             15424 kB
KReclaimable:     735168 kB
Slab:             318728 kB
SReclaimable:      90848 kB
SUnreclaim:       227880 kB
KernelStack:       49504 kB
ShadowCallStack:   12416 kB
PageTables:        67968 kB
NFS_Unstable:          0 kB
Bounce:                0 kB
WritebackTmp:          0 kB
CommitLimit:     8677876 kB
Committed_AS:   72871148 kB
VmallocTotal:   263061440 kB
VmallocUsed:      132972 kB
VmallocChunk:          0 kB
Percpu:             2448 kB
CmaTotal:         405504 kB
CmaFree:          231204 kB
MemTotal:        7918588 kB
MemFree:         3210780 kB
MemAvailable:    4521352 kB
Buffers:            4116 kB
Cached:          1109356 kB
SwapCached:           92 kB
Active:          1216992 kB
Inactive:         973068 kB
Active(anon):     682392 kB
Inactive(anon):   414740 kB
Active(file):     534600 kB
Inactive(file):   558328 kB
Unevictable:        6408 kB
Mlocked:            5968 kB
SwapTotal:       4718584 kB
SwapFree:        4361720 kB
Dirty:            156624 kB
Writeback:             4 kB
AnonPages:       1082940 kB
Mapped:           465376 kB
Shmem:             15708 kB
KReclaimable:     648828 kB
Slab:             318880 kB
SReclaimable:      90752 kB
SUnreclaim:       228128 kB
KernelStack:       49808 kB
ShadowCallStack:   12476 kB
PageTables:        68736 kB
NFS_Unstable:          0 kB
Bounce:                0 kB
WritebackTmp:          0 kB
CommitLimit:     8677876 kB
Committed_AS:   72930036 kB
VmallocTotal:   263061440 kB
VmallocUsed:      133332 kB
VmallocChunk:          0 kB
Percpu:             2448 kB
CmaTotal:         405504 kB
CmaFree:          231204 kB
MemTotal:        7918588 kB
MemFree:         3205720 kB
MemAvailable:    4516340 kB
Buffers:            4132 kB
Cached:          1109388 kB
SwapCached:           92 kB
Active:          1221272 kB
Inactive:         973116 kB
Active(anon):     686672 kB
Inactive(anon):   414740 kB
Active(file):     534600 kB
Inactive(file):   558376 kB
Unevictable:        6408 kB
Mlocked:            5968 kB
SwapTotal:       4718584 kB
SwapFree:        4361720 kB
Dirty:            156700 kB
Writeback:             0 kB
AnonPages:       1087188 kB
Mapped:           466056 kB
Shmem:             15708 kB
KReclaimable:     648828 kB
Slab:             318904 kB
SReclaimable:      90752 kB
SUnreclaim:       228152 kB
KernelStack:       49856 kB
ShadowCallStack:   12472 kB
PageTables:        68808 kB
NFS_Unstable:          0 kB
Bounce:                0 kB
WritebackTmp:          0 kB
CommitLimit:     8677876 kB
Committed_AS:   72930036 kB
VmallocTotal:   263061440 kB
VmallocUsed:      133364 kB
VmallocChunk:          0 kB
Percpu:             2448 kB
CmaTotal:         405504 kB
CmaFree:          231180 kB
MemTotal:        7918588 kB
MemFree:         3203104 kB
MemAvailable:    4513008 kB
Buffers:            4132 kB
Cached:          1109424 kB
SwapCached:           92 kB
Active:          1223416 kB
Inactive:         973136 kB
Active(anon):     688816 kB
Inactive(anon):   414724 kB
Active(file):     534600 kB
Inactive(file):   558412 kB
Unevictable:        6408 kB
Mlocked:            5968 kB
SwapTotal:       4718584 kB
SwapFree:        4361720 kB
Dirty:            156752 kB
Writeback:             0 kB
AnonPages:       1089424 kB
Mapped:           466692 kB
Shmem:             15708 kB
KReclaimable:     648076 kB
Slab:             318892 kB
SReclaimable:      90768 kB
SUnreclaim:       228124 kB
KernelStack:       49824 kB
ShadowCallStack:   12480 kB
PageTables:        68740 kB
NFS_Unstable:          0 kB
Bounce:                0 kB
WritebackTmp:          0 kB
CommitLimit:     8677876 kB
Committed_AS:   72930036 kB
VmallocTotal:   263061440 kB
VmallocUsed:      133352 kB
VmallocChunk:          0 kB
Percpu:             2448 kB
CmaTotal:         405504 kB
CmaFree:          231204 kB
MemTotal:        7918588 kB
MemFree:         3206472 kB
MemAvailable:    4518268 kB
Buffers:            4136 kB
Cached:          1111356 kB
SwapCached:           92 kB
Active:          1222728 kB
Inactive:         973116 kB
Active(anon):     686216 kB
Inactive(anon):   414692 kB
Active(file):     536512 kB
Inactive(file):   558424 kB
Unevictable:        6408 kB
Mlocked:            5968 kB
SwapTotal:       4718584 kB
SwapFree:        4362232 kB
Dirty:            156760 kB
Writeback:             0 kB
AnonPages:       1086684 kB
Mapped:           467288 kB
Shmem:             15720 kB
KReclaimable:     648044 kB
Slab:             318828 kB
SReclaimable:      90784 kB
SUnreclaim:       228044 kB
KernelStack:       49808 kB
ShadowCallStack:   12476 kB
PageTables:        68736 kB
NFS_Unstable:          0 kB
Bounce:                0 kB
WritebackTmp:          0 kB
CommitLimit:     8677876 kB
Committed_AS:   72930040 kB
VmallocTotal:   263061440 kB
VmallocUsed:      133348 kB
VmallocChunk:          0 kB
Percpu:             2448 kB
CmaTotal:         405504 kB
CmaFree:          232328 kB
MemTotal:        7918588 kB
MemFree:         3208896 kB
MemAvailable:    4541732 kB
Buffers:            4136 kB
Cached:          1112268 kB
SwapCached:           92 kB
Active:          1219072 kB
Inactive:         973128 kB
Active(anon):     681664 kB
Inactive(anon):   414700 kB
Active(file):     537408 kB
Inactive(file):   558428 kB
Unevictable:        6408 kB
Mlocked:            5968 kB
SwapTotal:       4718584 kB
SwapFree:        4362232 kB
Dirty:            156764 kB
Writeback:             0 kB
AnonPages:       1082328 kB
Mapped:           467428 kB
Shmem:             15732 kB
KReclaimable:     668184 kB
Slab:             318848 kB
SReclaimable:      90784 kB
SUnreclaim:       228064 kB
KernelStack:       49616 kB
ShadowCallStack:   12452 kB
PageTables:        68676 kB
NFS_Unstable:          0 kB
Bounce:                0 kB
WritebackTmp:          0 kB
CommitLimit:     8677876 kB
Committed_AS:   72929572 kB
VmallocTotal:   263061440 kB
VmallocUsed:      132856 kB
VmallocChunk:          0 kB
Percpu:             2448 kB
CmaTotal:         405504 kB
CmaFree:          232736 kB
MemTotal:        7918588 kB
MemFree:         3179800 kB
MemAvailable:    4513808 kB
Buffers:            4136 kB
Cached:          1113348 kB
SwapCached:           92 kB
Active:          1250604 kB
Inactive:         972988 kB
Active(anon):     712132 kB
Inactive(anon):   414548 kB
Active(file):     538472 kB
Inactive(file):   558440 kB
Unevictable:        6408 kB
Mlocked:            5968 kB
SwapTotal:       4718584 kB
SwapFree:        4362232 kB
Dirty:             17692 kB
Writeback:           104 kB
AnonPages:       1112404 kB
Mapped:           469140 kB
Shmem:             15736 kB
KReclaimable:     668280 kB
Slab:             318844 kB
SReclaimable:      90816 kB
SUnreclaim:       228028 kB
KernelStack:       49648 kB
ShadowCallStack:   12428 kB
PageTables:        68820 kB
NFS_Unstable:          0 kB
Bounce:                0 kB
WritebackTmp:          0 kB
CommitLimit:     8677876 kB
Committed_AS:   72951336 kB
VmallocTotal:   263061440 kB
VmallocUsed:      132888 kB
VmallocChunk:          0 kB
Percpu:             2448 kB
CmaTotal:         405504 kB
CmaFree:          232556 kB
MemTotal:        7918588 kB
MemFree:         2992556 kB
MemAvailable:    4259632 kB
Buffers:            4152 kB
Cached:          1113364 kB
SwapCached:           92 kB
Active:          1436460 kB
Inactive:         973004 kB
Active(anon):     897984 kB
Inactive(anon):   414536 kB
Active(file):     538476 kB
Inactive(file):   558468 kB
Unevictable:        6408 kB
Mlocked:            5968 kB
SwapTotal:       4718584 kB
SwapFree:        4362232 kB
Dirty:             17712 kB
Writeback:             0 kB
AnonPages:       1298268 kB
Mapped:           551888 kB
Shmem:             15736 kB
KReclaimable:     601316 kB
Slab:             319236 kB
SReclaimable:      90960 kB
SUnreclaim:       228276 kB
KernelStack:       49680 kB
ShadowCallStack:   12444 kB
PageTables:        69476 kB
NFS_Unstable:          0 kB
Bounce:                0 kB
WritebackTmp:          0 kB
CommitLimit:     8677876 kB
Committed_AS:   73270816 kB
VmallocTotal:   263061440 kB
VmallocUsed:      132916 kB
VmallocChunk:          0 kB
Percpu:             2448 kB
CmaTotal:         405504 kB
CmaFree:          232564 kB
MemTotal:        7918588 kB
MemFree:         2966732 kB
MemAvailable:    4203816 kB
Buffers:            4152 kB
Cached:          1114424 kB
SwapCached:           92 kB
Active:          1462336 kB
Inactive:         973032 kB
Active(anon):     922836 kB
Inactive(anon):   414536 kB
Active(file):     539500 kB
Inactive(file):   558496 kB
Unevictable:        6408 kB
Mlocked:            5968 kB
SwapTotal:       4718584 kB
SwapFree:        4362232 kB
Dirty:             17716 kB
Writeback:             0 kB
AnonPages:       1323148 kB
Mapped:           558076 kB
Shmem:             15736 kB
KReclaimable:     570272 kB
Slab:             319348 kB
SReclaimable:      90960 kB
SUnreclaim:       228388 kB
KernelStack:       49664 kB
ShadowCallStack:   12452 kB
PageTables:        69396 kB
NFS_Unstable:          0 kB
Bounce:                0 kB
WritebackTmp:          0 kB
CommitLimit:     8677876 kB
Committed_AS:   73335896 kB
VmallocTotal:   263061440 kB
VmallocUsed:      132952 kB
VmallocChunk:          0 kB
Percpu:             2448 kB
CmaTotal:         405504 kB
CmaFree:          232564 kB
MemTotal:        7918588 kB
MemFree:         2894160 kB
MemAvailable:    4113300 kB
Buffers:            4208 kB
Cached:          1115592 kB
SwapCached:           92 kB
Active:          1536260 kB
Inactive:         970692 kB
Active(anon):     995660 kB
Inactive(anon):   412064 kB
Active(file):     540600 kB
Inactive(file):   558628 kB
Unevictable:        6408 kB
Mlocked:            5968 kB
SwapTotal:       4718584 kB
SwapFree:        4367864 kB
Dirty:             17828 kB
Writeback:             0 kB
AnonPages:       1393708 kB
Mapped:           577292 kB
Shmem:             15736 kB
KReclaimable:     551096 kB
Slab:             319440 kB
SReclaimable:      90960 kB
SUnreclaim:       228480 kB
KernelStack:       49696 kB
ShadowCallStack:   12448 kB
PageTables:        70012 kB
NFS_Unstable:          0 kB
Bounce:                0 kB
WritebackTmp:          0 kB
CommitLimit:     8677876 kB
Committed_AS:   73565316 kB
VmallocTotal:   263061440 kB
VmallocUsed:      133004 kB
VmallocChunk:          0 kB
Percpu:             2448 kB
CmaTotal:         405504 kB
CmaFree:          233748 kB
MemTotal:        7918588 kB
MemFree:         2748672 kB
MemAvailable:    3846468 kB
Buffers:            4232 kB
Cached:          1117272 kB
SwapCached:           92 kB
Active:          1681264 kB
Inactive:         970736 kB
Active(anon):    1139144 kB
Inactive(anon):   412040 kB
Active(file):     542120 kB
Inactive(file):   558696 kB
Unevictable:        6408 kB
Mlocked:            5968 kB
SwapTotal:       4718584 kB
SwapFree:        4367864 kB
Dirty:             17840 kB
Writeback:             0 kB
AnonPages:       1536872 kB
Mapped:           579044 kB
Shmem:             15852 kB
KReclaimable:     428164 kB
Slab:             319592 kB
SReclaimable:      90956 kB
SUnreclaim:       228636 kB
KernelStack:       49872 kB
ShadowCallStack:   12468 kB
PageTables:        70720 kB
NFS_Unstable:          0 kB
Bounce:                0 kB
WritebackTmp:          0 kB
CommitLimit:     8677876 kB
Committed_AS:   73811476 kB
VmallocTotal:   263061440 kB
VmallocUsed:      133156 kB
VmallocChunk:          0 kB
Percpu:             2448 kB
CmaTotal:         405504 kB
CmaFree:          233828 kB
MemTotal:        7918588 kB
MemFree:         2695452 kB
MemAvailable:    3904876 kB
Buffers:            4232 kB
Cached:          1117196 kB
SwapCached:           92 kB
Active:          1732932 kB
Inactive:         970776 kB
Active(anon):    1190812 kB
Inactive(anon):   412048 kB
Active(file):     542120 kB
Inactive(file):   558728 kB
Unevictable:        6408 kB
Mlocked:            5968 kB
SwapTotal:       4718584 kB
SwapFree:        4367864 kB
Dirty:             17844 kB
Writeback:             0 kB
AnonPages:       1588688 kB
Mapped:           579172 kB
Shmem:             15744 kB
KReclaimable:     539760 kB
Slab:             319740 kB
SReclaimable:      90988 kB
SUnreclaim:       228752 kB
KernelStack:       49728 kB
ShadowCallStack:   12456 kB
PageTables:        71104 kB
NFS_Unstable:          0 kB
Bounce:                0 kB
WritebackTmp:          0 kB
CommitLimit:     8677876 kB
Committed_AS:   74073228 kB
VmallocTotal:   263061440 kB
VmallocUsed:      132988 kB
VmallocChunk:          0 kB
Percpu:             2448 kB
CmaTotal:         405504 kB
CmaFree:          233828 kB
MemTotal:        7918588 kB
MemFree:         2615032 kB
MemAvailable:    3823672 kB
Buffers:            4232 kB
Cached:          1117196 kB
SwapCached:           92 kB
Active:          1813668 kB
Inactive:         970752 kB
Active(anon):    1271548 kB
Inactive(anon):   412024 kB
Active(file):     542120 kB
Inactive(file):   558728 kB
Unevictable:        6408 kB
Mlocked:            5968 kB
SwapTotal:       4718584 kB
SwapFree:        4367864 kB
Dirty:             17844 kB
Writeback:             0 kB
AnonPages:       1669228 kB
Mapped:           579748 kB
Shmem:             15744 kB
KReclaimable:     538976 kB
Slab:             319684 kB
SReclaimable:      90988 kB
SUnreclaim:       228696 kB
KernelStack:       49712 kB
ShadowCallStack:   12460 kB
PageTables:        71500 kB
NFS_Unstable:          0 kB
Bounce:                0 kB
WritebackTmp:          0 kB
CommitLimit:     8677876 kB
Committed_AS:   74253400 kB
VmallocTotal:   263061440 kB
VmallocUsed:      132952 kB
VmallocChunk:          0 kB
Percpu:             2448 kB
CmaTotal:         405504 kB
CmaFree:          233832 kB
MemTotal:        7918588 kB
MemFree:         2540304 kB
MemAvailable:    3748300 kB
Buffers:            4232 kB
Cached:          1117220 kB
SwapCached:           92 kB
Active:          1888440 kB
Inactive:         970772 kB
Active(anon):    1346320 kB
Inactive(anon):   412024 kB
Active(file):     542120 kB
Inactive(file):   558748 kB
Unevictable:        6408 kB
Mlocked:            5968 kB
SwapTotal:       4718584 kB
SwapFree:        4367864 kB
Dirty:             17864 kB
Writeback:             0 kB
AnonPages:       1744272 kB
Mapped:           580144 kB
Shmem:             15748 kB
KReclaimable:     538312 kB
Slab:             319656 kB
SReclaimable:      90988 kB
SUnreclaim:       228668 kB
KernelStack:       49696 kB
ShadowCallStack:   12452 kB
PageTables:        71844 kB
NFS_Unstable:          0 kB
Bounce:                0 kB
WritebackTmp:          0 kB
CommitLimit:     8677876 kB
Committed_AS:   74466352 kB
VmallocTotal:   263061440 kB
VmallocUsed:      132944 kB
VmallocChunk:          0 kB
Percpu:             2448 kB
CmaTotal:         405504 kB
CmaFree:          233828 kB
MemTotal:        7918588 kB
MemFree:         2434976 kB
MemAvailable:    3641420 kB
Buffers:            4232 kB
Cached:          1117232 kB
SwapCached:           92 kB
Active:          1993008 kB
Inactive:         970772 kB
Active(anon):    1450888 kB
Inactive(anon):   412016 kB
Active(file):     542120 kB
Inactive(file):   558756 kB
Unevictable:        6408 kB
Mlocked:            5968 kB
SwapTotal:       4718584 kB
SwapFree:        4367864 kB
Dirty:             17872 kB
Writeback:             0 kB
AnonPages:       1848712 kB
Mapped:           581144 kB
Shmem:             15752 kB
KReclaimable:     536752 kB
Slab:             319764 kB
SReclaimable:      91004 kB
SUnreclaim:       228760 kB
KernelStack:       49680 kB
ShadowCallStack:   12452 kB
PageTables:        72240 kB
NFS_Unstable:          0 kB
Bounce:                0 kB
WritebackTmp:          0 kB
CommitLimit:     8677876 kB
Committed_AS:   74695732 kB
VmallocTotal:   263061440 kB
VmallocUsed:      132944 kB
VmallocChunk:          0 kB
Percpu:             2448 kB
CmaTotal:         405504 kB
CmaFree:          233956 kB
MemTotal:        7918588 kB
MemFree:         2367660 kB
MemAvailable:    3573120 kB
Buffers:            4240 kB
Cached:          1117232 kB
SwapCached:           92 kB
Active:          2058944 kB
Inactive:         970780 kB
Active(anon):    1516824 kB
Inactive(anon):   412016 kB
Active(file):     542120 kB
Inactive(file):   558764 kB
Unevictable:        6408 kB
Mlocked:            5968 kB
SwapTotal:       4718584 kB
SwapFree:        4367864 kB
Dirty:             17924 kB
Writeback:             0 kB
AnonPages:       1914624 kB
Mapped:           581924 kB
Shmem:             15752 kB
KReclaimable:     535760 kB
Slab:             319900 kB
SReclaimable:      91004 kB
SUnreclaim:       228896 kB
KernelStack:       49696 kB
ShadowCallStack:   12448 kB
PageTables:        72696 kB
NFS_Unstable:          0 kB
Bounce:                0 kB
WritebackTmp:          0 kB
CommitLimit:     8677876 kB
Committed_AS:   74875956 kB
VmallocTotal:   263061440 kB
VmallocUsed:      132928 kB
VmallocChunk:          0 kB
Percpu:             2448 kB
CmaTotal:         405504 kB
CmaFree:          233956 kB
MemTotal:        7918588 kB
MemFree:         2281132 kB
MemAvailable:    3485528 kB
Buffers:            4240 kB
Cached:          1117232 kB
SwapCached:           92 kB
Active:          2145764 kB
Inactive:         970780 kB
Active(anon):    1603644 kB
Inactive(anon):   412016 kB
Active(file):     542120 kB
Inactive(file):   558764 kB
Unevictable:        6408 kB
Mlocked:            5968 kB
SwapTotal:       4718584 kB
SwapFree:        4367864 kB
Dirty:             17924 kB
Writeback:             0 kB
AnonPages:       2001384 kB
Mapped:           582596 kB
Shmem:             15752 kB
KReclaimable:     534696 kB
Slab:             320096 kB
SReclaimable:      91020 kB
SUnreclaim:       229076 kB
KernelStack:       49648 kB
ShadowCallStack:   12436 kB
PageTables:        73024 kB
NFS_Unstable:          0 kB
Bounce:                0 kB
WritebackTmp:          0 kB
CommitLimit:     8677876 kB
Committed_AS:   75105332 kB
VmallocTotal:   263061440 kB
VmallocUsed:      132944 kB
VmallocChunk:          0 kB
Percpu:             2448 kB
CmaTotal:         405504 kB
CmaFree:          233956 kB
MemTotal:        7918588 kB
MemFree:         2201260 kB
MemAvailable:    3404608 kB
Buffers:            4240 kB
Cached:          1117236 kB
SwapCached:           92 kB
Active:          2225448 kB
Inactive:         970688 kB
Active(anon):    1683328 kB
Inactive(anon):   411924 kB
Active(file):     542120 kB
Inactive(file):   558764 kB
Unevictable:        6408 kB
Mlocked:            5968 kB
SwapTotal:       4718584 kB
SwapFree:        4367864 kB
Dirty:             17928 kB
Writeback:             0 kB
AnonPages:       2081088 kB
Mapped:           583376 kB
Shmem:             15756 kB
KReclaimable:     533648 kB
Slab:             319964 kB
SReclaimable:      91020 kB
SUnreclaim:       228944 kB
KernelStack:       49696 kB
ShadowCallStack:   12448 kB
PageTables:        73472 kB
NFS_Unstable:          0 kB
Bounce:                0 kB
WritebackTmp:          0 kB
CommitLimit:     8677876 kB
Committed_AS:   75269180 kB
VmallocTotal:   263061440 kB
VmallocUsed:      132928 kB
VmallocChunk:          0 kB
Percpu:             2448 kB
CmaTotal:         405504 kB
CmaFree:          234012 kB
MemTotal:        7918588 kB
MemFree:         2127612 kB
MemAvailable:    3330676 kB
Buffers:            4240 kB
Cached:          1118096 kB
SwapCached:           92 kB
Active:          2298732 kB
Inactive:         970688 kB
Active(anon):    1755752 kB
Inactive(anon):   411924 kB
Active(file):     542980 kB
Inactive(file):   558764 kB
Unevictable:        6408 kB
Mlocked:            5968 kB
SwapTotal:       4718584 kB
SwapFree:        4367864 kB
Dirty:             17928 kB
Writeback:             0 kB
AnonPages:       2153604 kB
Mapped:           584152 kB
Shmem:             15756 kB
KReclaimable:     532504 kB
Slab:             320092 kB
SReclaimable:      91020 kB
SUnreclaim:       229072 kB
KernelStack:       49696 kB
ShadowCallStack:   12448 kB
PageTables:        73812 kB
NFS_Unstable:          0 kB
Bounce:                0 kB
WritebackTmp:          0 kB
CommitLimit:     8677876 kB
Committed_AS:   75433016 kB
VmallocTotal:   263061440 kB
VmallocUsed:      132948 kB
VmallocChunk:          0 kB
Percpu:             2448 kB
CmaTotal:         405504 kB
CmaFree:          234012 kB
MemTotal:        7918588 kB
MemFree:         2065344 kB
MemAvailable:    3269504 kB
Buffers:            4272 kB
Cached:          1119848 kB
SwapCached:           92 kB
Active:          2359940 kB
Inactive:         970748 kB
Active(anon):    1815236 kB
Inactive(anon):   411924 kB
Active(file):     544704 kB
Inactive(file):   558824 kB
Unevictable:        6408 kB
Mlocked:            5968 kB
SwapTotal:       4718584 kB
SwapFree:        4368120 kB
Dirty:             17948 kB
Writeback:             0 kB
AnonPages:       2212832 kB
Mapped:           584708 kB
Shmem:             15756 kB
KReclaimable:     531816 kB
Slab:             320160 kB
SReclaimable:      91020 kB
SUnreclaim:       229140 kB
KernelStack:       49696 kB
ShadowCallStack:   12448 kB
PageTables:        74024 kB
NFS_Unstable:          0 kB
Bounce:                0 kB
WritebackTmp:          0 kB
CommitLimit:     8677876 kB
Committed_AS:   75531320 kB
VmallocTotal:   263061440 kB
VmallocUsed:      132960 kB
VmallocChunk:          0 kB
Percpu:             2448 kB
CmaTotal:         405504 kB
CmaFree:          234012 kB
MemTotal:        7918588 kB
MemFree:         2015672 kB
MemAvailable:    3219088 kB
Buffers:            4272 kB
Cached:          1119864 kB
SwapCached:           92 kB
Active:          2409812 kB
Inactive:         970748 kB
Active(anon):    1865108 kB
Inactive(anon):   411924 kB
Active(file):     544704 kB
Inactive(file):   558824 kB
Unevictable:        6408 kB
Mlocked:            5968 kB
SwapTotal:       4718584 kB
SwapFree:        4368120 kB
Dirty:             17948 kB
Writeback:             0 kB
AnonPages:       2262796 kB
Mapped:           585036 kB
Shmem:             15772 kB
KReclaimable:     531072 kB
Slab:             320256 kB
SReclaimable:      91020 kB
SUnreclaim:       229236 kB
KernelStack:       49696 kB
ShadowCallStack:   12456 kB
PageTables:        74284 kB
NFS_Unstable:          0 kB
Bounce:                0 kB
WritebackTmp:          0 kB
CommitLimit:     8677876 kB
Committed_AS:   75662412 kB
VmallocTotal:   263061440 kB
VmallocUsed:      132932 kB
VmallocChunk:          0 kB
Percpu:             2448 kB
CmaTotal:         405504 kB
CmaFree:          234012 kB
MemTotal:        7918588 kB
MemFree:         2005940 kB
MemAvailable:    3209500 kB
Buffers:            4272 kB
Cached:          1120072 kB
SwapCached:           92 kB
Active:          2418180 kB
Inactive:         970956 kB
Active(anon):    1873476 kB
Inactive(anon):   411924 kB
Active(file):     544704 kB
Inactive(file):   559032 kB
Unevictable:        6408 kB
Mlocked:            5968 kB
SwapTotal:       4718584 kB
SwapFree:        4368120 kB
Dirty:             18016 kB
Writeback:             0 kB
AnonPages:       2271140 kB
Mapped:           585172 kB
Shmem:             15772 kB
KReclaimable:     531008 kB
Slab:             320172 kB
SReclaimable:      91020 kB
SUnreclaim:       229152 kB
KernelStack:       49680 kB
ShadowCallStack:   12444 kB
PageTables:        74260 kB
NFS_Unstable:          0 kB
Bounce:                0 kB
WritebackTmp:          0 kB
CommitLimit:     8677876 kB
Committed_AS:   75662408 kB
VmallocTotal:   263061440 kB
VmallocUsed:      132908 kB
VmallocChunk:          0 kB
Percpu:             2448 kB
CmaTotal:         405504 kB
CmaFree:          234012 kB
MemTotal:        7918588 kB
MemFree:         1975824 kB
MemAvailable:    3178864 kB
Buffers:            4272 kB
Cached:          1120072 kB
SwapCached:           92 kB
Active:          2449284 kB
Inactive:         970944 kB
Active(anon):    1904580 kB
Inactive(anon):   411912 kB
Active(file):     544704 kB
Inactive(file):   559032 kB
Unevictable:        6408 kB
Mlocked:            5968 kB
SwapTotal:       4718584 kB
SwapFree:        4368120 kB
Dirty:             18020 kB
Writeback:             0 kB
AnonPages:       2302424 kB
Mapped:           585624 kB
Shmem:             15772 kB
KReclaimable:     530488 kB
Slab:             320292 kB
SReclaimable:      91020 kB
SUnreclaim:       229272 kB
KernelStack:       49712 kB
ShadowCallStack:   12444 kB
PageTables:        74348 kB
NFS_Unstable:          0 kB
Bounce:                0 kB
WritebackTmp:          0 kB
CommitLimit:     8677876 kB
Committed_AS:   75744280 kB
VmallocTotal:   263061440 kB
VmallocUsed:      132896 kB
VmallocChunk:          0 kB
Percpu:             2448 kB
CmaTotal:         405504 kB
CmaFree:          233996 kB
MemTotal:        7918588 kB
MemFree:         1934492 kB
MemAvailable:    3137520 kB
Buffers:            4272 kB
Cached:          1120944 kB
SwapCached:           92 kB
Active:          2491044 kB
Inactive:         970948 kB
Active(anon):    1945480 kB
Inactive(anon):   411916 kB
Active(file):     545564 kB
Inactive(file):   559032 kB
Unevictable:        6408 kB
Mlocked:            5968 kB
SwapTotal:       4718584 kB
SwapFree:        4368120 kB
Dirty:             18028 kB
Writeback:             0 kB
AnonPages:       2343208 kB
Mapped:           585984 kB
Shmem:             15784 kB
KReclaimable:     529616 kB
Slab:             320268 kB
SReclaimable:      91020 kB
SUnreclaim:       229248 kB
KernelStack:       49664 kB
ShadowCallStack:   12448 kB
PageTables:        74612 kB
NFS_Unstable:          0 kB
Bounce:                0 kB
WritebackTmp:          0 kB
CommitLimit:     8677876 kB
Committed_AS:   75826208 kB
VmallocTotal:   263061440 kB
VmallocUsed:      132924 kB
VmallocChunk:          0 kB
Percpu:             2448 kB
CmaTotal:         405504 kB
CmaFree:          234012 kB
MemTotal:        7918588 kB
MemFree:         1930160 kB
MemAvailable:    3133124 kB
Buffers:            4280 kB
Cached:          1121004 kB
SwapCached:           92 kB
Active:          2494764 kB
Inactive:         970964 kB
Active(anon):    1949148 kB
Inactive(anon):   411920 kB
Active(file):     545616 kB
Inactive(file):   559044 kB
Unevictable:        6408 kB
Mlocked:            5968 kB
SwapTotal:       4718584 kB
SwapFree:        4368120 kB
Dirty:             18036 kB
Writeback:             0 kB
AnonPages:       2346780 kB
Mapped:           586256 kB
Shmem:             15788 kB
KReclaimable:     529488 kB
Slab:             320204 kB
SReclaimable:      91020 kB
SUnreclaim:       229184 kB
KernelStack:       49680 kB
ShadowCallStack:   12444 kB
PageTables:        74536 kB
NFS_Unstable:          0 kB
Bounce:                0 kB
WritebackTmp:          0 kB
CommitLimit:     8677876 kB
Committed_AS:   75826212 kB
VmallocTotal:   263061440 kB
VmallocUsed:      132908 kB
VmallocChunk:          0 kB
Percpu:             2448 kB
CmaTotal:         405504 kB
CmaFree:          234012 kB
MemTotal:        7918588 kB
MemFree:         1882292 kB
MemAvailable:    3084980 kB
Buffers:            4288 kB
Cached:          1121208 kB
SwapCached:           92 kB
Active:          2541980 kB
Inactive:         970988 kB
Active(anon):    1996184 kB
Inactive(anon):   411920 kB
Active(file):     545796 kB
Inactive(file):   559068 kB
Unevictable:        6408 kB
Mlocked:            5968 kB
SwapTotal:       4718584 kB
SwapFree:        4368120 kB
Dirty:             18108 kB
Writeback:             0 kB
AnonPages:       2393776 kB
Mapped:           586624 kB
Shmem:             15796 kB
KReclaimable:     529008 kB
Slab:             320356 kB
SReclaimable:      91020 kB
SUnreclaim:       229336 kB
KernelStack:       49696 kB
ShadowCallStack:   12440 kB
PageTables:        74896 kB
NFS_Unstable:          0 kB
Bounce:                0 kB
WritebackTmp:          0 kB
CommitLimit:     8677876 kB
Committed_AS:   75973676 kB
VmallocTotal:   263061440 kB
VmallocUsed:      132948 kB
VmallocChunk:          0 kB
Percpu:             2448 kB
CmaTotal:         405504 kB
CmaFree:          234012 kB
MemTotal:        7918588 kB
MemFree:         1859124 kB
MemAvailable:    3061380 kB
Buffers:            4288 kB
Cached:          1121208 kB
SwapCached:           92 kB
Active:          2564400 kB
Inactive:         970984 kB
Active(anon):    2018604 kB
Inactive(anon):   411916 kB
Active(file):     545796 kB
Inactive(file):   559068 kB
Unevictable:        6408 kB
Mlocked:            5968 kB
SwapTotal:       4718584 kB
SwapFree:        4368120 kB
Dirty:             18108 kB
Writeback:             0 kB
AnonPages:       2416040 kB
Mapped:           586836 kB
Shmem:             15796 kB
KReclaimable:     528576 kB
Slab:             320212 kB
SReclaimable:      91020 kB
SUnreclaim:       229192 kB
KernelStack:       49664 kB
ShadowCallStack:   12456 kB
PageTables:        74840 kB
NFS_Unstable:          0 kB
Bounce:                0 kB
WritebackTmp:          0 kB
CommitLimit:     8677876 kB
Committed_AS:   76022828 kB
VmallocTotal:   263061440 kB
VmallocUsed:      132928 kB
VmallocChunk:          0 kB
Percpu:             2448 kB
CmaTotal:         405504 kB
CmaFree:          234012 kB
MemTotal:        7918588 kB
MemFree:         1846864 kB
MemAvailable:    3048920 kB
Buffers:            4288 kB
Cached:          1121208 kB
SwapCached:           92 kB
Active:          2577380 kB
Inactive:         971000 kB
Active(anon):    2031584 kB
Inactive(anon):   411932 kB
Active(file):     545796 kB
Inactive(file):   559068 kB
Unevictable:        6408 kB
Mlocked:            5968 kB
SwapTotal:       4718584 kB
SwapFree:        4368120 kB
Dirty:             18040 kB
Writeback:             0 kB
AnonPages:       2429212 kB
Mapped:           587264 kB
Shmem:             15796 kB
KReclaimable:     528376 kB
Slab:             320236 kB
SReclaimable:      91020 kB
SUnreclaim:       229216 kB
KernelStack:       49696 kB
ShadowCallStack:   12424 kB
PageTables:        75020 kB
NFS_Unstable:          0 kB
Bounce:                0 kB
WritebackTmp:          0 kB
CommitLimit:     8677876 kB
Committed_AS:   76055596 kB
VmallocTotal:   263061440 kB
VmallocUsed:      132908 kB
VmallocChunk:          0 kB
Percpu:             2448 kB
CmaTotal:         405504 kB
CmaFree:          234012 kB
MemTotal:        7918588 kB
MemFree:         1795180 kB
MemAvailable:    2996500 kB
Buffers:            4288 kB
Cached:          1121208 kB
SwapCached:           92 kB
Active:          2629628 kB
Inactive:         970988 kB
Active(anon):    2083832 kB
Inactive(anon):   411920 kB
Active(file):     545796 kB
Inactive(file):   559068 kB
Unevictable:        6408 kB
Mlocked:            5968 kB
SwapTotal:       4718584 kB
SwapFree:        4368120 kB
Dirty:             18044 kB
Writeback:             0 kB
AnonPages:       2481536 kB
Mapped:           587448 kB
Shmem:             15796 kB
KReclaimable:     527640 kB
Slab:             320432 kB
SReclaimable:      91020 kB
SUnreclaim:       229412 kB
KernelStack:       49664 kB
ShadowCallStack:   12440 kB
PageTables:        75384 kB
NFS_Unstable:          0 kB
Bounce:                0 kB
WritebackTmp:          0 kB
CommitLimit:     8677876 kB
Committed_AS:   76186668 kB
VmallocTotal:   263061440 kB
VmallocUsed:      132924 kB
VmallocChunk:          0 kB
Percpu:             2448 kB
CmaTotal:         405504 kB
CmaFree:          234012 kB
MemTotal:        7918588 kB
MemFree:         1787324 kB
MemAvailable:    2988600 kB
Buffers:            4312 kB
Cached:          1121200 kB
SwapCached:           92 kB
Active:          2636176 kB
Inactive:         971008 kB
Active(anon):    2090380 kB
Inactive(anon):   411924 kB
Active(file):     545796 kB
Inactive(file):   559084 kB
Unevictable:        6408 kB
Mlocked:            5968 kB
SwapTotal:       4718584 kB
SwapFree:        4368120 kB
Dirty:             18032 kB
Writeback:             0 kB
AnonPages:       2488120 kB
Mapped:           587536 kB
Shmem:             15796 kB
KReclaimable:     527580 kB
Slab:             320380 kB
SReclaimable:      91016 kB
SUnreclaim:       229364 kB
KernelStack:       49648 kB
ShadowCallStack:   12456 kB
PageTables:        75164 kB
NFS_Unstable:          0 kB
Bounce:                0 kB
WritebackTmp:          0 kB
CommitLimit:     8677876 kB
Committed_AS:   76186668 kB
VmallocTotal:   263061440 kB
VmallocUsed:      132904 kB
VmallocChunk:          0 kB
Percpu:             2448 kB
CmaTotal:         405504 kB
CmaFree:          234012 kB
MemTotal:        7918588 kB
MemFree:         1752348 kB
MemAvailable:    2953008 kB
Buffers:            4312 kB
Cached:          1121216 kB
SwapCached:           92 kB
Active:          2672736 kB
Inactive:         971024 kB
Active(anon):    2126940 kB
Inactive(anon):   411924 kB
Active(file):     545796 kB
Inactive(file):   559100 kB
Unevictable:        6408 kB
Mlocked:            5968 kB
SwapTotal:       4718584 kB
SwapFree:        4368120 kB
Dirty:             18052 kB
Writeback:             0 kB
AnonPages:       2524696 kB
Mapped:           588052 kB
Shmem:             15796 kB
KReclaimable:     526948 kB
Slab:             320376 kB
SReclaimable:      91016 kB
SUnreclaim:       229360 kB
KernelStack:       49616 kB
ShadowCallStack:   12456 kB
PageTables:        75368 kB
NFS_Unstable:          0 kB
Bounce:                0 kB
WritebackTmp:          0 kB
CommitLimit:     8677876 kB
Committed_AS:   76284764 kB
VmallocTotal:   263061440 kB
VmallocUsed:      132844 kB
VmallocChunk:          0 kB
Percpu:             2448 kB
CmaTotal:         405504 kB
CmaFree:          234012 kB
MemTotal:        7918588 kB
MemFree:         1678276 kB
MemAvailable:    2756780 kB
Buffers:            4316 kB
Cached:          1121300 kB
SwapCached:           92 kB
Active:          2744900 kB
Inactive:         971028 kB
Active(anon):    2199104 kB
Inactive(anon):   411916 kB
Active(file):     545796 kB
Inactive(file):   559112 kB
Unevictable:        6408 kB
Mlocked:            5968 kB
SwapTotal:       4718584 kB
SwapFree:        4368120 kB
Dirty:               516 kB
Writeback:          8664 kB
AnonPages:       2596692 kB
Mapped:           589044 kB
Shmem:             15872 kB
KReclaimable:     404780 kB
Slab:             320568 kB
SReclaimable:      91016 kB
SUnreclaim:       229552 kB
KernelStack:       49616 kB
ShadowCallStack:   12428 kB
PageTables:        75716 kB
NFS_Unstable:          0 kB
Bounce:                0 kB
WritebackTmp:          0 kB
CommitLimit:     8677876 kB
Committed_AS:   76350340 kB
VmallocTotal:   263061440 kB
VmallocUsed:      132832 kB
VmallocChunk:          0 kB
Percpu:             2448 kB
CmaTotal:         405504 kB
CmaFree:          234012 kB
MemTotal:        7918588 kB
MemFree:         1700324 kB
MemAvailable:    2845856 kB
Buffers:            4316 kB
Cached:          1121396 kB
SwapCached:           92 kB
Active:          2722708 kB
Inactive:         971028 kB
Active(anon):    2176912 kB
Inactive(anon):   411916 kB
Active(file):     545796 kB
Inactive(file):   559112 kB
Unevictable:        6408 kB
Mlocked:            5968 kB
SwapTotal:       4718584 kB
SwapFree:        4368120 kB
Dirty:               204 kB
Writeback:             0 kB
AnonPages:       2574404 kB
Mapped:           589216 kB
Shmem:             15968 kB
KReclaimable:     472368 kB
Slab:             320612 kB
SReclaimable:      91032 kB
SUnreclaim:       229580 kB
KernelStack:       49536 kB
ShadowCallStack:   12408 kB
PageTables:        75732 kB
NFS_Unstable:          0 kB
Bounce:                0 kB
WritebackTmp:          0 kB
CommitLimit:     8677876 kB
Committed_AS:   76350204 kB
VmallocTotal:   263061440 kB
VmallocUsed:      132780 kB
VmallocChunk:          0 kB
Percpu:             2448 kB
CmaTotal:         405504 kB
CmaFree:          234012 kB
MemTotal:        7918588 kB
MemFree:         1670104 kB
MemAvailable:    2869504 kB
Buffers:            4316 kB
Cached:          1121236 kB
SwapCached:           92 kB
Active:          2753368 kB
Inactive:         971028 kB
Active(anon):    2207572 kB
Inactive(anon):   411916 kB
Active(file):     545796 kB
Inactive(file):   559112 kB
Unevictable:        6408 kB
Mlocked:            5968 kB
SwapTotal:       4718584 kB
SwapFree:        4368120 kB
Dirty:               204 kB
Writeback:             0 kB
AnonPages:       2605244 kB
Mapped:           588984 kB
Shmem:             15808 kB
KReclaimable:     525676 kB
Slab:             320548 kB
SReclaimable:      91032 kB
SUnreclaim:       229516 kB
KernelStack:       49504 kB
ShadowCallStack:   12400 kB
PageTables:        75912 kB
NFS_Unstable:          0 kB
Bounce:                0 kB
WritebackTmp:          0 kB
CommitLimit:     8677876 kB
Committed_AS:   76497404 kB
VmallocTotal:   263061440 kB
VmallocUsed:      132704 kB
VmallocChunk:          0 kB
Percpu:             2448 kB
CmaTotal:         405504 kB
CmaFree:          234012 kB
MemTotal:        7918588 kB
MemFree:         1646336 kB
MemAvailable:    2845488 kB
Buffers:            4316 kB
Cached:          1121244 kB
SwapCached:           92 kB
Active:          2777160 kB
Inactive:         971036 kB
Active(anon):    2231364 kB
Inactive(anon):   411916 kB
Active(file):     545796 kB
Inactive(file):   559120 kB
Unevictable:        6408 kB
Mlocked:            5968 kB
SwapTotal:       4718584 kB
SwapFree:        4368120 kB
Dirty:               240 kB
Writeback:             0 kB
AnonPages:       2628952 kB
Mapped:           589040 kB
Shmem:             15808 kB
KReclaimable:     525420 kB
Slab:             320640 kB
SReclaimable:      91032 kB
SUnreclaim:       229608 kB
KernelStack:       49504 kB
ShadowCallStack:   12400 kB
PageTables:        75992 kB
NFS_Unstable:          0 kB
Bounce:                0 kB
WritebackTmp:          0 kB
CommitLimit:     8677876 kB
Committed_AS:   76530176 kB
VmallocTotal:   263061440 kB
VmallocUsed:      132704 kB
VmallocChunk:          0 kB
Percpu:             2448 kB
CmaTotal:         405504 kB
CmaFree:          234012 kB
MemTotal:        7918588 kB
MemFree:         1631060 kB
MemAvailable:    2829812 kB
Buffers:            4324 kB
Cached:          1121244 kB
SwapCached:           92 kB
Active:          2792480 kB
Inactive:         971044 kB
Active(anon):    2246684 kB
Inactive(anon):   411916 kB
Active(file):     545796 kB
Inactive(file):   559128 kB
Unevictable:        6408 kB
Mlocked:            5968 kB
SwapTotal:       4718584 kB
SwapFree:        4368120 kB
Dirty:               348 kB
Writeback:             0 kB
AnonPages:       2644348 kB
Mapped:           589248 kB
Shmem:             15808 kB
KReclaimable:     525012 kB
Slab:             320616 kB
SReclaimable:      91032 kB
SUnreclaim:       229584 kB
KernelStack:       49472 kB
ShadowCallStack:   12400 kB
PageTables:        76100 kB
NFS_Unstable:          0 kB
Bounce:                0 kB
WritebackTmp:          0 kB
CommitLimit:     8677876 kB
Committed_AS:   76579220 kB
VmallocTotal:   263061440 kB
VmallocUsed:      132684 kB
VmallocChunk:          0 kB
Percpu:             2448 kB
CmaTotal:         405504 kB
CmaFree:          234012 kB
MemTotal:        7918588 kB
MemFree:         1577744 kB
MemAvailable:    2775808 kB
Buffers:            4324 kB
Cached:          1121244 kB
SwapCached:           92 kB
Active:          2846476 kB
Inactive:         971044 kB
Active(anon):    2300680 kB
Inactive(anon):   411916 kB
Active(file):     545796 kB
Inactive(file):   559128 kB
Unevictable:        6408 kB
Mlocked:            5968 kB
SwapTotal:       4718584 kB
SwapFree:        4368120 kB
Dirty:               352 kB
Writeback:             0 kB
AnonPages:       2698428 kB
Mapped:           589760 kB
Shmem:             15808 kB
KReclaimable:     524324 kB
Slab:             320652 kB
SReclaimable:      91032 kB
SUnreclaim:       229620 kB
KernelStack:       49424 kB
ShadowCallStack:   12376 kB
PageTables:        76400 kB
NFS_Unstable:          0 kB
Bounce:                0 kB
WritebackTmp:          0 kB
CommitLimit:     8677876 kB
Committed_AS:   76694832 kB
VmallocTotal:   263061440 kB
VmallocUsed:      132624 kB
VmallocChunk:          0 kB
Percpu:             2448 kB
CmaTotal:         405504 kB
CmaFree:          234012 kB
MemTotal:        7918588 kB
MemFree:         1574448 kB
MemAvailable:    2772464 kB
Buffers:            4324 kB
Cached:          1121252 kB
SwapCached:           92 kB
Active:          2847984 kB
Inactive:         971044 kB
Active(anon):    2302188 kB
Inactive(anon):   411916 kB
Active(file):     545796 kB
Inactive(file):   559128 kB
Unevictable:        6408 kB
Mlocked:            5968 kB
SwapTotal:       4718584 kB
SwapFree:        4368120 kB
Dirty:               356 kB
Writeback:             0 kB
AnonPages:       2699596 kB
Mapped:           589680 kB
Shmem:             15816 kB
KReclaimable:     524276 kB
Slab:             320628 kB
SReclaimable:      91032 kB
SUnreclaim:       229596 kB
KernelStack:       49456 kB
ShadowCallStack:   12364 kB
PageTables:        76344 kB
NFS_Unstable:          0 kB
Bounce:                0 kB
WritebackTmp:          0 kB
CommitLimit:     8677876 kB
Committed_AS:   76694840 kB
VmallocTotal:   263061440 kB
VmallocUsed:      132620 kB
VmallocChunk:          0 kB
Percpu:             2448 kB
CmaTotal:         405504 kB
CmaFree:          234012 kB
MemTotal:        7918588 kB
MemFree:         1541664 kB
MemAvailable:    2739040 kB
Buffers:            4324 kB
Cached:          1121252 kB
SwapCached:           92 kB
Active:          2880640 kB
Inactive:         971044 kB
Active(anon):    2334844 kB
Inactive(anon):   411916 kB
Active(file):     545796 kB
Inactive(file):   559128 kB
Unevictable:        6408 kB
Mlocked:            5968 kB
SwapTotal:       4718584 kB
SwapFree:        4368120 kB
Dirty:               356 kB
Writeback:             0 kB
AnonPages:       2732464 kB
Mapped:           590156 kB
Shmem:             15816 kB
KReclaimable:     523636 kB
Slab:             320652 kB
SReclaimable:      91032 kB
SUnreclaim:       229620 kB
KernelStack:       49440 kB
ShadowCallStack:   12384 kB
PageTables:        76468 kB
NFS_Unstable:          0 kB
Bounce:                0 kB
WritebackTmp:          0 kB
CommitLimit:     8677876 kB
Committed_AS:   76776756 kB
VmallocTotal:   263061440 kB
VmallocUsed:      132624 kB
VmallocChunk:          0 kB
Percpu:             2448 kB
CmaTotal:         405504 kB
CmaFree:          234012 kB
MemTotal:        7918588 kB
MemFree:         1500856 kB
MemAvailable:    2699252 kB
Buffers:            4348 kB
Cached:          1122768 kB
SwapCached:           92 kB
Active:          2920496 kB
Inactive:         971076 kB
Active(anon):    2373192 kB
Inactive(anon):   411916 kB
Active(file):     547304 kB
Inactive(file):   559160 kB
Unevictable:        6408 kB
Mlocked:            5968 kB
SwapTotal:       4718584 kB
SwapFree:        4368120 kB
Dirty:               380 kB
Writeback:             0 kB
AnonPages:       2770852 kB
Mapped:           591140 kB
Shmem:             15816 kB
KReclaimable:     523116 kB
Slab:             320772 kB
SReclaimable:      91032 kB
SUnreclaim:       229740 kB
KernelStack:       49440 kB
ShadowCallStack:   12384 kB
PageTables:        76636 kB
NFS_Unstable:          0 kB
Bounce:                0 kB
WritebackTmp:          0 kB
CommitLimit:     8677876 kB
Committed_AS:   76858676 kB
VmallocTotal:   263061440 kB
VmallocUsed:      132588 kB
VmallocChunk:          0 kB
Percpu:             2448 kB
CmaTotal:         405504 kB
CmaFree:          234012 kB
MemTotal:        7918588 kB
MemFree:         1497288 kB
MemAvailable:    2697348 kB
Buffers:            4356 kB
Cached:          1124512 kB
SwapCached:           92 kB
Active:          2923692 kB
Inactive:         971080 kB
Active(anon):    2374652 kB
Inactive(anon):   411912 kB
Active(file):     549040 kB
Inactive(file):   559168 kB
Unevictable:        6408 kB
Mlocked:            5968 kB
SwapTotal:       4718584 kB
SwapFree:        4368120 kB
Dirty:               380 kB
Writeback:             0 kB
AnonPages:       2772192 kB
Mapped:           591264 kB
Shmem:             15824 kB
KReclaimable:     523036 kB
Slab:             320628 kB
SReclaimable:      91032 kB
SUnreclaim:       229596 kB
KernelStack:       49440 kB
ShadowCallStack:   12376 kB
PageTables:        76848 kB
NFS_Unstable:          0 kB
Bounce:                0 kB
WritebackTmp:          0 kB
CommitLimit:     8677876 kB
Committed_AS:   76858684 kB
VmallocTotal:   263061440 kB
VmallocUsed:      132648 kB
VmallocChunk:          0 kB
Percpu:             2448 kB
CmaTotal:         405504 kB
CmaFree:          234012 kB
MemTotal:        7918588 kB
MemFree:         1448100 kB
MemAvailable:    2647660 kB
Buffers:            4356 kB
Cached:          1124676 kB
SwapCached:           92 kB
Active:          2974028 kB
Inactive:         971088 kB
Active(anon):    2424828 kB
Inactive(anon):   411916 kB
Active(file):     549200 kB
Inactive(file):   559172 kB
Unevictable:        6408 kB
Mlocked:            5968 kB
SwapTotal:       4718584 kB
SwapFree:        4368120 kB
Dirty:               380 kB
Writeback:             0 kB
AnonPages:       2822328 kB
Mapped:           591620 kB
Shmem:             15824 kB
KReclaimable:     522372 kB
Slab:             320928 kB
SReclaimable:      91032 kB
SUnreclaim:       229896 kB
KernelStack:       49456 kB
ShadowCallStack:   12388 kB
PageTables:        76864 kB
NFS_Unstable:          0 kB
Bounce:                0 kB
WritebackTmp:          0 kB
CommitLimit:     8677876 kB
Committed_AS:   76989756 kB
VmallocTotal:   263061440 kB
VmallocUsed:      132616 kB
VmallocChunk:          0 kB
Percpu:             2448 kB
CmaTotal:         405504 kB
CmaFree:          234012 kB
MemTotal:        7918588 kB
MemFree:         1427796 kB
MemAvailable:    2627012 kB
Buffers:            4356 kB
Cached:          1124676 kB
SwapCached:           92 kB
Active:          2994624 kB
Inactive:         971080 kB
Active(anon):    2445424 kB
Inactive(anon):   411908 kB
Active(file):     549200 kB
Inactive(file):   559172 kB
Unevictable:        6408 kB
Mlocked:            5968 kB
SwapTotal:       4718584 kB
SwapFree:        4368120 kB
Dirty:               380 kB
Writeback:             0 kB
AnonPages:       2842972 kB
Mapped:           591812 kB
Shmem:             15824 kB
KReclaimable:     522028 kB
Slab:             320804 kB
SReclaimable:      91032 kB
SUnreclaim:       229772 kB
KernelStack:       49440 kB
ShadowCallStack:   12380 kB
PageTables:        77104 kB
NFS_Unstable:          0 kB
Bounce:                0 kB
WritebackTmp:          0 kB
CommitLimit:     8677876 kB
Committed_AS:   77022524 kB
VmallocTotal:   263061440 kB
VmallocUsed:      132632 kB
VmallocChunk:          0 kB
Percpu:             2448 kB
CmaTotal:         405504 kB
CmaFree:          234012 kB
MemTotal:        7918588 kB
MemFree:         1411788 kB
MemAvailable:    2610564 kB
Buffers:            4356 kB
Cached:          1124676 kB
SwapCached:           92 kB
Active:          3010064 kB
Inactive:         971088 kB
Active(anon):    2460864 kB
Inactive(anon):   411916 kB
Active(file):     549200 kB
Inactive(file):   559172 kB
Unevictable:        6408 kB
Mlocked:            5968 kB
SwapTotal:       4718584 kB
SwapFree:        4368120 kB
Dirty:               380 kB
Writeback:             0 kB
AnonPages:       2858532 kB
Mapped:           592152 kB
Shmem:             15824 kB
KReclaimable:     521588 kB
Slab:             320928 kB
SReclaimable:      91032 kB
SUnreclaim:       229896 kB
KernelStack:       49472 kB
ShadowCallStack:   12392 kB
PageTables:        77032 kB
NFS_Unstable:          0 kB
Bounce:                0 kB
WritebackTmp:          0 kB
CommitLimit:     8677876 kB
Committed_AS:   77071676 kB
VmallocTotal:   263061440 kB
VmallocUsed:      132648 kB
VmallocChunk:          0 kB
Percpu:             2448 kB
CmaTotal:         405504 kB
CmaFree:          234012 kB
MemTotal:        7918588 kB
MemFree:         1356072 kB
MemAvailable:    2554208 kB
Buffers:            4356 kB
Cached:          1124684 kB
SwapCached:           92 kB
Active:          3065840 kB
Inactive:         971096 kB
Active(anon):    2516640 kB
Inactive(anon):   411916 kB
Active(file):     549200 kB
Inactive(file):   559180 kB
Unevictable:        6408 kB
Mlocked:            5968 kB
SwapTotal:       4718584 kB
SwapFree:        4368120 kB
Dirty:               388 kB
Writeback:             0 kB
AnonPages:       2914328 kB
Mapped:           592552 kB
Shmem:             15824 kB
KReclaimable:     520940 kB
Slab:             320712 kB
SReclaimable:      91032 kB
SUnreclaim:       229680 kB
KernelStack:       49440 kB
ShadowCallStack:   12400 kB
PageTables:        77220 kB
NFS_Unstable:          0 kB
Bounce:                0 kB
WritebackTmp:          0 kB
CommitLimit:     8677876 kB
Committed_AS:   77186320 kB
VmallocTotal:   263061440 kB
VmallocUsed:      132632 kB
VmallocChunk:          0 kB
Percpu:             2448 kB
CmaTotal:         405504 kB
CmaFree:          234012 kB
MemTotal:        7918588 kB
MemFree:         1355020 kB
MemAvailable:    2553164 kB
Buffers:            4364 kB
Cached:          1124684 kB
SwapCached:           92 kB
Active:          3066164 kB
Inactive:         971084 kB
Active(anon):    2516964 kB
Inactive(anon):   411896 kB
Active(file):     549200 kB
Inactive(file):   559188 kB
Unevictable:        6408 kB
Mlocked:            5968 kB
SwapTotal:       4718584 kB
SwapFree:        4368120 kB
Dirty:               400 kB
Writeback:             0 kB
AnonPages:       2914520 kB
Mapped:           592576 kB
Shmem:             15824 kB
KReclaimable:     520940 kB
Slab:             320952 kB
SReclaimable:      91032 kB
SUnreclaim:       229920 kB
KernelStack:       49440 kB
ShadowCallStack:   12388 kB
PageTables:        77184 kB
NFS_Unstable:          0 kB
Bounce:                0 kB
WritebackTmp:          0 kB
CommitLimit:     8677876 kB
Committed_AS:   77186320 kB
VmallocTotal:   263061440 kB
VmallocUsed:      132628 kB
VmallocChunk:          0 kB
Percpu:             2448 kB
CmaTotal:         405504 kB
CmaFree:          234012 kB
MemTotal:        7918588 kB
MemFree:         1320044 kB
MemAvailable:    2517596 kB
Buffers:            4364 kB
Cached:          1124688 kB
SwapCached:           92 kB
Active:          3101288 kB
Inactive:         971104 kB
Active(anon):    2552088 kB
Inactive(anon):   411916 kB
Active(file):     549200 kB
Inactive(file):   559188 kB
Unevictable:        6408 kB
Mlocked:            5968 kB
SwapTotal:       4718584 kB
SwapFree:        4368120 kB
Dirty:               404 kB
Writeback:             0 kB
AnonPages:       2949852 kB
Mapped:           592924 kB
Shmem:             15828 kB
KReclaimable:     520348 kB
Slab:             320856 kB
SReclaimable:      91032 kB
SUnreclaim:       229824 kB
KernelStack:       49440 kB
ShadowCallStack:   12384 kB
PageTables:        77336 kB
NFS_Unstable:          0 kB
Bounce:                0 kB
WritebackTmp:          0 kB
CommitLimit:     8677876 kB
Committed_AS:   77284628 kB
VmallocTotal:   263061440 kB
VmallocUsed:      132628 kB
VmallocChunk:          0 kB
Percpu:             2448 kB
CmaTotal:         405504 kB
CmaFree:          234012 kB
MemTotal:        7918588 kB
MemFree:         1280840 kB
MemAvailable:    2480616 kB
Buffers:            4364 kB
Cached:          1127424 kB
SwapCached:           92 kB
Active:          3139688 kB
Inactive:         971104 kB
Active(anon):    2587752 kB
Inactive(anon):   411916 kB
Active(file):     551936 kB
Inactive(file):   559188 kB
Unevictable:        6408 kB
Mlocked:            5968 kB
SwapTotal:       4718584 kB
SwapFree:        4368120 kB
Dirty:               404 kB
Writeback:             0 kB
AnonPages:       2985356 kB
Mapped:           593568 kB
Shmem:             15832 kB
KReclaimable:     519836 kB
Slab:             321004 kB
SReclaimable:      91032 kB
SUnreclaim:       229972 kB
KernelStack:       49776 kB
ShadowCallStack:   12452 kB
PageTables:        77452 kB
NFS_Unstable:          0 kB
Bounce:                0 kB
WritebackTmp:          0 kB
CommitLimit:     8677876 kB
Committed_AS:   77366552 kB
VmallocTotal:   263061440 kB
VmallocUsed:      133028 kB
VmallocChunk:          0 kB
Percpu:             2448 kB
CmaTotal:         405504 kB
CmaFree:          234012 kB
MemTotal:        7918588 kB
MemFree:         1276556 kB
MemAvailable:    2477420 kB
Buffers:            4364 kB
Cached:          1128612 kB
SwapCached:           92 kB
Active:          3142508 kB
Inactive:         971104 kB
Active(anon):    2589388 kB
Inactive(anon):   411916 kB
Active(file):     553120 kB
Inactive(file):   559188 kB
Unevictable:        6408 kB
Mlocked:            5968 kB
SwapTotal:       4718584 kB
SwapFree:        4368120 kB
Dirty:               384 kB
Writeback:             0 kB
AnonPages:       2986996 kB
Mapped:           593708 kB
Shmem:             15832 kB
KReclaimable:     519740 kB
Slab:             320960 kB
SReclaimable:      91032 kB
SUnreclaim:       229928 kB
KernelStack:       49744 kB
ShadowCallStack:   12500 kB
PageTables:        77516 kB
NFS_Unstable:          0 kB
Bounce:                0 kB
WritebackTmp:          0 kB
CommitLimit:     8677876 kB
Committed_AS:   77366552 kB
VmallocTotal:   263061440 kB
VmallocUsed:      133016 kB
VmallocChunk:          0 kB
Percpu:             2448 kB
CmaTotal:         405504 kB
CmaFree:          234012 kB
MemTotal:        7918588 kB
MemFree:         1230692 kB
MemAvailable:    2430780 kB
Buffers:            4388 kB
Cached:          1128656 kB
SwapCached:           92 kB
Active:          3190332 kB
Inactive:         971136 kB
Active(anon):    2637180 kB
Inactive(anon):   411916 kB
Active(file):     553152 kB
Inactive(file):   559220 kB
Unevictable:        6408 kB
Mlocked:            5968 kB
SwapTotal:       4718584 kB
SwapFree:        4368120 kB
Dirty:               404 kB
Writeback:             0 kB
AnonPages:       3034816 kB
Mapped:           594200 kB
Shmem:             15836 kB
KReclaimable:     518900 kB
Slab:             321128 kB
SReclaimable:      91032 kB
SUnreclaim:       230096 kB
KernelStack:       49776 kB
ShadowCallStack:   12468 kB
PageTables:        77888 kB
NFS_Unstable:          0 kB
Bounce:                0 kB
WritebackTmp:          0 kB
CommitLimit:     8677876 kB
Committed_AS:   77497628 kB
VmallocTotal:   263061440 kB
VmallocUsed:      133048 kB
VmallocChunk:          0 kB
Percpu:             2448 kB
CmaTotal:         405504 kB
CmaFree:          234012 kB
MemTotal:        7918588 kB
MemFree:         1205412 kB
MemAvailable:    2405300 kB
Buffers:            4388 kB
Cached:          1128668 kB
SwapCached:           92 kB
Active:          3215116 kB
Inactive:         971128 kB
Active(anon):    2661964 kB
Inactive(anon):   411908 kB
Active(file):     553152 kB
Inactive(file):   559220 kB
Unevictable:        6408 kB
Mlocked:            5968 kB
SwapTotal:       4718584 kB
SwapFree:        4368120 kB
Dirty:               404 kB
Writeback:             0 kB
AnonPages:       3059408 kB
Mapped:           594308 kB
Shmem:             15848 kB
KReclaimable:     518700 kB
Slab:             321104 kB
SReclaimable:      91032 kB
SUnreclaim:       230072 kB
KernelStack:       49792 kB
ShadowCallStack:   12464 kB
PageTables:        77760 kB
NFS_Unstable:          0 kB
Bounce:                0 kB
WritebackTmp:          0 kB
CommitLimit:     8677876 kB
Committed_AS:   77546804 kB
VmallocTotal:   263061440 kB
VmallocUsed:      133064 kB
VmallocChunk:          0 kB
Percpu:             2448 kB
CmaTotal:         405504 kB
CmaFree:          234012 kB
MemTotal:        7918588 kB
MemFree:         1191612 kB
MemAvailable:    2391260 kB
Buffers:            4388 kB
Cached:          1128684 kB
SwapCached:           92 kB
Active:          3228536 kB
Inactive:         971136 kB
Active(anon):    2675384 kB
Inactive(anon):   411916 kB
Active(file):     553152 kB
Inactive(file):   559220 kB
Unevictable:        6408 kB
Mlocked:            5968 kB
SwapTotal:       4718584 kB
SwapFree:        4368120 kB
Dirty:               404 kB
Writeback:             0 kB
AnonPages:       3072900 kB
Mapped:           594572 kB
Shmem:             15864 kB
KReclaimable:     518460 kB
Slab:             321204 kB
SReclaimable:      91032 kB
SUnreclaim:       230172 kB
KernelStack:       49776 kB
ShadowCallStack:   12468 kB
PageTables:        78076 kB
NFS_Unstable:          0 kB
Bounce:                0 kB
WritebackTmp:          0 kB
CommitLimit:     8677876 kB
Committed_AS:   77595908 kB
VmallocTotal:   263061440 kB
VmallocUsed:      133028 kB
VmallocChunk:          0 kB
Percpu:             2448 kB
CmaTotal:         405504 kB
CmaFree:          234012 kB
MemTotal:        7918588 kB
MemFree:         1097568 kB
MemAvailable:    2176648 kB
Buffers:            4388 kB
Cached:          1128724 kB
SwapCached:           92 kB
Active:          3323528 kB
Inactive:         971104 kB
Active(anon):    2770376 kB
Inactive(anon):   411884 kB
Active(file):     553152 kB
Inactive(file):   559220 kB
Unevictable:        6408 kB
Mlocked:            5968 kB
SwapTotal:       4718584 kB
SwapFree:        4368120 kB
Dirty:               404 kB
Writeback:             0 kB
AnonPages:       3167900 kB
Mapped:           595516 kB
Shmem:             15904 kB
KReclaimable:     397892 kB
Slab:             321276 kB
SReclaimable:      91032 kB
SUnreclaim:       230244 kB
KernelStack:       49808 kB
ShadowCallStack:   12496 kB
PageTables:        78392 kB
NFS_Unstable:          0 kB
Bounce:                0 kB
WritebackTmp:          0 kB
CommitLimit:     8677876 kB
Committed_AS:   77727120 kB
VmallocTotal:   263061440 kB
VmallocUsed:      133204 kB
VmallocChunk:          0 kB
Percpu:             2448 kB
CmaTotal:         405504 kB
CmaFree:          234012 kB
MemTotal:        7918588 kB
MemFree:         1094512 kB
MemAvailable:    2171952 kB
Buffers:            4388 kB
Cached:          1128800 kB
SwapCached:           92 kB
Active:          3324140 kB
Inactive:         971104 kB
Active(anon):    2770988 kB
Inactive(anon):   411884 kB
Active(file):     553152 kB
Inactive(file):   559220 kB
Unevictable:        6408 kB
Mlocked:            5968 kB
SwapTotal:       4718584 kB
SwapFree:        4368120 kB
Dirty:               404 kB
Writeback:             0 kB
AnonPages:       3168412 kB
Mapped:           595592 kB
Shmem:             15980 kB
KReclaimable:     396252 kB
Slab:             321320 kB
SReclaimable:      91032 kB
SUnreclaim:       230288 kB
KernelStack:       49776 kB
ShadowCallStack:   12476 kB
PageTables:        78292 kB
NFS_Unstable:          0 kB
Bounce:                0 kB
WritebackTmp:          0 kB
CommitLimit:     8677876 kB
Committed_AS:   77727140 kB
VmallocTotal:   263061440 kB
VmallocUsed:      133120 kB
VmallocChunk:          0 kB
Percpu:             2448 kB
CmaTotal:         405504 kB
CmaFree:          234016 kB
MemTotal:        7918588 kB
MemFree:         1099272 kB
MemAvailable:    2297488 kB
Buffers:            4388 kB
Cached:          1128728 kB
SwapCached:           92 kB
Active:          3320000 kB
Inactive:         971108 kB
Active(anon):    2766848 kB
Inactive(anon):   411880 kB
Active(file):     553152 kB
Inactive(file):   559228 kB
Unevictable:        6408 kB
Mlocked:            5968 kB
SwapTotal:       4718584 kB
SwapFree:        4368120 kB
Dirty:               412 kB
Writeback:             0 kB
AnonPages:       3164516 kB
Mapped:           595492 kB
Shmem:             15900 kB
KReclaimable:     517020 kB
Slab:             321280 kB
SReclaimable:      91032 kB
SUnreclaim:       230248 kB
KernelStack:       49696 kB
ShadowCallStack:   12448 kB
PageTables:        78408 kB
NFS_Unstable:          0 kB
Bounce:                0 kB
WritebackTmp:          0 kB
CommitLimit:     8677876 kB
Committed_AS:   77808676 kB
VmallocTotal:   263061440 kB
VmallocUsed:      132944 kB
VmallocChunk:          0 kB
Percpu:             2448 kB
CmaTotal:         405504 kB
CmaFree:          234012 kB
MemTotal:        7918588 kB
MemFree:         1063604 kB
MemAvailable:    2261268 kB
Buffers:            4404 kB
Cached:          1128712 kB
SwapCached:           92 kB
Active:          3356204 kB
Inactive:         971112 kB
Active(anon):    2803052 kB
Inactive(anon):   411884 kB
Active(file):     553152 kB
Inactive(file):   559228 kB
Unevictable:        6408 kB
Mlocked:            5968 kB
SwapTotal:       4718584 kB
SwapFree:        4368120 kB
Dirty:               412 kB
Writeback:             0 kB
AnonPages:       3200456 kB
Mapped:           595648 kB
Shmem:             15900 kB
KReclaimable:     516468 kB
Slab:             321252 kB
SReclaimable:      90984 kB
SUnreclaim:       230268 kB
KernelStack:       49680 kB
ShadowCallStack:   12460 kB
PageTables:        78584 kB
NFS_Unstable:          0 kB
Bounce:                0 kB
WritebackTmp:          0 kB
CommitLimit:     8677876 kB
Committed_AS:   77890596 kB
VmallocTotal:   263061440 kB
VmallocUsed:      132924 kB
VmallocChunk:          0 kB
Percpu:             2448 kB
CmaTotal:         405504 kB
CmaFree:          234012 kB
MemTotal:        7918588 kB
MemFree:         1060204 kB
MemAvailable:    2258432 kB
Buffers:            4404 kB
Cached:          1129308 kB
SwapCached:           92 kB
Active:          3358712 kB
Inactive:         971128 kB
Active(anon):    2804980 kB
Inactive(anon):   411884 kB
Active(file):     553732 kB
Inactive(file):   559244 kB
Unevictable:        6408 kB
Mlocked:            5968 kB
SwapTotal:       4718584 kB
SwapFree:        4368120 kB
Dirty:               344 kB
Writeback:             0 kB
AnonPages:       3202464 kB
Mapped:           595744 kB
Shmem:             15900 kB
KReclaimable:     516436 kB
Slab:             321240 kB
SReclaimable:      90984 kB
SUnreclaim:       230256 kB
KernelStack:       49904 kB
ShadowCallStack:   12504 kB
PageTables:        78476 kB
NFS_Unstable:          0 kB
Bounce:                0 kB
WritebackTmp:          0 kB
CommitLimit:     8677876 kB
Committed_AS:   77890596 kB
VmallocTotal:   263061440 kB
VmallocUsed:      133188 kB
VmallocChunk:          0 kB
Percpu:             2448 kB
CmaTotal:         405504 kB
CmaFree:          234012 kB
MemTotal:        7918588 kB
MemFree:         1012024 kB
MemAvailable:    2209480 kB
Buffers:            4404 kB
Cached:          1129312 kB
SwapCached:           92 kB
Active:          3407568 kB
Inactive:         971128 kB
Active(anon):    2853832 kB
Inactive(anon):   411884 kB
Active(file):     553736 kB
Inactive(file):   559244 kB
Unevictable:        6408 kB
Mlocked:            5968 kB
SwapTotal:       4718584 kB
SwapFree:        4368120 kB
Dirty:                28 kB
Writeback:             0 kB
AnonPages:       3251484 kB
Mapped:           596392 kB
Shmem:             15900 kB
KReclaimable:     515636 kB
Slab:             321376 kB
SReclaimable:      90984 kB
SUnreclaim:       230392 kB
KernelStack:       49872 kB
ShadowCallStack:   12496 kB
PageTables:        78892 kB
NFS_Unstable:          0 kB
Bounce:                0 kB
WritebackTmp:          0 kB
CommitLimit:     8677876 kB
Committed_AS:   78005180 kB
VmallocTotal:   263061440 kB
VmallocUsed:      133184 kB
VmallocChunk:          0 kB
Percpu:             2448 kB
CmaTotal:         405504 kB
CmaFree:          234012 kB
MemTotal:        7918588 kB
MemFree:          990936 kB
MemAvailable:    2188160 kB
Buffers:            4404 kB
Cached:          1129312 kB
SwapCached:           92 kB
Active:          3427792 kB
Inactive:         971128 kB
Active(anon):    2874056 kB
Inactive(anon):   411884 kB
Active(file):     553736 kB
Inactive(file):   559244 kB
Unevictable:        6408 kB
Mlocked:            5968 kB
SwapTotal:       4718584 kB
SwapFree:        4368120 kB
Dirty:                32 kB
Writeback:             0 kB
AnonPages:       3271536 kB
Mapped:           596348 kB
Shmem:             15900 kB
KReclaimable:     515428 kB
Slab:             321340 kB
SReclaimable:      90984 kB
SUnreclaim:       230356 kB
KernelStack:       49808 kB
ShadowCallStack:   12476 kB
PageTables:        78932 kB
NFS_Unstable:          0 kB
Bounce:                0 kB
WritebackTmp:          0 kB
CommitLimit:     8677876 kB
Committed_AS:   78054128 kB
VmallocTotal:   263061440 kB
VmallocUsed:      133068 kB
VmallocChunk:          0 kB
Percpu:             2448 kB
CmaTotal:         405504 kB
CmaFree:          234012 kB
MemTotal:        7918588 kB
MemFree:          976516 kB
MemAvailable:    2173420 kB
Buffers:            4428 kB
Cached:          1129320 kB
SwapCached:           92 kB
Active:          3442732 kB
Inactive:         971160 kB
Active(anon):    2888996 kB
Inactive(anon):   411884 kB
Active(file):     553736 kB
Inactive(file):   559276 kB
Unevictable:        6408 kB
Mlocked:            5968 kB
SwapTotal:       4718584 kB
SwapFree:        4368120 kB
Dirty:               104 kB
Writeback:             0 kB
AnonPages:       3286648 kB
Mapped:           596676 kB
Shmem:             15900 kB
KReclaimable:     515076 kB
Slab:             321372 kB
SReclaimable:      90984 kB
SUnreclaim:       230388 kB
KernelStack:       49696 kB
ShadowCallStack:   12456 kB
PageTables:        79032 kB
NFS_Unstable:          0 kB
Bounce:                0 kB
WritebackTmp:          0 kB
CommitLimit:     8677876 kB
Committed_AS:   78086580 kB
VmallocTotal:   263061440 kB
VmallocUsed:      132964 kB
VmallocChunk:          0 kB
Percpu:             2448 kB
CmaTotal:         405504 kB
CmaFree:          234012 kB
MemTotal:        7918588 kB
MemFree:          924648 kB
MemAvailable:    2120748 kB
Buffers:            4428 kB
Cached:          1129356 kB
SwapCached:           92 kB
Active:          3495128 kB
Inactive:         971172 kB
Active(anon):    2941392 kB
Inactive(anon):   411884 kB
Active(file):     553736 kB
Inactive(file):   559288 kB
Unevictable:        6408 kB
Mlocked:            5968 kB
SwapTotal:       4718584 kB
SwapFree:        4368120 kB
Dirty:               116 kB
Writeback:             0 kB
AnonPages:       3338880 kB
Mapped:           597260 kB
Shmem:             15924 kB
KReclaimable:     514260 kB
Slab:             321400 kB
SReclaimable:      90984 kB
SUnreclaim:       230416 kB
KernelStack:       49648 kB
ShadowCallStack:   12444 kB
PageTables:        79292 kB
NFS_Unstable:          0 kB
Bounce:                0 kB
WritebackTmp:          0 kB
CommitLimit:     8677876 kB
Committed_AS:   78217572 kB
VmallocTotal:   263061440 kB
VmallocUsed:      132920 kB
VmallocChunk:          0 kB
Percpu:             2448 kB
CmaTotal:         405504 kB
CmaFree:          184208 kB
MemTotal:        7918588 kB
MemFree:          920636 kB
MemAvailable:    2116688 kB
Buffers:            4428 kB
Cached:          1129360 kB
SwapCached:           92 kB
Active:          3498768 kB
Inactive:         971172 kB
Active(anon):    2945032 kB
Inactive(anon):   411884 kB
Active(file):     553736 kB
Inactive(file):   559288 kB
Unevictable:        6408 kB
Mlocked:            5968 kB
SwapTotal:       4718584 kB
SwapFree:        4368120 kB
Dirty:               132 kB
Writeback:             0 kB
AnonPages:       3342476 kB
Mapped:           597172 kB
Shmem:             15928 kB
KReclaimable:     514212 kB
Slab:             321380 kB
SReclaimable:      90968 kB
SUnreclaim:       230412 kB
KernelStack:       49664 kB
ShadowCallStack:   12440 kB
PageTables:        79292 kB
NFS_Unstable:          0 kB
Bounce:                0 kB
WritebackTmp:          0 kB
CommitLimit:     8677876 kB
Committed_AS:   78217524 kB
VmallocTotal:   263061440 kB
VmallocUsed:      132904 kB
VmallocChunk:          0 kB
Percpu:             2448 kB
CmaTotal:         405504 kB
CmaFree:          180300 kB
MemTotal:        7918588 kB
MemFree:          883824 kB
MemAvailable:    2079396 kB
Buffers:            4428 kB
Cached:          1129360 kB
SwapCached:           92 kB
Active:          3535520 kB
Inactive:         971164 kB
Active(anon):    2981784 kB
Inactive(anon):   411876 kB
Active(file):     553736 kB
Inactive(file):   559288 kB
Unevictable:        6408 kB
Mlocked:            5968 kB
SwapTotal:       4718584 kB
SwapFree:        4368120 kB
Dirty:               132 kB
Writeback:             0 kB
AnonPages:       3379204 kB
Mapped:           597348 kB
Shmem:             15928 kB
KReclaimable:     513732 kB
Slab:             321396 kB
SReclaimable:      90968 kB
SUnreclaim:       230428 kB
KernelStack:       49584 kB
ShadowCallStack:   12444 kB
PageTables:        79572 kB
NFS_Unstable:          0 kB
Bounce:                0 kB
WritebackTmp:          0 kB
CommitLimit:     8677876 kB
Committed_AS:   78299240 kB
VmallocTotal:   263061440 kB
VmallocUsed:      132828 kB
VmallocChunk:          0 kB
Percpu:             2448 kB
CmaTotal:         405504 kB
CmaFree:          143920 kB
MemTotal:        7918588 kB
MemFree:          849660 kB
MemAvailable:    2044544 kB
Buffers:            4428 kB
Cached:          1129368 kB
SwapCached:           92 kB
Active:          3569060 kB
Inactive:         971172 kB
Active(anon):    3015324 kB
Inactive(anon):   411884 kB
Active(file):     553736 kB
Inactive(file):   559288 kB
Unevictable:        6408 kB
Mlocked:            5968 kB
SwapTotal:       4718584 kB
SwapFree:        4368120 kB
Dirty:                28 kB
Writeback:             0 kB
AnonPages:       3412888 kB
Mapped:           597892 kB
Shmem:             15936 kB
KReclaimable:     513044 kB
Slab:             321532 kB
SReclaimable:      90968 kB
SUnreclaim:       230564 kB
KernelStack:       49568 kB
ShadowCallStack:   12416 kB
PageTables:        79540 kB
NFS_Unstable:          0 kB
Bounce:                0 kB
WritebackTmp:          0 kB
CommitLimit:     8677876 kB
Committed_AS:   78364676 kB
VmallocTotal:   263061440 kB
VmallocUsed:      132780 kB
VmallocChunk:          0 kB
Percpu:             2448 kB
CmaTotal:         405504 kB
CmaFree:          109788 kB
MemTotal:        7918588 kB
MemFree:          848176 kB
MemAvailable:    2043012 kB
Buffers:            4428 kB
Cached:          1129400 kB
SwapCached:           92 kB
Active:          3570456 kB
Inactive:         971204 kB
Active(anon):    3016720 kB
Inactive(anon):   411884 kB
Active(file):     553736 kB
Inactive(file):   559320 kB
Unevictable:        6408 kB
Mlocked:            5968 kB
SwapTotal:       4718584 kB
SwapFree:        4368120 kB
Dirty:                64 kB
Writeback:             8 kB
AnonPages:       3414328 kB
Mapped:           597864 kB
Shmem:             15936 kB
KReclaimable:     512964 kB
Slab:             321436 kB
SReclaimable:      90968 kB
SUnreclaim:       230468 kB
KernelStack:       49504 kB
ShadowCallStack:   12424 kB
PageTables:        79464 kB
NFS_Unstable:          0 kB
Bounce:                0 kB
WritebackTmp:          0 kB
CommitLimit:     8677876 kB
Committed_AS:   78364576 kB
VmallocTotal:   263061440 kB
VmallocUsed:      132744 kB
VmallocChunk:          0 kB
Percpu:             2448 kB
CmaTotal:         405504 kB
CmaFree:          107664 kB
MemTotal:        7918588 kB
MemFree:          799276 kB
MemAvailable:    1993536 kB
Buffers:            4436 kB
Cached:          1129376 kB
SwapCached:           92 kB
Active:          3619700 kB
Inactive:         971184 kB
Active(anon):    3065964 kB
Inactive(anon):   411880 kB
Active(file):     553736 kB
Inactive(file):   559304 kB
Unevictable:        6408 kB
Mlocked:            5968 kB
SwapTotal:       4718584 kB
SwapFree:        4368120 kB
Dirty:               108 kB
Writeback:             0 kB
AnonPages:       3463316 kB
Mapped:           598124 kB
Shmem:             15936 kB
KReclaimable:     512404 kB
Slab:             321452 kB
SReclaimable:      90968 kB
SUnreclaim:       230484 kB
KernelStack:       49536 kB
ShadowCallStack:   12404 kB
PageTables:        79720 kB
NFS_Unstable:          0 kB
Bounce:                0 kB
WritebackTmp:          0 kB
CommitLimit:     8677876 kB
Committed_AS:   78495644 kB
VmallocTotal:   263061440 kB
VmallocUsed:      132740 kB
VmallocChunk:          0 kB
Percpu:             2448 kB
CmaTotal:         405504 kB
CmaFree:           59196 kB
MemTotal:        7918588 kB
MemFree:          780504 kB
MemAvailable:    1974460 kB
Buffers:            4436 kB
Cached:          1129376 kB
SwapCached:           92 kB
Active:          3639192 kB
Inactive:         971192 kB
Active(anon):    3085456 kB
Inactive(anon):   411888 kB
Active(file):     553736 kB
Inactive(file):   559304 kB
Unevictable:        6408 kB
Mlocked:            5968 kB
SwapTotal:       4718584 kB
SwapFree:        4368120 kB
Dirty:               132 kB
Writeback:             0 kB
AnonPages:       3482892 kB
Mapped:           598344 kB
Shmem:             15936 kB
KReclaimable:     512100 kB
Slab:             321436 kB
SReclaimable:      90968 kB
SUnreclaim:       230468 kB
KernelStack:       49504 kB
ShadowCallStack:   12380 kB
PageTables:        79888 kB
NFS_Unstable:          0 kB
Bounce:                0 kB
WritebackTmp:          0 kB
CommitLimit:     8677876 kB
Committed_AS:   78528308 kB
VmallocTotal:   263061440 kB
VmallocUsed:      132676 kB
VmallocChunk:          0 kB
Percpu:             2448 kB
CmaTotal:         405504 kB
CmaFree:           41112 kB
MemTotal:        7918588 kB
MemFree:          764764 kB
MemAvailable:    1958412 kB
Buffers:            4436 kB
Cached:          1129376 kB
SwapCached:           92 kB
Active:          3654260 kB
Inactive:         971184 kB
Active(anon):    3100524 kB
Inactive(anon):   411880 kB
Active(file):     553736 kB
Inactive(file):   559304 kB
Unevictable:        6408 kB
Mlocked:            5968 kB
SwapTotal:       4718584 kB
SwapFree:        4368120 kB
Dirty:               132 kB
Writeback:             0 kB
AnonPages:       3498164 kB
Mapped:           598596 kB
Shmem:             15936 kB
KReclaimable:     511792 kB
Slab:             321600 kB
SReclaimable:      90968 kB
SUnreclaim:       230632 kB
KernelStack:       49504 kB
ShadowCallStack:   12400 kB
PageTables:        79888 kB
NFS_Unstable:          0 kB
Bounce:                0 kB
WritebackTmp:          0 kB
CommitLimit:     8677876 kB
Committed_AS:   78561076 kB
VmallocTotal:   263061440 kB
VmallocUsed:      132688 kB
VmallocChunk:          0 kB
Percpu:             2448 kB
CmaTotal:         405504 kB
CmaFree:           25824 kB
MemTotal:        7918588 kB
MemFree:          709592 kB
MemAvailable:    1902368 kB
Buffers:            4436 kB
Cached:          1129384 kB
SwapCached:           92 kB
Active:          3710328 kB
Inactive:         971192 kB
Active(anon):    3156592 kB
Inactive(anon):   411888 kB
Active(file):     553736 kB
Inactive(file):   559304 kB
Unevictable:        6408 kB
Mlocked:            5968 kB
SwapTotal:       4718584 kB
SwapFree:        4368120 kB
Dirty:               132 kB
Writeback:             0 kB
AnonPages:       3554136 kB
Mapped:           599116 kB
Shmem:             15944 kB
KReclaimable:     510920 kB
Slab:             321620 kB
SReclaimable:      90968 kB
SUnreclaim:       230652 kB
KernelStack:       49472 kB
ShadowCallStack:   12392 kB
PageTables:        80228 kB
NFS_Unstable:          0 kB
Bounce:                0 kB
WritebackTmp:          0 kB
CommitLimit:     8677876 kB
Committed_AS:   78692156 kB
VmallocTotal:   263061440 kB
VmallocUsed:      132708 kB
VmallocChunk:          0 kB
Percpu:             2448 kB
CmaTotal:         405504 kB
CmaFree:               0 kB
MemTotal:        7918588 kB
MemFree:          707940 kB
MemAvailable:    1900724 kB
Buffers:            4436 kB
Cached:          1129396 kB
SwapCached:           92 kB
Active:          3710692 kB
Inactive:         971196 kB
Active(anon):    3156956 kB
Inactive(anon):   411884 kB
Active(file):     553736 kB
Inactive(file):   559312 kB
Unevictable:        6408 kB
Mlocked:            5968 kB
SwapTotal:       4718584 kB
SwapFree:        4368120 kB
Dirty:                56 kB
Writeback:             0 kB
AnonPages:       3554440 kB
Mapped:           599184 kB
Shmem:             15948 kB
KReclaimable:     510920 kB
Slab:             321664 kB
SReclaimable:      90968 kB
SUnreclaim:       230696 kB
KernelStack:       49504 kB
ShadowCallStack:   12400 kB
PageTables:        80224 kB
NFS_Unstable:          0 kB
Bounce:                0 kB
WritebackTmp:          0 kB
CommitLimit:     8677876 kB
Committed_AS:   78692160 kB
VmallocTotal:   263061440 kB
VmallocUsed:      132704 kB
VmallocChunk:          0 kB
Percpu:             2448 kB
CmaTotal:         405504 kB
CmaFree:               0 kB
MemTotal:        7918588 kB
MemFree:          673548 kB
MemAvailable:    1865980 kB
Buffers:            4468 kB
Cached:          1129396 kB
SwapCached:           92 kB
Active:          3745652 kB
Inactive:         971232 kB
Active(anon):    3191916 kB
Inactive(anon):   411888 kB
Active(file):     553736 kB
Inactive(file):   559344 kB
Unevictable:        6408 kB
Mlocked:            5968 kB
SwapTotal:       4718584 kB
SwapFree:        4368120 kB
Dirty:               168 kB
Writeback:             0 kB
AnonPages:       3589452 kB
Mapped:           599396 kB
Shmem:             15948 kB
KReclaimable:     510536 kB
Slab:             321892 kB
SReclaimable:      90968 kB
SUnreclaim:       230924 kB
KernelStack:       49536 kB
ShadowCallStack:   12396 kB
PageTables:        80436 kB
NFS_Unstable:          0 kB
Bounce:                0 kB
WritebackTmp:          0 kB
CommitLimit:     8677876 kB
Committed_AS:   78790464 kB
VmallocTotal:   263061440 kB
VmallocUsed:      132708 kB
VmallocChunk:          0 kB
Percpu:             2448 kB
CmaTotal:         405504 kB
CmaFree:              20 kB
MemTotal:        7918588 kB
MemFree:          639224 kB
MemAvailable:    1831008 kB
Buffers:            4468 kB
Cached:          1129396 kB
SwapCached:           92 kB
Active:          3779976 kB
Inactive:         971224 kB
Active(anon):    3226240 kB
Inactive(anon):   411880 kB
Active(file):     553736 kB
Inactive(file):   559344 kB
Unevictable:        6408 kB
Mlocked:            5968 kB
SwapTotal:       4718584 kB
SwapFree:        4368120 kB
Dirty:               168 kB
Writeback:             0 kB
AnonPages:       3623564 kB
Mapped:           599712 kB
Shmem:             15948 kB
KReclaimable:     509888 kB
Slab:             321700 kB
SReclaimable:      90968 kB
SUnreclaim:       230732 kB
KernelStack:       49504 kB
ShadowCallStack:   12396 kB
PageTables:        80564 kB
NFS_Unstable:          0 kB
Bounce:                0 kB
WritebackTmp:          0 kB
CommitLimit:     8677876 kB
Committed_AS:   78856004 kB
VmallocTotal:   263061440 kB
VmallocUsed:      132700 kB
VmallocChunk:          0 kB
Percpu:             2448 kB
CmaTotal:         405504 kB
CmaFree:              40 kB
MemTotal:        7918588 kB
MemFree:          637684 kB
MemAvailable:    1829392 kB
Buffers:            4468 kB
Cached:          1129396 kB
SwapCached:           92 kB
Active:          3781476 kB
Inactive:         971228 kB
Active(anon):    3227740 kB
Inactive(anon):   411884 kB
Active(file):     553736 kB
Inactive(file):   559344 kB
Unevictable:        6408 kB
Mlocked:            5968 kB
SwapTotal:       4718584 kB
SwapFree:        4368120 kB
Dirty:               180 kB
Writeback:             0 kB
AnonPages:       3625432 kB
Mapped:           599804 kB
Shmem:             15948 kB
KReclaimable:     509812 kB
Slab:             321672 kB
SReclaimable:      90968 kB
SUnreclaim:       230704 kB
KernelStack:       49504 kB
ShadowCallStack:   12400 kB
PageTables:        80416 kB
NFS_Unstable:          0 kB
Bounce:                0 kB
WritebackTmp:          0 kB
CommitLimit:     8677876 kB
Committed_AS:   78872384 kB
VmallocTotal:   263061440 kB
VmallocUsed:      132700 kB
VmallocChunk:          0 kB
Percpu:             2448 kB
CmaTotal:         405504 kB
CmaFree:               0 kB
MemTotal:        7918588 kB
MemFree:          588420 kB
MemAvailable:    1779376 kB
Buffers:            4468 kB
Cached:          1129396 kB
SwapCached:           92 kB
Active:          3830700 kB
Inactive:         971228 kB
Active(anon):    3276964 kB
Inactive(anon):   411884 kB
Active(file):     553736 kB
Inactive(file):   559344 kB
Unevictable:        6408 kB
Mlocked:            5968 kB
SwapTotal:       4718584 kB
SwapFree:        4368120 kB
Dirty:               180 kB
Writeback:             0 kB
AnonPages:       3674444 kB
Mapped:           600288 kB
Shmem:             15948 kB
KReclaimable:     509060 kB
Slab:             321744 kB
SReclaimable:      90968 kB
SUnreclaim:       230776 kB
KernelStack:       49504 kB
ShadowCallStack:   12400 kB
PageTables:        80796 kB
NFS_Unstable:          0 kB
Bounce:                0 kB
WritebackTmp:          0 kB
CommitLimit:     8677876 kB
Committed_AS:   78987072 kB
VmallocTotal:   263061440 kB
VmallocUsed:      132704 kB
VmallocChunk:          0 kB
Percpu:             2448 kB
CmaTotal:         405504 kB
CmaFree:               0 kB
MemTotal:        7918588 kB
MemFree:          531032 kB
MemAvailable:    1600124 kB
Buffers:            4468 kB
Cached:          1129512 kB
SwapCached:           92 kB
Active:          3888800 kB
Inactive:         971232 kB
Active(anon):    3335064 kB
Inactive(anon):   411880 kB
Active(file):     553736 kB
Inactive(file):   559352 kB
Unevictable:        6408 kB
Mlocked:            5968 kB
SwapTotal:       4718584 kB
SwapFree:        4368376 kB
Dirty:               120 kB
Writeback:             0 kB
AnonPages:       3732392 kB
Mapped:           601068 kB
Shmem:             16056 kB
KReclaimable:     387188 kB
Slab:             321656 kB
SReclaimable:      90968 kB
SUnreclaim:       230688 kB
KernelStack:       49616 kB
ShadowCallStack:   12428 kB
PageTables:        80828 kB
NFS_Unstable:          0 kB
Bounce:                0 kB
WritebackTmp:          0 kB
CommitLimit:     8677876 kB
Committed_AS:   79036620 kB
VmallocTotal:   263061440 kB
VmallocUsed:      132880 kB
VmallocChunk:          0 kB
Percpu:             2448 kB
CmaTotal:         405504 kB
CmaFree:               0 kB
MemTotal:        7918588 kB
MemFree:          550380 kB
MemAvailable:    1740720 kB
Buffers:            4476 kB
Cached:          1129408 kB
SwapCached:           92 kB
Active:          3868740 kB
Inactive:         971244 kB
Active(anon):    3315004 kB
Inactive(anon):   411884 kB
Active(file):     553736 kB
Inactive(file):   559360 kB
Unevictable:        6408 kB
Mlocked:            5968 kB
SwapTotal:       4718584 kB
SwapFree:        4368376 kB
Dirty:               316 kB
Writeback:             0 kB
AnonPages:       3712464 kB
Mapped:           600624 kB
Shmem:             15952 kB
KReclaimable:     508428 kB
Slab:             321724 kB
SReclaimable:      90968 kB
SUnreclaim:       230756 kB
KernelStack:       49504 kB
ShadowCallStack:   12404 kB
PageTables:        80948 kB
NFS_Unstable:          0 kB
Bounce:                0 kB
WritebackTmp:          0 kB
CommitLimit:     8677876 kB
Committed_AS:   79068992 kB
VmallocTotal:   263061440 kB
VmallocUsed:      132708 kB
VmallocChunk:          0 kB
Percpu:             2448 kB
CmaTotal:         405504 kB
CmaFree:               0 kB
MemTotal:        7918588 kB
MemFree:          494632 kB
MemAvailable:    1684188 kB
Buffers:            4476 kB
Cached:          1129412 kB
SwapCached:           92 kB
Active:          3924320 kB
Inactive:         971244 kB
Active(anon):    3370584 kB
Inactive(anon):   411884 kB
Active(file):     553736 kB
Inactive(file):   559360 kB
Unevictable:        6408 kB
Mlocked:            5968 kB
SwapTotal:       4718584 kB
SwapFree:        4368376 kB
Dirty:               320 kB
Writeback:             0 kB
AnonPages:       3768036 kB
Mapped:           601100 kB
Shmem:             15956 kB
KReclaimable:     507644 kB
Slab:             321680 kB
SReclaimable:      90968 kB
SUnreclaim:       230712 kB
KernelStack:       49472 kB
ShadowCallStack:   12412 kB
PageTables:        80988 kB
NFS_Unstable:          0 kB
Bounce:                0 kB
WritebackTmp:          0 kB
CommitLimit:     8677876 kB
Committed_AS:   79183688 kB
VmallocTotal:   263061440 kB
VmallocUsed:      132700 kB
VmallocChunk:          0 kB
Percpu:             2448 kB
CmaTotal:         405504 kB
CmaFree:               0 kB
MemTotal:        7918588 kB
MemFree:          492652 kB
MemAvailable:    1683772 kB
Buffers:            4476 kB
Cached:          1130988 kB
SwapCached:           92 kB
Active:          3926164 kB
Inactive:         971244 kB
Active(anon):    3370856 kB
Inactive(anon):   411884 kB
Active(file):     555308 kB
Inactive(file):   559360 kB
Unevictable:        6408 kB
Mlocked:            5968 kB
SwapTotal:       4718584 kB
SwapFree:        4368376 kB
Dirty:               320 kB
Writeback:             0 kB
AnonPages:       3768284 kB
Mapped:           601324 kB
Shmem:             15960 kB
KReclaimable:     507636 kB
Slab:             321776 kB
SReclaimable:      90968 kB
SUnreclaim:       230808 kB
KernelStack:       49504 kB
ShadowCallStack:   12400 kB
PageTables:        81188 kB
NFS_Unstable:          0 kB
Bounce:                0 kB
WritebackTmp:          0 kB
CommitLimit:     8677876 kB
Committed_AS:   79183688 kB
VmallocTotal:   263061440 kB
VmallocUsed:      132708 kB
VmallocChunk:          0 kB
Percpu:             2448 kB
CmaTotal:         405504 kB
CmaFree:               0 kB
MemTotal:        7918588 kB
MemFree:          455752 kB
MemAvailable:    1646036 kB
Buffers:            4476 kB
Cached:          1130988 kB
SwapCached:           92 kB
Active:          3962996 kB
Inactive:         971232 kB
Active(anon):    3407688 kB
Inactive(anon):   411872 kB
Active(file):     555308 kB
Inactive(file):   559360 kB
Unevictable:        6408 kB
Mlocked:            5968 kB
SwapTotal:       4718584 kB
SwapFree:        4368376 kB
Dirty:               320 kB
Writeback:             0 kB
AnonPages:       3805232 kB
Mapped:           601904 kB
Shmem:             15960 kB
KReclaimable:     506800 kB
Slab:             321824 kB
SReclaimable:      90968 kB
SUnreclaim:       230856 kB
KernelStack:       49504 kB
ShadowCallStack:   12396 kB
PageTables:        81444 kB
NFS_Unstable:          0 kB
Bounce:                0 kB
WritebackTmp:          0 kB
CommitLimit:     8677876 kB
Committed_AS:   79281992 kB
VmallocTotal:   263061440 kB
VmallocUsed:      132708 kB
VmallocChunk:          0 kB
Percpu:             2448 kB
CmaTotal:         405504 kB
CmaFree:               0 kB
MemTotal:        7918588 kB
MemFree:          422432 kB
MemAvailable:    1612364 kB
Buffers:            4476 kB
Cached:          1130996 kB
SwapCached:           92 kB
Active:          3996208 kB
Inactive:         971252 kB
Active(anon):    3440900 kB
Inactive(anon):   411884 kB
Active(file):     555308 kB
Inactive(file):   559368 kB
Unevictable:        6408 kB
Mlocked:            5968 kB
SwapTotal:       4718584 kB
SwapFree:        4368376 kB
Dirty:               344 kB
Writeback:             0 kB
AnonPages:       3838392 kB
Mapped:           602132 kB
Shmem:             15960 kB
KReclaimable:     506440 kB
Slab:             321784 kB
SReclaimable:      90968 kB
SUnreclaim:       230816 kB
KernelStack:       49488 kB
ShadowCallStack:   12396 kB
PageTables:        81536 kB
NFS_Unstable:          0 kB
Bounce:                0 kB
WritebackTmp:          0 kB
CommitLimit:     8677876 kB
Committed_AS:   79347528 kB
VmallocTotal:   263061440 kB
VmallocUsed:      132704 kB
VmallocChunk:          0 kB
Percpu:             2448 kB
CmaTotal:         405504 kB
CmaFree:               0 kB
MemTotal:        7918588 kB
MemFree:          420492 kB
MemAvailable:    1610400 kB
Buffers:            4500 kB
Cached:          1130996 kB
SwapCached:           92 kB
Active:          3997428 kB
Inactive:         971276 kB
Active(anon):    3442120 kB
Inactive(anon):   411884 kB
Active(file):     555308 kB
Inactive(file):   559392 kB
Unevictable:        6408 kB
Mlocked:            5968 kB
SwapTotal:       4718584 kB
SwapFree:        4368376 kB
Dirty:               144 kB
Writeback:             0 kB
AnonPages:       3839512 kB
Mapped:           602172 kB
Shmem:             15960 kB
KReclaimable:     506392 kB
Slab:             321808 kB
SReclaimable:      90968 kB
SUnreclaim:       230840 kB
KernelStack:       49536 kB
ShadowCallStack:   12408 kB
PageTables:        81512 kB
NFS_Unstable:          0 kB
Bounce:                0 kB
WritebackTmp:          0 kB
CommitLimit:     8677876 kB
Committed_AS:   79347528 kB
VmallocTotal:   263061440 kB
VmallocUsed:      132696 kB
VmallocChunk:          0 kB
Percpu:             2448 kB
CmaTotal:         405504 kB
CmaFree:               0 kB
MemTotal:        7918588 kB
MemFree:          367808 kB
MemAvailable:    1556868 kB
Buffers:            4500 kB
Cached:          1131000 kB
SwapCached:           92 kB
Active:          4051404 kB
Inactive:         971276 kB
Active(anon):    3496096 kB
Inactive(anon):   411880 kB
Active(file):     555308 kB
Inactive(file):   559396 kB
Unevictable:        6408 kB
Mlocked:            5968 kB
SwapTotal:       4718584 kB
SwapFree:        4368376 kB
Dirty:               204 kB
Writeback:             0 kB
AnonPages:       3893492 kB
Mapped:           602556 kB
Shmem:             15960 kB
KReclaimable:     505540 kB
Slab:             321820 kB
SReclaimable:      90968 kB
SUnreclaim:       230852 kB
KernelStack:       49472 kB
ShadowCallStack:   12412 kB
PageTables:        81884 kB
NFS_Unstable:          0 kB
Bounce:                0 kB
WritebackTmp:          0 kB
CommitLimit:     8677876 kB
Committed_AS:   79478604 kB
VmallocTotal:   263061440 kB
VmallocUsed:      132692 kB
VmallocChunk:          0 kB
Percpu:             2448 kB
CmaTotal:         405504 kB
CmaFree:              32 kB
MemTotal:        7918588 kB
MemFree:          356344 kB
MemAvailable:    1545196 kB
Buffers:            4500 kB
Cached:          1131012 kB
SwapCached:           92 kB
Active:          4063048 kB
Inactive:         971284 kB
Active(anon):    3507740 kB
Inactive(anon):   411880 kB
Active(file):     555308 kB
Inactive(file):   559404 kB
Unevictable:        6408 kB
Mlocked:            5968 kB
SwapTotal:       4718584 kB
SwapFree:        4368376 kB
Dirty:               240 kB
Writeback:             0 kB
AnonPages:       3905160 kB
Mapped:           602668 kB
Shmem:             15964 kB
KReclaimable:     505324 kB
Slab:             321992 kB
SReclaimable:      90968 kB
SUnreclaim:       231024 kB
KernelStack:       49504 kB
ShadowCallStack:   12396 kB
PageTables:        81832 kB
NFS_Unstable:          0 kB
Bounce:                0 kB
WritebackTmp:          0 kB
CommitLimit:     8677876 kB
Committed_AS:   79511372 kB
VmallocTotal:   263061440 kB
VmallocUsed:      132704 kB
VmallocChunk:          0 kB
Percpu:             2448 kB
CmaTotal:         405504 kB
CmaFree:               0 kB
MemTotal:        7918588 kB
MemFree:          343912 kB
MemAvailable:    1532692 kB
Buffers:            4500 kB
Cached:          1131012 kB
SwapCached:           92 kB
Active:          4076112 kB
Inactive:         971288 kB
Active(anon):    3520804 kB
Inactive(anon):   411884 kB
Active(file):     555308 kB
Inactive(file):   559404 kB
Unevictable:        6408 kB
Mlocked:            5968 kB
SwapTotal:       4718584 kB
SwapFree:        4368376 kB
Dirty:               244 kB
Writeback:             0 kB
AnonPages:       3918060 kB
Mapped:           602932 kB
Shmem:             15964 kB
KReclaimable:     505252 kB
Slab:             321868 kB
SReclaimable:      90968 kB
SUnreclaim:       230900 kB
KernelStack:       49520 kB
ShadowCallStack:   12364 kB
PageTables:        81724 kB
NFS_Unstable:          0 kB
Bounce:                0 kB
WritebackTmp:          0 kB
CommitLimit:     8677876 kB
Committed_AS:   79544144 kB
VmallocTotal:   263061440 kB
VmallocUsed:      132704 kB
VmallocChunk:          0 kB
Percpu:             2448 kB
CmaTotal:         405504 kB
CmaFree:               0 kB
MemTotal:        7918588 kB
MemFree:          288604 kB
MemAvailable:    1476464 kB
Buffers:            4500 kB
Cached:          1131020 kB
SwapCached:           92 kB
Active:          4130328 kB
Inactive:         971288 kB
Active(anon):    3575020 kB
Inactive(anon):   411884 kB
Active(file):     555308 kB
Inactive(file):   559404 kB
Unevictable:        6408 kB
Mlocked:            5968 kB
SwapTotal:       4718584 kB
SwapFree:        4368376 kB
Dirty:               276 kB
Writeback:             0 kB
AnonPages:       3972472 kB
Mapped:           603328 kB
Shmem:             15972 kB
KReclaimable:     504332 kB
Slab:             321836 kB
SReclaimable:      90968 kB
SUnreclaim:       230868 kB
KernelStack:       49488 kB
ShadowCallStack:   12396 kB
PageTables:        82124 kB
NFS_Unstable:          0 kB
Bounce:                0 kB
WritebackTmp:          0 kB
CommitLimit:     8677876 kB
Committed_AS:   79658836 kB
VmallocTotal:   263061440 kB
VmallocUsed:      132704 kB
VmallocChunk:          0 kB
Percpu:             2448 kB
CmaTotal:         405504 kB
CmaFree:               0 kB
MemTotal:        7918588 kB
MemFree:          284768 kB
MemAvailable:    1472584 kB
Buffers:            4516 kB
Cached:          1131008 kB
SwapCached:           92 kB
Active:          4133344 kB
Inactive:         971296 kB
Active(anon):    3578036 kB
Inactive(anon):   411888 kB
Active(file):     555308 kB
Inactive(file):   559408 kB
Unevictable:        6408 kB
Mlocked:            5968 kB
SwapTotal:       4718584 kB
SwapFree:        4368376 kB
Dirty:                96 kB
Writeback:             0 kB
AnonPages:       3975524 kB
Mapped:           603492 kB
Shmem:             15972 kB
KReclaimable:     504284 kB
Slab:             321824 kB
SReclaimable:      90968 kB
SUnreclaim:       230856 kB
KernelStack:       49488 kB
ShadowCallStack:   12408 kB
PageTables:        82116 kB
NFS_Unstable:          0 kB
Bounce:                0 kB
WritebackTmp:          0 kB
CommitLimit:     8677876 kB
Committed_AS:   79658840 kB
VmallocTotal:   263061440 kB
VmallocUsed:      132708 kB
VmallocChunk:          0 kB
Percpu:             2448 kB
CmaTotal:         405504 kB
CmaFree:               0 kB
MemTotal:        7918588 kB
MemFree:          249432 kB
MemAvailable:    1436612 kB
Buffers:            4516 kB
Cached:          1131020 kB
SwapCached:           92 kB
Active:          4169232 kB
Inactive:         971304 kB
Active(anon):    3613924 kB
Inactive(anon):   411884 kB
Active(file):     555308 kB
Inactive(file):   559420 kB
Unevictable:        6408 kB
Mlocked:            5968 kB
SwapTotal:       4718584 kB
SwapFree:        4368376 kB
Dirty:               160 kB
Writeback:             0 kB
AnonPages:       4011392 kB
Mapped:           603728 kB
Shmem:             15972 kB
KReclaimable:     503636 kB
Slab:             321876 kB
SReclaimable:      90968 kB
SUnreclaim:       230908 kB
KernelStack:       49504 kB
ShadowCallStack:   12400 kB
PageTables:        82300 kB
NFS_Unstable:          0 kB
Bounce:                0 kB
WritebackTmp:          0 kB
CommitLimit:     8677876 kB
Committed_AS:   79741404 kB
VmallocTotal:   263061440 kB
VmallocUsed:      132704 kB
VmallocChunk:          0 kB
Percpu:             2448 kB
CmaTotal:         405504 kB
CmaFree:               0 kB
MemTotal:        7918588 kB
MemFree:          216580 kB
MemAvailable:    1442368 kB
Buffers:            4516 kB
Cached:          1130932 kB
SwapCached:           92 kB
Active:          4209228 kB
Inactive:         963444 kB
Active(anon):    3653920 kB
Inactive(anon):   404024 kB
Active(file):     555308 kB
Inactive(file):   559420 kB
Unevictable:        6408 kB
Mlocked:            5968 kB
SwapTotal:       4718584 kB
SwapFree:        4364792 kB
Dirty:               180 kB
Writeback:             0 kB
AnonPages:       4043544 kB
Mapped:           603956 kB
Shmem:             15884 kB
KReclaimable:     501284 kB
Slab:             321084 kB
SReclaimable:      90120 kB
SUnreclaim:       230964 kB
KernelStack:       49488 kB
ShadowCallStack:   12396 kB
PageTables:        82572 kB
NFS_Unstable:          0 kB
Bounce:                0 kB
WritebackTmp:          0 kB
CommitLimit:     8677876 kB
Committed_AS:   79823340 kB
VmallocTotal:   263061440 kB
VmallocUsed:      132704 kB
VmallocChunk:          0 kB
Percpu:             2448 kB
CmaTotal:         405504 kB
CmaFree:              96 kB
MemTotal:        7918588 kB
MemFree:          215332 kB
MemAvailable:    1440944 kB
Buffers:            4516 kB
Cached:          1130932 kB
SwapCached:           92 kB
Active:          4210748 kB
Inactive:         963448 kB
Active(anon):    3655440 kB
Inactive(anon):   404028 kB
Active(file):     555308 kB
Inactive(file):   559420 kB
Unevictable:        6408 kB
Mlocked:            5968 kB
SwapTotal:       4718584 kB
SwapFree:        4364792 kB
Dirty:               180 kB
Writeback:             0 kB
AnonPages:       4045116 kB
Mapped:           604064 kB
Shmem:             15884 kB
KReclaimable:     501108 kB
Slab:             321064 kB
SReclaimable:      90120 kB
SUnreclaim:       230944 kB
KernelStack:       49504 kB
ShadowCallStack:   12400 kB
PageTables:        82468 kB
NFS_Unstable:          0 kB
Bounce:                0 kB
WritebackTmp:          0 kB
CommitLimit:     8677876 kB
Committed_AS:   79823340 kB
VmallocTotal:   263061440 kB
VmallocUsed:      132692 kB
VmallocChunk:          0 kB
Percpu:             2448 kB
CmaTotal:         405504 kB
CmaFree:             176 kB
MemTotal:        7918588 kB
MemFree:          217984 kB
MemAvailable:    1425584 kB
Buffers:            4516 kB
Cached:          1130544 kB
SwapCached:           92 kB
Active:          4304312 kB
Inactive:         872160 kB
Active(anon):    3749004 kB
Inactive(anon):   312732 kB
Active(file):     555308 kB
Inactive(file):   559428 kB
Unevictable:        6408 kB
Mlocked:            5968 kB
SwapTotal:       4718584 kB
SwapFree:        4314360 kB
Dirty:               204 kB
Writeback:             0 kB
AnonPages:       4047756 kB
Mapped:           603888 kB
Shmem:             15488 kB
KReclaimable:     483088 kB
Slab:             320660 kB
SReclaimable:      89536 kB
SUnreclaim:       231124 kB
KernelStack:       49504 kB
ShadowCallStack:   12400 kB
PageTables:        82724 kB
NFS_Unstable:          0 kB
Bounce:                0 kB
WritebackTmp:          0 kB
CommitLimit:     8677876 kB
Committed_AS:   79970796 kB
VmallocTotal:   263061440 kB
VmallocUsed:      132708 kB
VmallocChunk:          0 kB
Percpu:             2448 kB
CmaTotal:         405504 kB
CmaFree:              84 kB
MemTotal:        7918588 kB
MemFree:          211608 kB
MemAvailable:    1416396 kB
Buffers:            4540 kB
Cached:          1130484 kB
SwapCached:           92 kB
Active:          4325948 kB
Inactive:         857612 kB
Active(anon):    3770616 kB
Inactive(anon):   298180 kB
Active(file):     555332 kB
Inactive(file):   559432 kB
Unevictable:        6408 kB
Mlocked:            5968 kB
SwapTotal:       4718584 kB
SwapFree:        4303352 kB
Dirty:               204 kB
Writeback:            20 kB
AnonPages:       4054964 kB
Mapped:           604220 kB
Shmem:             15424 kB
KReclaimable:     480248 kB
Slab:             320752 kB
SReclaimable:      89584 kB
SUnreclaim:       231168 kB
KernelStack:       49536 kB
ShadowCallStack:   12420 kB
PageTables:        82832 kB
NFS_Unstable:          0 kB
Bounce:                0 kB
WritebackTmp:          0 kB
CommitLimit:     8677876 kB
Committed_AS:   79987288 kB
VmallocTotal:   263061440 kB
VmallocUsed:      132716 kB
VmallocChunk:          0 kB
Percpu:             2448 kB
CmaTotal:         405504 kB
CmaFree:               4 kB
MemTotal:        7918588 kB
MemFree:          206228 kB
MemAvailable:    1409112 kB
Buffers:            4540 kB
Cached:          1130444 kB
SwapCached:           96 kB
Active:          4341928 kB
Inactive:         846232 kB
Active(anon):    3786596 kB
Inactive(anon):   286780 kB
Active(file):     555332 kB
Inactive(file):   559452 kB
Unevictable:        6408 kB
Mlocked:            5968 kB
SwapTotal:       4718584 kB
SwapFree:        4295416 kB
Dirty:               108 kB
Writeback:             4 kB
AnonPages:       4059560 kB
