MemTotal:        7918588 kB
MemFree:         3381732 kB
MemAvailable:    4782400 kB
Buffers:            3652 kB
Cached:          1359452 kB
SwapCached:        10536 kB
Active:          1277904 kB
Inactive:         684436 kB
Active(anon):     587676 kB
Inactive(anon):    31264 kB
Active(file):     690228 kB
Inactive(file):   653172 kB
Unevictable:        6388 kB
Mlocked:            5948 kB
SwapTotal:       4718584 kB
SwapFree:        3658488 kB
Dirty:            157428 kB
Writeback:             0 kB
AnonPages:        601412 kB
Mapped:           457420 kB
Shmem:             15040 kB
KReclaimable:     496644 kB
Slab:             316224 kB
SReclaimable:      86600 kB
SUnreclaim:       229624 kB
KernelStack:       49360 kB
ShadowCallStack:   12372 kB
PageTables:        64948 kB
NFS_Unstable:          0 kB
Bounce:                0 kB
WritebackTmp:          0 kB
CommitLimit:     8677876 kB
Committed_AS:   66306556 kB
VmallocTotal:   263061440 kB
VmallocUsed:      132456 kB
VmallocChunk:          0 kB
Percpu:             2448 kB
CmaTotal:         405504 kB
CmaFree:          306556 kB
MemTotal:        7918588 kB
MemFree:         3333600 kB
MemAvailable:    4743268 kB
Buffers:            3680 kB
Cached:          1374684 kB
SwapCached:        10684 kB
Active:          1323912 kB
Inactive:         685204 kB
Active(anon):     619636 kB
Inactive(anon):    31264 kB
Active(file):     704276 kB
Inactive(file):   653940 kB
Unevictable:        6388 kB
Mlocked:            5948 kB
SwapTotal:       4718584 kB
SwapFree:        3659512 kB
Dirty:            157460 kB
Writeback:             0 kB
AnonPages:        632812 kB
Mapped:           506008 kB
Shmem:             15484 kB
KReclaimable:     490828 kB
Slab:             316244 kB
SReclaimable:      86648 kB
SUnreclaim:       229596 kB
KernelStack:       49760 kB
ShadowCallStack:   12472 kB
PageTables:        65452 kB
NFS_Unstable:          0 kB
Bounce:                0 kB
WritebackTmp:          0 kB
CommitLimit:     8677876 kB
Committed_AS:   66368660 kB
VmallocTotal:   263061440 kB
VmallocUsed:      133036 kB
VmallocChunk:          0 kB
Percpu:             2448 kB
CmaTotal:         405504 kB
CmaFree:          306556 kB
MemTotal:        7918588 kB
MemFree:         3284752 kB
MemAvailable:    4718836 kB
Buffers:            3720 kB
Cached:          1378896 kB
SwapCached:        10740 kB
Active:          1355260 kB
Inactive:         685280 kB
Active(anon):     647180 kB
Inactive(anon):    31264 kB
Active(file):     708080 kB
Inactive(file):   654016 kB
Unevictable:        6388 kB
Mlocked:            5948 kB
SwapTotal:       4718584 kB
SwapFree:        3660792 kB
Dirty:            157496 kB
Writeback:             0 kB
AnonPages:        660096 kB
Mapped:           520888 kB
Shmem:             15860 kB
KReclaimable:     511364 kB
Slab:             316412 kB
SReclaimable:      86680 kB
SUnreclaim:       229732 kB
KernelStack:       49936 kB
ShadowCallStack:   12540 kB
PageTables:        65836 kB
NFS_Unstable:          0 kB
Bounce:                0 kB
WritebackTmp:          0 kB
CommitLimit:     8677876 kB
Committed_AS:   66410964 kB
VmallocTotal:   263061440 kB
VmallocUsed:      133256 kB
VmallocChunk:          0 kB
Percpu:             2448 kB
CmaTotal:         405504 kB
CmaFree:          306556 kB
MemTotal:        7918588 kB
MemFree:         3282224 kB
MemAvailable:    4716568 kB
Buffers:            3736 kB
Cached:          1379044 kB
SwapCached:        10740 kB
Active:          1357456 kB
Inactive:         685312 kB
Active(anon):     649252 kB
Inactive(anon):    31264 kB
Active(file):     708204 kB
Inactive(file):   654048 kB
Unevictable:        6388 kB
Mlocked:            5948 kB
SwapTotal:       4718584 kB
SwapFree:        3661048 kB
Dirty:            157520 kB
Writeback:             8 kB
AnonPages:        661956 kB
Mapped:           521500 kB
Shmem:             15864 kB
KReclaimable:     511468 kB
Slab:             316348 kB
SReclaimable:      86700 kB
SUnreclaim:       229648 kB
KernelStack:       49952 kB
ShadowCallStack:   12508 kB
PageTables:        65652 kB
NFS_Unstable:          0 kB
Bounce:                0 kB
WritebackTmp:          0 kB
CommitLimit:     8677876 kB
Committed_AS:   66410964 kB
VmallocTotal:   263061440 kB
VmallocUsed:      133256 kB
VmallocChunk:          0 kB
Percpu:             2448 kB
CmaTotal:         405504 kB
CmaFree:          306556 kB
MemTotal:        7918588 kB
MemFree:         3278012 kB
MemAvailable:    4711660 kB
Buffers:            3760 kB
Cached:          1379136 kB
SwapCached:        10740 kB
Active:          1363512 kB
Inactive:         685340 kB
Active(anon):     655288 kB
Inactive(anon):    31240 kB
Active(file):     708224 kB
Inactive(file):   654100 kB
Unevictable:        6388 kB
Mlocked:            5948 kB
SwapTotal:       4718584 kB
SwapFree:        3664632 kB
Dirty:            157560 kB
Writeback:             0 kB
AnonPages:        668028 kB
Mapped:           522740 kB
Shmem:             15908 kB
KReclaimable:     510700 kB
Slab:             316344 kB
SReclaimable:      86700 kB
SUnreclaim:       229644 kB
KernelStack:       49920 kB
ShadowCallStack:   12504 kB
PageTables:        65856 kB
NFS_Unstable:          0 kB
Bounce:                0 kB
WritebackTmp:          0 kB
CommitLimit:     8677876 kB
Committed_AS:   66410860 kB
VmallocTotal:   263061440 kB
VmallocUsed:      133220 kB
VmallocChunk:          0 kB
Percpu:             2448 kB
CmaTotal:         405504 kB
CmaFree:          306556 kB
MemTotal:        7918588 kB
MemFree:         3281256 kB
MemAvailable:    4714880 kB
Buffers:            3760 kB
Cached:          1379160 kB
SwapCached:        10740 kB
Active:          1362584 kB
Inactive:         685348 kB
Active(anon):     654360 kB
Inactive(anon):    31240 kB
Active(file):     708224 kB
Inactive(file):   654108 kB
Unevictable:        6388 kB
Mlocked:            5948 kB
SwapTotal:       4718584 kB
SwapFree:        3664632 kB
Dirty:            156512 kB
Writeback:             0 kB
AnonPages:        667148 kB
Mapped:           522444 kB
Shmem:             15924 kB
KReclaimable:     510668 kB
Slab:             316404 kB
SReclaimable:      86716 kB
SUnreclaim:       229688 kB
KernelStack:       49920 kB
ShadowCallStack:   12504 kB
PageTables:        65940 kB
NFS_Unstable:          0 kB
Bounce:                0 kB
WritebackTmp:          0 kB
CommitLimit:     8677876 kB
Committed_AS:   66410868 kB
VmallocTotal:   263061440 kB
VmallocUsed:      133220 kB
VmallocChunk:          0 kB
Percpu:             2448 kB
CmaTotal:         405504 kB
CmaFree:          307608 kB
MemTotal:        7918588 kB
MemFree:         3278908 kB
MemAvailable:    4712532 kB
Buffers:            3760 kB
Cached:          1379160 kB
SwapCached:        10740 kB
Active:          1364856 kB
Inactive:         685348 kB
Active(anon):     656632 kB
Inactive(anon):    31240 kB
Active(file):     708224 kB
Inactive(file):   654108 kB
Unevictable:        6388 kB
Mlocked:            5948 kB
SwapTotal:       4718584 kB
SwapFree:        3664632 kB
Dirty:            156476 kB
Writeback:             0 kB
AnonPages:        669260 kB
Mapped:           523552 kB
Shmem:             15924 kB
KReclaimable:     510668 kB
Slab:             316404 kB
SReclaimable:      86716 kB
SUnreclaim:       229688 kB
KernelStack:       49904 kB
ShadowCallStack:   12504 kB
PageTables:        65916 kB
NFS_Unstable:          0 kB
Bounce:                0 kB
WritebackTmp:          0 kB
CommitLimit:     8677876 kB
Committed_AS:   66410868 kB
VmallocTotal:   263061440 kB
VmallocUsed:      133208 kB
VmallocChunk:          0 kB
Percpu:             2448 kB
CmaTotal:         405504 kB
CmaFree:          307608 kB
MemTotal:        7918588 kB
MemFree:         3250428 kB
MemAvailable:    4684052 kB
Buffers:            3768 kB
Cached:          1379152 kB
SwapCached:        10740 kB
Active:          1394180 kB
Inactive:         685348 kB
Active(anon):     685956 kB
Inactive(anon):    31240 kB
Active(file):     708224 kB
Inactive(file):   654108 kB
Unevictable:        6388 kB
Mlocked:            5948 kB
SwapTotal:       4718584 kB
SwapFree:        3664632 kB
Dirty:            156492 kB
Writeback:             0 kB
AnonPages:        698708 kB
Mapped:           524204 kB
Shmem:             15924 kB
KReclaimable:     510668 kB
Slab:             316404 kB
SReclaimable:      86716 kB
SUnreclaim:       229688 kB
KernelStack:       49920 kB
ShadowCallStack:   12512 kB
PageTables:        65952 kB
NFS_Unstable:          0 kB
Bounce:                0 kB
WritebackTmp:          0 kB
CommitLimit:     8677876 kB
Committed_AS:   66434168 kB
VmallocTotal:   263061440 kB
VmallocUsed:      133240 kB
VmallocChunk:          0 kB
Percpu:             2448 kB
CmaTotal:         405504 kB
CmaFree:          307604 kB
MemTotal:        7918588 kB
MemFree:         3051912 kB
MemAvailable:    4418904 kB
Buffers:            3772 kB
Cached:          1379608 kB
SwapCached:        10744 kB
Active:          1591300 kB
Inactive:         685364 kB
Active(anon):     882632 kB
Inactive(anon):    31240 kB
Active(file):     708668 kB
Inactive(file):   654124 kB
Unevictable:        6388 kB
Mlocked:            5948 kB
SwapTotal:       4718584 kB
SwapFree:        3664632 kB
Dirty:            156508 kB
Writeback:             0 kB
AnonPages:        895380 kB
Mapped:           607616 kB
Shmem:             15924 kB
KReclaimable:     443576 kB
Slab:             316696 kB
SReclaimable:      86732 kB
SUnreclaim:       229964 kB
KernelStack:       49984 kB
ShadowCallStack:   12520 kB
PageTables:        66676 kB
NFS_Unstable:          0 kB
Bounce:                0 kB
WritebackTmp:          0 kB
CommitLimit:     8677876 kB
Committed_AS:   66793224 kB
VmallocTotal:   263061440 kB
VmallocUsed:      133232 kB
VmallocChunk:          0 kB
Percpu:             2448 kB
CmaTotal:         405504 kB
CmaFree:          307608 kB
MemTotal:        7918588 kB
MemFree:         3032876 kB
MemAvailable:    4376756 kB
Buffers:            3792 kB
Cached:          1387400 kB
SwapCached:        10752 kB
Active:          1609328 kB
Inactive:         685392 kB
Active(anon):     892976 kB
Inactive(anon):    31240 kB
Active(file):     716352 kB
Inactive(file):   654152 kB
Unevictable:        6388 kB
Mlocked:            5948 kB
SwapTotal:       4718584 kB
SwapFree:        3664632 kB
Dirty:            156532 kB
Writeback:            16 kB
AnonPages:        905680 kB
Mapped:           617480 kB
Shmem:             15924 kB
KReclaimable:     412752 kB
Slab:             316812 kB
SReclaimable:      86764 kB
SUnreclaim:       230048 kB
KernelStack:       50032 kB
ShadowCallStack:   12544 kB
PageTables:        66764 kB
NFS_Unstable:          0 kB
Bounce:                0 kB
WritebackTmp:          0 kB
CommitLimit:     8677876 kB
Committed_AS:   66804980 kB
VmallocTotal:   263061440 kB
VmallocUsed:      133348 kB
VmallocChunk:          0 kB
Percpu:             2448 kB
CmaTotal:         405504 kB
CmaFree:          307608 kB
MemTotal:        7918588 kB
MemFree:         2960348 kB
MemAvailable:    4295524 kB
Buffers:            3800 kB
Cached:          1398188 kB
SwapCached:        10764 kB
Active:          1682284 kB
Inactive:         685496 kB
Active(anon):     955140 kB
Inactive(anon):    31240 kB
Active(file):     727144 kB
Inactive(file):   654256 kB
Unevictable:        6388 kB
Mlocked:            5948 kB
SwapTotal:       4718584 kB
SwapFree:        3664632 kB
Dirty:             17732 kB
Writeback:            84 kB
AnonPages:        967868 kB
Mapped:           645364 kB
Shmem:             15924 kB
KReclaimable:     393152 kB
Slab:             316864 kB
SReclaimable:      86768 kB
SUnreclaim:       230096 kB
KernelStack:       49984 kB
ShadowCallStack:   12516 kB
PageTables:        67008 kB
NFS_Unstable:          0 kB
Bounce:                0 kB
WritebackTmp:          0 kB
CommitLimit:     8677876 kB
Committed_AS:   66966420 kB
VmallocTotal:   263061440 kB
VmallocUsed:      133336 kB
VmallocChunk:          0 kB
Percpu:             2448 kB
CmaTotal:         405504 kB
CmaFree:          307608 kB
MemTotal:        7918588 kB
MemFree:         2854440 kB
MemAvailable:    4188620 kB
Buffers:            3800 kB
Cached:          1398200 kB
SwapCached:        10764 kB
Active:          1787088 kB
Inactive:         685508 kB
Active(anon):    1059944 kB
Inactive(anon):    31240 kB
Active(file):     727144 kB
Inactive(file):   654268 kB
Unevictable:        6388 kB
Mlocked:            5948 kB
SwapTotal:       4718584 kB
SwapFree:        3665144 kB
Dirty:             17644 kB
Writeback:             0 kB
AnonPages:       1072620 kB
Mapped:           646680 kB
Shmem:             15924 kB
KReclaimable:     392144 kB
Slab:             316864 kB
SReclaimable:      86768 kB
SUnreclaim:       230096 kB
KernelStack:       49984 kB
ShadowCallStack:   12544 kB
PageTables:        67592 kB
NFS_Unstable:          0 kB
Bounce:                0 kB
WritebackTmp:          0 kB
CommitLimit:     8677876 kB
Committed_AS:   67261328 kB
VmallocTotal:   263061440 kB
VmallocUsed:      133320 kB
VmallocChunk:          0 kB
Percpu:             2448 kB
CmaTotal:         405504 kB
CmaFree:          307608 kB
MemTotal:        7918588 kB
MemFree:         2764008 kB
MemAvailable:    4088364 kB
Buffers:            3800 kB
Cached:          1398192 kB
SwapCached:        10764 kB
Active:          1877824 kB
Inactive:         685496 kB
Active(anon):    1150680 kB
Inactive(anon):    31240 kB
Active(file):     727144 kB
Inactive(file):   654256 kB
Unevictable:        6388 kB
Mlocked:            5948 kB
SwapTotal:       4718584 kB
SwapFree:        3665144 kB
Dirty:             17616 kB
Writeback:             0 kB
AnonPages:       1163468 kB
Mapped:           647632 kB
Shmem:             15928 kB
KReclaimable:     382332 kB
Slab:             316896 kB
SReclaimable:      86768 kB
SUnreclaim:       230128 kB
KernelStack:       49984 kB
ShadowCallStack:   12516 kB
PageTables:        68144 kB
NFS_Unstable:          0 kB
Bounce:                0 kB
WritebackTmp:          0 kB
CommitLimit:     8677876 kB
Committed_AS:   67474280 kB
VmallocTotal:   263061440 kB
VmallocUsed:      133264 kB
VmallocChunk:          0 kB
Percpu:             2448 kB
CmaTotal:         405504 kB
CmaFree:          307608 kB
MemTotal:        7918588 kB
MemFree:         2672468 kB
MemAvailable:    3995752 kB
Buffers:            3800 kB
Cached:          1398196 kB
SwapCached:        10764 kB
Active:          1975088 kB
Inactive:         678312 kB
Active(anon):    1247944 kB
Inactive(anon):    24056 kB
Active(file):     727144 kB
Inactive(file):   654256 kB
Unevictable:        6388 kB
Mlocked:            5948 kB
SwapTotal:       4718584 kB
SwapFree:        3665400 kB
Dirty:             17616 kB
Writeback:             0 kB
AnonPages:       1253340 kB
Mapped:           648276 kB
Shmem:             15932 kB
KReclaimable:     381260 kB
Slab:             316896 kB
SReclaimable:      86768 kB
SUnreclaim:       230128 kB
KernelStack:       50000 kB
ShadowCallStack:   12528 kB
PageTables:        68664 kB
NFS_Unstable:          0 kB
Bounce:                0 kB
WritebackTmp:          0 kB
CommitLimit:     8677876 kB
Committed_AS:   67720080 kB
VmallocTotal:   263061440 kB
VmallocUsed:      133304 kB
VmallocChunk:          0 kB
Percpu:             2448 kB
CmaTotal:         405504 kB
CmaFree:          307608 kB
MemTotal:        7918588 kB
MemFree:         2590064 kB
MemAvailable:    3912368 kB
Buffers:            3828 kB
Cached:          1398232 kB
SwapCached:        10764 kB
Active:          2057636 kB
Inactive:         678364 kB
Active(anon):    1330492 kB
Inactive(anon):    24056 kB
Active(file):     727144 kB
Inactive(file):   654308 kB
Unevictable:        6388 kB
Mlocked:            5948 kB
SwapTotal:       4718584 kB
SwapFree:        3665656 kB
Dirty:             17636 kB
Writeback:             0 kB
AnonPages:       1336012 kB
Mapped:           648892 kB
Shmem:             15944 kB
KReclaimable:     380228 kB
Slab:             316832 kB
SReclaimable:      86768 kB
SUnreclaim:       230064 kB
KernelStack:       49968 kB
ShadowCallStack:   12516 kB
PageTables:        69004 kB
NFS_Unstable:          0 kB
Bounce:                0 kB
WritebackTmp:          0 kB
CommitLimit:     8677876 kB
Committed_AS:   67932996 kB
VmallocTotal:   263061440 kB
VmallocUsed:      133272 kB
VmallocChunk:          0 kB
Percpu:             2448 kB
CmaTotal:         405504 kB
CmaFree:          307608 kB
MemTotal:        7918588 kB
MemFree:         2493516 kB
MemAvailable:    3814312 kB
Buffers:            3836 kB
Cached:          1398236 kB
SwapCached:        10764 kB
Active:          2153964 kB
Inactive:         678376 kB
Active(anon):    1426820 kB
Inactive(anon):    24056 kB
Active(file):     727144 kB
Inactive(file):   654320 kB
Unevictable:        6388 kB
Mlocked:            5948 kB
SwapTotal:       4718584 kB
SwapFree:        3665656 kB
Dirty:             17672 kB
Writeback:             0 kB
AnonPages:       1432248 kB
Mapped:           649684 kB
Shmem:             15944 kB
KReclaimable:     378708 kB
Slab:             316860 kB
SReclaimable:      86768 kB
SUnreclaim:       230092 kB
KernelStack:       49952 kB
ShadowCallStack:   12488 kB
PageTables:        69324 kB
NFS_Unstable:          0 kB
Bounce:                0 kB
WritebackTmp:          0 kB
CommitLimit:     8677876 kB
Committed_AS:   68178704 kB
VmallocTotal:   263061440 kB
VmallocUsed:      133292 kB
VmallocChunk:          0 kB
Percpu:             2448 kB
CmaTotal:         405504 kB
CmaFree:          307608 kB
MemTotal:        7918588 kB
MemFree:         2396708 kB
MemAvailable:    3716664 kB
Buffers:            3836 kB
Cached:          1398236 kB
SwapCached:        10764 kB
Active:          2250520 kB
Inactive:         678368 kB
Active(anon):    1523376 kB
Inactive(anon):    24048 kB
Active(file):     727144 kB
Inactive(file):   654320 kB
Unevictable:        6388 kB
Mlocked:            5948 kB
SwapTotal:       4718584 kB
SwapFree:        3665656 kB
Dirty:             17672 kB
Writeback:             0 kB
AnonPages:       1528864 kB
Mapped:           650740 kB
Shmem:             15944 kB
KReclaimable:     377868 kB
Slab:             316876 kB
SReclaimable:      86768 kB
SUnreclaim:       230108 kB
KernelStack:       49952 kB
ShadowCallStack:   12516 kB
PageTables:        69860 kB
NFS_Unstable:          0 kB
Bounce:                0 kB
WritebackTmp:          0 kB
CommitLimit:     8677876 kB
Committed_AS:   68408080 kB
VmallocTotal:   263061440 kB
VmallocUsed:      133260 kB
VmallocChunk:          0 kB
Percpu:             2448 kB
CmaTotal:         405504 kB
CmaFree:          307608 kB
MemTotal:        7918588 kB
MemFree:         2313816 kB
MemAvailable:    3632916 kB
Buffers:            3844 kB
Cached:          1398356 kB
SwapCached:        10764 kB
Active:          2332796 kB
Inactive:         678376 kB
Active(anon):    1605532 kB
Inactive(anon):    24048 kB
Active(file):     727264 kB
Inactive(file):   654328 kB
Unevictable:        6388 kB
Mlocked:            5948 kB
SwapTotal:       4718584 kB
SwapFree:        3665656 kB
Dirty:             17736 kB
Writeback:             0 kB
AnonPages:       1611072 kB
Mapped:           651260 kB
Shmem:             15944 kB
KReclaimable:     376884 kB
Slab:             316912 kB
SReclaimable:      86768 kB
SUnreclaim:       230144 kB
KernelStack:       49952 kB
ShadowCallStack:   12512 kB
PageTables:        70344 kB
NFS_Unstable:          0 kB
Bounce:                0 kB
WritebackTmp:          0 kB
CommitLimit:     8677876 kB
Committed_AS:   68621072 kB
VmallocTotal:   263061440 kB
VmallocUsed:      133280 kB
VmallocChunk:          0 kB
Percpu:             2448 kB
CmaTotal:         405504 kB
CmaFree:          307608 kB
MemTotal:        7918588 kB
MemFree:         2214740 kB
MemAvailable:    3532576 kB
Buffers:            3844 kB
Cached:          1398356 kB
SwapCached:        10764 kB
Active:          2431552 kB
Inactive:         678376 kB
Active(anon):    1704288 kB
Inactive(anon):    24048 kB
Active(file):     727264 kB
Inactive(file):   654328 kB
Unevictable:        6388 kB
Mlocked:            5948 kB
SwapTotal:       4718584 kB
SwapFree:        3665656 kB
Dirty:             17736 kB
Writeback:             0 kB
AnonPages:       1709672 kB
Mapped:           652104 kB
Shmem:             15944 kB
KReclaimable:     375620 kB
Slab:             316952 kB
SReclaimable:      86768 kB
SUnreclaim:       230184 kB
KernelStack:       49936 kB
ShadowCallStack:   12504 kB
PageTables:        70852 kB
NFS_Unstable:          0 kB
Bounce:                0 kB
WritebackTmp:          0 kB
CommitLimit:     8677876 kB
Committed_AS:   68850448 kB
VmallocTotal:   263061440 kB
VmallocUsed:      133276 kB
VmallocChunk:          0 kB
Percpu:             2448 kB
CmaTotal:         405504 kB
CmaFree:          307608 kB
MemTotal:        7918588 kB
MemFree:         2131076 kB
MemAvailable:    3448192 kB
Buffers:            3844 kB
Cached:          1398356 kB
SwapCached:        10764 kB
Active:          2515528 kB
Inactive:         678376 kB
Active(anon):    1788264 kB
Inactive(anon):    24048 kB
Active(file):     727264 kB
Inactive(file):   654328 kB
Unevictable:        6388 kB
Mlocked:            5948 kB
SwapTotal:       4718584 kB
SwapFree:        3665656 kB
Dirty:             17736 kB
Writeback:             0 kB
AnonPages:       1793788 kB
Mapped:           652516 kB
Shmem:             15944 kB
KReclaimable:     374900 kB
Slab:             316984 kB
SReclaimable:      86784 kB
SUnreclaim:       230200 kB
KernelStack:       49968 kB
ShadowCallStack:   12516 kB
PageTables:        71196 kB
NFS_Unstable:          0 kB
Bounce:                0 kB
WritebackTmp:          0 kB
CommitLimit:     8677876 kB
Committed_AS:   69030676 kB
VmallocTotal:   263061440 kB
VmallocUsed:      133272 kB
VmallocChunk:          0 kB
Percpu:             2448 kB
CmaTotal:         405504 kB
CmaFree:          307608 kB
MemTotal:        7918588 kB
MemFree:         2028884 kB
MemAvailable:    3345312 kB
Buffers:            3972 kB
Cached:          1398924 kB
SwapCached:        10764 kB
Active:          2617492 kB
Inactive:         677908 kB
Active(anon):    1889656 kB
Inactive(anon):    23464 kB
Active(file):     727836 kB
Inactive(file):   654444 kB
Unevictable:        6388 kB
Mlocked:            5948 kB
SwapTotal:       4718584 kB
SwapFree:        3668216 kB
Dirty:             17740 kB
Writeback:             0 kB
AnonPages:       1894708 kB
Mapped:           653448 kB
Shmem:             15956 kB
KReclaimable:     373524 kB
Slab:             317104 kB
SReclaimable:      86784 kB
SUnreclaim:       230320 kB
KernelStack:       49936 kB
ShadowCallStack:   12532 kB
PageTables:        71664 kB
NFS_Unstable:          0 kB
Bounce:                0 kB
WritebackTmp:          0 kB
CommitLimit:     8677876 kB
Committed_AS:   69260052 kB
VmallocTotal:   263061440 kB
VmallocUsed:      133264 kB
VmallocChunk:          0 kB
Percpu:             2448 kB
CmaTotal:         405504 kB
CmaFree:          307608 kB
MemTotal:        7918588 kB
MemFree:         1966116 kB
MemAvailable:    3281900 kB
Buffers:            3972 kB
Cached:          1398964 kB
SwapCached:        10764 kB
Active:          2679156 kB
Inactive:         677936 kB
Active(anon):    1951320 kB
Inactive(anon):    23464 kB
Active(file):     727836 kB
Inactive(file):   654472 kB
Unevictable:        6388 kB
Mlocked:            5948 kB
SwapTotal:       4718584 kB
SwapFree:        3668216 kB
Dirty:             17744 kB
Writeback:             0 kB
AnonPages:       1956196 kB
Mapped:           654044 kB
Shmem:             15964 kB
KReclaimable:     372852 kB
Slab:             317072 kB
SReclaimable:      86784 kB
SUnreclaim:       230288 kB
KernelStack:       49984 kB
ShadowCallStack:   12524 kB
PageTables:        71892 kB
NFS_Unstable:          0 kB
Bounce:                0 kB
WritebackTmp:          0 kB
CommitLimit:     8677876 kB
Committed_AS:   69407508 kB
VmallocTotal:   263061440 kB
VmallocUsed:      133280 kB
VmallocChunk:          0 kB
Percpu:             2448 kB
CmaTotal:         405504 kB
CmaFree:          307608 kB
MemTotal:        7918588 kB
MemFree:         1877520 kB
MemAvailable:    3192312 kB
Buffers:            3972 kB
Cached:          1398964 kB
SwapCached:        10764 kB
Active:          2767124 kB
Inactive:         677936 kB
Active(anon):    2039288 kB
Inactive(anon):    23464 kB
Active(file):     727836 kB
Inactive(file):   654472 kB
Unevictable:        6388 kB
Mlocked:            5948 kB
SwapTotal:       4718584 kB
SwapFree:        3668216 kB
Dirty:             17680 kB
Writeback:             0 kB
AnonPages:       2044176 kB
Mapped:           654764 kB
Shmem:             15964 kB
KReclaimable:     371860 kB
Slab:             317108 kB
SReclaimable:      86784 kB
SUnreclaim:       230324 kB
KernelStack:       49920 kB
ShadowCallStack:   12524 kB
PageTables:        72272 kB
NFS_Unstable:          0 kB
Bounce:                0 kB
WritebackTmp:          0 kB
CommitLimit:     8677876 kB
Committed_AS:   69604196 kB
VmallocTotal:   263061440 kB
VmallocUsed:      133260 kB
VmallocChunk:          0 kB
Percpu:             2448 kB
CmaTotal:         405504 kB
CmaFree:          307608 kB
MemTotal:        7918588 kB
MemFree:         1817420 kB
MemAvailable:    3131532 kB
Buffers:            3972 kB
Cached:          1399196 kB
SwapCached:        10764 kB
Active:          2828128 kB
Inactive:         677848 kB
Active(anon):    2100136 kB
Inactive(anon):    23372 kB
Active(file):     727992 kB
Inactive(file):   654476 kB
Unevictable:        6388 kB
Mlocked:            5948 kB
SwapTotal:       4718584 kB
SwapFree:        3668984 kB
Dirty:             17680 kB
Writeback:             0 kB
AnonPages:       2104848 kB
Mapped:           654228 kB
Shmem:             16036 kB
KReclaimable:     371020 kB
Slab:             317148 kB
SReclaimable:      86784 kB
SUnreclaim:       230364 kB
KernelStack:       49920 kB
ShadowCallStack:   12504 kB
PageTables:        72572 kB
NFS_Unstable:          0 kB
Bounce:                0 kB
WritebackTmp:          0 kB
CommitLimit:     8677876 kB
Committed_AS:   69735212 kB
VmallocTotal:   263061440 kB
VmallocUsed:      133240 kB
VmallocChunk:          0 kB
Percpu:             2448 kB
CmaTotal:         405504 kB
CmaFree:          307608 kB
MemTotal:        7918588 kB
MemFree:         1760876 kB
MemAvailable:    3074180 kB
Buffers:            3972 kB
Cached:          1399196 kB
SwapCached:        10764 kB
Active:          2884128 kB
Inactive:         677848 kB
Active(anon):    2156136 kB
Inactive(anon):    23372 kB
Active(file):     727992 kB
Inactive(file):   654476 kB
Unevictable:        6388 kB
Mlocked:            5948 kB
SwapTotal:       4718584 kB
SwapFree:        3668984 kB
Dirty:             17680 kB
Writeback:             0 kB
AnonPages:       2160936 kB
Mapped:           654796 kB
Shmem:             16036 kB
KReclaimable:     370212 kB
Slab:             317168 kB
SReclaimable:      86784 kB
SUnreclaim:       230384 kB
KernelStack:       49920 kB
ShadowCallStack:   12512 kB
PageTables:        72856 kB
NFS_Unstable:          0 kB
Bounce:                0 kB
WritebackTmp:          0 kB
CommitLimit:     8677876 kB
Committed_AS:   69866284 kB
VmallocTotal:   263061440 kB
VmallocUsed:      133240 kB
VmallocChunk:          0 kB
Percpu:             2448 kB
CmaTotal:         405504 kB
CmaFree:          307608 kB
MemTotal:        7918588 kB
MemFree:         1707744 kB
MemAvailable:    3020512 kB
Buffers:            3996 kB
Cached:          1399184 kB
SwapCached:        10764 kB
Active:          2936792 kB
Inactive:         677856 kB
Active(anon):    2208800 kB
Inactive(anon):    23372 kB
Active(file):     727992 kB
Inactive(file):   654484 kB
Unevictable:        6388 kB
Mlocked:            5948 kB
SwapTotal:       4718584 kB
SwapFree:        3668984 kB
Dirty:             17668 kB
Writeback:            20 kB
AnonPages:       2213520 kB
Mapped:           655180 kB
Shmem:             16040 kB
KReclaimable:     369668 kB
Slab:             317180 kB
SReclaimable:      86784 kB
SUnreclaim:       230396 kB
KernelStack:       49904 kB
ShadowCallStack:   12532 kB
PageTables:        72968 kB
NFS_Unstable:          0 kB
Bounce:                0 kB
WritebackTmp:          0 kB
CommitLimit:     8677876 kB
Committed_AS:   69997360 kB
VmallocTotal:   263061440 kB
VmallocUsed:      133224 kB
VmallocChunk:          0 kB
Percpu:             2448 kB
CmaTotal:         405504 kB
CmaFree:          307608 kB
MemTotal:        7918588 kB
MemFree:         1632732 kB
MemAvailable:    2944412 kB
Buffers:            3996 kB
Cached:          1399200 kB
SwapCached:        10764 kB
Active:          3012008 kB
Inactive:         677872 kB
Active(anon):    2284016 kB
Inactive(anon):    23372 kB
Active(file):     727992 kB
Inactive(file):   654500 kB
Unevictable:        6388 kB
Mlocked:            5948 kB
SwapTotal:       4718584 kB
SwapFree:        3668984 kB
Dirty:             17708 kB
Writeback:             0 kB
AnonPages:       2288732 kB
Mapped:           655740 kB
Shmem:             16040 kB
KReclaimable:     368564 kB
Slab:             317256 kB
SReclaimable:      86784 kB
SUnreclaim:       230472 kB
KernelStack:       49904 kB
ShadowCallStack:   12524 kB
PageTables:        73272 kB
NFS_Unstable:          0 kB
Bounce:                0 kB
WritebackTmp:          0 kB
CommitLimit:     8677876 kB
Committed_AS:   70161200 kB
VmallocTotal:   263061440 kB
VmallocUsed:      133224 kB
VmallocChunk:          0 kB
Percpu:             2448 kB
CmaTotal:         405504 kB
CmaFree:          307608 kB
MemTotal:        7918588 kB
MemFree:         1587748 kB
MemAvailable:    2898820 kB
Buffers:            3996 kB
Cached:          1399208 kB
SwapCached:        10764 kB
Active:          3055676 kB
Inactive:         677880 kB
Active(anon):    2327684 kB
Inactive(anon):    23372 kB
Active(file):     727992 kB
Inactive(file):   654508 kB
Unevictable:        6388 kB
Mlocked:            5948 kB
SwapTotal:       4718584 kB
SwapFree:        3669240 kB
Dirty:             17716 kB
Writeback:             0 kB
AnonPages:       2332460 kB
Mapped:           656208 kB
Shmem:             16040 kB
KReclaimable:     367948 kB
Slab:             317440 kB
SReclaimable:      86784 kB
SUnreclaim:       230656 kB
KernelStack:       49904 kB
ShadowCallStack:   12532 kB
PageTables:        73532 kB
NFS_Unstable:          0 kB
Bounce:                0 kB
WritebackTmp:          0 kB
CommitLimit:     8677876 kB
Committed_AS:   70259504 kB
VmallocTotal:   263061440 kB
VmallocUsed:      133224 kB
VmallocChunk:          0 kB
Percpu:             2448 kB
CmaTotal:         405504 kB
CmaFree:          264928 kB
MemTotal:        7918588 kB
MemFree:         1520424 kB
MemAvailable:    2830680 kB
Buffers:            3996 kB
Cached:          1399208 kB
SwapCached:        10764 kB
Active:          3122924 kB
Inactive:         677880 kB
Active(anon):    2394932 kB
Inactive(anon):    23372 kB
Active(file):     727992 kB
Inactive(file):   654508 kB
Unevictable:        6388 kB
Mlocked:            5948 kB
SwapTotal:       4718584 kB
SwapFree:        3669240 kB
Dirty:             17716 kB
Writeback:             0 kB
AnonPages:       2399472 kB
Mapped:           656772 kB
Shmem:             16040 kB
KReclaimable:     367132 kB
Slab:             317260 kB
SReclaimable:      86784 kB
SUnreclaim:       230476 kB
KernelStack:       49904 kB
ShadowCallStack:   12496 kB
PageTables:        73820 kB
NFS_Unstable:          0 kB
Bounce:                0 kB
WritebackTmp:          0 kB
CommitLimit:     8677876 kB
Committed_AS:   70407984 kB
VmallocTotal:   263061440 kB
VmallocUsed:      133236 kB
VmallocChunk:          0 kB
Percpu:             2448 kB
CmaTotal:         405504 kB
CmaFree:          197312 kB
MemTotal:        7918588 kB
MemFree:         1463948 kB
MemAvailable:    2773316 kB
Buffers:            3996 kB
Cached:          1399240 kB
SwapCached:        10764 kB
Active:          3179100 kB
Inactive:         677880 kB
Active(anon):    2451108 kB
Inactive(anon):    23372 kB
Active(file):     727992 kB
Inactive(file):   654508 kB
Unevictable:        6388 kB
Mlocked:            5948 kB
SwapTotal:       4718584 kB
SwapFree:        3669240 kB
Dirty:             17716 kB
Writeback:             0 kB
AnonPages:       2455856 kB
Mapped:           657344 kB
Shmem:             16072 kB
KReclaimable:     366244 kB
Slab:             317416 kB
SReclaimable:      86784 kB
SUnreclaim:       230632 kB
KernelStack:       49920 kB
ShadowCallStack:   12504 kB
PageTables:        74032 kB
NFS_Unstable:          0 kB
Bounce:                0 kB
WritebackTmp:          0 kB
CommitLimit:     8677876 kB
Committed_AS:   70522696 kB
VmallocTotal:   263061440 kB
VmallocUsed:      133220 kB
VmallocChunk:          0 kB
Percpu:             2448 kB
CmaTotal:         405504 kB
CmaFree:          141504 kB
MemTotal:        7918588 kB
MemFree:         1424092 kB
MemAvailable:    2733148 kB
Buffers:            4004 kB
Cached:          1399240 kB
SwapCached:        10764 kB
Active:          3218440 kB
Inactive:         677888 kB
Active(anon):    2490448 kB
Inactive(anon):    23372 kB
Active(file):     727992 kB
Inactive(file):   654516 kB
Unevictable:        6388 kB
Mlocked:            5948 kB
SwapTotal:       4718584 kB
SwapFree:        3669240 kB
Dirty:               444 kB
Writeback:          8580 kB
AnonPages:       2495080 kB
Mapped:           657772 kB
Shmem:             16072 kB
KReclaimable:     365924 kB
Slab:             317392 kB
SReclaimable:      86784 kB
SUnreclaim:       230608 kB
KernelStack:       49920 kB
ShadowCallStack:   12508 kB
PageTables:        74156 kB
NFS_Unstable:          0 kB
Bounce:                0 kB
WritebackTmp:          0 kB
CommitLimit:     8677876 kB
Committed_AS:   70634392 kB
VmallocTotal:   263061440 kB
VmallocUsed:      133224 kB
VmallocChunk:          0 kB
Percpu:             2448 kB
CmaTotal:         405504 kB
CmaFree:          101944 kB
MemTotal:        7918588 kB
MemFree:         1366628 kB
MemAvailable:    2674492 kB
Buffers:            4012 kB
Cached:          1399240 kB
SwapCached:        10764 kB
Active:          3275488 kB
Inactive:         677896 kB
Active(anon):    2547496 kB
Inactive(anon):    23372 kB
Active(file):     727992 kB
Inactive(file):   654524 kB
Unevictable:        6388 kB
Mlocked:            5948 kB
SwapTotal:       4718584 kB
SwapFree:        3669240 kB
Dirty:               568 kB
Writeback:             0 kB
AnonPages:       2552112 kB
Mapped:           658508 kB
Shmem:             16072 kB
KReclaimable:     364724 kB
Slab:             317524 kB
SReclaimable:      86784 kB
SUnreclaim:       230740 kB
KernelStack:       49872 kB
ShadowCallStack:   12496 kB
PageTables:        74588 kB
NFS_Unstable:          0 kB
Bounce:                0 kB
WritebackTmp:          0 kB
CommitLimit:     8677876 kB
Committed_AS:   70748924 kB
VmallocTotal:   263061440 kB
VmallocUsed:      133180 kB
VmallocChunk:          0 kB
Percpu:             2448 kB
CmaTotal:         405504 kB
CmaFree:           44920 kB
MemTotal:        7918588 kB
MemFree:         1306044 kB
MemAvailable:    2613284 kB
Buffers:            4012 kB
Cached:          1399244 kB
SwapCached:        10764 kB
Active:          3336276 kB
Inactive:         677896 kB
Active(anon):    2608284 kB
Inactive(anon):    23372 kB
Active(file):     727992 kB
Inactive(file):   654524 kB
Unevictable:        6388 kB
Mlocked:            5948 kB
SwapTotal:       4718584 kB
SwapFree:        3669240 kB
Dirty:               568 kB
Writeback:             0 kB
AnonPages:       2612892 kB
Mapped:           658856 kB
Shmem:             16076 kB
KReclaimable:     364100 kB
Slab:             317396 kB
SReclaimable:      86784 kB
SUnreclaim:       230612 kB
KernelStack:       49824 kB
ShadowCallStack:   12504 kB
PageTables:        74768 kB
NFS_Unstable:          0 kB
Bounce:                0 kB
WritebackTmp:          0 kB
CommitLimit:     8677876 kB
Committed_AS:   70896328 kB
VmallocTotal:   263061440 kB
VmallocUsed:      133160 kB
VmallocChunk:          0 kB
Percpu:             2448 kB
CmaTotal:         405504 kB
CmaFree:               0 kB
MemTotal:        7918588 kB
MemFree:         1258592 kB
MemAvailable:    2565320 kB
Buffers:            4012 kB
Cached:          1399248 kB
SwapCached:        10764 kB
Active:          3383008 kB
Inactive:         677896 kB
Active(anon):    2655016 kB
Inactive(anon):    23372 kB
Active(file):     727992 kB
Inactive(file):   654524 kB
Unevictable:        6388 kB
Mlocked:            5948 kB
SwapTotal:       4718584 kB
SwapFree:        3669496 kB
Dirty:               580 kB
Writeback:             0 kB
AnonPages:       2659908 kB
Mapped:           659324 kB
Shmem:             16080 kB
KReclaimable:     363588 kB
Slab:             317612 kB
SReclaimable:      86784 kB
SUnreclaim:       230828 kB
KernelStack:       49872 kB
ShadowCallStack:   12492 kB
PageTables:        75032 kB
NFS_Unstable:          0 kB
Bounce:                0 kB
WritebackTmp:          0 kB
CommitLimit:     8677876 kB
Committed_AS:   70994636 kB
VmallocTotal:   263061440 kB
VmallocUsed:      133156 kB
VmallocChunk:          0 kB
Percpu:             2448 kB
CmaTotal:         405504 kB
CmaFree:               0 kB
MemTotal:        7918588 kB
MemFree:         1190440 kB
MemAvailable:    2496220 kB
Buffers:            4012 kB
Cached:          1399460 kB
SwapCached:        10764 kB
Active:          3451848 kB
Inactive:         677896 kB
Active(anon):    2723644 kB
Inactive(anon):    23372 kB
Active(file):     728204 kB
Inactive(file):   654524 kB
Unevictable:        6388 kB
Mlocked:            5948 kB
SwapTotal:       4718584 kB
SwapFree:        3669496 kB
Dirty:               580 kB
Writeback:             0 kB
AnonPages:       2728456 kB
Mapped:           659988 kB
Shmem:             16080 kB
KReclaimable:     362428 kB
Slab:             317544 kB
SReclaimable:      86784 kB
SUnreclaim:       230760 kB
KernelStack:       49856 kB
ShadowCallStack:   12508 kB
PageTables:        75200 kB
NFS_Unstable:          0 kB
Bounce:                0 kB
WritebackTmp:          0 kB
CommitLimit:     8677876 kB
Committed_AS:   71142140 kB
VmallocTotal:   263061440 kB
VmallocUsed:      133176 kB
VmallocChunk:          0 kB
Percpu:             2448 kB
CmaTotal:         405504 kB
CmaFree:               0 kB
MemTotal:        7918588 kB
MemFree:         1154552 kB
MemAvailable:    2460228 kB
Buffers:            4040 kB
Cached:          1399592 kB
SwapCached:        10764 kB
Active:          3487500 kB
Inactive:         677932 kB
Active(anon):    2759172 kB
Inactive(anon):    23372 kB
Active(file):     728328 kB
Inactive(file):   654560 kB
Unevictable:        6388 kB
Mlocked:            5948 kB
SwapTotal:       4718584 kB
SwapFree:        3669496 kB
Dirty:               616 kB
Writeback:             0 kB
AnonPages:       2763784 kB
Mapped:           660372 kB
Shmem:             16080 kB
KReclaimable:     362164 kB
Slab:             317704 kB
SReclaimable:      86784 kB
SUnreclaim:       230920 kB
KernelStack:       49888 kB
ShadowCallStack:   12488 kB
PageTables:        75484 kB
NFS_Unstable:          0 kB
Bounce:                0 kB
WritebackTmp:          0 kB
CommitLimit:     8677876 kB
Committed_AS:   71224012 kB
VmallocTotal:   263061440 kB
VmallocUsed:      133156 kB
VmallocChunk:          0 kB
Percpu:             2448 kB
CmaTotal:         405504 kB
CmaFree:               0 kB
MemTotal:        7918588 kB
MemFree:         1090096 kB
MemAvailable:    2395116 kB
Buffers:            4040 kB
Cached:          1399600 kB
SwapCached:        10764 kB
Active:          3552144 kB
Inactive:         677940 kB
Active(anon):    2823816 kB
Inactive(anon):    23372 kB
Active(file):     728328 kB
Inactive(file):   654568 kB
Unevictable:        6388 kB
Mlocked:            5948 kB
SwapTotal:       4718584 kB
SwapFree:        3669496 kB
Dirty:               468 kB
Writeback:             0 kB
AnonPages:       2828612 kB
Mapped:           660936 kB
Shmem:             16080 kB
KReclaimable:     361500 kB
Slab:             317592 kB
SReclaimable:      86784 kB
SUnreclaim:       230808 kB
KernelStack:       49808 kB
ShadowCallStack:   12504 kB
PageTables:        75572 kB
NFS_Unstable:          0 kB
Bounce:                0 kB
WritebackTmp:          0 kB
CommitLimit:     8677876 kB
Committed_AS:   71371468 kB
VmallocTotal:   263061440 kB
VmallocUsed:      133104 kB
VmallocChunk:          0 kB
Percpu:             2448 kB
CmaTotal:         405504 kB
CmaFree:               0 kB
MemTotal:        7918588 kB
MemFree:         1043776 kB
MemAvailable:    2347868 kB
Buffers:            4048 kB
Cached:          1399624 kB
SwapCached:        10764 kB
Active:          3598360 kB
Inactive:         677956 kB
Active(anon):    2870032 kB
Inactive(anon):    23372 kB
Active(file):     728328 kB
Inactive(file):   654584 kB
Unevictable:        6388 kB
Mlocked:            5948 kB
SwapTotal:       4718584 kB
SwapFree:        3669496 kB
Dirty:               368 kB
Writeback:             0 kB
AnonPages:       2874676 kB
Mapped:           661596 kB
Shmem:             16096 kB
KReclaimable:     360556 kB
Slab:             317708 kB
SReclaimable:      86784 kB
SUnreclaim:       230924 kB
KernelStack:       49808 kB
ShadowCallStack:   12480 kB
PageTables:        75960 kB
NFS_Unstable:          0 kB
Bounce:                0 kB
WritebackTmp:          0 kB
CommitLimit:     8677876 kB
Committed_AS:   71469668 kB
VmallocTotal:   263061440 kB
VmallocUsed:      133080 kB
VmallocChunk:          0 kB
Percpu:             2448 kB
CmaTotal:         405504 kB
CmaFree:               0 kB
MemTotal:        7918588 kB
MemFree:          986472 kB
MemAvailable:    2290092 kB
Buffers:            4048 kB
Cached:          1399624 kB
SwapCached:        10764 kB
Active:          3654524 kB
Inactive:         677956 kB
Active(anon):    2926196 kB
Inactive(anon):    23372 kB
Active(file):     728328 kB
Inactive(file):   654584 kB
Unevictable:        6388 kB
Mlocked:            5948 kB
SwapTotal:       4718584 kB
SwapFree:        3669496 kB
Dirty:               368 kB
Writeback:             0 kB
AnonPages:       2930824 kB
Mapped:           661952 kB
Shmem:             16096 kB
KReclaimable:     360084 kB
Slab:             317760 kB
SReclaimable:      86784 kB
SUnreclaim:       230976 kB
KernelStack:       49792 kB
ShadowCallStack:   12472 kB
PageTables:        76272 kB
NFS_Unstable:          0 kB
Bounce:                0 kB
WritebackTmp:          0 kB
CommitLimit:     8677876 kB
Committed_AS:   71600688 kB
VmallocTotal:   263061440 kB
VmallocUsed:      133056 kB
VmallocChunk:          0 kB
Percpu:             2448 kB
CmaTotal:         405504 kB
CmaFree:               0 kB
MemTotal:        7918588 kB
MemFree:          914512 kB
MemAvailable:    2217124 kB
Buffers:            4048 kB
Cached:          1399628 kB
SwapCached:        10764 kB
Active:          3726300 kB
Inactive:         677956 kB
Active(anon):    2997972 kB
Inactive(anon):    23372 kB
Active(file):     728328 kB
Inactive(file):   654584 kB
Unevictable:        6388 kB
Mlocked:            5948 kB
SwapTotal:       4718584 kB
SwapFree:        3669496 kB
Dirty:               388 kB
Writeback:             0 kB
AnonPages:       3002624 kB
Mapped:           662776 kB
Shmem:             16100 kB
KReclaimable:     359076 kB
Slab:             317728 kB
SReclaimable:      86784 kB
SUnreclaim:       230944 kB
KernelStack:       49760 kB
ShadowCallStack:   12496 kB
PageTables:        76524 kB
NFS_Unstable:          0 kB
Bounce:                0 kB
WritebackTmp:          0 kB
CommitLimit:     8677876 kB
Committed_AS:   71780916 kB
VmallocTotal:   263061440 kB
VmallocUsed:      133056 kB
VmallocChunk:          0 kB
Percpu:             2448 kB
CmaTotal:         405504 kB
CmaFree:               0 kB
MemTotal:        7918588 kB
MemFree:          862344 kB
MemAvailable:    2164284 kB
Buffers:            4056 kB
Cached:          1399632 kB
SwapCached:        10764 kB
Active:          3777876 kB
Inactive:         677964 kB
Active(anon):    3049548 kB
Inactive(anon):    23372 kB
Active(file):     728328 kB
Inactive(file):   654592 kB
Unevictable:        6388 kB
Mlocked:            5948 kB
SwapTotal:       4718584 kB
SwapFree:        3669496 kB
Dirty:               416 kB
Writeback:             0 kB
AnonPages:       3054108 kB
Mapped:           663376 kB
Shmem:             16104 kB
KReclaimable:     358396 kB
Slab:             317900 kB
SReclaimable:      86784 kB
SUnreclaim:       231116 kB
KernelStack:       49792 kB
ShadowCallStack:   12464 kB
PageTables:        76896 kB
NFS_Unstable:          0 kB
Bounce:                0 kB
WritebackTmp:          0 kB
CommitLimit:     8677876 kB
Committed_AS:   71911992 kB
VmallocTotal:   263061440 kB
VmallocUsed:      133056 kB
VmallocChunk:          0 kB
Percpu:             2448 kB
CmaTotal:         405504 kB
CmaFree:               4 kB
MemTotal:        7918588 kB
MemFree:          821004 kB
MemAvailable:    2122680 kB
Buffers:            4056 kB
Cached:          1399644 kB
SwapCached:        10764 kB
Active:          3819396 kB
Inactive:         677972 kB
Active(anon):    3091068 kB
Inactive(anon):    23372 kB
Active(file):     728328 kB
Inactive(file):   654600 kB
Unevictable:        6388 kB
Mlocked:            5948 kB
SwapTotal:       4718584 kB
SwapFree:        3669496 kB
Dirty:               248 kB
Writeback:             0 kB
AnonPages:       3095696 kB
Mapped:           663496 kB
Shmem:             16108 kB
KReclaimable:     358124 kB
Slab:             317764 kB
SReclaimable:      86784 kB
SUnreclaim:       230980 kB
KernelStack:       49760 kB
ShadowCallStack:   12480 kB
PageTables:        76856 kB
NFS_Unstable:          0 kB
Bounce:                0 kB
WritebackTmp:          0 kB
CommitLimit:     8677876 kB
Committed_AS:   71996908 kB
VmallocTotal:   263061440 kB
VmallocUsed:      133056 kB
VmallocChunk:          0 kB
Percpu:             2448 kB
CmaTotal:         405504 kB
CmaFree:               0 kB
MemTotal:        7918588 kB
MemFree:          735792 kB
MemAvailable:    2035688 kB
Buffers:            4056 kB
Cached:          1399760 kB
SwapCached:        10764 kB
Active:          3903260 kB
Inactive:         677976 kB
Active(anon):    3174820 kB
Inactive(anon):    23372 kB
Active(file):     728440 kB
Inactive(file):   654604 kB
Unevictable:        6388 kB
Mlocked:            5948 kB
SwapTotal:       4718584 kB
SwapFree:        3669496 kB
Dirty:               156 kB
Writeback:             0 kB
AnonPages:       3179480 kB
Mapped:           664716 kB
Shmem:             16108 kB
KReclaimable:     356228 kB
Slab:             317924 kB
SReclaimable:      86784 kB
SUnreclaim:       231140 kB
KernelStack:       49776 kB
ShadowCallStack:   12476 kB
PageTables:        77308 kB
NFS_Unstable:          0 kB
Bounce:                0 kB
WritebackTmp:          0 kB
CommitLimit:     8677876 kB
Committed_AS:   72177132 kB
VmallocTotal:   263061440 kB
VmallocUsed:      133060 kB
VmallocChunk:          0 kB
Percpu:             2448 kB
CmaTotal:         405504 kB
CmaFree:               0 kB
MemTotal:        7918588 kB
MemFree:          712048 kB
MemAvailable:    2011752 kB
Buffers:            4056 kB
Cached:          1399760 kB
SwapCached:        10764 kB
Active:          3927792 kB
Inactive:         677976 kB
Active(anon):    3199352 kB
Inactive(anon):    23372 kB
Active(file):     728440 kB
Inactive(file):   654604 kB
Unevictable:        6388 kB
Mlocked:            5948 kB
SwapTotal:       4718584 kB
SwapFree:        3669496 kB
Dirty:               168 kB
Writeback:             0 kB
AnonPages:       3204068 kB
Mapped:           664676 kB
Shmem:             16108 kB
KReclaimable:     356036 kB
Slab:             317904 kB
SReclaimable:      86784 kB
SUnreclaim:       231120 kB
KernelStack:       49760 kB
ShadowCallStack:   12492 kB
PageTables:        77376 kB
NFS_Unstable:          0 kB
Bounce:                0 kB
WritebackTmp:          0 kB
CommitLimit:     8677876 kB
Committed_AS:   72226284 kB
VmallocTotal:   263061440 kB
VmallocUsed:      133060 kB
VmallocChunk:          0 kB
Percpu:             2448 kB
CmaTotal:         405504 kB
CmaFree:               0 kB
MemTotal:        7918588 kB
MemFree:          659040 kB
MemAvailable:    1959928 kB
Buffers:            4056 kB
Cached:          1401296 kB
SwapCached:        10768 kB
Active:          3983620 kB
Inactive:         677636 kB
Active(anon):    3253460 kB
Inactive(anon):    23032 kB
Active(file):     730160 kB
Inactive(file):   654604 kB
Unevictable:        6388 kB
Mlocked:            5948 kB
SwapTotal:       4718584 kB
SwapFree:        3674360 kB
Dirty:               188 kB
Writeback:             0 kB
AnonPages:       3258028 kB
Mapped:           666136 kB
Shmem:             15924 kB
KReclaimable:     355500 kB
Slab:             317976 kB
SReclaimable:      86784 kB
SUnreclaim:       231192 kB
KernelStack:       49776 kB
ShadowCallStack:   12472 kB
PageTables:        77704 kB
NFS_Unstable:          0 kB
Bounce:                0 kB
WritebackTmp:          0 kB
CommitLimit:     8677876 kB
Committed_AS:   72373472 kB
VmallocTotal:   263061440 kB
VmallocUsed:      133036 kB
VmallocChunk:          0 kB
Percpu:             2448 kB
CmaTotal:         405504 kB
CmaFree:               0 kB
MemTotal:        7918588 kB
MemFree:          588108 kB
MemAvailable:    1888256 kB
Buffers:            4080 kB
Cached:          1401292 kB
SwapCached:        10768 kB
Active:          4053848 kB
Inactive:         677656 kB
Active(anon):    3323688 kB
Inactive(anon):    23032 kB
Active(file):     730160 kB
Inactive(file):   654624 kB
Unevictable:        6388 kB
Mlocked:            5948 kB
SwapTotal:       4718584 kB
SwapFree:        3674616 kB
Dirty:               260 kB
Writeback:            20 kB
AnonPages:       3328108 kB
Mapped:           666436 kB
Shmem:             15924 kB
KReclaimable:     354740 kB
Slab:             318000 kB
SReclaimable:      86784 kB
SUnreclaim:       231216 kB
KernelStack:       49760 kB
ShadowCallStack:   12484 kB
PageTables:        77832 kB
NFS_Unstable:          0 kB
Bounce:                0 kB
WritebackTmp:          0 kB
CommitLimit:     8677876 kB
Committed_AS:   72504544 kB
VmallocTotal:   263061440 kB
VmallocUsed:      133056 kB
VmallocChunk:          0 kB
Percpu:             2448 kB
CmaTotal:         405504 kB
CmaFree:               0 kB
MemTotal:        7918588 kB
MemFree:          550772 kB
MemAvailable:    1850624 kB
Buffers:            4080 kB
Cached:          1401316 kB
SwapCached:        10768 kB
Active:          4090904 kB
Inactive:         677680 kB
Active(anon):    3360744 kB
Inactive(anon):    23032 kB
Active(file):     730160 kB
Inactive(file):   654648 kB
Unevictable:        6388 kB
Mlocked:            5948 kB
SwapTotal:       4718584 kB
SwapFree:        3674616 kB
Dirty:               296 kB
Writeback:             0 kB
AnonPages:       3365220 kB
Mapped:           666796 kB
Shmem:             15924 kB
KReclaimable:     354420 kB
Slab:             317980 kB
SReclaimable:      86784 kB
SUnreclaim:       231196 kB
KernelStack:       49760 kB
ShadowCallStack:   12472 kB
PageTables:        78172 kB
NFS_Unstable:          0 kB
Bounce:                0 kB
WritebackTmp:          0 kB
CommitLimit:     8677876 kB
Committed_AS:   72602848 kB
VmallocTotal:   263061440 kB
VmallocUsed:      133020 kB
VmallocChunk:          0 kB
Percpu:             2448 kB
CmaTotal:         405504 kB
CmaFree:               0 kB
MemTotal:        7918588 kB
MemFree:          477628 kB
MemAvailable:    1776552 kB
Buffers:            4080 kB
Cached:          1401320 kB
SwapCached:        10768 kB
Active:          4162656 kB
Inactive:         677680 kB
Active(anon):    3432496 kB
Inactive(anon):    23032 kB
Active(file):     730160 kB
Inactive(file):   654648 kB
Unevictable:        6388 kB
Mlocked:            5948 kB
SwapTotal:       4718584 kB
SwapFree:        3674616 kB
Dirty:               280 kB
Writeback:             0 kB
AnonPages:       3437176 kB
Mapped:           667620 kB
Shmem:             15928 kB
KReclaimable:     353492 kB
Slab:             318144 kB
SReclaimable:      86784 kB
SUnreclaim:       231360 kB
KernelStack:       49856 kB
ShadowCallStack:   12488 kB
PageTables:        78512 kB
NFS_Unstable:          0 kB
Bounce:                0 kB
WritebackTmp:          0 kB
CommitLimit:     8677876 kB
Committed_AS:   72766956 kB
VmallocTotal:   263061440 kB
VmallocUsed:      133096 kB
VmallocChunk:          0 kB
Percpu:             2448 kB
CmaTotal:         405504 kB
CmaFree:               0 kB
MemTotal:        7918588 kB
MemFree:          426892 kB
MemAvailable:    1725188 kB
Buffers:            4088 kB
Cached:          1401356 kB
SwapCached:        10768 kB
Active:          4213368 kB
Inactive:         677684 kB
Active(anon):    3483168 kB
Inactive(anon):    23032 kB
Active(file):     730200 kB
Inactive(file):   654652 kB
Unevictable:        6388 kB
Mlocked:            5948 kB
SwapTotal:       4718584 kB
SwapFree:        3674616 kB
Dirty:               280 kB
Writeback:             0 kB
AnonPages:       3487796 kB
Mapped:           668132 kB
Shmem:             15928 kB
KReclaimable:     352820 kB
Slab:             318080 kB
SReclaimable:      86784 kB
SUnreclaim:       231296 kB
KernelStack:       49856 kB
ShadowCallStack:   12492 kB
PageTables:        78812 kB
NFS_Unstable:          0 kB
Bounce:                0 kB
WritebackTmp:          0 kB
CommitLimit:     8677876 kB
Committed_AS:   72881640 kB
VmallocTotal:   263061440 kB
VmallocUsed:      133136 kB
VmallocChunk:          0 kB
Percpu:             2448 kB
CmaTotal:         405504 kB
CmaFree:               0 kB
MemTotal:        7918588 kB
MemFree:          393960 kB
MemAvailable:    1692004 kB
Buffers:            4088 kB
Cached:          1401360 kB
SwapCached:        10768 kB
Active:          4247024 kB
Inactive:         677688 kB
Active(anon):    3516824 kB
Inactive(anon):    23032 kB
Active(file):     730200 kB
Inactive(file):   654656 kB
Unevictable:        6388 kB
Mlocked:            5948 kB
SwapTotal:       4718584 kB
SwapFree:        3674616 kB
Dirty:               344 kB
Writeback:             0 kB
AnonPages:       3521392 kB
Mapped:           668424 kB
Shmem:             15928 kB
KReclaimable:     352564 kB
Slab:             318128 kB
SReclaimable:      86784 kB
SUnreclaim:       231344 kB
KernelStack:       49840 kB
ShadowCallStack:   12496 kB
PageTables:        78764 kB
NFS_Unstable:          0 kB
Bounce:                0 kB
WritebackTmp:          0 kB
CommitLimit:     8677876 kB
Committed_AS:   72947176 kB
VmallocTotal:   263061440 kB
VmallocUsed:      133140 kB
VmallocChunk:          0 kB
Percpu:             2448 kB
CmaTotal:         405504 kB
CmaFree:               4 kB
MemTotal:        7918588 kB
MemFree:          309944 kB
MemAvailable:    1606676 kB
Buffers:            4096 kB
Cached:          1401376 kB
SwapCached:        10768 kB
Active:          4330476 kB
Inactive:         677704 kB
Active(anon):    3600276 kB
Inactive(anon):    23032 kB
Active(file):     730200 kB
Inactive(file):   654672 kB
Unevictable:        6388 kB
Mlocked:            5948 kB
SwapTotal:       4718584 kB
SwapFree:        3674616 kB
Dirty:               452 kB
Writeback:             0 kB
AnonPages:       3604800 kB
Mapped:           669112 kB
Shmem:             15936 kB
KReclaimable:     351236 kB
Slab:             318316 kB
SReclaimable:      86784 kB
SUnreclaim:       231532 kB
KernelStack:       49856 kB
ShadowCallStack:   12488 kB
PageTables:        79244 kB
NFS_Unstable:          0 kB
Bounce:                0 kB
WritebackTmp:          0 kB
CommitLimit:     8677876 kB
Committed_AS:   73143792 kB
VmallocTotal:   263061440 kB
VmallocUsed:      133124 kB
VmallocChunk:          0 kB
Percpu:             2448 kB
CmaTotal:         405504 kB
CmaFree:               0 kB
MemTotal:        7918588 kB
MemFree:          275604 kB
MemAvailable:    1572024 kB
Buffers:            4096 kB
Cached:          1401376 kB
SwapCached:        10768 kB
Active:          4365276 kB
Inactive:         677704 kB
Active(anon):    3635076 kB
Inactive(anon):    23032 kB
Active(file):     730200 kB
Inactive(file):   654672 kB
Unevictable:        6388 kB
Mlocked:            5948 kB
SwapTotal:       4718584 kB
SwapFree:        3674616 kB
Dirty:               452 kB
Writeback:             0 kB
AnonPages:       3639648 kB
Mapped:           669248 kB
Shmem:             15936 kB
KReclaimable:     350924 kB
Slab:             318232 kB
SReclaimable:      86784 kB
SUnreclaim:       231448 kB
KernelStack:       49840 kB
ShadowCallStack:   12500 kB
PageTables:        79372 kB
NFS_Unstable:          0 kB
Bounce:                0 kB
WritebackTmp:          0 kB
CommitLimit:     8677876 kB
Committed_AS:   73225712 kB
VmallocTotal:   263061440 kB
VmallocUsed:      133136 kB
VmallocChunk:          0 kB
Percpu:             2448 kB
CmaTotal:         405504 kB
CmaFree:               4 kB
MemTotal:        7918588 kB
MemFree:          220100 kB
MemAvailable:    1515848 kB
Buffers:            4096 kB
Cached:          1401376 kB
SwapCached:        10768 kB
Active:          4420636 kB
Inactive:         677704 kB
Active(anon):    3690436 kB
Inactive(anon):    23032 kB
Active(file):     730200 kB
Inactive(file):   654672 kB
Unevictable:        6388 kB
Mlocked:            5948 kB
SwapTotal:       4718584 kB
SwapFree:        3674616 kB
Dirty:               452 kB
Writeback:             0 kB
AnonPages:       3694896 kB
Mapped:           669692 kB
Shmem:             15936 kB
KReclaimable:     350252 kB
Slab:             318304 kB
SReclaimable:      86784 kB
SUnreclaim:       231520 kB
KernelStack:       49856 kB
ShadowCallStack:   12488 kB
PageTables:        79440 kB
NFS_Unstable:          0 kB
Bounce:                0 kB
WritebackTmp:          0 kB
CommitLimit:     8677876 kB
Committed_AS:   73356732 kB
VmallocTotal:   263061440 kB
VmallocUsed:      133116 kB
VmallocChunk:          0 kB
Percpu:             2448 kB
CmaTotal:         405504 kB
CmaFree:               0 kB
MemTotal:        7918588 kB
MemFree:          193256 kB
MemAvailable:    1524460 kB
Buffers:            4272 kB
Cached:          1395708 kB
SwapCached:        10752 kB
Active:          4374344 kB
Inactive:         775576 kB
Active(anon):    3700160 kB
Inactive(anon):    70316 kB
Active(file):     674184 kB
Inactive(file):   705260 kB
Unevictable:        6388 kB
Mlocked:            5948 kB
SwapTotal:       4718584 kB
SwapFree:        3670008 kB
Dirty:               480 kB
Writeback:            24 kB
AnonPages:       3752036 kB
Mapped:           670820 kB
Shmem:             15872 kB
KReclaimable:     341984 kB
Slab:             317252 kB
SReclaimable:      85904 kB
SUnreclaim:       231348 kB
KernelStack:       49824 kB
ShadowCallStack:   12468 kB
PageTables:        79704 kB
NFS_Unstable:          0 kB
Bounce:                0 kB
WritebackTmp:          0 kB
CommitLimit:     8677876 kB
Committed_AS:   73487804 kB
VmallocTotal:   263061440 kB
VmallocUsed:      133124 kB
VmallocChunk:          0 kB
Percpu:             2448 kB
CmaTotal:         405504 kB
CmaFree:             412 kB
MemTotal:        7918588 kB
MemFree:          165820 kB
MemAvailable:    1496852 kB
Buffers:            4272 kB
Cached:          1395780 kB
SwapCached:        10752 kB
Active:          4404016 kB
Inactive:         775588 kB
Active(anon):    3729776 kB
Inactive(anon):    70316 kB
Active(file):     674240 kB
Inactive(file):   705272 kB
Unevictable:        6388 kB
Mlocked:            5948 kB
SwapTotal:       4718584 kB
SwapFree:        3670008 kB
Dirty:               452 kB
Writeback:             0 kB
AnonPages:       3781564 kB
Mapped:           671024 kB
Shmem:             15876 kB
KReclaimable:     341744 kB
Slab:             317436 kB
SReclaimable:      85904 kB
SUnreclaim:       231532 kB
KernelStack:       49840 kB
ShadowCallStack:   12484 kB
PageTables:        79984 kB
NFS_Unstable:          0 kB
Bounce:                0 kB
WritebackTmp:          0 kB
CommitLimit:     8677876 kB
Committed_AS:   73536960 kB
VmallocTotal:   263061440 kB
VmallocUsed:      133120 kB
VmallocChunk:          0 kB
Percpu:             2448 kB
CmaTotal:         405504 kB
CmaFree:               0 kB
MemTotal:        7918588 kB
MemFree:          166076 kB
MemAvailable:    1424044 kB
Buffers:            2368 kB
Cached:          1331504 kB
SwapCached:        10752 kB
Active:          4479948 kB
Inactive:         703832 kB
Active(anon):    3800136 kB
Inactive(anon):    70316 kB
Active(file):     679812 kB
Inactive(file):   633516 kB
Unevictable:        6388 kB
Mlocked:            5948 kB
SwapTotal:       4718584 kB
SwapFree:        3670008 kB
Dirty:               460 kB
Writeback:             0 kB
AnonPages:       3852004 kB
Mapped:           650820 kB
Shmem:             15880 kB
KReclaimable:     334864 kB
Slab:             317204 kB
SReclaimable:      85656 kB
SUnreclaim:       231548 kB
KernelStack:       49840 kB
ShadowCallStack:   12488 kB
PageTables:        80312 kB
NFS_Unstable:          0 kB
Bounce:                0 kB
WritebackTmp:          0 kB
CommitLimit:     8677876 kB
Committed_AS:   73684464 kB
VmallocTotal:   263061440 kB
VmallocUsed:      133120 kB
VmallocChunk:          0 kB
Percpu:             2448 kB
CmaTotal:         405504 kB
CmaFree:               0 kB
MemTotal:        7918588 kB
MemFree:          169556 kB
MemAvailable:    1389504 kB
Buffers:            2392 kB
Cached:          1295876 kB
SwapCached:        10752 kB
Active:          4514232 kB
Inactive:         668220 kB
Active(anon):    3834420 kB
Inactive(anon):    70308 kB
Active(file):     679812 kB
Inactive(file):   597912 kB
Unevictable:        6388 kB
Mlocked:            5948 kB
SwapTotal:       4718584 kB
SwapFree:        3670008 kB
Dirty:               116 kB
Writeback:             0 kB
AnonPages:       3886040 kB
Mapped:           651048 kB
Shmem:             15880 kB
KReclaimable:     332448 kB
Slab:             317192 kB
SReclaimable:      85656 kB
SUnreclaim:       231536 kB
KernelStack:       49824 kB
ShadowCallStack:   12492 kB
PageTables:        80124 kB
NFS_Unstable:          0 kB
Bounce:                0 kB
WritebackTmp:          0 kB
CommitLimit:     8677876 kB
Committed_AS:   73766340 kB
VmallocTotal:   263061440 kB
VmallocUsed:      133116 kB
VmallocChunk:          0 kB
Percpu:             2448 kB
CmaTotal:         405504 kB
CmaFree:               0 kB
MemTotal:        7918588 kB
MemFree:          166260 kB
MemAvailable:    1345068 kB
Buffers:            2360 kB
Cached:          1258636 kB
SwapCached:        10752 kB
Active:          4557868 kB
Inactive:         630908 kB
Active(anon):    3878012 kB
Inactive(anon):    70316 kB
Active(file):     679856 kB
Inactive(file):   560592 kB
Unevictable:        6388 kB
Mlocked:            5948 kB
SwapTotal:       4718584 kB
SwapFree:        3670008 kB
Dirty:                28 kB
Writeback:             0 kB
AnonPages:       3929956 kB
Mapped:           651212 kB
Shmem:             15884 kB
KReclaimable:     328584 kB
Slab:             316448 kB
SReclaimable:      84880 kB
SUnreclaim:       231568 kB
KernelStack:       49824 kB
ShadowCallStack:   12480 kB
PageTables:        80600 kB
NFS_Unstable:          0 kB
Bounce:                0 kB
WritebackTmp:          0 kB
CommitLimit:     8677876 kB
Committed_AS:   73848164 kB
VmallocTotal:   263061440 kB
VmallocUsed:      133112 kB
VmallocChunk:          0 kB
Percpu:             2448 kB
CmaTotal:         405504 kB
CmaFree:               4 kB
MemTotal:        7918588 kB
MemFree:          169172 kB
MemAvailable:    1286068 kB
Buffers:            2312 kB
Cached:          1203324 kB
SwapCached:        10752 kB
Active:          4618952 kB
Inactive:         571700 kB
Active(anon):    3935388 kB
Inactive(anon):    70316 kB
Active(file):     683564 kB
Inactive(file):   501384 kB
Unevictable:        6388 kB
Mlocked:            5948 kB
SwapTotal:       4718584 kB
SwapFree:        3670008 kB
Dirty:                28 kB
Writeback:             0 kB
AnonPages:       3987168 kB
Mapped:           650144 kB
Shmem:             15884 kB
KReclaimable:     322172 kB
Slab:             315124 kB
SReclaimable:      83652 kB
SUnreclaim:       231472 kB
KernelStack:       49776 kB
ShadowCallStack:   12496 kB
PageTables:        80832 kB
NFS_Unstable:          0 kB
Bounce:                0 kB
WritebackTmp:          0 kB
CommitLimit:     8677876 kB
Committed_AS:   73979180 kB
VmallocTotal:   263061440 kB
VmallocUsed:      133080 kB
VmallocChunk:          0 kB
Percpu:             2448 kB
CmaTotal:         405504 kB
CmaFree:               0 kB
MemTotal:        7918588 kB
MemFree:          167332 kB
MemAvailable:    1268716 kB
Buffers:            2312 kB
Cached:          1189304 kB
SwapCached:        10752 kB
Active:          4644924 kB
Inactive:         547244 kB
Active(anon):    3950784 kB
Inactive(anon):    70316 kB
Active(file):     694140 kB
Inactive(file):   476928 kB
Unevictable:        6388 kB
Mlocked:            5948 kB
SwapTotal:       4718584 kB
SwapFree:        3670264 kB
Dirty:                60 kB
Writeback:             0 kB
AnonPages:       4002616 kB
Mapped:           642944 kB
Shmem:             15884 kB
KReclaimable:     320540 kB
Slab:             315024 kB
SReclaimable:      83380 kB
SUnreclaim:       231644 kB
KernelStack:       49728 kB
ShadowCallStack:   12456 kB
PageTables:        80948 kB
NFS_Unstable:          0 kB
Bounce:                0 kB
WritebackTmp:          0 kB
CommitLimit:     8677876 kB
Committed_AS:   74012336 kB
VmallocTotal:   263061440 kB
VmallocUsed:      132976 kB
VmallocChunk:          0 kB
Percpu:             2448 kB
CmaTotal:         405504 kB
CmaFree:               0 kB
MemTotal:        7918588 kB
MemFree:          168752 kB
MemAvailable:    1200388 kB
Buffers:            2268 kB
Cached:          1127704 kB
SwapCached:        10752 kB
Active:          4756432 kB
Inactive:         443724 kB
Active(anon):    4020452 kB
Inactive(anon):    70316 kB
Active(file):     735980 kB
Inactive(file):   373408 kB
Unevictable:        6388 kB
Mlocked:            5948 kB
SwapTotal:       4718584 kB
SwapFree:        3670264 kB
Dirty:                84 kB
Writeback:             0 kB
AnonPages:       4072396 kB
Mapped:           620804 kB
Shmem:             15884 kB
KReclaimable:     312472 kB
Slab:             314460 kB
SReclaimable:      82712 kB
SUnreclaim:       231748 kB
KernelStack:       49680 kB
ShadowCallStack:   12452 kB
PageTables:        80836 kB
NFS_Unstable:          0 kB
Bounce:                0 kB
WritebackTmp:          0 kB
CommitLimit:     8677876 kB
Committed_AS:   74176180 kB
VmallocTotal:   263061440 kB
VmallocUsed:      132972 kB
VmallocChunk:          0 kB
Percpu:             2448 kB
CmaTotal:         405504 kB
CmaFree:               0 kB
MemTotal:        7918588 kB
MemFree:          165808 kB
MemAvailable:    1167416 kB
Buffers:            2268 kB
Cached:          1101168 kB
SwapCached:        10752 kB
Active:          4797312 kB
Inactive:         407916 kB
Active(anon):    4052024 kB
Inactive(anon):    70316 kB
Active(file):     745288 kB
Inactive(file):   337600 kB
Unevictable:        6388 kB
Mlocked:            5948 kB
SwapTotal:       4718584 kB
SwapFree:        3670264 kB
Dirty:               152 kB
Writeback:             0 kB
AnonPages:       4103860 kB
Mapped:           614152 kB
Shmem:             15884 kB
KReclaimable:     308944 kB
Slab:             313996 kB
SReclaimable:      82344 kB
SUnreclaim:       231652 kB
KernelStack:       49696 kB
ShadowCallStack:   12448 kB
PageTables:        81428 kB
NFS_Unstable:          0 kB
Bounce:                0 kB
WritebackTmp:          0 kB
CommitLimit:     8677876 kB
Committed_AS:   74257992 kB
VmallocTotal:   263061440 kB
VmallocUsed:      132940 kB
VmallocChunk:          0 kB
Percpu:             2448 kB
CmaTotal:         405504 kB
CmaFree:              28 kB
MemTotal:        7918588 kB
MemFree:          167888 kB
MemAvailable:    1130220 kB
Buffers:            2256 kB
Cached:          1065004 kB
SwapCached:        10752 kB
Active:          4838416 kB
Inactive:         367956 kB
Active(anon):    4089448 kB
Inactive(anon):    70312 kB
Active(file):     748968 kB
Inactive(file):   297644 kB
Unevictable:        6388 kB
Mlocked:            5948 kB
SwapTotal:       4718584 kB
SwapFree:        3670264 kB
Dirty:               152 kB
Writeback:             0 kB
AnonPages:       4141144 kB
Mapped:           611284 kB
Shmem:             15884 kB
KReclaimable:     305944 kB
Slab:             313372 kB
SReclaimable:      81688 kB
SUnreclaim:       231684 kB
KernelStack:       49616 kB
ShadowCallStack:   12416 kB
PageTables:        81880 kB
NFS_Unstable:          0 kB
Bounce:                0 kB
WritebackTmp:          0 kB
CommitLimit:     8677876 kB
Committed_AS:   74323372 kB
VmallocTotal:   263061440 kB
VmallocUsed:      132876 kB
VmallocChunk:          0 kB
Percpu:             2448 kB
CmaTotal:         405504 kB
CmaFree:              28 kB
MemTotal:        7918588 kB
MemFree:          166464 kB
MemAvailable:    1072916 kB
Buffers:            2164 kB
Cached:          1015052 kB
SwapCached:        10752 kB
Active:          4909032 kB
Inactive:         304736 kB
Active(anon):    4146608 kB
Inactive(anon):    70312 kB
Active(file):     762424 kB
Inactive(file):   234424 kB
Unevictable:        6388 kB
Mlocked:            5948 kB
SwapTotal:       4718584 kB
SwapFree:        3670520 kB
Dirty:               216 kB
Writeback:             0 kB
AnonPages:       4198428 kB
Mapped:           611052 kB
Shmem:             15884 kB
KReclaimable:     299828 kB
Slab:             311984 kB
SReclaimable:      80396 kB
SUnreclaim:       231588 kB
KernelStack:       49600 kB
ShadowCallStack:   12448 kB
PageTables:        81756 kB
NFS_Unstable:          0 kB
Bounce:                0 kB
WritebackTmp:          0 kB
CommitLimit:     8677876 kB
Committed_AS:   74470724 kB
VmallocTotal:   263061440 kB
VmallocUsed:      132816 kB
VmallocChunk:          0 kB
Percpu:             2448 kB
CmaTotal:         405504 kB
CmaFree:               0 kB
MemTotal:        7918588 kB
MemFree:          165940 kB
MemAvailable:    1048124 kB
Buffers:            2164 kB
Cached:           993796 kB
SwapCached:        10752 kB
Active:          4932588 kB
Inactive:         282892 kB
Active(anon):    4169748 kB
Inactive(anon):    70236 kB
Active(file):     762840 kB
Inactive(file):   212656 kB
Unevictable:        6388 kB
Mlocked:            5948 kB
SwapTotal:       4718584 kB
SwapFree:        3670520 kB
Dirty:                88 kB
Writeback:           128 kB
AnonPages:       4221460 kB
Mapped:           611352 kB
Shmem:             15884 kB
KReclaimable:     296912 kB
Slab:             311296 kB
SReclaimable:      79664 kB
SUnreclaim:       231632 kB
KernelStack:       49568 kB
ShadowCallStack:   12428 kB
PageTables:        81752 kB
NFS_Unstable:          0 kB
Bounce:                0 kB
WritebackTmp:          0 kB
CommitLimit:     8677876 kB
Committed_AS:   74503388 kB
VmallocTotal:   263061440 kB
VmallocUsed:      132792 kB
VmallocChunk:          0 kB
Percpu:             2448 kB
CmaTotal:         405504 kB
CmaFree:               0 kB
MemTotal:        7918588 kB
MemFree:          168476 kB
MemAvailable:     992188 kB
Buffers:            2164 kB
Cached:           940024 kB
SwapCached:        10752 kB
Active:          4986732 kB
Inactive:         229032 kB
Active(anon):    4223892 kB
Inactive(anon):    70232 kB
Active(file):     762840 kB
Inactive(file):   158800 kB
Unevictable:        6388 kB
Mlocked:            5948 kB
SwapTotal:       4718584 kB
SwapFree:        3670520 kB
Dirty:               132 kB
Writeback:             0 kB
AnonPages:       4275524 kB
Mapped:           611716 kB
Shmem:             15884 kB
KReclaimable:     292296 kB
Slab:             309944 kB
SReclaimable:      78232 kB
SUnreclaim:       231712 kB
KernelStack:       49536 kB
ShadowCallStack:   12404 kB
PageTables:        82196 kB
NFS_Unstable:          0 kB
Bounce:                0 kB
WritebackTmp:          0 kB
CommitLimit:     8677876 kB
Committed_AS:   74634356 kB
VmallocTotal:   263061440 kB
VmallocUsed:      132760 kB
VmallocChunk:          0 kB
Percpu:             2448 kB
CmaTotal:         405504 kB
CmaFree:               0 kB
MemTotal:        7918588 kB
MemFree:          167420 kB
MemAvailable:     948748 kB
Buffers:            2188 kB
Cached:           901820 kB
SwapCached:        10752 kB
Active:          5030412 kB
Inactive:         190672 kB
Active(anon):    4267572 kB
Inactive(anon):    70224 kB
Active(file):     762840 kB
Inactive(file):   120448 kB
Unevictable:        6388 kB
Mlocked:            5948 kB
SwapTotal:       4718584 kB
SwapFree:        3670520 kB
Dirty:               116 kB
Writeback:            20 kB
AnonPages:       4319272 kB
Mapped:           612140 kB
Shmem:             15884 kB
KReclaimable:     288264 kB
Slab:             309172 kB
SReclaimable:      77544 kB
SUnreclaim:       231628 kB
KernelStack:       49552 kB
ShadowCallStack:   12412 kB
PageTables:        82396 kB
NFS_Unstable:          0 kB
Bounce:                0 kB
WritebackTmp:          0 kB
CommitLimit:     8677876 kB
Committed_AS:   74716280 kB
VmallocTotal:   263061440 kB
VmallocUsed:      132768 kB
VmallocChunk:          0 kB
Percpu:             2448 kB
CmaTotal:         405504 kB
CmaFree:               0 kB
MemTotal:        7918588 kB
MemFree:          163500 kB
MemAvailable:     914624 kB
Buffers:             744 kB
Cached:           875952 kB
SwapCached:        10752 kB
Active:          5082600 kB
Inactive:         143708 kB
Active(anon):    4299928 kB
Inactive(anon):    70236 kB
Active(file):     782672 kB
Inactive(file):    73472 kB
Unevictable:        6388 kB
Mlocked:            5948 kB
SwapTotal:       4718584 kB
SwapFree:        3670520 kB
Dirty:               200 kB
Writeback:             0 kB
AnonPages:       4351692 kB
Mapped:           601536 kB
Shmem:             15888 kB
KReclaimable:     285204 kB
Slab:             308684 kB
SReclaimable:      76948 kB
SUnreclaim:       231736 kB
KernelStack:       49520 kB
ShadowCallStack:   12404 kB
PageTables:        82508 kB
NFS_Unstable:          0 kB
Bounce:                0 kB
WritebackTmp:          0 kB
CommitLimit:     8677876 kB
Committed_AS:   74798096 kB
VmallocTotal:   263061440 kB
VmallocUsed:      132724 kB
VmallocChunk:          0 kB
Percpu:             2448 kB
CmaTotal:         405504 kB
CmaFree:               0 kB
MemTotal:        7918588 kB
MemFree:          173600 kB
MemAvailable:     879816 kB
Buffers:             560 kB
Cached:           841604 kB
SwapCached:         8032 kB
Active:          1192872 kB
Inactive:        4027496 kB
Active(anon):     989472 kB
Inactive(anon):  3409176 kB
Active(file):     203400 kB
Inactive(file):   618320 kB
Unevictable:        6392 kB
Mlocked:            5952 kB
SwapTotal:       4718584 kB
SwapFree:        3649016 kB
Dirty:               200 kB
Writeback:             0 kB
AnonPages:       4382704 kB
Mapped:           590040 kB
Shmem:             15840 kB
KReclaimable:     274720 kB
Slab:             308664 kB
SReclaimable:      76912 kB
SUnreclaim:       231752 kB
KernelStack:       49504 kB
ShadowCallStack:   12392 kB
PageTables:        82824 kB
NFS_Unstable:          0 kB
Bounce:                0 kB
WritebackTmp:          0 kB
CommitLimit:     8677876 kB
Committed_AS:   74929168 kB
VmallocTotal:   263061440 kB
VmallocUsed:      132720 kB
VmallocChunk:          0 kB
Percpu:             2448 kB
CmaTotal:         405504 kB
CmaFree:               0 kB
MemTotal:        7918588 kB
MemFree:          170068 kB
MemAvailable:     859808 kB
Buffers:             556 kB
Cached:           826528 kB
SwapCached:         8032 kB
Active:          1213976 kB
Inactive:        4010256 kB
Active(anon):    1008844 kB
Inactive(anon):  3408816 kB
Active(file):     205132 kB
Inactive(file):   601440 kB
Unevictable:        6392 kB
Mlocked:            5952 kB
SwapTotal:       4718584 kB
SwapFree:        3649016 kB
Dirty:               204 kB
Writeback:             0 kB
AnonPages:       4401632 kB
Mapped:           585072 kB
Shmem:             15848 kB
KReclaimable:     273392 kB
Slab:             308720 kB
SReclaimable:      76912 kB
SUnreclaim:       231808 kB
KernelStack:       49520 kB
ShadowCallStack:   12412 kB
PageTables:        82804 kB
NFS_Unstable:          0 kB
Bounce:                0 kB
WritebackTmp:          0 kB
CommitLimit:     8677876 kB
Committed_AS:   74961944 kB
VmallocTotal:   263061440 kB
VmallocUsed:      132724 kB
VmallocChunk:          0 kB
Percpu:             2448 kB
CmaTotal:         405504 kB
CmaFree:               0 kB
MemTotal:        7918588 kB
MemFree:          162720 kB
MemAvailable:     814660 kB
Buffers:             472 kB
Cached:           811256 kB
SwapCached:         7912 kB
Active:          1322900 kB
Inactive:        3906912 kB
Active(anon):    1111692 kB
Inactive(anon):  3326716 kB
Active(file):     211208 kB
Inactive(file):   580196 kB
Unevictable:        6392 kB
Mlocked:            5952 kB
SwapTotal:       4718584 kB
SwapFree:        3620344 kB
Dirty:               224 kB
Writeback:             4 kB
AnonPages:       4422932 kB
Mapped:           577852 kB
Shmem:             15540 kB
KReclaimable:     267144 kB
Slab:             308524 kB
SReclaimable:      76800 kB
SUnreclaim:       231724 kB
KernelStack:       49472 kB
ShadowCallStack:   12416 kB
PageTables:        82508 kB
NFS_Unstable:          0 kB
Bounce:                0 kB
WritebackTmp:          0 kB
CommitLimit:     8677876 kB
Committed_AS:   75093012 kB
VmallocTotal:   263061440 kB
VmallocUsed:      132716 kB
VmallocChunk:          0 kB
Percpu:             2448 kB
CmaTotal:         405504 kB
CmaFree:             112 kB
MemTotal:        7918588 kB
MemFree:          170748 kB
MemAvailable:     811952 kB
Buffers:             480 kB
Cached:           810712 kB
SwapCached:         4872 kB
Active:          1737872 kB
Inactive:        3495984 kB
Active(anon):    1526284 kB
Inactive(anon):  2915924 kB
Active(file):     211588 kB
Inactive(file):   580060 kB
Unevictable:        6392 kB
Mlocked:            5952 kB
SwapTotal:       4718584 kB
SwapFree:        3574264 kB
Dirty:               204 kB
Writeback:             0 kB
AnonPages:       4429412 kB
Mapped:           577472 kB
Shmem:             14880 kB
KReclaimable:     245232 kB
Slab:             308732 kB
SReclaimable:      76800 kB
SUnreclaim:       231932 kB
KernelStack:       49520 kB
ShadowCallStack:   12404 kB
PageTables:        83260 kB
NFS_Unstable:          0 kB
Bounce:                0 kB
WritebackTmp:          0 kB
CommitLimit:     8677876 kB
Committed_AS:   75191324 kB
VmallocTotal:   263061440 kB
VmallocUsed:      132736 kB
VmallocChunk:          0 kB
Percpu:             2448 kB
CmaTotal:         405504 kB
CmaFree:               0 kB
MemTotal:        7918588 kB
MemFree:          169552 kB
MemAvailable:     792992 kB
Buffers:             476 kB
Cached:           801840 kB
SwapCached:         4864 kB
Active:          2286052 kB
Inactive:        2966836 kB
Active(anon):    2072312 kB
Inactive(anon):  2397800 kB
Active(file):     213740 kB
Inactive(file):   569036 kB
Unevictable:        6392 kB
Mlocked:            5952 kB
SwapTotal:       4718584 kB
SwapFree:        3572984 kB
Dirty:               204 kB
Writeback:             0 kB
AnonPages:       4456828 kB
Mapped:           574712 kB
Shmem:             14880 kB
KReclaimable:     227448 kB
Slab:             308584 kB
SReclaimable:      76792 kB
SUnreclaim:       231792 kB
KernelStack:       49520 kB
ShadowCallStack:   12408 kB
PageTables:        83384 kB
NFS_Unstable:          0 kB
Bounce:                0 kB
WritebackTmp:          0 kB
CommitLimit:     8677876 kB
Committed_AS:   75256856 kB
VmallocTotal:   263061440 kB
VmallocUsed:      132720 kB
VmallocChunk:          0 kB
Percpu:             2448 kB
CmaTotal:         405504 kB
CmaFree:              64 kB
MemTotal:        7918588 kB
MemFree:          171344 kB
MemAvailable:     781856 kB
Buffers:             476 kB
Cached:           801820 kB
SwapCached:         4772 kB
Active:          3333408 kB
Inactive:        1949580 kB
Active(anon):    3119668 kB
Inactive(anon):  1380528 kB
Active(file):     213740 kB
Inactive(file):   569052 kB
Unevictable:        6392 kB
Mlocked:            5952 kB
SwapTotal:       4718584 kB
SwapFree:        3549944 kB
Dirty:               112 kB
Writeback:             0 kB
AnonPages:       4487376 kB
Mapped:           575328 kB
Shmem:             14840 kB
KReclaimable:     193368 kB
Slab:             308720 kB
SReclaimable:      76792 kB
SUnreclaim:       231928 kB
KernelStack:       49504 kB
ShadowCallStack:   12408 kB
PageTables:        83644 kB
NFS_Unstable:          0 kB
Bounce:                0 kB
WritebackTmp:          0 kB
CommitLimit:     8677876 kB
Committed_AS:   75387928 kB
VmallocTotal:   263061440 kB
VmallocUsed:      132720 kB
VmallocChunk:          0 kB
Percpu:             2448 kB
CmaTotal:         405504 kB
CmaFree:               0 kB
MemTotal:        7918588 kB
MemFree:          214420 kB
MemAvailable:     819236 kB
Buffers:             476 kB
Cached:           801588 kB
SwapCached:         4496 kB
Active:          3502648 kB
Inactive:        1739316 kB
Active(anon):    3288908 kB
Inactive(anon):  1170264 kB
Active(file):     213740 kB
Inactive(file):   569052 kB
Unevictable:        6392 kB
Mlocked:            5952 kB
SwapTotal:       4718584 kB
SwapFree:        3463672 kB
Dirty:               112 kB
Writeback:             0 kB
AnonPages:       4446476 kB
Mapped:           575668 kB
Shmem:             14608 kB
KReclaimable:     181976 kB
Slab:             308792 kB
SReclaimable:      76792 kB
SUnreclaim:       232000 kB
KernelStack:       49504 kB
ShadowCallStack:   12400 kB
PageTables:        83820 kB
NFS_Unstable:          0 kB
Bounce:                0 kB
WritebackTmp:          0 kB
CommitLimit:     8677876 kB
Committed_AS:   75453464 kB
VmallocTotal:   263061440 kB
VmallocUsed:      132720 kB
VmallocChunk:          0 kB
Percpu:             2448 kB
CmaTotal:         405504 kB
CmaFree:           43968 kB
MemTotal:        7918588 kB
MemFree:          174316 kB
MemAvailable:     778936 kB
Buffers:             476 kB
Cached:           801616 kB
SwapCached:         4496 kB
Active:          3543968 kB
Inactive:        1739340 kB
Active(anon):    3330228 kB
Inactive(anon):  1170264 kB
Active(file):     213740 kB
Inactive(file):   569076 kB
Unevictable:        6392 kB
Mlocked:            5952 kB
SwapTotal:       4718584 kB
SwapFree:        3463672 kB
Dirty:                12 kB
Writeback:             0 kB
AnonPages:       4487780 kB
Mapped:           575976 kB
Shmem:             14612 kB
KReclaimable:     181536 kB
Slab:             308728 kB
SReclaimable:      76792 kB
SUnreclaim:       231936 kB
KernelStack:       49520 kB
ShadowCallStack:   12428 kB
PageTables:        83888 kB
NFS_Unstable:          0 kB
Bounce:                0 kB
WritebackTmp:          0 kB
CommitLimit:     8677876 kB
Committed_AS:   75568160 kB
VmallocTotal:   263061440 kB
VmallocUsed:      132720 kB
VmallocChunk:          0 kB
Percpu:             2448 kB
CmaTotal:         405504 kB
CmaFree:            7684 kB
MemTotal:        7918588 kB
MemFree:          223120 kB
MemAvailable:     820032 kB
Buffers:             504 kB
Cached:           801664 kB
SwapCached:         4500 kB
Active:          3595044 kB
Inactive:        1646568 kB
Active(anon):    3381304 kB
Inactive(anon):  1077412 kB
Active(file):     213740 kB
Inactive(file):   569156 kB
Unevictable:        6392 kB
Mlocked:            5952 kB
SwapTotal:       4718584 kB
SwapFree:        3374072 kB
Dirty:                96 kB
Writeback:             4 kB
AnonPages:       4445784 kB
Mapped:           576388 kB
Shmem:             14612 kB
KReclaimable:     174152 kB
Slab:             308864 kB
SReclaimable:      76680 kB
SUnreclaim:       232184 kB
KernelStack:       49536 kB
ShadowCallStack:   12404 kB
PageTables:        84280 kB
NFS_Unstable:          0 kB
Bounce:                0 kB
WritebackTmp:          0 kB
CommitLimit:     8677876 kB
Committed_AS:   75666508 kB
VmallocTotal:   263061440 kB
VmallocUsed:      132716 kB
VmallocChunk:          0 kB
Percpu:             2448 kB
CmaTotal:         405504 kB
CmaFree:           56700 kB
MemTotal:        7918588 kB
MemFree:          222356 kB
MemAvailable:     823012 kB
Buffers:             504 kB
Cached:           802688 kB
SwapCached:         4496 kB
Active:          3618148 kB
Inactive:        1625788 kB
Active(anon):    3403376 kB
Inactive(anon):  1056644 kB
Active(file):     214772 kB
Inactive(file):   569144 kB
Unevictable:        6392 kB
Mlocked:            5952 kB
SwapTotal:       4718584 kB
SwapFree:        3354616 kB
Dirty:                96 kB
Writeback:             0 kB
AnonPages:       4447044 kB
Mapped:           576988 kB
Shmem:             14612 kB
KReclaimable:     171408 kB
Slab:             308780 kB
SReclaimable:      76680 kB
SUnreclaim:       232100 kB
KernelStack:       49488 kB
ShadowCallStack:   12400 kB
PageTables:        84308 kB
NFS_Unstable:          0 kB
Bounce:                0 kB
WritebackTmp:          0 kB
CommitLimit:     8677876 kB
Committed_AS:   75699228 kB
VmallocTotal:   263061440 kB
VmallocUsed:      132704 kB
VmallocChunk:          0 kB
Percpu:             2448 kB
CmaTotal:         405504 kB
CmaFree:           48448 kB
MemTotal:        7918588 kB
MemFree:          163980 kB
MemAvailable:     760336 kB
Buffers:             512 kB
Cached:           802784 kB
SwapCached:         4504 kB
Active:          3677500 kB
Inactive:        1624436 kB
Active(anon):    3462648 kB
Inactive(anon):  1055276 kB
Active(file):     214852 kB
Inactive(file):   569160 kB
Unevictable:        6392 kB
Mlocked:            5952 kB
SwapTotal:       4718584 kB
SwapFree:        3353592 kB
Dirty:               160 kB
Writeback:             0 kB
AnonPages:       4505020 kB
Mapped:           577284 kB
Shmem:             14624 kB
KReclaimable:     170808 kB
Slab:             308692 kB
SReclaimable:      76680 kB
SUnreclaim:       232012 kB
KernelStack:       49520 kB
ShadowCallStack:   12404 kB
PageTables:        84500 kB
NFS_Unstable:          0 kB
Bounce:                0 kB
WritebackTmp:          0 kB
CommitLimit:     8677876 kB
Committed_AS:   75830304 kB
VmallocTotal:   263061440 kB
VmallocUsed:      132720 kB
VmallocChunk:          0 kB
Percpu:             2448 kB
CmaTotal:         405504 kB
CmaFree:               0 kB
MemTotal:        7918588 kB
MemFree:          156976 kB
MemAvailable:     756180 kB
Buffers:             512 kB
Cached:           802920 kB
SwapCached:         4504 kB
Active:          2937668 kB
Inactive:        2371804 kB
Active(anon):    2825884 kB
Inactive(anon):  1699436 kB
Active(file):     111784 kB
Inactive(file):   672368 kB
Unevictable:        6392 kB
Mlocked:            5952 kB
SwapTotal:       4718584 kB
SwapFree:        3320056 kB
Dirty:               160 kB
Writeback:             0 kB
AnonPages:       4512596 kB
Mapped:           577472 kB
Shmem:             14628 kB
KReclaimable:     168032 kB
Slab:             308776 kB
SReclaimable:      76680 kB
SUnreclaim:       232096 kB
KernelStack:       49472 kB
ShadowCallStack:   12420 kB
PageTables:        84720 kB
NFS_Unstable:          0 kB
Bounce:                0 kB
WritebackTmp:          0 kB
CommitLimit:     8677876 kB
Committed_AS:   75912224 kB
VmallocTotal:   263061440 kB
VmallocUsed:      132712 kB
VmallocChunk:          0 kB
Percpu:             2448 kB
CmaTotal:         405504 kB
CmaFree:               0 kB
MemTotal:        7918588 kB
MemFree:          150128 kB
MemAvailable:     745124 kB
Buffers:             512 kB
Cached:           802936 kB
SwapCached:         4504 kB
Active:          2966044 kB
Inactive:        2348952 kB
Active(anon):    2854260 kB
Inactive(anon):  1676584 kB
Active(file):     111784 kB
Inactive(file):   672368 kB
Unevictable:        6392 kB
Mlocked:            5952 kB
SwapTotal:       4718584 kB
SwapFree:        3297528 kB
Dirty:               160 kB
Writeback:             0 kB
AnonPages:       4517968 kB
Mapped:           578004 kB
Shmem:             14628 kB
KReclaimable:     167808 kB
Slab:             308972 kB
SReclaimable:      76680 kB
SUnreclaim:       232292 kB
KernelStack:       49520 kB
ShadowCallStack:   12428 kB
PageTables:        84788 kB
NFS_Unstable:          0 kB
Bounce:                0 kB
WritebackTmp:          0 kB
CommitLimit:     8677876 kB
Committed_AS:   75977760 kB
VmallocTotal:   263061440 kB
VmallocUsed:      132716 kB
VmallocChunk:          0 kB
Percpu:             2448 kB
CmaTotal:         405504 kB
CmaFree:               4 kB
MemTotal:        7918588 kB
MemFree:          136576 kB
MemAvailable:     734276 kB
Buffers:             512 kB
Cached:           802924 kB
SwapCached:         4504 kB
Active:          3020032 kB
Inactive:        2311356 kB
Active(anon):    2908248 kB
Inactive(anon):  1638980 kB
Active(file):     111784 kB
Inactive(file):   672376 kB
Unevictable:        6392 kB
Mlocked:            5952 kB
SwapTotal:       4718584 kB
SwapFree:        3261176 kB
Dirty:                64 kB
Writeback:             0 kB
AnonPages:       4534200 kB
Mapped:           578172 kB
Shmem:             14628 kB
KReclaimable:     165008 kB
Slab:             308772 kB
SReclaimable:      76680 kB
SUnreclaim:       232092 kB
KernelStack:       49472 kB
ShadowCallStack:   12396 kB
PageTables:        84932 kB
NFS_Unstable:          0 kB
Bounce:                0 kB
WritebackTmp:          0 kB
CommitLimit:     8677876 kB
Committed_AS:   76092452 kB
VmallocTotal:   263061440 kB
VmallocUsed:      132716 kB
VmallocChunk:          0 kB
Percpu:             2448 kB
CmaTotal:         405504 kB
CmaFree:               0 kB
MemTotal:        7918588 kB
MemFree:          129668 kB
MemAvailable:     723016 kB
Buffers:             520 kB
Cached:           802944 kB
SwapCached:         4508 kB
Active:          3048356 kB
Inactive:        2289996 kB
Active(anon):    2936572 kB
Inactive(anon):  1617608 kB
Active(file):     111784 kB
Inactive(file):   672388 kB
Unevictable:        6392 kB
Mlocked:            5952 kB
SwapTotal:       4718584 kB
SwapFree:        3240440 kB
Dirty:               112 kB
Writeback:             0 kB
AnonPages:       4541336 kB
Mapped:           578460 kB
Shmem:             14628 kB
KReclaimable:     164472 kB
Slab:             308972 kB
SReclaimable:      76680 kB
SUnreclaim:       232292 kB
KernelStack:       49504 kB
ShadowCallStack:   12408 kB
PageTables:        85292 kB
NFS_Unstable:          0 kB
Bounce:                0 kB
WritebackTmp:          0 kB
CommitLimit:     8677876 kB
Committed_AS:   76141600 kB
VmallocTotal:   263061440 kB
VmallocUsed:      132716 kB
VmallocChunk:          0 kB
Percpu:             2448 kB
CmaTotal:         405504 kB
CmaFree:               0 kB
MemTotal:        7918588 kB
MemFree:          116092 kB
MemAvailable:     703976 kB
Buffers:             520 kB
Cached:           802952 kB
SwapCached:         4508 kB
Active:          3103432 kB
Inactive:        2249272 kB
Active(anon):    2991648 kB
Inactive(anon):  1576880 kB
Active(file):     111784 kB
Inactive(file):   672392 kB
Unevictable:        6392 kB
Mlocked:            5952 kB
SwapTotal:       4718584 kB
SwapFree:        3202040 kB
Dirty:               140 kB
Writeback:             0 kB
AnonPages:       4555832 kB
Mapped:           578916 kB
Shmem:             14648 kB
KReclaimable:     161728 kB
Slab:             308912 kB
SReclaimable:      76680 kB
SUnreclaim:       232232 kB
KernelStack:       49488 kB
ShadowCallStack:   12412 kB
PageTables:        85236 kB
NFS_Unstable:          0 kB
Bounce:                0 kB
WritebackTmp:          0 kB
CommitLimit:     8677876 kB
Committed_AS:   76289060 kB
VmallocTotal:   263061440 kB
VmallocUsed:      132736 kB
VmallocChunk:          0 kB
Percpu:             2448 kB
CmaTotal:         405504 kB
CmaFree:               0 kB
MemTotal:        7918588 kB
MemFree:          106948 kB
MemAvailable:     698552 kB
Buffers:             520 kB
Cached:           802972 kB
SwapCached:         4508 kB
Active:          3150800 kB
Inactive:        2210536 kB
Active(anon):    3039016 kB
Inactive(anon):  1538144 kB
Active(file):     111784 kB
Inactive(file):   672392 kB
Unevictable:        6392 kB
Mlocked:            5952 kB
SwapTotal:       4718584 kB
SwapFree:        3164664 kB
Dirty:                80 kB
Writeback:             0 kB
AnonPages:       4564284 kB
Mapped:           579412 kB
Shmem:             14652 kB
KReclaimable:     160976 kB
Slab:             309028 kB
SReclaimable:      76696 kB
SUnreclaim:       232332 kB
KernelStack:       49520 kB
ShadowCallStack:   12404 kB
PageTables:        85636 kB
NFS_Unstable:          0 kB
Bounce:                0 kB
WritebackTmp:          0 kB
CommitLimit:     8677876 kB
Committed_AS:   76387364 kB
VmallocTotal:   263061440 kB
VmallocUsed:      132704 kB
VmallocChunk:          0 kB
Percpu:             2448 kB
CmaTotal:         405504 kB
CmaFree:               0 kB
MemTotal:        7918588 kB
MemFree:          103560 kB
MemAvailable:     695068 kB
Buffers:             520 kB
Cached:           802976 kB
SwapCached:         4508 kB
Active:          3165788 kB
Inactive:        2198056 kB
Active(anon):    3054004 kB
Inactive(anon):  1525656 kB
Active(file):     111784 kB
Inactive(file):   672400 kB
Unevictable:        6392 kB
Mlocked:            5952 kB
SwapTotal:       4718584 kB
SwapFree:        3152376 kB
Dirty:               104 kB
Writeback:             0 kB
AnonPages:       4566728 kB
Mapped:           579648 kB
Shmem:             14648 kB
KReclaimable:     160768 kB
Slab:             309048 kB
SReclaimable:      76696 kB
SUnreclaim:       232352 kB
KernelStack:       49520 kB
ShadowCallStack:   12404 kB
PageTables:        85680 kB
NFS_Unstable:          0 kB
Bounce:                0 kB
WritebackTmp:          0 kB
CommitLimit:     8677876 kB
Committed_AS:   76420132 kB
VmallocTotal:   263061440 kB
VmallocUsed:      132716 kB
VmallocChunk:          0 kB
Percpu:             2448 kB
CmaTotal:         405504 kB
CmaFree:               0 kB
MemTotal:        7918588 kB
MemFree:           96364 kB
MemAvailable:     690744 kB
Buffers:             544 kB
Cached:           803080 kB
SwapCached:         4512 kB
Active:          3227956 kB
Inactive:        2145340 kB
Active(anon):    3116076 kB
Inactive(anon):  1472916 kB
Active(file):     111880 kB
Inactive(file):   672424 kB
Unevictable:        6392 kB
Mlocked:            5952 kB
SwapTotal:       4718584 kB
SwapFree:        3100408 kB
Dirty:               112 kB
Writeback:             0 kB
AnonPages:       4575984 kB
Mapped:           580176 kB
Shmem:             14656 kB
KReclaimable:     158080 kB
Slab:             309272 kB
SReclaimable:      76808 kB
SUnreclaim:       232464 kB
KernelStack:       49520 kB
ShadowCallStack:   12404 kB
PageTables:        86132 kB
NFS_Unstable:          0 kB
Bounce:                0 kB
WritebackTmp:          0 kB
CommitLimit:     8677876 kB
Committed_AS:   76567592 kB
VmallocTotal:   263061440 kB
VmallocUsed:      132720 kB
VmallocChunk:          0 kB
Percpu:             2448 kB
CmaTotal:         405504 kB
CmaFree:               0 kB
MemTotal:        7918588 kB
MemFree:           89492 kB
MemAvailable:     683512 kB
Buffers:             544 kB
Cached:           804092 kB
SwapCached:         4520 kB
Active:          3267652 kB
Inactive:        2114768 kB
Active(anon):    3154752 kB
Inactive(anon):  1442344 kB
Active(file):     112900 kB
Inactive(file):   672424 kB
Unevictable:        6392 kB
Mlocked:            5952 kB
SwapTotal:       4718584 kB
SwapFree:        3071224 kB
Dirty:               112 kB
Writeback:             0 kB
AnonPages:       4583712 kB
Mapped:           580568 kB
Shmem:             14664 kB
KReclaimable:     155320 kB
Slab:             309212 kB
SReclaimable:      76824 kB
SUnreclaim:       232388 kB
KernelStack:       49520 kB
ShadowCallStack:   12404 kB
PageTables:        85772 kB
NFS_Unstable:          0 kB
Bounce:                0 kB
WritebackTmp:          0 kB
CommitLimit:     8677876 kB
Committed_AS:   76633128 kB
VmallocTotal:   263061440 kB
VmallocUsed:      132716 kB
VmallocChunk:          0 kB
Percpu:             2448 kB
CmaTotal:         405504 kB
CmaFree:               0 kB
MemTotal:        7918588 kB
MemFree:           79248 kB
MemAvailable:     535516 kB
Buffers:             544 kB
Cached:           804764 kB
SwapCached:         4524 kB
Active:          3306936 kB
Inactive:        2082928 kB
Active(anon):    3193408 kB
Inactive(anon):  1410476 kB
Active(file):     113528 kB
Inactive(file):   672452 kB
Unevictable:        6392 kB
Mlocked:            5952 kB
SwapTotal:       4718584 kB
SwapFree:        3042296 kB
Dirty:                72 kB
Writeback:             4 kB
AnonPages:       4591280 kB
Mapped:           580832 kB
Shmem:             14664 kB
KReclaimable:     155104 kB
Slab:             309456 kB
SReclaimable:      76936 kB
SUnreclaim:       232520 kB
KernelStack:       49504 kB
ShadowCallStack:   12408 kB
PageTables:        86272 kB
NFS_Unstable:          0 kB
Bounce:                0 kB
WritebackTmp:          0 kB
CommitLimit:     8677876 kB
Committed_AS:   76715048 kB
VmallocTotal:   263061440 kB
VmallocUsed:      132720 kB
VmallocChunk:          0 kB
Percpu:             2448 kB
CmaTotal:         405504 kB
CmaFree:               0 kB
MemTotal:        7918588 kB
MemFree:           77772 kB
MemAvailable:     670988 kB
Buffers:             544 kB
Cached:           804756 kB
SwapCached:         4520 kB
Active:          3358460 kB
Inactive:        2034680 kB
Active(anon):    3244932 kB
Inactive(anon):  1362224 kB
Active(file):     113528 kB
Inactive(file):   672456 kB
Unevictable:        6392 kB
Mlocked:            5952 kB
SwapTotal:       4718584 kB
SwapFree:        2994424 kB
Dirty:                76 kB
Writeback:             0 kB
AnonPages:       4594288 kB
Mapped:           581468 kB
Shmem:             14664 kB
KReclaimable:     152392 kB
Slab:             309620 kB
SReclaimable:      77032 kB
SUnreclaim:       232588 kB
KernelStack:       49488 kB
ShadowCallStack:   12416 kB
PageTables:        86568 kB
NFS_Unstable:          0 kB
Bounce:                0 kB
WritebackTmp:          0 kB
CommitLimit:     8677876 kB
Committed_AS:   76846120 kB
VmallocTotal:   263061440 kB
VmallocUsed:      132716 kB
VmallocChunk:          0 kB
Percpu:             2448 kB
CmaTotal:         405504 kB
CmaFree:               0 kB
MemTotal:        7918588 kB
MemFree:           78844 kB
MemAvailable:     530608 kB
Buffers:             544 kB
Cached:           805844 kB
SwapCached:         4520 kB
Active:          3386480 kB
Inactive:        2005684 kB
Active(anon):    3271904 kB
Inactive(anon):  1333192 kB
Active(file):     114576 kB
Inactive(file):   672492 kB
Unevictable:        6392 kB
Mlocked:            5952 kB
SwapTotal:       4718584 kB
SwapFree:        2967800 kB
Dirty:               128 kB
Writeback:             0 kB
AnonPages:       4592272 kB
Mapped:           581756 kB
Shmem:             14664 kB
KReclaimable:     152112 kB
Slab:             309720 kB
SReclaimable:      77112 kB
SUnreclaim:       232608 kB
KernelStack:       49504 kB
ShadowCallStack:   12416 kB
PageTables:        86616 kB
NFS_Unstable:          0 kB
Bounce:                0 kB
WritebackTmp:          0 kB
CommitLimit:     8677876 kB
Committed_AS:   76878888 kB
VmallocTotal:   263061440 kB
VmallocUsed:      132716 kB
VmallocChunk:          0 kB
Percpu:             2448 kB
CmaTotal:         405504 kB
CmaFree:               0 kB
MemTotal:        7918588 kB
MemFree:           74604 kB
MemAvailable:     667504 kB
Buffers:             552 kB
Cached:           805908 kB
SwapCached:         4520 kB
Active:          3439096 kB
Inactive:        1958072 kB
Active(anon):    3324520 kB
Inactive(anon):  1285492 kB
Active(file):     114576 kB
Inactive(file):   672580 kB
Unevictable:        6392 kB
Mlocked:            5952 kB
SwapTotal:       4718584 kB
SwapFree:        2921208 kB
Dirty:               216 kB
Writeback:             0 kB
AnonPages:       4596976 kB
