MemTotal:        7918588 kB
MemFree:         3068000 kB
MemAvailable:    4593464 kB
Buffers:            1776 kB
Cached:          1435484 kB
SwapCached:        12544 kB
Active:          1373704 kB
Inactive:         678932 kB
Active(anon):     613092 kB
Inactive(anon):    24428 kB
Active(file):     760612 kB
Inactive(file):   654504 kB
Unevictable:        6520 kB
Mlocked:            6080 kB
SwapTotal:       4718584 kB
SwapFree:        3159340 kB
Dirty:            180616 kB
Writeback:            20 kB
AnonPages:        616972 kB
Mapped:           505440 kB
Shmem:             17188 kB
KReclaimable:     557916 kB
Slab:             315056 kB
SReclaimable:      85280 kB
SUnreclaim:       229776 kB
KernelStack:       47280 kB
ShadowCallStack:   11876 kB
PageTables:        63700 kB
NFS_Unstable:          0 kB
Bounce:                0 kB
WritebackTmp:          0 kB
CommitLimit:     8677876 kB
Committed_AS:   63068944 kB
VmallocTotal:   263061440 kB
VmallocUsed:      130136 kB
VmallocChunk:          0 kB
Percpu:             2592 kB
CmaTotal:         405504 kB
CmaFree:          307684 kB
MemTotal:        7918588 kB
MemFree:         3035412 kB
MemAvailable:    4986620 kB
Buffers:            1784 kB
Cached:          1450792 kB
SwapCached:        12744 kB
Active:          1406304 kB
Inactive:         679308 kB
Active(anon):     630644 kB
Inactive(anon):    24432 kB
Active(file):     775660 kB
Inactive(file):   654876 kB
Unevictable:        6520 kB
Mlocked:            6080 kB
SwapTotal:       4718584 kB
SwapFree:        3160364 kB
Dirty:            180648 kB
Writeback:             0 kB
AnonPages:        634448 kB
Mapped:           562532 kB
Shmem:             17244 kB
KReclaimable:     968240 kB
Slab:             315056 kB
SReclaimable:      85392 kB
SUnreclaim:       229664 kB
KernelStack:       47840 kB
ShadowCallStack:   12004 kB
PageTables:        63776 kB
NFS_Unstable:          0 kB
Bounce:                0 kB
WritebackTmp:          0 kB
CommitLimit:     8677876 kB
Committed_AS:   63182556 kB
VmallocTotal:   263061440 kB
VmallocUsed:      130792 kB
VmallocChunk:          0 kB
Percpu:             2592 kB
CmaTotal:         405504 kB
CmaFree:          307696 kB
MemTotal:        7918588 kB
MemFree:         2991532 kB
MemAvailable:    4701508 kB
Buffers:            1848 kB
Cached:          1455060 kB
SwapCached:        12780 kB
Active:          1447428 kB
Inactive:         679452 kB
Active(anon):     667856 kB
Inactive(anon):    24432 kB
Active(file):     779572 kB
Inactive(file):   655020 kB
Unevictable:        6520 kB
Mlocked:            6080 kB
SwapTotal:       4718584 kB
SwapFree:        3160876 kB
Dirty:            180660 kB
Writeback:             0 kB
AnonPages:        671168 kB
Mapped:           589648 kB
Shmem:             17492 kB
KReclaimable:     722952 kB
Slab:             315584 kB
SReclaimable:      85440 kB
SUnreclaim:       230144 kB
KernelStack:       47968 kB
ShadowCallStack:   12032 kB
PageTables:        64448 kB
NFS_Unstable:          0 kB
Bounce:                0 kB
WritebackTmp:          0 kB
CommitLimit:     8677876 kB
Committed_AS:   63233320 kB
VmallocTotal:   263061440 kB
VmallocUsed:      130960 kB
VmallocChunk:          0 kB
Percpu:             2592 kB
CmaTotal:         405504 kB
CmaFree:          307696 kB
MemTotal:        7918588 kB
MemFree:         2986396 kB
MemAvailable:    4696600 kB
Buffers:            1864 kB
Cached:          1455180 kB
SwapCached:        12784 kB
Active:          1450508 kB
Inactive:         679568 kB
Active(anon):     670936 kB
Inactive(anon):    24416 kB
Active(file):     779572 kB
Inactive(file):   655152 kB
Unevictable:        6520 kB
Mlocked:            6080 kB
SwapTotal:       4718584 kB
SwapFree:        3161132 kB
Dirty:            180728 kB
Writeback:             0 kB
AnonPages:        674480 kB
Mapped:           590264 kB
Shmem:             17524 kB
KReclaimable:     723048 kB
Slab:             315800 kB
SReclaimable:      85472 kB
SUnreclaim:       230328 kB
KernelStack:       48000 kB
ShadowCallStack:   12020 kB
PageTables:        64628 kB
NFS_Unstable:          0 kB
Bounce:                0 kB
WritebackTmp:          0 kB
CommitLimit:     8677876 kB
Committed_AS:   63233320 kB
VmallocTotal:   263061440 kB
VmallocUsed:      130960 kB
VmallocChunk:          0 kB
Percpu:             2592 kB
CmaTotal:         405504 kB
CmaFree:          307696 kB
MemTotal:        7918588 kB
MemFree:         2941664 kB
MemAvailable:    4531364 kB
Buffers:            1864 kB
Cached:          1457108 kB
SwapCached:        12784 kB
Active:          1496888 kB
Inactive:         679644 kB
Active(anon):     715552 kB
Inactive(anon):    24432 kB
Active(file):     781336 kB
Inactive(file):   655212 kB
Unevictable:        6520 kB
Mlocked:            6080 kB
SwapTotal:       4718584 kB
SwapFree:        3164716 kB
Dirty:            180752 kB
Writeback:             0 kB
AnonPages:        718744 kB
Mapped:           591952 kB
Shmem:             17628 kB
KReclaimable:     600720 kB
Slab:             315872 kB
SReclaimable:      85488 kB
SUnreclaim:       230384 kB
KernelStack:       48080 kB
ShadowCallStack:   12060 kB
PageTables:        64536 kB
NFS_Unstable:          0 kB
Bounce:                0 kB
WritebackTmp:          0 kB
CommitLimit:     8677876 kB
Committed_AS:   63233968 kB
VmallocTotal:   263061440 kB
VmallocUsed:      131164 kB
VmallocChunk:          0 kB
Percpu:             2592 kB
CmaTotal:         405504 kB
CmaFree:          308616 kB
MemTotal:        7918588 kB
MemFree:         2981748 kB
MemAvailable:    4713160 kB
Buffers:            1864 kB
Cached:          1457056 kB
SwapCached:        12784 kB
Active:          1457052 kB
Inactive:         679640 kB
Active(anon):     675712 kB
Inactive(anon):    24428 kB
Active(file):     781340 kB
Inactive(file):   655212 kB
Unevictable:        6520 kB
Mlocked:            6080 kB
SwapTotal:       4718584 kB
SwapFree:        3164716 kB
Dirty:             17372 kB
Writeback:           116 kB
AnonPages:        678892 kB
Mapped:           591648 kB
Shmem:             17572 kB
KReclaimable:     742428 kB
Slab:             315648 kB
SReclaimable:      85504 kB
SUnreclaim:       230144 kB
KernelStack:       47776 kB
ShadowCallStack:   11992 kB
PageTables:        64392 kB
NFS_Unstable:          0 kB
Bounce:                0 kB
WritebackTmp:          0 kB
CommitLimit:     8677876 kB
Committed_AS:   63233060 kB
VmallocTotal:   263061440 kB
VmallocUsed:      130496 kB
VmallocChunk:          0 kB
Percpu:             2592 kB
CmaTotal:         405504 kB
CmaFree:          308616 kB
MemTotal:        7918588 kB
MemFree:         2980996 kB
MemAvailable:    4712460 kB
Buffers:            1872 kB
Cached:          1457088 kB
SwapCached:        12784 kB
Active:          1458632 kB
Inactive:         679652 kB
Active(anon):     677292 kB
Inactive(anon):    24428 kB
Active(file):     781340 kB
Inactive(file):   655224 kB
Unevictable:        6520 kB
Mlocked:            6080 kB
SwapTotal:       4718584 kB
SwapFree:        3164716 kB
Dirty:             17256 kB
Writeback:             0 kB
AnonPages:        680620 kB
Mapped:           592940 kB
Shmem:             17600 kB
KReclaimable:     742468 kB
Slab:             315900 kB
SReclaimable:      85504 kB
SUnreclaim:       230396 kB
KernelStack:       47776 kB
ShadowCallStack:   11984 kB
PageTables:        64416 kB
NFS_Unstable:          0 kB
Bounce:                0 kB
WritebackTmp:          0 kB
CommitLimit:     8677876 kB
Committed_AS:   63233056 kB
VmallocTotal:   263061440 kB
VmallocUsed:      130500 kB
VmallocChunk:          0 kB
Percpu:             2592 kB
CmaTotal:         405504 kB
CmaFree:          308616 kB
MemTotal:        7918588 kB
MemFree:         2949572 kB
MemAvailable:    4681056 kB
Buffers:            1872 kB
Cached:          1457096 kB
SwapCached:        12784 kB
Active:          1490192 kB
Inactive:         679544 kB
Active(anon):     708852 kB
Inactive(anon):    24316 kB
Active(file):     781340 kB
Inactive(file):   655228 kB
Unevictable:        6520 kB
Mlocked:            6080 kB
SwapTotal:       4718584 kB
SwapFree:        3165996 kB
Dirty:             17276 kB
Writeback:             0 kB
AnonPages:        711868 kB
Mapped:           593404 kB
Shmem:             17604 kB
KReclaimable:     742484 kB
Slab:             315852 kB
SReclaimable:      85520 kB
SUnreclaim:       230332 kB
KernelStack:       47760 kB
ShadowCallStack:   12000 kB
PageTables:        64380 kB
NFS_Unstable:          0 kB
Bounce:                0 kB
WritebackTmp:          0 kB
CommitLimit:     8677876 kB
Committed_AS:   63272776 kB
VmallocTotal:   263061440 kB
VmallocUsed:      130516 kB
VmallocChunk:          0 kB
Percpu:             2592 kB
CmaTotal:         405504 kB
CmaFree:          308616 kB
MemTotal:        7918588 kB
MemFree:         2751084 kB
MemAvailable:    4416260 kB
Buffers:            1880 kB
Cached:          1458264 kB
SwapCached:        12784 kB
Active:          1685844 kB
Inactive:         679600 kB
Active(anon):     903380 kB
Inactive(anon):    24324 kB
Active(file):     782464 kB
Inactive(file):   655276 kB
Unevictable:        6520 kB
Mlocked:            6080 kB
SwapTotal:       4718584 kB
SwapFree:        3165996 kB
Dirty:             17364 kB
Writeback:             0 kB
AnonPages:        906560 kB
Mapped:           676796 kB
Shmem:             17608 kB
KReclaimable:     675004 kB
Slab:             316452 kB
SReclaimable:      85648 kB
SUnreclaim:       230804 kB
KernelStack:       47856 kB
ShadowCallStack:   11988 kB
PageTables:        65196 kB
NFS_Unstable:          0 kB
Bounce:                0 kB
WritebackTmp:          0 kB
CommitLimit:     8677876 kB
Committed_AS:   63615204 kB
VmallocTotal:   263061440 kB
VmallocUsed:      130552 kB
VmallocChunk:          0 kB
Percpu:             2592 kB
CmaTotal:         405504 kB
CmaFree:          308616 kB
MemTotal:        7918588 kB
MemFree:         2645620 kB
MemAvailable:    4295012 kB
Buffers:            1912 kB
Cached:          1458328 kB
SwapCached:        12788 kB
Active:          1791688 kB
Inactive:         679684 kB
Active(anon):    1009216 kB
Inactive(anon):    24320 kB
Active(file):     782472 kB
Inactive(file):   655364 kB
Unevictable:        6520 kB
Mlocked:            6080 kB
SwapTotal:       4718584 kB
SwapFree:        3165996 kB
Dirty:             17464 kB
Writeback:             0 kB
AnonPages:       1012508 kB
Mapped:           666912 kB
Shmem:             17608 kB
KReclaimable:     659124 kB
Slab:             316528 kB
SReclaimable:      85712 kB
SUnreclaim:       230816 kB
KernelStack:       47840 kB
ShadowCallStack:   12000 kB
PageTables:        65740 kB
NFS_Unstable:          0 kB
Bounce:                0 kB
WritebackTmp:          0 kB
CommitLimit:     8677876 kB
Committed_AS:   64002500 kB
VmallocTotal:   263061440 kB
VmallocUsed:      130576 kB
VmallocChunk:          0 kB
Percpu:             2592 kB
CmaTotal:         405504 kB
CmaFree:          308616 kB
MemTotal:        7918588 kB
MemFree:         2563780 kB
MemAvailable:    4199884 kB
Buffers:            1912 kB
Cached:          1465968 kB
SwapCached:        12804 kB
Active:          1872536 kB
Inactive:         679756 kB
Active(anon):    1082504 kB
Inactive(anon):    24316 kB
Active(file):     790032 kB
Inactive(file):   655440 kB
Unevictable:        6520 kB
Mlocked:            6080 kB
SwapTotal:       4718584 kB
SwapFree:        3166252 kB
Dirty:             17628 kB
Writeback:             0 kB
AnonPages:       1085720 kB
Mapped:           699304 kB
Shmem:             17612 kB
KReclaimable:     638200 kB
Slab:             316584 kB
SReclaimable:      85728 kB
SUnreclaim:       230856 kB
KernelStack:       47856 kB
ShadowCallStack:   12004 kB
PageTables:        66020 kB
NFS_Unstable:          0 kB
Bounce:                0 kB
WritebackTmp:          0 kB
CommitLimit:     8677876 kB
Committed_AS:   64126504 kB
VmallocTotal:   263061440 kB
VmallocUsed:      130596 kB
VmallocChunk:          0 kB
Percpu:             2592 kB
CmaTotal:         405504 kB
CmaFree:          308616 kB
MemTotal:        7918588 kB
MemFree:         2568788 kB
MemAvailable:    4204524 kB
Buffers:            1912 kB
Cached:          1466020 kB
SwapCached:        12804 kB
Active:          1867856 kB
Inactive:         679808 kB
Active(anon):    1077824 kB
Inactive(anon):    24316 kB
Active(file):     790032 kB
Inactive(file):   655492 kB
Unevictable:        6520 kB
Mlocked:            6080 kB
SwapTotal:       4718584 kB
SwapFree:        3166252 kB
Dirty:             17656 kB
Writeback:             0 kB
AnonPages:       1081048 kB
Mapped:           699704 kB
Shmem:             17612 kB
KReclaimable:     637780 kB
Slab:             316660 kB
SReclaimable:      85728 kB
SUnreclaim:       230932 kB
KernelStack:       47856 kB
ShadowCallStack:   12004 kB
PageTables:        66368 kB
NFS_Unstable:          0 kB
Bounce:                0 kB
WritebackTmp:          0 kB
CommitLimit:     8677876 kB
Committed_AS:   64208424 kB
VmallocTotal:   263061440 kB
VmallocUsed:      130572 kB
VmallocChunk:          0 kB
Percpu:             2592 kB
CmaTotal:         405504 kB
CmaFree:          308616 kB
MemTotal:        7918588 kB
MemFree:         2472372 kB
MemAvailable:    4106704 kB
Buffers:            1936 kB
Cached:          1466020 kB
SwapCached:        12804 kB
Active:          1963964 kB
Inactive:         679840 kB
Active(anon):    1173932 kB
Inactive(anon):    24324 kB
Active(file):     790032 kB
Inactive(file):   655516 kB
Unevictable:        6520 kB
Mlocked:            6080 kB
SwapTotal:       4718584 kB
SwapFree:        3166252 kB
Dirty:             17692 kB
Writeback:             0 kB
AnonPages:       1177188 kB
Mapped:           700304 kB
Shmem:             17612 kB
KReclaimable:     636604 kB
Slab:             316784 kB
SReclaimable:      85792 kB
SUnreclaim:       230992 kB
KernelStack:       47872 kB
ShadowCallStack:   12012 kB
PageTables:        66624 kB
NFS_Unstable:          0 kB
Bounce:                0 kB
WritebackTmp:          0 kB
CommitLimit:     8677876 kB
Committed_AS:   64339496 kB
VmallocTotal:   263061440 kB
VmallocUsed:      130580 kB
VmallocChunk:          0 kB
Percpu:             2592 kB
CmaTotal:         405504 kB
CmaFree:          308616 kB
MemTotal:        7918588 kB
MemFree:         2376172 kB
MemAvailable:    4010200 kB
Buffers:            1936 kB
Cached:          1466028 kB
SwapCached:        12804 kB
Active:          2060008 kB
Inactive:         679840 kB
Active(anon):    1269976 kB
Inactive(anon):    24320 kB
Active(file):     790032 kB
Inactive(file):   655520 kB
Unevictable:        6520 kB
Mlocked:            6080 kB
SwapTotal:       4718584 kB
SwapFree:        3166252 kB
Dirty:             17696 kB
Writeback:             0 kB
AnonPages:       1273336 kB
Mapped:           698820 kB
Shmem:             17616 kB
KReclaimable:     636044 kB
Slab:             316748 kB
SReclaimable:      85824 kB
SUnreclaim:       230924 kB
KernelStack:       47808 kB
ShadowCallStack:   12000 kB
PageTables:        66948 kB
NFS_Unstable:          0 kB
Bounce:                0 kB
WritebackTmp:          0 kB
CommitLimit:     8677876 kB
Committed_AS:   64503288 kB
VmallocTotal:   263061440 kB
VmallocUsed:      130560 kB
VmallocChunk:          0 kB
Percpu:             2592 kB
CmaTotal:         405504 kB
CmaFree:          308616 kB
MemTotal:        7918588 kB
MemFree:         2245056 kB
MemAvailable:    3877536 kB
Buffers:            1936 kB
Cached:          1466048 kB
SwapCached:        12804 kB
Active:          2189748 kB
Inactive:         679860 kB
Active(anon):    1399716 kB
Inactive(anon):    24320 kB
Active(file):     790032 kB
Inactive(file):   655540 kB
Unevictable:        6520 kB
Mlocked:            6080 kB
SwapTotal:       4718584 kB
SwapFree:        3166252 kB
Dirty:             17716 kB
Writeback:             0 kB
AnonPages:       1403204 kB
Mapped:           699704 kB
Shmem:             17616 kB
KReclaimable:     634476 kB
Slab:             316736 kB
SReclaimable:      85856 kB
SUnreclaim:       230880 kB
KernelStack:       47792 kB
ShadowCallStack:   11988 kB
PageTables:        67260 kB
NFS_Unstable:          0 kB
Bounce:                0 kB
WritebackTmp:          0 kB
CommitLimit:     8677876 kB
Committed_AS:   64798160 kB
VmallocTotal:   263061440 kB
VmallocUsed:      130556 kB
VmallocChunk:          0 kB
Percpu:             2592 kB
CmaTotal:         405504 kB
CmaFree:          308616 kB
MemTotal:        7918588 kB
MemFree:         2131300 kB
MemAvailable:    3753468 kB
Buffers:            1936 kB
Cached:          1466056 kB
SwapCached:        12804 kB
Active:          2303364 kB
Inactive:         679856 kB
Active(anon):    1513332 kB
Inactive(anon):    24312 kB
Active(file):     790032 kB
Inactive(file):   655544 kB
Unevictable:        6520 kB
Mlocked:            6080 kB
SwapTotal:       4718584 kB
SwapFree:        3166252 kB
Dirty:             17720 kB
Writeback:             0 kB
AnonPages:       1516728 kB
Mapped:           701004 kB
Shmem:             17620 kB
KReclaimable:     624160 kB
Slab:             317084 kB
SReclaimable:      85856 kB
SUnreclaim:       231228 kB
KernelStack:       47824 kB
ShadowCallStack:   11996 kB
PageTables:        67928 kB
NFS_Unstable:          0 kB
Bounce:                0 kB
WritebackTmp:          0 kB
CommitLimit:     8677876 kB
Committed_AS:   65076692 kB
VmallocTotal:   263061440 kB
VmallocUsed:      130540 kB
VmallocChunk:          0 kB
Percpu:             2592 kB
CmaTotal:         405504 kB
CmaFree:          308616 kB
MemTotal:        7918588 kB
MemFree:         2019396 kB
MemAvailable:    3640504 kB
Buffers:            1936 kB
Cached:          1466060 kB
SwapCached:        12804 kB
Active:          2413724 kB
Inactive:         679864 kB
Active(anon):    1623692 kB
Inactive(anon):    24316 kB
Active(file):     790032 kB
Inactive(file):   655548 kB
Unevictable:        6520 kB
Mlocked:            6080 kB
SwapTotal:       4718584 kB
SwapFree:        3166252 kB
Dirty:             17680 kB
Writeback:            44 kB
AnonPages:       1626852 kB
Mapped:           701880 kB
Shmem:             17620 kB
KReclaimable:     623096 kB
Slab:             317100 kB
SReclaimable:      85872 kB
SUnreclaim:       231228 kB
KernelStack:       47824 kB
ShadowCallStack:   12004 kB
PageTables:        68520 kB
NFS_Unstable:          0 kB
Bounce:                0 kB
WritebackTmp:          0 kB
CommitLimit:     8677876 kB
Committed_AS:   65338832 kB
VmallocTotal:   263061440 kB
VmallocUsed:      130556 kB
VmallocChunk:          0 kB
Percpu:             2592 kB
CmaTotal:         405504 kB
CmaFree:          308616 kB
MemTotal:        7918588 kB
MemFree:         1902104 kB
MemAvailable:    3521672 kB
Buffers:            1936 kB
Cached:          1466064 kB
SwapCached:        12804 kB
Active:          2530084 kB
Inactive:         679872 kB
Active(anon):    1740052 kB
Inactive(anon):    24320 kB
Active(file):     790032 kB
Inactive(file):   655552 kB
Unevictable:        6520 kB
Mlocked:            6080 kB
SwapTotal:       4718584 kB
SwapFree:        3166252 kB
Dirty:             17692 kB
Writeback:             0 kB
AnonPages:       1743396 kB
Mapped:           702892 kB
Shmem:             17620 kB
KReclaimable:     621552 kB
Slab:             317184 kB
SReclaimable:      85920 kB
SUnreclaim:       231264 kB
KernelStack:       47808 kB
ShadowCallStack:   12008 kB
PageTables:        69064 kB
NFS_Unstable:          0 kB
Bounce:                0 kB
WritebackTmp:          0 kB
CommitLimit:     8677876 kB
Committed_AS:   65617360 kB
VmallocTotal:   263061440 kB
VmallocUsed:      130556 kB
VmallocChunk:          0 kB
Percpu:             2592 kB
CmaTotal:         405504 kB
CmaFree:          308616 kB
MemTotal:        7918588 kB
MemFree:         1793412 kB
MemAvailable:    3411468 kB
Buffers:            1944 kB
Cached:          1466068 kB
SwapCached:        12804 kB
Active:          2637724 kB
Inactive:         679880 kB
Active(anon):    1847692 kB
Inactive(anon):    24320 kB
Active(file):     790032 kB
Inactive(file):   655560 kB
Unevictable:        6520 kB
Mlocked:            6080 kB
SwapTotal:       4718584 kB
SwapFree:        3166252 kB
Dirty:             17716 kB
Writeback:             0 kB
AnonPages:       1851028 kB
Mapped:           703876 kB
Shmem:             17624 kB
KReclaimable:     620032 kB
Slab:             317348 kB
SReclaimable:      85920 kB
SUnreclaim:       231428 kB
KernelStack:       47840 kB
ShadowCallStack:   11996 kB
PageTables:        69596 kB
NFS_Unstable:          0 kB
Bounce:                0 kB
WritebackTmp:          0 kB
CommitLimit:     8677876 kB
Committed_AS:   65895892 kB
VmallocTotal:   263061440 kB
VmallocUsed:      130568 kB
VmallocChunk:          0 kB
Percpu:             2592 kB
CmaTotal:         405504 kB
CmaFree:          308616 kB
MemTotal:        7918588 kB
MemFree:         1707016 kB
MemAvailable:    3324088 kB
Buffers:            1944 kB
Cached:          1466068 kB
SwapCached:        12804 kB
Active:          2724164 kB
Inactive:         679876 kB
Active(anon):    1934132 kB
Inactive(anon):    24316 kB
Active(file):     790032 kB
Inactive(file):   655560 kB
Unevictable:        6520 kB
Mlocked:            6080 kB
SwapTotal:       4718584 kB
SwapFree:        3166252 kB
Dirty:             17716 kB
Writeback:             0 kB
AnonPages:       1937412 kB
Mapped:           704676 kB
Shmem:             17624 kB
KReclaimable:     619048 kB
Slab:             317340 kB
SReclaimable:      85920 kB
SUnreclaim:       231420 kB
KernelStack:       47824 kB
ShadowCallStack:   12004 kB
PageTables:        70108 kB
NFS_Unstable:          0 kB
Bounce:                0 kB
WritebackTmp:          0 kB
CommitLimit:     8677876 kB
Committed_AS:   66092504 kB
VmallocTotal:   263061440 kB
VmallocUsed:      130556 kB
VmallocChunk:          0 kB
Percpu:             2592 kB
CmaTotal:         405504 kB
CmaFree:          308616 kB
MemTotal:        7918588 kB
MemFree:         1596984 kB
MemAvailable:    3212200 kB
Buffers:            1944 kB
Cached:          1466068 kB
SwapCached:        12804 kB
Active:          2833900 kB
Inactive:         679892 kB
Active(anon):    2043868 kB
Inactive(anon):    24332 kB
Active(file):     790032 kB
Inactive(file):   655560 kB
Unevictable:        6520 kB
Mlocked:            6080 kB
SwapTotal:       4718584 kB
SwapFree:        3166252 kB
Dirty:             17716 kB
Writeback:             0 kB
AnonPages:       2046980 kB
Mapped:           705768 kB
Shmem:             17624 kB
KReclaimable:     617192 kB
Slab:             317324 kB
SReclaimable:      85920 kB
SUnreclaim:       231404 kB
KernelStack:       47824 kB
ShadowCallStack:   12004 kB
PageTables:        70580 kB
NFS_Unstable:          0 kB
Bounce:                0 kB
WritebackTmp:          0 kB
CommitLimit:     8677876 kB
Committed_AS:   66371032 kB
VmallocTotal:   263061440 kB
VmallocUsed:      130572 kB
VmallocChunk:          0 kB
Percpu:             2592 kB
CmaTotal:         405504 kB
CmaFree:          308616 kB
MemTotal:        7918588 kB
MemFree:         1493852 kB
MemAvailable:    3107968 kB
Buffers:            1952 kB
Cached:          1466080 kB
SwapCached:        12804 kB
Active:          2936848 kB
Inactive:         679896 kB
Active(anon):    2146816 kB
Inactive(anon):    24316 kB
Active(file):     790032 kB
Inactive(file):   655580 kB
Unevictable:        6520 kB
Mlocked:            6080 kB
SwapTotal:       4718584 kB
SwapFree:        3166252 kB
Dirty:             17732 kB
Writeback:             0 kB
AnonPages:       2150036 kB
Mapped:           706576 kB
Shmem:             17624 kB
KReclaimable:     616072 kB
Slab:             317364 kB
SReclaimable:      85920 kB
SUnreclaim:       231444 kB
KernelStack:       47824 kB
ShadowCallStack:   11996 kB
PageTables:        71120 kB
NFS_Unstable:          0 kB
Bounce:                0 kB
WritebackTmp:          0 kB
CommitLimit:     8677876 kB
Committed_AS:   66633172 kB
VmallocTotal:   263061440 kB
VmallocUsed:      130564 kB
VmallocChunk:          0 kB
Percpu:             2592 kB
CmaTotal:         405504 kB
CmaFree:          308616 kB
MemTotal:        7918588 kB
MemFree:         1420400 kB
MemAvailable:    3033852 kB
Buffers:            1976 kB
Cached:          1466076 kB
SwapCached:        12804 kB
Active:          3009032 kB
Inactive:         679916 kB
Active(anon):    2219000 kB
Inactive(anon):    24320 kB
Active(file):     790032 kB
Inactive(file):   655596 kB
Unevictable:        6520 kB
Mlocked:            6080 kB
SwapTotal:       4718584 kB
SwapFree:        3166252 kB
Dirty:             17732 kB
Writeback:             0 kB
AnonPages:       2222144 kB
Mapped:           707112 kB
Shmem:             17628 kB
KReclaimable:     615392 kB
Slab:             317384 kB
SReclaimable:      85936 kB
SUnreclaim:       231448 kB
KernelStack:       47808 kB
ShadowCallStack:   12000 kB
PageTables:        71416 kB
NFS_Unstable:          0 kB
Bounce:                0 kB
WritebackTmp:          0 kB
CommitLimit:     8677876 kB
Committed_AS:   66797016 kB
VmallocTotal:   263061440 kB
VmallocUsed:      130552 kB
VmallocChunk:          0 kB
Percpu:             2592 kB
CmaTotal:         405504 kB
CmaFree:          308616 kB
MemTotal:        7918588 kB
MemFree:         1337892 kB
MemAvailable:    2950032 kB
Buffers:            1976 kB
Cached:          1466084 kB
SwapCached:        12804 kB
Active:          3091900 kB
Inactive:         679920 kB
Active(anon):    2301868 kB
Inactive(anon):    24316 kB
Active(file):     790032 kB
Inactive(file):   655604 kB
Unevictable:        6520 kB
Mlocked:            6080 kB
SwapTotal:       4718584 kB
SwapFree:        3166252 kB
Dirty:             17736 kB
Writeback:             0 kB
AnonPages:       2305028 kB
Mapped:           707860 kB
Shmem:             17628 kB
KReclaimable:     614072 kB
Slab:             317480 kB
SReclaimable:      85936 kB
SUnreclaim:       231544 kB
KernelStack:       47792 kB
ShadowCallStack:   11980 kB
PageTables:        71668 kB
NFS_Unstable:          0 kB
Bounce:                0 kB
WritebackTmp:          0 kB
CommitLimit:     8677876 kB
Committed_AS:   66977188 kB
VmallocTotal:   263061440 kB
VmallocUsed:      130540 kB
VmallocChunk:          0 kB
Percpu:             2592 kB
CmaTotal:         405504 kB
CmaFree:          308616 kB
MemTotal:        7918588 kB
MemFree:         1251952 kB
MemAvailable:    2864176 kB
Buffers:            1976 kB
Cached:          1467100 kB
SwapCached:        12804 kB
Active:          3175244 kB
Inactive:         679828 kB
Active(anon):    2384200 kB
Inactive(anon):    24224 kB
Active(file):     791044 kB
Inactive(file):   655604 kB
Unevictable:        6520 kB
Mlocked:            6080 kB
SwapTotal:       4718584 kB
SwapFree:        3167020 kB
Dirty:             17736 kB
Writeback:             0 kB
AnonPages:       2387496 kB
Mapped:           708864 kB
Shmem:             17632 kB
KReclaimable:     613144 kB
Slab:             317576 kB
SReclaimable:      85936 kB
SUnreclaim:       231640 kB
KernelStack:       47808 kB
ShadowCallStack:   12004 kB
PageTables:        71788 kB
NFS_Unstable:          0 kB
Bounce:                0 kB
WritebackTmp:          0 kB
CommitLimit:     8677876 kB
Committed_AS:   67173800 kB
VmallocTotal:   263061440 kB
VmallocUsed:      130532 kB
VmallocChunk:          0 kB
Percpu:             2592 kB
CmaTotal:         405504 kB
CmaFree:          238336 kB
MemTotal:        7918588 kB
MemFree:         1146600 kB
MemAvailable:    2637792 kB
Buffers:            1976 kB
Cached:          1467116 kB
SwapCached:        12808 kB
Active:          3279480 kB
Inactive:         679832 kB
Active(anon):    2488436 kB
Inactive(anon):    24228 kB
Active(file):     791044 kB
Inactive(file):   655604 kB
Unevictable:        6520 kB
Mlocked:            6080 kB
SwapTotal:       4718584 kB
SwapFree:        3167276 kB
Dirty:             17736 kB
Writeback:             0 kB
AnonPages:       2491612 kB
Mapped:           709616 kB
Shmem:             17652 kB
KReclaimable:     492112 kB
Slab:             317556 kB
SReclaimable:      85968 kB
SUnreclaim:       231588 kB
KernelStack:       47920 kB
ShadowCallStack:   12016 kB
PageTables:        72496 kB
NFS_Unstable:          0 kB
Bounce:                0 kB
WritebackTmp:          0 kB
CommitLimit:     8677876 kB
Committed_AS:   67338040 kB
VmallocTotal:   263061440 kB
VmallocUsed:      130708 kB
VmallocChunk:          0 kB
Percpu:             2592 kB
CmaTotal:         405504 kB
CmaFree:          134512 kB
MemTotal:        7918588 kB
MemFree:         1076008 kB
MemAvailable:    2564980 kB
Buffers:            1976 kB
Cached:          1467272 kB
SwapCached:        12808 kB
Active:          3348948 kB
Inactive:         679844 kB
Active(anon):    2557904 kB
Inactive(anon):    24228 kB
Active(file):     791044 kB
Inactive(file):   655616 kB
Unevictable:        6520 kB
Mlocked:            6080 kB
SwapTotal:       4718584 kB
SwapFree:        3167276 kB
Dirty:             17748 kB
Writeback:             0 kB
AnonPages:       2560948 kB
Mapped:           710408 kB
Shmem:             17792 kB
KReclaimable:     489880 kB
Slab:             317872 kB
SReclaimable:      85968 kB
SUnreclaim:       231904 kB
KernelStack:       47920 kB
ShadowCallStack:   12020 kB
PageTables:        72808 kB
NFS_Unstable:          0 kB
Bounce:                0 kB
WritebackTmp:          0 kB
CommitLimit:     8677876 kB
Committed_AS:   67485492 kB
VmallocTotal:   263061440 kB
VmallocUsed:      130704 kB
VmallocChunk:          0 kB
Percpu:             2592 kB
CmaTotal:         405504 kB
CmaFree:           64336 kB
MemTotal:        7918588 kB
MemFree:         1058824 kB
MemAvailable:    2668836 kB
Buffers:            1976 kB
Cached:          1467112 kB
SwapCached:        12808 kB
Active:          3365676 kB
Inactive:         679844 kB
Active(anon):    2574632 kB
Inactive(anon):    24228 kB
Active(file):     791044 kB
Inactive(file):   655616 kB
Unevictable:        6520 kB
Mlocked:            6080 kB
SwapTotal:       4718584 kB
SwapFree:        3167276 kB
Dirty:             17748 kB
Writeback:             0 kB
AnonPages:       2577808 kB
Mapped:           710172 kB
Shmem:             17632 kB
KReclaimable:     610920 kB
Slab:             317764 kB
SReclaimable:      85968 kB
SUnreclaim:       231796 kB
KernelStack:       47808 kB
ShadowCallStack:   11988 kB
PageTables:        72980 kB
NFS_Unstable:          0 kB
Bounce:                0 kB
WritebackTmp:          0 kB
CommitLimit:     8677876 kB
Committed_AS:   67632552 kB
VmallocTotal:   263061440 kB
VmallocUsed:      130532 kB
VmallocChunk:          0 kB
Percpu:             2592 kB
CmaTotal:         405504 kB
CmaFree:           46908 kB
MemTotal:        7918588 kB
MemFree:         1003156 kB
MemAvailable:    2612488 kB
Buffers:            1984 kB
Cached:          1467116 kB
SwapCached:        12808 kB
Active:          3423352 kB
Inactive:         679852 kB
Active(anon):    2632308 kB
Inactive(anon):    24228 kB
Active(file):     791044 kB
Inactive(file):   655624 kB
Unevictable:        6520 kB
Mlocked:            6080 kB
SwapTotal:       4718584 kB
SwapFree:        3167276 kB
Dirty:             17748 kB
Writeback:             0 kB
AnonPages:       2635432 kB
Mapped:           710572 kB
Shmem:             17636 kB
KReclaimable:     610232 kB
Slab:             317824 kB
SReclaimable:      85984 kB
SUnreclaim:       231840 kB
KernelStack:       47808 kB
ShadowCallStack:   11988 kB
PageTables:        73116 kB
NFS_Unstable:          0 kB
Bounce:                0 kB
WritebackTmp:          0 kB
CommitLimit:     8677876 kB
Committed_AS:   67763628 kB
VmallocTotal:   263061440 kB
VmallocUsed:      130532 kB
VmallocChunk:          0 kB
Percpu:             2592 kB
CmaTotal:         405504 kB
CmaFree:              32 kB
MemTotal:        7918588 kB
MemFree:          937136 kB
MemAvailable:    2544900 kB
Buffers:            1984 kB
Cached:          1467116 kB
SwapCached:        12808 kB
Active:          3488436 kB
Inactive:         679844 kB
Active(anon):    2697392 kB
Inactive(anon):    24220 kB
Active(file):     791044 kB
Inactive(file):   655624 kB
Unevictable:        6520 kB
Mlocked:            6080 kB
SwapTotal:       4718584 kB
SwapFree:        3167532 kB
Dirty:             17748 kB
Writeback:             0 kB
AnonPages:       2700460 kB
Mapped:           711604 kB
Shmem:             17636 kB
KReclaimable:     608664 kB
Slab:             317992 kB
SReclaimable:      86032 kB
SUnreclaim:       231960 kB
KernelStack:       47792 kB
ShadowCallStack:   12000 kB
PageTables:        73572 kB
NFS_Unstable:          0 kB
Bounce:                0 kB
WritebackTmp:          0 kB
CommitLimit:     8677876 kB
Committed_AS:   67912108 kB
VmallocTotal:   263061440 kB
VmallocUsed:      130532 kB
VmallocChunk:          0 kB
Percpu:             2592 kB
CmaTotal:         405504 kB
CmaFree:               0 kB
MemTotal:        7918588 kB
MemFree:          873432 kB
MemAvailable:    2480660 kB
Buffers:            1984 kB
Cached:          1467108 kB
SwapCached:        12808 kB
Active:          3553648 kB
Inactive:         679832 kB
Active(anon):    2762604 kB
Inactive(anon):    24224 kB
Active(file):     791044 kB
Inactive(file):   655608 kB
Unevictable:        6520 kB
Mlocked:            6080 kB
SwapTotal:       4718584 kB
SwapFree:        3167532 kB
Dirty:             17736 kB
Writeback:             0 kB
AnonPages:       2765596 kB
Mapped:           711876 kB
Shmem:             17640 kB
KReclaimable:     608144 kB
Slab:             318108 kB
SReclaimable:      86048 kB
SUnreclaim:       232060 kB
KernelStack:       47776 kB
ShadowCallStack:   11976 kB
PageTables:        73528 kB
NFS_Unstable:          0 kB
Bounce:                0 kB
WritebackTmp:          0 kB
CommitLimit:     8677876 kB
Committed_AS:   68059572 kB
VmallocTotal:   263061440 kB
VmallocUsed:      130500 kB
VmallocChunk:          0 kB
Percpu:             2592 kB
CmaTotal:         405504 kB
CmaFree:               0 kB
MemTotal:        7918588 kB
MemFree:          806464 kB
MemAvailable:    2412868 kB
Buffers:            1984 kB
Cached:          1467100 kB
SwapCached:        12808 kB
Active:          3619980 kB
Inactive:         679860 kB
Active(anon):    2828936 kB
Inactive(anon):    24224 kB
Active(file):     791044 kB
Inactive(file):   655636 kB
Unevictable:        6520 kB
Mlocked:            6080 kB
SwapTotal:       4718584 kB
SwapFree:        3167788 kB
Dirty:               696 kB
Writeback:             0 kB
AnonPages:       2832128 kB
Mapped:           712492 kB
Shmem:             17608 kB
KReclaimable:     607292 kB
Slab:             318068 kB
SReclaimable:      86048 kB
SUnreclaim:       232020 kB
KernelStack:       47792 kB
ShadowCallStack:   11996 kB
PageTables:        74120 kB
NFS_Unstable:          0 kB
Bounce:                0 kB
WritebackTmp:          0 kB
CommitLimit:     8677876 kB
Committed_AS:   68206996 kB
VmallocTotal:   263061440 kB
VmallocUsed:      130520 kB
VmallocChunk:          0 kB
Percpu:             2592 kB
CmaTotal:         405504 kB
CmaFree:               0 kB
MemTotal:        7918588 kB
MemFree:          751088 kB
MemAvailable:    2357140 kB
Buffers:            1984 kB
Cached:          1467100 kB
SwapCached:        12808 kB
Active:          3675292 kB
Inactive:         679860 kB
Active(anon):    2884248 kB
Inactive(anon):    24224 kB
Active(file):     791044 kB
Inactive(file):   655636 kB
Unevictable:        6520 kB
Mlocked:            6080 kB
SwapTotal:       4718584 kB
SwapFree:        3167788 kB
Dirty:               696 kB
Writeback:             0 kB
AnonPages:       2887624 kB
Mapped:           712720 kB
Shmem:             17608 kB
KReclaimable:     606940 kB
Slab:             318196 kB
SReclaimable:      86064 kB
SUnreclaim:       232132 kB
KernelStack:       47792 kB
ShadowCallStack:   12000 kB
PageTables:        74240 kB
NFS_Unstable:          0 kB
Bounce:                0 kB
WritebackTmp:          0 kB
CommitLimit:     8677876 kB
Committed_AS:   68321684 kB
VmallocTotal:   263061440 kB
VmallocUsed:      130536 kB
VmallocChunk:          0 kB
Percpu:             2592 kB
CmaTotal:         405504 kB
CmaFree:               0 kB
MemTotal:        7918588 kB
MemFree:          680096 kB
MemAvailable:    2285480 kB
Buffers:            2008 kB
Cached:          1467072 kB
SwapCached:        12808 kB
Active:          3745540 kB
Inactive:         679852 kB
Active(anon):    2954496 kB
Inactive(anon):    24220 kB
Active(file):     791044 kB
Inactive(file):   655632 kB
Unevictable:        6520 kB
Mlocked:            6080 kB
SwapTotal:       4718584 kB
SwapFree:        3167788 kB
Dirty:               712 kB
Writeback:             0 kB
AnonPages:       2957512 kB
Mapped:           713144 kB
Shmem:             17608 kB
KReclaimable:     606276 kB
Slab:             318260 kB
SReclaimable:      86064 kB
SUnreclaim:       232196 kB
KernelStack:       47776 kB
ShadowCallStack:   12016 kB
PageTables:        74548 kB
NFS_Unstable:          0 kB
Bounce:                0 kB
WritebackTmp:          0 kB
CommitLimit:     8677876 kB
Committed_AS:   68469136 kB
VmallocTotal:   263061440 kB
VmallocUsed:      130536 kB
VmallocChunk:          0 kB
Percpu:             2592 kB
CmaTotal:         405504 kB
CmaFree:               0 kB
MemTotal:        7918588 kB
MemFree:          622716 kB
MemAvailable:    2227168 kB
Buffers:            2008 kB
Cached:          1467100 kB
SwapCached:        12808 kB
Active:          3803692 kB
Inactive:         679880 kB
Active(anon):    3012648 kB
Inactive(anon):    24220 kB
Active(file):     791044 kB
Inactive(file):   655660 kB
Unevictable:        6520 kB
Mlocked:            6080 kB
SwapTotal:       4718584 kB
SwapFree:        3167788 kB
Dirty:               720 kB
Writeback:             0 kB
AnonPages:       3015816 kB
Mapped:           713732 kB
Shmem:             17608 kB
KReclaimable:     605316 kB
Slab:             318272 kB
SReclaimable:      86000 kB
SUnreclaim:       232272 kB
KernelStack:       47808 kB
ShadowCallStack:   11992 kB
PageTables:        74884 kB
NFS_Unstable:          0 kB
Bounce:                0 kB
WritebackTmp:          0 kB
CommitLimit:     8677876 kB
Committed_AS:   68583824 kB
VmallocTotal:   263061440 kB
VmallocUsed:      130536 kB
VmallocChunk:          0 kB
Percpu:             2592 kB
CmaTotal:         405504 kB
CmaFree:               0 kB
MemTotal:        7918588 kB
MemFree:          548308 kB
MemAvailable:    2151968 kB
Buffers:            2008 kB
Cached:          1467100 kB
SwapCached:        12808 kB
Active:          3878216 kB
Inactive:         679880 kB
Active(anon):    3087172 kB
Inactive(anon):    24220 kB
Active(file):     791044 kB
Inactive(file):   655660 kB
Unevictable:        6520 kB
Mlocked:            6080 kB
SwapTotal:       4718584 kB
SwapFree:        3167788 kB
Dirty:               720 kB
Writeback:             0 kB
AnonPages:       3090440 kB
Mapped:           714204 kB
Shmem:             17608 kB
KReclaimable:     604524 kB
Slab:             318244 kB
SReclaimable:      86000 kB
SUnreclaim:       232244 kB
KernelStack:       47776 kB
ShadowCallStack:   11996 kB
PageTables:        75216 kB
NFS_Unstable:          0 kB
Bounce:                0 kB
WritebackTmp:          0 kB
CommitLimit:     8677876 kB
Committed_AS:   68780432 kB
VmallocTotal:   263061440 kB
VmallocUsed:      130480 kB
VmallocChunk:          0 kB
Percpu:             2592 kB
CmaTotal:         405504 kB
CmaFree:               0 kB
MemTotal:        7918588 kB
MemFree:          488008 kB
MemAvailable:    2091056 kB
Buffers:            2016 kB
Cached:          1467116 kB
SwapCached:        12808 kB
Active:          3938328 kB
Inactive:         679896 kB
Active(anon):    3147284 kB
Inactive(anon):    24216 kB
Active(file):     791044 kB
Inactive(file):   655680 kB
Unevictable:        6520 kB
Mlocked:            6080 kB
SwapTotal:       4718584 kB
SwapFree:        3167788 kB
Dirty:               396 kB
Writeback:             0 kB
AnonPages:       3150468 kB
Mapped:           714540 kB
Shmem:             17612 kB
KReclaimable:     603892 kB
Slab:             318128 kB
SReclaimable:      85856 kB
SUnreclaim:       232272 kB
KernelStack:       47776 kB
ShadowCallStack:   11992 kB
PageTables:        75656 kB
NFS_Unstable:          0 kB
Bounce:                0 kB
WritebackTmp:          0 kB
CommitLimit:     8677876 kB
Committed_AS:   68944276 kB
VmallocTotal:   263061440 kB
VmallocUsed:      130484 kB
VmallocChunk:          0 kB
Percpu:             2592 kB
CmaTotal:         405504 kB
CmaFree:               0 kB
MemTotal:        7918588 kB
MemFree:          425944 kB
MemAvailable:    2028160 kB
Buffers:            2016 kB
Cached:          1467116 kB
SwapCached:        12808 kB
Active:          3998844 kB
Inactive:         679896 kB
Active(anon):    3207800 kB
Inactive(anon):    24216 kB
Active(file):     791044 kB
Inactive(file):   655680 kB
Unevictable:        6520 kB
Mlocked:            6080 kB
SwapTotal:       4718584 kB
SwapFree:        3167788 kB
Dirty:               396 kB
Writeback:             0 kB
AnonPages:       3211028 kB
Mapped:           715008 kB
Shmem:             17612 kB
KReclaimable:     603060 kB
Slab:             318200 kB
SReclaimable:      85856 kB
SUnreclaim:       232344 kB
KernelStack:       47760 kB
ShadowCallStack:   11976 kB
PageTables:        75596 kB
NFS_Unstable:          0 kB
Bounce:                0 kB
WritebackTmp:          0 kB
CommitLimit:     8677876 kB
Committed_AS:   69058964 kB
VmallocTotal:   263061440 kB
VmallocUsed:      130484 kB
VmallocChunk:          0 kB
Percpu:             2592 kB
CmaTotal:         405504 kB
CmaFree:               0 kB
MemTotal:        7918588 kB
MemFree:          366144 kB
MemAvailable:    1967624 kB
Buffers:            2024 kB
Cached:          1467116 kB
SwapCached:        12808 kB
Active:          4058852 kB
Inactive:         679888 kB
Active(anon):    3267808 kB
Inactive(anon):    24200 kB
Active(file):     791044 kB
Inactive(file):   655688 kB
Unevictable:        6520 kB
Mlocked:            6080 kB
SwapTotal:       4718584 kB
SwapFree:        3167788 kB
Dirty:               544 kB
Writeback:             0 kB
AnonPages:       3270968 kB
Mapped:           715516 kB
Shmem:             17612 kB
KReclaimable:     602316 kB
Slab:             318320 kB
SReclaimable:      85856 kB
SUnreclaim:       232464 kB
KernelStack:       47792 kB
ShadowCallStack:   11988 kB
PageTables:        76216 kB
NFS_Unstable:          0 kB
Bounce:                0 kB
WritebackTmp:          0 kB
CommitLimit:     8677876 kB
Committed_AS:   69222828 kB
VmallocTotal:   263061440 kB
VmallocUsed:      130484 kB
VmallocChunk:          0 kB
Percpu:             2592 kB
CmaTotal:         405504 kB
CmaFree:               0 kB
MemTotal:        7918588 kB
MemFree:          309684 kB
MemAvailable:    1910572 kB
Buffers:            2024 kB
Cached:          1467120 kB
SwapCached:        12808 kB
Active:          4114472 kB
Inactive:         679888 kB
Active(anon):    3323428 kB
Inactive(anon):    24200 kB
Active(file):     791044 kB
Inactive(file):   655688 kB
Unevictable:        6520 kB
Mlocked:            6080 kB
SwapTotal:       4718584 kB
SwapFree:        3167788 kB
Dirty:               544 kB
Writeback:             0 kB
AnonPages:       3326668 kB
Mapped:           715876 kB
Shmem:             17616 kB
KReclaimable:     601724 kB
Slab:             318220 kB
SReclaimable:      85872 kB
SUnreclaim:       232348 kB
KernelStack:       47760 kB
ShadowCallStack:   11996 kB
PageTables:        76048 kB
NFS_Unstable:          0 kB
Bounce:                0 kB
WritebackTmp:          0 kB
CommitLimit:     8677876 kB
Committed_AS:   69337496 kB
VmallocTotal:   263061440 kB
VmallocUsed:      130484 kB
VmallocChunk:          0 kB
Percpu:             2592 kB
CmaTotal:         405504 kB
CmaFree:               0 kB
MemTotal:        7918588 kB
MemFree:          242416 kB
MemAvailable:    1842504 kB
Buffers:            2024 kB
Cached:          1467120 kB
SwapCached:        12808 kB
Active:          4182252 kB
Inactive:         679892 kB
Active(anon):    3391208 kB
Inactive(anon):    24204 kB
Active(file):     791044 kB
Inactive(file):   655688 kB
Unevictable:        6520 kB
Mlocked:            6080 kB
SwapTotal:       4718584 kB
SwapFree:        3167788 kB
Dirty:               544 kB
Writeback:             0 kB
AnonPages:       3394300 kB
Mapped:           716320 kB
Shmem:             17616 kB
KReclaimable:     600924 kB
Slab:             318408 kB
SReclaimable:      85872 kB
SUnreclaim:       232536 kB
KernelStack:       47792 kB
ShadowCallStack:   11996 kB
PageTables:        76680 kB
NFS_Unstable:          0 kB
Bounce:                0 kB
WritebackTmp:          0 kB
CommitLimit:     8677876 kB
Committed_AS:   69517724 kB
VmallocTotal:   263061440 kB
VmallocUsed:      130500 kB
VmallocChunk:          0 kB
Percpu:             2592 kB
CmaTotal:         405504 kB
CmaFree:               0 kB
MemTotal:        7918588 kB
MemFree:          200548 kB
MemAvailable:    1853036 kB
Buffers:            2020 kB
Cached:          1463296 kB
SwapCached:        12808 kB
Active:          4227636 kB
Inactive:         676056 kB
Active(anon):    3436592 kB
Inactive(anon):    24200 kB
Active(file):     791044 kB
Inactive(file):   651856 kB
Unevictable:        6520 kB
Mlocked:            6080 kB
SwapTotal:       4718584 kB
SwapFree:        3167788 kB
Dirty:               208 kB
Writeback:             0 kB
AnonPages:       3439624 kB
Mapped:           716700 kB
Shmem:             17620 kB
KReclaimable:     599812 kB
Slab:             318260 kB
SReclaimable:      85776 kB
SUnreclaim:       232484 kB
KernelStack:       47808 kB
ShadowCallStack:   11992 kB
PageTables:        76904 kB
NFS_Unstable:          0 kB
Bounce:                0 kB
WritebackTmp:          0 kB
CommitLimit:     8677876 kB
Committed_AS:   69599644 kB
VmallocTotal:   263061440 kB
VmallocUsed:      130500 kB
VmallocChunk:          0 kB
Percpu:             2592 kB
CmaTotal:         405504 kB
CmaFree:               0 kB
MemTotal:        7918588 kB
MemFree:          170988 kB
MemAvailable:    1789776 kB
Buffers:            2012 kB
Cached:          1435852 kB
SwapCached:        12808 kB
Active:          4289400 kB
Inactive:         648496 kB
Active(anon):    3498244 kB
Inactive(anon):    24204 kB
Active(file):     791156 kB
Inactive(file):   624292 kB
Unevictable:        6520 kB
Mlocked:            6080 kB
SwapTotal:       4718584 kB
SwapFree:        3167788 kB
Dirty:               204 kB
Writeback:             4 kB
AnonPages:       3501360 kB
Mapped:           717040 kB
Shmem:             17620 kB
KReclaimable:     593564 kB
Slab:             317560 kB
SReclaimable:      85148 kB
SUnreclaim:       232412 kB
KernelStack:       47760 kB
ShadowCallStack:   11992 kB
PageTables:        76840 kB
NFS_Unstable:          0 kB
Bounce:                0 kB
WritebackTmp:          0 kB
CommitLimit:     8677876 kB
Committed_AS:   69744196 kB
VmallocTotal:   263061440 kB
VmallocUsed:      130480 kB
VmallocChunk:          0 kB
Percpu:             2592 kB
CmaTotal:         405504 kB
CmaFree:               0 kB
MemTotal:        7918588 kB
MemFree:          171320 kB
MemAvailable:    1733720 kB
Buffers:            2036 kB
Cached:          1388900 kB
SwapCached:        12808 kB
Active:          4344980 kB
Inactive:         601572 kB
Active(anon):    3553824 kB
Inactive(anon):    24208 kB
Active(file):     791156 kB
Inactive(file):   577364 kB
Unevictable:        6520 kB
Mlocked:            6080 kB
SwapTotal:       4718584 kB
SwapFree:        3167788 kB
Dirty:               328 kB
Writeback:             0 kB
AnonPages:       3556940 kB
Mapped:           717536 kB
Shmem:             17620 kB
KReclaimable:     584104 kB
Slab:             317220 kB
SReclaimable:      84568 kB
SUnreclaim:       232652 kB
KernelStack:       47792 kB
ShadowCallStack:   11980 kB
PageTables:        77588 kB
NFS_Unstable:          0 kB
Bounce:                0 kB
WritebackTmp:          0 kB
CommitLimit:     8677876 kB
Committed_AS:   69875268 kB
VmallocTotal:   263061440 kB
VmallocUsed:      130500 kB
VmallocChunk:          0 kB
Percpu:             2592 kB
CmaTotal:         405504 kB
CmaFree:               0 kB
MemTotal:        7918588 kB
MemFree:          168776 kB
MemAvailable:    1705076 kB
Buffers:            2036 kB
Cached:          1367184 kB
SwapCached:        12808 kB
Active:          4373120 kB
Inactive:         579896 kB
Active(anon):    3581964 kB
Inactive(anon):    24200 kB
Active(file):     791156 kB
Inactive(file):   555696 kB
Unevictable:        6520 kB
Mlocked:            6080 kB
SwapTotal:       4718584 kB
SwapFree:        3167788 kB
Dirty:               328 kB
Writeback:             0 kB
AnonPages:       3585184 kB
Mapped:           717688 kB
Shmem:             17620 kB
KReclaimable:     579672 kB
Slab:             316564 kB
SReclaimable:      84032 kB
SUnreclaim:       232532 kB
KernelStack:       47760 kB
ShadowCallStack:   12012 kB
PageTables:        77336 kB
NFS_Unstable:          0 kB
Bounce:                0 kB
WritebackTmp:          0 kB
CommitLimit:     8677876 kB
Committed_AS:   69924376 kB
VmallocTotal:   263061440 kB
VmallocUsed:      130496 kB
VmallocChunk:          0 kB
Percpu:             2592 kB
CmaTotal:         405504 kB
CmaFree:               0 kB
MemTotal:        7918588 kB
MemFree:          175304 kB
MemAvailable:    1624132 kB
Buffers:            2004 kB
Cached:          1296128 kB
SwapCached:        12808 kB
Active:          4465912 kB
Inactive:         494448 kB
Active(anon):    3660508 kB
Inactive(anon):    24200 kB
Active(file):     805404 kB
Inactive(file):   470248 kB
Unevictable:        6520 kB
Mlocked:            6080 kB
SwapTotal:       4718584 kB
SwapFree:        3167788 kB
Dirty:               340 kB
Writeback:             0 kB
AnonPages:       3663720 kB
Mapped:           709740 kB
Shmem:             17620 kB
KReclaimable:     563400 kB
Slab:             315076 kB
SReclaimable:      82536 kB
SUnreclaim:       232540 kB
KernelStack:       47776 kB
ShadowCallStack:   11984 kB
PageTables:        77988 kB
NFS_Unstable:          0 kB
Bounce:                0 kB
WritebackTmp:          0 kB
CommitLimit:     8677876 kB
Committed_AS:   70120984 kB
VmallocTotal:   263061440 kB
VmallocUsed:      130492 kB
VmallocChunk:          0 kB
Percpu:             2592 kB
CmaTotal:         405504 kB
CmaFree:               0 kB
MemTotal:        7918588 kB
MemFree:          175080 kB
MemAvailable:    1573164 kB
Buffers:            1964 kB
Cached:          1258264 kB
SwapCached:        12808 kB
Active:          4550204 kB
Inactive:         422220 kB
Active(anon):    3710552 kB
Inactive(anon):    24200 kB
Active(file):     839652 kB
Inactive(file):   398020 kB
Unevictable:        6520 kB
Mlocked:            6080 kB
SwapTotal:       4718584 kB
SwapFree:        3167788 kB
Dirty:               360 kB
Writeback:             0 kB
AnonPages:       3713524 kB
Mapped:           700604 kB
Shmem:             17620 kB
KReclaimable:     550636 kB
Slab:             314508 kB
SReclaimable:      81964 kB
SUnreclaim:       232544 kB
KernelStack:       47760 kB
ShadowCallStack:   11988 kB
PageTables:        77772 kB
NFS_Unstable:          0 kB
Bounce:                0 kB
WritebackTmp:          0 kB
CommitLimit:     8677876 kB
Committed_AS:   70235672 kB
VmallocTotal:   263061440 kB
VmallocUsed:      130496 kB
VmallocChunk:          0 kB
Percpu:             2592 kB
CmaTotal:         405504 kB
CmaFree:               0 kB
MemTotal:        7918588 kB
MemFree:          173764 kB
MemAvailable:    1372500 kB
Buffers:            1948 kB
Cached:          1189056 kB
SwapCached:        12808 kB
Active:          4649992 kB
Inactive:         333644 kB
Active(anon):    3790980 kB
Inactive(anon):    24188 kB
Active(file):     859012 kB
Inactive(file):   309456 kB
Unevictable:        6520 kB
Mlocked:            6080 kB
SwapTotal:       4718584 kB
SwapFree:        3167788 kB
Dirty:               352 kB
Writeback:             0 kB
AnonPages:       3793944 kB
Mapped:           678432 kB
Shmem:             17740 kB
KReclaimable:     420492 kB
Slab:             313800 kB
SReclaimable:      81196 kB
SUnreclaim:       232604 kB
KernelStack:       47888 kB
ShadowCallStack:   12012 kB
PageTables:        78516 kB
NFS_Unstable:          0 kB
Bounce:                0 kB
WritebackTmp:          0 kB
CommitLimit:     8677876 kB
Committed_AS:   70350756 kB
VmallocTotal:   263061440 kB
VmallocUsed:      130664 kB
VmallocChunk:          0 kB
Percpu:             2592 kB
CmaTotal:         405504 kB
CmaFree:               0 kB
MemTotal:        7918588 kB
MemFree:          189128 kB
MemAvailable:    1473720 kB
Buffers:            1948 kB
Cached:          1158216 kB
SwapCached:        12808 kB
Active:          4667384 kB
Inactive:         302928 kB
Active(anon):    3808372 kB
Inactive(anon):    24192 kB
Active(file):     859012 kB
Inactive(file):   278736 kB
Unevictable:        6520 kB
Mlocked:            6080 kB
SwapTotal:       4718584 kB
SwapFree:        3167788 kB
Dirty:               352 kB
Writeback:             0 kB
AnonPages:       3811348 kB
Mapped:           678260 kB
Shmem:             17620 kB
KReclaimable:     537068 kB
Slab:             313004 kB
SReclaimable:      80452 kB
SUnreclaim:       232552 kB
KernelStack:       47744 kB
ShadowCallStack:   11984 kB
PageTables:        78416 kB
NFS_Unstable:          0 kB
Bounce:                0 kB
WritebackTmp:          0 kB
CommitLimit:     8677876 kB
Committed_AS:   70465048 kB
VmallocTotal:   263061440 kB
VmallocUsed:      130528 kB
VmallocChunk:          0 kB
Percpu:             2592 kB
CmaTotal:         405504 kB
CmaFree:             216 kB
MemTotal:        7918588 kB
MemFree:          172584 kB
MemAvailable:    1428128 kB
Buffers:            1932 kB
Cached:          1133920 kB
SwapCached:        12808 kB
Active:          4712216 kB
Inactive:         278616 kB
Active(anon):    3853204 kB
Inactive(anon):    24192 kB
Active(file):     859012 kB
Inactive(file):   254424 kB
Unevictable:        6520 kB
Mlocked:            6080 kB
SwapTotal:       4718584 kB
SwapFree:        3167788 kB
Dirty:               364 kB
Writeback:             0 kB
AnonPages:       3856224 kB
Mapped:           678464 kB
Shmem:             17620 kB
KReclaimable:     532332 kB
Slab:             312400 kB
SReclaimable:      79828 kB
SUnreclaim:       232572 kB
KernelStack:       47760 kB
ShadowCallStack:   11980 kB
PageTables:        78752 kB
NFS_Unstable:          0 kB
Bounce:                0 kB
WritebackTmp:          0 kB
CommitLimit:     8677876 kB
Committed_AS:   70546968 kB
VmallocTotal:   263061440 kB
VmallocUsed:      130476 kB
VmallocChunk:          0 kB
Percpu:             2592 kB
CmaTotal:         405504 kB
CmaFree:               0 kB
MemTotal:        7918588 kB
MemFree:          172676 kB
MemAvailable:    1371096 kB
Buffers:            1896 kB
Cached:          1087224 kB
SwapCached:        12808 kB
Active:          4781032 kB
Inactive:         220116 kB
Active(anon):    3910300 kB
Inactive(anon):    24192 kB
Active(file):     870732 kB
Inactive(file):   195924 kB
Unevictable:        6520 kB
Mlocked:            6080 kB
SwapTotal:       4718584 kB
SwapFree:        3167788 kB
Dirty:               364 kB
Writeback:             0 kB
AnonPages:       3913392 kB
Mapped:           677608 kB
Shmem:             17624 kB
KReclaimable:     521988 kB
Slab:             311396 kB
SReclaimable:      78828 kB
SUnreclaim:       232568 kB
KernelStack:       47776 kB
ShadowCallStack:   12008 kB
PageTables:        79172 kB
NFS_Unstable:          0 kB
Bounce:                0 kB
WritebackTmp:          0 kB
CommitLimit:     8677876 kB
Committed_AS:   70661660 kB
VmallocTotal:   263061440 kB
VmallocUsed:      130496 kB
VmallocChunk:          0 kB
Percpu:             2592 kB
CmaTotal:         405504 kB
CmaFree:               0 kB
MemTotal:        7918588 kB
MemFree:          170992 kB
MemAvailable:    1315032 kB
Buffers:            1904 kB
Cached:          1041204 kB
SwapCached:        12808 kB
Active:          4836348 kB
Inactive:         174108 kB
Active(anon):    3965616 kB
Inactive(anon):    24192 kB
Active(file):     870732 kB
Inactive(file):   149916 kB
Unevictable:        6520 kB
Mlocked:            6080 kB
SwapTotal:       4718584 kB
SwapFree:        3167788 kB
Dirty:               392 kB
Writeback:             0 kB
AnonPages:       3968552 kB
Mapped:           677960 kB
Shmem:             17624 kB
KReclaimable:     513616 kB
Slab:             310300 kB
SReclaimable:      77640 kB
SUnreclaim:       232660 kB
KernelStack:       47744 kB
ShadowCallStack:   12020 kB
PageTables:        78896 kB
NFS_Unstable:          0 kB
Bounce:                0 kB
WritebackTmp:          0 kB
CommitLimit:     8677876 kB
Committed_AS:   70776348 kB
VmallocTotal:   263061440 kB
VmallocUsed:      130496 kB
VmallocChunk:          0 kB
Percpu:             2592 kB
CmaTotal:         405504 kB
CmaFree:               0 kB
MemTotal:        7918588 kB
MemFree:          172572 kB
MemAvailable:    1272064 kB
Buffers:            1868 kB
Cached:          1004052 kB
SwapCached:        12808 kB
Active:          4878212 kB
Inactive:         136952 kB
Active(anon):    4007476 kB
Inactive(anon):    24188 kB
Active(file):     870736 kB
Inactive(file):   112764 kB
Unevictable:        6520 kB
Mlocked:            6080 kB
SwapTotal:       4718584 kB
SwapFree:        3167788 kB
Dirty:               476 kB
Writeback:             0 kB
AnonPages:       4010588 kB
Mapped:           678200 kB
Shmem:             17624 kB
KReclaimable:     506216 kB
Slab:             309292 kB
SReclaimable:      76536 kB
SUnreclaim:       232756 kB
KernelStack:       47760 kB
ShadowCallStack:   11980 kB
PageTables:        79492 kB
NFS_Unstable:          0 kB
Bounce:                0 kB
WritebackTmp:          0 kB
CommitLimit:     8677876 kB
Committed_AS:   70874600 kB
VmallocTotal:   263061440 kB
VmallocUsed:      130460 kB
VmallocChunk:          0 kB
Percpu:             2592 kB
CmaTotal:         405504 kB
CmaFree:               4 kB
MemTotal:        7918588 kB
MemFree:          171628 kB
MemAvailable:    1216120 kB
Buffers:             540 kB
Cached:           964868 kB
SwapCached:        12784 kB
Active:          4126280 kB
Inactive:         904496 kB
Active(anon):    3845184 kB
Inactive(anon):   242664 kB
Active(file):     281096 kB
Inactive(file):   661832 kB
Unevictable:        6520 kB
Mlocked:            6080 kB
SwapTotal:       4718584 kB
SwapFree:        3166252 kB
Dirty:               476 kB
Writeback:             0 kB
AnonPages:       4066752 kB
Mapped:           665744 kB
Shmem:             17624 kB
KReclaimable:     491788 kB
Slab:             309148 kB
SReclaimable:      76396 kB
SUnreclaim:       232752 kB
KernelStack:       47760 kB
ShadowCallStack:   11972 kB
PageTables:        79764 kB
NFS_Unstable:          0 kB
Bounce:                0 kB
WritebackTmp:          0 kB
CommitLimit:     8677876 kB
Committed_AS:   71005672 kB
VmallocTotal:   263061440 kB
VmallocUsed:      130472 kB
VmallocChunk:          0 kB
Percpu:             2592 kB
CmaTotal:         405504 kB
CmaFree:               0 kB
MemTotal:        7918588 kB
MemFree:          174260 kB
MemAvailable:    1155096 kB
Buffers:             488 kB
Cached:           925492 kB
SwapCached:        12760 kB
Active:           298900 kB
Inactive:        4751012 kB
Active(anon):     206672 kB
Inactive(anon):  3939684 kB
Active(file):      92228 kB
Inactive(file):   811328 kB
Unevictable:        6520 kB
Mlocked:            6080 kB
SwapTotal:       4718584 kB
SwapFree:        3166252 kB
Dirty:               480 kB
Writeback:             0 kB
AnonPages:       4125256 kB
Mapped:           651108 kB
Shmem:             17628 kB
KReclaimable:     467504 kB
Slab:             308820 kB
SReclaimable:      75936 kB
SUnreclaim:       232884 kB
KernelStack:       47760 kB
ShadowCallStack:   11988 kB
PageTables:        79928 kB
NFS_Unstable:          0 kB
Bounce:                0 kB
WritebackTmp:          0 kB
CommitLimit:     8677876 kB
Committed_AS:   71136752 kB
VmallocTotal:   263061440 kB
VmallocUsed:      130476 kB
VmallocChunk:          0 kB
Percpu:             2592 kB
CmaTotal:         405504 kB
CmaFree:               0 kB
MemTotal:        7918588 kB
MemFree:          171440 kB
MemAvailable:    1103200 kB
Buffers:             464 kB
Cached:           885084 kB
SwapCached:        12760 kB
Active:           363888 kB
Inactive:        4697796 kB
Active(anon):     259360 kB
Inactive(anon):  3939180 kB
Active(file):     104528 kB
Inactive(file):   758616 kB
Unevictable:        6520 kB
Mlocked:            6080 kB
SwapTotal:       4718584 kB
SwapFree:        3166252 kB
Dirty:               480 kB
Writeback:             0 kB
AnonPages:       4177508 kB
Mapped:           631876 kB
Shmem:             17632 kB
KReclaimable:     458840 kB
Slab:             308840 kB
SReclaimable:      75936 kB
SUnreclaim:       232904 kB
KernelStack:       47744 kB
ShadowCallStack:   12000 kB
PageTables:        80112 kB
NFS_Unstable:          0 kB
Bounce:                0 kB
WritebackTmp:          0 kB
CommitLimit:     8677876 kB
Committed_AS:   71235064 kB
VmallocTotal:   263061440 kB
VmallocUsed:      130456 kB
VmallocChunk:          0 kB
Percpu:             2592 kB
CmaTotal:         405504 kB
CmaFree:               0 kB
MemTotal:        7918588 kB
MemFree:          173252 kB
MemAvailable:    1040744 kB
Buffers:             452 kB
Cached:           829124 kB
SwapCached:        12760 kB
Active:           426920 kB
Inactive:        4639284 kB
Active(anon):     319948 kB
Inactive(anon):  3939108 kB
Active(file):     106972 kB
Inactive(file):   700176 kB
Unevictable:        6520 kB
Mlocked:            6080 kB
SwapTotal:       4718584 kB
SwapFree:        3166252 kB
Dirty:               492 kB
Writeback:             0 kB
AnonPages:       4237860 kB
Mapped:           612232 kB
Shmem:             17632 kB
KReclaimable:     450568 kB
Slab:             308892 kB
SReclaimable:      75936 kB
SUnreclaim:       232956 kB
KernelStack:       47744 kB
ShadowCallStack:   11984 kB
PageTables:        80476 kB
NFS_Unstable:          0 kB
Bounce:                0 kB
WritebackTmp:          0 kB
CommitLimit:     8677876 kB
Committed_AS:   71382516 kB
VmallocTotal:   263061440 kB
VmallocUsed:      130456 kB
VmallocChunk:          0 kB
Percpu:             2592 kB
CmaTotal:         405504 kB
CmaFree:               0 kB
MemTotal:        7918588 kB
MemFree:          169512 kB
MemAvailable:    1010336 kB
Buffers:             448 kB
Cached:           807068 kB
SwapCached:        12760 kB
Active:           469800 kB
Inactive:        4604744 kB
Active(anon):     350388 kB
Inactive(anon):  3938876 kB
Active(file):     119412 kB
Inactive(file):   665868 kB
Unevictable:        6520 kB
Mlocked:            6080 kB
SwapTotal:       4718584 kB
SwapFree:        3166252 kB
Dirty:               504 kB
Writeback:             0 kB
AnonPages:       4268132 kB
Mapped:           604596 kB
Shmem:             17632 kB
KReclaimable:     445768 kB
Slab:             308880 kB
SReclaimable:      75928 kB
SUnreclaim:       232952 kB
KernelStack:       47680 kB
ShadowCallStack:   11984 kB
PageTables:        80464 kB
NFS_Unstable:          0 kB
Bounce:                0 kB
WritebackTmp:          0 kB
CommitLimit:     8677876 kB
Committed_AS:   71447952 kB
VmallocTotal:   263061440 kB
VmallocUsed:      130412 kB
VmallocChunk:          0 kB
Percpu:             2592 kB
CmaTotal:         405504 kB
CmaFree:               0 kB
MemTotal:        7918588 kB
MemFree:          169172 kB
MemAvailable:     931564 kB
Buffers:             448 kB
Cached:           738964 kB
SwapCached:        12760 kB
Active:           550360 kB
Inactive:        4533236 kB
Active(anon):     427872 kB
Inactive(anon):  3938740 kB
Active(file):     122488 kB
Inactive(file):   594496 kB
Unevictable:        6520 kB
Mlocked:            6080 kB
SwapTotal:       4718584 kB
SwapFree:        3166252 kB
Dirty:               508 kB
Writeback:             0 kB
AnonPages:       4345592 kB
Mapped:           587320 kB
Shmem:             17632 kB
KReclaimable:     435632 kB
Slab:             308804 kB
SReclaimable:      75928 kB
SUnreclaim:       232876 kB
KernelStack:       47696 kB
ShadowCallStack:   11964 kB
PageTables:        80960 kB
NFS_Unstable:          0 kB
Bounce:                0 kB
WritebackTmp:          0 kB
CommitLimit:     8677876 kB
Committed_AS:   71628124 kB
VmallocTotal:   263061440 kB
VmallocUsed:      130396 kB
VmallocChunk:          0 kB
Percpu:             2592 kB
CmaTotal:         405504 kB
CmaFree:               0 kB
MemTotal:        7918588 kB
MemFree:          172480 kB
MemAvailable:     877880 kB
Buffers:             444 kB
Cached:           688196 kB
SwapCached:        12772 kB
Active:           606988 kB
Inactive:        4479720 kB
Active(anon):     482912 kB
Inactive(anon):  3937532 kB
Active(file):     124076 kB
Inactive(file):   542188 kB
Unevictable:        6520 kB
Mlocked:            6080 kB
SwapTotal:       4718584 kB
SwapFree:        3167532 kB
Dirty:               508 kB
Writeback:             0 kB
AnonPages:       4399288 kB
Mapped:           575332 kB
Shmem:             17632 kB
KReclaimable:     429360 kB
Slab:             308816 kB
SReclaimable:      75928 kB
SUnreclaim:       232888 kB
KernelStack:       47664 kB
ShadowCallStack:   11972 kB
PageTables:        80972 kB
NFS_Unstable:          0 kB
Bounce:                0 kB
WritebackTmp:          0 kB
CommitLimit:     8677876 kB
Committed_AS:   71726268 kB
VmallocTotal:   263061440 kB
VmallocUsed:      130324 kB
VmallocChunk:          0 kB
Percpu:             2592 kB
CmaTotal:         405504 kB
CmaFree:               0 kB
MemTotal:        7918588 kB
MemFree:          170444 kB
MemAvailable:     831176 kB
Buffers:             452 kB
Cached:           648588 kB
SwapCached:        12772 kB
Active:           651980 kB
Inactive:        4439648 kB
Active(anon):     527612 kB
Inactive(anon):  3937404 kB
Active(file):     124368 kB
Inactive(file):   502244 kB
Unevictable:        6520 kB
Mlocked:            6080 kB
SwapTotal:       4718584 kB
SwapFree:        3167532 kB
Dirty:               508 kB
Writeback:             0 kB
AnonPages:       4443960 kB
Mapped:           570680 kB
Shmem:             17632 kB
KReclaimable:     424344 kB
Slab:             308732 kB
SReclaimable:      75928 kB
SUnreclaim:       232804 kB
KernelStack:       47632 kB
ShadowCallStack:   11948 kB
PageTables:        81284 kB
NFS_Unstable:          0 kB
Bounce:                0 kB
WritebackTmp:          0 kB
CommitLimit:     8677876 kB
Committed_AS:   71824572 kB
VmallocTotal:   263061440 kB
VmallocUsed:      130316 kB
VmallocChunk:          0 kB
Percpu:             2592 kB
CmaTotal:         405504 kB
CmaFree:               0 kB
MemTotal:        7918588 kB
MemFree:          169820 kB
MemAvailable:     765616 kB
Buffers:             448 kB
Cached:           597540 kB
SwapCached:        12772 kB
Active:           716984 kB
Inactive:        4388456 kB
Active(anon):     592580 kB
Inactive(anon):  3937312 kB
Active(file):     124404 kB
Inactive(file):   451144 kB
Unevictable:        6520 kB
Mlocked:            6080 kB
SwapTotal:       4718584 kB
SwapFree:        3167532 kB
Dirty:               512 kB
Writeback:             0 kB
AnonPages:       4508784 kB
Mapped:           566876 kB
Shmem:             17632 kB
KReclaimable:     410472 kB
Slab:             308788 kB
SReclaimable:      75928 kB
SUnreclaim:       232860 kB
KernelStack:       47616 kB
ShadowCallStack:   11932 kB
PageTables:        81628 kB
NFS_Unstable:          0 kB
Bounce:                0 kB
WritebackTmp:          0 kB
CommitLimit:     8677876 kB
Committed_AS:   71975528 kB
VmallocTotal:   263061440 kB
VmallocUsed:      130276 kB
VmallocChunk:          0 kB
Percpu:             2592 kB
CmaTotal:         405504 kB
CmaFree:               0 kB
MemTotal:        7918588 kB
MemFree:          170708 kB
MemAvailable:     705564 kB
Buffers:             448 kB
Cached:           555596 kB
SwapCached:        12772 kB
Active:           777336 kB
Inactive:        4345832 kB
Active(anon):     652452 kB
Inactive(anon):  3937100 kB
Active(file):     124884 kB
Inactive(file):   408732 kB
Unevictable:        6520 kB
Mlocked:            6080 kB
SwapTotal:       4718584 kB
SwapFree:        3167532 kB
Dirty:               520 kB
Writeback:             0 kB
AnonPages:       4568504 kB
Mapped:           565540 kB
Shmem:             17632 kB
KReclaimable:     391464 kB
Slab:             308820 kB
SReclaimable:      75928 kB
SUnreclaim:       232892 kB
KernelStack:       47568 kB
ShadowCallStack:   11940 kB
PageTables:        81884 kB
NFS_Unstable:          0 kB
Bounce:                0 kB
WritebackTmp:          0 kB
CommitLimit:     8677876 kB
Committed_AS:   72090060 kB
VmallocTotal:   263061440 kB
VmallocUsed:      130224 kB
VmallocChunk:          0 kB
Percpu:             2592 kB
CmaTotal:         405504 kB
CmaFree:               0 kB
MemTotal:        7918588 kB
MemFree:          170592 kB
MemAvailable:     666900 kB
Buffers:             448 kB
Cached:           527612 kB
SwapCached:        12772 kB
Active:           819396 kB
Inactive:        4315048 kB
Active(anon):     691828 kB
Inactive(anon):  3936908 kB
Active(file):     127568 kB
Inactive(file):   378140 kB
Unevictable:        6520 kB
Mlocked:            6080 kB
SwapTotal:       4718584 kB
SwapFree:        3167532 kB
Dirty:               524 kB
Writeback:             0 kB
AnonPages:       4607620 kB
Mapped:           558384 kB
Shmem:             17632 kB
KReclaimable:     380824 kB
Slab:             308864 kB
SReclaimable:      75928 kB
SUnreclaim:       232936 kB
KernelStack:       47552 kB
ShadowCallStack:   11932 kB
PageTables:        81868 kB
NFS_Unstable:          0 kB
Bounce:                0 kB
WritebackTmp:          0 kB
CommitLimit:     8677876 kB
Committed_AS:   72171772 kB
VmallocTotal:   263061440 kB
VmallocUsed:      130156 kB
VmallocChunk:          0 kB
Percpu:             2592 kB
CmaTotal:         405504 kB
CmaFree:               0 kB
MemTotal:        7918588 kB
MemFree:          171568 kB
MemAvailable:     605312 kB
Buffers:             472 kB
Cached:           482620 kB
SwapCached:        12772 kB
Active:           881264 kB
Inactive:        4268816 kB
Active(anon):     752684 kB
Inactive(anon):  3936732 kB
Active(file):     128580 kB
Inactive(file):   332084 kB
Unevictable:        6520 kB
Mlocked:            6080 kB
SwapTotal:       4718584 kB
SwapFree:        3167532 kB
Dirty:               528 kB
Writeback:             0 kB
AnonPages:       4668384 kB
Mapped:           553396 kB
Shmem:             17632 kB
KReclaimable:     363304 kB
Slab:             309000 kB
SReclaimable:      75928 kB
SUnreclaim:       233072 kB
KernelStack:       47520 kB
ShadowCallStack:   11920 kB
PageTables:        82296 kB
NFS_Unstable:          0 kB
Bounce:                0 kB
WritebackTmp:          0 kB
CommitLimit:     8677876 kB
Committed_AS:   72302848 kB
VmallocTotal:   263061440 kB
VmallocUsed:      130192 kB
VmallocChunk:          0 kB
Percpu:             2592 kB
CmaTotal:         405504 kB
CmaFree:               0 kB
MemTotal:        7918588 kB
MemFree:          174980 kB
MemAvailable:     544824 kB
Buffers:             468 kB
Cached:           437748 kB
SwapCached:        12772 kB
Active:           943512 kB
Inactive:        4220516 kB
Active(anon):     811552 kB
Inactive(anon):  3936704 kB
Active(file):     131960 kB
Inactive(file):   283812 kB
Unevictable:        6520 kB
Mlocked:            6080 kB
SwapTotal:       4718584 kB
SwapFree:        3167532 kB
Dirty:               528 kB
Writeback:             0 kB
AnonPages:       4727176 kB
Mapped:           542000 kB
Shmem:             17632 kB
KReclaimable:     344296 kB
Slab:             308900 kB
SReclaimable:      75928 kB
SUnreclaim:       232972 kB
KernelStack:       47456 kB
ShadowCallStack:   11928 kB
PageTables:        82344 kB
NFS_Unstable:          0 kB
Bounce:                0 kB
WritebackTmp:          0 kB
CommitLimit:     8677876 kB
Committed_AS:   72417480 kB
VmallocTotal:   263061440 kB
VmallocUsed:      130156 kB
VmallocChunk:          0 kB
Percpu:             2592 kB
CmaTotal:         405504 kB
CmaFree:               0 kB
MemTotal:        7918588 kB
MemFree:          171904 kB
MemAvailable:     498116 kB
Buffers:             468 kB
Cached:           404856 kB
SwapCached:        12772 kB
Active:           991688 kB
Inactive:        4185780 kB
Active(anon):     858500 kB
Inactive(anon):  3936140 kB
Active(file):     133188 kB
Inactive(file):   249640 kB
Unevictable:        6520 kB
Mlocked:            6080 kB
SwapTotal:       4718584 kB
SwapFree:        3167532 kB
Dirty:               536 kB
Writeback:             0 kB
AnonPages:       4773396 kB
Mapped:           533744 kB
Shmem:             17632 kB
KReclaimable:     333608 kB
Slab:             308976 kB
SReclaimable:      75944 kB
SUnreclaim:       233032 kB
KernelStack:       47504 kB
ShadowCallStack:   11924 kB
PageTables:        82460 kB
NFS_Unstable:          0 kB
Bounce:                0 kB
WritebackTmp:          0 kB
CommitLimit:     8677876 kB
Committed_AS:   72515784 kB
VmallocTotal:   263061440 kB
VmallocUsed:      130140 kB
VmallocChunk:          0 kB
Percpu:             2592 kB
CmaTotal:         405504 kB
CmaFree:               4 kB
MemTotal:        7918588 kB
MemFree:          169328 kB
MemAvailable:     420312 kB
Buffers:             460 kB
Cached:           371028 kB
SwapCached:        12728 kB
Active:          1111512 kB
Inactive:        4091740 kB
Active(anon):     972444 kB
Inactive(anon):  3881712 kB
Active(file):     139068 kB
Inactive(file):   210028 kB
Unevictable:        6520 kB
Mlocked:            6080 kB
SwapTotal:       4718584 kB
SwapFree:        3162156 kB
Dirty:               544 kB
Writeback:             4 kB
AnonPages:       4833380 kB
Mapped:           521576 kB
Shmem:             17632 kB
KReclaimable:     308496 kB
Slab:             309104 kB
SReclaimable:      75936 kB
SUnreclaim:       233168 kB
KernelStack:       47536 kB
ShadowCallStack:   11912 kB
PageTables:        82820 kB
NFS_Unstable:          0 kB
Bounce:                0 kB
WritebackTmp:          0 kB
CommitLimit:     8677876 kB
Committed_AS:   72646856 kB
VmallocTotal:   263061440 kB
VmallocUsed:      130140 kB
VmallocChunk:          0 kB
Percpu:             2592 kB
CmaTotal:         405504 kB
CmaFree:             492 kB
MemTotal:        7918588 kB
MemFree:          122208 kB
MemAvailable:     296784 kB
Buffers:             460 kB
Cached:           370728 kB
SwapCached:         7412 kB
Active:          1295988 kB
Inactive:        3943072 kB
Active(anon):    1156732 kB
Inactive(anon):  3733152 kB
Active(file):     139256 kB
Inactive(file):   209920 kB
Unevictable:        6520 kB
Mlocked:            6080 kB
SwapTotal:       4718584 kB
SwapFree:        3120684 kB
Dirty:               544 kB
Writeback:             0 kB
AnonPages:       4873528 kB
Mapped:           521992 kB
Shmem:             17216 kB
KReclaimable:     188728 kB
Slab:             309268 kB
SReclaimable:      76000 kB
SUnreclaim:       233268 kB
KernelStack:       47616 kB
ShadowCallStack:   11944 kB
PageTables:        83136 kB
NFS_Unstable:          0 kB
Bounce:                0 kB
WritebackTmp:          0 kB
CommitLimit:     8677876 kB
Committed_AS:   72729176 kB
VmallocTotal:   263061440 kB
VmallocUsed:      130324 kB
VmallocChunk:          0 kB
Percpu:             2592 kB
CmaTotal:         405504 kB
CmaFree:               0 kB
MemTotal:        7918588 kB
MemFree:          235316 kB
MemAvailable:     437220 kB
Buffers:             464 kB
Cached:           315912 kB
SwapCached:         6356 kB
Active:          1342248 kB
Inactive:        3806524 kB
Active(anon):    1165948 kB
Inactive(anon):  3687608 kB
Active(file):     176300 kB
Inactive(file):   118916 kB
Unevictable:        6520 kB
Mlocked:            6080 kB
SwapTotal:       4718584 kB
SwapFree:        3138604 kB
Dirty:               544 kB
Writeback:             0 kB
AnonPages:       4838836 kB
Mapped:           467020 kB
Shmem:             16296 kB
KReclaimable:     296912 kB
Slab:             307408 kB
SReclaimable:      75276 kB
SUnreclaim:       232132 kB
KernelStack:       45008 kB
ShadowCallStack:   11316 kB
PageTables:        78800 kB
NFS_Unstable:          0 kB
Bounce:                0 kB
WritebackTmp:          0 kB
CommitLimit:     8677876 kB
Committed_AS:   66121872 kB
VmallocTotal:   263061440 kB
VmallocUsed:      127020 kB
VmallocChunk:          0 kB
Percpu:             2592 kB
CmaTotal:         405504 kB
CmaFree:               4 kB
MemTotal:        7918588 kB
MemFree:          190764 kB
MemAvailable:     395632 kB
Buffers:             464 kB
Cached:           319284 kB
SwapCached:         6356 kB
Active:          1388696 kB
Inactive:        3806168 kB
Active(anon):    1208900 kB
Inactive(anon):  3687304 kB
Active(file):     179796 kB
Inactive(file):   118864 kB
Unevictable:        6520 kB
Mlocked:            6080 kB
SwapTotal:       4718584 kB
SwapFree:        3138860 kB
Dirty:               544 kB
Writeback:             0 kB
AnonPages:       4881388 kB
Mapped:           468236 kB
Shmem:             16292 kB
KReclaimable:     296432 kB
Slab:             307236 kB
SReclaimable:      75224 kB
SUnreclaim:       232012 kB
KernelStack:       44976 kB
ShadowCallStack:   11284 kB
PageTables:        79012 kB
NFS_Unstable:          0 kB
Bounce:                0 kB
WritebackTmp:          0 kB
CommitLimit:     8677876 kB
Committed_AS:   66203824 kB
VmallocTotal:   263061440 kB
VmallocUsed:      126984 kB
VmallocChunk:          0 kB
Percpu:             2592 kB
CmaTotal:         405504 kB
CmaFree:               0 kB
MemTotal:        7918588 kB
MemFree:          170100 kB
MemAvailable:     345384 kB
Buffers:             464 kB
Cached:           292844 kB
SwapCached:         6356 kB
Active:          1443236 kB
Inactive:        3775572 kB
Active(anon):    1259224 kB
Inactive(anon):  3687304 kB
Active(file):     184012 kB
Inactive(file):    88268 kB
Unevictable:        6520 kB
Mlocked:            6080 kB
SwapTotal:       4718584 kB
SwapFree:        3138860 kB
Dirty:               552 kB
Writeback:             0 kB
AnonPages:       4931808 kB
Mapped:           441824 kB
Shmem:             16296 kB
KReclaimable:     293228 kB
Slab:             306328 kB
SReclaimable:      74304 kB
SUnreclaim:       232024 kB
KernelStack:       44976 kB
ShadowCallStack:   11280 kB
PageTables:        79480 kB
NFS_Unstable:          0 kB
Bounce:                0 kB
WritebackTmp:          0 kB
CommitLimit:     8677876 kB
Committed_AS:   66318464 kB
VmallocTotal:   263061440 kB
VmallocUsed:      126964 kB
VmallocChunk:          0 kB
Percpu:             2592 kB
CmaTotal:         405504 kB
CmaFree:               0 kB
MemTotal:        7918588 kB
MemFree:          172128 kB
MemAvailable:     295592 kB
Buffers:             432 kB
Cached:           236620 kB
SwapCached:         6356 kB
Active:          1531264 kB
Inactive:        3690636 kB
Active(anon):    1318684 kB
Inactive(anon):  3687256 kB
Active(file):     212580 kB
Inactive(file):     3380 kB
Unevictable:        6520 kB
Mlocked:            6080 kB
SwapTotal:       4718584 kB
SwapFree:        3139116 kB
Dirty:                96 kB
Writeback:             0 kB
AnonPages:       4991108 kB
Mapped:           391476 kB
Shmem:             16296 kB
KReclaimable:     284448 kB
Slab:             304644 kB
SReclaimable:      72528 kB
SUnreclaim:       232116 kB
KernelStack:       44976 kB
ShadowCallStack:   11284 kB
PageTables:        79444 kB
NFS_Unstable:          0 kB
Bounce:                0 kB
WritebackTmp:          0 kB
CommitLimit:     8677876 kB
Committed_AS:   66433152 kB
VmallocTotal:   263061440 kB
VmallocUsed:      126960 kB
VmallocChunk:          0 kB
Percpu:             2592 kB
CmaTotal:         405504 kB
CmaFree:               0 kB
MemTotal:        7918588 kB
MemFree:          169560 kB
MemAvailable:     272572 kB
Buffers:             428 kB
Cached:           243148 kB
SwapCached:         6148 kB
Active:          1980084 kB
Inactive:        3269532 kB
Active(anon):    1757500 kB
Inactive(anon):  3269532 kB
Active(file):     222584 kB
Inactive(file):        0 kB
Unevictable:        6520 kB
Mlocked:            6080 kB
SwapTotal:       4718584 kB
SwapFree:        3120428 kB
Dirty:               156 kB
Writeback:             0 kB
AnonPages:       5012764 kB
Mapped:           392872 kB
Shmem:             16204 kB
KReclaimable:     260684 kB
Slab:             304716 kB
SReclaimable:      72524 kB
SUnreclaim:       232192 kB
KernelStack:       44928 kB
ShadowCallStack:   11288 kB
PageTables:        79280 kB
NFS_Unstable:          0 kB
Bounce:                0 kB
WritebackTmp:          0 kB
CommitLimit:     8677876 kB
Committed_AS:   66515072 kB
VmallocTotal:   263061440 kB
VmallocUsed:      126964 kB
VmallocChunk:          0 kB
Percpu:             2592 kB
CmaTotal:         405504 kB
CmaFree:             252 kB
MemTotal:        7918588 kB
MemFree:          170028 kB
MemAvailable:     238716 kB
Buffers:             528 kB
Cached:           248916 kB
SwapCached:         6136 kB
Active:          2560740 kB
Inactive:        2745116 kB
Active(anon):    2332340 kB
Inactive(anon):  2745116 kB
Active(file):     228400 kB
Inactive(file):        0 kB
Unevictable:        6520 kB
Mlocked:            6080 kB
SwapTotal:       4718584 kB
SwapFree:        3115564 kB
Dirty:               288 kB
Writeback:             0 kB
AnonPages:       5062824 kB
Mapped:           395984 kB
Shmem:             16248 kB
KReclaimable:     204380 kB
Slab:             304704 kB
SReclaimable:      72492 kB
SUnreclaim:       232212 kB
KernelStack:       44960 kB
ShadowCallStack:   11288 kB
PageTables:        79840 kB
NFS_Unstable:          0 kB
Bounce:                0 kB
WritebackTmp:          0 kB
CommitLimit:     8677876 kB
Committed_AS:   66646144 kB
VmallocTotal:   263061440 kB
VmallocUsed:      126944 kB
VmallocChunk:          0 kB
Percpu:             2592 kB
CmaTotal:         405504 kB
CmaFree:               0 kB
MemTotal:        7918588 kB
MemFree:          165680 kB
MemAvailable:     215880 kB
Buffers:             708 kB
Cached:           277676 kB
SwapCached:         6088 kB
Active:          4088040 kB
Inactive:        1293764 kB
Active(anon):    3871980 kB
Inactive(anon):  1252424 kB
Active(file):     216060 kB
Inactive(file):    41340 kB
Unevictable:        6520 kB
Mlocked:            6080 kB
SwapTotal:       4718584 kB
SwapFree:        3100204 kB
Dirty:               292 kB
Writeback:             0 kB
AnonPages:       5109968 kB
Mapped:           404640 kB
Shmem:             16172 kB
KReclaimable:     131716 kB
Slab:             304748 kB
SReclaimable:      72492 kB
SUnreclaim:       232256 kB
KernelStack:       45024 kB
ShadowCallStack:   11300 kB
PageTables:        79608 kB
NFS_Unstable:          0 kB
Bounce:                0 kB
WritebackTmp:          0 kB
CommitLimit:     8677876 kB
Committed_AS:   66777216 kB
VmallocTotal:   263061440 kB
VmallocUsed:      127044 kB
VmallocChunk:          0 kB
Percpu:             2592 kB
CmaTotal:         405504 kB
CmaFree:               0 kB
MemTotal:        7918588 kB
MemFree:          194248 kB
MemAvailable:     247520 kB
Buffers:             712 kB
Cached:           276784 kB
SwapCached:         4376 kB
Active:          4220276 kB
Inactive:        1121692 kB
Active(anon):    4004112 kB
Inactive(anon):  1080404 kB
Active(file):     216164 kB
Inactive(file):    41288 kB
Unevictable:        6520 kB
Mlocked:            6080 kB
SwapTotal:       4718584 kB
SwapFree:        3043372 kB
Dirty:               388 kB
Writeback:             0 kB
AnonPages:       5070892 kB
Mapped:           403896 kB
Shmem:             15248 kB
KReclaimable:     129564 kB
Slab:             304752 kB
SReclaimable:      72492 kB
SUnreclaim:       232260 kB
KernelStack:       45024 kB
ShadowCallStack:   11336 kB
PageTables:        80248 kB
NFS_Unstable:          0 kB
Bounce:                0 kB
WritebackTmp:          0 kB
CommitLimit:     8677876 kB
Committed_AS:   66809984 kB
VmallocTotal:   263061440 kB
VmallocUsed:      127028 kB
VmallocChunk:          0 kB
Percpu:             2592 kB
CmaTotal:         405504 kB
CmaFree:             132 kB
MemTotal:        7918588 kB
MemFree:          247104 kB
MemAvailable:     261188 kB
Buffers:             660 kB
Cached:           220236 kB
SwapCached:         4036 kB
Active:          2826504 kB
Inactive:        2458520 kB
Active(anon):    2736832 kB
Inactive(anon):  2347280 kB
Active(file):      89672 kB
Inactive(file):   111240 kB
Unevictable:        6520 kB
Mlocked:            6080 kB
SwapTotal:       4718584 kB
SwapFree:        2985772 kB
Dirty:               380 kB
Writeback:             0 kB
AnonPages:       5070808 kB
Mapped:           353308 kB
Shmem:             15100 kB
KReclaimable:     122664 kB
Slab:             304740 kB
SReclaimable:      72472 kB
SUnreclaim:       232268 kB
KernelStack:       45040 kB
ShadowCallStack:   11300 kB
PageTables:        80372 kB
NFS_Unstable:          0 kB
Bounce:                0 kB
WritebackTmp:          0 kB
CommitLimit:     8677876 kB
Committed_AS:   66924672 kB
VmallocTotal:   263061440 kB
VmallocUsed:      127032 kB
VmallocChunk:          0 kB
Percpu:             2592 kB
CmaTotal:         405504 kB
CmaFree:            2324 kB
MemTotal:        7918588 kB
MemFree:          233684 kB
MemAvailable:     256364 kB
Buffers:             708 kB
Cached:           236652 kB
SwapCached:         4040 kB
Active:          2899452 kB
Inactive:        2409600 kB
Active(anon):    2766752 kB
Inactive(anon):  2323900 kB
Active(file):     132700 kB
Inactive(file):    85700 kB
Unevictable:        6520 kB
Mlocked:            6080 kB
SwapTotal:       4718584 kB
SwapFree:        3004460 kB
Dirty:               128 kB
Writeback:             0 kB
AnonPages:       5078148 kB
Mapped:           342188 kB
Shmem:             14164 kB
KReclaimable:     122368 kB
Slab:             303512 kB
SReclaimable:      72432 kB
SUnreclaim:       231080 kB
KernelStack:       42608 kB
ShadowCallStack:   10700 kB
PageTables:        76008 kB
NFS_Unstable:          0 kB
Bounce:                0 kB
WritebackTmp:          0 kB
CommitLimit:     8677876 kB
Committed_AS:   60294504 kB
VmallocTotal:   263061440 kB
VmallocUsed:      123988 kB
VmallocChunk:          0 kB
Percpu:             2592 kB
CmaTotal:         405504 kB
CmaFree:            2956 kB
MemTotal:        7918588 kB
MemFree:          182672 kB
MemAvailable:     212608 kB
Buffers:             712 kB
Cached:           251632 kB
SwapCached:         4088 kB
Active:          3238960 kB
Inactive:        2122752 kB
Active(anon):    3091432 kB
Inactive(anon):  2037052 kB
Active(file):     147528 kB
Inactive(file):    85700 kB
Unevictable:        6520 kB
Mlocked:            6080 kB
SwapTotal:       4718584 kB
SwapFree:        3004716 kB
Dirty:               128 kB
Writeback:             0 kB
AnonPages:       5115928 kB
Mapped:           346972 kB
Shmem:             14324 kB
KReclaimable:     122048 kB
Slab:             303516 kB
SReclaimable:      72432 kB
SUnreclaim:       231084 kB
KernelStack:       42640 kB
ShadowCallStack:   10684 kB
PageTables:        76212 kB
NFS_Unstable:          0 kB
Bounce:                0 kB
WritebackTmp:          0 kB
CommitLimit:     8677876 kB
Committed_AS:   60376444 kB
VmallocTotal:   263061440 kB
VmallocUsed:      123960 kB
VmallocChunk:          0 kB
Percpu:             2592 kB
CmaTotal:         405504 kB
CmaFree:               0 kB
MemTotal:        7918588 kB
MemFree:          168620 kB
MemAvailable:     201588 kB
Buffers:             720 kB
Cached:           257896 kB
SwapCached:         1884 kB
Active:          3708416 kB
Inactive:        1659332 kB
Active(anon):    3554212 kB
Inactive(anon):  1573624 kB
Active(file):     154204 kB
Inactive(file):    85708 kB
Unevictable:        6520 kB
Mlocked:            6080 kB
SwapTotal:       4718584 kB
SwapFree:        2936876 kB
Dirty:               128 kB
Writeback:             8 kB
AnonPages:       5115780 kB
Mapped:           347524 kB
Shmem:             13908 kB
KReclaimable:     121432 kB
Slab:             303520 kB
SReclaimable:      72432 kB
SUnreclaim:       231088 kB
KernelStack:       42672 kB
ShadowCallStack:   10700 kB
PageTables:        76788 kB
NFS_Unstable:          0 kB
Bounce:                0 kB
WritebackTmp:          0 kB
CommitLimit:     8677876 kB
Committed_AS:   60491128 kB
VmallocTotal:   263061440 kB
VmallocUsed:      123948 kB
VmallocChunk:          0 kB
Percpu:             2592 kB
CmaTotal:         405504 kB
CmaFree:              12 kB
MemTotal:        7918588 kB
MemFree:          201816 kB
MemAvailable:     234676 kB
Buffers:             728 kB
Cached:           257804 kB
SwapCached:         1528 kB
Active:          3929688 kB
Inactive:        1396112 kB
Active(anon):    3775376 kB
Inactive(anon):  1310404 kB
Active(file):     154312 kB
Inactive(file):    85708 kB
Unevictable:        6520 kB
Mlocked:            6080 kB
SwapTotal:       4718584 kB
SwapFree:        2870060 kB
Dirty:               176 kB
Writeback:             0 kB
AnonPages:       5073780 kB
Mapped:           347756 kB
Shmem:             13716 kB
KReclaimable:     121104 kB
Slab:             303536 kB
SReclaimable:      72432 kB
SUnreclaim:       231104 kB
KernelStack:       42624 kB
ShadowCallStack:   10704 kB
PageTables:        76764 kB
NFS_Unstable:          0 kB
Bounce:                0 kB
WritebackTmp:          0 kB
CommitLimit:     8677876 kB
Committed_AS:   60540280 kB
VmallocTotal:   263061440 kB
VmallocUsed:      124000 kB
VmallocChunk:          0 kB
Percpu:             2592 kB
CmaTotal:         405504 kB
CmaFree:               0 kB
MemTotal:        7918588 kB
MemFree:          167672 kB
MemAvailable:     201412 kB
Buffers:             736 kB
Cached:           259896 kB
SwapCached:         1544 kB
Active:          3979232 kB
Inactive:        1377568 kB
Active(anon):    3822708 kB
Inactive(anon):  1291844 kB
Active(file):     156524 kB
Inactive(file):    85724 kB
Unevictable:        6520 kB
Mlocked:            6080 kB
SwapTotal:       4718584 kB
SwapFree:        2851884 kB
Dirty:               108 kB
Writeback:             0 kB
AnonPages:       5102636 kB
Mapped:           348104 kB
Shmem:             13592 kB
KReclaimable:     120640 kB
Slab:             303548 kB
SReclaimable:      72432 kB
SUnreclaim:       231116 kB
KernelStack:       42608 kB
ShadowCallStack:   10712 kB
PageTables:        76660 kB
NFS_Unstable:          0 kB
Bounce:                0 kB
WritebackTmp:          0 kB
CommitLimit:     8677876 kB
Committed_AS:   60638584 kB
VmallocTotal:   263061440 kB
VmallocUsed:      123996 kB
VmallocChunk:          0 kB
Percpu:             2592 kB
CmaTotal:         405504 kB
CmaFree:               0 kB
MemTotal:        7918588 kB
MemFree:          177804 kB
MemAvailable:     211664 kB
Buffers:             736 kB
Cached:           260724 kB
SwapCached:         1428 kB
Active:          1726368 kB
Inactive:        3602468 kB
Active(anon):    1590156 kB
Inactive(anon):  3495456 kB
Active(file):     136212 kB
Inactive(file):   107012 kB
Unevictable:        6520 kB
Mlocked:            6080 kB
SwapTotal:       4718584 kB
SwapFree:        2756140 kB
Dirty:               108 kB
Writeback:             0 kB
AnonPages:       5073872 kB
Mapped:           349140 kB
Shmem:             13444 kB
KReclaimable:     119904 kB
Slab:             303588 kB
SReclaimable:      72432 kB
SUnreclaim:       231156 kB
KernelStack:       42640 kB
ShadowCallStack:   10700 kB
PageTables:        77132 kB
NFS_Unstable:          0 kB
Bounce:                0 kB
WritebackTmp:          0 kB
CommitLimit:     8677876 kB
Committed_AS:   60769656 kB
VmallocTotal:   263061440 kB
VmallocUsed:      124012 kB
VmallocChunk:          0 kB
Percpu:             2592 kB
CmaTotal:         405504 kB
CmaFree:               0 kB
MemTotal:        7918588 kB
MemFree:          171204 kB
MemAvailable:     206812 kB
Buffers:             760 kB
Cached:           262256 kB
SwapCached:         1428 kB
Active:          1770620 kB
Inactive:        3554876 kB
Active(anon):    1632900 kB
Inactive(anon):  3447816 kB
Active(file):     137720 kB
Inactive(file):   107060 kB
Unevictable:        6520 kB
Mlocked:            6080 kB
SwapTotal:       4718584 kB
SwapFree:        2713644 kB
Dirty:               140 kB
Writeback:             4 kB
AnonPages:       5069052 kB
Mapped:           350160 kB
Shmem:             13440 kB
KReclaimable:     119584 kB
Slab:             303560 kB
SReclaimable:      72352 kB
SUnreclaim:       231208 kB
KernelStack:       42640 kB
ShadowCallStack:   10696 kB
PageTables:        77484 kB
NFS_Unstable:          0 kB
Bounce:                0 kB
WritebackTmp:          0 kB
CommitLimit:     8677876 kB
Committed_AS:   60835192 kB
VmallocTotal:   263061440 kB
VmallocUsed:      124028 kB
VmallocChunk:          0 kB
Percpu:             2592 kB
CmaTotal:         405504 kB
CmaFree:               0 kB
MemTotal:        7918588 kB
MemFree:          171524 kB
MemAvailable:     210192 kB
Buffers:             760 kB
Cached:           265420 kB
SwapCached:         1424 kB
Active:          1817528 kB
Inactive:        3506584 kB
Active(anon):    1676656 kB
Inactive(anon):  3399512 kB
Active(file):     140872 kB
Inactive(file):   107072 kB
Unevictable:        6520 kB
Mlocked:            6080 kB
SwapTotal:       4718584 kB
SwapFree:        2675500 kB
Dirty:               140 kB
Writeback:             0 kB
AnonPages:       5064520 kB
Mapped:           350564 kB
Shmem:             13440 kB
KReclaimable:     119376 kB
Slab:             303568 kB
SReclaimable:      72352 kB
SUnreclaim:       231216 kB
KernelStack:       42640 kB
ShadowCallStack:   10700 kB
PageTables:        77368 kB
NFS_Unstable:          0 kB
Bounce:                0 kB
WritebackTmp:          0 kB
CommitLimit:     8677876 kB
Committed_AS:   60900728 kB
VmallocTotal:   263061440 kB
VmallocUsed:      123996 kB
VmallocChunk:          0 kB
Percpu:             2592 kB
CmaTotal:         405504 kB
CmaFree:               0 kB
MemTotal:        7918588 kB
MemFree:          172656 kB
MemAvailable:     215084 kB
Buffers:             764 kB
Cached:           269608 kB
SwapCached:         1612 kB
Active:          1928588 kB
Inactive:        3395160 kB
Active(anon):    1783508 kB
Inactive(anon):  3288080 kB
Active(file):     145080 kB
Inactive(file):   107080 kB
Unevictable:        6520 kB
Mlocked:            6080 kB
SwapTotal:       4718584 kB
SwapFree:        2576428 kB
Dirty:               140 kB
Writeback:             0 kB
AnonPages:       5059436 kB
Mapped:           352752 kB
Shmem:             13456 kB
KReclaimable:     118464 kB
Slab:             303664 kB
SReclaimable:      72352 kB
SUnreclaim:       231312 kB
KernelStack:       42560 kB
ShadowCallStack:   10712 kB
PageTables:        76828 kB
NFS_Unstable:          0 kB
Bounce:                0 kB
WritebackTmp:          0 kB
CommitLimit:     8677876 kB
Committed_AS:   61080952 kB
VmallocTotal:   263061440 kB
VmallocUsed:      123972 kB
VmallocChunk:          0 kB
Percpu:             2592 kB
CmaTotal:         405504 kB
CmaFree:               0 kB
MemTotal:        7918588 kB
MemFree:          168388 kB
MemAvailable:     210652 kB
Buffers:             764 kB
Cached:           269648 kB
SwapCached:         1612 kB
Active:          1978916 kB
Inactive:        3342216 kB
Active(anon):    1833836 kB
Inactive(anon):  3235136 kB
Active(file):     145080 kB
Inactive(file):   107080 kB
Unevictable:        6520 kB
Mlocked:            6080 kB
SwapTotal:       4718584 kB
SwapFree:        2531628 kB
Dirty:               140 kB
Writeback:             4 kB
AnonPages:       5057560 kB
Mapped:           352924 kB
Shmem:             13456 kB
KReclaimable:     118136 kB
Slab:             303740 kB
SReclaimable:      72352 kB
SUnreclaim:       231388 kB
KernelStack:       42672 kB
ShadowCallStack:   10696 kB
PageTables:        77856 kB
NFS_Unstable:          0 kB
Bounce:                0 kB
WritebackTmp:          0 kB
CommitLimit:     8677876 kB
Committed_AS:   61162872 kB
VmallocTotal:   263061440 kB
VmallocUsed:      123976 kB
VmallocChunk:          0 kB
Percpu:             2592 kB
CmaTotal:         405504 kB
CmaFree:               0 kB
MemTotal:        7918588 kB
MemFree:          187136 kB
MemAvailable:     244456 kB
Buffers:            1188 kB
Cached:           292948 kB
SwapCached:         1808 kB
Active:          2058912 kB
Inactive:        3236060 kB
Active(anon):    1890856 kB
Inactive(anon):  3128520 kB
Active(file):     168056 kB
Inactive(file):   107540 kB
Unevictable:        6520 kB
Mlocked:            6080 kB
SwapTotal:       4718584 kB
SwapFree:        2465580 kB
Dirty:               140 kB
Writeback:             0 kB
AnonPages:       5007356 kB
Mapped:           363712 kB
Shmem:             13744 kB
KReclaimable:     117760 kB
Slab:             303908 kB
SReclaimable:      72352 kB
SUnreclaim:       231556 kB
KernelStack:       42656 kB
ShadowCallStack:   10712 kB
PageTables:        77960 kB
NFS_Unstable:          0 kB
Bounce:                0 kB
WritebackTmp:          0 kB
CommitLimit:     8677876 kB
Committed_AS:   61212128 kB
VmallocTotal:   263061440 kB
VmallocUsed:      124060 kB
VmallocChunk:          0 kB
Percpu:             2592 kB
CmaTotal:         405504 kB
CmaFree:               0 kB
MemTotal:        7918588 kB
MemFree:          142172 kB
MemAvailable:     194580 kB
Buffers:            1200 kB
Cached:           300380 kB
SwapCached:         1924 kB
Active:          2172760 kB
Inactive:        3045604 kB
Active(anon):    1997440 kB
Inactive(anon):  2937964 kB
Active(file):     175320 kB
Inactive(file):   107640 kB
Unevictable:        6520 kB
Mlocked:            6080 kB
SwapTotal:       4718584 kB
SwapFree:        2302432 kB
Dirty:               172 kB
Writeback:             8 kB
AnonPages:       4923540 kB
Mapped:           366220 kB
Shmem:             13820 kB
KReclaimable:     117264 kB
Slab:             304260 kB
SReclaimable:      72352 kB
SUnreclaim:       231908 kB
KernelStack:       42752 kB
ShadowCallStack:   10728 kB
PageTables:        78212 kB
NFS_Unstable:          0 kB
Bounce:                0 kB
WritebackTmp:          0 kB
CommitLimit:     8677876 kB
Committed_AS:   61310828 kB
VmallocTotal:   263061440 kB
VmallocUsed:      124124 kB
VmallocChunk:          0 kB
Percpu:             2592 kB
CmaTotal:         405504 kB
CmaFree:               0 kB
MemTotal:        7918588 kB
MemFree:          364648 kB
MemAvailable:     477908 kB
Buffers:            1200 kB
Cached:           310328 kB
SwapCached:         2084 kB
Active:          2235956 kB
Inactive:        2745064 kB
Active(anon):    2050688 kB
Inactive(anon):  2637424 kB
Active(file):     185268 kB
Inactive(file):   107640 kB
Unevictable:        6520 kB
Mlocked:            6080 kB
SwapTotal:       4718584 kB
SwapFree:        2040080 kB
Dirty:               172 kB
Writeback:             0 kB
AnonPages:       4675568 kB
Mapped:           368232 kB
Shmem:             13772 kB
KReclaimable:     229016 kB
Slab:             304420 kB
SReclaimable:      72352 kB
SUnreclaim:       232068 kB
KernelStack:       42656 kB
ShadowCallStack:   10704 kB
PageTables:        78256 kB
NFS_Unstable:          0 kB
Bounce:                0 kB
WritebackTmp:          0 kB
CommitLimit:     8677876 kB
Committed_AS:   61375968 kB
VmallocTotal:   263061440 kB
VmallocUsed:      124056 kB
VmallocChunk:          0 kB
Percpu:             2592 kB
CmaTotal:         405504 kB
CmaFree:               0 kB
MemTotal:        7918588 kB
MemFree:          315752 kB
MemAvailable:     429676 kB
Buffers:            1204 kB
Cached:           312016 kB
SwapCached:         2084 kB
Active:          2285132 kB
Inactive:        2744608 kB
Active(anon):    2098204 kB
Inactive(anon):  2636900 kB
Active(file):     186928 kB
Inactive(file):   107708 kB
Unevictable:        6520 kB
Mlocked:            6080 kB
SwapTotal:       4718584 kB
SwapFree:        2041104 kB
Dirty:               224 kB
Writeback:             0 kB
AnonPages:       4722716 kB
