MemTotal:        7918584 kB
MemFree:         3364928 kB
MemAvailable:    5002128 kB
Buffers:            4668 kB
Cached:          1395592 kB
SwapCached:         8212 kB
Active:          1317432 kB
Inactive:         684168 kB
Active(anon):     575164 kB
Inactive(anon):    42404 kB
Active(file):     742268 kB
Inactive(file):   641764 kB
Unevictable:        6508 kB
Mlocked:            6068 kB
SwapTotal:       4718584 kB
SwapFree:        4016376 kB
Dirty:             19068 kB
Writeback:             0 kB
AnonPages:        603860 kB
Mapped:           473480 kB
Shmem:             11444 kB
KReclaimable:     651584 kB
Slab:             313268 kB
SReclaimable:      90280 kB
SUnreclaim:       222988 kB
KernelStack:       45376 kB
ShadowCallStack:   11368 kB
PageTables:        60156 kB
NFS_Unstable:          0 kB
Bounce:                0 kB
WritebackTmp:          0 kB
CommitLimit:     8677876 kB
Committed_AS:   60674508 kB
VmallocTotal:   263061440 kB
VmallocUsed:      127472 kB
VmallocChunk:          0 kB
Percpu:             2520 kB
CmaTotal:         405504 kB
CmaFree:          257292 kB
MemTotal:        7918584 kB
MemFree:         3385928 kB
MemAvailable:    5381824 kB
Buffers:            4708 kB
Cached:          1411732 kB
SwapCached:         8392 kB
Active:          1297304 kB
Inactive:         684688 kB
Active(anon):     540252 kB
Inactive(anon):    42396 kB
Active(file):     757052 kB
Inactive(file):   642292 kB
Unevictable:        6508 kB
Mlocked:            6068 kB
SwapTotal:       4718584 kB
SwapFree:        4018168 kB
Dirty:             19068 kB
Writeback:             0 kB
AnonPages:        568044 kB
Mapped:           510352 kB
Shmem:             12032 kB
KReclaimable:     994968 kB
Slab:             312920 kB
SReclaimable:      90296 kB
SUnreclaim:       222624 kB
KernelStack:       45744 kB
ShadowCallStack:   11456 kB
PageTables:        60236 kB
NFS_Unstable:          0 kB
Bounce:                0 kB
WritebackTmp:          0 kB
CommitLimit:     8677876 kB
Committed_AS:   60707552 kB
VmallocTotal:   263061440 kB
VmallocUsed:      127864 kB
VmallocChunk:          0 kB
Percpu:             2520 kB
CmaTotal:         405504 kB
CmaFree:          257140 kB
MemTotal:        7918584 kB
MemFree:         3349100 kB
MemAvailable:    5099576 kB
Buffers:            4728 kB
Cached:          1411752 kB
SwapCached:         8400 kB
Active:          1332004 kB
Inactive:         684860 kB
Active(anon):     574796 kB
Inactive(anon):    42408 kB
Active(file):     757208 kB
Inactive(file):   642452 kB
Unevictable:        6508 kB
Mlocked:            6068 kB
SwapTotal:       4718584 kB
SwapFree:        4018168 kB
Dirty:             19092 kB
Writeback:             4 kB
AnonPages:        602640 kB
Mapped:           532148 kB
Shmem:             12036 kB
KReclaimable:     749232 kB
Slab:             313364 kB
SReclaimable:      90344 kB
SUnreclaim:       223020 kB
KernelStack:       45680 kB
ShadowCallStack:   11468 kB
PageTables:        60804 kB
NFS_Unstable:          0 kB
Bounce:                0 kB
WritebackTmp:          0 kB
CommitLimit:     8677876 kB
Committed_AS:   60735620 kB
VmallocTotal:   263061440 kB
VmallocUsed:      127888 kB
VmallocChunk:          0 kB
Percpu:             2520 kB
CmaTotal:         405504 kB
CmaFree:          257352 kB
MemTotal:        7918584 kB
MemFree:         3346456 kB
MemAvailable:    5096240 kB
Buffers:            4740 kB
Cached:          1411752 kB
SwapCached:         8400 kB
Active:          1334908 kB
Inactive:         684864 kB
Active(anon):     577700 kB
Inactive(anon):    42400 kB
Active(file):     757208 kB
Inactive(file):   642464 kB
Unevictable:        6508 kB
Mlocked:            6068 kB
SwapTotal:       4718584 kB
SwapFree:        4018168 kB
Dirty:             19092 kB
Writeback:             0 kB
AnonPages:        605436 kB
Mapped:           532776 kB
Shmem:             12036 kB
KReclaimable:     748528 kB
Slab:             313364 kB
SReclaimable:      90344 kB
SUnreclaim:       223020 kB
KernelStack:       45728 kB
ShadowCallStack:   11448 kB
PageTables:        60652 kB
NFS_Unstable:          0 kB
Bounce:                0 kB
WritebackTmp:          0 kB
CommitLimit:     8677876 kB
Committed_AS:   60735620 kB
VmallocTotal:   263061440 kB
VmallocUsed:      127896 kB
VmallocChunk:          0 kB
Percpu:             2520 kB
CmaTotal:         405504 kB
CmaFree:          257352 kB
MemTotal:        7918584 kB
MemFree:         3345328 kB
MemAvailable:    5095120 kB
Buffers:            4740 kB
Cached:          1411844 kB
SwapCached:         8400 kB
Active:          1338468 kB
Inactive:         684876 kB
Active(anon):     581260 kB
Inactive(anon):    42404 kB
Active(file):     757208 kB
Inactive(file):   642472 kB
Unevictable:        6508 kB
Mlocked:            6068 kB
SwapTotal:       4718584 kB
SwapFree:        4021496 kB
Dirty:             19100 kB
Writeback:             0 kB
AnonPages:        609136 kB
Mapped:           533744 kB
Shmem:             12120 kB
KReclaimable:     748528 kB
Slab:             313364 kB
SReclaimable:      90344 kB
SUnreclaim:       223020 kB
KernelStack:       45712 kB
ShadowCallStack:   11440 kB
PageTables:        60740 kB
NFS_Unstable:          0 kB
Bounce:                0 kB
WritebackTmp:          0 kB
CommitLimit:     8677876 kB
Committed_AS:   60735620 kB
VmallocTotal:   263061440 kB
VmallocUsed:      127892 kB
VmallocChunk:          0 kB
Percpu:             2520 kB
CmaTotal:         405504 kB
CmaFree:          258936 kB
MemTotal:        7918584 kB
MemFree:         3346616 kB
MemAvailable:    5117488 kB
Buffers:            4740 kB
Cached:          1412816 kB
SwapCached:         8404 kB
Active:          1338576 kB
Inactive:         684892 kB
Active(anon):     580424 kB
Inactive(anon):    42408 kB
Active(file):     758152 kB
Inactive(file):   642484 kB
Unevictable:        6508 kB
Mlocked:            6068 kB
SwapTotal:       4718584 kB
SwapFree:        4022520 kB
Dirty:             18868 kB
Writeback:             0 kB
AnonPages:        608216 kB
Mapped:           534032 kB
Shmem:             12136 kB
KReclaimable:     768652 kB
Slab:             313344 kB
SReclaimable:      90312 kB
SUnreclaim:       223032 kB
KernelStack:       45520 kB
ShadowCallStack:   11404 kB
PageTables:        60612 kB
NFS_Unstable:          0 kB
Bounce:                0 kB
WritebackTmp:          0 kB
CommitLimit:     8677876 kB
Committed_AS:   60735152 kB
VmallocTotal:   263061440 kB
VmallocUsed:      127432 kB
VmallocChunk:          0 kB
Percpu:             2520 kB
CmaTotal:         405504 kB
CmaFree:          259060 kB
MemTotal:        7918584 kB
MemFree:         3324520 kB
MemAvailable:    5097320 kB
Buffers:            4740 kB
Cached:          1414744 kB
SwapCached:         8404 kB
Active:          1361124 kB
Inactive:         684888 kB
Active(anon):     601044 kB
Inactive(anon):    42404 kB
Active(file):     760080 kB
Inactive(file):   642484 kB
Unevictable:        6508 kB
Mlocked:            6068 kB
SwapTotal:       4718584 kB
SwapFree:        4022776 kB
Dirty:             18792 kB
Writeback:             0 kB
AnonPages:        628804 kB
Mapped:           535524 kB
Shmem:             12136 kB
KReclaimable:     768652 kB
Slab:             313344 kB
SReclaimable:      90312 kB
SUnreclaim:       223032 kB
KernelStack:       45568 kB
ShadowCallStack:   11408 kB
PageTables:        61004 kB
NFS_Unstable:          0 kB
Bounce:                0 kB
WritebackTmp:          0 kB
CommitLimit:     8677876 kB
Committed_AS:   60755692 kB
VmallocTotal:   263061440 kB
VmallocUsed:      127412 kB
VmallocChunk:          0 kB
Percpu:             2520 kB
CmaTotal:         405504 kB
CmaFree:          259060 kB
MemTotal:        7918584 kB
MemFree:         3177416 kB
MemAvailable:    4918056 kB
Buffers:            4752 kB
Cached:          1415340 kB
SwapCached:         8404 kB
Active:          1507372 kB
Inactive:         684892 kB
Active(anon):     746700 kB
Inactive(anon):    42404 kB
Active(file):     760672 kB
Inactive(file):   642488 kB
Unevictable:        6508 kB
Mlocked:            6068 kB
SwapTotal:       4718584 kB
SwapFree:        4022776 kB
Dirty:             18792 kB
Writeback:             0 kB
AnonPages:        774592 kB
Mapped:           581628 kB
Shmem:             12140 kB
KReclaimable:     735896 kB
Slab:             313484 kB
SReclaimable:      90328 kB
SUnreclaim:       223156 kB
KernelStack:       45536 kB
ShadowCallStack:   11408 kB
PageTables:        61432 kB
NFS_Unstable:          0 kB
Bounce:                0 kB
WritebackTmp:          0 kB
CommitLimit:     8677876 kB
Committed_AS:   61015160 kB
VmallocTotal:   263061440 kB
VmallocUsed:      127424 kB
VmallocChunk:          0 kB
Percpu:             2520 kB
CmaTotal:         405504 kB
CmaFree:          259060 kB
MemTotal:        7918584 kB
MemFree:         3113892 kB
MemAvailable:    4820824 kB
Buffers:            4752 kB
Cached:          1415360 kB
SwapCached:         8404 kB
Active:          1571420 kB
Inactive:         684920 kB
Active(anon):     810748 kB
Inactive(anon):    42404 kB
Active(file):     760672 kB
Inactive(file):   642516 kB
Unevictable:        6508 kB
Mlocked:            6068 kB
SwapTotal:       4718584 kB
SwapFree:        4022776 kB
Dirty:             18872 kB
Writeback:             0 kB
AnonPages:        838436 kB
Mapped:           619656 kB
Shmem:             12140 kB
KReclaimable:     702160 kB
Slab:             313608 kB
SReclaimable:      90328 kB
SUnreclaim:       223280 kB
KernelStack:       45584 kB
ShadowCallStack:   11420 kB
PageTables:        61668 kB
NFS_Unstable:          0 kB
Bounce:                0 kB
WritebackTmp:          0 kB
CommitLimit:     8677876 kB
Committed_AS:   61118032 kB
VmallocTotal:   263061440 kB
VmallocUsed:      127472 kB
VmallocChunk:          0 kB
Percpu:             2520 kB
CmaTotal:         405504 kB
CmaFree:          259060 kB
MemTotal:        7918584 kB
MemFree:         3037856 kB
MemAvailable:    4726112 kB
Buffers:            4804 kB
Cached:          1433924 kB
SwapCached:         8420 kB
Active:          1646548 kB
Inactive:         685060 kB
Active(anon):     867408 kB
Inactive(anon):    42408 kB
Active(file):     779140 kB
Inactive(file):   642652 kB
Unevictable:        6508 kB
Mlocked:            6068 kB
SwapTotal:       4718584 kB
SwapFree:        4022776 kB
Dirty:             18884 kB
Writeback:             0 kB
AnonPages:        895176 kB
Mapped:           644804 kB
Shmem:             12152 kB
KReclaimable:     664880 kB
Slab:             313768 kB
SReclaimable:      90352 kB
SUnreclaim:       223416 kB
KernelStack:       45584 kB
ShadowCallStack:   11420 kB
PageTables:        61956 kB
NFS_Unstable:          0 kB
Bounce:                0 kB
WritebackTmp:          0 kB
CommitLimit:     8677876 kB
Committed_AS:   61242048 kB
VmallocTotal:   263061440 kB
VmallocUsed:      127464 kB
VmallocChunk:          0 kB
Percpu:             2520 kB
CmaTotal:         405504 kB
CmaFree:          259060 kB
MemTotal:        7918584 kB
MemFree:         2947864 kB
MemAvailable:    4633908 kB
Buffers:            4804 kB
Cached:          1433868 kB
SwapCached:         8420 kB
Active:          1735888 kB
Inactive:         684984 kB
Active(anon):     956748 kB
Inactive(anon):    42328 kB
Active(file):     779140 kB
Inactive(file):   642656 kB
Unevictable:        6508 kB
Mlocked:            6068 kB
SwapTotal:       4718584 kB
SwapFree:        4023032 kB
Dirty:             17284 kB
Writeback:           168 kB
AnonPages:        984516 kB
Mapped:           646696 kB
Shmem:             12092 kB
KReclaimable:     662664 kB
Slab:             313784 kB
SReclaimable:      90336 kB
SUnreclaim:       223448 kB
KernelStack:       45600 kB
ShadowCallStack:   11440 kB
PageTables:        62452 kB
NFS_Unstable:          0 kB
Bounce:                0 kB
WritebackTmp:          0 kB
CommitLimit:     8677876 kB
Committed_AS:   61504128 kB
VmallocTotal:   263061440 kB
VmallocUsed:      127476 kB
VmallocChunk:          0 kB
Percpu:             2520 kB
CmaTotal:         405504 kB
CmaFree:          259060 kB
MemTotal:        7918584 kB
MemFree:         2860632 kB
MemAvailable:    4545568 kB
Buffers:            4804 kB
Cached:          1433872 kB
SwapCached:         8420 kB
Active:          1823052 kB
Inactive:         684988 kB
Active(anon):    1043912 kB
Inactive(anon):    42328 kB
Active(file):     779140 kB
Inactive(file):   642660 kB
Unevictable:        6508 kB
Mlocked:            6068 kB
SwapTotal:       4718584 kB
SwapFree:        4023288 kB
Dirty:             17232 kB
Writeback:             0 kB
AnonPages:       1071608 kB
Mapped:           647356 kB
Shmem:             12092 kB
KReclaimable:     661552 kB
Slab:             313784 kB
SReclaimable:      90336 kB
SUnreclaim:       223448 kB
KernelStack:       45600 kB
ShadowCallStack:   11432 kB
PageTables:        62792 kB
NFS_Unstable:          0 kB
Bounce:                0 kB
WritebackTmp:          0 kB
CommitLimit:     8677876 kB
Committed_AS:   61700736 kB
VmallocTotal:   263061440 kB
VmallocUsed:      127496 kB
VmallocChunk:          0 kB
Percpu:             2520 kB
CmaTotal:         405504 kB
CmaFree:          259060 kB
MemTotal:        7918584 kB
MemFree:         2757244 kB
MemAvailable:    4432220 kB
Buffers:            4804 kB
Cached:          1433848 kB
SwapCached:         8420 kB
Active:          1925844 kB
Inactive:         684956 kB
Active(anon):    1146704 kB
Inactive(anon):    42324 kB
Active(file):     779140 kB
Inactive(file):   642632 kB
Unevictable:        6508 kB
Mlocked:            6068 kB
SwapTotal:       4718584 kB
SwapFree:        4023288 kB
Dirty:             17208 kB
Writeback:             0 kB
AnonPages:       1174188 kB
Mapped:           648244 kB
Shmem:             12096 kB
KReclaimable:     651620 kB
Slab:             313816 kB
SReclaimable:      90336 kB
SUnreclaim:       223480 kB
KernelStack:       45568 kB
ShadowCallStack:   11428 kB
PageTables:        63256 kB
NFS_Unstable:          0 kB
Bounce:                0 kB
WritebackTmp:          0 kB
CommitLimit:     8677876 kB
Committed_AS:   61930120 kB
VmallocTotal:   263061440 kB
VmallocUsed:      127496 kB
VmallocChunk:          0 kB
Percpu:             2520 kB
CmaTotal:         405504 kB
CmaFree:          259060 kB
MemTotal:        7918584 kB
MemFree:         2656756 kB
MemAvailable:    4330788 kB
Buffers:            4804 kB
Cached:          1433896 kB
SwapCached:         8420 kB
Active:          2025152 kB
Inactive:         685008 kB
Active(anon):    1246012 kB
Inactive(anon):    42328 kB
Active(file):     779140 kB
Inactive(file):   642680 kB
Unevictable:        6508 kB
Mlocked:            6068 kB
SwapTotal:       4718584 kB
SwapFree:        4023288 kB
Dirty:             17260 kB
Writeback:             0 kB
AnonPages:       1273732 kB
Mapped:           648928 kB
Shmem:             12096 kB
KReclaimable:     650628 kB
Slab:             313820 kB
SReclaimable:      90336 kB
SUnreclaim:       223484 kB
KernelStack:       45584 kB
ShadowCallStack:   11420 kB
PageTables:        63796 kB
NFS_Unstable:          0 kB
Bounce:                0 kB
WritebackTmp:          0 kB
CommitLimit:     8677876 kB
Committed_AS:   62192216 kB
VmallocTotal:   263061440 kB
VmallocUsed:      127480 kB
VmallocChunk:          0 kB
Percpu:             2520 kB
CmaTotal:         405504 kB
CmaFree:          259060 kB
MemTotal:        7918584 kB
MemFree:         2541552 kB
MemAvailable:    4213888 kB
Buffers:            4804 kB
Cached:          1433940 kB
SwapCached:         8420 kB
Active:          2139352 kB
Inactive:         685036 kB
Active(anon):    1360212 kB
Inactive(anon):    42324 kB
Active(file):     779140 kB
Inactive(file):   642712 kB
Unevictable:        6508 kB
Mlocked:            6068 kB
SwapTotal:       4718584 kB
SwapFree:        4023288 kB
Dirty:             17260 kB
Writeback:             0 kB
AnonPages:       1387884 kB
Mapped:           650188 kB
Shmem:             12108 kB
KReclaimable:     648900 kB
Slab:             313908 kB
SReclaimable:      90336 kB
SUnreclaim:       223572 kB
KernelStack:       45568 kB
ShadowCallStack:   11416 kB
PageTables:        64500 kB
NFS_Unstable:          0 kB
Bounce:                0 kB
WritebackTmp:          0 kB
CommitLimit:     8677876 kB
Committed_AS:   62488240 kB
VmallocTotal:   263061440 kB
VmallocUsed:      127440 kB
VmallocChunk:          0 kB
Percpu:             2520 kB
CmaTotal:         405504 kB
CmaFree:          259060 kB
MemTotal:        7918584 kB
MemFree:         2448748 kB
MemAvailable:    4119660 kB
Buffers:            4812 kB
Cached:          1433948 kB
SwapCached:         8420 kB
Active:          2232064 kB
Inactive:         685056 kB
Active(anon):    1452924 kB
Inactive(anon):    42328 kB
Active(file):     779140 kB
Inactive(file):   642728 kB
Unevictable:        6508 kB
Mlocked:            6068 kB
SwapTotal:       4718584 kB
SwapFree:        4023288 kB
Dirty:             17344 kB
Writeback:             0 kB
AnonPages:       1480592 kB
Mapped:           651372 kB
Shmem:             12108 kB
KReclaimable:     647460 kB
Slab:             313932 kB
SReclaimable:      90336 kB
SUnreclaim:       223596 kB
KernelStack:       45568 kB
ShadowCallStack:   11420 kB
PageTables:        64748 kB
NFS_Unstable:          0 kB
Bounce:                0 kB
WritebackTmp:          0 kB
CommitLimit:     8677876 kB
Committed_AS:   62717620 kB
VmallocTotal:   263061440 kB
VmallocUsed:      127476 kB
VmallocChunk:          0 kB
Percpu:             2520 kB
CmaTotal:         405504 kB
CmaFree:          259060 kB
MemTotal:        7918584 kB
MemFree:         2362976 kB
MemAvailable:    4032840 kB
Buffers:            4812 kB
Cached:          1433952 kB
SwapCached:         8420 kB
Active:          2318168 kB
Inactive:         685052 kB
Active(anon):    1539028 kB
Inactive(anon):    42324 kB
Active(file):     779140 kB
Inactive(file):   642728 kB
Unevictable:        6508 kB
Mlocked:            6068 kB
SwapTotal:       4718584 kB
SwapFree:        4023288 kB
Dirty:             17344 kB
Writeback:             0 kB
AnonPages:       1566928 kB
Mapped:           652160 kB
Shmem:             12112 kB
KReclaimable:     646412 kB
Slab:             314024 kB
SReclaimable:      90336 kB
SUnreclaim:       223688 kB
KernelStack:       45552 kB
ShadowCallStack:   11432 kB
PageTables:        65348 kB
NFS_Unstable:          0 kB
Bounce:                0 kB
WritebackTmp:          0 kB
CommitLimit:     8677876 kB
Committed_AS:   62946996 kB
VmallocTotal:   263061440 kB
VmallocUsed:      127456 kB
VmallocChunk:          0 kB
Percpu:             2520 kB
CmaTotal:         405504 kB
CmaFree:          259060 kB
MemTotal:        7918584 kB
MemFree:         2269208 kB
MemAvailable:    3937872 kB
Buffers:            4812 kB
Cached:          1434020 kB
SwapCached:         8420 kB
Active:          2411760 kB
Inactive:         685064 kB
Active(anon):    1632564 kB
Inactive(anon):    42328 kB
Active(file):     779196 kB
Inactive(file):   642736 kB
Unevictable:        6508 kB
Mlocked:            6068 kB
SwapTotal:       4718584 kB
SwapFree:        4024056 kB
Dirty:             17348 kB
Writeback:             0 kB
AnonPages:       1660276 kB
Mapped:           650364 kB
Shmem:             12116 kB
KReclaimable:     645148 kB
Slab:             314084 kB
SReclaimable:      90336 kB
SUnreclaim:       223748 kB
KernelStack:       45584 kB
ShadowCallStack:   11420 kB
PageTables:        65708 kB
NFS_Unstable:          0 kB
Bounce:                0 kB
WritebackTmp:          0 kB
CommitLimit:     8677876 kB
Committed_AS:   63176376 kB
VmallocTotal:   263061440 kB
VmallocUsed:      127444 kB
VmallocChunk:          0 kB
Percpu:             2520 kB
CmaTotal:         405504 kB
CmaFree:          259060 kB
MemTotal:        7918584 kB
MemFree:         2185704 kB
MemAvailable:    3853596 kB
Buffers:            4824 kB
Cached:          1434024 kB
SwapCached:         8420 kB
Active:          2494692 kB
Inactive:         685072 kB
Active(anon):    1715496 kB
Inactive(anon):    42324 kB
Active(file):     779196 kB
Inactive(file):   642748 kB
Unevictable:        6508 kB
Mlocked:            6068 kB
SwapTotal:       4718584 kB
SwapFree:        4024056 kB
Dirty:             17436 kB
Writeback:             0 kB
AnonPages:       1743128 kB
Mapped:           651228 kB
Shmem:             12120 kB
KReclaimable:     644364 kB
Slab:             314148 kB
SReclaimable:      90336 kB
SUnreclaim:       223812 kB
KernelStack:       45552 kB
ShadowCallStack:   11420 kB
PageTables:        66116 kB
NFS_Unstable:          0 kB
Bounce:                0 kB
WritebackTmp:          0 kB
CommitLimit:     8677876 kB
Committed_AS:   63372988 kB
VmallocTotal:   263061440 kB
VmallocUsed:      127440 kB
VmallocChunk:          0 kB
Percpu:             2520 kB
CmaTotal:         405504 kB
CmaFree:          259060 kB
MemTotal:        7918584 kB
MemFree:         2091248 kB
MemAvailable:    3758156 kB
Buffers:            4824 kB
Cached:          1434024 kB
SwapCached:         8420 kB
Active:          2589208 kB
Inactive:         685068 kB
Active(anon):    1810012 kB
Inactive(anon):    42320 kB
Active(file):     779196 kB
Inactive(file):   642748 kB
Unevictable:        6508 kB
Mlocked:            6068 kB
SwapTotal:       4718584 kB
SwapFree:        4024056 kB
Dirty:             17452 kB
Writeback:             0 kB
AnonPages:       1837736 kB
Mapped:           652120 kB
Shmem:             12120 kB
KReclaimable:     643380 kB
Slab:             314240 kB
SReclaimable:      90336 kB
SUnreclaim:       223904 kB
KernelStack:       45584 kB
ShadowCallStack:   11420 kB
PageTables:        66632 kB
NFS_Unstable:          0 kB
Bounce:                0 kB
WritebackTmp:          0 kB
CommitLimit:     8677876 kB
Committed_AS:   63585980 kB
VmallocTotal:   263061440 kB
VmallocUsed:      127476 kB
VmallocChunk:          0 kB
Percpu:             2520 kB
CmaTotal:         405504 kB
CmaFree:          259060 kB
MemTotal:        7918584 kB
MemFree:         2003504 kB
MemAvailable:    3668872 kB
Buffers:            4832 kB
Cached:          1434048 kB
SwapCached:         8420 kB
Active:          2675664 kB
Inactive:         685096 kB
Active(anon):    1896468 kB
Inactive(anon):    42320 kB
Active(file):     779196 kB
Inactive(file):   642776 kB
Unevictable:        6508 kB
Mlocked:            6068 kB
SwapTotal:       4718584 kB
SwapFree:        4024056 kB
Dirty:             17460 kB
Writeback:             0 kB
AnonPages:       1924104 kB
Mapped:           653192 kB
Shmem:             12124 kB
KReclaimable:     641812 kB
Slab:             314352 kB
SReclaimable:      90336 kB
SUnreclaim:       224016 kB
KernelStack:       45584 kB
ShadowCallStack:   11420 kB
PageTables:        67056 kB
NFS_Unstable:          0 kB
Bounce:                0 kB
WritebackTmp:          0 kB
CommitLimit:     8677876 kB
Committed_AS:   63798976 kB
VmallocTotal:   263061440 kB
VmallocUsed:      127476 kB
VmallocChunk:          0 kB
Percpu:             2520 kB
CmaTotal:         405504 kB
CmaFree:          259060 kB
MemTotal:        7918584 kB
MemFree:         1892340 kB
MemAvailable:    3436332 kB
Buffers:            4856 kB
Cached:          1434108 kB
SwapCached:         8420 kB
Active:          2785840 kB
Inactive:         685132 kB
Active(anon):    2006644 kB
Inactive(anon):    42316 kB
Active(file):     779196 kB
Inactive(file):   642816 kB
Unevictable:        6508 kB
Mlocked:            6068 kB
SwapTotal:       4718584 kB
SwapFree:        4024056 kB
Dirty:             17408 kB
Writeback:             0 kB
AnonPages:       2034336 kB
Mapped:           654124 kB
Shmem:             12168 kB
KReclaimable:     520396 kB
Slab:             314352 kB
SReclaimable:      90336 kB
SUnreclaim:       224016 kB
KernelStack:       45728 kB
ShadowCallStack:   11436 kB
PageTables:        67492 kB
NFS_Unstable:          0 kB
Bounce:                0 kB
WritebackTmp:          0 kB
CommitLimit:     8677876 kB
Committed_AS:   63963216 kB
VmallocTotal:   263061440 kB
VmallocUsed:      127648 kB
VmallocChunk:          0 kB
Percpu:             2520 kB
CmaTotal:         405504 kB
CmaFree:          259060 kB
MemTotal:        7918584 kB
MemFree:         1814960 kB
MemAvailable:    3348672 kB
Buffers:            4856 kB
Cached:          1434184 kB
SwapCached:         8420 kB
Active:          2863532 kB
Inactive:         685152 kB
Active(anon):    2084336 kB
Inactive(anon):    42324 kB
Active(file):     779196 kB
Inactive(file):   642828 kB
Unevictable:        6508 kB
Mlocked:            6068 kB
SwapTotal:       4718584 kB
SwapFree:        4024056 kB
Dirty:             17400 kB
Writeback:             0 kB
AnonPages:       2111844 kB
Mapped:           654948 kB
Shmem:             12232 kB
KReclaimable:     510104 kB
Slab:             314396 kB
SReclaimable:      90368 kB
SUnreclaim:       224028 kB
KernelStack:       45664 kB
ShadowCallStack:   11452 kB
PageTables:        67612 kB
NFS_Unstable:          0 kB
Bounce:                0 kB
WritebackTmp:          0 kB
CommitLimit:     8677876 kB
Committed_AS:   64159824 kB
VmallocTotal:   263061440 kB
VmallocUsed:      127648 kB
VmallocChunk:          0 kB
Percpu:             2520 kB
CmaTotal:         405504 kB
CmaFree:          259060 kB
MemTotal:        7918584 kB
MemFree:         1777120 kB
MemAvailable:    3440184 kB
Buffers:            4856 kB
Cached:          1434088 kB
SwapCached:         8420 kB
Active:          2900416 kB
Inactive:         685152 kB
Active(anon):    2121220 kB
Inactive(anon):    42324 kB
Active(file):     779196 kB
Inactive(file):   642828 kB
Unevictable:        6508 kB
Mlocked:            6068 kB
SwapTotal:       4718584 kB
SwapFree:        4024056 kB
Dirty:             17408 kB
Writeback:             0 kB
AnonPages:       2148888 kB
Mapped:           654848 kB
Shmem:             12136 kB
KReclaimable:     639456 kB
Slab:             314516 kB
SReclaimable:      90368 kB
SUnreclaim:       224148 kB
KernelStack:       45584 kB
ShadowCallStack:   11420 kB
PageTables:        68020 kB
NFS_Unstable:          0 kB
Bounce:                0 kB
WritebackTmp:          0 kB
CommitLimit:     8677876 kB
Committed_AS:   64339656 kB
VmallocTotal:   263061440 kB
VmallocUsed:      127472 kB
VmallocChunk:          0 kB
Percpu:             2520 kB
CmaTotal:         405504 kB
CmaFree:          259060 kB
MemTotal:        7918584 kB
MemFree:         1715836 kB
MemAvailable:    3378092 kB
Buffers:            4856 kB
Cached:          1434088 kB
SwapCached:         8420 kB
Active:          2961048 kB
Inactive:         685152 kB
Active(anon):    2181852 kB
Inactive(anon):    42324 kB
Active(file):     779196 kB
Inactive(file):   642828 kB
Unevictable:        6508 kB
Mlocked:            6068 kB
SwapTotal:       4718584 kB
SwapFree:        4024056 kB
Dirty:             17408 kB
Writeback:             0 kB
AnonPages:       2209664 kB
Mapped:           655296 kB
Shmem:             12136 kB
KReclaimable:     638648 kB
Slab:             314468 kB
SReclaimable:      90368 kB
SUnreclaim:       224100 kB
KernelStack:       45552 kB
ShadowCallStack:   11412 kB
PageTables:        68132 kB
NFS_Unstable:          0 kB
Bounce:                0 kB
WritebackTmp:          0 kB
CommitLimit:     8677876 kB
Committed_AS:   64470680 kB
VmallocTotal:   263061440 kB
VmallocUsed:      127448 kB
VmallocChunk:          0 kB
Percpu:             2520 kB
CmaTotal:         405504 kB
CmaFree:          259060 kB
MemTotal:        7918584 kB
MemFree:         1632416 kB
MemAvailable:    3294108 kB
Buffers:            4856 kB
Cached:          1434728 kB
SwapCached:         8420 kB
Active:          3045544 kB
Inactive:         685116 kB
Active(anon):    2265728 kB
Inactive(anon):    42280 kB
Active(file):     779816 kB
Inactive(file):   642836 kB
Unevictable:        6508 kB
Mlocked:            6068 kB
SwapTotal:       4718584 kB
SwapFree:        4030968 kB
Dirty:                24 kB
Writeback:             0 kB
AnonPages:       2293372 kB
Mapped:           656632 kB
Shmem:             12148 kB
KReclaimable:     637456 kB
Slab:             314504 kB
SReclaimable:      90320 kB
SUnreclaim:       224184 kB
KernelStack:       45568 kB
ShadowCallStack:   11416 kB
PageTables:        68664 kB
NFS_Unstable:          0 kB
Bounce:                0 kB
WritebackTmp:          0 kB
CommitLimit:     8677876 kB
Committed_AS:   64650900 kB
VmallocTotal:   263061440 kB
VmallocUsed:      127440 kB
VmallocChunk:          0 kB
Percpu:             2520 kB
CmaTotal:         405504 kB
CmaFree:          259316 kB
MemTotal:        7918584 kB
MemFree:         1551976 kB
MemAvailable:    3233336 kB
Buffers:            4920 kB
Cached:          1455144 kB
SwapCached:         8420 kB
Active:          3123856 kB
Inactive:         685424 kB
Active(anon):    2324244 kB
Inactive(anon):    42276 kB
Active(file):     799612 kB
Inactive(file):   643148 kB
Unevictable:        6508 kB
Mlocked:            6068 kB
SwapTotal:       4718584 kB
SwapFree:        4033016 kB
Dirty:               316 kB
Writeback:             0 kB
AnonPages:       2352044 kB
Mapped:           666836 kB
Shmem:             12168 kB
KReclaimable:     637016 kB
Slab:             315240 kB
SReclaimable:      90400 kB
SUnreclaim:       224840 kB
KernelStack:       46016 kB
ShadowCallStack:   11476 kB
PageTables:        69672 kB
NFS_Unstable:          0 kB
Bounce:                0 kB
WritebackTmp:          0 kB
CommitLimit:     8677876 kB
Committed_AS:   66095116 kB
VmallocTotal:   263061440 kB
VmallocUsed:      127976 kB
VmallocChunk:          0 kB
Percpu:             2520 kB
CmaTotal:         405504 kB
CmaFree:          259316 kB
MemTotal:        7918584 kB
MemFree:         1464356 kB
MemAvailable:    3147088 kB
Buffers:            4968 kB
Cached:          1456812 kB
SwapCached:         8468 kB
Active:          3208652 kB
Inactive:         686916 kB
Active(anon):    2408680 kB
Inactive(anon):    42276 kB
Active(file):     799972 kB
Inactive(file):   644640 kB
Unevictable:        6508 kB
Mlocked:            6068 kB
SwapTotal:       4718584 kB
SwapFree:        4033528 kB
Dirty:               872 kB
Writeback:             0 kB
AnonPages:       2436084 kB
Mapped:           682348 kB
Shmem:             12384 kB
KReclaimable:     636536 kB
Slab:             315528 kB
SReclaimable:      90504 kB
SUnreclaim:       225024 kB
KernelStack:       46704 kB
ShadowCallStack:   11700 kB
PageTables:        70176 kB
NFS_Unstable:          0 kB
Bounce:                0 kB
WritebackTmp:          0 kB
CommitLimit:     8677876 kB
Committed_AS:   66218680 kB
VmallocTotal:   263061440 kB
VmallocUsed:      128852 kB
VmallocChunk:          0 kB
Percpu:             2520 kB
CmaTotal:         405504 kB
CmaFree:          259316 kB
MemTotal:        7918584 kB
MemFree:         1400804 kB
MemAvailable:    3082916 kB
Buffers:            5000 kB
Cached:          1457448 kB
SwapCached:         8468 kB
Active:          3271292 kB
Inactive:         687008 kB
Active(anon):    2470800 kB
Inactive(anon):    42276 kB
Active(file):     800492 kB
Inactive(file):   644732 kB
Unevictable:        6508 kB
Mlocked:            6068 kB
SwapTotal:       4718584 kB
SwapFree:        4033528 kB
Dirty:               960 kB
Writeback:             8 kB
AnonPages:       2498100 kB
Mapped:           683388 kB
Shmem:             12440 kB
KReclaimable:     635304 kB
Slab:             315624 kB
SReclaimable:      90536 kB
SUnreclaim:       225088 kB
KernelStack:       46704 kB
ShadowCallStack:   11708 kB
PageTables:        70424 kB
NFS_Unstable:          0 kB
Bounce:                0 kB
WritebackTmp:          0 kB
CommitLimit:     8677876 kB
Committed_AS:   66399044 kB
VmallocTotal:   263061440 kB
VmallocUsed:      128924 kB
VmallocChunk:          0 kB
Percpu:             2520 kB
CmaTotal:         405504 kB
CmaFree:          259316 kB
MemTotal:        7918584 kB
MemFree:         1354444 kB
MemAvailable:    3036108 kB
Buffers:            5008 kB
Cached:          1457452 kB
SwapCached:         8468 kB
Active:          3316040 kB
Inactive:         687016 kB
Active(anon):    2515548 kB
Inactive(anon):    42276 kB
Active(file):     800492 kB
Inactive(file):   644740 kB
Unevictable:        6508 kB
Mlocked:            6068 kB
SwapTotal:       4718584 kB
SwapFree:        4033528 kB
Dirty:               964 kB
Writeback:             0 kB
AnonPages:       2542800 kB
Mapped:           683616 kB
Shmem:             12444 kB
KReclaimable:     634848 kB
Slab:             315772 kB
SReclaimable:      90536 kB
SUnreclaim:       225236 kB
KernelStack:       46672 kB
ShadowCallStack:   11700 kB
PageTables:        70744 kB
NFS_Unstable:          0 kB
Bounce:                0 kB
WritebackTmp:          0 kB
CommitLimit:     8677876 kB
Committed_AS:   66480756 kB
VmallocTotal:   263061440 kB
VmallocUsed:      128844 kB
VmallocChunk:          0 kB
Percpu:             2520 kB
CmaTotal:         405504 kB
CmaFree:          259316 kB
MemTotal:        7918584 kB
MemFree:         1290800 kB
MemAvailable:    2971800 kB
Buffers:            5008 kB
Cached:          1457492 kB
SwapCached:         8468 kB
Active:          3381080 kB
Inactive:         687020 kB
Active(anon):    2580588 kB
Inactive(anon):    42272 kB
Active(file):     800492 kB
Inactive(file):   644748 kB
Unevictable:        6508 kB
Mlocked:            6068 kB
SwapTotal:       4718584 kB
SwapFree:        4033784 kB
Dirty:               972 kB
Writeback:             0 kB
AnonPages:       2607924 kB
Mapped:           684288 kB
Shmem:             12476 kB
KReclaimable:     634176 kB
Slab:             315756 kB
SReclaimable:      90536 kB
SUnreclaim:       225220 kB
KernelStack:       46544 kB
ShadowCallStack:   11664 kB
PageTables:        71092 kB
NFS_Unstable:          0 kB
Bounce:                0 kB
WritebackTmp:          0 kB
CommitLimit:     8677876 kB
Committed_AS:   66627828 kB
VmallocTotal:   263061440 kB
VmallocUsed:      128688 kB
VmallocChunk:          0 kB
Percpu:             2520 kB
CmaTotal:         405504 kB
CmaFree:          259572 kB
MemTotal:        7918584 kB
MemFree:         1235752 kB
MemAvailable:    2915856 kB
Buffers:            5008 kB
Cached:          1457500 kB
SwapCached:         8468 kB
Active:          3435548 kB
Inactive:         687024 kB
Active(anon):    2635056 kB
Inactive(anon):    42276 kB
Active(file):     800492 kB
Inactive(file):   644748 kB
Unevictable:        6508 kB
Mlocked:            6068 kB
SwapTotal:       4718584 kB
SwapFree:        4033784 kB
Dirty:               972 kB
Writeback:             0 kB
AnonPages:       2662308 kB
Mapped:           684728 kB
Shmem:             12484 kB
KReclaimable:     633280 kB
Slab:             315780 kB
SReclaimable:      90536 kB
SUnreclaim:       225244 kB
KernelStack:       46448 kB
ShadowCallStack:   11660 kB
PageTables:        71280 kB
NFS_Unstable:          0 kB
Bounce:                0 kB
WritebackTmp:          0 kB
CommitLimit:     8677876 kB
Committed_AS:   66775464 kB
VmallocTotal:   263061440 kB
VmallocUsed:      128568 kB
VmallocChunk:          0 kB
Percpu:             2520 kB
CmaTotal:         405504 kB
CmaFree:          259572 kB
MemTotal:        7918584 kB
MemFree:         1204164 kB
MemAvailable:    2884116 kB
Buffers:            5040 kB
Cached:          1457492 kB
SwapCached:         8468 kB
Active:          3466824 kB
Inactive:         687040 kB
Active(anon):    2666332 kB
Inactive(anon):    42268 kB
Active(file):     800492 kB
Inactive(file):   644772 kB
Unevictable:        6508 kB
Mlocked:            6068 kB
SwapTotal:       4718584 kB
SwapFree:        4033784 kB
Dirty:               972 kB
Writeback:             0 kB
AnonPages:       2693524 kB
Mapped:           685008 kB
Shmem:             12484 kB
KReclaimable:     633104 kB
Slab:             315684 kB
SReclaimable:      90536 kB
SUnreclaim:       225148 kB
KernelStack:       46480 kB
ShadowCallStack:   11640 kB
PageTables:        71484 kB
NFS_Unstable:          0 kB
Bounce:                0 kB
WritebackTmp:          0 kB
CommitLimit:     8677876 kB
Committed_AS:   66824620 kB
VmallocTotal:   263061440 kB
VmallocUsed:      128604 kB
VmallocChunk:          0 kB
Percpu:             2520 kB
CmaTotal:         405504 kB
CmaFree:          259572 kB
MemTotal:        7918584 kB
MemFree:         1123148 kB
MemAvailable:    2802036 kB
Buffers:            5052 kB
Cached:          1457504 kB
SwapCached:         8468 kB
Active:          3548792 kB
Inactive:         687072 kB
Active(anon):    2748300 kB
Inactive(anon):    42276 kB
Active(file):     800492 kB
Inactive(file):   644796 kB
Unevictable:        6508 kB
Mlocked:            6068 kB
SwapTotal:       4718584 kB
SwapFree:        4034040 kB
Dirty:              1024 kB
Writeback:             0 kB
AnonPages:       2775628 kB
Mapped:           685724 kB
Shmem:             12484 kB
KReclaimable:     632016 kB
Slab:             315732 kB
SReclaimable:      90536 kB
SUnreclaim:       225196 kB
KernelStack:       46480 kB
ShadowCallStack:   11652 kB
PageTables:        71700 kB
NFS_Unstable:          0 kB
Bounce:                0 kB
WritebackTmp:          0 kB
CommitLimit:     8677876 kB
Committed_AS:   66988460 kB
VmallocTotal:   263061440 kB
VmallocUsed:      128608 kB
VmallocChunk:          0 kB
Percpu:             2520 kB
CmaTotal:         405504 kB
CmaFree:          191604 kB
MemTotal:        7918584 kB
MemFree:         1082180 kB
MemAvailable:    2760468 kB
Buffers:            5052 kB
Cached:          1457504 kB
SwapCached:         8468 kB
Active:          3590608 kB
Inactive:         687072 kB
Active(anon):    2790116 kB
Inactive(anon):    42276 kB
Active(file):     800492 kB
Inactive(file):   644796 kB
Unevictable:        6508 kB
Mlocked:            6068 kB
SwapTotal:       4718584 kB
SwapFree:        4034040 kB
Dirty:              1024 kB
Writeback:             0 kB
AnonPages:       2817292 kB
Mapped:           686060 kB
Shmem:             12484 kB
KReclaimable:     631416 kB
Slab:             315700 kB
SReclaimable:      90536 kB
SUnreclaim:       225164 kB
KernelStack:       46448 kB
ShadowCallStack:   11628 kB
PageTables:        71856 kB
NFS_Unstable:          0 kB
Bounce:                0 kB
WritebackTmp:          0 kB
CommitLimit:     8677876 kB
Committed_AS:   67086656 kB
VmallocTotal:   263061440 kB
VmallocUsed:      128580 kB
VmallocChunk:          0 kB
Percpu:             2520 kB
CmaTotal:         405504 kB
CmaFree:          149588 kB
MemTotal:        7918584 kB
MemFree:         1037292 kB
MemAvailable:    2715260 kB
Buffers:            5052 kB
Cached:          1457512 kB
SwapCached:         8468 kB
Active:          3635816 kB
Inactive:         687080 kB
Active(anon):    2835324 kB
Inactive(anon):    42276 kB
Active(file):     800492 kB
Inactive(file):   644804 kB
Unevictable:        6508 kB
Mlocked:            6068 kB
SwapTotal:       4718584 kB
SwapFree:        4034040 kB
Dirty:              1060 kB
Writeback:             0 kB
AnonPages:       2862616 kB
Mapped:           686264 kB
Shmem:             12484 kB
KReclaimable:     631088 kB
Slab:             315776 kB
SReclaimable:      90552 kB
SUnreclaim:       225224 kB
KernelStack:       46368 kB
ShadowCallStack:   11624 kB
PageTables:        72100 kB
NFS_Unstable:          0 kB
Bounce:                0 kB
WritebackTmp:          0 kB
CommitLimit:     8677876 kB
Committed_AS:   67201136 kB
VmallocTotal:   263061440 kB
VmallocUsed:      128480 kB
VmallocChunk:          0 kB
Percpu:             2520 kB
CmaTotal:         405504 kB
CmaFree:          104840 kB
MemTotal:        7918584 kB
MemFree:          964416 kB
MemAvailable:    2641080 kB
Buffers:            5060 kB
Cached:          1457496 kB
SwapCached:         8468 kB
Active:          3708192 kB
Inactive:         687064 kB
Active(anon):    2907700 kB
Inactive(anon):    42268 kB
Active(file):     800492 kB
Inactive(file):   644796 kB
Unevictable:        6508 kB
Mlocked:            6068 kB
SwapTotal:       4718584 kB
SwapFree:        4034040 kB
Dirty:              1076 kB
Writeback:             0 kB
AnonPages:       2934820 kB
Mapped:           687192 kB
Shmem:             12484 kB
KReclaimable:     629792 kB
Slab:             315924 kB
SReclaimable:      90552 kB
SUnreclaim:       225372 kB
KernelStack:       46400 kB
ShadowCallStack:   11620 kB
PageTables:        72384 kB
NFS_Unstable:          0 kB
Bounce:                0 kB
WritebackTmp:          0 kB
CommitLimit:     8677876 kB
Committed_AS:   67348596 kB
VmallocTotal:   263061440 kB
VmallocUsed:      128484 kB
VmallocChunk:          0 kB
Percpu:             2520 kB
CmaTotal:         405504 kB
CmaFree:           32476 kB
MemTotal:        7918584 kB
MemFree:          927772 kB
MemAvailable:    2604092 kB
Buffers:            5060 kB
Cached:          1457512 kB
SwapCached:         8468 kB
Active:          3745860 kB
Inactive:         687088 kB
Active(anon):    2945368 kB
Inactive(anon):    42276 kB
Active(file):     800492 kB
Inactive(file):   644812 kB
Unevictable:        6508 kB
Mlocked:            6068 kB
SwapTotal:       4718584 kB
SwapFree:        4034040 kB
Dirty:              1076 kB
Writeback:             0 kB
AnonPages:       2972640 kB
Mapped:           687392 kB
Shmem:             12484 kB
KReclaimable:     629432 kB
Slab:             315940 kB
SReclaimable:      90552 kB
SUnreclaim:       225388 kB
KernelStack:       46368 kB
ShadowCallStack:   11616 kB
PageTables:        72544 kB
NFS_Unstable:          0 kB
Bounce:                0 kB
WritebackTmp:          0 kB
CommitLimit:     8677876 kB
Committed_AS:   67430460 kB
VmallocTotal:   263061440 kB
VmallocUsed:      128460 kB
VmallocChunk:          0 kB
Percpu:             2520 kB
CmaTotal:         405504 kB
CmaFree:               0 kB
MemTotal:        7918584 kB
MemFree:          867704 kB
MemAvailable:    2543400 kB
Buffers:            5060 kB
Cached:          1457512 kB
SwapCached:         8468 kB
Active:          3805616 kB
Inactive:         687084 kB
Active(anon):    3005124 kB
Inactive(anon):    42272 kB
Active(file):     800492 kB
Inactive(file):   644812 kB
Unevictable:        6508 kB
Mlocked:            6068 kB
SwapTotal:       4718584 kB
SwapFree:        4034040 kB
Dirty:              1088 kB
Writeback:             0 kB
AnonPages:       3032340 kB
Mapped:           687728 kB
Shmem:             12484 kB
KReclaimable:     628808 kB
Slab:             315800 kB
SReclaimable:      90552 kB
SUnreclaim:       225248 kB
KernelStack:       46384 kB
ShadowCallStack:   11608 kB
PageTables:        72856 kB
NFS_Unstable:          0 kB
Bounce:                0 kB
WritebackTmp:          0 kB
CommitLimit:     8677876 kB
Committed_AS:   67545208 kB
VmallocTotal:   263061440 kB
VmallocUsed:      128500 kB
VmallocChunk:          0 kB
Percpu:             2520 kB
CmaTotal:         405504 kB
CmaFree:               0 kB
MemTotal:        7918584 kB
MemFree:          812204 kB
MemAvailable:    2487044 kB
Buffers:            5060 kB
Cached:          1457512 kB
SwapCached:         8468 kB
Active:          3860720 kB
Inactive:         687092 kB
Active(anon):    3060228 kB
Inactive(anon):    42280 kB
Active(file):     800492 kB
Inactive(file):   644812 kB
Unevictable:        6508 kB
Mlocked:            6068 kB
SwapTotal:       4718584 kB
SwapFree:        4034040 kB
Dirty:              1088 kB
Writeback:             0 kB
AnonPages:       3087504 kB
Mapped:           688292 kB
Shmem:             12484 kB
KReclaimable:     627952 kB
Slab:             315948 kB
SReclaimable:      90552 kB
SUnreclaim:       225396 kB
KernelStack:       46384 kB
ShadowCallStack:   11628 kB
PageTables:        73084 kB
NFS_Unstable:          0 kB
Bounce:                0 kB
WritebackTmp:          0 kB
CommitLimit:     8677876 kB
Committed_AS:   67676276 kB
VmallocTotal:   263061440 kB
VmallocUsed:      128468 kB
VmallocChunk:          0 kB
Percpu:             2520 kB
CmaTotal:         405504 kB
CmaFree:               0 kB
MemTotal:        7918584 kB
MemFree:          782180 kB
MemAvailable:    2456948 kB
Buffers:            5060 kB
Cached:          1457520 kB
SwapCached:         8468 kB
Active:          3890088 kB
Inactive:         687104 kB
Active(anon):    3089596 kB
Inactive(anon):    42284 kB
Active(file):     800492 kB
Inactive(file):   644820 kB
Unevictable:        6508 kB
Mlocked:            6068 kB
SwapTotal:       4718584 kB
SwapFree:        4034040 kB
Dirty:              1096 kB
Writeback:             0 kB
AnonPages:       3117112 kB
Mapped:           688740 kB
Shmem:             12484 kB
KReclaimable:     627872 kB
Slab:             315872 kB
SReclaimable:      90552 kB
SUnreclaim:       225320 kB
KernelStack:       46416 kB
ShadowCallStack:   11632 kB
PageTables:        73252 kB
NFS_Unstable:          0 kB
Bounce:                0 kB
WritebackTmp:          0 kB
CommitLimit:     8677876 kB
Committed_AS:   67741824 kB
VmallocTotal:   263061440 kB
VmallocUsed:      128484 kB
VmallocChunk:          0 kB
Percpu:             2520 kB
CmaTotal:         405504 kB
CmaFree:              20 kB
MemTotal:        7918584 kB
MemFree:          716872 kB
MemAvailable:    2390516 kB
Buffers:            5060 kB
Cached:          1457584 kB
SwapCached:         8468 kB
Active:          3955072 kB
Inactive:         687096 kB
Active(anon):    3154528 kB
Inactive(anon):    42276 kB
Active(file):     800544 kB
Inactive(file):   644820 kB
Unevictable:        6508 kB
Mlocked:            6068 kB
SwapTotal:       4718584 kB
SwapFree:        4034040 kB
Dirty:              1096 kB
Writeback:             0 kB
AnonPages:       3181852 kB
Mapped:           689292 kB
Shmem:             12496 kB
KReclaimable:     626696 kB
Slab:             315976 kB
SReclaimable:      90552 kB
SUnreclaim:       225424 kB
KernelStack:       46368 kB
ShadowCallStack:   11616 kB
PageTables:        73456 kB
NFS_Unstable:          0 kB
Bounce:                0 kB
WritebackTmp:          0 kB
CommitLimit:     8677876 kB
Committed_AS:   67889284 kB
VmallocTotal:   263061440 kB
VmallocUsed:      128452 kB
VmallocChunk:          0 kB
Percpu:             2520 kB
CmaTotal:         405504 kB
CmaFree:               0 kB
MemTotal:        7918584 kB
MemFree:          670456 kB
MemAvailable:    2343672 kB
Buffers:            5092 kB
Cached:          1457708 kB
SwapCached:         8468 kB
Active:          4001228 kB
Inactive:         687132 kB
Active(anon):    3200572 kB
Inactive(anon):    42276 kB
Active(file):     800656 kB
Inactive(file):   644856 kB
Unevictable:        6508 kB
Mlocked:            6068 kB
SwapTotal:       4718584 kB
SwapFree:        4034040 kB
Dirty:              1088 kB
Writeback:            20 kB
AnonPages:       3227868 kB
Mapped:           689660 kB
Shmem:             12504 kB
KReclaimable:     626120 kB
Slab:             315972 kB
SReclaimable:      90552 kB
SUnreclaim:       225420 kB
KernelStack:       46352 kB
ShadowCallStack:   11608 kB
PageTables:        73564 kB
NFS_Unstable:          0 kB
Bounce:                0 kB
WritebackTmp:          0 kB
CommitLimit:     8677876 kB
Committed_AS:   67971208 kB
VmallocTotal:   263061440 kB
VmallocUsed:      128468 kB
VmallocChunk:          0 kB
Percpu:             2520 kB
CmaTotal:         405504 kB
CmaFree:               0 kB
MemTotal:        7918584 kB
MemFree:          608332 kB
MemAvailable:    2159756 kB
Buffers:            5092 kB
Cached:          1457832 kB
SwapCached:         8468 kB
Active:          4062768 kB
Inactive:         687132 kB
Active(anon):    3262112 kB
Inactive(anon):    42276 kB
Active(file):     800656 kB
Inactive(file):   644856 kB
Unevictable:        6508 kB
Mlocked:            6068 kB
SwapTotal:       4718584 kB
SwapFree:        4034040 kB
Dirty:              1096 kB
Writeback:             0 kB
AnonPages:       3289232 kB
Mapped:           690312 kB
Shmem:             12628 kB
KReclaimable:     504328 kB
Slab:             316128 kB
SReclaimable:      90552 kB
SUnreclaim:       225576 kB
KernelStack:       46496 kB
ShadowCallStack:   11648 kB
PageTables:        73864 kB
NFS_Unstable:          0 kB
Bounce:                0 kB
WritebackTmp:          0 kB
CommitLimit:     8677876 kB
Committed_AS:   68037144 kB
VmallocTotal:   263061440 kB
VmallocUsed:      128648 kB
VmallocChunk:          0 kB
Percpu:             2520 kB
CmaTotal:         405504 kB
CmaFree:               0 kB
MemTotal:        7918584 kB
MemFree:          577992 kB
MemAvailable:    2249984 kB
Buffers:            5092 kB
Cached:          1457700 kB
SwapCached:         8468 kB
Active:          4092464 kB
Inactive:         687132 kB
Active(anon):    3291808 kB
Inactive(anon):    42276 kB
Active(file):     800656 kB
Inactive(file):   644856 kB
Unevictable:        6508 kB
Mlocked:            6068 kB
SwapTotal:       4718584 kB
SwapFree:        4034040 kB
Dirty:              1096 kB
Writeback:             0 kB
AnonPages:       3319012 kB
Mapped:           690168 kB
Shmem:             12496 kB
KReclaimable:     624896 kB
Slab:             316140 kB
SReclaimable:      90568 kB
SUnreclaim:       225572 kB
KernelStack:       46352 kB
ShadowCallStack:   11636 kB
PageTables:        74044 kB
NFS_Unstable:          0 kB
Bounce:                0 kB
WritebackTmp:          0 kB
CommitLimit:     8677876 kB
Committed_AS:   68200500 kB
VmallocTotal:   263061440 kB
VmallocUsed:      128444 kB
VmallocChunk:          0 kB
Percpu:             2520 kB
CmaTotal:         405504 kB
CmaFree:               4 kB
MemTotal:        7918584 kB
MemFree:          540668 kB
MemAvailable:    2212292 kB
Buffers:            5092 kB
Cached:          1457724 kB
SwapCached:         8468 kB
Active:          4129964 kB
Inactive:         687140 kB
Active(anon):    3329308 kB
Inactive(anon):    42276 kB
Active(file):     800656 kB
Inactive(file):   644864 kB
Unevictable:        6508 kB
Mlocked:            6068 kB
SwapTotal:       4718584 kB
SwapFree:        4034040 kB
Dirty:              1104 kB
Writeback:             0 kB
AnonPages:       3356456 kB
Mapped:           690524 kB
Shmem:             12512 kB
KReclaimable:     624520 kB
Slab:             316192 kB
SReclaimable:      90552 kB
SUnreclaim:       225640 kB
KernelStack:       46336 kB
ShadowCallStack:   11616 kB
PageTables:        74220 kB
NFS_Unstable:          0 kB
Bounce:                0 kB
WritebackTmp:          0 kB
CommitLimit:     8677876 kB
Committed_AS:   68249648 kB
VmallocTotal:   263061440 kB
VmallocUsed:      128460 kB
VmallocChunk:          0 kB
Percpu:             2520 kB
CmaTotal:         405504 kB
CmaFree:               0 kB
MemTotal:        7918584 kB
MemFree:          485456 kB
MemAvailable:    2156320 kB
Buffers:            5092 kB
Cached:          1457724 kB
SwapCached:         8468 kB
Active:          4184792 kB
Inactive:         687116 kB
Active(anon):    3384136 kB
Inactive(anon):    42252 kB
Active(file):     800656 kB
Inactive(file):   644864 kB
Unevictable:        6508 kB
Mlocked:            6068 kB
SwapTotal:       4718584 kB
SwapFree:        4034040 kB
Dirty:              1204 kB
Writeback:             0 kB
AnonPages:       3411392 kB
Mapped:           691180 kB
Shmem:             12512 kB
KReclaimable:     623760 kB
Slab:             316128 kB
SReclaimable:      90552 kB
SUnreclaim:       225576 kB
KernelStack:       46320 kB
ShadowCallStack:   11604 kB
PageTables:        74520 kB
NFS_Unstable:          0 kB
Bounce:                0 kB
WritebackTmp:          0 kB
CommitLimit:     8677876 kB
Committed_AS:   68397104 kB
VmallocTotal:   263061440 kB
VmallocUsed:      128440 kB
VmallocChunk:          0 kB
Percpu:             2520 kB
CmaTotal:         405504 kB
CmaFree:               0 kB
MemTotal:        7918584 kB
MemFree:          443072 kB
MemAvailable:    2113288 kB
Buffers:            5092 kB
Cached:          1457724 kB
SwapCached:         8468 kB
Active:          4227580 kB
Inactive:         687116 kB
Active(anon):    3426924 kB
Inactive(anon):    42252 kB
Active(file):     800656 kB
Inactive(file):   644864 kB
Unevictable:        6508 kB
Mlocked:            6068 kB
SwapTotal:       4718584 kB
SwapFree:        4034040 kB
Dirty:              1224 kB
Writeback:             0 kB
AnonPages:       3454168 kB
Mapped:           691672 kB
Shmem:             12512 kB
KReclaimable:     623112 kB
Slab:             316296 kB
SReclaimable:      90568 kB
SUnreclaim:       225728 kB
KernelStack:       46352 kB
ShadowCallStack:   11612 kB
PageTables:        74672 kB
NFS_Unstable:          0 kB
Bounce:                0 kB
WritebackTmp:          0 kB
CommitLimit:     8677876 kB
Committed_AS:   68495404 kB
VmallocTotal:   263061440 kB
VmallocUsed:      128444 kB
VmallocChunk:          0 kB
Percpu:             2520 kB
CmaTotal:         405504 kB
CmaFree:               0 kB
MemTotal:        7918584 kB
MemFree:          399724 kB
MemAvailable:    2069356 kB
Buffers:            5112 kB
Cached:          1457712 kB
SwapCached:         8468 kB
Active:          4270680 kB
Inactive:         687120 kB
Active(anon):    3470024 kB
Inactive(anon):    42248 kB
Active(file):     800656 kB
Inactive(file):   644872 kB
Unevictable:        6508 kB
Mlocked:            6068 kB
SwapTotal:       4718584 kB
SwapFree:        4034040 kB
Dirty:              1232 kB
Writeback:             0 kB
AnonPages:       3496924 kB
Mapped:           691948 kB
Shmem:             12512 kB
KReclaimable:     622520 kB
Slab:             316356 kB
SReclaimable:      90568 kB
SUnreclaim:       225788 kB
KernelStack:       46336 kB
ShadowCallStack:   11612 kB
PageTables:        74820 kB
NFS_Unstable:          0 kB
Bounce:                0 kB
WritebackTmp:          0 kB
CommitLimit:     8677876 kB
Committed_AS:   68593708 kB
VmallocTotal:   263061440 kB
VmallocUsed:      128460 kB
VmallocChunk:          0 kB
Percpu:             2520 kB
CmaTotal:         405504 kB
CmaFree:               0 kB
MemTotal:        7918584 kB
MemFree:          334460 kB
MemAvailable:    2003080 kB
Buffers:            5112 kB
Cached:          1457728 kB
SwapCached:         8468 kB
Active:          4335444 kB
Inactive:         687136 kB
Active(anon):    3534788 kB
Inactive(anon):    42252 kB
Active(file):     800656 kB
Inactive(file):   644884 kB
Unevictable:        6508 kB
Mlocked:            6068 kB
SwapTotal:       4718584 kB
SwapFree:        4034040 kB
Dirty:              1236 kB
Writeback:             0 kB
AnonPages:       3562064 kB
Mapped:           692464 kB
Shmem:             12516 kB
KReclaimable:     621496 kB
Slab:             316448 kB
SReclaimable:      90568 kB
SUnreclaim:       225880 kB
KernelStack:       46352 kB
ShadowCallStack:   11620 kB
PageTables:        75140 kB
NFS_Unstable:          0 kB
Bounce:                0 kB
WritebackTmp:          0 kB
CommitLimit:     8677876 kB
Committed_AS:   68724784 kB
VmallocTotal:   263061440 kB
VmallocUsed:      128444 kB
VmallocChunk:          0 kB
Percpu:             2520 kB
CmaTotal:         405504 kB
CmaFree:               0 kB
MemTotal:        7918584 kB
MemFree:          293380 kB
MemAvailable:    1961648 kB
Buffers:            5112 kB
Cached:          1457740 kB
SwapCached:         8468 kB
Active:          4376516 kB
Inactive:         687144 kB
Active(anon):    3575860 kB
Inactive(anon):    42252 kB
Active(file):     800656 kB
Inactive(file):   644892 kB
Unevictable:        6508 kB
Mlocked:            6068 kB
SwapTotal:       4718584 kB
SwapFree:        4034040 kB
Dirty:              1244 kB
Writeback:             0 kB
AnonPages:       3603060 kB
Mapped:           692820 kB
Shmem:             12520 kB
KReclaimable:     621136 kB
Slab:             316380 kB
SReclaimable:      90552 kB
SUnreclaim:       225828 kB
KernelStack:       46336 kB
ShadowCallStack:   11620 kB
PageTables:        75356 kB
NFS_Unstable:          0 kB
Bounce:                0 kB
WritebackTmp:          0 kB
CommitLimit:     8677876 kB
Committed_AS:   68823044 kB
VmallocTotal:   263061440 kB
VmallocUsed:      128412 kB
VmallocChunk:          0 kB
Percpu:             2520 kB
CmaTotal:         405504 kB
CmaFree:               0 kB
MemTotal:        7918584 kB
MemFree:          252056 kB
MemAvailable:    1920328 kB
Buffers:            5112 kB
Cached:          1458336 kB
SwapCached:         8468 kB
Active:          4419304 kB
Inactive:         687144 kB
Active(anon):    3618052 kB
Inactive(anon):    42252 kB
Active(file):     801252 kB
Inactive(file):   644892 kB
Unevictable:        6508 kB
Mlocked:            6068 kB
SwapTotal:       4718584 kB
SwapFree:        4034552 kB
Dirty:               136 kB
Writeback:             0 kB
AnonPages:       3645284 kB
Mapped:           694300 kB
Shmem:             12520 kB
KReclaimable:     620544 kB
Slab:             316576 kB
SReclaimable:      90552 kB
SUnreclaim:       226024 kB
KernelStack:       46336 kB
ShadowCallStack:   11620 kB
PageTables:        75512 kB
NFS_Unstable:          0 kB
Bounce:                0 kB
WritebackTmp:          0 kB
CommitLimit:     8677876 kB
Committed_AS:   68921344 kB
VmallocTotal:   263061440 kB
VmallocUsed:      128452 kB
VmallocChunk:          0 kB
Percpu:             2520 kB
CmaTotal:         405504 kB
CmaFree:               0 kB
MemTotal:        7918584 kB
MemFree:          195896 kB
MemAvailable:    1863372 kB
Buffers:            5136 kB
Cached:          1458360 kB
SwapCached:         8468 kB
Active:          4473904 kB
Inactive:         687176 kB
Active(anon):    3672652 kB
Inactive(anon):    42240 kB
Active(file):     801252 kB
Inactive(file):   644936 kB
Unevictable:        6508 kB
Mlocked:            6068 kB
SwapTotal:       4718584 kB
SwapFree:        4034552 kB
Dirty:               248 kB
Writeback:             0 kB
AnonPages:       3700044 kB
Mapped:           694724 kB
Shmem:             12524 kB
KReclaimable:     619704 kB
Slab:             316608 kB
SReclaimable:      90568 kB
SUnreclaim:       226040 kB
KernelStack:       46336 kB
ShadowCallStack:   11616 kB
PageTables:        75824 kB
NFS_Unstable:          0 kB
Bounce:                0 kB
WritebackTmp:          0 kB
CommitLimit:     8677876 kB
Committed_AS:   69052416 kB
VmallocTotal:   263061440 kB
VmallocUsed:      128424 kB
VmallocChunk:          0 kB
Percpu:             2520 kB
CmaTotal:         405504 kB
CmaFree:               0 kB
MemTotal:        7918584 kB
MemFree:          173724 kB
MemAvailable:    1833928 kB
Buffers:            4028 kB
Cached:          1450676 kB
SwapCached:         8468 kB
Active:          4517456 kB
Inactive:         669816 kB
Active(anon):    3714944 kB
Inactive(anon):    34920 kB
Active(file):     802512 kB
Inactive(file):   634896 kB
Unevictable:        6508 kB
Mlocked:            6068 kB
SwapTotal:       4718584 kB
SwapFree:        4034040 kB
Dirty:               268 kB
Writeback:             0 kB
AnonPages:       3734860 kB
Mapped:           695112 kB
Shmem:             12512 kB
KReclaimable:     613020 kB
Slab:             314596 kB
SReclaimable:      88680 kB
SUnreclaim:       225916 kB
KernelStack:       46336 kB
ShadowCallStack:   11608 kB
PageTables:        75896 kB
NFS_Unstable:          0 kB
Bounce:                0 kB
WritebackTmp:          0 kB
CommitLimit:     8677876 kB
Committed_AS:   69117964 kB
VmallocTotal:   263061440 kB
VmallocUsed:      128424 kB
VmallocChunk:          0 kB
Percpu:             2520 kB
CmaTotal:         405504 kB
CmaFree:               0 kB
MemTotal:        7918584 kB
MemFree:          173548 kB
MemAvailable:    1800628 kB
Buffers:            4016 kB
Cached:          1423808 kB
SwapCached:         8468 kB
Active:          4577964 kB
Inactive:         642932 kB
Active(anon):    3775452 kB
Inactive(anon):    34916 kB
Active(file):     802512 kB
Inactive(file):   608016 kB
Unevictable:        6508 kB
Mlocked:            6068 kB
SwapTotal:       4718584 kB
SwapFree:        4034040 kB
Dirty:               276 kB
Writeback:             0 kB
AnonPages:       3795364 kB
Mapped:           695720 kB
Shmem:             12512 kB
KReclaimable:     606776 kB
Slab:             314616 kB
SReclaimable:      88616 kB
SUnreclaim:       226000 kB
KernelStack:       46320 kB
ShadowCallStack:   11612 kB
PageTables:        76260 kB
NFS_Unstable:          0 kB
Bounce:                0 kB
WritebackTmp:          0 kB
CommitLimit:     8677876 kB
Committed_AS:   69265420 kB
VmallocTotal:   263061440 kB
VmallocUsed:      128420 kB
VmallocChunk:          0 kB
Percpu:             2520 kB
CmaTotal:         405504 kB
CmaFree:               0 kB
MemTotal:        7918584 kB
MemFree:          176828 kB
MemAvailable:    1760600 kB
Buffers:            4008 kB
Cached:          1386996 kB
SwapCached:         8468 kB
Active:          4617168 kB
Inactive:         606112 kB
Active(anon):    3814656 kB
Inactive(anon):    34916 kB
Active(file):     802512 kB
Inactive(file):   571196 kB
Unevictable:        6508 kB
Mlocked:            6068 kB
SwapTotal:       4718584 kB
SwapFree:        4034040 kB
Dirty:               280 kB
Writeback:             0 kB
AnonPages:       3834520 kB
Mapped:           695968 kB
Shmem:             12512 kB
KReclaimable:     600288 kB
Slab:             314576 kB
SReclaimable:      88616 kB
SUnreclaim:       225960 kB
KernelStack:       46256 kB
ShadowCallStack:   11612 kB
PageTables:        76284 kB
NFS_Unstable:          0 kB
Bounce:                0 kB
WritebackTmp:          0 kB
CommitLimit:     8677876 kB
Committed_AS:   69347284 kB
VmallocTotal:   263061440 kB
VmallocUsed:      128396 kB
VmallocChunk:          0 kB
Percpu:             2520 kB
CmaTotal:         405504 kB
CmaFree:               0 kB
MemTotal:        7918584 kB
MemFree:          176988 kB
MemAvailable:    1715552 kB
Buffers:            4008 kB
Cached:          1349624 kB
SwapCached:         8468 kB
Active:          4662108 kB
Inactive:         568860 kB
Active(anon):    3859596 kB
Inactive(anon):    34916 kB
Active(file):     802512 kB
Inactive(file):   533944 kB
Unevictable:        6508 kB
Mlocked:            6068 kB
SwapTotal:       4718584 kB
SwapFree:        4034040 kB
Dirty:               296 kB
Writeback:             0 kB
AnonPages:       3879500 kB
Mapped:           696236 kB
Shmem:             12512 kB
KReclaimable:     592332 kB
Slab:             313808 kB
SReclaimable:      87740 kB
SUnreclaim:       226068 kB
KernelStack:       46320 kB
ShadowCallStack:   11596 kB
PageTables:        76712 kB
NFS_Unstable:          0 kB
Bounce:                0 kB
WritebackTmp:          0 kB
CommitLimit:     8677876 kB
Committed_AS:   69445484 kB
VmallocTotal:   263061440 kB
VmallocUsed:      128356 kB
VmallocChunk:          0 kB
Percpu:             2520 kB
CmaTotal:         405504 kB
CmaFree:               0 kB
MemTotal:        7918584 kB
MemFree:          177344 kB
MemAvailable:    1653836 kB
Buffers:            3748 kB
Cached:          1298708 kB
SwapCached:         8468 kB
Active:          4722980 kB
Inactive:         517556 kB
Active(anon):    3920456 kB
Inactive(anon):    34920 kB
Active(file):     802524 kB
Inactive(file):   482636 kB
Unevictable:        6508 kB
Mlocked:            6068 kB
SwapTotal:       4718584 kB
SwapFree:        4034040 kB
Dirty:               300 kB
Writeback:             4 kB
AnonPages:       3940340 kB
Mapped:           696768 kB
Shmem:             12512 kB
KReclaimable:     581556 kB
Slab:             312812 kB
SReclaimable:      86668 kB
SUnreclaim:       226144 kB
KernelStack:       46288 kB
ShadowCallStack:   11596 kB
PageTables:        76812 kB
NFS_Unstable:          0 kB
Bounce:                0 kB
WritebackTmp:          0 kB
CommitLimit:     8677876 kB
Committed_AS:   69576556 kB
VmallocTotal:   263061440 kB
VmallocUsed:      128364 kB
VmallocChunk:          0 kB
Percpu:             2520 kB
CmaTotal:         405504 kB
CmaFree:               0 kB
MemTotal:        7918584 kB
MemFree:          177684 kB
MemAvailable:    1623968 kB
Buffers:            3712 kB
Cached:          1275424 kB
SwapCached:         8468 kB
Active:          4767148 kB
Inactive:         479936 kB
Active(anon):    3950328 kB
Inactive(anon):    34916 kB
Active(file):     816820 kB
Inactive(file):   445020 kB
Unevictable:        6508 kB
Mlocked:            6068 kB
SwapTotal:       4718584 kB
SwapFree:        4034040 kB
Dirty:               236 kB
Writeback:             0 kB
AnonPages:       3970172 kB
Mapped:           688584 kB
Shmem:             12512 kB
KReclaimable:     574668 kB
Slab:             312616 kB
SReclaimable:      86388 kB
SUnreclaim:       226228 kB
KernelStack:       46288 kB
ShadowCallStack:   11596 kB
PageTables:        76996 kB
NFS_Unstable:          0 kB
Bounce:                0 kB
WritebackTmp:          0 kB
CommitLimit:     8677876 kB
Committed_AS:   69642688 kB
VmallocTotal:   263061440 kB
VmallocUsed:      128356 kB
VmallocChunk:          0 kB
Percpu:             2520 kB
CmaTotal:         405504 kB
CmaFree:               0 kB
MemTotal:        7918584 kB
MemFree:          173704 kB
MemAvailable:    1580552 kB
Buffers:            3672 kB
Cached:          1246660 kB
SwapCached:         8468 kB
Active:          4842072 kB
Inactive:         419192 kB
Active(anon):    3993452 kB
Inactive(anon):    34916 kB
Active(file):     848620 kB
Inactive(file):   384276 kB
Unevictable:        6508 kB
Mlocked:            6068 kB
SwapTotal:       4718584 kB
SwapFree:        4034040 kB
Dirty:               236 kB
Writeback:             0 kB
AnonPages:       4013368 kB
Mapped:           682592 kB
Shmem:             12516 kB
KReclaimable:     564176 kB
Slab:             312212 kB
SReclaimable:      86040 kB
SUnreclaim:       226172 kB
KernelStack:       46176 kB
ShadowCallStack:   11576 kB
PageTables:        77064 kB
NFS_Unstable:          0 kB
Bounce:                0 kB
WritebackTmp:          0 kB
CommitLimit:     8677876 kB
Committed_AS:   69740732 kB
VmallocTotal:   263061440 kB
VmallocUsed:      128228 kB
VmallocChunk:          0 kB
Percpu:             2520 kB
CmaTotal:         405504 kB
CmaFree:               0 kB
MemTotal:        7918584 kB
MemFree:          175484 kB
MemAvailable:    1515364 kB
Buffers:            3652 kB
Cached:          1192368 kB
SwapCached:         8468 kB
Active:          4925284 kB
Inactive:         344716 kB
Active(anon):    4056368 kB
Inactive(anon):    34912 kB
Active(file):     868916 kB
Inactive(file):   309804 kB
Unevictable:        6508 kB
Mlocked:            6068 kB
SwapTotal:       4718584 kB
SwapFree:        4034040 kB
Dirty:               244 kB
Writeback:             0 kB
AnonPages:       4076272 kB
Mapped:           662948 kB
Shmem:             12516 kB
KReclaimable:     551384 kB
Slab:             311816 kB
SReclaimable:      85608 kB
SUnreclaim:       226208 kB
KernelStack:       46128 kB
ShadowCallStack:   11560 kB
PageTables:        77552 kB
NFS_Unstable:          0 kB
Bounce:                0 kB
WritebackTmp:          0 kB
CommitLimit:     8677876 kB
Committed_AS:   69871596 kB
VmallocTotal:   263061440 kB
VmallocUsed:      128148 kB
VmallocChunk:          0 kB
Percpu:             2520 kB
CmaTotal:         405504 kB
CmaFree:               0 kB
MemTotal:        7918584 kB
MemFree:          174516 kB
MemAvailable:    1483816 kB
Buffers:            3612 kB
Cached:          1165692 kB
SwapCached:         8468 kB
Active:          4958080 kB
Inactive:         317476 kB
Active(anon):    4088632 kB
Inactive(anon):    34920 kB
Active(file):     869448 kB
Inactive(file):   282556 kB
Unevictable:        6508 kB
Mlocked:            6068 kB
SwapTotal:       4718584 kB
SwapFree:        4034040 kB
Dirty:                28 kB
Writeback:             0 kB
AnonPages:       4108516 kB
Mapped:           661992 kB
Shmem:             12516 kB
KReclaimable:     547520 kB
Slab:             311252 kB
SReclaimable:      85104 kB
SUnreclaim:       226148 kB
KernelStack:       46064 kB
ShadowCallStack:   11540 kB
PageTables:        77488 kB
NFS_Unstable:          0 kB
Bounce:                0 kB
WritebackTmp:          0 kB
CommitLimit:     8677876 kB
Committed_AS:   69953308 kB
VmallocTotal:   263061440 kB
VmallocUsed:      128076 kB
VmallocChunk:          0 kB
Percpu:             2520 kB
CmaTotal:         405504 kB
CmaFree:               0 kB
MemTotal:        7918584 kB
MemFree:          177976 kB
MemAvailable:    1416900 kB
Buffers:            3440 kB
Cached:          1108340 kB
SwapCached:         8468 kB
Active:          5035496 kB
Inactive:         248132 kB
Active(anon):    4154232 kB
Inactive(anon):    34916 kB
Active(file):     881264 kB
Inactive(file):   213216 kB
Unevictable:        6508 kB
Mlocked:            6068 kB
SwapTotal:       4718584 kB
SwapFree:        4034040 kB
Dirty:               120 kB
Writeback:             0 kB
AnonPages:       4174184 kB
Mapped:           661332 kB
Shmem:             12516 kB
KReclaimable:     534668 kB
Slab:             310060 kB
SReclaimable:      83812 kB
SUnreclaim:       226248 kB
KernelStack:       46064 kB
ShadowCallStack:   11540 kB
PageTables:        77848 kB
NFS_Unstable:          0 kB
Bounce:                0 kB
WritebackTmp:          0 kB
CommitLimit:     8677876 kB
Committed_AS:   70084380 kB
VmallocTotal:   263061440 kB
VmallocUsed:      128084 kB
VmallocChunk:          0 kB
Percpu:             2520 kB
CmaTotal:         405504 kB
CmaFree:               0 kB
MemTotal:        7918584 kB
MemFree:          176872 kB
MemAvailable:    1370168 kB
Buffers:            3452 kB
Cached:          1069176 kB
SwapCached:         8468 kB
Active:          5079372 kB
Inactive:         208984 kB
Active(anon):    4198108 kB
Inactive(anon):    34920 kB
Active(file):     881264 kB
Inactive(file):   174064 kB
Unevictable:        6508 kB
Mlocked:            6068 kB
SwapTotal:       4718584 kB
SwapFree:        4034040 kB
Dirty:               192 kB
Writeback:             0 kB
AnonPages:       4217996 kB
Mapped:           661552 kB
Shmem:             12516 kB
KReclaimable:     528192 kB
Slab:             309292 kB
SReclaimable:      82976 kB
SUnreclaim:       226316 kB
KernelStack:       46048 kB
ShadowCallStack:   11536 kB
PageTables:        77916 kB
NFS_Unstable:          0 kB
Bounce:                0 kB
WritebackTmp:          0 kB
CommitLimit:     8677876 kB
Committed_AS:   70182684 kB
VmallocTotal:   263061440 kB
VmallocUsed:      128080 kB
VmallocChunk:          0 kB
Percpu:             2520 kB
CmaTotal:         405504 kB
CmaFree:              64 kB
MemTotal:        7918584 kB
MemFree:          176144 kB
MemAvailable:    1163584 kB
Buffers:            2400 kB
Cached:           993104 kB
SwapCached:         8468 kB
Active:          5164336 kB
Inactive:         131644 kB
Active(anon):    4282940 kB
Inactive(anon):    34916 kB
Active(file):     881396 kB
Inactive(file):    96728 kB
Unevictable:        6508 kB
Mlocked:            6068 kB
SwapTotal:       4718584 kB
SwapFree:        4034040 kB
Dirty:               192 kB
Writeback:             0 kB
AnonPages:       4302740 kB
Mapped:           662544 kB
Shmem:             12596 kB
KReclaimable:     399540 kB
Slab:             307596 kB
SReclaimable:      81252 kB
SUnreclaim:       226344 kB
KernelStack:       46176 kB
ShadowCallStack:   11568 kB
PageTables:        78304 kB
NFS_Unstable:          0 kB
Bounce:                0 kB
WritebackTmp:          0 kB
CommitLimit:     8677876 kB
Committed_AS:   70265000 kB
VmallocTotal:   263061440 kB
VmallocUsed:      128240 kB
VmallocChunk:          0 kB
Percpu:             2520 kB
CmaTotal:         405504 kB
CmaFree:               0 kB
MemTotal:        7918584 kB
MemFree:          207396 kB
MemAvailable:    1265468 kB
Buffers:             684 kB
Cached:           956116 kB
SwapCached:         8468 kB
Active:          5029936 kB
Inactive:         246012 kB
Active(anon):    4252652 kB
Inactive(anon):    83796 kB
Active(file):     777284 kB
Inactive(file):   162216 kB
Unevictable:        6508 kB
Mlocked:            6068 kB
SwapTotal:       4718584 kB
SwapFree:        4034296 kB
Dirty:               220 kB
Writeback:             0 kB
AnonPages:       4321452 kB
Mapped:           650100 kB
Shmem:             12516 kB
KReclaimable:     508796 kB
Slab:             305832 kB
SReclaimable:      79412 kB
SUnreclaim:       226420 kB
KernelStack:       46032 kB
ShadowCallStack:   11540 kB
PageTables:        78476 kB
NFS_Unstable:          0 kB
Bounce:                0 kB
WritebackTmp:          0 kB
CommitLimit:     8677876 kB
Committed_AS:   70411956 kB
VmallocTotal:   263061440 kB
VmallocUsed:      128060 kB
VmallocChunk:          0 kB
Percpu:             2520 kB
CmaTotal:         405504 kB
CmaFree:             232 kB
MemTotal:        7918584 kB
MemFree:          170964 kB
MemAvailable:    1216588 kB
Buffers:             640 kB
Cached:           955032 kB
SwapCached:         8468 kB
Active:          5105676 kB
Inactive:         216720 kB
Active(anon):    4321212 kB
Inactive(anon):    62840 kB
Active(file):     784464 kB
Inactive(file):   153880 kB
Unevictable:        6508 kB
Mlocked:            6068 kB
SwapTotal:       4718584 kB
SwapFree:        4034040 kB
Dirty:               220 kB
Writeback:             0 kB
AnonPages:       4368868 kB
Mapped:           649696 kB
Shmem:             12548 kB
KReclaimable:     497504 kB
Slab:             305824 kB
SReclaimable:      79416 kB
SUnreclaim:       226408 kB
KernelStack:       46016 kB
ShadowCallStack:   11524 kB
PageTables:        78344 kB
NFS_Unstable:          0 kB
Bounce:                0 kB
WritebackTmp:          0 kB
CommitLimit:     8677876 kB
Committed_AS:   70493876 kB
VmallocTotal:   263061440 kB
VmallocUsed:      128028 kB
VmallocChunk:          0 kB
Percpu:             2520 kB
CmaTotal:         405504 kB
CmaFree:               0 kB
MemTotal:        7918584 kB
MemFree:          175796 kB
MemAvailable:    1175236 kB
Buffers:             640 kB
Cached:           921220 kB
SwapCached:         8464 kB
Active:           476856 kB
Inactive:        4851968 kB
Active(anon):     339048 kB
Inactive(anon):  4085304 kB
Active(file):     137808 kB
Inactive(file):   766664 kB
Unevictable:        6516 kB
Mlocked:            6076 kB
SwapTotal:       4718584 kB
SwapFree:        4033784 kB
Dirty:               280 kB
Writeback:             0 kB
AnonPages:       4409256 kB
Mapped:           632692 kB
Shmem:             12516 kB
KReclaimable:     485192 kB
Slab:             305764 kB
SReclaimable:      79408 kB
SUnreclaim:       226356 kB
KernelStack:       45984 kB
ShadowCallStack:   11552 kB
PageTables:        78544 kB
NFS_Unstable:          0 kB
Bounce:                0 kB
WritebackTmp:          0 kB
CommitLimit:     8677876 kB
Committed_AS:   70592128 kB
VmallocTotal:   263061440 kB
VmallocUsed:      128036 kB
VmallocChunk:          0 kB
Percpu:             2520 kB
CmaTotal:         405504 kB
CmaFree:              28 kB
MemTotal:        7918584 kB
MemFree:          173600 kB
MemAvailable:    1125092 kB
Buffers:             628 kB
Cached:           881280 kB
SwapCached:         8464 kB
Active:           530900 kB
Inactive:        4808308 kB
Active(anon):     389472 kB
Inactive(anon):  4085276 kB
Active(file):     141428 kB
Inactive(file):   723032 kB
Unevictable:        6524 kB
Mlocked:            6084 kB
SwapTotal:       4718584 kB
SwapFree:        4033784 kB
Dirty:               452 kB
Writeback:             0 kB
AnonPages:       4459728 kB
Mapped:           617660 kB
Shmem:             12520 kB
KReclaimable:     477256 kB
Slab:             305848 kB
SReclaimable:      79408 kB
SUnreclaim:       226440 kB
KernelStack:       45984 kB
ShadowCallStack:   11548 kB
PageTables:        78900 kB
NFS_Unstable:          0 kB
Bounce:                0 kB
WritebackTmp:          0 kB
CommitLimit:     8677876 kB
Committed_AS:   70690440 kB
VmallocTotal:   263061440 kB
VmallocUsed:      128008 kB
VmallocChunk:          0 kB
Percpu:             2520 kB
CmaTotal:         405504 kB
CmaFree:               0 kB
MemTotal:        7918584 kB
MemFree:          177136 kB
MemAvailable:    1076656 kB
Buffers:             624 kB
Cached:           836424 kB
SwapCached:         8464 kB
Active:           579224 kB
Inactive:        4761288 kB
Active(anon):     436256 kB
Inactive(anon):  4084680 kB
Active(file):     142968 kB
Inactive(file):   676608 kB
Unevictable:        6524 kB
Mlocked:            6084 kB
SwapTotal:       4718584 kB
SwapFree:        4033784 kB
Dirty:               452 kB
Writeback:             0 kB
AnonPages:       4505676 kB
Mapped:           602572 kB
Shmem:             12520 kB
KReclaimable:     470168 kB
Slab:             305888 kB
SReclaimable:      79408 kB
SUnreclaim:       226480 kB
KernelStack:       46000 kB
ShadowCallStack:   11524 kB
PageTables:        79272 kB
NFS_Unstable:          0 kB
Bounce:                0 kB
WritebackTmp:          0 kB
CommitLimit:     8677876 kB
Committed_AS:   70805128 kB
VmallocTotal:   263061440 kB
VmallocUsed:      128004 kB
VmallocChunk:          0 kB
Percpu:             2520 kB
CmaTotal:         405504 kB
CmaFree:             952 kB
MemTotal:        7918584 kB
MemFree:          178284 kB
MemAvailable:    1031768 kB
Buffers:             616 kB
Cached:           807912 kB
SwapCached:         8396 kB
Active:           697212 kB
Inactive:        4659408 kB
Active(anon):     551276 kB
Inactive(anon):  4014132 kB
Active(file):     145936 kB
Inactive(file):   645276 kB
Unevictable:        6524 kB
Mlocked:            6084 kB
SwapTotal:       4718584 kB
SwapFree:        4031736 kB
Dirty:               472 kB
Writeback:             0 kB
AnonPages:       4550616 kB
Mapped:           590168 kB
Shmem:             12516 kB
KReclaimable:     452496 kB
Slab:             305876 kB
SReclaimable:      79408 kB
SUnreclaim:       226468 kB
KernelStack:       46016 kB
ShadowCallStack:   11528 kB
PageTables:        79404 kB
NFS_Unstable:          0 kB
Bounce:                0 kB
WritebackTmp:          0 kB
CommitLimit:     8677876 kB
Committed_AS:   70919816 kB
VmallocTotal:   263061440 kB
VmallocUsed:      128040 kB
VmallocChunk:          0 kB
Percpu:             2520 kB
CmaTotal:         405504 kB
CmaFree:               0 kB
MemTotal:        7918584 kB
MemFree:          174756 kB
MemAvailable:     987596 kB
Buffers:             616 kB
Cached:           773496 kB
SwapCached:         8396 kB
Active:           749200 kB
Inactive:        4616632 kB
Active(anon):     599004 kB
Inactive(anon):  4010036 kB
Active(file):     150196 kB
Inactive(file):   606596 kB
Unevictable:        6524 kB
Mlocked:            6084 kB
SwapTotal:       4718584 kB
SwapFree:        4031736 kB
Dirty:               480 kB
Writeback:             0 kB
AnonPages:       4594064 kB
Mapped:           577436 kB
Shmem:             12520 kB
KReclaimable:     446272 kB
Slab:             305880 kB
SReclaimable:      79408 kB
SUnreclaim:       226472 kB
KernelStack:       46016 kB
ShadowCallStack:   11528 kB
PageTables:        79656 kB
NFS_Unstable:          0 kB
Bounce:                0 kB
WritebackTmp:          0 kB
CommitLimit:     8677876 kB
Committed_AS:   71001744 kB
VmallocTotal:   263061440 kB
VmallocUsed:      128024 kB
VmallocChunk:          0 kB
Percpu:             2520 kB
CmaTotal:         405504 kB
CmaFree:               0 kB
MemTotal:        7918584 kB
MemFree:          176884 kB
MemAvailable:     942652 kB
Buffers:             588 kB
Cached:           732628 kB
SwapCached:         8396 kB
Active:           800700 kB
Inactive:        4568968 kB
Active(anon):     643748 kB
Inactive(anon):  4010024 kB
Active(file):     156952 kB
Inactive(file):   558944 kB
Unevictable:        6524 kB
Mlocked:            6084 kB
SwapTotal:       4718584 kB
SwapFree:        4031736 kB
Dirty:                96 kB
Writeback:             0 kB
AnonPages:       4638816 kB
Mapped:           566888 kB
Shmem:             12520 kB
KReclaimable:     440096 kB
Slab:             305992 kB
SReclaimable:      79408 kB
SUnreclaim:       226584 kB
KernelStack:       46016 kB
ShadowCallStack:   11528 kB
PageTables:        79820 kB
NFS_Unstable:          0 kB
Bounce:                0 kB
WritebackTmp:          0 kB
CommitLimit:     8677876 kB
Committed_AS:   71083660 kB
VmallocTotal:   263061440 kB
VmallocUsed:      128008 kB
VmallocChunk:          0 kB
Percpu:             2520 kB
CmaTotal:         405504 kB
CmaFree:               0 kB
MemTotal:        7918584 kB
MemFree:          175580 kB
MemAvailable:     885280 kB
Buffers:             512 kB
Cached:           683148 kB
SwapCached:         8396 kB
Active:           857436 kB
Inactive:        4518224 kB
Active(anon):     699300 kB
Inactive(anon):  4010020 kB
Active(file):     158136 kB
Inactive(file):   508204 kB
Unevictable:        6524 kB
Mlocked:            6084 kB
SwapTotal:       4718584 kB
SwapFree:        4031736 kB
Dirty:               128 kB
Writeback:             0 kB
AnonPages:       4694352 kB
Mapped:           558948 kB
Shmem:             12520 kB
KReclaimable:     433584 kB
Slab:             306100 kB
SReclaimable:      79408 kB
SUnreclaim:       226692 kB
KernelStack:       46000 kB
ShadowCallStack:   11528 kB
PageTables:        80084 kB
NFS_Unstable:          0 kB
Bounce:                0 kB
WritebackTmp:          0 kB
CommitLimit:     8677876 kB
Committed_AS:   71214732 kB
VmallocTotal:   263061440 kB
VmallocUsed:      128040 kB
VmallocChunk:          0 kB
Percpu:             2520 kB
CmaTotal:         405504 kB
CmaFree:               0 kB
MemTotal:        7918584 kB
MemFree:          175120 kB
MemAvailable:     848088 kB
Buffers:             512 kB
Cached:           650896 kB
SwapCached:         8396 kB
Active:           900352 kB
Inactive:        4479176 kB
Active(anon):     736980 kB
Inactive(anon):  4008604 kB
Active(file):     163372 kB
Inactive(file):   470572 kB
Unevictable:        6524 kB
Mlocked:            6084 kB
SwapTotal:       4718584 kB
SwapFree:        4031736 kB
Dirty:               128 kB
Writeback:             0 kB
AnonPages:       4730624 kB
Mapped:           556304 kB
Shmem:             12524 kB
KReclaimable:     429248 kB
Slab:             306004 kB
SReclaimable:      79408 kB
SUnreclaim:       226596 kB
KernelStack:       46000 kB
ShadowCallStack:   11532 kB
PageTables:        79976 kB
NFS_Unstable:          0 kB
Bounce:                0 kB
WritebackTmp:          0 kB
CommitLimit:     8677876 kB
Committed_AS:   71296656 kB
VmallocTotal:   263061440 kB
VmallocUsed:      128020 kB
VmallocChunk:          0 kB
Percpu:             2520 kB
CmaTotal:         405504 kB
CmaFree:               0 kB
MemTotal:        7918584 kB
MemFree:          173932 kB
MemAvailable:     808756 kB
Buffers:             628 kB
Cached:           618316 kB
SwapCached:         8396 kB
Active:           961152 kB
Inactive:        4426700 kB
Active(anon):     779032 kB
Inactive(anon):  4007216 kB
Active(file):     182120 kB
Inactive(file):   419484 kB
Unevictable:        6524 kB
Mlocked:            6084 kB
SwapTotal:       4718584 kB
SwapFree:        4037368 kB
Dirty:               260 kB
Writeback:             0 kB
AnonPages:       4771284 kB
Mapped:           551964 kB
Shmem:             12540 kB
KReclaimable:     423444 kB
Slab:             306132 kB
SReclaimable:      79300 kB
SUnreclaim:       226832 kB
KernelStack:       45984 kB
ShadowCallStack:   11520 kB
PageTables:        80408 kB
NFS_Unstable:          0 kB
Bounce:                0 kB
WritebackTmp:          0 kB
CommitLimit:     8677876 kB
Committed_AS:   71378532 kB
VmallocTotal:   263061440 kB
VmallocUsed:      127980 kB
VmallocChunk:          0 kB
Percpu:             2520 kB
CmaTotal:         405504 kB
CmaFree:             128 kB
MemTotal:        7918584 kB
MemFree:          178524 kB
MemAvailable:     752736 kB
Buffers:             628 kB
Cached:           563576 kB
SwapCached:         8396 kB
Active:          1017740 kB
Inactive:        4371272 kB
Active(anon):     835552 kB
Inactive(anon):  4006596 kB
Active(file):     182188 kB
Inactive(file):   364676 kB
Unevictable:        6524 kB
Mlocked:            6084 kB
SwapTotal:       4718584 kB
SwapFree:        4037368 kB
Dirty:               260 kB
Writeback:             0 kB
AnonPages:       4827136 kB
Mapped:           552096 kB
Shmem:             12540 kB
KReclaimable:     417572 kB
Slab:             306292 kB
SReclaimable:      79300 kB
SUnreclaim:       226992 kB
KernelStack:       45968 kB
ShadowCallStack:   11524 kB
PageTables:        80640 kB
NFS_Unstable:          0 kB
Bounce:                0 kB
WritebackTmp:          0 kB
CommitLimit:     8677876 kB
Committed_AS:   71493220 kB
VmallocTotal:   263061440 kB
VmallocUsed:      127968 kB
VmallocChunk:          0 kB
Percpu:             2520 kB
CmaTotal:         405504 kB
CmaFree:             128 kB
MemTotal:        7918584 kB
MemFree:          178344 kB
MemAvailable:     701604 kB
Buffers:             628 kB
Cached:           518448 kB
SwapCached:         8396 kB
Active:          1070636 kB
Inactive:        4323088 kB
Active(anon):     885396 kB
Inactive(anon):  4006592 kB
Active(file):     185240 kB
Inactive(file):   316496 kB
Unevictable:        6524 kB
Mlocked:            6084 kB
SwapTotal:       4718584 kB
SwapFree:        4037368 kB
Dirty:               260 kB
Writeback:             0 kB
AnonPages:       4877012 kB
Mapped:           538756 kB
Shmem:             12540 kB
KReclaimable:     411748 kB
Slab:             306220 kB
SReclaimable:      79300 kB
SUnreclaim:       226920 kB
KernelStack:       45968 kB
ShadowCallStack:   11516 kB
PageTables:        80844 kB
NFS_Unstable:          0 kB
Bounce:                0 kB
WritebackTmp:          0 kB
CommitLimit:     8677876 kB
Committed_AS:   71624292 kB
VmallocTotal:   263061440 kB
VmallocUsed:      127968 kB
VmallocChunk:          0 kB
Percpu:             2520 kB
CmaTotal:         405504 kB
CmaFree:             128 kB
MemTotal:        7918584 kB
MemFree:          180728 kB
MemAvailable:     639852 kB
Buffers:             604 kB
Cached:           468260 kB
SwapCached:         8396 kB
Active:          1126804 kB
Inactive:        4269264 kB
Active(anon):     937956 kB
Inactive(anon):  4006588 kB
Active(file):     188848 kB
Inactive(file):   262676 kB
Unevictable:        6524 kB
Mlocked:            6084 kB
SwapTotal:       4718584 kB
SwapFree:        4037368 kB
Dirty:               212 kB
Writeback:             0 kB
AnonPages:       4929516 kB
Mapped:           518620 kB
Shmem:             12540 kB
KReclaimable:     406016 kB
Slab:             306112 kB
SReclaimable:      79296 kB
SUnreclaim:       226816 kB
KernelStack:       45984 kB
ShadowCallStack:   11520 kB
PageTables:        80940 kB
NFS_Unstable:          0 kB
Bounce:                0 kB
WritebackTmp:          0 kB
CommitLimit:     8677876 kB
Committed_AS:   71722600 kB
VmallocTotal:   263061440 kB
VmallocUsed:      127964 kB
VmallocChunk:          0 kB
Percpu:             2520 kB
CmaTotal:         405504 kB
CmaFree:               0 kB
MemTotal:        7918584 kB
MemFree:          176292 kB
MemAvailable:     615248 kB
Buffers:             596 kB
Cached:           443304 kB
SwapCached:         8396 kB
Active:          1162008 kB
Inactive:        4242712 kB
Active(anon):     971964 kB
Inactive(anon):  4006180 kB
Active(file):     190044 kB
Inactive(file):   236532 kB
Unevictable:        6524 kB
Mlocked:            6084 kB
SwapTotal:       4718584 kB
SwapFree:        4037368 kB
Dirty:               244 kB
Writeback:             0 kB
AnonPages:       4963344 kB
Mapped:           511988 kB
Shmem:             12540 kB
KReclaimable:     402604 kB
Slab:             306076 kB
SReclaimable:      79292 kB
SUnreclaim:       226784 kB
KernelStack:       45952 kB
ShadowCallStack:   11516 kB
PageTables:        81104 kB
NFS_Unstable:          0 kB
Bounce:                0 kB
WritebackTmp:          0 kB
CommitLimit:     8677876 kB
Committed_AS:   71788132 kB
VmallocTotal:   263061440 kB
VmallocUsed:      127964 kB
VmallocChunk:          0 kB
Percpu:             2520 kB
CmaTotal:         405504 kB
CmaFree:              16 kB
MemTotal:        7918584 kB
MemFree:          175388 kB
MemAvailable:     565588 kB
Buffers:             596 kB
Cached:           399980 kB
SwapCached:         8396 kB
Active:          1213612 kB
Inactive:        4195784 kB
Active(anon):    1020008 kB
Inactive(anon):  4006160 kB
Active(file):     193604 kB
Inactive(file):   189624 kB
Unevictable:        6524 kB
Mlocked:            6084 kB
SwapTotal:       4718584 kB
SwapFree:        4037368 kB
Dirty:               268 kB
Writeback:             0 kB
AnonPages:       5011176 kB
Mapped:           502068 kB
Shmem:             12540 kB
KReclaimable:     397196 kB
Slab:             306256 kB
SReclaimable:      79292 kB
SUnreclaim:       226964 kB
KernelStack:       45984 kB
ShadowCallStack:   11520 kB
PageTables:        81344 kB
NFS_Unstable:          0 kB
Bounce:                0 kB
WritebackTmp:          0 kB
CommitLimit:     8677876 kB
Committed_AS:   71886436 kB
VmallocTotal:   263061440 kB
VmallocUsed:      127984 kB
VmallocChunk:          0 kB
Percpu:             2520 kB
CmaTotal:         405504 kB
CmaFree:               0 kB
MemTotal:        7918584 kB
MemFree:          175772 kB
MemAvailable:     505492 kB
Buffers:             572 kB
Cached:           347568 kB
SwapCached:         8396 kB
Active:          1287940 kB
Inactive:        4128620 kB
Active(anon):    1079604 kB
Inactive(anon):  4006160 kB
Active(file):     208336 kB
Inactive(file):   122460 kB
Unevictable:        6524 kB
Mlocked:            6084 kB
SwapTotal:       4718584 kB
SwapFree:        4037368 kB
Dirty:               268 kB
Writeback:             0 kB
AnonPages:       5070752 kB
Mapped:           469220 kB
Shmem:             12544 kB
KReclaimable:     389148 kB
Slab:             305696 kB
SReclaimable:      78724 kB
SUnreclaim:       226972 kB
KernelStack:       45984 kB
ShadowCallStack:   11520 kB
PageTables:        81528 kB
NFS_Unstable:          0 kB
Bounce:                0 kB
WritebackTmp:          0 kB
CommitLimit:     8677876 kB
Committed_AS:   72001128 kB
VmallocTotal:   263061440 kB
VmallocUsed:      127980 kB
VmallocChunk:          0 kB
Percpu:             2520 kB
CmaTotal:         405504 kB
CmaFree:               0 kB
MemTotal:        7918584 kB
MemFree:          177992 kB
MemAvailable:     472104 kB
Buffers:             572 kB
Cached:           319224 kB
SwapCached:         8396 kB
Active:          1346492 kB
Inactive:        4076580 kB
Active(anon):    1114460 kB
Inactive(anon):  4006160 kB
Active(file):     232032 kB
Inactive(file):    70420 kB
Unevictable:        6524 kB
Mlocked:            6084 kB
SwapTotal:       4718584 kB
SwapFree:        4038904 kB
Dirty:               328 kB
Writeback:             0 kB
AnonPages:       5105568 kB
Mapped:           431204 kB
Shmem:             12544 kB
KReclaimable:     381884 kB
Slab:             304192 kB
SReclaimable:      77144 kB
SUnreclaim:       227048 kB
KernelStack:       46000 kB
ShadowCallStack:   11532 kB
PageTables:        81724 kB
NFS_Unstable:          0 kB
Bounce:                0 kB
WritebackTmp:          0 kB
CommitLimit:     8677876 kB
Committed_AS:   72083048 kB
VmallocTotal:   263061440 kB
VmallocUsed:      127988 kB
VmallocChunk:          0 kB
Percpu:             2520 kB
CmaTotal:         405504 kB
CmaFree:               0 kB
MemTotal:        7918584 kB
MemFree:          175620 kB
MemAvailable:     434584 kB
Buffers:             356 kB
Cached:           291776 kB
SwapCached:         8396 kB
Active:          1397704 kB
Inactive:        4036116 kB
Active(anon):    1152832 kB
Inactive(anon):  4006160 kB
Active(file):     244872 kB
Inactive(file):    29956 kB
Unevictable:        6528 kB
Mlocked:            6088 kB
SwapTotal:       4718584 kB
SwapFree:        4038904 kB
Dirty:               328 kB
Writeback:             0 kB
AnonPages:       5144000 kB
Mapped:           405412 kB
Shmem:             12544 kB
KReclaimable:     374360 kB
Slab:             303356 kB
SReclaimable:      76180 kB
SUnreclaim:       227176 kB
KernelStack:       45968 kB
ShadowCallStack:   11532 kB
PageTables:        81944 kB
NFS_Unstable:          0 kB
Bounce:                0 kB
WritebackTmp:          0 kB
CommitLimit:     8677876 kB
Committed_AS:   72164972 kB
VmallocTotal:   263061440 kB
VmallocUsed:      127996 kB
VmallocChunk:          0 kB
Percpu:             2520 kB
CmaTotal:         405504 kB
CmaFree:               0 kB
MemTotal:        7918584 kB
MemFree:          203360 kB
MemAvailable:     431632 kB
Buffers:             352 kB
Cached:           293612 kB
SwapCached:         3900 kB
Active:          1540664 kB
Inactive:        3884064 kB
Active(anon):    1263308 kB
Inactive(anon):  3884064 kB
Active(file):     277356 kB
Inactive(file):        0 kB
Unevictable:        6528 kB
Mlocked:            6088 kB
SwapTotal:       4718584 kB
SwapFree:        4014840 kB
Dirty:               240 kB
Writeback:             0 kB
AnonPages:       5136032 kB
Mapped:           390876 kB
Shmem:             11780 kB
KReclaimable:     349332 kB
Slab:             303140 kB
SReclaimable:      76080 kB
SUnreclaim:       227060 kB
KernelStack:       44592 kB
ShadowCallStack:   11212 kB
PageTables:        79400 kB
NFS_Unstable:          0 kB
Bounce:                0 kB
WritebackTmp:          0 kB
CommitLimit:     8677876 kB
Committed_AS:   68253960 kB
VmallocTotal:   263061440 kB
VmallocUsed:      126276 kB
VmallocChunk:          0 kB
Percpu:             2520 kB
CmaTotal:         405504 kB
CmaFree:             148 kB
MemTotal:        7918584 kB
MemFree:          133884 kB
MemAvailable:     259336 kB
Buffers:             352 kB
Cached:           309860 kB
SwapCached:         2300 kB
Active:          1780956 kB
Inactive:        3695592 kB
Active(anon):    1487232 kB
Inactive(anon):  3695592 kB
Active(file):     293724 kB
Inactive(file):        0 kB
Unevictable:        6528 kB
Mlocked:            6088 kB
SwapTotal:       4718584 kB
SwapFree:        4009720 kB
Dirty:               256 kB
Writeback:             0 kB
AnonPages:       5173028 kB
Mapped:           395588 kB
Shmem:             11584 kB
KReclaimable:     252584 kB
Slab:             301636 kB
SReclaimable:      76060 kB
SUnreclaim:       225576 kB
KernelStack:       43632 kB
ShadowCallStack:   10936 kB
PageTables:        77284 kB
NFS_Unstable:          0 kB
Bounce:                0 kB
WritebackTmp:          0 kB
CommitLimit:     8677876 kB
Committed_AS:   64339332 kB
VmallocTotal:   263061440 kB
VmallocUsed:      124984 kB
VmallocChunk:          0 kB
Percpu:             2520 kB
CmaTotal:         405504 kB
CmaFree:               0 kB
MemTotal:        7918584 kB
MemFree:          161924 kB
MemAvailable:     270320 kB
Buffers:             352 kB
Cached:           313212 kB
SwapCached:         2236 kB
Active:          2641312 kB
Inactive:        2897952 kB
Active(anon):    2344360 kB
Inactive(anon):  2897952 kB
Active(file):     296952 kB
Inactive(file):        0 kB
Unevictable:        6528 kB
Mlocked:            6088 kB
SwapTotal:       4718584 kB
SwapFree:        4006904 kB
Dirty:               260 kB
Writeback:             0 kB
AnonPages:       5232688 kB
Mapped:           396872 kB
Shmem:             11640 kB
KReclaimable:     160816 kB
Slab:             301576 kB
SReclaimable:      76052 kB
SUnreclaim:       225524 kB
KernelStack:       43600 kB
ShadowCallStack:   10920 kB
PageTables:        77424 kB
NFS_Unstable:          0 kB
Bounce:                0 kB
WritebackTmp:          0 kB
CommitLimit:     8677876 kB
Committed_AS:   64454024 kB
VmallocTotal:   263061440 kB
VmallocUsed:      125044 kB
VmallocChunk:          0 kB
Percpu:             2520 kB
CmaTotal:         405504 kB
CmaFree:               0 kB
MemTotal:        7918584 kB
MemFree:          209280 kB
MemAvailable:     358592 kB
Buffers:             352 kB
Cached:           312928 kB
SwapCached:         2188 kB
Active:          3431720 kB
Inactive:        2097360 kB
Active(anon):    3209048 kB
Inactive(anon):  2022940 kB
Active(file):     222672 kB
Inactive(file):    74420 kB
Unevictable:        6528 kB
Mlocked:            6088 kB
SwapTotal:       4718584 kB
SwapFree:        3996664 kB
Dirty:               260 kB
Writeback:             0 kB
AnonPages:       5222328 kB
Mapped:           396412 kB
Shmem:             11384 kB
KReclaimable:     242368 kB
Slab:             301484 kB
SReclaimable:      75988 kB
SUnreclaim:       225496 kB
KernelStack:       43408 kB
ShadowCallStack:   10884 kB
PageTables:        77504 kB
NFS_Unstable:          0 kB
Bounce:                0 kB
WritebackTmp:          0 kB
CommitLimit:     8677876 kB
Committed_AS:   64535180 kB
VmallocTotal:   263061440 kB
VmallocUsed:      124732 kB
VmallocChunk:          0 kB
Percpu:             2520 kB
CmaTotal:         405504 kB
CmaFree:             480 kB
MemTotal:        7918584 kB
MemFree:          219368 kB
MemAvailable:     350432 kB
Buffers:             360 kB
Cached:           312908 kB
SwapCached:         2164 kB
Active:          3756532 kB
Inactive:        1772456 kB
Active(anon):    3533860 kB
Inactive(anon):  1697992 kB
Active(file):     222672 kB
Inactive(file):    74464 kB
Unevictable:        6528 kB
Mlocked:            6088 kB
SwapTotal:       4718584 kB
SwapFree:        3941624 kB
Dirty:               348 kB
Writeback:             0 kB
AnonPages:       5222416 kB
Mapped:           396404 kB
Shmem:             11328 kB
KReclaimable:     230360 kB
Slab:             301464 kB
SReclaimable:      75988 kB
SUnreclaim:       225476 kB
KernelStack:       43376 kB
ShadowCallStack:   10868 kB
PageTables:        77504 kB
NFS_Unstable:          0 kB
Bounce:                0 kB
WritebackTmp:          0 kB
CommitLimit:     8677876 kB
Committed_AS:   64649764 kB
VmallocTotal:   263061440 kB
VmallocUsed:      124700 kB
VmallocChunk:          0 kB
Percpu:             2520 kB
CmaTotal:         405504 kB
CmaFree:              56 kB
MemTotal:        7918584 kB
MemFree:          176752 kB
MemAvailable:     319548 kB
Buffers:             364 kB
Cached:           314508 kB
SwapCached:         2164 kB
Active:          3817784 kB
Inactive:        1760428 kB
Active(anon):    3593468 kB
Inactive(anon):  1686004 kB
Active(file):     224316 kB
Inactive(file):    74424 kB
Unevictable:        6528 kB
Mlocked:            6088 kB
SwapTotal:       4718584 kB
SwapFree:        3931640 kB
Dirty:               316 kB
Writeback:             0 kB
AnonPages:       5269912 kB
Mapped:           397612 kB
Shmem:             11328 kB
KReclaimable:     226040 kB
Slab:             301444 kB
SReclaimable:      75988 kB
SUnreclaim:       225456 kB
KernelStack:       43408 kB
ShadowCallStack:   10876 kB
PageTables:        78044 kB
NFS_Unstable:          0 kB
Bounce:                0 kB
WritebackTmp:          0 kB
CommitLimit:     8677876 kB
Committed_AS:   64780840 kB
VmallocTotal:   263061440 kB
VmallocUsed:      124716 kB
VmallocChunk:          0 kB
Percpu:             2520 kB
CmaTotal:         405504 kB
CmaFree:               8 kB
MemTotal:        7918584 kB
MemFree:          173880 kB
MemAvailable:     316028 kB
Buffers:             432 kB
Cached:           314548 kB
SwapCached:         2168 kB
Active:          3859216 kB
Inactive:        1721076 kB
Active(anon):    3634836 kB
Inactive(anon):  1646684 kB
Active(file):     224380 kB
Inactive(file):    74392 kB
Unevictable:        6528 kB
Mlocked:            6088 kB
SwapTotal:       4718584 kB
SwapFree:        3899896 kB
Dirty:               216 kB
Writeback:             0 kB
AnonPages:       5271856 kB
Mapped:           398204 kB
Shmem:             11404 kB
KReclaimable:     224680 kB
Slab:             301452 kB
SReclaimable:      75988 kB
SUnreclaim:       225464 kB
KernelStack:       43392 kB
ShadowCallStack:   10880 kB
PageTables:        78292 kB
NFS_Unstable:          0 kB
Bounce:                0 kB
WritebackTmp:          0 kB
CommitLimit:     8677876 kB
Committed_AS:   64846636 kB
VmallocTotal:   263061440 kB
VmallocUsed:      124696 kB
VmallocChunk:          0 kB
Percpu:             2520 kB
CmaTotal:         405504 kB
CmaFree:               0 kB
MemTotal:        7918584 kB
MemFree:          173628 kB
MemAvailable:     314632 kB
Buffers:             432 kB
Cached:           314572 kB
SwapCached:         2168 kB
Active:          3909792 kB
Inactive:        1672088 kB
Active(anon):    3685412 kB
Inactive(anon):  1597672 kB
Active(file):     224380 kB
Inactive(file):    74416 kB
Unevictable:        6528 kB
Mlocked:            6088 kB
SwapTotal:       4718584 kB
SwapFree:        3855352 kB
Dirty:               252 kB
Writeback:             0 kB
AnonPages:       5273372 kB
