MemTotal:        7918588 kB
MemFree:         3376412 kB
MemAvailable:    4517108 kB
Buffers:            4528 kB
Cached:          1285524 kB
SwapCached:        11116 kB
Active:          1270920 kB
Inactive:         681076 kB
Active(anon):     659872 kB
Inactive(anon):    21072 kB
Active(file):     611048 kB
Inactive(file):   660004 kB
Unevictable:        6400 kB
Mlocked:            5960 kB
SwapTotal:       4718584 kB
SwapFree:        3719828 kB
Dirty:            158408 kB
Writeback:             0 kB
AnonPages:        664128 kB
Mapped:           456312 kB
Shmem:             14328 kB
KReclaimable:     538396 kB
Slab:             316532 kB
SReclaimable:      88108 kB
SUnreclaim:       228424 kB
KernelStack:       48672 kB
ShadowCallStack:   12192 kB
PageTables:        63600 kB
NFS_Unstable:          0 kB
Bounce:                0 kB
WritebackTmp:          0 kB
CommitLimit:     8677876 kB
Committed_AS:   64904720 kB
VmallocTotal:   263061440 kB
VmallocUsed:      131604 kB
VmallocChunk:          0 kB
Percpu:             2448 kB
CmaTotal:         405504 kB
CmaFree:          319028 kB
MemTotal:        7918588 kB
MemFree:         3364976 kB
MemAvailable:    4732920 kB
Buffers:            4536 kB
Cached:          1292952 kB
SwapCached:        11236 kB
Active:          1282320 kB
Inactive:         681388 kB
Active(anon):     664884 kB
Inactive(anon):    21076 kB
Active(file):     617436 kB
Inactive(file):   660312 kB
Unevictable:        6400 kB
Mlocked:            5960 kB
SwapTotal:       4718584 kB
SwapFree:        3721364 kB
Dirty:            158420 kB
Writeback:             0 kB
AnonPages:        668172 kB
Mapped:           490772 kB
Shmem:             15068 kB
KReclaimable:     758948 kB
Slab:             316360 kB
SReclaimable:      88172 kB
SUnreclaim:       228188 kB
KernelStack:       49152 kB
ShadowCallStack:   12336 kB
PageTables:        63668 kB
NFS_Unstable:          0 kB
Bounce:                0 kB
WritebackTmp:          0 kB
CommitLimit:     8677876 kB
Committed_AS:   64945656 kB
VmallocTotal:   263061440 kB
VmallocUsed:      132172 kB
VmallocChunk:          0 kB
Percpu:             2448 kB
CmaTotal:         405504 kB
CmaFree:          319064 kB
MemTotal:        7918588 kB
MemFree:         3336192 kB
MemAvailable:    4488028 kB
Buffers:            4576 kB
Cached:          1293180 kB
SwapCached:        11272 kB
Active:          1309240 kB
Inactive:         681492 kB
Active(anon):     691648 kB
Inactive(anon):    21080 kB
Active(file):     617592 kB
Inactive(file):   660412 kB
Unevictable:        6400 kB
Mlocked:            5960 kB
SwapTotal:       4718584 kB
SwapFree:        3721620 kB
Dirty:            158424 kB
Writeback:             0 kB
AnonPages:        694980 kB
Mapped:           502824 kB
Shmem:             15080 kB
KReclaimable:     542584 kB
Slab:             316928 kB
SReclaimable:      88188 kB
SUnreclaim:       228740 kB
KernelStack:       49088 kB
ShadowCallStack:   12304 kB
PageTables:        64052 kB
NFS_Unstable:          0 kB
Bounce:                0 kB
WritebackTmp:          0 kB
CommitLimit:     8677876 kB
Committed_AS:   64974768 kB
VmallocTotal:   263061440 kB
VmallocUsed:      132144 kB
VmallocChunk:          0 kB
Percpu:             2448 kB
CmaTotal:         405504 kB
CmaFree:          319088 kB
MemTotal:        7918588 kB
MemFree:         3332188 kB
MemAvailable:    4483276 kB
Buffers:            4584 kB
Cached:          1293180 kB
SwapCached:        11272 kB
Active:          1312560 kB
Inactive:         681496 kB
Active(anon):     694968 kB
Inactive(anon):    21080 kB
Active(file):     617592 kB
Inactive(file):   660416 kB
Unevictable:        6400 kB
Mlocked:            5960 kB
SwapTotal:       4718584 kB
SwapFree:        3721620 kB
Dirty:            157112 kB
Writeback:             4 kB
AnonPages:        698344 kB
Mapped:           503452 kB
Shmem:             15084 kB
KReclaimable:     541832 kB
Slab:             317108 kB
SReclaimable:      88204 kB
SUnreclaim:       228904 kB
KernelStack:       49024 kB
ShadowCallStack:   12276 kB
PageTables:        64176 kB
NFS_Unstable:          0 kB
Bounce:                0 kB
WritebackTmp:          0 kB
CommitLimit:     8677876 kB
Committed_AS:   64974724 kB
VmallocTotal:   263061440 kB
VmallocUsed:      132156 kB
VmallocChunk:          0 kB
Percpu:             2448 kB
CmaTotal:         405504 kB
CmaFree:          319088 kB
MemTotal:        7918588 kB
MemFree:         3328488 kB
MemAvailable:    4480112 kB
Buffers:            4596 kB
Cached:          1293840 kB
SwapCached:        11272 kB
Active:          1318956 kB
Inactive:         681532 kB
Active(anon):     700820 kB
Inactive(anon):    21076 kB
Active(file):     618136 kB
Inactive(file):   660456 kB
Unevictable:        6400 kB
Mlocked:            5960 kB
SwapTotal:       4718584 kB
SwapFree:        3723668 kB
Dirty:            157104 kB
Writeback:             0 kB
AnonPages:        704096 kB
Mapped:           504568 kB
Shmem:             15172 kB
KReclaimable:     541784 kB
Slab:             317240 kB
SReclaimable:      88204 kB
SUnreclaim:       229036 kB
KernelStack:       49056 kB
ShadowCallStack:   12288 kB
PageTables:        64184 kB
NFS_Unstable:          0 kB
Bounce:                0 kB
WritebackTmp:          0 kB
CommitLimit:     8677876 kB
Committed_AS:   64974692 kB
VmallocTotal:   263061440 kB
VmallocUsed:      132140 kB
VmallocChunk:          0 kB
Percpu:             2448 kB
CmaTotal:         405504 kB
CmaFree:          319844 kB
MemTotal:        7918588 kB
MemFree:         3325644 kB
MemAvailable:    4478220 kB
Buffers:            4596 kB
Cached:          1294872 kB
SwapCached:        11272 kB
Active:          1322404 kB
Inactive:         681532 kB
Active(anon):     703236 kB
Inactive(anon):    21076 kB
Active(file):     619168 kB
Inactive(file):   660456 kB
Unevictable:        6400 kB
Mlocked:            5960 kB
SwapTotal:       4718584 kB
SwapFree:        3730324 kB
Dirty:            157104 kB
Writeback:             0 kB
AnonPages:        706512 kB
Mapped:           505656 kB
Shmem:             15172 kB
KReclaimable:     541704 kB
Slab:             317240 kB
SReclaimable:      88124 kB
SUnreclaim:       229116 kB
KernelStack:       49040 kB
ShadowCallStack:   12292 kB
PageTables:        64220 kB
NFS_Unstable:          0 kB
Bounce:                0 kB
WritebackTmp:          0 kB
CommitLimit:     8677876 kB
Committed_AS:   64974692 kB
VmallocTotal:   263061440 kB
VmallocUsed:      132120 kB
VmallocChunk:          0 kB
Percpu:             2448 kB
CmaTotal:         405504 kB
CmaFree:          307784 kB
MemTotal:        7918588 kB
MemFree:         3308508 kB
MemAvailable:    4461200 kB
Buffers:            4596 kB
Cached:          1294992 kB
SwapCached:        11272 kB
Active:          1340944 kB
Inactive:         681448 kB
Active(anon):     721684 kB
Inactive(anon):    20984 kB
Active(file):     619260 kB
Inactive(file):   660464 kB
Unevictable:        6400 kB
Mlocked:            5960 kB
SwapTotal:       4718584 kB
SwapFree:        3730324 kB
Dirty:            157112 kB
Writeback:             0 kB
AnonPages:        724896 kB
Mapped:           507200 kB
Shmem:             15192 kB
KReclaimable:     541720 kB
Slab:             317160 kB
SReclaimable:      88140 kB
SUnreclaim:       229020 kB
KernelStack:       49056 kB
ShadowCallStack:   12280 kB
PageTables:        64032 kB
NFS_Unstable:          0 kB
Bounce:                0 kB
WritebackTmp:          0 kB
CommitLimit:     8677876 kB
Committed_AS:   64994928 kB
VmallocTotal:   263061440 kB
VmallocUsed:      132120 kB
VmallocChunk:          0 kB
Percpu:             2448 kB
CmaTotal:         405504 kB
CmaFree:          307832 kB
MemTotal:        7918588 kB
MemFree:         3257664 kB
MemAvailable:    4410716 kB
Buffers:            4600 kB
Cached:          1295332 kB
SwapCached:        11272 kB
Active:          1391372 kB
Inactive:         681436 kB
Active(anon):     771768 kB
Inactive(anon):    20972 kB
Active(file):     619604 kB
Inactive(file):   660464 kB
Unevictable:        6400 kB
Mlocked:            5960 kB
SwapTotal:       4718584 kB
SwapFree:        3730324 kB
Dirty:            157124 kB
Writeback:             0 kB
AnonPages:        775080 kB
Mapped:           518368 kB
Shmem:             15192 kB
KReclaimable:     541736 kB
Slab:             317172 kB
SReclaimable:      88156 kB
SUnreclaim:       229016 kB
KernelStack:       49072 kB
ShadowCallStack:   12292 kB
PageTables:        64380 kB
NFS_Unstable:          0 kB
Bounce:                0 kB
WritebackTmp:          0 kB
CommitLimit:     8677876 kB
Committed_AS:   65120812 kB
VmallocTotal:   263061440 kB
VmallocUsed:      132132 kB
VmallocChunk:          0 kB
Percpu:             2448 kB
CmaTotal:         405504 kB
CmaFree:          307832 kB
MemTotal:        7918588 kB
MemFree:         3094772 kB
MemAvailable:    4203592 kB
Buffers:            4636 kB
Cached:          1295456 kB
SwapCached:        11272 kB
Active:          1553204 kB
Inactive:         681492 kB
Active(anon):     933484 kB
Inactive(anon):    20984 kB
Active(file):     619720 kB
Inactive(file):   660508 kB
Unevictable:        6400 kB
Mlocked:            5960 kB
SwapTotal:       4718584 kB
SwapFree:        3730324 kB
Dirty:            121860 kB
Writeback:         26660 kB
AnonPages:        936816 kB
Mapped:           591972 kB
Shmem:             15192 kB
KReclaimable:     473640 kB
Slab:             317436 kB
SReclaimable:      88156 kB
SUnreclaim:       229280 kB
KernelStack:       49088 kB
ShadowCallStack:   12296 kB
PageTables:        65020 kB
NFS_Unstable:          0 kB
Bounce:                0 kB
WritebackTmp:          0 kB
CommitLimit:     8677876 kB
Committed_AS:   65356988 kB
VmallocTotal:   263061440 kB
VmallocUsed:      132188 kB
VmallocChunk:          0 kB
Percpu:             2448 kB
CmaTotal:         405504 kB
CmaFree:          307832 kB
MemTotal:        7918588 kB
MemFree:         3036892 kB
MemAvailable:    4122936 kB
Buffers:            4648 kB
Cached:          1296548 kB
SwapCached:        11288 kB
Active:          1610148 kB
Inactive:         681572 kB
Active(anon):     989408 kB
Inactive(anon):    20984 kB
Active(file):     620740 kB
Inactive(file):   660588 kB
Unevictable:        6400 kB
Mlocked:            5960 kB
SwapTotal:       4718584 kB
SwapFree:        3730324 kB
Dirty:             17496 kB
Writeback:             0 kB
AnonPages:        992608 kB
Mapped:           622596 kB
Shmem:             15196 kB
KReclaimable:     425888 kB
Slab:             317500 kB
SReclaimable:      88156 kB
SUnreclaim:       229344 kB
KernelStack:       49136 kB
ShadowCallStack:   12300 kB
PageTables:        65316 kB
NFS_Unstable:          0 kB
Bounce:                0 kB
WritebackTmp:          0 kB
CommitLimit:     8677876 kB
Committed_AS:   65481244 kB
VmallocTotal:   263061440 kB
VmallocUsed:      132212 kB
VmallocChunk:          0 kB
Percpu:             2448 kB
CmaTotal:         405504 kB
CmaFree:          307832 kB
MemTotal:        7918588 kB
MemFree:         2940120 kB
MemAvailable:    4025092 kB
Buffers:            4648 kB
Cached:          1296584 kB
SwapCached:        11288 kB
Active:          1708832 kB
Inactive:         681604 kB
Active(anon):    1088092 kB
Inactive(anon):    20984 kB
Active(file):     620740 kB
Inactive(file):   660620 kB
Unevictable:        6400 kB
Mlocked:            5960 kB
SwapTotal:       4718584 kB
SwapFree:        3730324 kB
Dirty:             17664 kB
Writeback:             0 kB
AnonPages:       1091296 kB
Mapped:           624168 kB
Shmem:             15200 kB
KReclaimable:     423680 kB
Slab:             317452 kB
SReclaimable:      88156 kB
SUnreclaim:       229296 kB
KernelStack:       49104 kB
ShadowCallStack:   12304 kB
PageTables:        65664 kB
NFS_Unstable:          0 kB
Bounce:                0 kB
WritebackTmp:          0 kB
CommitLimit:     8677876 kB
Committed_AS:   65776220 kB
VmallocTotal:   263061440 kB
VmallocUsed:      132212 kB
VmallocChunk:          0 kB
Percpu:             2448 kB
CmaTotal:         405504 kB
CmaFree:          307832 kB
MemTotal:        7918588 kB
MemFree:         2845860 kB
MemAvailable:    3930472 kB
Buffers:            4804 kB
Cached:          1296640 kB
SwapCached:        11288 kB
Active:          1801208 kB
Inactive:         681800 kB
Active(anon):    1180468 kB
Inactive(anon):    20980 kB
Active(file):     620740 kB
Inactive(file):   660820 kB
Unevictable:        6400 kB
Mlocked:            5960 kB
SwapTotal:       4718584 kB
SwapFree:        3730580 kB
Dirty:             17704 kB
Writeback:             0 kB
AnonPages:       1183816 kB
Mapped:           625472 kB
Shmem:             15212 kB
KReclaimable:     422560 kB
Slab:             317544 kB
SReclaimable:      88156 kB
SUnreclaim:       229388 kB
KernelStack:       49120 kB
ShadowCallStack:   12304 kB
PageTables:        66480 kB
NFS_Unstable:          0 kB
Bounce:                0 kB
WritebackTmp:          0 kB
CommitLimit:     8677876 kB
Committed_AS:   65989164 kB
VmallocTotal:   263061440 kB
VmallocUsed:      132204 kB
VmallocChunk:          0 kB
Percpu:             2448 kB
CmaTotal:         405504 kB
CmaFree:          307832 kB
MemTotal:        7918588 kB
MemFree:         2741912 kB
MemAvailable:    3821280 kB
Buffers:            4804 kB
Cached:          1296640 kB
SwapCached:        11288 kB
Active:          1904864 kB
Inactive:         681796 kB
Active(anon):    1284124 kB
Inactive(anon):    20976 kB
Active(file):     620740 kB
Inactive(file):   660820 kB
Unevictable:        6400 kB
Mlocked:            5960 kB
SwapTotal:       4718584 kB
SwapFree:        3730836 kB
Dirty:             17704 kB
Writeback:             0 kB
AnonPages:       1287300 kB
Mapped:           627076 kB
Shmem:             15212 kB
KReclaimable:     412068 kB
Slab:             317760 kB
SReclaimable:      88156 kB
SUnreclaim:       229604 kB
KernelStack:       49104 kB
ShadowCallStack:   12308 kB
PageTables:        66932 kB
NFS_Unstable:          0 kB
Bounce:                0 kB
WritebackTmp:          0 kB
CommitLimit:     8677876 kB
Committed_AS:   66251252 kB
VmallocTotal:   263061440 kB
VmallocUsed:      132192 kB
VmallocChunk:          0 kB
Percpu:             2448 kB
CmaTotal:         405504 kB
CmaFree:          307832 kB
MemTotal:        7918588 kB
MemFree:         2680076 kB
MemAvailable:    3758964 kB
Buffers:            4804 kB
Cached:          1296660 kB
SwapCached:        11288 kB
Active:          1965496 kB
Inactive:         681816 kB
Active(anon):    1344756 kB
Inactive(anon):    20976 kB
Active(file):     620740 kB
Inactive(file):   660840 kB
Unevictable:        6400 kB
Mlocked:            5960 kB
SwapTotal:       4718584 kB
SwapFree:        3730836 kB
Dirty:             17752 kB
Writeback:             0 kB
AnonPages:       1348036 kB
Mapped:           624996 kB
Shmem:             15212 kB
KReclaimable:     411068 kB
Slab:             317708 kB
SReclaimable:      88124 kB
SUnreclaim:       229584 kB
KernelStack:       49072 kB
ShadowCallStack:   12300 kB
PageTables:        67260 kB
NFS_Unstable:          0 kB
Bounce:                0 kB
WritebackTmp:          0 kB
CommitLimit:     8677876 kB
Committed_AS:   66464200 kB
VmallocTotal:   263061440 kB
VmallocUsed:      132160 kB
VmallocChunk:          0 kB
Percpu:             2448 kB
CmaTotal:         405504 kB
CmaFree:          307760 kB
MemTotal:        7918588 kB
MemFree:         2594868 kB
MemAvailable:    3673208 kB
Buffers:            4804 kB
Cached:          1296664 kB
SwapCached:        11288 kB
Active:          2050792 kB
Inactive:         681820 kB
Active(anon):    1430052 kB
Inactive(anon):    20980 kB
Active(file):     620740 kB
Inactive(file):   660840 kB
Unevictable:        6400 kB
Mlocked:            5960 kB
SwapTotal:       4718584 kB
SwapFree:        3730836 kB
Dirty:             17748 kB
Writeback:             0 kB
AnonPages:       1433208 kB
Mapped:           625720 kB
Shmem:             15216 kB
KReclaimable:     409972 kB
Slab:             317804 kB
SReclaimable:      88124 kB
SUnreclaim:       229680 kB
KernelStack:       49104 kB
ShadowCallStack:   12296 kB
PageTables:        67700 kB
NFS_Unstable:          0 kB
Bounce:                0 kB
WritebackTmp:          0 kB
CommitLimit:     8677876 kB
Committed_AS:   66677196 kB
VmallocTotal:   263061440 kB
VmallocUsed:      132176 kB
VmallocChunk:          0 kB
Percpu:             2448 kB
CmaTotal:         405504 kB
CmaFree:          307832 kB
MemTotal:        7918588 kB
MemFree:         2500212 kB
MemAvailable:    3579044 kB
Buffers:            4804 kB
Cached:          1297864 kB
SwapCached:        11288 kB
Active:          2145008 kB
Inactive:         681812 kB
Active(anon):    1523068 kB
Inactive(anon):    20972 kB
Active(file):     621940 kB
Inactive(file):   660840 kB
Unevictable:        6400 kB
Mlocked:            5960 kB
SwapTotal:       4718584 kB
SwapFree:        3731092 kB
Dirty:             17748 kB
Writeback:             0 kB
AnonPages:       1526248 kB
Mapped:           626752 kB
Shmem:             15216 kB
KReclaimable:     408556 kB
Slab:             317688 kB
SReclaimable:      88124 kB
SUnreclaim:       229564 kB
KernelStack:       49056 kB
ShadowCallStack:   12292 kB
PageTables:        68260 kB
NFS_Unstable:          0 kB
Bounce:                0 kB
WritebackTmp:          0 kB
CommitLimit:     8677876 kB
Committed_AS:   66906572 kB
VmallocTotal:   263061440 kB
VmallocUsed:      132140 kB
VmallocChunk:          0 kB
Percpu:             2448 kB
CmaTotal:         405504 kB
CmaFree:          307832 kB
MemTotal:        7918588 kB
MemFree:         2404640 kB
MemAvailable:    3482980 kB
Buffers:            4804 kB
Cached:          1297968 kB
SwapCached:        11288 kB
Active:          2239552 kB
Inactive:         681824 kB
Active(anon):    1617520 kB
Inactive(anon):    20976 kB
Active(file):     622032 kB
Inactive(file):   660848 kB
Unevictable:        6400 kB
Mlocked:            5960 kB
SwapTotal:       4718584 kB
SwapFree:        3731092 kB
Dirty:             17756 kB
Writeback:             0 kB
AnonPages:       1620704 kB
Mapped:           627800 kB
Shmem:             15220 kB
KReclaimable:     407372 kB
Slab:             317872 kB
SReclaimable:      88124 kB
SUnreclaim:       229748 kB
KernelStack:       49136 kB
ShadowCallStack:   12300 kB
PageTables:        68700 kB
NFS_Unstable:          0 kB
Bounce:                0 kB
WritebackTmp:          0 kB
CommitLimit:     8677876 kB
Committed_AS:   67119568 kB
VmallocTotal:   263061440 kB
VmallocUsed:      132192 kB
VmallocChunk:          0 kB
Percpu:             2448 kB
CmaTotal:         405504 kB
CmaFree:          307832 kB
MemTotal:        7918588 kB
MemFree:         2307392 kB
MemAvailable:    3385124 kB
Buffers:            4812 kB
Cached:          1298004 kB
SwapCached:        11288 kB
Active:          2336136 kB
Inactive:         681864 kB
Active(anon):    1714104 kB
Inactive(anon):    20976 kB
Active(file):     622032 kB
Inactive(file):   660888 kB
Unevictable:        6400 kB
Mlocked:            5960 kB
SwapTotal:       4718584 kB
SwapFree:        3731092 kB
Dirty:             17776 kB
Writeback:             0 kB
AnonPages:       1717360 kB
Mapped:           628584 kB
Shmem:             15224 kB
KReclaimable:     406076 kB
Slab:             317812 kB
SReclaimable:      88124 kB
SUnreclaim:       229688 kB
KernelStack:       49104 kB
ShadowCallStack:   12300 kB
PageTables:        69144 kB
NFS_Unstable:          0 kB
Bounce:                0 kB
WritebackTmp:          0 kB
CommitLimit:     8677876 kB
Committed_AS:   67366480 kB
VmallocTotal:   263061440 kB
VmallocUsed:      132172 kB
VmallocChunk:          0 kB
Percpu:             2448 kB
CmaTotal:         405504 kB
CmaFree:          307832 kB
MemTotal:        7918588 kB
MemFree:         2217624 kB
MemAvailable:    3294960 kB
Buffers:            4844 kB
Cached:          1297996 kB
SwapCached:        11288 kB
Active:          2425864 kB
Inactive:         681880 kB
Active(anon):    1803832 kB
Inactive(anon):    20972 kB
Active(file):     622032 kB
Inactive(file):   660908 kB
Unevictable:        6400 kB
Mlocked:            5960 kB
SwapTotal:       4718584 kB
SwapFree:        3731092 kB
Dirty:             17800 kB
Writeback:             0 kB
AnonPages:       1806772 kB
Mapped:           629296 kB
Shmem:             15228 kB
KReclaimable:     405244 kB
Slab:             317688 kB
SReclaimable:      88124 kB
SUnreclaim:       229564 kB
KernelStack:       49072 kB
ShadowCallStack:   12300 kB
PageTables:        69512 kB
NFS_Unstable:          0 kB
Bounce:                0 kB
WritebackTmp:          0 kB
CommitLimit:     8677876 kB
Committed_AS:   67579480 kB
VmallocTotal:   263061440 kB
VmallocUsed:      132168 kB
VmallocChunk:          0 kB
Percpu:             2448 kB
CmaTotal:         405504 kB
CmaFree:          307832 kB
MemTotal:        7918588 kB
MemFree:         2143724 kB
MemAvailable:    3220732 kB
Buffers:            4844 kB
Cached:          1298016 kB
SwapCached:        11288 kB
Active:          2498824 kB
Inactive:         681896 kB
Active(anon):    1876792 kB
Inactive(anon):    20976 kB
Active(file):     622032 kB
Inactive(file):   660920 kB
Unevictable:        6400 kB
Mlocked:            5960 kB
SwapTotal:       4718584 kB
SwapFree:        3731092 kB
Dirty:             17796 kB
Writeback:             0 kB
AnonPages:       1880072 kB
Mapped:           629740 kB
Shmem:             15236 kB
KReclaimable:     404564 kB
Slab:             317952 kB
SReclaimable:      88124 kB
SUnreclaim:       229828 kB
KernelStack:       49104 kB
ShadowCallStack:   12300 kB
PageTables:        69860 kB
NFS_Unstable:          0 kB
Bounce:                0 kB
WritebackTmp:          0 kB
CommitLimit:     8677876 kB
Committed_AS:   67764824 kB
VmallocTotal:   263061440 kB
VmallocUsed:      132184 kB
VmallocChunk:          0 kB
Percpu:             2448 kB
CmaTotal:         405504 kB
CmaFree:          307832 kB
MemTotal:        7918588 kB
MemFree:         2039600 kB
MemAvailable:    3116816 kB
Buffers:            4844 kB
Cached:          1298992 kB
SwapCached:        11288 kB
Active:          2603248 kB
Inactive:         681888 kB
Active(anon):    1980240 kB
Inactive(anon):    20968 kB
Active(file):     623008 kB
Inactive(file):   660920 kB
Unevictable:        6400 kB
Mlocked:            5960 kB
SwapTotal:       4718584 kB
SwapFree:        3731092 kB
Dirty:             17796 kB
Writeback:             0 kB
AnonPages:       1983296 kB
Mapped:           630832 kB
Shmem:             15236 kB
KReclaimable:     403028 kB
Slab:             318224 kB
SReclaimable:      88124 kB
SUnreclaim:       230100 kB
KernelStack:       49088 kB
ShadowCallStack:   12296 kB
PageTables:        70380 kB
NFS_Unstable:          0 kB
Bounce:                0 kB
WritebackTmp:          0 kB
CommitLimit:     8677876 kB
Committed_AS:   68010588 kB
VmallocTotal:   263061440 kB
VmallocUsed:      132172 kB
VmallocChunk:          0 kB
Percpu:             2448 kB
CmaTotal:         405504 kB
CmaFree:          307832 kB
MemTotal:        7918588 kB
MemFree:         1976324 kB
MemAvailable:    3053376 kB
Buffers:            4860 kB
Cached:          1299048 kB
SwapCached:        11288 kB
Active:          2666420 kB
Inactive:         681968 kB
Active(anon):    2043412 kB
Inactive(anon):    20976 kB
Active(file):     623008 kB
Inactive(file):   660992 kB
Unevictable:        6400 kB
Mlocked:            5960 kB
SwapTotal:       4718584 kB
SwapFree:        3731092 kB
Dirty:             17756 kB
Writeback:             0 kB
AnonPages:       2046600 kB
Mapped:           631072 kB
Shmem:             15236 kB
KReclaimable:     402556 kB
Slab:             318096 kB
SReclaimable:      88124 kB
SUnreclaim:       229972 kB
KernelStack:       49104 kB
ShadowCallStack:   12300 kB
PageTables:        70684 kB
NFS_Unstable:          0 kB
Bounce:                0 kB
WritebackTmp:          0 kB
CommitLimit:     8677876 kB
Committed_AS:   68141656 kB
VmallocTotal:   263061440 kB
VmallocUsed:      132188 kB
VmallocChunk:          0 kB
Percpu:             2448 kB
CmaTotal:         405504 kB
CmaFree:          307832 kB
MemTotal:        7918588 kB
MemFree:         1906352 kB
MemAvailable:    2983364 kB
Buffers:            4860 kB
Cached:          1299444 kB
SwapCached:        11288 kB
Active:          2737428 kB
Inactive:         681168 kB
Active(anon):    2113872 kB
Inactive(anon):    20176 kB
Active(file):     623556 kB
Inactive(file):   660992 kB
Unevictable:        6400 kB
Mlocked:            5960 kB
SwapTotal:       4718584 kB
SwapFree:        3733140 kB
Dirty:             17756 kB
Writeback:             0 kB
AnonPages:       2116596 kB
Mapped:           632288 kB
Shmem:             15084 kB
KReclaimable:     401380 kB
Slab:             318028 kB
SReclaimable:      88124 kB
SUnreclaim:       229904 kB
KernelStack:       49056 kB
ShadowCallStack:   12292 kB
PageTables:        71168 kB
NFS_Unstable:          0 kB
Bounce:                0 kB
WritebackTmp:          0 kB
CommitLimit:     8677876 kB
Committed_AS:   68338052 kB
VmallocTotal:   263061440 kB
VmallocUsed:      132172 kB
VmallocChunk:          0 kB
Percpu:             2448 kB
CmaTotal:         405504 kB
CmaFree:          308384 kB
MemTotal:        7918588 kB
MemFree:         1818556 kB
MemAvailable:    2894960 kB
Buffers:            4860 kB
Cached:          1299456 kB
SwapCached:        11288 kB
Active:          2823804 kB
Inactive:         681188 kB
Active(anon):    2200248 kB
Inactive(anon):    20188 kB
Active(file):     623556 kB
Inactive(file):   661000 kB
Unevictable:        6400 kB
Mlocked:            5960 kB
SwapTotal:       4718584 kB
SwapFree:        3733652 kB
Dirty:             17708 kB
Writeback:             0 kB
AnonPages:       2202756 kB
Mapped:           633132 kB
Shmem:             15088 kB
KReclaimable:     400148 kB
Slab:             318132 kB
SReclaimable:      88124 kB
SUnreclaim:       230008 kB
KernelStack:       49088 kB
ShadowCallStack:   12296 kB
PageTables:        71412 kB
NFS_Unstable:          0 kB
Bounce:                0 kB
WritebackTmp:          0 kB
CommitLimit:     8677876 kB
Committed_AS:   68534708 kB
VmallocTotal:   263061440 kB
VmallocUsed:      132192 kB
VmallocChunk:          0 kB
Percpu:             2448 kB
CmaTotal:         405504 kB
CmaFree:          308384 kB
MemTotal:        7918588 kB
MemFree:         1762768 kB
MemAvailable:    2838888 kB
Buffers:            4868 kB
Cached:          1299452 kB
SwapCached:        11288 kB
Active:          2879524 kB
Inactive:         681188 kB
Active(anon):    2255968 kB
Inactive(anon):    20188 kB
Active(file):     623556 kB
Inactive(file):   661000 kB
Unevictable:        6400 kB
Mlocked:            5960 kB
SwapTotal:       4718584 kB
SwapFree:        3733652 kB
Dirty:             17708 kB
Writeback:             0 kB
AnonPages:       2258664 kB
Mapped:           633388 kB
Shmem:             15092 kB
KReclaimable:     399580 kB
Slab:             318020 kB
SReclaimable:      88124 kB
SUnreclaim:       229896 kB
KernelStack:       49072 kB
ShadowCallStack:   12292 kB
PageTables:        71616 kB
NFS_Unstable:          0 kB
Bounce:                0 kB
WritebackTmp:          0 kB
CommitLimit:     8677876 kB
Committed_AS:   68649360 kB
VmallocTotal:   263061440 kB
VmallocUsed:      132172 kB
VmallocChunk:          0 kB
Percpu:             2448 kB
CmaTotal:         405504 kB
CmaFree:          308384 kB
MemTotal:        7918588 kB
MemFree:         1678892 kB
MemAvailable:    2754268 kB
Buffers:            4868 kB
Cached:          1299464 kB
SwapCached:        11288 kB
Active:          2965376 kB
Inactive:         681196 kB
Active(anon):    2341820 kB
Inactive(anon):    20188 kB
Active(file):     623556 kB
Inactive(file):   661008 kB
Unevictable:        6400 kB
Mlocked:            5960 kB
SwapTotal:       4718584 kB
SwapFree:        3733652 kB
Dirty:             17724 kB
Writeback:             0 kB
AnonPages:       2344440 kB
Mapped:           634288 kB
Shmem:             15096 kB
KReclaimable:     398076 kB
Slab:             318140 kB
SReclaimable:      88124 kB
SUnreclaim:       230016 kB
KernelStack:       49056 kB
ShadowCallStack:   12296 kB
PageTables:        72084 kB
NFS_Unstable:          0 kB
Bounce:                0 kB
WritebackTmp:          0 kB
CommitLimit:     8677876 kB
Committed_AS:   68845968 kB
VmallocTotal:   263061440 kB
VmallocUsed:      132172 kB
VmallocChunk:          0 kB
Percpu:             2448 kB
CmaTotal:         405504 kB
CmaFree:          262684 kB
MemTotal:        7918588 kB
MemFree:         1630772 kB
MemAvailable:    2705864 kB
Buffers:            4868 kB
Cached:          1299476 kB
SwapCached:        11288 kB
Active:          3013688 kB
Inactive:         681208 kB
Active(anon):    2390132 kB
Inactive(anon):    20188 kB
Active(file):     623556 kB
Inactive(file):   661020 kB
Unevictable:        6400 kB
Mlocked:            5960 kB
SwapTotal:       4718584 kB
SwapFree:        3733652 kB
Dirty:             17760 kB
Writeback:             0 kB
AnonPages:       2392636 kB
Mapped:           634704 kB
Shmem:             15096 kB
KReclaimable:     397484 kB
Slab:             318292 kB
SReclaimable:      88124 kB
SUnreclaim:       230168 kB
KernelStack:       49072 kB
ShadowCallStack:   12292 kB
PageTables:        72228 kB
NFS_Unstable:          0 kB
Bounce:                0 kB
WritebackTmp:          0 kB
CommitLimit:     8677876 kB
Committed_AS:   68945300 kB
VmallocTotal:   263061440 kB
VmallocUsed:      132168 kB
VmallocChunk:          0 kB
Percpu:             2448 kB
CmaTotal:         405504 kB
CmaFree:          213888 kB
MemTotal:        7918588 kB
MemFree:         1574064 kB
MemAvailable:    2648964 kB
Buffers:            4868 kB
Cached:          1299476 kB
SwapCached:        11288 kB
Active:          3069512 kB
Inactive:         681200 kB
Active(anon):    2445956 kB
Inactive(anon):    20180 kB
Active(file):     623556 kB
Inactive(file):   661020 kB
Unevictable:        6400 kB
Mlocked:            5960 kB
SwapTotal:       4718584 kB
SwapFree:        3733652 kB
Dirty:             17760 kB
Writeback:             0 kB
AnonPages:       2448508 kB
Mapped:           634912 kB
Shmem:             15096 kB
KReclaimable:     397100 kB
Slab:             318240 kB
SReclaimable:      88124 kB
SUnreclaim:       230116 kB
KernelStack:       49088 kB
ShadowCallStack:   12284 kB
PageTables:        72476 kB
NFS_Unstable:          0 kB
Bounce:                0 kB
WritebackTmp:          0 kB
CommitLimit:     8677876 kB
Committed_AS:   69076368 kB
VmallocTotal:   263061440 kB
VmallocUsed:      132168 kB
VmallocChunk:          0 kB
Percpu:             2448 kB
CmaTotal:         405504 kB
CmaFree:          157356 kB
MemTotal:        7918588 kB
MemFree:         1491592 kB
MemAvailable:    2565920 kB
Buffers:            4900 kB
Cached:          1299476 kB
SwapCached:        11288 kB
Active:          3151092 kB
Inactive:         681240 kB
Active(anon):    2527536 kB
Inactive(anon):    20188 kB
Active(file):     623556 kB
Inactive(file):   661052 kB
Unevictable:        6400 kB
Mlocked:            5960 kB
SwapTotal:       4718584 kB
SwapFree:        3733652 kB
Dirty:             17788 kB
Writeback:             0 kB
AnonPages:       2530180 kB
Mapped:           635672 kB
Shmem:             15096 kB
KReclaimable:     395892 kB
Slab:             318380 kB
SReclaimable:      88124 kB
SUnreclaim:       230256 kB
KernelStack:       49088 kB
ShadowCallStack:   12304 kB
PageTables:        72852 kB
NFS_Unstable:          0 kB
Bounce:                0 kB
WritebackTmp:          0 kB
CommitLimit:     8677876 kB
Committed_AS:   69240212 kB
VmallocTotal:   263061440 kB
VmallocUsed:      132172 kB
VmallocChunk:          0 kB
Percpu:             2448 kB
CmaTotal:         405504 kB
CmaFree:           75932 kB
MemTotal:        7918588 kB
MemFree:         1455492 kB
MemAvailable:    2529672 kB
Buffers:            4900 kB
Cached:          1299480 kB
SwapCached:        11288 kB
Active:          3187100 kB
Inactive:         681232 kB
Active(anon):    2563544 kB
Inactive(anon):    20180 kB
Active(file):     623556 kB
Inactive(file):   661052 kB
Unevictable:        6400 kB
Mlocked:            5960 kB
SwapTotal:       4718584 kB
SwapFree:        3733652 kB
Dirty:             17580 kB
Writeback:            12 kB
AnonPages:       2566156 kB
Mapped:           636012 kB
Shmem:             15100 kB
KReclaimable:     395596 kB
Slab:             318408 kB
SReclaimable:      88124 kB
SUnreclaim:       230284 kB
KernelStack:       49088 kB
ShadowCallStack:   12292 kB
PageTables:        72992 kB
NFS_Unstable:          0 kB
Bounce:                0 kB
WritebackTmp:          0 kB
CommitLimit:     8677876 kB
Committed_AS:   69335380 kB
VmallocTotal:   263061440 kB
VmallocUsed:      132172 kB
VmallocChunk:          0 kB
Percpu:             2448 kB
CmaTotal:         405504 kB
CmaFree:           39588 kB
MemTotal:        7918588 kB
MemFree:         1395928 kB
MemAvailable:    2469816 kB
Buffers:            4900 kB
Cached:          1299480 kB
SwapCached:        11288 kB
Active:          3247064 kB
Inactive:         681240 kB
Active(anon):    2623508 kB
Inactive(anon):    20188 kB
Active(file):     623556 kB
Inactive(file):   661052 kB
Unevictable:        6400 kB
Mlocked:            5960 kB
SwapTotal:       4718584 kB
SwapFree:        3733652 kB
Dirty:             17548 kB
Writeback:             0 kB
AnonPages:       2626040 kB
Mapped:           636324 kB
Shmem:             15100 kB
KReclaimable:     395012 kB
Slab:             318508 kB
SReclaimable:      88124 kB
SUnreclaim:       230384 kB
KernelStack:       49072 kB
ShadowCallStack:   12292 kB
PageTables:        73308 kB
NFS_Unstable:          0 kB
Bounce:                0 kB
WritebackTmp:          0 kB
CommitLimit:     8677876 kB
Committed_AS:   69482836 kB
VmallocTotal:   263061440 kB
VmallocUsed:      132172 kB
VmallocChunk:          0 kB
Percpu:             2448 kB
CmaTotal:         405504 kB
CmaFree:               0 kB
MemTotal:        7918588 kB
MemFree:         1332652 kB
MemAvailable:    2406020 kB
Buffers:            4900 kB
Cached:          1299488 kB
SwapCached:        11288 kB
Active:          3310064 kB
Inactive:         681248 kB
Active(anon):    2686508 kB
Inactive(anon):    20188 kB
Active(file):     623556 kB
Inactive(file):   661060 kB
Unevictable:        6400 kB
Mlocked:            5960 kB
SwapTotal:       4718584 kB
SwapFree:        3733652 kB
Dirty:             17596 kB
Writeback:             0 kB
AnonPages:       2689120 kB
Mapped:           636976 kB
Shmem:             15100 kB
KReclaimable:     393956 kB
Slab:             318560 kB
SReclaimable:      88124 kB
SUnreclaim:       230436 kB
KernelStack:       49088 kB
ShadowCallStack:   12296 kB
PageTables:        73596 kB
NFS_Unstable:          0 kB
Bounce:                0 kB
WritebackTmp:          0 kB
CommitLimit:     8677876 kB
Committed_AS:   69613912 kB
VmallocTotal:   263061440 kB
VmallocUsed:      132184 kB
VmallocChunk:          0 kB
Percpu:             2448 kB
CmaTotal:         405504 kB
CmaFree:               0 kB
MemTotal:        7918588 kB
MemFree:         1295496 kB
MemAvailable:    2368696 kB
Buffers:            4900 kB
Cached:          1299496 kB
SwapCached:        11288 kB
Active:          3347016 kB
Inactive:         681248 kB
Active(anon):    2723460 kB
Inactive(anon):    20188 kB
Active(file):     623556 kB
Inactive(file):   661060 kB
Unevictable:        6400 kB
Mlocked:            5960 kB
SwapTotal:       4718584 kB
SwapFree:        3733652 kB
Dirty:             17596 kB
Writeback:             0 kB
AnonPages:       2726088 kB
Mapped:           637076 kB
Shmem:             15108 kB
KReclaimable:     393620 kB
Slab:             318736 kB
SReclaimable:      88124 kB
SUnreclaim:       230612 kB
KernelStack:       48960 kB
ShadowCallStack:   12264 kB
PageTables:        73648 kB
NFS_Unstable:          0 kB
Bounce:                0 kB
WritebackTmp:          0 kB
CommitLimit:     8677876 kB
Committed_AS:   69679044 kB
VmallocTotal:   263061440 kB
VmallocUsed:      132016 kB
VmallocChunk:          0 kB
Percpu:             2448 kB
CmaTotal:         405504 kB
CmaFree:               0 kB
MemTotal:        7918588 kB
MemFree:          176152 kB
MemAvailable:    1380480 kB
Buffers:            3304 kB
Cached:          1286100 kB
SwapCached:        11288 kB
Active:          4505888 kB
Inactive:         649108 kB
Active(anon):    3865076 kB
Inactive(anon):    20188 kB
Active(file):     640812 kB
Inactive(file):   628920 kB
Unevictable:        6400 kB
Mlocked:            5960 kB
SwapTotal:       4718584 kB
SwapFree:        3734164 kB
Dirty:               420 kB
Writeback:             0 kB
AnonPages:       3867744 kB
Mapped:           644820 kB
Shmem:             15088 kB
KReclaimable:     324820 kB
Slab:             318232 kB
SReclaimable:      86996 kB
SUnreclaim:       231236 kB
KernelStack:       48704 kB
ShadowCallStack:   12192 kB
PageTables:        78860 kB
NFS_Unstable:          0 kB
Bounce:                0 kB
WritebackTmp:          0 kB
CommitLimit:     8677876 kB
Committed_AS:   72201528 kB
VmallocTotal:   263061440 kB
VmallocUsed:      131648 kB
VmallocChunk:          0 kB
Percpu:             2448 kB
CmaTotal:         405504 kB
CmaFree:               0 kB
MemTotal:        7918588 kB
MemFree:          165780 kB
MemAvailable:    1350612 kB
Buffers:            3304 kB
Cached:          1268484 kB
SwapCached:        11288 kB
Active:          4536564 kB
Inactive:         631480 kB
Active(anon):    3895752 kB
Inactive(anon):    20180 kB
Active(file):     640812 kB
Inactive(file):   611300 kB
Unevictable:        6400 kB
Mlocked:            5960 kB
SwapTotal:       4718584 kB
SwapFree:        3734164 kB
Dirty:               420 kB
Writeback:             0 kB
AnonPages:       3898384 kB
Mapped:           645120 kB
Shmem:             15088 kB
KReclaimable:     322944 kB
Slab:             318056 kB
SReclaimable:      86976 kB
SUnreclaim:       231080 kB
KernelStack:       48656 kB
ShadowCallStack:   12184 kB
PageTables:        78752 kB
NFS_Unstable:          0 kB
Bounce:                0 kB
WritebackTmp:          0 kB
CommitLimit:     8677876 kB
Committed_AS:   72267068 kB
VmallocTotal:   263061440 kB
VmallocUsed:      131648 kB
VmallocChunk:          0 kB
Percpu:             2448 kB
CmaTotal:         405504 kB
CmaFree:               0 kB
MemTotal:        7918588 kB
MemFree:          167584 kB
MemAvailable:    1290536 kB
Buffers:            3196 kB
Cached:          1211964 kB
SwapCached:        11288 kB
Active:          4594656 kB
Inactive:         574776 kB
Active(anon):    3953844 kB
Inactive(anon):    20188 kB
Active(file):     640812 kB
Inactive(file):   554588 kB
Unevictable:        6400 kB
Mlocked:            5960 kB
SwapTotal:       4718584 kB
SwapFree:        3734164 kB
Dirty:               428 kB
Writeback:             0 kB
AnonPages:       3956356 kB
Mapped:           645640 kB
Shmem:             15088 kB
KReclaimable:     317776 kB
Slab:             317584 kB
SReclaimable:      86416 kB
SUnreclaim:       231168 kB
KernelStack:       48640 kB
ShadowCallStack:   12184 kB
PageTables:        79316 kB
NFS_Unstable:          0 kB
Bounce:                0 kB
WritebackTmp:          0 kB
CommitLimit:     8677876 kB
Committed_AS:   72398032 kB
VmallocTotal:   263061440 kB
VmallocUsed:      131608 kB
VmallocChunk:          0 kB
Percpu:             2448 kB
CmaTotal:         405504 kB
CmaFree:               0 kB
MemTotal:        7918588 kB
MemFree:          169144 kB
MemAvailable:    1254520 kB
Buffers:            3172 kB
Cached:          1177500 kB
SwapCached:        11288 kB
Active:          4630420 kB
Inactive:         540288 kB
Active(anon):    3989608 kB
Inactive(anon):    20188 kB
Active(file):     640812 kB
Inactive(file):   520100 kB
Unevictable:        6400 kB
Mlocked:            5960 kB
SwapTotal:       4718584 kB
SwapFree:        3734420 kB
Dirty:               428 kB
Writeback:             0 kB
AnonPages:       3991868 kB
Mapped:           645808 kB
Shmem:             15088 kB
KReclaimable:     314688 kB
Slab:             317040 kB
SReclaimable:      85808 kB
SUnreclaim:       231232 kB
KernelStack:       48592 kB
ShadowCallStack:   12176 kB
PageTables:        79276 kB
NFS_Unstable:          0 kB
Bounce:                0 kB
WritebackTmp:          0 kB
CommitLimit:     8677876 kB
Committed_AS:   72463516 kB
VmallocTotal:   263061440 kB
VmallocUsed:      131592 kB
VmallocChunk:          0 kB
Percpu:             2448 kB
CmaTotal:         405504 kB
CmaFree:               0 kB
MemTotal:        7918588 kB
MemFree:          166168 kB
MemAvailable:    1205016 kB
Buffers:            3020 kB
Cached:          1135736 kB
SwapCached:        11288 kB
Active:          4692980 kB
Inactive:         483444 kB
Active(anon):    4037240 kB
Inactive(anon):    20188 kB
Active(file):     655740 kB
Inactive(file):   463256 kB
Unevictable:        6400 kB
Mlocked:            5960 kB
SwapTotal:       4718584 kB
SwapFree:        3734420 kB
Dirty:               420 kB
Writeback:             0 kB
AnonPages:       4039724 kB
Mapped:           636004 kB
Shmem:             15088 kB
KReclaimable:     310076 kB
Slab:             316192 kB
SReclaimable:      84908 kB
SUnreclaim:       231284 kB
KernelStack:       48528 kB
ShadowCallStack:   12156 kB
PageTables:        79632 kB
NFS_Unstable:          0 kB
Bounce:                0 kB
WritebackTmp:          0 kB
CommitLimit:     8677876 kB
Committed_AS:   72561508 kB
VmallocTotal:   263061440 kB
VmallocUsed:      131476 kB
VmallocChunk:          0 kB
Percpu:             2448 kB
CmaTotal:         405504 kB
CmaFree:               0 kB
MemTotal:        7918588 kB
MemFree:          171728 kB
MemAvailable:    1143052 kB
Buffers:            3008 kB
Cached:          1075308 kB
SwapCached:        11288 kB
Active:          4797880 kB
Inactive:         379084 kB
Active(anon):    4098232 kB
Inactive(anon):    20176 kB
Active(file):     699648 kB
Inactive(file):   358908 kB
Unevictable:        6400 kB
Mlocked:            5960 kB
SwapTotal:       4718584 kB
SwapFree:        3734420 kB
Dirty:                 0 kB
Writeback:             0 kB
AnonPages:       4100812 kB
Mapped:           614760 kB
Shmem:             15088 kB
KReclaimable:     302992 kB
Slab:             315784 kB
SReclaimable:      84384 kB
SUnreclaim:       231400 kB
KernelStack:       48512 kB
ShadowCallStack:   12148 kB
PageTables:        80220 kB
NFS_Unstable:          0 kB
Bounce:                0 kB
WritebackTmp:          0 kB
CommitLimit:     8677876 kB
Committed_AS:   72693128 kB
VmallocTotal:   263061440 kB
VmallocUsed:      131436 kB
VmallocChunk:          0 kB
Percpu:             2448 kB
CmaTotal:         405504 kB
CmaFree:               4 kB
MemTotal:        7918588 kB
MemFree:          165988 kB
MemAvailable:    1106800 kB
Buffers:            2992 kB
Cached:          1047256 kB
SwapCached:        11288 kB
Active:          4843348 kB
Inactive:         342716 kB
Active(anon):    4135412 kB
Inactive(anon):    20188 kB
Active(file):     707936 kB
Inactive(file):   322528 kB
Unevictable:        6400 kB
Mlocked:            5960 kB
SwapTotal:       4718584 kB
SwapFree:        3734420 kB
Dirty:                16 kB
Writeback:             0 kB
AnonPages:       4137924 kB
Mapped:           607468 kB
Shmem:             15088 kB
KReclaimable:     300572 kB
Slab:             315520 kB
SReclaimable:      84204 kB
SUnreclaim:       231316 kB
KernelStack:       48448 kB
ShadowCallStack:   12144 kB
PageTables:        79728 kB
NFS_Unstable:          0 kB
Bounce:                0 kB
WritebackTmp:          0 kB
CommitLimit:     8677876 kB
Committed_AS:   72775044 kB
VmallocTotal:   263061440 kB
VmallocUsed:      131388 kB
VmallocChunk:          0 kB
Percpu:             2448 kB
CmaTotal:         405504 kB
CmaFree:               0 kB
MemTotal:        7918588 kB
MemFree:          168864 kB
MemAvailable:    1052288 kB
Buffers:            2972 kB
Cached:           994792 kB
SwapCached:        11288 kB
Active:          4897372 kB
Inactive:         290292 kB
Active(anon):    4189368 kB
Inactive(anon):    20188 kB
Active(file):     708004 kB
Inactive(file):   270104 kB
Unevictable:        6400 kB
Mlocked:            5960 kB
SwapTotal:       4718584 kB
SwapFree:        3734420 kB
Dirty:                68 kB
Writeback:             0 kB
AnonPages:       4191940 kB
Mapped:           607704 kB
Shmem:             15088 kB
KReclaimable:     295540 kB
Slab:             314504 kB
SReclaimable:      83084 kB
SUnreclaim:       231420 kB
KernelStack:       48400 kB
ShadowCallStack:   12132 kB
PageTables:        80208 kB
NFS_Unstable:          0 kB
Bounce:                0 kB
WritebackTmp:          0 kB
CommitLimit:     8677876 kB
Committed_AS:   72906012 kB
VmallocTotal:   263061440 kB
VmallocUsed:      131352 kB
VmallocChunk:          0 kB
Percpu:             2448 kB
CmaTotal:         405504 kB
CmaFree:               0 kB
MemTotal:        7918588 kB
MemFree:          168160 kB
MemAvailable:    1009152 kB
Buffers:            2936 kB
Cached:           956340 kB
SwapCached:        11288 kB
Active:          4951152 kB
Inactive:         239912 kB
Active(anon):    4231356 kB
Inactive(anon):    20184 kB
Active(file):     719796 kB
Inactive(file):   219728 kB
Unevictable:        6400 kB
Mlocked:            5960 kB
SwapTotal:       4718584 kB
SwapFree:        3734420 kB
Dirty:                68 kB
Writeback:             0 kB
AnonPages:       4233892 kB
Mapped:           606868 kB
Shmem:             15092 kB
KReclaimable:     291692 kB
Slab:             313948 kB
SReclaimable:      82548 kB
SUnreclaim:       231400 kB
KernelStack:       48304 kB
ShadowCallStack:   12104 kB
PageTables:        80288 kB
NFS_Unstable:          0 kB
Bounce:                0 kB
WritebackTmp:          0 kB
CommitLimit:     8677876 kB
Committed_AS:   72987572 kB
VmallocTotal:   263061440 kB
VmallocUsed:      131212 kB
VmallocChunk:          0 kB
Percpu:             2448 kB
CmaTotal:         405504 kB
CmaFree:               0 kB
MemTotal:        7918588 kB
MemFree:          168252 kB
MemAvailable:     968676 kB
Buffers:            2912 kB
Cached:           919172 kB
SwapCached:        11288 kB
Active:          4991064 kB
Inactive:         202716 kB
Active(anon):    4271268 kB
Inactive(anon):    20192 kB
Active(file):     719796 kB
Inactive(file):   182524 kB
Unevictable:        6400 kB
Mlocked:            5960 kB
SwapTotal:       4718584 kB
SwapFree:        3734676 kB
Dirty:               140 kB
Writeback:             0 kB
AnonPages:       4273708 kB
Mapped:           607068 kB
Shmem:             15092 kB
KReclaimable:     288328 kB
Slab:             313016 kB
SReclaimable:      81560 kB
SUnreclaim:       231456 kB
KernelStack:       48320 kB
ShadowCallStack:   12096 kB
PageTables:        80792 kB
NFS_Unstable:          0 kB
Bounce:                0 kB
WritebackTmp:          0 kB
CommitLimit:     8677876 kB
Committed_AS:   73085776 kB
VmallocTotal:   263061440 kB
VmallocUsed:      131164 kB
VmallocChunk:          0 kB
Percpu:             2448 kB
CmaTotal:         405504 kB
CmaFree:               0 kB
MemTotal:        7918588 kB
MemFree:          165900 kB
MemAvailable:     911516 kB
Buffers:            2916 kB
Cached:           868168 kB
SwapCached:        11288 kB
Active:          5047012 kB
Inactive:         151708 kB
Active(anon):    4327216 kB
Inactive(anon):    20184 kB
Active(file):     719796 kB
Inactive(file):   131524 kB
Unevictable:        6400 kB
Mlocked:            5960 kB
SwapTotal:       4718584 kB
SwapFree:        3734676 kB
Dirty:               140 kB
Writeback:             0 kB
AnonPages:       4329912 kB
Mapped:           607464 kB
Shmem:             15092 kB
KReclaimable:     284520 kB
Slab:             312028 kB
SReclaimable:      80480 kB
SUnreclaim:       231548 kB
KernelStack:       48240 kB
ShadowCallStack:   12088 kB
PageTables:        80604 kB
NFS_Unstable:          0 kB
Bounce:                0 kB
WritebackTmp:          0 kB
CommitLimit:     8677876 kB
Committed_AS:   73219712 kB
VmallocTotal:   263061440 kB
VmallocUsed:      131176 kB
VmallocChunk:          0 kB
Percpu:             2448 kB
CmaTotal:         405504 kB
CmaFree:               0 kB
MemTotal:        7918588 kB
MemFree:          168880 kB
MemAvailable:     873504 kB
Buffers:            1044 kB
Cached:           835252 kB
SwapCached:        11288 kB
Active:          5101604 kB
Inactive:         100192 kB
Active(anon):    4365076 kB
Inactive(anon):    20188 kB
Active(file):     736528 kB
Inactive(file):    80004 kB
Unevictable:        6400 kB
Mlocked:            5960 kB
SwapTotal:       4718584 kB
SwapFree:        3734676 kB
Dirty:               196 kB
Writeback:             0 kB
AnonPages:       4367576 kB
Mapped:           603280 kB
Shmem:             15092 kB
KReclaimable:     278316 kB
Slab:             309656 kB
SReclaimable:      78196 kB
SUnreclaim:       231460 kB
KernelStack:       48288 kB
ShadowCallStack:   12096 kB
PageTables:        81028 kB
NFS_Unstable:          0 kB
Bounce:                0 kB
WritebackTmp:          0 kB
CommitLimit:     8677876 kB
Committed_AS:   73268820 kB
VmallocTotal:   263061440 kB
VmallocUsed:      131148 kB
VmallocChunk:          0 kB
Percpu:             2448 kB
CmaTotal:         405504 kB
CmaFree:             388 kB
MemTotal:        7918588 kB
MemFree:          168616 kB
MemAvailable:     825948 kB
Buffers:             484 kB
Cached:           801424 kB
SwapCached:        11284 kB
Active:          5000780 kB
Inactive:         213804 kB
Active(anon):    4331672 kB
Inactive(anon):   100816 kB
Active(file):     669108 kB
Inactive(file):   112988 kB
Unevictable:        6400 kB
Mlocked:            5960 kB
SwapTotal:       4718584 kB
SwapFree:        3732372 kB
Dirty:               196 kB
Writeback:             0 kB
AnonPages:       4414744 kB
Mapped:           585676 kB
Shmem:             15092 kB
KReclaimable:     265460 kB
Slab:             309664 kB
SReclaimable:      78156 kB
SUnreclaim:       231508 kB
KernelStack:       48288 kB
ShadowCallStack:   12092 kB
PageTables:        81088 kB
NFS_Unstable:          0 kB
Bounce:                0 kB
WritebackTmp:          0 kB
CommitLimit:     8677876 kB
Committed_AS:   73383512 kB
VmallocTotal:   263061440 kB
VmallocUsed:      131176 kB
VmallocChunk:          0 kB
Percpu:             2448 kB
CmaTotal:         405504 kB
CmaFree:             256 kB
MemTotal:        7918588 kB
MemFree:          166572 kB
MemAvailable:     768240 kB
Buffers:             456 kB
Cached:           749404 kB
SwapCached:        11284 kB
Active:           291628 kB
Inactive:        4926472 kB
Active(anon):     203208 kB
Inactive(anon):  4284872 kB
Active(file):      88420 kB
Inactive(file):   641600 kB
Unevictable:        6400 kB
Mlocked:            5960 kB
SwapTotal:       4718584 kB
SwapFree:        3732372 kB
Dirty:               204 kB
Writeback:             0 kB
AnonPages:       4470220 kB
Mapped:           563756 kB
Shmem:             15100 kB
KReclaimable:     261872 kB
Slab:             309764 kB
SReclaimable:      78152 kB
SUnreclaim:       231612 kB
KernelStack:       48304 kB
ShadowCallStack:   12096 kB
PageTables:        81800 kB
NFS_Unstable:          0 kB
Bounce:                0 kB
WritebackTmp:          0 kB
CommitLimit:     8677876 kB
Committed_AS:   73498204 kB
VmallocTotal:   263061440 kB
VmallocUsed:      131172 kB
VmallocChunk:          0 kB
Percpu:             2448 kB
CmaTotal:         405504 kB
CmaFree:               0 kB
MemTotal:        7918588 kB
MemFree:          168100 kB
MemAvailable:     731996 kB
Buffers:             360 kB
Cached:           714580 kB
SwapCached:        11284 kB
Active:           332956 kB
Inactive:        4885092 kB
Active(anon):     238736 kB
Inactive(anon):  4284364 kB
Active(file):      94220 kB
Inactive(file):   600728 kB
Unevictable:        6400 kB
Mlocked:            5960 kB
SwapTotal:       4718584 kB
SwapFree:        3732372 kB
Dirty:               204 kB
Writeback:             0 kB
AnonPages:       4505396 kB
Mapped:           549012 kB
Shmem:             15100 kB
KReclaimable:     259172 kB
Slab:             309676 kB
SReclaimable:      78140 kB
SUnreclaim:       231536 kB
KernelStack:       48224 kB
ShadowCallStack:   12096 kB
PageTables:        81508 kB
NFS_Unstable:          0 kB
Bounce:                0 kB
WritebackTmp:          0 kB
CommitLimit:     8677876 kB
Committed_AS:   73580020 kB
VmallocTotal:   263061440 kB
VmallocUsed:      131132 kB
VmallocChunk:          0 kB
Percpu:             2448 kB
CmaTotal:         405504 kB
CmaFree:               0 kB
MemTotal:        7918588 kB
MemFree:          165904 kB
MemAvailable:     681232 kB
Buffers:             376 kB
Cached:           675536 kB
SwapCached:         8868 kB
Active:           519520 kB
Inactive:        4708372 kB
Active(anon):     418692 kB
Inactive(anon):  4152804 kB
Active(file):     100828 kB
Inactive(file):   555568 kB
Unevictable:        6400 kB
Mlocked:            5960 kB
SwapTotal:       4718584 kB
SwapFree:        3723156 kB
Dirty:               144 kB
Writeback:             0 kB
AnonPages:       4556316 kB
Mapped:           532936 kB
Shmem:             14928 kB
KReclaimable:     249156 kB
Slab:             309648 kB
SReclaimable:      78140 kB
SUnreclaim:       231508 kB
KernelStack:       48224 kB
ShadowCallStack:   12068 kB
PageTables:        81456 kB
NFS_Unstable:          0 kB
Bounce:                0 kB
WritebackTmp:          0 kB
CommitLimit:     8677876 kB
Committed_AS:   73711096 kB
VmallocTotal:   263061440 kB
VmallocUsed:      131132 kB
VmallocChunk:          0 kB
Percpu:             2448 kB
CmaTotal:         405504 kB
CmaFree:               0 kB
MemTotal:        7918588 kB
MemFree:          167860 kB
MemAvailable:     650000 kB
Buffers:             372 kB
Cached:           643616 kB
SwapCached:         8868 kB
Active:           554104 kB
Inactive:        4673372 kB
Active(anon):     450308 kB
Inactive(anon):  4152780 kB
Active(file):     103796 kB
Inactive(file):   520592 kB
Unevictable:        6400 kB
Mlocked:            5960 kB
SwapTotal:       4718584 kB
SwapFree:        3723156 kB
Dirty:               148 kB
Writeback:             0 kB
AnonPages:       4587996 kB
Mapped:           521268 kB
Shmem:             14928 kB
KReclaimable:     247976 kB
Slab:             309776 kB
SReclaimable:      78136 kB
SUnreclaim:       231640 kB
KernelStack:       48224 kB
ShadowCallStack:   12080 kB
PageTables:        82092 kB
NFS_Unstable:          0 kB
Bounce:                0 kB
WritebackTmp:          0 kB
CommitLimit:     8677876 kB
Committed_AS:   73793016 kB
VmallocTotal:   263061440 kB
VmallocUsed:      131112 kB
VmallocChunk:          0 kB
Percpu:             2448 kB
CmaTotal:         405504 kB
CmaFree:              44 kB
MemTotal:        7918588 kB
MemFree:          167260 kB
MemAvailable:     598340 kB
Buffers:             368 kB
Cached:           595360 kB
SwapCached:         8868 kB
Active:           608152 kB
Inactive:        4620476 kB
Active(anon):     499720 kB
Inactive(anon):  4152780 kB
Active(file):     108432 kB
Inactive(file):   467696 kB
Unevictable:        6400 kB
Mlocked:            5960 kB
SwapTotal:       4718584 kB
SwapFree:        3723156 kB
Dirty:               164 kB
Writeback:             0 kB
AnonPages:       4637396 kB
Mapped:           508216 kB
Shmem:             14928 kB
KReclaimable:     245176 kB
Slab:             309824 kB
SReclaimable:      78136 kB
SUnreclaim:       231688 kB
KernelStack:       48288 kB
ShadowCallStack:   12088 kB
PageTables:        82344 kB
NFS_Unstable:          0 kB
Bounce:                0 kB
WritebackTmp:          0 kB
CommitLimit:     8677876 kB
Committed_AS:   73891320 kB
VmallocTotal:   263061440 kB
VmallocUsed:      131132 kB
VmallocChunk:          0 kB
Percpu:             2448 kB
CmaTotal:         405504 kB
CmaFree:              76 kB
MemTotal:        7918588 kB
MemFree:          165480 kB
MemAvailable:     553344 kB
Buffers:             364 kB
Cached:           554364 kB
SwapCached:         8868 kB
Active:           654796 kB
Inactive:        4577720 kB
Active(anon):     544868 kB
Inactive(anon):  4152560 kB
Active(file):     109928 kB
Inactive(file):   425160 kB
Unevictable:        6400 kB
Mlocked:            5960 kB
SwapTotal:       4718584 kB
SwapFree:        3723156 kB
Dirty:               164 kB
Writeback:             0 kB
AnonPages:       4682188 kB
Mapped:           501848 kB
Shmem:             14928 kB
KReclaimable:     243000 kB
Slab:             309788 kB
SReclaimable:      78136 kB
SUnreclaim:       231652 kB
KernelStack:       48240 kB
ShadowCallStack:   12092 kB
PageTables:        82516 kB
NFS_Unstable:          0 kB
Bounce:                0 kB
WritebackTmp:          0 kB
CommitLimit:     8677876 kB
Committed_AS:   73989624 kB
VmallocTotal:   263061440 kB
VmallocUsed:      131116 kB
VmallocChunk:          0 kB
Percpu:             2448 kB
CmaTotal:         405504 kB
CmaFree:               0 kB
MemTotal:        7918588 kB
MemFree:          168100 kB
MemAvailable:     515056 kB
Buffers:             528 kB
Cached:           514508 kB
SwapCached:         8868 kB
Active:           700048 kB
Inactive:        4532236 kB
Active(anon):     584940 kB
Inactive(anon):  4151912 kB
Active(file):     115108 kB
Inactive(file):   380324 kB
Unevictable:        6400 kB
Mlocked:            5960 kB
SwapTotal:       4718584 kB
SwapFree:        3723412 kB
Dirty:               192 kB
Writeback:             0 kB
AnonPages:       4721668 kB
Mapped:           490168 kB
Shmem:             14932 kB
KReclaimable:     240976 kB
Slab:             309520 kB
SReclaimable:      78120 kB
SUnreclaim:       231400 kB
KernelStack:       48224 kB
ShadowCallStack:   12072 kB
PageTables:        82260 kB
NFS_Unstable:          0 kB
Bounce:                0 kB
WritebackTmp:          0 kB
CommitLimit:     8677876 kB
Committed_AS:   74071548 kB
VmallocTotal:   263061440 kB
VmallocUsed:      131132 kB
VmallocChunk:          0 kB
Percpu:             2448 kB
CmaTotal:         405504 kB
CmaFree:              16 kB
MemTotal:        7918588 kB
MemFree:          166808 kB
MemAvailable:     489164 kB
Buffers:             536 kB
Cached:           490392 kB
SwapCached:         8868 kB
Active:           727512 kB
Inactive:        4506200 kB
Active(anon):     610512 kB
Inactive(anon):  4151880 kB
Active(file):     117000 kB
Inactive(file):   354320 kB
Unevictable:        6400 kB
Mlocked:            5960 kB
SwapTotal:       4718584 kB
SwapFree:        3723412 kB
Dirty:               192 kB
Writeback:             0 kB
AnonPages:       4747132 kB
Mapped:           487340 kB
Shmem:             14936 kB
KReclaimable:     240000 kB
Slab:             309620 kB
SReclaimable:      78120 kB
SUnreclaim:       231500 kB
KernelStack:       48256 kB
ShadowCallStack:   12096 kB
PageTables:        82576 kB
NFS_Unstable:          0 kB
Bounce:                0 kB
WritebackTmp:          0 kB
CommitLimit:     8677876 kB
Committed_AS:   74120700 kB
VmallocTotal:   263061440 kB
VmallocUsed:      131136 kB
VmallocChunk:          0 kB
Percpu:             2448 kB
CmaTotal:         405504 kB
CmaFree:               0 kB
MemTotal:        7918588 kB
MemFree:          166212 kB
MemAvailable:     428128 kB
Buffers:             536 kB
Cached:           431676 kB
SwapCached:         8868 kB
Active:           789160 kB
Inactive:        4447276 kB
Active(anon):     671992 kB
Inactive(anon):  4151840 kB
Active(file):     117168 kB
Inactive(file):   295436 kB
Unevictable:        6400 kB
Mlocked:            5960 kB
SwapTotal:       4718584 kB
SwapFree:        3723412 kB
Dirty:                28 kB
Writeback:             0 kB
AnonPages:       4808644 kB
Mapped:           479984 kB
Shmem:             14936 kB
KReclaimable:     236552 kB
Slab:             309672 kB
SReclaimable:      78120 kB
SUnreclaim:       231552 kB
KernelStack:       48256 kB
ShadowCallStack:   12088 kB
PageTables:        82988 kB
NFS_Unstable:          0 kB
Bounce:                0 kB
WritebackTmp:          0 kB
CommitLimit:     8677876 kB
Committed_AS:   74268156 kB
VmallocTotal:   263061440 kB
VmallocUsed:      131136 kB
VmallocChunk:          0 kB
Percpu:             2448 kB
CmaTotal:         405504 kB
CmaFree:               0 kB
MemTotal:        7918588 kB
MemFree:          165976 kB
MemAvailable:     393092 kB
Buffers:             536 kB
Cached:           397220 kB
SwapCached:         8868 kB
Active:           824448 kB
Inactive:        4412808 kB
Active(anon):     707236 kB
Inactive(anon):  4151836 kB
Active(file):     117212 kB
Inactive(file):   260972 kB
Unevictable:        6400 kB
Mlocked:            5960 kB
SwapTotal:       4718584 kB
SwapFree:        3723412 kB
Dirty:                28 kB
Writeback:             0 kB
AnonPages:       4843808 kB
Mapped:           479988 kB
Shmem:             14936 kB
KReclaimable:     235792 kB
Slab:             309788 kB
SReclaimable:      78120 kB
SUnreclaim:       231668 kB
KernelStack:       48256 kB
ShadowCallStack:   12084 kB
PageTables:        83196 kB
NFS_Unstable:          0 kB
Bounce:                0 kB
WritebackTmp:          0 kB
CommitLimit:     8677876 kB
Committed_AS:   74350076 kB
VmallocTotal:   263061440 kB
VmallocUsed:      131112 kB
VmallocChunk:          0 kB
Percpu:             2448 kB
CmaTotal:         405504 kB
CmaFree:               0 kB
MemTotal:        7918588 kB
MemFree:          172912 kB
MemAvailable:     344236 kB
Buffers:             532 kB
Cached:           342804 kB
SwapCached:         8868 kB
Active:           876852 kB
Inactive:        4355704 kB
Active(anon):     756984 kB
Inactive(anon):  4151836 kB
Active(file):     119868 kB
Inactive(file):   203868 kB
Unevictable:        6400 kB
Mlocked:            5960 kB
SwapTotal:       4718584 kB
SwapFree:        3723412 kB
Dirty:                28 kB
Writeback:             0 kB
AnonPages:       4893656 kB
Mapped:           467224 kB
Shmem:             14936 kB
KReclaimable:     233104 kB
Slab:             309836 kB
SReclaimable:      78120 kB
SUnreclaim:       231716 kB
KernelStack:       48224 kB
ShadowCallStack:   12072 kB
PageTables:        83044 kB
NFS_Unstable:          0 kB
Bounce:                0 kB
WritebackTmp:          0 kB
CommitLimit:     8677876 kB
Committed_AS:   74464764 kB
VmallocTotal:   263061440 kB
VmallocUsed:      131112 kB
VmallocChunk:          0 kB
Percpu:             2448 kB
CmaTotal:         405504 kB
CmaFree:               0 kB
MemTotal:        7918588 kB
MemFree:          172596 kB
MemAvailable:     291796 kB
Buffers:             536 kB
Cached:           292316 kB
SwapCached:         8868 kB
Active:           944096 kB
Inactive:        4291020 kB
Active(anon):     810192 kB
Inactive(anon):  4151680 kB
Active(file):     133904 kB
Inactive(file):   139340 kB
Unevictable:        6400 kB
Mlocked:            5960 kB
SwapTotal:       4718584 kB
SwapFree:        3723412 kB
Dirty:                48 kB
Writeback:             0 kB
AnonPages:       4946320 kB
Mapped:           434516 kB
Shmem:             14936 kB
KReclaimable:     229836 kB
Slab:             309336 kB
SReclaimable:      77588 kB
SUnreclaim:       231748 kB
KernelStack:       48224 kB
ShadowCallStack:   12072 kB
PageTables:        83528 kB
NFS_Unstable:          0 kB
Bounce:                0 kB
WritebackTmp:          0 kB
CommitLimit:     8677876 kB
Committed_AS:   74563068 kB
VmallocTotal:   263061440 kB
VmallocUsed:      131108 kB
VmallocChunk:          0 kB
Percpu:             2448 kB
CmaTotal:         405504 kB
CmaFree:               0 kB
MemTotal:        7918588 kB
MemFree:          174524 kB
MemAvailable:     263120 kB
Buffers:             560 kB
Cached:           262784 kB
SwapCached:         8868 kB
Active:           977652 kB
Inactive:        4256828 kB
Active(anon):     839216 kB
Inactive(anon):  4151528 kB
Active(file):     138436 kB
Inactive(file):   105300 kB
Unevictable:        6400 kB
Mlocked:            5960 kB
SwapTotal:       4718584 kB
SwapFree:        3723412 kB
Dirty:               120 kB
Writeback:             0 kB
AnonPages:       4975480 kB
Mapped:           404952 kB
Shmem:             14936 kB
KReclaimable:     227648 kB
Slab:             308548 kB
SReclaimable:      76752 kB
SUnreclaim:       231796 kB
KernelStack:       48208 kB
ShadowCallStack:   12064 kB
PageTables:        83428 kB
NFS_Unstable:          0 kB
Bounce:                0 kB
WritebackTmp:          0 kB
CommitLimit:     8677876 kB
Committed_AS:   74612220 kB
VmallocTotal:   263061440 kB
VmallocUsed:      131128 kB
VmallocChunk:          0 kB
Percpu:             2448 kB
CmaTotal:         405504 kB
CmaFree:               0 kB
MemTotal:        7918588 kB
MemFree:          179380 kB
MemAvailable:     229748 kB
Buffers:             404 kB
Cached:           194932 kB
SwapCached:         8868 kB
Active:          1082740 kB
Inactive:        4152120 kB
Active(anon):     907552 kB
Inactive(anon):  4151528 kB
Active(file):     175188 kB
Inactive(file):      592 kB
Unevictable:        6412 kB
Mlocked:            5972 kB
SwapTotal:       4718584 kB
SwapFree:        3723412 kB
Dirty:               140 kB
Writeback:             0 kB
AnonPages:       5043856 kB
Mapped:           339560 kB
Shmem:             14936 kB
KReclaimable:     220356 kB
Slab:             306784 kB
SReclaimable:      75028 kB
SUnreclaim:       231756 kB
KernelStack:       48240 kB
ShadowCallStack:   12080 kB
PageTables:        83848 kB
NFS_Unstable:          0 kB
Bounce:                0 kB
WritebackTmp:          0 kB
CommitLimit:     8677876 kB
Committed_AS:   74776064 kB
VmallocTotal:   263061440 kB
VmallocUsed:      131116 kB
VmallocChunk:          0 kB
Percpu:             2448 kB
CmaTotal:         405504 kB
CmaFree:            1496 kB
MemTotal:        7918588 kB
MemFree:          149512 kB
MemAvailable:     215720 kB
Buffers:             404 kB
Cached:           229184 kB
SwapCached:         7000 kB
Active:          1191296 kB
Inactive:        4068356 kB
Active(anon):     980888 kB
Inactive(anon):  4068356 kB
Active(file):     210408 kB
Inactive(file):        0 kB
Unevictable:        6412 kB
Mlocked:            5972 kB
SwapTotal:       4718584 kB
SwapFree:        3683988 kB
Dirty:               152 kB
Writeback:             0 kB
AnonPages:       5035824 kB
Mapped:           341856 kB
Shmem:             14512 kB
KReclaimable:     217416 kB
Slab:             306824 kB
SReclaimable:      74984 kB
SUnreclaim:       231840 kB
KernelStack:       47968 kB
ShadowCallStack:   12036 kB
PageTables:        83444 kB
NFS_Unstable:          0 kB
Bounce:                0 kB
WritebackTmp:          0 kB
CommitLimit:     8677876 kB
Committed_AS:   73534316 kB
VmallocTotal:   263061440 kB
VmallocUsed:      130736 kB
VmallocChunk:          0 kB
Percpu:             2448 kB
CmaTotal:         405504 kB
CmaFree:              12 kB
MemTotal:        7918588 kB
MemFree:          216012 kB
MemAvailable:     306640 kB
Buffers:             408 kB
Cached:           272128 kB
SwapCached:         5232 kB
Active:          2508848 kB
Inactive:        2746100 kB
Active(anon):    2254424 kB
Inactive(anon):  2746100 kB
Active(file):     254424 kB
Inactive(file):        0 kB
Unevictable:        6412 kB
Mlocked:            5972 kB
SwapTotal:       4718584 kB
SwapFree:        3675796 kB
Dirty:               156 kB
Writeback:             0 kB
AnonPages:       4988580 kB
Mapped:           351452 kB
Shmem:             13428 kB
KReclaimable:     222240 kB
Slab:             306160 kB
SReclaimable:      75856 kB
SUnreclaim:       230304 kB
KernelStack:       45472 kB
ShadowCallStack:   11392 kB
PageTables:        78796 kB
NFS_Unstable:          0 kB
Bounce:                0 kB
WritebackTmp:          0 kB
CommitLimit:     8677876 kB
Committed_AS:   66854352 kB
VmallocTotal:   263061440 kB
VmallocUsed:      127608 kB
VmallocChunk:          0 kB
Percpu:             2448 kB
CmaTotal:         405504 kB
CmaFree:             128 kB
MemTotal:        7918588 kB
MemFree:          204568 kB
MemAvailable:     290128 kB
Buffers:             392 kB
Cached:           277460 kB
SwapCached:         5072 kB
Active:          3202816 kB
Inactive:        2079876 kB
Active(anon):    2989044 kB
Inactive(anon):  2033920 kB
Active(file):     213772 kB
Inactive(file):    45956 kB
Unevictable:        6412 kB
Mlocked:            5972 kB
SwapTotal:       4718584 kB
SwapFree:        3628692 kB
Dirty:               124 kB
Writeback:             0 kB
AnonPages:       5011324 kB
Mapped:           353320 kB
Shmem:             13424 kB
KReclaimable:     205792 kB
Slab:             305504 kB
SReclaimable:      75184 kB
SUnreclaim:       230320 kB
KernelStack:       45456 kB
ShadowCallStack:   11384 kB
PageTables:        79020 kB
NFS_Unstable:          0 kB
Bounce:                0 kB
WritebackTmp:          0 kB
CommitLimit:     8677876 kB
Committed_AS:   67001808 kB
VmallocTotal:   263061440 kB
VmallocUsed:      127604 kB
VmallocChunk:          0 kB
Percpu:             2448 kB
CmaTotal:         405504 kB
CmaFree:               0 kB
MemTotal:        7918588 kB
MemFree:          291968 kB
MemAvailable:     365396 kB
Buffers:             400 kB
Cached:           277808 kB
SwapCached:         5072 kB
Active:          3242788 kB
Inactive:        1976668 kB
Active(anon):    3028656 kB
Inactive(anon):  1930700 kB
Active(file):     214132 kB
Inactive(file):    45968 kB
Unevictable:        6412 kB
Mlocked:            5972 kB
SwapTotal:       4718584 kB
SwapFree:        3537300 kB
Dirty:               128 kB
Writeback:             0 kB
AnonPages:       4947688 kB
Mapped:           353852 kB
Shmem:             13424 kB
KReclaimable:     180968 kB
Slab:             305496 kB
SReclaimable:      75184 kB
SUnreclaim:       230312 kB
KernelStack:       45472 kB
ShadowCallStack:   11392 kB
PageTables:        79200 kB
NFS_Unstable:          0 kB
Bounce:                0 kB
WritebackTmp:          0 kB
CommitLimit:     8677876 kB
Committed_AS:   67067344 kB
VmallocTotal:   263061440 kB
VmallocUsed:      127568 kB
VmallocChunk:          0 kB
Percpu:             2448 kB
CmaTotal:         405504 kB
CmaFree:               0 kB
MemTotal:        7918588 kB
MemFree:          239300 kB
MemAvailable:     321640 kB
Buffers:             400 kB
Cached:           287016 kB
SwapCached:         5072 kB
Active:          3296032 kB
Inactive:        1976668 kB
Active(anon):    3072712 kB
Inactive(anon):  1930700 kB
Active(file):     223320 kB
Inactive(file):    45968 kB
Unevictable:        6412 kB
Mlocked:            5972 kB
SwapTotal:       4718584 kB
SwapFree:        3537556 kB
Dirty:               128 kB
Writeback:             0 kB
AnonPages:       4991636 kB
Mapped:           355280 kB
Shmem:             13428 kB
KReclaimable:     180416 kB
Slab:             305312 kB
SReclaimable:      75184 kB
SUnreclaim:       230128 kB
KernelStack:       45488 kB
ShadowCallStack:   11396 kB
PageTables:        79288 kB
NFS_Unstable:          0 kB
Bounce:                0 kB
WritebackTmp:          0 kB
CommitLimit:     8677876 kB
Committed_AS:   67165696 kB
VmallocTotal:   263061440 kB
VmallocUsed:      127628 kB
VmallocChunk:          0 kB
Percpu:             2448 kB
CmaTotal:         405504 kB
CmaFree:               0 kB
MemTotal:        7918588 kB
MemFree:          179688 kB
MemAvailable:     264672 kB
Buffers:             400 kB
Cached:           289964 kB
SwapCached:         5072 kB
Active:          3356088 kB
Inactive:        1976536 kB
Active(anon):    3129820 kB
Inactive(anon):  1930556 kB
Active(file):     226268 kB
Inactive(file):    45980 kB
Unevictable:        6412 kB
Mlocked:            5972 kB
SwapTotal:       4718584 kB
SwapFree:        3538068 kB
Dirty:               136 kB
Writeback:             0 kB
AnonPages:       5048596 kB
Mapped:           356812 kB
Shmem:             13432 kB
KReclaimable:     179784 kB
Slab:             305492 kB
SReclaimable:      75184 kB
SUnreclaim:       230308 kB
KernelStack:       45488 kB
ShadowCallStack:   11400 kB
PageTables:        79616 kB
NFS_Unstable:          0 kB
Bounce:                0 kB
WritebackTmp:          0 kB
CommitLimit:     8677876 kB
Committed_AS:   67296768 kB
VmallocTotal:   263061440 kB
VmallocUsed:      127644 kB
VmallocChunk:          0 kB
Percpu:             2448 kB
CmaTotal:         405504 kB
CmaFree:               0 kB
MemTotal:        7918588 kB
MemFree:          172816 kB
MemAvailable:     264744 kB
Buffers:             400 kB
Cached:           290004 kB
SwapCached:         5076 kB
Active:          3388908 kB
Inactive:        1951080 kB
Active(anon):    3162624 kB
Inactive(anon):  1905092 kB
Active(file):     226284 kB
Inactive(file):    45988 kB
Unevictable:        6412 kB
Mlocked:            5972 kB
SwapTotal:       4718584 kB
SwapFree:        3516564 kB
Dirty:               140 kB
Writeback:             0 kB
AnonPages:       5055916 kB
Mapped:           357484 kB
Shmem:             13448 kB
KReclaimable:     177236 kB
Slab:             305320 kB
SReclaimable:      75012 kB
SUnreclaim:       230308 kB
KernelStack:       45456 kB
ShadowCallStack:   11388 kB
PageTables:        79868 kB
NFS_Unstable:          0 kB
Bounce:                0 kB
WritebackTmp:          0 kB
CommitLimit:     8677876 kB
Committed_AS:   67362276 kB
VmallocTotal:   263061440 kB
VmallocUsed:      127600 kB
VmallocChunk:          0 kB
Percpu:             2448 kB
CmaTotal:         405504 kB
CmaFree:               0 kB
MemTotal:        7918588 kB
MemFree:          170776 kB
MemAvailable:     270684 kB
Buffers:             424 kB
Cached:           299424 kB
SwapCached:         5076 kB
Active:          3462340 kB
Inactive:        1878716 kB
Active(anon):    3226692 kB
Inactive(anon):  1832648 kB
Active(file):     235648 kB
Inactive(file):    46068 kB
Unevictable:        6412 kB
Mlocked:            5972 kB
SwapTotal:       4718584 kB
SwapFree:        3450004 kB
Dirty:               180 kB
Writeback:             0 kB
AnonPages:       5047464 kB
Mapped:           360696 kB
Shmem:             13452 kB
KReclaimable:     174308 kB
Slab:             305336 kB
SReclaimable:      75012 kB
SUnreclaim:       230324 kB
KernelStack:       45728 kB
ShadowCallStack:   11424 kB
PageTables:        79884 kB
NFS_Unstable:          0 kB
Bounce:                0 kB
WritebackTmp:          0 kB
CommitLimit:     8677876 kB
Committed_AS:   67493352 kB
VmallocTotal:   263061440 kB
VmallocUsed:      127940 kB
VmallocChunk:          0 kB
Percpu:             2448 kB
CmaTotal:         405504 kB
CmaFree:               0 kB
MemTotal:        7918588 kB
MemFree:          165992 kB
MemAvailable:     269656 kB
Buffers:             448 kB
Cached:           304520 kB
SwapCached:         5076 kB
Active:          3523852 kB
Inactive:        1825044 kB
Active(anon):    3283148 kB
Inactive(anon):  1778920 kB
Active(file):     240704 kB
Inactive(file):    46124 kB
Unevictable:        6412 kB
Mlocked:            5972 kB
SwapTotal:       4718584 kB
SwapFree:        3402132 kB
Dirty:               140 kB
Writeback:             0 kB
AnonPages:       5050228 kB
Mapped:           362480 kB
Shmem:             13456 kB
KReclaimable:     171600 kB
Slab:             305368 kB
SReclaimable:      75016 kB
SUnreclaim:       230352 kB
KernelStack:       45728 kB
ShadowCallStack:   11456 kB
PageTables:        80236 kB
NFS_Unstable:          0 kB
Bounce:                0 kB
WritebackTmp:          0 kB
CommitLimit:     8677876 kB
Committed_AS:   67608036 kB
VmallocTotal:   263061440 kB
VmallocUsed:      127924 kB
VmallocChunk:          0 kB
Percpu:             2448 kB
CmaTotal:         405504 kB
CmaFree:               0 kB
MemTotal:        7918588 kB
MemFree:          167772 kB
MemAvailable:     275412 kB
Buffers:             448 kB
Cached:           309780 kB
SwapCached:         5076 kB
Active:          3550136 kB
Inactive:        1799172 kB
Active(anon):    3304428 kB
Inactive(anon):  1752980 kB
Active(file):     245708 kB
Inactive(file):    46192 kB
Unevictable:        6412 kB
Mlocked:            5972 kB
SwapTotal:       4718584 kB
SwapFree:        3378324 kB
Dirty:               208 kB
Writeback:             0 kB
AnonPages:       5045372 kB
Mapped:           363756 kB
Shmem:             13476 kB
KReclaimable:     169408 kB
Slab:             305360 kB
SReclaimable:      75016 kB
SUnreclaim:       230344 kB
KernelStack:       45680 kB
ShadowCallStack:   11448 kB
PageTables:        80136 kB
NFS_Unstable:          0 kB
Bounce:                0 kB
WritebackTmp:          0 kB
CommitLimit:     8677876 kB
Committed_AS:   67640824 kB
VmallocTotal:   263061440 kB
VmallocUsed:      127920 kB
VmallocChunk:          0 kB
Percpu:             2448 kB
CmaTotal:         405504 kB
CmaFree:               0 kB
MemTotal:        7918588 kB
MemFree:          168484 kB
MemAvailable:     276584 kB
Buffers:             448 kB
Cached:           311536 kB
SwapCached:         5076 kB
Active:          3622436 kB
Inactive:        1726904 kB
Active(anon):    3374884 kB
Inactive(anon):  1680632 kB
Active(file):     247552 kB
Inactive(file):    46272 kB
Unevictable:        6412 kB
Mlocked:            5972 kB
SwapTotal:       4718584 kB
SwapFree:        3309716 kB
Dirty:               272 kB
Writeback:             0 kB
AnonPages:       5043616 kB
Mapped:           364988 kB
Shmem:             13476 kB
KReclaimable:     166480 kB
Slab:             305428 kB
SReclaimable:      75016 kB
SUnreclaim:       230412 kB
KernelStack:       45680 kB
ShadowCallStack:   11444 kB
PageTables:        80768 kB
NFS_Unstable:          0 kB
Bounce:                0 kB
WritebackTmp:          0 kB
CommitLimit:     8677876 kB
Committed_AS:   67804664 kB
VmallocTotal:   263061440 kB
VmallocUsed:      127880 kB
VmallocChunk:          0 kB
Percpu:             2448 kB
CmaTotal:         405504 kB
CmaFree:               0 kB
MemTotal:        7918588 kB
MemFree:          165984 kB
MemAvailable:     274808 kB
Buffers:             448 kB
Cached:           313532 kB
SwapCached:         5080 kB
Active:          3671480 kB
Inactive:        1682372 kB
Active(anon):    3421936 kB
Inactive(anon):  1636096 kB
Active(file):     249544 kB
Inactive(file):    46276 kB
Unevictable:        6412 kB
Mlocked:            5972 kB
SwapTotal:       4718584 kB
SwapFree:        3269268 kB
Dirty:               276 kB
Writeback:             0 kB
AnonPages:       5045976 kB
Mapped:           366448 kB
Shmem:             13480 kB
KReclaimable:     163936 kB
Slab:             305396 kB
SReclaimable:      75016 kB
SUnreclaim:       230380 kB
KernelStack:       45696 kB
ShadowCallStack:   11444 kB
PageTables:        80740 kB
NFS_Unstable:          0 kB
Bounce:                0 kB
WritebackTmp:          0 kB
CommitLimit:     8677876 kB
Committed_AS:   67886588 kB
VmallocTotal:   263061440 kB
VmallocUsed:      127884 kB
VmallocChunk:          0 kB
Percpu:             2448 kB
CmaTotal:         405504 kB
CmaFree:               0 kB
MemTotal:        7918588 kB
MemFree:          165432 kB
MemAvailable:     280332 kB
Buffers:             460 kB
Cached:           319756 kB
SwapCached:         5080 kB
Active:          3712432 kB
Inactive:        1641304 kB
Active(anon):    3456664 kB
Inactive(anon):  1595020 kB
Active(file):     255768 kB
Inactive(file):    46284 kB
Unevictable:        6412 kB
Mlocked:            5972 kB
SwapTotal:       4718584 kB
SwapFree:        3230356 kB
Dirty:               348 kB
Writeback:             4 kB
AnonPages:       5039684 kB
Mapped:           367656 kB
Shmem:             13480 kB
KReclaimable:     163624 kB
Slab:             305448 kB
SReclaimable:      75016 kB
SUnreclaim:       230432 kB
KernelStack:       45696 kB
ShadowCallStack:   11440 kB
PageTables:        80832 kB
NFS_Unstable:          0 kB
Bounce:                0 kB
WritebackTmp:          0 kB
CommitLimit:     8677876 kB
Committed_AS:   67952124 kB
VmallocTotal:   263061440 kB
VmallocUsed:      127892 kB
VmallocChunk:          0 kB
Percpu:             2448 kB
CmaTotal:         405504 kB
CmaFree:               0 kB
MemTotal:        7918588 kB
MemFree:          165472 kB
MemAvailable:     281296 kB
Buffers:             468 kB
Cached:           322072 kB
SwapCached:         5080 kB
Active:          3784344 kB
Inactive:        1568620 kB
Active(anon):    3526260 kB
Inactive(anon):  1522320 kB
Active(file):     258084 kB
Inactive(file):    46300 kB
Unevictable:        6412 kB
Mlocked:            5972 kB
SwapTotal:       4718584 kB
SwapFree:        3163028 kB
Dirty:                88 kB
Writeback:             0 kB
AnonPages:       5036524 kB
Mapped:           368812 kB
Shmem:             13480 kB
KReclaimable:     160808 kB
Slab:             305408 kB
SReclaimable:      75016 kB
SUnreclaim:       230392 kB
KernelStack:       45728 kB
ShadowCallStack:   11452 kB
PageTables:        81244 kB
NFS_Unstable:          0 kB
Bounce:                0 kB
WritebackTmp:          0 kB
CommitLimit:     8677876 kB
Committed_AS:   68083200 kB
VmallocTotal:   263061440 kB
VmallocUsed:      127904 kB
VmallocChunk:          0 kB
Percpu:             2448 kB
CmaTotal:         405504 kB
CmaFree:               0 kB
MemTotal:        7918588 kB
MemFree:          166988 kB
MemAvailable:     283564 kB
Buffers:             468 kB
Cached:           324088 kB
SwapCached:         5080 kB
Active:          3831624 kB
Inactive:        1521084 kB
Active(anon):    3571552 kB
Inactive(anon):  1474764 kB
Active(file):     260072 kB
Inactive(file):    46320 kB
Unevictable:        6412 kB
Mlocked:            5972 kB
SwapTotal:       4718584 kB
SwapFree:        3121044 kB
Dirty:               160 kB
Writeback:             0 kB
AnonPages:       5034364 kB
Mapped:           369672 kB
Shmem:             13480 kB
KReclaimable:     158292 kB
Slab:             305456 kB
SReclaimable:      75020 kB
SUnreclaim:       230436 kB
KernelStack:       45696 kB
ShadowCallStack:   11448 kB
PageTables:        81408 kB
NFS_Unstable:          0 kB
Bounce:                0 kB
WritebackTmp:          0 kB
CommitLimit:     8677876 kB
Committed_AS:   68165116 kB
VmallocTotal:   263061440 kB
VmallocUsed:      127900 kB
VmallocChunk:          0 kB
Percpu:             2448 kB
CmaTotal:         405504 kB
CmaFree:               0 kB
MemTotal:        7918588 kB
MemFree:          163376 kB
MemAvailable:     279900 kB
Buffers:             468 kB
Cached:           326396 kB
SwapCached:         4752 kB
Active:          3926644 kB
Inactive:        1429228 kB
Active(anon):    3664448 kB
Inactive(anon):  1382628 kB
Active(file):     262196 kB
Inactive(file):    46600 kB
Unevictable:        6412 kB
Mlocked:            5972 kB
SwapTotal:       4718584 kB
SwapFree:        3068052 kB
Dirty:               224 kB
Writeback:             0 kB
AnonPages:       5035748 kB
Mapped:           370832 kB
Shmem:             13372 kB
KReclaimable:     153380 kB
Slab:             305488 kB
SReclaimable:      75020 kB
SUnreclaim:       230468 kB
KernelStack:       45712 kB
ShadowCallStack:   11452 kB
PageTables:        81608 kB
NFS_Unstable:          0 kB
Bounce:                0 kB
WritebackTmp:          0 kB
CommitLimit:     8677876 kB
Committed_AS:   68296188 kB
VmallocTotal:   263061440 kB
VmallocUsed:      127920 kB
VmallocChunk:          0 kB
Percpu:             2448 kB
CmaTotal:         405504 kB
CmaFree:               8 kB
MemTotal:        7918588 kB
MemFree:          161660 kB
MemAvailable:     271724 kB
Buffers:             468 kB
Cached:           327164 kB
SwapCached:         4144 kB
Active:          4945836 kB
Inactive:         425412 kB
Active(anon):    4682744 kB
Inactive(anon):   378812 kB
Active(file):     263092 kB
Inactive(file):    46600 kB
Unevictable:        6412 kB
Mlocked:            5972 kB
SwapTotal:       4718584 kB
SwapFree:        3045012 kB
Dirty:               224 kB
Writeback:             0 kB
AnonPages:       5049816 kB
Mapped:           371260 kB
Shmem:             13260 kB
KReclaimable:     138668 kB
Slab:             305488 kB
SReclaimable:      75020 kB
SUnreclaim:       230468 kB
KernelStack:       45744 kB
ShadowCallStack:   11444 kB
PageTables:        81688 kB
NFS_Unstable:          0 kB
Bounce:                0 kB
WritebackTmp:          0 kB
CommitLimit:     8677876 kB
Committed_AS:   68378108 kB
VmallocTotal:   263061440 kB
VmallocUsed:      127920 kB
VmallocChunk:          0 kB
Percpu:             2448 kB
CmaTotal:         405504 kB
CmaFree:               0 kB
MemTotal:        7918588 kB
MemFree:          154368 kB
MemAvailable:     275676 kB
Buffers:             476 kB
Cached:           346840 kB
SwapCached:         4240 kB
Active:          5061796 kB
Inactive:         316384 kB
Active(anon):    4779160 kB
Inactive(anon):   269684 kB
Active(file):     282636 kB
Inactive(file):    46700 kB
Unevictable:        6412 kB
Mlocked:            5972 kB
SwapTotal:       4718584 kB
SwapFree:        3000468 kB
Dirty:               272 kB
Writeback:             0 kB
AnonPages:       5037708 kB
Mapped:           382156 kB
Shmem:             13300 kB
KReclaimable:     138252 kB
Slab:             305464 kB
SReclaimable:      74988 kB
SUnreclaim:       230476 kB
KernelStack:       45728 kB
ShadowCallStack:   11456 kB
PageTables:        81896 kB
NFS_Unstable:          0 kB
Bounce:                0 kB
WritebackTmp:          0 kB
CommitLimit:     8677876 kB
Committed_AS:   68427364 kB
VmallocTotal:   263061440 kB
VmallocUsed:      127960 kB
VmallocChunk:          0 kB
Percpu:             2448 kB
CmaTotal:         405504 kB
CmaFree:               0 kB
MemTotal:        7918588 kB
MemFree:          140948 kB
MemAvailable:     265988 kB
Buffers:             508 kB
Cached:           346844 kB
SwapCached:         4244 kB
Active:          5127760 kB
Inactive:         261536 kB
Active(anon):    4845124 kB
Inactive(anon):   214804 kB
Active(file):     282636 kB
Inactive(file):    46732 kB
Unevictable:        6412 kB
Mlocked:            5972 kB
SwapTotal:       4718584 kB
SwapFree:        2948756 kB
Dirty:               296 kB
Writeback:             0 kB
AnonPages:       5048348 kB
Mapped:           382732 kB
Shmem:             13300 kB
KReclaimable:     137460 kB
Slab:             305488 kB
SReclaimable:      74988 kB
SUnreclaim:       230500 kB
KernelStack:       45712 kB
ShadowCallStack:   11452 kB
PageTables:        82572 kB
NFS_Unstable:          0 kB
Bounce:                0 kB
WritebackTmp:          0 kB
CommitLimit:     8677876 kB
Committed_AS:   68574768 kB
VmallocTotal:   263061440 kB
VmallocUsed:      127924 kB
VmallocChunk:          0 kB
Percpu:             2448 kB
CmaTotal:         405504 kB
CmaFree:               0 kB
MemTotal:        7918588 kB
MemFree:          139384 kB
MemAvailable:     299592 kB
Buffers:            1184 kB
Cached:           377612 kB
SwapCached:         4420 kB
Active:          5202216 kB
Inactive:         189460 kB
Active(anon):    4891040 kB
Inactive(anon):   140016 kB
Active(file):     311176 kB
Inactive(file):    49444 kB
Unevictable:        6412 kB
Mlocked:            5972 kB
SwapTotal:       4718584 kB
SwapFree:        2888852 kB
Dirty:               452 kB
Writeback:             0 kB
AnonPages:       5019384 kB
Mapped:           400528 kB
Shmem:             13492 kB
KReclaimable:     137104 kB
Slab:             305528 kB
SReclaimable:      75000 kB
SUnreclaim:       230528 kB
KernelStack:       45840 kB
ShadowCallStack:   11484 kB
PageTables:        82332 kB
NFS_Unstable:          0 kB
Bounce:                0 kB
WritebackTmp:          0 kB
CommitLimit:     8677876 kB
Committed_AS:   68658316 kB
VmallocTotal:   263061440 kB
VmallocUsed:      128048 kB
VmallocChunk:          0 kB
Percpu:             2448 kB
CmaTotal:         405504 kB
CmaFree:               0 kB
MemTotal:        7918588 kB
MemFree:          126688 kB
MemAvailable:     282524 kB
Buffers:            1184 kB
Cached:           377612 kB
SwapCached:         4424 kB
Active:          5249656 kB
Inactive:         153824 kB
Active(anon):    4938480 kB
Inactive(anon):   104376 kB
Active(file):     311176 kB
Inactive(file):    49448 kB
Unevictable:        6412 kB
Mlocked:            5972 kB
SwapTotal:       4718584 kB
SwapFree:        2854292 kB
Dirty:               456 kB
Writeback:             0 kB
AnonPages:       5031252 kB
Mapped:           400900 kB
Shmem:             13492 kB
KReclaimable:     136544 kB
Slab:             305552 kB
SReclaimable:      75000 kB
SUnreclaim:       230552 kB
KernelStack:       45808 kB
ShadowCallStack:   11476 kB
PageTables:        82072 kB
NFS_Unstable:          0 kB
Bounce:                0 kB
WritebackTmp:          0 kB
CommitLimit:     8677876 kB
Committed_AS:   68756620 kB
VmallocTotal:   263061440 kB
VmallocUsed:      128044 kB
VmallocChunk:          0 kB
Percpu:             2448 kB
CmaTotal:         405504 kB
CmaFree:               0 kB
MemTotal:        7918588 kB
MemFree:          114376 kB
MemAvailable:     256236 kB
Buffers:             616 kB
Cached:           376796 kB
SwapCached:         4376 kB
Active:          2684888 kB
Inactive:        2729040 kB
Active(anon):    2528116 kB
Inactive(anon):  2526600 kB
Active(file):     156772 kB
Inactive(file):   202440 kB
Unevictable:        6412 kB
Mlocked:            5972 kB
SwapTotal:       4718584 kB
SwapFree:        2814356 kB
Dirty:               480 kB
Writeback:             4 kB
AnonPages:       5043392 kB
Mapped:           401148 kB
Shmem:             13484 kB
KReclaimable:     135992 kB
Slab:             305668 kB
SReclaimable:      75096 kB
SUnreclaim:       230572 kB
KernelStack:       45824 kB
ShadowCallStack:   11480 kB
PageTables:        82944 kB
NFS_Unstable:          0 kB
Bounce:                0 kB
WritebackTmp:          0 kB
CommitLimit:     8677876 kB
Committed_AS:   68871308 kB
VmallocTotal:   263061440 kB
VmallocUsed:      128012 kB
VmallocChunk:          0 kB
Percpu:             2448 kB
CmaTotal:         405504 kB
CmaFree:               0 kB
MemTotal:        7918588 kB
MemFree:          186888 kB
MemAvailable:     298932 kB
Buffers:             744 kB
Cached:           351376 kB
SwapCached:         3992 kB
Active:          3400856 kB
Inactive:        1926848 kB
Active(anon):    3221800 kB
Inactive(anon):  1771332 kB
Active(file):     179056 kB
Inactive(file):   155516 kB
Unevictable:        6412 kB
Mlocked:            5972 kB
SwapTotal:       4718584 kB
SwapFree:        2719636 kB
Dirty:               520 kB
Writeback:             4 kB
AnonPages:       4982408 kB
Mapped:           373804 kB
Shmem:             12864 kB
KReclaimable:     133828 kB
Slab:             305912 kB
SReclaimable:      75300 kB
SUnreclaim:       230612 kB
KernelStack:       45808 kB
ShadowCallStack:   11480 kB
PageTables:        82560 kB
NFS_Unstable:          0 kB
Bounce:                0 kB
WritebackTmp:          0 kB
CommitLimit:     8677876 kB
Committed_AS:   68936856 kB
VmallocTotal:   263061440 kB
VmallocUsed:      128064 kB
VmallocChunk:          0 kB
Percpu:             2448 kB
CmaTotal:         405504 kB
CmaFree:               4 kB
MemTotal:        7918588 kB
MemFree:          193400 kB
MemAvailable:     305712 kB
Buffers:             744 kB
Cached:           351880 kB
SwapCached:         3968 kB
Active:          3461768 kB
Inactive:        1854004 kB
Active(anon):    3282224 kB
Inactive(anon):  1698452 kB
Active(file):     179544 kB
Inactive(file):   155552 kB
Unevictable:        6412 kB
Mlocked:            5972 kB
SwapTotal:       4718584 kB
SwapFree:        2661780 kB
Dirty:               552 kB
Writeback:             0 kB
AnonPages:       4969580 kB
Mapped:           374396 kB
Shmem:             12844 kB
KReclaimable:     133316 kB
Slab:             306040 kB
SReclaimable:      75364 kB
SUnreclaim:       230676 kB
KernelStack:       45840 kB
ShadowCallStack:   11480 kB
PageTables:        83028 kB
NFS_Unstable:          0 kB
Bounce:                0 kB
WritebackTmp:          0 kB
CommitLimit:     8677876 kB
Committed_AS:   69035156 kB
VmallocTotal:   263061440 kB
VmallocUsed:      128080 kB
VmallocChunk:          0 kB
Percpu:             2448 kB
CmaTotal:         405504 kB
CmaFree:               0 kB
MemTotal:        7918588 kB
MemFree:          166288 kB
MemAvailable:     298928 kB
Buffers:             744 kB
Cached:           351996 kB
SwapCached:         3968 kB
Active:          3522928 kB
Inactive:        1812376 kB
Active(anon):    3343288 kB
Inactive(anon):  1656804 kB
Active(file):     179640 kB
Inactive(file):   155572 kB
Unevictable:        6412 kB
Mlocked:            5972 kB
SwapTotal:       4718584 kB
SwapFree:        2630804 kB
Dirty:               580 kB
Writeback:             0 kB
AnonPages:       4988980 kB
Mapped:           374908 kB
Shmem:             12844 kB
KReclaimable:     132780 kB
Slab:             306128 kB
SReclaimable:      75428 kB
SUnreclaim:       230700 kB
KernelStack:       45840 kB
ShadowCallStack:   11484 kB
PageTables:        83264 kB
NFS_Unstable:          0 kB
Bounce:                0 kB
WritebackTmp:          0 kB
CommitLimit:     8677876 kB
Committed_AS:   69133460 kB
VmallocTotal:   263061440 kB
VmallocUsed:      128064 kB
VmallocChunk:          0 kB
Percpu:             2448 kB
CmaTotal:         405504 kB
CmaFree:             128 kB
MemTotal:        7918588 kB
MemFree:          158920 kB
MemAvailable:     297760 kB
Buffers:             752 kB
Cached:           358516 kB
SwapCached:         3876 kB
Active:          3578688 kB
Inactive:        1753672 kB
Active(anon):    3392676 kB
Inactive(anon):  1598128 kB
Active(file):     186012 kB
Inactive(file):   155544 kB
Unevictable:        6412 kB
Mlocked:            5972 kB
SwapTotal:       4718584 kB
SwapFree:        2585236 kB
Dirty:               580 kB
Writeback:             0 kB
AnonPages:       4979964 kB
Mapped:           376828 kB
Shmem:             12884 kB
KReclaimable:     132492 kB
Slab:             306256 kB
SReclaimable:      75524 kB
SUnreclaim:       230732 kB
KernelStack:       45904 kB
ShadowCallStack:   11484 kB
PageTables:        83160 kB
NFS_Unstable:          0 kB
Bounce:                0 kB
WritebackTmp:          0 kB
CommitLimit:     8677876 kB
Committed_AS:   69182872 kB
VmallocTotal:   263061440 kB
VmallocUsed:      128108 kB
VmallocChunk:          0 kB
Percpu:             2448 kB
CmaTotal:         405504 kB
CmaFree:               0 kB
MemTotal:        7918588 kB
MemFree:          194912 kB
MemAvailable:     339348 kB
Buffers:             752 kB
Cached:           363600 kB
SwapCached:         3860 kB
Active:          3674756 kB
Inactive:        1607116 kB
Active(anon):    3483040 kB
Inactive(anon):  1451552 kB
Active(file):     191716 kB
Inactive(file):   155564 kB
Unevictable:        6412 kB
Mlocked:            5972 kB
SwapTotal:       4718584 kB
SwapFree:        2476180 kB
Dirty:               592 kB
Writeback:             0 kB
AnonPages:       4923836 kB
Mapped:           378000 kB
Shmem:             12388 kB
KReclaimable:     132236 kB
Slab:             306532 kB
SReclaimable:      75780 kB
SUnreclaim:       230752 kB
KernelStack:       45936 kB
ShadowCallStack:   11508 kB
PageTables:        83720 kB
NFS_Unstable:          0 kB
Bounce:                0 kB
WritebackTmp:          0 kB
CommitLimit:     8677876 kB
Committed_AS:   69297612 kB
VmallocTotal:   263061440 kB
VmallocUsed:      128152 kB
VmallocChunk:          0 kB
Percpu:             2448 kB
CmaTotal:         405504 kB
CmaFree:               0 kB
MemTotal:        7918588 kB
MemFree:          167020 kB
MemAvailable:     318800 kB
Buffers:             760 kB
Cached:           371208 kB
SwapCached:         3944 kB
Active:          3739400 kB
Inactive:        1570932 kB
Active(anon):    3540092 kB
Inactive(anon):  1415348 kB
Active(file):     199308 kB
Inactive(file):   155584 kB
Unevictable:        6412 kB
Mlocked:            5972 kB
SwapTotal:       4718584 kB
SwapFree:        2449044 kB
Dirty:               612 kB
Writeback:             0 kB
AnonPages:       4944636 kB
Mapped:           381584 kB
Shmem:             12404 kB
KReclaimable:     131700 kB
Slab:             306500 kB
SReclaimable:      75844 kB
SUnreclaim:       230656 kB
KernelStack:       45888 kB
ShadowCallStack:   11492 kB
PageTables:        83504 kB
NFS_Unstable:          0 kB
Bounce:                0 kB
WritebackTmp:          0 kB
CommitLimit:     8677876 kB
Committed_AS:   69428584 kB
VmallocTotal:   263061440 kB
VmallocUsed:      128128 kB
VmallocChunk:          0 kB
Percpu:             2448 kB
CmaTotal:         405504 kB
CmaFree:             144 kB
MemTotal:        7918588 kB
MemFree:          165244 kB
MemAvailable:     316980 kB
Buffers:             760 kB
Cached:           371344 kB
SwapCached:         3948 kB
Active:          3775936 kB
Inactive:        1534716 kB
Active(anon):    3576528 kB
Inactive(anon):  1379108 kB
Active(file):     199408 kB
Inactive(file):   155608 kB
Unevictable:        6412 kB
Mlocked:            5972 kB
SwapTotal:       4718584 kB
SwapFree:        2415252 kB
Dirty:               612 kB
Writeback:             0 kB
AnonPages:       4944872 kB
Mapped:           381944 kB
Shmem:             12404 kB
KReclaimable:     131364 kB
Slab:             306588 kB
SReclaimable:      75924 kB
SUnreclaim:       230664 kB
KernelStack:       45856 kB
ShadowCallStack:   11508 kB
PageTables:        84276 kB
NFS_Unstable:          0 kB
Bounce:                0 kB
WritebackTmp:          0 kB
CommitLimit:     8677876 kB
Committed_AS:   69494124 kB
VmallocTotal:   263061440 kB
VmallocUsed:      128124 kB
VmallocChunk:          0 kB
Percpu:             2448 kB
CmaTotal:         405504 kB
CmaFree:               4 kB
MemTotal:        7918588 kB
MemFree:          175592 kB
MemAvailable:     332220 kB
Buffers:             788 kB
Cached:           376164 kB
SwapCached:         3944 kB
Active:          3863212 kB
Inactive:        1434568 kB
Active(anon):    3659016 kB
Inactive(anon):  1278896 kB
Active(file):     204196 kB
Inactive(file):   155672 kB
Unevictable:        6412 kB
Mlocked:            5972 kB
SwapTotal:       4718584 kB
SwapFree:        2343060 kB
Dirty:               628 kB
Writeback:             0 kB
AnonPages:       4927032 kB
Mapped:           384716 kB
Shmem:             12404 kB
KReclaimable:     131444 kB
Slab:             306864 kB
SReclaimable:      76100 kB
SUnreclaim:       230764 kB
KernelStack:       45888 kB
ShadowCallStack:   11504 kB
PageTables:        83804 kB
NFS_Unstable:          0 kB
Bounce:                0 kB
WritebackTmp:          0 kB
CommitLimit:     8677876 kB
Committed_AS:   69625192 kB
VmallocTotal:   263061440 kB
VmallocUsed:      128156 kB
VmallocChunk:          0 kB
Percpu:             2448 kB
CmaTotal:         405504 kB
CmaFree:               8 kB
MemTotal:        7918588 kB
MemFree:          166096 kB
MemAvailable:     323348 kB
Buffers:             788 kB
Cached:           376784 kB
SwapCached:         3944 kB
Active:          3901056 kB
Inactive:        1404924 kB
Active(anon):    3696252 kB
Inactive(anon):  1249244 kB
Active(file):     204804 kB
Inactive(file):   155680 kB
Unevictable:        6412 kB
Mlocked:            5972 kB
SwapTotal:       4718584 kB
SwapFree:        2316436 kB
Dirty:               708 kB
Writeback:             0 kB
AnonPages:       4934656 kB
Mapped:           385080 kB
Shmem:             12404 kB
KReclaimable:     131460 kB
Slab:             306908 kB
SReclaimable:      76116 kB
SUnreclaim:       230792 kB
KernelStack:       45904 kB
ShadowCallStack:   11496 kB
PageTables:        84668 kB
NFS_Unstable:          0 kB
Bounce:                0 kB
WritebackTmp:          0 kB
CommitLimit:     8677876 kB
Committed_AS:   69674344 kB
VmallocTotal:   263061440 kB
VmallocUsed:      128124 kB
VmallocChunk:          0 kB
Percpu:             2448 kB
CmaTotal:         405504 kB
CmaFree:               0 kB
MemTotal:        7918588 kB
MemFree:          166680 kB
MemAvailable:     325572 kB
Buffers:             788 kB
Cached:           378352 kB
SwapCached:         3948 kB
Active:          3959932 kB
Inactive:        1344016 kB
Active(anon):    3753568 kB
Inactive(anon):  1188336 kB
Active(file):     206364 kB
Inactive(file):   155680 kB
Unevictable:        6412 kB
Mlocked:            5972 kB
SwapTotal:       4718584 kB
SwapFree:        2258836 kB
Dirty:               708 kB
Writeback:             0 kB
AnonPages:       4931204 kB
