MemTotal:        7918588 kB
MemFree:         1363192 kB
MemAvailable:    4254036 kB
Buffers:           48688 kB
Cached:          2615196 kB
SwapCached:            0 kB
Active:          3020808 kB
Inactive:        1112944 kB
Active(anon):    1432216 kB
Inactive(anon):    65844 kB
Active(file):    1588592 kB
Inactive(file):  1047100 kB
Unevictable:        6100 kB
Mlocked:            5660 kB
SwapTotal:       4718584 kB
SwapFree:        4718584 kB
Dirty:            144952 kB
Writeback:             0 kB
AnonPages:       1476024 kB
Mapped:          1043084 kB
Shmem:             23604 kB
KReclaimable:     645376 kB
Slab:             334488 kB
SReclaimable:     103844 kB
SUnreclaim:       230644 kB
KernelStack:       51728 kB
ShadowCallStack:   12956 kB
PageTables:        72944 kB
NFS_Unstable:          0 kB
Bounce:                0 kB
WritebackTmp:          0 kB
CommitLimit:     8677876 kB
Committed_AS:   79486636 kB
VmallocTotal:   263061440 kB
VmallocUsed:      136640 kB
VmallocChunk:          0 kB
Percpu:             2448 kB
CmaTotal:         405504 kB
CmaFree:          286924 kB
MemTotal:        7918588 kB
MemFree:         1358360 kB
MemAvailable:    4248712 kB
Buffers:           48696 kB
Cached:          2615420 kB
SwapCached:            0 kB
Active:          3026044 kB
Inactive:        1113068 kB
Active(anon):    1437344 kB
Inactive(anon):    65848 kB
Active(file):    1588700 kB
Inactive(file):  1047220 kB
Unevictable:        6100 kB
Mlocked:            5660 kB
SwapTotal:       4718584 kB
SwapFree:        4718584 kB
Dirty:            145084 kB
Writeback:             0 kB
AnonPages:       1481112 kB
Mapped:          1044268 kB
Shmem:             23608 kB
KReclaimable:     644656 kB
Slab:             334640 kB
SReclaimable:     103892 kB
SUnreclaim:       230748 kB
KernelStack:       51488 kB
ShadowCallStack:   12896 kB
PageTables:        73028 kB
NFS_Unstable:          0 kB
Bounce:                0 kB
WritebackTmp:          0 kB
CommitLimit:     8677876 kB
Committed_AS:   79498736 kB
VmallocTotal:   263061440 kB
VmallocUsed:      136404 kB
VmallocChunk:          0 kB
Percpu:             2448 kB
CmaTotal:         405504 kB
CmaFree:          288408 kB
MemTotal:        7918588 kB
MemFree:         1357912 kB
MemAvailable:    4248224 kB
Buffers:           48696 kB
Cached:          2615448 kB
SwapCached:            0 kB
Active:          3027552 kB
Inactive:        1113080 kB
Active(anon):    1438852 kB
Inactive(anon):    65852 kB
Active(file):    1588700 kB
Inactive(file):  1047228 kB
Unevictable:        6100 kB
Mlocked:            5660 kB
SwapTotal:       4718584 kB
SwapFree:        4718584 kB
Dirty:            145084 kB
Writeback:             0 kB
AnonPages:       1482636 kB
Mapped:          1044828 kB
Shmem:             23628 kB
KReclaimable:     644608 kB
Slab:             334724 kB
SReclaimable:     103892 kB
SUnreclaim:       230832 kB
KernelStack:       51360 kB
ShadowCallStack:   12872 kB
PageTables:        72940 kB
NFS_Unstable:          0 kB
Bounce:                0 kB
WritebackTmp:          0 kB
CommitLimit:     8677876 kB
Committed_AS:   79498284 kB
VmallocTotal:   263061440 kB
VmallocUsed:      136228 kB
VmallocChunk:          0 kB
Percpu:             2448 kB
CmaTotal:         405504 kB
CmaFree:          292412 kB
MemTotal:        7918588 kB
MemFree:         1322592 kB
MemAvailable:    4111700 kB
Buffers:           48696 kB
Cached:          2615492 kB
SwapCached:            0 kB
Active:          3063204 kB
Inactive:        1113080 kB
Active(anon):    1474504 kB
Inactive(anon):    65852 kB
Active(file):    1588700 kB
Inactive(file):  1047228 kB
Unevictable:        6100 kB
Mlocked:            5660 kB
SwapTotal:       4718584 kB
SwapFree:        4718584 kB
Dirty:            145084 kB
Writeback:             0 kB
AnonPages:       1518248 kB
Mapped:          1045520 kB
Shmem:             23672 kB
KReclaimable:     543404 kB
Slab:             334744 kB
SReclaimable:     103900 kB
SUnreclaim:       230844 kB
KernelStack:       51280 kB
ShadowCallStack:   12852 kB
PageTables:        73072 kB
NFS_Unstable:          0 kB
Bounce:                0 kB
WritebackTmp:          0 kB
CommitLimit:     8677876 kB
Committed_AS:   79498192 kB
VmallocTotal:   263061440 kB
VmallocUsed:      135868 kB
VmallocChunk:          0 kB
Percpu:             2448 kB
CmaTotal:         405504 kB
CmaFree:          293672 kB
MemTotal:        7918588 kB
MemFree:         1295884 kB
MemAvailable:    4076216 kB
Buffers:           48696 kB
Cached:          2615608 kB
SwapCached:            0 kB
Active:          3090804 kB
Inactive:        1113072 kB
Active(anon):    1502104 kB
Inactive(anon):    65844 kB
Active(file):    1588700 kB
Inactive(file):  1047228 kB
Unevictable:        6100 kB
Mlocked:            5660 kB
SwapTotal:       4718584 kB
SwapFree:        4718584 kB
Dirty:            145084 kB
Writeback:             0 kB
AnonPages:       1545772 kB
Mapped:          1047336 kB
Shmem:             23788 kB
KReclaimable:     534628 kB
Slab:             334748 kB
SReclaimable:     103908 kB
SUnreclaim:       230840 kB
KernelStack:       51312 kB
ShadowCallStack:   12844 kB
PageTables:        72944 kB
NFS_Unstable:          0 kB
Bounce:                0 kB
WritebackTmp:          0 kB
CommitLimit:     8677876 kB
Committed_AS:   79520108 kB
VmallocTotal:   263061440 kB
VmallocUsed:      135924 kB
VmallocChunk:          0 kB
Percpu:             2448 kB
CmaTotal:         405504 kB
CmaFree:          293672 kB
MemTotal:        7918588 kB
MemFree:         1144960 kB
MemAvailable:    3988684 kB
Buffers:           48700 kB
Cached:          2615468 kB
SwapCached:            0 kB
Active:          3241960 kB
Inactive:        1113084 kB
Active(anon):    1653244 kB
Inactive(anon):    65848 kB
Active(file):    1588716 kB
Inactive(file):  1047236 kB
Unevictable:        6100 kB
Mlocked:            5660 kB
SwapTotal:       4718584 kB
SwapFree:        4718584 kB
Dirty:            145092 kB
Writeback:             0 kB
AnonPages:       1697100 kB
Mapped:          1128780 kB
Shmem:             23628 kB
KReclaimable:     597996 kB
Slab:             334892 kB
SReclaimable:     103928 kB
SUnreclaim:       230964 kB
KernelStack:       51216 kB
ShadowCallStack:   12816 kB
PageTables:        73772 kB
NFS_Unstable:          0 kB
Bounce:                0 kB
WritebackTmp:          0 kB
CommitLimit:     8677876 kB
Committed_AS:   79839144 kB
VmallocTotal:   263061440 kB
VmallocUsed:      135752 kB
VmallocChunk:          0 kB
Percpu:             2448 kB
CmaTotal:         405504 kB
CmaFree:          165240 kB
MemTotal:        7918588 kB
MemFree:         1130876 kB
MemAvailable:    3977240 kB
Buffers:           48712 kB
Cached:          2615472 kB
SwapCached:            0 kB
Active:          3255752 kB
Inactive:        1113104 kB
Active(anon):    1667036 kB
Inactive(anon):    65852 kB
Active(file):    1588716 kB
Inactive(file):  1047252 kB
Unevictable:        6100 kB
Mlocked:            5660 kB
SwapTotal:       4718584 kB
SwapFree:        4718584 kB
Dirty:             18396 kB
Writeback:             0 kB
AnonPages:       1710940 kB
Mapped:          1130724 kB
Shmem:             23628 kB
KReclaimable:     600620 kB
Slab:             335012 kB
SReclaimable:     103920 kB
SUnreclaim:       231092 kB
KernelStack:       51152 kB
ShadowCallStack:   12820 kB
PageTables:        73568 kB
NFS_Unstable:          0 kB
Bounce:                0 kB
WritebackTmp:          0 kB
CommitLimit:     8677876 kB
Committed_AS:   79882464 kB
VmallocTotal:   263061440 kB
VmallocUsed:      135676 kB
VmallocChunk:          0 kB
Percpu:             2448 kB
CmaTotal:         405504 kB
CmaFree:          152404 kB
MemTotal:        7918588 kB
MemFree:         1062840 kB
MemAvailable:    3857144 kB
Buffers:           48744 kB
Cached:          2615580 kB
SwapCached:            0 kB
Active:          3322836 kB
Inactive:        1113236 kB
Active(anon):    1734120 kB
Inactive(anon):    65852 kB
Active(file):    1588716 kB
Inactive(file):  1047384 kB
Unevictable:        6100 kB
Mlocked:            5660 kB
SwapTotal:       4718584 kB
SwapFree:        4718584 kB
Dirty:             18456 kB
Writeback:             0 kB
AnonPages:       1778060 kB
Mapped:          1153708 kB
Shmem:             23636 kB
KReclaimable:     548680 kB
Slab:             335348 kB
SReclaimable:     103920 kB
SUnreclaim:       231428 kB
KernelStack:       51104 kB
ShadowCallStack:   12792 kB
PageTables:        74188 kB
NFS_Unstable:          0 kB
Bounce:                0 kB
WritebackTmp:          0 kB
CommitLimit:     8677876 kB
Committed_AS:   80088140 kB
VmallocTotal:   263061440 kB
VmallocUsed:      135612 kB
VmallocChunk:          0 kB
Percpu:             2448 kB
CmaTotal:         405504 kB
CmaFree:           86340 kB
MemTotal:        7918588 kB
MemFree:          963012 kB
MemAvailable:    3757588 kB
Buffers:           48744 kB
Cached:          2615596 kB
SwapCached:            0 kB
Active:          3423372 kB
Inactive:        1113252 kB
Active(anon):    1834656 kB
Inactive(anon):    65852 kB
Active(file):    1588716 kB
Inactive(file):  1047400 kB
Unevictable:        6100 kB
Mlocked:            5660 kB
SwapTotal:       4718584 kB
SwapFree:        4718584 kB
Dirty:             18632 kB
Writeback:             0 kB
AnonPages:       1878460 kB
Mapped:          1154556 kB
Shmem:             23636 kB
KReclaimable:     548684 kB
Slab:             335352 kB
SReclaimable:     103924 kB
SUnreclaim:       231428 kB
KernelStack:       51056 kB
ShadowCallStack:   12796 kB
PageTables:        74616 kB
NFS_Unstable:          0 kB
Bounce:                0 kB
WritebackTmp:          0 kB
CommitLimit:     8677876 kB
Committed_AS:   80317516 kB
VmallocTotal:   263061440 kB
VmallocUsed:      135612 kB
VmallocChunk:          0 kB
Percpu:             2448 kB
CmaTotal:         405504 kB
CmaFree:               0 kB
MemTotal:        7918588 kB
MemFree:          882700 kB
MemAvailable:    3677276 kB
Buffers:           48744 kB
Cached:          2615600 kB
SwapCached:            0 kB
Active:          3500512 kB
Inactive:        1113248 kB
Active(anon):    1911796 kB
Inactive(anon):    65848 kB
Active(file):    1588716 kB
Inactive(file):  1047400 kB
Unevictable:        6100 kB
Mlocked:            5660 kB
SwapTotal:       4718584 kB
SwapFree:        4718584 kB
Dirty:             18636 kB
Writeback:             0 kB
AnonPages:       1955624 kB
Mapped:          1155360 kB
Shmem:             23640 kB
KReclaimable:     548684 kB
Slab:             335508 kB
SReclaimable:     103924 kB
SUnreclaim:       231584 kB
KernelStack:       51056 kB
ShadowCallStack:   12788 kB
PageTables:        74952 kB
NFS_Unstable:          0 kB
Bounce:                0 kB
WritebackTmp:          0 kB
CommitLimit:     8677876 kB
Committed_AS:   80514080 kB
VmallocTotal:   263061440 kB
VmallocUsed:      135608 kB
VmallocChunk:          0 kB
Percpu:             2448 kB
CmaTotal:         405504 kB
CmaFree:               0 kB
MemTotal:        7918588 kB
MemFree:          830432 kB
MemAvailable:    3624752 kB
Buffers:           48744 kB
Cached:          2615608 kB
SwapCached:            0 kB
Active:          3551440 kB
Inactive:        1113248 kB
Active(anon):    1962724 kB
Inactive(anon):    65848 kB
Active(file):    1588716 kB
Inactive(file):  1047400 kB
Unevictable:        6100 kB
Mlocked:            5660 kB
SwapTotal:       4718584 kB
SwapFree:        4718584 kB
Dirty:             18636 kB
Writeback:             0 kB
AnonPages:       2006588 kB
Mapped:          1155684 kB
Shmem:             23648 kB
KReclaimable:     548428 kB
Slab:             335444 kB
SReclaimable:     103924 kB
SUnreclaim:       231520 kB
KernelStack:       51040 kB
ShadowCallStack:   12780 kB
PageTables:        75108 kB
NFS_Unstable:          0 kB
Bounce:                0 kB
WritebackTmp:          0 kB
CommitLimit:     8677876 kB
Committed_AS:   80612340 kB
VmallocTotal:   263061440 kB
VmallocUsed:      135556 kB
VmallocChunk:          0 kB
Percpu:             2448 kB
CmaTotal:         405504 kB
CmaFree:               0 kB
MemTotal:        7918588 kB
MemFree:          842604 kB
MemAvailable:    3636948 kB
Buffers:           48752 kB
Cached:          2615500 kB
SwapCached:            0 kB
Active:          3541208 kB
Inactive:        1113276 kB
Active(anon):    1952492 kB
Inactive(anon):    65852 kB
Active(file):    1588716 kB
Inactive(file):  1047424 kB
Unevictable:        6100 kB
Mlocked:            5660 kB
SwapTotal:       4718584 kB
SwapFree:        4718584 kB
Dirty:             18684 kB
Writeback:             0 kB
AnonPages:       1996336 kB
Mapped:          1143208 kB
Shmem:             23524 kB
KReclaimable:     548428 kB
Slab:             335168 kB
SReclaimable:     103924 kB
SUnreclaim:       231244 kB
KernelStack:       50720 kB
ShadowCallStack:   12700 kB
PageTables:        74440 kB
NFS_Unstable:          0 kB
Bounce:                0 kB
WritebackTmp:          0 kB
CommitLimit:     8677876 kB
Committed_AS:   79270572 kB
VmallocTotal:   263061440 kB
VmallocUsed:      135148 kB
VmallocChunk:          0 kB
Percpu:             2448 kB
CmaTotal:         405504 kB
CmaFree:               8 kB
MemTotal:        7918588 kB
MemFree:          810048 kB
MemAvailable:    3604400 kB
Buffers:           48752 kB
Cached:          2615508 kB
SwapCached:            0 kB
Active:          3573732 kB
Inactive:        1113280 kB
Active(anon):    1985016 kB
Inactive(anon):    65848 kB
Active(file):    1588716 kB
Inactive(file):  1047432 kB
Unevictable:        6100 kB
Mlocked:            5660 kB
SwapTotal:       4718584 kB
SwapFree:        4718584 kB
Dirty:             18672 kB
Writeback:             0 kB
AnonPages:       2028852 kB
Mapped:          1143756 kB
Shmem:             23524 kB
KReclaimable:     548428 kB
Slab:             334932 kB
SReclaimable:     103924 kB
SUnreclaim:       231008 kB
KernelStack:       50704 kB
ShadowCallStack:   12700 kB
PageTables:        74540 kB
NFS_Unstable:          0 kB
Bounce:                0 kB
WritebackTmp:          0 kB
CommitLimit:     8677876 kB
Committed_AS:   79352492 kB
VmallocTotal:   263061440 kB
VmallocUsed:      135148 kB
VmallocChunk:          0 kB
Percpu:             2448 kB
CmaTotal:         405504 kB
CmaFree:             620 kB
MemTotal:        7918588 kB
MemFree:          806712 kB
MemAvailable:    3601064 kB
Buffers:           48760 kB
Cached:          2615500 kB
SwapCached:            0 kB
Active:          3575816 kB
Inactive:        1113284 kB
Active(anon):    1987100 kB
Inactive(anon):    65852 kB
Active(file):    1588716 kB
Inactive(file):  1047432 kB
Unevictable:        6100 kB
Mlocked:            5660 kB
SwapTotal:       4718584 kB
SwapFree:        4718584 kB
Dirty:             18672 kB
Writeback:             0 kB
AnonPages:       2030976 kB
Mapped:          1143736 kB
Shmem:             23524 kB
KReclaimable:     548428 kB
Slab:             334772 kB
SReclaimable:     103924 kB
SUnreclaim:       230848 kB
KernelStack:       50720 kB
ShadowCallStack:   12696 kB
PageTables:        74552 kB
NFS_Unstable:          0 kB
Bounce:                0 kB
WritebackTmp:          0 kB
CommitLimit:     8677876 kB
Committed_AS:   79352496 kB
VmallocTotal:   263061440 kB
VmallocUsed:      135160 kB
VmallocChunk:          0 kB
Percpu:             2448 kB
CmaTotal:         405504 kB
CmaFree:               0 kB
MemTotal:        7918588 kB
MemFree:          805484 kB
MemAvailable:    3599844 kB
Buffers:           48760 kB
Cached:          2615508 kB
SwapCached:            0 kB
Active:          3577104 kB
Inactive:        1113292 kB
Active(anon):    1988388 kB
Inactive(anon):    65852 kB
Active(file):    1588716 kB
Inactive(file):  1047440 kB
Unevictable:        6100 kB
Mlocked:            5660 kB
SwapTotal:       4718584 kB
SwapFree:        4718584 kB
Dirty:             18688 kB
Writeback:             0 kB
AnonPages:       2032296 kB
Mapped:          1143820 kB
Shmem:             23524 kB
KReclaimable:     548428 kB
Slab:             334780 kB
SReclaimable:     103924 kB
SUnreclaim:       230856 kB
KernelStack:       50704 kB
ShadowCallStack:   12704 kB
PageTables:        74616 kB
NFS_Unstable:          0 kB
Bounce:                0 kB
WritebackTmp:          0 kB
CommitLimit:     8677876 kB
Committed_AS:   79368880 kB
VmallocTotal:   263061440 kB
VmallocUsed:      135164 kB
VmallocChunk:          0 kB
Percpu:             2448 kB
CmaTotal:         405504 kB
CmaFree:               4 kB
MemTotal:        7918588 kB
MemFree:          764136 kB
MemAvailable:    3558496 kB
Buffers:           48760 kB
Cached:          2615508 kB
SwapCached:            0 kB
Active:          3618228 kB
Inactive:        1113284 kB
Active(anon):    2029512 kB
Inactive(anon):    65844 kB
Active(file):    1588716 kB
Inactive(file):  1047440 kB
Unevictable:        6100 kB
Mlocked:            5660 kB
SwapTotal:       4718584 kB
SwapFree:        4718584 kB
Dirty:             18688 kB
Writeback:             0 kB
AnonPages:       2073412 kB
Mapped:          1144192 kB
Shmem:             23524 kB
KReclaimable:     548428 kB
Slab:             334772 kB
SReclaimable:     103924 kB
SUnreclaim:       230848 kB
KernelStack:       50704 kB
ShadowCallStack:   12708 kB
PageTables:        74864 kB
NFS_Unstable:          0 kB
Bounce:                0 kB
WritebackTmp:          0 kB
CommitLimit:     8677876 kB
Committed_AS:   79467180 kB
VmallocTotal:   263061440 kB
VmallocUsed:      135164 kB
VmallocChunk:          0 kB
Percpu:             2448 kB
CmaTotal:         405504 kB
CmaFree:               0 kB
MemTotal:        7918588 kB
MemFree:          762436 kB
MemAvailable:    3556804 kB
Buffers:           48768 kB
Cached:          2615508 kB
SwapCached:            0 kB
Active:          3618432 kB
Inactive:        1113300 kB
Active(anon):    2029716 kB
Inactive(anon):    65852 kB
Active(file):    1588716 kB
Inactive(file):  1047448 kB
Unevictable:        6100 kB
Mlocked:            5660 kB
SwapTotal:       4718584 kB
SwapFree:        4718584 kB
Dirty:             18708 kB
Writeback:             0 kB
AnonPages:       2073604 kB
Mapped:          1144136 kB
Shmem:             23524 kB
KReclaimable:     548428 kB
Slab:             334772 kB
SReclaimable:     103924 kB
SUnreclaim:       230848 kB
KernelStack:       50736 kB
ShadowCallStack:   12708 kB
PageTables:        74780 kB
NFS_Unstable:          0 kB
Bounce:                0 kB
WritebackTmp:          0 kB
CommitLimit:     8677876 kB
Committed_AS:   79467180 kB
VmallocTotal:   263061440 kB
VmallocUsed:      135160 kB
VmallocChunk:          0 kB
Percpu:             2448 kB
CmaTotal:         405504 kB
CmaFree:               0 kB
MemTotal:        7918588 kB
MemFree:          743856 kB
MemAvailable:    3538224 kB
Buffers:           48768 kB
Cached:          2615512 kB
SwapCached:            0 kB
Active:          3637716 kB
Inactive:        1113300 kB
Active(anon):    2049000 kB
Inactive(anon):    65852 kB
Active(file):    1588716 kB
Inactive(file):  1047448 kB
Unevictable:        6100 kB
Mlocked:            5660 kB
SwapTotal:       4718584 kB
SwapFree:        4718584 kB
Dirty:             18620 kB
Writeback:             0 kB
AnonPages:       2092876 kB
Mapped:          1144444 kB
Shmem:             23528 kB
KReclaimable:     548428 kB
Slab:             334800 kB
SReclaimable:     103924 kB
SUnreclaim:       230876 kB
KernelStack:       50720 kB
ShadowCallStack:   12708 kB
PageTables:        74772 kB
NFS_Unstable:          0 kB
Bounce:                0 kB
WritebackTmp:          0 kB
CommitLimit:     8677876 kB
Committed_AS:   79516336 kB
VmallocTotal:   263061440 kB
VmallocUsed:      135156 kB
VmallocChunk:          0 kB
Percpu:             2448 kB
CmaTotal:         405504 kB
CmaFree:               0 kB
MemTotal:        7918588 kB
MemFree:          719416 kB
MemAvailable:    3513784 kB
Buffers:           48768 kB
Cached:          2615536 kB
SwapCached:            0 kB
Active:          3661756 kB
Inactive:        1113304 kB
Active(anon):    2073040 kB
Inactive(anon):    65856 kB
Active(file):    1588716 kB
Inactive(file):  1047448 kB
Unevictable:        6100 kB
Mlocked:            5660 kB
SwapTotal:       4718584 kB
SwapFree:        4718584 kB
Dirty:             18620 kB
Writeback:             0 kB
AnonPages:       2116952 kB
Mapped:          1144724 kB
Shmem:             23552 kB
KReclaimable:     548428 kB
Slab:             334872 kB
SReclaimable:     103924 kB
SUnreclaim:       230948 kB
KernelStack:       50752 kB
ShadowCallStack:   12692 kB
PageTables:        74948 kB
NFS_Unstable:          0 kB
Bounce:                0 kB
WritebackTmp:          0 kB
CommitLimit:     8677876 kB
Committed_AS:   79565512 kB
VmallocTotal:   263061440 kB
VmallocUsed:      135156 kB
VmallocChunk:          0 kB
Percpu:             2448 kB
CmaTotal:         405504 kB
CmaFree:               0 kB
MemTotal:        7918588 kB
MemFree:          721760 kB
MemAvailable:    3516100 kB
Buffers:           48768 kB
Cached:          2615512 kB
SwapCached:            0 kB
Active:          3658564 kB
Inactive:        1113272 kB
Active(anon):    2069848 kB
Inactive(anon):    65852 kB
Active(file):    1588716 kB
Inactive(file):  1047420 kB
Unevictable:        6100 kB
Mlocked:            5660 kB
SwapTotal:       4718584 kB
SwapFree:        4718584 kB
Dirty:             18596 kB
Writeback:             0 kB
AnonPages:       2113668 kB
Mapped:          1144628 kB
Shmem:             23556 kB
KReclaimable:     548428 kB
Slab:             334848 kB
SReclaimable:     103924 kB
SUnreclaim:       230924 kB
KernelStack:       50720 kB
ShadowCallStack:   12692 kB
PageTables:        74932 kB
NFS_Unstable:          0 kB
Bounce:                0 kB
WritebackTmp:          0 kB
CommitLimit:     8677876 kB
Committed_AS:   79565592 kB
VmallocTotal:   263061440 kB
VmallocUsed:      135120 kB
VmallocChunk:          0 kB
Percpu:             2448 kB
CmaTotal:         405504 kB
CmaFree:             744 kB
MemTotal:        7918588 kB
MemFree:          683228 kB
MemAvailable:    3477596 kB
Buffers:           48768 kB
Cached:          2615544 kB
SwapCached:            0 kB
Active:          3696960 kB
Inactive:        1113292 kB
Active(anon):    2108244 kB
Inactive(anon):    65844 kB
Active(file):    1588716 kB
Inactive(file):  1047448 kB
Unevictable:        6100 kB
Mlocked:            5660 kB
SwapTotal:       4718584 kB
SwapFree:        4718584 kB
Dirty:             18632 kB
Writeback:             0 kB
AnonPages:       2152040 kB
Mapped:          1145068 kB
Shmem:             23560 kB
KReclaimable:     548428 kB
Slab:             334868 kB
SReclaimable:     103924 kB
SUnreclaim:       230944 kB
KernelStack:       50720 kB
ShadowCallStack:   12704 kB
PageTables:        75112 kB
NFS_Unstable:          0 kB
Bounce:                0 kB
WritebackTmp:          0 kB
CommitLimit:     8677876 kB
Committed_AS:   79663900 kB
VmallocTotal:   263061440 kB
VmallocUsed:      135148 kB
VmallocChunk:          0 kB
Percpu:             2448 kB
CmaTotal:         405504 kB
CmaFree:               4 kB
MemTotal:        7918588 kB
MemFree:          677236 kB
MemAvailable:    3471356 kB
Buffers:           48776 kB
Cached:          2615544 kB
SwapCached:            0 kB
Active:          3702212 kB
Inactive:        1113308 kB
Active(anon):    2113496 kB
Inactive(anon):    65852 kB
Active(file):    1588716 kB
Inactive(file):  1047456 kB
Unevictable:        6100 kB
Mlocked:            5660 kB
SwapTotal:       4718584 kB
SwapFree:        4718584 kB
Dirty:             18596 kB
Writeback:             0 kB
AnonPages:       2157388 kB
Mapped:          1145080 kB
Shmem:             23560 kB
KReclaimable:     548172 kB
Slab:             334880 kB
SReclaimable:     103924 kB
SUnreclaim:       230956 kB
KernelStack:       50704 kB
ShadowCallStack:   12700 kB
PageTables:        75252 kB
NFS_Unstable:          0 kB
Bounce:                0 kB
WritebackTmp:          0 kB
CommitLimit:     8677876 kB
Committed_AS:   79663904 kB
VmallocTotal:   263061440 kB
VmallocUsed:      135144 kB
VmallocChunk:          0 kB
Percpu:             2448 kB
CmaTotal:         405504 kB
CmaFree:               0 kB
MemTotal:        7918588 kB
MemFree:          673972 kB
MemAvailable:    3468092 kB
Buffers:           48776 kB
Cached:          2615548 kB
SwapCached:            0 kB
Active:          3704240 kB
Inactive:        1113308 kB
Active(anon):    2115524 kB
Inactive(anon):    65852 kB
Active(file):    1588716 kB
Inactive(file):  1047456 kB
Unevictable:        6100 kB
Mlocked:            5660 kB
SwapTotal:       4718584 kB
SwapFree:        4718584 kB
Dirty:             18516 kB
Writeback:             0 kB
AnonPages:       2159432 kB
Mapped:          1145116 kB
Shmem:             23564 kB
KReclaimable:     548172 kB
Slab:             334884 kB
SReclaimable:     103924 kB
SUnreclaim:       230960 kB
KernelStack:       50704 kB
ShadowCallStack:   12700 kB
PageTables:        75088 kB
NFS_Unstable:          0 kB
Bounce:                0 kB
WritebackTmp:          0 kB
CommitLimit:     8677876 kB
Committed_AS:   79663904 kB
VmallocTotal:   263061440 kB
VmallocUsed:      135132 kB
VmallocChunk:          0 kB
Percpu:             2448 kB
CmaTotal:         405504 kB
CmaFree:               0 kB
MemTotal:        7918588 kB
MemFree:          631548 kB
MemAvailable:    3417216 kB
Buffers:           48776 kB
Cached:          2615548 kB
SwapCached:            0 kB
Active:          3746012 kB
Inactive:        1113308 kB
Active(anon):    2157296 kB
Inactive(anon):    65852 kB
Active(file):    1588716 kB
Inactive(file):  1047456 kB
Unevictable:        6100 kB
Mlocked:            5660 kB
SwapTotal:       4718584 kB
SwapFree:        4718584 kB
Dirty:             18516 kB
Writeback:             0 kB
AnonPages:       2201168 kB
Mapped:          1145556 kB
Shmem:             23564 kB
KReclaimable:     539720 kB
Slab:             334980 kB
SReclaimable:     103924 kB
SUnreclaim:       231056 kB
KernelStack:       50704 kB
ShadowCallStack:   12708 kB
PageTables:        75368 kB
NFS_Unstable:          0 kB
Bounce:                0 kB
WritebackTmp:          0 kB
CommitLimit:     8677876 kB
Committed_AS:   79762208 kB
VmallocTotal:   263061440 kB
VmallocUsed:      135124 kB
VmallocChunk:          0 kB
Percpu:             2448 kB
CmaTotal:         405504 kB
CmaFree:               0 kB
MemTotal:        7918588 kB
MemFree:          630400 kB
MemAvailable:    3416052 kB
Buffers:           48776 kB
Cached:          2615548 kB
SwapCached:            0 kB
Active:          3746632 kB
Inactive:        1113304 kB
Active(anon):    2157916 kB
Inactive(anon):    65848 kB
Active(file):    1588716 kB
Inactive(file):  1047456 kB
Unevictable:        6100 kB
Mlocked:            5660 kB
SwapTotal:       4718584 kB
SwapFree:        4718584 kB
Dirty:             18516 kB
Writeback:             0 kB
AnonPages:       2201928 kB
Mapped:          1145576 kB
Shmem:             23564 kB
KReclaimable:     539704 kB
Slab:             334940 kB
SReclaimable:     103908 kB
SUnreclaim:       231032 kB
KernelStack:       50768 kB
ShadowCallStack:   12716 kB
PageTables:        75316 kB
NFS_Unstable:          0 kB
Bounce:                0 kB
WritebackTmp:          0 kB
CommitLimit:     8677876 kB
Committed_AS:   79762344 kB
VmallocTotal:   263061440 kB
VmallocUsed:      135164 kB
VmallocChunk:          0 kB
Percpu:             2448 kB
CmaTotal:         405504 kB
CmaFree:               0 kB
MemTotal:        7918588 kB
MemFree:          575656 kB
MemAvailable:    3231152 kB
Buffers:           48784 kB
Cached:          2615640 kB
SwapCached:            0 kB
Active:          3801892 kB
Inactive:        1113316 kB
Active(anon):    2213176 kB
Inactive(anon):    65852 kB
Active(file):    1588716 kB
Inactive(file):  1047464 kB
Unevictable:        6100 kB
Mlocked:            5660 kB
SwapTotal:       4718584 kB
SwapFree:        4718584 kB
Dirty:             18580 kB
Writeback:             0 kB
AnonPages:       2257024 kB
Mapped:          1146568 kB
Shmem:             23656 kB
KReclaimable:     409540 kB
Slab:             335300 kB
SReclaimable:     103944 kB
SUnreclaim:       231356 kB
KernelStack:       50784 kB
ShadowCallStack:   12736 kB
PageTables:        75628 kB
NFS_Unstable:          0 kB
Bounce:                0 kB
WritebackTmp:          0 kB
CommitLimit:     8677876 kB
Committed_AS:   79828140 kB
VmallocTotal:   263061440 kB
VmallocUsed:      135304 kB
VmallocChunk:          0 kB
Percpu:             2448 kB
CmaTotal:         405504 kB
CmaFree:               0 kB
MemTotal:        7918588 kB
MemFree:          587680 kB
MemAvailable:    3373364 kB
Buffers:           48792 kB
Cached:          2615548 kB
SwapCached:            0 kB
Active:          3789420 kB
Inactive:        1113316 kB
Active(anon):    2200704 kB
Inactive(anon):    65844 kB
Active(file):    1588716 kB
Inactive(file):  1047472 kB
Unevictable:        6100 kB
Mlocked:            5660 kB
SwapTotal:       4718584 kB
SwapFree:        4718584 kB
Dirty:             17704 kB
Writeback:             0 kB
AnonPages:       2244752 kB
Mapped:          1145848 kB
Shmem:             23564 kB
KReclaimable:     539720 kB
Slab:             335212 kB
SReclaimable:     103924 kB
SUnreclaim:       231288 kB
KernelStack:       50688 kB
ShadowCallStack:   12704 kB
PageTables:        75488 kB
NFS_Unstable:          0 kB
Bounce:                0 kB
WritebackTmp:          0 kB
CommitLimit:     8677876 kB
Committed_AS:   79860512 kB
VmallocTotal:   263061440 kB
VmallocUsed:      135144 kB
VmallocChunk:          0 kB
Percpu:             2448 kB
CmaTotal:         405504 kB
CmaFree:               0 kB
MemTotal:        7918588 kB
MemFree:          596552 kB
MemAvailable:    3382236 kB
Buffers:           48792 kB
Cached:          2615444 kB
SwapCached:            0 kB
Active:          3781916 kB
Inactive:        1113320 kB
Active(anon):    2193200 kB
Inactive(anon):    65848 kB
Active(file):    1588716 kB
Inactive(file):  1047472 kB
Unevictable:        6100 kB
Mlocked:            5660 kB
SwapTotal:       4718584 kB
SwapFree:        4718584 kB
Dirty:             17568 kB
Writeback:             0 kB
AnonPages:       2237148 kB
Mapped:          1145764 kB
Shmem:             23460 kB
KReclaimable:     539720 kB
Slab:             334808 kB
SReclaimable:     103924 kB
SUnreclaim:       230884 kB
KernelStack:       50480 kB
ShadowCallStack:   12640 kB
PageTables:        74920 kB
NFS_Unstable:          0 kB
Bounce:                0 kB
WritebackTmp:          0 kB
CommitLimit:     8677876 kB
Committed_AS:   78525652 kB
VmallocTotal:   263061440 kB
VmallocUsed:      134832 kB
VmallocChunk:          0 kB
Percpu:             2448 kB
CmaTotal:         405504 kB
CmaFree:               0 kB
MemTotal:        7918588 kB
MemFree:          558860 kB
MemAvailable:    3344544 kB
Buffers:           48792 kB
Cached:          2615444 kB
SwapCached:            0 kB
Active:          3820044 kB
Inactive:        1113324 kB
Active(anon):    2231328 kB
Inactive(anon):    65852 kB
Active(file):    1588716 kB
Inactive(file):  1047472 kB
Unevictable:        6100 kB
Mlocked:            5660 kB
SwapTotal:       4718584 kB
SwapFree:        4718584 kB
Dirty:             17596 kB
Writeback:             0 kB
AnonPages:       2275312 kB
Mapped:          1146104 kB
Shmem:             23460 kB
KReclaimable:     539720 kB
Slab:             334744 kB
SReclaimable:     103924 kB
SUnreclaim:       230820 kB
KernelStack:       50528 kB
ShadowCallStack:   12668 kB
PageTables:        75056 kB
NFS_Unstable:          0 kB
Bounce:                0 kB
WritebackTmp:          0 kB
CommitLimit:     8677876 kB
Committed_AS:   78624212 kB
VmallocTotal:   263061440 kB
VmallocUsed:      134896 kB
VmallocChunk:          0 kB
Percpu:             2448 kB
CmaTotal:         405504 kB
CmaFree:               0 kB
MemTotal:        7918588 kB
MemFree:          567260 kB
MemAvailable:    3352944 kB
Buffers:           48792 kB
Cached:          2615376 kB
SwapCached:            0 kB
Active:          3812204 kB
Inactive:        1113320 kB
Active(anon):    2223488 kB
Inactive(anon):    65848 kB
Active(file):    1588716 kB
Inactive(file):  1047472 kB
Unevictable:        6100 kB
Mlocked:            5660 kB
SwapTotal:       4718584 kB
SwapFree:        4718584 kB
Dirty:             17604 kB
Writeback:             0 kB
AnonPages:       2267304 kB
Mapped:          1145476 kB
Shmem:             23392 kB
KReclaimable:     539720 kB
Slab:             334176 kB
SReclaimable:     103924 kB
SUnreclaim:       230252 kB
KernelStack:       50288 kB
ShadowCallStack:   12588 kB
PageTables:        74232 kB
NFS_Unstable:          0 kB
Bounce:                0 kB
WritebackTmp:          0 kB
CommitLimit:     8677876 kB
Committed_AS:   77288996 kB
VmallocTotal:   263061440 kB
VmallocUsed:      134544 kB
VmallocChunk:          0 kB
Percpu:             2448 kB
CmaTotal:         405504 kB
CmaFree:               4 kB
MemTotal:        7918588 kB
MemFree:          566792 kB
MemAvailable:    3352476 kB
Buffers:           48792 kB
Cached:          2615376 kB
SwapCached:            0 kB
Active:          3813964 kB
Inactive:        1113320 kB
Active(anon):    2225248 kB
Inactive(anon):    65848 kB
Active(file):    1588716 kB
Inactive(file):  1047472 kB
Unevictable:        6100 kB
Mlocked:            5660 kB
SwapTotal:       4718584 kB
SwapFree:        4718584 kB
Dirty:             17608 kB
Writeback:             0 kB
AnonPages:       2269436 kB
Mapped:          1145660 kB
Shmem:             23392 kB
KReclaimable:     539720 kB
Slab:             334148 kB
SReclaimable:     103924 kB
SUnreclaim:       230224 kB
KernelStack:       50240 kB
ShadowCallStack:   12576 kB
PageTables:        74180 kB
NFS_Unstable:          0 kB
Bounce:                0 kB
WritebackTmp:          0 kB
CommitLimit:     8677876 kB
Committed_AS:   77288948 kB
VmallocTotal:   263061440 kB
VmallocUsed:      134520 kB
VmallocChunk:          0 kB
Percpu:             2448 kB
CmaTotal:         405504 kB
CmaFree:               4 kB
MemTotal:        7918588 kB
MemFree:          523856 kB
MemAvailable:    3309548 kB
Buffers:           48800 kB
Cached:          2615376 kB
SwapCached:            0 kB
Active:          3856116 kB
Inactive:        1113324 kB
Active(anon):    2267400 kB
Inactive(anon):    65844 kB
Active(file):    1588716 kB
Inactive(file):  1047480 kB
Unevictable:        6100 kB
Mlocked:            5660 kB
SwapTotal:       4718584 kB
SwapFree:        4718584 kB
Dirty:               324 kB
Writeback:         16644 kB
AnonPages:       2311368 kB
Mapped:          1146076 kB
Shmem:             23392 kB
KReclaimable:     539720 kB
Slab:             334160 kB
SReclaimable:     103924 kB
SUnreclaim:       230236 kB
KernelStack:       50240 kB
ShadowCallStack:   12584 kB
PageTables:        74320 kB
NFS_Unstable:          0 kB
Bounce:                0 kB
WritebackTmp:          0 kB
CommitLimit:     8677876 kB
Committed_AS:   77370864 kB
VmallocTotal:   263061440 kB
VmallocUsed:      134496 kB
VmallocChunk:          0 kB
Percpu:             2448 kB
CmaTotal:         405504 kB
CmaFree:               0 kB
MemTotal:        7918588 kB
MemFree:          535196 kB
MemAvailable:    3320888 kB
Buffers:           48800 kB
Cached:          2615188 kB
SwapCached:            0 kB
Active:          3844148 kB
Inactive:        1113332 kB
Active(anon):    2255432 kB
Inactive(anon):    65852 kB
Active(file):    1588716 kB
Inactive(file):  1047480 kB
Unevictable:        6100 kB
Mlocked:            5660 kB
SwapTotal:       4718584 kB
SwapFree:        4718584 kB
Dirty:               296 kB
Writeback:             0 kB
AnonPages:       2299660 kB
Mapped:          1146148 kB
Shmem:             23204 kB
KReclaimable:     539720 kB
Slab:             334156 kB
SReclaimable:     103924 kB
SUnreclaim:       230232 kB
KernelStack:       50224 kB
ShadowCallStack:   12580 kB
PageTables:        74380 kB
NFS_Unstable:          0 kB
Bounce:                0 kB
WritebackTmp:          0 kB
CommitLimit:     8677876 kB
Committed_AS:   77370680 kB
VmallocTotal:   263061440 kB
VmallocUsed:      134504 kB
VmallocChunk:          0 kB
Percpu:             2448 kB
CmaTotal:         405504 kB
CmaFree:               0 kB
MemTotal:        7918588 kB
MemFree:          513420 kB
MemAvailable:    3299112 kB
Buffers:           48800 kB
Cached:          2615188 kB
SwapCached:            0 kB
Active:          3866288 kB
Inactive:        1113324 kB
Active(anon):    2277572 kB
Inactive(anon):    65844 kB
Active(file):    1588716 kB
Inactive(file):  1047480 kB
Unevictable:        6100 kB
Mlocked:            5660 kB
SwapTotal:       4718584 kB
SwapFree:        4718584 kB
Dirty:               296 kB
Writeback:             0 kB
AnonPages:       2321600 kB
Mapped:          1146520 kB
Shmem:             23204 kB
KReclaimable:     539720 kB
Slab:             334168 kB
SReclaimable:     103924 kB
SUnreclaim:       230244 kB
KernelStack:       50256 kB
ShadowCallStack:   12588 kB
PageTables:        74512 kB
NFS_Unstable:          0 kB
Bounce:                0 kB
WritebackTmp:          0 kB
CommitLimit:     8677876 kB
Committed_AS:   77436212 kB
VmallocTotal:   263061440 kB
VmallocUsed:      134524 kB
VmallocChunk:          0 kB
Percpu:             2448 kB
CmaTotal:         405504 kB
CmaFree:               0 kB
MemTotal:        7918588 kB
MemFree:          491552 kB
MemAvailable:    3277244 kB
Buffers:           48800 kB
Cached:          2615188 kB
SwapCached:            0 kB
Active:          3887712 kB
Inactive:        1113340 kB
Active(anon):    2298996 kB
Inactive(anon):    65860 kB
Active(file):    1588716 kB
Inactive(file):  1047480 kB
Unevictable:        6100 kB
Mlocked:            5660 kB
SwapTotal:       4718584 kB
SwapFree:        4718584 kB
Dirty:               424 kB
Writeback:             0 kB
AnonPages:       2343260 kB
Mapped:          1146504 kB
Shmem:             23204 kB
KReclaimable:     539720 kB
Slab:             334188 kB
SReclaimable:     103924 kB
SUnreclaim:       230264 kB
KernelStack:       50208 kB
ShadowCallStack:   12580 kB
PageTables:        74492 kB
NFS_Unstable:          0 kB
Bounce:                0 kB
WritebackTmp:          0 kB
CommitLimit:     8677876 kB
Committed_AS:   77485364 kB
VmallocTotal:   263061440 kB
VmallocUsed:      134520 kB
VmallocChunk:          0 kB
Percpu:             2448 kB
CmaTotal:         405504 kB
CmaFree:               0 kB
MemTotal:        7918588 kB
MemFree:          491076 kB
MemAvailable:    3276768 kB
Buffers:           48800 kB
Cached:          2615188 kB
SwapCached:            0 kB
Active:          3888080 kB
Inactive:        1113328 kB
Active(anon):    2299364 kB
Inactive(anon):    65848 kB
Active(file):    1588716 kB
Inactive(file):  1047480 kB
Unevictable:        6100 kB
Mlocked:            5660 kB
SwapTotal:       4718584 kB
SwapFree:        4718584 kB
Dirty:               424 kB
Writeback:             0 kB
AnonPages:       2343448 kB
Mapped:          1146348 kB
Shmem:             23204 kB
KReclaimable:     539720 kB
Slab:             334184 kB
SReclaimable:     103924 kB
SUnreclaim:       230260 kB
KernelStack:       50240 kB
ShadowCallStack:   12568 kB
PageTables:        74644 kB
NFS_Unstable:          0 kB
Bounce:                0 kB
WritebackTmp:          0 kB
CommitLimit:     8677876 kB
Committed_AS:   77485364 kB
VmallocTotal:   263061440 kB
VmallocUsed:      134524 kB
VmallocChunk:          0 kB
Percpu:             2448 kB
CmaTotal:         405504 kB
CmaFree:               0 kB
MemTotal:        7918588 kB
MemFree:          451288 kB
MemAvailable:    3236988 kB
Buffers:           48808 kB
Cached:          2615212 kB
SwapCached:            0 kB
Active:          3926896 kB
Inactive:        1113340 kB
Active(anon):    2338180 kB
Inactive(anon):    65852 kB
Active(file):    1588716 kB
Inactive(file):  1047488 kB
Unevictable:        6100 kB
Mlocked:            5660 kB
SwapTotal:       4718584 kB
SwapFree:        4718584 kB
Dirty:               472 kB
Writeback:             0 kB
AnonPages:       2382328 kB
Mapped:          1146856 kB
Shmem:             23228 kB
KReclaimable:     539720 kB
Slab:             334200 kB
SReclaimable:     103924 kB
SUnreclaim:       230276 kB
KernelStack:       50240 kB
ShadowCallStack:   12592 kB
PageTables:        74772 kB
NFS_Unstable:          0 kB
Bounce:                0 kB
WritebackTmp:          0 kB
CommitLimit:     8677876 kB
Committed_AS:   77583692 kB
VmallocTotal:   263061440 kB
VmallocUsed:      134528 kB
VmallocChunk:          0 kB
Percpu:             2448 kB
CmaTotal:         405504 kB
CmaFree:               0 kB
MemTotal:        7918588 kB
MemFree:          445788 kB
MemAvailable:    3231488 kB
Buffers:           48808 kB
Cached:          2615212 kB
SwapCached:            0 kB
Active:          3932264 kB
Inactive:        1113340 kB
Active(anon):    2343548 kB
Inactive(anon):    65852 kB
Active(file):    1588716 kB
Inactive(file):  1047488 kB
Unevictable:        6100 kB
Mlocked:            5660 kB
SwapTotal:       4718584 kB
SwapFree:        4718584 kB
Dirty:               472 kB
Writeback:             0 kB
AnonPages:       2387892 kB
Mapped:          1146872 kB
Shmem:             23228 kB
KReclaimable:     539720 kB
Slab:             334208 kB
SReclaimable:     103924 kB
SUnreclaim:       230284 kB
KernelStack:       50192 kB
ShadowCallStack:   12576 kB
PageTables:        74756 kB
NFS_Unstable:          0 kB
Bounce:                0 kB
WritebackTmp:          0 kB
CommitLimit:     8677876 kB
Committed_AS:   77600076 kB
VmallocTotal:   263061440 kB
VmallocUsed:      134508 kB
VmallocChunk:          0 kB
Percpu:             2448 kB
CmaTotal:         405504 kB
CmaFree:               0 kB
MemTotal:        7918588 kB
MemFree:          444344 kB
MemAvailable:    3230060 kB
Buffers:           48816 kB
Cached:          2615212 kB
SwapCached:            0 kB
Active:          3934480 kB
Inactive:        1113344 kB
Active(anon):    2345764 kB
Inactive(anon):    65848 kB
Active(file):    1588716 kB
Inactive(file):  1047496 kB
Unevictable:        6100 kB
Mlocked:            5660 kB
SwapTotal:       4718584 kB
SwapFree:        4718584 kB
Dirty:               472 kB
Writeback:             0 kB
AnonPages:       2389972 kB
Mapped:          1147004 kB
Shmem:             23228 kB
KReclaimable:     539728 kB
Slab:             334208 kB
SReclaimable:     103924 kB
SUnreclaim:       230284 kB
KernelStack:       50224 kB
ShadowCallStack:   12580 kB
PageTables:        74900 kB
NFS_Unstable:          0 kB
Bounce:                0 kB
WritebackTmp:          0 kB
CommitLimit:     8677876 kB
Committed_AS:   77600076 kB
VmallocTotal:   263061440 kB
VmallocUsed:      134528 kB
VmallocChunk:          0 kB
Percpu:             2448 kB
CmaTotal:         405504 kB
CmaFree:               0 kB
MemTotal:        7918588 kB
MemFree:          402828 kB
MemAvailable:    3188536 kB
Buffers:           48816 kB
Cached:          2615216 kB
SwapCached:            0 kB
Active:          3974272 kB
Inactive:        1113348 kB
Active(anon):    2385556 kB
Inactive(anon):    65852 kB
Active(file):    1588716 kB
Inactive(file):  1047496 kB
Unevictable:        6100 kB
Mlocked:            5660 kB
SwapTotal:       4718584 kB
SwapFree:        4718584 kB
Dirty:               472 kB
Writeback:             0 kB
AnonPages:       2429908 kB
Mapped:          1147400 kB
Shmem:             23232 kB
KReclaimable:     539720 kB
Slab:             334228 kB
SReclaimable:     103924 kB
SUnreclaim:       230304 kB
KernelStack:       50192 kB
ShadowCallStack:   12576 kB
PageTables:        74912 kB
NFS_Unstable:          0 kB
Bounce:                0 kB
WritebackTmp:          0 kB
CommitLimit:     8677876 kB
Committed_AS:   77682000 kB
VmallocTotal:   263061440 kB
VmallocUsed:      134524 kB
VmallocChunk:          0 kB
Percpu:             2448 kB
CmaTotal:         405504 kB
CmaFree:               0 kB
MemTotal:        7918588 kB
MemFree:          402676 kB
MemAvailable:    3188388 kB
Buffers:           48816 kB
Cached:          2615220 kB
SwapCached:            0 kB
Active:          3974800 kB
Inactive:        1113352 kB
Active(anon):    2386084 kB
Inactive(anon):    65852 kB
Active(file):    1588716 kB
Inactive(file):  1047500 kB
Unevictable:        6100 kB
Mlocked:            5660 kB
SwapTotal:       4718584 kB
SwapFree:        4718584 kB
Dirty:               472 kB
Writeback:             0 kB
AnonPages:       2430152 kB
Mapped:          1147548 kB
Shmem:             23232 kB
KReclaimable:     539720 kB
Slab:             334228 kB
SReclaimable:     103924 kB
SUnreclaim:       230304 kB
KernelStack:       50272 kB
ShadowCallStack:   12584 kB
PageTables:        75088 kB
NFS_Unstable:          0 kB
Bounce:                0 kB
WritebackTmp:          0 kB
CommitLimit:     8677876 kB
Committed_AS:   77682000 kB
VmallocTotal:   263061440 kB
VmallocUsed:      134508 kB
VmallocChunk:          0 kB
Percpu:             2448 kB
CmaTotal:         405504 kB
CmaFree:              40 kB
MemTotal:        7918588 kB
MemFree:          382324 kB
MemAvailable:    3168044 kB
Buffers:           48824 kB
Cached:          2615220 kB
SwapCached:            0 kB
Active:          3993916 kB
Inactive:        1113360 kB
Active(anon):    2405200 kB
Inactive(anon):    65852 kB
Active(file):    1588716 kB
Inactive(file):  1047508 kB
Unevictable:        6100 kB
Mlocked:            5660 kB
SwapTotal:       4718584 kB
SwapFree:        4718584 kB
Dirty:               504 kB
Writeback:             0 kB
AnonPages:       2449408 kB
Mapped:          1147700 kB
Shmem:             23232 kB
KReclaimable:     539720 kB
Slab:             334252 kB
SReclaimable:     103924 kB
SUnreclaim:       230328 kB
KernelStack:       50224 kB
ShadowCallStack:   12588 kB
PageTables:        75076 kB
NFS_Unstable:          0 kB
Bounce:                0 kB
WritebackTmp:          0 kB
CommitLimit:     8677876 kB
Committed_AS:   77747536 kB
VmallocTotal:   263061440 kB
VmallocUsed:      134512 kB
VmallocChunk:          0 kB
Percpu:             2448 kB
CmaTotal:         405504 kB
CmaFree:               0 kB
MemTotal:        7918588 kB
MemFree:          357424 kB
MemAvailable:    3143144 kB
Buffers:           48824 kB
Cached:          2615220 kB
SwapCached:            0 kB
Active:          4017880 kB
Inactive:        1113356 kB
Active(anon):    2429164 kB
Inactive(anon):    65848 kB
Active(file):    1588716 kB
Inactive(file):  1047508 kB
Unevictable:        6100 kB
Mlocked:            5660 kB
SwapTotal:       4718584 kB
SwapFree:        4718584 kB
Dirty:               488 kB
Writeback:             0 kB
AnonPages:       2473368 kB
Mapped:          1147936 kB
Shmem:             23232 kB
KReclaimable:     539720 kB
Slab:             334276 kB
SReclaimable:     103924 kB
SUnreclaim:       230352 kB
KernelStack:       50192 kB
ShadowCallStack:   12572 kB
PageTables:        75136 kB
NFS_Unstable:          0 kB
Bounce:                0 kB
WritebackTmp:          0 kB
CommitLimit:     8677876 kB
Committed_AS:   77796648 kB
VmallocTotal:   263061440 kB
VmallocUsed:      134516 kB
VmallocChunk:          0 kB
Percpu:             2448 kB
CmaTotal:         405504 kB
CmaFree:               0 kB
MemTotal:        7918588 kB
MemFree:          356864 kB
MemAvailable:    3142584 kB
Buffers:           48824 kB
Cached:          2615220 kB
SwapCached:            0 kB
Active:          4018020 kB
Inactive:        1113364 kB
Active(anon):    2429304 kB
Inactive(anon):    65856 kB
Active(file):    1588716 kB
Inactive(file):  1047508 kB
Unevictable:        6100 kB
Mlocked:            5660 kB
SwapTotal:       4718584 kB
SwapFree:        4718584 kB
Dirty:               408 kB
Writeback:             0 kB
AnonPages:       2473408 kB
Mapped:          1147984 kB
Shmem:             23232 kB
KReclaimable:     539720 kB
Slab:             334244 kB
SReclaimable:     103924 kB
SUnreclaim:       230320 kB
KernelStack:       50272 kB
ShadowCallStack:   12584 kB
PageTables:        75344 kB
NFS_Unstable:          0 kB
Bounce:                0 kB
WritebackTmp:          0 kB
CommitLimit:     8677876 kB
Committed_AS:   77796644 kB
VmallocTotal:   263061440 kB
VmallocUsed:      134492 kB
VmallocChunk:          0 kB
Percpu:             2448 kB
CmaTotal:         405504 kB
CmaFree:               0 kB
MemTotal:        7918588 kB
MemFree:          324988 kB
MemAvailable:    3110708 kB
Buffers:           48824 kB
Cached:          2615220 kB
SwapCached:            0 kB
Active:          4050780 kB
Inactive:        1113360 kB
Active(anon):    2462064 kB
Inactive(anon):    65852 kB
Active(file):    1588716 kB
Inactive(file):  1047508 kB
Unevictable:        6100 kB
Mlocked:            5660 kB
SwapTotal:       4718584 kB
SwapFree:        4718584 kB
Dirty:               408 kB
Writeback:             0 kB
AnonPages:       2506304 kB
Mapped:          1148144 kB
Shmem:             23232 kB
KReclaimable:     539720 kB
Slab:             334284 kB
SReclaimable:     103924 kB
SUnreclaim:       230360 kB
KernelStack:       50224 kB
ShadowCallStack:   12580 kB
PageTables:        75380 kB
NFS_Unstable:          0 kB
Bounce:                0 kB
WritebackTmp:          0 kB
CommitLimit:     8677876 kB
Committed_AS:   77878564 kB
VmallocTotal:   263061440 kB
VmallocUsed:      134512 kB
VmallocChunk:          0 kB
Percpu:             2448 kB
CmaTotal:         405504 kB
CmaFree:               0 kB
MemTotal:        7918588 kB
MemFree:          313676 kB
MemAvailable:    3099396 kB
Buffers:           48824 kB
Cached:          2615220 kB
SwapCached:            0 kB
Active:          4061176 kB
Inactive:        1113352 kB
Active(anon):    2472460 kB
Inactive(anon):    65844 kB
Active(file):    1588716 kB
Inactive(file):  1047508 kB
Unevictable:        6100 kB
Mlocked:            5660 kB
SwapTotal:       4718584 kB
SwapFree:        4718584 kB
Dirty:               408 kB
Writeback:             0 kB
AnonPages:       2516728 kB
Mapped:          1148192 kB
Shmem:             23232 kB
KReclaimable:     539720 kB
Slab:             334300 kB
SReclaimable:     103924 kB
SUnreclaim:       230376 kB
KernelStack:       50224 kB
ShadowCallStack:   12580 kB
PageTables:        75432 kB
NFS_Unstable:          0 kB
Bounce:                0 kB
WritebackTmp:          0 kB
CommitLimit:     8677876 kB
Committed_AS:   77894948 kB
VmallocTotal:   263061440 kB
VmallocUsed:      134512 kB
VmallocChunk:          0 kB
Percpu:             2448 kB
CmaTotal:         405504 kB
CmaFree:               0 kB
MemTotal:        7918588 kB
MemFree:          275180 kB
MemAvailable:    2939324 kB
Buffers:           48832 kB
Cached:          2615268 kB
SwapCached:            0 kB
Active:          4099556 kB
Inactive:        1113360 kB
Active(anon):    2510840 kB
Inactive(anon):    65852 kB
Active(file):    1588716 kB
Inactive(file):  1047508 kB
Unevictable:        6100 kB
Mlocked:            5660 kB
SwapTotal:       4718584 kB
SwapFree:        4718584 kB
Dirty:               420 kB
Writeback:             0 kB
AnonPages:       2554972 kB
Mapped:          1148860 kB
Shmem:             23288 kB
KReclaimable:     418144 kB
Slab:             334356 kB
SReclaimable:     103924 kB
SUnreclaim:       230432 kB
KernelStack:       50320 kB
ShadowCallStack:   12588 kB
PageTables:        75436 kB
NFS_Unstable:          0 kB
Bounce:                0 kB
WritebackTmp:          0 kB
CommitLimit:     8677876 kB
Committed_AS:   77911732 kB
VmallocTotal:   263061440 kB
VmallocUsed:      134676 kB
VmallocChunk:          0 kB
Percpu:             2448 kB
CmaTotal:         405504 kB
CmaFree:               0 kB
MemTotal:        7918588 kB
MemFree:          269928 kB
MemAvailable:    3055656 kB
Buffers:           48832 kB
Cached:          2615228 kB
SwapCached:            0 kB
Active:          4103352 kB
Inactive:        1113364 kB
Active(anon):    2514636 kB
Inactive(anon):    65848 kB
Active(file):    1588716 kB
Inactive(file):  1047516 kB
Unevictable:        6100 kB
Mlocked:            5660 kB
SwapTotal:       4718584 kB
SwapFree:        4718584 kB
Dirty:               436 kB
Writeback:             0 kB
AnonPages:       2558772 kB
Mapped:          1148776 kB
Shmem:             23240 kB
KReclaimable:     539720 kB
Slab:             334360 kB
SReclaimable:     103924 kB
SUnreclaim:       230436 kB
KernelStack:       50208 kB
ShadowCallStack:   12576 kB
PageTables:        75520 kB
NFS_Unstable:          0 kB
Bounce:                0 kB
WritebackTmp:          0 kB
CommitLimit:     8677876 kB
Committed_AS:   77993260 kB
VmallocTotal:   263061440 kB
VmallocUsed:      134504 kB
VmallocChunk:          0 kB
Percpu:             2448 kB
CmaTotal:         405504 kB
CmaFree:               0 kB
MemTotal:        7918588 kB
MemFree:          269952 kB
MemAvailable:    3055688 kB
Buffers:           48840 kB
Cached:          2615228 kB
SwapCached:            0 kB
Active:          4103456 kB
Inactive:        1113368 kB
Active(anon):    2514740 kB
Inactive(anon):    65844 kB
Active(file):    1588716 kB
Inactive(file):  1047524 kB
Unevictable:        6100 kB
Mlocked:            5660 kB
SwapTotal:       4718584 kB
SwapFree:        4718584 kB
Dirty:               440 kB
Writeback:             0 kB
AnonPages:       2558964 kB
Mapped:          1148616 kB
Shmem:             23240 kB
KReclaimable:     539720 kB
Slab:             334360 kB
SReclaimable:     103924 kB
SUnreclaim:       230436 kB
KernelStack:       50256 kB
ShadowCallStack:   12580 kB
PageTables:        75544 kB
NFS_Unstable:          0 kB
Bounce:                0 kB
WritebackTmp:          0 kB
CommitLimit:     8677876 kB
Committed_AS:   77993260 kB
VmallocTotal:   263061440 kB
VmallocUsed:      134508 kB
VmallocChunk:          0 kB
Percpu:             2448 kB
CmaTotal:         405504 kB
CmaFree:               0 kB
MemTotal:        7918588 kB
MemFree:          259364 kB
MemAvailable:    3045100 kB
Buffers:           48840 kB
Cached:          2615212 kB
SwapCached:            0 kB
Active:          4117876 kB
Inactive:        1113376 kB
Active(anon):    2529160 kB
Inactive(anon):    65852 kB
Active(file):    1588716 kB
Inactive(file):  1047524 kB
Unevictable:        6100 kB
Mlocked:            5660 kB
SwapTotal:       4718584 kB
SwapFree:        4718584 kB
Dirty:               440 kB
Writeback:             0 kB
AnonPages:       2573328 kB
Mapped:          1148896 kB
Shmem:             23224 kB
KReclaimable:     539720 kB
Slab:             333868 kB
SReclaimable:     103924 kB
SUnreclaim:       229944 kB
KernelStack:       49968 kB
ShadowCallStack:   12524 kB
PageTables:        74992 kB
NFS_Unstable:          0 kB
Bounce:                0 kB
WritebackTmp:          0 kB
CommitLimit:     8677876 kB
Committed_AS:   76734628 kB
VmallocTotal:   263061440 kB
VmallocUsed:      134216 kB
VmallocChunk:          0 kB
Percpu:             2448 kB
CmaTotal:         405504 kB
CmaFree:               0 kB
MemTotal:        7918588 kB
MemFree:          233860 kB
MemAvailable:    3019596 kB
Buffers:           48840 kB
Cached:          2615212 kB
SwapCached:            0 kB
Active:          4141460 kB
Inactive:        1113376 kB
Active(anon):    2552744 kB
Inactive(anon):    65852 kB
Active(file):    1588716 kB
Inactive(file):  1047524 kB
Unevictable:        6100 kB
Mlocked:            5660 kB
SwapTotal:       4718584 kB
SwapFree:        4718584 kB
Dirty:               440 kB
Writeback:             0 kB
AnonPages:       2596996 kB
Mapped:          1148956 kB
Shmem:             23224 kB
KReclaimable:     539720 kB
Slab:             333824 kB
SReclaimable:     103924 kB
SUnreclaim:       229900 kB
KernelStack:       49984 kB
ShadowCallStack:   12512 kB
PageTables:        75072 kB
NFS_Unstable:          0 kB
Bounce:                0 kB
WritebackTmp:          0 kB
CommitLimit:     8677876 kB
Committed_AS:   76767396 kB
VmallocTotal:   263061440 kB
VmallocUsed:      134184 kB
VmallocChunk:          0 kB
Percpu:             2448 kB
CmaTotal:         405504 kB
CmaFree:              48 kB
MemTotal:        7918588 kB
MemFree:          232152 kB
MemAvailable:    3017892 kB
Buffers:           48848 kB
Cached:          2615208 kB
SwapCached:            0 kB
Active:          4141848 kB
Inactive:        1113384 kB
Active(anon):    2553132 kB
Inactive(anon):    65856 kB
Active(file):    1588716 kB
Inactive(file):  1047528 kB
Unevictable:        6100 kB
Mlocked:            5660 kB
SwapTotal:       4718584 kB
SwapFree:        4718584 kB
Dirty:               476 kB
Writeback:             0 kB
AnonPages:       2597496 kB
Mapped:          1149128 kB
Shmem:             23224 kB
KReclaimable:     539720 kB
Slab:             333820 kB
SReclaimable:     103924 kB
SUnreclaim:       229896 kB
KernelStack:       49968 kB
ShadowCallStack:   12500 kB
PageTables:        75140 kB
NFS_Unstable:          0 kB
Bounce:                0 kB
WritebackTmp:          0 kB
CommitLimit:     8677876 kB
Committed_AS:   76767396 kB
VmallocTotal:   263061440 kB
VmallocUsed:      134200 kB
VmallocChunk:          0 kB
Percpu:             2448 kB
CmaTotal:         405504 kB
CmaFree:               0 kB
MemTotal:        7918588 kB
MemFree:          191824 kB
MemAvailable:    2977568 kB
Buffers:           48848 kB
Cached:          2615232 kB
SwapCached:            0 kB
Active:          4182340 kB
Inactive:        1113380 kB
Active(anon):    2593624 kB
Inactive(anon):    65848 kB
Active(file):    1588716 kB
Inactive(file):  1047532 kB
Unevictable:        6100 kB
Mlocked:            5660 kB
SwapTotal:       4718584 kB
SwapFree:        4718584 kB
Dirty:               476 kB
Writeback:             0 kB
AnonPages:       2637796 kB
Mapped:          1149324 kB
Shmem:             23244 kB
KReclaimable:     539720 kB
Slab:             333828 kB
SReclaimable:     103924 kB
SUnreclaim:       229904 kB
KernelStack:       49968 kB
ShadowCallStack:   12524 kB
PageTables:        75228 kB
NFS_Unstable:          0 kB
Bounce:                0 kB
WritebackTmp:          0 kB
CommitLimit:     8677876 kB
Committed_AS:   76865720 kB
VmallocTotal:   263061440 kB
VmallocUsed:      134196 kB
VmallocChunk:          0 kB
Percpu:             2448 kB
CmaTotal:         405504 kB
CmaFree:               0 kB
MemTotal:        7918588 kB
MemFree:          189332 kB
MemAvailable:    2975076 kB
Buffers:           48848 kB
Cached:          2615236 kB
SwapCached:            0 kB
Active:          4184776 kB
Inactive:        1113388 kB
Active(anon):    2596060 kB
Inactive(anon):    65856 kB
Active(file):    1588716 kB
Inactive(file):  1047532 kB
Unevictable:        6100 kB
Mlocked:            5660 kB
SwapTotal:       4718584 kB
SwapFree:        4718584 kB
Dirty:               476 kB
Writeback:             0 kB
AnonPages:       2640264 kB
Mapped:          1149700 kB
Shmem:             23248 kB
KReclaimable:     539720 kB
Slab:             333844 kB
SReclaimable:     103924 kB
SUnreclaim:       229920 kB
KernelStack:       50016 kB
ShadowCallStack:   12512 kB
PageTables:        75088 kB
NFS_Unstable:          0 kB
Bounce:                0 kB
WritebackTmp:          0 kB
CommitLimit:     8677876 kB
Committed_AS:   76865724 kB
VmallocTotal:   263061440 kB
VmallocUsed:      134184 kB
VmallocChunk:          0 kB
Percpu:             2448 kB
CmaTotal:         405504 kB
CmaFree:               0 kB
MemTotal:        7918588 kB
MemFree:          188868 kB
MemAvailable:    2974612 kB
Buffers:           48848 kB
Cached:          2615236 kB
SwapCached:            0 kB
Active:          4185920 kB
Inactive:        1113384 kB
Active(anon):    2597204 kB
Inactive(anon):    65852 kB
Active(file):    1588716 kB
Inactive(file):  1047532 kB
Unevictable:        6100 kB
Mlocked:            5660 kB
SwapTotal:       4718584 kB
SwapFree:        4718584 kB
Dirty:               480 kB
Writeback:             0 kB
AnonPages:       2641516 kB
Mapped:          1149612 kB
Shmem:             23248 kB
KReclaimable:     539720 kB
Slab:             333840 kB
SReclaimable:     103924 kB
SUnreclaim:       229916 kB
KernelStack:       50048 kB
ShadowCallStack:   12524 kB
PageTables:        75368 kB
NFS_Unstable:          0 kB
Bounce:                0 kB
WritebackTmp:          0 kB
CommitLimit:     8677876 kB
Committed_AS:   76865724 kB
VmallocTotal:   263061440 kB
VmallocUsed:      134196 kB
VmallocChunk:          0 kB
Percpu:             2448 kB
CmaTotal:         405504 kB
CmaFree:              24 kB
MemTotal:        7918588 kB
MemFree:          145996 kB
MemAvailable:    2931740 kB
Buffers:           48856 kB
Cached:          2615228 kB
SwapCached:            0 kB
Active:          4228028 kB
Inactive:        1113384 kB
Active(anon):    2639312 kB
Inactive(anon):    65852 kB
Active(file):    1588716 kB
Inactive(file):  1047532 kB
Unevictable:        6100 kB
Mlocked:            5660 kB
SwapTotal:       4718584 kB
SwapFree:        4718584 kB
Dirty:               480 kB
Writeback:             0 kB
AnonPages:       2683460 kB
Mapped:          1149844 kB
Shmem:             23248 kB
KReclaimable:     539720 kB
Slab:             333848 kB
SReclaimable:     103924 kB
SUnreclaim:       229924 kB
KernelStack:       49920 kB
ShadowCallStack:   12500 kB
PageTables:        75396 kB
NFS_Unstable:          0 kB
Bounce:                0 kB
WritebackTmp:          0 kB
CommitLimit:     8677876 kB
Committed_AS:   76980256 kB
VmallocTotal:   263061440 kB
VmallocUsed:      134136 kB
VmallocChunk:          0 kB
Percpu:             2448 kB
CmaTotal:         405504 kB
CmaFree:               0 kB
MemTotal:        7918588 kB
MemFree:          144676 kB
MemAvailable:    2930264 kB
Buffers:           48864 kB
Cached:          2615236 kB
SwapCached:            0 kB
Active:          4228416 kB
Inactive:        1113232 kB
Active(anon):    2639700 kB
Inactive(anon):    65856 kB
Active(file):    1588716 kB
Inactive(file):  1047376 kB
Unevictable:        6100 kB
Mlocked:            5660 kB
SwapTotal:       4718584 kB
SwapFree:        4718584 kB
Dirty:               492 kB
Writeback:             0 kB
AnonPages:       2683636 kB
Mapped:          1149872 kB
Shmem:             23248 kB
KReclaimable:     539720 kB
Slab:             333848 kB
SReclaimable:     103924 kB
SUnreclaim:       229924 kB
KernelStack:       49936 kB
ShadowCallStack:   12516 kB
PageTables:        75504 kB
NFS_Unstable:          0 kB
Bounce:                0 kB
WritebackTmp:          0 kB
CommitLimit:     8677876 kB
Committed_AS:   76980256 kB
VmallocTotal:   263061440 kB
VmallocUsed:      134140 kB
VmallocChunk:          0 kB
Percpu:             2448 kB
CmaTotal:         405504 kB
CmaFree:               0 kB
MemTotal:        7918588 kB
MemFree:          160024 kB
MemAvailable:    2912732 kB
Buffers:           48864 kB
Cached:          2601364 kB
SwapCached:            0 kB
Active:          4250764 kB
Inactive:        1094064 kB
Active(anon):    2656588 kB
Inactive(anon):    65852 kB
Active(file):    1594176 kB
Inactive(file):  1028212 kB
Unevictable:        6100 kB
Mlocked:            5660 kB
SwapTotal:       4718584 kB
SwapFree:        4718584 kB
Dirty:               492 kB
Writeback:             0 kB
AnonPages:       2700752 kB
Mapped:          1145992 kB
Shmem:             23252 kB
KReclaimable:     520544 kB
Slab:             316904 kB
SReclaimable:      87308 kB
SUnreclaim:       229596 kB
KernelStack:       49824 kB
ShadowCallStack:   12480 kB
PageTables:        75620 kB
NFS_Unstable:          0 kB
Bounce:                0 kB
WritebackTmp:          0 kB
CommitLimit:     8677876 kB
Committed_AS:   77012664 kB
VmallocTotal:   263061440 kB
VmallocUsed:      134000 kB
VmallocChunk:          0 kB
Percpu:             2448 kB
CmaTotal:         405504 kB
CmaFree:               0 kB
MemTotal:        7918588 kB
MemFree:          153440 kB
MemAvailable:    2888156 kB
Buffers:           48864 kB
Cached:          2587316 kB
SwapCached:            0 kB
Active:          4281188 kB
Inactive:        1074288 kB
Active(anon):    2681296 kB
Inactive(anon):    65844 kB
Active(file):    1599892 kB
Inactive(file):  1008444 kB
Unevictable:        6100 kB
Mlocked:            5660 kB
SwapTotal:       4718584 kB
SwapFree:        4718584 kB
Dirty:               424 kB
Writeback:             0 kB
AnonPages:       2725588 kB
Mapped:          1144588 kB
Shmem:             23256 kB
KReclaimable:     516604 kB
Slab:             315576 kB
SReclaimable:      85984 kB
SUnreclaim:       229592 kB
KernelStack:       49776 kB
ShadowCallStack:   12472 kB
PageTables:        75504 kB
NFS_Unstable:          0 kB
Bounce:                0 kB
WritebackTmp:          0 kB
CommitLimit:     8677876 kB
Committed_AS:   77061820 kB
VmallocTotal:   263061440 kB
VmallocUsed:      134000 kB
VmallocChunk:          0 kB
Percpu:             2448 kB
CmaTotal:         405504 kB
CmaFree:               0 kB
MemTotal:        7918588 kB
MemFree:          152564 kB
MemAvailable:    2887280 kB
Buffers:           48864 kB
Cached:          2587316 kB
SwapCached:            0 kB
Active:          4281508 kB
Inactive:        1074292 kB
Active(anon):    2681616 kB
Inactive(anon):    65848 kB
Active(file):    1599892 kB
Inactive(file):  1008444 kB
Unevictable:        6100 kB
Mlocked:            5660 kB
SwapTotal:       4718584 kB
SwapFree:        4718584 kB
Dirty:               428 kB
Writeback:             0 kB
AnonPages:       2725648 kB
Mapped:          1144632 kB
Shmem:             23256 kB
KReclaimable:     516604 kB
Slab:             315576 kB
SReclaimable:      85984 kB
SUnreclaim:       229592 kB
KernelStack:       49824 kB
ShadowCallStack:   12476 kB
PageTables:        75776 kB
NFS_Unstable:          0 kB
Bounce:                0 kB
WritebackTmp:          0 kB
CommitLimit:     8677876 kB
Committed_AS:   77061820 kB
VmallocTotal:   263061440 kB
VmallocUsed:      134000 kB
VmallocChunk:          0 kB
Percpu:             2448 kB
CmaTotal:         405504 kB
CmaFree:               0 kB
MemTotal:        7918588 kB
MemFree:          147380 kB
MemAvailable:    2847796 kB
Buffers:           48864 kB
Cached:          2557152 kB
SwapCached:            0 kB
Active:          4321592 kB
Inactive:        1043764 kB
Active(anon):    2721340 kB
Inactive(anon):    65848 kB
Active(file):    1600252 kB
Inactive(file):   977916 kB
Unevictable:        6100 kB
Mlocked:            5660 kB
SwapTotal:       4718584 kB
SwapFree:        4718584 kB
Dirty:               428 kB
Writeback:             0 kB
AnonPages:       2765492 kB
Mapped:          1144828 kB
Shmem:             23260 kB
KReclaimable:     512472 kB
Slab:             315572 kB
SReclaimable:      85948 kB
SUnreclaim:       229624 kB
KernelStack:       49728 kB
ShadowCallStack:   12456 kB
PageTables:        75972 kB
NFS_Unstable:          0 kB
Bounce:                0 kB
WritebackTmp:          0 kB
CommitLimit:     8677876 kB
Committed_AS:   77159816 kB
VmallocTotal:   263061440 kB
VmallocUsed:      133876 kB
VmallocChunk:          0 kB
Percpu:             2448 kB
CmaTotal:         405504 kB
CmaFree:               0 kB
MemTotal:        7918588 kB
MemFree:          149180 kB
MemAvailable:    2844796 kB
Buffers:           48872 kB
Cached:          2552860 kB
SwapCached:            0 kB
Active:          4324296 kB
Inactive:        1039204 kB
Active(anon):    2723780 kB
Inactive(anon):    65840 kB
Active(file):    1600516 kB
Inactive(file):   973364 kB
Unevictable:        6100 kB
Mlocked:            5660 kB
SwapTotal:       4718584 kB
SwapFree:        4718584 kB
Dirty:               436 kB
Writeback:             0 kB
AnonPages:       2767944 kB
Mapped:          1144864 kB
Shmem:             23264 kB
KReclaimable:     511960 kB
Slab:             315576 kB
SReclaimable:      85948 kB
SUnreclaim:       229628 kB
KernelStack:       49696 kB
ShadowCallStack:   12444 kB
PageTables:        75788 kB
NFS_Unstable:          0 kB
Bounce:                0 kB
WritebackTmp:          0 kB
CommitLimit:     8677876 kB
Committed_AS:   77176156 kB
VmallocTotal:   263061440 kB
VmallocUsed:      133828 kB
VmallocChunk:          0 kB
Percpu:             2448 kB
CmaTotal:         405504 kB
CmaFree:             212 kB
MemTotal:        7918588 kB
MemFree:          148220 kB
MemAvailable:    2843836 kB
Buffers:           48872 kB
Cached:          2552864 kB
SwapCached:            0 kB
Active:          4325980 kB
Inactive:        1039220 kB
Active(anon):    2725464 kB
Inactive(anon):    65852 kB
Active(file):    1600516 kB
Inactive(file):   973368 kB
Unevictable:        6100 kB
Mlocked:            5660 kB
SwapTotal:       4718584 kB
SwapFree:        4718584 kB
Dirty:                96 kB
Writeback:             0 kB
AnonPages:       2769592 kB
Mapped:          1144924 kB
Shmem:             23264 kB
KReclaimable:     511956 kB
Slab:             315508 kB
SReclaimable:      85944 kB
SUnreclaim:       229564 kB
KernelStack:       49696 kB
ShadowCallStack:   12436 kB
PageTables:        75740 kB
NFS_Unstable:          0 kB
Bounce:                0 kB
WritebackTmp:          0 kB
CommitLimit:     8677876 kB
Committed_AS:   77176048 kB
VmallocTotal:   263061440 kB
VmallocUsed:      133804 kB
VmallocChunk:          0 kB
Percpu:             2448 kB
CmaTotal:         405504 kB
CmaFree:             128 kB
MemTotal:        7918588 kB
MemFree:          146992 kB
MemAvailable:    2800752 kB
Buffers:           48872 kB
Cached:          2518116 kB
SwapCached:            0 kB
Active:          4388680 kB
Inactive:         983340 kB
Active(anon):    2766972 kB
Inactive(anon):    65852 kB
Active(file):    1621708 kB
Inactive(file):   917488 kB
Unevictable:        6100 kB
Mlocked:            5660 kB
SwapTotal:       4718584 kB
SwapFree:        4718584 kB
Dirty:                32 kB
Writeback:             0 kB
AnonPages:       2811060 kB
Mapped:          1140752 kB
Shmem:             23264 kB
KReclaimable:     504788 kB
Slab:             315528 kB
SReclaimable:      85944 kB
SUnreclaim:       229584 kB
KernelStack:       49696 kB
ShadowCallStack:   12440 kB
PageTables:        75908 kB
NFS_Unstable:          0 kB
Bounce:                0 kB
WritebackTmp:          0 kB
CommitLimit:     8677876 kB
Committed_AS:   77257968 kB
VmallocTotal:   263061440 kB
VmallocUsed:      133816 kB
VmallocChunk:          0 kB
Percpu:             2448 kB
CmaTotal:         405504 kB
CmaFree:               0 kB
MemTotal:        7918588 kB
MemFree:          147700 kB
MemAvailable:    2801384 kB
Buffers:           48872 kB
Cached:          2518100 kB
SwapCached:            0 kB
Active:          4388940 kB
Inactive:         983260 kB
Active(anon):    2767228 kB
Inactive(anon):    65852 kB
Active(file):    1621712 kB
Inactive(file):   917408 kB
Unevictable:        6100 kB
Mlocked:            5660 kB
SwapTotal:       4718584 kB
SwapFree:        4718584 kB
Dirty:                56 kB
Writeback:             0 kB
AnonPages:       2811212 kB
Mapped:          1140724 kB
Shmem:             23264 kB
KReclaimable:     504788 kB
Slab:             315444 kB
SReclaimable:      85944 kB
SUnreclaim:       229500 kB
KernelStack:       49712 kB
ShadowCallStack:   12444 kB
PageTables:        76068 kB
NFS_Unstable:          0 kB
Bounce:                0 kB
WritebackTmp:          0 kB
CommitLimit:     8677876 kB
Committed_AS:   77257968 kB
VmallocTotal:   263061440 kB
VmallocUsed:      133800 kB
VmallocChunk:          0 kB
Percpu:             2448 kB
CmaTotal:         405504 kB
CmaFree:              16 kB
MemTotal:        7918588 kB
MemFree:          146800 kB
MemAvailable:    2781408 kB
Buffers:           48872 kB
Cached:          2504144 kB
SwapCached:            0 kB
Active:          4433944 kB
Inactive:         943916 kB
Active(anon):    2786844 kB
Inactive(anon):    65852 kB
Active(file):    1647100 kB
Inactive(file):   878064 kB
Unevictable:        6100 kB
Mlocked:            5660 kB
SwapTotal:       4718584 kB
SwapFree:        4718584 kB
Dirty:                56 kB
Writeback:             0 kB
AnonPages:       2831148 kB
Mapped:          1135020 kB
Shmem:             23264 kB
KReclaimable:     499668 kB
Slab:             315452 kB
SReclaimable:      85944 kB
SUnreclaim:       229508 kB
KernelStack:       49648 kB
ShadowCallStack:   12436 kB
PageTables:        75764 kB
NFS_Unstable:          0 kB
Bounce:                0 kB
WritebackTmp:          0 kB
CommitLimit:     8677876 kB
Committed_AS:   77323504 kB
VmallocTotal:   263061440 kB
VmallocUsed:      133816 kB
VmallocChunk:          0 kB
Percpu:             2448 kB
CmaTotal:         405504 kB
CmaFree:               4 kB
MemTotal:        7918588 kB
MemFree:          149252 kB
MemAvailable:    2757044 kB
Buffers:           48760 kB
Cached:          2481540 kB
SwapCached:            0 kB
Active:          4463304 kB
Inactive:         914864 kB
Active(anon):    2809876 kB
Inactive(anon):    65848 kB
Active(file):    1653428 kB
Inactive(file):   849016 kB
Unevictable:        6100 kB
Mlocked:            5660 kB
SwapTotal:       4718584 kB
SwapFree:        4718584 kB
Dirty:                92 kB
Writeback:             0 kB
AnonPages:       2854200 kB
Mapped:          1132008 kB
Shmem:             23268 kB
KReclaimable:     495572 kB
Slab:             315468 kB
SReclaimable:      85944 kB
SUnreclaim:       229524 kB
KernelStack:       49680 kB
ShadowCallStack:   12444 kB
PageTables:        76628 kB
NFS_Unstable:          0 kB
Bounce:                0 kB
WritebackTmp:          0 kB
CommitLimit:     8677876 kB
Committed_AS:   77356172 kB
VmallocTotal:   263061440 kB
VmallocUsed:      133780 kB
VmallocChunk:          0 kB
Percpu:             2448 kB
CmaTotal:         405504 kB
CmaFree:               0 kB
MemTotal:        7918588 kB
MemFree:          149572 kB
MemAvailable:    2599768 kB
Buffers:           45880 kB
Cached:          2448272 kB
SwapCached:            0 kB
Active:          4513888 kB
Inactive:         866280 kB
Active(anon):    2848140 kB
Inactive(anon):    65852 kB
Active(file):    1665748 kB
Inactive(file):   800428 kB
Unevictable:        6100 kB
Mlocked:            5660 kB
SwapTotal:       4718584 kB
SwapFree:        4718584 kB
Dirty:                92 kB
Writeback:             0 kB
AnonPages:       2892212 kB
Mapped:          1132288 kB
Shmem:             23276 kB
KReclaimable:     374244 kB
Slab:             315324 kB
SReclaimable:      85768 kB
SUnreclaim:       229556 kB
KernelStack:       49712 kB
ShadowCallStack:   12440 kB
PageTables:        75920 kB
NFS_Unstable:          0 kB
Bounce:                0 kB
WritebackTmp:          0 kB
CommitLimit:     8677876 kB
Committed_AS:   77356572 kB
VmallocTotal:   263061440 kB
VmallocUsed:      133932 kB
VmallocChunk:          0 kB
Percpu:             2448 kB
CmaTotal:         405504 kB
CmaFree:               0 kB
MemTotal:        7918588 kB
MemFree:          147808 kB
MemAvailable:    2558072 kB
Buffers:           41920 kB
Cached:          2417308 kB
SwapCached:            0 kB
Active:          4556588 kB
Inactive:         827824 kB
Active(anon):    2887356 kB
Inactive(anon):    65852 kB
Active(file):    1669232 kB
Inactive(file):   761972 kB
Unevictable:        6100 kB
Mlocked:            5660 kB
SwapTotal:       4718584 kB
SwapFree:        4718584 kB
Dirty:                92 kB
Writeback:             0 kB
AnonPages:       2931244 kB
Mapped:          1132532 kB
Shmem:             23436 kB
KReclaimable:     369284 kB
Slab:             315224 kB
SReclaimable:      85608 kB
SUnreclaim:       229616 kB
KernelStack:       49760 kB
ShadowCallStack:   12464 kB
PageTables:        76488 kB
NFS_Unstable:          0 kB
Bounce:                0 kB
WritebackTmp:          0 kB
CommitLimit:     8677876 kB
Committed_AS:   77438496 kB
VmallocTotal:   263061440 kB
VmallocUsed:      133944 kB
VmallocChunk:          0 kB
Percpu:             2448 kB
CmaTotal:         405504 kB
CmaFree:               0 kB
MemTotal:        7918588 kB
MemFree:          188212 kB
MemAvailable:    2715668 kB
Buffers:           41860 kB
Cached:          2413336 kB
SwapCached:            0 kB
Active:          4520228 kB
Inactive:         823348 kB
Active(anon):    2850388 kB
Inactive(anon):    65856 kB
Active(file):    1669840 kB
Inactive(file):   757492 kB
Unevictable:        6100 kB
Mlocked:            5660 kB
SwapTotal:       4718584 kB
SwapFree:        4718584 kB
Dirty:                92 kB
Writeback:             0 kB
AnonPages:       2894596 kB
Mapped:          1131596 kB
Shmem:             23276 kB
KReclaimable:     490348 kB
Slab:             315140 kB
SReclaimable:      85608 kB
SUnreclaim:       229532 kB
KernelStack:       49648 kB
ShadowCallStack:   12436 kB
PageTables:        76116 kB
NFS_Unstable:          0 kB
Bounce:                0 kB
WritebackTmp:          0 kB
CommitLimit:     8677876 kB
Committed_AS:   77438100 kB
VmallocTotal:   263061440 kB
VmallocUsed:      133776 kB
VmallocChunk:          0 kB
Percpu:             2448 kB
CmaTotal:         405504 kB
CmaFree:             828 kB
MemTotal:        7918588 kB
MemFree:          185384 kB
MemAvailable:    2712840 kB
Buffers:           41868 kB
Cached:          2413332 kB
SwapCached:            0 kB
Active:          4524336 kB
Inactive:         823340 kB
Active(anon):    2854496 kB
Inactive(anon):    65844 kB
Active(file):    1669840 kB
Inactive(file):   757496 kB
Unevictable:        6100 kB
Mlocked:            5660 kB
SwapTotal:       4718584 kB
SwapFree:        4718584 kB
Dirty:                92 kB
Writeback:             0 kB
AnonPages:       2898552 kB
Mapped:          1131768 kB
Shmem:             23276 kB
KReclaimable:     490344 kB
Slab:             315136 kB
SReclaimable:      85604 kB
SUnreclaim:       229532 kB
KernelStack:       49632 kB
ShadowCallStack:   12436 kB
PageTables:        76428 kB
NFS_Unstable:          0 kB
Bounce:                0 kB
WritebackTmp:          0 kB
CommitLimit:     8677876 kB
Committed_AS:   77470868 kB
VmallocTotal:   263061440 kB
VmallocUsed:      133776 kB
VmallocChunk:          0 kB
Percpu:             2448 kB
CmaTotal:         405504 kB
CmaFree:             768 kB
MemTotal:        7918588 kB
MemFree:          145136 kB
MemAvailable:    2672608 kB
Buffers:           41876 kB
Cached:          2413340 kB
SwapCached:            0 kB
Active:          4563824 kB
Inactive:         823364 kB
Active(anon):    2893984 kB
Inactive(anon):    65852 kB
Active(file):    1669840 kB
Inactive(file):   757512 kB
Unevictable:        6100 kB
Mlocked:            5660 kB
SwapTotal:       4718584 kB
SwapFree:        4718584 kB
Dirty:               156 kB
Writeback:             0 kB
AnonPages:       2938244 kB
Mapped:          1132128 kB
Shmem:             23276 kB
KReclaimable:     490344 kB
Slab:             315164 kB
SReclaimable:      85604 kB
SUnreclaim:       229560 kB
KernelStack:       49632 kB
ShadowCallStack:   12420 kB
PageTables:        76584 kB
NFS_Unstable:          0 kB
Bounce:                0 kB
WritebackTmp:          0 kB
CommitLimit:     8677876 kB
Committed_AS:   77537428 kB
VmallocTotal:   263061440 kB
VmallocUsed:      133776 kB
VmallocChunk:          0 kB
Percpu:             2448 kB
CmaTotal:         405504 kB
CmaFree:               0 kB
MemTotal:        7918588 kB
MemFree:          147860 kB
MemAvailable:    2670468 kB
Buffers:           41876 kB
Cached:          2408988 kB
SwapCached:            0 kB
Active:          4564796 kB
Inactive:         819020 kB
Active(anon):    2894956 kB
Inactive(anon):    65860 kB
Active(file):    1669840 kB
Inactive(file):   753160 kB
Unevictable:        6100 kB
Mlocked:            5660 kB
SwapTotal:       4718584 kB
SwapFree:        4718584 kB
Dirty:               168 kB
Writeback:             0 kB
AnonPages:       2938808 kB
Mapped:          1132220 kB
Shmem:             23276 kB
KReclaimable:     489832 kB
Slab:             315164 kB
SReclaimable:      85604 kB
SUnreclaim:       229560 kB
KernelStack:       49664 kB
ShadowCallStack:   12440 kB
PageTables:        76696 kB
NFS_Unstable:          0 kB
Bounce:                0 kB
WritebackTmp:          0 kB
CommitLimit:     8677876 kB
Committed_AS:   77537428 kB
VmallocTotal:   263061440 kB
VmallocUsed:      133784 kB
VmallocChunk:          0 kB
Percpu:             2448 kB
CmaTotal:         405504 kB
CmaFree:             304 kB
MemTotal:        7918588 kB
MemFree:          145340 kB
MemAvailable:    2657412 kB
Buffers:           41728 kB
Cached:          2399628 kB
SwapCached:            0 kB
Active:          4579368 kB
Inactive:         809060 kB
Active(anon):    2909084 kB
Inactive(anon):    65852 kB
Active(file):    1670284 kB
Inactive(file):   743208 kB
Unevictable:        6100 kB
Mlocked:            5660 kB
SwapTotal:       4718584 kB
SwapFree:        4718584 kB
Dirty:               260 kB
Writeback:             0 kB
AnonPages:       2953120 kB
Mapped:          1132128 kB
Shmem:             23276 kB
KReclaimable:     488804 kB
Slab:             315160 kB
SReclaimable:      85600 kB
SUnreclaim:       229560 kB
KernelStack:       49648 kB
ShadowCallStack:   12424 kB
PageTables:        76880 kB
NFS_Unstable:          0 kB
Bounce:                0 kB
WritebackTmp:          0 kB
CommitLimit:     8677876 kB
Committed_AS:   77586580 kB
VmallocTotal:   263061440 kB
VmallocUsed:      133756 kB
VmallocChunk:          0 kB
Percpu:             2448 kB
CmaTotal:         405504 kB
CmaFree:               8 kB
MemTotal:        7918588 kB
MemFree:          146132 kB
MemAvailable:    2628664 kB
Buffers:           38552 kB
Cached:          2377008 kB
SwapCached:            0 kB
Active:          4610824 kB
Inactive:         779576 kB
Active(anon):    2936856 kB
Inactive(anon):    65852 kB
Active(file):    1673968 kB
Inactive(file):   713724 kB
Unevictable:        6100 kB
Mlocked:            5660 kB
SwapTotal:       4718584 kB
SwapFree:        4718584 kB
Dirty:               284 kB
Writeback:             0 kB
AnonPages:       2981044 kB
Mapped:          1131692 kB
Shmem:             23280 kB
KReclaimable:     485064 kB
Slab:             315068 kB
SReclaimable:      85484 kB
SUnreclaim:       229584 kB
KernelStack:       49648 kB
ShadowCallStack:   12432 kB
PageTables:        76764 kB
NFS_Unstable:          0 kB
Bounce:                0 kB
WritebackTmp:          0 kB
CommitLimit:     8677876 kB
Committed_AS:   77652124 kB
VmallocTotal:   263061440 kB
VmallocUsed:      133776 kB
VmallocChunk:          0 kB
Percpu:             2448 kB
CmaTotal:         405504 kB
CmaFree:               0 kB
MemTotal:        7918588 kB
MemFree:          148684 kB
MemAvailable:    2626908 kB
Buffers:           37972 kB
Cached:          2373800 kB
SwapCached:            0 kB
Active:          4611416 kB
Inactive:         775424 kB
Active(anon):    2937092 kB
Inactive(anon):    65844 kB
Active(file):    1674324 kB
Inactive(file):   709580 kB
Unevictable:        6100 kB
Mlocked:            5660 kB
SwapTotal:       4718584 kB
SwapFree:        4718584 kB
Dirty:               284 kB
Writeback:             0 kB
AnonPages:       2981196 kB
Mapped:          1131560 kB
Shmem:             23280 kB
KReclaimable:     484544 kB
Slab:             315060 kB
SReclaimable:      85476 kB
SUnreclaim:       229584 kB
KernelStack:       49632 kB
ShadowCallStack:   12428 kB
PageTables:        76716 kB
NFS_Unstable:          0 kB
Bounce:                0 kB
WritebackTmp:          0 kB
CommitLimit:     8677876 kB
Committed_AS:   77652120 kB
VmallocTotal:   263061440 kB
VmallocUsed:      133780 kB
VmallocChunk:          0 kB
Percpu:             2448 kB
CmaTotal:         405504 kB
CmaFree:               4 kB
MemTotal:        7918588 kB
MemFree:          149368 kB
MemAvailable:    2587900 kB
Buffers:           23244 kB
Cached:          2353328 kB
SwapCached:            0 kB
Active:          4651816 kB
Inactive:         739216 kB
Active(anon):    2976604 kB
Inactive(anon):    65852 kB
Active(file):    1675212 kB
Inactive(file):   673364 kB
Unevictable:        6100 kB
Mlocked:            5660 kB
SwapTotal:       4718584 kB
SwapFree:        4718584 kB
Dirty:               300 kB
Writeback:             0 kB
AnonPages:       3020916 kB
Mapped:          1131816 kB
Shmem:             23280 kB
KReclaimable:     479676 kB
Slab:             314748 kB
SReclaimable:      85152 kB
SUnreclaim:       229596 kB
KernelStack:       49616 kB
ShadowCallStack:   12444 kB
PageTables:        76840 kB
NFS_Unstable:          0 kB
Bounce:                0 kB
WritebackTmp:          0 kB
CommitLimit:     8677876 kB
Committed_AS:   77734056 kB
VmallocTotal:   263061440 kB
VmallocUsed:      133756 kB
VmallocChunk:          0 kB
Percpu:             2448 kB
CmaTotal:         405504 kB
CmaFree:               0 kB
MemTotal:        7918588 kB
MemFree:          149012 kB
MemAvailable:    2582868 kB
Buffers:           23212 kB
Cached:          2349800 kB
SwapCached:            0 kB
Active:          4655248 kB
Inactive:         735784 kB
Active(anon):    2980036 kB
Inactive(anon):    65852 kB
Active(file):    1675212 kB
Inactive(file):   669932 kB
Unevictable:        6100 kB
Mlocked:            5660 kB
SwapTotal:       4718584 kB
SwapFree:        4718584 kB
Dirty:               304 kB
Writeback:             0 kB
AnonPages:       3024024 kB
Mapped:          1131812 kB
Shmem:             23280 kB
KReclaimable:     478936 kB
Slab:             314584 kB
SReclaimable:      84988 kB
SUnreclaim:       229596 kB
KernelStack:       49648 kB
ShadowCallStack:   12432 kB
PageTables:        76940 kB
NFS_Unstable:          0 kB
Bounce:                0 kB
WritebackTmp:          0 kB
CommitLimit:     8677876 kB
Committed_AS:   77734056 kB
VmallocTotal:   263061440 kB
VmallocUsed:      133764 kB
VmallocChunk:          0 kB
Percpu:             2448 kB
CmaTotal:         405504 kB
CmaFree:               0 kB
MemTotal:        7918588 kB
MemFree:          151376 kB
MemAvailable:    2580964 kB
Buffers:           23164 kB
Cached:          2345496 kB
SwapCached:            0 kB
Active:          4658792 kB
Inactive:         731432 kB
Active(anon):    2983580 kB
Inactive(anon):    65852 kB
Active(file):    1675212 kB
Inactive(file):   665580 kB
Unevictable:        6100 kB
Mlocked:            5660 kB
SwapTotal:       4718584 kB
SwapFree:        4718584 kB
Dirty:                92 kB
Writeback:             0 kB
AnonPages:       3027668 kB
Mapped:          1131776 kB
Shmem:             23280 kB
KReclaimable:     479020 kB
Slab:             315204 kB
SReclaimable:      85584 kB
SUnreclaim:       229620 kB
KernelStack:       49680 kB
ShadowCallStack:   12428 kB
PageTables:        76880 kB
NFS_Unstable:          0 kB
Bounce:                0 kB
WritebackTmp:          0 kB
CommitLimit:     8677876 kB
Committed_AS:   77766824 kB
VmallocTotal:   263061440 kB
VmallocUsed:      133764 kB
VmallocChunk:          0 kB
Percpu:             2448 kB
CmaTotal:         405504 kB
CmaFree:               0 kB
MemTotal:        7918588 kB
MemFree:          151452 kB
MemAvailable:    2542988 kB
Buffers:            8540 kB
Cached:          2326800 kB
SwapCached:            0 kB
Active:          4694816 kB
Inactive:         698068 kB
Active(anon):    3019560 kB
Inactive(anon):    65852 kB
Active(file):    1675256 kB
Inactive(file):   632216 kB
Unevictable:        6100 kB
Mlocked:            5660 kB
SwapTotal:       4718584 kB
SwapFree:        4718584 kB
Dirty:               188 kB
Writeback:             0 kB
AnonPages:       3063780 kB
Mapped:          1132168 kB
Shmem:             23280 kB
KReclaimable:     474288 kB
Slab:             314092 kB
SReclaimable:      84436 kB
SUnreclaim:       229656 kB
KernelStack:       49648 kB
ShadowCallStack:   12436 kB
PageTables:        77216 kB
NFS_Unstable:          0 kB
Bounce:                0 kB
WritebackTmp:          0 kB
CommitLimit:     8677876 kB
Committed_AS:   77848744 kB
VmallocTotal:   263061440 kB
VmallocUsed:      133776 kB
VmallocChunk:          0 kB
Percpu:             2448 kB
CmaTotal:         405504 kB
CmaFree:               0 kB
MemTotal:        7918588 kB
MemFree:          149788 kB
MemAvailable:    2541456 kB
Buffers:            8540 kB
Cached:          2326956 kB
SwapCached:            0 kB
Active:          4695316 kB
Inactive:         698204 kB
Active(anon):    3020060 kB
Inactive(anon):    65856 kB
Active(file):    1675256 kB
Inactive(file):   632348 kB
Unevictable:        6100 kB
Mlocked:            5660 kB
SwapTotal:       4718584 kB
SwapFree:        4718584 kB
Dirty:               192 kB
Writeback:             0 kB
AnonPages:       3064112 kB
Mapped:          1132296 kB
Shmem:             23304 kB
KReclaimable:     474288 kB
Slab:             314084 kB
SReclaimable:      84436 kB
SUnreclaim:       229648 kB
KernelStack:       49632 kB
ShadowCallStack:   12428 kB
PageTables:        77292 kB
NFS_Unstable:          0 kB
Bounce:                0 kB
WritebackTmp:          0 kB
CommitLimit:     8677876 kB
Committed_AS:   77848768 kB
VmallocTotal:   263061440 kB
VmallocUsed:      133780 kB
VmallocChunk:          0 kB
Percpu:             2448 kB
CmaTotal:         405504 kB
CmaFree:               4 kB
MemTotal:        7918588 kB
MemFree:          151564 kB
MemAvailable:    2524016 kB
Buffers:            8420 kB
Cached:          2309780 kB
SwapCached:            0 kB
Active:          4714956 kB
Inactive:         680896 kB
Active(anon):    3039700 kB
Inactive(anon):    65844 kB
Active(file):    1675256 kB
Inactive(file):   615052 kB
Unevictable:        6100 kB
Mlocked:            5660 kB
SwapTotal:       4718584 kB
SwapFree:        4718584 kB
Dirty:               200 kB
Writeback:             0 kB
AnonPages:       3083596 kB
Mapped:          1132532 kB
Shmem:             23304 kB
KReclaimable:     472368 kB
Slab:             314092 kB
SReclaimable:      84436 kB
SUnreclaim:       229656 kB
KernelStack:       49648 kB
ShadowCallStack:   12432 kB
PageTables:        77252 kB
NFS_Unstable:          0 kB
Bounce:                0 kB
WritebackTmp:          0 kB
CommitLimit:     8677876 kB
Committed_AS:   77897924 kB
VmallocTotal:   263061440 kB
VmallocUsed:      133776 kB
VmallocChunk:          0 kB
Percpu:             2448 kB
CmaTotal:         405504 kB
CmaFree:               0 kB
MemTotal:        7918588 kB
MemFree:          152992 kB
MemAvailable:    2500904 kB
Buffers:            8256 kB
Cached:          2288108 kB
SwapCached:            0 kB
Active:          4735556 kB
Inactive:         659052 kB
Active(anon):    3060296 kB
Inactive(anon):    65852 kB
Active(file):    1675260 kB
Inactive(file):   593200 kB
Unevictable:        6100 kB
Mlocked:            5660 kB
SwapTotal:       4718584 kB
SwapFree:        4718584 kB
Dirty:               228 kB
Writeback:             0 kB
AnonPages:       3104320 kB
Mapped:          1132604 kB
Shmem:             23316 kB
KReclaimable:     469676 kB
Slab:             314088 kB
SReclaimable:      84432 kB
SUnreclaim:       229656 kB
KernelStack:       49616 kB
ShadowCallStack:   12436 kB
PageTables:        77360 kB
NFS_Unstable:          0 kB
Bounce:                0 kB
WritebackTmp:          0 kB
CommitLimit:     8677876 kB
Committed_AS:   77947084 kB
VmallocTotal:   263061440 kB
VmallocUsed:      133784 kB
VmallocChunk:          0 kB
Percpu:             2448 kB
CmaTotal:         405504 kB
CmaFree:               0 kB
MemTotal:        7918588 kB
MemFree:          151592 kB
MemAvailable:    2499512 kB
Buffers:            8256 kB
Cached:          2288116 kB
SwapCached:            0 kB
Active:          4735784 kB
Inactive:         659052 kB
Active(anon):    3060524 kB
Inactive(anon):    65844 kB
Active(file):    1675260 kB
Inactive(file):   593208 kB
Unevictable:        6100 kB
Mlocked:            5660 kB
SwapTotal:       4718584 kB
SwapFree:        4718584 kB
Dirty:               236 kB
Writeback:             0 kB
AnonPages:       3104576 kB
Mapped:          1132684 kB
Shmem:             23316 kB
KReclaimable:     469676 kB
Slab:             314176 kB
SReclaimable:      84432 kB
SUnreclaim:       229744 kB
KernelStack:       49616 kB
ShadowCallStack:   12436 kB
PageTables:        77208 kB
NFS_Unstable:          0 kB
Bounce:                0 kB
WritebackTmp:          0 kB
CommitLimit:     8677876 kB
Committed_AS:   77947084 kB
VmallocTotal:   263061440 kB
VmallocUsed:      133780 kB
VmallocChunk:          0 kB
Percpu:             2448 kB
CmaTotal:         405504 kB
CmaFree:               0 kB
MemTotal:        7918588 kB
MemFree:          149872 kB
MemAvailable:    2462280 kB
Buffers:            7700 kB
Cached:          2256772 kB
SwapCached:            0 kB
Active:          4773860 kB
Inactive:         627056 kB
Active(anon):    3098500 kB
Inactive(anon):    65852 kB
Active(file):    1675360 kB
Inactive(file):   561204 kB
Unevictable:        6100 kB
Mlocked:            5660 kB
SwapTotal:       4718584 kB
SwapFree:        4718584 kB
Dirty:                92 kB
Writeback:             0 kB
AnonPages:       3142644 kB
Mapped:          1133004 kB
Shmem:             23320 kB
KReclaimable:     466068 kB
Slab:             314108 kB
SReclaimable:      84408 kB
SUnreclaim:       229700 kB
KernelStack:       49632 kB
ShadowCallStack:   12432 kB
PageTables:        77596 kB
NFS_Unstable:          0 kB
Bounce:                0 kB
WritebackTmp:          0 kB
CommitLimit:     8677876 kB
Committed_AS:   78045396 kB
VmallocTotal:   263061440 kB
VmallocUsed:      133780 kB
VmallocChunk:          0 kB
Percpu:             2448 kB
CmaTotal:         405504 kB
CmaFree:               0 kB
MemTotal:        7918588 kB
MemFree:          152952 kB
MemAvailable:    2455472 kB
Buffers:            7440 kB
Cached:          2248336 kB
SwapCached:            0 kB
Active:          4778908 kB
Inactive:         618364 kB
Active(anon):    3103548 kB
Inactive(anon):    65856 kB
Active(file):    1675360 kB
Inactive(file):   552508 kB
Unevictable:        6100 kB
Mlocked:            5660 kB
SwapTotal:       4718584 kB
SwapFree:        4718584 kB
Dirty:                92 kB
Writeback:             0 kB
AnonPages:       3147500 kB
Mapped:          1133092 kB
Shmem:             23320 kB
KReclaimable:     464876 kB
Slab:             313960 kB
SReclaimable:      84240 kB
SUnreclaim:       229720 kB
KernelStack:       49632 kB
ShadowCallStack:   12436 kB
PageTables:        77684 kB
NFS_Unstable:          0 kB
Bounce:                0 kB
WritebackTmp:          0 kB
CommitLimit:     8677876 kB
Committed_AS:   78045396 kB
VmallocTotal:   263061440 kB
VmallocUsed:      133780 kB
VmallocChunk:          0 kB
Percpu:             2448 kB
CmaTotal:         405504 kB
CmaFree:               0 kB
MemTotal:        7918588 kB
MemFree:          156908 kB
MemAvailable:    2450296 kB
Buffers:            7312 kB
Cached:          2240400 kB
SwapCached:            0 kB
Active:          4782684 kB
Inactive:         610280 kB
Active(anon):    3107320 kB
Inactive(anon):    65852 kB
Active(file):    1675364 kB
Inactive(file):   544428 kB
Unevictable:        6100 kB
Mlocked:            5660 kB
SwapTotal:       4718584 kB
SwapFree:        4718584 kB
Dirty:               244 kB
Writeback:            68 kB
AnonPages:       3151392 kB
Mapped:          1132636 kB
Shmem:             23332 kB
KReclaimable:     463820 kB
Slab:             313896 kB
SReclaimable:      84208 kB
SUnreclaim:       229688 kB
KernelStack:       49696 kB
ShadowCallStack:   12460 kB
PageTables:        77412 kB
NFS_Unstable:          0 kB
Bounce:                0 kB
WritebackTmp:          0 kB
CommitLimit:     8677876 kB
Committed_AS:   78044564 kB
VmallocTotal:   263061440 kB
VmallocUsed:      133848 kB
VmallocChunk:          0 kB
Percpu:             2448 kB
CmaTotal:         405504 kB
CmaFree:               0 kB
MemTotal:        7918588 kB
MemFree:          170200 kB
MemAvailable:    2403592 kB
Buffers:            6384 kB
Cached:          2197716 kB
SwapCached:            0 kB
Active:          4839912 kB
Inactive:         550480 kB
Active(anon):    3148376 kB
Inactive(anon):    65848 kB
Active(file):    1691536 kB
Inactive(file):   484632 kB
Unevictable:        6100 kB
Mlocked:            5660 kB
SwapTotal:       4718584 kB
SwapFree:        4718584 kB
Dirty:               420 kB
Writeback:             0 kB
AnonPages:       3192416 kB
Mapped:          1131816 kB
Shmem:             23344 kB
KReclaimable:     455640 kB
Slab:             312920 kB
SReclaimable:      83196 kB
SUnreclaim:       229724 kB
KernelStack:       49728 kB
ShadowCallStack:   12456 kB
PageTables:        77668 kB
NFS_Unstable:          0 kB
Bounce:                0 kB
WritebackTmp:          0 kB
CommitLimit:     8677876 kB
Committed_AS:   78142880 kB
VmallocTotal:   263061440 kB
VmallocUsed:      133872 kB
VmallocChunk:          0 kB
Percpu:             2448 kB
CmaTotal:         405504 kB
CmaFree:              32 kB
MemTotal:        7918588 kB
MemFree:          170468 kB
MemAvailable:    2403904 kB
Buffers:            6388 kB
Cached:          2197756 kB
SwapCached:            0 kB
Active:          4840316 kB
Inactive:         550524 kB
Active(anon):    3148780 kB
Inactive(anon):    65848 kB
Active(file):    1691536 kB
Inactive(file):   484676 kB
Unevictable:        6100 kB
Mlocked:            5660 kB
SwapTotal:       4718584 kB
SwapFree:        4718584 kB
Dirty:               424 kB
Writeback:             0 kB
AnonPages:       3192764 kB
Mapped:          1131936 kB
Shmem:             23344 kB
KReclaimable:     455640 kB
Slab:             312948 kB
SReclaimable:      83196 kB
SUnreclaim:       229752 kB
KernelStack:       49632 kB
ShadowCallStack:   12444 kB
PageTables:        77752 kB
NFS_Unstable:          0 kB
Bounce:                0 kB
WritebackTmp:          0 kB
CommitLimit:     8677876 kB
Committed_AS:   78142672 kB
VmallocTotal:   263061440 kB
VmallocUsed:      133800 kB
VmallocChunk:          0 kB
Percpu:             2448 kB
CmaTotal:         405504 kB
CmaFree:               8 kB
MemTotal:        7918588 kB
MemFree:          148080 kB
MemAvailable:    2235628 kB
Buffers:            6388 kB
Cached:          2164956 kB
SwapCached:            0 kB
Active:          4895568 kB
Inactive:         517616 kB
Active(anon):    3204032 kB
Inactive(anon):    65852 kB
Active(file):    1691536 kB
Inactive(file):   451764 kB
Unevictable:        6100 kB
Mlocked:            5660 kB
SwapTotal:       4718584 kB
SwapFree:        4718584 kB
Dirty:               424 kB
Writeback:             0 kB
AnonPages:       3248024 kB
Mapped:          1132956 kB
Shmem:             23456 kB
KReclaimable:     334472 kB
Slab:             312252 kB
SReclaimable:      82348 kB
SUnreclaim:       229904 kB
KernelStack:       49744 kB
ShadowCallStack:   12468 kB
PageTables:        77828 kB
NFS_Unstable:          0 kB
Bounce:                0 kB
WritebackTmp:          0 kB
CommitLimit:     8677876 kB
Committed_AS:   78192220 kB
VmallocTotal:   263061440 kB
VmallocUsed:      133972 kB
VmallocChunk:          0 kB
Percpu:             2448 kB
CmaTotal:         405504 kB
CmaFree:               0 kB
MemTotal:        7918588 kB
MemFree:          184196 kB
MemAvailable:    2367412 kB
Buffers:            6388 kB
Cached:          2141068 kB
SwapCached:            0 kB
Active:          4883480 kB
Inactive:         493840 kB
Active(anon):    3191944 kB
Inactive(anon):    65852 kB
Active(file):    1691536 kB
Inactive(file):   427988 kB
Unevictable:        6100 kB
Mlocked:            5660 kB
SwapTotal:       4718584 kB
SwapFree:        4718584 kB
Dirty:               424 kB
Writeback:             0 kB
AnonPages:       3236080 kB
Mapped:          1132424 kB
Shmem:             23344 kB
KReclaimable:     453916 kB
Slab:             311728 kB
SReclaimable:      81852 kB
SUnreclaim:       229876 kB
KernelStack:       49648 kB
ShadowCallStack:   12452 kB
PageTables:        78020 kB
NFS_Unstable:          0 kB
Bounce:                0 kB
WritebackTmp:          0 kB
CommitLimit:     8677876 kB
Committed_AS:   78241028 kB
VmallocTotal:   263061440 kB
VmallocUsed:      133816 kB
VmallocChunk:          0 kB
Percpu:             2448 kB
CmaTotal:         405504 kB
CmaFree:               0 kB
MemTotal:        7918588 kB
MemFree:          196984 kB
MemAvailable:    2380372 kB
Buffers:            6388 kB
Cached:          2141092 kB
SwapCached:            0 kB
Active:          4868756 kB
Inactive:         493864 kB
Active(anon):    3177220 kB
Inactive(anon):    65852 kB
Active(file):    1691536 kB
Inactive(file):   428012 kB
Unevictable:        6100 kB
Mlocked:            5660 kB
SwapTotal:       4718584 kB
SwapFree:        4718584 kB
Dirty:               116 kB
Writeback:           152 kB
AnonPages:       3221340 kB
