MemTotal:        7918588 kB
MemFree:         3258880 kB
MemAvailable:    4744336 kB
Buffers:            5416 kB
Cached:          1352996 kB
SwapCached:        11344 kB
Active:          1263352 kB
Inactive:         714348 kB
Active(anon):     596788 kB
Inactive(anon):    41892 kB
Active(file):     666564 kB
Inactive(file):   672456 kB
Unevictable:        6420 kB
Mlocked:            5980 kB
SwapTotal:       4718584 kB
SwapFree:        3625352 kB
Dirty:             18216 kB
Writeback:             0 kB
AnonPages:        621784 kB
Mapped:           470652 kB
Shmem:             14672 kB
KReclaimable:     536660 kB
Slab:             315260 kB
SReclaimable:      87992 kB
SUnreclaim:       227268 kB
KernelStack:       47408 kB
ShadowCallStack:   11872 kB
PageTables:        62776 kB
NFS_Unstable:          0 kB
Bounce:                0 kB
WritebackTmp:          0 kB
CommitLimit:     8677876 kB
Committed_AS:   62274652 kB
VmallocTotal:   263061440 kB
VmallocUsed:      130008 kB
VmallocChunk:          0 kB
Percpu:             2448 kB
CmaTotal:         405504 kB
CmaFree:          307164 kB
MemTotal:        7918588 kB
MemFree:         3233888 kB
MemAvailable:    4959168 kB
Buffers:            5440 kB
Cached:          1372828 kB
SwapCached:        11504 kB
Active:          1286756 kB
Inactive:         714996 kB
Active(anon):     601740 kB
Inactive(anon):    41896 kB
Active(file):     685016 kB
Inactive(file):   673100 kB
Unevictable:        6420 kB
Mlocked:            5980 kB
SwapTotal:       4718584 kB
SwapFree:        3626888 kB
Dirty:             18216 kB
Writeback:             0 kB
AnonPages:        625652 kB
Mapped:           509808 kB
Shmem:             15476 kB
KReclaimable:     757388 kB
Slab:             315188 kB
SReclaimable:      88072 kB
SUnreclaim:       227116 kB
KernelStack:       47808 kB
ShadowCallStack:   11988 kB
PageTables:        62504 kB
NFS_Unstable:          0 kB
Bounce:                0 kB
WritebackTmp:          0 kB
CommitLimit:     8677876 kB
Committed_AS:   62306964 kB
VmallocTotal:   263061440 kB
VmallocUsed:      130560 kB
VmallocChunk:          0 kB
Percpu:             2448 kB
CmaTotal:         405504 kB
CmaFree:          307164 kB
MemTotal:        7918588 kB
MemFree:         3206184 kB
MemAvailable:    4715124 kB
Buffers:            5484 kB
Cached:          1373192 kB
SwapCached:        11540 kB
Active:          1312632 kB
Inactive:         715140 kB
Active(anon):     627336 kB
Inactive(anon):    41896 kB
Active(file):     685296 kB
Inactive(file):   673244 kB
Unevictable:        6420 kB
Mlocked:            5980 kB
SwapTotal:       4718584 kB
SwapFree:        3627912 kB
Dirty:             18240 kB
Writeback:             0 kB
AnonPages:        651108 kB
Mapped:           521268 kB
Shmem:             15452 kB
KReclaimable:     540624 kB
Slab:             316032 kB
SReclaimable:      88104 kB
SUnreclaim:       227928 kB
KernelStack:       47888 kB
ShadowCallStack:   11988 kB
PageTables:        63268 kB
NFS_Unstable:          0 kB
Bounce:                0 kB
WritebackTmp:          0 kB
CommitLimit:     8677876 kB
Committed_AS:   62336344 kB
VmallocTotal:   263061440 kB
VmallocUsed:      130632 kB
VmallocChunk:          0 kB
Percpu:             2448 kB
CmaTotal:         405504 kB
CmaFree:          307144 kB
MemTotal:        7918588 kB
MemFree:         3202948 kB
MemAvailable:    4711144 kB
Buffers:            5508 kB
Cached:          1373192 kB
SwapCached:        11540 kB
Active:          1315980 kB
Inactive:         715160 kB
Active(anon):     630684 kB
Inactive(anon):    41892 kB
Active(file):     685296 kB
Inactive(file):   673268 kB
Unevictable:        6420 kB
Mlocked:            5980 kB
SwapTotal:       4718584 kB
SwapFree:        3627912 kB
Dirty:             18244 kB
Writeback:             0 kB
AnonPages:        654516 kB
Mapped:           521812 kB
Shmem:             15452 kB
KReclaimable:     539856 kB
Slab:             316080 kB
SReclaimable:      88104 kB
SUnreclaim:       227976 kB
KernelStack:       47856 kB
ShadowCallStack:   11988 kB
PageTables:        63360 kB
NFS_Unstable:          0 kB
Bounce:                0 kB
WritebackTmp:          0 kB
CommitLimit:     8677876 kB
Committed_AS:   62336300 kB
VmallocTotal:   263061440 kB
VmallocUsed:      130616 kB
VmallocChunk:          0 kB
Percpu:             2448 kB
CmaTotal:         405504 kB
CmaFree:          307164 kB
MemTotal:        7918588 kB
MemFree:         3200652 kB
MemAvailable:    4708864 kB
Buffers:            5508 kB
Cached:          1373304 kB
SwapCached:        11540 kB
Active:          1321012 kB
Inactive:         715180 kB
Active(anon):     635716 kB
Inactive(anon):    41896 kB
Active(file):     685296 kB
Inactive(file):   673284 kB
Unevictable:        6420 kB
Mlocked:            5980 kB
SwapTotal:       4718584 kB
SwapFree:        3631496 kB
Dirty:             18260 kB
Writeback:             0 kB
AnonPages:        659416 kB
Mapped:           519940 kB
Shmem:             15548 kB
KReclaimable:     539856 kB
Slab:             316024 kB
SReclaimable:      88104 kB
SUnreclaim:       227920 kB
KernelStack:       47808 kB
ShadowCallStack:   11984 kB
PageTables:        63136 kB
NFS_Unstable:          0 kB
Bounce:                0 kB
WritebackTmp:          0 kB
CommitLimit:     8677876 kB
Committed_AS:   62336252 kB
VmallocTotal:   263061440 kB
VmallocUsed:      130592 kB
VmallocChunk:          0 kB
Percpu:             2448 kB
CmaTotal:         405504 kB
CmaFree:          308300 kB
MemTotal:        7918588 kB
MemFree:         3199544 kB
MemAvailable:    4707712 kB
Buffers:            5508 kB
Cached:          1373324 kB
SwapCached:        11540 kB
Active:          1321820 kB
Inactive:         715184 kB
Active(anon):     636524 kB
Inactive(anon):    41896 kB
Active(file):     685296 kB
Inactive(file):   673288 kB
Unevictable:        6420 kB
Mlocked:            5980 kB
SwapTotal:       4718584 kB
SwapFree:        3631496 kB
Dirty:             18268 kB
Writeback:             0 kB
AnonPages:        660224 kB
Mapped:           520224 kB
Shmem:             15564 kB
KReclaimable:     539808 kB
Slab:             316032 kB
SReclaimable:      88104 kB
SUnreclaim:       227928 kB
KernelStack:       47824 kB
ShadowCallStack:   11972 kB
PageTables:        63168 kB
NFS_Unstable:          0 kB
Bounce:                0 kB
WritebackTmp:          0 kB
CommitLimit:     8677876 kB
Committed_AS:   62336268 kB
VmallocTotal:   263061440 kB
VmallocUsed:      130592 kB
VmallocChunk:          0 kB
Percpu:             2448 kB
CmaTotal:         405504 kB
CmaFree:          308300 kB
MemTotal:        7918588 kB
MemFree:         3186336 kB
MemAvailable:    4694504 kB
Buffers:            5508 kB
Cached:          1373324 kB
SwapCached:        11540 kB
Active:          1335332 kB
Inactive:         715184 kB
Active(anon):     650036 kB
Inactive(anon):    41896 kB
Active(file):     685296 kB
Inactive(file):   673288 kB
Unevictable:        6420 kB
Mlocked:            5980 kB
SwapTotal:       4718584 kB
SwapFree:        3631496 kB
Dirty:             18268 kB
Writeback:             0 kB
AnonPages:        673604 kB
Mapped:           521732 kB
Shmem:             15564 kB
KReclaimable:     539808 kB
Slab:             315872 kB
SReclaimable:      88104 kB
SUnreclaim:       227768 kB
KernelStack:       47808 kB
ShadowCallStack:   11980 kB
PageTables:        63356 kB
NFS_Unstable:          0 kB
Bounce:                0 kB
WritebackTmp:          0 kB
CommitLimit:     8677876 kB
Committed_AS:   62354528 kB
VmallocTotal:   263061440 kB
VmallocUsed:      130588 kB
VmallocChunk:          0 kB
Percpu:             2448 kB
CmaTotal:         405504 kB
CmaFree:          308300 kB
MemTotal:        7918588 kB
MemFree:         3159656 kB
MemAvailable:    4668844 kB
Buffers:            5508 kB
Cached:          1374408 kB
SwapCached:        11540 kB
Active:          1362372 kB
Inactive:         715180 kB
Active(anon):     676056 kB
Inactive(anon):    41892 kB
Active(file):     686316 kB
Inactive(file):   673288 kB
Unevictable:        6420 kB
Mlocked:            5980 kB
SwapTotal:       4718584 kB
SwapFree:        3631496 kB
Dirty:             18268 kB
Writeback:             0 kB
AnonPages:        699756 kB
Mapped:           528632 kB
Shmem:             15568 kB
KReclaimable:     539808 kB
Slab:             315984 kB
SReclaimable:      88104 kB
SUnreclaim:       227880 kB
KernelStack:       47808 kB
ShadowCallStack:   11972 kB
PageTables:        63424 kB
NFS_Unstable:          0 kB
Bounce:                0 kB
WritebackTmp:          0 kB
CommitLimit:     8677876 kB
Committed_AS:   62437852 kB
VmallocTotal:   263061440 kB
VmallocUsed:      130568 kB
VmallocChunk:          0 kB
Percpu:             2448 kB
CmaTotal:         405504 kB
CmaFree:          308300 kB
MemTotal:        7918588 kB
MemFree:         2966996 kB
MemAvailable:    4408236 kB
Buffers:            5508 kB
Cached:          1374472 kB
SwapCached:        11540 kB
Active:          1554152 kB
Inactive:         715188 kB
Active(anon):     867720 kB
Inactive(anon):    41892 kB
Active(file):     686432 kB
Inactive(file):   673296 kB
Unevictable:        6420 kB
Mlocked:            5980 kB
SwapTotal:       4718584 kB
SwapFree:        3631496 kB
Dirty:             18268 kB
Writeback:             0 kB
AnonPages:        891468 kB
Mapped:           607784 kB
Shmem:             15568 kB
KReclaimable:     471736 kB
Slab:             316476 kB
SReclaimable:      88120 kB
SUnreclaim:       228356 kB
KernelStack:       47856 kB
ShadowCallStack:   11980 kB
PageTables:        64096 kB
NFS_Unstable:          0 kB
Bounce:                0 kB
WritebackTmp:          0 kB
CommitLimit:     8677876 kB
Committed_AS:   62718980 kB
VmallocTotal:   263061440 kB
VmallocUsed:      130636 kB
VmallocChunk:          0 kB
Percpu:             2448 kB
CmaTotal:         405504 kB
CmaFree:          308300 kB
MemTotal:        7918588 kB
MemFree:         2925684 kB
MemAvailable:    4355660 kB
Buffers:            5540 kB
Cached:          1392992 kB
SwapCached:        11556 kB
Active:          1594064 kB
Inactive:         715292 kB
Active(anon):     889192 kB
Inactive(anon):    41896 kB
Active(file):     704872 kB
Inactive(file):   673396 kB
Unevictable:        6420 kB
Mlocked:            5980 kB
SwapTotal:       4718584 kB
SwapFree:        3631496 kB
Dirty:             17296 kB
Writeback:             0 kB
AnonPages:        912964 kB
Mapped:           625824 kB
Shmem:             15576 kB
KReclaimable:     441932 kB
Slab:             316668 kB
SReclaimable:      88120 kB
SUnreclaim:       228548 kB
KernelStack:       47888 kB
ShadowCallStack:   11984 kB
PageTables:        64164 kB
NFS_Unstable:          0 kB
Bounce:                0 kB
WritebackTmp:          0 kB
CommitLimit:     8677876 kB
Committed_AS:   62744680 kB
VmallocTotal:   263061440 kB
VmallocUsed:      130676 kB
VmallocChunk:          0 kB
Percpu:             2448 kB
CmaTotal:         405504 kB
CmaFree:          308300 kB
MemTotal:        7918588 kB
MemFree:         2781096 kB
MemAvailable:    4191404 kB
Buffers:            5564 kB
Cached:          1393060 kB
SwapCached:        11556 kB
Active:          1737832 kB
Inactive:         715388 kB
Active(anon):    1032960 kB
Inactive(anon):    41896 kB
Active(file):     704872 kB
Inactive(file):   673492 kB
Unevictable:        6420 kB
Mlocked:            5980 kB
SwapTotal:       4718584 kB
SwapFree:        3631496 kB
Dirty:             17476 kB
Writeback:             0 kB
AnonPages:       1056624 kB
Mapped:           644836 kB
Shmem:             15576 kB
KReclaimable:     422168 kB
Slab:             316780 kB
SReclaimable:      88120 kB
SUnreclaim:       228660 kB
KernelStack:       47920 kB
ShadowCallStack:   12012 kB
PageTables:        64924 kB
NFS_Unstable:          0 kB
Bounce:                0 kB
WritebackTmp:          0 kB
CommitLimit:     8677876 kB
Committed_AS:   63064188 kB
VmallocTotal:   263061440 kB
VmallocUsed:      130696 kB
VmallocChunk:          0 kB
Percpu:             2448 kB
CmaTotal:         405504 kB
CmaFree:          308300 kB
MemTotal:        7918588 kB
MemFree:         2694252 kB
MemAvailable:    4103600 kB
Buffers:            5564 kB
Cached:          1393064 kB
SwapCached:        11556 kB
Active:          1825076 kB
Inactive:         715388 kB
Active(anon):    1120204 kB
Inactive(anon):    41896 kB
Active(file):     704872 kB
Inactive(file):   673492 kB
Unevictable:        6420 kB
Mlocked:            5980 kB
SwapTotal:       4718584 kB
SwapFree:        3632008 kB
Dirty:             17476 kB
Writeback:             0 kB
AnonPages:       1143828 kB
Mapped:           645500 kB
Shmem:             15580 kB
KReclaimable:     421208 kB
Slab:             316512 kB
SReclaimable:      88104 kB
SUnreclaim:       228408 kB
KernelStack:       47888 kB
ShadowCallStack:   11992 kB
PageTables:        65152 kB
NFS_Unstable:          0 kB
Bounce:                0 kB
WritebackTmp:          0 kB
CommitLimit:     8677876 kB
Committed_AS:   63293572 kB
VmallocTotal:   263061440 kB
VmallocUsed:      130704 kB
VmallocChunk:          0 kB
Percpu:             2448 kB
CmaTotal:         405504 kB
CmaFree:          308300 kB
MemTotal:        7918588 kB
MemFree:         2588192 kB
MemAvailable:    3987336 kB
Buffers:            5572 kB
Cached:          1393076 kB
SwapCached:        11556 kB
Active:          1930548 kB
Inactive:         715396 kB
Active(anon):    1225676 kB
Inactive(anon):    41896 kB
Active(file):     704872 kB
Inactive(file):   673500 kB
Unevictable:        6420 kB
Mlocked:            5980 kB
SwapTotal:       4718584 kB
SwapFree:        3632008 kB
Dirty:             17480 kB
Writeback:             0 kB
AnonPages:       1249336 kB
Mapped:           647116 kB
Shmem:             15592 kB
KReclaimable:     410996 kB
Slab:             316560 kB
SReclaimable:      88104 kB
SUnreclaim:       228456 kB
KernelStack:       47904 kB
ShadowCallStack:   12000 kB
PageTables:        65848 kB
NFS_Unstable:          0 kB
Bounce:                0 kB
WritebackTmp:          0 kB
CommitLimit:     8677876 kB
Committed_AS:   63572052 kB
VmallocTotal:   263061440 kB
VmallocUsed:      130644 kB
VmallocChunk:          0 kB
Percpu:             2448 kB
CmaTotal:         405504 kB
CmaFree:          308300 kB
MemTotal:        7918588 kB
MemFree:         2494636 kB
MemAvailable:    3893188 kB
Buffers:            5576 kB
Cached:          1393080 kB
SwapCached:        11556 kB
Active:          2021956 kB
Inactive:         715400 kB
Active(anon):    1317084 kB
Inactive(anon):    41892 kB
Active(file):     704872 kB
Inactive(file):   673508 kB
Unevictable:        6420 kB
Mlocked:            5980 kB
SwapTotal:       4718584 kB
SwapFree:        3632008 kB
Dirty:             17480 kB
Writeback:             0 kB
AnonPages:       1340752 kB
Mapped:           647824 kB
Shmem:             15592 kB
KReclaimable:     410396 kB
Slab:             316588 kB
SReclaimable:      88104 kB
SUnreclaim:       228484 kB
KernelStack:       47856 kB
ShadowCallStack:   12008 kB
PageTables:        66400 kB
NFS_Unstable:          0 kB
Bounce:                0 kB
WritebackTmp:          0 kB
CommitLimit:     8677876 kB
Committed_AS:   63801384 kB
VmallocTotal:   263061440 kB
VmallocUsed:      130636 kB
VmallocChunk:          0 kB
Percpu:             2448 kB
CmaTotal:         405504 kB
CmaFree:          308300 kB
MemTotal:        7918588 kB
MemFree:         2403344 kB
MemAvailable:    3800432 kB
Buffers:            5600 kB
Cached:          1393112 kB
SwapCached:        11556 kB
Active:          2114092 kB
Inactive:         715452 kB
Active(anon):    1409220 kB
Inactive(anon):    41896 kB
Active(file):     704872 kB
Inactive(file):   673556 kB
Unevictable:        6420 kB
Mlocked:            5980 kB
SwapTotal:       4718584 kB
SwapFree:        3632008 kB
Dirty:             17472 kB
Writeback:             0 kB
AnonPages:       1432924 kB
Mapped:           648892 kB
Shmem:             15600 kB
KReclaimable:     408884 kB
Slab:             316708 kB
SReclaimable:      88104 kB
SUnreclaim:       228604 kB
KernelStack:       47920 kB
ShadowCallStack:   11996 kB
PageTables:        66716 kB
NFS_Unstable:          0 kB
Bounce:                0 kB
WritebackTmp:          0 kB
CommitLimit:     8677876 kB
Committed_AS:   64014384 kB
VmallocTotal:   263061440 kB
VmallocUsed:      130636 kB
VmallocChunk:          0 kB
Percpu:             2448 kB
CmaTotal:         405504 kB
CmaFree:          308300 kB
MemTotal:        7918588 kB
MemFree:         2302596 kB
MemAvailable:    3698012 kB
Buffers:            5604 kB
Cached:          1393128 kB
SwapCached:        11556 kB
Active:          2215332 kB
Inactive:         715468 kB
Active(anon):    1510460 kB
Inactive(anon):    41896 kB
Active(file):     704872 kB
Inactive(file):   673572 kB
Unevictable:        6420 kB
Mlocked:            5980 kB
SwapTotal:       4718584 kB
SwapFree:        3632520 kB
Dirty:             17476 kB
Writeback:             0 kB
AnonPages:       1534080 kB
Mapped:           649748 kB
Shmem:             15604 kB
KReclaimable:     407196 kB
Slab:             316920 kB
SReclaimable:      88104 kB
SUnreclaim:       228816 kB
KernelStack:       47696 kB
ShadowCallStack:   11948 kB
PageTables:        67208 kB
NFS_Unstable:          0 kB
Bounce:                0 kB
WritebackTmp:          0 kB
CommitLimit:     8677876 kB
Committed_AS:   64243764 kB
VmallocTotal:   263061440 kB
VmallocUsed:      130412 kB
VmallocChunk:          0 kB
Percpu:             2448 kB
CmaTotal:         405504 kB
CmaFree:          308300 kB
MemTotal:        7918588 kB
MemFree:         2208836 kB
MemAvailable:    3603212 kB
Buffers:            5604 kB
Cached:          1393128 kB
SwapCached:        11556 kB
Active:          2308080 kB
Inactive:         715468 kB
Active(anon):    1603208 kB
Inactive(anon):    41896 kB
Active(file):     704872 kB
Inactive(file):   673572 kB
Unevictable:        6420 kB
Mlocked:            5980 kB
SwapTotal:       4718584 kB
SwapFree:        3632520 kB
Dirty:             17476 kB
Writeback:             0 kB
AnonPages:       1626824 kB
Mapped:           650444 kB
Shmem:             15604 kB
KReclaimable:     406156 kB
Slab:             316900 kB
SReclaimable:      88104 kB
SUnreclaim:       228796 kB
KernelStack:       47696 kB
ShadowCallStack:   11948 kB
PageTables:        67616 kB
NFS_Unstable:          0 kB
Bounce:                0 kB
WritebackTmp:          0 kB
CommitLimit:     8677876 kB
Committed_AS:   64473140 kB
VmallocTotal:   263061440 kB
VmallocUsed:      130408 kB
VmallocChunk:          0 kB
Percpu:             2448 kB
CmaTotal:         405504 kB
CmaFree:          308300 kB
MemTotal:        7918588 kB
MemFree:         2113076 kB
MemAvailable:    3505796 kB
Buffers:            5604 kB
Cached:          1393128 kB
SwapCached:        11556 kB
Active:          2403408 kB
Inactive:         715468 kB
Active(anon):    1698536 kB
Inactive(anon):    41896 kB
Active(file):     704872 kB
Inactive(file):   673572 kB
Unevictable:        6420 kB
Mlocked:            5980 kB
SwapTotal:       4718584 kB
SwapFree:        3632520 kB
Dirty:             17476 kB
Writeback:             0 kB
AnonPages:       1722208 kB
Mapped:           651564 kB
Shmem:             15604 kB
KReclaimable:     404500 kB
Slab:             316800 kB
SReclaimable:      88104 kB
SUnreclaim:       228696 kB
KernelStack:       47664 kB
ShadowCallStack:   11944 kB
PageTables:        68184 kB
NFS_Unstable:          0 kB
Bounce:                0 kB
WritebackTmp:          0 kB
CommitLimit:     8677876 kB
Committed_AS:   64702520 kB
VmallocTotal:   263061440 kB
VmallocUsed:      130412 kB
VmallocChunk:          0 kB
Percpu:             2448 kB
CmaTotal:         405504 kB
CmaFree:          308300 kB
MemTotal:        7918588 kB
MemFree:         2011472 kB
MemAvailable:    3402808 kB
Buffers:            5604 kB
Cached:          1393132 kB
SwapCached:        11556 kB
Active:          2503876 kB
Inactive:         715468 kB
Active(anon):    1799004 kB
Inactive(anon):    41896 kB
Active(file):     704872 kB
Inactive(file):   673572 kB
Unevictable:        6420 kB
Mlocked:            5980 kB
SwapTotal:       4718584 kB
SwapFree:        3632520 kB
Dirty:             17480 kB
Writeback:             0 kB
AnonPages:       1822484 kB
Mapped:           652532 kB
Shmem:             15608 kB
KReclaimable:     403116 kB
Slab:             316936 kB
SReclaimable:      88104 kB
SUnreclaim:       228832 kB
KernelStack:       47696 kB
ShadowCallStack:   11936 kB
PageTables:        68512 kB
NFS_Unstable:          0 kB
Bounce:                0 kB
WritebackTmp:          0 kB
CommitLimit:     8677876 kB
Committed_AS:   64948280 kB
VmallocTotal:   263061440 kB
VmallocUsed:      130416 kB
VmallocChunk:          0 kB
Percpu:             2448 kB
CmaTotal:         405504 kB
CmaFree:          308300 kB
MemTotal:        7918588 kB
MemFree:         1924532 kB
MemAvailable:    3315740 kB
Buffers:            5612 kB
Cached:          1394156 kB
SwapCached:        11556 kB
Active:          2591032 kB
Inactive:         715484 kB
Active(anon):    1885160 kB
Inactive(anon):    41896 kB
Active(file):     705872 kB
Inactive(file):   673588 kB
Unevictable:        6420 kB
Mlocked:            5980 kB
SwapTotal:       4718584 kB
SwapFree:        3632520 kB
Dirty:             17500 kB
Writeback:             0 kB
AnonPages:       1908796 kB
Mapped:           653620 kB
Shmem:             15624 kB
KReclaimable:     401972 kB
Slab:             316968 kB
SReclaimable:      88104 kB
SUnreclaim:       228864 kB
KernelStack:       47696 kB
ShadowCallStack:   11948 kB
PageTables:        69016 kB
NFS_Unstable:          0 kB
Bounce:                0 kB
WritebackTmp:          0 kB
CommitLimit:     8677876 kB
Committed_AS:   65161284 kB
VmallocTotal:   263061440 kB
VmallocUsed:      130400 kB
VmallocChunk:          0 kB
Percpu:             2448 kB
CmaTotal:         405504 kB
CmaFree:          308300 kB
MemTotal:        7918588 kB
MemFree:         1820816 kB
MemAvailable:    3210104 kB
Buffers:            5612 kB
Cached:          1394156 kB
SwapCached:        11556 kB
Active:          2693468 kB
Inactive:         715488 kB
Active(anon):    1987596 kB
Inactive(anon):    41900 kB
Active(file):     705872 kB
Inactive(file):   673588 kB
Unevictable:        6420 kB
Mlocked:            5980 kB
SwapTotal:       4718584 kB
SwapFree:        3632520 kB
Dirty:             17500 kB
Writeback:             0 kB
AnonPages:       2011456 kB
Mapped:           655052 kB
Shmem:             15624 kB
KReclaimable:     400052 kB
Slab:             317188 kB
SReclaimable:      88104 kB
SUnreclaim:       229084 kB
KernelStack:       47696 kB
ShadowCallStack:   11948 kB
PageTables:        69488 kB
NFS_Unstable:          0 kB
Bounce:                0 kB
WritebackTmp:          0 kB
CommitLimit:     8677876 kB
Committed_AS:   65390664 kB
VmallocTotal:   263061440 kB
VmallocUsed:      130416 kB
VmallocChunk:          0 kB
Percpu:             2448 kB
CmaTotal:         405504 kB
CmaFree:          308300 kB
MemTotal:        7918588 kB
MemFree:         1749396 kB
MemAvailable:    3138140 kB
Buffers:            5612 kB
Cached:          1394156 kB
SwapCached:        11556 kB
Active:          2764892 kB
Inactive:         715480 kB
Active(anon):    2059020 kB
Inactive(anon):    41892 kB
Active(file):     705872 kB
Inactive(file):   673588 kB
Unevictable:        6420 kB
Mlocked:            5980 kB
SwapTotal:       4718584 kB
SwapFree:        3632520 kB
Dirty:             17500 kB
Writeback:             0 kB
AnonPages:       2082828 kB
Mapped:           655360 kB
Shmem:             15624 kB
KReclaimable:     399508 kB
Slab:             317060 kB
SReclaimable:      88104 kB
SUnreclaim:       228956 kB
KernelStack:       47696 kB
ShadowCallStack:   11940 kB
PageTables:        69524 kB
NFS_Unstable:          0 kB
Bounce:                0 kB
WritebackTmp:          0 kB
CommitLimit:     8677876 kB
Committed_AS:   65570884 kB
VmallocTotal:   263061440 kB
VmallocUsed:      130412 kB
VmallocChunk:          0 kB
Percpu:             2448 kB
CmaTotal:         405504 kB
CmaFree:          308300 kB
MemTotal:        7918588 kB
MemFree:         1671288 kB
MemAvailable:    3059264 kB
Buffers:            5612 kB
Cached:          1394156 kB
SwapCached:        11556 kB
Active:          2843552 kB
Inactive:         715472 kB
Active(anon):    2137680 kB
Inactive(anon):    41884 kB
Active(file):     705872 kB
Inactive(file):   673588 kB
Unevictable:        6420 kB
Mlocked:            5980 kB
SwapTotal:       4718584 kB
SwapFree:        3632520 kB
Dirty:             17408 kB
Writeback:             0 kB
AnonPages:       2161268 kB
Mapped:           655924 kB
Shmem:             15624 kB
KReclaimable:     398740 kB
Slab:             317192 kB
SReclaimable:      88104 kB
SUnreclaim:       229088 kB
KernelStack:       47664 kB
ShadowCallStack:   11948 kB
PageTables:        70072 kB
NFS_Unstable:          0 kB
Bounce:                0 kB
WritebackTmp:          0 kB
CommitLimit:     8677876 kB
Committed_AS:   65734672 kB
VmallocTotal:   263061440 kB
VmallocUsed:      130376 kB
VmallocChunk:          0 kB
Percpu:             2448 kB
CmaTotal:         405504 kB
CmaFree:          307668 kB
MemTotal:        7918588 kB
MemFree:         1606356 kB
MemAvailable:    2992948 kB
Buffers:            5612 kB
Cached:          1394156 kB
SwapCached:        11556 kB
Active:          2908296 kB
Inactive:         715484 kB
Active(anon):    2202424 kB
Inactive(anon):    41896 kB
Active(file):     705872 kB
Inactive(file):   673588 kB
Unevictable:        6420 kB
Mlocked:            5980 kB
SwapTotal:       4718584 kB
SwapFree:        3632520 kB
Dirty:             17408 kB
Writeback:             0 kB
AnonPages:       2226052 kB
Mapped:           656968 kB
Shmem:             15624 kB
KReclaimable:     397356 kB
Slab:             317200 kB
SReclaimable:      88104 kB
SUnreclaim:       229096 kB
KernelStack:       47696 kB
ShadowCallStack:   11948 kB
PageTables:        70456 kB
NFS_Unstable:          0 kB
Bounce:                0 kB
WritebackTmp:          0 kB
CommitLimit:     8677876 kB
Committed_AS:   65914940 kB
VmallocTotal:   263061440 kB
VmallocUsed:      130416 kB
VmallocChunk:          0 kB
Percpu:             2448 kB
CmaTotal:         405504 kB
CmaFree:          243600 kB
MemTotal:        7918588 kB
MemFree:         1535916 kB
MemAvailable:    2921372 kB
Buffers:            5644 kB
Cached:          1393956 kB
SwapCached:        11560 kB
Active:          2976924 kB
Inactive:         715512 kB
Active(anon):    2271052 kB
Inactive(anon):    41900 kB
Active(file):     705872 kB
Inactive(file):   673612 kB
Unevictable:        6420 kB
Mlocked:            5980 kB
SwapTotal:       4718584 kB
SwapFree:        3633800 kB
Dirty:               188 kB
Writeback:             0 kB
AnonPages:       2295180 kB
Mapped:           657548 kB
Shmem:             15432 kB
KReclaimable:     396196 kB
Slab:             317272 kB
SReclaimable:      88104 kB
SUnreclaim:       229168 kB
KernelStack:       47680 kB
ShadowCallStack:   11944 kB
PageTables:        70872 kB
NFS_Unstable:          0 kB
Bounce:                0 kB
WritebackTmp:          0 kB
CommitLimit:     8677876 kB
Committed_AS:   66078588 kB
VmallocTotal:   263061440 kB
VmallocUsed:      130400 kB
VmallocChunk:          0 kB
Percpu:             2448 kB
CmaTotal:         405504 kB
CmaFree:          174968 kB
MemTotal:        7918588 kB
MemFree:         1467628 kB
MemAvailable:    2852420 kB
Buffers:            5644 kB
Cached:          1393992 kB
SwapCached:        11560 kB
Active:          3044720 kB
Inactive:         715536 kB
Active(anon):    2338848 kB
Inactive(anon):    41892 kB
Active(file):     705872 kB
Inactive(file):   673644 kB
Unevictable:        6420 kB
Mlocked:            5980 kB
SwapTotal:       4718584 kB
SwapFree:        3633800 kB
Dirty:                 0 kB
Writeback:             0 kB
AnonPages:       2362712 kB
Mapped:           658156 kB
Shmem:             15436 kB
KReclaimable:     395500 kB
Slab:             317536 kB
SReclaimable:      88104 kB
SUnreclaim:       229432 kB
KernelStack:       47664 kB
ShadowCallStack:   11940 kB
PageTables:        71104 kB
NFS_Unstable:          0 kB
Bounce:                0 kB
WritebackTmp:          0 kB
CommitLimit:     8677876 kB
Committed_AS:   66226976 kB
VmallocTotal:   263061440 kB
VmallocUsed:      130376 kB
VmallocChunk:          0 kB
Percpu:             2448 kB
CmaTotal:         405504 kB
CmaFree:          107084 kB
MemTotal:        7918588 kB
MemFree:         1406600 kB
MemAvailable:    2790712 kB
Buffers:            5644 kB
Cached:          1393992 kB
SwapCached:        11560 kB
Active:          3105424 kB
Inactive:         715532 kB
Active(anon):    2399552 kB
Inactive(anon):    41888 kB
Active(file):     705872 kB
Inactive(file):   673644 kB
Unevictable:        6420 kB
Mlocked:            5980 kB
SwapTotal:       4718584 kB
SwapFree:        3633800 kB
Dirty:                28 kB
Writeback:             0 kB
AnonPages:       2423280 kB
Mapped:           658420 kB
Shmem:             15436 kB
KReclaimable:     394820 kB
Slab:             317424 kB
SReclaimable:      88104 kB
SUnreclaim:       229320 kB
KernelStack:       47680 kB
ShadowCallStack:   11936 kB
PageTables:        71436 kB
NFS_Unstable:          0 kB
Bounce:                0 kB
WritebackTmp:          0 kB
CommitLimit:     8677876 kB
Committed_AS:   66390816 kB
VmallocTotal:   263061440 kB
VmallocUsed:      130408 kB
VmallocChunk:          0 kB
Percpu:             2448 kB
CmaTotal:         405504 kB
CmaFree:           46672 kB
MemTotal:        7918588 kB
MemFree:         1329964 kB
MemAvailable:    2713348 kB
Buffers:            5652 kB
Cached:          1393996 kB
SwapCached:        11560 kB
Active:          3183552 kB
Inactive:         715548 kB
Active(anon):    2477680 kB
Inactive(anon):    41896 kB
Active(file):     705872 kB
Inactive(file):   673652 kB
Unevictable:        6420 kB
Mlocked:            5980 kB
SwapTotal:       4718584 kB
SwapFree:        3633800 kB
Dirty:                92 kB
Writeback:             0 kB
AnonPages:       2501480 kB
Mapped:           658896 kB
Shmem:             15440 kB
KReclaimable:     394084 kB
Slab:             317440 kB
SReclaimable:      88104 kB
SUnreclaim:       229336 kB
KernelStack:       47648 kB
ShadowCallStack:   11936 kB
PageTables:        71848 kB
NFS_Unstable:          0 kB
Bounce:                0 kB
WritebackTmp:          0 kB
CommitLimit:     8677876 kB
Committed_AS:   66571048 kB
VmallocTotal:   263061440 kB
VmallocUsed:      130376 kB
VmallocChunk:          0 kB
Percpu:             2448 kB
CmaTotal:         405504 kB
CmaFree:               0 kB
MemTotal:        7918588 kB
MemFree:         1248800 kB
MemAvailable:    2630992 kB
Buffers:            5652 kB
Cached:          1393996 kB
SwapCached:        11560 kB
Active:          3263456 kB
Inactive:         715540 kB
Active(anon):    2557584 kB
Inactive(anon):    41888 kB
Active(file):     705872 kB
Inactive(file):   673652 kB
Unevictable:        6420 kB
Mlocked:            5980 kB
SwapTotal:       4718584 kB
SwapFree:        3634056 kB
Dirty:                92 kB
Writeback:             0 kB
AnonPages:       2581480 kB
Mapped:           659800 kB
Shmem:             15440 kB
KReclaimable:     392892 kB
Slab:             317476 kB
SReclaimable:      88104 kB
SUnreclaim:       229372 kB
KernelStack:       47632 kB
ShadowCallStack:   11932 kB
PageTables:        72064 kB
NFS_Unstable:          0 kB
Bounce:                0 kB
WritebackTmp:          0 kB
CommitLimit:     8677876 kB
Committed_AS:   66751272 kB
VmallocTotal:   263061440 kB
VmallocUsed:      130392 kB
VmallocChunk:          0 kB
Percpu:             2448 kB
CmaTotal:         405504 kB
CmaFree:               0 kB
MemTotal:        7918588 kB
MemFree:         1205676 kB
MemAvailable:    2587452 kB
Buffers:            5660 kB
Cached:          1394004 kB
SwapCached:        11560 kB
Active:          3306636 kB
Inactive:         715344 kB
Active(anon):    2600764 kB
Inactive(anon):    41676 kB
Active(file):     705872 kB
Inactive(file):   673668 kB
Unevictable:        6420 kB
Mlocked:            5980 kB
SwapTotal:       4718584 kB
SwapFree:        3634056 kB
Dirty:               208 kB
Writeback:             0 kB
AnonPages:       2624344 kB
Mapped:           660088 kB
Shmem:             15440 kB
KReclaimable:     392460 kB
Slab:             317624 kB
SReclaimable:      88104 kB
SUnreclaim:       229520 kB
KernelStack:       47664 kB
ShadowCallStack:   11944 kB
PageTables:        72348 kB
NFS_Unstable:          0 kB
Bounce:                0 kB
WritebackTmp:          0 kB
CommitLimit:     8677876 kB
Committed_AS:   66849572 kB
VmallocTotal:   263061440 kB
VmallocUsed:      130372 kB
VmallocChunk:          0 kB
Percpu:             2448 kB
CmaTotal:         405504 kB
CmaFree:               0 kB
MemTotal:        7918588 kB
MemFree:         1124404 kB
MemAvailable:    2505372 kB
Buffers:            5660 kB
Cached:          1394004 kB
SwapCached:        11560 kB
Active:          3387008 kB
Inactive:         715336 kB
Active(anon):    2681136 kB
Inactive(anon):    41668 kB
Active(file):     705872 kB
Inactive(file):   673668 kB
Unevictable:        6420 kB
Mlocked:            5980 kB
SwapTotal:       4718584 kB
SwapFree:        3634056 kB
Dirty:               220 kB
Writeback:             0 kB
AnonPages:       2704868 kB
Mapped:           660672 kB
Shmem:             15440 kB
KReclaimable:     391652 kB
Slab:             317564 kB
SReclaimable:      88104 kB
SUnreclaim:       229460 kB
KernelStack:       47664 kB
ShadowCallStack:   11936 kB
PageTables:        72612 kB
NFS_Unstable:          0 kB
Bounce:                0 kB
WritebackTmp:          0 kB
CommitLimit:     8677876 kB
Committed_AS:   67027196 kB
VmallocTotal:   263061440 kB
VmallocUsed:      130356 kB
VmallocChunk:          0 kB
Percpu:             2448 kB
CmaTotal:         405504 kB
CmaFree:               0 kB
MemTotal:        7918588 kB
MemFree:         1073652 kB
MemAvailable:    2453868 kB
Buffers:            5660 kB
Cached:          1394004 kB
SwapCached:        11560 kB
Active:          3437392 kB
Inactive:         715344 kB
Active(anon):    2731520 kB
Inactive(anon):    41676 kB
Active(file):     705872 kB
Inactive(file):   673668 kB
Unevictable:        6420 kB
Mlocked:            5980 kB
SwapTotal:       4718584 kB
SwapFree:        3634056 kB
Dirty:               220 kB
Writeback:             0 kB
AnonPages:       2755068 kB
Mapped:           661208 kB
Shmem:             15440 kB
KReclaimable:     390900 kB
Slab:             317644 kB
SReclaimable:      88104 kB
SUnreclaim:       229540 kB
KernelStack:       47616 kB
ShadowCallStack:   11936 kB
PageTables:        72968 kB
NFS_Unstable:          0 kB
Bounce:                0 kB
WritebackTmp:          0 kB
CommitLimit:     8677876 kB
Committed_AS:   67141884 kB
VmallocTotal:   263061440 kB
VmallocUsed:      130300 kB
VmallocChunk:          0 kB
Percpu:             2448 kB
CmaTotal:         405504 kB
CmaFree:               0 kB
MemTotal:        7918588 kB
MemFree:         1001052 kB
MemAvailable:    2380620 kB
Buffers:            5660 kB
Cached:          1394008 kB
SwapCached:        11560 kB
Active:          3510000 kB
Inactive:         715344 kB
Active(anon):    2804128 kB
Inactive(anon):    41676 kB
Active(file):     705872 kB
Inactive(file):   673668 kB
Unevictable:        6420 kB
Mlocked:            5980 kB
SwapTotal:       4718584 kB
SwapFree:        3634056 kB
Dirty:               220 kB
Writeback:             0 kB
AnonPages:       2827712 kB
Mapped:           661560 kB
Shmem:             15444 kB
KReclaimable:     390252 kB
Slab:             317688 kB
SReclaimable:      88104 kB
SUnreclaim:       229584 kB
KernelStack:       47616 kB
ShadowCallStack:   11920 kB
PageTables:        73320 kB
NFS_Unstable:          0 kB
Bounce:                0 kB
WritebackTmp:          0 kB
CommitLimit:     8677876 kB
Committed_AS:   67305724 kB
VmallocTotal:   263061440 kB
VmallocUsed:      130300 kB
VmallocChunk:          0 kB
Percpu:             2448 kB
CmaTotal:         405504 kB
CmaFree:               0 kB
MemTotal:        7918588 kB
MemFree:          939320 kB
MemAvailable:    2318096 kB
Buffers:            5660 kB
Cached:          1394016 kB
SwapCached:        11560 kB
Active:          3569756 kB
Inactive:         715340 kB
Active(anon):    2863884 kB
Inactive(anon):    41672 kB
Active(file):     705872 kB
Inactive(file):   673668 kB
Unevictable:        6420 kB
Mlocked:            5980 kB
SwapTotal:       4718584 kB
SwapFree:        3634056 kB
Dirty:               184 kB
Writeback:             0 kB
AnonPages:       2887476 kB
Mapped:           662076 kB
Shmem:             15452 kB
KReclaimable:     389460 kB
Slab:             317684 kB
SReclaimable:      88104 kB
SUnreclaim:       229580 kB
KernelStack:       47616 kB
ShadowCallStack:   11924 kB
PageTables:        73416 kB
NFS_Unstable:          0 kB
Bounce:                0 kB
WritebackTmp:          0 kB
CommitLimit:     8677876 kB
Committed_AS:   67436808 kB
VmallocTotal:   263061440 kB
VmallocUsed:      130328 kB
VmallocChunk:          0 kB
Percpu:             2448 kB
CmaTotal:         405504 kB
CmaFree:               0 kB
MemTotal:        7918588 kB
MemFree:          882000 kB
MemAvailable:    2260028 kB
Buffers:            5684 kB
Cached:          1394052 kB
SwapCached:        11560 kB
Active:          3627832 kB
Inactive:         715392 kB
Active(anon):    2921960 kB
Inactive(anon):    41672 kB
Active(file):     705872 kB
Inactive(file):   673720 kB
Unevictable:        6420 kB
Mlocked:            5980 kB
SwapTotal:       4718584 kB
SwapFree:        3634056 kB
Dirty:               288 kB
Writeback:             0 kB
AnonPages:       2945572 kB
Mapped:           662924 kB
Shmem:             15460 kB
KReclaimable:     388660 kB
Slab:             317812 kB
SReclaimable:      88104 kB
SUnreclaim:       229708 kB
KernelStack:       47616 kB
ShadowCallStack:   11928 kB
PageTables:        73744 kB
NFS_Unstable:          0 kB
Bounce:                0 kB
WritebackTmp:          0 kB
CommitLimit:     8677876 kB
Committed_AS:   67567884 kB
VmallocTotal:   263061440 kB
VmallocUsed:      130312 kB
VmallocChunk:          0 kB
Percpu:             2448 kB
CmaTotal:         405504 kB
CmaFree:               0 kB
MemTotal:        7918588 kB
MemFree:          825152 kB
MemAvailable:    2202392 kB
Buffers:            5684 kB
Cached:          1394032 kB
SwapCached:        11560 kB
Active:          3684728 kB
Inactive:         715372 kB
Active(anon):    2978856 kB
Inactive(anon):    41672 kB
Active(file):     705872 kB
Inactive(file):   673700 kB
Unevictable:        6420 kB
Mlocked:            5980 kB
SwapTotal:       4718584 kB
SwapFree:        3634056 kB
Dirty:               300 kB
Writeback:             0 kB
AnonPages:       3002256 kB
Mapped:           663224 kB
Shmem:             15460 kB
KReclaimable:     387892 kB
Slab:             317868 kB
SReclaimable:      88104 kB
SUnreclaim:       229764 kB
KernelStack:       47616 kB
ShadowCallStack:   11920 kB
PageTables:        74020 kB
NFS_Unstable:          0 kB
Bounce:                0 kB
WritebackTmp:          0 kB
CommitLimit:     8677876 kB
Committed_AS:   67682572 kB
VmallocTotal:   263061440 kB
VmallocUsed:      130296 kB
VmallocChunk:          0 kB
Percpu:             2448 kB
CmaTotal:         405504 kB
CmaFree:               0 kB
MemTotal:        7918588 kB
MemFree:          774444 kB
MemAvailable:    2151176 kB
Buffers:            5684 kB
Cached:          1394052 kB
SwapCached:        11560 kB
Active:          3733800 kB
Inactive:         715384 kB
Active(anon):    3027928 kB
Inactive(anon):    41664 kB
Active(file):     705872 kB
Inactive(file):   673720 kB
Unevictable:        6420 kB
Mlocked:            5980 kB
SwapTotal:       4718584 kB
SwapFree:        3634056 kB
Dirty:               344 kB
Writeback:             0 kB
AnonPages:       3051400 kB
Mapped:           663616 kB
Shmem:             15460 kB
KReclaimable:     387364 kB
Slab:             317816 kB
SReclaimable:      88104 kB
SUnreclaim:       229712 kB
KernelStack:       47616 kB
ShadowCallStack:   11928 kB
PageTables:        74256 kB
NFS_Unstable:          0 kB
Bounce:                0 kB
WritebackTmp:          0 kB
CommitLimit:     8677876 kB
Committed_AS:   67796540 kB
VmallocTotal:   263061440 kB
VmallocUsed:      130316 kB
VmallocChunk:          0 kB
Percpu:             2448 kB
CmaTotal:         405504 kB
CmaFree:               0 kB
MemTotal:        7918588 kB
MemFree:          712712 kB
MemAvailable:    2088720 kB
Buffers:            5684 kB
Cached:          1394032 kB
SwapCached:        11560 kB
Active:          3796424 kB
Inactive:         715376 kB
Active(anon):    3090552 kB
Inactive(anon):    41676 kB
Active(file):     705872 kB
Inactive(file):   673700 kB
Unevictable:        6420 kB
Mlocked:            5980 kB
SwapTotal:       4718584 kB
SwapFree:        3634056 kB
Dirty:               356 kB
Writeback:             0 kB
AnonPages:       3113980 kB
Mapped:           664004 kB
Shmem:             15460 kB
KReclaimable:     386660 kB
Slab:             317816 kB
SReclaimable:      88104 kB
SUnreclaim:       229712 kB
KernelStack:       47600 kB
ShadowCallStack:   11920 kB
PageTables:        74604 kB
NFS_Unstable:          0 kB
Bounce:                0 kB
WritebackTmp:          0 kB
CommitLimit:     8677876 kB
Committed_AS:   67960380 kB
VmallocTotal:   263061440 kB
VmallocUsed:      130316 kB
VmallocChunk:          0 kB
Percpu:             2448 kB
CmaTotal:         405504 kB
CmaFree:               0 kB
MemTotal:        7918588 kB
MemFree:          661460 kB
MemAvailable:    2037012 kB
Buffers:            5684 kB
Cached:          1394032 kB
SwapCached:        11560 kB
Active:          3846676 kB
Inactive:         715376 kB
Active(anon):    3140804 kB
Inactive(anon):    41676 kB
Active(file):     705872 kB
Inactive(file):   673700 kB
Unevictable:        6420 kB
Mlocked:            5980 kB
SwapTotal:       4718584 kB
SwapFree:        3634056 kB
Dirty:               360 kB
Writeback:             0 kB
AnonPages:       3164376 kB
Mapped:           664380 kB
Shmem:             15460 kB
KReclaimable:     386204 kB
Slab:             317940 kB
SReclaimable:      88104 kB
SUnreclaim:       229836 kB
KernelStack:       47616 kB
ShadowCallStack:   11920 kB
PageTables:        74796 kB
NFS_Unstable:          0 kB
Bounce:                0 kB
WritebackTmp:          0 kB
CommitLimit:     8677876 kB
Committed_AS:   68075068 kB
VmallocTotal:   263061440 kB
VmallocUsed:      130312 kB
VmallocChunk:          0 kB
Percpu:             2448 kB
CmaTotal:         405504 kB
CmaFree:               0 kB
MemTotal:        7918588 kB
MemFree:          595896 kB
MemAvailable:    1970572 kB
Buffers:            5692 kB
Cached:          1394044 kB
SwapCached:        11560 kB
Active:          3911892 kB
Inactive:         715396 kB
Active(anon):    3206020 kB
Inactive(anon):    41676 kB
Active(file):     705872 kB
Inactive(file):   673720 kB
Unevictable:        6420 kB
Mlocked:            5980 kB
SwapTotal:       4718584 kB
SwapFree:        3634056 kB
Dirty:               408 kB
Writeback:             0 kB
AnonPages:       3229700 kB
Mapped:           665088 kB
Shmem:             15460 kB
KReclaimable:     385308 kB
Slab:             317984 kB
SReclaimable:      88104 kB
SUnreclaim:       229880 kB
KernelStack:       47616 kB
ShadowCallStack:   11928 kB
PageTables:        75056 kB
NFS_Unstable:          0 kB
Bounce:                0 kB
WritebackTmp:          0 kB
CommitLimit:     8677876 kB
Committed_AS:   68222524 kB
VmallocTotal:   263061440 kB
VmallocUsed:      130316 kB
VmallocChunk:          0 kB
Percpu:             2448 kB
CmaTotal:         405504 kB
CmaFree:               0 kB
MemTotal:        7918588 kB
MemFree:          530552 kB
MemAvailable:    1904504 kB
Buffers:            5692 kB
Cached:          1394052 kB
SwapCached:        11560 kB
Active:          3977964 kB
Inactive:         715392 kB
Active(anon):    3272092 kB
Inactive(anon):    41668 kB
Active(file):     705872 kB
Inactive(file):   673724 kB
Unevictable:        6420 kB
Mlocked:            5980 kB
SwapTotal:       4718584 kB
SwapFree:        3634056 kB
Dirty:               440 kB
Writeback:             0 kB
AnonPages:       3295632 kB
Mapped:           665356 kB
Shmem:             15464 kB
KReclaimable:     384580 kB
Slab:             318136 kB
SReclaimable:      88104 kB
SUnreclaim:       230032 kB
KernelStack:       47632 kB
ShadowCallStack:   11928 kB
PageTables:        75280 kB
NFS_Unstable:          0 kB
Bounce:                0 kB
WritebackTmp:          0 kB
CommitLimit:     8677876 kB
Committed_AS:   68353596 kB
VmallocTotal:   263061440 kB
VmallocUsed:      130332 kB
VmallocChunk:          0 kB
Percpu:             2448 kB
CmaTotal:         405504 kB
CmaFree:               0 kB
MemTotal:        7918588 kB
MemFree:          477552 kB
MemAvailable:    1850704 kB
Buffers:            5692 kB
Cached:          1394056 kB
SwapCached:        11560 kB
Active:          4030632 kB
Inactive:         715400 kB
Active(anon):    3324760 kB
Inactive(anon):    41676 kB
Active(file):     705872 kB
Inactive(file):   673724 kB
Unevictable:        6420 kB
Mlocked:            5980 kB
SwapTotal:       4718584 kB
SwapFree:        3634056 kB
Dirty:               448 kB
Writeback:             0 kB
AnonPages:       3348232 kB
Mapped:           665776 kB
Shmem:             15468 kB
KReclaimable:     383780 kB
Slab:             318084 kB
SReclaimable:      88104 kB
SUnreclaim:       229980 kB
KernelStack:       47568 kB
ShadowCallStack:   11924 kB
PageTables:        75436 kB
NFS_Unstable:          0 kB
Bounce:                0 kB
WritebackTmp:          0 kB
CommitLimit:     8677876 kB
Committed_AS:   68484676 kB
VmallocTotal:   263061440 kB
VmallocUsed:      130316 kB
VmallocChunk:          0 kB
Percpu:             2448 kB
CmaTotal:         405504 kB
CmaFree:               0 kB
MemTotal:        7918588 kB
MemFree:          417024 kB
MemAvailable:    1789436 kB
Buffers:            5700 kB
Cached:          1394076 kB
SwapCached:        11560 kB
Active:          4090456 kB
Inactive:         715404 kB
Active(anon):    3384568 kB
Inactive(anon):    41668 kB
Active(file):     705888 kB
Inactive(file):   673736 kB
Unevictable:        6420 kB
Mlocked:            5980 kB
SwapTotal:       4718584 kB
SwapFree:        3634056 kB
Dirty:               488 kB
Writeback:             0 kB
AnonPages:       3408008 kB
Mapped:           666308 kB
Shmem:             15468 kB
KReclaimable:     383012 kB
Slab:             318308 kB
SReclaimable:      88104 kB
SUnreclaim:       230204 kB
KernelStack:       47632 kB
ShadowCallStack:   11920 kB
PageTables:        75780 kB
NFS_Unstable:          0 kB
Bounce:                0 kB
WritebackTmp:          0 kB
CommitLimit:     8677876 kB
Committed_AS:   68599440 kB
VmallocTotal:   263061440 kB
VmallocUsed:      130296 kB
VmallocChunk:          0 kB
Percpu:             2448 kB
CmaTotal:         405504 kB
CmaFree:               0 kB
MemTotal:        7918588 kB
MemFree:          365152 kB
MemAvailable:    1737004 kB
Buffers:            5700 kB
Cached:          1394076 kB
SwapCached:        11560 kB
Active:          4142576 kB
Inactive:         715408 kB
Active(anon):    3436688 kB
Inactive(anon):    41672 kB
Active(file):     705888 kB
Inactive(file):   673736 kB
Unevictable:        6420 kB
Mlocked:            5980 kB
SwapTotal:       4718584 kB
SwapFree:        3634056 kB
Dirty:               488 kB
Writeback:             0 kB
AnonPages:       3460228 kB
Mapped:           666692 kB
Shmem:             15468 kB
KReclaimable:     382452 kB
Slab:             318176 kB
SReclaimable:      88104 kB
SUnreclaim:       230072 kB
KernelStack:       47616 kB
ShadowCallStack:   11928 kB
PageTables:        75944 kB
NFS_Unstable:          0 kB
Bounce:                0 kB
WritebackTmp:          0 kB
CommitLimit:     8677876 kB
Committed_AS:   68714220 kB
VmallocTotal:   263061440 kB
VmallocUsed:      130312 kB
VmallocChunk:          0 kB
Percpu:             2448 kB
CmaTotal:         405504 kB
CmaFree:               0 kB
MemTotal:        7918588 kB
MemFree:          308428 kB
MemAvailable:    1679532 kB
Buffers:            5724 kB
Cached:          1394080 kB
SwapCached:        11560 kB
Active:          4198276 kB
Inactive:         715444 kB
Active(anon):    3492388 kB
Inactive(anon):    41680 kB
Active(file):     705888 kB
Inactive(file):   673764 kB
Unevictable:        6420 kB
Mlocked:            5980 kB
SwapTotal:       4718584 kB
SwapFree:        3634056 kB
Dirty:               496 kB
Writeback:            20 kB
AnonPages:       3515976 kB
Mapped:           667160 kB
Shmem:             15468 kB
KReclaimable:     381676 kB
Slab:             318268 kB
SReclaimable:      88104 kB
SUnreclaim:       230164 kB
KernelStack:       47600 kB
ShadowCallStack:   11916 kB
PageTables:        76172 kB
NFS_Unstable:          0 kB
Bounce:                0 kB
WritebackTmp:          0 kB
CommitLimit:     8677876 kB
Committed_AS:   68845248 kB
VmallocTotal:   263061440 kB
VmallocUsed:      130312 kB
VmallocChunk:          0 kB
Percpu:             2448 kB
CmaTotal:         405504 kB
CmaFree:               0 kB
MemTotal:        7918588 kB
MemFree:          256224 kB
MemAvailable:    1626824 kB
Buffers:            5724 kB
Cached:          1394080 kB
SwapCached:        11560 kB
Active:          4251664 kB
Inactive:         715428 kB
Active(anon):    3545776 kB
Inactive(anon):    41664 kB
Active(file):     705888 kB
Inactive(file):   673764 kB
Unevictable:        6420 kB
Mlocked:            5980 kB
SwapTotal:       4718584 kB
SwapFree:        3634056 kB
Dirty:               508 kB
Writeback:             0 kB
AnonPages:       3569404 kB
Mapped:           667396 kB
Shmem:             15468 kB
KReclaimable:     381172 kB
Slab:             318200 kB
SReclaimable:      88104 kB
SUnreclaim:       230096 kB
KernelStack:       47568 kB
ShadowCallStack:   11920 kB
PageTables:        76428 kB
NFS_Unstable:          0 kB
Bounce:                0 kB
WritebackTmp:          0 kB
CommitLimit:     8677876 kB
Committed_AS:   68976364 kB
VmallocTotal:   263061440 kB
VmallocUsed:      130304 kB
VmallocChunk:          0 kB
Percpu:             2448 kB
CmaTotal:         405504 kB
CmaFree:               0 kB
MemTotal:        7918588 kB
MemFree:          204620 kB
MemAvailable:    1574636 kB
Buffers:            5724 kB
Cached:          1394080 kB
SwapCached:        11560 kB
Active:          4303352 kB
Inactive:         715440 kB
Active(anon):    3597464 kB
Inactive(anon):    41676 kB
Active(file):     705888 kB
Inactive(file):   673764 kB
Unevictable:        6420 kB
Mlocked:            5980 kB
SwapTotal:       4718584 kB
SwapFree:        3634056 kB
Dirty:                76 kB
Writeback:             0 kB
AnonPages:       3621016 kB
Mapped:           667848 kB
Shmem:             15468 kB
KReclaimable:     380588 kB
Slab:             318108 kB
SReclaimable:      88104 kB
SUnreclaim:       230004 kB
KernelStack:       47584 kB
ShadowCallStack:   11928 kB
PageTables:        76676 kB
NFS_Unstable:          0 kB
Bounce:                0 kB
WritebackTmp:          0 kB
CommitLimit:     8677876 kB
Committed_AS:   69074624 kB
VmallocTotal:   263061440 kB
VmallocUsed:      130292 kB
VmallocChunk:          0 kB
Percpu:             2448 kB
CmaTotal:         405504 kB
CmaFree:               0 kB
MemTotal:        7918588 kB
MemFree:          171164 kB
MemAvailable:    1504012 kB
Buffers:            4744 kB
Cached:          1366096 kB
SwapCached:        11560 kB
Active:          4405116 kB
Inactive:         654228 kB
Active(anon):    3667008 kB
Inactive(anon):    41640 kB
Active(file):     738108 kB
Inactive(file):   612588 kB
Unevictable:        6420 kB
Mlocked:            5980 kB
SwapTotal:       4718584 kB
SwapFree:        3634056 kB
Dirty:                52 kB
Writeback:             0 kB
AnonPages:       3690528 kB
Mapped:           657572 kB
Shmem:             15468 kB
KReclaimable:     372376 kB
Slab:             316376 kB
SReclaimable:      86324 kB
SUnreclaim:       230052 kB
KernelStack:       47600 kB
ShadowCallStack:   11916 kB
PageTables:        76780 kB
NFS_Unstable:          0 kB
Bounce:                0 kB
WritebackTmp:          0 kB
CommitLimit:     8677876 kB
Committed_AS:   69238464 kB
VmallocTotal:   263061440 kB
VmallocUsed:      130296 kB
VmallocChunk:          0 kB
Percpu:             2448 kB
CmaTotal:         405504 kB
CmaFree:               4 kB
MemTotal:        7918588 kB
MemFree:          167804 kB
MemAvailable:    1476756 kB
Buffers:            3860 kB
Cached:          1345800 kB
SwapCached:        11560 kB
Active:          4453060 kB
Inactive:         630104 kB
Active(anon):    3712168 kB
Inactive(anon):    41636 kB
Active(file):     740892 kB
Inactive(file):   588468 kB
Unevictable:        6420 kB
Mlocked:            5980 kB
SwapTotal:       4718584 kB
SwapFree:        3634056 kB
Dirty:                60 kB
Writeback:             0 kB
AnonPages:       3735744 kB
Mapped:           649632 kB
Shmem:             15468 kB
KReclaimable:     369816 kB
Slab:             316248 kB
SReclaimable:      86236 kB
SUnreclaim:       230012 kB
KernelStack:       47552 kB
ShadowCallStack:   11904 kB
PageTables:        77052 kB
NFS_Unstable:          0 kB
Bounce:                0 kB
WritebackTmp:          0 kB
CommitLimit:     8677876 kB
Committed_AS:   69336772 kB
VmallocTotal:   263061440 kB
VmallocUsed:      130240 kB
VmallocChunk:          0 kB
Percpu:             2448 kB
CmaTotal:         405504 kB
CmaFree:               0 kB
MemTotal:        7918588 kB
MemFree:          167496 kB
MemAvailable:    1411356 kB
Buffers:            2324 kB
Cached:          1288096 kB
SwapCached:        11560 kB
Active:          4519072 kB
Inactive:         568924 kB
Active(anon):    3776148 kB
Inactive(anon):    41624 kB
Active(file):     742924 kB
Inactive(file):   527300 kB
Unevictable:        6420 kB
Mlocked:            5980 kB
SwapTotal:       4718584 kB
SwapFree:        3634056 kB
Dirty:               112 kB
Writeback:             0 kB
AnonPages:       3799768 kB
Mapped:           645784 kB
Shmem:             15468 kB
KReclaimable:     363860 kB
Slab:             316080 kB
SReclaimable:      86008 kB
SUnreclaim:       230072 kB
KernelStack:       47552 kB
ShadowCallStack:   11928 kB
PageTables:        77596 kB
NFS_Unstable:          0 kB
Bounce:                0 kB
WritebackTmp:          0 kB
CommitLimit:     8677876 kB
Committed_AS:   69467844 kB
VmallocTotal:   263061440 kB
VmallocUsed:      130260 kB
VmallocChunk:          0 kB
Percpu:             2448 kB
CmaTotal:         405504 kB
CmaFree:               0 kB
MemTotal:        7918588 kB
MemFree:          166712 kB
MemAvailable:    1353540 kB
Buffers:            2324 kB
Cached:          1236780 kB
SwapCached:        11560 kB
Active:          4576368 kB
Inactive:         517664 kB
Active(anon):    3833444 kB
Inactive(anon):    41640 kB
Active(file):     742924 kB
Inactive(file):   476024 kB
Unevictable:        6420 kB
Mlocked:            5980 kB
SwapTotal:       4718584 kB
SwapFree:        3634056 kB
Dirty:               140 kB
Writeback:             0 kB
AnonPages:       3856832 kB
Mapped:           646380 kB
Shmem:             15472 kB
KReclaimable:     358104 kB
Slab:             315372 kB
SReclaimable:      85292 kB
SUnreclaim:       230080 kB
KernelStack:       47568 kB
ShadowCallStack:   11916 kB
PageTables:        77736 kB
NFS_Unstable:          0 kB
Bounce:                0 kB
WritebackTmp:          0 kB
CommitLimit:     8677876 kB
Committed_AS:   69599012 kB
VmallocTotal:   263061440 kB
VmallocUsed:      130252 kB
VmallocChunk:          0 kB
Percpu:             2448 kB
CmaTotal:         405504 kB
CmaFree:               0 kB
MemTotal:        7918588 kB
MemFree:          168052 kB
MemAvailable:    1305652 kB
Buffers:            2304 kB
Cached:          1192280 kB
SwapCached:        11560 kB
Active:          4624260 kB
Inactive:         472828 kB
Active(anon):    3881136 kB
Inactive(anon):    41632 kB
Active(file):     743124 kB
Inactive(file):   431196 kB
Unevictable:        6420 kB
Mlocked:            5980 kB
SwapTotal:       4718584 kB
SwapFree:        3634056 kB
Dirty:               152 kB
Writeback:             0 kB
AnonPages:       3904656 kB
Mapped:           646412 kB
Shmem:             15472 kB
KReclaimable:     353504 kB
Slab:             314044 kB
SReclaimable:      84076 kB
SUnreclaim:       229968 kB
KernelStack:       47488 kB
ShadowCallStack:   11896 kB
PageTables:        77916 kB
NFS_Unstable:          0 kB
Bounce:                0 kB
WritebackTmp:          0 kB
CommitLimit:     8677876 kB
Committed_AS:   69697164 kB
VmallocTotal:   263061440 kB
VmallocUsed:      130196 kB
VmallocChunk:          0 kB
Percpu:             2448 kB
CmaTotal:         405504 kB
CmaFree:               0 kB
MemTotal:        7918588 kB
MemFree:          165588 kB
MemAvailable:    1237156 kB
Buffers:            2236 kB
Cached:          1136160 kB
SwapCached:        11560 kB
Active:          4739484 kB
Inactive:         368412 kB
Active(anon):    3948020 kB
Inactive(anon):    41640 kB
Active(file):     791464 kB
Inactive(file):   326772 kB
Unevictable:        6420 kB
Mlocked:            5980 kB
SwapTotal:       4718584 kB
SwapFree:        3634056 kB
Dirty:               124 kB
Writeback:             0 kB
AnonPages:       3971524 kB
Mapped:           628224 kB
Shmem:             15476 kB
KReclaimable:     343556 kB
Slab:             313288 kB
SReclaimable:      83216 kB
SUnreclaim:       230072 kB
KernelStack:       47344 kB
ShadowCallStack:   11868 kB
PageTables:        78248 kB
NFS_Unstable:          0 kB
Bounce:                0 kB
WritebackTmp:          0 kB
CommitLimit:     8677876 kB
Committed_AS:   69844568 kB
VmallocTotal:   263061440 kB
VmallocUsed:      129976 kB
VmallocChunk:          0 kB
Percpu:             2448 kB
CmaTotal:         405504 kB
CmaFree:               0 kB
MemTotal:        7918588 kB
MemFree:          167416 kB
MemAvailable:    1183276 kB
Buffers:            2224 kB
Cached:          1086652 kB
SwapCached:        11560 kB
Active:          4809024 kB
Inactive:         302284 kB
Active(anon):    4001072 kB
Inactive(anon):    41640 kB
Active(file):     807952 kB
Inactive(file):   260644 kB
Unevictable:        6420 kB
Mlocked:            5980 kB
SwapTotal:       4718584 kB
SwapFree:        3634056 kB
Dirty:               124 kB
Writeback:             0 kB
AnonPages:       4024568 kB
Mapped:           608948 kB
Shmem:             15480 kB
KReclaimable:     337488 kB
Slab:             313136 kB
SReclaimable:      82964 kB
SUnreclaim:       230172 kB
KernelStack:       47312 kB
ShadowCallStack:   11856 kB
PageTables:        77968 kB
NFS_Unstable:          0 kB
Bounce:                0 kB
WritebackTmp:          0 kB
CommitLimit:     8677876 kB
Committed_AS:   69942876 kB
VmallocTotal:   263061440 kB
VmallocUsed:      129992 kB
VmallocChunk:          0 kB
Percpu:             2448 kB
CmaTotal:         405504 kB
CmaFree:               0 kB
MemTotal:        7918588 kB
MemFree:          166180 kB
MemAvailable:    1145264 kB
Buffers:            2244 kB
Cached:          1052704 kB
SwapCached:        11560 kB
Active:          4849112 kB
Inactive:         266020 kB
Active(anon):    4038708 kB
Inactive(anon):    41644 kB
Active(file):     810404 kB
Inactive(file):   224376 kB
Unevictable:        6420 kB
Mlocked:            5980 kB
SwapTotal:       4718584 kB
SwapFree:        3634056 kB
Dirty:               136 kB
Writeback:             0 kB
AnonPages:       4062492 kB
Mapped:           605612 kB
Shmem:             15484 kB
KReclaimable:     334528 kB
Slab:             312592 kB
SReclaimable:      82340 kB
SUnreclaim:       230252 kB
KernelStack:       47376 kB
ShadowCallStack:   11864 kB
PageTables:        78640 kB
NFS_Unstable:          0 kB
Bounce:                0 kB
WritebackTmp:          0 kB
CommitLimit:     8677876 kB
Committed_AS:   70025448 kB
VmallocTotal:   263061440 kB
VmallocUsed:      130004 kB
VmallocChunk:          0 kB
Percpu:             2448 kB
CmaTotal:         405504 kB
CmaFree:               0 kB
MemTotal:        7918588 kB
MemFree:          168000 kB
MemAvailable:    1081420 kB
Buffers:            2192 kB
Cached:           994696 kB
SwapCached:        11560 kB
Active:          4923528 kB
Inactive:         196136 kB
Active(anon):    4101484 kB
Inactive(anon):    41636 kB
Active(file):     822044 kB
Inactive(file):   154500 kB
Unevictable:        6420 kB
Mlocked:            5980 kB
SwapTotal:       4718584 kB
SwapFree:        3634056 kB
Dirty:               136 kB
Writeback:             0 kB
AnonPages:       4125040 kB
Mapped:           604640 kB
Shmem:             15488 kB
KReclaimable:     327100 kB
Slab:             311100 kB
SReclaimable:      80800 kB
SUnreclaim:       230300 kB
KernelStack:       47360 kB
ShadowCallStack:   11860 kB
PageTables:        78944 kB
NFS_Unstable:          0 kB
Bounce:                0 kB
WritebackTmp:          0 kB
CommitLimit:     8677876 kB
Committed_AS:   70172912 kB
VmallocTotal:   263061440 kB
VmallocUsed:      129980 kB
VmallocChunk:          0 kB
Percpu:             2448 kB
CmaTotal:         405504 kB
CmaFree:               0 kB
MemTotal:        7918588 kB
MemFree:          167460 kB
MemAvailable:    1022884 kB
Buffers:            2184 kB
Cached:           942164 kB
SwapCached:        11560 kB
Active:          4981200 kB
Inactive:         143528 kB
Active(anon):    4158988 kB
Inactive(anon):    41640 kB
Active(file):     822212 kB
Inactive(file):   101888 kB
Unevictable:        6420 kB
Mlocked:            5980 kB
SwapTotal:       4718584 kB
SwapFree:        3634056 kB
Dirty:                 0 kB
Writeback:             0 kB
AnonPages:       4182388 kB
Mapped:           605016 kB
Shmem:             15492 kB
KReclaimable:     321548 kB
Slab:             309608 kB
SReclaimable:      79392 kB
SUnreclaim:       230216 kB
KernelStack:       47296 kB
ShadowCallStack:   11840 kB
PageTables:        78844 kB
NFS_Unstable:          0 kB
Bounce:                0 kB
WritebackTmp:          0 kB
CommitLimit:     8677876 kB
Committed_AS:   70287492 kB
VmallocTotal:   263061440 kB
VmallocUsed:      129936 kB
VmallocChunk:          0 kB
Percpu:             2448 kB
CmaTotal:         405504 kB
CmaFree:               0 kB
MemTotal:        7918588 kB
MemFree:          170080 kB
MemAvailable:     985628 kB
Buffers:            2184 kB
Cached:           906252 kB
SwapCached:        11560 kB
Active:          5017864 kB
Inactive:         107680 kB
Active(anon):    4195652 kB
Inactive(anon):    41632 kB
Active(file):     822212 kB
Inactive(file):    66048 kB
Unevictable:        6420 kB
Mlocked:            5980 kB
SwapTotal:       4718584 kB
SwapFree:        3634056 kB
Dirty:                68 kB
Writeback:             0 kB
AnonPages:       4219200 kB
Mapped:           605224 kB
Shmem:             15492 kB
KReclaimable:     317512 kB
Slab:             308808 kB
SReclaimable:      78484 kB
SUnreclaim:       230324 kB
KernelStack:       47328 kB
ShadowCallStack:   11848 kB
PageTables:        79496 kB
NFS_Unstable:          0 kB
Bounce:                0 kB
WritebackTmp:          0 kB
CommitLimit:     8677876 kB
Committed_AS:   70369308 kB
VmallocTotal:   263061440 kB
VmallocUsed:      129912 kB
VmallocChunk:          0 kB
Percpu:             2448 kB
CmaTotal:         405504 kB
CmaFree:               0 kB
MemTotal:        7918588 kB
MemFree:          165484 kB
MemAvailable:     924688 kB
Buffers:             476 kB
Cached:           860636 kB
SwapCached:        11552 kB
Active:          5035464 kB
Inactive:         102852 kB
Active(anon):    4226924 kB
Inactive(anon):    70236 kB
Active(file):     808540 kB
Inactive(file):    32616 kB
Unevictable:        6420 kB
Mlocked:            5980 kB
SwapTotal:       4718584 kB
SwapFree:        3631752 kB
Dirty:                80 kB
Writeback:             4 kB
AnonPages:       4279240 kB
Mapped:           598348 kB
Shmem:             15348 kB
KReclaimable:     308272 kB
Slab:             307744 kB
SReclaimable:      77500 kB
SUnreclaim:       230244 kB
KernelStack:       47264 kB
ShadowCallStack:   11836 kB
PageTables:        79124 kB
NFS_Unstable:          0 kB
Bounce:                0 kB
WritebackTmp:          0 kB
CommitLimit:     8677876 kB
Committed_AS:   70500484 kB
VmallocTotal:   263061440 kB
VmallocUsed:      129936 kB
VmallocChunk:          0 kB
Percpu:             2448 kB
CmaTotal:         405504 kB
CmaFree:               0 kB
MemTotal:        7918588 kB
MemFree:          178700 kB
MemAvailable:     881528 kB
Buffers:             428 kB
Cached:           817612 kB
SwapCached:        11544 kB
Active:           536388 kB
Inactive:        4599364 kB
Active(anon):     471200 kB
Inactive(anon):  3866556 kB
Active(file):      65188 kB
Inactive(file):   732808 kB
Unevictable:        6420 kB
Mlocked:            5980 kB
SwapTotal:       4718584 kB
SwapFree:        3626120 kB
Dirty:               124 kB
Writeback:             0 kB
AnonPages:       4319756 kB
Mapped:           583708 kB
Shmem:             15360 kB
KReclaimable:     295056 kB
Slab:             307736 kB
SReclaimable:      77300 kB
SUnreclaim:       230436 kB
KernelStack:       47232 kB
ShadowCallStack:   11832 kB
PageTables:        79700 kB
NFS_Unstable:          0 kB
Bounce:                0 kB
WritebackTmp:          0 kB
CommitLimit:     8677876 kB
Committed_AS:   70598592 kB
VmallocTotal:   263061440 kB
VmallocUsed:      129816 kB
VmallocChunk:          0 kB
Percpu:             2448 kB
CmaTotal:         405504 kB
CmaFree:               0 kB
MemTotal:        7918588 kB
MemFree:          168996 kB
MemAvailable:     833312 kB
Buffers:             428 kB
Cached:           781220 kB
SwapCached:        11544 kB
Active:           588232 kB
Inactive:        4557072 kB
Active(anon):     517140 kB
Inactive(anon):  3866488 kB
Active(file):      71092 kB
Inactive(file):   690584 kB
Unevictable:        6420 kB
Mlocked:            5980 kB
SwapTotal:       4718584 kB
SwapFree:        3626120 kB
Dirty:               124 kB
Writeback:             0 kB
AnonPages:       4365672 kB
Mapped:           560088 kB
Shmem:             15360 kB
KReclaimable:     292864 kB
Slab:             307740 kB
SReclaimable:      77300 kB
SUnreclaim:       230440 kB
KernelStack:       47216 kB
ShadowCallStack:   11824 kB
PageTables:        79644 kB
NFS_Unstable:          0 kB
Bounce:                0 kB
WritebackTmp:          0 kB
CommitLimit:     8677876 kB
Committed_AS:   70680408 kB
VmallocTotal:   263061440 kB
VmallocUsed:      129796 kB
VmallocChunk:          0 kB
Percpu:             2448 kB
CmaTotal:         405504 kB
CmaFree:               4 kB
MemTotal:        7918588 kB
MemFree:          166680 kB
MemAvailable:     768960 kB
Buffers:             412 kB
Cached:           723800 kB
SwapCached:        11544 kB
Active:           658060 kB
Inactive:        4493860 kB
Active(anon):     581600 kB
Inactive(anon):  3866324 kB
Active(file):      76460 kB
Inactive(file):   627536 kB
Unevictable:        6420 kB
Mlocked:            5980 kB
SwapTotal:       4718584 kB
SwapFree:        3626120 kB
Dirty:               172 kB
Writeback:             0 kB
AnonPages:       4429944 kB
Mapped:           533420 kB
Shmem:             15360 kB
KReclaimable:     288508 kB
Slab:             307776 kB
SReclaimable:      77296 kB
SUnreclaim:       230480 kB
KernelStack:       47184 kB
ShadowCallStack:   11820 kB
PageTables:        80132 kB
NFS_Unstable:          0 kB
Bounce:                0 kB
WritebackTmp:          0 kB
CommitLimit:     8677876 kB
Committed_AS:   70811428 kB
VmallocTotal:   263061440 kB
VmallocUsed:      129760 kB
VmallocChunk:          0 kB
Percpu:             2448 kB
CmaTotal:         405504 kB
CmaFree:               0 kB
MemTotal:        7918588 kB
MemFree:          169700 kB
MemAvailable:     723312 kB
Buffers:             628 kB
Cached:           677752 kB
SwapCached:        11544 kB
Active:           709544 kB
Inactive:        4442308 kB
Active(anon):     627804 kB
Inactive(anon):  3865716 kB
Active(file):      81740 kB
Inactive(file):   576592 kB
Unevictable:        6420 kB
Mlocked:            5980 kB
SwapTotal:       4718584 kB
SwapFree:        3626376 kB
Dirty:               108 kB
Writeback:             0 kB
AnonPages:       4475444 kB
Mapped:           513276 kB
Shmem:             15364 kB
KReclaimable:     285504 kB
Slab:             307752 kB
SReclaimable:      77292 kB
SUnreclaim:       230460 kB
KernelStack:       47168 kB
ShadowCallStack:   11820 kB
PageTables:        80668 kB
NFS_Unstable:          0 kB
Bounce:                0 kB
WritebackTmp:          0 kB
CommitLimit:     8677876 kB
Committed_AS:   70909632 kB
VmallocTotal:   263061440 kB
VmallocUsed:      129740 kB
VmallocChunk:          0 kB
Percpu:             2448 kB
CmaTotal:         405504 kB
CmaFree:               0 kB
MemTotal:        7918588 kB
MemFree:          166500 kB
MemAvailable:     684508 kB
Buffers:             620 kB
Cached:           645200 kB
SwapCached:        11544 kB
Active:           750800 kB
Inactive:        4406928 kB
Active(anon):     666532 kB
Inactive(anon):  3865424 kB
Active(file):      84268 kB
Inactive(file):   541504 kB
Unevictable:        6420 kB
Mlocked:            5980 kB
SwapTotal:       4718584 kB
SwapFree:        3626376 kB
Dirty:               108 kB
Writeback:             0 kB
AnonPages:       4513872 kB
Mapped:           500764 kB
Shmem:             15364 kB
KReclaimable:     282460 kB
Slab:             307788 kB
SReclaimable:      77288 kB
SUnreclaim:       230500 kB
KernelStack:       47104 kB
ShadowCallStack:   11796 kB
PageTables:        80548 kB
NFS_Unstable:          0 kB
Bounce:                0 kB
WritebackTmp:          0 kB
CommitLimit:     8677876 kB
Committed_AS:   70991448 kB
VmallocTotal:   263061440 kB
VmallocUsed:      129692 kB
VmallocChunk:          0 kB
Percpu:             2448 kB
CmaTotal:         405504 kB
CmaFree:               0 kB
MemTotal:        7918588 kB
MemFree:          167340 kB
MemAvailable:     618532 kB
Buffers:             608 kB
Cached:           582312 kB
SwapCached:        11544 kB
Active:           826236 kB
Inactive:        4335476 kB
Active(anon):     733396 kB
Inactive(anon):  3865236 kB
Active(file):      92840 kB
Inactive(file):   470240 kB
Unevictable:        6420 kB
Mlocked:            5980 kB
SwapTotal:       4718584 kB
SwapFree:        3626376 kB
Dirty:               116 kB
Writeback:             0 kB
AnonPages:       4580888 kB
Mapped:           481660 kB
Shmem:             15364 kB
KReclaimable:     278336 kB
Slab:             307924 kB
SReclaimable:      77284 kB
SUnreclaim:       230640 kB
KernelStack:       47104 kB
ShadowCallStack:   11796 kB
PageTables:        80612 kB
NFS_Unstable:          0 kB
Bounce:                0 kB
WritebackTmp:          0 kB
CommitLimit:     8677876 kB
Committed_AS:   71138804 kB
VmallocTotal:   263061440 kB
VmallocUsed:      129632 kB
VmallocChunk:          0 kB
Percpu:             2448 kB
CmaTotal:         405504 kB
CmaFree:               0 kB
MemTotal:        7918588 kB
MemFree:          170464 kB
MemAvailable:     574756 kB
Buffers:             636 kB
Cached:           538848 kB
SwapCached:        11544 kB
Active:           875096 kB
Inactive:        4285192 kB
Active(anon):     775880 kB
Inactive(anon):  3865036 kB
Active(file):      99216 kB
Inactive(file):   420156 kB
Unevictable:        6420 kB
Mlocked:            5980 kB
SwapTotal:       4718584 kB
SwapFree:        3626376 kB
Dirty:               148 kB
Writeback:             0 kB
AnonPages:       4622776 kB
Mapped:           466248 kB
Shmem:             15364 kB
KReclaimable:     275144 kB
Slab:             307848 kB
SReclaimable:      77204 kB
SUnreclaim:       230644 kB
KernelStack:       47072 kB
ShadowCallStack:   11808 kB
PageTables:        80732 kB
NFS_Unstable:          0 kB
Bounce:                0 kB
WritebackTmp:          0 kB
CommitLimit:     8677876 kB
Committed_AS:   71220720 kB
VmallocTotal:   263061440 kB
VmallocUsed:      129624 kB
VmallocChunk:          0 kB
Percpu:             2448 kB
CmaTotal:         405504 kB
CmaFree:               0 kB
MemTotal:        7918588 kB
MemFree:          169100 kB
MemAvailable:     527208 kB
Buffers:             636 kB
Cached:           495860 kB
SwapCached:        11544 kB
Active:           936804 kB
Inactive:        4229980 kB
Active(anon):     825496 kB
Inactive(anon):  3864844 kB
Active(file):     111308 kB
Inactive(file):   365136 kB
Unevictable:        6420 kB
Mlocked:            5980 kB
SwapTotal:       4718584 kB
SwapFree:        3626376 kB
Dirty:               152 kB
Writeback:             0 kB
AnonPages:       4672248 kB
Mapped:           462660 kB
Shmem:             15364 kB
KReclaimable:     271888 kB
Slab:             307928 kB
SReclaimable:      77204 kB
SUnreclaim:       230724 kB
KernelStack:       47072 kB
ShadowCallStack:   11780 kB
PageTables:        81064 kB
NFS_Unstable:          0 kB
Bounce:                0 kB
WritebackTmp:          0 kB
CommitLimit:     8677876 kB
Committed_AS:   71318964 kB
VmallocTotal:   263061440 kB
VmallocUsed:      129588 kB
VmallocChunk:          0 kB
Percpu:             2448 kB
CmaTotal:         405504 kB
CmaFree:               0 kB
MemTotal:        7918588 kB
MemFree:          167784 kB
MemAvailable:     473808 kB
Buffers:             792 kB
Cached:           446648 kB
SwapCached:        11544 kB
Active:           997592 kB
Inactive:        4170744 kB
Active(anon):     876668 kB
Inactive(anon):  3864348 kB
Active(file):     120924 kB
Inactive(file):   306396 kB
Unevictable:        6420 kB
Mlocked:            5980 kB
SwapTotal:       4718584 kB
SwapFree:        3626376 kB
Dirty:               180 kB
Writeback:             0 kB
AnonPages:       4722928 kB
Mapped:           459476 kB
Shmem:             15396 kB
KReclaimable:     268928 kB
Slab:             307912 kB
SReclaimable:      77204 kB
SUnreclaim:       230708 kB
KernelStack:       47040 kB
ShadowCallStack:   11772 kB
PageTables:        81028 kB
NFS_Unstable:          0 kB
Bounce:                0 kB
WritebackTmp:          0 kB
CommitLimit:     8677876 kB
Committed_AS:   71433628 kB
VmallocTotal:   263061440 kB
VmallocUsed:      129632 kB
VmallocChunk:          0 kB
Percpu:             2448 kB
CmaTotal:         405504 kB
CmaFree:               0 kB
MemTotal:        7918588 kB
MemFree:          165340 kB
MemAvailable:     414164 kB
Buffers:             788 kB
Cached:           392728 kB
SwapCached:        11544 kB
Active:          1058576 kB
Inactive:        4114420 kB
Active(anon):     935220 kB
Inactive(anon):  3864344 kB
Active(file):     123356 kB
Inactive(file):   250076 kB
Unevictable:        6420 kB
Mlocked:            5980 kB
SwapTotal:       4718584 kB
SwapFree:        3626376 kB
Dirty:               180 kB
Writeback:             0 kB
AnonPages:       4781692 kB
Mapped:           450048 kB
Shmem:             15400 kB
KReclaimable:     265616 kB
Slab:             308000 kB
SReclaimable:      77204 kB
SUnreclaim:       230796 kB
KernelStack:       47056 kB
ShadowCallStack:   11788 kB
PageTables:        81784 kB
NFS_Unstable:          0 kB
Bounce:                0 kB
WritebackTmp:          0 kB
CommitLimit:     8677876 kB
Committed_AS:   71548320 kB
VmallocTotal:   263061440 kB
VmallocUsed:      129604 kB
VmallocChunk:          0 kB
Percpu:             2448 kB
CmaTotal:         405504 kB
CmaFree:               0 kB
MemTotal:        7918588 kB
MemFree:          172128 kB
MemAvailable:     363436 kB
Buffers:             784 kB
Cached:           338640 kB
SwapCached:        11544 kB
Active:          1111280 kB
Inactive:        4058088 kB
Active(anon):     985896 kB
Inactive(anon):  3864340 kB
Active(file):     125384 kB
Inactive(file):   193748 kB
Unevictable:        6420 kB
Mlocked:            5980 kB
SwapTotal:       4718584 kB
SwapFree:        3626376 kB
Dirty:               184 kB
Writeback:             0 kB
AnonPages:       4832184 kB
Mapped:           435728 kB
Shmem:             15404 kB
KReclaimable:     262400 kB
Slab:             307984 kB
SReclaimable:      77204 kB
SUnreclaim:       230780 kB
KernelStack:       47008 kB
ShadowCallStack:   11780 kB
PageTables:        81300 kB
NFS_Unstable:          0 kB
Bounce:                0 kB
WritebackTmp:          0 kB
CommitLimit:     8677876 kB
Committed_AS:   71646644 kB
VmallocTotal:   263061440 kB
VmallocUsed:      129616 kB
VmallocChunk:          0 kB
Percpu:             2448 kB
CmaTotal:         405504 kB
CmaFree:               0 kB
MemTotal:        7918588 kB
MemFree:          167384 kB
MemAvailable:     319664 kB
Buffers:             792 kB
Cached:           301920 kB
SwapCached:        11544 kB
Active:          1156532 kB
Inactive:        4019508 kB
Active(anon):    1030300 kB
Inactive(anon):  3863136 kB
Active(file):     126232 kB
Inactive(file):   156372 kB
Unevictable:        6420 kB
Mlocked:            5980 kB
SwapTotal:       4718584 kB
SwapFree:        3626376 kB
Dirty:               192 kB
Writeback:             0 kB
AnonPages:       4875224 kB
Mapped:           418328 kB
Shmem:             15424 kB
KReclaimable:     259900 kB
Slab:             308160 kB
SReclaimable:      77200 kB
SUnreclaim:       230960 kB
KernelStack:       47056 kB
ShadowCallStack:   11796 kB
PageTables:        81988 kB
NFS_Unstable:          0 kB
Bounce:                0 kB
WritebackTmp:          0 kB
CommitLimit:     8677876 kB
Committed_AS:   71728572 kB
VmallocTotal:   263061440 kB
VmallocUsed:      129636 kB
VmallocChunk:          0 kB
Percpu:             2448 kB
CmaTotal:         405504 kB
CmaFree:               0 kB
MemTotal:        7918588 kB
MemFree:          166772 kB
MemAvailable:     265988 kB
Buffers:             792 kB
Cached:           246092 kB
SwapCached:        11544 kB
Active:          1239416 kB
Inactive:        3941852 kB
Active(anon):    1091356 kB
Inactive(anon):  3863136 kB
Active(file):     148060 kB
Inactive(file):    78716 kB
Unevictable:        6420 kB
Mlocked:            5980 kB
SwapTotal:       4718584 kB
SwapFree:        3626376 kB
Dirty:               196 kB
Writeback:             0 kB
AnonPages:       4936392 kB
Mapped:           363020 kB
Shmem:             15424 kB
KReclaimable:     254792 kB
Slab:             307160 kB
SReclaimable:      76332 kB
SUnreclaim:       230828 kB
KernelStack:       47056 kB
ShadowCallStack:   11788 kB
PageTables:        82140 kB
NFS_Unstable:          0 kB
Bounce:                0 kB
WritebackTmp:          0 kB
CommitLimit:     8677876 kB
Committed_AS:   71843256 kB
VmallocTotal:   263061440 kB
VmallocUsed:      129616 kB
VmallocChunk:          0 kB
Percpu:             2448 kB
CmaTotal:         405504 kB
CmaFree:               0 kB
MemTotal:        7918588 kB
MemFree:          173832 kB
MemAvailable:     237344 kB
Buffers:             368 kB
Cached:           189076 kB
SwapCached:        11544 kB
Active:          1313116 kB
Inactive:        3863556 kB
Active(anon):    1144152 kB
Inactive(anon):  3863136 kB
Active(file):     168964 kB
Inactive(file):      420 kB
Unevictable:        6420 kB
Mlocked:            5980 kB
SwapTotal:       4718584 kB
SwapFree:        3626376 kB
Dirty:               224 kB
Writeback:             0 kB
AnonPages:       4989056 kB
Mapped:           307416 kB
Shmem:             15424 kB
KReclaimable:     247784 kB
Slab:             304916 kB
SReclaimable:      74012 kB
SUnreclaim:       230904 kB
KernelStack:       47056 kB
ShadowCallStack:   11776 kB
PageTables:        82068 kB
NFS_Unstable:          0 kB
Bounce:                0 kB
WritebackTmp:          0 kB
CommitLimit:     8677876 kB
Committed_AS:   71941560 kB
VmallocTotal:   263061440 kB
VmallocUsed:      129616 kB
VmallocChunk:          0 kB
Percpu:             2448 kB
CmaTotal:         405504 kB
CmaFree:            3384 kB
MemTotal:        7918588 kB
MemFree:          135420 kB
MemAvailable:     229664 kB
Buffers:             368 kB
Cached:           260400 kB
SwapCached:         9020 kB
Active:          1482076 kB
Inactive:        3736540 kB
Active(anon):    1240744 kB
Inactive(anon):  3736540 kB
Active(file):     241332 kB
Inactive(file):        0 kB
Unevictable:        6424 kB
Mlocked:            5984 kB
SwapTotal:       4718584 kB
SwapFree:        3600264 kB
Dirty:               224 kB
Writeback:             8 kB
AnonPages:       4960580 kB
Mapped:           316360 kB
Shmem:             14744 kB
KReclaimable:     242556 kB
Slab:             304884 kB
SReclaimable:      73904 kB
SUnreclaim:       230980 kB
KernelStack:       45520 kB
ShadowCallStack:   11604 kB
PageTables:        81676 kB
NFS_Unstable:          0 kB
Bounce:                0 kB
WritebackTmp:          0 kB
CommitLimit:     8677876 kB
Committed_AS:   69367972 kB
VmallocTotal:   263061440 kB
VmallocUsed:      127828 kB
VmallocChunk:          0 kB
Percpu:             2448 kB
CmaTotal:         405504 kB
CmaFree:              44 kB
MemTotal:        7918588 kB
MemFree:          173640 kB
MemAvailable:     267804 kB
Buffers:             372 kB
Cached:           281688 kB
SwapCached:         4688 kB
Active:          1589860 kB
Inactive:        3600192 kB
Active(anon):    1326460 kB
Inactive(anon):  3600184 kB
Active(file):     263400 kB
Inactive(file):        8 kB
Unevictable:        6424 kB
Mlocked:            5984 kB
SwapTotal:       4718584 kB
SwapFree:        3519368 kB
Dirty:               236 kB
Writeback:             4 kB
AnonPages:       4914244 kB
Mapped:           322552 kB
Shmem:             13964 kB
KReclaimable:     220324 kB
Slab:             305568 kB
SReclaimable:      74672 kB
SUnreclaim:       230896 kB
KernelStack:       45440 kB
ShadowCallStack:   11380 kB
PageTables:        78944 kB
NFS_Unstable:          0 kB
Bounce:                0 kB
WritebackTmp:          0 kB
CommitLimit:     8677876 kB
Committed_AS:   66720944 kB
VmallocTotal:   263061440 kB
VmallocUsed:      127556 kB
VmallocChunk:          0 kB
Percpu:             2448 kB
CmaTotal:         405504 kB
CmaFree:             384 kB
MemTotal:        7918588 kB
MemFree:          205052 kB
MemAvailable:     290452 kB
Buffers:             396 kB
Cached:           285684 kB
SwapCached:         4272 kB
Active:          1666512 kB
Inactive:        3502260 kB
Active(anon):    1398800 kB
Inactive(anon):  3502184 kB
Active(file):     267712 kB
Inactive(file):       76 kB
Unevictable:        6424 kB
Mlocked:            5984 kB
SwapTotal:       4718584 kB
SwapFree:        3446408 kB
Dirty:               240 kB
Writeback:             0 kB
AnonPages:       4889060 kB
Mapped:           326168 kB
Shmem:             13612 kB
KReclaimable:     198412 kB
Slab:             305028 kB
SReclaimable:      74224 kB
SUnreclaim:       230804 kB
KernelStack:       45424 kB
ShadowCallStack:   11384 kB
PageTables:        79320 kB
NFS_Unstable:          0 kB
Bounce:                0 kB
WritebackTmp:          0 kB
CommitLimit:     8677876 kB
Committed_AS:   66819252 kB
VmallocTotal:   263061440 kB
VmallocUsed:      127536 kB
VmallocChunk:          0 kB
Percpu:             2448 kB
CmaTotal:         405504 kB
CmaFree:             388 kB
MemTotal:        7918588 kB
MemFree:          183136 kB
MemAvailable:     279156 kB
Buffers:             396 kB
Cached:           285920 kB
SwapCached:         4272 kB
Active:          1720176 kB
Inactive:        3467332 kB
Active(anon):    1452244 kB
Inactive(anon):  3467252 kB
Active(file):     267932 kB
Inactive(file):       80 kB
Unevictable:        6424 kB
Mlocked:            5984 kB
SwapTotal:       4718584 kB
SwapFree:        3420552 kB
Dirty:               240 kB
Writeback:             0 kB
AnonPages:       4907652 kB
Mapped:           326568 kB
Shmem:             13616 kB
KReclaimable:     193940 kB
Slab:             305044 kB
SReclaimable:      74224 kB
SUnreclaim:       230820 kB
KernelStack:       45424 kB
ShadowCallStack:   11388 kB
PageTables:        79700 kB
NFS_Unstable:          0 kB
Bounce:                0 kB
WritebackTmp:          0 kB
CommitLimit:     8677876 kB
Committed_AS:   66901168 kB
VmallocTotal:   263061440 kB
VmallocUsed:      127548 kB
VmallocChunk:          0 kB
Percpu:             2448 kB
CmaTotal:         405504 kB
CmaFree:             384 kB
MemTotal:        7918588 kB
MemFree:          157848 kB
MemAvailable:     257424 kB
Buffers:             404 kB
Cached:           290768 kB
SwapCached:         4272 kB
Active:          1767608 kB
Inactive:        3445296 kB
Active(anon):    1494852 kB
Inactive(anon):  3445188 kB
Active(file):     272756 kB
Inactive(file):      108 kB
Unevictable:        6424 kB
Mlocked:            5984 kB
SwapTotal:       4718584 kB
SwapFree:        3399048 kB
Dirty:               192 kB
Writeback:             4 kB
AnonPages:       4927824 kB
Mapped:           328280 kB
Shmem:             13620 kB
KReclaimable:     191348 kB
Slab:             305048 kB
SReclaimable:      74224 kB
SUnreclaim:       230824 kB
KernelStack:       45440 kB
ShadowCallStack:   11372 kB
PageTables:        79744 kB
NFS_Unstable:          0 kB
Bounce:                0 kB
WritebackTmp:          0 kB
CommitLimit:     8677876 kB
Committed_AS:   66999476 kB
VmallocTotal:   263061440 kB
VmallocUsed:      127536 kB
VmallocChunk:          0 kB
Percpu:             2448 kB
CmaTotal:         405504 kB
CmaFree:             380 kB
MemTotal:        7918588 kB
MemFree:          157252 kB
MemAvailable:     257516 kB
Buffers:             404 kB
Cached:           293732 kB
SwapCached:         4276 kB
Active:          1830844 kB
Inactive:        3386464 kB
Active(anon):    1555128 kB
Inactive(anon):  3386348 kB
Active(file):     275716 kB
Inactive(file):      116 kB
Unevictable:        6424 kB
Mlocked:            5984 kB
SwapTotal:       4718584 kB
SwapFree:        3348872 kB
Dirty:               196 kB
Writeback:             0 kB
AnonPages:       4929788 kB
Mapped:           329160 kB
Shmem:             13620 kB
KReclaimable:     186788 kB
Slab:             305068 kB
SReclaimable:      74224 kB
SUnreclaim:       230844 kB
KernelStack:       45472 kB
ShadowCallStack:   11384 kB
PageTables:        80244 kB
NFS_Unstable:          0 kB
Bounce:                0 kB
WritebackTmp:          0 kB
CommitLimit:     8677876 kB
Committed_AS:   67081400 kB
VmallocTotal:   263061440 kB
VmallocUsed:      127580 kB
VmallocChunk:          0 kB
Percpu:             2448 kB
CmaTotal:         405504 kB
CmaFree:             384 kB
MemTotal:        7918588 kB
MemFree:          158520 kB
MemAvailable:     256780 kB
Buffers:             404 kB
Cached:           295212 kB
SwapCached:         4280 kB
Active:          1905736 kB
Inactive:        3314476 kB
Active(anon):    1628544 kB
Inactive(anon):  3314344 kB
Active(file):     277192 kB
Inactive(file):      132 kB
Unevictable:        6424 kB
Mlocked:            5984 kB
SwapTotal:       4718584 kB
SwapFree:        3278984 kB
Dirty:               212 kB
Writeback:             0 kB
AnonPages:       4931376 kB
Mapped:           330704 kB
Shmem:             13620 kB
KReclaimable:     179796 kB
Slab:             305092 kB
SReclaimable:      74224 kB
SUnreclaim:       230868 kB
KernelStack:       45392 kB
ShadowCallStack:   11380 kB
PageTables:        79916 kB
NFS_Unstable:          0 kB
Bounce:                0 kB
WritebackTmp:          0 kB
CommitLimit:     8677876 kB
Committed_AS:   67228852 kB
VmallocTotal:   263061440 kB
VmallocUsed:      127580 kB
VmallocChunk:          0 kB
Percpu:             2448 kB
CmaTotal:         405504 kB
CmaFree:             384 kB
MemTotal:        7918588 kB
MemFree:          161040 kB
MemAvailable:     261336 kB
Buffers:             412 kB
Cached:           299444 kB
SwapCached:         4260 kB
Active:          1951840 kB
Inactive:        3265828 kB
Active(anon):    1670428 kB
Inactive(anon):  3265692 kB
Active(file):     281412 kB
Inactive(file):      136 kB
Unevictable:        6424 kB
Mlocked:            5984 kB
SwapTotal:       4718584 kB
SwapFree:        3238280 kB
Dirty:               212 kB
Writeback:             0 kB
AnonPages:       4924284 kB
Mapped:           331248 kB
Shmem:             13620 kB
KReclaimable:     175420 kB
Slab:             305108 kB
SReclaimable:      74224 kB
SUnreclaim:       230884 kB
KernelStack:       45232 kB
ShadowCallStack:   11352 kB
PageTables:        80300 kB
NFS_Unstable:          0 kB
Bounce:                0 kB
WritebackTmp:          0 kB
CommitLimit:     8677876 kB
Committed_AS:   67294388 kB
VmallocTotal:   263061440 kB
VmallocUsed:      127344 kB
VmallocChunk:          0 kB
Percpu:             2448 kB
CmaTotal:         405504 kB
CmaFree:             384 kB
MemTotal:        7918588 kB
MemFree:          155344 kB
MemAvailable:     253324 kB
Buffers:             412 kB
Cached:           299532 kB
SwapCached:         4260 kB
Active:          2011104 kB
Inactive:        3212852 kB
Active(anon):    1729608 kB
Inactive(anon):  3212712 kB
Active(file):     281496 kB
Inactive(file):      140 kB
Unevictable:        6424 kB
Mlocked:            5984 kB
SwapTotal:       4718584 kB
SwapFree:        3189128 kB
Dirty:               212 kB
Writeback:             0 kB
AnonPages:       4930528 kB
Mapped:           331908 kB
Shmem:             13620 kB
KReclaimable:     170612 kB
Slab:             304900 kB
SReclaimable:      74000 kB
SUnreclaim:       230900 kB
KernelStack:       45232 kB
ShadowCallStack:   11332 kB
PageTables:        80512 kB
NFS_Unstable:          0 kB
Bounce:                0 kB
WritebackTmp:          0 kB
CommitLimit:     8677876 kB
Committed_AS:   67392692 kB
VmallocTotal:   263061440 kB
VmallocUsed:      127312 kB
VmallocChunk:          0 kB
Percpu:             2448 kB
CmaTotal:         405504 kB
CmaFree:             384 kB
MemTotal:        7918588 kB
MemFree:          160616 kB
MemAvailable:     257724 kB
Buffers:             412 kB
Cached:           301036 kB
SwapCached:         4260 kB
Active:          2073160 kB
Inactive:        3149812 kB
Active(anon):    1790216 kB
Inactive(anon):  3149608 kB
Active(file):     282944 kB
Inactive(file):      204 kB
Unevictable:        6424 kB
Mlocked:            5984 kB
SwapTotal:       4718584 kB
SwapFree:        3129480 kB
Dirty:               244 kB
Writeback:             0 kB
AnonPages:       4928056 kB
Mapped:           332828 kB
Shmem:             13620 kB
KReclaimable:     165844 kB
Slab:             304920 kB
SReclaimable:      74000 kB
SUnreclaim:       230920 kB
KernelStack:       45232 kB
ShadowCallStack:   11328 kB
PageTables:        80644 kB
NFS_Unstable:          0 kB
Bounce:                0 kB
WritebackTmp:          0 kB
CommitLimit:     8677876 kB
Committed_AS:   67507384 kB
VmallocTotal:   263061440 kB
VmallocUsed:      127324 kB
VmallocChunk:          0 kB
Percpu:             2448 kB
CmaTotal:         405504 kB
CmaFree:             384 kB
MemTotal:        7918588 kB
MemFree:          158612 kB
MemAvailable:     258080 kB
Buffers:             412 kB
Cached:           304660 kB
SwapCached:         4264 kB
Active:          2118964 kB
Inactive:        3107064 kB
Active(anon):    1832408 kB
Inactive(anon):  3106860 kB
Active(file):     286556 kB
Inactive(file):      204 kB
Unevictable:        6424 kB
Mlocked:            5984 kB
SwapTotal:       4718584 kB
SwapFree:        3088008 kB
Dirty:               208 kB
Writeback:             0 kB
AnonPages:       4927608 kB
Mapped:           334852 kB
Shmem:             13624 kB
KReclaimable:     163340 kB
Slab:             304984 kB
SReclaimable:      74000 kB
SUnreclaim:       230984 kB
KernelStack:       45264 kB
ShadowCallStack:   11336 kB
PageTables:        80888 kB
NFS_Unstable:          0 kB
Bounce:                0 kB
WritebackTmp:          0 kB
CommitLimit:     8677876 kB
Committed_AS:   67572920 kB
VmallocTotal:   263061440 kB
VmallocUsed:      127340 kB
VmallocChunk:          0 kB
Percpu:             2448 kB
CmaTotal:         405504 kB
CmaFree:             480 kB
MemTotal:        7918588 kB
MemFree:          159880 kB
MemAvailable:     257980 kB
Buffers:             412 kB
Cached:           304700 kB
SwapCached:         4264 kB
Active:          2185820 kB
Inactive:        3040532 kB
Active(anon):    1899232 kB
Inactive(anon):  3040324 kB
Active(file):     286588 kB
Inactive(file):      208 kB
Unevictable:        6424 kB
Mlocked:            5984 kB
SwapTotal:       4718584 kB
SwapFree:        3021448 kB
Dirty:               212 kB
Writeback:             0 kB
AnonPages:       4927560 kB
Mapped:           335288 kB
Shmem:             13624 kB
KReclaimable:     160532 kB
Slab:             305012 kB
SReclaimable:      74000 kB
SUnreclaim:       231012 kB
KernelStack:       45280 kB
ShadowCallStack:   11324 kB
PageTables:        80864 kB
NFS_Unstable:          0 kB
Bounce:                0 kB
WritebackTmp:          0 kB
CommitLimit:     8677876 kB
Committed_AS:   67687608 kB
VmallocTotal:   263061440 kB
VmallocUsed:      127308 kB
VmallocChunk:          0 kB
Percpu:             2448 kB
CmaTotal:         405504 kB
CmaFree:             480 kB
MemTotal:        7918588 kB
MemFree:          157416 kB
MemAvailable:     255000 kB
Buffers:             436 kB
Cached:           305372 kB
SwapCached:         4264 kB
Active:          2242284 kB
Inactive:        2988088 kB
Active(anon):    1955024 kB
Inactive(anon):  2987852 kB
Active(file):     287260 kB
Inactive(file):      236 kB
Unevictable:        6424 kB
Mlocked:            5984 kB
SwapTotal:       4718584 kB
SwapFree:        2970504 kB
Dirty:               216 kB
Writeback:             0 kB
AnonPages:       4931176 kB
Mapped:           335668 kB
Shmem:             13624 kB
KReclaimable:     158100 kB
Slab:             305024 kB
SReclaimable:      74000 kB
SUnreclaim:       231024 kB
KernelStack:       45248 kB
ShadowCallStack:   11336 kB
PageTables:        81348 kB
NFS_Unstable:          0 kB
Bounce:                0 kB
WritebackTmp:          0 kB
CommitLimit:     8677876 kB
Committed_AS:   67785912 kB
VmallocTotal:   263061440 kB
VmallocUsed:      127328 kB
VmallocChunk:          0 kB
Percpu:             2448 kB
CmaTotal:         405504 kB
CmaFree:             480 kB
MemTotal:        7918588 kB
MemFree:          156404 kB
MemAvailable:     252720 kB
Buffers:             436 kB
Cached:           305364 kB
SwapCached:         4264 kB
Active:          2291780 kB
Inactive:        2942060 kB
Active(anon):    2004520 kB
Inactive(anon):  2941824 kB
Active(file):     287260 kB
Inactive(file):      236 kB
Unevictable:        6424 kB
Mlocked:            5984 kB
SwapTotal:       4718584 kB
SwapFree:        2924168 kB
Dirty:               216 kB
Writeback:             0 kB
AnonPages:       4934380 kB
Mapped:           335864 kB
Shmem:             13624 kB
KReclaimable:     155564 kB
Slab:             304976 kB
SReclaimable:      73936 kB
SUnreclaim:       231040 kB
KernelStack:       45264 kB
ShadowCallStack:   11336 kB
PageTables:        81740 kB
NFS_Unstable:          0 kB
Bounce:                0 kB
WritebackTmp:          0 kB
CommitLimit:     8677876 kB
Committed_AS:   67884516 kB
VmallocTotal:   263061440 kB
VmallocUsed:      127328 kB
VmallocChunk:          0 kB
Percpu:             2448 kB
CmaTotal:         405504 kB
CmaFree:             480 kB
MemTotal:        7918588 kB
MemFree:          157392 kB
MemAvailable:     270872 kB
Buffers:             444 kB
Cached:           323712 kB
SwapCached:         4284 kB
Active:          2379448 kB
Inactive:        2853244 kB
Active(anon):    2073896 kB
Inactive(anon):  2853000 kB
Active(file):     305552 kB
Inactive(file):      244 kB
Unevictable:        6424 kB
Mlocked:            5984 kB
SwapTotal:       4718584 kB
SwapFree:        2838408 kB
Dirty:               216 kB
Writeback:             0 kB
AnonPages:       4914932 kB
Mapped:           341352 kB
Shmem:             13636 kB
KReclaimable:     153296 kB
Slab:             305436 kB
SReclaimable:      74372 kB
SUnreclaim:       231064 kB
KernelStack:       45264 kB
ShadowCallStack:   11340 kB
PageTables:        81760 kB
NFS_Unstable:          0 kB
Bounce:                0 kB
WritebackTmp:          0 kB
CommitLimit:     8677876 kB
Committed_AS:   67999244 kB
VmallocTotal:   263061440 kB
VmallocUsed:      127316 kB
VmallocChunk:          0 kB
Percpu:             2448 kB
CmaTotal:         405504 kB
CmaFree:             480 kB
MemTotal:        7918588 kB
MemFree:          159140 kB
MemAvailable:     277472 kB
Buffers:             752 kB
Cached:           329732 kB
SwapCached:         4316 kB
Active:          2433272 kB
Inactive:        2796464 kB
Active(anon):    2122132 kB
Inactive(anon):  2795668 kB
Active(file):     311140 kB
Inactive(file):      796 kB
Unevictable:        6424 kB
Mlocked:            5984 kB
SwapTotal:       4718584 kB
SwapFree:        2782856 kB
Dirty:               248 kB
Writeback:             4 kB
AnonPages:       4905712 kB
Mapped:           346296 kB
Shmem:             13692 kB
KReclaimable:     150720 kB
Slab:             305336 kB
SReclaimable:      74340 kB
SUnreclaim:       230996 kB
KernelStack:       45248 kB
ShadowCallStack:   11332 kB
PageTables:        82076 kB
NFS_Unstable:          0 kB
Bounce:                0 kB
WritebackTmp:          0 kB
CommitLimit:     8677876 kB
Committed_AS:   68081172 kB
VmallocTotal:   263061440 kB
VmallocUsed:      127332 kB
VmallocChunk:          0 kB
Percpu:             2448 kB
CmaTotal:         405504 kB
CmaFree:             480 kB
MemTotal:        7918588 kB
MemFree:          155916 kB
MemAvailable:     274440 kB
Buffers:             752 kB
Cached:           331056 kB
SwapCached:         4348 kB
Active:          2484756 kB
Inactive:        2751600 kB
Active(anon):    2172276 kB
Inactive(anon):  2750656 kB
Active(file):     312480 kB
Inactive(file):      944 kB
Unevictable:        6424 kB
Mlocked:            5984 kB
SwapTotal:       4718584 kB
SwapFree:        2740104 kB
Dirty:               284 kB
Writeback:             0 kB
AnonPages:       4911192 kB
Mapped:           347280 kB
Shmem:             13700 kB
KReclaimable:     148128 kB
Slab:             305236 kB
SReclaimable:      74228 kB
SUnreclaim:       231008 kB
KernelStack:       45216 kB
ShadowCallStack:   11340 kB
PageTables:        82036 kB
NFS_Unstable:          0 kB
Bounce:                0 kB
WritebackTmp:          0 kB
CommitLimit:     8677876 kB
Committed_AS:   68163092 kB
VmallocTotal:   263061440 kB
VmallocUsed:      127320 kB
VmallocChunk:          0 kB
Percpu:             2448 kB
CmaTotal:         405504 kB
CmaFree:             480 kB
MemTotal:        7918588 kB
MemFree:          156568 kB
MemAvailable:     274848 kB
Buffers:             752 kB
Cached:           331052 kB
SwapCached:         4352 kB
Active:          2536856 kB
Inactive:        2696952 kB
Active(anon):    2224376 kB
Inactive(anon):  2696008 kB
Active(file):     312480 kB
Inactive(file):      944 kB
Unevictable:        6424 kB
Mlocked:            5984 kB
SwapTotal:       4718584 kB
SwapFree:        2685832 kB
Dirty:               284 kB
Writeback:             0 kB
AnonPages:       4908276 kB
Mapped:           347668 kB
Shmem:             13700 kB
KReclaimable:     147640 kB
Slab:             305388 kB
SReclaimable:      74356 kB
SUnreclaim:       231032 kB
KernelStack:       45232 kB
ShadowCallStack:   11328 kB
PageTables:        82084 kB
NFS_Unstable:          0 kB
Bounce:                0 kB
WritebackTmp:          0 kB
CommitLimit:     8677876 kB
Committed_AS:   68277784 kB
VmallocTotal:   263061440 kB
VmallocUsed:      127340 kB
VmallocChunk:          0 kB
Percpu:             2448 kB
CmaTotal:         405504 kB
CmaFree:             480 kB
MemTotal:        7918588 kB
MemFree:          157268 kB
MemAvailable:     276752 kB
Buffers:             752 kB
Cached:           333428 kB
SwapCached:         4348 kB
Active:          2597868 kB
Inactive:        2637372 kB
Active(anon):    2283024 kB
Inactive(anon):  2636424 kB
Active(file):     314844 kB
Inactive(file):      948 kB
Unevictable:        6424 kB
Mlocked:            5984 kB
SwapTotal:       4718584 kB
SwapFree:        2627464 kB
Dirty:               288 kB
Writeback:             0 kB
AnonPages:       4907504 kB
