MemTotal:        7918584 kB
MemFree:         2779320 kB
MemAvailable:    4437332 kB
Buffers:            4228 kB
Cached:          1507448 kB
SwapCached:         1800 kB
Active:          1036668 kB
Inactive:        1736188 kB
Active(anon):     397448 kB
Inactive(anon):   887012 kB
Active(file):     639220 kB
Inactive(file):   849176 kB
Unevictable:        6356 kB
Mlocked:            5916 kB
SwapTotal:       4718584 kB
SwapFree:        4626168 kB
Dirty:             18664 kB
Writeback:             0 kB
AnonPages:       1266244 kB
Mapped:           534792 kB
Shmem:             18480 kB
KReclaimable:     559840 kB
Slab:             313740 kB
SReclaimable:      88752 kB
SUnreclaim:       224988 kB
KernelStack:       48912 kB
ShadowCallStack:   12252 kB
PageTables:        66704 kB
NFS_Unstable:          0 kB
Bounce:                0 kB
WritebackTmp:          0 kB
CommitLimit:     8677876 kB
Committed_AS:   70045440 kB
VmallocTotal:   263061440 kB
VmallocUsed:      131952 kB
VmallocChunk:          0 kB
Percpu:             2520 kB
CmaTotal:         405504 kB
CmaFree:          156472 kB
MemTotal:        7918584 kB
MemFree:         2795484 kB
MemAvailable:    4730952 kB
Buffers:            4284 kB
Cached:          1513972 kB
SwapCached:         1832 kB
Active:          1018680 kB
Inactive:        1736456 kB
Active(anon):     373472 kB
Inactive(anon):   886912 kB
Active(file):     645208 kB
Inactive(file):   849544 kB
Unevictable:        6356 kB
Mlocked:            5916 kB
SwapTotal:       4718584 kB
SwapFree:        4626168 kB
Dirty:             18672 kB
Writeback:             0 kB
AnonPages:       1241672 kB
Mapped:           563608 kB
Shmem:             18720 kB
KReclaimable:     830940 kB
Slab:             313420 kB
SReclaimable:      88836 kB
SUnreclaim:       224584 kB
KernelStack:       49392 kB
ShadowCallStack:   12396 kB
PageTables:        67092 kB
NFS_Unstable:          0 kB
Bounce:                0 kB
WritebackTmp:          0 kB
CommitLimit:     8677876 kB
Committed_AS:   70092920 kB
VmallocTotal:   263061440 kB
VmallocUsed:      132512 kB
VmallocChunk:          0 kB
Percpu:             2520 kB
CmaTotal:         405504 kB
CmaFree:          156472 kB
MemTotal:        7918584 kB
MemFree:         2772964 kB
MemAvailable:    4535616 kB
Buffers:            4308 kB
Cached:          1514132 kB
SwapCached:         1840 kB
Active:          1039320 kB
Inactive:        1736596 kB
Active(anon):     394112 kB
Inactive(anon):   886904 kB
Active(file):     645208 kB
Inactive(file):   849692 kB
Unevictable:        6356 kB
Mlocked:            5916 kB
SwapTotal:       4718584 kB
SwapFree:        4626168 kB
Dirty:             18768 kB
Writeback:             0 kB
AnonPages:       1262516 kB
Mapped:           583824 kB
Shmem:             18756 kB
KReclaimable:     657976 kB
Slab:             313744 kB
SReclaimable:      88856 kB
SUnreclaim:       224888 kB
KernelStack:       49344 kB
ShadowCallStack:   12368 kB
PageTables:        67548 kB
NFS_Unstable:          0 kB
Bounce:                0 kB
WritebackTmp:          0 kB
CommitLimit:     8677876 kB
Committed_AS:   70113880 kB
VmallocTotal:   263061440 kB
VmallocUsed:      132476 kB
VmallocChunk:          0 kB
Percpu:             2520 kB
CmaTotal:         405504 kB
CmaFree:          156472 kB
MemTotal:        7918584 kB
MemFree:         2769516 kB
MemAvailable:    4531328 kB
Buffers:            4308 kB
Cached:          1514140 kB
SwapCached:         1840 kB
Active:          1043324 kB
Inactive:        1736604 kB
Active(anon):     398116 kB
Inactive(anon):   886904 kB
Active(file):     645208 kB
Inactive(file):   849700 kB
Unevictable:        6356 kB
Mlocked:            5916 kB
SwapTotal:       4718584 kB
SwapFree:        4626168 kB
Dirty:             18772 kB
Writeback:             0 kB
AnonPages:       1266748 kB
Mapped:           584560 kB
Shmem:             18756 kB
KReclaimable:     657128 kB
Slab:             313560 kB
SReclaimable:      88776 kB
SUnreclaim:       224784 kB
KernelStack:       49392 kB
ShadowCallStack:   12360 kB
PageTables:        67264 kB
NFS_Unstable:          0 kB
Bounce:                0 kB
WritebackTmp:          0 kB
CommitLimit:     8677876 kB
Committed_AS:   70113880 kB
VmallocTotal:   263061440 kB
VmallocUsed:      132552 kB
VmallocChunk:          0 kB
Percpu:             2520 kB
CmaTotal:         405504 kB
CmaFree:          156472 kB
MemTotal:        7918584 kB
MemFree:         2770012 kB
MemAvailable:    4533524 kB
Buffers:            4308 kB
Cached:          1515928 kB
SwapCached:         1840 kB
Active:          1046804 kB
Inactive:        1731836 kB
Active(anon):     399848 kB
Inactive(anon):   882116 kB
Active(file):     646956 kB
Inactive(file):   849720 kB
Unevictable:        6356 kB
Mlocked:            5916 kB
SwapTotal:       4718584 kB
SwapFree:        4626168 kB
Dirty:             18792 kB
Writeback:             0 kB
AnonPages:       1263376 kB
Mapped:           585804 kB
Shmem:             18776 kB
KReclaimable:     657060 kB
Slab:             313584 kB
SReclaimable:      88776 kB
SUnreclaim:       224808 kB
KernelStack:       49408 kB
ShadowCallStack:   12368 kB
PageTables:        67400 kB
NFS_Unstable:          0 kB
Bounce:                0 kB
WritebackTmp:          0 kB
CommitLimit:     8677876 kB
Committed_AS:   70113840 kB
VmallocTotal:   263061440 kB
VmallocUsed:      132512 kB
VmallocChunk:          0 kB
Percpu:             2520 kB
CmaTotal:         405504 kB
CmaFree:          157412 kB
MemTotal:        7918584 kB
MemFree:         2775624 kB
MemAvailable:    4559340 kB
Buffers:            4308 kB
Cached:          1515928 kB
SwapCached:         1840 kB
Active:          1041200 kB
Inactive:        1731104 kB
Active(anon):     394244 kB
Inactive(anon):   881384 kB
Active(file):     646956 kB
Inactive(file):   849720 kB
Unevictable:        6356 kB
Mlocked:            5916 kB
SwapTotal:       4718584 kB
SwapFree:        4626168 kB
Dirty:             18792 kB
Writeback:             0 kB
AnonPages:       1257056 kB
Mapped:           585704 kB
Shmem:             18776 kB
KReclaimable:     677264 kB
Slab:             313580 kB
SReclaimable:      88776 kB
SUnreclaim:       224804 kB
KernelStack:       49152 kB
ShadowCallStack:   12316 kB
PageTables:        67204 kB
NFS_Unstable:          0 kB
Bounce:                0 kB
WritebackTmp:          0 kB
CommitLimit:     8677876 kB
Committed_AS:   70113356 kB
VmallocTotal:   263061440 kB
VmallocUsed:      132052 kB
VmallocChunk:          0 kB
Percpu:             2520 kB
CmaTotal:         405504 kB
CmaFree:          157412 kB
MemTotal:        7918584 kB
MemFree:         2754584 kB
MemAvailable:    4538300 kB
Buffers:            4308 kB
Cached:          1515928 kB
SwapCached:         1840 kB
Active:          1063816 kB
Inactive:        1731016 kB
Active(anon):     416860 kB
Inactive(anon):   881296 kB
Active(file):     646956 kB
Inactive(file):   849720 kB
Unevictable:        6356 kB
Mlocked:            5916 kB
SwapTotal:       4718584 kB
SwapFree:        4626168 kB
Dirty:             18792 kB
Writeback:             0 kB
AnonPages:       1279544 kB
Mapped:           587340 kB
Shmem:             18776 kB
KReclaimable:     677264 kB
Slab:             313580 kB
SReclaimable:      88776 kB
SUnreclaim:       224804 kB
KernelStack:       49184 kB
ShadowCallStack:   12328 kB
PageTables:        67464 kB
NFS_Unstable:          0 kB
Bounce:                0 kB
WritebackTmp:          0 kB
CommitLimit:     8677876 kB
Committed_AS:   70133920 kB
VmallocTotal:   263061440 kB
VmallocUsed:      132036 kB
VmallocChunk:          0 kB
Percpu:             2520 kB
CmaTotal:         405504 kB
CmaFree:          157412 kB
MemTotal:        7918584 kB
MemFree:         2581332 kB
MemAvailable:    4332432 kB
Buffers:            4308 kB
Cached:          1516068 kB
SwapCached:         1840 kB
Active:          1237248 kB
Inactive:        1731024 kB
Active(anon):     590160 kB
Inactive(anon):   881296 kB
Active(file):     647088 kB
Inactive(file):   849728 kB
Unevictable:        6356 kB
Mlocked:            5916 kB
SwapTotal:       4718584 kB
SwapFree:        4626168 kB
Dirty:             18800 kB
Writeback:             0 kB
AnonPages:       1453224 kB
Mapped:           632228 kB
Shmem:             18776 kB
KReclaimable:     644508 kB
Slab:             313716 kB
SReclaimable:      88792 kB
SUnreclaim:       224924 kB
KernelStack:       49152 kB
ShadowCallStack:   12312 kB
PageTables:        67628 kB
NFS_Unstable:          0 kB
Bounce:                0 kB
WritebackTmp:          0 kB
CommitLimit:     8677876 kB
Committed_AS:   70423344 kB
VmallocTotal:   263061440 kB
VmallocUsed:      131980 kB
VmallocChunk:          0 kB
Percpu:             2520 kB
CmaTotal:         405504 kB
CmaFree:          157412 kB
MemTotal:        7918584 kB
MemFree:         2546324 kB
MemAvailable:    4263884 kB
Buffers:            4316 kB
Cached:          1516104 kB
SwapCached:         1840 kB
Active:          1271248 kB
Inactive:        1731068 kB
Active(anon):     624160 kB
Inactive(anon):   881296 kB
Active(file):     647088 kB
Inactive(file):   849772 kB
Unevictable:        6356 kB
Mlocked:            5916 kB
SwapTotal:       4718584 kB
SwapFree:        4626168 kB
Dirty:             18824 kB
Writeback:             0 kB
AnonPages:       1486848 kB
Mapped:           670396 kB
Shmem:             18776 kB
KReclaimable:     610924 kB
Slab:             313888 kB
SReclaimable:      88808 kB
SUnreclaim:       225080 kB
KernelStack:       49168 kB
ShadowCallStack:   12320 kB
PageTables:        68048 kB
NFS_Unstable:          0 kB
Bounce:                0 kB
WritebackTmp:          0 kB
CommitLimit:     8677876 kB
Committed_AS:   70495668 kB
VmallocTotal:   263061440 kB
VmallocUsed:      132048 kB
VmallocChunk:          0 kB
Percpu:             2520 kB
CmaTotal:         405504 kB
CmaFree:          157412 kB
MemTotal:        7918584 kB
MemFree:         2444224 kB
MemAvailable:    4002896 kB
Buffers:            4340 kB
Cached:          1517292 kB
SwapCached:         1840 kB
Active:          1372696 kB
Inactive:        1731068 kB
Active(anon):     724584 kB
Inactive(anon):   881184 kB
Active(file):     648112 kB
Inactive(file):   849884 kB
Unevictable:        6356 kB
Mlocked:            5916 kB
SwapTotal:       4718584 kB
SwapFree:        4626168 kB
Dirty:             18140 kB
Writeback:             0 kB
AnonPages:       1587172 kB
Mapped:           682960 kB
Shmem:             18852 kB
KReclaimable:     450900 kB
Slab:             314212 kB
SReclaimable:      88808 kB
SUnreclaim:       225404 kB
KernelStack:       49376 kB
ShadowCallStack:   12364 kB
PageTables:        68752 kB
NFS_Unstable:          0 kB
Bounce:                0 kB
WritebackTmp:          0 kB
CommitLimit:     8677876 kB
Committed_AS:   70652888 kB
VmallocTotal:   263061440 kB
VmallocUsed:      132264 kB
VmallocChunk:          0 kB
Percpu:             2520 kB
CmaTotal:         405504 kB
CmaFree:          157412 kB
MemTotal:        7918584 kB
MemFree:         2344944 kB
MemAvailable:    3902236 kB
Buffers:            4340 kB
Cached:          1517408 kB
SwapCached:         1840 kB
Active:          1470064 kB
Inactive:        1731072 kB
Active(anon):     821952 kB
Inactive(anon):   881184 kB
Active(file):     648112 kB
Inactive(file):   849888 kB
Unevictable:        6356 kB
Mlocked:            5916 kB
SwapTotal:       4718584 kB
SwapFree:        4626168 kB
Dirty:             18460 kB
Writeback:             0 kB
AnonPages:       1684328 kB
Mapped:           684616 kB
Shmem:             18964 kB
KReclaimable:     449516 kB
Slab:             314208 kB
SReclaimable:      88808 kB
SUnreclaim:       225400 kB
KernelStack:       49344 kB
ShadowCallStack:   12360 kB
PageTables:        69132 kB
NFS_Unstable:          0 kB
Bounce:                0 kB
WritebackTmp:          0 kB
CommitLimit:     8677876 kB
Committed_AS:   70898620 kB
VmallocTotal:   263061440 kB
VmallocUsed:      132244 kB
VmallocChunk:          0 kB
Percpu:             2520 kB
CmaTotal:         405504 kB
CmaFree:          157412 kB
MemTotal:        7918584 kB
MemFree:         2308428 kB
MemAvailable:    3988164 kB
Buffers:            4364 kB
Cached:          1519048 kB
SwapCached:         1840 kB
Active:          1508164 kB
Inactive:        1730628 kB
Active(anon):     858264 kB
Inactive(anon):   880716 kB
Active(file):     649900 kB
Inactive(file):   849912 kB
Unevictable:        6356 kB
Mlocked:            5916 kB
SwapTotal:       4718584 kB
SwapFree:        4626168 kB
Dirty:             18460 kB
Writeback:             0 kB
AnonPages:       1720496 kB
Mapped:           684812 kB
Shmem:             18816 kB
KReclaimable:     570148 kB
Slab:             314144 kB
SReclaimable:      88808 kB
SUnreclaim:       225336 kB
KernelStack:       49200 kB
ShadowCallStack:   12328 kB
PageTables:        69344 kB
NFS_Unstable:          0 kB
Bounce:                0 kB
WritebackTmp:          0 kB
CommitLimit:     8677876 kB
Committed_AS:   71094892 kB
VmallocTotal:   263061440 kB
VmallocUsed:      132096 kB
VmallocChunk:          0 kB
Percpu:             2520 kB
CmaTotal:         405504 kB
CmaFree:          157412 kB
MemTotal:        7918584 kB
MemFree:         2199728 kB
MemAvailable:    3869528 kB
Buffers:            4512 kB
Cached:          1519208 kB
SwapCached:         1840 kB
Active:          1615944 kB
Inactive:        1730720 kB
Active(anon):     965916 kB
Inactive(anon):   880628 kB
Active(file):     650028 kB
Inactive(file):   850092 kB
Unevictable:        6356 kB
Mlocked:            5916 kB
SwapTotal:       4718584 kB
SwapFree:        4626168 kB
Dirty:             18484 kB
Writeback:             0 kB
AnonPages:       1828128 kB
Mapped:           686048 kB
Shmem:             18816 kB
KReclaimable:     559904 kB
Slab:             314216 kB
SReclaimable:      88808 kB
SUnreclaim:       225408 kB
KernelStack:       49232 kB
ShadowCallStack:   12332 kB
PageTables:        69892 kB
NFS_Unstable:          0 kB
Bounce:                0 kB
WritebackTmp:          0 kB
CommitLimit:     8677876 kB
Committed_AS:   71373368 kB
VmallocTotal:   263061440 kB
VmallocUsed:      132088 kB
VmallocChunk:          0 kB
Percpu:             2520 kB
CmaTotal:         405504 kB
CmaFree:          157412 kB
MemTotal:        7918584 kB
MemFree:         2108456 kB
MemAvailable:    3777404 kB
Buffers:            4512 kB
Cached:          1519228 kB
SwapCached:         1840 kB
Active:          1712648 kB
Inactive:        1724324 kB
Active(anon):    1062620 kB
Inactive(anon):   874212 kB
Active(file):     650028 kB
Inactive(file):   850112 kB
Unevictable:        6356 kB
Mlocked:            5916 kB
SwapTotal:       4718584 kB
SwapFree:        4626168 kB
Dirty:             18504 kB
Writeback:             0 kB
AnonPages:       1918012 kB
Mapped:           686148 kB
Shmem:             18816 kB
KReclaimable:     559032 kB
Slab:             314220 kB
SReclaimable:      88808 kB
SUnreclaim:       225412 kB
KernelStack:       49216 kB
ShadowCallStack:   12320 kB
PageTables:        70292 kB
NFS_Unstable:          0 kB
Bounce:                0 kB
WritebackTmp:          0 kB
CommitLimit:     8677876 kB
Committed_AS:   71586316 kB
VmallocTotal:   263061440 kB
VmallocUsed:      132068 kB
VmallocChunk:          0 kB
Percpu:             2520 kB
CmaTotal:         405504 kB
CmaFree:          157412 kB
MemTotal:        7918584 kB
MemFree:         2009600 kB
MemAvailable:    3677036 kB
Buffers:            4512 kB
Cached:          1519228 kB
SwapCached:         1840 kB
Active:          1812712 kB
Inactive:        1724220 kB
Active(anon):    1162684 kB
Inactive(anon):   874108 kB
Active(file):     650028 kB
Inactive(file):   850112 kB
Unevictable:        6356 kB
Mlocked:            5916 kB
SwapTotal:       4718584 kB
SwapFree:        4626168 kB
Dirty:             17768 kB
Writeback:             0 kB
AnonPages:       2018180 kB
Mapped:           687308 kB
Shmem:             18816 kB
KReclaimable:     557520 kB
Slab:             314256 kB
SReclaimable:      88808 kB
SUnreclaim:       225448 kB
KernelStack:       49200 kB
ShadowCallStack:   12324 kB
PageTables:        70928 kB
NFS_Unstable:          0 kB
Bounce:                0 kB
WritebackTmp:          0 kB
CommitLimit:     8677876 kB
Committed_AS:   71848460 kB
VmallocTotal:   263061440 kB
VmallocUsed:      132068 kB
VmallocChunk:          0 kB
Percpu:             2520 kB
CmaTotal:         405504 kB
CmaFree:          157412 kB
MemTotal:        7918584 kB
MemFree:         1921028 kB
MemAvailable:    3588356 kB
Buffers:            4512 kB
Cached:          1519852 kB
SwapCached:         1840 kB
Active:          1902384 kB
Inactive:        1722548 kB
Active(anon):    1251736 kB
Inactive(anon):   872436 kB
Active(file):     650648 kB
Inactive(file):   850112 kB
Unevictable:        6356 kB
Mlocked:            5916 kB
SwapTotal:       4718584 kB
SwapFree:        4626168 kB
Dirty:             17768 kB
Writeback:             0 kB
AnonPages:       2105612 kB
Mapped:           688640 kB
Shmem:             18820 kB
KReclaimable:     556792 kB
Slab:             314284 kB
SReclaimable:      88808 kB
SUnreclaim:       225476 kB
KernelStack:       49200 kB
ShadowCallStack:   12324 kB
PageTables:        71368 kB
NFS_Unstable:          0 kB
Bounce:                0 kB
WritebackTmp:          0 kB
CommitLimit:     8677876 kB
Committed_AS:   72077784 kB
VmallocTotal:   263061440 kB
VmallocUsed:      132048 kB
VmallocChunk:          0 kB
Percpu:             2520 kB
CmaTotal:         405504 kB
CmaFree:          157796 kB
MemTotal:        7918584 kB
MemFree:         1843616 kB
MemAvailable:    3510112 kB
Buffers:            4520 kB
Cached:          1519848 kB
SwapCached:         1840 kB
Active:          1978736 kB
Inactive:        1722548 kB
Active(anon):    1328088 kB
Inactive(anon):   872436 kB
Active(file):     650648 kB
Inactive(file):   850112 kB
Unevictable:        6356 kB
Mlocked:            5916 kB
SwapTotal:       4718584 kB
SwapFree:        4626168 kB
Dirty:             17768 kB
Writeback:             0 kB
AnonPages:       2181952 kB
Mapped:           689192 kB
Shmem:             18824 kB
KReclaimable:     555960 kB
Slab:             314308 kB
SReclaimable:      88808 kB
SUnreclaim:       225500 kB
KernelStack:       49200 kB
ShadowCallStack:   12312 kB
PageTables:        71612 kB
NFS_Unstable:          0 kB
Bounce:                0 kB
WritebackTmp:          0 kB
CommitLimit:     8677876 kB
Committed_AS:   72258012 kB
VmallocTotal:   263061440 kB
VmallocUsed:      132048 kB
VmallocChunk:          0 kB
Percpu:             2520 kB
CmaTotal:         405504 kB
CmaFree:          157796 kB
MemTotal:        7918584 kB
MemFree:         1760408 kB
MemAvailable:    3425704 kB
Buffers:            4528 kB
Cached:          1519864 kB
SwapCached:         1840 kB
Active:          2061012 kB
Inactive:        1722572 kB
Active(anon):    1410364 kB
Inactive(anon):   872436 kB
Active(file):     650648 kB
Inactive(file):   850136 kB
Unevictable:        6356 kB
Mlocked:            5916 kB
SwapTotal:       4718584 kB
SwapFree:        4626168 kB
Dirty:             17868 kB
Writeback:             0 kB
AnonPages:       2264188 kB
Mapped:           689856 kB
Shmem:             18824 kB
KReclaimable:     554736 kB
Slab:             314360 kB
SReclaimable:      88808 kB
SUnreclaim:       225552 kB
KernelStack:       49184 kB
ShadowCallStack:   12312 kB
PageTables:        72144 kB
NFS_Unstable:          0 kB
Bounce:                0 kB
WritebackTmp:          0 kB
CommitLimit:     8677876 kB
Committed_AS:   72454620 kB
VmallocTotal:   263061440 kB
VmallocUsed:      132056 kB
VmallocChunk:          0 kB
Percpu:             2520 kB
CmaTotal:         405504 kB
CmaFree:          157796 kB
MemTotal:        7918584 kB
MemFree:         1673680 kB
MemAvailable:    3337648 kB
Buffers:            4528 kB
Cached:          1519864 kB
SwapCached:         1840 kB
Active:          2147032 kB
Inactive:        1722572 kB
Active(anon):    1496384 kB
Inactive(anon):   872436 kB
Active(file):     650648 kB
Inactive(file):   850136 kB
Unevictable:        6356 kB
Mlocked:            5916 kB
SwapTotal:       4718584 kB
SwapFree:        4626168 kB
Dirty:             17712 kB
Writeback:             0 kB
AnonPages:       2350124 kB
Mapped:           691020 kB
Shmem:             18824 kB
KReclaimable:     553408 kB
Slab:             314412 kB
SReclaimable:      88808 kB
SUnreclaim:       225604 kB
KernelStack:       49184 kB
ShadowCallStack:   12320 kB
PageTables:        72484 kB
NFS_Unstable:          0 kB
Bounce:                0 kB
WritebackTmp:          0 kB
CommitLimit:     8677876 kB
Committed_AS:   72634848 kB
VmallocTotal:   263061440 kB
VmallocUsed:      132048 kB
VmallocChunk:          0 kB
Percpu:             2520 kB
CmaTotal:         405504 kB
CmaFree:          157796 kB
MemTotal:        7918584 kB
MemFree:         1636068 kB
MemAvailable:    3299716 kB
Buffers:            4528 kB
Cached:          1519868 kB
SwapCached:         1840 kB
Active:          2184880 kB
Inactive:        1722572 kB
Active(anon):    1534232 kB
Inactive(anon):   872436 kB
Active(file):     650648 kB
Inactive(file):   850136 kB
Unevictable:        6356 kB
Mlocked:            5916 kB
SwapTotal:       4718584 kB
SwapFree:        4626168 kB
Dirty:             17712 kB
Writeback:             0 kB
AnonPages:       2387884 kB
Mapped:           691148 kB
Shmem:             18828 kB
KReclaimable:     553088 kB
Slab:             314436 kB
SReclaimable:      88808 kB
SUnreclaim:       225628 kB
KernelStack:       49168 kB
ShadowCallStack:   12324 kB
PageTables:        72516 kB
NFS_Unstable:          0 kB
Bounce:                0 kB
WritebackTmp:          0 kB
CommitLimit:     8677876 kB
Committed_AS:   72700388 kB
VmallocTotal:   263061440 kB
VmallocUsed:      132048 kB
VmallocChunk:          0 kB
Percpu:             2520 kB
CmaTotal:         405504 kB
CmaFree:          157796 kB
MemTotal:        7918584 kB
MemFree:         1588636 kB
MemAvailable:    3251540 kB
Buffers:            4528 kB
Cached:          1519868 kB
SwapCached:         1840 kB
Active:          2232752 kB
Inactive:        1722224 kB
Active(anon):    1582104 kB
Inactive(anon):   872088 kB
Active(file):     650648 kB
Inactive(file):   850136 kB
Unevictable:        6356 kB
Mlocked:            5916 kB
SwapTotal:       4718584 kB
SwapFree:        4626168 kB
Dirty:             17720 kB
Writeback:             0 kB
AnonPages:       2435604 kB
Mapped:           691796 kB
Shmem:             18828 kB
KReclaimable:     552344 kB
Slab:             314444 kB
SReclaimable:      88808 kB
SUnreclaim:       225636 kB
KernelStack:       49232 kB
ShadowCallStack:   12332 kB
PageTables:        72704 kB
NFS_Unstable:          0 kB
Bounce:                0 kB
WritebackTmp:          0 kB
CommitLimit:     8677876 kB
Committed_AS:   72798688 kB
VmallocTotal:   263061440 kB
VmallocUsed:      132052 kB
VmallocChunk:          0 kB
Percpu:             2520 kB
CmaTotal:         405504 kB
CmaFree:          157796 kB
MemTotal:        7918584 kB
MemFree:         1564528 kB
MemAvailable:    3227040 kB
Buffers:            4552 kB
Cached:          1519804 kB
SwapCached:         1840 kB
Active:          2257304 kB
Inactive:        1722248 kB
Active(anon):    1606656 kB
Inactive(anon):   872088 kB
Active(file):     650648 kB
Inactive(file):   850160 kB
Unevictable:        6356 kB
Mlocked:            5916 kB
SwapTotal:       4718584 kB
SwapFree:        4626168 kB
Dirty:             17752 kB
Writeback:             0 kB
AnonPages:       2460304 kB
Mapped:           691996 kB
Shmem:             18764 kB
KReclaimable:     551928 kB
Slab:             314464 kB
SReclaimable:      88808 kB
SUnreclaim:       225656 kB
KernelStack:       49184 kB
ShadowCallStack:   12320 kB
PageTables:        72864 kB
NFS_Unstable:          0 kB
Bounce:                0 kB
WritebackTmp:          0 kB
CommitLimit:     8677876 kB
Committed_AS:   72847776 kB
VmallocTotal:   263061440 kB
VmallocUsed:      132036 kB
VmallocChunk:          0 kB
Percpu:             2520 kB
CmaTotal:         405504 kB
CmaFree:          157796 kB
MemTotal:        7918584 kB
MemFree:         1555448 kB
MemAvailable:    3217776 kB
Buffers:            4552 kB
Cached:          1519816 kB
SwapCached:         1840 kB
Active:          2265904 kB
Inactive:        1722256 kB
Active(anon):    1615256 kB
Inactive(anon):   872088 kB
Active(file):     650648 kB
Inactive(file):   850168 kB
Unevictable:        6356 kB
Mlocked:            5916 kB
SwapTotal:       4718584 kB
SwapFree:        4626168 kB
Dirty:             17760 kB
Writeback:             0 kB
AnonPages:       2468692 kB
Mapped:           692112 kB
Shmem:             18768 kB
KReclaimable:     551736 kB
Slab:             314464 kB
SReclaimable:      88808 kB
SUnreclaim:       225656 kB
KernelStack:       49184 kB
ShadowCallStack:   12316 kB
PageTables:        73016 kB
NFS_Unstable:          0 kB
Bounce:                0 kB
WritebackTmp:          0 kB
CommitLimit:     8677876 kB
Committed_AS:   72880496 kB
VmallocTotal:   263061440 kB
VmallocUsed:      132028 kB
VmallocChunk:          0 kB
Percpu:             2520 kB
CmaTotal:         405504 kB
CmaFree:          157796 kB
MemTotal:        7918584 kB
MemFree:         1496960 kB
MemAvailable:    3158552 kB
Buffers:            4560 kB
Cached:          1519816 kB
SwapCached:         1840 kB
Active:          2324088 kB
Inactive:        1722264 kB
Active(anon):    1673440 kB
Inactive(anon):   872088 kB
Active(file):     650648 kB
Inactive(file):   850176 kB
Unevictable:        6356 kB
Mlocked:            5916 kB
SwapTotal:       4718584 kB
SwapFree:        4626168 kB
Dirty:             17772 kB
Writeback:             0 kB
AnonPages:       2527000 kB
Mapped:           692544 kB
Shmem:             18768 kB
KReclaimable:     550992 kB
Slab:             314528 kB
SReclaimable:      88808 kB
SUnreclaim:       225720 kB
KernelStack:       49184 kB
ShadowCallStack:   12320 kB
PageTables:        73216 kB
NFS_Unstable:          0 kB
Bounce:                0 kB
WritebackTmp:          0 kB
CommitLimit:     8677876 kB
Committed_AS:   73011568 kB
VmallocTotal:   263061440 kB
VmallocUsed:      132028 kB
VmallocChunk:          0 kB
Percpu:             2520 kB
CmaTotal:         405504 kB
CmaFree:          157796 kB
MemTotal:        7918584 kB
MemFree:         1491084 kB
MemAvailable:    3152596 kB
Buffers:            4560 kB
Cached:          1519824 kB
SwapCached:         1840 kB
Active:          2329464 kB
Inactive:        1722040 kB
Active(anon):    1678816 kB
Inactive(anon):   871864 kB
Active(file):     650648 kB
Inactive(file):   850176 kB
Unevictable:        6356 kB
Mlocked:            5916 kB
SwapTotal:       4718584 kB
SwapFree:        4626168 kB
Dirty:             17772 kB
Writeback:             0 kB
AnonPages:       2532060 kB
Mapped:           692832 kB
Shmem:             18776 kB
KReclaimable:     550912 kB
Slab:             314568 kB
SReclaimable:      88808 kB
SUnreclaim:       225760 kB
KernelStack:       49136 kB
ShadowCallStack:   12312 kB
PageTables:        73116 kB
NFS_Unstable:          0 kB
Bounce:                0 kB
WritebackTmp:          0 kB
CommitLimit:     8677876 kB
Committed_AS:   73011576 kB
VmallocTotal:   263061440 kB
VmallocUsed:      132028 kB
VmallocChunk:          0 kB
Percpu:             2520 kB
CmaTotal:         405504 kB
CmaFree:          157800 kB
MemTotal:        7918584 kB
MemFree:         1462996 kB
MemAvailable:    3124124 kB
Buffers:            4560 kB
Cached:          1519832 kB
SwapCached:         1840 kB
Active:          2357268 kB
Inactive:        1721636 kB
Active(anon):    1706620 kB
Inactive(anon):   871452 kB
Active(file):     650648 kB
Inactive(file):   850184 kB
Unevictable:        6356 kB
Mlocked:            5916 kB
SwapTotal:       4718584 kB
SwapFree:        4626168 kB
Dirty:             17780 kB
Writeback:             0 kB
AnonPages:       2559668 kB
Mapped:           690612 kB
Shmem:             18776 kB
KReclaimable:     550520 kB
Slab:             314540 kB
SReclaimable:      88808 kB
SUnreclaim:       225732 kB
KernelStack:       49184 kB
ShadowCallStack:   12320 kB
PageTables:        73464 kB
NFS_Unstable:          0 kB
Bounce:                0 kB
WritebackTmp:          0 kB
CommitLimit:     8677876 kB
Committed_AS:   73093496 kB
VmallocTotal:   263061440 kB
VmallocUsed:      132032 kB
VmallocChunk:          0 kB
Percpu:             2520 kB
CmaTotal:         405504 kB
CmaFree:          157908 kB
MemTotal:        7918584 kB
MemFree:         1422840 kB
MemAvailable:    3083232 kB
Buffers:            4568 kB
Cached:          1519840 kB
SwapCached:         1840 kB
Active:          2398060 kB
Inactive:        1721636 kB
Active(anon):    1747412 kB
Inactive(anon):   871452 kB
Active(file):     650648 kB
Inactive(file):   850184 kB
Unevictable:        6356 kB
Mlocked:            5916 kB
SwapTotal:       4718584 kB
SwapFree:        4626168 kB
Dirty:             17772 kB
Writeback:             0 kB
AnonPages:       2600212 kB
Mapped:           691280 kB
Shmem:             18792 kB
KReclaimable:     549784 kB
Slab:             314572 kB
SReclaimable:      88808 kB
SUnreclaim:       225764 kB
KernelStack:       49168 kB
ShadowCallStack:   12308 kB
PageTables:        73544 kB
NFS_Unstable:          0 kB
Bounce:                0 kB
WritebackTmp:          0 kB
CommitLimit:     8677876 kB
Committed_AS:   73175432 kB
VmallocTotal:   263061440 kB
VmallocUsed:      132028 kB
VmallocChunk:          0 kB
Percpu:             2520 kB
CmaTotal:         405504 kB
CmaFree:          157908 kB
MemTotal:        7918584 kB
MemFree:         1420564 kB
MemAvailable:    3080820 kB
Buffers:            4568 kB
Cached:          1519852 kB
SwapCached:         1840 kB
Active:          2399716 kB
Inactive:        1721644 kB
Active(anon):    1749068 kB
Inactive(anon):   871452 kB
Active(file):     650648 kB
Inactive(file):   850192 kB
Unevictable:        6356 kB
Mlocked:            5916 kB
SwapTotal:       4718584 kB
SwapFree:        4626168 kB
Dirty:             17780 kB
Writeback:             0 kB
AnonPages:       2601908 kB
Mapped:           691360 kB
Shmem:             18796 kB
KReclaimable:     549640 kB
Slab:             314576 kB
SReclaimable:      88808 kB
SUnreclaim:       225768 kB
KernelStack:       49184 kB
ShadowCallStack:   12324 kB
PageTables:        73588 kB
NFS_Unstable:          0 kB
Bounce:                0 kB
WritebackTmp:          0 kB
CommitLimit:     8677876 kB
Committed_AS:   73175440 kB
VmallocTotal:   263061440 kB
VmallocUsed:      132024 kB
VmallocChunk:          0 kB
Percpu:             2520 kB
CmaTotal:         405504 kB
CmaFree:          157908 kB
MemTotal:        7918584 kB
MemFree:         1372416 kB
MemAvailable:    3032104 kB
Buffers:            4568 kB
Cached:          1519852 kB
SwapCached:         1840 kB
Active:          2448440 kB
Inactive:        1721644 kB
Active(anon):    1797792 kB
Inactive(anon):   871452 kB
Active(file):     650648 kB
Inactive(file):   850192 kB
Unevictable:        6356 kB
Mlocked:            5916 kB
SwapTotal:       4718584 kB
SwapFree:        4626168 kB
Dirty:             17780 kB
Writeback:             0 kB
AnonPages:       2650624 kB
Mapped:           691572 kB
Shmem:             18796 kB
KReclaimable:     549072 kB
Slab:             314592 kB
SReclaimable:      88808 kB
SUnreclaim:       225784 kB
KernelStack:       49184 kB
ShadowCallStack:   12320 kB
PageTables:        73840 kB
NFS_Unstable:          0 kB
Bounce:                0 kB
WritebackTmp:          0 kB
CommitLimit:     8677876 kB
Committed_AS:   73290128 kB
VmallocTotal:   263061440 kB
VmallocUsed:      132032 kB
VmallocChunk:          0 kB
Percpu:             2520 kB
CmaTotal:         405504 kB
CmaFree:          157908 kB
MemTotal:        7918584 kB
MemFree:         1351512 kB
MemAvailable:    3010824 kB
Buffers:            4568 kB
Cached:          1519860 kB
SwapCached:         1840 kB
Active:          2469124 kB
Inactive:        1721644 kB
Active(anon):    1818476 kB
Inactive(anon):   871452 kB
Active(file):     650648 kB
Inactive(file):   850192 kB
Unevictable:        6356 kB
Mlocked:            5916 kB
SwapTotal:       4718584 kB
SwapFree:        4626168 kB
Dirty:             17780 kB
Writeback:             0 kB
AnonPages:       2671376 kB
Mapped:           691940 kB
Shmem:             18804 kB
KReclaimable:     548696 kB
Slab:             314600 kB
SReclaimable:      88808 kB
SUnreclaim:       225792 kB
KernelStack:       49184 kB
ShadowCallStack:   12308 kB
PageTables:        73856 kB
NFS_Unstable:          0 kB
Bounce:                0 kB
WritebackTmp:          0 kB
CommitLimit:     8677876 kB
Committed_AS:   73339284 kB
VmallocTotal:   263061440 kB
VmallocUsed:      132008 kB
VmallocChunk:          0 kB
Percpu:             2520 kB
CmaTotal:         405504 kB
CmaFree:          157908 kB
MemTotal:        7918584 kB
MemFree:         1313152 kB
MemAvailable:    2852544 kB
Buffers:            4568 kB
Cached:          1519876 kB
SwapCached:         1840 kB
Active:          2508036 kB
Inactive:        1721644 kB
Active(anon):    1857388 kB
Inactive(anon):   871452 kB
Active(file):     650648 kB
Inactive(file):   850192 kB
Unevictable:        6356 kB
Mlocked:            5916 kB
SwapTotal:       4718584 kB
SwapFree:        4626168 kB
Dirty:             17780 kB
Writeback:             0 kB
AnonPages:       2710040 kB
Mapped:           692516 kB
Shmem:             18820 kB
KReclaimable:     428776 kB
Slab:             314580 kB
SReclaimable:      88808 kB
SUnreclaim:       225772 kB
KernelStack:       49296 kB
ShadowCallStack:   12340 kB
PageTables:        74016 kB
NFS_Unstable:          0 kB
Bounce:                0 kB
WritebackTmp:          0 kB
CommitLimit:     8677876 kB
Committed_AS:   73372448 kB
VmallocTotal:   263061440 kB
VmallocUsed:      132156 kB
VmallocChunk:          0 kB
Percpu:             2520 kB
CmaTotal:         405504 kB
CmaFree:          157908 kB
MemTotal:        7918584 kB
MemFree:         1246896 kB
MemAvailable:    2775752 kB
Buffers:            4600 kB
Cached:          1520700 kB
SwapCached:         1840 kB
Active:          2573552 kB
Inactive:        1721592 kB
Active(anon):    1922216 kB
Inactive(anon):   871360 kB
Active(file):     651336 kB
Inactive(file):   850232 kB
Unevictable:        6356 kB
Mlocked:            5916 kB
SwapTotal:       4718584 kB
SwapFree:        4626168 kB
Dirty:             17848 kB
Writeback:             0 kB
AnonPages:       2774808 kB
Mapped:           693700 kB
Shmem:             18948 kB
KReclaimable:     417512 kB
Slab:             314608 kB
SReclaimable:      88824 kB
SUnreclaim:       225784 kB
KernelStack:       49248 kB
ShadowCallStack:   12336 kB
PageTables:        74264 kB
NFS_Unstable:          0 kB
Bounce:                0 kB
WritebackTmp:          0 kB
CommitLimit:     8677876 kB
Committed_AS:   73503372 kB
VmallocTotal:   263061440 kB
VmallocUsed:      132120 kB
VmallocChunk:          0 kB
Percpu:             2520 kB
CmaTotal:         405504 kB
CmaFree:          157908 kB
MemTotal:        7918584 kB
MemFree:         1278400 kB
MemAvailable:    2938536 kB
Buffers:            4600 kB
Cached:          1521704 kB
SwapCached:         1840 kB
Active:          2541584 kB
Inactive:        1721596 kB
Active(anon):    1889120 kB
Inactive(anon):   871356 kB
Active(file):     652464 kB
Inactive(file):   850240 kB
Unevictable:        6356 kB
Mlocked:            5916 kB
SwapTotal:       4718584 kB
SwapFree:        4626168 kB
Dirty:             17856 kB
Writeback:             0 kB
AnonPages:       2741800 kB
Mapped:           693708 kB
Shmem:             18816 kB
KReclaimable:     547656 kB
Slab:             314556 kB
SReclaimable:      88824 kB
SUnreclaim:       225732 kB
KernelStack:       49120 kB
ShadowCallStack:   12304 kB
PageTables:        74088 kB
NFS_Unstable:          0 kB
Bounce:                0 kB
WritebackTmp:          0 kB
CommitLimit:     8677876 kB
Committed_AS:   73502932 kB
VmallocTotal:   263061440 kB
VmallocUsed:      131948 kB
VmallocChunk:          0 kB
Percpu:             2520 kB
CmaTotal:         405504 kB
CmaFree:          157908 kB
MemTotal:        7918584 kB
MemFree:         1250180 kB
MemAvailable:    2909832 kB
Buffers:            4600 kB
Cached:          1521708 kB
SwapCached:         1840 kB
Active:          2569936 kB
Inactive:        1721600 kB
Active(anon):    1917472 kB
Inactive(anon):   871356 kB
Active(file):     652464 kB
Inactive(file):   850244 kB
Unevictable:        6356 kB
Mlocked:            5916 kB
SwapTotal:       4718584 kB
SwapFree:        4626168 kB
Dirty:             17860 kB
Writeback:             0 kB
AnonPages:       2770156 kB
Mapped:           693980 kB
Shmem:             18816 kB
KReclaimable:     547168 kB
Slab:             314584 kB
SReclaimable:      88824 kB
SUnreclaim:       225760 kB
KernelStack:       49120 kB
ShadowCallStack:   12300 kB
PageTables:        74256 kB
NFS_Unstable:          0 kB
Bounce:                0 kB
WritebackTmp:          0 kB
CommitLimit:     8677876 kB
Committed_AS:   73601232 kB
VmallocTotal:   263061440 kB
VmallocUsed:      131952 kB
VmallocChunk:          0 kB
Percpu:             2520 kB
CmaTotal:         405504 kB
CmaFree:          157908 kB
MemTotal:        7918584 kB
MemFree:         1206032 kB
MemAvailable:    2865160 kB
Buffers:            4604 kB
Cached:          1521716 kB
SwapCached:         1840 kB
Active:          2612376 kB
Inactive:        1721612 kB
Active(anon):    1959912 kB
Inactive(anon):   871356 kB
Active(file):     652464 kB
Inactive(file):   850256 kB
Unevictable:        6356 kB
Mlocked:            5916 kB
SwapTotal:       4718584 kB
SwapFree:        4626168 kB
Dirty:               628 kB
Writeback:             0 kB
AnonPages:       2812724 kB
Mapped:           694408 kB
Shmem:             18816 kB
KReclaimable:     546632 kB
Slab:             314576 kB
SReclaimable:      88824 kB
SUnreclaim:       225752 kB
KernelStack:       49136 kB
ShadowCallStack:   12312 kB
PageTables:        74624 kB
NFS_Unstable:          0 kB
Bounce:                0 kB
WritebackTmp:          0 kB
CommitLimit:     8677876 kB
Committed_AS:   73683152 kB
VmallocTotal:   263061440 kB
VmallocUsed:      131932 kB
VmallocChunk:          0 kB
Percpu:             2520 kB
CmaTotal:         405504 kB
CmaFree:          157908 kB
MemTotal:        7918584 kB
MemFree:         1205624 kB
MemAvailable:    2864576 kB
Buffers:            4604 kB
Cached:          1521716 kB
SwapCached:         1840 kB
Active:          2614132 kB
Inactive:        1721612 kB
Active(anon):    1961668 kB
Inactive(anon):   871356 kB
Active(file):     652464 kB
Inactive(file):   850256 kB
Unevictable:        6356 kB
Mlocked:            5916 kB
SwapTotal:       4718584 kB
SwapFree:        4626168 kB
Dirty:               628 kB
Writeback:             0 kB
AnonPages:       2814348 kB
Mapped:           694644 kB
Shmem:             18816 kB
KReclaimable:     546456 kB
Slab:             314584 kB
SReclaimable:      88824 kB
SUnreclaim:       225760 kB
KernelStack:       49088 kB
ShadowCallStack:   12304 kB
PageTables:        74636 kB
NFS_Unstable:          0 kB
Bounce:                0 kB
WritebackTmp:          0 kB
CommitLimit:     8677876 kB
Committed_AS:   73699540 kB
VmallocTotal:   263061440 kB
VmallocUsed:      131936 kB
VmallocChunk:          0 kB
Percpu:             2520 kB
CmaTotal:         405504 kB
CmaFree:          157908 kB
MemTotal:        7918584 kB
MemFree:         1150812 kB
MemAvailable:    2809084 kB
Buffers:            4604 kB
Cached:          1521716 kB
SwapCached:         1840 kB
Active:          2668664 kB
Inactive:        1721604 kB
Active(anon):    2016200 kB
Inactive(anon):   871348 kB
Active(file):     652464 kB
Inactive(file):   850256 kB
Unevictable:        6356 kB
Mlocked:            5916 kB
SwapTotal:       4718584 kB
SwapFree:        4626168 kB
Dirty:               628 kB
Writeback:             0 kB
AnonPages:       2868848 kB
Mapped:           694844 kB
Shmem:             18816 kB
KReclaimable:     545776 kB
Slab:             314660 kB
SReclaimable:      88824 kB
SUnreclaim:       225836 kB
KernelStack:       49136 kB
ShadowCallStack:   12304 kB
PageTables:        74916 kB
NFS_Unstable:          0 kB
Bounce:                0 kB
WritebackTmp:          0 kB
CommitLimit:     8677876 kB
Committed_AS:   73815248 kB
VmallocTotal:   263061440 kB
VmallocUsed:      131916 kB
VmallocChunk:          0 kB
Percpu:             2520 kB
CmaTotal:         405504 kB
CmaFree:          157908 kB
MemTotal:        7918584 kB
MemFree:         1134708 kB
MemAvailable:    2792684 kB
Buffers:            4612 kB
Cached:          1521724 kB
SwapCached:         1840 kB
Active:          2684492 kB
Inactive:        1721620 kB
Active(anon):    2032028 kB
Inactive(anon):   871348 kB
Active(file):     652464 kB
Inactive(file):   850272 kB
Unevictable:        6356 kB
Mlocked:            5916 kB
SwapTotal:       4718584 kB
SwapFree:        4626168 kB
Dirty:               668 kB
Writeback:             0 kB
AnonPages:       2884688 kB
Mapped:           695144 kB
Shmem:             18816 kB
KReclaimable:     545464 kB
Slab:             314692 kB
SReclaimable:      88824 kB
SUnreclaim:       225868 kB
KernelStack:       49088 kB
ShadowCallStack:   12292 kB
PageTables:        74816 kB
NFS_Unstable:          0 kB
Bounce:                0 kB
WritebackTmp:          0 kB
CommitLimit:     8677876 kB
Committed_AS:   73847916 kB
VmallocTotal:   263061440 kB
VmallocUsed:      131920 kB
VmallocChunk:          0 kB
Percpu:             2520 kB
CmaTotal:         405504 kB
CmaFree:          157908 kB
MemTotal:        7918584 kB
MemFree:         1127144 kB
MemAvailable:    2785056 kB
Buffers:            4612 kB
Cached:          1521724 kB
SwapCached:         1840 kB
Active:          2692460 kB
Inactive:        1721620 kB
Active(anon):    2039996 kB
Inactive(anon):   871348 kB
Active(file):     652464 kB
Inactive(file):   850272 kB
Unevictable:        6356 kB
Mlocked:            5916 kB
SwapTotal:       4718584 kB
SwapFree:        4626168 kB
Dirty:               668 kB
Writeback:             0 kB
AnonPages:       2892716 kB
Mapped:           695264 kB
Shmem:             18816 kB
KReclaimable:     545400 kB
Slab:             314664 kB
SReclaimable:      88824 kB
SUnreclaim:       225840 kB
KernelStack:       49056 kB
ShadowCallStack:   12280 kB
PageTables:        74928 kB
NFS_Unstable:          0 kB
Bounce:                0 kB
WritebackTmp:          0 kB
CommitLimit:     8677876 kB
Committed_AS:   73880680 kB
VmallocTotal:   263061440 kB
VmallocUsed:      131900 kB
VmallocChunk:          0 kB
Percpu:             2520 kB
CmaTotal:         405504 kB
CmaFree:          157908 kB
MemTotal:        7918584 kB
MemFree:         1066820 kB
MemAvailable:    2723748 kB
Buffers:            4612 kB
Cached:          1521732 kB
SwapCached:         1840 kB
Active:          2752892 kB
Inactive:        1721620 kB
Active(anon):    2100428 kB
Inactive(anon):   871348 kB
Active(file):     652464 kB
Inactive(file):   850272 kB
Unevictable:        6356 kB
Mlocked:            5916 kB
SwapTotal:       4718584 kB
SwapFree:        4626168 kB
Dirty:               324 kB
Writeback:             0 kB
AnonPages:       2952988 kB
Mapped:           695752 kB
Shmem:             18824 kB
KReclaimable:     544416 kB
Slab:             314760 kB
SReclaimable:      88824 kB
SUnreclaim:       225936 kB
KernelStack:       49088 kB
ShadowCallStack:   12292 kB
PageTables:        75264 kB
NFS_Unstable:          0 kB
Bounce:                0 kB
WritebackTmp:          0 kB
CommitLimit:     8677876 kB
Committed_AS:   74011760 kB
VmallocTotal:   263061440 kB
VmallocUsed:      131864 kB
VmallocChunk:          0 kB
Percpu:             2520 kB
CmaTotal:         405504 kB
CmaFree:          157908 kB
MemTotal:        7918584 kB
MemFree:         1063544 kB
MemAvailable:    2720352 kB
Buffers:            4612 kB
Cached:          1521732 kB
SwapCached:         1840 kB
Active:          2755180 kB
Inactive:        1721620 kB
Active(anon):    2102716 kB
Inactive(anon):   871348 kB
Active(file):     652464 kB
Inactive(file):   850272 kB
Unevictable:        6356 kB
Mlocked:            5916 kB
SwapTotal:       4718584 kB
SwapFree:        4626168 kB
Dirty:               324 kB
Writeback:             0 kB
AnonPages:       2955416 kB
Mapped:           695756 kB
Shmem:             18824 kB
KReclaimable:     544296 kB
Slab:             314756 kB
SReclaimable:      88824 kB
SUnreclaim:       225932 kB
KernelStack:       49088 kB
ShadowCallStack:   12296 kB
PageTables:        75308 kB
NFS_Unstable:          0 kB
Bounce:                0 kB
WritebackTmp:          0 kB
CommitLimit:     8677876 kB
Committed_AS:   74011764 kB
VmallocTotal:   263061440 kB
VmallocUsed:      131916 kB
VmallocChunk:          0 kB
Percpu:             2520 kB
CmaTotal:         405504 kB
CmaFree:          157908 kB
MemTotal:        7918584 kB
MemFree:         1033200 kB
MemAvailable:    2689600 kB
Buffers:            4612 kB
Cached:          1521744 kB
SwapCached:         1840 kB
Active:          2786180 kB
Inactive:        1721620 kB
Active(anon):    2133716 kB
Inactive(anon):   871348 kB
Active(file):     652464 kB
Inactive(file):   850272 kB
Unevictable:        6356 kB
Mlocked:            5916 kB
SwapTotal:       4718584 kB
SwapFree:        4626168 kB
Dirty:               324 kB
Writeback:             0 kB
AnonPages:       2986472 kB
Mapped:           696064 kB
Shmem:             18836 kB
KReclaimable:     543888 kB
Slab:             314800 kB
SReclaimable:      88824 kB
SUnreclaim:       225976 kB
KernelStack:       49072 kB
ShadowCallStack:   12292 kB
PageTables:        75388 kB
NFS_Unstable:          0 kB
Bounce:                0 kB
WritebackTmp:          0 kB
CommitLimit:     8677876 kB
Committed_AS:   74093696 kB
VmallocTotal:   263061440 kB
VmallocUsed:      131896 kB
VmallocChunk:          0 kB
Percpu:             2520 kB
CmaTotal:         405504 kB
CmaFree:          157908 kB
MemTotal:        7918584 kB
MemFree:          991960 kB
MemAvailable:    2647772 kB
Buffers:            4648 kB
Cached:          1521800 kB
SwapCached:         1840 kB
Active:          2826348 kB
Inactive:        1721712 kB
Active(anon):    2173884 kB
Inactive(anon):   871348 kB
Active(file):     652464 kB
Inactive(file):   850364 kB
Unevictable:        6356 kB
Mlocked:            5916 kB
SwapTotal:       4718584 kB
SwapFree:        4626168 kB
Dirty:               300 kB
Writeback:             0 kB
AnonPages:       3026480 kB
Mapped:           696504 kB
Shmem:             18836 kB
KReclaimable:     543208 kB
Slab:             314840 kB
SReclaimable:      88824 kB
SUnreclaim:       226016 kB
KernelStack:       49056 kB
ShadowCallStack:   12292 kB
PageTables:        75616 kB
NFS_Unstable:          0 kB
Bounce:                0 kB
WritebackTmp:          0 kB
CommitLimit:     8677876 kB
Committed_AS:   74175612 kB
VmallocTotal:   263061440 kB
VmallocUsed:      131892 kB
VmallocChunk:          0 kB
Percpu:             2520 kB
CmaTotal:         405504 kB
CmaFree:          157908 kB
MemTotal:        7918584 kB
MemFree:          989936 kB
MemAvailable:    2645588 kB
Buffers:            4648 kB
Cached:          1521800 kB
SwapCached:         1840 kB
Active:          2828408 kB
Inactive:        1721712 kB
Active(anon):    2175944 kB
Inactive(anon):   871348 kB
Active(file):     652464 kB
Inactive(file):   850364 kB
Unevictable:        6356 kB
Mlocked:            5916 kB
SwapTotal:       4718584 kB
SwapFree:        4626168 kB
Dirty:               300 kB
Writeback:             0 kB
AnonPages:       3028724 kB
Mapped:           696644 kB
Shmem:             18836 kB
KReclaimable:     543048 kB
Slab:             314836 kB
SReclaimable:      88824 kB
SUnreclaim:       226012 kB
KernelStack:       49088 kB
ShadowCallStack:   12296 kB
PageTables:        75400 kB
NFS_Unstable:          0 kB
Bounce:                0 kB
WritebackTmp:          0 kB
CommitLimit:     8677876 kB
Committed_AS:   74175612 kB
VmallocTotal:   263061440 kB
VmallocUsed:      131896 kB
VmallocChunk:          0 kB
Percpu:             2520 kB
CmaTotal:         405504 kB
CmaFree:          157908 kB
MemTotal:        7918584 kB
MemFree:          940700 kB
MemAvailable:    2595720 kB
Buffers:            4648 kB
Cached:          1521800 kB
SwapCached:         1840 kB
Active:          2877684 kB
Inactive:        1721712 kB
Active(anon):    2225220 kB
Inactive(anon):   871348 kB
Active(file):     652464 kB
Inactive(file):   850364 kB
Unevictable:        6356 kB
Mlocked:            5916 kB
SwapTotal:       4718584 kB
SwapFree:        4626168 kB
Dirty:               280 kB
Writeback:            20 kB
AnonPages:       3078020 kB
Mapped:           697056 kB
Shmem:             18836 kB
KReclaimable:     542416 kB
Slab:             314892 kB
SReclaimable:      88824 kB
SUnreclaim:       226068 kB
KernelStack:       49056 kB
ShadowCallStack:   12292 kB
PageTables:        75816 kB
NFS_Unstable:          0 kB
Bounce:                0 kB
WritebackTmp:          0 kB
CommitLimit:     8677876 kB
Committed_AS:   74323024 kB
VmallocTotal:   263061440 kB
VmallocUsed:      131888 kB
VmallocChunk:          0 kB
Percpu:             2520 kB
CmaTotal:         405504 kB
CmaFree:          157908 kB
MemTotal:        7918584 kB
MemFree:          918880 kB
MemAvailable:    2573612 kB
Buffers:            4648 kB
Cached:          1521800 kB
SwapCached:         1840 kB
Active:          2898104 kB
Inactive:        1721712 kB
Active(anon):    2245640 kB
Inactive(anon):   871348 kB
Active(file):     652464 kB
Inactive(file):   850364 kB
Unevictable:        6356 kB
Mlocked:            5916 kB
SwapTotal:       4718584 kB
SwapFree:        4626168 kB
Dirty:               280 kB
Writeback:             0 kB
AnonPages:       3098260 kB
Mapped:           697096 kB
Shmem:             18836 kB
KReclaimable:     542128 kB
Slab:             314940 kB
SReclaimable:      88824 kB
SUnreclaim:       226116 kB
KernelStack:       49104 kB
ShadowCallStack:   12284 kB
PageTables:        75980 kB
NFS_Unstable:          0 kB
Bounce:                0 kB
WritebackTmp:          0 kB
CommitLimit:     8677876 kB
Committed_AS:   74355792 kB
VmallocTotal:   263061440 kB
VmallocUsed:      131892 kB
VmallocChunk:          0 kB
Percpu:             2520 kB
CmaTotal:         405504 kB
CmaFree:          153636 kB
MemTotal:        7918584 kB
MemFree:          909516 kB
MemAvailable:    2564032 kB
Buffers:            4656 kB
Cached:          1521800 kB
SwapCached:         1840 kB
Active:          2907196 kB
Inactive:        1721720 kB
Active(anon):    2254732 kB
Inactive(anon):   871348 kB
Active(file):     652464 kB
Inactive(file):   850372 kB
Unevictable:        6356 kB
Mlocked:            5916 kB
SwapTotal:       4718584 kB
SwapFree:        4626168 kB
Dirty:               280 kB
Writeback:             0 kB
AnonPages:       3107552 kB
Mapped:           697344 kB
Shmem:             18836 kB
KReclaimable:     541904 kB
Slab:             314932 kB
SReclaimable:      88824 kB
SUnreclaim:       226108 kB
KernelStack:       49104 kB
ShadowCallStack:   12292 kB
PageTables:        75876 kB
NFS_Unstable:          0 kB
Bounce:                0 kB
WritebackTmp:          0 kB
CommitLimit:     8677876 kB
Committed_AS:   74355792 kB
VmallocTotal:   263061440 kB
VmallocUsed:      131888 kB
VmallocChunk:          0 kB
Percpu:             2520 kB
CmaTotal:         405504 kB
CmaFree:          145000 kB
MemTotal:        7918584 kB
MemFree:          857764 kB
MemAvailable:    2511620 kB
Buffers:            4656 kB
Cached:          1521836 kB
SwapCached:         1840 kB
Active:          2958764 kB
Inactive:        1721732 kB
Active(anon):    2306284 kB
Inactive(anon):   871348 kB
Active(file):     652480 kB
Inactive(file):   850384 kB
Unevictable:        6356 kB
Mlocked:            5916 kB
SwapTotal:       4718584 kB
SwapFree:        4626168 kB
Dirty:               324 kB
Writeback:             0 kB
AnonPages:       3159020 kB
Mapped:           697976 kB
Shmem:             18844 kB
KReclaimable:     541216 kB
Slab:             315056 kB
SReclaimable:      88824 kB
SUnreclaim:       226232 kB
KernelStack:       49104 kB
ShadowCallStack:   12292 kB
PageTables:        76160 kB
NFS_Unstable:          0 kB
Bounce:                0 kB
WritebackTmp:          0 kB
CommitLimit:     8677876 kB
Committed_AS:   74503284 kB
VmallocTotal:   263061440 kB
VmallocUsed:      131892 kB
VmallocChunk:          0 kB
Percpu:             2520 kB
CmaTotal:         405504 kB
CmaFree:           93540 kB
MemTotal:        7918584 kB
MemFree:          846176 kB
MemAvailable:    2499840 kB
Buffers:            4656 kB
Cached:          1521836 kB
SwapCached:         1840 kB
Active:          2969272 kB
Inactive:        1721732 kB
Active(anon):    2316792 kB
Inactive(anon):   871348 kB
Active(file):     652480 kB
Inactive(file):   850384 kB
Unevictable:        6356 kB
Mlocked:            5916 kB
SwapTotal:       4718584 kB
SwapFree:        4626168 kB
Dirty:               428 kB
Writeback:             0 kB
AnonPages:       3169440 kB
Mapped:           698204 kB
Shmem:             18844 kB
KReclaimable:     541024 kB
Slab:             315004 kB
SReclaimable:      88824 kB
SUnreclaim:       226180 kB
KernelStack:       49072 kB
ShadowCallStack:   12284 kB
PageTables:        76128 kB
NFS_Unstable:          0 kB
Bounce:                0 kB
WritebackTmp:          0 kB
CommitLimit:     8677876 kB
Committed_AS:   74503256 kB
VmallocTotal:   263061440 kB
VmallocUsed:      131884 kB
VmallocChunk:          0 kB
Percpu:             2520 kB
CmaTotal:         405504 kB
CmaFree:           82804 kB
MemTotal:        7918584 kB
MemFree:          819700 kB
MemAvailable:    2473020 kB
Buffers:            4664 kB
Cached:          1521828 kB
SwapCached:         1840 kB
Active:          2995104 kB
Inactive:        1721732 kB
Active(anon):    2342624 kB
Inactive(anon):   871348 kB
Active(file):     652480 kB
Inactive(file):   850384 kB
Unevictable:        6356 kB
Mlocked:            5916 kB
SwapTotal:       4718584 kB
SwapFree:        4626168 kB
Dirty:               308 kB
Writeback:             0 kB
AnonPages:       3195356 kB
Mapped:           698520 kB
Shmem:             18844 kB
KReclaimable:     540680 kB
Slab:             315028 kB
SReclaimable:      88824 kB
SUnreclaim:       226204 kB
KernelStack:       49040 kB
ShadowCallStack:   12284 kB
PageTables:        76416 kB
NFS_Unstable:          0 kB
Bounce:                0 kB
WritebackTmp:          0 kB
CommitLimit:     8677876 kB
Committed_AS:   74585176 kB
VmallocTotal:   263061440 kB
VmallocUsed:      131892 kB
VmallocChunk:          0 kB
Percpu:             2520 kB
CmaTotal:         405504 kB
CmaFree:           56796 kB
MemTotal:        7918584 kB
MemFree:          770536 kB
MemAvailable:    2426676 kB
Buffers:            4664 kB
Cached:          1525444 kB
SwapCached:         1840 kB
Active:          3044104 kB
Inactive:        1721740 kB
Active(anon):    2388016 kB
Inactive(anon):   871348 kB
Active(file):     656088 kB
Inactive(file):   850392 kB
Unevictable:        6356 kB
Mlocked:            5916 kB
SwapTotal:       4718584 kB
SwapFree:        4626168 kB
Dirty:               268 kB
Writeback:             0 kB
AnonPages:       3240700 kB
Mapped:           700184 kB
Shmem:             18844 kB
KReclaimable:     539884 kB
Slab:             315060 kB
SReclaimable:      88824 kB
SUnreclaim:       226236 kB
KernelStack:       49280 kB
ShadowCallStack:   12332 kB
PageTables:        76512 kB
NFS_Unstable:          0 kB
Bounce:                0 kB
WritebackTmp:          0 kB
CommitLimit:     8677876 kB
Committed_AS:   74667096 kB
VmallocTotal:   263061440 kB
VmallocUsed:      132156 kB
VmallocChunk:          0 kB
Percpu:             2520 kB
CmaTotal:         405504 kB
CmaFree:            8316 kB
MemTotal:        7918584 kB
MemFree:          768680 kB
MemAvailable:    2424708 kB
Buffers:            4664 kB
Cached:          1525444 kB
SwapCached:         1840 kB
Active:          3045572 kB
Inactive:        1721740 kB
Active(anon):    2389484 kB
Inactive(anon):   871348 kB
Active(file):     656088 kB
Inactive(file):   850392 kB
Unevictable:        6356 kB
Mlocked:            5916 kB
SwapTotal:       4718584 kB
SwapFree:        4626168 kB
Dirty:               272 kB
Writeback:             0 kB
AnonPages:       3242192 kB
Mapped:           700328 kB
Shmem:             18844 kB
KReclaimable:     539772 kB
Slab:             315060 kB
SReclaimable:      88824 kB
SUnreclaim:       226236 kB
KernelStack:       49264 kB
ShadowCallStack:   12340 kB
PageTables:        76504 kB
NFS_Unstable:          0 kB
Bounce:                0 kB
WritebackTmp:          0 kB
CommitLimit:     8677876 kB
Committed_AS:   74667100 kB
VmallocTotal:   263061440 kB
VmallocUsed:      132156 kB
VmallocChunk:          0 kB
Percpu:             2520 kB
CmaTotal:         405504 kB
CmaFree:            6404 kB
MemTotal:        7918584 kB
MemFree:          691196 kB
MemAvailable:    2216624 kB
Buffers:            4688 kB
Cached:          1525544 kB
SwapCached:         1840 kB
Active:          3126692 kB
Inactive:        1721772 kB
Active(anon):    2470604 kB
Inactive(anon):   871348 kB
Active(file):     656088 kB
Inactive(file):   850424 kB
Unevictable:        6356 kB
Mlocked:            5916 kB
SwapTotal:       4718584 kB
SwapFree:        4626168 kB
Dirty:               340 kB
Writeback:             0 kB
AnonPages:       3323160 kB
Mapped:           700872 kB
Shmem:             18936 kB
KReclaimable:     409140 kB
Slab:             315240 kB
SReclaimable:      88824 kB
SUnreclaim:       226416 kB
KernelStack:       49392 kB
ShadowCallStack:   12368 kB
PageTables:        76716 kB
NFS_Unstable:          0 kB
Bounce:                0 kB
WritebackTmp:          0 kB
CommitLimit:     8677876 kB
Committed_AS:   74765744 kB
VmallocTotal:   263061440 kB
VmallocUsed:      132308 kB
VmallocChunk:          0 kB
Percpu:             2520 kB
CmaTotal:         405504 kB
CmaFree:               0 kB
MemTotal:        7918584 kB
MemFree:          698212 kB
MemAvailable:    2353368 kB
Buffers:            4688 kB
Cached:          1525456 kB
SwapCached:         1840 kB
Active:          3115008 kB
Inactive:        1721772 kB
Active(anon):    2458920 kB
Inactive(anon):   871348 kB
Active(file):     656088 kB
Inactive(file):   850424 kB
Unevictable:        6356 kB
Mlocked:            5916 kB
SwapTotal:       4718584 kB
SwapFree:        4626168 kB
Dirty:               340 kB
Writeback:             0 kB
AnonPages:       3311588 kB
Mapped:           700840 kB
Shmem:             18848 kB
KReclaimable:     538868 kB
Slab:             315312 kB
SReclaimable:      88824 kB
SUnreclaim:       226488 kB
KernelStack:       49280 kB
ShadowCallStack:   12344 kB
PageTables:        76812 kB
NFS_Unstable:          0 kB
Bounce:                0 kB
WritebackTmp:          0 kB
CommitLimit:     8677876 kB
Committed_AS:   74847272 kB
VmallocTotal:   263061440 kB
VmallocUsed:      132136 kB
VmallocChunk:          0 kB
Percpu:             2520 kB
CmaTotal:         405504 kB
CmaFree:             404 kB
MemTotal:        7918584 kB
MemFree:          696200 kB
MemAvailable:    2351212 kB
Buffers:            4688 kB
Cached:          1525456 kB
SwapCached:         1840 kB
Active:          3119784 kB
Inactive:        1721772 kB
Active(anon):    2463696 kB
Inactive(anon):   871348 kB
Active(file):     656088 kB
Inactive(file):   850424 kB
Unevictable:        6356 kB
Mlocked:            5916 kB
SwapTotal:       4718584 kB
SwapFree:        4626168 kB
Dirty:               268 kB
Writeback:             0 kB
AnonPages:       3316396 kB
Mapped:           700840 kB
Shmem:             18848 kB
KReclaimable:     538724 kB
Slab:             315192 kB
SReclaimable:      88824 kB
SUnreclaim:       226368 kB
KernelStack:       49232 kB
ShadowCallStack:   12336 kB
PageTables:        76772 kB
NFS_Unstable:          0 kB
Bounce:                0 kB
WritebackTmp:          0 kB
CommitLimit:     8677876 kB
Committed_AS:   74880040 kB
VmallocTotal:   263061440 kB
VmallocUsed:      132168 kB
VmallocChunk:          0 kB
Percpu:             2520 kB
CmaTotal:         405504 kB
CmaFree:               0 kB
MemTotal:        7918584 kB
MemFree:          637772 kB
MemAvailable:    2291884 kB
Buffers:            4688 kB
Cached:          1525460 kB
SwapCached:         1840 kB
Active:          3177252 kB
Inactive:        1721776 kB
Active(anon):    2521164 kB
Inactive(anon):   871348 kB
Active(file):     656088 kB
Inactive(file):   850428 kB
Unevictable:        6356 kB
Mlocked:            5916 kB
SwapTotal:       4718584 kB
SwapFree:        4626168 kB
Dirty:               332 kB
Writeback:             0 kB
AnonPages:       3373772 kB
Mapped:           701360 kB
Shmem:             18848 kB
KReclaimable:     537820 kB
Slab:             315300 kB
SReclaimable:      88824 kB
SUnreclaim:       226476 kB
KernelStack:       49280 kB
ShadowCallStack:   12344 kB
PageTables:        77156 kB
NFS_Unstable:          0 kB
Bounce:                0 kB
WritebackTmp:          0 kB
CommitLimit:     8677876 kB
Committed_AS:   75011112 kB
VmallocTotal:   263061440 kB
VmallocUsed:      132160 kB
VmallocChunk:          0 kB
Percpu:             2520 kB
CmaTotal:         405504 kB
CmaFree:               0 kB
MemTotal:        7918584 kB
MemFree:          634804 kB
MemAvailable:    2288828 kB
Buffers:            4688 kB
Cached:          1525464 kB
SwapCached:         1840 kB
Active:          3179636 kB
Inactive:        1721776 kB
Active(anon):    2523548 kB
Inactive(anon):   871348 kB
Active(file):     656088 kB
Inactive(file):   850428 kB
Unevictable:        6356 kB
Mlocked:            5916 kB
SwapTotal:       4718584 kB
SwapFree:        4626168 kB
Dirty:               336 kB
Writeback:             0 kB
AnonPages:       3376212 kB
Mapped:           701524 kB
Shmem:             18852 kB
KReclaimable:     537732 kB
Slab:             315296 kB
SReclaimable:      88824 kB
SUnreclaim:       226472 kB
KernelStack:       49264 kB
ShadowCallStack:   12348 kB
PageTables:        77028 kB
NFS_Unstable:          0 kB
Bounce:                0 kB
WritebackTmp:          0 kB
CommitLimit:     8677876 kB
Committed_AS:   75011116 kB
VmallocTotal:   263061440 kB
VmallocUsed:      132152 kB
VmallocChunk:          0 kB
Percpu:             2520 kB
CmaTotal:         405504 kB
CmaFree:               0 kB
MemTotal:        7918584 kB
MemFree:          605476 kB
MemAvailable:    2261096 kB
Buffers:            4696 kB
Cached:          1527524 kB
SwapCached:         1840 kB
Active:          3209184 kB
Inactive:        1721792 kB
Active(anon):    2551044 kB
Inactive(anon):   871348 kB
Active(file):     658140 kB
Inactive(file):   850444 kB
Unevictable:        6356 kB
Mlocked:            5916 kB
SwapTotal:       4718584 kB
SwapFree:        4626168 kB
Dirty:               352 kB
Writeback:             0 kB
AnonPages:       3403804 kB
Mapped:           702020 kB
Shmem:             18852 kB
KReclaimable:     537260 kB
Slab:             315296 kB
SReclaimable:      88824 kB
SUnreclaim:       226472 kB
KernelStack:       49232 kB
ShadowCallStack:   12320 kB
PageTables:        77404 kB
NFS_Unstable:          0 kB
Bounce:                0 kB
WritebackTmp:          0 kB
CommitLimit:     8677876 kB
Committed_AS:   75076552 kB
VmallocTotal:   263061440 kB
VmallocUsed:      132112 kB
VmallocChunk:          0 kB
Percpu:             2520 kB
CmaTotal:         405504 kB
CmaFree:               0 kB
MemTotal:        7918584 kB
MemFree:          560512 kB
MemAvailable:    2215540 kB
Buffers:            4696 kB
Cached:          1527524 kB
SwapCached:         1840 kB
Active:          3253808 kB
Inactive:        1721792 kB
Active(anon):    2595668 kB
Inactive(anon):   871348 kB
Active(file):     658140 kB
Inactive(file):   850444 kB
Unevictable:        6356 kB
Mlocked:            5916 kB
SwapTotal:       4718584 kB
SwapFree:        4626168 kB
Dirty:               352 kB
Writeback:             0 kB
AnonPages:       3448252 kB
Mapped:           702464 kB
Shmem:             18852 kB
KReclaimable:     536668 kB
Slab:             315284 kB
SReclaimable:      88824 kB
SUnreclaim:       226460 kB
KernelStack:       49216 kB
ShadowCallStack:   12340 kB
PageTables:        77584 kB
NFS_Unstable:          0 kB
Bounce:                0 kB
WritebackTmp:          0 kB
CommitLimit:     8677876 kB
Committed_AS:   75174800 kB
VmallocTotal:   263061440 kB
VmallocUsed:      132088 kB
VmallocChunk:          0 kB
Percpu:             2520 kB
CmaTotal:         405504 kB
CmaFree:               4 kB
MemTotal:        7918584 kB
MemFree:          558516 kB
MemAvailable:    2213368 kB
Buffers:            4696 kB
Cached:          1527528 kB
SwapCached:         1840 kB
Active:          3255468 kB
Inactive:        1721792 kB
Active(anon):    2597328 kB
Inactive(anon):   871348 kB
Active(file):     658140 kB
Inactive(file):   850444 kB
Unevictable:        6356 kB
Mlocked:            5916 kB
SwapTotal:       4718584 kB
SwapFree:        4626168 kB
Dirty:               360 kB
Writeback:             0 kB
AnonPages:       3449968 kB
Mapped:           702564 kB
Shmem:             18856 kB
KReclaimable:     536492 kB
Slab:             315336 kB
SReclaimable:      88840 kB
SUnreclaim:       226496 kB
KernelStack:       49120 kB
ShadowCallStack:   12304 kB
PageTables:        77448 kB
NFS_Unstable:          0 kB
Bounce:                0 kB
WritebackTmp:          0 kB
CommitLimit:     8677876 kB
Committed_AS:   75174492 kB
VmallocTotal:   263061440 kB
VmallocUsed:      131972 kB
VmallocChunk:          0 kB
Percpu:             2520 kB
CmaTotal:         405504 kB
CmaFree:               0 kB
MemTotal:        7918584 kB
MemFree:          510048 kB
MemAvailable:    2164348 kB
Buffers:            4696 kB
Cached:          1527528 kB
SwapCached:         1840 kB
Active:          3304248 kB
Inactive:        1721792 kB
Active(anon):    2646108 kB
Inactive(anon):   871348 kB
Active(file):     658140 kB
Inactive(file):   850444 kB
Unevictable:        6356 kB
Mlocked:            5916 kB
SwapTotal:       4718584 kB
SwapFree:        4626168 kB
Dirty:                28 kB
Writeback:             0 kB
AnonPages:       3498700 kB
Mapped:           703164 kB
Shmem:             18856 kB
KReclaimable:     535940 kB
Slab:             315356 kB
SReclaimable:      88840 kB
SUnreclaim:       226516 kB
KernelStack:       49056 kB
ShadowCallStack:   12292 kB
PageTables:        77760 kB
NFS_Unstable:          0 kB
Bounce:                0 kB
WritebackTmp:          0 kB
CommitLimit:     8677876 kB
Committed_AS:   75272692 kB
VmallocTotal:   263061440 kB
VmallocUsed:      131928 kB
VmallocChunk:          0 kB
Percpu:             2520 kB
CmaTotal:         405504 kB
CmaFree:               0 kB
MemTotal:        7918584 kB
MemFree:          488704 kB
MemAvailable:    2142644 kB
Buffers:            4700 kB
Cached:          1527524 kB
SwapCached:         1840 kB
Active:          3324716 kB
Inactive:        1721792 kB
Active(anon):    2666576 kB
Inactive(anon):   871348 kB
Active(file):     658140 kB
Inactive(file):   850444 kB
Unevictable:        6356 kB
Mlocked:            5916 kB
SwapTotal:       4718584 kB
SwapFree:        4626168 kB
Dirty:                60 kB
Writeback:             0 kB
AnonPages:       3519440 kB
Mapped:           703156 kB
Shmem:             18856 kB
KReclaimable:     535580 kB
Slab:             315392 kB
SReclaimable:      88840 kB
SUnreclaim:       226552 kB
KernelStack:       49072 kB
ShadowCallStack:   12292 kB
PageTables:        77656 kB
NFS_Unstable:          0 kB
Bounce:                0 kB
WritebackTmp:          0 kB
CommitLimit:     8677876 kB
Committed_AS:   75321844 kB
VmallocTotal:   263061440 kB
VmallocUsed:      131916 kB
VmallocChunk:          0 kB
Percpu:             2520 kB
CmaTotal:         405504 kB
CmaFree:               0 kB
MemTotal:        7918584 kB
MemFree:          478360 kB
MemAvailable:    2132220 kB
Buffers:            4728 kB
Cached:          1527540 kB
SwapCached:         1840 kB
Active:          3335836 kB
Inactive:        1721832 kB
Active(anon):    2677696 kB
Inactive(anon):   871348 kB
Active(file):     658140 kB
Inactive(file):   850484 kB
Unevictable:        6356 kB
Mlocked:            5916 kB
SwapTotal:       4718584 kB
SwapFree:        4626168 kB
Dirty:               196 kB
Writeback:             0 kB
AnonPages:       3530316 kB
Mapped:           703436 kB
Shmem:             18860 kB
KReclaimable:     535460 kB
Slab:             315348 kB
SReclaimable:      88840 kB
SUnreclaim:       226508 kB
KernelStack:       49088 kB
ShadowCallStack:   12296 kB
PageTables:        77800 kB
NFS_Unstable:          0 kB
Bounce:                0 kB
WritebackTmp:          0 kB
CommitLimit:     8677876 kB
Committed_AS:   75354512 kB
VmallocTotal:   263061440 kB
VmallocUsed:      131876 kB
VmallocChunk:          0 kB
Percpu:             2520 kB
CmaTotal:         405504 kB
CmaFree:               0 kB
MemTotal:        7918584 kB
MemFree:          419172 kB
MemAvailable:    2071904 kB
Buffers:            4728 kB
Cached:          1527540 kB
SwapCached:         1840 kB
Active:          3395508 kB
Inactive:        1721832 kB
Active(anon):    2737368 kB
Inactive(anon):   871348 kB
Active(file):     658140 kB
Inactive(file):   850484 kB
Unevictable:        6356 kB
Mlocked:            5916 kB
SwapTotal:       4718584 kB
SwapFree:        4626168 kB
Dirty:               196 kB
Writeback:             0 kB
AnonPages:       3590040 kB
Mapped:           703888 kB
Shmem:             18860 kB
KReclaimable:     534332 kB
Slab:             315436 kB
SReclaimable:      88840 kB
SUnreclaim:       226596 kB
KernelStack:       49008 kB
ShadowCallStack:   12276 kB
PageTables:        78048 kB
NFS_Unstable:          0 kB
Bounce:                0 kB
WritebackTmp:          0 kB
CommitLimit:     8677876 kB
Committed_AS:   75485376 kB
VmallocTotal:   263061440 kB
VmallocUsed:      131796 kB
VmallocChunk:          0 kB
Percpu:             2520 kB
CmaTotal:         405504 kB
CmaFree:               0 kB
MemTotal:        7918584 kB
MemFree:          417656 kB
MemAvailable:    2070388 kB
Buffers:            4728 kB
Cached:          1527548 kB
SwapCached:         1840 kB
Active:          3395644 kB
Inactive:        1721832 kB
Active(anon):    2737504 kB
Inactive(anon):   871348 kB
Active(file):     658140 kB
Inactive(file):   850484 kB
Unevictable:        6356 kB
Mlocked:            5916 kB
SwapTotal:       4718584 kB
SwapFree:        4626168 kB
Dirty:               216 kB
Writeback:             0 kB
AnonPages:       3590180 kB
Mapped:           703960 kB
Shmem:             18868 kB
KReclaimable:     534332 kB
Slab:             315448 kB
SReclaimable:      88840 kB
SUnreclaim:       226608 kB
KernelStack:       48944 kB
ShadowCallStack:   12272 kB
PageTables:        78124 kB
NFS_Unstable:          0 kB
Bounce:                0 kB
WritebackTmp:          0 kB
CommitLimit:     8677876 kB
Committed_AS:   75485284 kB
VmallocTotal:   263061440 kB
VmallocUsed:      131736 kB
VmallocChunk:          0 kB
Percpu:             2520 kB
CmaTotal:         405504 kB
CmaFree:               0 kB
MemTotal:        7918584 kB
MemFree:          386044 kB
MemAvailable:    2038360 kB
Buffers:            4728 kB
Cached:          1527548 kB
SwapCached:         1840 kB
Active:          3427848 kB
Inactive:        1721832 kB
Active(anon):    2769708 kB
Inactive(anon):   871348 kB
Active(file):     658140 kB
Inactive(file):   850484 kB
Unevictable:        6356 kB
Mlocked:            5916 kB
SwapTotal:       4718584 kB
SwapFree:        4626168 kB
Dirty:               216 kB
Writeback:             0 kB
AnonPages:       3622348 kB
Mapped:           704228 kB
Shmem:             18868 kB
KReclaimable:     533916 kB
Slab:             315444 kB
SReclaimable:      88840 kB
SUnreclaim:       226604 kB
KernelStack:       48960 kB
ShadowCallStack:   12252 kB
PageTables:        78116 kB
NFS_Unstable:          0 kB
Bounce:                0 kB
WritebackTmp:          0 kB
CommitLimit:     8677876 kB
Committed_AS:   75567200 kB
VmallocTotal:   263061440 kB
VmallocUsed:      131764 kB
VmallocChunk:          0 kB
Percpu:             2520 kB
CmaTotal:         405504 kB
CmaFree:               0 kB
MemTotal:        7918584 kB
MemFree:          347720 kB
MemAvailable:    1999444 kB
Buffers:            4728 kB
Cached:          1527548 kB
SwapCached:         1840 kB
Active:          3464668 kB
Inactive:        1721832 kB
Active(anon):    2806528 kB
Inactive(anon):   871348 kB
Active(file):     658140 kB
Inactive(file):   850484 kB
Unevictable:        6356 kB
Mlocked:            5916 kB
SwapTotal:       4718584 kB
SwapFree:        4626168 kB
Dirty:               216 kB
Writeback:             0 kB
AnonPages:       3659184 kB
Mapped:           704580 kB
Shmem:             18868 kB
KReclaimable:     533324 kB
Slab:             315440 kB
SReclaimable:      88840 kB
SUnreclaim:       226600 kB
KernelStack:       48944 kB
ShadowCallStack:   12268 kB
PageTables:        78444 kB
NFS_Unstable:          0 kB
Bounce:                0 kB
WritebackTmp:          0 kB
CommitLimit:     8677876 kB
Committed_AS:   75649120 kB
VmallocTotal:   263061440 kB
VmallocUsed:      131752 kB
VmallocChunk:          0 kB
Percpu:             2520 kB
CmaTotal:         405504 kB
CmaFree:               0 kB
MemTotal:        7918584 kB
MemFree:          345676 kB
MemAvailable:    1997304 kB
Buffers:            4736 kB
Cached:          1527556 kB
SwapCached:         1840 kB
Active:          3466112 kB
Inactive:        1721844 kB
Active(anon):    2807972 kB
Inactive(anon):   871344 kB
Active(file):     658140 kB
Inactive(file):   850500 kB
Unevictable:        6356 kB
Mlocked:            5916 kB
SwapTotal:       4718584 kB
SwapFree:        4626168 kB
Dirty:               228 kB
Writeback:             0 kB
AnonPages:       3660628 kB
Mapped:           704604 kB
Shmem:             18868 kB
KReclaimable:     533212 kB
Slab:             315436 kB
SReclaimable:      88840 kB
SUnreclaim:       226596 kB
KernelStack:       49008 kB
ShadowCallStack:   12268 kB
PageTables:        78408 kB
NFS_Unstable:          0 kB
Bounce:                0 kB
WritebackTmp:          0 kB
CommitLimit:     8677876 kB
Committed_AS:   75649120 kB
VmallocTotal:   263061440 kB
VmallocUsed:      131756 kB
VmallocChunk:          0 kB
Percpu:             2520 kB
CmaTotal:         405504 kB
CmaFree:              16 kB
MemTotal:        7918584 kB
MemFree:          299984 kB
MemAvailable:    1951052 kB
Buffers:            4736 kB
Cached:          1527560 kB
SwapCached:         1840 kB
Active:          3512904 kB
Inactive:        1721844 kB
Active(anon):    2854764 kB
Inactive(anon):   871344 kB
Active(file):     658140 kB
Inactive(file):   850500 kB
Unevictable:        6356 kB
Mlocked:            5916 kB
SwapTotal:       4718584 kB
SwapFree:        4626168 kB
Dirty:               228 kB
Writeback:             0 kB
AnonPages:       3707356 kB
Mapped:           705024 kB
Shmem:             18872 kB
KReclaimable:     532652 kB
Slab:             315476 kB
SReclaimable:      88840 kB
SUnreclaim:       226636 kB
KernelStack:       48944 kB
ShadowCallStack:   12260 kB
PageTables:        78572 kB
NFS_Unstable:          0 kB
Bounce:                0 kB
WritebackTmp:          0 kB
CommitLimit:     8677876 kB
Committed_AS:   75747428 kB
VmallocTotal:   263061440 kB
VmallocUsed:      131756 kB
VmallocChunk:          0 kB
Percpu:             2520 kB
CmaTotal:         405504 kB
CmaFree:              12 kB
MemTotal:        7918584 kB
MemFree:          276324 kB
MemAvailable:    1926880 kB
Buffers:            4736 kB
Cached:          1527560 kB
SwapCached:         1840 kB
Active:          3536292 kB
Inactive:        1721844 kB
Active(anon):    2878152 kB
Inactive(anon):   871344 kB
Active(file):     658140 kB
Inactive(file):   850500 kB
Unevictable:        6356 kB
Mlocked:            5916 kB
SwapTotal:       4718584 kB
SwapFree:        4626168 kB
Dirty:               228 kB
Writeback:             0 kB
AnonPages:       3730840 kB
Mapped:           705328 kB
Shmem:             18872 kB
KReclaimable:     532140 kB
Slab:             315536 kB
SReclaimable:      88840 kB
SUnreclaim:       226696 kB
KernelStack:       48944 kB
ShadowCallStack:   12260 kB
PageTables:        78676 kB
NFS_Unstable:          0 kB
Bounce:                0 kB
WritebackTmp:          0 kB
CommitLimit:     8677876 kB
Committed_AS:   75796476 kB
VmallocTotal:   263061440 kB
VmallocUsed:      131728 kB
VmallocChunk:          0 kB
Percpu:             2520 kB
CmaTotal:         405504 kB
CmaFree:               0 kB
MemTotal:        7918584 kB
MemFree:          267572 kB
MemAvailable:    1918000 kB
Buffers:            4736 kB
Cached:          1527560 kB
SwapCached:         1840 kB
Active:          3544516 kB
Inactive:        1721844 kB
Active(anon):    2886376 kB
Inactive(anon):   871344 kB
Active(file):     658140 kB
Inactive(file):   850500 kB
Unevictable:        6356 kB
Mlocked:            5916 kB
SwapTotal:       4718584 kB
SwapFree:        4626168 kB
Dirty:               396 kB
Writeback:             0 kB
AnonPages:       3738712 kB
Mapped:           705196 kB
Shmem:             18872 kB
KReclaimable:     532012 kB
Slab:             315548 kB
SReclaimable:      88840 kB
SUnreclaim:       226708 kB
KernelStack:       48880 kB
ShadowCallStack:   12248 kB
PageTables:        78684 kB
NFS_Unstable:          0 kB
Bounce:                0 kB
WritebackTmp:          0 kB
CommitLimit:     8677876 kB
Committed_AS:   75829192 kB
VmallocTotal:   263061440 kB
VmallocUsed:      131696 kB
VmallocChunk:          0 kB
Percpu:             2520 kB
CmaTotal:         405504 kB
CmaFree:               4 kB
MemTotal:        7918584 kB
MemFree:          206892 kB
MemAvailable:    1856544 kB
Buffers:            4736 kB
Cached:          1527572 kB
SwapCached:         1840 kB
Active:          3604944 kB
Inactive:        1721844 kB
Active(anon):    2946804 kB
Inactive(anon):   871344 kB
Active(file):     658140 kB
Inactive(file):   850500 kB
Unevictable:        6356 kB
Mlocked:            5916 kB
SwapTotal:       4718584 kB
SwapFree:        4626168 kB
Dirty:               112 kB
Writeback:             0 kB
AnonPages:       3799588 kB
Mapped:           705856 kB
Shmem:             18884 kB
KReclaimable:     531236 kB
Slab:             315616 kB
SReclaimable:      88840 kB
SUnreclaim:       226776 kB
KernelStack:       48928 kB
ShadowCallStack:   12256 kB
PageTables:        79108 kB
NFS_Unstable:          0 kB
Bounce:                0 kB
WritebackTmp:          0 kB
CommitLimit:     8677876 kB
Committed_AS:   75976664 kB
VmallocTotal:   263061440 kB
VmallocUsed:      131700 kB
VmallocChunk:          0 kB
Percpu:             2520 kB
CmaTotal:         405504 kB
CmaFree:               0 kB
MemTotal:        7918584 kB
MemFree:          204296 kB
MemAvailable:    1853884 kB
Buffers:            4768 kB
Cached:          1527584 kB
SwapCached:         1840 kB
Active:          3607320 kB
Inactive:        1721884 kB
Active(anon):    2949180 kB
Inactive(anon):   871344 kB
Active(file):     658140 kB
Inactive(file):   850540 kB
Unevictable:        6356 kB
Mlocked:            5916 kB
SwapTotal:       4718584 kB
SwapFree:        4626168 kB
Dirty:               184 kB
Writeback:             0 kB
AnonPages:       3801836 kB
Mapped:           706004 kB
Shmem:             18888 kB
KReclaimable:     531132 kB
Slab:             315636 kB
SReclaimable:      88824 kB
SUnreclaim:       226812 kB
KernelStack:       48976 kB
ShadowCallStack:   12256 kB
PageTables:        79072 kB
NFS_Unstable:          0 kB
Bounce:                0 kB
WritebackTmp:          0 kB
CommitLimit:     8677876 kB
Committed_AS:   75976664 kB
VmallocTotal:   263061440 kB
VmallocUsed:      131676 kB
VmallocChunk:          0 kB
Percpu:             2520 kB
CmaTotal:         405504 kB
CmaFree:               0 kB
MemTotal:        7918584 kB
MemFree:          183740 kB
MemAvailable:    1667588 kB
Buffers:            4768 kB
Cached:          1492216 kB
SwapCached:         1840 kB
Active:          3665216 kB
Inactive:        1694748 kB
Active(anon):    3024692 kB
Inactive(anon):   862016 kB
Active(file):     640524 kB
Inactive(file):   832732 kB
Unevictable:        6356 kB
Mlocked:            5916 kB
SwapTotal:       4718584 kB
SwapFree:        4626168 kB
Dirty:               200 kB
Writeback:             0 kB
AnonPages:       3867964 kB
Mapped:           692044 kB
Shmem:             18944 kB
KReclaimable:     400816 kB
Slab:             315008 kB
SReclaimable:      88008 kB
SUnreclaim:       227000 kB
KernelStack:       49024 kB
ShadowCallStack:   12288 kB
PageTables:        79268 kB
NFS_Unstable:          0 kB
Bounce:                0 kB
WritebackTmp:          0 kB
CommitLimit:     8677876 kB
Committed_AS:   76058980 kB
VmallocTotal:   263061440 kB
VmallocUsed:      131856 kB
VmallocChunk:          0 kB
Percpu:             2520 kB
CmaTotal:         405504 kB
CmaFree:               0 kB
MemTotal:        7918584 kB
MemFree:          184644 kB
MemAvailable:    1614660 kB
Buffers:            4744 kB
Cached:          1459148 kB
SwapCached:         1840 kB
Active:          3725352 kB
Inactive:        1644072 kB
Active(anon):    3067388 kB
Inactive(anon):   862012 kB
Active(file):     657964 kB
Inactive(file):   782060 kB
Unevictable:        6356 kB
Mlocked:            5916 kB
SwapTotal:       4718584 kB
SwapFree:        4626168 kB
Dirty:               200 kB
Writeback:             0 kB
AnonPages:       3910464 kB
Mapped:           676920 kB
Shmem:             19048 kB
KReclaimable:     380216 kB
Slab:             315004 kB
SReclaimable:      87904 kB
SUnreclaim:       227100 kB
KernelStack:       49040 kB
ShadowCallStack:   12284 kB
PageTables:        79456 kB
NFS_Unstable:          0 kB
Bounce:                0 kB
WritebackTmp:          0 kB
CommitLimit:     8677876 kB
Committed_AS:   76140900 kB
VmallocTotal:   263061440 kB
VmallocUsed:      131864 kB
VmallocChunk:          0 kB
Percpu:             2520 kB
CmaTotal:         405504 kB
CmaFree:               0 kB
MemTotal:        7918584 kB
MemFree:          219892 kB
MemAvailable:    1780020 kB
Buffers:            4744 kB
Cached:          1458952 kB
SwapCached:         1840 kB
Active:          3689948 kB
Inactive:        1643976 kB
Active(anon):    3031884 kB
Inactive(anon):   862016 kB
Active(file):     658064 kB
Inactive(file):   781960 kB
Unevictable:        6356 kB
Mlocked:            5916 kB
SwapTotal:       4718584 kB
SwapFree:        4626168 kB
Dirty:               200 kB
Writeback:             0 kB
AnonPages:       3875224 kB
Mapped:           676580 kB
Shmem:             18888 kB
KReclaimable:     510328 kB
Slab:             314748 kB
SReclaimable:      87904 kB
SUnreclaim:       226844 kB
KernelStack:       48880 kB
ShadowCallStack:   12248 kB
PageTables:        79256 kB
NFS_Unstable:          0 kB
Bounce:                0 kB
WritebackTmp:          0 kB
CommitLimit:     8677876 kB
Committed_AS:   76140504 kB
VmallocTotal:   263061440 kB
VmallocUsed:      131688 kB
VmallocChunk:          0 kB
Percpu:             2520 kB
CmaTotal:         405504 kB
CmaFree:              12 kB
MemTotal:        7918584 kB
MemFree:          182280 kB
MemAvailable:    1729368 kB
Buffers:            4752 kB
Cached:          1448936 kB
SwapCached:         1840 kB
Active:          3743704 kB
Inactive:        1630336 kB
Active(anon):    3082020 kB
Inactive(anon):   862008 kB
Active(file):     661684 kB
Inactive(file):   768328 kB
Unevictable:        6356 kB
Mlocked:            5916 kB
SwapTotal:       4718584 kB
SwapFree:        4626424 kB
Dirty:               200 kB
Writeback:             0 kB
AnonPages:       3925296 kB
Mapped:           674068 kB
Shmem:             18892 kB
KReclaimable:     507300 kB
Slab:             314552 kB
SReclaimable:      87604 kB
SUnreclaim:       226948 kB
KernelStack:       48944 kB
ShadowCallStack:   12256 kB
PageTables:        79480 kB
NFS_Unstable:          0 kB
Bounce:                0 kB
WritebackTmp:          0 kB
CommitLimit:     8677876 kB
Committed_AS:   76255200 kB
VmallocTotal:   263061440 kB
VmallocUsed:      131704 kB
VmallocChunk:          0 kB
Percpu:             2520 kB
CmaTotal:         405504 kB
CmaFree:               0 kB
MemTotal:        7918584 kB
MemFree:          182268 kB
MemAvailable:    1708740 kB
Buffers:            4760 kB
Cached:          1434968 kB
SwapCached:         1840 kB
Active:          3794456 kB
Inactive:        1585268 kB
Active(anon):    3101656 kB
Inactive(anon):   862016 kB
Active(file):     692800 kB
Inactive(file):   723252 kB
Unevictable:        6356 kB
Mlocked:            5916 kB
SwapTotal:       4718584 kB
SwapFree:        4626424 kB
Dirty:               212 kB
Writeback:             0 kB
AnonPages:       3944976 kB
Mapped:           670952 kB
Shmem:             18892 kB
KReclaimable:     500644 kB
Slab:             314420 kB
SReclaimable:      87500 kB
SUnreclaim:       226920 kB
KernelStack:       48912 kB
ShadowCallStack:   12256 kB
PageTables:        79528 kB
NFS_Unstable:          0 kB
Bounce:                0 kB
WritebackTmp:          0 kB
CommitLimit:     8677876 kB
Committed_AS:   76304348 kB
VmallocTotal:   263061440 kB
VmallocUsed:      131708 kB
VmallocChunk:          0 kB
Percpu:             2520 kB
CmaTotal:         405504 kB
CmaFree:              28 kB
MemTotal:        7918584 kB
MemFree:          184584 kB
MemAvailable:    1700892 kB
Buffers:            4760 kB
Cached:          1426376 kB
SwapCached:         1840 kB
Active:          3803768 kB
Inactive:        1576544 kB
Active(anon):    3110844 kB
Inactive(anon):   862008 kB
Active(file):     692924 kB
Inactive(file):   714536 kB
Unevictable:        6356 kB
Mlocked:            5916 kB
SwapTotal:       4718584 kB
SwapFree:        4626424 kB
Dirty:               212 kB
Writeback:             0 kB
AnonPages:       3953992 kB
Mapped:           670632 kB
Shmem:             18892 kB
KReclaimable:     499072 kB
Slab:             314272 kB
SReclaimable:      87280 kB
SUnreclaim:       226992 kB
KernelStack:       48912 kB
ShadowCallStack:   12252 kB
PageTables:        80056 kB
NFS_Unstable:          0 kB
Bounce:                0 kB
WritebackTmp:          0 kB
CommitLimit:     8677876 kB
Committed_AS:   76337116 kB
VmallocTotal:   263061440 kB
VmallocUsed:      131708 kB
VmallocChunk:          0 kB
Percpu:             2520 kB
CmaTotal:         405504 kB
CmaFree:               0 kB
MemTotal:        7918584 kB
MemFree:          183672 kB
MemAvailable:    1639552 kB
Buffers:            4760 kB
Cached:          1376432 kB
SwapCached:         1840 kB
Active:          3882216 kB
Inactive:        1507976 kB
Active(anon):    3170708 kB
Inactive(anon):   862016 kB
Active(file):     711508 kB
Inactive(file):   645960 kB
Unevictable:        6356 kB
Mlocked:            5916 kB
SwapTotal:       4718584 kB
SwapFree:        4626424 kB
Dirty:               212 kB
Writeback:             0 kB
AnonPages:       4014016 kB
Mapped:           647232 kB
Shmem:             18896 kB
KReclaimable:     488636 kB
Slab:             313916 kB
SReclaimable:      86900 kB
SUnreclaim:       227016 kB
KernelStack:       48880 kB
ShadowCallStack:   12252 kB
PageTables:        79972 kB
NFS_Unstable:          0 kB
Bounce:                0 kB
WritebackTmp:          0 kB
CommitLimit:     8677876 kB
Committed_AS:   76451756 kB
VmallocTotal:   263061440 kB
VmallocUsed:      131692 kB
VmallocChunk:          0 kB
Percpu:             2520 kB
CmaTotal:         405504 kB
CmaFree:               0 kB
MemTotal:        7918584 kB
MemFree:          184720 kB
MemAvailable:    1636696 kB
Buffers:            4760 kB
Cached:          1373112 kB
SwapCached:         1840 kB
Active:          3885288 kB
Inactive:        1503788 kB
Active(anon):    3172872 kB
Inactive(anon):   862012 kB
Active(file):     712416 kB
Inactive(file):   641776 kB
Unevictable:        6356 kB
Mlocked:            5916 kB
SwapTotal:       4718584 kB
SwapFree:        4626424 kB
Dirty:               232 kB
Writeback:             0 kB
AnonPages:       4016264 kB
Mapped:           646148 kB
Shmem:             18896 kB
KReclaimable:     488008 kB
Slab:             313936 kB
SReclaimable:      86856 kB
SUnreclaim:       227080 kB
KernelStack:       48912 kB
ShadowCallStack:   12248 kB
PageTables:        79916 kB
NFS_Unstable:          0 kB
Bounce:                0 kB
WritebackTmp:          0 kB
CommitLimit:     8677876 kB
Committed_AS:   76451756 kB
VmallocTotal:   263061440 kB
VmallocUsed:      131656 kB
VmallocChunk:          0 kB
Percpu:             2520 kB
CmaTotal:         405504 kB
CmaFree:               0 kB
MemTotal:        7918584 kB
MemFree:          184528 kB
MemAvailable:    1607040 kB
Buffers:            4760 kB
Cached:          1347936 kB
SwapCached:         1840 kB
Active:          3918276 kB
Inactive:        1474316 kB
Active(anon):    3202892 kB
Inactive(anon):   860856 kB
Active(file):     715384 kB
Inactive(file):   613460 kB
Unevictable:        6356 kB
Mlocked:            5916 kB
SwapTotal:       4718584 kB
SwapFree:        4626424 kB
Dirty:               240 kB
Writeback:             0 kB
AnonPages:       4045020 kB
Mapped:           644492 kB
Shmem:             18896 kB
KReclaimable:     483892 kB
Slab:             313460 kB
SReclaimable:      86500 kB
SUnreclaim:       226960 kB
KernelStack:       48912 kB
ShadowCallStack:   12244 kB
PageTables:        79784 kB
NFS_Unstable:          0 kB
Bounce:                0 kB
WritebackTmp:          0 kB
CommitLimit:     8677876 kB
Committed_AS:   76550060 kB
VmallocTotal:   263061440 kB
VmallocUsed:      131688 kB
VmallocChunk:          0 kB
Percpu:             2520 kB
CmaTotal:         405504 kB
CmaFree:               0 kB
MemTotal:        7918584 kB
MemFree:          185808 kB
MemAvailable:    1565536 kB
Buffers:            4784 kB
Cached:          1311376 kB
SwapCached:         1840 kB
Active:          3959096 kB
Inactive:        1437920 kB
Active(anon):    3243684 kB
Inactive(anon):   860852 kB
Active(file):     715412 kB
Inactive(file):   577068 kB
Unevictable:        6356 kB
Mlocked:            5916 kB
SwapTotal:       4718584 kB
SwapFree:        4626424 kB
Dirty:               248 kB
Writeback:             0 kB
AnonPages:       4085944 kB
Mapped:           644520 kB
Shmem:             18896 kB
KReclaimable:     477472 kB
Slab:             312568 kB
SReclaimable:      85472 kB
SUnreclaim:       227096 kB
KernelStack:       48912 kB
ShadowCallStack:   12260 kB
PageTables:        80424 kB
NFS_Unstable:          0 kB
Bounce:                0 kB
WritebackTmp:          0 kB
CommitLimit:     8677876 kB
Committed_AS:   76631984 kB
VmallocTotal:   263061440 kB
VmallocUsed:      131676 kB
VmallocChunk:          0 kB
Percpu:             2520 kB
CmaTotal:         405504 kB
CmaFree:               0 kB
MemTotal:        7918584 kB
MemFree:          184688 kB
MemAvailable:    1564220 kB
Buffers:            4784 kB
Cached:          1311356 kB
SwapCached:         1840 kB
Active:          3960480 kB
Inactive:        1437908 kB
Active(anon):    3245068 kB
Inactive(anon):   860860 kB
Active(file):     715412 kB
Inactive(file):   577048 kB
Unevictable:        6356 kB
Mlocked:            5916 kB
SwapTotal:       4718584 kB
SwapFree:        4626424 kB
Dirty:               248 kB
Writeback:             0 kB
AnonPages:       4087228 kB
Mapped:           644832 kB
Shmem:             18896 kB
KReclaimable:     477296 kB
Slab:             312524 kB
SReclaimable:      85472 kB
SUnreclaim:       227052 kB
KernelStack:       48944 kB
ShadowCallStack:   12244 kB
PageTables:        80220 kB
NFS_Unstable:          0 kB
Bounce:                0 kB
WritebackTmp:          0 kB
CommitLimit:     8677876 kB
Committed_AS:   76631980 kB
VmallocTotal:   263061440 kB
VmallocUsed:      131692 kB
VmallocChunk:          0 kB
Percpu:             2520 kB
CmaTotal:         405504 kB
CmaFree:               8 kB
MemTotal:        7918584 kB
MemFree:          185896 kB
MemAvailable:    1515648 kB
Buffers:            4784 kB
Cached:          1269280 kB
SwapCached:         1840 kB
Active:          4019628 kB
Inactive:        1383948 kB
Active(anon):    3292340 kB
Inactive(anon):   860852 kB
Active(file):     727288 kB
Inactive(file):   523096 kB
Unevictable:        6356 kB
Mlocked:            5916 kB
SwapTotal:       4718584 kB
SwapFree:        4626424 kB
Dirty:               256 kB
Writeback:             0 kB
AnonPages:       4134464 kB
Mapped:           643856 kB
Shmem:             18896 kB
KReclaimable:     469592 kB
Slab:             311572 kB
SReclaimable:      84412 kB
SUnreclaim:       227160 kB
KernelStack:       48912 kB
ShadowCallStack:   12252 kB
PageTables:        80652 kB
NFS_Unstable:          0 kB
Bounce:                0 kB
WritebackTmp:          0 kB
CommitLimit:     8677876 kB
Committed_AS:   76746668 kB
VmallocTotal:   263061440 kB
VmallocUsed:      131688 kB
VmallocChunk:          0 kB
Percpu:             2520 kB
CmaTotal:         405504 kB
CmaFree:               0 kB
MemTotal:        7918584 kB
MemFree:          182840 kB
MemAvailable:    1492308 kB
Buffers:            4784 kB
Cached:          1251880 kB
SwapCached:         1840 kB
Active:          4042124 kB
Inactive:        1366544 kB
Active(anon):    3314836 kB
Inactive(anon):   860852 kB
Active(file):     727288 kB
Inactive(file):   505692 kB
Unevictable:        6356 kB
Mlocked:            5916 kB
SwapTotal:       4718584 kB
SwapFree:        4626424 kB
Dirty:               260 kB
Writeback:             0 kB
AnonPages:       4156752 kB
Mapped:           643980 kB
Shmem:             18900 kB
KReclaimable:     466712 kB
Slab:             311072 kB
SReclaimable:      83916 kB
SUnreclaim:       227156 kB
KernelStack:       48928 kB
ShadowCallStack:   12252 kB
PageTables:        80628 kB
NFS_Unstable:          0 kB
Bounce:                0 kB
WritebackTmp:          0 kB
CommitLimit:     8677876 kB
Committed_AS:   76795824 kB
VmallocTotal:   263061440 kB
VmallocUsed:      131684 kB
VmallocChunk:          0 kB
Percpu:             2520 kB
CmaTotal:         405504 kB
CmaFree:               0 kB
MemTotal:        7918584 kB
MemFree:          182824 kB
MemAvailable:    1482088 kB
Buffers:            4784 kB
Cached:          1243188 kB
SwapCached:         1840 kB
Active:          4051512 kB
Inactive:        1357836 kB
Active(anon):    3324220 kB
Inactive(anon):   860844 kB
Active(file):     727292 kB
Inactive(file):   496992 kB
Unevictable:        6356 kB
Mlocked:            5916 kB
SwapTotal:       4718584 kB
SwapFree:        4626424 kB
Dirty:               264 kB
Writeback:             0 kB
AnonPages:       4166280 kB
Mapped:           644632 kB
Shmem:             18904 kB
KReclaimable:     465204 kB
Slab:             310932 kB
SReclaimable:      83784 kB
SUnreclaim:       227148 kB
KernelStack:       48912 kB
ShadowCallStack:   12252 kB
PageTables:        80804 kB
NFS_Unstable:          0 kB
Bounce:                0 kB
WritebackTmp:          0 kB
CommitLimit:     8677876 kB
Committed_AS:   76828596 kB
VmallocTotal:   263061440 kB
VmallocUsed:      131676 kB
VmallocChunk:          0 kB
Percpu:             2520 kB
CmaTotal:         405504 kB
CmaFree:               0 kB
MemTotal:        7918584 kB
MemFree:          184940 kB
MemAvailable:    1425340 kB
Buffers:            4784 kB
Cached:          1192348 kB
SwapCached:         1840 kB
Active:          4109324 kB
Inactive:        1307000 kB
Active(anon):    3382032 kB
Inactive(anon):   860848 kB
Active(file):     727292 kB
Inactive(file):   446152 kB
Unevictable:        6356 kB
Mlocked:            5916 kB
SwapTotal:       4718584 kB
SwapFree:        4626424 kB
Dirty:               272 kB
Writeback:             0 kB
AnonPages:       4224060 kB
Mapped:           644996 kB
Shmem:             18904 kB
KReclaimable:     457180 kB
Slab:             309748 kB
SReclaimable:      82608 kB
SUnreclaim:       227140 kB
KernelStack:       48912 kB
ShadowCallStack:   12248 kB
PageTables:        80980 kB
NFS_Unstable:          0 kB
Bounce:                0 kB
WritebackTmp:          0 kB
CommitLimit:     8677876 kB
Committed_AS:   76959668 kB
VmallocTotal:   263061440 kB
VmallocUsed:      131672 kB
VmallocChunk:          0 kB
Percpu:             2520 kB
CmaTotal:         405504 kB
CmaFree:               0 kB
MemTotal:        7918584 kB
MemFree:          187944 kB
MemAvailable:    1418140 kB
Buffers:            4792 kB
Cached:          1183548 kB
SwapCached:         1840 kB
Active:          4114892 kB
Inactive:        1298200 kB
Active(anon):    3387600 kB
Inactive(anon):   860840 kB
Active(file):     727292 kB
Inactive(file):   437360 kB
Unevictable:        6356 kB
Mlocked:            5916 kB
SwapTotal:       4718584 kB
SwapFree:        4626424 kB
Dirty:               284 kB
Writeback:             0 kB
AnonPages:       4229680 kB
Mapped:           645120 kB
Shmem:             18904 kB
KReclaimable:     455768 kB
Slab:             309548 kB
SReclaimable:      82292 kB
SUnreclaim:       227256 kB
KernelStack:       48912 kB
ShadowCallStack:   12248 kB
PageTables:        80960 kB
NFS_Unstable:          0 kB
Bounce:                0 kB
WritebackTmp:          0 kB
CommitLimit:     8677876 kB
Committed_AS:   76976052 kB
VmallocTotal:   263061440 kB
VmallocUsed:      131672 kB
VmallocChunk:          0 kB
Percpu:             2520 kB
CmaTotal:         405504 kB
CmaFree:               0 kB
MemTotal:        7918584 kB
MemFree:          183652 kB
MemAvailable:    1384636 kB
Buffers:            4792 kB
Cached:          1157592 kB
SwapCached:         1840 kB
Active:          4148004 kB
Inactive:        1272252 kB
Active(anon):    3420712 kB
Inactive(anon):   860848 kB
Active(file):     727292 kB
Inactive(file):   411404 kB
Unevictable:        6356 kB
Mlocked:            5916 kB
SwapTotal:       4718584 kB
SwapFree:        4626424 kB
Dirty:               284 kB
Writeback:             0 kB
AnonPages:       4263040 kB
Mapped:           645472 kB
Shmem:             18904 kB
KReclaimable:     452512 kB
Slab:             309100 kB
SReclaimable:      81924 kB
SUnreclaim:       227176 kB
KernelStack:       48880 kB
ShadowCallStack:   12244 kB
PageTables:        80800 kB
NFS_Unstable:          0 kB
Bounce:                0 kB
WritebackTmp:          0 kB
CommitLimit:     8677876 kB
Committed_AS:   77057972 kB
VmallocTotal:   263061440 kB
VmallocUsed:      131660 kB
VmallocChunk:          0 kB
Percpu:             2520 kB
CmaTotal:         405504 kB
CmaFree:               0 kB
MemTotal:        7918584 kB
MemFree:          197740 kB
MemAvailable:    1346120 kB
Buffers:            4792 kB
Cached:          1114860 kB
SwapCached:         1840 kB
Active:          4202872 kB
Inactive:        1210760 kB
Active(anon):    3456828 kB
Inactive(anon):   860844 kB
Active(file):     746044 kB
Inactive(file):   349916 kB
Unevictable:        6356 kB
Mlocked:            5916 kB
SwapTotal:       4718584 kB
SwapFree:        4626424 kB
Dirty:               284 kB
Writeback:             0 kB
AnonPages:       4298920 kB
Mapped:           618352 kB
Shmem:             18908 kB
KReclaimable:     442644 kB
Slab:             308844 kB
SReclaimable:      81472 kB
SUnreclaim:       227372 kB
KernelStack:       48960 kB
ShadowCallStack:   12252 kB
PageTables:        81536 kB
NFS_Unstable:          0 kB
Bounce:                0 kB
WritebackTmp:          0 kB
CommitLimit:     8677876 kB
Committed_AS:   77123512 kB
VmallocTotal:   263061440 kB
VmallocUsed:      131676 kB
VmallocChunk:          0 kB
Percpu:             2520 kB
CmaTotal:         405504 kB
CmaFree:           15324 kB
MemTotal:        7918584 kB
MemFree:          201276 kB
MemAvailable:    1345524 kB
Buffers:            4800 kB
Cached:          1111080 kB
SwapCached:         1840 kB
Active:          4204868 kB
Inactive:        1206644 kB
Active(anon):    3458388 kB
Inactive(anon):   860848 kB
Active(file):     746480 kB
Inactive(file):   345796 kB
Unevictable:        6356 kB
Mlocked:            5916 kB
SwapTotal:       4718584 kB
SwapFree:        4626424 kB
Dirty:               284 kB
Writeback:             0 kB
AnonPages:       4300520 kB
