MemTotal:        7918584 kB
MemFree:         2095856 kB
MemAvailable:    4382012 kB
Buffers:           11408 kB
Cached:          2162600 kB
SwapCached:            0 kB
Active:          2811464 kB
Inactive:         699044 kB
Active(anon):    1304716 kB
Inactive(anon):    55780 kB
Active(file):    1506748 kB
Inactive(file):   643264 kB
Unevictable:        6348 kB
Mlocked:            5908 kB
SwapTotal:       4718584 kB
SwapFree:        4718584 kB
Dirty:             18700 kB
Writeback:             0 kB
AnonPages:       1343044 kB
Mapped:           926276 kB
Shmem:             19212 kB
KReclaimable:     526368 kB
Slab:             311816 kB
SReclaimable:      87900 kB
SUnreclaim:       223916 kB
KernelStack:       48208 kB
ShadowCallStack:   12096 kB
PageTables:        66520 kB
NFS_Unstable:          0 kB
Bounce:                0 kB
WritebackTmp:          0 kB
CommitLimit:     8677876 kB
Committed_AS:   70034532 kB
VmallocTotal:   263061440 kB
VmallocUsed:      131108 kB
VmallocChunk:          0 kB
Percpu:             2520 kB
CmaTotal:         405504 kB
CmaFree:          153076 kB
MemTotal:        7918584 kB
MemFree:         2112208 kB
MemAvailable:    4625312 kB
Buffers:           11440 kB
Cached:          2162852 kB
SwapCached:            0 kB
Active:          2794780 kB
Inactive:         699124 kB
Active(anon):    1288032 kB
Inactive(anon):    55792 kB
Active(file):    1506748 kB
Inactive(file):   643332 kB
Unevictable:        6348 kB
Mlocked:            5908 kB
SwapTotal:       4718584 kB
SwapFree:        4718584 kB
Dirty:             18716 kB
Writeback:             0 kB
AnonPages:       1326008 kB
Mapped:           948904 kB
Shmem:             19428 kB
KReclaimable:     753248 kB
Slab:             311224 kB
SReclaimable:      87884 kB
SUnreclaim:       223340 kB
KernelStack:       48576 kB
ShadowCallStack:   12136 kB
PageTables:        67240 kB
NFS_Unstable:          0 kB
Bounce:                0 kB
WritebackTmp:          0 kB
CommitLimit:     8677876 kB
Committed_AS:   70092896 kB
VmallocTotal:   263061440 kB
VmallocUsed:      131504 kB
VmallocChunk:          0 kB
Percpu:             2520 kB
CmaTotal:         405504 kB
CmaFree:          153304 kB
MemTotal:        7918584 kB
MemFree:         2096712 kB
MemAvailable:    4482368 kB
Buffers:           11448 kB
Cached:          2162860 kB
SwapCached:            0 kB
Active:          2809348 kB
Inactive:         699128 kB
Active(anon):    1302600 kB
Inactive(anon):    55788 kB
Active(file):    1506748 kB
Inactive(file):   643340 kB
Unevictable:        6348 kB
Mlocked:            5908 kB
SwapTotal:       4718584 kB
SwapFree:        4718584 kB
Dirty:             18784 kB
Writeback:             0 kB
AnonPages:       1340484 kB
Mapped:           954992 kB
Shmem:             19436 kB
KReclaimable:     625792 kB
Slab:             311628 kB
SReclaimable:      87900 kB
SUnreclaim:       223728 kB
KernelStack:       48512 kB
ShadowCallStack:   12144 kB
PageTables:        67244 kB
NFS_Unstable:          0 kB
Bounce:                0 kB
WritebackTmp:          0 kB
CommitLimit:     8677876 kB
Committed_AS:   70094916 kB
VmallocTotal:   263061440 kB
VmallocUsed:      131452 kB
VmallocChunk:          0 kB
Percpu:             2520 kB
CmaTotal:         405504 kB
CmaFree:          153148 kB
MemTotal:        7918584 kB
MemFree:         2093124 kB
MemAvailable:    4478028 kB
Buffers:           11456 kB
Cached:          2162872 kB
SwapCached:            0 kB
Active:          2812472 kB
Inactive:         699144 kB
Active(anon):    1305724 kB
Inactive(anon):    55788 kB
Active(file):    1506748 kB
Inactive(file):   643356 kB
Unevictable:        6348 kB
Mlocked:            5908 kB
SwapTotal:       4718584 kB
SwapFree:        4718584 kB
Dirty:             18812 kB
Writeback:             0 kB
AnonPages:       1343772 kB
Mapped:           955548 kB
Shmem:             19440 kB
KReclaimable:     625024 kB
Slab:             311624 kB
SReclaimable:      87900 kB
SUnreclaim:       223724 kB
KernelStack:       48512 kB
ShadowCallStack:   12152 kB
PageTables:        67164 kB
NFS_Unstable:          0 kB
Bounce:                0 kB
WritebackTmp:          0 kB
CommitLimit:     8677876 kB
Committed_AS:   70094916 kB
VmallocTotal:   263061440 kB
VmallocUsed:      131432 kB
VmallocChunk:          0 kB
Percpu:             2520 kB
CmaTotal:         405504 kB
CmaFree:          153148 kB
MemTotal:        7918584 kB
MemFree:         2091752 kB
MemAvailable:    4476608 kB
Buffers:           11456 kB
Cached:          2162888 kB
SwapCached:            0 kB
Active:          2815880 kB
Inactive:         699148 kB
Active(anon):    1309132 kB
Inactive(anon):    55792 kB
Active(file):    1506748 kB
Inactive(file):   643356 kB
Unevictable:        6348 kB
Mlocked:            5908 kB
SwapTotal:       4718584 kB
SwapFree:        4718584 kB
Dirty:             18836 kB
Writeback:             0 kB
AnonPages:       1347060 kB
Mapped:           955932 kB
Shmem:             19456 kB
KReclaimable:     624976 kB
Slab:             311576 kB
SReclaimable:      87900 kB
SUnreclaim:       223676 kB
KernelStack:       48480 kB
ShadowCallStack:   12144 kB
PageTables:        67240 kB
NFS_Unstable:          0 kB
Bounce:                0 kB
WritebackTmp:          0 kB
CommitLimit:     8677876 kB
Committed_AS:   70094924 kB
VmallocTotal:   263061440 kB
VmallocUsed:      131448 kB
VmallocChunk:          0 kB
Percpu:             2520 kB
CmaTotal:         405504 kB
CmaFree:          155628 kB
MemTotal:        7918584 kB
MemFree:         2093772 kB
MemAvailable:    4498840 kB
Buffers:           11456 kB
Cached:          2162896 kB
SwapCached:            0 kB
Active:          2812696 kB
Inactive:         699156 kB
Active(anon):    1305948 kB
Inactive(anon):    55792 kB
Active(file):    1506748 kB
Inactive(file):   643364 kB
Unevictable:        6348 kB
Mlocked:            5908 kB
SwapTotal:       4718584 kB
SwapFree:        4718584 kB
Dirty:             18836 kB
Writeback:             0 kB
AnonPages:       1343840 kB
Mapped:           956104 kB
Shmem:             19456 kB
KReclaimable:     645180 kB
Slab:             311572 kB
SReclaimable:      87900 kB
SUnreclaim:       223672 kB
KernelStack:       48336 kB
ShadowCallStack:   12108 kB
PageTables:        67216 kB
NFS_Unstable:          0 kB
Bounce:                0 kB
WritebackTmp:          0 kB
CommitLimit:     8677876 kB
Committed_AS:   70094440 kB
VmallocTotal:   263061440 kB
VmallocUsed:      130952 kB
VmallocChunk:          0 kB
Percpu:             2520 kB
CmaTotal:         405504 kB
CmaFree:          155884 kB
MemTotal:        7918584 kB
MemFree:         2067856 kB
MemAvailable:    4472924 kB
Buffers:           11456 kB
Cached:          2162896 kB
SwapCached:            0 kB
Active:          2840496 kB
Inactive:         699152 kB
Active(anon):    1333748 kB
Inactive(anon):    55788 kB
Active(file):    1506748 kB
Inactive(file):   643364 kB
Unevictable:        6348 kB
Mlocked:            5908 kB
SwapTotal:       4718584 kB
SwapFree:        4718584 kB
Dirty:             18836 kB
Writeback:             0 kB
AnonPages:       1371648 kB
Mapped:           957972 kB
Shmem:             19456 kB
KReclaimable:     645180 kB
Slab:             311568 kB
SReclaimable:      87900 kB
SUnreclaim:       223668 kB
KernelStack:       48352 kB
ShadowCallStack:   12100 kB
PageTables:        66980 kB
NFS_Unstable:          0 kB
Bounce:                0 kB
WritebackTmp:          0 kB
CommitLimit:     8677876 kB
Committed_AS:   70118236 kB
VmallocTotal:   263061440 kB
VmallocUsed:      130956 kB
VmallocChunk:          0 kB
Percpu:             2520 kB
CmaTotal:         405504 kB
CmaFree:          155884 kB
MemTotal:        7918584 kB
MemFree:         1880704 kB
MemAvailable:    4218944 kB
Buffers:           11488 kB
Cached:          2162944 kB
SwapCached:            0 kB
Active:          3026664 kB
Inactive:         699232 kB
Active(anon):    1519916 kB
Inactive(anon):    55788 kB
Active(file):    1506748 kB
Inactive(file):   643444 kB
Unevictable:        6348 kB
Mlocked:            5908 kB
SwapTotal:       4718584 kB
SwapFree:        4718584 kB
Dirty:             18800 kB
Writeback:             0 kB
AnonPages:       1557828 kB
Mapped:          1040568 kB
Shmem:             19456 kB
KReclaimable:     578272 kB
Slab:             311872 kB
SReclaimable:      87948 kB
SUnreclaim:       223924 kB
KernelStack:       48384 kB
ShadowCallStack:   12120 kB
PageTables:        68000 kB
NFS_Unstable:          0 kB
Bounce:                0 kB
WritebackTmp:          0 kB
CommitLimit:     8677876 kB
Committed_AS:   70437808 kB
VmallocTotal:   263061440 kB
VmallocUsed:      130964 kB
VmallocChunk:          0 kB
Percpu:             2520 kB
CmaTotal:         405504 kB
CmaFree:          155884 kB
MemTotal:        7918584 kB
MemFree:         1865732 kB
MemAvailable:    4217888 kB
Buffers:           11488 kB
Cached:          2162968 kB
SwapCached:            0 kB
Active:          3041096 kB
Inactive:         699252 kB
Active(anon):    1534348 kB
Inactive(anon):    55788 kB
Active(file):    1506748 kB
Inactive(file):   643464 kB
Unevictable:        6348 kB
Mlocked:            5908 kB
SwapTotal:       4718584 kB
SwapFree:        4718584 kB
Dirty:             18000 kB
Writeback:             0 kB
AnonPages:       1572232 kB
Mapped:          1031028 kB
Shmem:             19460 kB
KReclaimable:     592168 kB
Slab:             311888 kB
SReclaimable:      87948 kB
SUnreclaim:       223940 kB
KernelStack:       48368 kB
ShadowCallStack:   12116 kB
PageTables:        68128 kB
NFS_Unstable:          0 kB
Bounce:                0 kB
WritebackTmp:          0 kB
CommitLimit:     8677876 kB
Committed_AS:   70477192 kB
VmallocTotal:   263061440 kB
VmallocUsed:      131000 kB
VmallocChunk:          0 kB
Percpu:             2520 kB
CmaTotal:         405504 kB
CmaFree:          155884 kB
MemTotal:        7918584 kB
MemFree:         1795180 kB
MemAvailable:    4095432 kB
Buffers:           11512 kB
Cached:          2163064 kB
SwapCached:            0 kB
Active:          3110612 kB
Inactive:         699376 kB
Active(anon):    1603864 kB
Inactive(anon):    55792 kB
Active(file):    1506748 kB
Inactive(file):   643584 kB
Unevictable:        6348 kB
Mlocked:            5908 kB
SwapTotal:       4718584 kB
SwapFree:        4718584 kB
Dirty:             18140 kB
Writeback:             0 kB
AnonPages:       1641816 kB
Mapped:          1054612 kB
Shmem:             19460 kB
KReclaimable:     540144 kB
Slab:             312056 kB
SReclaimable:      87948 kB
SUnreclaim:       224108 kB
KernelStack:       48352 kB
ShadowCallStack:   12128 kB
PageTables:        68452 kB
NFS_Unstable:          0 kB
Bounce:                0 kB
WritebackTmp:          0 kB
CommitLimit:     8677876 kB
Committed_AS:   70683112 kB
VmallocTotal:   263061440 kB
VmallocUsed:      131036 kB
VmallocChunk:          0 kB
Percpu:             2520 kB
CmaTotal:         405504 kB
CmaFree:          155880 kB
MemTotal:        7918584 kB
MemFree:         1692344 kB
MemAvailable:    3991276 kB
Buffers:           11512 kB
Cached:          2163068 kB
SwapCached:            0 kB
Active:          3212752 kB
Inactive:         699376 kB
Active(anon):    1706004 kB
Inactive(anon):    55792 kB
Active(file):    1506748 kB
Inactive(file):   643584 kB
Unevictable:        6348 kB
Mlocked:            5908 kB
SwapTotal:       4718584 kB
SwapFree:        4718584 kB
Dirty:             18140 kB
Writeback:             0 kB
AnonPages:       1743940 kB
Mapped:          1055632 kB
Shmem:             19464 kB
KReclaimable:     538824 kB
Slab:             312164 kB
SReclaimable:      87948 kB
SUnreclaim:       224216 kB
KernelStack:       48400 kB
ShadowCallStack:   12124 kB
PageTables:        68996 kB
NFS_Unstable:          0 kB
Bounce:                0 kB
WritebackTmp:          0 kB
CommitLimit:     8677876 kB
Committed_AS:   70928876 kB
VmallocTotal:   263061440 kB
VmallocUsed:      131044 kB
VmallocChunk:          0 kB
Percpu:             2520 kB
CmaTotal:         405504 kB
CmaFree:          155884 kB
MemTotal:        7918584 kB
MemFree:         1609116 kB
MemAvailable:    3906864 kB
Buffers:           11512 kB
Cached:          2163072 kB
SwapCached:            0 kB
Active:          3296036 kB
Inactive:         699372 kB
Active(anon):    1789288 kB
Inactive(anon):    55788 kB
Active(file):    1506748 kB
Inactive(file):   643584 kB
Unevictable:        6348 kB
Mlocked:            5908 kB
SwapTotal:       4718584 kB
SwapFree:        4718584 kB
Dirty:             18144 kB
Writeback:             0 kB
AnonPages:       1827176 kB
Mapped:          1056420 kB
Shmem:             19468 kB
KReclaimable:     537640 kB
Slab:             312208 kB
SReclaimable:      87948 kB
SUnreclaim:       224260 kB
KernelStack:       48352 kB
ShadowCallStack:   12116 kB
PageTables:        69288 kB
NFS_Unstable:          0 kB
Bounce:                0 kB
WritebackTmp:          0 kB
CommitLimit:     8677876 kB
Committed_AS:   71125488 kB
VmallocTotal:   263061440 kB
VmallocUsed:      131048 kB
VmallocChunk:          0 kB
Percpu:             2520 kB
CmaTotal:         405504 kB
CmaFree:          156812 kB
MemTotal:        7918584 kB
MemFree:         1518308 kB
MemAvailable:    3815236 kB
Buffers:           11512 kB
Cached:          2163084 kB
SwapCached:            0 kB
Active:          3386552 kB
Inactive:         699388 kB
Active(anon):    1879804 kB
Inactive(anon):    55792 kB
Active(file):    1506748 kB
Inactive(file):   643596 kB
Unevictable:        6348 kB
Mlocked:            5908 kB
SwapTotal:       4718584 kB
SwapFree:        4718584 kB
Dirty:             18176 kB
Writeback:             0 kB
AnonPages:       1917768 kB
Mapped:          1057056 kB
Shmem:             19468 kB
KReclaimable:     536808 kB
Slab:             312196 kB
SReclaimable:      87948 kB
SUnreclaim:       224248 kB
KernelStack:       48384 kB
ShadowCallStack:   12120 kB
PageTables:        69916 kB
NFS_Unstable:          0 kB
Bounce:                0 kB
WritebackTmp:          0 kB
CommitLimit:     8677876 kB
Committed_AS:   71354864 kB
VmallocTotal:   263061440 kB
VmallocUsed:      131032 kB
VmallocChunk:          0 kB
Percpu:             2520 kB
CmaTotal:         405504 kB
CmaFree:          156908 kB
MemTotal:        7918584 kB
MemFree:         1432428 kB
MemAvailable:    3719820 kB
Buffers:           11512 kB
Cached:          2163108 kB
SwapCached:            0 kB
Active:          3472072 kB
Inactive:         699408 kB
Active(anon):    1965324 kB
Inactive(anon):    55792 kB
Active(file):    1506748 kB
Inactive(file):   643616 kB
Unevictable:        6348 kB
Mlocked:            5908 kB
SwapTotal:       4718584 kB
SwapFree:        4718584 kB
Dirty:             17852 kB
Writeback:             0 kB
AnonPages:       2003252 kB
Mapped:          1057724 kB
Shmem:             19472 kB
KReclaimable:     527252 kB
Slab:             312248 kB
SReclaimable:      87964 kB
SUnreclaim:       224284 kB
KernelStack:       48352 kB
ShadowCallStack:   12112 kB
PageTables:        70216 kB
NFS_Unstable:          0 kB
Bounce:                0 kB
WritebackTmp:          0 kB
CommitLimit:     8677876 kB
Committed_AS:   71584204 kB
VmallocTotal:   263061440 kB
VmallocUsed:      131032 kB
VmallocChunk:          0 kB
Percpu:             2520 kB
CmaTotal:         405504 kB
CmaFree:          156908 kB
MemTotal:        7918584 kB
MemFree:         1351208 kB
MemAvailable:    3637448 kB
Buffers:           11528 kB
Cached:          2163112 kB
SwapCached:            0 kB
Active:          3552228 kB
Inactive:         699416 kB
Active(anon):    2045480 kB
Inactive(anon):    55784 kB
Active(file):    1506748 kB
Inactive(file):   643632 kB
Unevictable:        6348 kB
Mlocked:            5908 kB
SwapTotal:       4718584 kB
SwapFree:        4718584 kB
Dirty:             17580 kB
Writeback:             0 kB
AnonPages:       2083336 kB
Mapped:          1058624 kB
Shmem:             19476 kB
KReclaimable:     526084 kB
Slab:             312400 kB
SReclaimable:      87964 kB
SUnreclaim:       224436 kB
KernelStack:       48384 kB
ShadowCallStack:   12128 kB
PageTables:        70632 kB
NFS_Unstable:          0 kB
Bounce:                0 kB
WritebackTmp:          0 kB
CommitLimit:     8677876 kB
Committed_AS:   71764428 kB
VmallocTotal:   263061440 kB
VmallocUsed:      131032 kB
VmallocChunk:          0 kB
Percpu:             2520 kB
CmaTotal:         405504 kB
CmaFree:          156888 kB
MemTotal:        7918584 kB
MemFree:         1309468 kB
MemAvailable:    3595316 kB
Buffers:           11528 kB
Cached:          2163112 kB
SwapCached:            0 kB
Active:          3594040 kB
Inactive:         699424 kB
Active(anon):    2087292 kB
Inactive(anon):    55792 kB
Active(file):    1506748 kB
Inactive(file):   643632 kB
Unevictable:        6348 kB
Mlocked:            5908 kB
SwapTotal:       4718584 kB
SwapFree:        4718584 kB
Dirty:             17580 kB
Writeback:             0 kB
AnonPages:       2125128 kB
Mapped:          1058792 kB
Shmem:             19476 kB
KReclaimable:     525692 kB
Slab:             312424 kB
SReclaimable:      87964 kB
SUnreclaim:       224460 kB
KernelStack:       48352 kB
ShadowCallStack:   12120 kB
PageTables:        70736 kB
NFS_Unstable:          0 kB
Bounce:                0 kB
WritebackTmp:          0 kB
CommitLimit:     8677876 kB
Committed_AS:   71829964 kB
VmallocTotal:   263061440 kB
VmallocUsed:      131032 kB
VmallocChunk:          0 kB
Percpu:             2520 kB
CmaTotal:         405504 kB
CmaFree:          156908 kB
MemTotal:        7918584 kB
MemFree:         1302432 kB
MemAvailable:    3588264 kB
Buffers:           11528 kB
Cached:          2163112 kB
SwapCached:            0 kB
Active:          3600752 kB
Inactive:         699424 kB
Active(anon):    2094004 kB
Inactive(anon):    55792 kB
Active(file):    1506748 kB
Inactive(file):   643632 kB
Unevictable:        6348 kB
Mlocked:            5908 kB
SwapTotal:       4718584 kB
SwapFree:        4718584 kB
Dirty:             17580 kB
Writeback:             0 kB
AnonPages:       2131992 kB
Mapped:          1058840 kB
Shmem:             19476 kB
KReclaimable:     525676 kB
Slab:             312444 kB
SReclaimable:      87964 kB
SUnreclaim:       224480 kB
KernelStack:       48352 kB
ShadowCallStack:   12128 kB
PageTables:        70788 kB
NFS_Unstable:          0 kB
Bounce:                0 kB
WritebackTmp:          0 kB
CommitLimit:     8677876 kB
Committed_AS:   71846296 kB
VmallocTotal:   263061440 kB
VmallocUsed:      131012 kB
VmallocChunk:          0 kB
Percpu:             2520 kB
CmaTotal:         405504 kB
CmaFree:          156908 kB
MemTotal:        7918584 kB
MemFree:         1249652 kB
MemAvailable:    3534636 kB
Buffers:           11552 kB
Cached:          2163104 kB
SwapCached:            0 kB
Active:          3653492 kB
Inactive:         699440 kB
Active(anon):    2146744 kB
Inactive(anon):    55792 kB
Active(file):    1506748 kB
Inactive(file):   643648 kB
Unevictable:        6348 kB
Mlocked:            5908 kB
SwapTotal:       4718584 kB
SwapFree:        4718584 kB
Dirty:             17624 kB
Writeback:             0 kB
AnonPages:       2184724 kB
Mapped:          1059544 kB
Shmem:             19476 kB
KReclaimable:     524812 kB
Slab:             312520 kB
SReclaimable:      87996 kB
SUnreclaim:       224524 kB
KernelStack:       48384 kB
ShadowCallStack:   12108 kB
PageTables:        70980 kB
NFS_Unstable:          0 kB
Bounce:                0 kB
WritebackTmp:          0 kB
CommitLimit:     8677876 kB
Committed_AS:   71977368 kB
VmallocTotal:   263061440 kB
VmallocUsed:      131012 kB
VmallocChunk:          0 kB
Percpu:             2520 kB
CmaTotal:         405504 kB
CmaFree:          156908 kB
MemTotal:        7918584 kB
MemFree:         1208624 kB
MemAvailable:    3373288 kB
Buffers:           11552 kB
Cached:          2163172 kB
SwapCached:            0 kB
Active:          3694668 kB
Inactive:         699456 kB
Active(anon):    2187920 kB
Inactive(anon):    55792 kB
Active(file):    1506748 kB
Inactive(file):   643664 kB
Unevictable:        6348 kB
Mlocked:            5908 kB
SwapTotal:       4718584 kB
SwapFree:        4718584 kB
Dirty:             17620 kB
Writeback:             0 kB
AnonPages:       2225776 kB
Mapped:          1060260 kB
Shmem:             19528 kB
KReclaimable:     404476 kB
Slab:             312516 kB
SReclaimable:      87996 kB
SUnreclaim:       224520 kB
KernelStack:       48480 kB
ShadowCallStack:   12144 kB
PageTables:        71208 kB
NFS_Unstable:          0 kB
Bounce:                0 kB
WritebackTmp:          0 kB
CommitLimit:     8677876 kB
Committed_AS:   71977768 kB
VmallocTotal:   263061440 kB
VmallocUsed:      131184 kB
VmallocChunk:          0 kB
Percpu:             2520 kB
CmaTotal:         405504 kB
CmaFree:          156908 kB
MemTotal:        7918584 kB
MemFree:         1197408 kB
MemAvailable:    3360568 kB
Buffers:           11552 kB
Cached:          2163284 kB
SwapCached:            0 kB
Active:          3705144 kB
Inactive:         699452 kB
Active(anon):    2198396 kB
Inactive(anon):    55788 kB
Active(file):    1506748 kB
Inactive(file):   643664 kB
Unevictable:        6348 kB
Mlocked:            5908 kB
SwapTotal:       4718584 kB
SwapFree:        4718584 kB
Dirty:             17548 kB
Writeback:             0 kB
AnonPages:       2236120 kB
Mapped:          1060464 kB
Shmem:             19640 kB
KReclaimable:     402972 kB
Slab:             312516 kB
SReclaimable:      87996 kB
SUnreclaim:       224520 kB
KernelStack:       48496 kB
ShadowCallStack:   12140 kB
PageTables:        71268 kB
NFS_Unstable:          0 kB
Bounce:                0 kB
WritebackTmp:          0 kB
CommitLimit:     8677876 kB
Committed_AS:   72026920 kB
VmallocTotal:   263061440 kB
VmallocUsed:      131176 kB
VmallocChunk:          0 kB
Percpu:             2520 kB
CmaTotal:         405504 kB
CmaFree:          156992 kB
MemTotal:        7918584 kB
MemFree:         1192712 kB
MemAvailable:    3476848 kB
Buffers:           11552 kB
Cached:          2163124 kB
SwapCached:            0 kB
Active:          3710484 kB
Inactive:         699456 kB
Active(anon):    2203736 kB
Inactive(anon):    55792 kB
Active(file):    1506748 kB
Inactive(file):   643664 kB
Unevictable:        6348 kB
Mlocked:            5908 kB
SwapTotal:       4718584 kB
SwapFree:        4718584 kB
Dirty:             17580 kB
Writeback:             0 kB
AnonPages:       2241656 kB
Mapped:          1060028 kB
Shmem:             19480 kB
KReclaimable:     523948 kB
Slab:             312444 kB
SReclaimable:      88012 kB
SUnreclaim:       224432 kB
KernelStack:       48368 kB
ShadowCallStack:   12116 kB
PageTables:        71352 kB
NFS_Unstable:          0 kB
Bounce:                0 kB
WritebackTmp:          0 kB
CommitLimit:     8677876 kB
Committed_AS:   72108444 kB
VmallocTotal:   263061440 kB
VmallocUsed:      130992 kB
VmallocChunk:          0 kB
Percpu:             2520 kB
CmaTotal:         405504 kB
CmaFree:          157036 kB
MemTotal:        7918584 kB
MemFree:         1189244 kB
MemAvailable:    3473356 kB
Buffers:           11552 kB
Cached:          2163124 kB
SwapCached:            0 kB
Active:          3713512 kB
Inactive:         699456 kB
Active(anon):    2206764 kB
Inactive(anon):    55792 kB
Active(file):    1506748 kB
Inactive(file):   643664 kB
Unevictable:        6348 kB
Mlocked:            5908 kB
SwapTotal:       4718584 kB
SwapFree:        4718584 kB
Dirty:             17592 kB
Writeback:             0 kB
AnonPages:       2244668 kB
Mapped:          1060132 kB
Shmem:             19480 kB
KReclaimable:     523924 kB
Slab:             312440 kB
SReclaimable:      88012 kB
SUnreclaim:       224428 kB
KernelStack:       48336 kB
ShadowCallStack:   12116 kB
PageTables:        71208 kB
NFS_Unstable:          0 kB
Bounce:                0 kB
WritebackTmp:          0 kB
CommitLimit:     8677876 kB
Committed_AS:   72108444 kB
VmallocTotal:   263061440 kB
VmallocUsed:      130992 kB
VmallocChunk:          0 kB
Percpu:             2520 kB
CmaTotal:         405504 kB
CmaFree:          157036 kB
MemTotal:        7918584 kB
MemFree:         1155108 kB
MemAvailable:    3438748 kB
Buffers:           11552 kB
Cached:          2163136 kB
SwapCached:            0 kB
Active:          3748140 kB
Inactive:         699460 kB
Active(anon):    2241392 kB
Inactive(anon):    55788 kB
Active(file):    1506748 kB
Inactive(file):   643672 kB
Unevictable:        6348 kB
Mlocked:            5908 kB
SwapTotal:       4718584 kB
SwapFree:        4718584 kB
Dirty:             17600 kB
Writeback:             0 kB
AnonPages:       2279348 kB
Mapped:          1060400 kB
Shmem:             19484 kB
KReclaimable:     523444 kB
Slab:             312460 kB
SReclaimable:      88012 kB
SUnreclaim:       224448 kB
KernelStack:       48400 kB
ShadowCallStack:   12116 kB
PageTables:        71492 kB
NFS_Unstable:          0 kB
Bounce:                0 kB
WritebackTmp:          0 kB
CommitLimit:     8677876 kB
Committed_AS:   72206752 kB
VmallocTotal:   263061440 kB
VmallocUsed:      131012 kB
VmallocChunk:          0 kB
Percpu:             2520 kB
CmaTotal:         405504 kB
CmaFree:          157036 kB
MemTotal:        7918584 kB
MemFree:         1132120 kB
MemAvailable:    3415380 kB
Buffers:           11560 kB
Cached:          2163144 kB
SwapCached:            0 kB
Active:          3770272 kB
Inactive:         699468 kB
Active(anon):    2263524 kB
Inactive(anon):    55784 kB
Active(file):    1506748 kB
Inactive(file):   643684 kB
Unevictable:        6348 kB
Mlocked:            5908 kB
SwapTotal:       4718584 kB
SwapFree:        4718584 kB
Dirty:               392 kB
Writeback:         16676 kB
AnonPages:       2301388 kB
Mapped:          1060484 kB
Shmem:             19488 kB
KReclaimable:     523052 kB
Slab:             312468 kB
SReclaimable:      88012 kB
SUnreclaim:       224456 kB
KernelStack:       48352 kB
ShadowCallStack:   12108 kB
PageTables:        71484 kB
NFS_Unstable:          0 kB
Bounce:                0 kB
WritebackTmp:          0 kB
CommitLimit:     8677876 kB
Committed_AS:   72255908 kB
VmallocTotal:   263061440 kB
VmallocUsed:      130988 kB
VmallocChunk:          0 kB
Percpu:             2520 kB
CmaTotal:         405504 kB
CmaFree:          157036 kB
MemTotal:        7918584 kB
MemFree:         1130072 kB
MemAvailable:    3413280 kB
Buffers:           11560 kB
Cached:          2163156 kB
SwapCached:            0 kB
Active:          3771960 kB
Inactive:         699488 kB
Active(anon):    2265212 kB
Inactive(anon):    55792 kB
Active(file):    1506748 kB
Inactive(file):   643696 kB
Unevictable:        6348 kB
Mlocked:            5908 kB
SwapTotal:       4718584 kB
SwapFree:        4718584 kB
Dirty:                56 kB
Writeback:             0 kB
AnonPages:       2303036 kB
Mapped:          1060648 kB
Shmem:             19488 kB
KReclaimable:     522988 kB
Slab:             312468 kB
SReclaimable:      88012 kB
SUnreclaim:       224456 kB
KernelStack:       48400 kB
ShadowCallStack:   12120 kB
PageTables:        71672 kB
NFS_Unstable:          0 kB
Bounce:                0 kB
WritebackTmp:          0 kB
CommitLimit:     8677876 kB
Committed_AS:   72255908 kB
VmallocTotal:   263061440 kB
VmallocUsed:      130996 kB
VmallocChunk:          0 kB
Percpu:             2520 kB
CmaTotal:         405504 kB
CmaFree:          157036 kB
MemTotal:        7918584 kB
MemFree:         1079968 kB
MemAvailable:    3362368 kB
Buffers:           11560 kB
Cached:          2163156 kB
SwapCached:            0 kB
Active:          3822768 kB
Inactive:         699488 kB
Active(anon):    2316020 kB
Inactive(anon):    55792 kB
Active(file):    1506748 kB
Inactive(file):   643696 kB
Unevictable:        6348 kB
Mlocked:            5908 kB
SwapTotal:       4718584 kB
SwapFree:        4718584 kB
Dirty:                68 kB
Writeback:             0 kB
AnonPages:       2353900 kB
Mapped:          1061124 kB
Shmem:             19488 kB
KReclaimable:     522180 kB
Slab:             312504 kB
SReclaimable:      88012 kB
SUnreclaim:       224492 kB
KernelStack:       48368 kB
ShadowCallStack:   12116 kB
PageTables:        71892 kB
NFS_Unstable:          0 kB
Bounce:                0 kB
WritebackTmp:          0 kB
CommitLimit:     8677876 kB
Committed_AS:   72386984 kB
VmallocTotal:   263061440 kB
VmallocUsed:      131028 kB
VmallocChunk:          0 kB
Percpu:             2520 kB
CmaTotal:         405504 kB
CmaFree:          157036 kB
MemTotal:        7918584 kB
MemFree:         1073884 kB
MemAvailable:    3356164 kB
Buffers:           11560 kB
Cached:          2163156 kB
SwapCached:            0 kB
Active:          3828144 kB
Inactive:         699492 kB
Active(anon):    2321396 kB
Inactive(anon):    55796 kB
Active(file):    1506748 kB
Inactive(file):   643696 kB
Unevictable:        6348 kB
Mlocked:            5908 kB
SwapTotal:       4718584 kB
SwapFree:        4718584 kB
Dirty:                68 kB
Writeback:             0 kB
AnonPages:       2359200 kB
Mapped:          1061272 kB
Shmem:             19488 kB
KReclaimable:     522060 kB
Slab:             312512 kB
SReclaimable:      88012 kB
SUnreclaim:       224500 kB
KernelStack:       48384 kB
ShadowCallStack:   12128 kB
PageTables:        71920 kB
NFS_Unstable:          0 kB
Bounce:                0 kB
WritebackTmp:          0 kB
CommitLimit:     8677876 kB
Committed_AS:   72386932 kB
VmallocTotal:   263061440 kB
VmallocUsed:      130992 kB
VmallocChunk:          0 kB
Percpu:             2520 kB
CmaTotal:         405504 kB
CmaFree:          157036 kB
MemTotal:        7918584 kB
MemFree:         1063760 kB
MemAvailable:    3345872 kB
Buffers:           11560 kB
Cached:          2163164 kB
SwapCached:            0 kB
Active:          3838460 kB
Inactive:         699488 kB
Active(anon):    2331712 kB
Inactive(anon):    55784 kB
Active(file):    1506748 kB
Inactive(file):   643704 kB
Unevictable:        6348 kB
Mlocked:            5908 kB
SwapTotal:       4718584 kB
SwapFree:        4718584 kB
Dirty:                92 kB
Writeback:             0 kB
AnonPages:       2369588 kB
Mapped:          1061640 kB
Shmem:             19488 kB
KReclaimable:     521884 kB
Slab:             312508 kB
SReclaimable:      88012 kB
SUnreclaim:       224496 kB
KernelStack:       48368 kB
ShadowCallStack:   12124 kB
PageTables:        71992 kB
NFS_Unstable:          0 kB
Bounce:                0 kB
WritebackTmp:          0 kB
CommitLimit:     8677876 kB
Committed_AS:   72419696 kB
VmallocTotal:   263061440 kB
VmallocUsed:      130992 kB
VmallocChunk:          0 kB
Percpu:             2520 kB
CmaTotal:         405504 kB
CmaFree:          157036 kB
MemTotal:        7918584 kB
MemFree:         1017944 kB
MemAvailable:    3299432 kB
Buffers:           11584 kB
Cached:          2163168 kB
SwapCached:            0 kB
Active:          3884204 kB
Inactive:         699520 kB
Active(anon):    2377456 kB
Inactive(anon):    55792 kB
Active(file):    1506748 kB
Inactive(file):   643728 kB
Unevictable:        6348 kB
Mlocked:            5908 kB
SwapTotal:       4718584 kB
SwapFree:        4718584 kB
Dirty:               184 kB
Writeback:             0 kB
AnonPages:       2415412 kB
Mapped:          1061924 kB
Shmem:             19492 kB
KReclaimable:     521236 kB
Slab:             312552 kB
SReclaimable:      88012 kB
SUnreclaim:       224540 kB
KernelStack:       48336 kB
ShadowCallStack:   12108 kB
PageTables:        72188 kB
NFS_Unstable:          0 kB
Bounce:                0 kB
WritebackTmp:          0 kB
CommitLimit:     8677876 kB
Committed_AS:   72501620 kB
VmallocTotal:   263061440 kB
VmallocUsed:      130972 kB
VmallocChunk:          0 kB
Percpu:             2520 kB
CmaTotal:         405504 kB
CmaFree:          157036 kB
MemTotal:        7918584 kB
MemFree:         1016716 kB
MemAvailable:    3298196 kB
Buffers:           11592 kB
Cached:          2163168 kB
SwapCached:            0 kB
Active:          3884384 kB
Inactive:         699528 kB
Active(anon):    2377636 kB
Inactive(anon):    55792 kB
Active(file):    1506748 kB
Inactive(file):   643736 kB
Unevictable:        6348 kB
Mlocked:            5908 kB
SwapTotal:       4718584 kB
SwapFree:        4718584 kB
Dirty:               256 kB
Writeback:             0 kB
AnonPages:       2415532 kB
Mapped:          1062104 kB
Shmem:             19492 kB
KReclaimable:     521220 kB
Slab:             312548 kB
SReclaimable:      88012 kB
SUnreclaim:       224536 kB
KernelStack:       48336 kB
ShadowCallStack:   12104 kB
PageTables:        71992 kB
NFS_Unstable:          0 kB
Bounce:                0 kB
WritebackTmp:          0 kB
CommitLimit:     8677876 kB
Committed_AS:   72501624 kB
VmallocTotal:   263061440 kB
VmallocUsed:      130976 kB
VmallocChunk:          0 kB
Percpu:             2520 kB
CmaTotal:         405504 kB
CmaFree:          157036 kB
MemTotal:        7918584 kB
MemFree:          985420 kB
MemAvailable:    3266444 kB
Buffers:           11592 kB
Cached:          2163168 kB
SwapCached:            0 kB
Active:          3917008 kB
Inactive:         699520 kB
Active(anon):    2410260 kB
Inactive(anon):    55784 kB
Active(file):    1506748 kB
Inactive(file):   643736 kB
Unevictable:        6348 kB
Mlocked:            5908 kB
SwapTotal:       4718584 kB
SwapFree:        4718584 kB
Dirty:               256 kB
Writeback:             0 kB
AnonPages:       2448256 kB
Mapped:          1062584 kB
Shmem:             19492 kB
KReclaimable:     520764 kB
Slab:             312608 kB
SReclaimable:      88012 kB
SUnreclaim:       224596 kB
KernelStack:       48304 kB
ShadowCallStack:   12096 kB
PageTables:        72396 kB
NFS_Unstable:          0 kB
Bounce:                0 kB
WritebackTmp:          0 kB
CommitLimit:     8677876 kB
Committed_AS:   72599768 kB
VmallocTotal:   263061440 kB
VmallocUsed:      130932 kB
VmallocChunk:          0 kB
Percpu:             2520 kB
CmaTotal:         405504 kB
CmaFree:          157036 kB
MemTotal:        7918584 kB
MemFree:          960700 kB
MemAvailable:    3241312 kB
Buffers:           11592 kB
Cached:          2163188 kB
SwapCached:            0 kB
Active:          3940808 kB
Inactive:         699544 kB
Active(anon):    2434060 kB
Inactive(anon):    55796 kB
Active(file):    1506748 kB
Inactive(file):   643748 kB
Unevictable:        6348 kB
Mlocked:            5908 kB
SwapTotal:       4718584 kB
SwapFree:        4718584 kB
Dirty:               264 kB
Writeback:             0 kB
AnonPages:       2472036 kB
Mapped:          1062716 kB
Shmem:             19500 kB
KReclaimable:     520340 kB
Slab:             312676 kB
SReclaimable:      88012 kB
SUnreclaim:       224664 kB
KernelStack:       48256 kB
ShadowCallStack:   12080 kB
PageTables:        72488 kB
NFS_Unstable:          0 kB
Bounce:                0 kB
WritebackTmp:          0 kB
CommitLimit:     8677876 kB
Committed_AS:   72648668 kB
VmallocTotal:   263061440 kB
VmallocUsed:      130832 kB
VmallocChunk:          0 kB
Percpu:             2520 kB
CmaTotal:         405504 kB
CmaFree:          157036 kB
MemTotal:        7918584 kB
MemFree:          959844 kB
MemAvailable:    3240200 kB
Buffers:           11592 kB
Cached:          2163188 kB
SwapCached:            0 kB
Active:          3942512 kB
Inactive:         699536 kB
Active(anon):    2435764 kB
Inactive(anon):    55788 kB
Active(file):    1506748 kB
Inactive(file):   643748 kB
Unevictable:        6348 kB
Mlocked:            5908 kB
SwapTotal:       4718584 kB
SwapFree:        4718584 kB
Dirty:               264 kB
Writeback:             0 kB
AnonPages:       2473516 kB
Mapped:          1062832 kB
Shmem:             19500 kB
KReclaimable:     520084 kB
Slab:             312628 kB
SReclaimable:      88012 kB
SUnreclaim:       224616 kB
KernelStack:       48192 kB
ShadowCallStack:   12064 kB
PageTables:        72400 kB
NFS_Unstable:          0 kB
Bounce:                0 kB
WritebackTmp:          0 kB
CommitLimit:     8677876 kB
Committed_AS:   72648672 kB
VmallocTotal:   263061440 kB
VmallocUsed:      130796 kB
VmallocChunk:          0 kB
Percpu:             2520 kB
CmaTotal:         405504 kB
CmaFree:          157036 kB
MemTotal:        7918584 kB
MemFree:          907504 kB
MemAvailable:    3187004 kB
Buffers:           11600 kB
Cached:          2163188 kB
SwapCached:            0 kB
Active:          3994656 kB
Inactive:         699544 kB
Active(anon):    2487908 kB
Inactive(anon):    55788 kB
Active(file):    1506748 kB
Inactive(file):   643756 kB
Unevictable:        6348 kB
Mlocked:            5908 kB
SwapTotal:       4718584 kB
SwapFree:        4718584 kB
Dirty:               272 kB
Writeback:             0 kB
AnonPages:       2525744 kB
Mapped:          1063184 kB
Shmem:             19500 kB
KReclaimable:     519220 kB
Slab:             312684 kB
SReclaimable:      88012 kB
SUnreclaim:       224672 kB
KernelStack:       48192 kB
ShadowCallStack:   12060 kB
PageTables:        72620 kB
NFS_Unstable:          0 kB
Bounce:                0 kB
WritebackTmp:          0 kB
CommitLimit:     8677876 kB
Committed_AS:   72779744 kB
VmallocTotal:   263061440 kB
VmallocUsed:      130800 kB
VmallocChunk:          0 kB
Percpu:             2520 kB
CmaTotal:         405504 kB
CmaFree:          157036 kB
MemTotal:        7918584 kB
MemFree:          903428 kB
MemAvailable:    3182800 kB
Buffers:           11600 kB
Cached:          2163188 kB
SwapCached:            0 kB
Active:          3997708 kB
Inactive:         699548 kB
Active(anon):    2490960 kB
Inactive(anon):    55792 kB
Active(file):    1506748 kB
Inactive(file):   643756 kB
Unevictable:        6348 kB
Mlocked:            5908 kB
SwapTotal:       4718584 kB
SwapFree:        4718584 kB
Dirty:               272 kB
Writeback:             0 kB
AnonPages:       2528828 kB
Mapped:          1063280 kB
Shmem:             19500 kB
KReclaimable:     519092 kB
Slab:             312724 kB
SReclaimable:      88012 kB
SUnreclaim:       224712 kB
KernelStack:       48224 kB
ShadowCallStack:   12076 kB
PageTables:        72732 kB
NFS_Unstable:          0 kB
Bounce:                0 kB
WritebackTmp:          0 kB
CommitLimit:     8677876 kB
Committed_AS:   72779744 kB
VmallocTotal:   263061440 kB
VmallocUsed:      130828 kB
VmallocChunk:          0 kB
Percpu:             2520 kB
CmaTotal:         405504 kB
CmaFree:          157036 kB
MemTotal:        7918584 kB
MemFree:          891552 kB
MemAvailable:    3170700 kB
Buffers:           11600 kB
Cached:          2163188 kB
SwapCached:            0 kB
Active:          4009884 kB
Inactive:         699544 kB
Active(anon):    2503136 kB
Inactive(anon):    55788 kB
Active(file):    1506748 kB
Inactive(file):   643756 kB
Unevictable:        6348 kB
Mlocked:            5908 kB
SwapTotal:       4718584 kB
SwapFree:        4718584 kB
Dirty:               272 kB
Writeback:             0 kB
AnonPages:       2541056 kB
Mapped:          1063428 kB
Shmem:             19500 kB
KReclaimable:     518868 kB
Slab:             312680 kB
SReclaimable:      88012 kB
SUnreclaim:       224668 kB
KernelStack:       48208 kB
ShadowCallStack:   12072 kB
PageTables:        72716 kB
NFS_Unstable:          0 kB
Bounce:                0 kB
WritebackTmp:          0 kB
CommitLimit:     8677876 kB
Committed_AS:   72828684 kB
VmallocTotal:   263061440 kB
VmallocUsed:      130756 kB
VmallocChunk:          0 kB
Percpu:             2520 kB
CmaTotal:         405504 kB
CmaFree:          157036 kB
MemTotal:        7918584 kB
MemFree:          849160 kB
MemAvailable:    3127752 kB
Buffers:           11600 kB
Cached:          2163192 kB
SwapCached:            0 kB
Active:          4052520 kB
Inactive:         699552 kB
Active(anon):    2545772 kB
Inactive(anon):    55792 kB
Active(file):    1506748 kB
Inactive(file):   643760 kB
Unevictable:        6348 kB
Mlocked:            5908 kB
SwapTotal:       4718584 kB
SwapFree:        4718584 kB
Dirty:               272 kB
Writeback:             0 kB
AnonPages:       2583736 kB
Mapped:          1063956 kB
Shmem:             19500 kB
KReclaimable:     518308 kB
Slab:             312600 kB
SReclaimable:      88012 kB
SUnreclaim:       224588 kB
KernelStack:       48160 kB
ShadowCallStack:   12056 kB
PageTables:        72944 kB
NFS_Unstable:          0 kB
Bounce:                0 kB
WritebackTmp:          0 kB
CommitLimit:     8677876 kB
Committed_AS:   72926992 kB
VmallocTotal:   263061440 kB
VmallocUsed:      130732 kB
VmallocChunk:          0 kB
Percpu:             2520 kB
CmaTotal:         405504 kB
CmaFree:          133528 kB
MemTotal:        7918584 kB
MemFree:          849928 kB
MemAvailable:    3128528 kB
Buffers:           11600 kB
Cached:          2163200 kB
SwapCached:            0 kB
Active:          4052668 kB
Inactive:         699560 kB
Active(anon):    2545920 kB
Inactive(anon):    55792 kB
Active(file):    1506748 kB
Inactive(file):   643768 kB
Unevictable:        6348 kB
Mlocked:            5908 kB
SwapTotal:       4718584 kB
SwapFree:        4718584 kB
Dirty:               280 kB
Writeback:             0 kB
AnonPages:       2583960 kB
Mapped:          1063864 kB
Shmem:             19500 kB
KReclaimable:     518308 kB
Slab:             312700 kB
SReclaimable:      88012 kB
SUnreclaim:       224688 kB
KernelStack:       48144 kB
ShadowCallStack:   12060 kB
PageTables:        72972 kB
NFS_Unstable:          0 kB
Bounce:                0 kB
WritebackTmp:          0 kB
CommitLimit:     8677876 kB
Committed_AS:   72926988 kB
VmallocTotal:   263061440 kB
VmallocUsed:      130716 kB
VmallocChunk:          0 kB
Percpu:             2520 kB
CmaTotal:         405504 kB
CmaFree:          133204 kB
MemTotal:        7918584 kB
MemFree:          814864 kB
MemAvailable:    3093016 kB
Buffers:           11624 kB
Cached:          2163200 kB
SwapCached:            0 kB
Active:          4087332 kB
Inactive:         699580 kB
Active(anon):    2580584 kB
Inactive(anon):    55788 kB
Active(file):    1506748 kB
Inactive(file):   643792 kB
Unevictable:        6348 kB
Mlocked:            5908 kB
SwapTotal:       4718584 kB
SwapFree:        4718584 kB
Dirty:               304 kB
Writeback:             0 kB
AnonPages:       2618224 kB
Mapped:          1064172 kB
Shmem:             19500 kB
KReclaimable:     517836 kB
Slab:             312752 kB
SReclaimable:      88028 kB
SUnreclaim:       224724 kB
KernelStack:       48128 kB
ShadowCallStack:   12056 kB
PageTables:        73228 kB
NFS_Unstable:          0 kB
Bounce:                0 kB
WritebackTmp:          0 kB
CommitLimit:     8677876 kB
Committed_AS:   73008912 kB
VmallocTotal:   263061440 kB
VmallocUsed:      130748 kB
VmallocChunk:          0 kB
Percpu:             2520 kB
CmaTotal:         405504 kB
CmaFree:           98512 kB
MemTotal:        7918584 kB
MemFree:          792928 kB
MemAvailable:    3070744 kB
Buffers:           11624 kB
Cached:          2163208 kB
SwapCached:            0 kB
Active:          4109088 kB
Inactive:         699584 kB
Active(anon):    2602340 kB
Inactive(anon):    55792 kB
Active(file):    1506748 kB
Inactive(file):   643792 kB
Unevictable:        6348 kB
Mlocked:            5908 kB
SwapTotal:       4718584 kB
SwapFree:        4718584 kB
Dirty:               304 kB
Writeback:             0 kB
AnonPages:       2640188 kB
Mapped:          1064312 kB
Shmem:             19508 kB
KReclaimable:     517500 kB
Slab:             312744 kB
SReclaimable:      88028 kB
SUnreclaim:       224716 kB
KernelStack:       48144 kB
ShadowCallStack:   12060 kB
PageTables:        73272 kB
NFS_Unstable:          0 kB
Bounce:                0 kB
WritebackTmp:          0 kB
CommitLimit:     8677876 kB
Committed_AS:   73058068 kB
VmallocTotal:   263061440 kB
VmallocUsed:      130744 kB
VmallocChunk:          0 kB
Percpu:             2520 kB
CmaTotal:         405504 kB
CmaFree:           76172 kB
MemTotal:        7918584 kB
MemFree:          753724 kB
MemAvailable:    2901348 kB
Buffers:           11624 kB
Cached:          2163332 kB
SwapCached:            0 kB
Active:          4147812 kB
Inactive:         699584 kB
Active(anon):    2641064 kB
Inactive(anon):    55792 kB
Active(file):    1506748 kB
Inactive(file):   643792 kB
Unevictable:        6348 kB
Mlocked:            5908 kB
SwapTotal:       4718584 kB
SwapFree:        4718584 kB
Dirty:               304 kB
Writeback:             0 kB
AnonPages:       2678968 kB
Mapped:          1065068 kB
Shmem:             19632 kB
KReclaimable:     387308 kB
Slab:             312980 kB
SReclaimable:      88044 kB
SUnreclaim:       224936 kB
KernelStack:       48288 kB
ShadowCallStack:   12088 kB
PageTables:        73516 kB
NFS_Unstable:          0 kB
Bounce:                0 kB
WritebackTmp:          0 kB
CommitLimit:     8677876 kB
Committed_AS:   73058468 kB
VmallocTotal:   263061440 kB
VmallocUsed:      130904 kB
VmallocChunk:          0 kB
Percpu:             2520 kB
CmaTotal:         405504 kB
CmaFree:           37992 kB
MemTotal:        7918584 kB
MemFree:          743896 kB
MemAvailable:    3020912 kB
Buffers:           11624 kB
Cached:          2163216 kB
SwapCached:            0 kB
Active:          4157944 kB
Inactive:         699576 kB
Active(anon):    2651196 kB
Inactive(anon):    55784 kB
Active(file):    1506748 kB
Inactive(file):   643792 kB
Unevictable:        6348 kB
Mlocked:            5908 kB
SwapTotal:       4718584 kB
SwapFree:        4718584 kB
Dirty:               304 kB
Writeback:             0 kB
AnonPages:       2688888 kB
Mapped:          1064916 kB
Shmem:             19516 kB
KReclaimable:     516700 kB
Slab:             312844 kB
SReclaimable:      88060 kB
SUnreclaim:       224784 kB
KernelStack:       48112 kB
ShadowCallStack:   12056 kB
PageTables:        73504 kB
NFS_Unstable:          0 kB
Bounce:                0 kB
WritebackTmp:          0 kB
CommitLimit:     8677876 kB
Committed_AS:   73189148 kB
VmallocTotal:   263061440 kB
VmallocUsed:      130740 kB
VmallocChunk:          0 kB
Percpu:             2520 kB
CmaTotal:         405504 kB
CmaFree:           26516 kB
MemTotal:        7918584 kB
MemFree:          737580 kB
MemAvailable:    3014384 kB
Buffers:           11624 kB
Cached:          2163228 kB
SwapCached:            0 kB
Active:          4165364 kB
Inactive:         699596 kB
Active(anon):    2658616 kB
Inactive(anon):    55792 kB
Active(file):    1506748 kB
Inactive(file):   643804 kB
Unevictable:        6348 kB
Mlocked:            5908 kB
SwapTotal:       4718584 kB
SwapFree:        4718584 kB
Dirty:               312 kB
Writeback:             0 kB
AnonPages:       2696484 kB
Mapped:          1064980 kB
Shmem:             19516 kB
KReclaimable:     516476 kB
Slab:             312864 kB
SReclaimable:      88060 kB
SUnreclaim:       224804 kB
KernelStack:       48128 kB
ShadowCallStack:   12064 kB
PageTables:        73376 kB
NFS_Unstable:          0 kB
Bounce:                0 kB
WritebackTmp:          0 kB
CommitLimit:     8677876 kB
Committed_AS:   73189148 kB
VmallocTotal:   263061440 kB
VmallocUsed:      130752 kB
VmallocChunk:          0 kB
Percpu:             2520 kB
CmaTotal:         405504 kB
CmaFree:           19300 kB
MemTotal:        7918584 kB
MemFree:          723672 kB
MemAvailable:    3000460 kB
Buffers:           11632 kB
Cached:          2163220 kB
SwapCached:            0 kB
Active:          4177728 kB
Inactive:         699596 kB
Active(anon):    2670980 kB
Inactive(anon):    55792 kB
Active(file):    1506748 kB
Inactive(file):   643804 kB
Unevictable:        6348 kB
Mlocked:            5908 kB
SwapTotal:       4718584 kB
SwapFree:        4718584 kB
Dirty:               320 kB
Writeback:             0 kB
AnonPages:       2708848 kB
Mapped:          1065092 kB
Shmem:             19516 kB
KReclaimable:     516460 kB
Slab:             312884 kB
SReclaimable:      88076 kB
SUnreclaim:       224808 kB
KernelStack:       48112 kB
ShadowCallStack:   12056 kB
PageTables:        73560 kB
NFS_Unstable:          0 kB
Bounce:                0 kB
WritebackTmp:          0 kB
CommitLimit:     8677876 kB
Committed_AS:   73221916 kB
VmallocTotal:   263061440 kB
VmallocUsed:      130748 kB
VmallocChunk:          0 kB
Percpu:             2520 kB
CmaTotal:         405504 kB
CmaFree:            6952 kB
MemTotal:        7918584 kB
MemFree:          680224 kB
MemAvailable:    2956148 kB
Buffers:           11640 kB
Cached:          2163236 kB
SwapCached:            0 kB
Active:          4221288 kB
Inactive:         699600 kB
Active(anon):    2714540 kB
Inactive(anon):    55780 kB
Active(file):    1506748 kB
Inactive(file):   643820 kB
Unevictable:        6348 kB
Mlocked:            5908 kB
SwapTotal:       4718584 kB
SwapFree:        4718584 kB
Dirty:               332 kB
Writeback:             0 kB
AnonPages:       2752404 kB
Mapped:          1065544 kB
Shmem:             19524 kB
KReclaimable:     515580 kB
Slab:             313028 kB
SReclaimable:      88076 kB
SUnreclaim:       224952 kB
KernelStack:       48144 kB
ShadowCallStack:   12056 kB
PageTables:        73780 kB
NFS_Unstable:          0 kB
Bounce:                0 kB
WritebackTmp:          0 kB
CommitLimit:     8677876 kB
Committed_AS:   73320184 kB
VmallocTotal:   263061440 kB
VmallocUsed:      130732 kB
VmallocChunk:          0 kB
Percpu:             2520 kB
CmaTotal:         405504 kB
CmaFree:               0 kB
MemTotal:        7918584 kB
MemFree:          678700 kB
MemAvailable:    2954624 kB
Buffers:           11640 kB
Cached:          2163236 kB
SwapCached:            0 kB
Active:          4221808 kB
Inactive:         699616 kB
Active(anon):    2715060 kB
Inactive(anon):    55796 kB
Active(file):    1506748 kB
Inactive(file):   643820 kB
Unevictable:        6348 kB
Mlocked:            5908 kB
SwapTotal:       4718584 kB
SwapFree:        4718584 kB
Dirty:               336 kB
Writeback:             0 kB
AnonPages:       2752916 kB
Mapped:          1065612 kB
Shmem:             19524 kB
KReclaimable:     515580 kB
Slab:             312952 kB
SReclaimable:      88076 kB
SUnreclaim:       224876 kB
KernelStack:       48128 kB
ShadowCallStack:   12052 kB
PageTables:        73768 kB
NFS_Unstable:          0 kB
Bounce:                0 kB
WritebackTmp:          0 kB
CommitLimit:     8677876 kB
Committed_AS:   73320184 kB
VmallocTotal:   263061440 kB
VmallocUsed:      130712 kB
VmallocChunk:          0 kB
Percpu:             2520 kB
CmaTotal:         405504 kB
CmaFree:              12 kB
MemTotal:        7918584 kB
MemFree:          645672 kB
MemAvailable:    2921132 kB
Buffers:           11640 kB
Cached:          2163236 kB
SwapCached:            0 kB
Active:          4255864 kB
Inactive:         699608 kB
Active(anon):    2749116 kB
Inactive(anon):    55788 kB
Active(file):    1506748 kB
Inactive(file):   643820 kB
Unevictable:        6348 kB
Mlocked:            5908 kB
SwapTotal:       4718584 kB
SwapFree:        4718584 kB
Dirty:               336 kB
Writeback:             0 kB
AnonPages:       2787036 kB
Mapped:          1065932 kB
Shmem:             19524 kB
KReclaimable:     515116 kB
Slab:             312952 kB
SReclaimable:      88076 kB
SUnreclaim:       224876 kB
KernelStack:       48144 kB
ShadowCallStack:   12044 kB
PageTables:        74060 kB
NFS_Unstable:          0 kB
Bounce:                0 kB
WritebackTmp:          0 kB
CommitLimit:     8677876 kB
Committed_AS:   73418488 kB
VmallocTotal:   263061440 kB
VmallocUsed:      130764 kB
VmallocChunk:          0 kB
Percpu:             2520 kB
CmaTotal:         405504 kB
CmaFree:               4 kB
MemTotal:        7918584 kB
MemFree:          621652 kB
MemAvailable:    2896872 kB
Buffers:           11640 kB
Cached:          2163324 kB
SwapCached:            0 kB
Active:          4279560 kB
Inactive:         699692 kB
Active(anon):    2772812 kB
Inactive(anon):    55784 kB
Active(file):    1506748 kB
Inactive(file):   643908 kB
Unevictable:        6348 kB
Mlocked:            5908 kB
SwapTotal:       4718584 kB
SwapFree:        4718584 kB
Dirty:               424 kB
Writeback:             0 kB
AnonPages:       2810652 kB
Mapped:          1066108 kB
Shmem:             19524 kB
KReclaimable:     514788 kB
Slab:             313052 kB
SReclaimable:      88076 kB
SUnreclaim:       224976 kB
KernelStack:       48144 kB
ShadowCallStack:   12060 kB
PageTables:        73968 kB
NFS_Unstable:          0 kB
Bounce:                0 kB
WritebackTmp:          0 kB
CommitLimit:     8677876 kB
Committed_AS:   73434872 kB
VmallocTotal:   263061440 kB
VmallocUsed:      130712 kB
VmallocChunk:          0 kB
Percpu:             2520 kB
CmaTotal:         405504 kB
CmaFree:               0 kB
MemTotal:        7918584 kB
MemFree:          620344 kB
MemAvailable:    2895560 kB
Buffers:           11672 kB
Cached:          2163288 kB
SwapCached:            0 kB
Active:          4280364 kB
Inactive:         699696 kB
Active(anon):    2773616 kB
Inactive(anon):    55792 kB
Active(file):    1506748 kB
Inactive(file):   643904 kB
Unevictable:        6348 kB
Mlocked:            5908 kB
SwapTotal:       4718584 kB
SwapFree:        4718584 kB
Dirty:               548 kB
Writeback:             0 kB
AnonPages:       2811352 kB
Mapped:          1066000 kB
Shmem:             19524 kB
KReclaimable:     514788 kB
Slab:             313012 kB
SReclaimable:      88076 kB
SUnreclaim:       224936 kB
KernelStack:       48128 kB
ShadowCallStack:   12068 kB
PageTables:        74044 kB
NFS_Unstable:          0 kB
Bounce:                0 kB
WritebackTmp:          0 kB
CommitLimit:     8677876 kB
Committed_AS:   73451344 kB
VmallocTotal:   263061440 kB
VmallocUsed:      130756 kB
VmallocChunk:          0 kB
Percpu:             2520 kB
CmaTotal:         405504 kB
CmaFree:               0 kB
MemTotal:        7918584 kB
MemFree:          568164 kB
MemAvailable:    2842672 kB
Buffers:           11672 kB
Cached:          2163328 kB
SwapCached:            0 kB
Active:          4332652 kB
Inactive:         699732 kB
Active(anon):    2825904 kB
Inactive(anon):    55792 kB
Active(file):    1506748 kB
Inactive(file):   643940 kB
Unevictable:        6348 kB
Mlocked:            5908 kB
SwapTotal:       4718584 kB
SwapFree:        4718584 kB
Dirty:               548 kB
Writeback:             0 kB
AnonPages:       2863768 kB
Mapped:          1066444 kB
Shmem:             19528 kB
KReclaimable:     514044 kB
Slab:             312996 kB
SReclaimable:      88076 kB
SUnreclaim:       224920 kB
KernelStack:       48160 kB
ShadowCallStack:   12060 kB
PageTables:        74304 kB
NFS_Unstable:          0 kB
Bounce:                0 kB
WritebackTmp:          0 kB
CommitLimit:     8677876 kB
Committed_AS:   73582420 kB
VmallocTotal:   263061440 kB
VmallocUsed:      130780 kB
VmallocChunk:          0 kB
Percpu:             2520 kB
CmaTotal:         405504 kB
CmaFree:               0 kB
MemTotal:        7918584 kB
MemFree:          563500 kB
MemAvailable:    2837888 kB
Buffers:           11672 kB
Cached:          2163328 kB
SwapCached:            0 kB
Active:          4336412 kB
Inactive:         699724 kB
Active(anon):    2829664 kB
Inactive(anon):    55784 kB
Active(file):    1506748 kB
Inactive(file):   643940 kB
Unevictable:        6348 kB
Mlocked:            5908 kB
SwapTotal:       4718584 kB
SwapFree:        4718584 kB
Dirty:               196 kB
Writeback:             0 kB
AnonPages:       2867440 kB
Mapped:          1066580 kB
Shmem:             19528 kB
KReclaimable:     513924 kB
Slab:             313200 kB
SReclaimable:      88076 kB
SUnreclaim:       225124 kB
KernelStack:       48192 kB
ShadowCallStack:   12072 kB
PageTables:        74216 kB
NFS_Unstable:          0 kB
Bounce:                0 kB
WritebackTmp:          0 kB
CommitLimit:     8677876 kB
Committed_AS:   73582424 kB
VmallocTotal:   263061440 kB
VmallocUsed:      130768 kB
VmallocChunk:          0 kB
Percpu:             2520 kB
CmaTotal:         405504 kB
CmaFree:               0 kB
MemTotal:        7918584 kB
MemFree:          554116 kB
MemAvailable:    2828384 kB
Buffers:           11672 kB
Cached:          2163336 kB
SwapCached:            0 kB
Active:          4349024 kB
Inactive:         699732 kB
Active(anon):    2842276 kB
Inactive(anon):    55792 kB
Active(file):    1506748 kB
Inactive(file):   643940 kB
Unevictable:        6348 kB
Mlocked:            5908 kB
SwapTotal:       4718584 kB
SwapFree:        4718584 kB
Dirty:               196 kB
Writeback:             0 kB
AnonPages:       2880008 kB
Mapped:          1066712 kB
Shmem:             19536 kB
KReclaimable:     513804 kB
Slab:             313196 kB
SReclaimable:      88076 kB
SUnreclaim:       225120 kB
KernelStack:       48160 kB
ShadowCallStack:   12080 kB
PageTables:        74456 kB
NFS_Unstable:          0 kB
Bounce:                0 kB
WritebackTmp:          0 kB
CommitLimit:     8677876 kB
Committed_AS:   73616224 kB
VmallocTotal:   263061440 kB
VmallocUsed:      130740 kB
VmallocChunk:          0 kB
Percpu:             2520 kB
CmaTotal:         405504 kB
CmaFree:               0 kB
MemTotal:        7918584 kB
MemFree:          509028 kB
MemAvailable:    2782512 kB
Buffers:           11680 kB
Cached:          2163344 kB
SwapCached:            0 kB
Active:          4392820 kB
Inactive:         699740 kB
Active(anon):    2886072 kB
Inactive(anon):    55784 kB
Active(file):    1506748 kB
Inactive(file):   643956 kB
Unevictable:        6348 kB
Mlocked:            5908 kB
SwapTotal:       4718584 kB
SwapFree:        4718584 kB
Dirty:               220 kB
Writeback:             0 kB
AnonPages:       2923680 kB
Mapped:          1067280 kB
Shmem:             19536 kB
KReclaimable:     513004 kB
Slab:             313208 kB
SReclaimable:      88076 kB
SUnreclaim:       225132 kB
KernelStack:       48192 kB
ShadowCallStack:   12060 kB
PageTables:        74584 kB
NFS_Unstable:          0 kB
Bounce:                0 kB
WritebackTmp:          0 kB
CommitLimit:     8677876 kB
Committed_AS:   73714476 kB
VmallocTotal:   263061440 kB
VmallocUsed:      130748 kB
VmallocChunk:          0 kB
Percpu:             2520 kB
CmaTotal:         405504 kB
CmaFree:               0 kB
MemTotal:        7918584 kB
MemFree:          507900 kB
MemAvailable:    2781384 kB
Buffers:           11680 kB
Cached:          2163348 kB
SwapCached:            0 kB
Active:          4392892 kB
Inactive:         699748 kB
Active(anon):    2886144 kB
Inactive(anon):    55792 kB
Active(file):    1506748 kB
Inactive(file):   643956 kB
Unevictable:        6348 kB
Mlocked:            5908 kB
SwapTotal:       4718584 kB
SwapFree:        4718584 kB
Dirty:               224 kB
Writeback:             0 kB
AnonPages:       2924052 kB
Mapped:          1067112 kB
Shmem:             19540 kB
KReclaimable:     513004 kB
Slab:             313168 kB
SReclaimable:      88076 kB
SUnreclaim:       225092 kB
KernelStack:       48144 kB
ShadowCallStack:   12056 kB
PageTables:        74564 kB
NFS_Unstable:          0 kB
Bounce:                0 kB
WritebackTmp:          0 kB
CommitLimit:     8677876 kB
Committed_AS:   73714484 kB
VmallocTotal:   263061440 kB
VmallocUsed:      130748 kB
VmallocChunk:          0 kB
Percpu:             2520 kB
CmaTotal:         405504 kB
CmaFree:               0 kB
MemTotal:        7918584 kB
MemFree:          479072 kB
MemAvailable:    2752888 kB
Buffers:           11688 kB
Cached:          2164120 kB
SwapCached:            0 kB
Active:          4422300 kB
Inactive:         700520 kB
Active(anon):    2915552 kB
Inactive(anon):    55784 kB
Active(file):    1506748 kB
Inactive(file):   644736 kB
Unevictable:        6348 kB
Mlocked:            5908 kB
SwapTotal:       4718584 kB
SwapFree:        4718584 kB
Dirty:               364 kB
Writeback:             0 kB
AnonPages:       2953564 kB
Mapped:          1067644 kB
Shmem:             19540 kB
KReclaimable:     512556 kB
Slab:             313304 kB
SReclaimable:      88076 kB
SUnreclaim:       225228 kB
KernelStack:       48208 kB
ShadowCallStack:   12064 kB
PageTables:        74636 kB
NFS_Unstable:          0 kB
Bounce:                0 kB
WritebackTmp:          0 kB
CommitLimit:     8677876 kB
Committed_AS:   73812792 kB
VmallocTotal:   263061440 kB
VmallocUsed:      130748 kB
VmallocChunk:          0 kB
Percpu:             2520 kB
CmaTotal:         405504 kB
CmaFree:               0 kB
MemTotal:        7918584 kB
MemFree:          454912 kB
MemAvailable:    2728496 kB
Buffers:           11688 kB
Cached:          2164256 kB
SwapCached:            0 kB
Active:          4446036 kB
Inactive:         700668 kB
Active(anon):    2939288 kB
Inactive(anon):    55796 kB
Active(file):    1506748 kB
Inactive(file):   644872 kB
Unevictable:        6348 kB
Mlocked:            5908 kB
SwapTotal:       4718584 kB
SwapFree:        4718584 kB
Dirty:               184 kB
Writeback:             0 kB
AnonPages:       2977164 kB
Mapped:          1067700 kB
Shmem:             19540 kB
KReclaimable:     512188 kB
Slab:             313228 kB
SReclaimable:      88076 kB
SUnreclaim:       225152 kB
KernelStack:       48160 kB
ShadowCallStack:   12064 kB
PageTables:        74808 kB
NFS_Unstable:          0 kB
Bounce:                0 kB
WritebackTmp:          0 kB
CommitLimit:     8677876 kB
Committed_AS:   73845556 kB
VmallocTotal:   263061440 kB
VmallocUsed:      130744 kB
VmallocChunk:          0 kB
Percpu:             2520 kB
CmaTotal:         405504 kB
CmaFree:               0 kB
MemTotal:        7918584 kB
MemFree:          453868 kB
MemAvailable:    2727444 kB
Buffers:           11688 kB
Cached:          2164256 kB
SwapCached:            0 kB
Active:          4446928 kB
Inactive:         700652 kB
Active(anon):    2940180 kB
Inactive(anon):    55780 kB
Active(file):    1506748 kB
Inactive(file):   644872 kB
Unevictable:        6348 kB
Mlocked:            5908 kB
SwapTotal:       4718584 kB
SwapFree:        4718584 kB
Dirty:               220 kB
Writeback:             0 kB
AnonPages:       2978164 kB
Mapped:          1067736 kB
Shmem:             19540 kB
KReclaimable:     512180 kB
Slab:             313280 kB
SReclaimable:      88076 kB
SUnreclaim:       225204 kB
KernelStack:       48160 kB
ShadowCallStack:   12072 kB
PageTables:        74860 kB
NFS_Unstable:          0 kB
Bounce:                0 kB
WritebackTmp:          0 kB
CommitLimit:     8677876 kB
Committed_AS:   73845560 kB
VmallocTotal:   263061440 kB
VmallocUsed:      130752 kB
VmallocChunk:          0 kB
Percpu:             2520 kB
CmaTotal:         405504 kB
CmaFree:               0 kB
MemTotal:        7918584 kB
MemFree:          404684 kB
MemAvailable:    2677428 kB
Buffers:           11688 kB
Cached:          2164264 kB
SwapCached:            0 kB
Active:          4496412 kB
Inactive:         700672 kB
Active(anon):    2989664 kB
Inactive(anon):    55792 kB
Active(file):    1506748 kB
Inactive(file):   644880 kB
Unevictable:        6348 kB
Mlocked:            5908 kB
SwapTotal:       4718584 kB
SwapFree:        4718584 kB
Dirty:               244 kB
Writeback:             0 kB
AnonPages:       3027524 kB
Mapped:          1068228 kB
Shmem:             19540 kB
KReclaimable:     511340 kB
Slab:             313272 kB
SReclaimable:      88076 kB
SUnreclaim:       225196 kB
KernelStack:       48080 kB
ShadowCallStack:   12052 kB
PageTables:        75116 kB
NFS_Unstable:          0 kB
Bounce:                0 kB
WritebackTmp:          0 kB
CommitLimit:     8677876 kB
Committed_AS:   73960092 kB
VmallocTotal:   263061440 kB
VmallocUsed:      130696 kB
VmallocChunk:          0 kB
Percpu:             2520 kB
CmaTotal:         405504 kB
CmaFree:               0 kB
MemTotal:        7918584 kB
MemFree:          390512 kB
MemAvailable:    2668304 kB
Buffers:           11716 kB
Cached:          2169460 kB
SwapCached:            0 kB
Active:          4503836 kB
Inactive:         705892 kB
Active(anon):    2997088 kB
Inactive(anon):    55796 kB
Active(file):    1506748 kB
Inactive(file):   650096 kB
Unevictable:        6348 kB
Mlocked:            5908 kB
SwapTotal:       4718584 kB
SwapFree:        4718584 kB
Dirty:               388 kB
Writeback:             0 kB
AnonPages:       3034956 kB
Mapped:          1068236 kB
Shmem:             19548 kB
KReclaimable:     511172 kB
Slab:             313328 kB
SReclaimable:      88076 kB
SUnreclaim:       225252 kB
KernelStack:       48096 kB
ShadowCallStack:   12048 kB
PageTables:        75016 kB
NFS_Unstable:          0 kB
Bounce:                0 kB
WritebackTmp:          0 kB
CommitLimit:     8677876 kB
Committed_AS:   73976424 kB
VmallocTotal:   263061440 kB
VmallocUsed:      130668 kB
VmallocChunk:          0 kB
Percpu:             2520 kB
CmaTotal:         405504 kB
CmaFree:               0 kB
MemTotal:        7918584 kB
MemFree:          377972 kB
MemAvailable:    2655676 kB
Buffers:           11716 kB
Cached:          2169460 kB
SwapCached:            0 kB
Active:          4517460 kB
Inactive:         705884 kB
Active(anon):    3010712 kB
Inactive(anon):    55788 kB
Active(file):    1506748 kB
Inactive(file):   650096 kB
Unevictable:        6348 kB
Mlocked:            5908 kB
SwapTotal:       4718584 kB
SwapFree:        4718584 kB
Dirty:               384 kB
Writeback:             0 kB
AnonPages:       3048728 kB
Mapped:          1068380 kB
Shmem:             19548 kB
KReclaimable:     511084 kB
Slab:             313240 kB
SReclaimable:      88076 kB
SUnreclaim:       225164 kB
KernelStack:       47968 kB
ShadowCallStack:   12024 kB
PageTables:        75228 kB
NFS_Unstable:          0 kB
Bounce:                0 kB
WritebackTmp:          0 kB
CommitLimit:     8677876 kB
Committed_AS:   74008828 kB
VmallocTotal:   263061440 kB
VmallocUsed:      130532 kB
VmallocChunk:          0 kB
Percpu:             2520 kB
CmaTotal:         405504 kB
CmaFree:               0 kB
MemTotal:        7918584 kB
MemFree:          336336 kB
MemAvailable:    2613404 kB
Buffers:           11724 kB
Cached:          2169460 kB
SwapCached:            0 kB
Active:          4559092 kB
Inactive:         705892 kB
Active(anon):    3052344 kB
Inactive(anon):    55792 kB
Active(file):    1506748 kB
Inactive(file):   650100 kB
Unevictable:        6348 kB
Mlocked:            5908 kB
SwapTotal:       4718584 kB
SwapFree:        4718584 kB
Dirty:               416 kB
Writeback:             0 kB
AnonPages:       3090108 kB
Mapped:          1068632 kB
Shmem:             19552 kB
KReclaimable:     510444 kB
Slab:             313324 kB
SReclaimable:      88092 kB
SUnreclaim:       225232 kB
KernelStack:       47920 kB
ShadowCallStack:   12016 kB
PageTables:        75228 kB
NFS_Unstable:          0 kB
Bounce:                0 kB
WritebackTmp:          0 kB
CommitLimit:     8677876 kB
Committed_AS:   74107032 kB
VmallocTotal:   263061440 kB
VmallocUsed:      130488 kB
VmallocChunk:          0 kB
Percpu:             2520 kB
CmaTotal:         405504 kB
CmaFree:               0 kB
MemTotal:        7918584 kB
MemFree:          295872 kB
MemAvailable:    2451440 kB
Buffers:           11728 kB
Cached:          2169588 kB
SwapCached:            0 kB
Active:          4597768 kB
Inactive:         705968 kB
Active(anon):    3091020 kB
Inactive(anon):    55784 kB
Active(file):    1506748 kB
Inactive(file):   650184 kB
Unevictable:        6348 kB
Mlocked:            5908 kB
SwapTotal:       4718584 kB
SwapFree:        4718584 kB
Dirty:               504 kB
Writeback:             0 kB
AnonPages:       3129112 kB
Mapped:          1069292 kB
Shmem:             19600 kB
KReclaimable:     388860 kB
Slab:             313336 kB
SReclaimable:      88092 kB
SUnreclaim:       225244 kB
KernelStack:       48032 kB
ShadowCallStack:   12048 kB
PageTables:        75472 kB
NFS_Unstable:          0 kB
Bounce:                0 kB
WritebackTmp:          0 kB
CommitLimit:     8677876 kB
Committed_AS:   74107424 kB
VmallocTotal:   263061440 kB
VmallocUsed:      130628 kB
VmallocChunk:          0 kB
Percpu:             2520 kB
CmaTotal:         405504 kB
CmaFree:               0 kB
MemTotal:        7918584 kB
MemFree:          301092 kB
MemAvailable:    2577872 kB
Buffers:           11728 kB
Cached:          2169584 kB
SwapCached:            0 kB
Active:          4593260 kB
Inactive:         705988 kB
Active(anon):    3086512 kB
Inactive(anon):    55792 kB
Active(file):    1506748 kB
Inactive(file):   650196 kB
Unevictable:        6348 kB
Mlocked:            5908 kB
SwapTotal:       4718584 kB
SwapFree:        4718584 kB
Dirty:               512 kB
Writeback:             0 kB
AnonPages:       3124300 kB
Mapped:          1069016 kB
Shmem:             19584 kB
KReclaimable:     510060 kB
Slab:             313356 kB
SReclaimable:      88108 kB
SUnreclaim:       225248 kB
KernelStack:       47856 kB
ShadowCallStack:   11992 kB
PageTables:        75472 kB
NFS_Unstable:          0 kB
Bounce:                0 kB
WritebackTmp:          0 kB
CommitLimit:     8677876 kB
Committed_AS:   74188720 kB
VmallocTotal:   263061440 kB
VmallocUsed:      130392 kB
VmallocChunk:          0 kB
Percpu:             2520 kB
CmaTotal:         405504 kB
CmaFree:               0 kB
MemTotal:        7918584 kB
MemFree:          278644 kB
MemAvailable:    2554816 kB
Buffers:           11728 kB
Cached:          2169584 kB
SwapCached:            0 kB
Active:          4616312 kB
Inactive:         705980 kB
Active(anon):    3109564 kB
Inactive(anon):    55784 kB
Active(file):    1506748 kB
Inactive(file):   650196 kB
Unevictable:        6348 kB
Mlocked:            5908 kB
SwapTotal:       4718584 kB
SwapFree:        4718584 kB
Dirty:               512 kB
Writeback:             0 kB
AnonPages:       3147396 kB
Mapped:          1069332 kB
Shmem:             19584 kB
KReclaimable:     509452 kB
Slab:             313392 kB
SReclaimable:      88108 kB
SUnreclaim:       225284 kB
KernelStack:       47872 kB
ShadowCallStack:   11980 kB
PageTables:        75676 kB
NFS_Unstable:          0 kB
Bounce:                0 kB
WritebackTmp:          0 kB
CommitLimit:     8677876 kB
Committed_AS:   74221384 kB
VmallocTotal:   263061440 kB
VmallocUsed:      130336 kB
VmallocChunk:          0 kB
Percpu:             2520 kB
CmaTotal:         405504 kB
CmaFree:               0 kB
MemTotal:        7918584 kB
MemFree:          276732 kB
MemAvailable:    2553000 kB
Buffers:           11736 kB
Cached:          2169680 kB
SwapCached:            0 kB
Active:          4617332 kB
Inactive:         706084 kB
Active(anon):    3110584 kB
Inactive(anon):    55792 kB
Active(file):    1506748 kB
Inactive(file):   650292 kB
Unevictable:        6348 kB
Mlocked:            5908 kB
SwapTotal:       4718584 kB
SwapFree:        4718584 kB
Dirty:               540 kB
Writeback:             0 kB
AnonPages:       3148356 kB
Mapped:          1069372 kB
Shmem:             19592 kB
KReclaimable:     509452 kB
Slab:             313380 kB
SReclaimable:      88108 kB
SUnreclaim:       225272 kB
KernelStack:       47808 kB
ShadowCallStack:   11980 kB
PageTables:        75516 kB
NFS_Unstable:          0 kB
Bounce:                0 kB
WritebackTmp:          0 kB
CommitLimit:     8677876 kB
Committed_AS:   74221288 kB
VmallocTotal:   263061440 kB
VmallocUsed:      130292 kB
VmallocChunk:          0 kB
Percpu:             2520 kB
CmaTotal:         405504 kB
CmaFree:               0 kB
MemTotal:        7918584 kB
MemFree:          224504 kB
MemAvailable:    2500068 kB
Buffers:           11736 kB
Cached:          2169680 kB
SwapCached:            0 kB
Active:          4669288 kB
Inactive:         706080 kB
Active(anon):    3162540 kB
Inactive(anon):    55788 kB
Active(file):    1506748 kB
Inactive(file):   650292 kB
Unevictable:        6348 kB
Mlocked:            5908 kB
SwapTotal:       4718584 kB
SwapFree:        4718584 kB
Dirty:               540 kB
Writeback:             0 kB
AnonPages:       3200452 kB
Mapped:          1069640 kB
Shmem:             19592 kB
KReclaimable:     508748 kB
Slab:             313408 kB
SReclaimable:      88108 kB
SUnreclaim:       225300 kB
KernelStack:       47824 kB
ShadowCallStack:   11972 kB
PageTables:        75632 kB
NFS_Unstable:          0 kB
Bounce:                0 kB
WritebackTmp:          0 kB
CommitLimit:     8677876 kB
Committed_AS:   74352360 kB
VmallocTotal:   263061440 kB
VmallocUsed:      130308 kB
VmallocChunk:          0 kB
Percpu:             2520 kB
CmaTotal:         405504 kB
CmaFree:               0 kB
MemTotal:        7918584 kB
MemFree:          222516 kB
MemAvailable:    2497984 kB
Buffers:           11736 kB
Cached:          2169624 kB
SwapCached:            0 kB
Active:          4671296 kB
Inactive:         706084 kB
Active(anon):    3164548 kB
Inactive(anon):    55792 kB
Active(file):    1506748 kB
Inactive(file):   650292 kB
Unevictable:        6348 kB
Mlocked:            5908 kB
SwapTotal:       4718584 kB
SwapFree:        4718584 kB
Dirty:               540 kB
Writeback:             0 kB
AnonPages:       3202404 kB
Mapped:          1069720 kB
Shmem:             19536 kB
KReclaimable:     508652 kB
Slab:             313428 kB
SReclaimable:      88108 kB
SUnreclaim:       225320 kB
KernelStack:       47808 kB
ShadowCallStack:   11976 kB
PageTables:        75796 kB
NFS_Unstable:          0 kB
Bounce:                0 kB
WritebackTmp:          0 kB
CommitLimit:     8677876 kB
Committed_AS:   74352304 kB
VmallocTotal:   263061440 kB
VmallocUsed:      130312 kB
VmallocChunk:          0 kB
Percpu:             2520 kB
CmaTotal:         405504 kB
CmaFree:               0 kB
MemTotal:        7918584 kB
MemFree:          209644 kB
MemAvailable:    2484980 kB
Buffers:           11744 kB
Cached:          2169648 kB
SwapCached:            0 kB
Active:          4683996 kB
Inactive:         706096 kB
Active(anon):    3177248 kB
Inactive(anon):    55792 kB
Active(file):    1506748 kB
Inactive(file):   650304 kB
Unevictable:        6348 kB
Mlocked:            5908 kB
SwapTotal:       4718584 kB
SwapFree:        4718584 kB
Dirty:               548 kB
Writeback:             0 kB
AnonPages:       3215144 kB
Mapped:          1069968 kB
Shmem:             19556 kB
KReclaimable:     508508 kB
Slab:             313440 kB
SReclaimable:      88108 kB
SUnreclaim:       225332 kB
KernelStack:       47760 kB
ShadowCallStack:   11960 kB
PageTables:        75860 kB
NFS_Unstable:          0 kB
Bounce:                0 kB
WritebackTmp:          0 kB
CommitLimit:     8677876 kB
Committed_AS:   74401372 kB
VmallocTotal:   263061440 kB
VmallocUsed:      130272 kB
VmallocChunk:          0 kB
Percpu:             2520 kB
CmaTotal:         405504 kB
CmaFree:               0 kB
MemTotal:        7918584 kB
MemFree:          185616 kB
MemAvailable:    2443748 kB
Buffers:           11692 kB
Cached:          2163892 kB
SwapCached:            0 kB
Active:          4727064 kB
Inactive:         698876 kB
Active(anon):    3218892 kB
Inactive(anon):    55784 kB
Active(file):    1508172 kB
Inactive(file):   643092 kB
Unevictable:        6348 kB
Mlocked:            5908 kB
SwapTotal:       4718584 kB
SwapFree:        4718584 kB
Dirty:               552 kB
Writeback:             0 kB
AnonPages:       3256780 kB
Mapped:          1069584 kB
Shmem:             19560 kB
KReclaimable:     497092 kB
Slab:             312444 kB
SReclaimable:      87100 kB
SUnreclaim:       225344 kB
KernelStack:       47744 kB
ShadowCallStack:   11976 kB
PageTables:        76084 kB
NFS_Unstable:          0 kB
Bounce:                0 kB
WritebackTmp:          0 kB
CommitLimit:     8677876 kB
Committed_AS:   74516064 kB
VmallocTotal:   263061440 kB
VmallocUsed:      130268 kB
VmallocChunk:          0 kB
Percpu:             2520 kB
CmaTotal:         405504 kB
CmaFree:               0 kB
MemTotal:        7918584 kB
MemFree:          184036 kB
MemAvailable:    2438196 kB
Buffers:           11716 kB
Cached:          2161080 kB
SwapCached:            0 kB
Active:          4733056 kB
Inactive:         693116 kB
Active(anon):    3221928 kB
Inactive(anon):    55792 kB
Active(file):    1511128 kB
Inactive(file):   637324 kB
Unevictable:        6348 kB
Mlocked:            5908 kB
SwapTotal:       4718584 kB
SwapFree:        4718584 kB
Dirty:               616 kB
Writeback:             0 kB
AnonPages:       3259784 kB
Mapped:          1068344 kB
Shmem:             19560 kB
KReclaimable:     495932 kB
Slab:             312448 kB
SReclaimable:      87076 kB
SUnreclaim:       225372 kB
KernelStack:       47744 kB
ShadowCallStack:   11976 kB
PageTables:        75968 kB
NFS_Unstable:          0 kB
Bounce:                0 kB
WritebackTmp:          0 kB
CommitLimit:     8677876 kB
Committed_AS:   74516064 kB
VmallocTotal:   263061440 kB
VmallocUsed:      130264 kB
VmallocChunk:          0 kB
Percpu:             2520 kB
CmaTotal:         405504 kB
CmaFree:               0 kB
MemTotal:        7918584 kB
MemFree:          190804 kB
MemAvailable:    2407448 kB
Buffers:           11716 kB
Cached:          2133296 kB
SwapCached:            0 kB
Active:          4806148 kB
Inactive:         624020 kB
Active(anon):    3254056 kB
Inactive(anon):    55780 kB
Active(file):    1552092 kB
Inactive(file):   568240 kB
Unevictable:        6348 kB
Mlocked:            5908 kB
SwapTotal:       4718584 kB
SwapFree:        4718584 kB
Dirty:               712 kB
Writeback:             0 kB
AnonPages:       3291800 kB
Mapped:          1058212 kB
Shmem:             19560 kB
KReclaimable:     486536 kB
Slab:             312432 kB
SReclaimable:      87064 kB
SUnreclaim:       225368 kB
KernelStack:       47744 kB
ShadowCallStack:   11960 kB
PageTables:        76168 kB
NFS_Unstable:          0 kB
Bounce:                0 kB
WritebackTmp:          0 kB
CommitLimit:     8677876 kB
Committed_AS:   74597984 kB
VmallocTotal:   263061440 kB
VmallocUsed:      130252 kB
VmallocChunk:          0 kB
Percpu:             2520 kB
CmaTotal:         405504 kB
CmaFree:               0 kB
MemTotal:        7918584 kB
MemFree:          182468 kB
MemAvailable:    2383628 kB
Buffers:           11716 kB
Cached:          2120264 kB
SwapCached:            0 kB
Active:          4830568 kB
Inactive:         610676 kB
Active(anon):    3277820 kB
Inactive(anon):    55792 kB
Active(file):    1552748 kB
Inactive(file):   554884 kB
Unevictable:        6348 kB
Mlocked:            5908 kB
SwapTotal:       4718584 kB
SwapFree:        4718584 kB
Dirty:               380 kB
Writeback:             0 kB
AnonPages:       3315680 kB
Mapped:          1056996 kB
Shmem:             19564 kB
KReclaimable:     483752 kB
Slab:             311968 kB
SReclaimable:      86536 kB
SUnreclaim:       225432 kB
KernelStack:       47776 kB
ShadowCallStack:   11964 kB
PageTables:        76344 kB
NFS_Unstable:          0 kB
Bounce:                0 kB
WritebackTmp:          0 kB
CommitLimit:     8677876 kB
Committed_AS:   74630756 kB
VmallocTotal:   263061440 kB
VmallocUsed:      130268 kB
VmallocChunk:          0 kB
Percpu:             2520 kB
CmaTotal:         405504 kB
CmaFree:               0 kB
MemTotal:        7918584 kB
MemFree:          184964 kB
MemAvailable:    2381760 kB
Buffers:           11716 kB
Cached:          2116448 kB
SwapCached:            0 kB
Active:          4831728 kB
Inactive:         606516 kB
Active(anon):    3278636 kB
Inactive(anon):    55792 kB
Active(file):    1553092 kB
Inactive(file):   550724 kB
Unevictable:        6348 kB
Mlocked:            5908 kB
SwapTotal:       4718584 kB
SwapFree:        4718584 kB
Dirty:               408 kB
Writeback:             0 kB
AnonPages:       3316484 kB
Mapped:          1055240 kB
Shmem:             19564 kB
KReclaimable:     483204 kB
Slab:             311984 kB
SReclaimable:      86500 kB
SUnreclaim:       225484 kB
KernelStack:       47776 kB
ShadowCallStack:   11968 kB
PageTables:        76328 kB
NFS_Unstable:          0 kB
Bounce:                0 kB
WritebackTmp:          0 kB
CommitLimit:     8677876 kB
Committed_AS:   74630760 kB
VmallocTotal:   263061440 kB
VmallocUsed:      130264 kB
VmallocChunk:          0 kB
Percpu:             2520 kB
CmaTotal:         405504 kB
CmaFree:               0 kB
MemTotal:        7918584 kB
MemFree:          184996 kB
MemAvailable:    2333392 kB
Buffers:           11716 kB
Cached:          2076084 kB
SwapCached:            0 kB
Active:          4895128 kB
Inactive:         550752 kB
Active(anon):    3326636 kB
Inactive(anon):    55792 kB
Active(file):    1568492 kB
Inactive(file):   494960 kB
Unevictable:        6348 kB
Mlocked:            5908 kB
SwapTotal:       4718584 kB
SwapFree:        4718584 kB
Dirty:               408 kB
Writeback:             0 kB
AnonPages:       3364544 kB
Mapped:          1036084 kB
Shmem:             19564 kB
KReclaimable:     475168 kB
Slab:             311700 kB
SReclaimable:      86192 kB
SUnreclaim:       225508 kB
KernelStack:       47760 kB
ShadowCallStack:   11968 kB
PageTables:        76560 kB
NFS_Unstable:          0 kB
Bounce:                0 kB
WritebackTmp:          0 kB
CommitLimit:     8677876 kB
Committed_AS:   74761828 kB
VmallocTotal:   263061440 kB
VmallocUsed:      130268 kB
VmallocChunk:          0 kB
Percpu:             2520 kB
CmaTotal:         405504 kB
CmaFree:               0 kB
MemTotal:        7918584 kB
MemFree:          188348 kB
MemAvailable:    2324640 kB
Buffers:           11724 kB
Cached:          2065872 kB
SwapCached:            0 kB
Active:          4906132 kB
Inactive:         537024 kB
Active(anon):    3334128 kB
Inactive(anon):    55788 kB
Active(file):    1572004 kB
Inactive(file):   481236 kB
Unevictable:        6348 kB
Mlocked:            5908 kB
SwapTotal:       4718584 kB
SwapFree:        4718584 kB
Dirty:               460 kB
Writeback:             0 kB
AnonPages:       3371864 kB
Mapped:          1033180 kB
Shmem:             19572 kB
KReclaimable:     473276 kB
Slab:             311616 kB
SReclaimable:      86052 kB
SUnreclaim:       225564 kB
KernelStack:       47792 kB
ShadowCallStack:   11956 kB
PageTables:        76400 kB
NFS_Unstable:          0 kB
Bounce:                0 kB
WritebackTmp:          0 kB
CommitLimit:     8677876 kB
Committed_AS:   74778224 kB
VmallocTotal:   263061440 kB
VmallocUsed:      130252 kB
VmallocChunk:          0 kB
Percpu:             2520 kB
CmaTotal:         405504 kB
CmaFree:               0 kB
MemTotal:        7918584 kB
MemFree:          184768 kB
MemAvailable:    2312908 kB
Buffers:           11732 kB
Cached:          2058996 kB
SwapCached:            0 kB
Active:          4920072 kB
Inactive:         528524 kB
Active(anon):    3346596 kB
Inactive(anon):    55792 kB
Active(file):    1573476 kB
Inactive(file):   472732 kB
Unevictable:        6348 kB
Mlocked:            5908 kB
SwapTotal:       4718584 kB
SwapFree:        4718584 kB
Dirty:               460 kB
Writeback:             0 kB
AnonPages:       3384412 kB
Mapped:          1032612 kB
Shmem:             19572 kB
KReclaimable:     472156 kB
Slab:             311400 kB
SReclaimable:      85940 kB
SUnreclaim:       225460 kB
KernelStack:       47728 kB
ShadowCallStack:   11944 kB
PageTables:        76552 kB
NFS_Unstable:          0 kB
Bounce:                0 kB
WritebackTmp:          0 kB
CommitLimit:     8677876 kB
Committed_AS:   74810988 kB
VmallocTotal:   263061440 kB
VmallocUsed:      130264 kB
VmallocChunk:          0 kB
Percpu:             2520 kB
CmaTotal:         405504 kB
CmaFree:               0 kB
MemTotal:        7918584 kB
MemFree:          183452 kB
MemAvailable:    2272028 kB
Buffers:           11732 kB
Cached:          2025000 kB
SwapCached:            0 kB
Active:          4961968 kB
Inactive:         493640 kB
Active(anon):    3387444 kB
Inactive(anon):    55792 kB
Active(file):    1574524 kB
Inactive(file):   437848 kB
Unevictable:        6348 kB
Mlocked:            5908 kB
SwapTotal:       4718584 kB
SwapFree:        4718584 kB
Dirty:               460 kB
Writeback:             0 kB
AnonPages:       3425232 kB
Mapped:          1030300 kB
Shmem:             19576 kB
KReclaimable:     466428 kB
Slab:             310732 kB
SReclaimable:      85196 kB
SUnreclaim:       225536 kB
KernelStack:       47744 kB
ShadowCallStack:   11960 kB
PageTables:        76868 kB
NFS_Unstable:          0 kB
Bounce:                0 kB
WritebackTmp:          0 kB
CommitLimit:     8677876 kB
Committed_AS:   74909300 kB
VmallocTotal:   263061440 kB
VmallocUsed:      130256 kB
VmallocChunk:          0 kB
Percpu:             2520 kB
CmaTotal:         405504 kB
CmaFree:               0 kB
MemTotal:        7918584 kB
MemFree:          185120 kB
MemAvailable:    2268720 kB
Buffers:           11732 kB
Cached:          2020656 kB
SwapCached:            0 kB
Active:          4964608 kB
Inactive:         489284 kB
Active(anon):    3390084 kB
Inactive(anon):    55780 kB
Active(file):    1574524 kB
Inactive(file):   433504 kB
Unevictable:        6348 kB
Mlocked:            5908 kB
SwapTotal:       4718584 kB
SwapFree:        4718584 kB
Dirty:               480 kB
Writeback:             0 kB
AnonPages:       3427888 kB
Mapped:          1030324 kB
Shmem:             19576 kB
KReclaimable:     465796 kB
Slab:             310608 kB
SReclaimable:      85076 kB
SUnreclaim:       225532 kB
KernelStack:       47744 kB
ShadowCallStack:   11960 kB
PageTables:        76928 kB
NFS_Unstable:          0 kB
Bounce:                0 kB
WritebackTmp:          0 kB
CommitLimit:     8677876 kB
Committed_AS:   74909300 kB
VmallocTotal:   263061440 kB
VmallocUsed:      130256 kB
VmallocChunk:          0 kB
Percpu:             2520 kB
CmaTotal:         405504 kB
CmaFree:               4 kB
MemTotal:        7918584 kB
MemFree:          181864 kB
MemAvailable:    2235308 kB
Buffers:           11732 kB
Cached:          1994800 kB
SwapCached:            0 kB
Active:          4996940 kB
Inactive:         463440 kB
Active(anon):    3422416 kB
Inactive(anon):    55792 kB
Active(file):    1574524 kB
Inactive(file):   407648 kB
Unevictable:        6348 kB
Mlocked:            5908 kB
SwapTotal:       4718584 kB
SwapFree:        4718584 kB
Dirty:               480 kB
Writeback:             0 kB
AnonPages:       3460240 kB
Mapped:          1030532 kB
Shmem:             19576 kB
KReclaimable:     461496 kB
Slab:             309916 kB
SReclaimable:      84320 kB
SUnreclaim:       225596 kB
KernelStack:       47776 kB
ShadowCallStack:   11968 kB
PageTables:        77056 kB
NFS_Unstable:          0 kB
Bounce:                0 kB
WritebackTmp:          0 kB
CommitLimit:     8677876 kB
Committed_AS:   75007608 kB
VmallocTotal:   263061440 kB
VmallocUsed:      130256 kB
VmallocChunk:          0 kB
Percpu:             2520 kB
CmaTotal:         405504 kB
CmaFree:               0 kB
MemTotal:        7918584 kB
MemFree:          182596 kB
MemAvailable:    2209212 kB
Buffers:           11756 kB
Cached:          1973020 kB
SwapCached:            0 kB
Active:          5033572 kB
Inactive:         429864 kB
Active(anon):    3447236 kB
Inactive(anon):    55784 kB
Active(file):    1586336 kB
Inactive(file):   374080 kB
Unevictable:        6348 kB
Mlocked:            5908 kB
SwapTotal:       4718584 kB
SwapFree:        4718584 kB
Dirty:               488 kB
Writeback:             0 kB
AnonPages:       3485052 kB
Mapped:          1029496 kB
Shmem:             19576 kB
KReclaimable:     456424 kB
Slab:             309364 kB
SReclaimable:      83800 kB
SUnreclaim:       225564 kB
KernelStack:       47792 kB
ShadowCallStack:   11972 kB
PageTables:        77040 kB
NFS_Unstable:          0 kB
Bounce:                0 kB
WritebackTmp:          0 kB
CommitLimit:     8677876 kB
Committed_AS:   75056756 kB
VmallocTotal:   263061440 kB
VmallocUsed:      130272 kB
VmallocChunk:          0 kB
Percpu:             2520 kB
CmaTotal:         405504 kB
CmaFree:               0 kB
MemTotal:        7918584 kB
MemFree:          185204 kB
MemAvailable:    2206844 kB
Buffers:           11756 kB
Cached:          1968668 kB
SwapCached:            0 kB
Active:          5034692 kB
Inactive:         425520 kB
Active(anon):    3448356 kB
Inactive(anon):    55792 kB
Active(file):    1586336 kB
Inactive(file):   369728 kB
Unevictable:        6348 kB
Mlocked:            5908 kB
SwapTotal:       4718584 kB
SwapFree:        4718584 kB
Dirty:               444 kB
Writeback:             0 kB
AnonPages:       3486204 kB
Mapped:          1029588 kB
Shmem:             19576 kB
KReclaimable:     455800 kB
Slab:             309452 kB
SReclaimable:      83688 kB
SUnreclaim:       225764 kB
KernelStack:       47744 kB
ShadowCallStack:   11968 kB
PageTables:        77152 kB
NFS_Unstable:          0 kB
Bounce:                0 kB
WritebackTmp:          0 kB
CommitLimit:     8677876 kB
Committed_AS:   75056756 kB
VmallocTotal:   263061440 kB
VmallocUsed:      130272 kB
VmallocChunk:          0 kB
Percpu:             2520 kB
CmaTotal:         405504 kB
CmaFree:               0 kB
MemTotal:        7918584 kB
MemFree:          185956 kB
MemAvailable:    2159156 kB
Buffers:           11756 kB
Cached:          1926552 kB
SwapCached:            0 kB
Active:          5082692 kB
Inactive:         383340 kB
Active(anon):    3496356 kB
Inactive(anon):    55792 kB
Active(file):    1586336 kB
Inactive(file):   327548 kB
Unevictable:        6348 kB
Mlocked:            5908 kB
SwapTotal:       4718584 kB
SwapFree:        4718584 kB
Dirty:               452 kB
Writeback:             0 kB
AnonPages:       3534356 kB
Mapped:          1030024 kB
Shmem:             19576 kB
KReclaimable:     449540 kB
Slab:             308368 kB
SReclaimable:      82668 kB
SUnreclaim:       225700 kB
KernelStack:       47744 kB
ShadowCallStack:   11960 kB
PageTables:        77376 kB
NFS_Unstable:          0 kB
Bounce:                0 kB
WritebackTmp:          0 kB
CommitLimit:     8677876 kB
Committed_AS:   75171444 kB
VmallocTotal:   263061440 kB
VmallocUsed:      130272 kB
VmallocChunk:          0 kB
Percpu:             2520 kB
CmaTotal:         405504 kB
CmaFree:               0 kB
MemTotal:        7918584 kB
MemFree:          188984 kB
MemAvailable:    1994484 kB
Buffers:           11756 kB
Cached:          1880972 kB
SwapCached:            0 kB
Active:          5128008 kB
Inactive:         337788 kB
Active(anon):    3541672 kB
Inactive(anon):    55788 kB
Active(file):    1586336 kB
Inactive(file):   282000 kB
Unevictable:        6348 kB
Mlocked:            5908 kB
SwapTotal:       4718584 kB
SwapFree:        4718584 kB
Dirty:               300 kB
Writeback:             0 kB
AnonPages:       3579396 kB
Mapped:          1030784 kB
Shmem:             19596 kB
KReclaimable:     327388 kB
Slab:             307300 kB
SReclaimable:      81596 kB
SUnreclaim:       225704 kB
KernelStack:       47888 kB
ShadowCallStack:   11972 kB
PageTables:        77200 kB
NFS_Unstable:          0 kB
Bounce:                0 kB
WritebackTmp:          0 kB
CommitLimit:     8677876 kB
Committed_AS:   75188228 kB
VmallocTotal:   263061440 kB
VmallocUsed:      130432 kB
VmallocChunk:          0 kB
Percpu:             2520 kB
CmaTotal:         405504 kB
CmaFree:               0 kB
MemTotal:        7918584 kB
MemFree:          184992 kB
MemAvailable:    1979168 kB
Buffers:           11756 kB
Cached:          1872316 kB
SwapCached:            0 kB
Active:          5141696 kB
Inactive:         329004 kB
Active(anon):    3555360 kB
Inactive(anon):    55788 kB
Active(file):    1586336 kB
Inactive(file):   273216 kB
Unevictable:        6348 kB
Mlocked:            5908 kB
SwapTotal:       4718584 kB
SwapFree:        4718584 kB
Dirty:               300 kB
Writeback:             0 kB
AnonPages:       3592924 kB
Mapped:          1031020 kB
Shmem:             19736 kB
KReclaimable:     324848 kB
Slab:             307048 kB
SReclaimable:      81272 kB
SUnreclaim:       225776 kB
KernelStack:       47888 kB
ShadowCallStack:   11996 kB
PageTables:        77568 kB
NFS_Unstable:          0 kB
Bounce:                0 kB
WritebackTmp:          0 kB
CommitLimit:     8677876 kB
Committed_AS:   75220996 kB
VmallocTotal:   263061440 kB
VmallocUsed:      130428 kB
VmallocChunk:          0 kB
Percpu:             2520 kB
CmaTotal:         405504 kB
CmaFree:               0 kB
MemTotal:        7918584 kB
MemFree:          191000 kB
MemAvailable:    2091732 kB
Buffers:           11764 kB
Cached:          1859120 kB
SwapCached:            0 kB
Active:          5147432 kB
Inactive:         315960 kB
Active(anon):    3561096 kB
Inactive(anon):    55788 kB
Active(file):    1586336 kB
Inactive(file):   260172 kB
Unevictable:        6348 kB
Mlocked:            5908 kB
SwapTotal:       4718584 kB
SwapFree:        4718584 kB
Dirty:               380 kB
Writeback:             8 kB
AnonPages:       3598876 kB
Mapped:          1030668 kB
Shmem:             19592 kB
KReclaimable:     444448 kB
Slab:             306800 kB
SReclaimable:      81024 kB
SUnreclaim:       225776 kB
KernelStack:       47760 kB
ShadowCallStack:   11968 kB
PageTables:        77492 kB
NFS_Unstable:          0 kB
Bounce:                0 kB
WritebackTmp:          0 kB
CommitLimit:     8677876 kB
Committed_AS:   75318916 kB
VmallocTotal:   263061440 kB
VmallocUsed:      130244 kB
VmallocChunk:          0 kB
Percpu:             2520 kB
CmaTotal:         405504 kB
CmaFree:               0 kB
MemTotal:        7918584 kB
MemFree:          191108 kB
MemAvailable:    2091844 kB
Buffers:           11772 kB
Cached:          1859120 kB
SwapCached:            0 kB
Active:          5147456 kB
Inactive:         315968 kB
Active(anon):    3561120 kB
Inactive(anon):    55792 kB
Active(file):    1586336 kB
Inactive(file):   260176 kB
Unevictable:        6348 kB
Mlocked:            5908 kB
SwapTotal:       4718584 kB
SwapFree:        4718584 kB
Dirty:               260 kB
Writeback:             0 kB
AnonPages:       3598864 kB
Mapped:          1030688 kB
Shmem:             19596 kB
KReclaimable:     444448 kB
Slab:             306784 kB
SReclaimable:      81024 kB
SUnreclaim:       225760 kB
KernelStack:       47728 kB
ShadowCallStack:   11964 kB
PageTables:        77612 kB
NFS_Unstable:          0 kB
Bounce:                0 kB
WritebackTmp:          0 kB
CommitLimit:     8677876 kB
Committed_AS:   75318916 kB
VmallocTotal:   263061440 kB
VmallocUsed:      130232 kB
VmallocChunk:          0 kB
Percpu:             2520 kB
CmaTotal:         405504 kB
CmaFree:               0 kB
MemTotal:        7918584 kB
MemFree:          181452 kB
MemAvailable:    2059596 kB
Buffers:           11188 kB
Cached:          1842620 kB
SwapCached:            0 kB
Active:          5206744 kB
Inactive:         272360 kB
Active(anon):    3605028 kB
Inactive(anon):    44808 kB
Active(file):    1601716 kB
Inactive(file):   227552 kB
Unevictable:        6348 kB
Mlocked:            5908 kB
SwapTotal:       4718584 kB
SwapFree:        4718584 kB
Dirty:               132 kB
Writeback:             0 kB
AnonPages:       3631772 kB
Mapped:          1029992 kB
Shmem:             19612 kB
KReclaimable:     439100 kB
Slab:             306420 kB
SReclaimable:      80628 kB
SUnreclaim:       225792 kB
KernelStack:       47760 kB
ShadowCallStack:   11968 kB
PageTables:        77640 kB
NFS_Unstable:          0 kB
Bounce:                0 kB
WritebackTmp:          0 kB
CommitLimit:     8677876 kB
Committed_AS:   75417240 kB
VmallocTotal:   263061440 kB
VmallocUsed:      130244 kB
VmallocChunk:          0 kB
Percpu:             2520 kB
CmaTotal:         405504 kB
CmaFree:               0 kB
MemTotal:        7918584 kB
MemFree:          183228 kB
MemAvailable:    2034236 kB
Buffers:           10828 kB
Cached:          1819812 kB
SwapCached:            0 kB
Active:          5235316 kB
Inactive:         244176 kB
Active(anon):    3630264 kB
Inactive(anon):    42984 kB
Active(file):    1605052 kB
Inactive(file):   201192 kB
Unevictable:        6348 kB
Mlocked:            5908 kB
SwapTotal:       4718584 kB
SwapFree:        4718584 kB
Dirty:               164 kB
Writeback:             0 kB
AnonPages:       3655252 kB
Mapped:          1030020 kB
Shmem:             19612 kB
KReclaimable:     434988 kB
Slab:             305980 kB
SReclaimable:      80100 kB
SUnreclaim:       225880 kB
KernelStack:       47776 kB
ShadowCallStack:   11960 kB
PageTables:        77816 kB
NFS_Unstable:          0 kB
Bounce:                0 kB
WritebackTmp:          0 kB
CommitLimit:     8677876 kB
Committed_AS:   75466388 kB
VmallocTotal:   263061440 kB
VmallocUsed:      130252 kB
VmallocChunk:          0 kB
Percpu:             2520 kB
CmaTotal:         405504 kB
CmaFree:               0 kB
MemTotal:        7918584 kB
MemFree:          183416 kB
MemAvailable:    2034424 kB
Buffers:           10828 kB
Cached:          1819816 kB
SwapCached:            0 kB
Active:          5236100 kB
Inactive:         244180 kB
Active(anon):    3631048 kB
Inactive(anon):    42988 kB
Active(file):    1605052 kB
Inactive(file):   201192 kB
Unevictable:        6348 kB
Mlocked:            5908 kB
SwapTotal:       4718584 kB
SwapFree:        4718584 kB
Dirty:               164 kB
Writeback:             0 kB
AnonPages:       3656112 kB
Mapped:          1030120 kB
Shmem:             19616 kB
KReclaimable:     434988 kB
Slab:             305948 kB
SReclaimable:      80100 kB
SUnreclaim:       225848 kB
KernelStack:       47760 kB
ShadowCallStack:   11960 kB
PageTables:        78044 kB
NFS_Unstable:          0 kB
Bounce:                0 kB
WritebackTmp:          0 kB
CommitLimit:     8677876 kB
Committed_AS:   75466392 kB
VmallocTotal:   263061440 kB
VmallocUsed:      130256 kB
VmallocChunk:          0 kB
Percpu:             2520 kB
CmaTotal:         405504 kB
CmaFree:               4 kB
MemTotal:        7918584 kB
MemFree:          184044 kB
MemAvailable:    1983692 kB
Buffers:           10816 kB
Cached:          1774976 kB
SwapCached:            0 kB
Active:          5286320 kB
Inactive:         199256 kB
Active(anon):    3681268 kB
Inactive(anon):    42992 kB
Active(file):    1605052 kB
Inactive(file):   156264 kB
Unevictable:        6348 kB
Mlocked:            5908 kB
SwapTotal:       4718584 kB
SwapFree:        4718584 kB
Dirty:               172 kB
Writeback:             0 kB
AnonPages:       3706148 kB
Mapped:          1030460 kB
Shmem:             19616 kB
KReclaimable:     428556 kB
Slab:             304916 kB
SReclaimable:      79076 kB
SUnreclaim:       225840 kB
KernelStack:       47760 kB
ShadowCallStack:   11960 kB
PageTables:        77952 kB
NFS_Unstable:          0 kB
Bounce:                0 kB
WritebackTmp:          0 kB
CommitLimit:     8677876 kB
Committed_AS:   75581080 kB
VmallocTotal:   263061440 kB
VmallocUsed:      130236 kB
VmallocChunk:          0 kB
Percpu:             2520 kB
CmaTotal:         405504 kB
CmaFree:               0 kB
MemTotal:        7918584 kB
MemFree:          183300 kB
MemAvailable:    1977696 kB
Buffers:           10816 kB
Cached:          1770456 kB
SwapCached:            0 kB
Active:          5291432 kB
Inactive:         194808 kB
Active(anon):    3686380 kB
Inactive(anon):    42988 kB
Active(file):    1605052 kB
Inactive(file):   151820 kB
Unevictable:        6348 kB
Mlocked:            5908 kB
SwapTotal:       4718584 kB
SwapFree:        4718584 kB
Dirty:                64 kB
Writeback:             0 kB
AnonPages:       3711320 kB
Mapped:          1030480 kB
Shmem:             19616 kB
KReclaimable:     427748 kB
Slab:             304680 kB
SReclaimable:      78876 kB
SUnreclaim:       225804 kB
KernelStack:       47744 kB
ShadowCallStack:   11960 kB
PageTables:        78292 kB
NFS_Unstable:          0 kB
Bounce:                0 kB
WritebackTmp:          0 kB
CommitLimit:     8677876 kB
Committed_AS:   75581080 kB
VmallocTotal:   263061440 kB
VmallocUsed:      130248 kB
VmallocChunk:          0 kB
Percpu:             2520 kB
CmaTotal:         405504 kB
CmaFree:               0 kB
MemTotal:        7918584 kB
MemFree:          186052 kB
MemAvailable:    1965304 kB
Buffers:           10824 kB
Cached:          1757564 kB
SwapCached:            0 kB
Active:          5303664 kB
Inactive:         181780 kB
Active(anon):    3698612 kB
Inactive(anon):    42988 kB
Active(file):    1605052 kB
Inactive(file):   138792 kB
Unevictable:        6348 kB
Mlocked:            5908 kB
SwapTotal:       4718584 kB
SwapFree:        4718584 kB
Dirty:                88 kB
Writeback:             0 kB
AnonPages:       3723616 kB
