MemTotal:        7918588 kB
MemFree:         3120644 kB
MemAvailable:    4567696 kB
Buffers:            4796 kB
Cached:          1505384 kB
SwapCached:        86412 kB
Active:          1447936 kB
Inactive:         819720 kB
Active(anon):     666868 kB
Inactive(anon):   107932 kB
Active(file):     781068 kB
Inactive(file):   711788 kB
Unevictable:        6340 kB
Mlocked:            5900 kB
SwapTotal:       4718584 kB
SwapFree:        3928328 kB
Dirty:            180864 kB
Writeback:             0 kB
AnonPages:        711608 kB
Mapped:           545312 kB
Shmem:             12708 kB
KReclaimable:     571868 kB
Slab:             320656 kB
SReclaimable:      93648 kB
SUnreclaim:       227008 kB
KernelStack:       49104 kB
ShadowCallStack:   12308 kB
PageTables:        62688 kB
NFS_Unstable:          0 kB
Bounce:                0 kB
WritebackTmp:          0 kB
CommitLimit:     8677876 kB
Committed_AS:   64834852 kB
VmallocTotal:   263061440 kB
VmallocUsed:      132108 kB
VmallocChunk:          0 kB
Percpu:             2448 kB
CmaTotal:         405504 kB
CmaFree:          297036 kB
MemTotal:        7918588 kB
MemFree:         3096416 kB
MemAvailable:    4937456 kB
Buffers:            5156 kB
Cached:          1547916 kB
SwapCached:        87308 kB
Active:          1453848 kB
Inactive:         839500 kB
Active(anon):     650308 kB
Inactive(anon):   107924 kB
Active(file):     803540 kB
Inactive(file):   731576 kB
Unevictable:        6340 kB
Mlocked:            5900 kB
SwapTotal:       4718584 kB
SwapFree:        3929352 kB
Dirty:            180448 kB
Writeback:             0 kB
AnonPages:        693804 kB
Mapped:           572904 kB
Shmem:             13324 kB
KReclaimable:     923596 kB
Slab:             320560 kB
SReclaimable:      93696 kB
SUnreclaim:       226864 kB
KernelStack:       49664 kB
ShadowCallStack:   12452 kB
PageTables:        62644 kB
NFS_Unstable:          0 kB
Bounce:                0 kB
WritebackTmp:          0 kB
CommitLimit:     8677876 kB
Committed_AS:   64879164 kB
VmallocTotal:   263061440 kB
VmallocUsed:      132756 kB
VmallocChunk:          0 kB
Percpu:             2448 kB
CmaTotal:         405504 kB
CmaFree:          297036 kB
MemTotal:        7918588 kB
MemFree:         3008548 kB
MemAvailable:    4656284 kB
Buffers:            5380 kB
Cached:          1599584 kB
SwapCached:        87344 kB
Active:          1520736 kB
Inactive:         855568 kB
Active(anon):     681356 kB
Inactive(anon):   107924 kB
Active(file):     839380 kB
Inactive(file):   747644 kB
Unevictable:        6340 kB
Mlocked:            5900 kB
SwapTotal:       4718584 kB
SwapFree:        3929352 kB
Dirty:            180184 kB
Writeback:             0 kB
AnonPages:        724760 kB
Mapped:           594168 kB
Shmem:             13332 kB
KReclaimable:     678384 kB
Slab:             321196 kB
SReclaimable:      93788 kB
SUnreclaim:       227408 kB
KernelStack:       49552 kB
ShadowCallStack:   12420 kB
PageTables:        63140 kB
NFS_Unstable:          0 kB
Bounce:                0 kB
WritebackTmp:          0 kB
CommitLimit:     8677876 kB
Committed_AS:   64896932 kB
VmallocTotal:   263061440 kB
VmallocUsed:      132748 kB
VmallocChunk:          0 kB
Percpu:             2448 kB
CmaTotal:         405504 kB
CmaFree:          297036 kB
MemTotal:        7918588 kB
MemFree:         2941168 kB
MemAvailable:    4646304 kB
Buffers:            5764 kB
Cached:          1657380 kB
SwapCached:        87344 kB
Active:          1567152 kB
Inactive:         876164 kB
Active(anon):     690208 kB
Inactive(anon):   107928 kB
Active(file):     876944 kB
Inactive(file):   768236 kB
Unevictable:        6340 kB
Mlocked:            5900 kB
SwapTotal:       4718584 kB
SwapFree:        3929352 kB
Dirty:            180188 kB
Writeback:             0 kB
AnonPages:        733600 kB
Mapped:           594980 kB
Shmem:             13356 kB
KReclaimable:     677628 kB
Slab:             321148 kB
SReclaimable:      93800 kB
SUnreclaim:       227348 kB
KernelStack:       49568 kB
ShadowCallStack:   12424 kB
PageTables:        63312 kB
NFS_Unstable:          0 kB
Bounce:                0 kB
WritebackTmp:          0 kB
CommitLimit:     8677876 kB
Committed_AS:   64896996 kB
VmallocTotal:   263061440 kB
VmallocUsed:      132752 kB
VmallocChunk:          0 kB
Percpu:             2448 kB
CmaTotal:         405504 kB
CmaFree:          297036 kB
MemTotal:        7918588 kB
MemFree:         2858764 kB
MemAvailable:    4621036 kB
Buffers:            6056 kB
Cached:          1714216 kB
SwapCached:        96436 kB
Active:          1627596 kB
Inactive:         901652 kB
Active(anon):     719032 kB
Inactive(anon):   107904 kB
Active(file):     908564 kB
Inactive(file):   793748 kB
Unevictable:        6340 kB
Mlocked:            5900 kB
SwapTotal:       4718584 kB
SwapFree:        3930632 kB
Dirty:            180216 kB
Writeback:             0 kB
AnonPages:        749004 kB
Mapped:           595472 kB
Shmem:             13360 kB
KReclaimable:     677632 kB
Slab:             321224 kB
SReclaimable:      93804 kB
SUnreclaim:       227420 kB
KernelStack:       49600 kB
ShadowCallStack:   12424 kB
PageTables:        63340 kB
NFS_Unstable:          0 kB
Bounce:                0 kB
WritebackTmp:          0 kB
CommitLimit:     8677876 kB
Committed_AS:   64896944 kB
VmallocTotal:   263061440 kB
VmallocUsed:      132724 kB
VmallocChunk:          0 kB
Percpu:             2448 kB
CmaTotal:         405504 kB
CmaFree:          298808 kB
MemTotal:        7918588 kB
MemFree:         2789784 kB
MemAvailable:    4644244 kB
Buffers:            6384 kB
Cached:          1786232 kB
SwapCached:        97452 kB
Active:          1678484 kB
Inactive:         918336 kB
Active(anon):     714792 kB
Inactive(anon):   107700 kB
Active(file):     963692 kB
Inactive(file):   810636 kB
Unevictable:        6340 kB
Mlocked:            5900 kB
SwapTotal:       4718584 kB
SwapFree:        3932168 kB
Dirty:            180264 kB
Writeback:             0 kB
AnonPages:        741348 kB
Mapped:           597292 kB
Shmem:             13480 kB
KReclaimable:     697804 kB
Slab:             321104 kB
SReclaimable:      93820 kB
SUnreclaim:       227284 kB
KernelStack:       49408 kB
ShadowCallStack:   12380 kB
PageTables:        63240 kB
NFS_Unstable:          0 kB
Bounce:                0 kB
WritebackTmp:          0 kB
CommitLimit:     8677876 kB
Committed_AS:   64896632 kB
VmallocTotal:   263061440 kB
VmallocUsed:      132284 kB
VmallocChunk:          0 kB
Percpu:             2448 kB
CmaTotal:         405504 kB
CmaFree:          298808 kB
MemTotal:        7918588 kB
MemFree:         2753588 kB
MemAvailable:    4623340 kB
Buffers:            6476 kB
Cached:          1801224 kB
SwapCached:        97452 kB
Active:          1709452 kB
Inactive:         923752 kB
Active(anon):     735900 kB
Inactive(anon):   107696 kB
Active(file):     973552 kB
Inactive(file):   816056 kB
Unevictable:        6340 kB
Mlocked:            5900 kB
SwapTotal:       4718584 kB
SwapFree:        3932168 kB
Dirty:             18176 kB
Writeback:            56 kB
AnonPages:        762576 kB
Mapped:           598988 kB
Shmem:             13484 kB
KReclaimable:     697816 kB
Slab:             321052 kB
SReclaimable:      93832 kB
SUnreclaim:       227220 kB
KernelStack:       49360 kB
ShadowCallStack:   12388 kB
PageTables:        63320 kB
NFS_Unstable:          0 kB
Bounce:                0 kB
WritebackTmp:          0 kB
CommitLimit:     8677876 kB
Committed_AS:   64917248 kB
VmallocTotal:   263061440 kB
VmallocUsed:      132288 kB
VmallocChunk:          0 kB
Percpu:             2448 kB
CmaTotal:         405504 kB
CmaFree:          298808 kB
MemTotal:        7918588 kB
MemFree:         2601160 kB
MemAvailable:    4439220 kB
Buffers:            6480 kB
Cached:          1802312 kB
SwapCached:        97452 kB
Active:          1862724 kB
Inactive:         923760 kB
Active(anon):     888096 kB
Inactive(anon):   107700 kB
Active(file):     974628 kB
Inactive(file):   816060 kB
Unevictable:        6340 kB
Mlocked:            5900 kB
SwapTotal:       4718584 kB
SwapFree:        3932168 kB
Dirty:             17972 kB
Writeback:             0 kB
AnonPages:        915120 kB
Mapped:           645564 kB
Shmem:             13484 kB
KReclaimable:     665044 kB
Slab:             321228 kB
SReclaimable:      93832 kB
SUnreclaim:       227396 kB
KernelStack:       49376 kB
ShadowCallStack:   12372 kB
PageTables:        63628 kB
NFS_Unstable:          0 kB
Bounce:                0 kB
WritebackTmp:          0 kB
CommitLimit:     8677876 kB
Committed_AS:   65182312 kB
VmallocTotal:   263061440 kB
VmallocUsed:      132272 kB
VmallocChunk:          0 kB
Percpu:             2448 kB
CmaTotal:         405504 kB
CmaFree:          298808 kB
MemTotal:        7918588 kB
MemFree:         2539880 kB
MemAvailable:    4344824 kB
Buffers:            6480 kB
Cached:          1802788 kB
SwapCached:        97456 kB
Active:          1921896 kB
Inactive:         923776 kB
Active(anon):     946804 kB
Inactive(anon):   107696 kB
Active(file):     975092 kB
Inactive(file):   816080 kB
Unevictable:        6340 kB
Mlocked:            5900 kB
SwapTotal:       4718584 kB
SwapFree:        3932168 kB
Dirty:             17980 kB
Writeback:             0 kB
AnonPages:        973728 kB
Mapped:           683576 kB
Shmem:             13488 kB
KReclaimable:     631444 kB
Slab:             321536 kB
SReclaimable:      93832 kB
SUnreclaim:       227704 kB
KernelStack:       49408 kB
ShadowCallStack:   12384 kB
PageTables:        64048 kB
NFS_Unstable:          0 kB
Bounce:                0 kB
WritebackTmp:          0 kB
CommitLimit:     8677876 kB
Committed_AS:   65279132 kB
VmallocTotal:   263061440 kB
VmallocUsed:      132240 kB
VmallocChunk:          0 kB
Percpu:             2448 kB
CmaTotal:         405504 kB
CmaFree:          298808 kB
MemTotal:        7918588 kB
MemFree:         2387140 kB
MemAvailable:    4171860 kB
Buffers:            6516 kB
Cached:          1802848 kB
SwapCached:        97488 kB
Active:          2072820 kB
Inactive:         923840 kB
Active(anon):    1097728 kB
Inactive(anon):   107672 kB
Active(file):     975092 kB
Inactive(file):   816168 kB
Unevictable:        6340 kB
Mlocked:            5900 kB
SwapTotal:       4718584 kB
SwapFree:        3932168 kB
Dirty:             18040 kB
Writeback:             0 kB
AnonPages:       1124908 kB
Mapped:           678720 kB
Shmem:             13492 kB
KReclaimable:     611132 kB
Slab:             321596 kB
SReclaimable:      93832 kB
SUnreclaim:       227764 kB
KernelStack:       49376 kB
ShadowCallStack:   12384 kB
PageTables:        64620 kB
NFS_Unstable:          0 kB
Bounce:                0 kB
WritebackTmp:          0 kB
CommitLimit:     8677876 kB
Committed_AS:   65708512 kB
VmallocTotal:   263061440 kB
VmallocUsed:      132276 kB
VmallocChunk:          0 kB
Percpu:             2448 kB
CmaTotal:         405504 kB
CmaFree:          298808 kB
MemTotal:        7918588 kB
MemFree:         2359264 kB
MemAvailable:    4127120 kB
Buffers:            6516 kB
Cached:          1802920 kB
SwapCached:        97744 kB
Active:          2102384 kB
Inactive:         923884 kB
Active(anon):    1127292 kB
Inactive(anon):   107672 kB
Active(file):     975092 kB
Inactive(file):   816212 kB
Unevictable:        6340 kB
Mlocked:            5900 kB
SwapTotal:       4718584 kB
SwapFree:        3932424 kB
Dirty:             18136 kB
Writeback:             0 kB
AnonPages:       1154076 kB
Mapped:           695844 kB
Shmem:             13524 kB
KReclaimable:     594224 kB
Slab:             321760 kB
SReclaimable:      93832 kB
SUnreclaim:       227928 kB
KernelStack:       49440 kB
ShadowCallStack:   12396 kB
PageTables:        65068 kB
NFS_Unstable:          0 kB
Bounce:                0 kB
WritebackTmp:          0 kB
CommitLimit:     8677876 kB
Committed_AS:   65823208 kB
VmallocTotal:   263061440 kB
VmallocUsed:      132292 kB
VmallocChunk:          0 kB
Percpu:             2448 kB
CmaTotal:         405504 kB
CmaFree:          298808 kB
MemTotal:        7918588 kB
MemFree:         2258668 kB
MemAvailable:    4026012 kB
Buffers:            6524 kB
Cached:          1802912 kB
SwapCached:        97744 kB
Active:          2202776 kB
Inactive:         923888 kB
Active(anon):    1227684 kB
Inactive(anon):   107676 kB
Active(file):     975092 kB
Inactive(file):   816212 kB
Unevictable:        6340 kB
Mlocked:            5900 kB
SwapTotal:       4718584 kB
SwapFree:        3932680 kB
Dirty:             18136 kB
Writeback:             0 kB
AnonPages:       1252724 kB
Mapped:           696336 kB
Shmem:             13524 kB
KReclaimable:     593712 kB
Slab:             321648 kB
SReclaimable:      93832 kB
SUnreclaim:       227816 kB
KernelStack:       49424 kB
ShadowCallStack:   12392 kB
PageTables:        65144 kB
NFS_Unstable:          0 kB
Bounce:                0 kB
WritebackTmp:          0 kB
CommitLimit:     8677876 kB
Committed_AS:   65937900 kB
VmallocTotal:   263061440 kB
VmallocUsed:      132268 kB
VmallocChunk:          0 kB
Percpu:             2448 kB
CmaTotal:         405504 kB
CmaFree:          298808 kB
MemTotal:        7918588 kB
MemFree:         2251628 kB
MemAvailable:    4017804 kB
Buffers:            6548 kB
Cached:          1802924 kB
SwapCached:        97744 kB
Active:          2209316 kB
Inactive:         923916 kB
Active(anon):    1234224 kB
Inactive(anon):   107672 kB
Active(file):     975092 kB
Inactive(file):   816244 kB
Unevictable:        6340 kB
Mlocked:            5900 kB
SwapTotal:       4718584 kB
SwapFree:        3932680 kB
Dirty:             18204 kB
Writeback:             0 kB
AnonPages:       1260940 kB
Mapped:           696860 kB
Shmem:             13528 kB
KReclaimable:     592512 kB
Slab:             321764 kB
SReclaimable:      93832 kB
SUnreclaim:       227932 kB
KernelStack:       49424 kB
ShadowCallStack:   12384 kB
PageTables:        65500 kB
NFS_Unstable:          0 kB
Bounce:                0 kB
WritebackTmp:          0 kB
CommitLimit:     8677876 kB
Committed_AS:   66052536 kB
VmallocTotal:   263061440 kB
VmallocUsed:      132256 kB
VmallocChunk:          0 kB
Percpu:             2448 kB
CmaTotal:         405504 kB
CmaFree:          298808 kB
MemTotal:        7918588 kB
MemFree:         2133680 kB
MemAvailable:    3899092 kB
Buffers:            6548 kB
Cached:          1802944 kB
SwapCached:        97748 kB
Active:          2326624 kB
Inactive:         923940 kB
Active(anon):    1351532 kB
Inactive(anon):   107676 kB
Active(file):     975092 kB
Inactive(file):   816264 kB
Unevictable:        6340 kB
Mlocked:            5900 kB
SwapTotal:       4718584 kB
SwapFree:        3932936 kB
Dirty:             18224 kB
Writeback:             0 kB
AnonPages:       1378196 kB
Mapped:           690876 kB
Shmem:             13528 kB
KReclaimable:     591728 kB
Slab:             321664 kB
SReclaimable:      93832 kB
SUnreclaim:       227832 kB
KernelStack:       49344 kB
ShadowCallStack:   12376 kB
PageTables:        65680 kB
NFS_Unstable:          0 kB
Bounce:                0 kB
WritebackTmp:          0 kB
CommitLimit:     8677876 kB
Committed_AS:   66314636 kB
VmallocTotal:   263061440 kB
VmallocUsed:      132268 kB
VmallocChunk:          0 kB
Percpu:             2448 kB
CmaTotal:         405504 kB
CmaFree:          298808 kB
MemTotal:        7918588 kB
MemFree:         1997860 kB
MemAvailable:    3692044 kB
Buffers:            6572 kB
Cached:          1802976 kB
SwapCached:        97808 kB
Active:          2460132 kB
Inactive:         923984 kB
Active(anon):    1485040 kB
Inactive(anon):   107672 kB
Active(file):     975092 kB
Inactive(file):   816312 kB
Unevictable:        6340 kB
Mlocked:            5900 kB
SwapTotal:       4718584 kB
SwapFree:        3933448 kB
Dirty:             18268 kB
Writeback:             0 kB
AnonPages:       1511664 kB
Mapped:           692468 kB
Shmem:             13540 kB
KReclaimable:     520452 kB
Slab:             321960 kB
SReclaimable:      93844 kB
SUnreclaim:       228116 kB
KernelStack:       49360 kB
ShadowCallStack:   12380 kB
PageTables:        66724 kB
NFS_Unstable:          0 kB
Bounce:                0 kB
WritebackTmp:          0 kB
CommitLimit:     8677876 kB
Committed_AS:   66609560 kB
VmallocTotal:   263061440 kB
VmallocUsed:      132280 kB
VmallocChunk:          0 kB
Percpu:             2448 kB
CmaTotal:         405504 kB
CmaFree:          298808 kB
MemTotal:        7918588 kB
MemFree:         1895548 kB
MemAvailable:    3589096 kB
Buffers:            6572 kB
Cached:          1802980 kB
SwapCached:        97816 kB
Active:          2561312 kB
Inactive:         923988 kB
Active(anon):    1586220 kB
Inactive(anon):   107676 kB
Active(file):     975092 kB
Inactive(file):   816312 kB
Unevictable:        6340 kB
Mlocked:            5900 kB
SwapTotal:       4718584 kB
SwapFree:        3933704 kB
Dirty:             18268 kB
Writeback:             0 kB
AnonPages:       1612836 kB
Mapped:           691252 kB
Shmem:             13540 kB
KReclaimable:     519816 kB
Slab:             321916 kB
SReclaimable:      93844 kB
SUnreclaim:       228072 kB
KernelStack:       49344 kB
ShadowCallStack:   12372 kB
PageTables:        67164 kB
NFS_Unstable:          0 kB
Bounce:                0 kB
WritebackTmp:          0 kB
CommitLimit:     8677876 kB
Committed_AS:   66888088 kB
VmallocTotal:   263061440 kB
VmallocUsed:      132252 kB
VmallocChunk:          0 kB
Percpu:             2448 kB
CmaTotal:         405504 kB
CmaFree:          298808 kB
MemTotal:        7918588 kB
MemFree:         1790900 kB
MemAvailable:    3483424 kB
Buffers:            6572 kB
Cached:          1802980 kB
SwapCached:        97816 kB
Active:          2665180 kB
Inactive:         923984 kB
Active(anon):    1690088 kB
Inactive(anon):   107672 kB
Active(file):     975092 kB
Inactive(file):   816312 kB
Unevictable:        6340 kB
Mlocked:            5900 kB
SwapTotal:       4718584 kB
SwapFree:        3933704 kB
Dirty:             18268 kB
Writeback:             0 kB
AnonPages:       1716656 kB
Mapped:           691816 kB
Shmem:             13540 kB
KReclaimable:     518792 kB
Slab:             322144 kB
SReclaimable:      93844 kB
SUnreclaim:       228300 kB
KernelStack:       49280 kB
ShadowCallStack:   12352 kB
PageTables:        67924 kB
NFS_Unstable:          0 kB
Bounce:                0 kB
WritebackTmp:          0 kB
CommitLimit:     8677876 kB
Committed_AS:   67117100 kB
VmallocTotal:   263061440 kB
VmallocUsed:      132144 kB
VmallocChunk:          0 kB
Percpu:             2448 kB
CmaTotal:         405504 kB
CmaFree:          298808 kB
MemTotal:        7918588 kB
MemFree:         1648708 kB
MemAvailable:    3255384 kB
Buffers:            6576 kB
Cached:          1803044 kB
SwapCached:        97816 kB
Active:          2807672 kB
Inactive:         923988 kB
Active(anon):    1832580 kB
Inactive(anon):   107672 kB
Active(file):     975092 kB
Inactive(file):   816316 kB
Unevictable:        6340 kB
Mlocked:            5900 kB
SwapTotal:       4718584 kB
SwapFree:        3933704 kB
Dirty:             18168 kB
Writeback:             0 kB
AnonPages:       1859208 kB
Mapped:           693352 kB
Shmem:             13604 kB
KReclaimable:     395912 kB
Slab:             322092 kB
SReclaimable:      93828 kB
SUnreclaim:       228264 kB
KernelStack:       49328 kB
ShadowCallStack:   12340 kB
PageTables:        68368 kB
NFS_Unstable:          0 kB
Bounce:                0 kB
WritebackTmp:          0 kB
CommitLimit:     8677876 kB
Committed_AS:   67395624 kB
VmallocTotal:   263061440 kB
VmallocUsed:      132140 kB
VmallocChunk:          0 kB
Percpu:             2448 kB
CmaTotal:         405504 kB
CmaFree:          298808 kB
MemTotal:        7918588 kB
MemFree:         1579212 kB
MemAvailable:    3268732 kB
Buffers:            6576 kB
Cached:          1802996 kB
SwapCached:        97816 kB
Active:          2876236 kB
Inactive:         923988 kB
Active(anon):    1901144 kB
Inactive(anon):   107672 kB
Active(file):     975092 kB
Inactive(file):   816316 kB
Unevictable:        6340 kB
Mlocked:            5900 kB
SwapTotal:       4718584 kB
SwapFree:        3933704 kB
Dirty:             18168 kB
Writeback:             0 kB
AnonPages:       1927664 kB
Mapped:           693644 kB
Shmem:             13556 kB
KReclaimable:     515784 kB
Slab:             322200 kB
SReclaimable:      93828 kB
SUnreclaim:       228372 kB
KernelStack:       49120 kB
ShadowCallStack:   12328 kB
PageTables:        68852 kB
NFS_Unstable:          0 kB
Bounce:                0 kB
WritebackTmp:          0 kB
CommitLimit:     8677876 kB
Committed_AS:   67657272 kB
VmallocTotal:   263061440 kB
VmallocUsed:      131936 kB
VmallocChunk:          0 kB
Percpu:             2448 kB
CmaTotal:         405504 kB
CmaFree:          298808 kB
MemTotal:        7918588 kB
MemFree:         1501156 kB
MemAvailable:    3189960 kB
Buffers:            6588 kB
Cached:          1803012 kB
SwapCached:        97820 kB
Active:          2955132 kB
Inactive:         924012 kB
Active(anon):    1980040 kB
Inactive(anon):   107676 kB
Active(file):     975092 kB
Inactive(file):   816336 kB
Unevictable:        6340 kB
Mlocked:            5900 kB
SwapTotal:       4718584 kB
SwapFree:        3933704 kB
Dirty:             18184 kB
Writeback:             0 kB
AnonPages:       2006664 kB
Mapped:           694228 kB
Shmem:             13564 kB
KReclaimable:     515048 kB
Slab:             322196 kB
SReclaimable:      93828 kB
SUnreclaim:       228368 kB
KernelStack:       49104 kB
ShadowCallStack:   12308 kB
PageTables:        69264 kB
NFS_Unstable:          0 kB
Bounce:                0 kB
WritebackTmp:          0 kB
CommitLimit:     8677876 kB
Committed_AS:   67837504 kB
VmallocTotal:   263061440 kB
VmallocUsed:      131928 kB
VmallocChunk:          0 kB
Percpu:             2448 kB
CmaTotal:         405504 kB
CmaFree:          298808 kB
MemTotal:        7918588 kB
MemFree:         1397992 kB
MemAvailable:    3084916 kB
Buffers:            6588 kB
Cached:          1803008 kB
SwapCached:        97820 kB
Active:          3057456 kB
Inactive:         924004 kB
Active(anon):    2082364 kB
Inactive(anon):   107668 kB
Active(file):     975092 kB
Inactive(file):   816336 kB
Unevictable:        6340 kB
Mlocked:            5900 kB
SwapTotal:       4718584 kB
SwapFree:        3933704 kB
Dirty:             18184 kB
Writeback:             0 kB
AnonPages:       2108888 kB
Mapped:           695300 kB
Shmem:             13564 kB
KReclaimable:     513168 kB
Slab:             322228 kB
SReclaimable:      93828 kB
SUnreclaim:       228400 kB
KernelStack:       49072 kB
ShadowCallStack:   12300 kB
PageTables:        69760 kB
NFS_Unstable:          0 kB
Bounce:                0 kB
WritebackTmp:          0 kB
CommitLimit:     8677876 kB
Committed_AS:   68099492 kB
VmallocTotal:   263061440 kB
VmallocUsed:      131884 kB
VmallocChunk:          0 kB
Percpu:             2448 kB
CmaTotal:         405504 kB
CmaFree:          262516 kB
MemTotal:        7918588 kB
MemFree:         1305156 kB
MemAvailable:    2990848 kB
Buffers:            6588 kB
Cached:          1803016 kB
SwapCached:        97824 kB
Active:          3148924 kB
Inactive:         924004 kB
Active(anon):    2173832 kB
Inactive(anon):   107668 kB
Active(file):     975092 kB
Inactive(file):   816336 kB
Unevictable:        6340 kB
Mlocked:            5900 kB
SwapTotal:       4718584 kB
SwapFree:        3933960 kB
Dirty:             18184 kB
Writeback:             0 kB
AnonPages:       2200424 kB
Mapped:           696312 kB
Shmem:             13568 kB
KReclaimable:     511936 kB
Slab:             322236 kB
SReclaimable:      93828 kB
SUnreclaim:       228408 kB
KernelStack:       49040 kB
ShadowCallStack:   12296 kB
PageTables:        70104 kB
NFS_Unstable:          0 kB
Bounce:                0 kB
WritebackTmp:          0 kB
CommitLimit:     8677876 kB
Committed_AS:   68312380 kB
VmallocTotal:   263061440 kB
VmallocUsed:      131832 kB
VmallocChunk:          0 kB
Percpu:             2448 kB
CmaTotal:         405504 kB
CmaFree:          171448 kB
MemTotal:        7918588 kB
MemFree:         1232200 kB
MemAvailable:    2917324 kB
Buffers:            6612 kB
Cached:          1803032 kB
SwapCached:        97824 kB
Active:          3221376 kB
Inactive:         924024 kB
Active(anon):    2246284 kB
Inactive(anon):   107664 kB
Active(file):     975092 kB
Inactive(file):   816360 kB
Unevictable:        6340 kB
Mlocked:            5900 kB
SwapTotal:       4718584 kB
SwapFree:        3933960 kB
Dirty:             18184 kB
Writeback:             0 kB
AnonPages:       2272716 kB
Mapped:           697028 kB
Shmem:             13584 kB
KReclaimable:     511344 kB
Slab:             322296 kB
SReclaimable:      93828 kB
SUnreclaim:       228468 kB
KernelStack:       48896 kB
ShadowCallStack:   12260 kB
PageTables:        70292 kB
NFS_Unstable:          0 kB
Bounce:                0 kB
WritebackTmp:          0 kB
CommitLimit:     8677876 kB
Committed_AS:   68492152 kB
VmallocTotal:   263061440 kB
VmallocUsed:      131648 kB
VmallocChunk:          0 kB
Percpu:             2448 kB
CmaTotal:         405504 kB
CmaFree:           99512 kB
MemTotal:        7918588 kB
MemFree:         1140276 kB
MemAvailable:    2823880 kB
Buffers:            6612 kB
Cached:          1803036 kB
SwapCached:        97824 kB
Active:          3312092 kB
Inactive:         924020 kB
Active(anon):    2337000 kB
Inactive(anon):   107660 kB
Active(file):     975092 kB
Inactive(file):   816360 kB
Unevictable:        6340 kB
Mlocked:            5900 kB
SwapTotal:       4718584 kB
SwapFree:        3933960 kB
Dirty:             18184 kB
Writeback:             0 kB
AnonPages:       2363460 kB
Mapped:           697948 kB
Shmem:             13588 kB
KReclaimable:     509824 kB
Slab:             322400 kB
SReclaimable:      93828 kB
SUnreclaim:       228572 kB
KernelStack:       48912 kB
ShadowCallStack:   12252 kB
PageTables:        70864 kB
NFS_Unstable:          0 kB
Bounce:                0 kB
WritebackTmp:          0 kB
CommitLimit:     8677876 kB
Committed_AS:   68737916 kB
VmallocTotal:   263061440 kB
VmallocUsed:      131664 kB
VmallocChunk:          0 kB
Percpu:             2448 kB
CmaTotal:         405504 kB
CmaFree:            8476 kB
MemTotal:        7918588 kB
MemFree:         1061520 kB
MemAvailable:    2744332 kB
Buffers:            6612 kB
Cached:          1803088 kB
SwapCached:        97824 kB
Active:          3392796 kB
Inactive:         924032 kB
Active(anon):    2417704 kB
Inactive(anon):   107664 kB
Active(file):     975092 kB
Inactive(file):   816368 kB
Unevictable:        6340 kB
Mlocked:            5900 kB
SwapTotal:       4718584 kB
SwapFree:        3934216 kB
Dirty:             18192 kB
Writeback:             0 kB
AnonPages:       2444120 kB
Mapped:           698556 kB
Shmem:             13632 kB
KReclaimable:     509024 kB
Slab:             322484 kB
SReclaimable:      93828 kB
SUnreclaim:       228656 kB
KernelStack:       48896 kB
ShadowCallStack:   12256 kB
PageTables:        71228 kB
NFS_Unstable:          0 kB
Bounce:                0 kB
WritebackTmp:          0 kB
CommitLimit:     8677876 kB
Committed_AS:   68901764 kB
VmallocTotal:   263061440 kB
VmallocUsed:      131648 kB
VmallocChunk:          0 kB
Percpu:             2448 kB
CmaTotal:         405504 kB
CmaFree:               0 kB
MemTotal:        7918588 kB
MemFree:          997804 kB
MemAvailable:    2679560 kB
Buffers:            6612 kB
Cached:          1803088 kB
SwapCached:        97824 kB
Active:          3456504 kB
Inactive:         924024 kB
Active(anon):    2481412 kB
Inactive(anon):   107656 kB
Active(file):     975092 kB
Inactive(file):   816368 kB
Unevictable:        6340 kB
Mlocked:            5900 kB
SwapTotal:       4718584 kB
SwapFree:        3934216 kB
Dirty:             18192 kB
Writeback:             0 kB
AnonPages:       2507860 kB
Mapped:           699136 kB
Shmem:             13632 kB
KReclaimable:     507968 kB
Slab:             322628 kB
SReclaimable:      93828 kB
SUnreclaim:       228800 kB
KernelStack:       48848 kB
ShadowCallStack:   12244 kB
PageTables:        71552 kB
NFS_Unstable:          0 kB
Bounce:                0 kB
WritebackTmp:          0 kB
CommitLimit:     8677876 kB
Committed_AS:   69049168 kB
VmallocTotal:   263061440 kB
VmallocUsed:      131608 kB
VmallocChunk:          0 kB
Percpu:             2448 kB
CmaTotal:         405504 kB
CmaFree:               0 kB
MemTotal:        7918588 kB
MemFree:          931508 kB
MemAvailable:    2612580 kB
Buffers:            6620 kB
Cached:          1803084 kB
SwapCached:        97824 kB
Active:          3521488 kB
Inactive:         924040 kB
Active(anon):    2546396 kB
Inactive(anon):   107668 kB
Active(file):     975092 kB
Inactive(file):   816372 kB
Unevictable:        6340 kB
Mlocked:            5900 kB
SwapTotal:       4718584 kB
SwapFree:        3934216 kB
Dirty:             18192 kB
Writeback:             0 kB
AnonPages:       2572864 kB
Mapped:           699612 kB
Shmem:             13632 kB
KReclaimable:     507280 kB
Slab:             322696 kB
SReclaimable:      93828 kB
SUnreclaim:       228868 kB
KernelStack:       48864 kB
ShadowCallStack:   12256 kB
PageTables:        71876 kB
NFS_Unstable:          0 kB
Bounce:                0 kB
WritebackTmp:          0 kB
CommitLimit:     8677876 kB
Committed_AS:   69196624 kB
VmallocTotal:   263061440 kB
VmallocUsed:      131608 kB
VmallocChunk:          0 kB
Percpu:             2448 kB
CmaTotal:         405504 kB
CmaFree:               0 kB
MemTotal:        7918588 kB
MemFree:          890328 kB
MemAvailable:    2571060 kB
Buffers:            6628 kB
Cached:          1803080 kB
SwapCached:        97824 kB
Active:          3562036 kB
Inactive:         924032 kB
Active(anon):    2586944 kB
Inactive(anon):   107656 kB
Active(file):     975092 kB
Inactive(file):   816376 kB
Unevictable:        6340 kB
Mlocked:            5900 kB
SwapTotal:       4718584 kB
SwapFree:        3934216 kB
Dirty:             17772 kB
Writeback:             0 kB
AnonPages:       2613376 kB
Mapped:           700000 kB
Shmem:             13632 kB
KReclaimable:     506936 kB
Slab:             322848 kB
SReclaimable:      93828 kB
SUnreclaim:       229020 kB
KernelStack:       48704 kB
ShadowCallStack:   12196 kB
PageTables:        71892 kB
NFS_Unstable:          0 kB
Bounce:                0 kB
WritebackTmp:          0 kB
CommitLimit:     8677876 kB
Committed_AS:   69294928 kB
VmallocTotal:   263061440 kB
VmallocUsed:      131440 kB
VmallocChunk:          0 kB
Percpu:             2448 kB
CmaTotal:         405504 kB
CmaFree:               0 kB
MemTotal:        7918588 kB
MemFree:          819704 kB
MemAvailable:    2499188 kB
Buffers:            6628 kB
Cached:          1803088 kB
SwapCached:        97824 kB
Active:          3632688 kB
Inactive:         924048 kB
Active(anon):    2657596 kB
Inactive(anon):   107664 kB
Active(file):     975092 kB
Inactive(file):   816384 kB
Unevictable:        6340 kB
Mlocked:            5900 kB
SwapTotal:       4718584 kB
SwapFree:        3934216 kB
Dirty:             17784 kB
Writeback:             0 kB
AnonPages:       2683976 kB
Mapped:           700692 kB
Shmem:             13632 kB
KReclaimable:     505680 kB
Slab:             322852 kB
SReclaimable:      93828 kB
SUnreclaim:       229024 kB
KernelStack:       48736 kB
ShadowCallStack:   12228 kB
PageTables:        72372 kB
NFS_Unstable:          0 kB
Bounce:                0 kB
WritebackTmp:          0 kB
CommitLimit:     8677876 kB
Committed_AS:   69443408 kB
VmallocTotal:   263061440 kB
VmallocUsed:      131464 kB
VmallocChunk:          0 kB
Percpu:             2448 kB
CmaTotal:         405504 kB
CmaFree:               0 kB
MemTotal:        7918588 kB
MemFree:          765948 kB
MemAvailable:    2444800 kB
Buffers:            6628 kB
Cached:          1803100 kB
SwapCached:        97824 kB
Active:          3685312 kB
Inactive:         924048 kB
Active(anon):    2710220 kB
Inactive(anon):   107656 kB
Active(file):     975092 kB
Inactive(file):   816392 kB
Unevictable:        6340 kB
Mlocked:            5900 kB
SwapTotal:       4718584 kB
SwapFree:        3934216 kB
Dirty:             17792 kB
Writeback:             0 kB
AnonPages:       2736564 kB
Mapped:           701004 kB
Shmem:             13636 kB
KReclaimable:     505040 kB
Slab:             322988 kB
SReclaimable:      93828 kB
SUnreclaim:       229160 kB
KernelStack:       48752 kB
ShadowCallStack:   12224 kB
PageTables:        72600 kB
NFS_Unstable:          0 kB
Bounce:                0 kB
WritebackTmp:          0 kB
CommitLimit:     8677876 kB
Committed_AS:   69558100 kB
VmallocTotal:   263061440 kB
VmallocUsed:      131448 kB
VmallocChunk:          0 kB
Percpu:             2448 kB
CmaTotal:         405504 kB
CmaFree:               0 kB
MemTotal:        7918588 kB
MemFree:          700852 kB
MemAvailable:    2379224 kB
Buffers:            6628 kB
Cached:          1803100 kB
SwapCached:        97824 kB
Active:          3750608 kB
Inactive:         924056 kB
Active(anon):    2775516 kB
Inactive(anon):   107664 kB
Active(file):     975092 kB
Inactive(file):   816392 kB
Unevictable:        6340 kB
Mlocked:            5900 kB
SwapTotal:       4718584 kB
SwapFree:        3934216 kB
Dirty:             17792 kB
Writeback:             0 kB
AnonPages:       2801976 kB
Mapped:           701492 kB
Shmem:             13636 kB
KReclaimable:     504560 kB
Slab:             323012 kB
SReclaimable:      93828 kB
SUnreclaim:       229184 kB
KernelStack:       48752 kB
ShadowCallStack:   12224 kB
PageTables:        72896 kB
NFS_Unstable:          0 kB
Bounce:                0 kB
WritebackTmp:          0 kB
CommitLimit:     8677876 kB
Committed_AS:   69721940 kB
VmallocTotal:   263061440 kB
VmallocUsed:      131480 kB
VmallocChunk:          0 kB
Percpu:             2448 kB
CmaTotal:         405504 kB
CmaFree:               0 kB
MemTotal:        7918588 kB
MemFree:          630216 kB
MemAvailable:    2307396 kB
Buffers:            6628 kB
Cached:          1803104 kB
SwapCached:        97824 kB
Active:          3821032 kB
Inactive:         924056 kB
Active(anon):    2845940 kB
Inactive(anon):   107664 kB
Active(file):     975092 kB
Inactive(file):   816392 kB
Unevictable:        6340 kB
Mlocked:            5900 kB
SwapTotal:       4718584 kB
SwapFree:        3934216 kB
Dirty:             17864 kB
Writeback:             0 kB
AnonPages:       2872440 kB
Mapped:           702160 kB
Shmem:             13640 kB
KReclaimable:     503368 kB
Slab:             322956 kB
SReclaimable:      93828 kB
SUnreclaim:       229128 kB
KernelStack:       48736 kB
ShadowCallStack:   12212 kB
PageTables:        73176 kB
NFS_Unstable:          0 kB
Bounce:                0 kB
WritebackTmp:          0 kB
CommitLimit:     8677876 kB
Committed_AS:   69869400 kB
VmallocTotal:   263061440 kB
VmallocUsed:      131448 kB
VmallocChunk:          0 kB
Percpu:             2448 kB
CmaTotal:         405504 kB
CmaFree:               0 kB
MemTotal:        7918588 kB
MemFree:          559096 kB
MemAvailable:    2235636 kB
Buffers:            6652 kB
Cached:          1803104 kB
SwapCached:        97824 kB
Active:          3891628 kB
Inactive:         924064 kB
Active(anon):    2916536 kB
Inactive(anon):   107648 kB
Active(file):     975092 kB
Inactive(file):   816416 kB
Unevictable:        6340 kB
Mlocked:            5900 kB
SwapTotal:       4718584 kB
SwapFree:        3934216 kB
Dirty:               424 kB
Writeback:             0 kB
AnonPages:       2942980 kB
Mapped:           702452 kB
Shmem:             13640 kB
KReclaimable:     502704 kB
Slab:             323032 kB
SReclaimable:      93828 kB
SUnreclaim:       229204 kB
KernelStack:       48736 kB
ShadowCallStack:   12224 kB
PageTables:        73360 kB
NFS_Unstable:          0 kB
Bounce:                0 kB
WritebackTmp:          0 kB
CommitLimit:     8677876 kB
Committed_AS:   70049624 kB
VmallocTotal:   263061440 kB
VmallocUsed:      131464 kB
VmallocChunk:          0 kB
Percpu:             2448 kB
CmaTotal:         405504 kB
CmaFree:               0 kB
MemTotal:        7918588 kB
MemFree:          494812 kB
MemAvailable:    2170464 kB
Buffers:            6652 kB
Cached:          1803104 kB
SwapCached:        97824 kB
Active:          3955024 kB
Inactive:         924064 kB
Active(anon):    2979932 kB
Inactive(anon):   107648 kB
Active(file):     975092 kB
Inactive(file):   816416 kB
Unevictable:        6340 kB
Mlocked:            5900 kB
SwapTotal:       4718584 kB
SwapFree:        3934216 kB
Dirty:               424 kB
Writeback:             0 kB
AnonPages:       3006248 kB
Mapped:           703136 kB
Shmem:             13640 kB
KReclaimable:     501816 kB
Slab:             323096 kB
SReclaimable:      93828 kB
SUnreclaim:       229268 kB
KernelStack:       48736 kB
ShadowCallStack:   12208 kB
PageTables:        73768 kB
NFS_Unstable:          0 kB
Bounce:                0 kB
WritebackTmp:          0 kB
CommitLimit:     8677876 kB
Committed_AS:   70147928 kB
VmallocTotal:   263061440 kB
VmallocUsed:      131464 kB
VmallocChunk:          0 kB
Percpu:             2448 kB
CmaTotal:         405504 kB
CmaFree:               0 kB
MemTotal:        7918588 kB
MemFree:          433532 kB
MemAvailable:    2108632 kB
Buffers:            6652 kB
Cached:          1803112 kB
SwapCached:        97824 kB
Active:          4016496 kB
Inactive:         924072 kB
Active(anon):    3041404 kB
Inactive(anon):   107648 kB
Active(file):     975092 kB
Inactive(file):   816424 kB
Unevictable:        6340 kB
Mlocked:            5900 kB
SwapTotal:       4718584 kB
SwapFree:        3934216 kB
Dirty:               436 kB
Writeback:             0 kB
AnonPages:       3067788 kB
Mapped:           703468 kB
Shmem:             13640 kB
KReclaimable:     501256 kB
Slab:             323204 kB
SReclaimable:      93828 kB
SUnreclaim:       229376 kB
KernelStack:       48736 kB
ShadowCallStack:   12216 kB
PageTables:        73976 kB
NFS_Unstable:          0 kB
Bounce:                0 kB
WritebackTmp:          0 kB
CommitLimit:     8677876 kB
Committed_AS:   70311768 kB
VmallocTotal:   263061440 kB
VmallocUsed:      131468 kB
VmallocChunk:          0 kB
Percpu:             2448 kB
CmaTotal:         405504 kB
CmaFree:               0 kB
MemTotal:        7918588 kB
MemFree:          363488 kB
MemAvailable:    2037888 kB
Buffers:            6652 kB
Cached:          1803120 kB
SwapCached:        98044 kB
Active:          4086728 kB
Inactive:         924080 kB
Active(anon):    3111636 kB
Inactive(anon):   107652 kB
Active(file):     975092 kB
Inactive(file):   816428 kB
Unevictable:        6340 kB
Mlocked:            5900 kB
SwapTotal:       4718584 kB
SwapFree:        3934216 kB
Dirty:               436 kB
Writeback:             0 kB
AnonPages:       3138168 kB
Mapped:           704004 kB
Shmem:             13644 kB
KReclaimable:     500552 kB
Slab:             323228 kB
SReclaimable:      93828 kB
SUnreclaim:       229400 kB
KernelStack:       48720 kB
ShadowCallStack:   12228 kB
PageTables:        74312 kB
NFS_Unstable:          0 kB
Bounce:                0 kB
WritebackTmp:          0 kB
CommitLimit:     8677876 kB
Committed_AS:   70475612 kB
VmallocTotal:   263061440 kB
VmallocUsed:      131444 kB
VmallocChunk:          0 kB
Percpu:             2448 kB
CmaTotal:         405504 kB
CmaFree:               0 kB
MemTotal:        7918588 kB
MemFree:          303956 kB
MemAvailable:    1977500 kB
Buffers:            6652 kB
Cached:          1803124 kB
SwapCached:        98044 kB
Active:          4145576 kB
Inactive:         924076 kB
Active(anon):    3170484 kB
Inactive(anon):   107648 kB
Active(file):     975092 kB
Inactive(file):   816428 kB
Unevictable:        6340 kB
Mlocked:            5900 kB
SwapTotal:       4718584 kB
SwapFree:        3934216 kB
Dirty:               436 kB
Writeback:             0 kB
AnonPages:       3196860 kB
Mapped:           704556 kB
Shmem:             13648 kB
KReclaimable:     499696 kB
Slab:             323052 kB
SReclaimable:      93828 kB
SUnreclaim:       229224 kB
KernelStack:       48720 kB
ShadowCallStack:   12220 kB
PageTables:        74504 kB
NFS_Unstable:          0 kB
Bounce:                0 kB
WritebackTmp:          0 kB
CommitLimit:     8677876 kB
Committed_AS:   70623072 kB
VmallocTotal:   263061440 kB
VmallocUsed:      131444 kB
VmallocChunk:          0 kB
Percpu:             2448 kB
CmaTotal:         405504 kB
CmaFree:               0 kB
MemTotal:        7918588 kB
MemFree:          252476 kB
MemAvailable:    2148908 kB
Buffers:            6656 kB
Cached:          1800636 kB
SwapCached:        97992 kB
Active:          4204468 kB
Inactive:         918328 kB
Active(anon):    3227552 kB
Inactive(anon):   106204 kB
Active(file):     976916 kB
Inactive(file):   812124 kB
Unevictable:        6340 kB
Mlocked:            5900 kB
SwapTotal:       4718584 kB
SwapFree:        3934472 kB
Dirty:               412 kB
Writeback:             0 kB
AnonPages:       3252652 kB
Mapped:           702760 kB
Shmem:             13644 kB
KReclaimable:     497616 kB
Slab:             322760 kB
SReclaimable:      93380 kB
SUnreclaim:       229380 kB
KernelStack:       48736 kB
ShadowCallStack:   12224 kB
PageTables:        74880 kB
NFS_Unstable:          0 kB
Bounce:                0 kB
WritebackTmp:          0 kB
CommitLimit:     8677876 kB
Committed_AS:   70754144 kB
VmallocTotal:   263061440 kB
VmallocUsed:      131448 kB
VmallocChunk:          0 kB
Percpu:             2448 kB
CmaTotal:         405504 kB
CmaFree:             248 kB
MemTotal:        7918588 kB
MemFree:          190944 kB
MemAvailable:    1957416 kB
Buffers:            6660 kB
Cached:          1793728 kB
SwapCached:        97988 kB
Active:          4279612 kB
Inactive:         908572 kB
Active(anon):    3299848 kB
Inactive(anon):   106212 kB
Active(file):     979764 kB
Inactive(file):   802360 kB
Unevictable:        6340 kB
Mlocked:            5900 kB
SwapTotal:       4718584 kB
SwapFree:        3934728 kB
Dirty:               436 kB
Writeback:             0 kB
AnonPages:       3324836 kB
Mapped:           700156 kB
Shmem:             13656 kB
KReclaimable:     374572 kB
Slab:             320472 kB
SReclaimable:      90984 kB
SUnreclaim:       229488 kB
KernelStack:       48800 kB
ShadowCallStack:   12240 kB
PageTables:        75228 kB
NFS_Unstable:          0 kB
Bounce:                0 kB
WritebackTmp:          0 kB
CommitLimit:     8677876 kB
Committed_AS:   70852796 kB
VmallocTotal:   263061440 kB
VmallocUsed:      131584 kB
VmallocChunk:          0 kB
Percpu:             2448 kB
CmaTotal:         405504 kB
CmaFree:               0 kB
MemTotal:        7918588 kB
MemFree:          188600 kB
MemAvailable:    1891016 kB
Buffers:            4028 kB
Cached:          1742080 kB
SwapCached:        97988 kB
Active:          4373216 kB
Inactive:         833180 kB
Active(anon):    3372484 kB
Inactive(anon):   106212 kB
Active(file):    1000732 kB
Inactive(file):   726968 kB
Unevictable:        6340 kB
Mlocked:            5900 kB
SwapTotal:       4718584 kB
SwapFree:        3934728 kB
Dirty:               456 kB
Writeback:             0 kB
AnonPages:       3397312 kB
Mapped:           692724 kB
Shmem:             13800 kB
KReclaimable:     364940 kB
Slab:             320352 kB
SReclaimable:      90804 kB
SUnreclaim:       229548 kB
KernelStack:       48832 kB
ShadowCallStack:   12240 kB
PageTables:        75488 kB
NFS_Unstable:          0 kB
Bounce:                0 kB
WritebackTmp:          0 kB
CommitLimit:     8677876 kB
Committed_AS:   71000260 kB
VmallocTotal:   263061440 kB
VmallocUsed:      131616 kB
VmallocChunk:          0 kB
Percpu:             2448 kB
CmaTotal:         405504 kB
CmaFree:               0 kB
MemTotal:        7918588 kB
MemFree:          186688 kB
MemAvailable:    1990812 kB
Buffers:            4028 kB
Cached:          1723808 kB
SwapCached:        97988 kB
Active:          4395272 kB
Inactive:         815052 kB
Active(anon):    3394540 kB
Inactive(anon):   106212 kB
Active(file):    1000732 kB
Inactive(file):   708840 kB
Unevictable:        6340 kB
Mlocked:            5900 kB
SwapTotal:       4718584 kB
SwapFree:        3934728 kB
Dirty:               456 kB
Writeback:             0 kB
AnonPages:       3419484 kB
Mapped:           692432 kB
Shmem:             13656 kB
KReclaimable:     484776 kB
Slab:             320208 kB
SReclaimable:      90744 kB
SUnreclaim:       229464 kB
KernelStack:       48688 kB
ShadowCallStack:   12212 kB
PageTables:        75504 kB
NFS_Unstable:          0 kB
Bounce:                0 kB
WritebackTmp:          0 kB
CommitLimit:     8677876 kB
Committed_AS:   71130936 kB
VmallocTotal:   263061440 kB
VmallocUsed:      131428 kB
VmallocChunk:          0 kB
Percpu:             2448 kB
CmaTotal:         405504 kB
CmaFree:               0 kB
MemTotal:        7918588 kB
MemFree:          188136 kB
MemAvailable:    1954932 kB
Buffers:            4028 kB
Cached:          1691812 kB
SwapCached:        97988 kB
Active:          4432092 kB
Inactive:         783052 kB
Active(anon):    3431360 kB
Inactive(anon):   106212 kB
Active(file):    1000732 kB
Inactive(file):   676840 kB
Unevictable:        6340 kB
Mlocked:            5900 kB
SwapTotal:       4718584 kB
SwapFree:        3934728 kB
Dirty:               456 kB
Writeback:             0 kB
AnonPages:       3456340 kB
Mapped:           692648 kB
Shmem:             13660 kB
KReclaimable:     479448 kB
Slab:             320024 kB
SReclaimable:      90456 kB
SUnreclaim:       229568 kB
KernelStack:       48704 kB
ShadowCallStack:   12204 kB
PageTables:        75672 kB
NFS_Unstable:          0 kB
Bounce:                0 kB
WritebackTmp:          0 kB
CommitLimit:     8677876 kB
Committed_AS:   71245652 kB
VmallocTotal:   263061440 kB
VmallocUsed:      131428 kB
VmallocChunk:          0 kB
Percpu:             2448 kB
CmaTotal:         405504 kB
CmaFree:               0 kB
MemTotal:        7918588 kB
MemFree:          190192 kB
MemAvailable:    1880828 kB
Buffers:            4064 kB
Cached:          1626772 kB
SwapCached:        97992 kB
Active:          4504044 kB
Inactive:         717860 kB
Active(anon):    3503124 kB
Inactive(anon):   106212 kB
Active(file):    1000920 kB
Inactive(file):   611648 kB
Unevictable:        6340 kB
Mlocked:            5900 kB
SwapTotal:       4718584 kB
SwapFree:        3934728 kB
Dirty:               476 kB
Writeback:            20 kB
AnonPages:       3528168 kB
Mapped:           693436 kB
Shmem:             13660 kB
KReclaimable:     468292 kB
Slab:             318492 kB
SReclaimable:      88940 kB
SUnreclaim:       229552 kB
KernelStack:       48736 kB
ShadowCallStack:   12212 kB
PageTables:        76312 kB
NFS_Unstable:          0 kB
Bounce:                0 kB
WritebackTmp:          0 kB
CommitLimit:     8677876 kB
Committed_AS:   71393084 kB
VmallocTotal:   263061440 kB
VmallocUsed:      131440 kB
VmallocChunk:          0 kB
Percpu:             2448 kB
CmaTotal:         405504 kB
CmaFree:               0 kB
MemTotal:        7918588 kB
MemFree:          189824 kB
MemAvailable:    1833520 kB
Buffers:            4032 kB
Cached:          1586852 kB
SwapCached:        97992 kB
Active:          4557708 kB
Inactive:         672768 kB
Active(anon):    3551816 kB
Inactive(anon):   106204 kB
Active(file):    1005892 kB
Inactive(file):   566564 kB
Unevictable:        6340 kB
Mlocked:            5900 kB
SwapTotal:       4718584 kB
SwapFree:        3934728 kB
Dirty:               476 kB
Writeback:             0 kB
AnonPages:       3576736 kB
Mapped:           691324 kB
Shmem:             13660 kB
KReclaimable:     461464 kB
Slab:             317592 kB
SReclaimable:      88032 kB
SUnreclaim:       229560 kB
KernelStack:       48688 kB
ShadowCallStack:   12204 kB
PageTables:        76504 kB
NFS_Unstable:          0 kB
Bounce:                0 kB
WritebackTmp:          0 kB
CommitLimit:     8677876 kB
Committed_AS:   71524156 kB
VmallocTotal:   263061440 kB
VmallocUsed:      131428 kB
VmallocChunk:          0 kB
Percpu:             2448 kB
CmaTotal:         405504 kB
CmaFree:               0 kB
MemTotal:        7918588 kB
MemFree:          187996 kB
MemAvailable:    1779592 kB
Buffers:            4020 kB
Cached:          1546564 kB
SwapCached:        97996 kB
Active:          4651608 kB
Inactive:         588796 kB
Active(anon):    3601960 kB
Inactive(anon):   106144 kB
Active(file):    1049648 kB
Inactive(file):   482652 kB
Unevictable:        6340 kB
Mlocked:            5900 kB
SwapTotal:       4718584 kB
SwapFree:        3934984 kB
Dirty:               496 kB
Writeback:             0 kB
AnonPages:       3626820 kB
Mapped:           679632 kB
Shmem:             13676 kB
KReclaimable:     449520 kB
Slab:             317072 kB
SReclaimable:      87448 kB
SUnreclaim:       229624 kB
KernelStack:       48704 kB
ShadowCallStack:   12208 kB
PageTables:        77060 kB
NFS_Unstable:          0 kB
Bounce:                0 kB
WritebackTmp:          0 kB
CommitLimit:     8677876 kB
Committed_AS:   71638812 kB
VmallocTotal:   263061440 kB
VmallocUsed:      131388 kB
VmallocChunk:          0 kB
Percpu:             2448 kB
CmaTotal:         405504 kB
CmaFree:              16 kB
MemTotal:        7918588 kB
MemFree:          189336 kB
MemAvailable:    1718212 kB
Buffers:            4020 kB
Cached:          1493844 kB
SwapCached:        97996 kB
Active:          4731328 kB
Inactive:         517148 kB
Active(anon):    3662908 kB
Inactive(anon):   106144 kB
Active(file):    1068420 kB
Inactive(file):   411004 kB
Unevictable:        6340 kB
Mlocked:            5900 kB
SwapTotal:       4718584 kB
SwapFree:        3934984 kB
Dirty:               496 kB
Writeback:             0 kB
AnonPages:       3687788 kB
Mapped:           656944 kB
Shmem:             13676 kB
KReclaimable:     439676 kB
Slab:             316704 kB
SReclaimable:      87060 kB
SUnreclaim:       229644 kB
KernelStack:       48688 kB
ShadowCallStack:   12200 kB
PageTables:        76764 kB
NFS_Unstable:          0 kB
Bounce:                0 kB
WritebackTmp:          0 kB
CommitLimit:     8677876 kB
Committed_AS:   71786268 kB
VmallocTotal:   263061440 kB
VmallocUsed:      131408 kB
VmallocChunk:          0 kB
Percpu:             2448 kB
CmaTotal:         405504 kB
CmaFree:              16 kB
MemTotal:        7918588 kB
MemFree:          186644 kB
MemAvailable:    1677724 kB
Buffers:            4000 kB
Cached:          1461236 kB
SwapCached:        97996 kB
Active:          4774748 kB
Inactive:         481924 kB
Active(anon):    3703576 kB
Inactive(anon):   106144 kB
Active(file):    1071172 kB
Inactive(file):   375780 kB
Unevictable:        6340 kB
Mlocked:            5900 kB
SwapTotal:       4718584 kB
SwapFree:        3934984 kB
Dirty:               496 kB
Writeback:             0 kB
AnonPages:       3728436 kB
Mapped:           654004 kB
Shmem:             13676 kB
KReclaimable:     434352 kB
Slab:             316080 kB
SReclaimable:      86232 kB
SUnreclaim:       229848 kB
KernelStack:       48672 kB
ShadowCallStack:   12196 kB
PageTables:        77524 kB
NFS_Unstable:          0 kB
Bounce:                0 kB
WritebackTmp:          0 kB
CommitLimit:     8677876 kB
Committed_AS:   71884468 kB
VmallocTotal:   263061440 kB
VmallocUsed:      131388 kB
VmallocChunk:          0 kB
Percpu:             2448 kB
CmaTotal:         405504 kB
CmaFree:              16 kB
MemTotal:        7918588 kB
MemFree:          186916 kB
MemAvailable:    1623424 kB
Buffers:            3948 kB
Cached:          1413628 kB
SwapCached:        97996 kB
Active:          4827236 kB
Inactive:         434244 kB
Active(anon):    3756056 kB
Inactive(anon):   106144 kB
Active(file):    1071180 kB
Inactive(file):   328100 kB
Unevictable:        6340 kB
Mlocked:            5900 kB
SwapTotal:       4718584 kB
SwapFree:        3934984 kB
Dirty:               488 kB
Writeback:             0 kB
AnonPages:       3780964 kB
Mapped:           654264 kB
Shmem:             13676 kB
KReclaimable:     427452 kB
Slab:             314904 kB
SReclaimable:      85132 kB
SUnreclaim:       229772 kB
KernelStack:       48592 kB
ShadowCallStack:   12180 kB
PageTables:        77472 kB
NFS_Unstable:          0 kB
Bounce:                0 kB
WritebackTmp:          0 kB
CommitLimit:     8677876 kB
Committed_AS:   71982616 kB
VmallocTotal:   263061440 kB
VmallocUsed:      131264 kB
VmallocChunk:          0 kB
Percpu:             2448 kB
CmaTotal:         405504 kB
CmaFree:              20 kB
MemTotal:        7918588 kB
MemFree:          185972 kB
MemAvailable:    1563316 kB
Buffers:            3932 kB
Cached:          1363104 kB
SwapCached:        97996 kB
Active:          4898448 kB
Inactive:         371940 kB
Active(anon):    3815500 kB
Inactive(anon):   106136 kB
Active(file):    1082948 kB
Inactive(file):   265804 kB
Unevictable:        6340 kB
Mlocked:            5900 kB
SwapTotal:       4718584 kB
SwapFree:        3934984 kB
Dirty:               500 kB
Writeback:             0 kB
AnonPages:       3840292 kB
Mapped:           653348 kB
Shmem:             13676 kB
KReclaimable:     418816 kB
Slab:             313656 kB
SReclaimable:      83808 kB
SUnreclaim:       229848 kB
KernelStack:       48592 kB
ShadowCallStack:   12180 kB
PageTables:        77696 kB
NFS_Unstable:          0 kB
Bounce:                0 kB
WritebackTmp:          0 kB
CommitLimit:     8677876 kB
Committed_AS:   72113688 kB
VmallocTotal:   263061440 kB
VmallocUsed:      131264 kB
VmallocChunk:          0 kB
Percpu:             2448 kB
CmaTotal:         405504 kB
CmaFree:               0 kB
MemTotal:        7918588 kB
MemFree:          187764 kB
MemAvailable:    1514372 kB
Buffers:            3924 kB
Cached:          1318628 kB
SwapCached:        97996 kB
Active:          4946692 kB
Inactive:         327428 kB
Active(anon):    3863744 kB
Inactive(anon):   106112 kB
Active(file):    1082948 kB
Inactive(file):   221316 kB
Unevictable:        6340 kB
Mlocked:            5900 kB
SwapTotal:       4718584 kB
SwapFree:        3934984 kB
Dirty:               504 kB
Writeback:             0 kB
AnonPages:       3888536 kB
Mapped:           653672 kB
Shmem:             13676 kB
KReclaimable:     412568 kB
Slab:             312412 kB
SReclaimable:      82592 kB
SUnreclaim:       229820 kB
KernelStack:       48560 kB
ShadowCallStack:   12168 kB
PageTables:        77792 kB
NFS_Unstable:          0 kB
Bounce:                0 kB
WritebackTmp:          0 kB
CommitLimit:     8677876 kB
Committed_AS:   72211836 kB
VmallocTotal:   263061440 kB
VmallocUsed:      131204 kB
VmallocChunk:          0 kB
Percpu:             2448 kB
CmaTotal:         405504 kB
CmaFree:             128 kB
MemTotal:        7918588 kB
MemFree:          186444 kB
MemAvailable:    1457532 kB
Buffers:            2568 kB
Cached:          1272236 kB
SwapCached:        97996 kB
Active:          5019732 kB
Inactive:         263864 kB
Active(anon):    3920972 kB
Inactive(anon):   106112 kB
Active(file):    1098760 kB
Inactive(file):   157752 kB
Unevictable:        6340 kB
Mlocked:            5900 kB
SwapTotal:       4718584 kB
SwapFree:        3934984 kB
Dirty:               512 kB
Writeback:             0 kB
AnonPages:       3945824 kB
Mapped:           652632 kB
Shmem:             13676 kB
KReclaimable:     404800 kB
Slab:             311332 kB
SReclaimable:      81496 kB
SUnreclaim:       229836 kB
KernelStack:       48528 kB
ShadowCallStack:   12160 kB
PageTables:        77980 kB
NFS_Unstable:          0 kB
Bounce:                0 kB
WritebackTmp:          0 kB
CommitLimit:     8677876 kB
Committed_AS:   72326528 kB
VmallocTotal:   263061440 kB
VmallocUsed:      131204 kB
VmallocChunk:          0 kB
Percpu:             2448 kB
CmaTotal:         405504 kB
CmaFree:             128 kB
MemTotal:        7918588 kB
MemFree:          187448 kB
MemAvailable:    1403616 kB
Buffers:            1696 kB
Cached:          1223684 kB
SwapCached:        97996 kB
Active:          5072808 kB
Inactive:         214348 kB
Active(anon):    3973948 kB
Inactive(anon):   106112 kB
Active(file):    1098860 kB
Inactive(file):   108236 kB
Unevictable:        6340 kB
Mlocked:            5900 kB
SwapTotal:       4718584 kB
SwapFree:        3934984 kB
Dirty:               524 kB
Writeback:             0 kB
AnonPages:       3998504 kB
Mapped:           653052 kB
Shmem:             13676 kB
KReclaimable:     399296 kB
Slab:             311236 kB
SReclaimable:      81440 kB
SUnreclaim:       229796 kB
KernelStack:       48544 kB
ShadowCallStack:   12164 kB
PageTables:        78168 kB
NFS_Unstable:          0 kB
Bounce:                0 kB
WritebackTmp:          0 kB
CommitLimit:     8677876 kB
Committed_AS:   72441240 kB
VmallocTotal:   263061440 kB
VmallocUsed:      131168 kB
VmallocChunk:          0 kB
Percpu:             2448 kB
CmaTotal:         405504 kB
CmaFree:             128 kB
MemTotal:        7918588 kB
MemFree:          188296 kB
MemAvailable:    1350444 kB
Buffers:            1036 kB
Cached:          1175508 kB
SwapCached:        97996 kB
Active:          5124840 kB
Inactive:         165488 kB
Active(anon):    4025980 kB
Inactive(anon):   106112 kB
Active(file):    1098860 kB
Inactive(file):    59376 kB
Unevictable:        6340 kB
Mlocked:            5900 kB
SwapTotal:       4718584 kB
SwapFree:        3934984 kB
Dirty:               560 kB
Writeback:             0 kB
AnonPages:       4050744 kB
Mapped:           653412 kB
Shmem:             13700 kB
KReclaimable:     394136 kB
Slab:             311248 kB
SReclaimable:      81440 kB
SUnreclaim:       229808 kB
KernelStack:       48528 kB
ShadowCallStack:   12164 kB
PageTables:        78592 kB
NFS_Unstable:          0 kB
Bounce:                0 kB
WritebackTmp:          0 kB
CommitLimit:     8677876 kB
Committed_AS:   72572256 kB
VmallocTotal:   263061440 kB
VmallocUsed:      131172 kB
VmallocChunk:          0 kB
Percpu:             2448 kB
CmaTotal:         405504 kB
CmaFree:              76 kB
MemTotal:        7918588 kB
MemFree:          186572 kB
MemAvailable:    1303052 kB
Buffers:             668 kB
Cached:          1146796 kB
SwapCached:        97932 kB
Active:          5223100 kB
Inactive:          80588 kB
Active(anon):    4112352 kB
Inactive(anon):    62120 kB
Active(file):    1110748 kB
Inactive(file):    18468 kB
Unevictable:        6340 kB
Mlocked:            5900 kB
SwapTotal:       4718584 kB
SwapFree:        3927560 kB
Dirty:               644 kB
Writeback:             0 kB
AnonPages:       4093320 kB
Mapped:           647376 kB
Shmem:             13528 kB
KReclaimable:     377488 kB
Slab:             311300 kB
SReclaimable:      81424 kB
SUnreclaim:       229876 kB
KernelStack:       48496 kB
ShadowCallStack:   12148 kB
PageTables:        78528 kB
NFS_Unstable:          0 kB
Bounce:                0 kB
WritebackTmp:          0 kB
CommitLimit:     8677876 kB
Committed_AS:   72670560 kB
VmallocTotal:   263061440 kB
VmallocUsed:      131220 kB
VmallocChunk:          0 kB
Percpu:             2448 kB
CmaTotal:         405504 kB
CmaFree:               0 kB
MemTotal:        7918588 kB
MemFree:          188424 kB
MemAvailable:    1279632 kB
Buffers:             652 kB
Cached:          1138428 kB
SwapCached:        89428 kB
Active:           560628 kB
Inactive:        4758384 kB
Active(anon):     503516 kB
Inactive(anon):  3694408 kB
Active(file):      57112 kB
Inactive(file):  1063976 kB
Unevictable:        6344 kB
Mlocked:            5904 kB
SwapTotal:       4718584 kB
SwapFree:        3924744 kB
Dirty:               652 kB
Writeback:             4 kB
AnonPages:       4124544 kB
Mapped:           643864 kB
Shmem:             13200 kB
KReclaimable:     360344 kB
Slab:             311392 kB
SReclaimable:      81416 kB
SUnreclaim:       229976 kB
KernelStack:       48480 kB
ShadowCallStack:   12168 kB
PageTables:        78932 kB
NFS_Unstable:          0 kB
Bounce:                0 kB
WritebackTmp:          0 kB
CommitLimit:     8677876 kB
Committed_AS:   72752384 kB
VmallocTotal:   263061440 kB
VmallocUsed:      131184 kB
VmallocChunk:          0 kB
Percpu:             2448 kB
CmaTotal:         405504 kB
CmaFree:               0 kB
MemTotal:        7918588 kB
MemFree:          186964 kB
MemAvailable:    1127764 kB
Buffers:             800 kB
Cached:          1123084 kB
SwapCached:        23756 kB
Active:          2650688 kB
Inactive:        2770612 kB
Active(anon):    2546744 kB
Inactive(anon):  1767932 kB
Active(file):     103944 kB
Inactive(file):  1002680 kB
Unevictable:        6344 kB
Mlocked:            5904 kB
SwapTotal:       4718584 kB
SwapFree:        2984712 kB
Dirty:                52 kB
Writeback:             0 kB
AnonPages:       4303572 kB
Mapped:           628152 kB
Shmem:             12648 kB
KReclaimable:     206280 kB
Slab:             311752 kB
SReclaimable:      81320 kB
SUnreclaim:       230432 kB
KernelStack:       48048 kB
ShadowCallStack:   12052 kB
PageTables:        83640 kB
NFS_Unstable:          0 kB
Bounce:                0 kB
WritebackTmp:          0 kB
CommitLimit:     8677876 kB
Committed_AS:   75221936 kB
VmallocTotal:   263061440 kB
VmallocUsed:      130596 kB
VmallocChunk:          0 kB
Percpu:             2448 kB
CmaTotal:         405504 kB
CmaFree:               0 kB
MemTotal:        7918588 kB
MemFree:          186980 kB
MemAvailable:    1126880 kB
Buffers:             800 kB
Cached:          1123084 kB
SwapCached:        23756 kB
Active:          2703144 kB
Inactive:        2718668 kB
Active(anon):    2599200 kB
Inactive(anon):  1715988 kB
Active(file):     103944 kB
Inactive(file):  1002680 kB
Unevictable:        6344 kB
Mlocked:            5904 kB
SwapTotal:       4718584 kB
SwapFree:        2935816 kB
Dirty:                52 kB
Writeback:             0 kB
AnonPages:       4303760 kB
Mapped:           628428 kB
Shmem:             12648 kB
KReclaimable:     204480 kB
Slab:             311724 kB
SReclaimable:      81320 kB
SUnreclaim:       230404 kB
KernelStack:       48112 kB
ShadowCallStack:   12048 kB
PageTables:        83516 kB
NFS_Unstable:          0 kB
Bounce:                0 kB
WritebackTmp:          0 kB
CommitLimit:     8677876 kB
Committed_AS:   75336620 kB
VmallocTotal:   263061440 kB
VmallocUsed:      130608 kB
VmallocChunk:          0 kB
Percpu:             2448 kB
CmaTotal:         405504 kB
CmaFree:               0 kB
MemTotal:        7918588 kB
MemFree:          187216 kB
MemAvailable:    1125836 kB
Buffers:             800 kB
Cached:          1123092 kB
SwapCached:        23760 kB
Active:          2758336 kB
Inactive:        2663968 kB
Active(anon):    2654392 kB
Inactive(anon):  1661288 kB
Active(file):     103944 kB
Inactive(file):  1002680 kB
Unevictable:        6344 kB
Mlocked:            5904 kB
SwapTotal:       4718584 kB
SwapFree:        2883592 kB
Dirty:                52 kB
Writeback:             0 kB
AnonPages:       4304432 kB
Mapped:           628720 kB
Shmem:             12656 kB
KReclaimable:     201920 kB
Slab:             311876 kB
SReclaimable:      81320 kB
SUnreclaim:       230556 kB
KernelStack:       48096 kB
ShadowCallStack:   12056 kB
PageTables:        84100 kB
NFS_Unstable:          0 kB
Bounce:                0 kB
WritebackTmp:          0 kB
CommitLimit:     8677876 kB
Committed_AS:   75418544 kB
VmallocTotal:   263061440 kB
VmallocUsed:      130648 kB
VmallocChunk:          0 kB
Percpu:             2448 kB
CmaTotal:         405504 kB
CmaFree:               0 kB
MemTotal:        7918588 kB
MemFree:          187772 kB
MemAvailable:    1125016 kB
Buffers:             808 kB
Cached:          1123072 kB
SwapCached:        23764 kB
Active:          2826820 kB
Inactive:        2594332 kB
Active(anon):    2722876 kB
Inactive(anon):  1591652 kB
Active(file):     103944 kB
Inactive(file):  1002680 kB
Unevictable:        6344 kB
Mlocked:            5904 kB
SwapTotal:       4718584 kB
SwapFree:        2817032 kB
Dirty:                52 kB
Writeback:             0 kB
AnonPages:       4303248 kB
Mapped:           629160 kB
Shmem:             12656 kB
KReclaimable:     199168 kB
Slab:             311832 kB
SReclaimable:      81320 kB
SUnreclaim:       230512 kB
KernelStack:       48096 kB
ShadowCallStack:   12060 kB
PageTables:        84304 kB
NFS_Unstable:          0 kB
Bounce:                0 kB
WritebackTmp:          0 kB
CommitLimit:     8677876 kB
Committed_AS:   75549616 kB
VmallocTotal:   263061440 kB
VmallocUsed:      130644 kB
VmallocChunk:          0 kB
Percpu:             2448 kB
CmaTotal:         405504 kB
CmaFree:               0 kB
MemTotal:        7918588 kB
MemFree:          186236 kB
MemAvailable:    1123444 kB
Buffers:             808 kB
Cached:          1124052 kB
SwapCached:        23760 kB
Active:          2882812 kB
Inactive:        2538968 kB
Active(anon):    2777916 kB
Inactive(anon):  1536272 kB
Active(file):     104896 kB
Inactive(file):  1002696 kB
Unevictable:        6344 kB
Mlocked:            5904 kB
SwapTotal:       4718584 kB
SwapFree:        2764040 kB
Dirty:                32 kB
Writeback:             0 kB
AnonPages:       4302816 kB
Mapped:           629564 kB
Shmem:             12660 kB
KReclaimable:     197160 kB
Slab:             311944 kB
SReclaimable:      81320 kB
SUnreclaim:       230624 kB
KernelStack:       48112 kB
ShadowCallStack:   12048 kB
PageTables:        84628 kB
NFS_Unstable:          0 kB
Bounce:                0 kB
WritebackTmp:          0 kB
CommitLimit:     8677876 kB
Committed_AS:   75664308 kB
VmallocTotal:   263061440 kB
VmallocUsed:      130652 kB
VmallocChunk:          0 kB
Percpu:             2448 kB
CmaTotal:         405504 kB
CmaFree:               0 kB
MemTotal:        7918588 kB
MemFree:          237488 kB
MemAvailable:    1132012 kB
Buffers:             808 kB
Cached:          1124084 kB
SwapCached:        23764 kB
Active:          2973232 kB
Inactive:        2358424 kB
Active(anon):    2868336 kB
Inactive(anon):  1355728 kB
Active(file):     104896 kB
Inactive(file):  1002696 kB
Unevictable:        6344 kB
Mlocked:            5904 kB
SwapTotal:       4718584 kB
SwapFree:        2592520 kB
Dirty:                44 kB
Writeback:             0 kB
AnonPages:       4212768 kB
Mapped:           630276 kB
Shmem:             12692 kB
KReclaimable:     111792 kB
Slab:             312148 kB
SReclaimable:      81336 kB
SUnreclaim:       230812 kB
KernelStack:       48176 kB
ShadowCallStack:   12080 kB
PageTables:        84548 kB
NFS_Unstable:          0 kB
Bounce:                0 kB
WritebackTmp:          0 kB
CommitLimit:     8677876 kB
Committed_AS:   75730248 kB
VmallocTotal:   263061440 kB
VmallocUsed:      130784 kB
VmallocChunk:          0 kB
Percpu:             2448 kB
CmaTotal:         405504 kB
CmaFree:               0 kB
MemTotal:        7918588 kB
MemFree:          188884 kB
MemAvailable:    1082804 kB
Buffers:             808 kB
Cached:          1124224 kB
SwapCached:        23760 kB
Active:          3034356 kB
Inactive:        2346232 kB
Active(anon):    2929460 kB
Inactive(anon):  1343532 kB
Active(file):     104896 kB
Inactive(file):  1002700 kB
Unevictable:        6344 kB
Mlocked:            5904 kB
SwapTotal:       4718584 kB
SwapFree:        2582024 kB
Dirty:                44 kB
Writeback:             0 kB
AnonPages:       4261420 kB
Mapped:           631128 kB
Shmem:             12824 kB
KReclaimable:     110576 kB
Slab:             312248 kB
SReclaimable:      81368 kB
SUnreclaim:       230880 kB
KernelStack:       48240 kB
ShadowCallStack:   12084 kB
PageTables:        85164 kB
NFS_Unstable:          0 kB
Bounce:                0 kB
WritebackTmp:          0 kB
CommitLimit:     8677876 kB
Committed_AS:   75828552 kB
VmallocTotal:   263061440 kB
VmallocUsed:      130812 kB
VmallocChunk:          0 kB
Percpu:             2448 kB
CmaTotal:         405504 kB
CmaFree:               0 kB
MemTotal:        7918588 kB
MemFree:          187116 kB
MemAvailable:    1141676 kB
Buffers:             812 kB
Cached:          1124072 kB
SwapCached:        23760 kB
Active:          3040612 kB
Inactive:        2340284 kB
Active(anon):    2935704 kB
Inactive(anon):  1337584 kB
Active(file):     104908 kB
Inactive(file):  1002700 kB
Unevictable:        6344 kB
Mlocked:            5904 kB
SwapTotal:       4718584 kB
SwapFree:        2576392 kB
Dirty:                44 kB
Writeback:             0 kB
AnonPages:       4261960 kB
Mapped:           630244 kB
Shmem:             12664 kB
KReclaimable:     231832 kB
Slab:             312172 kB
SReclaimable:      81384 kB
SUnreclaim:       230788 kB
KernelStack:       48080 kB
ShadowCallStack:   12068 kB
PageTables:        84892 kB
NFS_Unstable:          0 kB
Bounce:                0 kB
WritebackTmp:          0 kB
CommitLimit:     8677876 kB
Committed_AS:   75910072 kB
VmallocTotal:   263061440 kB
VmallocUsed:      130648 kB
VmallocChunk:          0 kB
Percpu:             2448 kB
CmaTotal:         405504 kB
CmaFree:               0 kB
MemTotal:        7918588 kB
MemFree:          189472 kB
MemAvailable:    1142284 kB
Buffers:             836 kB
Cached:          1124072 kB
SwapCached:        23760 kB
Active:          2934600 kB
Inactive:        2445228 kB
Active(anon):    2812800 kB
Inactive(anon):  1459396 kB
Active(file):     121800 kB
Inactive(file):   985832 kB
Unevictable:        6344 kB
Mlocked:            5904 kB
SwapTotal:       4718584 kB
SwapFree:        2508808 kB
Dirty:                92 kB
Writeback:             0 kB
AnonPages:       4260828 kB
Mapped:           630876 kB
Shmem:             12664 kB
KReclaimable:     228288 kB
Slab:             312300 kB
SReclaimable:      81464 kB
SUnreclaim:       230836 kB
KernelStack:       48112 kB
ShadowCallStack:   12056 kB
PageTables:        85472 kB
NFS_Unstable:          0 kB
Bounce:                0 kB
WritebackTmp:          0 kB
CommitLimit:     8677876 kB
Committed_AS:   76041148 kB
VmallocTotal:   263061440 kB
VmallocUsed:      130664 kB
VmallocChunk:          0 kB
Percpu:             2448 kB
CmaTotal:         405504 kB
CmaFree:               0 kB
MemTotal:        7918588 kB
MemFree:          190124 kB
MemAvailable:    1141724 kB
Buffers:             836 kB
Cached:          1124616 kB
SwapCached:        23760 kB
Active:          3000616 kB
Inactive:        2379916 kB
Active(anon):    2878268 kB
Inactive(anon):  1394076 kB
Active(file):     122348 kB
Inactive(file):   985840 kB
Unevictable:        6344 kB
Mlocked:            5904 kB
SwapTotal:       4718584 kB
SwapFree:        2446856 kB
Dirty:                28 kB
Writeback:             0 kB
AnonPages:       4261024 kB
Mapped:           631040 kB
Shmem:             12664 kB
KReclaimable:     224752 kB
Slab:             312424 kB
SReclaimable:      81656 kB
SUnreclaim:       230768 kB
KernelStack:       48064 kB
ShadowCallStack:   12036 kB
PageTables:        85300 kB
NFS_Unstable:          0 kB
Bounce:                0 kB
WritebackTmp:          0 kB
CommitLimit:     8677876 kB
Committed_AS:   76155832 kB
VmallocTotal:   263061440 kB
VmallocUsed:      130648 kB
VmallocChunk:          0 kB
Percpu:             2448 kB
CmaTotal:         405504 kB
CmaFree:               0 kB
MemTotal:        7918588 kB
MemFree:          186192 kB
MemAvailable:    1136936 kB
Buffers:             836 kB
Cached:          1124628 kB
SwapCached:        23760 kB
Active:          3048480 kB
Inactive:        2335916 kB
Active(anon):    2926132 kB
Inactive(anon):  1350076 kB
Active(file):     122348 kB
Inactive(file):   985840 kB
Unevictable:        6344 kB
Mlocked:            5904 kB
SwapTotal:       4718584 kB
SwapFree:        2406920 kB
Dirty:                28 kB
Writeback:             0 kB
AnonPages:       4264984 kB
Mapped:           631232 kB
Shmem:             12664 kB
KReclaimable:     223040 kB
Slab:             312632 kB
SReclaimable:      81816 kB
SUnreclaim:       230816 kB
KernelStack:       48096 kB
ShadowCallStack:   12064 kB
PageTables:        85736 kB
NFS_Unstable:          0 kB
Bounce:                0 kB
WritebackTmp:          0 kB
CommitLimit:     8677876 kB
Committed_AS:   76221372 kB
VmallocTotal:   263061440 kB
VmallocUsed:      130668 kB
VmallocChunk:          0 kB
Percpu:             2448 kB
CmaTotal:         405504 kB
CmaFree:               0 kB
MemTotal:        7918588 kB
MemFree:          282344 kB
MemAvailable:    1228272 kB
Buffers:             844 kB
Cached:          1124548 kB
SwapCached:        23664 kB
Active:          3138540 kB
Inactive:        2151988 kB
Active(anon):    3016192 kB
Inactive(anon):  1166148 kB
Active(file):     122348 kB
Inactive(file):   985840 kB
Unevictable:        6344 kB
Mlocked:            5904 kB
SwapTotal:       4718584 kB
SwapFree:        2249224 kB
Dirty:                28 kB
Writeback:             0 kB
AnonPages:       4171100 kB
Mapped:           631784 kB
Shmem:             12592 kB
KReclaimable:     213408 kB
Slab:             312928 kB
SReclaimable:      82200 kB
SUnreclaim:       230728 kB
KernelStack:       48064 kB
ShadowCallStack:   12048 kB
PageTables:        85444 kB
NFS_Unstable:          0 kB
Bounce:                0 kB
WritebackTmp:          0 kB
CommitLimit:     8677876 kB
Committed_AS:   76352440 kB
VmallocTotal:   263061440 kB
VmallocUsed:      130632 kB
VmallocChunk:          0 kB
Percpu:             2448 kB
CmaTotal:         405504 kB
CmaFree:           95544 kB
MemTotal:        7918588 kB
MemFree:          302856 kB
MemAvailable:    1247080 kB
Buffers:             844 kB
Cached:          1124556 kB
SwapCached:        23664 kB
Active:          3203428 kB
Inactive:        2070564 kB
Active(anon):    3081080 kB
Inactive(anon):  1084716 kB
Active(file):     122348 kB
Inactive(file):   985848 kB
Unevictable:        6344 kB
Mlocked:            5904 kB
SwapTotal:       4718584 kB
SwapFree:        2169352 kB
Dirty:                96 kB
Writeback:             0 kB
AnonPages:       4154264 kB
Mapped:           632172 kB
Shmem:             12592 kB
KReclaimable:     209984 kB
Slab:             313268 kB
SReclaimable:      82392 kB
SUnreclaim:       230876 kB
KernelStack:       48112 kB
ShadowCallStack:   12068 kB
PageTables:        86340 kB
NFS_Unstable:          0 kB
Bounce:                0 kB
WritebackTmp:          0 kB
CommitLimit:     8677876 kB
Committed_AS:   76467128 kB
VmallocTotal:   263061440 kB
VmallocUsed:      130668 kB
VmallocChunk:          0 kB
Percpu:             2448 kB
CmaTotal:         405504 kB
CmaFree:          116804 kB
MemTotal:        7918588 kB
MemFree:          411928 kB
MemAvailable:    1352792 kB
Buffers:             852 kB
Cached:          1124572 kB
SwapCached:        23668 kB
Active:          3257356 kB
Inactive:        1913572 kB
Active(anon):    3135008 kB
Inactive(anon):   927716 kB
Active(file):     122348 kB
Inactive(file):   985856 kB
Unevictable:        6344 kB
Mlocked:            5904 kB
SwapTotal:       4718584 kB
SwapFree:        2018056 kB
Dirty:               144 kB
Writeback:             0 kB
AnonPages:       4051480 kB
Mapped:           632260 kB
Shmem:             12608 kB
KReclaimable:     203248 kB
Slab:             313544 kB
SReclaimable:      82728 kB
SUnreclaim:       230816 kB
KernelStack:       48112 kB
ShadowCallStack:   12056 kB
PageTables:        86132 kB
NFS_Unstable:          0 kB
Bounce:                0 kB
WritebackTmp:          0 kB
CommitLimit:     8677876 kB
Committed_AS:   76573640 kB
VmallocTotal:   263061440 kB
VmallocUsed:      130668 kB
VmallocChunk:          0 kB
Percpu:             2448 kB
CmaTotal:         405504 kB
CmaFree:          165252 kB
MemTotal:        7918588 kB
MemFree:          345640 kB
MemAvailable:    1286176 kB
Buffers:             852 kB
Cached:          1124592 kB
SwapCached:        23668 kB
Active:          3322760 kB
Inactive:        1913576 kB
Active(anon):    3200404 kB
Inactive(anon):   927712 kB
Active(file):     122356 kB
Inactive(file):   985864 kB
Unevictable:        6344 kB
Mlocked:            5904 kB
SwapTotal:       4718584 kB
SwapFree:        2018056 kB
Dirty:               168 kB
Writeback:             0 kB
AnonPages:       4116836 kB
Mapped:           632576 kB
Shmem:             12612 kB
KReclaimable:     202560 kB
Slab:             313636 kB
SReclaimable:      82712 kB
SUnreclaim:       230924 kB
KernelStack:       48128 kB
ShadowCallStack:   12064 kB
PageTables:        86512 kB
NFS_Unstable:          0 kB
Bounce:                0 kB
WritebackTmp:          0 kB
CommitLimit:     8677876 kB
Committed_AS:   76688332 kB
VmallocTotal:   263061440 kB
VmallocUsed:      130668 kB
VmallocChunk:          0 kB
Percpu:             2448 kB
CmaTotal:         405504 kB
CmaFree:           99880 kB
MemTotal:        7918588 kB
MemFree:          289948 kB
MemAvailable:    1230344 kB
Buffers:             852 kB
Cached:          1124664 kB
SwapCached:        23668 kB
Active:          3378152 kB
Inactive:        1913608 kB
Active(anon):    3255796 kB
Inactive(anon):   927676 kB
Active(file):     122356 kB
Inactive(file):   985932 kB
Unevictable:        6344 kB
Mlocked:            5904 kB
SwapTotal:       4718584 kB
SwapFree:        2019080 kB
Dirty:               256 kB
Writeback:             0 kB
AnonPages:       4172212 kB
Mapped:           632996 kB
Shmem:             12616 kB
KReclaimable:     202144 kB
Slab:             313724 kB
SReclaimable:      82744 kB
SUnreclaim:       230980 kB
KernelStack:       48112 kB
ShadowCallStack:   12060 kB
PageTables:        86644 kB
NFS_Unstable:          0 kB
Bounce:                0 kB
WritebackTmp:          0 kB
CommitLimit:     8677876 kB
Committed_AS:   76770260 kB
VmallocTotal:   263061440 kB
VmallocUsed:      130680 kB
VmallocChunk:          0 kB
Percpu:             2448 kB
CmaTotal:         405504 kB
CmaFree:           44768 kB
MemTotal:        7918588 kB
MemFree:          230060 kB
MemAvailable:    1170252 kB
Buffers:             852 kB
Cached:          1124716 kB
SwapCached:        23668 kB
Active:          3438328 kB
Inactive:        1913660 kB
Active(anon):    3315972 kB
Inactive(anon):   927676 kB
Active(file):     122356 kB
Inactive(file):   985984 kB
Unevictable:        6344 kB
Mlocked:            5904 kB
SwapTotal:       4718584 kB
SwapFree:        2019336 kB
Dirty:               308 kB
Writeback:             0 kB
AnonPages:       4232260 kB
Mapped:           633304 kB
Shmem:             12616 kB
KReclaimable:     201632 kB
Slab:             313700 kB
SReclaimable:      82744 kB
SUnreclaim:       230956 kB
KernelStack:       48096 kB
ShadowCallStack:   12048 kB
PageTables:        86780 kB
NFS_Unstable:          0 kB
Bounce:                0 kB
WritebackTmp:          0 kB
CommitLimit:     8677876 kB
Committed_AS:   76868564 kB
VmallocTotal:   263061440 kB
VmallocUsed:      130668 kB
VmallocChunk:          0 kB
Percpu:             2448 kB
CmaTotal:         405504 kB
CmaFree:               0 kB
MemTotal:        7918588 kB
MemFree:          183508 kB
MemAvailable:    1123440 kB
Buffers:             852 kB
Cached:          1125020 kB
SwapCached:        23668 kB
Active:          3507408 kB
Inactive:        1891696 kB
Active(anon):    3384756 kB
Inactive(anon):   905712 kB
Active(file):     122652 kB
Inactive(file):   985984 kB
Unevictable:        6344 kB
Mlocked:            5904 kB
SwapTotal:       4718584 kB
SwapFree:        1998600 kB
Dirty:               308 kB
Writeback:             4 kB
AnonPages:       4279356 kB
Mapped:           633880 kB
Shmem:             12616 kB
KReclaimable:     200520 kB
Slab:             313844 kB
SReclaimable:      82744 kB
SUnreclaim:       231100 kB
KernelStack:       48144 kB
ShadowCallStack:   12052 kB
PageTables:        87244 kB
NFS_Unstable:          0 kB
Bounce:                0 kB
WritebackTmp:          0 kB
CommitLimit:     8677876 kB
Committed_AS:   76999636 kB
VmallocTotal:   263061440 kB
VmallocUsed:      130668 kB
VmallocChunk:          0 kB
Percpu:             2448 kB
CmaTotal:         405504 kB
CmaFree:               0 kB
MemTotal:        7918588 kB
MemFree:          177176 kB
MemAvailable:    1116508 kB
Buffers:             876 kB
Cached:          1125012 kB
SwapCached:        23668 kB
Active:          3552696 kB
Inactive:        1854216 kB
Active(anon):    3430044 kB
Inactive(anon):   868208 kB
Active(file):     122652 kB
Inactive(file):   986008 kB
Unevictable:        6344 kB
Mlocked:            5904 kB
SwapTotal:       4718584 kB
SwapFree:        1961736 kB
Dirty:                96 kB
Writeback:             0 kB
AnonPages:       4287104 kB
Mapped:           633924 kB
Shmem:             12616 kB
KReclaimable:     199272 kB
Slab:             313796 kB
SReclaimable:      82856 kB
SUnreclaim:       230940 kB
KernelStack:       48112 kB
ShadowCallStack:   12060 kB
PageTables:        87392 kB
NFS_Unstable:          0 kB
Bounce:                0 kB
WritebackTmp:          0 kB
CommitLimit:     8677876 kB
Committed_AS:   77065172 kB
VmallocTotal:   263061440 kB
VmallocUsed:      130700 kB
VmallocChunk:          0 kB
Percpu:             2448 kB
CmaTotal:         405504 kB
CmaFree:               0 kB
MemTotal:        7918588 kB
MemFree:          171964 kB
MemAvailable:    1110284 kB
Buffers:             876 kB
Cached:          1125232 kB
SwapCached:        23672 kB
Active:          3613456 kB
Inactive:        1797784 kB
Active(anon):    3490576 kB
Inactive(anon):   811768 kB
Active(file):     122880 kB
Inactive(file):   986016 kB
Unevictable:        6344 kB
Mlocked:            5904 kB
SwapTotal:       4718584 kB
SwapFree:        1907464 kB
Dirty:               120 kB
Writeback:             0 kB
AnonPages:       4291004 kB
Mapped:           634288 kB
Shmem:             12616 kB
KReclaimable:     196776 kB
Slab:             313976 kB
SReclaimable:      82984 kB
SUnreclaim:       230992 kB
KernelStack:       48080 kB
ShadowCallStack:   12052 kB
PageTables:        87164 kB
NFS_Unstable:          0 kB
Bounce:                0 kB
WritebackTmp:          0 kB
CommitLimit:     8677876 kB
Committed_AS:   77163472 kB
VmallocTotal:   263061440 kB
VmallocUsed:      130652 kB
VmallocChunk:          0 kB
Percpu:             2448 kB
CmaTotal:         405504 kB
CmaFree:               0 kB
MemTotal:        7918588 kB
MemFree:          163688 kB
MemAvailable:    1100784 kB
Buffers:             876 kB
Cached:          1125256 kB
SwapCached:        23672 kB
Active:          3689656 kB
Inactive:        1731412 kB
Active(anon):    3566776 kB
Inactive(anon):   745396 kB
Active(file):     122880 kB
Inactive(file):   986016 kB
Unevictable:        6344 kB
Mlocked:            5904 kB
SwapTotal:       4718584 kB
SwapFree:        1844744 kB
Dirty:               120 kB
Writeback:            12 kB
AnonPages:       4300848 kB
Mapped:           634804 kB
Shmem:             12616 kB
KReclaimable:     194328 kB
Slab:             314120 kB
SReclaimable:      83016 kB
SUnreclaim:       231104 kB
KernelStack:       48160 kB
ShadowCallStack:   12060 kB
PageTables:        87964 kB
NFS_Unstable:          0 kB
Bounce:                0 kB
WritebackTmp:          0 kB
CommitLimit:     8677876 kB
Committed_AS:   77278160 kB
VmallocTotal:   263061440 kB
VmallocUsed:      130652 kB
VmallocChunk:          0 kB
Percpu:             2448 kB
CmaTotal:         405504 kB
CmaFree:               0 kB
MemTotal:        7918588 kB
MemFree:          157964 kB
MemAvailable:    1094332 kB
Buffers:             876 kB
Cached:          1125252 kB
SwapCached:        23672 kB
Active:          3736584 kB
Inactive:        1691764 kB
Active(anon):    3613704 kB
Inactive(anon):   705744 kB
Active(file):     122880 kB
Inactive(file):   986020 kB
Unevictable:        6344 kB
Mlocked:            5904 kB
SwapTotal:       4718584 kB
SwapFree:        1806088 kB
Dirty:               144 kB
Writeback:             4 kB
AnonPages:       4308212 kB
Mapped:           634920 kB
Shmem:             12616 kB
KReclaimable:     192864 kB
Slab:             314168 kB
SReclaimable:      83128 kB
SUnreclaim:       231040 kB
KernelStack:       48080 kB
ShadowCallStack:   12056 kB
PageTables:        87712 kB
NFS_Unstable:          0 kB
Bounce:                0 kB
WritebackTmp:          0 kB
CommitLimit:     8677876 kB
Committed_AS:   77360084 kB
VmallocTotal:   263061440 kB
VmallocUsed:      130668 kB
VmallocChunk:          0 kB
Percpu:             2448 kB
CmaTotal:         405504 kB
CmaFree:               0 kB
MemTotal:        7918588 kB
MemFree:          145628 kB
MemAvailable:    1076960 kB
Buffers:             876 kB
Cached:          1125532 kB
SwapCached:        23676 kB
Active:          3809808 kB
Inactive:        1631412 kB
Active(anon):    3686928 kB
Inactive(anon):   645112 kB
Active(file):     122880 kB
Inactive(file):   986300 kB
Unevictable:        6344 kB
Mlocked:            5904 kB
SwapTotal:       4718584 kB
SwapFree:        1747720 kB
Dirty:               220 kB
Writeback:             4 kB
AnonPages:       4320772 kB
Mapped:           635316 kB
Shmem:             12616 kB
KReclaimable:     190424 kB
Slab:             314400 kB
SReclaimable:      83240 kB
SUnreclaim:       231160 kB
KernelStack:       48112 kB
ShadowCallStack:   12060 kB
PageTables:        88532 kB
NFS_Unstable:          0 kB
Bounce:                0 kB
WritebackTmp:          0 kB
CommitLimit:     8677876 kB
Committed_AS:   77474768 kB
VmallocTotal:   263061440 kB
VmallocUsed:      130668 kB
VmallocChunk:          0 kB
Percpu:             2448 kB
CmaTotal:         405504 kB
CmaFree:               0 kB
MemTotal:        7918588 kB
MemFree:          135716 kB
MemAvailable:    1070324 kB
Buffers:             876 kB
Cached:          1125520 kB
SwapCached:        23672 kB
Active:          3880680 kB
Inactive:        1572228 kB
Active(anon):    3757800 kB
Inactive(anon):   585924 kB
Active(file):     122880 kB
Inactive(file):   986304 kB
Unevictable:        6344 kB
Mlocked:            5904 kB
SwapTotal:       4718584 kB
SwapFree:        1690120 kB
Dirty:               224 kB
Writeback:             0 kB
AnonPages:       4332596 kB
Mapped:           635648 kB
Shmem:             12616 kB
KReclaimable:     188776 kB
Slab:             314408 kB
SReclaimable:      83384 kB
SUnreclaim:       231024 kB
KernelStack:       48080 kB
ShadowCallStack:   12052 kB
PageTables:        88016 kB
NFS_Unstable:          0 kB
Bounce:                0 kB
WritebackTmp:          0 kB
CommitLimit:     8677876 kB
Committed_AS:   77605840 kB
VmallocTotal:   263061440 kB
VmallocUsed:      130668 kB
VmallocChunk:          0 kB
Percpu:             2448 kB
CmaTotal:         405504 kB
CmaFree:               0 kB
MemTotal:        7918588 kB
MemFree:          127940 kB
MemAvailable:    1061852 kB
Buffers:             884 kB
Cached:          1125544 kB
SwapCached:        23672 kB
Active:          3932004 kB
Inactive:        1529700 kB
Active(anon):    3809124 kB
Inactive(anon):   543380 kB
Active(file):     122880 kB
Inactive(file):   986320 kB
Unevictable:        6344 kB
Mlocked:            5904 kB
SwapTotal:       4718584 kB
SwapFree:        1648136 kB
Dirty:                96 kB
Writeback:             0 kB
AnonPages:       4341468 kB
Mapped:           635868 kB
Shmem:             12616 kB
KReclaimable:     187352 kB
Slab:             314632 kB
SReclaimable:      83496 kB
SUnreclaim:       231136 kB
KernelStack:       48112 kB
ShadowCallStack:   12060 kB
PageTables:        88508 kB
NFS_Unstable:          0 kB
Bounce:                0 kB
WritebackTmp:          0 kB
CommitLimit:     8677876 kB
Committed_AS:   77687760 kB
VmallocTotal:   263061440 kB
VmallocUsed:      130668 kB
VmallocChunk:          0 kB
Percpu:             2448 kB
CmaTotal:         405504 kB
CmaFree:               0 kB
MemTotal:        7918588 kB
MemFree:          122220 kB
MemAvailable:    1055996 kB
Buffers:             884 kB
Cached:          1126084 kB
SwapCached:        23672 kB
Active:          3993360 kB
Inactive:        1473708 kB
Active(anon):    3869964 kB
Inactive(anon):   487376 kB
Active(file):     123396 kB
Inactive(file):   986332 kB
Unevictable:        6344 kB
Mlocked:            5904 kB
SwapTotal:       4718584 kB
SwapFree:        1594120 kB
Dirty:               100 kB
Writeback:             4 kB
AnonPages:       4345824 kB
Mapped:           635956 kB
Shmem:             12624 kB
KReclaimable:     186024 kB
Slab:             314676 kB
SReclaimable:      83576 kB
SUnreclaim:       231100 kB
KernelStack:       48080 kB
ShadowCallStack:   12052 kB
PageTables:        88704 kB
NFS_Unstable:          0 kB
Bounce:                0 kB
WritebackTmp:          0 kB
CommitLimit:     8677876 kB
Committed_AS:   77786064 kB
VmallocTotal:   263061440 kB
VmallocUsed:      130668 kB
VmallocChunk:          0 kB
Percpu:             2448 kB
CmaTotal:         405504 kB
CmaFree:               0 kB
MemTotal:        7918588 kB
MemFree:          114024 kB
MemAvailable:    1047108 kB
Buffers:             892 kB
Cached:          1126152 kB
SwapCached:        23672 kB
Active:          4055560 kB
Inactive:        1420172 kB
Active(anon):    3932104 kB
Inactive(anon):   433824 kB
Active(file):     123456 kB
Inactive(file):   986348 kB
Unevictable:        6344 kB
Mlocked:            5904 kB
SwapTotal:       4718584 kB
SwapFree:        1544248 kB
Dirty:               136 kB
Writeback:             0 kB
AnonPages:       4354664 kB
Mapped:           636628 kB
Shmem:             12628 kB
KReclaimable:     184488 kB
Slab:             314860 kB
SReclaimable:      83704 kB
SUnreclaim:       231156 kB
KernelStack:       48112 kB
ShadowCallStack:   12060 kB
PageTables:        88980 kB
NFS_Unstable:          0 kB
Bounce:                0 kB
WritebackTmp:          0 kB
CommitLimit:     8677876 kB
Committed_AS:   77884372 kB
VmallocTotal:   263061440 kB
VmallocUsed:      130680 kB
VmallocChunk:          0 kB
Percpu:             2448 kB
CmaTotal:         405504 kB
CmaFree:               0 kB
MemTotal:        7918588 kB
MemFree:           97352 kB
MemAvailable:     981236 kB
Buffers:             892 kB
Cached:          1126248 kB
SwapCached:        23672 kB
Active:          4148428 kB
Inactive:        1301372 kB
Active(anon):    4024972 kB
Inactive(anon):   315024 kB
Active(file):     123456 kB
Inactive(file):   986348 kB
Unevictable:        6344 kB
Mlocked:            5904 kB
SwapTotal:       4718584 kB
SwapFree:        1427688 kB
Dirty:               136 kB
Writeback:             4 kB
AnonPages:       4328404 kB
Mapped:           637704 kB
Shmem:             12732 kB
KReclaimable:     102472 kB
Slab:             315312 kB
SReclaimable:      83800 kB
SUnreclaim:       231512 kB
KernelStack:       48192 kB
ShadowCallStack:   12096 kB
PageTables:        89404 kB
NFS_Unstable:          0 kB
Bounce:                0 kB
WritebackTmp:          0 kB
CommitLimit:     8677876 kB
Committed_AS:   77983072 kB
VmallocTotal:   263061440 kB
VmallocUsed:      130840 kB
VmallocChunk:          0 kB
Percpu:             2448 kB
CmaTotal:         405504 kB
CmaFree:               0 kB
MemTotal:        7918588 kB
MemFree:          108312 kB
MemAvailable:    1070936 kB
Buffers:             892 kB
Cached:          1136704 kB
SwapCached:        23652 kB
Active:          4185144 kB
Inactive:        1246488 kB
Active(anon):    4051144 kB
Inactive(anon):   260140 kB
Active(file):     134000 kB
Inactive(file):   986348 kB
Unevictable:        6344 kB
Mlocked:            5904 kB
SwapTotal:       4718584 kB
SwapFree:        1375464 kB
Dirty:               136 kB
Writeback:             0 kB
AnonPages:       4300120 kB
Mapped:           641272 kB
Shmem:             12636 kB
KReclaimable:     230672 kB
Slab:             315288 kB
SReclaimable:      83848 kB
SUnreclaim:       231440 kB
KernelStack:       48096 kB
ShadowCallStack:   12064 kB
PageTables:        89276 kB
NFS_Unstable:          0 kB
Bounce:                0 kB
WritebackTmp:          0 kB
CommitLimit:     8677876 kB
Committed_AS:   78080988 kB
VmallocTotal:   263061440 kB
VmallocUsed:      130668 kB
VmallocChunk:          0 kB
Percpu:             2448 kB
CmaTotal:         405504 kB
CmaFree:              12 kB
MemTotal:        7918588 kB
MemFree:           83548 kB
MemAvailable:    1020892 kB
Buffers:             924 kB
Cached:          1136716 kB
SwapCached:        23652 kB
Active:          4250360 kB
Inactive:        1204564 kB
Active(anon):    4116352 kB
Inactive(anon):   218176 kB
Active(file):     134008 kB
Inactive(file):   986388 kB
Unevictable:        6344 kB
Mlocked:            5904 kB
SwapTotal:       4718584 kB
SwapFree:        1334576 kB
Dirty:               204 kB
Writeback:             0 kB
AnonPages:       4323084 kB
Mapped:           641696 kB
Shmem:             12640 kB
KReclaimable:     229168 kB
Slab:             315312 kB
SReclaimable:      83880 kB
SUnreclaim:       231432 kB
KernelStack:       48080 kB
ShadowCallStack:   12052 kB
PageTables:        89172 kB
NFS_Unstable:          0 kB
Bounce:                0 kB
WritebackTmp:          0 kB
CommitLimit:     8677876 kB
Committed_AS:   78179292 kB
VmallocTotal:   263061440 kB
VmallocUsed:      130660 kB
VmallocChunk:          0 kB
Percpu:             2448 kB
CmaTotal:         405504 kB
CmaFree:               0 kB
MemTotal:        7918588 kB
MemFree:          180732 kB
MemAvailable:    1006080 kB
Buffers:             840 kB
Cached:          1000512 kB
SwapCached:        23456 kB
Active:          4327916 kB
Inactive:        1036304 kB
Active(anon):    4180864 kB
Inactive(anon):   199252 kB
Active(file):     147052 kB
Inactive(file):   837052 kB
Unevictable:        6344 kB
Mlocked:            5904 kB
SwapTotal:       4718584 kB
SwapFree:        1318328 kB
Dirty:               204 kB
Writeback:             0 kB
AnonPages:       4368820 kB
Mapped:           571664 kB
Shmem:             12636 kB
KReclaimable:     220412 kB
Slab:             315356 kB
SReclaimable:      83852 kB
SUnreclaim:       231504 kB
KernelStack:       48112 kB
ShadowCallStack:   12064 kB
PageTables:        89832 kB
NFS_Unstable:          0 kB
Bounce:                0 kB
WritebackTmp:          0 kB
CommitLimit:     8677876 kB
Committed_AS:   78293980 kB
VmallocTotal:   263061440 kB
VmallocUsed:      130652 kB
VmallocChunk:          0 kB
Percpu:             2448 kB
CmaTotal:         405504 kB
CmaFree:               0 kB
MemTotal:        7918588 kB
MemFree:          179632 kB
MemAvailable:     946480 kB
Buffers:             836 kB
Cached:           943300 kB
SwapCached:        23456 kB
Active:          4395688 kB
Inactive:         972300 kB
Active(anon):    4241852 kB
Inactive(anon):   199252 kB
Active(file):     153836 kB
Inactive(file):   773048 kB
Unevictable:        6344 kB
Mlocked:            5904 kB
SwapTotal:       4718584 kB
SwapFree:        1319096 kB
Dirty:               224 kB
Writeback:             0 kB
AnonPages:       4429824 kB
Mapped:           546900 kB
Shmem:             12640 kB
KReclaimable:     217852 kB
Slab:             315388 kB
SReclaimable:      83852 kB
SUnreclaim:       231536 kB
KernelStack:       48080 kB
ShadowCallStack:   12056 kB
PageTables:        89860 kB
NFS_Unstable:          0 kB
Bounce:                0 kB
WritebackTmp:          0 kB
CommitLimit:     8677876 kB
Committed_AS:   78375900 kB
VmallocTotal:   263061440 kB
VmallocUsed:      130632 kB
VmallocChunk:          0 kB
Percpu:             2448 kB
CmaTotal:         405504 kB
CmaFree:               0 kB
MemTotal:        7918588 kB
MemFree:          178176 kB
MemAvailable:     892256 kB
Buffers:             836 kB
Cached:           891612 kB
SwapCached:        23456 kB
Active:          4451040 kB
Inactive:         919796 kB
Active(anon):    4296440 kB
Inactive(anon):   199256 kB
Active(file):     154600 kB
Inactive(file):   720540 kB
Unevictable:        6344 kB
Mlocked:            5904 kB
SwapTotal:       4718584 kB
SwapFree:        1319096 kB
Dirty:               224 kB
Writeback:             0 kB
AnonPages:       4484384 kB
Mapped:           531692 kB
Shmem:             12640 kB
KReclaimable:     215804 kB
Slab:             315356 kB
SReclaimable:      83852 kB
SUnreclaim:       231504 kB
KernelStack:       48128 kB
ShadowCallStack:   12052 kB
PageTables:        89844 kB
NFS_Unstable:          0 kB
Bounce:                0 kB
WritebackTmp:          0 kB
CommitLimit:     8677876 kB
Committed_AS:   78474228 kB
VmallocTotal:   263061440 kB
VmallocUsed:      130668 kB
VmallocChunk:          0 kB
Percpu:             2448 kB
CmaTotal:         405504 kB
CmaFree:               0 kB
MemTotal:        7918588 kB
MemFree:          177832 kB
MemAvailable:     828820 kB
Buffers:             832 kB
Cached:           829760 kB
SwapCached:        23456 kB
Active:          4517908 kB
Inactive:         855160 kB
Active(anon):    4360484 kB
Inactive(anon):   199252 kB
Active(file):     157424 kB
Inactive(file):   655908 kB
Unevictable:        6344 kB
Mlocked:            5904 kB
SwapTotal:       4718584 kB
SwapFree:        1319352 kB
Dirty:               224 kB
Writeback:             0 kB
AnonPages:       4548592 kB
Mapped:           521232 kB
Shmem:             12648 kB
KReclaimable:     213240 kB
Slab:             315380 kB
SReclaimable:      83848 kB
SUnreclaim:       231532 kB
KernelStack:       48096 kB
ShadowCallStack:   12056 kB
PageTables:        90400 kB
NFS_Unstable:          0 kB
Bounce:                0 kB
WritebackTmp:          0 kB
CommitLimit:     8677876 kB
Committed_AS:   78572516 kB
VmallocTotal:   263061440 kB
VmallocUsed:      130648 kB
VmallocChunk:          0 kB
Percpu:             2448 kB
CmaTotal:         405504 kB
CmaFree:               0 kB
MemTotal:        7918588 kB
MemFree:          178528 kB
MemAvailable:     779192 kB
Buffers:             856 kB
Cached:           780724 kB
SwapCached:        23492 kB
Active:          4586084 kB
Inactive:         789232 kB
Active(anon):    4411780 kB
Inactive(anon):   199248 kB
Active(file):     174304 kB
Inactive(file):   589984 kB
Unevictable:        6344 kB
Mlocked:            5904 kB
SwapTotal:       4718584 kB
SwapFree:        1320376 kB
Dirty:               236 kB
Writeback:             0 kB
AnonPages:       4599736 kB
Mapped:           511044 kB
Shmem:             12680 kB
KReclaimable:     210680 kB
Slab:             315504 kB
SReclaimable:      83848 kB
SUnreclaim:       231656 kB
KernelStack:       48144 kB
ShadowCallStack:   12060 kB
PageTables:        90808 kB
NFS_Unstable:          0 kB
Bounce:                0 kB
WritebackTmp:          0 kB
CommitLimit:     8677876 kB
Committed_AS:   78657512 kB
VmallocTotal:   263061440 kB
VmallocUsed:      130648 kB
VmallocChunk:          0 kB
Percpu:             2448 kB
CmaTotal:         405504 kB
CmaFree:               0 kB
MemTotal:        7918588 kB
MemFree:          178188 kB
MemAvailable:     709012 kB
Buffers:             852 kB
Cached:           712160 kB
SwapCached:        23492 kB
Active:          4655868 kB
Inactive:         720620 kB
Active(anon):    4481516 kB
Inactive(anon):   199252 kB
Active(file):     174352 kB
Inactive(file):   521368 kB
Unevictable:        6344 kB
Mlocked:            5904 kB
SwapTotal:       4718584 kB
SwapFree:        1320376 kB
Dirty:               236 kB
Writeback:             0 kB
AnonPages:       4669448 kB
Mapped:           505036 kB
Shmem:             12680 kB
KReclaimable:     208136 kB
Slab:             315472 kB
SReclaimable:      83864 kB
SUnreclaim:       231608 kB
KernelStack:       48112 kB
ShadowCallStack:   12048 kB
PageTables:        90556 kB
NFS_Unstable:          0 kB
Bounce:                0 kB
WritebackTmp:          0 kB
CommitLimit:     8677876 kB
Committed_AS:   78755812 kB
VmallocTotal:   263061440 kB
VmallocUsed:      130640 kB
VmallocChunk:          0 kB
Percpu:             2448 kB
CmaTotal:         405504 kB
CmaFree:               0 kB
MemTotal:        7918588 kB
MemFree:          179360 kB
MemAvailable:     645912 kB
Buffers:             852 kB
Cached:           649028 kB
SwapCached:        23492 kB
Active:          4721532 kB
Inactive:         655864 kB
Active(anon):    4545676 kB
Inactive(anon):   199248 kB
Active(file):     175856 kB
Inactive(file):   456616 kB
Unevictable:        6344 kB
Mlocked:            5904 kB
SwapTotal:       4718584 kB
SwapFree:        1320632 kB
Dirty:               292 kB
Writeback:             0 kB
AnonPages:       4733764 kB
