MemTotal:        7918588 kB
MemFree:         3323132 kB
MemAvailable:    4720832 kB
Buffers:            4324 kB
Cached:          1263644 kB
SwapCached:        11448 kB
Active:          1128064 kB
Inactive:         805308 kB
Active(anon):     543008 kB
Inactive(anon):   142112 kB
Active(file):     585056 kB
Inactive(file):   663196 kB
Unevictable:        6420 kB
Mlocked:            5980 kB
SwapTotal:       4718584 kB
SwapFree:        3674824 kB
Dirty:             18740 kB
Writeback:             0 kB
AnonPages:        667080 kB
Mapped:           454716 kB
Shmem:             15048 kB
KReclaimable:     539672 kB
Slab:             318736 kB
SReclaimable:      90848 kB
SUnreclaim:       227888 kB
KernelStack:       48496 kB
ShadowCallStack:   12128 kB
PageTables:        63796 kB
NFS_Unstable:          0 kB
Bounce:                0 kB
WritebackTmp:          0 kB
CommitLimit:     8677876 kB
Committed_AS:   63610324 kB
VmallocTotal:   263061440 kB
VmallocUsed:      131396 kB
VmallocChunk:          0 kB
Percpu:             2448 kB
CmaTotal:         405504 kB
CmaFree:          290504 kB
MemTotal:        7918588 kB
MemFree:         3318524 kB
MemAvailable:    4860668 kB
Buffers:            4500 kB
Cached:          1269148 kB
SwapCached:        11496 kB
Active:          1132504 kB
Inactive:         805496 kB
Active(anon):     542496 kB
Inactive(anon):   141992 kB
Active(file):     590008 kB
Inactive(file):   663504 kB
Unevictable:        6420 kB
Mlocked:            5980 kB
SwapTotal:       4718584 kB
SwapFree:        3675336 kB
Dirty:             18744 kB
Writeback:             0 kB
AnonPages:        666108 kB
Mapped:           483000 kB
Shmem:             15452 kB
KReclaimable:     678856 kB
Slab:             318604 kB
SReclaimable:      90912 kB
SUnreclaim:       227692 kB
KernelStack:       49008 kB
ShadowCallStack:   12268 kB
PageTables:        64148 kB
NFS_Unstable:          0 kB
Bounce:                0 kB
WritebackTmp:          0 kB
CommitLimit:     8677876 kB
Committed_AS:   63675308 kB
VmallocTotal:   263061440 kB
VmallocUsed:      131992 kB
VmallocChunk:          0 kB
Percpu:             2448 kB
CmaTotal:         405504 kB
CmaFree:          290504 kB
MemTotal:        7918588 kB
MemFree:         3297004 kB
MemAvailable:    4704100 kB
Buffers:            4516 kB
Cached:          1269368 kB
SwapCached:        11504 kB
Active:          1152800 kB
Inactive:         805716 kB
Active(anon):     562792 kB
Inactive(anon):   141996 kB
Active(file):     590008 kB
Inactive(file):   663720 kB
Unevictable:        6420 kB
Mlocked:            5980 kB
SwapTotal:       4718584 kB
SwapFree:        3675336 kB
Dirty:             18800 kB
Writeback:             0 kB
AnonPages:        686188 kB
Mapped:           490396 kB
Shmem:             15472 kB
KReclaimable:     543592 kB
Slab:             319268 kB
SReclaimable:      90944 kB
SUnreclaim:       228324 kB
KernelStack:       48928 kB
ShadowCallStack:   12256 kB
PageTables:        64276 kB
NFS_Unstable:          0 kB
Bounce:                0 kB
WritebackTmp:          0 kB
CommitLimit:     8677876 kB
Committed_AS:   63679856 kB
VmallocTotal:   263061440 kB
VmallocUsed:      131960 kB
VmallocChunk:          0 kB
Percpu:             2448 kB
CmaTotal:         405504 kB
CmaFree:          290504 kB
MemTotal:        7918588 kB
MemFree:         3292868 kB
MemAvailable:    4699228 kB
Buffers:            4524 kB
Cached:          1269380 kB
SwapCached:        11504 kB
Active:          1156324 kB
Inactive:         805724 kB
Active(anon):     566316 kB
Inactive(anon):   141988 kB
Active(file):     590008 kB
Inactive(file):   663736 kB
Unevictable:        6420 kB
Mlocked:            5980 kB
SwapTotal:       4718584 kB
SwapFree:        3675592 kB
Dirty:             18824 kB
Writeback:             0 kB
AnonPages:        689844 kB
Mapped:           490988 kB
Shmem:             15476 kB
KReclaimable:     542840 kB
Slab:             319288 kB
SReclaimable:      90960 kB
SUnreclaim:       228328 kB
KernelStack:       48880 kB
ShadowCallStack:   12248 kB
PageTables:        64432 kB
NFS_Unstable:          0 kB
Bounce:                0 kB
WritebackTmp:          0 kB
CommitLimit:     8677876 kB
Committed_AS:   63679864 kB
VmallocTotal:   263061440 kB
VmallocUsed:      131932 kB
VmallocChunk:          0 kB
Percpu:             2448 kB
CmaTotal:         405504 kB
CmaFree:          290504 kB
MemTotal:        7918588 kB
MemFree:         3289944 kB
MemAvailable:    4696268 kB
Buffers:            4524 kB
Cached:          1269416 kB
SwapCached:        11504 kB
Active:          1161884 kB
Inactive:         804012 kB
Active(anon):     571876 kB
Inactive(anon):   140264 kB
Active(file):     590008 kB
Inactive(file):   663748 kB
Unevictable:        6420 kB
Mlocked:            5980 kB
SwapTotal:       4718584 kB
SwapFree:        3675592 kB
Dirty:             18840 kB
Writeback:             0 kB
AnonPages:        693516 kB
Mapped:           491624 kB
Shmem:             15500 kB
KReclaimable:     542792 kB
Slab:             319512 kB
SReclaimable:      90960 kB
SUnreclaim:       228552 kB
KernelStack:       48928 kB
ShadowCallStack:   12264 kB
PageTables:        64404 kB
NFS_Unstable:          0 kB
Bounce:                0 kB
WritebackTmp:          0 kB
CommitLimit:     8677876 kB
Committed_AS:   63679872 kB
VmallocTotal:   263061440 kB
VmallocUsed:      131932 kB
VmallocChunk:          0 kB
Percpu:             2448 kB
CmaTotal:         405504 kB
CmaFree:          291920 kB
MemTotal:        7918588 kB
MemFree:         3290588 kB
MemAvailable:    4696912 kB
Buffers:            4524 kB
Cached:          1269420 kB
SwapCached:        11504 kB
Active:          1162040 kB
Inactive:         803248 kB
Active(anon):     572032 kB
Inactive(anon):   139500 kB
Active(file):     590008 kB
Inactive(file):   663748 kB
Unevictable:        6420 kB
Mlocked:            5980 kB
SwapTotal:       4718584 kB
SwapFree:        3675592 kB
Dirty:             18852 kB
Writeback:             0 kB
AnonPages:        692872 kB
Mapped:           491728 kB
Shmem:             15504 kB
KReclaimable:     542792 kB
Slab:             319172 kB
SReclaimable:      90960 kB
SUnreclaim:       228212 kB
KernelStack:       48928 kB
ShadowCallStack:   12248 kB
PageTables:        63956 kB
NFS_Unstable:          0 kB
Bounce:                0 kB
WritebackTmp:          0 kB
CommitLimit:     8677876 kB
Committed_AS:   63679876 kB
VmallocTotal:   263061440 kB
VmallocUsed:      131960 kB
VmallocChunk:          0 kB
Percpu:             2448 kB
CmaTotal:         405504 kB
CmaFree:          291920 kB
MemTotal:        7918588 kB
MemFree:         3269752 kB
MemAvailable:    4676084 kB
Buffers:            4532 kB
Cached:          1269420 kB
SwapCached:        11504 kB
Active:          1184692 kB
Inactive:         803252 kB
Active(anon):     594684 kB
Inactive(anon):   139496 kB
Active(file):     590008 kB
Inactive(file):   663756 kB
Unevictable:        6420 kB
Mlocked:            5980 kB
SwapTotal:       4718584 kB
SwapFree:        3675592 kB
Dirty:             18860 kB
Writeback:             0 kB
AnonPages:        715616 kB
Mapped:           493348 kB
Shmem:             15504 kB
KReclaimable:     542792 kB
Slab:             319244 kB
SReclaimable:      90960 kB
SUnreclaim:       228284 kB
KernelStack:       48928 kB
ShadowCallStack:   12264 kB
PageTables:        64344 kB
NFS_Unstable:          0 kB
Bounce:                0 kB
WritebackTmp:          0 kB
CommitLimit:     8677876 kB
Committed_AS:   63700632 kB
VmallocTotal:   263061440 kB
VmallocUsed:      131964 kB
VmallocChunk:          0 kB
Percpu:             2448 kB
CmaTotal:         405504 kB
CmaFree:          291920 kB
MemTotal:        7918588 kB
MemFree:         3145844 kB
MemAvailable:    4520096 kB
Buffers:            4536 kB
Cached:          1270220 kB
SwapCached:        11504 kB
Active:          1308228 kB
Inactive:         803268 kB
Active(anon):     717424 kB
Inactive(anon):   139504 kB
Active(file):     590804 kB
Inactive(file):   663764 kB
Unevictable:        6420 kB
Mlocked:            5980 kB
SwapTotal:       4718584 kB
SwapFree:        3676360 kB
Dirty:             18860 kB
Writeback:             0 kB
AnonPages:        838284 kB
Mapped:           539400 kB
Shmem:             15504 kB
KReclaimable:     509908 kB
Slab:             319532 kB
SReclaimable:      90976 kB
SUnreclaim:       228556 kB
KernelStack:       48944 kB
ShadowCallStack:   12256 kB
PageTables:        64708 kB
NFS_Unstable:          0 kB
Bounce:                0 kB
WritebackTmp:          0 kB
CommitLimit:     8677876 kB
Committed_AS:   63920720 kB
VmallocTotal:   263061440 kB
VmallocUsed:      131960 kB
VmallocChunk:          0 kB
Percpu:             2448 kB
CmaTotal:         405504 kB
CmaFree:          291920 kB
MemTotal:        7918588 kB
MemFree:         3058096 kB
MemAvailable:    4397180 kB
Buffers:            4536 kB
Cached:          1270248 kB
SwapCached:        11504 kB
Active:          1393964 kB
Inactive:         803292 kB
Active(anon):     803160 kB
Inactive(anon):   139500 kB
Active(file):     590804 kB
Inactive(file):   663792 kB
Unevictable:        6420 kB
Mlocked:            5980 kB
SwapTotal:       4718584 kB
SwapFree:        3676360 kB
Dirty:             18332 kB
Writeback:             0 kB
AnonPages:        923984 kB
Mapped:           578756 kB
Shmem:             15504 kB
KReclaimable:     474712 kB
Slab:             319752 kB
SReclaimable:      90976 kB
SUnreclaim:       228776 kB
KernelStack:       48928 kB
ShadowCallStack:   12260 kB
PageTables:        64932 kB
NFS_Unstable:          0 kB
Bounce:                0 kB
WritebackTmp:          0 kB
CommitLimit:     8677876 kB
Committed_AS:   64058588 kB
VmallocTotal:   263061440 kB
VmallocUsed:      132004 kB
VmallocChunk:          0 kB
Percpu:             2448 kB
CmaTotal:         405504 kB
CmaFree:          291920 kB
MemTotal:        7918588 kB
MemFree:         2968872 kB
MemAvailable:    4260348 kB
Buffers:            4564 kB
Cached:          1271352 kB
SwapCached:        11512 kB
Active:          1482920 kB
Inactive:         803408 kB
Active(anon):     891104 kB
Inactive(anon):   139500 kB
Active(file):     591816 kB
Inactive(file):   663908 kB
Unevictable:        6420 kB
Mlocked:            5980 kB
SwapTotal:       4718584 kB
SwapFree:        3676360 kB
Dirty:             18472 kB
Writeback:             0 kB
AnonPages:       1012092 kB
Mapped:           601540 kB
Shmem:             15508 kB
KReclaimable:     425976 kB
Slab:             320008 kB
SReclaimable:      90976 kB
SUnreclaim:       229032 kB
KernelStack:       48992 kB
ShadowCallStack:   12272 kB
PageTables:        65684 kB
NFS_Unstable:          0 kB
Bounce:                0 kB
WritebackTmp:          0 kB
CommitLimit:     8677876 kB
Committed_AS:   64231784 kB
VmallocTotal:   263061440 kB
VmallocUsed:      132060 kB
VmallocChunk:          0 kB
Percpu:             2448 kB
CmaTotal:         405504 kB
CmaFree:          291920 kB
MemTotal:        7918588 kB
MemFree:         2852888 kB
MemAvailable:    4143284 kB
Buffers:            4588 kB
Cached:          1271356 kB
SwapCached:        11512 kB
Active:          1598208 kB
Inactive:         803428 kB
Active(anon):    1006392 kB
Inactive(anon):   139496 kB
Active(file):     591816 kB
Inactive(file):   663932 kB
Unevictable:        6420 kB
Mlocked:            5980 kB
SwapTotal:       4718584 kB
SwapFree:        3676360 kB
Dirty:             18648 kB
Writeback:             0 kB
AnonPages:       1127236 kB
Mapped:           603152 kB
Shmem:             15512 kB
KReclaimable:     424872 kB
Slab:             320008 kB
SReclaimable:      90976 kB
SUnreclaim:       229032 kB
KernelStack:       49008 kB
ShadowCallStack:   12276 kB
PageTables:        66244 kB
NFS_Unstable:          0 kB
Bounce:                0 kB
WritebackTmp:          0 kB
CommitLimit:     8677876 kB
Committed_AS:   64510316 kB
VmallocTotal:   263061440 kB
VmallocUsed:      132056 kB
VmallocChunk:          0 kB
Percpu:             2448 kB
CmaTotal:         405504 kB
CmaFree:          291920 kB
MemTotal:        7918588 kB
MemFree:         2758372 kB
MemAvailable:    4047608 kB
Buffers:            4588 kB
Cached:          1271356 kB
SwapCached:        11512 kB
Active:          1692380 kB
Inactive:         803432 kB
Active(anon):    1100564 kB
Inactive(anon):   139500 kB
Active(file):     591816 kB
Inactive(file):   663932 kB
Unevictable:        6420 kB
Mlocked:            5980 kB
SwapTotal:       4718584 kB
SwapFree:        3676616 kB
Dirty:             18648 kB
Writeback:             0 kB
AnonPages:       1221604 kB
Mapped:           603736 kB
Shmem:             15512 kB
KReclaimable:     423712 kB
Slab:             320044 kB
SReclaimable:      90992 kB
SUnreclaim:       229052 kB
KernelStack:       49008 kB
ShadowCallStack:   12280 kB
PageTables:        66632 kB
NFS_Unstable:          0 kB
Bounce:                0 kB
WritebackTmp:          0 kB
CommitLimit:     8677876 kB
Committed_AS:   64739692 kB
VmallocTotal:   263061440 kB
VmallocUsed:      132064 kB
VmallocChunk:          0 kB
Percpu:             2448 kB
CmaTotal:         405504 kB
CmaFree:          291920 kB
MemTotal:        7918588 kB
MemFree:         2658796 kB
MemAvailable:    3937964 kB
Buffers:            4588 kB
Cached:          1271356 kB
SwapCached:        11512 kB
Active:          1791356 kB
Inactive:         803216 kB
Active(anon):    1199540 kB
Inactive(anon):   139284 kB
Active(file):     591816 kB
Inactive(file):   663932 kB
Unevictable:        6420 kB
Mlocked:            5980 kB
SwapTotal:       4718584 kB
SwapFree:        3676616 kB
Dirty:             18648 kB
Writeback:             0 kB
AnonPages:       1320532 kB
Mapped:           602252 kB
Shmem:             15512 kB
KReclaimable:     413644 kB
Slab:             319992 kB
SReclaimable:      91008 kB
SUnreclaim:       228984 kB
KernelStack:       48960 kB
ShadowCallStack:   12268 kB
PageTables:        67132 kB
NFS_Unstable:          0 kB
Bounce:                0 kB
WritebackTmp:          0 kB
CommitLimit:     8677876 kB
Committed_AS:   64985452 kB
VmallocTotal:   263061440 kB
VmallocUsed:      132064 kB
VmallocChunk:          0 kB
Percpu:             2448 kB
CmaTotal:         405504 kB
CmaFree:          291920 kB
MemTotal:        7918588 kB
MemFree:         2574360 kB
MemAvailable:    3852404 kB
Buffers:            4588 kB
Cached:          1271392 kB
SwapCached:        11512 kB
Active:          1875816 kB
Inactive:         803244 kB
Active(anon):    1284000 kB
Inactive(anon):   139284 kB
Active(file):     591816 kB
Inactive(file):   663960 kB
Unevictable:        6420 kB
Mlocked:            5980 kB
SwapTotal:       4718584 kB
SwapFree:        3676872 kB
Dirty:             17928 kB
Writeback:             0 kB
AnonPages:       1404764 kB
Mapped:           603004 kB
Shmem:             15520 kB
KReclaimable:     412492 kB
Slab:             319984 kB
SReclaimable:      91024 kB
SUnreclaim:       228960 kB
KernelStack:       49008 kB
ShadowCallStack:   12276 kB
PageTables:        67544 kB
NFS_Unstable:          0 kB
Bounce:                0 kB
WritebackTmp:          0 kB
CommitLimit:     8677876 kB
Committed_AS:   65202440 kB
VmallocTotal:   263061440 kB
VmallocUsed:      132060 kB
VmallocChunk:          0 kB
Percpu:             2448 kB
CmaTotal:         405504 kB
CmaFree:          291920 kB
MemTotal:        7918588 kB
MemFree:         2480788 kB
MemAvailable:    3757528 kB
Buffers:            4588 kB
Cached:          1271392 kB
SwapCached:        11512 kB
Active:          1968552 kB
Inactive:         803240 kB
Active(anon):    1376736 kB
Inactive(anon):   139280 kB
Active(file):     591816 kB
Inactive(file):   663960 kB
Unevictable:        6420 kB
Mlocked:            5980 kB
SwapTotal:       4718584 kB
SwapFree:        3676872 kB
Dirty:             17928 kB
Writeback:             0 kB
AnonPages:       1497408 kB
Mapped:           603760 kB
Shmem:             15520 kB
KReclaimable:     411188 kB
Slab:             320016 kB
SReclaimable:      91024 kB
SUnreclaim:       228992 kB
KernelStack:       48960 kB
ShadowCallStack:   12264 kB
PageTables:        68112 kB
NFS_Unstable:          0 kB
Bounce:                0 kB
WritebackTmp:          0 kB
CommitLimit:     8677876 kB
Committed_AS:   65448104 kB
VmallocTotal:   263061440 kB
VmallocUsed:      131984 kB
VmallocChunk:          0 kB
Percpu:             2448 kB
CmaTotal:         405504 kB
CmaFree:          291920 kB
MemTotal:        7918588 kB
MemFree:         2383596 kB
MemAvailable:    3659228 kB
Buffers:            4596 kB
Cached:          1271396 kB
SwapCached:        11512 kB
Active:          2065136 kB
Inactive:         803248 kB
Active(anon):    1473320 kB
Inactive(anon):   139284 kB
Active(file):     591816 kB
Inactive(file):   663964 kB
Unevictable:        6420 kB
Mlocked:            5980 kB
SwapTotal:       4718584 kB
SwapFree:        3676872 kB
Dirty:             17996 kB
Writeback:             0 kB
AnonPages:       1593972 kB
Mapped:           604640 kB
Shmem:             15524 kB
KReclaimable:     410076 kB
Slab:             320280 kB
SReclaimable:      91024 kB
SUnreclaim:       229256 kB
KernelStack:       48960 kB
ShadowCallStack:   12264 kB
PageTables:        68456 kB
NFS_Unstable:          0 kB
Bounce:                0 kB
WritebackTmp:          0 kB
CommitLimit:     8677876 kB
Committed_AS:   65677484 kB
VmallocTotal:   263061440 kB
VmallocUsed:      132004 kB
VmallocChunk:          0 kB
Percpu:             2448 kB
CmaTotal:         405504 kB
CmaFree:          291920 kB
MemTotal:        7918588 kB
MemFree:         2281968 kB
MemAvailable:    3556300 kB
Buffers:            4596 kB
Cached:          1271400 kB
SwapCached:        11512 kB
Active:          2166624 kB
Inactive:         803252 kB
Active(anon):    1574808 kB
Inactive(anon):   139284 kB
Active(file):     591816 kB
Inactive(file):   663968 kB
Unevictable:        6420 kB
Mlocked:            5980 kB
SwapTotal:       4718584 kB
SwapFree:        3676872 kB
Dirty:             17996 kB
Writeback:             0 kB
AnonPages:       1695648 kB
Mapped:           605592 kB
Shmem:             15528 kB
KReclaimable:     408772 kB
Slab:             320412 kB
SReclaimable:      91024 kB
SUnreclaim:       229388 kB
KernelStack:       48944 kB
ShadowCallStack:   12260 kB
PageTables:        68932 kB
NFS_Unstable:          0 kB
Bounce:                0 kB
WritebackTmp:          0 kB
CommitLimit:     8677876 kB
Committed_AS:   65923196 kB
VmallocTotal:   263061440 kB
VmallocUsed:      131980 kB
VmallocChunk:          0 kB
Percpu:             2448 kB
CmaTotal:         405504 kB
CmaFree:          291920 kB
MemTotal:        7918588 kB
MemFree:         2184144 kB
MemAvailable:    3456676 kB
Buffers:            4596 kB
Cached:          1271400 kB
SwapCached:        11512 kB
Active:          2263632 kB
Inactive:         803248 kB
Active(anon):    1671816 kB
Inactive(anon):   139280 kB
Active(file):     591816 kB
Inactive(file):   663968 kB
Unevictable:        6420 kB
Mlocked:            5980 kB
SwapTotal:       4718584 kB
SwapFree:        3676872 kB
Dirty:             18004 kB
Writeback:             0 kB
AnonPages:       1792520 kB
Mapped:           606520 kB
Shmem:             15528 kB
KReclaimable:     406972 kB
Slab:             320552 kB
SReclaimable:      91024 kB
SUnreclaim:       229528 kB
KernelStack:       48944 kB
ShadowCallStack:   12268 kB
PageTables:        69500 kB
NFS_Unstable:          0 kB
Bounce:                0 kB
WritebackTmp:          0 kB
CommitLimit:     8677876 kB
Committed_AS:   66152572 kB
VmallocTotal:   263061440 kB
VmallocUsed:      131968 kB
VmallocChunk:          0 kB
Percpu:             2448 kB
CmaTotal:         405504 kB
CmaFree:          291920 kB
MemTotal:        7918588 kB
MemFree:         2094904 kB
MemAvailable:    3366544 kB
Buffers:            4596 kB
Cached:          1271572 kB
SwapCached:        11512 kB
Active:          2352324 kB
Inactive:         803256 kB
Active(anon):    1760352 kB
Inactive(anon):   139280 kB
Active(file):     591972 kB
Inactive(file):   663976 kB
Unevictable:        6420 kB
Mlocked:            5980 kB
SwapTotal:       4718584 kB
SwapFree:        3676872 kB
Dirty:             18012 kB
Writeback:             0 kB
AnonPages:       1880944 kB
Mapped:           607652 kB
Shmem:             15536 kB
KReclaimable:     405916 kB
Slab:             320444 kB
SReclaimable:      91024 kB
SUnreclaim:       229420 kB
KernelStack:       48912 kB
ShadowCallStack:   12260 kB
PageTables:        69768 kB
NFS_Unstable:          0 kB
Bounce:                0 kB
WritebackTmp:          0 kB
CommitLimit:     8677876 kB
Committed_AS:   66365568 kB
VmallocTotal:   263061440 kB
VmallocUsed:      131984 kB
VmallocChunk:          0 kB
Percpu:             2448 kB
CmaTotal:         405504 kB
CmaFree:          291920 kB
MemTotal:        7918588 kB
MemFree:         2014992 kB
MemAvailable:    3285816 kB
Buffers:            4596 kB
Cached:          1271572 kB
SwapCached:        11512 kB
Active:          2431844 kB
Inactive:         802936 kB
Active(anon):    1839872 kB
Inactive(anon):   138960 kB
Active(file):     591972 kB
Inactive(file):   663976 kB
Unevictable:        6420 kB
Mlocked:            5980 kB
SwapTotal:       4718584 kB
SwapFree:        3676872 kB
Dirty:             18012 kB
Writeback:             0 kB
AnonPages:       1960328 kB
Mapped:           608228 kB
Shmem:             15536 kB
KReclaimable:     405100 kB
Slab:             320504 kB
SReclaimable:      91024 kB
SUnreclaim:       229480 kB
KernelStack:       48912 kB
ShadowCallStack:   12248 kB
PageTables:        70076 kB
NFS_Unstable:          0 kB
Bounce:                0 kB
WritebackTmp:          0 kB
CommitLimit:     8677876 kB
Committed_AS:   66562176 kB
VmallocTotal:   263061440 kB
VmallocUsed:      131980 kB
VmallocChunk:          0 kB
Percpu:             2448 kB
CmaTotal:         405504 kB
CmaFree:          291920 kB
MemTotal:        7918588 kB
MemFree:         1919600 kB
MemAvailable:    3188656 kB
Buffers:            4620 kB
Cached:          1271576 kB
SwapCached:        11512 kB
Active:          2526448 kB
Inactive:         802968 kB
Active(anon):    1934476 kB
Inactive(anon):   138968 kB
Active(file):     591972 kB
Inactive(file):   664000 kB
Unevictable:        6420 kB
Mlocked:            5980 kB
SwapTotal:       4718584 kB
SwapFree:        3676872 kB
Dirty:             18020 kB
Writeback:             0 kB
AnonPages:       2054820 kB
Mapped:           609392 kB
Shmem:             15540 kB
KReclaimable:     403308 kB
Slab:             320724 kB
SReclaimable:      91024 kB
SUnreclaim:       229700 kB
KernelStack:       48960 kB
ShadowCallStack:   12268 kB
PageTables:        70628 kB
NFS_Unstable:          0 kB
Bounce:                0 kB
WritebackTmp:          0 kB
CommitLimit:     8677876 kB
Committed_AS:   66791584 kB
VmallocTotal:   263061440 kB
VmallocUsed:      131984 kB
VmallocChunk:          0 kB
Percpu:             2448 kB
CmaTotal:         405504 kB
CmaFree:          291920 kB
MemTotal:        7918588 kB
MemFree:         1852692 kB
MemAvailable:    3121228 kB
Buffers:            4620 kB
Cached:          1271576 kB
SwapCached:        11512 kB
Active:          2593580 kB
Inactive:         802960 kB
Active(anon):    2001608 kB
Inactive(anon):   138960 kB
Active(file):     591972 kB
Inactive(file):   664000 kB
Unevictable:        6420 kB
Mlocked:            5980 kB
SwapTotal:       4718584 kB
SwapFree:        3676872 kB
Dirty:             18020 kB
Writeback:             0 kB
AnonPages:       2122048 kB
Mapped:           609924 kB
Shmem:             15540 kB
KReclaimable:     402788 kB
Slab:             320848 kB
SReclaimable:      91024 kB
SUnreclaim:       229824 kB
KernelStack:       48976 kB
ShadowCallStack:   12268 kB
PageTables:        70948 kB
NFS_Unstable:          0 kB
Bounce:                0 kB
WritebackTmp:          0 kB
CommitLimit:     8677876 kB
Committed_AS:   66955396 kB
VmallocTotal:   263061440 kB
VmallocUsed:      131984 kB
VmallocChunk:          0 kB
Percpu:             2448 kB
CmaTotal:         405504 kB
CmaFree:          291920 kB
MemTotal:        7918588 kB
MemFree:         1781024 kB
MemAvailable:    3048928 kB
Buffers:            4620 kB
Cached:          1271576 kB
SwapCached:        11512 kB
Active:          2665580 kB
Inactive:         802964 kB
Active(anon):    2073608 kB
Inactive(anon):   138964 kB
Active(file):     591972 kB
Inactive(file):   664000 kB
Unevictable:        6420 kB
Mlocked:            5980 kB
SwapTotal:       4718584 kB
SwapFree:        3676872 kB
Dirty:             18020 kB
Writeback:             0 kB
AnonPages:       2193916 kB
Mapped:           610264 kB
Shmem:             15540 kB
KReclaimable:     402156 kB
Slab:             320708 kB
SReclaimable:      91040 kB
SUnreclaim:       229668 kB
KernelStack:       48944 kB
ShadowCallStack:   12244 kB
PageTables:        71268 kB
NFS_Unstable:          0 kB
Bounce:                0 kB
WritebackTmp:          0 kB
CommitLimit:     8677876 kB
Committed_AS:   67119240 kB
VmallocTotal:   263061440 kB
VmallocUsed:      131980 kB
VmallocChunk:          0 kB
Percpu:             2448 kB
CmaTotal:         405504 kB
CmaFree:          291920 kB
MemTotal:        7918588 kB
MemFree:         1708660 kB
MemAvailable:    2975276 kB
Buffers:            4620 kB
Cached:          1271584 kB
SwapCached:        11512 kB
Active:          2737392 kB
Inactive:         802972 kB
Active(anon):    2145420 kB
Inactive(anon):   138964 kB
Active(file):     591972 kB
Inactive(file):   664008 kB
Unevictable:        6420 kB
Mlocked:            5980 kB
SwapTotal:       4718584 kB
SwapFree:        3676872 kB
Dirty:             18028 kB
Writeback:             0 kB
AnonPages:       2265796 kB
Mapped:           610860 kB
Shmem:             15540 kB
KReclaimable:     400860 kB
Slab:             320932 kB
SReclaimable:      91040 kB
SUnreclaim:       229892 kB
KernelStack:       48912 kB
ShadowCallStack:   12260 kB
PageTables:        71536 kB
NFS_Unstable:          0 kB
Bounce:                0 kB
WritebackTmp:          0 kB
CommitLimit:     8677876 kB
Committed_AS:   67315848 kB
VmallocTotal:   263061440 kB
VmallocUsed:      131984 kB
VmallocChunk:          0 kB
Percpu:             2448 kB
CmaTotal:         405504 kB
CmaFree:          291920 kB
MemTotal:        7918588 kB
MemFree:         1638124 kB
MemAvailable:    2904076 kB
Buffers:            4628 kB
Cached:          1271584 kB
SwapCached:        11512 kB
Active:          2808800 kB
Inactive:         802980 kB
Active(anon):    2216828 kB
Inactive(anon):   138964 kB
Active(file):     591972 kB
Inactive(file):   664016 kB
Unevictable:        6420 kB
Mlocked:            5980 kB
SwapTotal:       4718584 kB
SwapFree:        3676872 kB
Dirty:             18092 kB
Writeback:             0 kB
AnonPages:       2337156 kB
Mapped:           611228 kB
Shmem:             15540 kB
KReclaimable:     400188 kB
Slab:             320860 kB
SReclaimable:      91040 kB
SUnreclaim:       229820 kB
KernelStack:       48944 kB
ShadowCallStack:   12260 kB
PageTables:        72012 kB
NFS_Unstable:          0 kB
Bounce:                0 kB
WritebackTmp:          0 kB
CommitLimit:     8677876 kB
Committed_AS:   67479684 kB
VmallocTotal:   263061440 kB
VmallocUsed:      131980 kB
VmallocChunk:          0 kB
Percpu:             2448 kB
CmaTotal:         405504 kB
CmaFree:          271936 kB
MemTotal:        7918588 kB
MemFree:         1571816 kB
MemAvailable:    2836704 kB
Buffers:            4636 kB
Cached:          1271588 kB
SwapCached:        11512 kB
Active:          2872352 kB
Inactive:         802984 kB
Active(anon):    2280380 kB
Inactive(anon):   138960 kB
Active(file):     591972 kB
Inactive(file):   664024 kB
Unevictable:        6420 kB
Mlocked:            5980 kB
SwapTotal:       4718584 kB
SwapFree:        3676872 kB
Dirty:             18092 kB
Writeback:             0 kB
AnonPages:       2400764 kB
Mapped:           611976 kB
Shmem:             15544 kB
KReclaimable:     399116 kB
Slab:             320908 kB
SReclaimable:      91040 kB
SUnreclaim:       229868 kB
KernelStack:       48928 kB
ShadowCallStack:   12264 kB
PageTables:        72248 kB
NFS_Unstable:          0 kB
Bounce:                0 kB
WritebackTmp:          0 kB
CommitLimit:     8677876 kB
Committed_AS:   67628168 kB
VmallocTotal:   263061440 kB
VmallocUsed:      131984 kB
VmallocChunk:          0 kB
Percpu:             2448 kB
CmaTotal:         405504 kB
CmaFree:          207540 kB
MemTotal:        7918588 kB
MemFree:         1486076 kB
MemAvailable:    2750044 kB
Buffers:            4636 kB
Cached:          1271588 kB
SwapCached:        11512 kB
Active:          2957668 kB
Inactive:         802988 kB
Active(anon):    2365696 kB
Inactive(anon):   138964 kB
Active(file):     591972 kB
Inactive(file):   664024 kB
Unevictable:        6420 kB
Mlocked:            5980 kB
SwapTotal:       4718584 kB
SwapFree:        3676872 kB
Dirty:             18092 kB
Writeback:             0 kB
AnonPages:       2486084 kB
Mapped:           612584 kB
Shmem:             15544 kB
KReclaimable:     398196 kB
Slab:             320944 kB
SReclaimable:      91040 kB
SUnreclaim:       229904 kB
KernelStack:       48912 kB
ShadowCallStack:   12260 kB
PageTables:        72668 kB
NFS_Unstable:          0 kB
Bounce:                0 kB
WritebackTmp:          0 kB
CommitLimit:     8677876 kB
Committed_AS:   67824724 kB
VmallocTotal:   263061440 kB
VmallocUsed:      131960 kB
VmallocChunk:          0 kB
Percpu:             2448 kB
CmaTotal:         405504 kB
CmaFree:          122340 kB
MemTotal:        7918588 kB
MemFree:         1436352 kB
MemAvailable:    2699944 kB
Buffers:            4636 kB
Cached:          1271604 kB
SwapCached:        11512 kB
Active:          3007516 kB
Inactive:         802984 kB
Active(anon):    2415544 kB
Inactive(anon):   138952 kB
Active(file):     591972 kB
Inactive(file):   664032 kB
Unevictable:        6420 kB
Mlocked:            5980 kB
SwapTotal:       4718584 kB
SwapFree:        3676872 kB
Dirty:             18092 kB
Writeback:             0 kB
AnonPages:       2536084 kB
Mapped:           612948 kB
Shmem:             15552 kB
KReclaimable:     397812 kB
Slab:             320976 kB
SReclaimable:      91040 kB
SUnreclaim:       229936 kB
KernelStack:       48960 kB
ShadowCallStack:   12268 kB
PageTables:        72860 kB
NFS_Unstable:          0 kB
Bounce:                0 kB
WritebackTmp:          0 kB
CommitLimit:     8677876 kB
Committed_AS:   67923036 kB
VmallocTotal:   263061440 kB
VmallocUsed:      131964 kB
VmallocChunk:          0 kB
Percpu:             2448 kB
CmaTotal:         405504 kB
CmaFree:           73012 kB
MemTotal:        7918588 kB
MemFree:         1363540 kB
MemAvailable:    2625904 kB
Buffers:            4636 kB
Cached:          1271640 kB
SwapCached:        11512 kB
Active:          3079180 kB
Inactive:         803016 kB
Active(anon):    2487208 kB
Inactive(anon):   138964 kB
Active(file):     591972 kB
Inactive(file):   664052 kB
Unevictable:        6420 kB
Mlocked:            5980 kB
SwapTotal:       4718584 kB
SwapFree:        3676872 kB
Dirty:               112 kB
Writeback:            24 kB
AnonPages:       2607712 kB
Mapped:           613560 kB
Shmem:             15568 kB
KReclaimable:     396564 kB
Slab:             320960 kB
SReclaimable:      91056 kB
SUnreclaim:       229904 kB
KernelStack:       48928 kB
ShadowCallStack:   12256 kB
PageTables:        73220 kB
NFS_Unstable:          0 kB
Bounce:                0 kB
WritebackTmp:          0 kB
CommitLimit:     8677876 kB
Committed_AS:   68086876 kB
VmallocTotal:   263061440 kB
VmallocUsed:      131960 kB
VmallocChunk:          0 kB
Percpu:             2448 kB
CmaTotal:         405504 kB
CmaFree:            1032 kB
MemTotal:        7918588 kB
MemFree:         1307596 kB
MemAvailable:    2569592 kB
Buffers:            4636 kB
Cached:          1271640 kB
SwapCached:        11512 kB
Active:          3136460 kB
Inactive:         803016 kB
Active(anon):    2544488 kB
Inactive(anon):   138964 kB
Active(file):     591972 kB
Inactive(file):   664052 kB
Unevictable:        6420 kB
Mlocked:            5980 kB
SwapTotal:       4718584 kB
SwapFree:        3676872 kB
Dirty:               128 kB
Writeback:             0 kB
AnonPages:       2664836 kB
Mapped:           613940 kB
Shmem:             15568 kB
KReclaimable:     396196 kB
Slab:             321020 kB
SReclaimable:      91056 kB
SUnreclaim:       229964 kB
KernelStack:       48912 kB
ShadowCallStack:   12256 kB
PageTables:        73536 kB
NFS_Unstable:          0 kB
Bounce:                0 kB
WritebackTmp:          0 kB
CommitLimit:     8677876 kB
Committed_AS:   68234332 kB
VmallocTotal:   263061440 kB
VmallocUsed:      131964 kB
VmallocChunk:          0 kB
Percpu:             2448 kB
CmaTotal:         405504 kB
CmaFree:               0 kB
MemTotal:        7918588 kB
MemFree:         1251584 kB
MemAvailable:    2512900 kB
Buffers:            4660 kB
Cached:          1271640 kB
SwapCached:        11512 kB
Active:          3191412 kB
Inactive:         803044 kB
Active(anon):    2599440 kB
Inactive(anon):   138968 kB
Active(file):     591972 kB
Inactive(file):   664076 kB
Unevictable:        6420 kB
Mlocked:            5980 kB
SwapTotal:       4718584 kB
SwapFree:        3676872 kB
Dirty:               228 kB
Writeback:             0 kB
AnonPages:       2719792 kB
Mapped:           614456 kB
Shmem:             15568 kB
KReclaimable:     395492 kB
Slab:             321256 kB
SReclaimable:      91056 kB
SUnreclaim:       230200 kB
KernelStack:       48928 kB
ShadowCallStack:   12256 kB
PageTables:        73764 kB
NFS_Unstable:          0 kB
Bounce:                0 kB
WritebackTmp:          0 kB
CommitLimit:     8677876 kB
Committed_AS:   68349020 kB
VmallocTotal:   263061440 kB
VmallocUsed:      131980 kB
VmallocChunk:          0 kB
Percpu:             2448 kB
CmaTotal:         405504 kB
CmaFree:               0 kB
MemTotal:        7918588 kB
MemFree:         1190032 kB
MemAvailable:    2450484 kB
Buffers:            4660 kB
Cached:          1271644 kB
SwapCached:        11512 kB
Active:          3253248 kB
Inactive:         803036 kB
Active(anon):    2661276 kB
Inactive(anon):   138960 kB
Active(file):     591972 kB
Inactive(file):   664076 kB
Unevictable:        6420 kB
Mlocked:            5980 kB
SwapTotal:       4718584 kB
SwapFree:        3676872 kB
Dirty:               228 kB
Writeback:             0 kB
AnonPages:       2781900 kB
Mapped:           614952 kB
Shmem:             15572 kB
KReclaimable:     394628 kB
Slab:             321240 kB
SReclaimable:      91056 kB
SUnreclaim:       230184 kB
KernelStack:       48896 kB
ShadowCallStack:   12240 kB
PageTables:        74108 kB
NFS_Unstable:          0 kB
Bounce:                0 kB
WritebackTmp:          0 kB
CommitLimit:     8677876 kB
Committed_AS:   68496480 kB
VmallocTotal:   263061440 kB
VmallocUsed:      131952 kB
VmallocChunk:          0 kB
Percpu:             2448 kB
CmaTotal:         405504 kB
CmaFree:               0 kB
MemTotal:        7918588 kB
MemFree:         1126536 kB
MemAvailable:    2386348 kB
Buffers:            4660 kB
Cached:          1271648 kB
SwapCached:        11512 kB
Active:          3316516 kB
Inactive:         803032 kB
Active(anon):    2724544 kB
Inactive(anon):   138956 kB
Active(file):     591972 kB
Inactive(file):   664076 kB
Unevictable:        6420 kB
Mlocked:            5980 kB
SwapTotal:       4718584 kB
SwapFree:        3676872 kB
Dirty:               236 kB
Writeback:             0 kB
AnonPages:       2844880 kB
Mapped:           615280 kB
Shmem:             15576 kB
KReclaimable:     393988 kB
Slab:             321084 kB
SReclaimable:      91056 kB
SUnreclaim:       230028 kB
KernelStack:       48896 kB
ShadowCallStack:   12256 kB
PageTables:        74156 kB
NFS_Unstable:          0 kB
Bounce:                0 kB
WritebackTmp:          0 kB
CommitLimit:     8677876 kB
Committed_AS:   68643940 kB
VmallocTotal:   263061440 kB
VmallocUsed:      131964 kB
VmallocChunk:          0 kB
Percpu:             2448 kB
CmaTotal:         405504 kB
CmaFree:               0 kB
MemTotal:        7918588 kB
MemFree:         1067792 kB
MemAvailable:    2326764 kB
Buffers:            4660 kB
Cached:          1271656 kB
SwapCached:        11512 kB
Active:          3375748 kB
Inactive:         803048 kB
Active(anon):    2783776 kB
Inactive(anon):   138964 kB
Active(file):     591972 kB
Inactive(file):   664084 kB
Unevictable:        6420 kB
Mlocked:            5980 kB
SwapTotal:       4718584 kB
SwapFree:        3676872 kB
Dirty:               372 kB
Writeback:             0 kB
AnonPages:       2904100 kB
Mapped:           615896 kB
Shmem:             15576 kB
KReclaimable:     393140 kB
Slab:             321052 kB
SReclaimable:      91056 kB
SUnreclaim:       229996 kB
KernelStack:       48928 kB
ShadowCallStack:   12256 kB
PageTables:        74560 kB
NFS_Unstable:          0 kB
Bounce:                0 kB
WritebackTmp:          0 kB
CommitLimit:     8677876 kB
Committed_AS:   68775016 kB
VmallocTotal:   263061440 kB
VmallocUsed:      131964 kB
VmallocChunk:          0 kB
Percpu:             2448 kB
CmaTotal:         405504 kB
CmaFree:               0 kB
MemTotal:        7918588 kB
MemFree:         1008008 kB
MemAvailable:    2266336 kB
Buffers:            4660 kB
Cached:          1271660 kB
SwapCached:        11512 kB
Active:          3433704 kB
Inactive:         803040 kB
Active(anon):    2841732 kB
Inactive(anon):   138952 kB
Active(file):     591972 kB
Inactive(file):   664088 kB
Unevictable:        6420 kB
Mlocked:            5980 kB
SwapTotal:       4718584 kB
SwapFree:        3676872 kB
Dirty:               392 kB
Writeback:             0 kB
AnonPages:       2962284 kB
Mapped:           616372 kB
Shmem:             15576 kB
KReclaimable:     392492 kB
Slab:             321220 kB
SReclaimable:      91056 kB
SUnreclaim:       230164 kB
KernelStack:       48944 kB
ShadowCallStack:   12260 kB
PageTables:        74836 kB
NFS_Unstable:          0 kB
Bounce:                0 kB
WritebackTmp:          0 kB
CommitLimit:     8677876 kB
Committed_AS:   68906128 kB
VmallocTotal:   263061440 kB
VmallocUsed:      131964 kB
VmallocChunk:          0 kB
Percpu:             2448 kB
CmaTotal:         405504 kB
CmaFree:               0 kB
MemTotal:        7918588 kB
MemFree:          944640 kB
MemAvailable:    2202320 kB
Buffers:            4668 kB
Cached:          1271660 kB
SwapCached:        11512 kB
Active:          3497512 kB
Inactive:         803064 kB
Active(anon):    2905540 kB
Inactive(anon):   138968 kB
Active(file):     591972 kB
Inactive(file):   664096 kB
Unevictable:        6420 kB
Mlocked:            5980 kB
SwapTotal:       4718584 kB
SwapFree:        3676872 kB
Dirty:               404 kB
Writeback:             0 kB
AnonPages:       3025732 kB
Mapped:           616744 kB
Shmem:             15576 kB
KReclaimable:     391836 kB
Slab:             321328 kB
SReclaimable:      91072 kB
SUnreclaim:       230256 kB
KernelStack:       48944 kB
ShadowCallStack:   12248 kB
PageTables:        74968 kB
NFS_Unstable:          0 kB
Bounce:                0 kB
WritebackTmp:          0 kB
CommitLimit:     8677876 kB
Committed_AS:   69053540 kB
VmallocTotal:   263061440 kB
VmallocUsed:      131960 kB
VmallocChunk:          0 kB
Percpu:             2448 kB
CmaTotal:         405504 kB
CmaFree:               0 kB
MemTotal:        7918588 kB
MemFree:          885880 kB
MemAvailable:    2142720 kB
Buffers:            4668 kB
Cached:          1271660 kB
SwapCached:        11512 kB
Active:          3555804 kB
Inactive:         803060 kB
Active(anon):    2963832 kB
Inactive(anon):   138964 kB
Active(file):     591972 kB
Inactive(file):   664096 kB
Unevictable:        6420 kB
Mlocked:            5980 kB
SwapTotal:       4718584 kB
SwapFree:        3677128 kB
Dirty:               412 kB
Writeback:             0 kB
AnonPages:       3084076 kB
Mapped:           617156 kB
Shmem:             15576 kB
KReclaimable:     390996 kB
Slab:             321244 kB
SReclaimable:      91072 kB
SUnreclaim:       230172 kB
KernelStack:       48896 kB
ShadowCallStack:   12252 kB
PageTables:        75308 kB
NFS_Unstable:          0 kB
Bounce:                0 kB
WritebackTmp:          0 kB
CommitLimit:     8677876 kB
Committed_AS:   69184612 kB
VmallocTotal:   263061440 kB
VmallocUsed:      131988 kB
VmallocChunk:          0 kB
Percpu:             2448 kB
CmaTotal:         405504 kB
CmaFree:               0 kB
MemTotal:        7918588 kB
MemFree:          821240 kB
MemAvailable:    2077488 kB
Buffers:            4668 kB
Cached:          1271660 kB
SwapCached:        11512 kB
Active:          3619168 kB
Inactive:         803052 kB
Active(anon):    3027196 kB
Inactive(anon):   138956 kB
Active(file):     591972 kB
Inactive(file):   664096 kB
Unevictable:        6420 kB
Mlocked:            5980 kB
SwapTotal:       4718584 kB
SwapFree:        3677128 kB
Dirty:               416 kB
Writeback:             0 kB
AnonPages:       3147784 kB
Mapped:           617560 kB
Shmem:             15576 kB
KReclaimable:     390404 kB
Slab:             321240 kB
SReclaimable:      91088 kB
SUnreclaim:       230152 kB
KernelStack:       48912 kB
ShadowCallStack:   12252 kB
PageTables:        75748 kB
NFS_Unstable:          0 kB
Bounce:                0 kB
WritebackTmp:          0 kB
CommitLimit:     8677876 kB
Committed_AS:   69348456 kB
VmallocTotal:   263061440 kB
VmallocUsed:      131948 kB
VmallocChunk:          0 kB
Percpu:             2448 kB
CmaTotal:         405504 kB
CmaFree:               0 kB
MemTotal:        7918588 kB
MemFree:          764248 kB
MemAvailable:    2019744 kB
Buffers:            4668 kB
Cached:          1271668 kB
SwapCached:        11512 kB
Active:          3676972 kB
Inactive:         803068 kB
Active(anon):    3085000 kB
Inactive(anon):   138964 kB
Active(file):     591972 kB
Inactive(file):   664104 kB
Unevictable:        6420 kB
Mlocked:            5980 kB
SwapTotal:       4718584 kB
SwapFree:        3677128 kB
Dirty:               424 kB
Writeback:             0 kB
AnonPages:       3205304 kB
Mapped:           618248 kB
Shmem:             15576 kB
KReclaimable:     389644 kB
Slab:             321304 kB
SReclaimable:      91104 kB
SUnreclaim:       230200 kB
KernelStack:       48912 kB
ShadowCallStack:   12252 kB
PageTables:        75924 kB
NFS_Unstable:          0 kB
Bounce:                0 kB
WritebackTmp:          0 kB
CommitLimit:     8677876 kB
Committed_AS:   69479528 kB
VmallocTotal:   263061440 kB
VmallocUsed:      131940 kB
VmallocChunk:          0 kB
Percpu:             2448 kB
CmaTotal:         405504 kB
CmaFree:               0 kB
MemTotal:        7918588 kB
MemFree:          690700 kB
MemAvailable:    1945416 kB
Buffers:            4668 kB
Cached:          1271680 kB
SwapCached:        11512 kB
Active:          3749680 kB
Inactive:         803072 kB
Active(anon):    3157708 kB
Inactive(anon):   138964 kB
Active(file):     591972 kB
Inactive(file):   664108 kB
Unevictable:        6420 kB
Mlocked:            5980 kB
SwapTotal:       4718584 kB
SwapFree:        3677640 kB
Dirty:               496 kB
Writeback:             0 kB
AnonPages:       3277956 kB
Mapped:           618888 kB
Shmem:             15584 kB
KReclaimable:     388860 kB
Slab:             321264 kB
SReclaimable:      91104 kB
SUnreclaim:       230160 kB
KernelStack:       48880 kB
ShadowCallStack:   12248 kB
PageTables:        76124 kB
NFS_Unstable:          0 kB
Bounce:                0 kB
WritebackTmp:          0 kB
CommitLimit:     8677876 kB
Committed_AS:   69626988 kB
VmallocTotal:   263061440 kB
VmallocUsed:      131948 kB
VmallocChunk:          0 kB
Percpu:             2448 kB
CmaTotal:         405504 kB
CmaFree:               0 kB
MemTotal:        7918588 kB
MemFree:          630712 kB
MemAvailable:    1889712 kB
Buffers:            4700 kB
Cached:          1276396 kB
SwapCached:        11512 kB
Active:          3811192 kB
Inactive:         803096 kB
Active(anon):    3214504 kB
Inactive(anon):   138956 kB
Active(file):     596688 kB
Inactive(file):   664140 kB
Unevictable:        6420 kB
Mlocked:            5980 kB
SwapTotal:       4718584 kB
SwapFree:        3680200 kB
Dirty:               516 kB
Writeback:             0 kB
AnonPages:       3334776 kB
Mapped:           620768 kB
Shmem:             15584 kB
KReclaimable:     388396 kB
Slab:             321380 kB
SReclaimable:      91104 kB
SUnreclaim:       230276 kB
KernelStack:       48928 kB
ShadowCallStack:   12256 kB
PageTables:        76424 kB
NFS_Unstable:          0 kB
Bounce:                0 kB
WritebackTmp:          0 kB
CommitLimit:     8677876 kB
Committed_AS:   69741672 kB
VmallocTotal:   263061440 kB
VmallocUsed:      131960 kB
VmallocChunk:          0 kB
Percpu:             2448 kB
CmaTotal:         405504 kB
CmaFree:               0 kB
MemTotal:        7918588 kB
MemFree:          574228 kB
MemAvailable:    1832384 kB
Buffers:            4700 kB
Cached:          1276400 kB
SwapCached:        11512 kB
Active:          3866504 kB
Inactive:         803096 kB
Active(anon):    3269816 kB
Inactive(anon):   138952 kB
Active(file):     596688 kB
Inactive(file):   664144 kB
Unevictable:        6420 kB
Mlocked:            5980 kB
SwapTotal:       4718584 kB
SwapFree:        3680200 kB
Dirty:               540 kB
Writeback:             0 kB
AnonPages:       3389980 kB
Mapped:           621460 kB
Shmem:             15584 kB
KReclaimable:     387548 kB
Slab:             321388 kB
SReclaimable:      91104 kB
SUnreclaim:       230284 kB
KernelStack:       48928 kB
ShadowCallStack:   12248 kB
PageTables:        76664 kB
NFS_Unstable:          0 kB
Bounce:                0 kB
WritebackTmp:          0 kB
CommitLimit:     8677876 kB
Committed_AS:   69856360 kB
VmallocTotal:   263061440 kB
VmallocUsed:      131984 kB
VmallocChunk:          0 kB
Percpu:             2448 kB
CmaTotal:         405504 kB
CmaFree:               0 kB
MemTotal:        7918588 kB
MemFree:          518248 kB
MemAvailable:    1775744 kB
Buffers:            4700 kB
Cached:          1276428 kB
SwapCached:        11512 kB
Active:          3922340 kB
Inactive:         803104 kB
Active(anon):    3325628 kB
Inactive(anon):   138956 kB
Active(file):     596712 kB
Inactive(file):   664148 kB
Unevictable:        6420 kB
Mlocked:            5980 kB
SwapTotal:       4718584 kB
SwapFree:        3680200 kB
Dirty:               540 kB
Writeback:             0 kB
AnonPages:       3445912 kB
Mapped:           621820 kB
Shmem:             15584 kB
KReclaimable:     386860 kB
Slab:             321492 kB
SReclaimable:      91104 kB
SUnreclaim:       230388 kB
KernelStack:       48928 kB
ShadowCallStack:   12256 kB
PageTables:        76912 kB
NFS_Unstable:          0 kB
Bounce:                0 kB
WritebackTmp:          0 kB
CommitLimit:     8677876 kB
Committed_AS:   69971048 kB
VmallocTotal:   263061440 kB
VmallocUsed:      131952 kB
VmallocChunk:          0 kB
Percpu:             2448 kB
CmaTotal:         405504 kB
CmaFree:               0 kB
MemTotal:        7918588 kB
MemFree:          467564 kB
MemAvailable:    1724612 kB
Buffers:            4700 kB
Cached:          1276436 kB
SwapCached:        11512 kB
Active:          3972576 kB
Inactive:         803112 kB
Active(anon):    3375864 kB
Inactive(anon):   138956 kB
Active(file):     596712 kB
Inactive(file):   664156 kB
Unevictable:        6420 kB
Mlocked:            5980 kB
SwapTotal:       4718584 kB
SwapFree:        3680200 kB
Dirty:               552 kB
Writeback:             0 kB
AnonPages:       3496096 kB
Mapped:           622100 kB
Shmem:             15584 kB
KReclaimable:     386404 kB
Slab:             321528 kB
SReclaimable:      91104 kB
SUnreclaim:       230424 kB
KernelStack:       48896 kB
ShadowCallStack:   12248 kB
PageTables:        77092 kB
NFS_Unstable:          0 kB
Bounce:                0 kB
WritebackTmp:          0 kB
CommitLimit:     8677876 kB
Committed_AS:   70085736 kB
VmallocTotal:   263061440 kB
VmallocUsed:      131944 kB
VmallocChunk:          0 kB
Percpu:             2448 kB
CmaTotal:         405504 kB
CmaFree:               0 kB
MemTotal:        7918588 kB
MemFree:          400760 kB
MemAvailable:    1656928 kB
Buffers:            4700 kB
Cached:          1276436 kB
SwapCached:        11512 kB
Active:          4040412 kB
Inactive:         803116 kB
Active(anon):    3443700 kB
Inactive(anon):   138960 kB
Active(file):     596712 kB
Inactive(file):   664156 kB
Unevictable:        6420 kB
Mlocked:            5980 kB
SwapTotal:       4718584 kB
SwapFree:        3680200 kB
Dirty:               552 kB
Writeback:             0 kB
AnonPages:       3564004 kB
Mapped:           622596 kB
Shmem:             15584 kB
KReclaimable:     385524 kB
Slab:             321592 kB
SReclaimable:      91104 kB
SUnreclaim:       230488 kB
KernelStack:       48896 kB
ShadowCallStack:   12244 kB
PageTables:        77372 kB
NFS_Unstable:          0 kB
Bounce:                0 kB
WritebackTmp:          0 kB
CommitLimit:     8677876 kB
Committed_AS:   70233096 kB
VmallocTotal:   263061440 kB
VmallocUsed:      131924 kB
VmallocChunk:          0 kB
Percpu:             2448 kB
CmaTotal:         405504 kB
CmaFree:               0 kB
MemTotal:        7918588 kB
MemFree:          347060 kB
MemAvailable:    1604008 kB
Buffers:            4708 kB
Cached:          1277756 kB
SwapCached:        11512 kB
Active:          4093312 kB
Inactive:         803116 kB
Active(anon):    3495280 kB
Inactive(anon):   138952 kB
Active(file):     598032 kB
Inactive(file):   664164 kB
Unevictable:        6420 kB
Mlocked:            5980 kB
SwapTotal:       4718584 kB
SwapFree:        3680456 kB
Dirty:               600 kB
Writeback:             0 kB
AnonPages:       3615576 kB
Mapped:           623132 kB
Shmem:             15584 kB
KReclaimable:     384976 kB
Slab:             321680 kB
SReclaimable:      91108 kB
SUnreclaim:       230572 kB
KernelStack:       48880 kB
ShadowCallStack:   12252 kB
PageTables:        77628 kB
NFS_Unstable:          0 kB
Bounce:                0 kB
WritebackTmp:          0 kB
CommitLimit:     8677876 kB
Committed_AS:   70364168 kB
VmallocTotal:   263061440 kB
VmallocUsed:      131924 kB
VmallocChunk:          0 kB
Percpu:             2448 kB
CmaTotal:         405504 kB
CmaFree:               0 kB
MemTotal:        7918588 kB
MemFree:          289840 kB
MemAvailable:    1546036 kB
Buffers:            4708 kB
Cached:          1277756 kB
SwapCached:        11512 kB
Active:          4150108 kB
Inactive:         803116 kB
Active(anon):    3552076 kB
Inactive(anon):   138952 kB
Active(file):     598032 kB
Inactive(file):   664164 kB
Unevictable:        6420 kB
Mlocked:            5980 kB
SwapTotal:       4718584 kB
SwapFree:        3680456 kB
Dirty:               616 kB
Writeback:             0 kB
AnonPages:       3672444 kB
Mapped:           623592 kB
Shmem:             15584 kB
KReclaimable:     384224 kB
Slab:             321736 kB
SReclaimable:      91108 kB
SUnreclaim:       230628 kB
KernelStack:       48880 kB
ShadowCallStack:   12252 kB
PageTables:        77864 kB
NFS_Unstable:          0 kB
Bounce:                0 kB
WritebackTmp:          0 kB
CommitLimit:     8677876 kB
Committed_AS:   70478860 kB
VmallocTotal:   263061440 kB
VmallocUsed:      131924 kB
VmallocChunk:          0 kB
Percpu:             2448 kB
CmaTotal:         405504 kB
CmaFree:               0 kB
MemTotal:        7918588 kB
MemFree:          230344 kB
MemAvailable:    1485900 kB
Buffers:            4708 kB
Cached:          1277772 kB
SwapCached:        11512 kB
Active:          4209820 kB
Inactive:         803116 kB
Active(anon):    3611788 kB
Inactive(anon):   138952 kB
Active(file):     598032 kB
Inactive(file):   664164 kB
Unevictable:        6420 kB
Mlocked:            5980 kB
SwapTotal:       4718584 kB
SwapFree:        3680456 kB
Dirty:               628 kB
Writeback:             0 kB
AnonPages:       3732052 kB
Mapped:           624072 kB
Shmem:             15600 kB
KReclaimable:     383584 kB
Slab:             321900 kB
SReclaimable:      91108 kB
SUnreclaim:       230792 kB
KernelStack:       48848 kB
ShadowCallStack:   12236 kB
PageTables:        78036 kB
NFS_Unstable:          0 kB
Bounce:                0 kB
WritebackTmp:          0 kB
CommitLimit:     8677876 kB
Committed_AS:   70593560 kB
VmallocTotal:   263061440 kB
VmallocUsed:      131900 kB
VmallocChunk:          0 kB
Percpu:             2448 kB
CmaTotal:         405504 kB
CmaFree:               0 kB
MemTotal:        7918588 kB
MemFree:          174920 kB
MemAvailable:    1430184 kB
Buffers:            4708 kB
Cached:          1278132 kB
SwapCached:        11512 kB
Active:          4264536 kB
Inactive:         803124 kB
Active(anon):    3666156 kB
Inactive(anon):   138952 kB
Active(file):     598380 kB
Inactive(file):   664172 kB
Unevictable:        6420 kB
Mlocked:            5980 kB
SwapTotal:       4718584 kB
SwapFree:        3680456 kB
Dirty:               636 kB
Writeback:             0 kB
AnonPages:       3786360 kB
Mapped:           624804 kB
Shmem:             15604 kB
KReclaimable:     382936 kB
Slab:             321868 kB
SReclaimable:      91108 kB
SUnreclaim:       230760 kB
KernelStack:       48864 kB
ShadowCallStack:   12244 kB
PageTables:        78280 kB
NFS_Unstable:          0 kB
Bounce:                0 kB
WritebackTmp:          0 kB
CommitLimit:     8677876 kB
Committed_AS:   70691868 kB
VmallocTotal:   263061440 kB
VmallocUsed:      131904 kB
VmallocChunk:          0 kB
Percpu:             2448 kB
CmaTotal:         405504 kB
CmaFree:               0 kB
MemTotal:        7918588 kB
MemFree:          172868 kB
MemAvailable:    1379464 kB
Buffers:            2684 kB
Cached:          1242472 kB
SwapCached:        11512 kB
Active:          4347168 kB
Inactive:         733156 kB
Active(anon):    3716504 kB
Inactive(anon):   138952 kB
Active(file):     630664 kB
Inactive(file):   594204 kB
Unevictable:        6420 kB
Mlocked:            5980 kB
SwapTotal:       4718584 kB
SwapFree:        3680456 kB
Dirty:               636 kB
Writeback:             0 kB
AnonPages:       3836776 kB
Mapped:           622904 kB
Shmem:             15604 kB
KReclaimable:     371952 kB
Slab:             319092 kB
SReclaimable:      88376 kB
SUnreclaim:       230716 kB
KernelStack:       48864 kB
ShadowCallStack:   12240 kB
PageTables:        78516 kB
NFS_Unstable:          0 kB
Bounce:                0 kB
WritebackTmp:          0 kB
CommitLimit:     8677876 kB
Committed_AS:   70806556 kB
VmallocTotal:   263061440 kB
VmallocUsed:      131920 kB
VmallocChunk:          0 kB
Percpu:             2448 kB
CmaTotal:         405504 kB
CmaFree:               0 kB
MemTotal:        7918588 kB
MemFree:          167020 kB
MemAvailable:    1320728 kB
Buffers:            2708 kB
Cached:          1193996 kB
SwapCached:        11512 kB
Active:          4404732 kB
Inactive:         684656 kB
Active(anon):    3774020 kB
Inactive(anon):   138952 kB
Active(file):     630712 kB
Inactive(file):   545704 kB
Unevictable:        6420 kB
Mlocked:            5980 kB
SwapTotal:       4718584 kB
SwapFree:        3680456 kB
Dirty:               636 kB
Writeback:             0 kB
AnonPages:       3894100 kB
Mapped:           623392 kB
Shmem:             15604 kB
KReclaimable:     367516 kB
Slab:             318976 kB
SReclaimable:      88212 kB
SUnreclaim:       230764 kB
KernelStack:       48944 kB
ShadowCallStack:   12256 kB
PageTables:        78540 kB
NFS_Unstable:          0 kB
Bounce:                0 kB
WritebackTmp:          0 kB
CommitLimit:     8677876 kB
Committed_AS:   70921504 kB
VmallocTotal:   263061440 kB
VmallocUsed:      131956 kB
VmallocChunk:          0 kB
Percpu:             2448 kB
CmaTotal:         405504 kB
CmaFree:               0 kB
MemTotal:        7918588 kB
MemFree:          167880 kB
MemAvailable:    1283964 kB
Buffers:            2708 kB
Cached:          1160840 kB
SwapCached:        11512 kB
Active:          4450684 kB
Inactive:         651488 kB
Active(anon):    3819972 kB
Inactive(anon):   138940 kB
Active(file):     630712 kB
Inactive(file):   512548 kB
Unevictable:        6420 kB
Mlocked:            5980 kB
SwapTotal:       4718584 kB
SwapFree:        3680456 kB
Dirty:               636 kB
Writeback:             0 kB
AnonPages:       3940308 kB
Mapped:           623648 kB
Shmem:             15604 kB
KReclaimable:     363048 kB
Slab:             318156 kB
SReclaimable:      87344 kB
SUnreclaim:       230812 kB
KernelStack:       48960 kB
ShadowCallStack:   12260 kB
PageTables:        79180 kB
NFS_Unstable:          0 kB
Bounce:                0 kB
WritebackTmp:          0 kB
CommitLimit:     8677876 kB
Committed_AS:   71036140 kB
VmallocTotal:   263061440 kB
VmallocUsed:      131968 kB
VmallocChunk:          0 kB
Percpu:             2448 kB
CmaTotal:         405504 kB
CmaFree:               0 kB
MemTotal:        7918588 kB
MemFree:          166288 kB
MemAvailable:    1221448 kB
Buffers:            2644 kB
Cached:          1108148 kB
SwapCached:        11512 kB
Active:          4545224 kB
Inactive:         566352 kB
Active(anon):    3882044 kB
Inactive(anon):   138952 kB
Active(file):     663180 kB
Inactive(file):   427400 kB
Unevictable:        6420 kB
Mlocked:            5980 kB
SwapTotal:       4718584 kB
SwapFree:        3680456 kB
Dirty:               672 kB
Writeback:             0 kB
AnonPages:       4002440 kB
Mapped:           613932 kB
Shmem:             15604 kB
KReclaimable:     354804 kB
Slab:             317320 kB
SReclaimable:      86420 kB
SUnreclaim:       230900 kB
KernelStack:       48928 kB
ShadowCallStack:   12264 kB
PageTables:        79184 kB
NFS_Unstable:          0 kB
Bounce:                0 kB
WritebackTmp:          0 kB
CommitLimit:     8677876 kB
Committed_AS:   71150828 kB
VmallocTotal:   263061440 kB
VmallocUsed:      131984 kB
VmallocChunk:          0 kB
Percpu:             2448 kB
CmaTotal:         405504 kB
CmaFree:               0 kB
MemTotal:        7918588 kB
MemFree:          168176 kB
MemAvailable:    1176224 kB
Buffers:            2636 kB
Cached:          1066952 kB
SwapCached:        11512 kB
Active:          4609036 kB
Inactive:         505436 kB
Active(anon):    3926220 kB
Inactive(anon):   138956 kB
Active(file):     682816 kB
Inactive(file):   366480 kB
Unevictable:        6420 kB
Mlocked:            5980 kB
SwapTotal:       4718584 kB
SwapFree:        3680456 kB
Dirty:               680 kB
Writeback:             0 kB
AnonPages:       4046388 kB
Mapped:           601788 kB
Shmem:             15608 kB
KReclaimable:     348976 kB
Slab:             316900 kB
SReclaimable:      85808 kB
SUnreclaim:       231092 kB
KernelStack:       48960 kB
ShadowCallStack:   12268 kB
PageTables:        79680 kB
NFS_Unstable:          0 kB
Bounce:                0 kB
WritebackTmp:          0 kB
CommitLimit:     8677876 kB
Committed_AS:   71249136 kB
VmallocTotal:   263061440 kB
VmallocUsed:      131984 kB
VmallocChunk:          0 kB
Percpu:             2448 kB
CmaTotal:         405504 kB
CmaFree:               0 kB
MemTotal:        7918588 kB
MemFree:          167652 kB
MemAvailable:    1125436 kB
Buffers:            2624 kB
Cached:          1021908 kB
SwapCached:        11512 kB
Active:          4674920 kB
Inactive:         445296 kB
Active(anon):    3977236 kB
Inactive(anon):   138952 kB
Active(file):     697684 kB
Inactive(file):   306344 kB
Unevictable:        6420 kB
Mlocked:            5980 kB
SwapTotal:       4718584 kB
SwapFree:        3680456 kB
Dirty:               680 kB
Writeback:             0 kB
AnonPages:       4097464 kB
Mapped:           584864 kB
Shmem:             15608 kB
KReclaimable:     343980 kB
Slab:             316412 kB
SReclaimable:      85404 kB
SUnreclaim:       231008 kB
KernelStack:       48928 kB
ShadowCallStack:   12264 kB
PageTables:        79616 kB
NFS_Unstable:          0 kB
Bounce:                0 kB
WritebackTmp:          0 kB
CommitLimit:     8677876 kB
Committed_AS:   71347440 kB
VmallocTotal:   263061440 kB
VmallocUsed:      131988 kB
VmallocChunk:          0 kB
Percpu:             2448 kB
CmaTotal:         405504 kB
CmaFree:               0 kB
MemTotal:        7918588 kB
MemFree:          169204 kB
MemAvailable:    1065228 kB
Buffers:            2608 kB
Cached:           966112 kB
SwapCached:        11512 kB
Active:          4734996 kB
Inactive:         388876 kB
Active(anon):    4036492 kB
Inactive(anon):   138952 kB
Active(file):     698504 kB
Inactive(file):   249924 kB
Unevictable:        6420 kB
Mlocked:            5980 kB
SwapTotal:       4718584 kB
SwapFree:        3680456 kB
Dirty:               132 kB
Writeback:             0 kB
AnonPages:       4156748 kB
Mapped:           583576 kB
Shmem:             15608 kB
KReclaimable:     337820 kB
Slab:             315192 kB
SReclaimable:      84116 kB
SUnreclaim:       231076 kB
KernelStack:       48976 kB
ShadowCallStack:   12264 kB
PageTables:        80016 kB
NFS_Unstable:          0 kB
Bounce:                0 kB
WritebackTmp:          0 kB
CommitLimit:     8677876 kB
Committed_AS:   71479204 kB
VmallocTotal:   263061440 kB
VmallocUsed:      132004 kB
VmallocChunk:          0 kB
Percpu:             2448 kB
CmaTotal:         405504 kB
CmaFree:               0 kB
MemTotal:        7918588 kB
MemFree:          168428 kB
MemAvailable:    1017288 kB
Buffers:            2428 kB
Cached:           924552 kB
SwapCached:        11512 kB
Active:          4793684 kB
Inactive:         335332 kB
Active(anon):    4083376 kB
Inactive(anon):   138952 kB
Active(file):     710308 kB
Inactive(file):   196380 kB
Unevictable:        6420 kB
Mlocked:            5980 kB
SwapTotal:       4718584 kB
SwapFree:        3680456 kB
Dirty:               212 kB
Writeback:             0 kB
AnonPages:       4203628 kB
Mapped:           582428 kB
Shmem:             15608 kB
KReclaimable:     332396 kB
Slab:             314216 kB
SReclaimable:      83172 kB
SUnreclaim:       231044 kB
KernelStack:       48976 kB
ShadowCallStack:   12252 kB
PageTables:        79708 kB
NFS_Unstable:          0 kB
Bounce:                0 kB
WritebackTmp:          0 kB
CommitLimit:     8677876 kB
Committed_AS:   71577464 kB
VmallocTotal:   263061440 kB
VmallocUsed:      131984 kB
VmallocChunk:          0 kB
Percpu:             2448 kB
CmaTotal:         405504 kB
CmaFree:               0 kB
MemTotal:        7918588 kB
MemFree:          165896 kB
MemAvailable:     963780 kB
Buffers:            2432 kB
Cached:           878180 kB
SwapCached:        11512 kB
Active:          4846444 kB
Inactive:         288960 kB
Active(anon):    4136136 kB
Inactive(anon):   138952 kB
Active(file):     710308 kB
Inactive(file):   150008 kB
Unevictable:        6420 kB
Mlocked:            5980 kB
SwapTotal:       4718584 kB
SwapFree:        3680456 kB
Dirty:               268 kB
Writeback:             0 kB
AnonPages:       4256412 kB
Mapped:           582704 kB
Shmem:             15612 kB
KReclaimable:     327792 kB
Slab:             313012 kB
SReclaimable:      81928 kB
SUnreclaim:       231084 kB
KernelStack:       48720 kB
ShadowCallStack:   12208 kB
PageTables:        80268 kB
NFS_Unstable:          0 kB
Bounce:                0 kB
WritebackTmp:          0 kB
CommitLimit:     8677876 kB
Committed_AS:   71691480 kB
VmallocTotal:   263061440 kB
VmallocUsed:      131728 kB
VmallocChunk:          0 kB
Percpu:             2448 kB
CmaTotal:         405504 kB
CmaFree:               0 kB
MemTotal:        7918588 kB
MemFree:          169496 kB
MemAvailable:     904072 kB
Buffers:            2432 kB
Cached:           820596 kB
SwapCached:        11512 kB
Active:          4905384 kB
Inactive:         231368 kB
Active(anon):    4195068 kB
Inactive(anon):   138952 kB
Active(file):     710316 kB
Inactive(file):    92416 kB
Unevictable:        6420 kB
Mlocked:            5980 kB
SwapTotal:       4718584 kB
SwapFree:        3680456 kB
Dirty:               292 kB
Writeback:             0 kB
AnonPages:       4315296 kB
Mapped:           583172 kB
Shmem:             15612 kB
KReclaimable:     322068 kB
Slab:             311540 kB
SReclaimable:      80436 kB
SUnreclaim:       231104 kB
KernelStack:       48720 kB
ShadowCallStack:   12204 kB
PageTables:        80548 kB
NFS_Unstable:          0 kB
Bounce:                0 kB
WritebackTmp:          0 kB
CommitLimit:     8677876 kB
Committed_AS:   71822500 kB
VmallocTotal:   263061440 kB
VmallocUsed:      131700 kB
VmallocChunk:          0 kB
Percpu:             2448 kB
CmaTotal:         405504 kB
CmaFree:               0 kB
MemTotal:        7918588 kB
MemFree:          166404 kB
MemAvailable:     862412 kB
Buffers:             444 kB
Cached:           797392 kB
SwapCached:        11512 kB
Active:          5010748 kB
Inactive:         140464 kB
Active(anon):    4266084 kB
Inactive(anon):   107388 kB
Active(file):     744664 kB
Inactive(file):    33076 kB
Unevictable:        6420 kB
Mlocked:            5980 kB
SwapTotal:       4718584 kB
SwapFree:        3671240 kB
Dirty:               268 kB
Writeback:            28 kB
AnonPages:       4354860 kB
Mapped:           572468 kB
Shmem:             15412 kB
KReclaimable:     308492 kB
Slab:             311220 kB
SReclaimable:      80172 kB
SUnreclaim:       231048 kB
KernelStack:       48656 kB
ShadowCallStack:   12176 kB
PageTables:        81024 kB
NFS_Unstable:          0 kB
Bounce:                0 kB
WritebackTmp:          0 kB
CommitLimit:     8677876 kB
Committed_AS:   71937036 kB
VmallocTotal:   263061440 kB
VmallocUsed:      131644 kB
VmallocChunk:          0 kB
Percpu:             2448 kB
CmaTotal:         405504 kB
CmaFree:               0 kB
MemTotal:        7918588 kB
MemFree:          191948 kB
MemAvailable:     829480 kB
Buffers:             432 kB
Cached:           761556 kB
SwapCached:        11512 kB
Active:           489564 kB
Inactive:        4651768 kB
Active(anon):     367308 kB
Inactive(anon):  4032056 kB
Active(file):     122256 kB
Inactive(file):   619712 kB
Unevictable:        6420 kB
Mlocked:            5980 kB
SwapTotal:       4718584 kB
SwapFree:        3649224 kB
Dirty:               260 kB
Writeback:             0 kB
AnonPages:       4380884 kB
Mapped:           552952 kB
Shmem:             15336 kB
KReclaimable:     285788 kB
Slab:             311236 kB
SReclaimable:      80140 kB
SUnreclaim:       231096 kB
KernelStack:       48640 kB
ShadowCallStack:   12184 kB
PageTables:        80924 kB
NFS_Unstable:          0 kB
Bounce:                0 kB
WritebackTmp:          0 kB
CommitLimit:     8677876 kB
Committed_AS:   72018848 kB
VmallocTotal:   263061440 kB
VmallocUsed:      131604 kB
VmallocChunk:          0 kB
Percpu:             2448 kB
CmaTotal:         405504 kB
CmaFree:            1060 kB
MemTotal:        7918588 kB
MemFree:          167560 kB
MemAvailable:     787784 kB
Buffers:             432 kB
Cached:           745704 kB
SwapCached:        11512 kB
Active:           535296 kB
Inactive:        4633984 kB
Active(anon):     412420 kB
Inactive(anon):  4030744 kB
Active(file):     122876 kB
Inactive(file):   603240 kB
Unevictable:        6420 kB
Mlocked:            5980 kB
SwapTotal:       4718584 kB
SwapFree:        3649224 kB
Dirty:               264 kB
Writeback:             0 kB
AnonPages:       4424916 kB
Mapped:           547116 kB
Shmem:             15336 kB
KReclaimable:     284332 kB
Slab:             311144 kB
SReclaimable:      80140 kB
SUnreclaim:       231004 kB
KernelStack:       48640 kB
ShadowCallStack:   12176 kB
PageTables:        80676 kB
NFS_Unstable:          0 kB
Bounce:                0 kB
WritebackTmp:          0 kB
CommitLimit:     8677876 kB
Committed_AS:   72117152 kB
VmallocTotal:   263061440 kB
VmallocUsed:      131604 kB
VmallocChunk:          0 kB
Percpu:             2448 kB
CmaTotal:         405504 kB
CmaFree:             116 kB
MemTotal:        7918588 kB
MemFree:          168496 kB
MemAvailable:     745152 kB
Buffers:             420 kB
Cached:           704768 kB
SwapCached:        11516 kB
Active:           581036 kB
Inactive:        4589056 kB
Active(anon):     455204 kB
Inactive(anon):  4029720 kB
Active(file):     125832 kB
Inactive(file):   559336 kB
Unevictable:        6420 kB
Mlocked:            5980 kB
SwapTotal:       4718584 kB
SwapFree:        3649224 kB
Dirty:               264 kB
Writeback:             0 kB
AnonPages:       4466312 kB
Mapped:           531492 kB
Shmem:             15336 kB
KReclaimable:     281712 kB
Slab:             311192 kB
SReclaimable:      80136 kB
SUnreclaim:       231056 kB
KernelStack:       48448 kB
ShadowCallStack:   12144 kB
PageTables:        81228 kB
NFS_Unstable:          0 kB
Bounce:                0 kB
WritebackTmp:          0 kB
CommitLimit:     8677876 kB
Committed_AS:   72198348 kB
VmallocTotal:   263061440 kB
VmallocUsed:      131352 kB
VmallocChunk:          0 kB
Percpu:             2448 kB
CmaTotal:         405504 kB
CmaFree:              52 kB
MemTotal:        7918588 kB
MemFree:          168044 kB
MemAvailable:     687320 kB
Buffers:             416 kB
Cached:           650948 kB
SwapCached:        11516 kB
Active:           640840 kB
Inactive:        4532680 kB
Active(anon):     513140 kB
Inactive(anon):  4029036 kB
Active(file):     127700 kB
Inactive(file):   503644 kB
Unevictable:        6420 kB
Mlocked:            5980 kB
SwapTotal:       4718584 kB
SwapFree:        3649224 kB
Dirty:               272 kB
Writeback:             0 kB
AnonPages:       4523784 kB
Mapped:           517412 kB
Shmem:             15336 kB
KReclaimable:     278156 kB
Slab:             311136 kB
SReclaimable:      80132 kB
SUnreclaim:       231004 kB
KernelStack:       48272 kB
ShadowCallStack:   12088 kB
PageTables:        80976 kB
NFS_Unstable:          0 kB
Bounce:                0 kB
WritebackTmp:          0 kB
CommitLimit:     8677876 kB
Committed_AS:   72312720 kB
VmallocTotal:   263061440 kB
VmallocUsed:      131184 kB
VmallocChunk:          0 kB
Percpu:             2448 kB
CmaTotal:         405504 kB
CmaFree:              52 kB
MemTotal:        7918588 kB
MemFree:          167372 kB
MemAvailable:     629088 kB
Buffers:             564 kB
Cached:           596732 kB
SwapCached:        11516 kB
Active:           699576 kB
Inactive:        4477408 kB
Active(anon):     570728 kB
Inactive(anon):  4028984 kB
Active(file):     128848 kB
Inactive(file):   448424 kB
Unevictable:        6420 kB
Mlocked:            5980 kB
SwapTotal:       4718584 kB
SwapFree:        3649224 kB
Dirty:               292 kB
Writeback:             0 kB
AnonPages:       4581292 kB
Mapped:           509148 kB
Shmem:             15340 kB
KReclaimable:     274668 kB
Slab:             311052 kB
SReclaimable:      79972 kB
SUnreclaim:       231080 kB
KernelStack:       48272 kB
ShadowCallStack:   12096 kB
PageTables:        81604 kB
NFS_Unstable:          0 kB
Bounce:                0 kB
WritebackTmp:          0 kB
CommitLimit:     8677876 kB
Committed_AS:   72443744 kB
VmallocTotal:   263061440 kB
VmallocUsed:      131128 kB
VmallocChunk:          0 kB
Percpu:             2448 kB
CmaTotal:         405504 kB
CmaFree:               0 kB
MemTotal:        7918588 kB
MemFree:          167236 kB
MemAvailable:     581816 kB
Buffers:             572 kB
Cached:           552180 kB
SwapCached:        11516 kB
Active:           746648 kB
Inactive:        4432728 kB
Active(anon):     617720 kB
Inactive(anon):  4028928 kB
Active(file):     128928 kB
Inactive(file):   403800 kB
Unevictable:        6420 kB
Mlocked:            5980 kB
SwapTotal:       4718584 kB
SwapFree:        3649224 kB
Dirty:               112 kB
Writeback:             0 kB
AnonPages:       4628236 kB
Mapped:           508588 kB
Shmem:             15340 kB
KReclaimable:     272076 kB
Slab:             311028 kB
SReclaimable:      79964 kB
SUnreclaim:       231064 kB
KernelStack:       48336 kB
ShadowCallStack:   12100 kB
PageTables:        82100 kB
NFS_Unstable:          0 kB
Bounce:                0 kB
WritebackTmp:          0 kB
CommitLimit:     8677876 kB
Committed_AS:   72542048 kB
VmallocTotal:   263061440 kB
VmallocUsed:      131176 kB
VmallocChunk:          0 kB
Percpu:             2448 kB
CmaTotal:         405504 kB
CmaFree:               0 kB
MemTotal:        7918588 kB
MemFree:          165460 kB
MemAvailable:     532436 kB
Buffers:             572 kB
Cached:           507220 kB
SwapCached:        11516 kB
Active:           796244 kB
Inactive:        4386736 kB
Active(anon):     666360 kB
Inactive(anon):  4028880 kB
Active(file):     129884 kB
Inactive(file):   357856 kB
Unevictable:        6420 kB
Mlocked:            5980 kB
SwapTotal:       4718584 kB
SwapFree:        3649224 kB
Dirty:               112 kB
Writeback:             0 kB
AnonPages:       4676764 kB
Mapped:           508772 kB
Shmem:             15340 kB
KReclaimable:     269460 kB
Slab:             311060 kB
SReclaimable:      79964 kB
SUnreclaim:       231096 kB
KernelStack:       48288 kB
ShadowCallStack:   12100 kB
PageTables:        82280 kB
NFS_Unstable:          0 kB
Bounce:                0 kB
WritebackTmp:          0 kB
CommitLimit:     8677876 kB
Committed_AS:   72623968 kB
VmallocTotal:   263061440 kB
VmallocUsed:      131184 kB
VmallocChunk:          0 kB
Percpu:             2448 kB
CmaTotal:         405504 kB
CmaFree:               0 kB
MemTotal:        7918588 kB
MemFree:          171376 kB
MemAvailable:     475116 kB
Buffers:             572 kB
Cached:           447548 kB
SwapCached:        11516 kB
Active:           854508 kB
Inactive:        4325000 kB
Active(anon):     722516 kB
Inactive(anon):  4028880 kB
Active(file):     131992 kB
Inactive(file):   296120 kB
Unevictable:        6420 kB
Mlocked:            5980 kB
SwapTotal:       4718584 kB
SwapFree:        3649224 kB
Dirty:               112 kB
Writeback:             0 kB
AnonPages:       4733000 kB
Mapped:           503912 kB
Shmem:             15340 kB
KReclaimable:     265852 kB
Slab:             311004 kB
SReclaimable:      79964 kB
SUnreclaim:       231040 kB
KernelStack:       48304 kB
ShadowCallStack:   12104 kB
PageTables:        82152 kB
NFS_Unstable:          0 kB
Bounce:                0 kB
WritebackTmp:          0 kB
CommitLimit:     8677876 kB
Committed_AS:   72738656 kB
VmallocTotal:   263061440 kB
VmallocUsed:      131184 kB
VmallocChunk:          0 kB
Percpu:             2448 kB
CmaTotal:         405504 kB
CmaFree:               0 kB
MemTotal:        7918588 kB
MemFree:          172644 kB
MemAvailable:     411900 kB
Buffers:             568 kB
Cached:           386940 kB
SwapCached:        11516 kB
Active:           924700 kB
Inactive:        4255496 kB
Active(anon):     785244 kB
Inactive(anon):  4027568 kB
Active(file):     139456 kB
Inactive(file):   227928 kB
Unevictable:        6420 kB
Mlocked:            5980 kB
SwapTotal:       4718584 kB
SwapFree:        3649224 kB
Dirty:               136 kB
Writeback:             0 kB
AnonPages:       4794292 kB
Mapped:           485336 kB
Shmem:             15344 kB
KReclaimable:     262096 kB
Slab:             311060 kB
SReclaimable:      79960 kB
SUnreclaim:       231100 kB
KernelStack:       48272 kB
ShadowCallStack:   12092 kB
PageTables:        82804 kB
NFS_Unstable:          0 kB
Bounce:                0 kB
WritebackTmp:          0 kB
CommitLimit:     8677876 kB
Committed_AS:   72869732 kB
VmallocTotal:   263061440 kB
VmallocUsed:      131164 kB
VmallocChunk:          0 kB
Percpu:             2448 kB
CmaTotal:         405504 kB
CmaFree:               0 kB
MemTotal:        7918588 kB
MemFree:          165548 kB
MemAvailable:     366964 kB
Buffers:             560 kB
Cached:           350948 kB
SwapCached:        11516 kB
Active:           970976 kB
Inactive:        4217804 kB
Active(anon):     829932 kB
Inactive(anon):  4027368 kB
Active(file):     141044 kB
Inactive(file):   190436 kB
Unevictable:        6420 kB
Mlocked:            5980 kB
SwapTotal:       4718584 kB
SwapFree:        3649224 kB
Dirty:               140 kB
Writeback:             0 kB
AnonPages:       4838792 kB
Mapped:           473568 kB
Shmem:             15344 kB
KReclaimable:     260160 kB
Slab:             311196 kB
SReclaimable:      79960 kB
SUnreclaim:       231236 kB
KernelStack:       48224 kB
ShadowCallStack:   12096 kB
PageTables:        82912 kB
NFS_Unstable:          0 kB
Bounce:                0 kB
WritebackTmp:          0 kB
CommitLimit:     8677876 kB
Committed_AS:   72951548 kB
VmallocTotal:   263061440 kB
VmallocUsed:      131124 kB
VmallocChunk:          0 kB
Percpu:             2448 kB
CmaTotal:         405504 kB
CmaFree:               0 kB
MemTotal:        7918588 kB
MemFree:          168972 kB
MemAvailable:     315776 kB
Buffers:             560 kB
Cached:           300260 kB
SwapCached:        11516 kB
Active:          1034236 kB
Inactive:        4154568 kB
Active(anon):     880644 kB
Inactive(anon):  4027368 kB
Active(file):     153592 kB
Inactive(file):   127200 kB
Unevictable:        6420 kB
Mlocked:            5980 kB
SwapTotal:       4718584 kB
SwapFree:        3649224 kB
Dirty:               140 kB
Writeback:            24 kB
AnonPages:       4889532 kB
Mapped:           436076 kB
Shmem:             15344 kB
KReclaimable:     256236 kB
Slab:             310572 kB
SReclaimable:      79364 kB
SUnreclaim:       231208 kB
KernelStack:       48240 kB
ShadowCallStack:   12072 kB
PageTables:        82884 kB
NFS_Unstable:          0 kB
Bounce:                0 kB
WritebackTmp:          0 kB
CommitLimit:     8677876 kB
Committed_AS:   73066236 kB
VmallocTotal:   263061440 kB
VmallocUsed:      131128 kB
VmallocChunk:          0 kB
Percpu:             2448 kB
CmaTotal:         405504 kB
CmaFree:               0 kB
MemTotal:        7918588 kB
MemFree:          166588 kB
MemAvailable:     263712 kB
Buffers:             568 kB
Cached:           251244 kB
SwapCached:        11516 kB
Active:          1108780 kB
Inactive:        4088608 kB
Active(anon):     938288 kB
Inactive(anon):  4027324 kB
Active(file):     170492 kB
Inactive(file):    61284 kB
Unevictable:        6420 kB
Mlocked:            5980 kB
SwapTotal:       4718584 kB
SwapFree:        3649224 kB
Dirty:               212 kB
Writeback:             0 kB
AnonPages:       4947344 kB
Mapped:           385244 kB
Shmem:             15352 kB
KReclaimable:     250200 kB
Slab:             307812 kB
SReclaimable:      76496 kB
SUnreclaim:       231316 kB
KernelStack:       48288 kB
ShadowCallStack:   12088 kB
PageTables:        83412 kB
NFS_Unstable:          0 kB
Bounce:                0 kB
WritebackTmp:          0 kB
CommitLimit:     8677876 kB
Committed_AS:   73164548 kB
VmallocTotal:   263061440 kB
VmallocUsed:      131144 kB
VmallocChunk:          0 kB
Percpu:             2448 kB
CmaTotal:         405504 kB
CmaFree:               0 kB
MemTotal:        7918588 kB
MemFree:          166388 kB
MemAvailable:     240844 kB
Buffers:             372 kB
Cached:           221592 kB
SwapCached:        11516 kB
Active:          1158640 kB
Inactive:        4045232 kB
Active(anon):     974640 kB
Inactive(anon):  4027316 kB
Active(file):     184000 kB
Inactive(file):    17916 kB
Unevictable:        6420 kB
Mlocked:            5980 kB
SwapTotal:       4718584 kB
SwapFree:        3649224 kB
Dirty:               212 kB
Writeback:             0 kB
AnonPages:       4983412 kB
Mapped:           357540 kB
Shmem:             15352 kB
KReclaimable:     242396 kB
Slab:             307724 kB
SReclaimable:      76396 kB
SUnreclaim:       231328 kB
KernelStack:       48240 kB
ShadowCallStack:   12080 kB
PageTables:        83108 kB
NFS_Unstable:          0 kB
Bounce:                0 kB
WritebackTmp:          0 kB
CommitLimit:     8677876 kB
Committed_AS:   73246468 kB
VmallocTotal:   263061440 kB
VmallocUsed:      131140 kB
VmallocChunk:          0 kB
Percpu:             2448 kB
CmaTotal:         405504 kB
CmaFree:               4 kB
MemTotal:        7918588 kB
MemFree:          162580 kB
MemAvailable:     223176 kB
Buffers:             372 kB
Cached:           204952 kB
SwapCached:        11108 kB
Active:          1263604 kB
Inactive:        3943868 kB
Active(anon):    1077852 kB
Inactive(anon):  3943868 kB
Active(file):     185752 kB
Inactive(file):        0 kB
Unevictable:        6420 kB
Mlocked:            5980 kB
SwapTotal:       4718584 kB
SwapFree:        3615944 kB
Dirty:               224 kB
Writeback:             4 kB
AnonPages:       5003820 kB
Mapped:           351496 kB
Shmem:             14852 kB
KReclaimable:     230844 kB
Slab:             307784 kB
SReclaimable:      76396 kB
SUnreclaim:       231388 kB
KernelStack:       48240 kB
ShadowCallStack:   12092 kB
PageTables:        83392 kB
NFS_Unstable:          0 kB
Bounce:                0 kB
WritebackTmp:          0 kB
CommitLimit:     8677876 kB
Committed_AS:   73328336 kB
VmallocTotal:   263061440 kB
VmallocUsed:      131128 kB
VmallocChunk:          0 kB
Percpu:             2448 kB
CmaTotal:         405504 kB
CmaFree:               0 kB
MemTotal:        7918588 kB
MemFree:          210092 kB
MemAvailable:     274284 kB
Buffers:             376 kB
Cached:           268972 kB
SwapCached:         4992 kB
Active:          1886236 kB
Inactive:        3344260 kB
Active(anon):    1635368 kB
Inactive(anon):  3344260 kB
Active(file):     250868 kB
Inactive(file):        0 kB
Unevictable:        6420 kB
Mlocked:            5980 kB
SwapTotal:       4718584 kB
SwapFree:        3599304 kB
Dirty:               224 kB
Writeback:             0 kB
AnonPages:       4967544 kB
Mapped:           355124 kB
Shmem:             13796 kB
KReclaimable:     164576 kB
Slab:             307720 kB
SReclaimable:      76400 kB
SUnreclaim:       231320 kB
KernelStack:       45776 kB
ShadowCallStack:   11468 kB
PageTables:        79260 kB
NFS_Unstable:          0 kB
Bounce:                0 kB
WritebackTmp:          0 kB
CommitLimit:     8677876 kB
Committed_AS:   66715520 kB
VmallocTotal:   263061440 kB
VmallocUsed:      127984 kB
VmallocChunk:          0 kB
Percpu:             2448 kB
CmaTotal:         405504 kB
CmaFree:             316 kB
MemTotal:        7918588 kB
MemFree:          163360 kB
MemAvailable:     228004 kB
Buffers:             376 kB
Cached:           269728 kB
SwapCached:         4992 kB
Active:          1933116 kB
Inactive:        3344240 kB
Active(anon):    1681560 kB
Inactive(anon):  3344236 kB
Active(file):     251556 kB
Inactive(file):        4 kB
Unevictable:        6420 kB
Mlocked:            5980 kB
SwapTotal:       4718584 kB
SwapFree:        3600072 kB
Dirty:               224 kB
Writeback:             0 kB
AnonPages:       5013664 kB
Mapped:           355848 kB
Shmem:             13860 kB
KReclaimable:     164096 kB
Slab:             307732 kB
SReclaimable:      76400 kB
SUnreclaim:       231332 kB
KernelStack:       45776 kB
ShadowCallStack:   11452 kB
PageTables:        79424 kB
NFS_Unstable:          0 kB
Bounce:                0 kB
WritebackTmp:          0 kB
CommitLimit:     8677876 kB
Committed_AS:   66797440 kB
VmallocTotal:   263061440 kB
VmallocUsed:      127992 kB
VmallocChunk:          0 kB
Percpu:             2448 kB
CmaTotal:         405504 kB
CmaFree:             316 kB
MemTotal:        7918588 kB
MemFree:          245348 kB
MemAvailable:     305764 kB
Buffers:             384 kB
Cached:           278528 kB
SwapCached:         4996 kB
Active:          3239428 kB
Inactive:        1979760 kB
Active(anon):    3028248 kB
Inactive(anon):  1930588 kB
Active(file):     211180 kB
Inactive(file):    49172 kB
Unevictable:        6420 kB
Mlocked:            5980 kB
SwapTotal:       4718584 kB
SwapFree:        3478984 kB
Dirty:               228 kB
Writeback:             0 kB
AnonPages:       4946616 kB
Mapped:           358988 kB
Shmem:             13876 kB
KReclaimable:     138056 kB
Slab:             307656 kB
SReclaimable:      76392 kB
SUnreclaim:       231264 kB
KernelStack:       45792 kB
ShadowCallStack:   11468 kB
PageTables:        79620 kB
NFS_Unstable:          0 kB
Bounce:                0 kB
WritebackTmp:          0 kB
CommitLimit:     8677876 kB
Committed_AS:   66912176 kB
VmallocTotal:   263061440 kB
VmallocUsed:      128028 kB
VmallocChunk:          0 kB
Percpu:             2448 kB
CmaTotal:         405504 kB
CmaFree:             316 kB
MemTotal:        7918588 kB
MemFree:          198752 kB
MemAvailable:     259876 kB
Buffers:             384 kB
Cached:           279492 kB
SwapCached:         4996 kB
Active:          3287108 kB
Inactive:        1979760 kB
Active(anon):    3075004 kB
Inactive(anon):  1930580 kB
Active(file):     212104 kB
Inactive(file):    49180 kB
Unevictable:        6420 kB
Mlocked:            5980 kB
SwapTotal:       4718584 kB
SwapFree:        3479496 kB
Dirty:               236 kB
Writeback:             0 kB
AnonPages:       4993232 kB
Mapped:           359548 kB
Shmem:             13908 kB
KReclaimable:     137608 kB
Slab:             307656 kB
SReclaimable:      76392 kB
SUnreclaim:       231264 kB
KernelStack:       45792 kB
ShadowCallStack:   11468 kB
PageTables:        79988 kB
NFS_Unstable:          0 kB
Bounce:                0 kB
WritebackTmp:          0 kB
CommitLimit:     8677876 kB
Committed_AS:   67010432 kB
VmallocTotal:   263061440 kB
VmallocUsed:      127992 kB
VmallocChunk:          0 kB
Percpu:             2448 kB
CmaTotal:         405504 kB
CmaFree:             316 kB
MemTotal:        7918588 kB
MemFree:          158352 kB
MemAvailable:     220348 kB
Buffers:             384 kB
Cached:           280556 kB
SwapCached:         4996 kB
Active:          3346512 kB
Inactive:        1960648 kB
Active(anon):    3133348 kB
Inactive(anon):  1911460 kB
Active(file):     213164 kB
Inactive(file):    49188 kB
Unevictable:        6420 kB
Mlocked:            5980 kB
SwapTotal:       4718584 kB
SwapFree:        3463624 kB
Dirty:               244 kB
Writeback:             0 kB
AnonPages:       5032624 kB
Mapped:           360620 kB
Shmem:             13908 kB
KReclaimable:     137216 kB
Slab:             307648 kB
SReclaimable:      76392 kB
SUnreclaim:       231256 kB
KernelStack:       45808 kB
ShadowCallStack:   11468 kB
PageTables:        80052 kB
NFS_Unstable:          0 kB
Bounce:                0 kB
WritebackTmp:          0 kB
CommitLimit:     8677876 kB
Committed_AS:   67125120 kB
VmallocTotal:   263061440 kB
VmallocUsed:      127992 kB
VmallocChunk:          0 kB
Percpu:             2448 kB
CmaTotal:         405504 kB
CmaFree:             316 kB
MemTotal:        7918588 kB
MemFree:          159336 kB
MemAvailable:     229412 kB
Buffers:             384 kB
Cached:           289192 kB
SwapCached:         5016 kB
Active:          3424064 kB
Inactive:        1881824 kB
Active(anon):    3202420 kB
Inactive(anon):  1832636 kB
Active(file):     221644 kB
Inactive(file):    49188 kB
Unevictable:        6420 kB
Mlocked:            5980 kB
SwapTotal:       4718584 kB
SwapFree:        3401672 kB
Dirty:               244 kB
Writeback:             0 kB
AnonPages:       5022488 kB
Mapped:           363132 kB
Shmem:             14064 kB
KReclaimable:     136416 kB
Slab:             307668 kB
SReclaimable:      76392 kB
SUnreclaim:       231276 kB
KernelStack:       45728 kB
ShadowCallStack:   11460 kB
PageTables:        79884 kB
NFS_Unstable:          0 kB
Bounce:                0 kB
WritebackTmp:          0 kB
CommitLimit:     8677876 kB
Committed_AS:   67207040 kB
VmallocTotal:   263061440 kB
VmallocUsed:      127984 kB
VmallocChunk:          0 kB
Percpu:             2448 kB
CmaTotal:         405504 kB
CmaFree:             404 kB
MemTotal:        7918588 kB
MemFree:          161604 kB
MemAvailable:     232504 kB
Buffers:             388 kB
Cached:           290332 kB
SwapCached:         5020 kB
Active:          3496156 kB
Inactive:        1806504 kB
Active(anon):    3273392 kB
Inactive(anon):  1757300 kB
Active(file):     222764 kB
Inactive(file):    49204 kB
Unevictable:        6420 kB
Mlocked:            5980 kB
SwapTotal:       4718584 kB
SwapFree:        3333832 kB
Dirty:               244 kB
Writeback:             0 kB
AnonPages:       5018136 kB
Mapped:           363840 kB
Shmem:             14068 kB
KReclaimable:     135792 kB
Slab:             307652 kB
SReclaimable:      76360 kB
SUnreclaim:       231292 kB
KernelStack:       45760 kB
ShadowCallStack:   11464 kB
PageTables:        80488 kB
NFS_Unstable:          0 kB
Bounce:                0 kB
WritebackTmp:          0 kB
CommitLimit:     8677876 kB
Committed_AS:   67338116 kB
VmallocTotal:   263061440 kB
VmallocUsed:      127988 kB
VmallocChunk:          0 kB
Percpu:             2448 kB
CmaTotal:         405504 kB
CmaFree:             404 kB
MemTotal:        7918588 kB
MemFree:          160256 kB
MemAvailable:     231200 kB
Buffers:             412 kB
Cached:           290604 kB
SwapCached:         5020 kB
Active:          3548392 kB
Inactive:        1755132 kB
Active(anon):    3325328 kB
Inactive(anon):  1705944 kB
Active(file):     223064 kB
Inactive(file):    49188 kB
Unevictable:        6420 kB
Mlocked:            5980 kB
SwapTotal:       4718584 kB
SwapFree:        3288264 kB
Dirty:               244 kB
Writeback:             0 kB
AnonPages:       5019160 kB
Mapped:           364232 kB
Shmem:             14080 kB
KReclaimable:     135312 kB
Slab:             307668 kB
SReclaimable:      76360 kB
SUnreclaim:       231308 kB
KernelStack:       45776 kB
ShadowCallStack:   11456 kB
PageTables:        80552 kB
NFS_Unstable:          0 kB
Bounce:                0 kB
WritebackTmp:          0 kB
CommitLimit:     8677876 kB
Committed_AS:   67420044 kB
VmallocTotal:   263061440 kB
VmallocUsed:      127960 kB
VmallocChunk:          0 kB
Percpu:             2448 kB
CmaTotal:         405504 kB
CmaFree:             520 kB
MemTotal:        7918588 kB
MemFree:          159912 kB
MemAvailable:     230812 kB
Buffers:             412 kB
Cached:           290804 kB
SwapCached:         5016 kB
Active:          3608960 kB
Inactive:        1692000 kB
Active(anon):    3385676 kB
Inactive(anon):  1642804 kB
Active(file):     223284 kB
Inactive(file):    49196 kB
Unevictable:        6420 kB
Mlocked:            5980 kB
SwapTotal:       4718584 kB
SwapFree:        3230664 kB
Dirty:               248 kB
Writeback:             4 kB
AnonPages:       5016604 kB
Mapped:           364472 kB
Shmem:             14044 kB
KReclaimable:     134768 kB
Slab:             307684 kB
SReclaimable:      76360 kB
SUnreclaim:       231324 kB
KernelStack:       45760 kB
ShadowCallStack:   11464 kB
PageTables:        80852 kB
NFS_Unstable:          0 kB
Bounce:                0 kB
WritebackTmp:          0 kB
CommitLimit:     8677876 kB
Committed_AS:   67518352 kB
VmallocTotal:   263061440 kB
VmallocUsed:      128008 kB
VmallocChunk:          0 kB
Percpu:             2448 kB
CmaTotal:         405504 kB
CmaFree:             488 kB
MemTotal:        7918588 kB
MemFree:          156216 kB
MemAvailable:     230960 kB
Buffers:             412 kB
Cached:           295076 kB
SwapCached:         4724 kB
Active:          5030540 kB
Inactive:         267144 kB
Active(anon):    4802188 kB
Inactive(anon):   217940 kB
Active(file):     228352 kB
Inactive(file):    49204 kB
Unevictable:        6420 kB
Mlocked:            5980 kB
SwapTotal:       4718584 kB
SwapFree:        3179208 kB
Dirty:               256 kB
Writeback:             0 kB
AnonPages:       5008808 kB
Mapped:           364500 kB
Shmem:             13236 kB
KReclaimable:     132300 kB
Slab:             307696 kB
SReclaimable:      76356 kB
SUnreclaim:       231340 kB
KernelStack:       45776 kB
ShadowCallStack:   11468 kB
PageTables:        81112 kB
NFS_Unstable:          0 kB
Bounce:                0 kB
WritebackTmp:          0 kB
CommitLimit:     8677876 kB
Committed_AS:   67600276 kB
VmallocTotal:   263061440 kB
VmallocUsed:      127968 kB
VmallocChunk:          0 kB
Percpu:             2448 kB
CmaTotal:         405504 kB
CmaFree:            3764 kB
MemTotal:        7918588 kB
MemFree:          210608 kB
MemAvailable:     285836 kB
Buffers:             416 kB
Cached:           295084 kB
SwapCached:         3880 kB
Active:          2609296 kB
Inactive:        2619272 kB
Active(anon):    2531988 kB
Inactive(anon):  2418324 kB
Active(file):      77308 kB
Inactive(file):   200948 kB
Unevictable:        6420 kB
Mlocked:            5980 kB
SwapTotal:       4718584 kB
SwapFree:        3063496 kB
Dirty:               256 kB
Writeback:             4 kB
AnonPages:       4939704 kB
Mapped:           364252 kB
Shmem:             12488 kB
KReclaimable:     131868 kB
Slab:             307736 kB
SReclaimable:      76388 kB
SUnreclaim:       231348 kB
KernelStack:       45776 kB
ShadowCallStack:   11468 kB
PageTables:        81268 kB
NFS_Unstable:          0 kB
Bounce:                0 kB
WritebackTmp:          0 kB
CommitLimit:     8677876 kB
Committed_AS:   67665816 kB
VmallocTotal:   263061440 kB
VmallocUsed:      127984 kB
VmallocChunk:          0 kB
Percpu:             2448 kB
CmaTotal:         405504 kB
CmaFree:               0 kB
MemTotal:        7918588 kB
MemFree:          191284 kB
MemAvailable:     258912 kB
Buffers:             440 kB
Cached:           288740 kB
SwapCached:         3872 kB
Active:          2644664 kB
Inactive:        2606588 kB
Active(anon):    2567356 kB
Inactive(anon):  2411872 kB
Active(file):      77308 kB
Inactive(file):   194716 kB
Unevictable:        6420 kB
Mlocked:            5980 kB
SwapTotal:       4718584 kB
SwapFree:        3057864 kB
Dirty:               256 kB
Writeback:             0 kB
AnonPages:       4968580 kB
Mapped:           364644 kB
Shmem:             12472 kB
KReclaimable:     129132 kB
Slab:             305340 kB
SReclaimable:      74068 kB
SUnreclaim:       231272 kB
KernelStack:       45776 kB
ShadowCallStack:   11476 kB
PageTables:        81416 kB
NFS_Unstable:          0 kB
Bounce:                0 kB
WritebackTmp:          0 kB
CommitLimit:     8677876 kB
Committed_AS:   67764116 kB
VmallocTotal:   263061440 kB
VmallocUsed:      127972 kB
VmallocChunk:          0 kB
Percpu:             2448 kB
CmaTotal:         405504 kB
CmaFree:            3228 kB
MemTotal:        7918588 kB
MemFree:          159868 kB
MemAvailable:     228148 kB
Buffers:             448 kB
Cached:           289656 kB
SwapCached:         3884 kB
Active:          2702184 kB
Inactive:        2581284 kB
Active(anon):    2623968 kB
Inactive(anon):  2386560 kB
Active(file):      78216 kB
Inactive(file):   194724 kB
Unevictable:        6420 kB
Mlocked:            5980 kB
SwapTotal:       4718584 kB
SwapFree:        3034568 kB
Dirty:               256 kB
Writeback:             0 kB
AnonPages:       4999940 kB
Mapped:           364696 kB
Shmem:             12480 kB
KReclaimable:     128608 kB
Slab:             305348 kB
SReclaimable:      74064 kB
SUnreclaim:       231284 kB
KernelStack:       45776 kB
ShadowCallStack:   11468 kB
PageTables:        81616 kB
NFS_Unstable:          0 kB
Bounce:                0 kB
WritebackTmp:          0 kB
CommitLimit:     8677876 kB
Committed_AS:   67878804 kB
VmallocTotal:   263061440 kB
VmallocUsed:      127964 kB
VmallocChunk:          0 kB
Percpu:             2448 kB
CmaTotal:         405504 kB
CmaFree:               0 kB
MemTotal:        7918588 kB
MemFree:          156496 kB
MemAvailable:     192848 kB
Buffers:             452 kB
Cached:           256784 kB
SwapCached:         3684 kB
Active:          3408944 kB
Inactive:        1871072 kB
Active(anon):    3312232 kB
Inactive(anon):  1727768 kB
Active(file):      96712 kB
Inactive(file):   143304 kB
Unevictable:        6420 kB
Mlocked:            5980 kB
SwapTotal:       4718584 kB
SwapFree:        3000008 kB
Dirty:               256 kB
Writeback:             0 kB
AnonPages:       5029404 kB
Mapped:           329872 kB
Shmem:             12492 kB
KReclaimable:     128096 kB
Slab:             305412 kB
SReclaimable:      74112 kB
SUnreclaim:       231300 kB
KernelStack:       45776 kB
ShadowCallStack:   11468 kB
PageTables:        81776 kB
NFS_Unstable:          0 kB
Bounce:                0 kB
WritebackTmp:          0 kB
CommitLimit:     8677876 kB
Committed_AS:   67993492 kB
VmallocTotal:   263061440 kB
VmallocUsed:      127956 kB
VmallocChunk:          0 kB
Percpu:             2448 kB
CmaTotal:         405504 kB
CmaFree:               0 kB
MemTotal:        7918588 kB
MemFree:          193884 kB
MemAvailable:     230144 kB
Buffers:             588 kB
Cached:           256560 kB
SwapCached:         3524 kB
Active:          3475784 kB
Inactive:        1750856 kB
Active(anon):    3379048 kB
Inactive(anon):  1607540 kB
Active(file):      96736 kB
Inactive(file):   143316 kB
Unevictable:        6420 kB
Mlocked:            5980 kB
SwapTotal:       4718584 kB
SwapFree:        2909896 kB
Dirty:               264 kB
Writeback:             0 kB
AnonPages:       4975964 kB
Mapped:           329876 kB
Shmem:             12412 kB
KReclaimable:     127872 kB
Slab:             305484 kB
SReclaimable:      74176 kB
SUnreclaim:       231308 kB
KernelStack:       45760 kB
ShadowCallStack:   11456 kB
PageTables:        81528 kB
NFS_Unstable:          0 kB
Bounce:                0 kB
WritebackTmp:          0 kB
CommitLimit:     8677876 kB
Committed_AS:   68059028 kB
VmallocTotal:   263061440 kB
VmallocUsed:      128008 kB
VmallocChunk:          0 kB
Percpu:             2448 kB
CmaTotal:         405504 kB
CmaFree:               0 kB
MemTotal:        7918588 kB
MemFree:          164832 kB
MemAvailable:     211184 kB
Buffers:             588 kB
Cached:           268128 kB
SwapCached:         3528 kB
Active:          3540596 kB
Inactive:        1708080 kB
Active(anon):    3432424 kB
Inactive(anon):  1564632 kB
Active(file):     108172 kB
Inactive(file):   143448 kB
Unevictable:        6420 kB
Mlocked:            5980 kB
SwapTotal:       4718584 kB
SwapFree:        2872776 kB
Dirty:               268 kB
Writeback:             0 kB
AnonPages:       4986716 kB
Mapped:           332708 kB
Shmem:             12412 kB
KReclaimable:     127392 kB
Slab:             305516 kB
SReclaimable:      74192 kB
SUnreclaim:       231324 kB
KernelStack:       45776 kB
ShadowCallStack:   11480 kB
PageTables:        82104 kB
NFS_Unstable:          0 kB
Bounce:                0 kB
WritebackTmp:          0 kB
CommitLimit:     8677876 kB
Committed_AS:   68140952 kB
VmallocTotal:   263061440 kB
VmallocUsed:      128008 kB
VmallocChunk:          0 kB
Percpu:             2448 kB
CmaTotal:         405504 kB
CmaFree:               0 kB
MemTotal:        7918588 kB
MemFree:          160292 kB
MemAvailable:     207892 kB
Buffers:             588 kB
Cached:           269616 kB
SwapCached:         3528 kB
Active:          3601916 kB
Inactive:        1640888 kB
Active(anon):    3492184 kB
Inactive(anon):  1497436 kB
Active(file):     109732 kB
Inactive(file):   143452 kB
Unevictable:        6420 kB
Mlocked:            5980 kB
SwapTotal:       4718584 kB
SwapFree:        2815944 kB
Dirty:               268 kB
Writeback:             4 kB
AnonPages:       4979184 kB
Mapped:           333060 kB
Shmem:             12336 kB
KReclaimable:     126760 kB
Slab:             305544 kB
SReclaimable:      74192 kB
SUnreclaim:       231352 kB
KernelStack:       45776 kB
ShadowCallStack:   11468 kB
PageTables:        82376 kB
NFS_Unstable:          0 kB
Bounce:                0 kB
WritebackTmp:          0 kB
CommitLimit:     8677876 kB
Committed_AS:   68222872 kB
VmallocTotal:   263061440 kB
VmallocUsed:      127980 kB
VmallocChunk:          0 kB
Percpu:             2448 kB
CmaTotal:         405504 kB
CmaFree:               0 kB
MemTotal:        7918588 kB
MemFree:          170984 kB
MemAvailable:     222116 kB
Buffers:             612 kB
Cached:           273320 kB
SwapCached:         3524 kB
Active:          3652584 kB
Inactive:        1573728 kB
Active(anon):    3539180 kB
Inactive(anon):  1430224 kB
Active(file):     113404 kB
Inactive(file):   143504 kB
Unevictable:        6420 kB
Mlocked:            5980 kB
SwapTotal:       4718584 kB
SwapFree:        2757576 kB
Dirty:               268 kB
Writeback:             0 kB
AnonPages:       4958852 kB
