MemTotal:        7918584 kB
MemFree:         1940492 kB
MemAvailable:    3259088 kB
Buffers:            6344 kB
Cached:          1444228 kB
SwapCached:        89740 kB
Active:          2017932 kB
Inactive:         901388 kB
Active(anon):    1366572 kB
Inactive(anon):   130852 kB
Active(file):     651360 kB
Inactive(file):   770536 kB
Unevictable:        6316 kB
Mlocked:            5876 kB
SwapTotal:       4718584 kB
SwapFree:        2982500 kB
Dirty:             17512 kB
Writeback:             0 kB
AnonPages:       1431128 kB
Mapped:           799416 kB
Shmem:             24092 kB
KReclaimable:     483532 kB
Slab:             327036 kB
SReclaimable:      90968 kB
SUnreclaim:       236068 kB
KernelStack:       49936 kB
ShadowCallStack:   12500 kB
PageTables:        71604 kB
NFS_Unstable:          0 kB
Bounce:                0 kB
WritebackTmp:          0 kB
CommitLimit:     8677876 kB
Committed_AS:   68636200 kB
VmallocTotal:   263061440 kB
VmallocUsed:      133260 kB
VmallocChunk:          0 kB
Percpu:             2520 kB
CmaTotal:         405504 kB
CmaFree:          283252 kB
MemTotal:        7918584 kB
MemFree:         1849928 kB
MemAvailable:    3167268 kB
Buffers:            6404 kB
Cached:          1444316 kB
SwapCached:        89784 kB
Active:          2107580 kB
Inactive:         901468 kB
Active(anon):    1456156 kB
Inactive(anon):   130852 kB
Active(file):     651424 kB
Inactive(file):   770616 kB
Unevictable:        6316 kB
Mlocked:            5876 kB
SwapTotal:       4718584 kB
SwapFree:        2982500 kB
Dirty:             17516 kB
Writeback:             0 kB
AnonPages:       1520572 kB
Mapped:           800360 kB
Shmem:             24096 kB
KReclaimable:     482132 kB
Slab:             327372 kB
SReclaimable:      91000 kB
SUnreclaim:       236372 kB
KernelStack:       49920 kB
ShadowCallStack:   12508 kB
PageTables:        71948 kB
NFS_Unstable:          0 kB
Bounce:                0 kB
WritebackTmp:          0 kB
CommitLimit:     8677876 kB
Committed_AS:   68763872 kB
VmallocTotal:   263061440 kB
VmallocUsed:      133312 kB
VmallocChunk:          0 kB
Percpu:             2520 kB
CmaTotal:         405504 kB
CmaFree:          283252 kB
MemTotal:        7918584 kB
MemFree:         1748312 kB
MemAvailable:    3063628 kB
Buffers:            6412 kB
Cached:          1444324 kB
SwapCached:        89788 kB
Active:          2208624 kB
Inactive:         901484 kB
Active(anon):    1557200 kB
Inactive(anon):   130852 kB
Active(file):     651424 kB
Inactive(file):   770632 kB
Unevictable:        6316 kB
Mlocked:            5876 kB
SwapTotal:       4718584 kB
SwapFree:        2982500 kB
Dirty:             17524 kB
Writeback:             0 kB
AnonPages:       1621492 kB
Mapped:           801620 kB
Shmem:             24096 kB
KReclaimable:     480092 kB
Slab:             327544 kB
SReclaimable:      91000 kB
SUnreclaim:       236544 kB
KernelStack:       49920 kB
ShadowCallStack:   12508 kB
PageTables:        72256 kB
NFS_Unstable:          0 kB
Bounce:                0 kB
WritebackTmp:          0 kB
CommitLimit:     8677876 kB
Committed_AS:   68911328 kB
VmallocTotal:   263061440 kB
VmallocUsed:      133244 kB
VmallocChunk:          0 kB
Percpu:             2520 kB
CmaTotal:         405504 kB
CmaFree:          283252 kB
MemTotal:        7918584 kB
MemFree:         1696256 kB
MemAvailable:    3010856 kB
Buffers:            6412 kB
Cached:          1444328 kB
SwapCached:        89792 kB
Active:          2261212 kB
Inactive:         901376 kB
Active(anon):    1609788 kB
Inactive(anon):   130740 kB
Active(file):     651424 kB
Inactive(file):   770636 kB
Unevictable:        6316 kB
Mlocked:            5876 kB
SwapTotal:       4718584 kB
SwapFree:        2982500 kB
Dirty:             17528 kB
Writeback:             0 kB
AnonPages:       1674060 kB
Mapped:           802304 kB
Shmem:             24096 kB
KReclaimable:     479372 kB
Slab:             327544 kB
SReclaimable:      91016 kB
SUnreclaim:       236528 kB
KernelStack:       49920 kB
ShadowCallStack:   12504 kB
PageTables:        72456 kB
NFS_Unstable:          0 kB
Bounce:                0 kB
WritebackTmp:          0 kB
CommitLimit:     8677876 kB
Committed_AS:   68976864 kB
VmallocTotal:   263061440 kB
VmallocUsed:      133192 kB
VmallocChunk:          0 kB
Percpu:             2520 kB
CmaTotal:         405504 kB
CmaFree:          283252 kB
MemTotal:        7918584 kB
MemFree:         1657972 kB
MemAvailable:    2972116 kB
Buffers:            6420 kB
Cached:          1444344 kB
SwapCached:        89792 kB
Active:          2297828 kB
Inactive:         901400 kB
Active(anon):    1646404 kB
Inactive(anon):   130740 kB
Active(file):     651424 kB
Inactive(file):   770660 kB
Unevictable:        6316 kB
Mlocked:            5876 kB
SwapTotal:       4718584 kB
SwapFree:        2982500 kB
Dirty:             17660 kB
Writeback:             0 kB
AnonPages:       1710840 kB
Mapped:           802616 kB
Shmem:             24096 kB
KReclaimable:     478892 kB
Slab:             327724 kB
SReclaimable:      91032 kB
SUnreclaim:       236692 kB
KernelStack:       49904 kB
ShadowCallStack:   12504 kB
PageTables:        72492 kB
NFS_Unstable:          0 kB
Bounce:                0 kB
WritebackTmp:          0 kB
CommitLimit:     8677876 kB
Committed_AS:   69026016 kB
VmallocTotal:   263061440 kB
VmallocUsed:      133176 kB
VmallocChunk:          0 kB
Percpu:             2520 kB
CmaTotal:         405504 kB
CmaFree:          283252 kB
MemTotal:        7918584 kB
MemFree:         1631348 kB
MemAvailable:    2945224 kB
Buffers:            6420 kB
Cached:          1444348 kB
SwapCached:        89792 kB
Active:          2324908 kB
Inactive:         901404 kB
Active(anon):    1673484 kB
Inactive(anon):   130740 kB
Active(file):     651424 kB
Inactive(file):   770664 kB
Unevictable:        6316 kB
Mlocked:            5876 kB
SwapTotal:       4718584 kB
SwapFree:        2982500 kB
Dirty:             17664 kB
Writeback:             0 kB
AnonPages:       1737956 kB
Mapped:           802608 kB
Shmem:             24096 kB
KReclaimable:     478620 kB
Slab:             327772 kB
SReclaimable:      91032 kB
SUnreclaim:       236740 kB
KernelStack:       49904 kB
ShadowCallStack:   12504 kB
PageTables:        72464 kB
NFS_Unstable:          0 kB
Bounce:                0 kB
WritebackTmp:          0 kB
CommitLimit:     8677876 kB
Committed_AS:   69058788 kB
VmallocTotal:   263061440 kB
VmallocUsed:      133160 kB
VmallocChunk:          0 kB
Percpu:             2520 kB
CmaTotal:         405504 kB
CmaFree:          283204 kB
MemTotal:        7918584 kB
MemFree:         1612604 kB
MemAvailable:    2926360 kB
Buffers:            6444 kB
Cached:          1444348 kB
SwapCached:        89792 kB
Active:          2343048 kB
Inactive:         901428 kB
Active(anon):    1691624 kB
Inactive(anon):   130740 kB
Active(file):     651424 kB
Inactive(file):   770688 kB
Unevictable:        6316 kB
Mlocked:            5876 kB
SwapTotal:       4718584 kB
SwapFree:        2982500 kB
Dirty:             17672 kB
Writeback:             0 kB
AnonPages:       1755928 kB
Mapped:           802824 kB
Shmem:             24096 kB
KReclaimable:     478476 kB
Slab:             327736 kB
SReclaimable:      91032 kB
SUnreclaim:       236704 kB
KernelStack:       49920 kB
ShadowCallStack:   12508 kB
PageTables:        72616 kB
NFS_Unstable:          0 kB
Bounce:                0 kB
WritebackTmp:          0 kB
CommitLimit:     8677876 kB
Committed_AS:   69091552 kB
VmallocTotal:   263061440 kB
VmallocUsed:      133280 kB
VmallocChunk:          0 kB
Percpu:             2520 kB
CmaTotal:         405504 kB
CmaFree:          283252 kB
MemTotal:        7918584 kB
MemFree:         1585756 kB
MemAvailable:    2898948 kB
Buffers:            6444 kB
Cached:          1444360 kB
SwapCached:        89792 kB
Active:          2369948 kB
Inactive:         901440 kB
Active(anon):    1718524 kB
Inactive(anon):   130740 kB
Active(file):     651424 kB
Inactive(file):   770700 kB
Unevictable:        6316 kB
Mlocked:            5876 kB
SwapTotal:       4718584 kB
SwapFree:        2982500 kB
Dirty:             17676 kB
Writeback:             0 kB
AnonPages:       1782736 kB
Mapped:           803148 kB
Shmem:             24096 kB
KReclaimable:     477900 kB
Slab:             327724 kB
SReclaimable:      91032 kB
SUnreclaim:       236692 kB
KernelStack:       49920 kB
ShadowCallStack:   12504 kB
PageTables:        72804 kB
NFS_Unstable:          0 kB
Bounce:                0 kB
WritebackTmp:          0 kB
CommitLimit:     8677876 kB
Committed_AS:   69140704 kB
VmallocTotal:   263061440 kB
VmallocUsed:      133316 kB
VmallocChunk:          0 kB
Percpu:             2520 kB
CmaTotal:         405504 kB
CmaFree:          283244 kB
MemTotal:        7918584 kB
MemFree:         1563408 kB
MemAvailable:    2876264 kB
Buffers:            6444 kB
Cached:          1444368 kB
SwapCached:        89792 kB
Active:          2392028 kB
Inactive:         901448 kB
Active(anon):    1740604 kB
Inactive(anon):   130740 kB
Active(file):     651424 kB
Inactive(file):   770708 kB
Unevictable:        6316 kB
Mlocked:            5876 kB
SwapTotal:       4718584 kB
SwapFree:        2982500 kB
Dirty:             17684 kB
Writeback:             0 kB
AnonPages:       1805016 kB
Mapped:           803232 kB
Shmem:             24096 kB
KReclaimable:     477556 kB
Slab:             327728 kB
SReclaimable:      91032 kB
SUnreclaim:       236696 kB
KernelStack:       49904 kB
ShadowCallStack:   12504 kB
PageTables:        72704 kB
NFS_Unstable:          0 kB
Bounce:                0 kB
WritebackTmp:          0 kB
CommitLimit:     8677876 kB
Committed_AS:   69173472 kB
VmallocTotal:   263061440 kB
VmallocUsed:      133316 kB
VmallocChunk:          0 kB
Percpu:             2520 kB
CmaTotal:         405504 kB
CmaFree:          283252 kB
MemTotal:        7918584 kB
MemFree:         1541572 kB
MemAvailable:    2854168 kB
Buffers:            6468 kB
Cached:          1444356 kB
SwapCached:        89792 kB
Active:          2413920 kB
Inactive:         901460 kB
Active(anon):    1762496 kB
Inactive(anon):   130740 kB
Active(file):     651424 kB
Inactive(file):   770720 kB
Unevictable:        6316 kB
Mlocked:            5876 kB
SwapTotal:       4718584 kB
SwapFree:        2982500 kB
Dirty:             17696 kB
Writeback:             0 kB
AnonPages:       1826724 kB
Mapped:           803376 kB
Shmem:             24096 kB
KReclaimable:     477284 kB
Slab:             327644 kB
SReclaimable:      91032 kB
SUnreclaim:       236612 kB
KernelStack:       49936 kB
ShadowCallStack:   12504 kB
PageTables:        72768 kB
NFS_Unstable:          0 kB
Bounce:                0 kB
WritebackTmp:          0 kB
CommitLimit:     8677876 kB
Committed_AS:   69189856 kB
VmallocTotal:   263061440 kB
VmallocUsed:      133184 kB
VmallocChunk:          0 kB
Percpu:             2520 kB
CmaTotal:         405504 kB
CmaFree:          283252 kB
MemTotal:        7918584 kB
MemFree:         1522148 kB
MemAvailable:    2834384 kB
Buffers:            6468 kB
Cached:          1444384 kB
SwapCached:        89792 kB
Active:          2433300 kB
Inactive:         901484 kB
Active(anon):    1781876 kB
Inactive(anon):   130740 kB
Active(file):     651424 kB
Inactive(file):   770744 kB
Unevictable:        6316 kB
Mlocked:            5876 kB
SwapTotal:       4718584 kB
SwapFree:        2982500 kB
Dirty:             17704 kB
Writeback:             0 kB
AnonPages:       1846268 kB
Mapped:           803896 kB
Shmem:             24100 kB
KReclaimable:     476900 kB
Slab:             327704 kB
SReclaimable:      91048 kB
SUnreclaim:       236656 kB
KernelStack:       49888 kB
ShadowCallStack:   12500 kB
PageTables:        72684 kB
NFS_Unstable:          0 kB
Bounce:                0 kB
WritebackTmp:          0 kB
CommitLimit:     8677876 kB
Committed_AS:   69222628 kB
VmallocTotal:   263061440 kB
VmallocUsed:      133160 kB
VmallocChunk:          0 kB
Percpu:             2520 kB
CmaTotal:         405504 kB
CmaFree:          283336 kB
MemTotal:        7918584 kB
MemFree:         1502912 kB
MemAvailable:    2814996 kB
Buffers:            6472 kB
Cached:          1444372 kB
SwapCached:        89796 kB
Active:          2452368 kB
Inactive:         901476 kB
Active(anon):    1800944 kB
Inactive(anon):   130740 kB
Active(file):     651424 kB
Inactive(file):   770736 kB
Unevictable:        6316 kB
Mlocked:            5876 kB
SwapTotal:       4718584 kB
SwapFree:        2982500 kB
Dirty:               612 kB
Writeback:             8 kB
AnonPages:       1865232 kB
Mapped:           803904 kB
Shmem:             24100 kB
KReclaimable:     476756 kB
Slab:             327764 kB
SReclaimable:      91048 kB
SUnreclaim:       236716 kB
KernelStack:       49872 kB
ShadowCallStack:   12488 kB
PageTables:        73076 kB
NFS_Unstable:          0 kB
Bounce:                0 kB
WritebackTmp:          0 kB
CommitLimit:     8677876 kB
Committed_AS:   69255344 kB
VmallocTotal:   263061440 kB
VmallocUsed:      133316 kB
VmallocChunk:          0 kB
Percpu:             2520 kB
CmaTotal:         405504 kB
CmaFree:          283192 kB
MemTotal:        7918584 kB
MemFree:         1482080 kB
MemAvailable:    2793908 kB
Buffers:            6472 kB
Cached:          1444404 kB
SwapCached:        89796 kB
Active:          2472500 kB
Inactive:         901508 kB
Active(anon):    1821076 kB
Inactive(anon):   130740 kB
Active(file):     651424 kB
Inactive(file):   770768 kB
Unevictable:        6316 kB
Mlocked:            5876 kB
SwapTotal:       4718584 kB
SwapFree:        2982500 kB
Dirty:               640 kB
Writeback:             0 kB
AnonPages:       1885276 kB
Mapped:           804240 kB
Shmem:             24100 kB
KReclaimable:     476468 kB
Slab:             327760 kB
SReclaimable:      91048 kB
SUnreclaim:       236712 kB
KernelStack:       49872 kB
ShadowCallStack:   12504 kB
PageTables:        72832 kB
NFS_Unstable:          0 kB
Bounce:                0 kB
WritebackTmp:          0 kB
CommitLimit:     8677876 kB
Committed_AS:   69271728 kB
VmallocTotal:   263061440 kB
VmallocUsed:      133152 kB
VmallocChunk:          0 kB
Percpu:             2520 kB
CmaTotal:         405504 kB
CmaFree:          283252 kB
MemTotal:        7918584 kB
MemFree:         1465180 kB
MemAvailable:    2776884 kB
Buffers:            6472 kB
Cached:          1444408 kB
SwapCached:        89796 kB
Active:          2489980 kB
Inactive:         901512 kB
Active(anon):    1838556 kB
Inactive(anon):   130740 kB
Active(file):     651424 kB
Inactive(file):   770772 kB
Unevictable:        6316 kB
Mlocked:            5876 kB
SwapTotal:       4718584 kB
SwapFree:        2982500 kB
Dirty:               644 kB
Writeback:             0 kB
AnonPages:       1902824 kB
Mapped:           804224 kB
Shmem:             24100 kB
KReclaimable:     476340 kB
Slab:             327836 kB
SReclaimable:      91048 kB
SUnreclaim:       236788 kB
KernelStack:       49936 kB
ShadowCallStack:   12504 kB
PageTables:        73024 kB
NFS_Unstable:          0 kB
Bounce:                0 kB
WritebackTmp:          0 kB
CommitLimit:     8677876 kB
Committed_AS:   69288112 kB
VmallocTotal:   263061440 kB
VmallocUsed:      133184 kB
VmallocChunk:          0 kB
Percpu:             2520 kB
CmaTotal:         405504 kB
CmaFree:          283252 kB
MemTotal:        7918584 kB
MemFree:         1446356 kB
MemAvailable:    2757908 kB
Buffers:            6480 kB
Cached:          1444424 kB
SwapCached:        89796 kB
Active:          2507632 kB
Inactive:         901536 kB
Active(anon):    1856208 kB
Inactive(anon):   130740 kB
Active(file):     651424 kB
Inactive(file):   770796 kB
Unevictable:        6316 kB
Mlocked:            5876 kB
SwapTotal:       4718584 kB
SwapFree:        2982500 kB
Dirty:               672 kB
Writeback:             0 kB
AnonPages:       1920440 kB
Mapped:           804388 kB
Shmem:             24100 kB
KReclaimable:     476164 kB
Slab:             327800 kB
SReclaimable:      91048 kB
SUnreclaim:       236752 kB
KernelStack:       49904 kB
ShadowCallStack:   12504 kB
PageTables:        73024 kB
NFS_Unstable:          0 kB
Bounce:                0 kB
WritebackTmp:          0 kB
CommitLimit:     8677876 kB
Committed_AS:   69304496 kB
VmallocTotal:   263061440 kB
VmallocUsed:      133172 kB
VmallocChunk:          0 kB
Percpu:             2520 kB
CmaTotal:         405504 kB
CmaFree:          283252 kB
MemTotal:        7918584 kB
MemFree:         1429328 kB
MemAvailable:    2740644 kB
Buffers:            6480 kB
Cached:          1444428 kB
SwapCached:        89796 kB
Active:          2524672 kB
Inactive:         901540 kB
Active(anon):    1873248 kB
Inactive(anon):   130740 kB
Active(file):     651424 kB
Inactive(file):   770800 kB
Unevictable:        6316 kB
Mlocked:            5876 kB
SwapTotal:       4718584 kB
SwapFree:        2982500 kB
Dirty:               676 kB
Writeback:             0 kB
AnonPages:       1937392 kB
Mapped:           804624 kB
Shmem:             24100 kB
KReclaimable:     475924 kB
Slab:             327728 kB
SReclaimable:      91048 kB
SUnreclaim:       236680 kB
KernelStack:       49904 kB
ShadowCallStack:   12496 kB
PageTables:        73100 kB
NFS_Unstable:          0 kB
Bounce:                0 kB
WritebackTmp:          0 kB
CommitLimit:     8677876 kB
Committed_AS:   69320880 kB
VmallocTotal:   263061440 kB
VmallocUsed:      133220 kB
VmallocChunk:          0 kB
Percpu:             2520 kB
CmaTotal:         405504 kB
CmaFree:          283252 kB
MemTotal:        7918584 kB
MemFree:         1373800 kB
MemAvailable:    2606132 kB
Buffers:            6480 kB
Cached:          1444484 kB
SwapCached:        89800 kB
Active:          2578056 kB
Inactive:         901548 kB
Active(anon):    1926632 kB
Inactive(anon):   130740 kB
Active(file):     651424 kB
Inactive(file):   770808 kB
Unevictable:        6316 kB
Mlocked:            5876 kB
SwapTotal:       4718584 kB
SwapFree:        2982500 kB
Dirty:               684 kB
Writeback:             0 kB
AnonPages:       1990876 kB
Mapped:           805532 kB
Shmem:             24148 kB
KReclaimable:     354732 kB
Slab:             327920 kB
SReclaimable:      91048 kB
SUnreclaim:       236872 kB
KernelStack:       50032 kB
ShadowCallStack:   12532 kB
PageTables:        73356 kB
NFS_Unstable:          0 kB
Bounce:                0 kB
WritebackTmp:          0 kB
CommitLimit:     8677876 kB
Committed_AS:   69337660 kB
VmallocTotal:   263061440 kB
VmallocUsed:      133308 kB
VmallocChunk:          0 kB
Percpu:             2520 kB
CmaTotal:         405504 kB
CmaFree:          283252 kB
MemTotal:        7918584 kB
MemFree:         1358028 kB
MemAvailable:    2589972 kB
Buffers:            6488 kB
Cached:          1444600 kB
SwapCached:        89800 kB
Active:          2594056 kB
Inactive:         901560 kB
Active(anon):    1942632 kB
Inactive(anon):   130740 kB
Active(file):     651424 kB
Inactive(file):   770820 kB
Unevictable:        6316 kB
Mlocked:            5876 kB
SwapTotal:       4718584 kB
SwapFree:        2982500 kB
Dirty:               688 kB
Writeback:             0 kB
AnonPages:       2006688 kB
Mapped:           805720 kB
Shmem:             24260 kB
KReclaimable:     353932 kB
Slab:             327940 kB
SReclaimable:      91048 kB
SUnreclaim:       236892 kB
KernelStack:       50016 kB
ShadowCallStack:   12532 kB
PageTables:        73212 kB
NFS_Unstable:          0 kB
Bounce:                0 kB
WritebackTmp:          0 kB
CommitLimit:     8677876 kB
Committed_AS:   69354044 kB
VmallocTotal:   263061440 kB
VmallocUsed:      133388 kB
VmallocChunk:          0 kB
Percpu:             2520 kB
CmaTotal:         405504 kB
CmaFree:          283252 kB
MemTotal:        7918584 kB
MemFree:         1380996 kB
MemAvailable:    2691492 kB
Buffers:            6488 kB
Cached:          1444448 kB
SwapCached:        89800 kB
Active:          2572064 kB
Inactive:         901568 kB
Active(anon):    1920640 kB
Inactive(anon):   130740 kB
Active(file):     651424 kB
Inactive(file):   770828 kB
Unevictable:        6316 kB
Mlocked:            5876 kB
SwapTotal:       4718584 kB
SwapFree:        2982500 kB
Dirty:               696 kB
Writeback:             0 kB
AnonPages:       1984848 kB
Mapped:           805100 kB
Shmem:             24100 kB
KReclaimable:     475076 kB
Slab:             327988 kB
SReclaimable:      91048 kB
SUnreclaim:       236940 kB
KernelStack:       49904 kB
ShadowCallStack:   12504 kB
PageTables:        73196 kB
NFS_Unstable:          0 kB
Bounce:                0 kB
WritebackTmp:          0 kB
CommitLimit:     8677876 kB
Committed_AS:   69370032 kB
VmallocTotal:   263061440 kB
VmallocUsed:      133156 kB
VmallocChunk:          0 kB
Percpu:             2520 kB
CmaTotal:         405504 kB
CmaFree:          283252 kB
MemTotal:        7918584 kB
MemFree:         1367752 kB
MemAvailable:    2678160 kB
Buffers:            6520 kB
Cached:          1444432 kB
SwapCached:        89804 kB
Active:          2585868 kB
Inactive:         901584 kB
Active(anon):    1934444 kB
Inactive(anon):   130740 kB
Active(file):     651424 kB
Inactive(file):   770844 kB
Unevictable:        6316 kB
Mlocked:            5876 kB
SwapTotal:       4718584 kB
SwapFree:        2982500 kB
Dirty:               708 kB
Writeback:             0 kB
AnonPages:       1998644 kB
Mapped:           805236 kB
Shmem:             24100 kB
KReclaimable:     474972 kB
Slab:             327924 kB
SReclaimable:      91048 kB
SUnreclaim:       236876 kB
KernelStack:       49904 kB
ShadowCallStack:   12504 kB
PageTables:        73384 kB
NFS_Unstable:          0 kB
Bounce:                0 kB
WritebackTmp:          0 kB
CommitLimit:     8677876 kB
Committed_AS:   69386416 kB
VmallocTotal:   263061440 kB
VmallocUsed:      133212 kB
VmallocChunk:          0 kB
Percpu:             2520 kB
CmaTotal:         405504 kB
CmaFree:          283252 kB
MemTotal:        7918584 kB
MemFree:         1348924 kB
MemAvailable:    2659048 kB
Buffers:            6520 kB
Cached:          1444468 kB
SwapCached:        89804 kB
Active:          2602940 kB
Inactive:         901620 kB
Active(anon):    1951516 kB
Inactive(anon):   130740 kB
Active(file):     651424 kB
Inactive(file):   770880 kB
Unevictable:        6316 kB
Mlocked:            5876 kB
SwapTotal:       4718584 kB
SwapFree:        2982500 kB
Dirty:               720 kB
Writeback:             0 kB
AnonPages:       2015716 kB
Mapped:           805556 kB
Shmem:             24100 kB
KReclaimable:     474652 kB
Slab:             327832 kB
SReclaimable:      91064 kB
SUnreclaim:       236768 kB
KernelStack:       49904 kB
ShadowCallStack:   12504 kB
PageTables:        73204 kB
NFS_Unstable:          0 kB
Bounce:                0 kB
WritebackTmp:          0 kB
CommitLimit:     8677876 kB
Committed_AS:   69402800 kB
VmallocTotal:   263061440 kB
VmallocUsed:      133296 kB
VmallocChunk:          0 kB
Percpu:             2520 kB
CmaTotal:         405504 kB
CmaFree:          283252 kB
MemTotal:        7918584 kB
MemFree:         1352984 kB
MemAvailable:    2662996 kB
Buffers:            6520 kB
Cached:          1444472 kB
SwapCached:        89804 kB
Active:          2599252 kB
Inactive:         901620 kB
Active(anon):    1947828 kB
Inactive(anon):   130740 kB
Active(file):     651424 kB
Inactive(file):   770880 kB
Unevictable:        6316 kB
Mlocked:            5876 kB
SwapTotal:       4718584 kB
SwapFree:        2982500 kB
Dirty:               520 kB
Writeback:             0 kB
AnonPages:       2012064 kB
Mapped:           805804 kB
Shmem:             24104 kB
KReclaimable:     474540 kB
Slab:             327896 kB
SReclaimable:      91064 kB
SUnreclaim:       236832 kB
KernelStack:       49936 kB
ShadowCallStack:   12500 kB
PageTables:        73320 kB
NFS_Unstable:          0 kB
Bounce:                0 kB
WritebackTmp:          0 kB
CommitLimit:     8677876 kB
Committed_AS:   69419188 kB
VmallocTotal:   263061440 kB
VmallocUsed:      133300 kB
VmallocChunk:          0 kB
Percpu:             2520 kB
CmaTotal:         405504 kB
CmaFree:          283312 kB
MemTotal:        7918584 kB
MemFree:         1335880 kB
MemAvailable:    2645784 kB
Buffers:            6520 kB
Cached:          1444484 kB
SwapCached:        89804 kB
Active:          2614308 kB
Inactive:         901632 kB
Active(anon):    1962884 kB
Inactive(anon):   130740 kB
Active(file):     651424 kB
Inactive(file):   770892 kB
Unevictable:        6316 kB
Mlocked:            5876 kB
SwapTotal:       4718584 kB
SwapFree:        2982500 kB
Dirty:               532 kB
Writeback:             0 kB
AnonPages:       2027140 kB
Mapped:           805848 kB
Shmem:             24104 kB
KReclaimable:     474420 kB
Slab:             327976 kB
SReclaimable:      91064 kB
SUnreclaim:       236912 kB
KernelStack:       49872 kB
ShadowCallStack:   12484 kB
PageTables:        73180 kB
NFS_Unstable:          0 kB
Bounce:                0 kB
WritebackTmp:          0 kB
CommitLimit:     8677876 kB
Committed_AS:   69435572 kB
VmallocTotal:   263061440 kB
VmallocUsed:      133292 kB
VmallocChunk:          0 kB
Percpu:             2520 kB
CmaTotal:         405504 kB
CmaFree:          283252 kB
MemTotal:        7918584 kB
MemFree:         1326816 kB
MemAvailable:    2636600 kB
Buffers:            6520 kB
Cached:          1444496 kB
SwapCached:        89804 kB
Active:          2625592 kB
Inactive:         901640 kB
Active(anon):    1974168 kB
Inactive(anon):   130740 kB
Active(file):     651424 kB
Inactive(file):   770900 kB
Unevictable:        6316 kB
Mlocked:            5876 kB
SwapTotal:       4718584 kB
SwapFree:        2982500 kB
Dirty:               444 kB
Writeback:             0 kB
AnonPages:       2038564 kB
Mapped:           805964 kB
Shmem:             24108 kB
KReclaimable:     474292 kB
Slab:             327924 kB
SReclaimable:      91064 kB
SUnreclaim:       236860 kB
KernelStack:       49888 kB
ShadowCallStack:   12500 kB
PageTables:        73308 kB
NFS_Unstable:          0 kB
Bounce:                0 kB
WritebackTmp:          0 kB
CommitLimit:     8677876 kB
Committed_AS:   69451916 kB
VmallocTotal:   263061440 kB
VmallocUsed:      133132 kB
VmallocChunk:          0 kB
Percpu:             2520 kB
CmaTotal:         405504 kB
CmaFree:          283252 kB
MemTotal:        7918584 kB
MemFree:         1313932 kB
MemAvailable:    2623668 kB
Buffers:            6528 kB
Cached:          1444508 kB
SwapCached:        89804 kB
Active:          2638752 kB
Inactive:         901656 kB
Active(anon):    1987328 kB
Inactive(anon):   130740 kB
Active(file):     651424 kB
Inactive(file):   770916 kB
Unevictable:        6316 kB
Mlocked:            5876 kB
SwapTotal:       4718584 kB
SwapFree:        2982500 kB
Dirty:               460 kB
Writeback:             0 kB
AnonPages:       2051556 kB
Mapped:           805824 kB
Shmem:             24108 kB
KReclaimable:     474228 kB
Slab:             327928 kB
SReclaimable:      91064 kB
SUnreclaim:       236864 kB
KernelStack:       49856 kB
ShadowCallStack:   12496 kB
PageTables:        73436 kB
NFS_Unstable:          0 kB
Bounce:                0 kB
WritebackTmp:          0 kB
CommitLimit:     8677876 kB
Committed_AS:   69468300 kB
VmallocTotal:   263061440 kB
VmallocUsed:      133164 kB
VmallocChunk:          0 kB
Percpu:             2520 kB
CmaTotal:         405504 kB
CmaFree:          283252 kB
MemTotal:        7918584 kB
MemFree:         1303176 kB
MemAvailable:    2612808 kB
Buffers:            6528 kB
Cached:          1444528 kB
SwapCached:        89804 kB
Active:          2648792 kB
Inactive:         901680 kB
Active(anon):    1997368 kB
Inactive(anon):   130740 kB
Active(file):     651424 kB
Inactive(file):   770940 kB
Unevictable:        6316 kB
Mlocked:            5876 kB
SwapTotal:       4718584 kB
SwapFree:        2982500 kB
Dirty:               516 kB
Writeback:             0 kB
AnonPages:       2061640 kB
Mapped:           805944 kB
Shmem:             24108 kB
KReclaimable:     474100 kB
Slab:             328004 kB
SReclaimable:      91064 kB
SUnreclaim:       236940 kB
KernelStack:       49888 kB
ShadowCallStack:   12500 kB
PageTables:        73372 kB
NFS_Unstable:          0 kB
Bounce:                0 kB
WritebackTmp:          0 kB
CommitLimit:     8677876 kB
Committed_AS:   69468300 kB
VmallocTotal:   263061440 kB
VmallocUsed:      133200 kB
VmallocChunk:          0 kB
Percpu:             2520 kB
CmaTotal:         405504 kB
CmaFree:          283252 kB
MemTotal:        7918584 kB
MemFree:         1289060 kB
MemAvailable:    2598652 kB
Buffers:            6528 kB
Cached:          1444536 kB
SwapCached:        89804 kB
Active:          2663012 kB
Inactive:         901688 kB
Active(anon):    2011588 kB
Inactive(anon):   130740 kB
Active(file):     651424 kB
Inactive(file):   770948 kB
Unevictable:        6316 kB
Mlocked:            5876 kB
SwapTotal:       4718584 kB
SwapFree:        2982500 kB
Dirty:               232 kB
Writeback:             0 kB
AnonPages:       2075804 kB
Mapped:           806124 kB
Shmem:             24108 kB
KReclaimable:     473956 kB
Slab:             328028 kB
SReclaimable:      91064 kB
SUnreclaim:       236964 kB
KernelStack:       49888 kB
ShadowCallStack:   12500 kB
PageTables:        73384 kB
NFS_Unstable:          0 kB
Bounce:                0 kB
WritebackTmp:          0 kB
CommitLimit:     8677876 kB
Committed_AS:   69484684 kB
VmallocTotal:   263061440 kB
VmallocUsed:      133164 kB
VmallocChunk:          0 kB
Percpu:             2520 kB
CmaTotal:         405504 kB
CmaFree:          283252 kB
MemTotal:        7918584 kB
MemFree:         1279152 kB
MemAvailable:    2588556 kB
Buffers:            6528 kB
Cached:          1444536 kB
SwapCached:        89804 kB
Active:          2672936 kB
Inactive:         901692 kB
Active(anon):    2021512 kB
Inactive(anon):   130740 kB
Active(file):     651424 kB
Inactive(file):   770952 kB
Unevictable:        6316 kB
Mlocked:            5876 kB
SwapTotal:       4718584 kB
SwapFree:        2982756 kB
Dirty:               260 kB
Writeback:             0 kB
AnonPages:       2085716 kB
Mapped:           806216 kB
Shmem:             24108 kB
KReclaimable:     473860 kB
Slab:             328068 kB
SReclaimable:      91064 kB
SUnreclaim:       237004 kB
KernelStack:       49904 kB
ShadowCallStack:   12496 kB
PageTables:        73396 kB
NFS_Unstable:          0 kB
Bounce:                0 kB
WritebackTmp:          0 kB
CommitLimit:     8677876 kB
Committed_AS:   69501068 kB
VmallocTotal:   263061440 kB
VmallocUsed:      133148 kB
VmallocChunk:          0 kB
Percpu:             2520 kB
CmaTotal:         405504 kB
CmaFree:          283252 kB
MemTotal:        7918584 kB
MemFree:         1270692 kB
MemAvailable:    2580012 kB
Buffers:            6536 kB
Cached:          1444544 kB
SwapCached:        89804 kB
Active:          2681724 kB
Inactive:         901704 kB
Active(anon):    2030300 kB
Inactive(anon):   130740 kB
Active(file):     651424 kB
Inactive(file):   770964 kB
Unevictable:        6316 kB
Mlocked:            5876 kB
SwapTotal:       4718584 kB
SwapFree:        2982756 kB
Dirty:               340 kB
Writeback:             0 kB
AnonPages:       2094536 kB
Mapped:           806248 kB
Shmem:             24108 kB
KReclaimable:     473764 kB
Slab:             327920 kB
SReclaimable:      91064 kB
SUnreclaim:       236856 kB
KernelStack:       49840 kB
ShadowCallStack:   12476 kB
PageTables:        73428 kB
NFS_Unstable:          0 kB
Bounce:                0 kB
WritebackTmp:          0 kB
CommitLimit:     8677876 kB
Committed_AS:   69501068 kB
VmallocTotal:   263061440 kB
VmallocUsed:      133228 kB
VmallocChunk:          0 kB
Percpu:             2520 kB
CmaTotal:         405504 kB
CmaFree:          281916 kB
MemTotal:        7918584 kB
MemFree:         1257112 kB
MemAvailable:    2566332 kB
Buffers:            6560 kB
Cached:          1444584 kB
SwapCached:        89804 kB
Active:          2694236 kB
Inactive:         901764 kB
Active(anon):    2042812 kB
Inactive(anon):   130740 kB
Active(file):     651424 kB
Inactive(file):   771024 kB
Unevictable:        6316 kB
Mlocked:            5876 kB
SwapTotal:       4718584 kB
SwapFree:        2982756 kB
Dirty:               416 kB
Writeback:             0 kB
AnonPages:       2107036 kB
Mapped:           806444 kB
Shmem:             24112 kB
KReclaimable:     473604 kB
Slab:             328004 kB
SReclaimable:      91064 kB
SUnreclaim:       236940 kB
KernelStack:       49888 kB
ShadowCallStack:   12496 kB
PageTables:        73492 kB
NFS_Unstable:          0 kB
Bounce:                0 kB
WritebackTmp:          0 kB
CommitLimit:     8677876 kB
Committed_AS:   69517456 kB
VmallocTotal:   263061440 kB
VmallocUsed:      133128 kB
VmallocChunk:          0 kB
Percpu:             2520 kB
CmaTotal:         405504 kB
CmaFree:          270116 kB
MemTotal:        7918584 kB
MemFree:         1244428 kB
MemAvailable:    2553540 kB
Buffers:            6560 kB
Cached:          1444572 kB
SwapCached:        89804 kB
Active:          2706656 kB
Inactive:         901752 kB
Active(anon):    2055232 kB
Inactive(anon):   130740 kB
Active(file):     651424 kB
Inactive(file):   771012 kB
Unevictable:        6316 kB
Mlocked:            5876 kB
SwapTotal:       4718584 kB
SwapFree:        2982756 kB
Dirty:               440 kB
Writeback:             0 kB
AnonPages:       2119516 kB
Mapped:           806580 kB
Shmem:             24112 kB
KReclaimable:     473508 kB
Slab:             327980 kB
SReclaimable:      91064 kB
SUnreclaim:       236916 kB
KernelStack:       49888 kB
ShadowCallStack:   12496 kB
PageTables:        73516 kB
NFS_Unstable:          0 kB
Bounce:                0 kB
WritebackTmp:          0 kB
CommitLimit:     8677876 kB
Committed_AS:   69533840 kB
VmallocTotal:   263061440 kB
VmallocUsed:      133204 kB
VmallocChunk:          0 kB
Percpu:             2520 kB
CmaTotal:         405504 kB
CmaFree:          257592 kB
MemTotal:        7918584 kB
MemFree:         1236008 kB
MemAvailable:    2545060 kB
Buffers:            6560 kB
Cached:          1444576 kB
SwapCached:        89804 kB
Active:          2715212 kB
Inactive:         901756 kB
Active(anon):    2063788 kB
Inactive(anon):   130740 kB
Active(file):     651424 kB
Inactive(file):   771016 kB
Unevictable:        6316 kB
Mlocked:            5876 kB
SwapTotal:       4718584 kB
SwapFree:        2982756 kB
Dirty:               228 kB
Writeback:            56 kB
AnonPages:       2127940 kB
Mapped:           806532 kB
Shmem:             24112 kB
KReclaimable:     473444 kB
Slab:             327912 kB
SReclaimable:      91064 kB
SUnreclaim:       236848 kB
KernelStack:       49920 kB
ShadowCallStack:   12492 kB
PageTables:        73304 kB
NFS_Unstable:          0 kB
Bounce:                0 kB
WritebackTmp:          0 kB
CommitLimit:     8677876 kB
Committed_AS:   69533788 kB
VmallocTotal:   263061440 kB
VmallocUsed:      133232 kB
VmallocChunk:          0 kB
Percpu:             2520 kB
CmaTotal:         405504 kB
CmaFree:          248752 kB
MemTotal:        7918584 kB
MemFree:         1227288 kB
MemAvailable:    2536280 kB
Buffers:            6560 kB
Cached:          1444592 kB
SwapCached:        89804 kB
Active:          2724268 kB
Inactive:         901760 kB
Active(anon):    2072844 kB
Inactive(anon):   130740 kB
Active(file):     651424 kB
Inactive(file):   771020 kB
Unevictable:        6316 kB
Mlocked:            5876 kB
SwapTotal:       4718584 kB
SwapFree:        2982756 kB
Dirty:               240 kB
Writeback:             0 kB
AnonPages:       2137080 kB
Mapped:           806744 kB
Shmem:             24120 kB
KReclaimable:     473380 kB
Slab:             328000 kB
SReclaimable:      91064 kB
SUnreclaim:       236936 kB
KernelStack:       49920 kB
ShadowCallStack:   12500 kB
PageTables:        73508 kB
NFS_Unstable:          0 kB
Bounce:                0 kB
WritebackTmp:          0 kB
CommitLimit:     8677876 kB
Committed_AS:   69550180 kB
VmallocTotal:   263061440 kB
VmallocUsed:      133228 kB
VmallocChunk:          0 kB
Percpu:             2520 kB
CmaTotal:         405504 kB
CmaFree:          240192 kB
MemTotal:        7918584 kB
MemFree:         1220064 kB
MemAvailable:    2529016 kB
Buffers:            6560 kB
Cached:          1444596 kB
SwapCached:        89804 kB
Active:          2730544 kB
Inactive:         901768 kB
Active(anon):    2079120 kB
Inactive(anon):   130740 kB
Active(file):     651424 kB
Inactive(file):   771028 kB
Unevictable:        6316 kB
Mlocked:            5876 kB
SwapTotal:       4718584 kB
SwapFree:        2982756 kB
Dirty:               244 kB
Writeback:             0 kB
AnonPages:       2143288 kB
Mapped:           806704 kB
Shmem:             24120 kB
KReclaimable:     473332 kB
Slab:             328004 kB
SReclaimable:      91064 kB
SUnreclaim:       236940 kB
KernelStack:       49872 kB
ShadowCallStack:   12492 kB
PageTables:        73456 kB
NFS_Unstable:          0 kB
Bounce:                0 kB
WritebackTmp:          0 kB
CommitLimit:     8677876 kB
Committed_AS:   69550180 kB
VmallocTotal:   263061440 kB
VmallocUsed:      133152 kB
VmallocChunk:          0 kB
Percpu:             2520 kB
CmaTotal:         405504 kB
CmaFree:          233768 kB
MemTotal:        7918584 kB
MemFree:         1208860 kB
MemAvailable:    2517712 kB
Buffers:            6568 kB
Cached:          1444616 kB
SwapCached:        89804 kB
Active:          2741424 kB
Inactive:         901788 kB
Active(anon):    2090000 kB
Inactive(anon):   130740 kB
Active(file):     651424 kB
Inactive(file):   771048 kB
Unevictable:        6316 kB
Mlocked:            5876 kB
SwapTotal:       4718584 kB
SwapFree:        2982756 kB
Dirty:               328 kB
Writeback:             0 kB
AnonPages:       2154268 kB
Mapped:           806756 kB
Shmem:             24124 kB
KReclaimable:     473212 kB
Slab:             328032 kB
SReclaimable:      91064 kB
SUnreclaim:       236968 kB
KernelStack:       49920 kB
ShadowCallStack:   12500 kB
PageTables:        73592 kB
NFS_Unstable:          0 kB
Bounce:                0 kB
WritebackTmp:          0 kB
CommitLimit:     8677876 kB
Committed_AS:   69566568 kB
VmallocTotal:   263061440 kB
VmallocUsed:      133136 kB
VmallocChunk:          0 kB
Percpu:             2520 kB
CmaTotal:         405504 kB
CmaFree:          222096 kB
MemTotal:        7918584 kB
MemFree:         1204836 kB
MemAvailable:    2513664 kB
Buffers:            6568 kB
Cached:          1444620 kB
SwapCached:        89804 kB
Active:          2745972 kB
Inactive:         901796 kB
Active(anon):    2094548 kB
Inactive(anon):   130740 kB
Active(file):     651424 kB
Inactive(file):   771056 kB
Unevictable:        6316 kB
Mlocked:            5876 kB
SwapTotal:       4718584 kB
SwapFree:        2982756 kB
Dirty:               348 kB
Writeback:             0 kB
AnonPages:       2158768 kB
Mapped:           806780 kB
Shmem:             24124 kB
KReclaimable:     473180 kB
Slab:             328000 kB
SReclaimable:      91064 kB
SUnreclaim:       236936 kB
KernelStack:       49856 kB
ShadowCallStack:   12496 kB
PageTables:        73484 kB
NFS_Unstable:          0 kB
Bounce:                0 kB
WritebackTmp:          0 kB
CommitLimit:     8677876 kB
Committed_AS:   69566572 kB
VmallocTotal:   263061440 kB
VmallocUsed:      133132 kB
VmallocChunk:          0 kB
Percpu:             2520 kB
CmaTotal:         405504 kB
CmaFree:          217852 kB
MemTotal:        7918584 kB
MemFree:         1197232 kB
MemAvailable:    2506032 kB
Buffers:            6568 kB
Cached:          1444628 kB
SwapCached:        89804 kB
Active:          2753712 kB
Inactive:         901800 kB
Active(anon):    2102288 kB
Inactive(anon):   130740 kB
Active(file):     651424 kB
Inactive(file):   771060 kB
Unevictable:        6316 kB
Mlocked:            5876 kB
SwapTotal:       4718584 kB
SwapFree:        2982756 kB
Dirty:               448 kB
Writeback:             0 kB
AnonPages:       2166520 kB
Mapped:           806796 kB
Shmem:             24124 kB
KReclaimable:     473148 kB
Slab:             328088 kB
SReclaimable:      91064 kB
SUnreclaim:       237024 kB
KernelStack:       49872 kB
ShadowCallStack:   12496 kB
PageTables:        73488 kB
NFS_Unstable:          0 kB
Bounce:                0 kB
WritebackTmp:          0 kB
CommitLimit:     8677876 kB
Committed_AS:   69582900 kB
VmallocTotal:   263061440 kB
VmallocUsed:      133164 kB
VmallocChunk:          0 kB
Percpu:             2520 kB
CmaTotal:         405504 kB
CmaFree:          210728 kB
MemTotal:        7918584 kB
MemFree:         1192868 kB
MemAvailable:    2501644 kB
Buffers:            6568 kB
Cached:          1444632 kB
SwapCached:        89804 kB
Active:          2758544 kB
Inactive:         901808 kB
Active(anon):    2107120 kB
Inactive(anon):   130740 kB
Active(file):     651424 kB
Inactive(file):   771068 kB
Unevictable:        6316 kB
Mlocked:            5876 kB
SwapTotal:       4718584 kB
SwapFree:        2982756 kB
Dirty:               456 kB
Writeback:             0 kB
AnonPages:       2171400 kB
Mapped:           806768 kB
Shmem:             24124 kB
KReclaimable:     473116 kB
Slab:             328040 kB
SReclaimable:      91064 kB
SUnreclaim:       236976 kB
KernelStack:       49872 kB
ShadowCallStack:   12488 kB
PageTables:        73628 kB
NFS_Unstable:          0 kB
Bounce:                0 kB
WritebackTmp:          0 kB
CommitLimit:     8677876 kB
Committed_AS:   69582796 kB
VmallocTotal:   263061440 kB
VmallocUsed:      133088 kB
VmallocChunk:          0 kB
Percpu:             2520 kB
CmaTotal:         405504 kB
CmaFree:          206160 kB
MemTotal:        7918584 kB
MemFree:         1145044 kB
MemAvailable:    2371700 kB
Buffers:            6568 kB
Cached:          1444764 kB
SwapCached:        89808 kB
Active:          2805000 kB
Inactive:         901812 kB
Active(anon):    2153576 kB
Inactive(anon):   130740 kB
Active(file):     651424 kB
Inactive(file):   771072 kB
Unevictable:        6316 kB
Mlocked:            5876 kB
SwapTotal:       4718584 kB
SwapFree:        2982756 kB
Dirty:               488 kB
Writeback:             0 kB
AnonPages:       2217636 kB
Mapped:           807512 kB
Shmem:             24248 kB
KReclaimable:     342852 kB
Slab:             328224 kB
SReclaimable:      91064 kB
SUnreclaim:       237160 kB
KernelStack:       49920 kB
ShadowCallStack:   12508 kB
PageTables:        73604 kB
NFS_Unstable:          0 kB
Bounce:                0 kB
WritebackTmp:          0 kB
CommitLimit:     8677876 kB
Committed_AS:   69599472 kB
VmallocTotal:   263061440 kB
VmallocUsed:      133320 kB
VmallocChunk:          0 kB
Percpu:             2520 kB
CmaTotal:         405504 kB
CmaFree:          159524 kB
MemTotal:        7918584 kB
MemFree:         1179256 kB
MemAvailable:    2487984 kB
Buffers:            6600 kB
Cached:          1444648 kB
SwapCached:        89808 kB
Active:          2772432 kB
Inactive:         901856 kB
Active(anon):    2121008 kB
Inactive(anon):   130740 kB
Active(file):     651424 kB
Inactive(file):   771116 kB
Unevictable:        6316 kB
Mlocked:            5876 kB
SwapTotal:       4718584 kB
SwapFree:        2982756 kB
Dirty:               500 kB
Writeback:             0 kB
AnonPages:       2185296 kB
Mapped:           806860 kB
Shmem:             24124 kB
KReclaimable:     473020 kB
Slab:             328148 kB
SReclaimable:      91064 kB
SUnreclaim:       237084 kB
KernelStack:       49744 kB
ShadowCallStack:   12464 kB
PageTables:        73524 kB
NFS_Unstable:          0 kB
Bounce:                0 kB
WritebackTmp:          0 kB
CommitLimit:     8677876 kB
Committed_AS:   69598868 kB
VmallocTotal:   263061440 kB
VmallocUsed:      133064 kB
VmallocChunk:          0 kB
Percpu:             2520 kB
CmaTotal:         405504 kB
CmaFree:          192016 kB
MemTotal:        7918584 kB
MemFree:         1173644 kB
MemAvailable:    2482344 kB
Buffers:            6600 kB
Cached:          1444656 kB
SwapCached:        89808 kB
Active:          2776252 kB
Inactive:         901860 kB
Active(anon):    2124828 kB
Inactive(anon):   130740 kB
Active(file):     651424 kB
Inactive(file):   771120 kB
Unevictable:        6316 kB
Mlocked:            5876 kB
SwapTotal:       4718584 kB
SwapFree:        2982756 kB
Dirty:               504 kB
Writeback:             0 kB
AnonPages:       2189136 kB
Mapped:           807112 kB
Shmem:             24128 kB
KReclaimable:     472988 kB
Slab:             328104 kB
SReclaimable:      91064 kB
SUnreclaim:       237040 kB
KernelStack:       49712 kB
ShadowCallStack:   12468 kB
PageTables:        73524 kB
NFS_Unstable:          0 kB
Bounce:                0 kB
WritebackTmp:          0 kB
CommitLimit:     8677876 kB
Committed_AS:   69598872 kB
VmallocTotal:   263061440 kB
VmallocUsed:      132924 kB
VmallocChunk:          0 kB
Percpu:             2520 kB
CmaTotal:         405504 kB
CmaFree:          184660 kB
MemTotal:        7918584 kB
MemFree:         1169616 kB
MemAvailable:    2478260 kB
Buffers:            6600 kB
Cached:          1444668 kB
SwapCached:        89812 kB
Active:          2782144 kB
Inactive:         901864 kB
Active(anon):    2130720 kB
Inactive(anon):   130736 kB
Active(file):     651424 kB
Inactive(file):   771128 kB
Unevictable:        6316 kB
Mlocked:            5876 kB
SwapTotal:       4718584 kB
SwapFree:        2982756 kB
Dirty:               592 kB
Writeback:             0 kB
AnonPages:       2194900 kB
Mapped:           806920 kB
Shmem:             24128 kB
KReclaimable:     472924 kB
Slab:             328120 kB
SReclaimable:      91064 kB
SUnreclaim:       237056 kB
KernelStack:       49680 kB
ShadowCallStack:   12460 kB
PageTables:        73588 kB
NFS_Unstable:          0 kB
Bounce:                0 kB
WritebackTmp:          0 kB
CommitLimit:     8677876 kB
Committed_AS:   69598768 kB
VmallocTotal:   263061440 kB
VmallocUsed:      132972 kB
VmallocChunk:          0 kB
Percpu:             2520 kB
CmaTotal:         405504 kB
CmaFree:          181712 kB
MemTotal:        7918584 kB
MemFree:         1162276 kB
MemAvailable:    2470844 kB
Buffers:            6600 kB
Cached:          1444668 kB
SwapCached:        89812 kB
Active:          2788884 kB
Inactive:         901868 kB
Active(anon):    2137460 kB
Inactive(anon):   130736 kB
Active(file):     651424 kB
Inactive(file):   771132 kB
Unevictable:        6316 kB
Mlocked:            5876 kB
SwapTotal:       4718584 kB
SwapFree:        2982756 kB
Dirty:                44 kB
Writeback:             0 kB
AnonPages:       2201672 kB
Mapped:           807044 kB
Shmem:             24128 kB
KReclaimable:     472844 kB
Slab:             328236 kB
SReclaimable:      91064 kB
SUnreclaim:       237172 kB
KernelStack:       49648 kB
ShadowCallStack:   12440 kB
PageTables:        73540 kB
NFS_Unstable:          0 kB
Bounce:                0 kB
WritebackTmp:          0 kB
CommitLimit:     8677876 kB
Committed_AS:   69614948 kB
VmallocTotal:   263061440 kB
VmallocUsed:      132964 kB
VmallocChunk:          0 kB
Percpu:             2520 kB
CmaTotal:         405504 kB
CmaFree:          175952 kB
MemTotal:        7918584 kB
MemFree:         1156732 kB
MemAvailable:    2465308 kB
Buffers:            6600 kB
Cached:          1444676 kB
SwapCached:        89812 kB
Active:          2793572 kB
Inactive:         901876 kB
Active(anon):    2142148 kB
Inactive(anon):   130736 kB
Active(file):     651424 kB
Inactive(file):   771140 kB
Unevictable:        6316 kB
Mlocked:            5876 kB
SwapTotal:       4718584 kB
SwapFree:        2982756 kB
Dirty:                56 kB
Writeback:             0 kB
AnonPages:       2206348 kB
Mapped:           807116 kB
Shmem:             24128 kB
KReclaimable:     472844 kB
Slab:             328048 kB
SReclaimable:      91064 kB
SUnreclaim:       236984 kB
KernelStack:       49600 kB
ShadowCallStack:   12440 kB
PageTables:        73588 kB
NFS_Unstable:          0 kB
Bounce:                0 kB
WritebackTmp:          0 kB
CommitLimit:     8677876 kB
Committed_AS:   69614892 kB
VmallocTotal:   263061440 kB
VmallocUsed:      132828 kB
VmallocChunk:          0 kB
Percpu:             2520 kB
CmaTotal:         405504 kB
CmaFree:          170188 kB
MemTotal:        7918584 kB
MemFree:         1150716 kB
MemAvailable:    2459216 kB
Buffers:            6600 kB
Cached:          1444684 kB
SwapCached:        89812 kB
Active:          2798432 kB
Inactive:         901880 kB
Active(anon):    2147008 kB
Inactive(anon):   130736 kB
Active(file):     651424 kB
Inactive(file):   771144 kB
Unevictable:        6316 kB
Mlocked:            5876 kB
SwapTotal:       4718584 kB
SwapFree:        2982756 kB
Dirty:                76 kB
Writeback:             0 kB
AnonPages:       2211108 kB
Mapped:           806984 kB
Shmem:             24132 kB
KReclaimable:     472764 kB
Slab:             328048 kB
SReclaimable:      91064 kB
SUnreclaim:       236984 kB
KernelStack:       49632 kB
ShadowCallStack:   12428 kB
PageTables:        73604 kB
NFS_Unstable:          0 kB
Bounce:                0 kB
WritebackTmp:          0 kB
CommitLimit:     8677876 kB
Committed_AS:   69614896 kB
VmallocTotal:   263061440 kB
VmallocUsed:      132796 kB
VmallocChunk:          0 kB
Percpu:             2520 kB
CmaTotal:         405504 kB
CmaFree:          165208 kB
MemTotal:        7918584 kB
MemFree:         1145916 kB
MemAvailable:    2454384 kB
Buffers:            6608 kB
Cached:          1444692 kB
SwapCached:        89812 kB
Active:          2803208 kB
Inactive:         901896 kB
Active(anon):    2151784 kB
Inactive(anon):   130736 kB
Active(file):     651424 kB
Inactive(file):   771160 kB
Unevictable:        6316 kB
Mlocked:            5876 kB
SwapTotal:       4718584 kB
SwapFree:        2982756 kB
Dirty:               176 kB
Writeback:             0 kB
AnonPages:       2216004 kB
Mapped:           807092 kB
Shmem:             24132 kB
KReclaimable:     472716 kB
Slab:             328080 kB
SReclaimable:      91064 kB
SUnreclaim:       237016 kB
KernelStack:       49632 kB
ShadowCallStack:   12436 kB
PageTables:        73688 kB
NFS_Unstable:          0 kB
Bounce:                0 kB
WritebackTmp:          0 kB
CommitLimit:     8677876 kB
Committed_AS:   69631280 kB
VmallocTotal:   263061440 kB
VmallocUsed:      132880 kB
VmallocChunk:          0 kB
Percpu:             2520 kB
CmaTotal:         405504 kB
CmaFree:          161324 kB
MemTotal:        7918584 kB
MemFree:         1142072 kB
MemAvailable:    2450512 kB
Buffers:            6608 kB
Cached:          1444696 kB
SwapCached:        89812 kB
Active:          2807752 kB
Inactive:         901900 kB
Active(anon):    2156328 kB
Inactive(anon):   130736 kB
Active(file):     651424 kB
Inactive(file):   771164 kB
Unevictable:        6316 kB
Mlocked:            5876 kB
SwapTotal:       4718584 kB
SwapFree:        2982756 kB
Dirty:               180 kB
Writeback:             0 kB
AnonPages:       2220416 kB
Mapped:           807136 kB
Shmem:             24132 kB
KReclaimable:     472684 kB
Slab:             327932 kB
SReclaimable:      91064 kB
SUnreclaim:       236868 kB
KernelStack:       49616 kB
ShadowCallStack:   12428 kB
PageTables:        73500 kB
NFS_Unstable:          0 kB
Bounce:                0 kB
WritebackTmp:          0 kB
CommitLimit:     8677876 kB
Committed_AS:   69631280 kB
VmallocTotal:   263061440 kB
VmallocUsed:      132960 kB
VmallocChunk:          0 kB
Percpu:             2520 kB
CmaTotal:         405504 kB
CmaFree:          156524 kB
MemTotal:        7918584 kB
MemFree:         1140612 kB
MemAvailable:    2449064 kB
Buffers:            6616 kB
Cached:          1444700 kB
SwapCached:        89812 kB
Active:          2809244 kB
Inactive:         901912 kB
Active(anon):    2157820 kB
Inactive(anon):   130736 kB
Active(file):     651424 kB
Inactive(file):   771176 kB
Unevictable:        6316 kB
Mlocked:            5876 kB
SwapTotal:       4718584 kB
SwapFree:        2982756 kB
Dirty:               252 kB
Writeback:             0 kB
AnonPages:       2222228 kB
Mapped:           807216 kB
Shmem:             24132 kB
KReclaimable:     472684 kB
Slab:             327964 kB
SReclaimable:      91064 kB
SUnreclaim:       236900 kB
KernelStack:       49632 kB
ShadowCallStack:   12436 kB
PageTables:        73592 kB
NFS_Unstable:          0 kB
Bounce:                0 kB
WritebackTmp:          0 kB
CommitLimit:     8677876 kB
Committed_AS:   69631280 kB
VmallocTotal:   263061440 kB
VmallocUsed:      132844 kB
VmallocChunk:          0 kB
Percpu:             2520 kB
CmaTotal:         405504 kB
CmaFree:          154900 kB
MemTotal:        7918584 kB
MemFree:         1139912 kB
MemAvailable:    2448372 kB
Buffers:            6640 kB
Cached:          1444684 kB
SwapCached:        89812 kB
Active:          2809828 kB
Inactive:         901920 kB
Active(anon):    2158404 kB
Inactive(anon):   130736 kB
Active(file):     651424 kB
Inactive(file):   771184 kB
Unevictable:        6316 kB
Mlocked:            5876 kB
SwapTotal:       4718584 kB
SwapFree:        2982756 kB
Dirty:               332 kB
Writeback:            24 kB
AnonPages:       2222812 kB
Mapped:           807176 kB
Shmem:             24132 kB
KReclaimable:     472684 kB
Slab:             327940 kB
SReclaimable:      91064 kB
SUnreclaim:       236876 kB
KernelStack:       49552 kB
ShadowCallStack:   12420 kB
PageTables:        73528 kB
NFS_Unstable:          0 kB
Bounce:                0 kB
WritebackTmp:          0 kB
CommitLimit:     8677876 kB
Committed_AS:   69631176 kB
VmallocTotal:   263061440 kB
VmallocUsed:      132760 kB
VmallocChunk:          0 kB
Percpu:             2520 kB
CmaTotal:         405504 kB
CmaFree:          153952 kB
MemTotal:        7918584 kB
MemFree:         1139964 kB
MemAvailable:    2448456 kB
Buffers:            6640 kB
Cached:          1444716 kB
SwapCached:        89812 kB
Active:          2810512 kB
Inactive:         901952 kB
Active(anon):    2159088 kB
Inactive(anon):   130736 kB
Active(file):     651424 kB
Inactive(file):   771216 kB
Unevictable:        6316 kB
Mlocked:            5876 kB
SwapTotal:       4718584 kB
SwapFree:        2982756 kB
Dirty:               508 kB
Writeback:             0 kB
AnonPages:       2223332 kB
Mapped:           807236 kB
Shmem:             24132 kB
KReclaimable:     472684 kB
Slab:             328008 kB
SReclaimable:      91064 kB
SUnreclaim:       236944 kB
KernelStack:       49600 kB
ShadowCallStack:   12428 kB
PageTables:        73668 kB
NFS_Unstable:          0 kB
Bounce:                0 kB
WritebackTmp:          0 kB
CommitLimit:     8677876 kB
Committed_AS:   69631176 kB
VmallocTotal:   263061440 kB
VmallocUsed:      132784 kB
VmallocChunk:          0 kB
Percpu:             2520 kB
CmaTotal:         405504 kB
CmaFree:          153984 kB
MemTotal:        7918584 kB
MemFree:         1133420 kB
MemAvailable:    2442936 kB
Buffers:            6664 kB
Cached:          1445716 kB
SwapCached:        90140 kB
Active:          2818012 kB
Inactive:         901788 kB
Active(anon):    2165592 kB
Inactive(anon):   130544 kB
Active(file):     652420 kB
Inactive(file):   771244 kB
Unevictable:        6316 kB
Mlocked:            5876 kB
SwapTotal:       4718584 kB
SwapFree:        2983012 kB
Dirty:               516 kB
Writeback:             0 kB
AnonPages:       2229552 kB
Mapped:           807336 kB
Shmem:             24132 kB
KReclaimable:     472684 kB
Slab:             328064 kB
SReclaimable:      91064 kB
SUnreclaim:       237000 kB
KernelStack:       49616 kB
ShadowCallStack:   12428 kB
PageTables:        73692 kB
NFS_Unstable:          0 kB
Bounce:                0 kB
WritebackTmp:          0 kB
CommitLimit:     8677876 kB
Committed_AS:   69631184 kB
VmallocTotal:   263061440 kB
VmallocUsed:      132868 kB
VmallocChunk:          0 kB
Percpu:             2520 kB
CmaTotal:         405504 kB
CmaFree:          147996 kB
MemTotal:        7918584 kB
MemFree:         1134952 kB
MemAvailable:    2444476 kB
Buffers:            6664 kB
Cached:          1445732 kB
SwapCached:        90140 kB
Active:          2817040 kB
Inactive:         901796 kB
Active(anon):    2164620 kB
Inactive(anon):   130544 kB
Active(file):     652420 kB
Inactive(file):   771252 kB
Unevictable:        6316 kB
Mlocked:            5876 kB
SwapTotal:       4718584 kB
SwapFree:        2983012 kB
Dirty:               524 kB
Writeback:             0 kB
AnonPages:       2228408 kB
Mapped:           807260 kB
Shmem:             24140 kB
KReclaimable:     472684 kB
Slab:             328080 kB
SReclaimable:      91064 kB
SUnreclaim:       237016 kB
KernelStack:       49584 kB
ShadowCallStack:   12412 kB
PageTables:        73628 kB
NFS_Unstable:          0 kB
Bounce:                0 kB
WritebackTmp:          0 kB
CommitLimit:     8677876 kB
Committed_AS:   69631188 kB
VmallocTotal:   263061440 kB
VmallocUsed:      132896 kB
VmallocChunk:          0 kB
Percpu:             2520 kB
CmaTotal:         405504 kB
CmaFree:          148676 kB
MemTotal:        7918584 kB
MemFree:         1135116 kB
MemAvailable:    2444644 kB
Buffers:            6664 kB
Cached:          1445736 kB
SwapCached:        90140 kB
Active:          2816356 kB
Inactive:         901800 kB
Active(anon):    2163936 kB
Inactive(anon):   130544 kB
Active(file):     652420 kB
Inactive(file):   771256 kB
Unevictable:        6316 kB
Mlocked:            5876 kB
SwapTotal:       4718584 kB
SwapFree:        2983012 kB
Dirty:                72 kB
Writeback:             0 kB
AnonPages:       2227804 kB
Mapped:           807260 kB
Shmem:             24140 kB
KReclaimable:     472684 kB
Slab:             327908 kB
SReclaimable:      91064 kB
SUnreclaim:       236844 kB
KernelStack:       49552 kB
ShadowCallStack:   12416 kB
PageTables:        73700 kB
NFS_Unstable:          0 kB
Bounce:                0 kB
WritebackTmp:          0 kB
CommitLimit:     8677876 kB
Committed_AS:   69631184 kB
VmallocTotal:   263061440 kB
VmallocUsed:      132940 kB
VmallocChunk:          0 kB
Percpu:             2520 kB
CmaTotal:         405504 kB
CmaFree:          149032 kB
MemTotal:        7918584 kB
MemFree:         1131148 kB
MemAvailable:    2440668 kB
Buffers:            6664 kB
Cached:          1445744 kB
SwapCached:        90140 kB
Active:          2819960 kB
Inactive:         901808 kB
Active(anon):    2167540 kB
Inactive(anon):   130544 kB
Active(file):     652420 kB
Inactive(file):   771264 kB
Unevictable:        6316 kB
Mlocked:            5876 kB
SwapTotal:       4718584 kB
SwapFree:        2983012 kB
Dirty:                80 kB
Writeback:             0 kB
AnonPages:       2231484 kB
Mapped:           807264 kB
Shmem:             24140 kB
KReclaimable:     472668 kB
Slab:             328000 kB
SReclaimable:      91064 kB
SUnreclaim:       236936 kB
KernelStack:       49616 kB
ShadowCallStack:   12428 kB
PageTables:        73764 kB
NFS_Unstable:          0 kB
Bounce:                0 kB
WritebackTmp:          0 kB
CommitLimit:     8677876 kB
Committed_AS:   69631184 kB
VmallocTotal:   263061440 kB
VmallocUsed:      132796 kB
VmallocChunk:          0 kB
Percpu:             2520 kB
CmaTotal:         405504 kB
CmaFree:          146072 kB
MemTotal:        7918584 kB
MemFree:         1129704 kB
MemAvailable:    2439228 kB
Buffers:            6664 kB
Cached:          1445748 kB
SwapCached:        90140 kB
Active:          2820188 kB
Inactive:         901812 kB
Active(anon):    2167768 kB
Inactive(anon):   130544 kB
Active(file):     652420 kB
Inactive(file):   771268 kB
Unevictable:        6316 kB
Mlocked:            5876 kB
SwapTotal:       4718584 kB
SwapFree:        2983012 kB
Dirty:               112 kB
Writeback:             0 kB
AnonPages:       2231632 kB
Mapped:           807336 kB
Shmem:             24140 kB
KReclaimable:     472668 kB
Slab:             327968 kB
SReclaimable:      91064 kB
SUnreclaim:       236904 kB
KernelStack:       49600 kB
ShadowCallStack:   12428 kB
PageTables:        73700 kB
NFS_Unstable:          0 kB
Bounce:                0 kB
WritebackTmp:          0 kB
CommitLimit:     8677876 kB
Committed_AS:   69631184 kB
VmallocTotal:   263061440 kB
VmallocUsed:      132792 kB
VmallocChunk:          0 kB
Percpu:             2520 kB
CmaTotal:         405504 kB
CmaFree:          144992 kB
MemTotal:        7918584 kB
MemFree:         1127968 kB
MemAvailable:    2437504 kB
Buffers:            6672 kB
Cached:          1445756 kB
SwapCached:        90144 kB
Active:          2821492 kB
Inactive:         901820 kB
Active(anon):    2169072 kB
Inactive(anon):   130540 kB
Active(file):     652420 kB
Inactive(file):   771280 kB
Unevictable:        6316 kB
Mlocked:            5876 kB
SwapTotal:       4718584 kB
SwapFree:        2983012 kB
Dirty:               200 kB
Writeback:             0 kB
AnonPages:       2232904 kB
Mapped:           807316 kB
Shmem:             24140 kB
KReclaimable:     472668 kB
Slab:             328004 kB
SReclaimable:      91064 kB
SUnreclaim:       236940 kB
KernelStack:       49600 kB
ShadowCallStack:   12428 kB
PageTables:        73768 kB
NFS_Unstable:          0 kB
Bounce:                0 kB
WritebackTmp:          0 kB
CommitLimit:     8677876 kB
Committed_AS:   69631184 kB
VmallocTotal:   263061440 kB
VmallocUsed:      132920 kB
VmallocChunk:          0 kB
Percpu:             2520 kB
CmaTotal:         405504 kB
CmaFree:          143548 kB
MemTotal:        7918584 kB
MemFree:         1128808 kB
MemAvailable:    2438336 kB
Buffers:            6672 kB
Cached:          1445760 kB
SwapCached:        90152 kB
Active:          2821236 kB
Inactive:         901828 kB
Active(anon):    2168816 kB
Inactive(anon):   130540 kB
Active(file):     652420 kB
Inactive(file):   771288 kB
Unevictable:        6316 kB
Mlocked:            5876 kB
SwapTotal:       4718584 kB
SwapFree:        2983012 kB
Dirty:               204 kB
Writeback:             0 kB
AnonPages:       2232684 kB
Mapped:           807188 kB
Shmem:             24140 kB
KReclaimable:     472652 kB
Slab:             327944 kB
SReclaimable:      91064 kB
SUnreclaim:       236880 kB
KernelStack:       49600 kB
ShadowCallStack:   12420 kB
PageTables:        73640 kB
NFS_Unstable:          0 kB
Bounce:                0 kB
WritebackTmp:          0 kB
CommitLimit:     8677876 kB
Committed_AS:   69647568 kB
VmallocTotal:   263061440 kB
VmallocUsed:      132788 kB
VmallocChunk:          0 kB
Percpu:             2520 kB
CmaTotal:         405504 kB
CmaFree:          144116 kB
MemTotal:        7918584 kB
MemFree:         1129856 kB
MemAvailable:    2439388 kB
Buffers:            6672 kB
Cached:          1445764 kB
SwapCached:        90152 kB
Active:          2821112 kB
Inactive:         901832 kB
Active(anon):    2168692 kB
Inactive(anon):   130540 kB
Active(file):     652420 kB
Inactive(file):   771292 kB
Unevictable:        6316 kB
Mlocked:            5876 kB
SwapTotal:       4718584 kB
SwapFree:        2983012 kB
Dirty:               232 kB
Writeback:             0 kB
AnonPages:       2232544 kB
Mapped:           807304 kB
Shmem:             24140 kB
KReclaimable:     472652 kB
Slab:             327960 kB
SReclaimable:      91064 kB
SUnreclaim:       236896 kB
KernelStack:       49616 kB
ShadowCallStack:   12420 kB
PageTables:        73380 kB
NFS_Unstable:          0 kB
Bounce:                0 kB
WritebackTmp:          0 kB
CommitLimit:     8677876 kB
Committed_AS:   69647568 kB
VmallocTotal:   263061440 kB
VmallocUsed:      132920 kB
VmallocChunk:          0 kB
Percpu:             2520 kB
CmaTotal:         405504 kB
CmaFree:          145124 kB
MemTotal:        7918584 kB
MemFree:         1128004 kB
MemAvailable:    2437540 kB
Buffers:            6672 kB
Cached:          1445772 kB
SwapCached:        90156 kB
Active:          2822084 kB
Inactive:         901828 kB
Active(anon):    2169664 kB
Inactive(anon):   130532 kB
Active(file):     652420 kB
Inactive(file):   771296 kB
Unevictable:        6316 kB
Mlocked:            5876 kB
SwapTotal:       4718584 kB
SwapFree:        2983012 kB
Dirty:               148 kB
Writeback:             0 kB
AnonPages:       2233444 kB
Mapped:           807272 kB
Shmem:             24140 kB
KReclaimable:     472652 kB
Slab:             327944 kB
SReclaimable:      91064 kB
SUnreclaim:       236880 kB
KernelStack:       49616 kB
ShadowCallStack:   12432 kB
PageTables:        73604 kB
NFS_Unstable:          0 kB
Bounce:                0 kB
WritebackTmp:          0 kB
CommitLimit:     8677876 kB
Committed_AS:   69647620 kB
VmallocTotal:   263061440 kB
VmallocUsed:      132796 kB
VmallocChunk:          0 kB
Percpu:             2520 kB
CmaTotal:         405504 kB
CmaFree:          143980 kB
MemTotal:        7918584 kB
MemFree:         1088988 kB
MemAvailable:    2320988 kB
Buffers:            6672 kB
Cached:          1445828 kB
SwapCached:        90156 kB
Active:          2860560 kB
Inactive:         901836 kB
Active(anon):    2208140 kB
Inactive(anon):   130532 kB
Active(file):     652420 kB
Inactive(file):   771304 kB
Unevictable:        6316 kB
Mlocked:            5876 kB
SwapTotal:       4718584 kB
SwapFree:        2983012 kB
Dirty:               152 kB
Writeback:             0 kB
AnonPages:       2271852 kB
Mapped:           808076 kB
Shmem:             24192 kB
KReclaimable:     351084 kB
Slab:             327980 kB
SReclaimable:      91064 kB
SUnreclaim:       236916 kB
KernelStack:       49744 kB
ShadowCallStack:   12452 kB
PageTables:        73644 kB
NFS_Unstable:          0 kB
Bounce:                0 kB
WritebackTmp:          0 kB
CommitLimit:     8677876 kB
Committed_AS:   69647968 kB
VmallocTotal:   263061440 kB
VmallocUsed:      132940 kB
VmallocChunk:          0 kB
Percpu:             2520 kB
CmaTotal:         405504 kB
CmaFree:          105444 kB
MemTotal:        7918584 kB
MemFree:         1121312 kB
MemAvailable:    2430864 kB
Buffers:            6704 kB
Cached:          1445788 kB
SwapCached:        90156 kB
Active:          2829308 kB
Inactive:         901876 kB
Active(anon):    2176888 kB
Inactive(anon):   130532 kB
Active(file):     652420 kB
Inactive(file):   771344 kB
Unevictable:        6316 kB
Mlocked:            5876 kB
SwapTotal:       4718584 kB
SwapFree:        2983012 kB
Dirty:               192 kB
Writeback:             0 kB
AnonPages:       2240636 kB
Mapped:           807584 kB
Shmem:             24144 kB
KReclaimable:     472620 kB
Slab:             327880 kB
SReclaimable:      91064 kB
SUnreclaim:       236816 kB
KernelStack:       49600 kB
ShadowCallStack:   12428 kB
PageTables:        73708 kB
NFS_Unstable:          0 kB
Bounce:                0 kB
WritebackTmp:          0 kB
CommitLimit:     8677876 kB
Committed_AS:   69647568 kB
VmallocTotal:   263061440 kB
VmallocUsed:      132792 kB
VmallocChunk:          0 kB
Percpu:             2520 kB
CmaTotal:         405504 kB
CmaFree:          135788 kB
MemTotal:        7918584 kB
MemFree:         1121896 kB
MemAvailable:    2431452 kB
Buffers:            6704 kB
Cached:          1445796 kB
SwapCached:        90156 kB
Active:          2829640 kB
Inactive:         901880 kB
Active(anon):    2177220 kB
Inactive(anon):   130532 kB
Active(file):     652420 kB
Inactive(file):   771348 kB
Unevictable:        6316 kB
Mlocked:            5876 kB
SwapTotal:       4718584 kB
SwapFree:        2983268 kB
Dirty:               200 kB
Writeback:             0 kB
AnonPages:       2241068 kB
Mapped:           807472 kB
Shmem:             24148 kB
KReclaimable:     472620 kB
Slab:             327912 kB
SReclaimable:      91064 kB
SUnreclaim:       236848 kB
KernelStack:       49584 kB
ShadowCallStack:   12424 kB
PageTables:        73680 kB
NFS_Unstable:          0 kB
Bounce:                0 kB
WritebackTmp:          0 kB
CommitLimit:     8677876 kB
Committed_AS:   69647572 kB
VmallocTotal:   263061440 kB
VmallocUsed:      132904 kB
VmallocChunk:          0 kB
Percpu:             2520 kB
CmaTotal:         405504 kB
CmaFree:          137792 kB
MemTotal:        7918584 kB
MemFree:         1120176 kB
MemAvailable:    2429740 kB
Buffers:            6712 kB
Cached:          1445800 kB
SwapCached:        90156 kB
Active:          2829880 kB
Inactive:         901888 kB
Active(anon):    2177460 kB
Inactive(anon):   130532 kB
Active(file):     652420 kB
Inactive(file):   771356 kB
Unevictable:        6316 kB
Mlocked:            5876 kB
SwapTotal:       4718584 kB
SwapFree:        2983268 kB
Dirty:               208 kB
Writeback:             0 kB
AnonPages:       2241240 kB
Mapped:           807560 kB
Shmem:             24152 kB
KReclaimable:     472620 kB
Slab:             327900 kB
SReclaimable:      91064 kB
SUnreclaim:       236836 kB
KernelStack:       49584 kB
ShadowCallStack:   12416 kB
PageTables:        73608 kB
NFS_Unstable:          0 kB
Bounce:                0 kB
WritebackTmp:          0 kB
CommitLimit:     8677876 kB
Committed_AS:   69647580 kB
VmallocTotal:   263061440 kB
VmallocUsed:      132772 kB
VmallocChunk:          0 kB
Percpu:             2520 kB
CmaTotal:         405504 kB
CmaFree:          136652 kB
MemTotal:        7918584 kB
MemFree:         1118880 kB
MemAvailable:    2428424 kB
Buffers:            6712 kB
Cached:          1445812 kB
SwapCached:        90156 kB
Active:          2832596 kB
Inactive:         901900 kB
Active(anon):    2180176 kB
Inactive(anon):   130532 kB
Active(file):     652420 kB
Inactive(file):   771368 kB
Unevictable:        6316 kB
Mlocked:            5876 kB
SwapTotal:       4718584 kB
SwapFree:        2983268 kB
Dirty:               280 kB
Writeback:             0 kB
AnonPages:       2243980 kB
Mapped:           807496 kB
Shmem:             24152 kB
KReclaimable:     472588 kB
Slab:             328004 kB
SReclaimable:      91064 kB
SUnreclaim:       236940 kB
KernelStack:       49584 kB
ShadowCallStack:   12424 kB
PageTables:        73704 kB
NFS_Unstable:          0 kB
Bounce:                0 kB
WritebackTmp:          0 kB
CommitLimit:     8677876 kB
Committed_AS:   69647576 kB
VmallocTotal:   263061440 kB
VmallocUsed:      132820 kB
VmallocChunk:          0 kB
Percpu:             2520 kB
CmaTotal:         405504 kB
CmaFree:          134576 kB
MemTotal:        7918584 kB
MemFree:         1119288 kB
MemAvailable:    2428840 kB
Buffers:            6712 kB
Cached:          1445820 kB
SwapCached:        90156 kB
Active:          2832192 kB
Inactive:         901908 kB
Active(anon):    2179772 kB
Inactive(anon):   130532 kB
Active(file):     652420 kB
Inactive(file):   771376 kB
Unevictable:        6316 kB
Mlocked:            5876 kB
SwapTotal:       4718584 kB
SwapFree:        2983268 kB
Dirty:               296 kB
Writeback:             0 kB
AnonPages:       2243580 kB
Mapped:           807488 kB
Shmem:             24152 kB
KReclaimable:     472588 kB
Slab:             327972 kB
SReclaimable:      91064 kB
SUnreclaim:       236908 kB
KernelStack:       49584 kB
ShadowCallStack:   12424 kB
PageTables:        73724 kB
NFS_Unstable:          0 kB
Bounce:                0 kB
WritebackTmp:          0 kB
CommitLimit:     8677876 kB
Committed_AS:   69647576 kB
VmallocTotal:   263061440 kB
VmallocUsed:      132880 kB
VmallocChunk:          0 kB
Percpu:             2520 kB
CmaTotal:         405504 kB
CmaFree:          135016 kB
MemTotal:        7918584 kB
MemFree:         1118020 kB
MemAvailable:    2427580 kB
Buffers:            6720 kB
Cached:          1445820 kB
SwapCached:        90156 kB
Active:          2832480 kB
Inactive:         901916 kB
Active(anon):    2180060 kB
Inactive(anon):   130532 kB
Active(file):     652420 kB
Inactive(file):   771384 kB
Unevictable:        6316 kB
Mlocked:            5876 kB
SwapTotal:       4718584 kB
SwapFree:        2983268 kB
Dirty:               300 kB
Writeback:             0 kB
AnonPages:       2243956 kB
Mapped:           807656 kB
Shmem:             24152 kB
KReclaimable:     472588 kB
Slab:             327892 kB
SReclaimable:      91064 kB
SUnreclaim:       236828 kB
KernelStack:       49600 kB
ShadowCallStack:   12408 kB
PageTables:        73664 kB
NFS_Unstable:          0 kB
Bounce:                0 kB
WritebackTmp:          0 kB
CommitLimit:     8677876 kB
Committed_AS:   69647576 kB
VmallocTotal:   263061440 kB
VmallocUsed:      132788 kB
VmallocChunk:          0 kB
Percpu:             2520 kB
CmaTotal:         405504 kB
CmaFree:          134596 kB
MemTotal:        7918584 kB
MemFree:         1116100 kB
MemAvailable:    2425668 kB
Buffers:            6720 kB
Cached:          1445832 kB
SwapCached:        90156 kB
Active:          2834076 kB
Inactive:         901924 kB
Active(anon):    2181656 kB
Inactive(anon):   130532 kB
Active(file):     652420 kB
Inactive(file):   771392 kB
Unevictable:        6316 kB
Mlocked:            5876 kB
SwapTotal:       4718584 kB
SwapFree:        2983268 kB
Dirty:               308 kB
Writeback:             0 kB
AnonPages:       2245412 kB
Mapped:           807644 kB
Shmem:             24152 kB
KReclaimable:     472588 kB
Slab:             327896 kB
SReclaimable:      91064 kB
SUnreclaim:       236832 kB
KernelStack:       49584 kB
ShadowCallStack:   12424 kB
PageTables:        73696 kB
NFS_Unstable:          0 kB
Bounce:                0 kB
WritebackTmp:          0 kB
CommitLimit:     8677876 kB
Committed_AS:   69647576 kB
VmallocTotal:   263061440 kB
VmallocUsed:      132752 kB
VmallocChunk:          0 kB
Percpu:             2520 kB
CmaTotal:         405504 kB
CmaFree:          132720 kB
MemTotal:        7918584 kB
MemFree:         1116144 kB
MemAvailable:    2425688 kB
Buffers:            6720 kB
Cached:          1445836 kB
SwapCached:        90156 kB
Active:          2834200 kB
Inactive:         901932 kB
Active(anon):    2181780 kB
Inactive(anon):   130532 kB
Active(file):     652420 kB
Inactive(file):   771400 kB
Unevictable:        6316 kB
Mlocked:            5876 kB
SwapTotal:       4718584 kB
SwapFree:        2983268 kB
Dirty:               312 kB
Writeback:             0 kB
AnonPages:       2245580 kB
Mapped:           807596 kB
Shmem:             24152 kB
KReclaimable:     472556 kB
Slab:             327960 kB
SReclaimable:      91064 kB
SUnreclaim:       236896 kB
KernelStack:       49568 kB
ShadowCallStack:   12428 kB
PageTables:        73660 kB
NFS_Unstable:          0 kB
Bounce:                0 kB
WritebackTmp:          0 kB
CommitLimit:     8677876 kB
Committed_AS:   69647576 kB
VmallocTotal:   263061440 kB
VmallocUsed:      132832 kB
VmallocChunk:          0 kB
Percpu:             2520 kB
CmaTotal:         405504 kB
CmaFree:          131440 kB
MemTotal:        7918584 kB
MemFree:         1113880 kB
MemAvailable:    2423432 kB
Buffers:            6720 kB
Cached:          1445844 kB
SwapCached:        90156 kB
Active:          2835692 kB
Inactive:         901940 kB
Active(anon):    2183272 kB
Inactive(anon):   130532 kB
Active(file):     652420 kB
Inactive(file):   771408 kB
Unevictable:        6316 kB
Mlocked:            5876 kB
SwapTotal:       4718584 kB
SwapFree:        2983268 kB
Dirty:               252 kB
Writeback:             0 kB
AnonPages:       2247056 kB
Mapped:           807696 kB
Shmem:             24152 kB
KReclaimable:     472556 kB
Slab:             327976 kB
SReclaimable:      91064 kB
SUnreclaim:       236912 kB
KernelStack:       49552 kB
ShadowCallStack:   12416 kB
PageTables:        73632 kB
NFS_Unstable:          0 kB
Bounce:                0 kB
WritebackTmp:          0 kB
CommitLimit:     8677876 kB
Committed_AS:   69647576 kB
VmallocTotal:   263061440 kB
VmallocUsed:      132908 kB
VmallocChunk:          0 kB
Percpu:             2520 kB
CmaTotal:         405504 kB
CmaFree:          130676 kB
MemTotal:        7918584 kB
MemFree:         1113104 kB
MemAvailable:    2422660 kB
Buffers:            6720 kB
Cached:          1445848 kB
SwapCached:        90156 kB
Active:          2836060 kB
Inactive:         901944 kB
Active(anon):    2183640 kB
Inactive(anon):   130532 kB
Active(file):     652420 kB
Inactive(file):   771412 kB
Unevictable:        6316 kB
Mlocked:            5876 kB
SwapTotal:       4718584 kB
SwapFree:        2983268 kB
Dirty:               264 kB
Writeback:             0 kB
AnonPages:       2247372 kB
Mapped:           807596 kB
Shmem:             24152 kB
KReclaimable:     472556 kB
Slab:             327972 kB
SReclaimable:      91064 kB
SUnreclaim:       236908 kB
KernelStack:       49552 kB
ShadowCallStack:   12432 kB
PageTables:        73500 kB
NFS_Unstable:          0 kB
Bounce:                0 kB
WritebackTmp:          0 kB
CommitLimit:     8677876 kB
Committed_AS:   69647576 kB
VmallocTotal:   263061440 kB
VmallocUsed:      132792 kB
VmallocChunk:          0 kB
Percpu:             2520 kB
CmaTotal:         405504 kB
CmaFree:          129960 kB
MemTotal:        7918584 kB
MemFree:         1128836 kB
MemAvailable:    2438368 kB
Buffers:            6744 kB
Cached:          1445832 kB
SwapCached:        90164 kB
Active:          2820688 kB
Inactive:         901952 kB
Active(anon):    2168268 kB
Inactive(anon):   130532 kB
Active(file):     652420 kB
Inactive(file):   771420 kB
Unevictable:        6316 kB
Mlocked:            5876 kB
SwapTotal:       4718584 kB
SwapFree:        2983268 kB
Dirty:               268 kB
Writeback:             0 kB
AnonPages:       2232268 kB
Mapped:           807588 kB
Shmem:             24152 kB
KReclaimable:     472524 kB
Slab:             328012 kB
SReclaimable:      91064 kB
SUnreclaim:       236948 kB
KernelStack:       49568 kB
ShadowCallStack:   12420 kB
PageTables:        73572 kB
NFS_Unstable:          0 kB
Bounce:                0 kB
WritebackTmp:          0 kB
CommitLimit:     8677876 kB
Committed_AS:   69647580 kB
VmallocTotal:   263061440 kB
VmallocUsed:      132900 kB
VmallocChunk:          0 kB
Percpu:             2520 kB
CmaTotal:         405504 kB
CmaFree:          141232 kB
MemTotal:        7918584 kB
MemFree:         1129664 kB
MemAvailable:    2439224 kB
Buffers:            6744 kB
Cached:          1445888 kB
SwapCached:        90312 kB
Active:          2820524 kB
Inactive:         901980 kB
Active(anon):    2168104 kB
Inactive(anon):   130532 kB
Active(file):     652420 kB
Inactive(file):   771448 kB
Unevictable:        6316 kB
Mlocked:            5876 kB
SwapTotal:       4718584 kB
SwapFree:        2983268 kB
Dirty:               288 kB
Writeback:             0 kB
AnonPages:       2231664 kB
Mapped:           807716 kB
Shmem:             24180 kB
KReclaimable:     472524 kB
Slab:             328024 kB
SReclaimable:      91064 kB
SUnreclaim:       236960 kB
KernelStack:       49584 kB
ShadowCallStack:   12432 kB
PageTables:        73624 kB
NFS_Unstable:          0 kB
Bounce:                0 kB
WritebackTmp:          0 kB
CommitLimit:     8677876 kB
Committed_AS:   69647580 kB
VmallocTotal:   263061440 kB
VmallocUsed:      132820 kB
VmallocChunk:          0 kB
Percpu:             2520 kB
CmaTotal:         405504 kB
CmaFree:          145424 kB
MemTotal:        7918584 kB
MemFree:         1130276 kB
MemAvailable:    2439844 kB
Buffers:            6744 kB
Cached:          1445896 kB
SwapCached:        90312 kB
Active:          2819960 kB
Inactive:         901988 kB
Active(anon):    2167540 kB
Inactive(anon):   130532 kB
Active(file):     652420 kB
Inactive(file):   771456 kB
Unevictable:        6316 kB
Mlocked:            5876 kB
SwapTotal:       4718584 kB
SwapFree:        2983268 kB
Dirty:               296 kB
Writeback:             8 kB
AnonPages:       2231084 kB
Mapped:           807764 kB
Shmem:             24180 kB
KReclaimable:     472524 kB
Slab:             328016 kB
SReclaimable:      91064 kB
SUnreclaim:       236952 kB
KernelStack:       49552 kB
ShadowCallStack:   12412 kB
PageTables:        73760 kB
NFS_Unstable:          0 kB
Bounce:                0 kB
WritebackTmp:          0 kB
CommitLimit:     8677876 kB
Committed_AS:   69647580 kB
VmallocTotal:   263061440 kB
VmallocUsed:      132868 kB
VmallocChunk:          0 kB
Percpu:             2520 kB
CmaTotal:         405504 kB
CmaFree:          146712 kB
MemTotal:        7918584 kB
MemFree:         1124712 kB
MemAvailable:    2438696 kB
Buffers:            6764 kB
Cached:          1450304 kB
SwapCached:        90356 kB
Active:          2826404 kB
Inactive:         902020 kB
Active(anon):    2169600 kB
Inactive(anon):   130532 kB
Active(file):     656804 kB
Inactive(file):   771488 kB
Unevictable:        6316 kB
Mlocked:            5876 kB
SwapTotal:       4718584 kB
SwapFree:        2985060 kB
Dirty:               356 kB
Writeback:             0 kB
AnonPages:       2233136 kB
Mapped:           809416 kB
Shmem:             24188 kB
KReclaimable:     472524 kB
Slab:             328108 kB
SReclaimable:      91064 kB
SUnreclaim:       237044 kB
KernelStack:       49584 kB
ShadowCallStack:   12424 kB
PageTables:        73724 kB
NFS_Unstable:          0 kB
Bounce:                0 kB
WritebackTmp:          0 kB
CommitLimit:     8677876 kB
Committed_AS:   69647580 kB
VmallocTotal:   263061440 kB
VmallocUsed:      132784 kB
VmallocChunk:          0 kB
Percpu:             2520 kB
CmaTotal:         405504 kB
CmaFree:          140584 kB
MemTotal:        7918584 kB
MemFree:         1120336 kB
MemAvailable:    2434328 kB
Buffers:            6764 kB
Cached:          1450308 kB
SwapCached:        90356 kB
Active:          2828656 kB
Inactive:         902028 kB
Active(anon):    2171852 kB
Inactive(anon):   130532 kB
Active(file):     656804 kB
Inactive(file):   771496 kB
Unevictable:        6316 kB
Mlocked:            5876 kB
SwapTotal:       4718584 kB
SwapFree:        2985060 kB
Dirty:               368 kB
Writeback:             0 kB
AnonPages:       2235388 kB
Mapped:           809476 kB
Shmem:             24188 kB
KReclaimable:     472524 kB
Slab:             328028 kB
SReclaimable:      91064 kB
SUnreclaim:       236964 kB
KernelStack:       49568 kB
ShadowCallStack:   12428 kB
PageTables:        73612 kB
NFS_Unstable:          0 kB
Bounce:                0 kB
WritebackTmp:          0 kB
CommitLimit:     8677876 kB
Committed_AS:   69647580 kB
VmallocTotal:   263061440 kB
VmallocUsed:      132752 kB
VmallocChunk:          0 kB
Percpu:             2520 kB
CmaTotal:         405504 kB
CmaFree:          138132 kB
MemTotal:        7918584 kB
MemFree:         1121288 kB
MemAvailable:    2435224 kB
Buffers:            6764 kB
Cached:          1450316 kB
SwapCached:        90360 kB
Active:          2829380 kB
Inactive:         902036 kB
Active(anon):    2172576 kB
Inactive(anon):   130532 kB
Active(file):     656804 kB
Inactive(file):   771504 kB
Unevictable:        6316 kB
Mlocked:            5876 kB
SwapTotal:       4718584 kB
SwapFree:        2985060 kB
Dirty:               376 kB
Writeback:             0 kB
AnonPages:       2236060 kB
Mapped:           809544 kB
Shmem:             24188 kB
KReclaimable:     472460 kB
Slab:             327972 kB
SReclaimable:      91064 kB
SUnreclaim:       236908 kB
KernelStack:       49584 kB
ShadowCallStack:   12424 kB
PageTables:        73724 kB
NFS_Unstable:          0 kB
Bounce:                0 kB
WritebackTmp:          0 kB
CommitLimit:     8677876 kB
Committed_AS:   69647580 kB
VmallocTotal:   263061440 kB
VmallocUsed:      132884 kB
VmallocChunk:          0 kB
Percpu:             2520 kB
CmaTotal:         405504 kB
CmaFree:          137924 kB
MemTotal:        7918584 kB
MemFree:         1122272 kB
MemAvailable:    2436212 kB
Buffers:            6764 kB
Cached:          1450320 kB
SwapCached:        90360 kB
Active:          2828520 kB
Inactive:         902040 kB
Active(anon):    2171716 kB
Inactive(anon):   130532 kB
Active(file):     656804 kB
Inactive(file):   771508 kB
Unevictable:        6316 kB
Mlocked:            5876 kB
SwapTotal:       4718584 kB
SwapFree:        2985060 kB
Dirty:               380 kB
Writeback:             0 kB
AnonPages:       2235236 kB
Mapped:           809524 kB
Shmem:             24188 kB
KReclaimable:     472460 kB
Slab:             327936 kB
SReclaimable:      91064 kB
SUnreclaim:       236872 kB
KernelStack:       49568 kB
ShadowCallStack:   12416 kB
PageTables:        73584 kB
NFS_Unstable:          0 kB
Bounce:                0 kB
WritebackTmp:          0 kB
CommitLimit:     8677876 kB
Committed_AS:   69647580 kB
VmallocTotal:   263061440 kB
VmallocUsed:      132896 kB
VmallocChunk:          0 kB
Percpu:             2520 kB
CmaTotal:         405504 kB
CmaFree:          137804 kB
MemTotal:        7918584 kB
MemFree:         1119196 kB
MemAvailable:    2433148 kB
Buffers:            6772 kB
Cached:          1450324 kB
SwapCached:        90360 kB
Active:          2829772 kB
Inactive:         902052 kB
Active(anon):    2172968 kB
Inactive(anon):   130532 kB
Active(file):     656804 kB
Inactive(file):   771520 kB
Unevictable:        6316 kB
Mlocked:            5876 kB
SwapTotal:       4718584 kB
SwapFree:        2985060 kB
Dirty:               432 kB
Writeback:             0 kB
AnonPages:       2236532 kB
Mapped:           809524 kB
Shmem:             24188 kB
KReclaimable:     472460 kB
Slab:             327936 kB
SReclaimable:      91064 kB
SUnreclaim:       236872 kB
KernelStack:       49584 kB
ShadowCallStack:   12420 kB
PageTables:        73660 kB
NFS_Unstable:          0 kB
Bounce:                0 kB
WritebackTmp:          0 kB
CommitLimit:     8677876 kB
Committed_AS:   69647580 kB
VmallocTotal:   263061440 kB
VmallocUsed:      132852 kB
VmallocChunk:          0 kB
Percpu:             2520 kB
CmaTotal:         405504 kB
CmaFree:          136860 kB
MemTotal:        7918584 kB
MemFree:         1121876 kB
MemAvailable:    2435820 kB
Buffers:            6772 kB
Cached:          1450332 kB
SwapCached:        90360 kB
Active:          2828940 kB
Inactive:         902060 kB
Active(anon):    2172136 kB
Inactive(anon):   130532 kB
Active(file):     656804 kB
Inactive(file):   771528 kB
Unevictable:        6316 kB
Mlocked:            5876 kB
SwapTotal:       4718584 kB
SwapFree:        2985060 kB
Dirty:                52 kB
Writeback:             0 kB
AnonPages:       2235640 kB
Mapped:           809576 kB
Shmem:             24188 kB
KReclaimable:     472444 kB
Slab:             327952 kB
SReclaimable:      91048 kB
SUnreclaim:       236904 kB
KernelStack:       49584 kB
ShadowCallStack:   12424 kB
PageTables:        73692 kB
NFS_Unstable:          0 kB
Bounce:                0 kB
WritebackTmp:          0 kB
CommitLimit:     8677876 kB
Committed_AS:   69647580 kB
VmallocTotal:   263061440 kB
VmallocUsed:      132768 kB
VmallocChunk:          0 kB
Percpu:             2520 kB
CmaTotal:         405504 kB
CmaFree:          138164 kB
MemTotal:        7918584 kB
MemFree:         1118756 kB
MemAvailable:    2432712 kB
Buffers:            6780 kB
Cached:          1450336 kB
SwapCached:        90360 kB
Active:          2832144 kB
Inactive:         902072 kB
Active(anon):    2175340 kB
Inactive(anon):   130532 kB
Active(file):     656804 kB
Inactive(file):   771540 kB
Unevictable:        6316 kB
Mlocked:            5876 kB
SwapTotal:       4718584 kB
SwapFree:        2985060 kB
Dirty:               124 kB
Writeback:             0 kB
AnonPages:       2238808 kB
Mapped:           809576 kB
Shmem:             24188 kB
KReclaimable:     472444 kB
Slab:             327936 kB
SReclaimable:      91048 kB
SUnreclaim:       236888 kB
KernelStack:       49600 kB
ShadowCallStack:   12424 kB
PageTables:        73772 kB
NFS_Unstable:          0 kB
Bounce:                0 kB
WritebackTmp:          0 kB
CommitLimit:     8677876 kB
Committed_AS:   69647580 kB
VmallocTotal:   263061440 kB
VmallocUsed:      132820 kB
VmallocChunk:          0 kB
Percpu:             2520 kB
CmaTotal:         405504 kB
CmaFree:          135468 kB
MemTotal:        7918584 kB
MemFree:         1078256 kB
MemAvailable:    2315740 kB
Buffers:            6804 kB
Cached:          1450396 kB
SwapCached:        90360 kB
Active:          2873144 kB
Inactive:         902124 kB
Active(anon):    2216340 kB
Inactive(anon):   130532 kB
Active(file):     656804 kB
Inactive(file):   771592 kB
Unevictable:        6316 kB
Mlocked:            5876 kB
SwapTotal:       4718584 kB
SwapFree:        2985060 kB
Dirty:               188 kB
Writeback:             0 kB
AnonPages:       2279720 kB
Mapped:           810388 kB
Shmem:             24220 kB
KReclaimable:     352708 kB
Slab:             327876 kB
SReclaimable:      91048 kB
SUnreclaim:       236828 kB
KernelStack:       49680 kB
ShadowCallStack:   12440 kB
PageTables:        73956 kB
NFS_Unstable:          0 kB
Bounce:                0 kB
WritebackTmp:          0 kB
CommitLimit:     8677876 kB
Committed_AS:   69647976 kB
VmallocTotal:   263061440 kB
VmallocUsed:      133008 kB
VmallocChunk:          0 kB
Percpu:             2520 kB
CmaTotal:         405504 kB
CmaFree:           95964 kB
MemTotal:        7918584 kB
MemFree:         1075656 kB
MemAvailable:    2312204 kB
Buffers:            6804 kB
Cached:          1450500 kB
SwapCached:        90360 kB
Active:          2875060 kB
Inactive:         902108 kB
Active(anon):    2218256 kB
Inactive(anon):   130532 kB
Active(file):     656804 kB
Inactive(file):   771576 kB
Unevictable:        6316 kB
Mlocked:            5876 kB
SwapTotal:       4718584 kB
SwapFree:        2985060 kB
Dirty:               228 kB
Writeback:             0 kB
AnonPages:       2281532 kB
Mapped:           810304 kB
Shmem:             24340 kB
KReclaimable:     350868 kB
Slab:             327948 kB
SReclaimable:      91048 kB
SUnreclaim:       236900 kB
KernelStack:       49696 kB
ShadowCallStack:   12452 kB
PageTables:        73804 kB
NFS_Unstable:          0 kB
Bounce:                0 kB
WritebackTmp:          0 kB
CommitLimit:     8677876 kB
Committed_AS:   69647976 kB
VmallocTotal:   263061440 kB
VmallocUsed:      133036 kB
VmallocChunk:          0 kB
Percpu:             2520 kB
CmaTotal:         405504 kB
CmaFree:           93444 kB
MemTotal:        7918584 kB
MemFree:         1108336 kB
MemAvailable:    2427932 kB
Buffers:            6804 kB
Cached:          1455956 kB
SwapCached:        90360 kB
Active:          2843244 kB
Inactive:         902116 kB
Active(anon):    2180844 kB
Inactive(anon):   130532 kB
Active(file):     662400 kB
Inactive(file):   771584 kB
Unevictable:        6316 kB
Mlocked:            5876 kB
SwapTotal:       4718584 kB
SwapFree:        2985060 kB
Dirty:               188 kB
Writeback:             0 kB
AnonPages:       2244180 kB
Mapped:           810424 kB
Shmem:             24192 kB
KReclaimable:     472444 kB
Slab:             327948 kB
SReclaimable:      91048 kB
SUnreclaim:       236900 kB
KernelStack:       49584 kB
ShadowCallStack:   12424 kB
PageTables:        73712 kB
NFS_Unstable:          0 kB
Bounce:                0 kB
WritebackTmp:          0 kB
CommitLimit:     8677876 kB
Committed_AS:   69647584 kB
VmallocTotal:   263061440 kB
VmallocUsed:      132832 kB
VmallocChunk:          0 kB
Percpu:             2520 kB
CmaTotal:         405504 kB
CmaFree:          123672 kB
MemTotal:        7918584 kB
MemFree:         1106056 kB
MemAvailable:    2425464 kB
Buffers:            6812 kB
Cached:          1455964 kB
SwapCached:        90360 kB
Active:          2844976 kB
Inactive:         902128 kB
Active(anon):    2182576 kB
Inactive(anon):   130532 kB
Active(file):     662400 kB
Inactive(file):   771596 kB
Unevictable:        6316 kB
Mlocked:            5876 kB
SwapTotal:       4718584 kB
SwapFree:        2985060 kB
Dirty:               212 kB
Writeback:             0 kB
AnonPages:       2246060 kB
Mapped:           810416 kB
Shmem:             24196 kB
KReclaimable:     472428 kB
Slab:             327972 kB
SReclaimable:      91048 kB
SUnreclaim:       236924 kB
KernelStack:       49552 kB
ShadowCallStack:   12432 kB
PageTables:        73692 kB
NFS_Unstable:          0 kB
Bounce:                0 kB
WritebackTmp:          0 kB
CommitLimit:     8677876 kB
Committed_AS:   69663968 kB
VmallocTotal:   263061440 kB
VmallocUsed:      132784 kB
VmallocChunk:          0 kB
Percpu:             2520 kB
CmaTotal:         405504 kB
CmaFree:          123208 kB
MemTotal:        7918584 kB
MemFree:         1105892 kB
MemAvailable:    2425488 kB
Buffers:            6812 kB
Cached:          1455968 kB
SwapCached:        90360 kB
Active:          2845376 kB
Inactive:         902132 kB
Active(anon):    2182976 kB
Inactive(anon):   130532 kB
Active(file):     662400 kB
Inactive(file):   771600 kB
Unevictable:        6316 kB
Mlocked:            5876 kB
SwapTotal:       4718584 kB
SwapFree:        2985060 kB
Dirty:               224 kB
Writeback:             0 kB
AnonPages:       2246448 kB
Mapped:           810392 kB
Shmem:             24196 kB
KReclaimable:     472428 kB
Slab:             327936 kB
SReclaimable:      91048 kB
SUnreclaim:       236888 kB
KernelStack:       49584 kB
ShadowCallStack:   12412 kB
PageTables:        73724 kB
NFS_Unstable:          0 kB
Bounce:                0 kB
WritebackTmp:          0 kB
CommitLimit:     8677876 kB
Committed_AS:   69663968 kB
VmallocTotal:   263061440 kB
VmallocUsed:      132896 kB
VmallocChunk:          0 kB
Percpu:             2520 kB
CmaTotal:         405504 kB
CmaFree:          122852 kB
MemTotal:        7918584 kB
MemFree:         1107596 kB
MemAvailable:    2427208 kB
Buffers:            6820 kB
Cached:          1455976 kB
SwapCached:        90360 kB
Active:          2845228 kB
Inactive:         902144 kB
Active(anon):    2182828 kB
Inactive(anon):   130528 kB
Active(file):     662400 kB
Inactive(file):   771616 kB
Unevictable:        6316 kB
Mlocked:            5876 kB
SwapTotal:       4718584 kB
SwapFree:        2985060 kB
Dirty:               236 kB
Writeback:             0 kB
AnonPages:       2246276 kB
Mapped:           810404 kB
Shmem:             24196 kB
KReclaimable:     472428 kB
Slab:             328020 kB
SReclaimable:      91048 kB
SUnreclaim:       236972 kB
KernelStack:       49552 kB
ShadowCallStack:   12416 kB
PageTables:        73736 kB
NFS_Unstable:          0 kB
Bounce:                0 kB
WritebackTmp:          0 kB
CommitLimit:     8677876 kB
Committed_AS:   69663916 kB
VmallocTotal:   263061440 kB
VmallocUsed:      132752 kB
VmallocChunk:          0 kB
Percpu:             2520 kB
CmaTotal:         405504 kB
CmaFree:          123712 kB
MemTotal:        7918584 kB
MemFree:         1106380 kB
MemAvailable:    2425996 kB
Buffers:            6820 kB
Cached:          1455980 kB
SwapCached:        90360 kB
Active:          2846616 kB
Inactive:         902148 kB
Active(anon):    2184216 kB
Inactive(anon):   130528 kB
Active(file):     662400 kB
Inactive(file):   771620 kB
Unevictable:        6316 kB
Mlocked:            5876 kB
SwapTotal:       4718584 kB
SwapFree:        2985060 kB
Dirty:               240 kB
Writeback:             0 kB
AnonPages:       2247676 kB
Mapped:           810476 kB
Shmem:             24196 kB
KReclaimable:     472428 kB
Slab:             327992 kB
SReclaimable:      91048 kB
SUnreclaim:       236944 kB
KernelStack:       49552 kB
ShadowCallStack:   12412 kB
PageTables:        73544 kB
NFS_Unstable:          0 kB
Bounce:                0 kB
WritebackTmp:          0 kB
CommitLimit:     8677876 kB
Committed_AS:   69663916 kB
VmallocTotal:   263061440 kB
VmallocUsed:      132860 kB
VmallocChunk:          0 kB
Percpu:             2520 kB
CmaTotal:         405504 kB
CmaFree:          122216 kB
MemTotal:        7918584 kB
MemFree:         1103404 kB
MemAvailable:    2423028 kB
Buffers:            6820 kB
Cached:          1456004 kB
SwapCached:        90360 kB
Active:          2848664 kB
Inactive:         902172 kB
Active(anon):    2186264 kB
Inactive(anon):   130528 kB
Active(file):     662400 kB
Inactive(file):   771644 kB
Unevictable:        6316 kB
Mlocked:            5876 kB
SwapTotal:       4718584 kB
SwapFree:        2985060 kB
Dirty:               264 kB
Writeback:             8 kB
AnonPages:       2249712 kB
Mapped:           810424 kB
Shmem:             24196 kB
KReclaimable:     472412 kB
Slab:             327992 kB
SReclaimable:      91048 kB
SUnreclaim:       236944 kB
KernelStack:       49536 kB
ShadowCallStack:   12416 kB
PageTables:        73792 kB
NFS_Unstable:          0 kB
Bounce:                0 kB
WritebackTmp:          0 kB
CommitLimit:     8677876 kB
Committed_AS:   69663916 kB
VmallocTotal:   263061440 kB
VmallocUsed:      132748 kB
VmallocChunk:          0 kB
Percpu:             2520 kB
CmaTotal:         405504 kB
CmaFree:          119840 kB
MemTotal:        7918584 kB
MemFree:         1102740 kB
MemAvailable:    2422344 kB
Buffers:            6820 kB
Cached:          1455992 kB
SwapCached:        90360 kB
Active:          2850176 kB
Inactive:         902148 kB
Active(anon):    2187776 kB
Inactive(anon):   130516 kB
Active(file):     662400 kB
Inactive(file):   771632 kB
Unevictable:        6316 kB
Mlocked:            5876 kB
SwapTotal:       4718584 kB
SwapFree:        2985060 kB
Dirty:               232 kB
Writeback:             0 kB
AnonPages:       2251224 kB
Mapped:           810516 kB
Shmem:             24196 kB
KReclaimable:     472404 kB
Slab:             328008 kB
SReclaimable:      91048 kB
SUnreclaim:       236960 kB
KernelStack:       49424 kB
ShadowCallStack:   12384 kB
PageTables:        73740 kB
NFS_Unstable:          0 kB
Bounce:                0 kB
WritebackTmp:          0 kB
CommitLimit:     8677876 kB
Committed_AS:   69663868 kB
VmallocTotal:   263061440 kB
VmallocUsed:      132620 kB
VmallocChunk:          0 kB
Percpu:             2520 kB
CmaTotal:         405504 kB
CmaFree:          118760 kB
MemTotal:        7918584 kB
MemFree:         1103688 kB
MemAvailable:    2423296 kB
Buffers:            6820 kB
Cached:          1455996 kB
SwapCached:        90360 kB
Active:          2849264 kB
Inactive:         902152 kB
Active(anon):    2186864 kB
Inactive(anon):   130516 kB
Active(file):     662400 kB
Inactive(file):   771636 kB
Unevictable:        6316 kB
Mlocked:            5876 kB
SwapTotal:       4718584 kB
SwapFree:        2985060 kB
Dirty:               244 kB
Writeback:             0 kB
AnonPages:       2250156 kB
Mapped:           810504 kB
Shmem:             24196 kB
KReclaimable:     472404 kB
Slab:             327916 kB
SReclaimable:      91048 kB
SUnreclaim:       236868 kB
KernelStack:       49392 kB
ShadowCallStack:   12396 kB
PageTables:        73616 kB
NFS_Unstable:          0 kB
Bounce:                0 kB
WritebackTmp:          0 kB
CommitLimit:     8677876 kB
Committed_AS:   69663864 kB
VmallocTotal:   263061440 kB
VmallocUsed:      132684 kB
VmallocChunk:          0 kB
Percpu:             2520 kB
CmaTotal:         405504 kB
CmaFree:          118972 kB
MemTotal:        7918584 kB
MemFree:         1099816 kB
MemAvailable:    2419432 kB
Buffers:            6820 kB
Cached:          1456004 kB
SwapCached:        90360 kB
Active:          2852440 kB
Inactive:         902160 kB
Active(anon):    2190040 kB
Inactive(anon):   130516 kB
Active(file):     662400 kB
Inactive(file):   771644 kB
Unevictable:        6316 kB
Mlocked:            5876 kB
SwapTotal:       4718584 kB
SwapFree:        2985060 kB
Dirty:               272 kB
Writeback:             0 kB
AnonPages:       2253548 kB
Mapped:           810524 kB
Shmem:             24196 kB
KReclaimable:     472404 kB
Slab:             327856 kB
SReclaimable:      91048 kB
SUnreclaim:       236808 kB
KernelStack:       49424 kB
ShadowCallStack:   12384 kB
PageTables:        73740 kB
NFS_Unstable:          0 kB
Bounce:                0 kB
WritebackTmp:          0 kB
CommitLimit:     8677876 kB
Committed_AS:   69663864 kB
VmallocTotal:   263061440 kB
VmallocUsed:      132568 kB
VmallocChunk:          0 kB
Percpu:             2520 kB
CmaTotal:         405504 kB
CmaFree:          116836 kB
MemTotal:        7918584 kB
MemFree:         1100772 kB
MemAvailable:    2420416 kB
Buffers:            6844 kB
Cached:          1456004 kB
SwapCached:        90364 kB
Active:          2851324 kB
Inactive:         902188 kB
Active(anon):    2188924 kB
Inactive(anon):   130516 kB
Active(file):     662400 kB
Inactive(file):   771672 kB
Unevictable:        6316 kB
Mlocked:            5876 kB
SwapTotal:       4718584 kB
SwapFree:        2985060 kB
Dirty:               288 kB
Writeback:             0 kB
AnonPages:       2252364 kB
